04-09 15:23:23.671   292   292 I wpa_supplicant: wlan0: Authentication with c4:7d:4f:37:97:61 timed out.
04-09 15:23:25.304   292   292 I wpa_supplicant: wlan0: Trying to associate with c4:7d:4f:37:97:61 (SSID='UB_Secure' freq=2437 MHz)
04-09 15:23:30.632 32726 32748 I InvalidationClientImpl: [chromesync#steven.y.ko@gmail.com] Sending heartbeat to server: com.google.ipc.invalidation.ticl.InvalidationClientImpl$1@413669f8
04-09 15:23:30.640 32726 32748 I InvalidationClientImpl: [chromesync#steven.y.ko@gmail.com] Sending info message to server
04-09 15:23:31.081 32726 32749 D AndroidChannel: Delivering outbound message:160 bytes
04-09 15:23:31.105 32726 32749 E AndroidChannel: Error writing request
04-09 15:23:35.328   292   292 I wpa_supplicant: wlan0: Authentication with c4:7d:4f:37:97:61 timed out.
04-09 15:23:36.910   292   292 I wpa_supplicant: wlan0: Trying to associate with c4:7d:4f:37:ab:a1 (SSID='UB_Secure' freq=2462 MHz)
04-09 15:23:37.074   292   292 I wpa_supplicant: wlan0: Associated with c4:7d:4f:37:ab:a1
04-09 15:23:37.078   292   292 I wpa_supplicant: wlan0: CTRL-EVENT-EAP-STARTED EAP authentication started
04-09 15:23:37.089   292   292 I wpa_supplicant: wlan0: CTRL-EVENT-EAP-PROPOSED-METHOD vendor=0 method=4 -> NAK
04-09 15:23:37.515   292   292 I wpa_supplicant: wlan0: CTRL-EVENT-EAP-PROPOSED-METHOD vendor=0 method=25
04-09 15:23:37.515   292   292 I wpa_supplicant: wlan0: CTRL-EVENT-EAP-METHOD EAP vendor 0 method 25 (PEAP) selected
04-09 15:23:37.538   292   292 I wpa_supplicant: EAP-TLV: TLV Result - Success - EAP-TLV/Phase2 Completed
04-09 15:23:52.925 32726 32748 I InvalidationClientImpl: [chromesync#steven.y.ko@gmail.com] Sending info message to server
04-09 15:23:53.378 32726 32749 D AndroidChannel: Delivering outbound message:160 bytes
04-09 15:23:53.394 32726 32749 E AndroidChannel: Error writing request
04-09 15:24:00.605  5339  5352 I PhoneLab-: Service Running
04-09 15:24:00.656  5339  5352 I PhoneLab-LoggerService: app_34    1586  1     2292   1856  c00f1758 400a0794 S logcat
04-09 15:24:00.656  5339  5352 I PhoneLab-LoggerService: Logcat pid from database 1586
04-09 15:24:00.656  5339  5352 I PhoneLab-LoggerService: Logcat process found 1586
04-09 15:24:00.656  5339  5352 I PhoneLab-LoggerService: Checking Threshold
04-09 15:24:00.656  5339  5352 I PhoneLab-LoggerService: Starting to rename files
04-09 15:24:00.656  5339  5352 I PhoneLab-LoggerService: Files found .. 30
04-09 15:24:00.656  5339  5352 I PhoneLab-LoggerService: File 1 log.out.1
04-09 15:24:00.663  5339  5352 I PhoneLab-LoggerService: Renamed successfully
04-09 15:24:13.402   292   292 I wpa_supplicant: wlan0: CTRL-EVENT-DISCONNECTED bssid=c4:7d:4f:37:ab:a1 reason=0
04-09 15:24:15.097   292   292 I wpa_supplicant: wlan0: Trying to associate with 00:13:1a:2a:5d:21 (SSID='UB_Secure' freq=2437 MHz)
04-09 15:24:18.835   292   292 I wpa_supplicant: wlan0: CTRL-EVENT-DISCONNECTED bssid=00:13:1a:2a:5d:21 reason=0
04-09 15:24:19.484   292   292 I wpa_supplicant: wlan0: Trying to associate with c4:7d:4f:37:97:61 (SSID='UB_Secure' freq=2437 MHz)
04-09 15:24:29.617   292   292 I wpa_supplicant: wlan0: Authentication with c4:7d:4f:37:97:61 timed out.
04-09 15:24:31.199   292   292 I wpa_supplicant: wlan0: Trying to associate with c4:7d:4f:37:ab:a1 (SSID='UB_Secure' freq=2462 MHz)
04-09 15:24:41.367   292   292 I wpa_supplicant: wlan0: Authentication with c4:7d:4f:37:ab:a1 timed out.
04-09 15:24:41.906 32726 32748 I InvalidationClientImpl: [chromesync#steven.y.ko@gmail.com] Registration state not in sync with server: Last known digest: num_registrations: 0
04-09 15:24:41.906 32726 32748 I InvalidationClientImpl: registration_digest: "\3329\243\356^kK\r2U\277\357\225`\030\220\257\330\a\t"
04-09 15:24:41.906 32726 32748 I InvalidationClientImpl: , Requested regs: SimpleRegistrationStore: digest = \365*m[c\257\2314.0h\302}\266#\273)r\251&, digestFunction = com.google.ipc.invalidation.common.ObjectIdDigestUtils$Sha1DigestFunction@41363d58, registrations = {\231{\222\361\251O\326N:\"\277D\314%\r\035\363\331V\344=source: 1004
04-09 15:24:41.906 32726 32748 I InvalidationClientImpl: name: "BOOKMARK"
04-09 15:24:41.906 32726 32748 I InvalidationClientImpl: , \2646\341\366\204\353B\377\372/x\375\3641\265\306\243\033\3349=source: 1004
04-09 15:24:41.906 32726 32748 I InvalidationClientImpl: name: "TYPED_URL"
04-09 15:24:41.906 32726 32748 I InvalidationClientImpl: , \324G5\tM;^\014lS\\\237\2568a\357\314\332\265\315=source: 1004
04-09 15:24:41.906 32726 32748 I InvalidationClientImpl: name: "SESSION"
04-09 15:24:41.906 32726 32748 I InvalidationClientImpl: }, 
04-09 15:24:42.933   292   292 I wpa_supplicant: wlan0: Trying to associate with c4:7d:4f:37:ab:a1 (SSID='UB_Secure' freq=2462 MHz)
04-09 15:24:42.972   292   292 I wpa_supplicant: wlan0: Associated with c4:7d:4f:37:ab:a1
04-09 15:24:42.972   292   292 I wpa_supplicant: wlan0: CTRL-EVENT-EAP-STARTED EAP authentication started
04-09 15:24:42.980   292   292 I wpa_supplicant: wlan0: CTRL-EVENT-EAP-PROPOSED-METHOD vendor=0 method=4 -> NAK
04-09 15:24:42.984   292   292 I wpa_supplicant: wlan0: CTRL-EVENT-EAP-PROPOSED-METHOD vendor=0 method=25
04-09 15:24:42.984   292   292 I wpa_supplicant: wlan0: CTRL-EVENT-EAP-METHOD EAP vendor 0 method 25 (PEAP) selected
04-09 15:24:42.996   292   292 I wpa_supplicant: EAP-TLV: TLV Result - Success - EAP-TLV/Phase2 Completed
04-09 15:24:55.144   145   161 V BackupManagerService: Running a backup pass
04-09 15:24:55.144   145   214 V BackupManagerService: Backup requested but nothing pending
04-09 15:25:19.003   292   292 I wpa_supplicant: wlan0: CTRL-EVENT-DISCONNECTED bssid=c4:7d:4f:37:ab:a1 reason=0
04-09 15:25:20.706   292   292 I wpa_supplicant: wlan0: Trying to associate with 00:13:1a:2a:5e:a1 (SSID='UB_Secure' freq=2412 MHz)
04-09 15:25:24.753   292   292 I wpa_supplicant: wlan0: CTRL-EVENT-DISCONNECTED bssid=00:13:1a:2a:5e:a1 reason=0
04-09 15:25:25.390   292   292 I wpa_supplicant: wlan0: Trying to associate with 68:ef:bd:2d:c5:c1 (SSID='UB_Secure' freq=2412 MHz)
04-09 15:25:35.542   292   292 I wpa_supplicant: wlan0: Authentication with 68:ef:bd:2d:c5:c1 timed out.
04-09 15:25:37.132   292   292 I wpa_supplicant: wlan0: Trying to associate with 68:ef:bd:2d:c5:c1 (SSID='UB_Secure' freq=2412 MHz)
04-09 15:25:47.163   292   292 I wpa_supplicant: wlan0: Authentication with 68:ef:bd:2d:c5:c1 timed out.
04-09 15:25:48.722   292   292 I wpa_supplicant: wlan0: Trying to associate with 00:13:1a:2a:5d:21 (SSID='UB_Secure' freq=2437 MHz)
04-09 15:25:58.863   292   292 I wpa_supplicant: wlan0: Authentication with 00:13:1a:2a:5d:21 timed out.
04-09 15:26:00.449   292   292 I wpa_supplicant: wlan0: Trying to associate with c4:7d:4f:37:97:61 (SSID='UB_Secure' freq=2437 MHz)
04-09 15:26:00.605  5339  5352 I PhoneLab-: Service Running
04-09 15:26:00.663  5339  5352 I PhoneLab-LoggerService: app_34    1586  1     2292   1856  c00f1758 400a0794 S logcat
04-09 15:26:00.663  5339  5352 I PhoneLab-LoggerService: Logcat pid from database 1586
04-09 15:26:00.663  5339  5352 I PhoneLab-LoggerService: Logcat process found 1586
04-09 15:26:00.663  5339  5352 I PhoneLab-LoggerService: Checking Threshold
04-09 15:26:00.663  5339  5352 I PhoneLab-LoggerService: Starting to rename files
04-09 15:26:00.667  5339  5352 I PhoneLab-LoggerService: Files found .. 30
04-09 15:26:00.675  5339  5342 D dalvikvm: GC_CONCURRENT freed 457K, 19% free 9213K/11271K, paused 2ms+2ms
04-09 15:26:10.476   292   292 I wpa_supplicant: wlan0: Authentication with c4:7d:4f:37:97:61 timed out.
04-09 15:26:12.058   292   292 I wpa_supplicant: wlan0: Trying to associate with 00:13:1a:2a:5e:a1 (SSID='UB_Secure' freq=2412 MHz)
04-09 15:26:12.218   292   292 I wpa_supplicant: wlan0: Associated with 00:13:1a:2a:5e:a1
04-09 15:26:12.230   292   292 I wpa_supplicant: wlan0: CTRL-EVENT-EAP-STARTED EAP authentication started
04-09 15:26:12.242   292   292 I wpa_supplicant: wlan0: CTRL-EVENT-EAP-PROPOSED-METHOD vendor=0 method=4 -> NAK
04-09 15:26:12.249   292   292 I wpa_supplicant: wlan0: CTRL-EVENT-EAP-PROPOSED-METHOD vendor=0 method=25
04-09 15:26:12.249   292   292 I wpa_supplicant: wlan0: CTRL-EVENT-EAP-METHOD EAP vendor 0 method 25 (PEAP) selected
04-09 15:26:12.265   292   292 I wpa_supplicant: EAP-TLV: TLV Result - Success - EAP-TLV/Phase2 Completed
04-09 15:26:48.206   292   292 I wpa_supplicant: wlan0: CTRL-EVENT-DISCONNECTED bssid=00:13:1a:2a:5e:a1 reason=0
04-09 15:26:49.499   292   292 I wpa_supplicant: wlan0: Trying to associate with 00:13:1a:2a:5d:21 (SSID='UB_Secure' freq=2437 MHz)
04-09 15:26:54.347   292   292 I wpa_supplicant: wlan0: CTRL-EVENT-DISCONNECTED bssid=00:13:1a:2a:5d:21 reason=0
04-09 15:26:55.386   292   292 I wpa_supplicant: wlan0: Trying to associate with c4:7d:4f:37:97:61 (SSID='UB_Secure' freq=2437 MHz)
04-09 15:27:05.507   292   292 I wpa_supplicant: wlan0: Authentication with c4:7d:4f:37:97:61 timed out.
04-09 15:27:07.089   292   292 I wpa_supplicant: wlan0: Trying to associate with c4:7d:4f:37:ab:a1 (SSID='UB_Secure' freq=2462 MHz)
04-09 15:27:17.249   292   292 I wpa_supplicant: wlan0: Authentication with c4:7d:4f:37:ab:a1 timed out.
04-09 15:27:18.812   292   292 I wpa_supplicant: wlan0: Trying to associate with c4:7d:4f:37:ad:51 (SSID='UB_Secure' freq=2462 MHz)
04-09 15:27:18.871   292   292 I wpa_supplicant: wlan0: Associated with c4:7d:4f:37:ad:51
04-09 15:27:18.871   292   292 I wpa_supplicant: wlan0: CTRL-EVENT-EAP-STARTED EAP authentication started
04-09 15:27:18.878   292   292 I wpa_supplicant: wlan0: CTRL-EVENT-EAP-PROPOSED-METHOD vendor=0 method=4 -> NAK
04-09 15:27:18.890   292   292 I wpa_supplicant: wlan0: CTRL-EVENT-EAP-PROPOSED-METHOD vendor=0 method=25
04-09 15:27:18.890   292   292 I wpa_supplicant: wlan0: CTRL-EVENT-EAP-METHOD EAP vendor 0 method 25 (PEAP) selected
04-09 15:27:18.929   292   292 I wpa_supplicant: EAP-TLV: TLV Result - Success - EAP-TLV/Phase2 Completed
04-09 15:27:32.984  5339  5339 I PhoneLab-Locks: wake lock acquired
04-09 15:27:33.003  5339  5339 I PhoneLab-StatusMonitor: Status Monitoring is started
04-09 15:27:33.054  5339  5339 I PhoneLab-StatusMonitor: Value: 5 - unit: min
04-09 15:27:33.066  5339  5339 I PhoneLab-StatusMonitor: Running interval: 300000
04-09 15:27:33.093  5339  5339 I PhoneLab-StatusMonitor: Rescheduling status monitoring...
04-09 15:27:33.097  5339  5339 I PhoneLab-Locks: wake lock released
04-09 15:27:33.101  5339  5339 I PhoneLab-StatusMonitorLocation: Learning Location
04-09 15:27:33.101  5339  5339 I PhoneLab-Locks: wake lock acquired
04-09 15:27:33.101  5339  5342 D dalvikvm: GC_CONCURRENT freed 459K, 18% free 9272K/11271K, paused 2ms+10ms
04-09 15:27:33.105  5339  5339 I PhoneLab-Locks: wake lock acquired
04-09 15:27:33.105  5339  5339 I PhoneLab-StatusMonitorLocation: Learning Signal Strgth
04-09 15:27:33.105  5339  5339 I PhoneLab-Locks: wake lock acquired
04-09 15:27:33.117  5339  5339 I PhoneLab-StatusMonitorBattery: Battery_level: 71
04-09 15:27:33.117  5339  5339 I PhoneLab-Locks: wake lock released
04-09 15:27:33.121  5339  5339 I PhoneLab-StatusMonitorSignal: Signal_Strength: -86 asu: 14
04-09 15:27:33.121  5339  5339 I PhoneLab-Locks: wake lock released
04-09 15:28:00.605  5339  5352 I PhoneLab-: Service Running
04-09 15:28:00.656  5339  5352 I PhoneLab-LoggerService: app_34    1586  1     2292   1856  c00f1758 400a0794 S logcat
04-09 15:28:00.656  5339  5352 I PhoneLab-LoggerService: Logcat pid from database 1586
04-09 15:28:00.656  5339  5352 I PhoneLab-LoggerService: Logcat process found 1586
04-09 15:28:00.656  5339  5352 I PhoneLab-LoggerService: Checking Threshold
04-09 15:28:00.656  5339  5352 I PhoneLab-LoggerService: Starting to rename files
04-09 15:28:00.660  5339  5352 I PhoneLab-LoggerService: Files found .. 30
04-09 15:28:18.937   292   292 I wpa_supplicant: wlan0: CTRL-EVENT-EAP-SUCCESS EAP authentication completed successfully
04-09 15:28:28.874   292   292 I wpa_supplicant: wlan0: Authentication with c4:7d:4f:37:ad:51 timed out.
04-09 15:28:28.894   292   292 I wpa_supplicant: wlan0: CTRL-EVENT-DISCONNECTED bssid=00:00:00:00:00:00 reason=0
04-09 15:28:29.511   292   292 I wpa_supplicant: wlan0: Trying to associate with c4:7d:4f:37:aa:d1 (SSID='UB_Secure' freq=2462 MHz)
04-09 15:28:29.585   292   292 I wpa_supplicant: wlan0: Associated with c4:7d:4f:37:aa:d1
04-09 15:28:29.589   292   292 I wpa_supplicant: wlan0: CTRL-EVENT-EAP-STARTED EAP authentication started
04-09 15:28:29.605   292   292 I wpa_supplicant: wlan0: CTRL-EVENT-EAP-PROPOSED-METHOD vendor=0 method=4 -> NAK
04-09 15:28:29.613   292   292 I wpa_supplicant: wlan0: CTRL-EVENT-EAP-PROPOSED-METHOD vendor=0 method=25
04-09 15:28:29.613   292   292 I wpa_supplicant: wlan0: CTRL-EVENT-EAP-METHOD EAP vendor 0 method 25 (PEAP) selected
04-09 15:28:29.636   292   292 I wpa_supplicant: EAP-TLV: TLV Result - Success - EAP-TLV/Phase2 Completed
04-09 15:28:30.859   145   299 D AlarmManagerService: Kernel timezone updated to 240 minutes west of GMT
04-09 15:28:30.859   359   359 D SystemClock: Setting time of day to sec=1333999711
04-09 15:28:31.130   145   162 I ActivityManager: Start proc com.android.deskclock for broadcast com.android.deskclock/.AlarmInitReceiver: pid=995 uid=10009 gids={}
04-09 15:28:31.426   995   995 I ActivityThread: Pub com.android.deskclock: com.android.deskclock.AlarmProvider
04-09 15:28:31.583   995  1008 V AlarmClock: AlarmInitReceiver finished
04-09 15:28:46.883  5339  5339 I PhoneLab-Locks: wake lock acquired
04-09 15:28:46.903  5339  1012 I PhoneLab-PeriodicCheckService: User info is synched
04-09 15:28:46.907  5339  1012 I PhoneLab-PeriodicCheckService: Logger Service is running
04-09 15:28:46.907  5339  1012 I PhoneLab-Locks: wake lock acquired
04-09 15:28:46.907  5339  5339 I PhoneLab-UploadLogs: OnStartCommand
04-09 15:28:46.911  5339  1012 I PhoneLab-PeriodicCheckService: Rescheduling periodic checking...
04-09 15:28:46.911  5339  1012 I PhoneLab-Locks: wake lock released
04-09 15:29:05.801   292   292 I wpa_supplicant: wlan0: CTRL-EVENT-DISCONNECTED bssid=c4:7d:4f:37:aa:d1 reason=0
04-09 15:29:07.098   292   292 I wpa_supplicant: wlan0: Trying to associate with 68:ef:bd:2d:c5:c1 (SSID='UB_Secure' freq=2412 MHz)
04-09 15:29:07.184    75   114 D NetlinkEvent: Unexpected netlink message. type=0xf
04-09 15:29:11.528   292   292 I wpa_supplicant: wlan0: CTRL-EVENT-DISCONNECTED bssid=68:ef:bd:2d:c5:c1 reason=0
04-09 15:29:12.173   292   292 I wpa_supplicant: wlan0: Trying to associate with c4:7d:4f:37:ab:a1 (SSID='UB_Secure' freq=2462 MHz)
04-09 15:29:12.192   292   292 I wpa_supplicant: wlan0: Associated with c4:7d:4f:37:ab:a1
04-09 15:29:12.192   292   292 I wpa_supplicant: wlan0: CTRL-EVENT-EAP-STARTED EAP authentication started
04-09 15:29:12.196   292   292 I wpa_supplicant: wlan0: CTRL-EVENT-EAP-PROPOSED-METHOD vendor=0 method=4 -> NAK
04-09 15:29:12.204   292   292 I wpa_supplicant: wlan0: CTRL-EVENT-EAP-PROPOSED-METHOD vendor=0 method=25
04-09 15:29:12.204   292   292 I wpa_supplicant: wlan0: CTRL-EVENT-EAP-METHOD EAP vendor 0 method 25 (PEAP) selected
04-09 15:29:12.212    75   114 D NetlinkEvent: Unexpected netlink message. type=0x30
04-09 15:29:12.227   292   292 I wpa_supplicant: EAP-TLV: TLV Result - Success - EAP-TLV/Phase2 Completed
04-09 15:29:48.196    75   114 D NetlinkEvent: Unexpected netlink message. type=0x30
04-09 15:29:48.200   292   292 I wpa_supplicant: wlan0: CTRL-EVENT-DISCONNECTED bssid=c4:7d:4f:37:ab:a1 reason=0
04-09 15:29:49.899   292   292 I wpa_supplicant: wlan0: Trying to associate with c4:7d:4f:37:ad:51 (SSID='UB_Secure' freq=2462 MHz)
04-09 15:29:49.954   292   292 I wpa_supplicant: wlan0: Associated with c4:7d:4f:37:ad:51
04-09 15:29:49.954   292   292 I wpa_supplicant: wlan0: CTRL-EVENT-EAP-STARTED EAP authentication started
04-09 15:29:49.962   292   292 I wpa_supplicant: wlan0: CTRL-EVENT-EAP-PROPOSED-METHOD vendor=0 method=4 -> NAK
04-09 15:29:49.969   292   292 I wpa_supplicant: wlan0: CTRL-EVENT-EAP-PROPOSED-METHOD vendor=0 method=25
04-09 15:29:49.969   292   292 I wpa_supplicant: wlan0: CTRL-EVENT-EAP-METHOD EAP vendor 0 method 25 (PEAP) selected
04-09 15:29:49.977    75   114 D NetlinkEvent: Unexpected netlink message. type=0x30
04-09 15:29:50.008   292   292 I wpa_supplicant: EAP-TLV: TLV Result - Success - EAP-TLV/Phase2 Completed
04-09 15:30:00.790  5339  5352 I PhoneLab-: Service Running
04-09 15:30:00.833   145   339 I ActivityManager: Process com.android.sprintmenu (pid 32756) has died.
04-09 15:30:00.833   145   339 W ActivityManager: Scheduling restart of crashed service com.android.sprintmenu/.HiddenPhoneService in 5000ms
04-09 15:30:01.032   145   147 D dalvikvm: GC_CONCURRENT freed 1897K, 14% free 16402K/18951K, paused 3ms+11ms
04-09 15:30:01.090  5339  5352 I PhoneLab-LoggerService: app_34    1586  1     2292   1856  c00f1758 400a0794 S logcat
04-09 15:30:01.090  5339  5352 I PhoneLab-LoggerService: Logcat pid from database 1586
04-09 15:30:01.090  5339  5352 I PhoneLab-LoggerService: Logcat process found 1586
04-09 15:30:01.090  5339  5352 I PhoneLab-LoggerService: Checking Threshold
04-09 15:30:01.090  5339  5352 I PhoneLab-LoggerService: Starting to rename files
04-09 15:30:01.094  5339  5352 I PhoneLab-LoggerService: Files found .. 30
04-09 15:30:05.876   145   162 I ActivityManager: Start proc com.android.sprintmenu for service com.android.sprintmenu/.HiddenPhoneService: pid=1015 uid=1001 gids={3002, 3001, 3003, 1015}
04-09 15:30:13.516   267   706 I EventLogService: Aggregate from 1333998013414 (log), 1333998013414 (data)
04-09 15:30:26.001    75   114 D NetlinkEvent: Unexpected netlink message. type=0x30
04-09 15:30:26.005   292   292 I wpa_supplicant: wlan0: CTRL-EVENT-DISCONNECTED bssid=c4:7d:4f:37:ad:51 reason=0
04-09 15:30:27.704   292   292 I wpa_supplicant: wlan0: Trying to associate with 68:ef:bd:2d:bb:c1 (SSID='UB_Secure' freq=2462 MHz)
04-09 15:30:27.790    75   114 D NetlinkEvent: Unexpected netlink message. type=0xf
04-09 15:30:31.755   292   292 I wpa_supplicant: wlan0: CTRL-EVENT-DISCONNECTED bssid=68:ef:bd:2d:bb:c1 reason=0
04-09 15:30:32.399   292   292 I wpa_supplicant: wlan0: Trying to associate with c4:7d:4f:37:a4:61 (SSID='UB_Secure' freq=2437 MHz)
04-09 15:30:32.571   292   292 I wpa_supplicant: wlan0: Associated with c4:7d:4f:37:a4:61
04-09 15:30:32.571   292   292 I wpa_supplicant: wlan0: CTRL-EVENT-EAP-STARTED EAP authentication started
04-09 15:30:32.590   292   292 I wpa_supplicant: wlan0: CTRL-EVENT-EAP-PROPOSED-METHOD vendor=0 method=4 -> NAK
04-09 15:30:32.606   292   292 I wpa_supplicant: wlan0: CTRL-EVENT-EAP-PROPOSED-METHOD vendor=0 method=25
04-09 15:30:32.606   292   292 I wpa_supplicant: wlan0: CTRL-EVENT-EAP-METHOD EAP vendor 0 method 25 (PEAP) selected
04-09 15:30:32.915    75   114 D NetlinkEvent: Unexpected netlink message. type=0x30
04-09 15:30:32.973   292   292 I wpa_supplicant: EAP-TLV: TLV Result - Success - EAP-TLV/Phase2 Completed
04-09 15:31:07.071   292   292 I wpa_supplicant: wlan0: CTRL-EVENT-DISCONNECTED bssid=c4:7d:4f:37:a4:61 reason=0
04-09 15:31:07.684   292   292 I wpa_supplicant: wlan0: Trying to associate with 00:13:1a:2a:5d:21 (SSID='UB_Secure' freq=2437 MHz)
04-09 15:31:17.712   292   292 I wpa_supplicant: wlan0: Authentication with 00:13:1a:2a:5d:21 timed out.
04-09 15:31:19.298   292   292 I wpa_supplicant: wlan0: Trying to associate with c4:7d:4f:37:97:61 (SSID='UB_Secure' freq=2437 MHz)
04-09 15:31:19.333   292   292 I wpa_supplicant: wlan0: Associated with c4:7d:4f:37:97:61
04-09 15:31:19.333   292   292 I wpa_supplicant: wlan0: CTRL-EVENT-EAP-STARTED EAP authentication started
04-09 15:31:19.337   292   292 I wpa_supplicant: wlan0: CTRL-EVENT-EAP-PROPOSED-METHOD vendor=0 method=4 -> NAK
04-09 15:31:19.360   292   292 I wpa_supplicant: wlan0: CTRL-EVENT-EAP-PROPOSED-METHOD vendor=0 method=25
04-09 15:31:19.360   292   292 I wpa_supplicant: wlan0: CTRL-EVENT-EAP-METHOD EAP vendor 0 method 25 (PEAP) selected
04-09 15:31:19.387   292   292 I wpa_supplicant: EAP-TLV: TLV Result - Success - EAP-TLV/Phase2 Completed
04-09 15:31:55.215   292   292 I wpa_supplicant: wlan0: CTRL-EVENT-DISCONNECTED bssid=c4:7d:4f:37:97:61 reason=0
04-09 15:31:56.505   292   292 I wpa_supplicant: wlan0: Trying to associate with 00:13:1a:2a:5e:a1 (SSID='UB_Secure' freq=2412 MHz)
04-09 15:31:56.973    75   114 D NetlinkEvent: Unexpected netlink message. type=0xf
04-09 15:32:00.606  5339  5352 I PhoneLab-: Service Running
04-09 15:32:00.665  5339  5352 I PhoneLab-LoggerService: app_34    1586  1     2292   1856  c00f1758 400a0794 S logcat
04-09 15:32:00.665  5339  5352 I PhoneLab-LoggerService: Logcat pid from database 1586
04-09 15:32:00.665  5339  5352 I PhoneLab-LoggerService: Logcat process found 1586
04-09 15:32:00.665  5339  5352 I PhoneLab-LoggerService: Checking Threshold
04-09 15:32:00.669  5339  5352 I PhoneLab-LoggerService: Starting to rename files
04-09 15:32:00.669  5339  5352 I PhoneLab-LoggerService: Files found .. 30
04-09 15:32:01.094   292   292 I wpa_supplicant: wlan0: CTRL-EVENT-DISCONNECTED bssid=00:13:1a:2a:5e:a1 reason=0
04-09 15:32:01.747   292   292 I wpa_supplicant: wlan0: Trying to associate with c4:7d:4f:37:ab:a1 (SSID='UB_Secure' freq=2462 MHz)
04-09 15:32:01.891   292   292 I wpa_supplicant: wlan0: Associated with c4:7d:4f:37:ab:a1
04-09 15:32:01.891   292   292 I wpa_supplicant: wlan0: CTRL-EVENT-EAP-STARTED EAP authentication started
04-09 15:32:01.911   292   292 I wpa_supplicant: wlan0: CTRL-EVENT-EAP-PROPOSED-METHOD vendor=0 method=4 -> NAK
04-09 15:32:01.919   292   292 I wpa_supplicant: wlan0: CTRL-EVENT-EAP-PROPOSED-METHOD vendor=0 method=25
04-09 15:32:01.919   292   292 I wpa_supplicant: wlan0: CTRL-EVENT-EAP-METHOD EAP vendor 0 method 25 (PEAP) selected
04-09 15:32:01.926   292   292 I wpa_supplicant: EAP-TLV: TLV Result - Success - EAP-TLV/Phase2 Completed
04-09 15:32:12.473   145   157 D AlarmManagerService: Kernel timezone updated to 240 minutes west of GMT
04-09 15:32:33.301  5339  5339 I PhoneLab-Locks: wake lock acquired
04-09 15:32:33.317  5339  5339 I PhoneLab-StatusMonitor: Status Monitoring is started
04-09 15:32:33.368  5339  5342 D dalvikvm: GC_CONCURRENT freed 529K, 18% free 9254K/11271K, paused 2ms+5ms
04-09 15:32:33.387  5339  5339 I PhoneLab-StatusMonitor: Value: 5 - unit: min
04-09 15:32:33.387  5339  5339 I PhoneLab-StatusMonitor: Running interval: 300000
04-09 15:32:33.395  5339  5339 I PhoneLab-StatusMonitor: Rescheduling status monitoring...
04-09 15:32:33.395  5339  5339 I PhoneLab-Locks: wake lock released
04-09 15:32:33.399  5339  5339 I PhoneLab-StatusMonitorLocation: Learning Location
04-09 15:32:33.399  5339  5339 I PhoneLab-Locks: wake lock acquired
04-09 15:32:33.399  5339  5339 I PhoneLab-Locks: wake lock acquired
04-09 15:32:33.403  5339  5339 I PhoneLab-StatusMonitorLocation: Learning Signal Strgth
04-09 15:32:33.403  5339  5339 I PhoneLab-Locks: wake lock acquired
04-09 15:32:33.411  5339  5339 I PhoneLab-StatusMonitorBattery: Battery_level: 71
04-09 15:32:33.411  5339  5339 I PhoneLab-Locks: wake lock released
04-09 15:32:33.411  5339  5339 I PhoneLab-StatusMonitorSignal: Signal_Strength: -86 asu: 14
04-09 15:32:33.411  5339  5339 I PhoneLab-Locks: wake lock released
04-09 15:32:37.817   292   292 I wpa_supplicant: wlan0: CTRL-EVENT-EAP-STARTED EAP authentication started
04-09 15:33:11.891   292   292 I wpa_supplicant: wlan0: Authentication with c4:7d:4f:37:ab:a1 timed out.
04-09 15:33:11.926   292   292 I wpa_supplicant: wlan0: CTRL-EVENT-DISCONNECTED bssid=00:00:00:00:00:00 reason=0
04-09 15:33:12.528   292   292 I wpa_supplicant: wlan0: Trying to associate with 00:13:1a:2a:5d:21 (SSID='UB_Secure' freq=2437 MHz)
04-09 15:33:22.661   292   292 I wpa_supplicant: wlan0: Authentication with 00:13:1a:2a:5d:21 timed out.
04-09 15:33:24.255   292   292 I wpa_supplicant: wlan0: Trying to associate with c4:7d:4f:37:ab:a1 (SSID='UB_Secure' freq=2462 MHz)
04-09 15:33:24.426   292   292 I wpa_supplicant: wlan0: Associated with c4:7d:4f:37:ab:a1
04-09 15:33:24.426   292   292 I wpa_supplicant: wlan0: CTRL-EVENT-EAP-STARTED EAP authentication started
04-09 15:33:24.430   292   292 I wpa_supplicant: wlan0: CTRL-EVENT-EAP-PROPOSED-METHOD vendor=0 method=4 -> NAK
04-09 15:33:24.434   292   292 I wpa_supplicant: wlan0: CTRL-EVENT-EAP-PROPOSED-METHOD vendor=0 method=25
04-09 15:33:24.434   292   292 I wpa_supplicant: wlan0: CTRL-EVENT-EAP-METHOD EAP vendor 0 method 25 (PEAP) selected
04-09 15:33:24.442   292   292 I wpa_supplicant: EAP-TLV: TLV Result - Success - EAP-TLV/Phase2 Completed
04-09 15:34:00.430   292   292 I wpa_supplicant: wlan0: CTRL-EVENT-EAP-STARTED EAP authentication started
04-09 15:34:00.438   292   292 I wpa_supplicant: wlan0: CTRL-EVENT-DISCONNECTED bssid=c4:7d:4f:37:ab:a1 reason=0
04-09 15:34:00.606  5339  5352 I PhoneLab-: Service Running
04-09 15:34:00.665  5339  5352 I PhoneLab-LoggerService: app_34    1586  1     2292   1856  c00f1758 400a0794 S logcat
04-09 15:34:00.665  5339  5352 I PhoneLab-LoggerService: Logcat pid from database 1586
04-09 15:34:00.665  5339  5352 I PhoneLab-LoggerService: Logcat process found 1586
04-09 15:34:00.665  5339  5352 I PhoneLab-LoggerService: Checking Threshold
04-09 15:34:00.669  5339  5352 I PhoneLab-LoggerService: Starting to rename files
04-09 15:34:00.669  5339  5352 I PhoneLab-LoggerService: Files found .. 30
04-09 15:34:02.133   292   292 I wpa_supplicant: wlan0: Trying to associate with c4:7d:4f:37:ad:51 (SSID='UB_Secure' freq=2462 MHz)
04-09 15:34:02.251   292   292 I wpa_supplicant: wlan0: Associated with c4:7d:4f:37:ad:51
04-09 15:34:02.251   292   292 I wpa_supplicant: wlan0: CTRL-EVENT-EAP-STARTED EAP authentication started
04-09 15:34:02.258   292   292 I wpa_supplicant: wlan0: CTRL-EVENT-EAP-PROPOSED-METHOD vendor=0 method=4 -> NAK
04-09 15:34:02.266   292   292 I wpa_supplicant: wlan0: CTRL-EVENT-EAP-PROPOSED-METHOD vendor=0 method=25
04-09 15:34:02.266   292   292 I wpa_supplicant: wlan0: CTRL-EVENT-EAP-METHOD EAP vendor 0 method 25 (PEAP) selected
04-09 15:34:02.290   292   292 I wpa_supplicant: EAP-TLV: TLV Result - Success - EAP-TLV/Phase2 Completed
04-09 15:34:38.239   292   292 I wpa_supplicant: wlan0: CTRL-EVENT-EAP-STARTED EAP authentication started
04-09 15:34:38.243   292   292 I wpa_supplicant: wlan0: CTRL-EVENT-DISCONNECTED bssid=c4:7d:4f:37:ad:51 reason=0
04-09 15:34:39.532   292   292 I wpa_supplicant: wlan0: Trying to associate with 00:13:1a:2a:5e:a1 (SSID='UB_Secure' freq=2412 MHz)
04-09 15:34:44.005   292   292 I wpa_supplicant: wlan0: CTRL-EVENT-DISCONNECTED bssid=00:13:1a:2a:5e:a1 reason=0
04-09 15:34:44.645   292   292 I wpa_supplicant: wlan0: Trying to associate with c4:7d:4f:37:ab:a1 (SSID='UB_Secure' freq=2462 MHz)
04-09 15:34:44.676   292   292 I wpa_supplicant: wlan0: Associated with c4:7d:4f:37:ab:a1
04-09 15:34:44.676   292   292 I wpa_supplicant: wlan0: CTRL-EVENT-EAP-STARTED EAP authentication started
04-09 15:34:44.715   292   292 I wpa_supplicant: wlan0: CTRL-EVENT-EAP-PROPOSED-METHOD vendor=0 method=4 -> NAK
04-09 15:34:44.723   292   292 I wpa_supplicant: wlan0: CTRL-EVENT-EAP-PROPOSED-METHOD vendor=0 method=25
04-09 15:34:44.723   292   292 I wpa_supplicant: wlan0: CTRL-EVENT-EAP-METHOD EAP vendor 0 method 25 (PEAP) selected
04-09 15:34:44.758   292   292 I wpa_supplicant: EAP-TLV: TLV Result - Success - EAP-TLV/Phase2 Completed
04-09 15:35:20.630   292   292 I wpa_supplicant: wlan0: CTRL-EVENT-EAP-STARTED EAP authentication started
04-09 15:35:20.637   292   292 I wpa_supplicant: wlan0: CTRL-EVENT-DISCONNECTED bssid=c4:7d:4f:37:ab:a1 reason=0
04-09 15:35:21.923   292   292 I wpa_supplicant: wlan0: Trying to associate with 00:13:1a:2a:5d:21 (SSID='UB_Secure' freq=2437 MHz)
04-09 15:35:26.458   292   292 I wpa_supplicant: wlan0: CTRL-EVENT-DISCONNECTED bssid=00:13:1a:2a:5d:21 reason=0
04-09 15:35:27.098   292   292 I wpa_supplicant: wlan0: Trying to associate with c4:7d:4f:37:97:61 (SSID='UB_Secure' freq=2437 MHz)
04-09 15:35:37.223   292   292 I wpa_supplicant: wlan0: Authentication with c4:7d:4f:37:97:61 timed out.
04-09 15:35:38.821   292   292 I wpa_supplicant: wlan0: Trying to associate with c4:7d:4f:37:97:61 (SSID='UB_Secure' freq=2437 MHz)
04-09 15:35:48.844   292   292 I wpa_supplicant: wlan0: Authentication with c4:7d:4f:37:97:61 timed out.
04-09 15:35:50.395   292   292 I wpa_supplicant: wlan0: Trying to associate with 68:ef:bd:2d:c5:c1 (SSID='UB_Secure' freq=2412 MHz)
04-09 15:36:00.559   292   292 I wpa_supplicant: wlan0: Authentication with 68:ef:bd:2d:c5:c1 timed out.
04-09 15:36:00.606  5339  5352 I PhoneLab-: Service Running
04-09 15:36:00.688  5339  5342 D dalvikvm: GC_CONCURRENT freed 439K, 19% free 9220K/11271K, paused 2ms+2ms
04-09 15:36:00.692  5339  5352 I PhoneLab-LoggerService: app_34    1586  1     2292   1856  c00f1758 400a0794 S logcat
04-09 15:36:00.692  5339  5352 I PhoneLab-LoggerService: Logcat pid from database 1586
04-09 15:36:00.692  5339  5352 I PhoneLab-LoggerService: Logcat process found 1586
04-09 15:36:00.692  5339  5352 I PhoneLab-LoggerService: Checking Threshold
04-09 15:36:00.700  5339  5352 I PhoneLab-LoggerService: Starting to rename files
04-09 15:36:00.704  5339  5352 I PhoneLab-LoggerService: Files found .. 30
04-09 15:36:02.145   292   292 I wpa_supplicant: wlan0: Trying to associate with 68:ef:bd:2d:c5:c1 (SSID='UB_Secure' freq=2412 MHz)
04-09 15:36:12.173   292   292 I wpa_supplicant: wlan0: Authentication with 68:ef:bd:2d:c5:c1 timed out.
04-09 15:36:13.743   292   292 I wpa_supplicant: wlan0: Trying to associate with c4:7d:4f:37:ad:51 (SSID='UB_Secure' freq=2462 MHz)
04-09 15:36:14.215    75   114 D NetlinkEvent: Unexpected netlink message. type=0xf
04-09 15:36:23.880   292   292 I wpa_supplicant: wlan0: Authentication with c4:7d:4f:37:ad:51 timed out.
04-09 15:36:25.454   292   292 I wpa_supplicant: wlan0: Trying to associate with c4:7d:4f:37:97:61 (SSID='UB_Secure' freq=2437 MHz)
04-09 15:36:35.579   292   292 I wpa_supplicant: wlan0: Authentication with c4:7d:4f:37:97:61 timed out.
04-09 15:36:37.161   292   292 I wpa_supplicant: wlan0: Trying to associate with 00:13:1a:2a:5d:21 (SSID='UB_Secure' freq=2437 MHz)
04-09 15:36:47.200   292   292 I wpa_supplicant: wlan0: Authentication with 00:13:1a:2a:5d:21 timed out.
04-09 15:36:48.758   292   292 I wpa_supplicant: wlan0: Trying to associate with 00:13:1a:2a:5d:21 (SSID='UB_Secure' freq=2437 MHz)
04-09 15:36:51.188   145   157 D AlarmManagerService: Kernel timezone updated to 240 minutes west of GMT
04-09 15:36:58.786   292   292 I wpa_supplicant: wlan0: Authentication with 00:13:1a:2a:5d:21 timed out.
04-09 15:37:00.360   292   292 I wpa_supplicant: wlan0: Trying to associate with c4:7d:4f:37:97:61 (SSID='UB_Secure' freq=2437 MHz)
04-09 15:37:00.399   292   292 I wpa_supplicant: wlan0: Associated with c4:7d:4f:37:97:61
04-09 15:37:00.399   292   292 I wpa_supplicant: wlan0: CTRL-EVENT-EAP-STARTED EAP authentication started
04-09 15:37:00.407   292   292 I wpa_supplicant: wlan0: CTRL-EVENT-EAP-PROPOSED-METHOD vendor=0 method=4 -> NAK
04-09 15:37:00.411   292   292 I wpa_supplicant: wlan0: CTRL-EVENT-EAP-PROPOSED-METHOD vendor=0 method=25
04-09 15:37:00.411   292   292 I wpa_supplicant: wlan0: CTRL-EVENT-EAP-METHOD EAP vendor 0 method 25 (PEAP) selected
04-09 15:37:00.423   292   292 I wpa_supplicant: EAP-TLV: TLV Result - Success - EAP-TLV/Phase2 Completed
04-09 15:37:29.907   145  1379 D AlarmManagerService: Kernel timezone updated to 240 minutes west of GMT
04-09 15:37:33.419  5339  5339 I PhoneLab-Locks: wake lock acquired
04-09 15:37:33.434  5339  5339 I PhoneLab-StatusMonitor: Status Monitoring is started
04-09 15:37:33.501  5339  5342 D dalvikvm: GC_CONCURRENT freed 414K, 18% free 9317K/11271K, paused 2ms+12ms
04-09 15:37:33.512  5339  5339 I PhoneLab-StatusMonitor: Value: 5 - unit: min
04-09 15:37:33.512  5339  5339 I PhoneLab-StatusMonitor: Running interval: 300000
04-09 15:37:33.532  5339  5339 I PhoneLab-StatusMonitor: Rescheduling status monitoring...
04-09 15:37:33.536  5339  5339 I PhoneLab-Locks: wake lock released
04-09 15:37:33.536  5339  5339 I PhoneLab-StatusMonitorLocation: Learning Location
04-09 15:37:33.536  5339  5339 I PhoneLab-Locks: wake lock acquired
04-09 15:37:33.540  5339  5339 I PhoneLab-Locks: wake lock acquired
04-09 15:37:33.544  5339  5339 I PhoneLab-StatusMonitorLocation: Learning Signal Strgth
04-09 15:37:33.544  5339  5339 I PhoneLab-Locks: wake lock acquired
04-09 15:37:33.548  5339  5339 I PhoneLab-StatusMonitorBattery: Battery_level: 70
04-09 15:37:33.548  5339  5339 I PhoneLab-Locks: wake lock released
04-09 15:37:33.551  5339  5339 I PhoneLab-StatusMonitorSignal: Signal_Strength: -96 asu: 9
04-09 15:37:33.551  5339  5339 I PhoneLab-Locks: wake lock released
04-09 15:37:36.262   292   292 I wpa_supplicant: wlan0: CTRL-EVENT-DISCONNECTED bssid=c4:7d:4f:37:97:61 reason=0
04-09 15:37:37.946   292   292 I wpa_supplicant: wlan0: Trying to associate with 00:13:1a:2a:5e:a1 (SSID='UB_Secure' freq=2412 MHz)
04-09 15:37:42.337   292   292 I wpa_supplicant: wlan0: CTRL-EVENT-DISCONNECTED bssid=00:13:1a:2a:5e:a1 reason=0
04-09 15:37:42.969   292   292 I wpa_supplicant: wlan0: Trying to associate with c4:7d:4f:37:ab:a1 (SSID='UB_Secure' freq=2462 MHz)
04-09 15:37:53.126   292   292 I wpa_supplicant: wlan0: Authentication with c4:7d:4f:37:ab:a1 timed out.
04-09 15:37:54.715   292   292 I wpa_supplicant: wlan0: Trying to associate with 68:ef:bd:2d:c5:c1 (SSID='UB_Secure' freq=2412 MHz)
04-09 15:38:00.606  5339  5352 I PhoneLab-: Service Running
04-09 15:38:00.704  5339  5352 I PhoneLab-LoggerService: app_34    1586  1     2292   1856  c00f1758 400a0794 S logcat
04-09 15:38:00.704  5339  5352 I PhoneLab-LoggerService: Logcat pid from database 1586
04-09 15:38:00.704  5339  5352 I PhoneLab-LoggerService: Logcat process found 1586
04-09 15:38:00.704  5339  5352 I PhoneLab-LoggerService: Checking Threshold
04-09 15:38:00.704  5339  5352 I PhoneLab-LoggerService: Starting to rename files
04-09 15:38:00.708  5339  5352 I PhoneLab-LoggerService: Files found .. 30
04-09 15:38:00.708   145   385 I ActivityManager: Process android.process.acore (pid 31641) has died.
04-09 15:38:00.712   145  3207 D CountryDetectorService: No listener is left
04-09 15:38:04.872   292   292 I wpa_supplicant: wlan0: Authentication with 68:ef:bd:2d:c5:c1 timed out.
04-09 15:38:06.442   292   292 I wpa_supplicant: wlan0: Trying to associate with c4:7d:4f:37:ab:a1 (SSID='UB_Secure' freq=2462 MHz)
04-09 15:38:06.645    75   114 D NetlinkEvent: Unexpected netlink message. type=0xf
04-09 15:38:16.594   292   292 I wpa_supplicant: wlan0: Authentication with c4:7d:4f:37:ab:a1 timed out.
04-09 15:38:18.176   292   292 I wpa_supplicant: wlan0: Trying to associate with 68:ef:bd:2d:c5:c1 (SSID='UB_Secure' freq=2412 MHz)
04-09 15:38:18.352   292   292 I wpa_supplicant: wlan0: Associated with 68:ef:bd:2d:c5:c1
04-09 15:38:18.352   292   292 I wpa_supplicant: wlan0: CTRL-EVENT-EAP-STARTED EAP authentication started
04-09 15:38:18.364   292   292 I wpa_supplicant: wlan0: CTRL-EVENT-EAP-PROPOSED-METHOD vendor=0 method=4 -> NAK
04-09 15:38:18.368   292   292 I wpa_supplicant: wlan0: CTRL-EVENT-EAP-PROPOSED-METHOD vendor=0 method=25
04-09 15:38:18.368   292   292 I wpa_supplicant: wlan0: CTRL-EVENT-EAP-METHOD EAP vendor 0 method 25 (PEAP) selected
04-09 15:38:18.383   292   292 I wpa_supplicant: EAP-TLV: TLV Result - Success - EAP-TLV/Phase2 Completed
04-09 15:38:18.415    75   114 D NetlinkEvent: Unexpected netlink message. type=0x30
04-09 15:38:54.258    75   114 D NetlinkEvent: Unexpected netlink message. type=0x30
04-09 15:38:54.262   292   292 I wpa_supplicant: wlan0: CTRL-EVENT-DISCONNECTED bssid=68:ef:bd:2d:c5:c1 reason=0
04-09 15:38:55.938   292   292 I wpa_supplicant: wlan0: Trying to associate with 00:13:1a:2a:5e:a1 (SSID='UB_Secure' freq=2412 MHz)
04-09 15:38:56.090   215   217 D dalvikvm: GC_CONCURRENT freed 400K, 45% free 10170K/18375K, paused 2ms+3ms
04-09 15:38:56.137   145   147 D dalvikvm: GC_CONCURRENT freed 1746K, 14% free 16392K/18951K, paused 4ms+10ms
04-09 15:39:00.192   292   292 I wpa_supplicant: wlan0: CTRL-EVENT-DISCONNECTED bssid=00:13:1a:2a:5e:a1 reason=0
04-09 15:39:00.829   292   292 I wpa_supplicant: wlan0: Trying to associate with c4:7d:4f:37:ab:a1 (SSID='UB_Secure' freq=2462 MHz)
04-09 15:39:10.962   292   292 I wpa_supplicant: wlan0: Authentication with c4:7d:4f:37:ab:a1 timed out.
04-09 15:39:12.548   292   292 I wpa_supplicant: wlan0: Trying to associate with 68:ef:bd:2d:c5:c1 (SSID='UB_Secure' freq=2412 MHz)
04-09 15:39:22.708   292   292 I wpa_supplicant: wlan0: Authentication with 68:ef:bd:2d:c5:c1 timed out.
04-09 15:39:24.274   292   292 I wpa_supplicant: wlan0: Trying to associate with 00:13:1a:2a:5d:21 (SSID='UB_Secure' freq=2437 MHz)
04-09 15:39:34.407   292   292 I wpa_supplicant: wlan0: Authentication with 00:13:1a:2a:5d:21 timed out.
04-09 15:39:35.993   292   292 I wpa_supplicant: wlan0: Trying to associate with 00:13:1a:2a:5d:21 (SSID='UB_Secure' freq=2437 MHz)
04-09 15:39:46.016   292   292 I wpa_supplicant: wlan0: Authentication with 00:13:1a:2a:5d:21 timed out.
04-09 15:39:47.602   292   292 I wpa_supplicant: wlan0: Trying to associate with c4:7d:4f:37:ab:a1 (SSID='UB_Secure' freq=2462 MHz)
04-09 15:39:47.790   292   292 I wpa_supplicant: wlan0: Associated with c4:7d:4f:37:ab:a1
04-09 15:39:47.790   292   292 I wpa_supplicant: wlan0: CTRL-EVENT-EAP-STARTED EAP authentication started
04-09 15:39:47.798   292   292 I wpa_supplicant: wlan0: CTRL-EVENT-EAP-PROPOSED-METHOD vendor=0 method=4 -> NAK
04-09 15:39:47.801   292   292 I wpa_supplicant: wlan0: CTRL-EVENT-EAP-PROPOSED-METHOD vendor=0 method=25
04-09 15:39:47.801   292   292 I wpa_supplicant: wlan0: CTRL-EVENT-EAP-METHOD EAP vendor 0 method 25 (PEAP) selected
04-09 15:39:47.813   292   292 I wpa_supplicant: EAP-TLV: TLV Result - Success - EAP-TLV/Phase2 Completed
04-09 15:40:00.606  5339  5352 I PhoneLab-: Service Running
04-09 15:40:00.661  5339  5352 I PhoneLab-LoggerService: app_34    1586  1     2292   1856  c00f1758 400a0794 S logcat
04-09 15:40:00.665  5339  5352 I PhoneLab-LoggerService: Logcat pid from database 1586
04-09 15:40:00.665  5339  5352 I PhoneLab-LoggerService: Logcat process found 1586
04-09 15:40:00.665  5339  5352 I PhoneLab-LoggerService: Checking Threshold
04-09 15:40:00.665  5339  5352 I PhoneLab-LoggerService: Starting to rename files
04-09 15:40:00.665  5339  5352 I PhoneLab-LoggerService: Files found .. 30
04-09 15:40:23.665   292   292 I wpa_supplicant: wlan0: CTRL-EVENT-EAP-STARTED EAP authentication started
04-09 15:40:23.673   292   292 I wpa_supplicant: wlan0: CTRL-EVENT-DISCONNECTED bssid=c4:7d:4f:37:ab:a1 reason=0
04-09 15:40:25.368   292   292 I wpa_supplicant: wlan0: Trying to associate with c4:7d:4f:37:97:61 (SSID='UB_Secure' freq=2437 MHz)
04-09 15:40:29.575   292   292 I wpa_supplicant: wlan0: CTRL-EVENT-DISCONNECTED bssid=c4:7d:4f:37:97:61 reason=0
04-09 15:40:30.208   292   292 I wpa_supplicant: wlan0: Trying to associate with 68:ef:bd:2d:c5:c1 (SSID='UB_Secure' freq=2412 MHz)
04-09 15:40:40.360   292   292 I wpa_supplicant: wlan0: Authentication with 68:ef:bd:2d:c5:c1 timed out.
04-09 15:40:41.946   292   292 I wpa_supplicant: wlan0: Trying to associate with 00:13:1a:2a:5d:21 (SSID='UB_Secure' freq=2437 MHz)
04-09 15:40:52.071   292   292 I wpa_supplicant: wlan0: Authentication with 00:13:1a:2a:5d:21 timed out.
04-09 15:40:53.633   292   292 I wpa_supplicant: wlan0: Trying to associate with 00:13:1a:2a:5e:a1 (SSID='UB_Secure' freq=2412 MHz)
04-09 15:40:53.798   292   292 I wpa_supplicant: wlan0: Associated with 00:13:1a:2a:5e:a1
04-09 15:40:53.798   292   292 I wpa_supplicant: wlan0: CTRL-EVENT-EAP-STARTED EAP authentication started
04-09 15:40:53.817   292   292 I wpa_supplicant: wlan0: CTRL-EVENT-EAP-PROPOSED-METHOD vendor=0 method=4 -> NAK
04-09 15:40:53.821   292   292 I wpa_supplicant: wlan0: CTRL-EVENT-EAP-PROPOSED-METHOD vendor=0 method=25
04-09 15:40:53.821   292   292 I wpa_supplicant: wlan0: CTRL-EVENT-EAP-METHOD EAP vendor 0 method 25 (PEAP) selected
04-09 15:40:53.833   292   292 I wpa_supplicant: EAP-TLV: TLV Result - Success - EAP-TLV/Phase2 Completed
04-09 15:41:29.669   292   292 I wpa_supplicant: wlan0: CTRL-EVENT-DISCONNECTED bssid=00:13:1a:2a:5e:a1 reason=0
04-09 15:41:30.954   292   292 I wpa_supplicant: wlan0: Trying to associate with 00:13:1a:2a:5d:21 (SSID='UB_Secure' freq=2437 MHz)
04-09 15:41:35.915   292   292 I wpa_supplicant: wlan0: CTRL-EVENT-DISCONNECTED bssid=00:13:1a:2a:5d:21 reason=0
04-09 15:41:36.950   292   292 I wpa_supplicant: wlan0: Trying to associate with c4:7d:4f:37:97:61 (SSID='UB_Secure' freq=2437 MHz)
04-09 15:41:47.133   292   292 I wpa_supplicant: wlan0: Authentication with c4:7d:4f:37:97:61 timed out.
04-09 15:41:48.715   292   292 I wpa_supplicant: wlan0: Trying to associate with c4:7d:4f:37:97:61 (SSID='UB_Secure' freq=2437 MHz)
04-09 15:41:58.743   292   292 I wpa_supplicant: wlan0: Authentication with c4:7d:4f:37:97:61 timed out.
04-09 15:42:00.301   292   292 I wpa_supplicant: wlan0: Trying to associate with c4:7d:4f:37:ab:a1 (SSID='UB_Secure' freq=2462 MHz)
04-09 15:42:00.477   292   292 I wpa_supplicant: wlan0: Associated with c4:7d:4f:37:ab:a1
04-09 15:42:00.481   292   292 I wpa_supplicant: wlan0: CTRL-EVENT-EAP-STARTED EAP authentication started
04-09 15:42:00.489   292   292 I wpa_supplicant: wlan0: CTRL-EVENT-EAP-PROPOSED-METHOD vendor=0 method=4 -> NAK
04-09 15:42:00.493   292   292 I wpa_supplicant: wlan0: CTRL-EVENT-EAP-PROPOSED-METHOD vendor=0 method=25
04-09 15:42:00.493   292   292 I wpa_supplicant: wlan0: CTRL-EVENT-EAP-METHOD EAP vendor 0 method 25 (PEAP) selected
04-09 15:42:00.512   292   292 I wpa_supplicant: EAP-TLV: TLV Result - Success - EAP-TLV/Phase2 Completed
04-09 15:42:00.606  5339  5352 I PhoneLab-: Service Running
04-09 15:42:00.676  5339  5352 I PhoneLab-LoggerService: app_34    1586  1     2292   1856  c00f1758 400a0794 S logcat
04-09 15:42:00.676  5339  5352 I PhoneLab-LoggerService: Logcat pid from database 1586
04-09 15:42:00.676  5339  5352 I PhoneLab-LoggerService: Logcat process found 1586
04-09 15:42:00.676  5339  5352 I PhoneLab-LoggerService: Checking Threshold
04-09 15:42:00.676  5339  5352 I PhoneLab-LoggerService: Starting to rename files
04-09 15:42:00.680  5339  5352 I PhoneLab-LoggerService: Files found .. 30
04-09 15:42:33.559  5339  5339 I PhoneLab-Locks: wake lock acquired
04-09 15:42:33.563  5339  5339 I PhoneLab-StatusMonitor: Status Monitoring is started
04-09 15:42:33.614  5339  5342 D dalvikvm: GC_CONCURRENT freed 581K, 18% free 9248K/11271K, paused 1ms+5ms
04-09 15:42:33.637  5339  5339 I PhoneLab-StatusMonitor: Value: 5 - unit: min
04-09 15:42:33.637  5339  5339 I PhoneLab-StatusMonitor: Running interval: 300000
04-09 15:42:33.641  5339  5339 I PhoneLab-StatusMonitor: Rescheduling status monitoring...
04-09 15:42:33.645  5339  5339 I PhoneLab-Locks: wake lock released
04-09 15:42:33.645  5339  5339 I PhoneLab-StatusMonitorLocation: Learning Location
04-09 15:42:33.649  5339  5339 I PhoneLab-Locks: wake lock acquired
04-09 15:42:33.649  5339  5339 I PhoneLab-Locks: wake lock acquired
04-09 15:42:33.653  5339  5339 I PhoneLab-StatusMonitorLocation: Learning Signal Strgth
04-09 15:42:33.653  5339  5339 I PhoneLab-Locks: wake lock acquired
04-09 15:42:33.657  5339  5339 I PhoneLab-StatusMonitorBattery: Battery_level: 70
04-09 15:42:33.657  5339  5339 I PhoneLab-Locks: wake lock released
04-09 15:42:33.661  5339  5339 I PhoneLab-StatusMonitorSignal: Signal_Strength: -96 asu: 9
04-09 15:42:33.661  5339  5339 I PhoneLab-Locks: wake lock released
04-09 15:43:00.540   292   292 I wpa_supplicant: wlan0: CTRL-EVENT-EAP-SUCCESS EAP authentication completed successfully
04-09 15:43:10.481   292   292 I wpa_supplicant: wlan0: Authentication with c4:7d:4f:37:ab:a1 timed out.
04-09 15:43:10.512   292   292 I wpa_supplicant: wlan0: CTRL-EVENT-DISCONNECTED bssid=00:00:00:00:00:00 reason=0
04-09 15:43:11.126   292   292 I wpa_supplicant: wlan0: Trying to associate with c4:7d:4f:37:ab:a1 (SSID='UB_Secure' freq=2462 MHz)
04-09 15:43:11.176   292   292 I wpa_supplicant: wlan0: Associated with c4:7d:4f:37:ab:a1
04-09 15:43:11.176   292   292 I wpa_supplicant: wlan0: CTRL-EVENT-EAP-STARTED EAP authentication started
04-09 15:43:11.196   292   292 I wpa_supplicant: wlan0: CTRL-EVENT-EAP-PROPOSED-METHOD vendor=0 method=4 -> NAK
04-09 15:43:11.208   292   292 I wpa_supplicant: wlan0: CTRL-EVENT-EAP-PROPOSED-METHOD vendor=0 method=25
04-09 15:43:11.212   292   292 I wpa_supplicant: wlan0: CTRL-EVENT-EAP-METHOD EAP vendor 0 method 25 (PEAP) selected
04-09 15:43:11.247   292   292 I wpa_supplicant: EAP-TLV: TLV Result - Success - EAP-TLV/Phase2 Completed
04-09 15:43:15.137 31717 31720 D dalvikvm: GC_CONCURRENT freed 404K, 14% free 10241K/11847K, paused 2ms+3ms
04-09 15:43:41.958 32263  1055 V PicasaContentProvider: querySettings: defaults: {sync_on_wifi_only=1, auto_upload_account_type=null, sync_on_battery=1, sync_picasa_on_wifi_only=1, auto_upload_enabled=0, video_upload_wifi_only=1, sync_on_roaming=0, auto_upload_account_name=null}
04-09 15:43:47.274   292   292 I wpa_supplicant: wlan0: CTRL-EVENT-DISCONNECTED bssid=c4:7d:4f:37:ab:a1 reason=0
04-09 15:43:48.973   292   292 I wpa_supplicant: wlan0: Trying to associate with 68:ef:bd:2d:c5:c1 (SSID='UB_Secure' freq=2412 MHz)
04-09 15:43:52.942   292   292 I wpa_supplicant: wlan0: CTRL-EVENT-DISCONNECTED bssid=68:ef:bd:2d:c5:c1 reason=0
04-09 15:43:53.583   292   292 I wpa_supplicant: wlan0: Trying to associate with 68:ef:bd:2d:c5:c1 (SSID='UB_Secure' freq=2412 MHz)
04-09 15:44:00.606  5339  5352 I PhoneLab-: Service Running
04-09 15:44:00.665  5339  5352 I PhoneLab-LoggerService: app_34    1586  1     2292   1856  c00f1758 400a0794 S logcat
04-09 15:44:00.665  5339  5352 I PhoneLab-LoggerService: Logcat pid from database 1586
04-09 15:44:00.669  5339  5352 I PhoneLab-LoggerService: Logcat process found 1586
04-09 15:44:00.669  5339  5352 I PhoneLab-LoggerService: Checking Threshold
04-09 15:44:00.669  5339  5352 I PhoneLab-LoggerService: Starting to rename files
04-09 15:44:00.684  5339  5352 I PhoneLab-LoggerService: Files found .. 30
04-09 15:44:00.700  5339  5342 D dalvikvm: GC_CONCURRENT freed 460K, 19% free 9187K/11271K, paused 1ms+3ms
04-09 15:44:01.528 32726 32748 I InvalidationClientImpl: [chromesync#steven.y.ko@gmail.com] Sending heartbeat to server: com.google.ipc.invalidation.ticl.InvalidationClientImpl$1@413669f8
04-09 15:44:01.536 32726 32748 I InvalidationClientImpl: [chromesync#steven.y.ko@gmail.com] Sending info message to server
04-09 15:44:02.165 32726 32749 D AndroidChannel: Delivering outbound message:160 bytes
04-09 15:44:02.180 32726 32749 E AndroidChannel: Error writing request
04-09 15:44:03.727   292   292 I wpa_supplicant: wlan0: Authentication with 68:ef:bd:2d:c5:c1 timed out.
04-09 15:44:05.313   292   292 I wpa_supplicant: wlan0: Trying to associate with c4:7d:4f:37:ad:51 (SSID='UB_Secure' freq=2462 MHz)
04-09 15:44:15.469   292   292 I wpa_supplicant: wlan0: Authentication with c4:7d:4f:37:ad:51 timed out.
04-09 15:44:17.020   292   292 I wpa_supplicant: wlan0: Trying to associate with 00:13:1a:2a:5d:21 (SSID='UB_Secure' freq=2437 MHz)
04-09 15:44:27.165   292   292 I wpa_supplicant: wlan0: Authentication with 00:13:1a:2a:5d:21 timed out.
04-09 15:44:28.747   292   292 I wpa_supplicant: wlan0: Trying to associate with 00:13:1a:2a:5e:a1 (SSID='UB_Secure' freq=2412 MHz)
04-09 15:44:28.923   292   292 I wpa_supplicant: wlan0: Associated with 00:13:1a:2a:5e:a1
04-09 15:44:28.923   292   292 I wpa_supplicant: wlan0: CTRL-EVENT-EAP-STARTED EAP authentication started
04-09 15:44:28.926   292   292 I wpa_supplicant: wlan0: CTRL-EVENT-EAP-PROPOSED-METHOD vendor=0 method=4 -> NAK
04-09 15:44:28.930   292   292 I wpa_supplicant: wlan0: CTRL-EVENT-EAP-PROPOSED-METHOD vendor=0 method=25
04-09 15:44:28.930   292   292 I wpa_supplicant: wlan0: CTRL-EVENT-EAP-METHOD EAP vendor 0 method 25 (PEAP) selected
04-09 15:44:28.938   292   292 I wpa_supplicant: EAP-TLV: TLV Result - Success - EAP-TLV/Phase2 Completed
04-09 15:44:56.008   145   201 D ConnectivityService: ConnectivityChange for WIMAX: DISCONNECTED/SCANNING
04-09 15:44:56.008   145   201 D ConnectivityService: Attempting to switch to mobile
04-09 15:44:56.008   145   201 D ConnectivityService: Attempting to switch to WIFI
04-09 15:44:56.008   145   201 D ConnectivityService: Attempting to switch to BLUETOOTH_TETHER
04-09 15:44:59.032   145   205 D Tethering: MasterInitialState.processMessage what=3
04-09 15:44:59.098 32340 32340 I MediaUploader: No need to wake up
04-09 15:44:59.114 32263 32277 D PicasaSyncManager: active network: null
04-09 15:44:59.114 32263 32277 D PicasaSyncManager: background data: true
04-09 15:45:02.501   145   201 D ConnectivityService: ConnectivityChange for WIMAX: DISCONNECTED/SCANNING
04-09 15:45:02.501   145   201 D ConnectivityService: Attempting to switch to mobile
04-09 15:45:02.501   145   201 D ConnectivityService: Attempting to switch to WIFI
04-09 15:45:02.501   145   201 D ConnectivityService: Attempting to switch to BLUETOOTH_TETHER
04-09 15:45:02.665   145   147 D dalvikvm: GC_CONCURRENT freed 1884K, 14% free 16305K/18951K, paused 3ms+10ms
04-09 15:45:04.872   292   292 I wpa_supplicant: wlan0: CTRL-EVENT-EAP-STARTED EAP authentication started
04-09 15:45:04.880   292   292 I wpa_supplicant: wlan0: CTRL-EVENT-DISCONNECTED bssid=00:13:1a:2a:5e:a1 reason=0
04-09 15:45:05.555   145   205 D Tethering: MasterInitialState.processMessage what=3
04-09 15:45:05.622 32340 32340 I MediaUploader: No need to wake up
04-09 15:45:05.637 32263 32277 D PicasaSyncManager: active network: null
04-09 15:45:05.637 32263 32277 D PicasaSyncManager: background data: true
04-09 15:45:06.173   292   292 I wpa_supplicant: wlan0: Trying to associate with 00:13:1a:2a:5d:21 (SSID='UB_Secure' freq=2437 MHz)
04-09 15:45:11.067   292   292 I wpa_supplicant: wlan0: CTRL-EVENT-DISCONNECTED bssid=00:13:1a:2a:5d:21 reason=0
