04-13 10:35:55.817   974   974 I PhoneLab-Locks: wake lock released
04-13 10:37:27.942   974  1149 I PhoneLab-: Service Running
04-13 10:37:28.016   974   976 D dalvikvm: GC_CONCURRENT freed 446K, 16% free 9206K/10887K, paused 2ms+2ms
04-13 10:37:28.020   974  1149 I PhoneLab-LoggerService: app_34    1153  974   1444   1076  c00f1758 400c6794 S logcat
04-13 10:37:28.020   974  1149 I PhoneLab-LoggerService: Logcat pid from database 1153
04-13 10:37:28.020   974  1149 I PhoneLab-LoggerService: Logcat process found 1153
04-13 10:37:28.020   974  1149 I PhoneLab-LoggerService: Checking Threshold
04-13 10:39:27.942   974  1149 I PhoneLab-: Service Running
04-13 10:39:28.000   974  1149 I PhoneLab-LoggerService: app_34    1153  974   1444   1076  c00f1758 400c6794 S logcat
04-13 10:39:28.000   974  1149 I PhoneLab-LoggerService: Logcat pid from database 1153
04-13 10:39:28.000   974  1149 I PhoneLab-LoggerService: Logcat process found 1153
04-13 10:39:28.000   974  1149 I PhoneLab-LoggerService: Checking Threshold
04-13 10:39:35.618  1081  6051 V PicasaContentProvider: querySettings: defaults: {sync_on_wifi_only=1, auto_upload_account_type=null, sync_on_battery=1, sync_picasa_on_wifi_only=1, auto_upload_enabled=0, video_upload_wifi_only=1, sync_on_roaming=0, auto_upload_account_name=null}
04-13 10:39:35.692  1081  1083 D dalvikvm: GC_CONCURRENT freed 474K, 12% free 10053K/11335K, paused 1ms+3ms
04-13 10:40:55.762   974   974 I PhoneLab-Locks: wake lock acquired
04-13 10:40:55.786   974   974 I PhoneLab-StatusMonitor: Status Monitoring is started
04-13 10:40:55.836   974   974 I PhoneLab-StatusMonitor: Value: 5 - unit: min
04-13 10:40:55.836   974   976 D dalvikvm: GC_CONCURRENT freed 420K, 14% free 9366K/10887K, paused 1ms+2ms
04-13 10:40:55.836   974   974 I PhoneLab-StatusMonitor: Running interval: 300000
04-13 10:40:55.852   974   974 I PhoneLab-StatusMonitor: Rescheduling status monitoring...
04-13 10:40:55.852   974   974 I PhoneLab-Locks: wake lock released
04-13 10:40:55.852   974   974 I PhoneLab-StatusMonitorLocation: Learning Location
04-13 10:40:55.856   974   974 I PhoneLab-Locks: wake lock acquired
04-13 10:40:55.856   974   974 I PhoneLab-Locks: wake lock acquired
04-13 10:40:55.860   974   974 I PhoneLab-StatusMonitorLocation: Learning Signal Strgth
04-13 10:40:55.860   974   974 I PhoneLab-Locks: wake lock acquired
04-13 10:40:55.864   974   974 I PhoneLab-StatusMonitorBattery: Battery_level: 95
04-13 10:40:55.864   974   974 I PhoneLab-Locks: wake lock released
04-13 10:40:55.868   974   974 I PhoneLab-StatusMonitorSignal: Signal_Strength: -86 asu: 14
04-13 10:40:55.868   974   974 I PhoneLab-Locks: wake lock released
04-13 10:41:27.942   974  1149 I PhoneLab-: Service Running
04-13 10:41:28.004   974  1149 I PhoneLab-LoggerService: app_34    1153  974   1444   1076  c00f1758 400c6794 S logcat
04-13 10:41:28.004   974  1149 I PhoneLab-LoggerService: Logcat pid from database 1153
04-13 10:41:28.004   974  1149 I PhoneLab-LoggerService: Logcat process found 1153
04-13 10:41:28.004   974  1149 I PhoneLab-LoggerService: Checking Threshold
04-13 10:41:54.290   764  6078 I Gmail   : MainSyncRequestProto: lowestBkwdConvoId: 0, highestHandledServerOp: 2462909, normalSync: true
04-13 10:41:55.875   764   766 D dalvikvm: GC_CONCURRENT freed 354K, 8% free 9818K/10567K, paused 2ms+2ms
04-13 10:41:56.477   764  6078 D dalvikvm: GC_EXPLICIT freed 312K, 8% free 9750K/10567K, paused 2ms+2ms
04-13 10:41:56.481   764  6078 I Gmail   : MainSyncRequestProto: lowestBkwdConvoId: 0, highestHandledServerOp: 2462944, normalSync: true
04-13 10:41:58.286   764  6078 D dalvikvm: GC_EXPLICIT freed 143K, 8% free 9769K/10567K, paused 2ms+3ms
04-13 10:41:58.290   764  6078 I Gmail   : MainSyncRequestProto: lowestBkwdConvoId: 0, highestHandledServerOp: 2462945, normalSync: true
04-13 10:41:58.301   764  6078 W Gmail   : Scheduling index for 300000 ms from now
04-13 10:41:58.325   764  6078 I Gmail   : Sending notification intent: Intent { act=android.intent.action.PROVIDER_CHANGED dat=content://gmail-ls/unread/^i (has extras) }
04-13 10:43:27.942   974  1149 I PhoneLab-: Service Running
04-13 10:43:28.000   974  1149 I PhoneLab-LoggerService: app_34    1153  974   1444   1076  c00f1758 400c6794 S logcat
04-13 10:43:28.000   974  1149 I PhoneLab-LoggerService: Logcat pid from database 1153
04-13 10:43:28.004   974  1149 I PhoneLab-LoggerService: Logcat process found 1153
04-13 10:43:28.004   974  1149 I PhoneLab-LoggerService: Checking Threshold
04-13 10:45:27.942   974  1149 I PhoneLab-: Service Running
04-13 10:45:27.993   974  1149 I PhoneLab-LoggerService: app_34    1153  974   1444   1076  c00f1758 400c6794 S logcat
04-13 10:45:27.997   974  1149 I PhoneLab-LoggerService: Logcat pid from database 1153
04-13 10:45:27.997   974  1149 I PhoneLab-LoggerService: Logcat process found 1153
04-13 10:45:27.997   974  1149 I PhoneLab-LoggerService: Checking Threshold
04-13 10:45:55.883   974   974 I PhoneLab-Locks: wake lock acquired
04-13 10:45:55.883   974   974 I PhoneLab-StatusMonitor: Status Monitoring is started
04-13 10:45:55.942   974   976 D dalvikvm: GC_CONCURRENT freed 618K, 15% free 9260K/10887K, paused 1ms+5ms
04-13 10:45:55.954   974   974 I PhoneLab-StatusMonitor: Value: 5 - unit: min
04-13 10:45:55.954   974   974 I PhoneLab-StatusMonitor: Running interval: 300000
04-13 10:45:55.965   974   974 I PhoneLab-StatusMonitor: Rescheduling status monitoring...
04-13 10:45:55.965   974   974 I PhoneLab-Locks: wake lock released
04-13 10:45:55.965   974   974 I PhoneLab-StatusMonitorLocation: Learning Location
04-13 10:45:55.965   974   974 I PhoneLab-Locks: wake lock acquired
04-13 10:45:55.969   974   974 I PhoneLab-Locks: wake lock acquired
04-13 10:45:55.973   974   974 I PhoneLab-StatusMonitorLocation: Learning Signal Strgth
04-13 10:45:55.973   974   974 I PhoneLab-Locks: wake lock acquired
04-13 10:45:55.977   974   974 I PhoneLab-StatusMonitorBattery: Battery_level: 95
04-13 10:45:55.977   974   974 I PhoneLab-Locks: wake lock released
04-13 10:45:55.981   974   974 I PhoneLab-StatusMonitorSignal: Signal_Strength: -86 asu: 14
04-13 10:45:55.981   974   974 I PhoneLab-Locks: wake lock released
04-13 10:46:00.129   215   217 D dalvikvm: GC_CONCURRENT freed 406K, 5% free 10231K/10759K, paused 2ms+4ms
04-13 10:47:27.942   974  1149 I PhoneLab-: Service Running
04-13 10:47:28.000   974  1149 I PhoneLab-LoggerService: app_34    1153  974   1444   1076  c00f1758 400c6794 S logcat
04-13 10:47:28.004   974  1149 I PhoneLab-LoggerService: Logcat pid from database 1153
04-13 10:47:28.004   974  1149 I PhoneLab-LoggerService: Logcat process found 1153
04-13 10:47:28.004   974  1149 I PhoneLab-LoggerService: Checking Threshold
04-13 10:49:27.942   974  1149 I PhoneLab-: Service Running
04-13 10:49:28.012   974  1149 I PhoneLab-LoggerService: app_34    1153  974   1444   1076  c00f1758 400c6794 S logcat
04-13 10:49:28.012   974  1149 I PhoneLab-LoggerService: Logcat pid from database 1153
04-13 10:49:28.012   974  1149 I PhoneLab-LoggerService: Logcat process found 1153
04-13 10:49:28.012   974  1149 I PhoneLab-LoggerService: Checking Threshold
04-13 10:50:55.985   974   974 I PhoneLab-Locks: wake lock acquired
04-13 10:50:56.000   974   974 I PhoneLab-StatusMonitor: Status Monitoring is started
04-13 10:50:56.051   974   976 D dalvikvm: GC_CONCURRENT freed 521K, 16% free 9250K/10887K, paused 1ms+6ms
04-13 10:50:56.071   974   974 I PhoneLab-StatusMonitor: Value: 5 - unit: min
04-13 10:50:56.071   974   974 I PhoneLab-StatusMonitor: Running interval: 300000
04-13 10:50:56.086   974   974 I PhoneLab-StatusMonitor: Rescheduling status monitoring...
04-13 10:50:56.086   974   974 I PhoneLab-Locks: wake lock released
04-13 10:50:56.090   974   974 I PhoneLab-StatusMonitorLocation: Learning Location
04-13 10:50:56.090   974   974 I PhoneLab-Locks: wake lock acquired
04-13 10:50:56.098   974   974 I PhoneLab-Locks: wake lock acquired
04-13 10:50:56.102   974   974 I PhoneLab-StatusMonitorLocation: Learning Signal Strgth
04-13 10:50:56.102   974   974 I PhoneLab-Locks: wake lock acquired
04-13 10:50:56.114   974   974 I PhoneLab-StatusMonitorBattery: Battery_level: 94
04-13 10:50:56.114   974   974 I PhoneLab-Locks: wake lock released
04-13 10:50:56.114   974   974 I PhoneLab-StatusMonitorSignal: Signal_Strength: -86 asu: 14
04-13 10:50:56.114   974   974 I PhoneLab-Locks: wake lock released
04-13 10:50:56.157   145   147 D dalvikvm: GC_CONCURRENT freed 1062K, 12% free 14017K/15751K, paused 2ms+6ms
04-13 10:51:27.942   974  1149 I PhoneLab-: Service Running
04-13 10:51:28.012   974  1149 I PhoneLab-LoggerService: app_34    1153  974   1444   1076  c00f1758 400c6794 S logcat
04-13 10:51:28.012   974  1149 I PhoneLab-LoggerService: Logcat pid from database 1153
04-13 10:51:28.012   974  1149 I PhoneLab-LoggerService: Logcat process found 1153
04-13 10:51:28.012   974  1149 I PhoneLab-LoggerService: Checking Threshold
04-13 10:53:10.668   974   974 I PhoneLab-Locks: wake lock acquired
04-13 10:53:10.672   974  6115 I PhoneLab-PeriodicCheckService: User info is synched
04-13 10:53:10.676   974  6115 I PhoneLab-PeriodicCheckService: Logger Service is running
04-13 10:53:10.676   974  6115 I PhoneLab-Locks: wake lock acquired
04-13 10:53:10.680   974   974 I PhoneLab-UploadLogs: Transfering log files now
04-13 10:53:10.680   974   974 I PhoneLab-UploadLogs: No log files to transfer
04-13 10:53:10.680   974   974 I PhoneLab-Locks: wake lock released
04-13 10:53:10.680   974   974 I PhoneLab-UploadLogs: OnStartCommand
04-13 10:53:10.680   974  6115 I PhoneLab-PeriodicCheckService: Rescheduling periodic checking...
04-13 10:53:10.680   974  6115 I PhoneLab-Locks: wake lock released
04-13 10:53:27.942   974  1149 I PhoneLab-: Service Running
04-13 10:53:28.016   974   976 D dalvikvm: GC_CONCURRENT freed 434K, 16% free 9221K/10887K, paused 2ms+2ms
04-13 10:53:28.020   974  1149 I PhoneLab-LoggerService: app_34    1153  974   1444   1076  c00f1758 400c6794 S logcat
04-13 10:53:28.020   974  1149 I PhoneLab-LoggerService: Logcat pid from database 1153
04-13 10:53:28.020   974  1149 I PhoneLab-LoggerService: Logcat process found 1153
04-13 10:53:28.020   974  1149 I PhoneLab-LoggerService: Checking Threshold
04-13 10:54:35.875   764  6117 W Gmail   : Successful index run, cancel next scheduled index run
04-13 10:55:09.891   270   272 D dalvikvm: GC_CONCURRENT freed 440K, 6% free 10193K/10759K, paused 2ms+4ms
04-13 10:55:09.915   764  6121 I Gmail   : MainSyncRequestProto: lowestBkwdConvoId: 0, highestHandledServerOp: 2462945, normalSync: true
04-13 10:55:11.493   764   766 D dalvikvm: GC_CONCURRENT freed 345K, 8% free 9823K/10567K, paused 2ms+3ms
04-13 10:55:12.247   764   766 D dalvikvm: GC_CONCURRENT freed 441K, 8% free 9767K/10567K, paused 2ms+2ms
04-13 10:55:12.301   764  6121 D dalvikvm: GC_EXPLICIT freed 37K, 8% free 9744K/10567K, paused 2ms+4ms
04-13 10:55:12.305   764  6121 I Gmail   : MainSyncRequestProto: lowestBkwdConvoId: 0, highestHandledServerOp: 2462983, normalSync: true
04-13 10:55:12.317   764  6121 W Gmail   : Scheduling index for 300000 ms from now
04-13 10:55:12.336   764  6121 I Gmail   : Sending notification intent: Intent { act=android.intent.action.PROVIDER_CHANGED dat=content://gmail-ls/unread/^i (has extras) }
04-13 10:55:12.360   764  6121 I Gmail   : Sending notification intent: Intent { act=android.intent.action.PROVIDER_CHANGED dat=content://gmail-ls/unread/^iim (has extras) }
04-13 10:55:17.832   764  6128 I Gmail   : MainSyncRequestProto: lowestBkwdConvoId: 0, highestHandledServerOp: 2462983, normalSync: true
04-13 10:55:18.684   764   766 D dalvikvm: GC_CONCURRENT freed 368K, 8% free 9780K/10567K, paused 2ms+2ms
04-13 10:55:18.750   764  6128 D dalvikvm: GC_EXPLICIT freed 50K, 8% free 9746K/10567K, paused 4ms+2ms
04-13 10:55:18.758   764  6128 I Gmail   : MainSyncRequestProto: lowestBkwdConvoId: 0, highestHandledServerOp: 2463012, normalSync: true
04-13 10:55:18.766   764  6128 W Gmail   : Scheduling index for 300000 ms from now
04-13 10:55:18.790   764  6128 I Gmail   : Sending notification intent: Intent { act=android.intent.action.PROVIDER_CHANGED dat=content://gmail-ls/unread/^i (has extras) }
04-13 10:55:18.825   764  6128 I Gmail   : Sending notification intent: Intent { act=android.intent.action.PROVIDER_CHANGED dat=content://gmail-ls/unread/^iim (has extras) }
04-13 10:55:27.942   974  1149 I PhoneLab-: Service Running
04-13 10:55:28.004   974  1149 I PhoneLab-LoggerService: app_34    1153  974   1444   1076  c00f1758 400c6794 S logcat
04-13 10:55:28.004   974  1149 I PhoneLab-LoggerService: Logcat pid from database 1153
04-13 10:55:28.008   974  1149 I PhoneLab-LoggerService: Logcat process found 1153
04-13 10:55:28.008   974  1149 I PhoneLab-LoggerService: Checking Threshold
04-13 10:55:56.125   974   974 I PhoneLab-Locks: wake lock acquired
04-13 10:55:56.125   974   974 I PhoneLab-StatusMonitor: Status Monitoring is started
04-13 10:55:56.192   974   976 D dalvikvm: GC_CONCURRENT freed 439K, 15% free 9291K/10887K, paused 2ms+4ms
04-13 10:55:56.196   974   974 I PhoneLab-StatusMonitor: Value: 5 - unit: min
04-13 10:55:56.196   974   974 I PhoneLab-StatusMonitor: Running interval: 300000
04-13 10:55:56.204   974   974 I PhoneLab-StatusMonitor: Rescheduling status monitoring...
04-13 10:55:56.204   974   974 I PhoneLab-Locks: wake lock released
04-13 10:55:56.207   974   974 I PhoneLab-StatusMonitorLocation: Learning Location
04-13 10:55:56.207   974   974 I PhoneLab-Locks: wake lock acquired
04-13 10:55:56.207   974   974 I PhoneLab-Locks: wake lock acquired
04-13 10:55:56.215   974   974 I PhoneLab-StatusMonitorLocation: Learning Signal Strgth
04-13 10:55:56.215   974   974 I PhoneLab-Locks: wake lock acquired
04-13 10:55:56.223   974   974 I PhoneLab-StatusMonitorBattery: Battery_level: 94
04-13 10:55:56.223   974   974 I PhoneLab-Locks: wake lock released
04-13 10:55:56.223   974   974 I PhoneLab-StatusMonitorSignal: Signal_Strength: -86 asu: 14
04-13 10:55:56.223   974   974 I PhoneLab-Locks: wake lock released
04-13 10:57:27.942   974  1149 I PhoneLab-: Service Running
04-13 10:57:28.012   974  1149 I PhoneLab-LoggerService: app_34    1153  974   1444   1076  c00f1758 400c6794 S logcat
04-13 10:57:28.012   974  1149 I PhoneLab-LoggerService: Logcat pid from database 1153
04-13 10:57:28.012   974  1149 I PhoneLab-LoggerService: Logcat process found 1153
04-13 10:57:28.012   974  1149 I PhoneLab-LoggerService: Checking Threshold
04-13 10:59:27.942   974  1149 I PhoneLab-: Service Running
04-13 10:59:28.000   974  1149 I PhoneLab-LoggerService: app_34    1153  974   1444   1076  c00f1758 400c6794 S logcat
04-13 10:59:28.004   974  1149 I PhoneLab-LoggerService: Logcat pid from database 1153
04-13 10:59:28.004   974  1149 I PhoneLab-LoggerService: Logcat process found 1153
04-13 10:59:28.004   974  1149 I PhoneLab-LoggerService: Checking Threshold
04-13 11:00:32.848   270   631 I EventLogService: Aggregate from 1334327432789 (log), 1334327432789 (data)
04-13 11:00:56.235   974   974 I PhoneLab-Locks: wake lock acquired
04-13 11:00:56.235   974   974 I PhoneLab-StatusMonitor: Status Monitoring is started
04-13 11:00:56.297   974   976 D dalvikvm: GC_CONCURRENT freed 557K, 16% free 9245K/10887K, paused 2ms+4ms
04-13 11:00:56.313   974   974 I PhoneLab-StatusMonitor: Value: 5 - unit: min
04-13 11:00:56.313   974   974 I PhoneLab-StatusMonitor: Running interval: 300000
04-13 11:00:56.321   974   974 I PhoneLab-StatusMonitor: Rescheduling status monitoring...
04-13 11:00:56.321   974   974 I PhoneLab-Locks: wake lock released
04-13 11:00:56.321   974   974 I PhoneLab-StatusMonitorLocation: Learning Location
04-13 11:00:56.321   974   974 I PhoneLab-Locks: wake lock acquired
04-13 11:00:56.325   974   974 I PhoneLab-Locks: wake lock acquired
04-13 11:00:56.329   974   974 I PhoneLab-StatusMonitorLocation: Learning Signal Strgth
04-13 11:00:56.329   974   974 I PhoneLab-Locks: wake lock acquired
04-13 11:00:56.332   974   974 I PhoneLab-StatusMonitorBattery: Battery_level: 95
04-13 11:00:56.332   974   974 I PhoneLab-Locks: wake lock released
04-13 11:00:56.332   974   974 I PhoneLab-StatusMonitorSignal: Signal_Strength: -86 asu: 14
04-13 11:00:56.332   974   974 I PhoneLab-Locks: wake lock released
04-13 11:01:13.911   764  6162 I Gmail   : MainSyncRequestProto: lowestBkwdConvoId: 0, highestHandledServerOp: 2463012, normalSync: true
04-13 11:01:15.762   764   766 D dalvikvm: GC_CONCURRENT freed 351K, 8% free 9794K/10567K, paused 13ms+3ms
04-13 11:01:15.836   764  6162 D dalvikvm: GC_EXPLICIT freed 120K, 8% free 9750K/10567K, paused 1ms+2ms
04-13 11:01:15.844   764  6162 I Gmail   : MainSyncRequestProto: lowestBkwdConvoId: 0, highestHandledServerOp: 2463047, normalSync: true
04-13 11:01:16.520   764  6162 D dalvikvm: GC_EXPLICIT freed 133K, 8% free 9772K/10567K, paused 2ms+3ms
04-13 11:01:16.524   764  6162 I Gmail   : MainSyncRequestProto: lowestBkwdConvoId: 0, highestHandledServerOp: 2463048, normalSync: true
04-13 11:01:16.536   764  6162 W Gmail   : Scheduling index for 300000 ms from now
04-13 11:01:16.555   764  6162 I Gmail   : Sending notification intent: Intent { act=android.intent.action.PROVIDER_CHANGED dat=content://gmail-ls/unread/^i (has extras) }
04-13 11:01:27.942   974  1149 I PhoneLab-: Service Running
04-13 11:01:28.004   974  1149 I PhoneLab-LoggerService: app_34    1153  974   1444   1076  c00f1758 400c6794 S logcat
04-13 11:01:28.004   974  1149 I PhoneLab-LoggerService: Logcat pid from database 1153
04-13 11:01:28.004   974  1149 I PhoneLab-LoggerService: Logcat process found 1153
04-13 11:01:28.008   974  1149 I PhoneLab-LoggerService: Checking Threshold
04-13 11:01:37.297   764  6166 I Gmail   : MainSyncRequestProto: lowestBkwdConvoId: 0, highestHandledServerOp: 2463048, normalSync: true
04-13 11:01:37.872   764  6166 D dalvikvm: GC_EXPLICIT freed 259K, 8% free 9770K/10567K, paused 2ms+3ms
04-13 11:01:37.875   764  6166 I Gmail   : MainSyncRequestProto: lowestBkwdConvoId: 0, highestHandledServerOp: 2463079, normalSync: true
04-13 11:01:37.973  1209  1209 D dalvikvm: GC_EXPLICIT freed 200K, 6% free 9258K/9799K, paused 8ms+7ms
04-13 11:01:38.016   145   147 D dalvikvm: GC_CONCURRENT freed 1092K, 11% free 14056K/15751K, paused 2ms+6ms
04-13 11:01:38.852   764  6166 D dalvikvm: GC_EXPLICIT freed 150K, 8% free 9775K/10567K, paused 2ms+3ms
04-13 11:01:38.856   764  6166 I Gmail   : MainSyncRequestProto: lowestBkwdConvoId: 0, highestHandledServerOp: 2463079, normalSync: true
04-13 11:01:38.868   764  6166 W Gmail   : Scheduling index for 300000 ms from now
04-13 11:01:38.887   764  6166 I Gmail   : Sending notification intent: Intent { act=android.intent.action.PROVIDER_CHANGED dat=content://gmail-ls/unread/^i (has extras) }
04-13 11:03:00.122   215   217 D dalvikvm: GC_CONCURRENT freed 403K, 5% free 10231K/10759K, paused 1ms+7ms
04-13 11:03:14.836   291   291 I wpa_supplicant: wlan0: WPA: Group rekeying completed with d0:c2:82:2d:e4:b1 [GTK=TKIP]
04-13 11:03:27.942   974  1149 I PhoneLab-: Service Running
04-13 11:03:28.000   974  1149 I PhoneLab-LoggerService: app_34    1153  974   1444   1076  c00f1758 400c6794 S logcat
04-13 11:03:28.000   974  1149 I PhoneLab-LoggerService: Logcat pid from database 1153
04-13 11:03:28.004   974  1149 I PhoneLab-LoggerService: Logcat process found 1153
04-13 11:03:28.004   974  1149 I PhoneLab-LoggerService: Checking Threshold
04-13 11:05:27.942   974  1149 I PhoneLab-: Service Running
04-13 11:05:28.012   974  1149 I PhoneLab-LoggerService: app_34    1153  974   1444   1076  c00f1758 400c6794 S logcat
04-13 11:05:28.012   974  1149 I PhoneLab-LoggerService: Logcat pid from database 1153
04-13 11:05:28.012   974  1149 I PhoneLab-LoggerService: Logcat process found 1153
04-13 11:05:28.012   974  1149 I PhoneLab-LoggerService: Checking Threshold
04-13 11:05:56.340   974   974 I PhoneLab-Locks: wake lock acquired
04-13 11:05:56.364   974   974 I PhoneLab-StatusMonitor: Status Monitoring is started
04-13 11:05:56.407   974   976 D dalvikvm: GC_CONCURRENT freed 526K, 16% free 9229K/10887K, paused 2ms+5ms
04-13 11:05:56.434   974   974 I PhoneLab-StatusMonitor: Value: 5 - unit: min
04-13 11:05:56.434   974   974 I PhoneLab-StatusMonitor: Running interval: 300000
04-13 11:05:56.442   974   974 I PhoneLab-StatusMonitor: Rescheduling status monitoring...
04-13 11:05:56.442   974   974 I PhoneLab-Locks: wake lock released
04-13 11:05:56.442   974   974 I PhoneLab-StatusMonitorLocation: Learning Location
04-13 11:05:56.442   974   974 I PhoneLab-Locks: wake lock acquired
04-13 11:05:56.446   974   974 I PhoneLab-Locks: wake lock acquired
04-13 11:05:56.450   974   974 I PhoneLab-StatusMonitorLocation: Learning Signal Strgth
04-13 11:05:56.450   974   974 I PhoneLab-Locks: wake lock acquired
04-13 11:05:56.454   974   974 I PhoneLab-StatusMonitorBattery: Battery_level: 95
04-13 11:05:56.454   974   974 I PhoneLab-Locks: wake lock released
04-13 11:05:56.454   974   974 I PhoneLab-StatusMonitorSignal: Signal_Strength: -86 asu: 14
04-13 11:05:56.454   974   974 I PhoneLab-Locks: wake lock released
04-13 11:06:36.118   764  6175 I Gmail   : MainSyncRequestProto: lowestBkwdConvoId: 0, highestHandledServerOp: 2463079, normalSync: true
04-13 11:06:36.516   145   157 D dalvikvm: GC_EXPLICIT freed 498K, 12% free 13979K/15751K, paused 19ms+6ms
04-13 11:06:38.036   764   766 D dalvikvm: GC_CONCURRENT freed 379K, 8% free 9793K/10567K, paused 2ms+3ms
04-13 11:06:38.161   764  6175 D dalvikvm: GC_EXPLICIT freed 193K, 8% free 9745K/10567K, paused 5ms+3ms
04-13 11:06:38.165   764  6175 I Gmail   : MainSyncRequestProto: lowestBkwdConvoId: 0, highestHandledServerOp: 2463130, normalSync: true
04-13 11:06:38.762   764  6175 D dalvikvm: GC_EXPLICIT freed 148K, 8% free 9767K/10567K, paused 2ms+3ms
04-13 11:06:38.766   764  6175 I Gmail   : MainSyncRequestProto: lowestBkwdConvoId: 0, highestHandledServerOp: 2463130, normalSync: true
04-13 11:06:38.778   764  6175 W Gmail   : Scheduling index for 300000 ms from now
04-13 11:06:38.801   764  6175 I Gmail   : Sending notification intent: Intent { act=android.intent.action.PROVIDER_CHANGED dat=content://gmail-ls/unread/^i (has extras) }
04-13 11:06:38.840   764  6175 I Gmail   : Sending notification intent: Intent { act=android.intent.action.PROVIDER_CHANGED dat=content://gmail-ls/unread/^iim (has extras) }
04-13 11:06:38.922   764  6180 I Gmail   : MainSyncRequestProto: lowestBkwdConvoId: 0, highestHandledServerOp: 2463130, normalSync: true
04-13 11:06:39.532   764  6180 D dalvikvm: GC_EXPLICIT freed 145K, 8% free 9769K/10567K, paused 2ms+3ms
04-13 11:06:39.540   764  6180 I Gmail   : MainSyncRequestProto: lowestBkwdConvoId: 0, highestHandledServerOp: 2463130, normalSync: true
04-13 11:06:39.579   270   929 D dalvikvm: GC_EXPLICIT freed 255K, 6% free 10168K/10759K, paused 2ms+3ms
04-13 11:06:39.582   764  6180 W Gmail   : Scheduling index for 300000 ms from now
04-13 11:07:19.168   764  6183 I Gmail   : MainSyncRequestProto: lowestBkwdConvoId: 0, highestHandledServerOp: 2463130, normalSync: true
04-13 11:07:19.868   764   766 D dalvikvm: GC_CONCURRENT freed 350K, 8% free 9806K/10567K, paused 2ms+3ms
04-13 11:07:20.125   764  6183 D dalvikvm: GC_EXPLICIT freed 265K, 8% free 9755K/10567K, paused 3ms+2ms
04-13 11:07:20.133   764  6183 I Gmail   : MainSyncRequestProto: lowestBkwdConvoId: 0, highestHandledServerOp: 2463210, normalSync: true
04-13 11:07:20.165   764  6183 D dalvikvm: GC_EXPLICIT freed 24K, 8% free 9748K/10567K, paused 2ms+3ms
04-13 11:07:20.168   764  6183 W Gmail   : Scheduling index for 300000 ms from now
04-13 11:07:20.192   764  6183 I Gmail   : Sending notification intent: Intent { act=android.intent.action.PROVIDER_CHANGED dat=content://gmail-ls/unread/^i (has extras) }
04-13 11:07:20.215   764  6183 I Gmail   : Sending notification intent: Intent { act=android.intent.action.PROVIDER_CHANGED dat=content://gmail-ls/unread/^iim (has extras) }
04-13 11:07:23.040   764  6187 I Gmail   : MainSyncRequestProto: lowestBkwdConvoId: 0, highestHandledServerOp: 2463210, normalSync: true
04-13 11:07:24.051   764  6187 D dalvikvm: GC_EXPLICIT freed 312K, 8% free 9796K/10567K, paused 16ms+3ms
04-13 11:07:24.059   764  6187 I Gmail   : MainSyncRequestProto: lowestBkwdConvoId: 0, highestHandledServerOp: 2463237, normalSync: true
04-13 11:07:24.067   764  6187 W Gmail   : Scheduling index for 300000 ms from now
04-13 11:07:27.942   974  1149 I PhoneLab-: Service Running
04-13 11:07:28.020   974   976 D dalvikvm: GC_CONCURRENT freed 429K, 16% free 9206K/10887K, paused 2ms+6ms
04-13 11:07:28.020   974  1149 I PhoneLab-LoggerService: app_34    1153  974   1444   1076  c00f1758 400c6794 S logcat
04-13 11:07:28.024   974  1149 I PhoneLab-LoggerService: Logcat pid from database 1153
04-13 11:07:28.024   974  1149 I PhoneLab-LoggerService: Logcat process found 1153
04-13 11:07:28.024   974  1149 I PhoneLab-LoggerService: Checking Threshold
04-13 11:07:28.747   764  6190 I Gmail   : MainSyncRequestProto: lowestBkwdConvoId: 0, highestHandledServerOp: 2463237, normalSync: true
04-13 11:07:29.614   764   766 D dalvikvm: GC_CONCURRENT freed 403K, 8% free 9780K/10567K, paused 3ms+2ms
04-13 11:07:29.649   764  6190 D dalvikvm: GC_EXPLICIT freed 33K, 8% free 9751K/10567K, paused 2ms+3ms
04-13 11:07:29.661   764  6190 I Gmail   : MainSyncRequestProto: lowestBkwdConvoId: 0, highestHandledServerOp: 2463265, normalSync: true
04-13 11:07:29.672   764  6190 W Gmail   : Scheduling index for 300000 ms from now
04-13 11:07:29.704   764  6190 I Gmail   : Sending notification intent: Intent { act=android.intent.action.PROVIDER_CHANGED dat=content://gmail-ls/unread/^i (has extras) }
04-13 11:07:29.731   764  6190 I Gmail   : Sending notification intent: Intent { act=android.intent.action.PROVIDER_CHANGED dat=content://gmail-ls/unread/^iim (has extras) }
04-13 11:07:40.817   764  6194 I Gmail   : MainSyncRequestProto: lowestBkwdConvoId: 0, highestHandledServerOp: 2463265, normalSync: true
04-13 11:07:44.043   764   766 D dalvikvm: GC_CONCURRENT freed 364K, 8% free 9786K/10567K, paused 2ms+2ms
04-13 11:07:44.762   764  6194 D dalvikvm: GC_EXPLICIT freed 52K, 8% free 9753K/10567K, paused 2ms+3ms
04-13 11:07:44.770   764  6194 I Gmail   : MainSyncRequestProto: lowestBkwdConvoId: 0, highestHandledServerOp: 2463294, normalSync: true
04-13 11:07:44.782   764  6194 W Gmail   : Scheduling index for 300000 ms from now
04-13 11:07:45.426   764  6194 I Gmail   : Sending notification intent: Intent { act=android.intent.action.PROVIDER_CHANGED dat=content://gmail-ls/unread/^i (has extras) }
04-13 11:07:45.446   764  6194 I Gmail   : Sending notification intent: Intent { act=android.intent.action.PROVIDER_CHANGED dat=content://gmail-ls/unread/^iim (has extras) }
04-13 11:09:27.942   974  1149 I PhoneLab-: Service Running
04-13 11:09:28.004   974  1149 I PhoneLab-LoggerService: app_34    1153  974   1444   1076  c00f1758 400c6794 S logcat
04-13 11:09:28.004   974  1149 I PhoneLab-LoggerService: Logcat pid from database 1153
04-13 11:09:28.004   974  1149 I PhoneLab-LoggerService: Logcat process found 1153
04-13 11:09:28.004   974  1149 I PhoneLab-LoggerService: Checking Threshold
04-13 11:10:56.461   974   974 I PhoneLab-Locks: wake lock acquired
04-13 11:10:56.469   974   974 I PhoneLab-StatusMonitor: Status Monitoring is started
04-13 11:10:56.551   974   976 D dalvikvm: GC_CONCURRENT freed 424K, 15% free 9359K/10887K, paused 1ms+4ms
04-13 11:10:56.563   974   974 I PhoneLab-StatusMonitor: Value: 5 - unit: min
04-13 11:10:56.563   974   974 I PhoneLab-StatusMonitor: Running interval: 300000
04-13 11:10:56.571   974   974 I PhoneLab-StatusMonitor: Rescheduling status monitoring...
04-13 11:10:56.571   974   974 I PhoneLab-Locks: wake lock released
04-13 11:10:56.575   974   974 I PhoneLab-StatusMonitorLocation: Learning Location
04-13 11:10:56.575   974   974 I PhoneLab-Locks: wake lock acquired
04-13 11:10:56.575   974   974 I PhoneLab-Locks: wake lock acquired
04-13 11:10:56.579   974   974 I PhoneLab-StatusMonitorLocation: Learning Signal Strgth
04-13 11:10:56.579   974   974 I PhoneLab-Locks: wake lock acquired
04-13 11:10:56.582   974   974 I PhoneLab-StatusMonitorBattery: Battery_level: 95
04-13 11:10:56.582   974   974 I PhoneLab-Locks: wake lock released
04-13 11:10:56.586   974   974 I PhoneLab-StatusMonitorSignal: Signal_Strength: -86 asu: 14
04-13 11:10:56.586   974   974 I PhoneLab-Locks: wake lock released
04-13 11:11:27.942   974  1149 I PhoneLab-: Service Running
04-13 11:11:27.997   974  1149 I PhoneLab-LoggerService: app_34    1153  974   1444   1076  c00f1758 400c6794 S logcat
04-13 11:11:28.000   974  1149 I PhoneLab-LoggerService: Logcat pid from database 1153
04-13 11:11:28.000   974  1149 I PhoneLab-LoggerService: Logcat process found 1153
04-13 11:11:28.000   974  1149 I PhoneLab-LoggerService: Checking Threshold
04-13 11:13:27.942   974  1149 I PhoneLab-: Service Running
04-13 11:13:27.997   974  1149 I PhoneLab-LoggerService: app_34    1153  974   1444   1076  c00f1758 400c6794 S logcat
04-13 11:13:28.000   974  1149 I PhoneLab-LoggerService: Logcat pid from database 1153
04-13 11:13:28.000   974  1149 I PhoneLab-LoggerService: Logcat process found 1153
04-13 11:13:28.000   974  1149 I PhoneLab-LoggerService: Checking Threshold
04-13 11:14:01.290   764  6224 I Gmail   : MainSyncRequestProto: lowestBkwdConvoId: 0, highestHandledServerOp: 2463294, normalSync: true
04-13 11:14:02.297   145   147 D dalvikvm: GC_CONCURRENT freed 1068K, 11% free 14032K/15751K, paused 2ms+6ms
04-13 11:14:02.711   764   766 D dalvikvm: GC_CONCURRENT freed 356K, 8% free 9800K/10567K, paused 1ms+3ms
04-13 11:14:02.836   764  6224 D dalvikvm: GC_EXPLICIT freed 208K, 8% free 9744K/10567K, paused 4ms+3ms
04-13 11:14:02.844   764  6224 I Gmail   : MainSyncRequestProto: lowestBkwdConvoId: 0, highestHandledServerOp: 2463344, normalSync: true
04-13 11:14:03.407   764  6224 D dalvikvm: GC_EXPLICIT freed 133K, 8% free 9767K/10567K, paused 2ms+3ms
04-13 11:14:03.415   764  6224 I Gmail   : MainSyncRequestProto: lowestBkwdConvoId: 0, highestHandledServerOp: 2463344, normalSync: true
04-13 11:14:03.422   764  6224 W Gmail   : Scheduling index for 300000 ms from now
04-13 11:14:03.446   764  6224 I Gmail   : Sending notification intent: Intent { act=android.intent.action.PROVIDER_CHANGED dat=content://gmail-ls/unread/^i (has extras) }
04-13 11:14:03.481   764  6224 I Gmail   : Sending notification intent: Intent { act=android.intent.action.PROVIDER_CHANGED dat=content://gmail-ls/unread/^iim (has extras) }
04-13 11:14:03.543   764  6228 I Gmail   : MainSyncRequestProto: lowestBkwdConvoId: 0, highestHandledServerOp: 2463344, normalSync: true
04-13 11:14:03.981   764  6228 D dalvikvm: GC_EXPLICIT freed 144K, 8% free 9769K/10567K, paused 1ms+3ms
04-13 11:14:03.989   764  6228 I Gmail   : MainSyncRequestProto: lowestBkwdConvoId: 0, highestHandledServerOp: 2463344, normalSync: true
04-13 11:14:03.997   764  6228 W Gmail   : Scheduling index for 300000 ms from now
04-13 11:15:27.942   974  1149 I PhoneLab-: Service Running
04-13 11:15:28.004   974  1149 I PhoneLab-LoggerService: app_34    1153  974   1444   1076  c00f1758 400c6794 S logcat
04-13 11:15:28.004   974  1149 I PhoneLab-LoggerService: Logcat pid from database 1153
04-13 11:15:28.004   974  1149 I PhoneLab-LoggerService: Logcat process found 1153
04-13 11:15:28.004   974  1149 I PhoneLab-LoggerService: Checking Threshold
04-13 11:15:56.590   974   974 I PhoneLab-Locks: wake lock acquired
04-13 11:15:56.598   974   974 I PhoneLab-StatusMonitor: Status Monitoring is started
04-13 11:15:56.645   974   976 D dalvikvm: GC_CONCURRENT freed 615K, 15% free 9255K/10887K, paused 2ms+3ms
04-13 11:15:56.653   974   974 I PhoneLab-StatusMonitor: Value: 5 - unit: min
04-13 11:15:56.653   974   974 I PhoneLab-StatusMonitor: Running interval: 300000
04-13 11:15:56.668   974   974 I PhoneLab-StatusMonitor: Rescheduling status monitoring...
04-13 11:15:56.668   974   974 I PhoneLab-Locks: wake lock released
04-13 11:15:56.672   974   974 I PhoneLab-StatusMonitorLocation: Learning Location
04-13 11:15:56.672   974   974 I PhoneLab-Locks: wake lock acquired
04-13 11:15:56.672   974   974 I PhoneLab-Locks: wake lock acquired
04-13 11:15:56.676   974   974 I PhoneLab-StatusMonitorLocation: Learning Signal Strgth
04-13 11:15:56.676   974   974 I PhoneLab-Locks: wake lock acquired
04-13 11:15:56.680   974   974 I PhoneLab-StatusMonitorBattery: Battery_level: 95
04-13 11:15:56.680   974   974 I PhoneLab-Locks: wake lock released
04-13 11:15:56.684   974   974 I PhoneLab-StatusMonitorSignal: Signal_Strength: -86 asu: 14
04-13 11:15:56.684   974   974 I PhoneLab-Locks: wake lock released
04-13 11:17:27.942   974  1149 I PhoneLab-: Service Running
04-13 11:17:28.000   974  1149 I PhoneLab-LoggerService: app_34    1153  974   1444   1076  c00f1758 400c6794 S logcat
04-13 11:17:28.004   974  1149 I PhoneLab-LoggerService: Logcat pid from database 1153
04-13 11:17:28.004   974  1149 I PhoneLab-LoggerService: Logcat process found 1153
04-13 11:17:28.004   974  1149 I PhoneLab-LoggerService: Checking Threshold
04-13 11:19:27.942   974  1149 I PhoneLab-: Service Running
04-13 11:19:28.012   974  1149 I PhoneLab-LoggerService: app_34    1153  974   1444   1076  c00f1758 400c6794 S logcat
04-13 11:19:28.012   974  1149 I PhoneLab-LoggerService: Logcat pid from database 1153
04-13 11:19:28.012   974  1149 I PhoneLab-LoggerService: Logcat process found 1153
04-13 11:19:28.012   974  1149 I PhoneLab-LoggerService: Checking Threshold
04-13 11:20:00.118   215   217 D dalvikvm: GC_CONCURRENT freed 406K, 5% free 10226K/10759K, paused 1ms+4ms
04-13 11:20:56.704   974   974 I PhoneLab-Locks: wake lock acquired
04-13 11:20:56.735   974  5053 D dalvikvm: GC_EXPLICIT freed 366K, 16% free 9187K/10887K, paused 2ms+2ms
04-13 11:20:56.735   974   974 I PhoneLab-StatusMonitor: Status Monitoring is started
04-13 11:20:56.782   974   974 I PhoneLab-StatusMonitor: Value: 5 - unit: min
04-13 11:20:56.782   974   974 I PhoneLab-StatusMonitor: Running interval: 300000
04-13 11:20:56.793   974   976 D dalvikvm: GC_CONCURRENT freed 431K, 15% free 9268K/10887K, paused 1ms+2ms
04-13 11:20:56.793   974   974 I PhoneLab-StatusMonitor: Rescheduling status monitoring...
04-13 11:20:56.793   974   974 I PhoneLab-Locks: wake lock released
04-13 11:20:56.797   974   974 I PhoneLab-StatusMonitorLocation: Learning Location
04-13 11:20:56.797   974   974 I PhoneLab-Locks: wake lock acquired
04-13 11:20:56.801   974   974 I PhoneLab-Locks: wake lock acquired
04-13 11:20:56.809   974   974 I PhoneLab-StatusMonitorLocation: Learning Signal Strgth
04-13 11:20:56.809   974   974 I PhoneLab-Locks: wake lock acquired
04-13 11:20:56.817   974   974 I PhoneLab-StatusMonitorBattery: Battery_level: 95
04-13 11:20:56.817   974   974 I PhoneLab-Locks: wake lock released
04-13 11:20:56.817   974   974 I PhoneLab-StatusMonitorSignal: Signal_Strength: -86 asu: 14
04-13 11:20:56.817   974   974 I PhoneLab-Locks: wake lock released
04-13 11:21:27.942   974  1149 I PhoneLab-: Service Running
04-13 11:21:27.997   974  1149 I PhoneLab-LoggerService: app_34    1153  974   1444   1076  c00f1758 400c6794 S logcat
04-13 11:21:28.000   974  1149 I PhoneLab-LoggerService: Logcat pid from database 1153
04-13 11:21:28.000   974  1149 I PhoneLab-LoggerService: Logcat process found 1153
04-13 11:21:28.000   974  1149 I PhoneLab-LoggerService: Checking Threshold
04-13 11:23:10.707   974   974 I PhoneLab-Locks: wake lock acquired
04-13 11:23:10.723   974  6260 I PhoneLab-PeriodicCheckService: User info is synched
04-13 11:23:10.723   974  6260 I PhoneLab-PeriodicCheckService: Logger Service is running
04-13 11:23:10.723   974  6260 I PhoneLab-Locks: wake lock acquired
04-13 11:23:10.727   974   974 I PhoneLab-UploadLogs: Transfering log files now
04-13 11:23:10.727   974   974 I PhoneLab-UploadLogs: No log files to transfer
04-13 11:23:10.727   974   974 I PhoneLab-Locks: wake lock released
04-13 11:23:10.727   974   974 I PhoneLab-UploadLogs: OnStartCommand
04-13 11:23:10.731   974  6260 I PhoneLab-PeriodicCheckService: Rescheduling periodic checking...
04-13 11:23:10.731   974  6260 I PhoneLab-Locks: wake lock released
04-13 11:23:27.942   974  1149 I PhoneLab-: Service Running
04-13 11:23:28.012   974  1149 I PhoneLab-LoggerService: app_34    1153  974   1444   1076  c00f1758 400c6794 S logcat
04-13 11:23:28.012   974  1149 I PhoneLab-LoggerService: Logcat pid from database 1153
04-13 11:23:28.012   974  1149 I PhoneLab-LoggerService: Logcat process found 1153
04-13 11:23:28.012   974  1149 I PhoneLab-LoggerService: Checking Threshold
04-13 11:24:36.016   764  6262 W Gmail   : Successful index run, cancel next scheduled index run
04-13 11:25:17.106   145   161 V BackupManagerService: Running a backup pass
04-13 11:25:17.122   145   214 V BackupManagerService: Backup requested but nothing pending
04-13 11:25:27.942   974  1149 I PhoneLab-: Service Running
04-13 11:25:28.012   974  1149 I PhoneLab-LoggerService: app_34    1153  974   1444   1076  c00f1758 400c6794 S logcat
04-13 11:25:28.012   974  1149 I PhoneLab-LoggerService: Logcat pid from database 1153
04-13 11:25:28.012   974  1149 I PhoneLab-LoggerService: Logcat process found 1153
04-13 11:25:28.012   974  1149 I PhoneLab-LoggerService: Checking Threshold
04-13 11:25:56.817   974   974 I PhoneLab-Locks: wake lock acquired
04-13 11:25:56.832   974   974 I PhoneLab-StatusMonitor: Status Monitoring is started
04-13 11:25:56.883   974   976 D dalvikvm: GC_CONCURRENT freed 518K, 15% free 9261K/10887K, paused 2ms+5ms
04-13 11:25:56.907   974   974 I PhoneLab-StatusMonitor: Value: 5 - unit: min
04-13 11:25:56.907   974   974 I PhoneLab-StatusMonitor: Running interval: 300000
04-13 11:25:56.911   974   974 I PhoneLab-StatusMonitor: Rescheduling status monitoring...
04-13 11:25:56.915   974   974 I PhoneLab-Locks: wake lock released
04-13 11:25:56.915   974   974 I PhoneLab-StatusMonitorLocation: Learning Location
04-13 11:25:56.915   974   974 I PhoneLab-Locks: wake lock acquired
04-13 11:25:56.918   974   974 I PhoneLab-Locks: wake lock acquired
04-13 11:25:56.918   974   974 I PhoneLab-StatusMonitorLocation: Learning Signal Strgth
04-13 11:25:56.918   974   974 I PhoneLab-Locks: wake lock acquired
04-13 11:25:56.926   974   974 I PhoneLab-StatusMonitorBattery: Battery_level: 95
04-13 11:25:56.926   974   974 I PhoneLab-Locks: wake lock released
04-13 11:25:56.926   974   974 I PhoneLab-StatusMonitorSignal: Signal_Strength: -86 asu: 14
04-13 11:25:56.926   974   974 I PhoneLab-Locks: wake lock released
04-13 11:26:22.559  1058  1060 D dalvikvm: GC_CONCURRENT freed 423K, 11% free 10523K/11783K, paused 13ms+3ms
04-13 11:27:27.942   974  1149 I PhoneLab-: Service Running
04-13 11:27:28.000   974  1149 I PhoneLab-LoggerService: app_34    1153  974   1444   1076  c00f1758 400c6794 S logcat
04-13 11:27:28.000   974  1149 I PhoneLab-LoggerService: Logcat pid from database 1153
04-13 11:27:28.004   974  1149 I PhoneLab-LoggerService: Logcat process found 1153
04-13 11:27:28.004   974  1149 I PhoneLab-LoggerService: Checking Threshold
04-13 11:29:27.942   974  1149 I PhoneLab-: Service Running
04-13 11:29:28.004   974  1149 I PhoneLab-LoggerService: app_34    1153  974   1444   1076  c00f1758 400c6794 S logcat
04-13 11:29:28.004   974  1149 I PhoneLab-LoggerService: Logcat pid from database 1153
04-13 11:29:28.004   974  1149 I PhoneLab-LoggerService: Logcat process found 1153
04-13 11:29:28.004   974  1149 I PhoneLab-LoggerService: Checking Threshold
04-13 11:30:00.153   145   147 D dalvikvm: GC_CONCURRENT freed 1157K, 11% free 14027K/15751K, paused 18ms+5ms
04-13 11:30:32.926   270  1099 I EventLogService: Aggregate from 1334329232853 (log), 1334329232853 (data)
04-13 11:30:56.938   974   974 I PhoneLab-Locks: wake lock acquired
04-13 11:30:56.961   974   974 I PhoneLab-StatusMonitor: Status Monitoring is started
04-13 11:30:57.012   974   976 D dalvikvm: GC_CONCURRENT freed 524K, 16% free 9248K/10887K, paused 2ms+5ms
04-13 11:30:57.032   974   974 I PhoneLab-StatusMonitor: Value: 5 - unit: min
04-13 11:30:57.032   974   974 I PhoneLab-StatusMonitor: Running interval: 300000
04-13 11:30:57.040   974   974 I PhoneLab-StatusMonitor: Rescheduling status monitoring...
04-13 11:30:57.040   974   974 I PhoneLab-Locks: wake lock released
04-13 11:30:57.040   974   974 I PhoneLab-StatusMonitorLocation: Learning Location
04-13 11:30:57.040   974   974 I PhoneLab-Locks: wake lock acquired
04-13 11:30:57.102   145   529 D dalvikvm: GC_EXPLICIT freed 139K, 12% free 13951K/15751K, paused 2ms+5ms
04-13 11:30:57.106   974   974 I PhoneLab-Locks: wake lock acquired
04-13 11:30:57.110   974   974 I PhoneLab-StatusMonitorLocation: Learning Signal Strgth
04-13 11:30:57.110   974   974 I PhoneLab-Locks: wake lock acquired
04-13 11:30:57.114   974   974 I PhoneLab-StatusMonitorBattery: Battery_level: 94
04-13 11:30:57.114   974   974 I PhoneLab-Locks: wake lock released
04-13 11:30:57.114   974   974 I PhoneLab-StatusMonitorSignal: Signal_Strength: -86 asu: 14
04-13 11:30:57.114   974   974 I PhoneLab-Locks: wake lock released
04-13 11:31:27.942   974  1149 I PhoneLab-: Service Running
04-13 11:31:28.000   974  1149 I PhoneLab-LoggerService: app_34    1153  974   1444   1076  c00f1758 400c6794 S logcat
04-13 11:31:28.000   974  1149 I PhoneLab-LoggerService: Logcat pid from database 1153
04-13 11:31:28.004   974  1149 I PhoneLab-LoggerService: Logcat process found 1153
04-13 11:31:28.004   974  1149 I PhoneLab-LoggerService: Checking Threshold
04-13 11:32:47.188   764  6300 I Gmail   : MainSyncRequestProto: lowestBkwdConvoId: 0, highestHandledServerOp: 2463344, normalSync: true
04-13 11:32:49.360   764   766 D dalvikvm: GC_CONCURRENT freed 363K, 8% free 9817K/10567K, paused 2ms+9ms
04-13 11:32:49.993   764   766 D dalvikvm: GC_CONCURRENT freed 439K, 8% free 9764K/10567K, paused 4ms+2ms
04-13 11:32:50.043   764  6300 D dalvikvm: GC_EXPLICIT freed 25K, 8% free 9745K/10567K, paused 2ms+3ms
04-13 11:32:50.055   764  6300 I Gmail   : MainSyncRequestProto: lowestBkwdConvoId: 0, highestHandledServerOp: 2463387, normalSync: true
04-13 11:32:50.067   764  6300 W Gmail   : Scheduling index for 300000 ms from now
04-13 11:32:50.086   764  6300 I Gmail   : Sending notification intent: Intent { act=android.intent.action.PROVIDER_CHANGED dat=content://gmail-ls/unread/^i (has extras) }
04-13 11:32:50.122   764  6300 I Gmail   : Sending notification intent: Intent { act=android.intent.action.PROVIDER_CHANGED dat=content://gmail-ls/unread/^iim (has extras) }
04-13 11:33:24.266   764  6307 I Gmail   : MainSyncRequestProto: lowestBkwdConvoId: 0, highestHandledServerOp: 2463387, normalSync: true
04-13 11:33:24.719   764  6307 D dalvikvm: GC_EXPLICIT freed 136K, 8% free 9770K/10567K, paused 2ms+3ms
04-13 11:33:24.727   764  6307 I Gmail   : MainSyncRequestProto: lowestBkwdConvoId: 0, highestHandledServerOp: 2463394, normalSync: true
04-13 11:33:25.301   764  6307 D dalvikvm: GC_EXPLICIT freed 298K, 8% free 9793K/10567K, paused 2ms+3ms
04-13 11:33:25.309   764  6307 I Gmail   : MainSyncRequestProto: lowestBkwdConvoId: 0, highestHandledServerOp: 2463394, normalSync: true
04-13 11:33:25.317   764  6307 W Gmail   : Scheduling index for 300000 ms from now
04-13 11:33:27.942   974  1149 I PhoneLab-: Service Running
04-13 11:33:28.028   974   976 D dalvikvm: GC_CONCURRENT freed 436K, 16% free 9219K/10887K, paused 2ms+1ms
04-13 11:33:28.028   974  1149 I PhoneLab-LoggerService: app_34    1153  974   1444   1076  c00f1758 400c6794 S logcat
04-13 11:33:28.032   974  1149 I PhoneLab-LoggerService: Logcat pid from database 1153
04-13 11:33:28.032   974  1149 I PhoneLab-LoggerService: Logcat process found 1153
04-13 11:33:28.032   974  1149 I PhoneLab-LoggerService: Checking Threshold
04-13 11:33:28.325   764  6311 I Gmail   : MainSyncRequestProto: lowestBkwdConvoId: 0, highestHandledServerOp: 2463394, normalSync: true
04-13 11:33:28.989   764  6311 D dalvikvm: GC_EXPLICIT freed 302K, 8% free 9793K/10567K, paused 2ms+3ms
04-13 11:33:28.997   764  6311 I Gmail   : MainSyncRequestProto: lowestBkwdConvoId: 0, highestHandledServerOp: 2463406, normalSync: true
04-13 11:33:29.004   764  6311 W Gmail   : Scheduling index for 300000 ms from now
04-13 11:33:43.954   270   272 D dalvikvm: GC_CONCURRENT freed 358K, 6% free 10198K/10759K, paused 2ms+6ms
04-13 11:35:20.239   764  6313 I Gmail   : MainSyncRequestProto: lowestBkwdConvoId: 0, highestHandledServerOp: 2463406, normalSync: true
04-13 11:35:20.778   764  6313 D dalvikvm: GC_EXPLICIT freed 227K, 8% free 9771K/10567K, paused 4ms+2ms
04-13 11:35:20.782   764  6313 I Gmail   : MainSyncRequestProto: lowestBkwdConvoId: 0, highestHandledServerOp: 2463424, normalSync: true
04-13 11:35:22.016   764  6313 D dalvikvm: GC_EXPLICIT freed 227K, 8% free 9786K/10567K, paused 2ms+3ms
04-13 11:35:22.024   764  6313 I Gmail   : MainSyncRequestProto: lowestBkwdConvoId: 0, highestHandledServerOp: 2463424, normalSync: true
04-13 11:35:22.032   764  6313 W Gmail   : Scheduling index for 300000 ms from now
04-13 11:35:27.942   974  1149 I PhoneLab-: Service Running
04-13 11:35:28.008   974  1149 I PhoneLab-LoggerService: app_34    1153  974   1444   1076  c00f1758 400c6794 S logcat
04-13 11:35:28.008   974  1149 I PhoneLab-LoggerService: Logcat pid from database 1153
04-13 11:35:28.008   974  1149 I PhoneLab-LoggerService: Logcat process found 1153
04-13 11:35:28.008   974  1149 I PhoneLab-LoggerService: Checking Threshold
04-13 11:35:33.782   764  6316 I Gmail   : MainSyncRequestProto: lowestBkwdConvoId: 0, highestHandledServerOp: 2463424, normalSync: true
04-13 11:35:34.387   764  6316 D dalvikvm: GC_EXPLICIT freed 221K, 8% free 9785K/10567K, paused 2ms+3ms
04-13 11:35:34.391   764  6316 I Gmail   : MainSyncRequestProto: lowestBkwdConvoId: 0, highestHandledServerOp: 2463437, normalSync: true
04-13 11:35:35.672   764  6316 D dalvikvm: GC_EXPLICIT freed 238K, 8% free 9790K/10567K, paused 8ms+3ms
04-13 11:35:35.676   764  6316 I Gmail   : MainSyncRequestProto: lowestBkwdConvoId: 0, highestHandledServerOp: 2463437, normalSync: true
04-13 11:35:35.688   764  6316 W Gmail   : Scheduling index for 300000 ms from now
04-13 11:35:45.200   764  6318 I Gmail   : MainSyncRequestProto: lowestBkwdConvoId: 0, highestHandledServerOp: 2463437, normalSync: true
04-13 11:35:46.051   764   766 D dalvikvm: GC_CONCURRENT freed 402K, 8% free 9788K/10567K, paused 1ms+3ms
04-13 11:35:46.149   764  6318 D dalvikvm: GC_EXPLICIT freed 49K, 8% free 9758K/10567K, paused 3ms+3ms
04-13 11:35:46.153   764  6318 I Gmail   : MainSyncRequestProto: lowestBkwdConvoId: 0, highestHandledServerOp: 2463468, normalSync: true
04-13 11:35:46.165   764  6318 W Gmail   : Scheduling index for 300000 ms from now
04-13 11:35:46.184   764  6318 I Gmail   : Sending notification intent: Intent { act=android.intent.action.PROVIDER_CHANGED dat=content://gmail-ls/unread/^i (has extras) }
04-13 11:35:46.207   764  6318 I Gmail   : Sending notification intent: Intent { act=android.intent.action.PROVIDER_CHANGED dat=content://gmail-ls/unread/^iim (has extras) }
04-13 11:35:56.024   764  6322 I Gmail   : MainSyncRequestProto: lowestBkwdConvoId: 0, highestHandledServerOp: 2463468, normalSync: true
04-13 11:35:56.805   764  6322 D dalvikvm: GC_EXPLICIT freed 240K, 8% free 9789K/10567K, paused 16ms+3ms
04-13 11:35:56.809   764  6322 I Gmail   : MainSyncRequestProto: lowestBkwdConvoId: 0, highestHandledServerOp: 2463482, normalSync: true
04-13 11:35:56.821   764  6322 W Gmail   : Scheduling index for 300000 ms from now
04-13 11:35:57.059   974   974 I PhoneLab-Locks: wake lock acquired
04-13 11:35:57.082   974   974 I PhoneLab-StatusMonitor: Status Monitoring is started
04-13 11:35:57.149   974   976 D dalvikvm: GC_CONCURRENT freed 423K, 15% free 9294K/10887K, paused 2ms+4ms
04-13 11:35:57.157   974   974 I PhoneLab-StatusMonitor: Value: 5 - unit: min
04-13 11:35:57.157   974   974 I PhoneLab-StatusMonitor: Running interval: 300000
04-13 11:35:57.184   974   974 I PhoneLab-StatusMonitor: Rescheduling status monitoring...
04-13 11:35:57.184   974   974 I PhoneLab-Locks: wake lock released
04-13 11:35:57.188   974   974 I PhoneLab-StatusMonitorLocation: Learning Location
04-13 11:35:57.188   974   974 I PhoneLab-Locks: wake lock acquired
04-13 11:35:57.192   974   974 I PhoneLab-Locks: wake lock acquired
04-13 11:35:57.192   974   974 I PhoneLab-StatusMonitorLocation: Learning Signal Strgth
04-13 11:35:57.192   974   974 I PhoneLab-Locks: wake lock acquired
04-13 11:35:57.200   974   974 I PhoneLab-StatusMonitorBattery: Battery_level: 95
04-13 11:35:57.200   974   974 I PhoneLab-Locks: wake lock released
04-13 11:35:57.200   974   974 I PhoneLab-StatusMonitorSignal: Signal_Strength: -86 asu: 14
04-13 11:35:57.200   974   974 I PhoneLab-Locks: wake lock released
04-13 11:35:59.426   764  6327 I Gmail   : MainSyncRequestProto: lowestBkwdConvoId: 0, highestHandledServerOp: 2463482, normalSync: true
04-13 11:36:00.110   764   766 D dalvikvm: GC_CONCURRENT freed 395K, 8% free 9791K/10567K, paused 3ms+3ms
04-13 11:36:00.379   764  6327 D dalvikvm: GC_EXPLICIT freed 51K, 8% free 9763K/10567K, paused 16ms+3ms
04-13 11:36:00.383   764  6327 I Gmail   : MainSyncRequestProto: lowestBkwdConvoId: 0, highestHandledServerOp: 2463523, normalSync: true
04-13 11:36:00.395   764  6327 W Gmail   : Scheduling index for 300000 ms from now
04-13 11:36:00.418   764  6327 I Gmail   : Sending notification intent: Intent { act=android.intent.action.PROVIDER_CHANGED dat=content://gmail-ls/unread/^i (has extras) }
04-13 11:36:00.442   764  6327 I Gmail   : Sending notification intent: Intent { act=android.intent.action.PROVIDER_CHANGED dat=content://gmail-ls/unread/^iim (has extras) }
04-13 11:36:00.516   764  6331 I Gmail   : MainSyncRequestProto: lowestBkwdConvoId: 0, highestHandledServerOp: 2463523, normalSync: true
