04-27 08:08:14.040  5459  5480 I InvalidationClientImpl: [chromesync#1604387069] Ticl started: Client: com.google.protos.ipc.invalidation.ClientProtocol$ApplicationClientIdP@4139db38, \n\006\n\004\010\003\020\001\022\022\tt\325\244\237\347u\233\210\021bI\250\375b-L\013\032\007\010\202 \020\003\030\001
04-27 08:08:14.044  5459  5481 I CheckingInvalidationLis: [chromesync#1604387069] Informing app that ticl is ready
04-27 08:08:14.071  5459  5480 I InvalidationClientImpl: [chromesync#1604387069] Register com.google.protos.ipc.invalidation.ClientProtocol$ObjectIdP@41348018, REGISTER
04-27 08:08:14.075  5459  5477 V RegistrationStatus: Registering BOOKMARK in 0 ms
04-27 08:08:14.079  5459  5480 I InvalidationClientImpl: [chromesync#1604387069] Register com.google.protos.ipc.invalidation.ClientProtocol$ObjectIdP@41326ab0, REGISTER
04-27 08:08:14.079  5459  5480 I InvalidationClientImpl: [chromesync#1604387069] Register com.google.protos.ipc.invalidation.ClientProtocol$ObjectIdP@4131e658, REGISTER
04-27 08:08:14.079  5459  5477 V RegistrationStatus: Registering TYPED_URL in 0 ms
04-27 08:08:14.079  5459  5477 V RegistrationStatus: Registering SESSION in 0 ms
04-27 08:08:14.079  5459  5480 I InvalidationClientImpl: [chromesync#1604387069] Register com.google.protos.ipc.invalidation.ClientProtocol$ObjectIdP@4133ac98, REGISTER
04-27 08:08:14.083  5459  5480 I InvalidationClientImpl: [chromesync#1604387069] Register com.google.protos.ipc.invalidation.ClientProtocol$ObjectIdP@4132c078, REGISTER
04-27 08:08:14.083  5459  5480 I InvalidationClientImpl: [chromesync#1604387069] Register com.google.protos.ipc.invalidation.ClientProtocol$ObjectIdP@4131fc60, REGISTER
04-27 08:08:16.048  5459  5480 I InvalidationClientImpl: [chromesync#1604387069] Sending info message to server
04-27 08:08:19.895  5459  5460 D dalvikvm: GC_CONCURRENT freed 386K, 6% free 9481K/9991K, paused 25ms+3ms
04-27 08:08:20.571   144   155 I ActivityManager: Process com.android.sprintmenu (pid 4197) has died.
04-27 08:08:20.575   144   155 W ActivityManager: Scheduling restart of crashed service com.android.sprintmenu/.HiddenPhoneService in 5000ms
04-27 08:08:20.766  5459  5459 D C2DM    : Initialized
04-27 08:08:25.614   144   161 I ActivityManager: Start proc com.android.sprintmenu for service com.android.sprintmenu/.HiddenPhoneService: pid=5487 uid=1001 gids={3002, 3001, 3003, 1015}
04-27 08:08:26.583   144   356 I ActivityManager: Process android.process.acore (pid 475) has died.
04-27 08:08:26.587   144   381 D CountryDetectorService: No listener is left
04-27 08:08:26.758  2066  2068 D dalvikvm: GC_CONCURRENT freed 883K, 21% free 11019K/13895K, paused 4ms+12ms
04-27 08:09:03.969  5459  5480 I InvalidationClientImpl: [chromesync#1604387069] Not sending message since state is now in sync
04-27 08:09:14.907   947   947 I PhoneLab-Locks: wake lock acquired
04-27 08:09:14.911   947   947 I PhoneLab-StatusMonitor: Status Monitoring is started
04-27 08:09:14.958   947   947 I PhoneLab-StatusMonitor: Value: 5 - unit: min
04-27 08:09:14.958   947   947 I PhoneLab-StatusMonitor: Running interval: 300000
04-27 08:09:14.977   947   951 D dalvikvm: GC_CONCURRENT freed 432K, 28% free 9285K/12743K, paused 2ms+3ms
04-27 08:09:14.985   947   947 I PhoneLab-StatusMonitor: Rescheduling status monitoring...
04-27 08:09:14.985   947   947 I PhoneLab-Locks: wake lock released
04-27 08:09:14.989   947   947 I PhoneLab-StatusMonitorLocation: Learning Location
04-27 08:09:14.989   947   947 I PhoneLab-Locks: wake lock acquired
04-27 08:09:14.993   947   947 I PhoneLab-Locks: wake lock acquired
04-27 08:09:15.001   947   947 I PhoneLab-StatusMonitorLocation: Learning Signal Strgth
04-27 08:09:15.001   947   947 I PhoneLab-Locks: wake lock acquired
04-27 08:09:15.008   947   947 I PhoneLab-StatusMonitorBattery: Battery_level: 92
04-27 08:09:15.008   947   947 I PhoneLab-Locks: wake lock released
04-27 08:09:15.008   947   947 I PhoneLab-StatusMonitorSignal: Signal_Strength: -65 asu: 24
04-27 08:09:15.008   947   947 I PhoneLab-Locks: wake lock released
04-27 08:09:33.602   144   203 D NetUtils: android_net_utils_resetConnections in env=0x1708dd8 clazz=0x7bf00001 iface=uwbr0 mask=0x3
04-27 08:09:33.602   144   203 D ConnectivityService: ConnectivityChange for WIMAX: DISCONNECTED/SCANNING
04-27 08:09:33.602   144   203 D ConnectivityService: Attempting to switch to mobile
04-27 08:09:33.602   144   203 D ConnectivityService: Attempting to switch to WIFI
04-27 08:09:33.602   144   203 D ConnectivityService: Attempting to switch to BLUETOOTH_TETHER
04-27 08:09:33.602   144   203 D ConnectivityService: resetConnections(uwbr0, 3)
04-27 08:09:33.649   144   198 D NetworkPolicy: applying policy NetworkPolicy[NetworkTemplate: matchRule=MOBILE_ALL, subscriberId=valid]: cycleDay=21, warningBytes=2147483648, limitBytes=-1, lastSnooze=-1 to ifaces [rmnet0]
04-27 08:09:33.657   144   198 D NetworkPolicy: applying policy NetworkPolicy[NetworkTemplate: matchRule=MOBILE_ALL, subscriberId=valid]: cycleDay=21, warningBytes=2147483648, limitBytes=-1, lastSnooze=-1 to ifaces [rmnet0]
04-27 08:09:36.633   144   206 D Tethering: MasterInitialState.processMessage what=3
04-27 08:09:36.665   144   206 D Tethering: MasterInitialState.processMessage what=3
04-27 08:09:36.708  5390  5390 I MediaUploader: No need to wake up
04-27 08:09:36.778  5390  5390 I MediaUploader: No need to wake up
04-27 08:09:36.794  1092  1107 D PicasaSyncManager: active network: NetworkInfo: type: mobile[CDMA - EvDo rev. A], state: CONNECTED/CONNECTED, reason: (unspecified), extra: , roaming: false, failover: false, isAvailable: true
04-27 08:09:36.821  1092  1107 D PicasaSyncManager: background data: true
04-27 08:09:36.825  1092  1107 D PicasaSyncManager: active network: NetworkInfo: type: mobile[CDMA - EvDo rev. A], state: CONNECTED/CONNECTED, reason: (unspecified), extra: , roaming: false, failover: false, isAvailable: true
04-27 08:09:36.825  1092  1107 D PicasaSyncManager: background data: true
04-27 08:09:37.173   144   203 D ConnectivityService: handleInetConditionHoldEnd: net=0, condition=100, published condition=100
04-27 08:09:45.805   144   160 D DhcpInfoInternal: makeLinkProperties with empty dns2!
04-27 08:09:45.809   144   203 D ConnectivityService: ConnectivityChange for WIMAX: CONNECTED/CONNECTED
04-27 08:09:45.809   144   203 D ConnectivityService: Policy requires mobile teardown
04-27 08:09:45.880   144   197 W NetworkStats: dropping UID delta from unknown iface: iface=uwbr0 uid=0 set=DEFAULT tag=0x0 rxBytes=576 rxPackets=1 txBytes=112 txPackets=2 operations=0
04-27 08:09:45.880   144   203 D ConnectivityService: ConnectivityChange for mobile: DISCONNECTED/DISCONNECTED
04-27 08:09:45.880   144   203 D ConnectivityService: Attempting to switch to WIFI
04-27 08:09:45.880   144   203 D ConnectivityService: Attempting to switch to WIMAX
04-27 08:09:45.880   144   203 D ConnectivityService: Attempting to switch to BLUETOOTH_TETHER
04-27 08:09:45.887   144   203 D NetUtils: android_net_utils_resetConnections in env=0x1708dd8 clazz=0x92100001 iface=rmnet0 mask=0x3
04-27 08:09:45.887   144   203 D ConnectivityService: resetConnections(rmnet0, 3)
04-27 08:09:45.923   279  5437 W Smack/Packet: notify conn break (IOEx), close connection
04-27 08:09:46.001   144   146 D dalvikvm: GC_CONCURRENT freed 1567K, 15% free 15684K/18375K, paused 2ms+7ms
04-27 08:09:46.001   144   198 D NetworkPolicy: applying policy NetworkPolicy[NetworkTemplate: matchRule=MOBILE_ALL, subscriberId=valid]: cycleDay=21, warningBytes=2147483648, limitBytes=-1, lastSnooze=-1 to ifaces [uwbr0]
04-27 08:09:46.055   144   198 D NetworkPolicy: applying policy NetworkPolicy[NetworkTemplate: matchRule=MOBILE_ALL, subscriberId=valid]: cycleDay=21, warningBytes=2147483648, limitBytes=-1, lastSnooze=-1 to ifaces [uwbr0]
04-27 08:09:46.090   279  5437 I qtaguid : Failed write_ctrl(u 73) res=-1 errno=22
04-27 08:09:46.090   144   198 D NetworkPolicy: applying policy NetworkPolicy[NetworkTemplate: matchRule=MOBILE_ALL, subscriberId=valid]: cycleDay=21, warningBytes=2147483648, limitBytes=-1, lastSnooze=-1 to ifaces [uwbr0]
04-27 08:09:46.102   279  5437 I qtaguid : Untagging socket 73 failed errno=-22
04-27 08:09:46.102   279  5437 W NetworkManagementSocketTagger: untagSocket(73) failed with errno -22
04-27 08:09:46.106   144   203 D ConnectivityService: handleInetConditionChange: net=0 != default=6 - ignore
04-27 08:09:46.141   144  1041 I ActivityManager: Start proc android.process.acore for content provider com.android.providers.contacts/.ContactsProvider2: pid=5533 uid=10000 gids={3003, 1015}
04-27 08:09:46.184  5533  5533 I ActivityThread: Pub com.android.voicemail: com.android.providers.contacts.VoicemailContentProvider
04-27 08:09:46.247  5533  5533 I ActivityThread: Pub user_dictionary: com.android.providers.userdictionary.UserDictionaryProvider
04-27 08:09:46.262  5533  5533 I ActivityThread: Pub com.android.social: com.android.providers.contacts.SocialProvider
04-27 08:09:46.266  5533  5533 I ActivityThread: Pub applications: com.android.providers.applications.ApplicationsProvider
04-27 08:09:46.415  5533  5535 D dalvikvm: GC_CONCURRENT freed 327K, 5% free 9141K/9607K, paused 2ms+2ms
04-27 08:09:46.415  5533  5533 I ActivityThread: Pub contacts;com.android.contacts: com.android.providers.contacts.ContactsProvider2
04-27 08:09:46.481  5533  5533 I ActivityThread: Pub call_log: com.android.providers.contacts.CallLogProvider
04-27 08:09:46.723  5533  5535 D dalvikvm: GC_CONCURRENT freed 203K, 4% free 9333K/9671K, paused 3ms+2ms
04-27 08:09:47.973  5533  5547 D PhotoStore: cleanup removing 13 entries
04-27 08:09:48.899   144   206 D Tethering: MasterInitialState.processMessage what=3
04-27 08:09:48.938   144   206 D Tethering: MasterInitialState.processMessage what=3
04-27 08:09:48.950   144   206 D Tethering: MasterInitialState.processMessage what=3
04-27 08:09:48.965  5390  5390 I MediaUploader: No need to wake up
04-27 08:09:49.028  5390  5390 I MediaUploader: No need to wake up
04-27 08:09:49.048  1092  1107 D PicasaSyncManager: active network: NetworkInfo: type: WIMAX[], state: CONNECTED/CONNECTED, reason: (unspecified), extra: (none), roaming: false, failover: false, isAvailable: true
04-27 08:09:49.063  1092  1107 D PicasaSyncManager: background data: true
04-27 08:09:49.079  1092  1107 D PicasaSyncManager: active network: NetworkInfo: type: WIMAX[], state: CONNECTED/CONNECTED, reason: (unspecified), extra: (none), roaming: false, failover: false, isAvailable: true
04-27 08:09:49.098  1092  1107 D PicasaSyncManager: background data: true
04-27 08:09:49.110  5390  5390 I MediaUploader: No need to wake up
04-27 08:09:49.161  1092  1107 D PicasaSyncManager: active network: NetworkInfo: type: WIMAX[], state: CONNECTED/CONNECTED, reason: (unspecified), extra: (none), roaming: false, failover: false, isAvailable: true
04-27 08:09:49.169  1092  1107 D PicasaSyncManager: background data: true
04-27 08:09:49.899   947  1152 I PhoneLab-: Service Running
04-27 08:09:50.161   947  1152 I PhoneLab-LoggerService: app_34    1156  947   1440   1004  c00f1758 400ea794 S logcat
04-27 08:09:50.165   947  1152 I PhoneLab-LoggerService: Logcat pid from database 1156
04-27 08:09:50.169   947  1152 I PhoneLab-LoggerService: Logcat process found 1156
04-27 08:09:50.169   947  1152 I PhoneLab-LoggerService: Checking Threshold
04-27 08:09:50.173   947  1152 I PhoneLab-LoggerService: Starting to rename files
04-27 08:09:50.176   947  1152 I PhoneLab-LoggerService: Files found .. 19
04-27 08:09:50.176   947  1152 I PhoneLab-LoggerService: File 1 log.out.1
04-27 08:09:50.266   947  1152 I PhoneLab-LoggerService: Renamed successfully
04-27 08:10:00.083   279   279 I GTalkService/c: [AndroidEndpoint@1094374624] connect: acct=1000000, state=CONNECTING
04-27 08:10:00.087   279   279 I GTalkService/c: [GTalkConnection@1093941328] connect: acct=1, state=CONNECTING
04-27 08:10:00.544   279   281 D dalvikvm: GC_CONCURRENT freed 408K, 7% free 10162K/10823K, paused 15ms+2ms
04-27 08:10:01.907   144   203 D ConnectivityService: handleInetConditionHoldEnd: net=6, condition=100, published condition=0
04-27 08:10:02.223  5533  5535 D dalvikvm: GC_CONCURRENT freed 338K, 5% free 9387K/9863K, paused 7ms+2ms
04-27 08:11:30.465   947   947 I PhoneLab-Locks: wake lock acquired
04-27 08:11:30.481   947  5556 I PhoneLab-PeriodicCheckService: User info is synched
04-27 08:11:30.481   947  5556 I PhoneLab-PeriodicCheckService: Logger Service is running
04-27 08:11:30.485   947  5556 I PhoneLab-PeriodicCheckService: Rescheduling periodic checking...
04-27 08:11:30.485   947  5556 I PhoneLab-Locks: wake lock released
04-27 08:11:49.895   947  1152 I PhoneLab-: Service Running
04-27 08:11:49.942   947  1152 I PhoneLab-LoggerService: app_34    1156  947   1440   1000  c00f1758 400ea794 S logcat
04-27 08:11:49.946   947  1152 I PhoneLab-LoggerService: Logcat pid from database 1156
04-27 08:11:49.946   947  1152 I PhoneLab-LoggerService: Logcat process found 1156
04-27 08:11:49.946   947  1152 I PhoneLab-LoggerService: Checking Threshold
04-27 08:11:49.946   947  1152 I PhoneLab-LoggerService: Starting to rename files
04-27 08:11:49.946   947  1152 I PhoneLab-LoggerService: Files found .. 19
04-27 08:13:49.895   947  1152 I PhoneLab-: Service Running
04-27 08:13:49.954   947  1152 I PhoneLab-LoggerService: app_34    1156  947   1440   1000  c00f1758 400ea794 S logcat
04-27 08:13:49.954   947  1152 I PhoneLab-LoggerService: Logcat pid from database 1156
04-27 08:13:49.954   947  1152 I PhoneLab-LoggerService: Logcat process found 1156
04-27 08:13:49.954   947  1152 I PhoneLab-LoggerService: Checking Threshold
04-27 08:13:49.958   947  1152 I PhoneLab-LoggerService: Starting to rename files
04-27 08:13:49.958   947  1152 I PhoneLab-LoggerService: Files found .. 19
04-27 08:14:12.184   144   203 D ConnectivityService: ConnectivityChange for WIMAX: DISCONNECTED/DISCONNECTED
04-27 08:14:12.208   144   203 D ConnectivityService: Attempting to switch to mobile
04-27 08:14:12.208   144   203 D ConnectivityService: Attempting to switch to WIFI
04-27 08:14:12.208   144   203 D ConnectivityService: Attempting to switch to BLUETOOTH_TETHER
04-27 08:14:12.215   144   203 D NetUtils: android_net_utils_resetConnections in env=0x1708dd8 clazz=0xa2600001 iface=uwbr0 mask=0x3
04-27 08:14:12.215   144   203 D ConnectivityService: resetConnections(uwbr0, 3)
04-27 08:14:12.294   279  5553 W Smack/Packet: notify conn break (IOEx), close connection
04-27 08:14:12.380   144   146 D dalvikvm: GC_CONCURRENT freed 1632K, 15% free 15722K/18375K, paused 10ms+6ms
04-27 08:14:12.536   279  5553 I qtaguid : Failed write_ctrl(u 73) res=-1 errno=22
04-27 08:14:12.540   279  5553 I qtaguid : Untagging socket 73 failed errno=-22
04-27 08:14:12.544   279  5553 W NetworkManagementSocketTagger: untagSocket(73) failed with errno -22
04-27 08:14:12.548   144   203 D ConnectivityService: handleInetConditionChange: no active default network - ignore
04-27 08:14:12.567   279   281 D dalvikvm: GC_CONCURRENT freed 374K, 6% free 10176K/10823K, paused 25ms+11ms
04-27 08:14:15.020   947   947 I PhoneLab-Locks: wake lock acquired
04-27 08:14:15.032   947   947 I PhoneLab-StatusMonitor: Status Monitoring is started
04-27 08:14:15.114   947   951 D dalvikvm: GC_CONCURRENT freed 523K, 28% free 9270K/12743K, paused 3ms+2ms
04-27 08:14:15.130   947   947 I PhoneLab-StatusMonitor: Value: 5 - unit: min
04-27 08:14:15.133   947   947 I PhoneLab-StatusMonitor: Running interval: 300000
04-27 08:14:15.149   947   947 I PhoneLab-StatusMonitor: Rescheduling status monitoring...
04-27 08:14:15.149   947   947 I PhoneLab-Locks: wake lock released
04-27 08:14:15.153   947   947 I PhoneLab-StatusMonitorLocation: Learning Location
04-27 08:14:15.153   947   947 I PhoneLab-Locks: wake lock acquired
04-27 08:14:15.157   947   947 I PhoneLab-Locks: wake lock acquired
04-27 08:14:15.157   947   947 I PhoneLab-StatusMonitorLocation: Learning Signal Strgth
04-27 08:14:15.157   947   947 I PhoneLab-Locks: wake lock acquired
04-27 08:14:15.165   947   947 I PhoneLab-StatusMonitorBattery: Battery_level: 92
04-27 08:14:15.165   947   947 I PhoneLab-Locks: wake lock released
04-27 08:14:15.165   947   947 I PhoneLab-StatusMonitorSignal: Signal_Strength: -65 asu: 24
04-27 08:14:15.165   947   947 I PhoneLab-Locks: wake lock released
04-27 08:14:15.258   144   206 D Tethering: MasterInitialState.processMessage what=3
04-27 08:14:15.340  5390  5390 I MediaUploader: No need to wake up
04-27 08:14:15.364  1092  1107 D PicasaSyncManager: active network: null
04-27 08:14:15.364  1092  1107 D PicasaSyncManager: background data: true
04-27 08:14:15.450   144   529 D dalvikvm: GC_EXPLICIT freed 366K, 15% free 15626K/18375K, paused 3ms+5ms
04-27 08:14:18.723   144   203 D ConnectivityService: ConnectivityChange for mobile: CONNECTED/CONNECTED
04-27 08:14:18.801   144   198 D NetworkPolicy: applying policy NetworkPolicy[NetworkTemplate: matchRule=MOBILE_ALL, subscriberId=valid]: cycleDay=21, warningBytes=2147483648, limitBytes=-1, lastSnooze=-1 to ifaces [rmnet0]
04-27 08:14:21.778   144   206 D Tethering: MasterInitialState.processMessage what=3
04-27 08:14:21.852  5390  5390 I MediaUploader: No need to wake up
04-27 08:14:21.891  1092  1107 D PicasaSyncManager: active network: NetworkInfo: type: mobile[CDMA - EvDo rev. A], state: CONNECTED/CONNECTED, reason: (unspecified), extra: , roaming: false, failover: true, isAvailable: true
04-27 08:14:21.891  1092  1107 D PicasaSyncManager: background data: true
04-27 08:14:24.426   279   279 I GTalkService/c: [AndroidEndpoint@1094374624] connect: acct=1000000, state=CONNECTING
04-27 08:14:24.442   279   279 I GTalkService/c: [GTalkConnection@1093941328] connect: acct=1, state=CONNECTING
04-27 08:14:25.044   279   281 D dalvikvm: GC_CONCURRENT freed 367K, 6% free 10197K/10823K, paused 2ms+6ms
04-27 08:14:25.872   144   203 D ConnectivityService: handleInetConditionHoldEnd: net=0, condition=100, published condition=0
04-27 08:14:25.907  2066  5570 I Gmail   : MainSyncRequestProto: lowestBkwdConvoId: 0, highestHandledServerOp: 2519757, normalSync: true
04-27 08:14:27.536  2066  5570 D dalvikvm: GC_EXPLICIT freed 309K, 21% free 11037K/13895K, paused 3ms+5ms
04-27 08:14:27.614  2066  5570 I Gmail   : MainSyncRequestProto: lowestBkwdConvoId: 0, highestHandledServerOp: 2519794, normalSync: true
04-27 08:14:28.926  2066  2068 D dalvikvm: GC_CONCURRENT freed 542K, 21% free 11044K/13895K, paused 6ms+4ms
04-27 08:14:29.329  2066  5570 D dalvikvm: GC_EXPLICIT freed 119K, 21% free 11034K/13895K, paused 2ms+4ms
04-27 08:14:29.337  2066  5570 I Gmail   : MainSyncRequestProto: lowestBkwdConvoId: 0, highestHandledServerOp: 2519795, normalSync: true
04-27 08:14:29.348  2066  5570 W Gmail   : Scheduling index for 300000 ms from now
04-27 08:15:49.891   947  1152 I PhoneLab-: Service Running
04-27 08:15:49.962   947  1152 I PhoneLab-LoggerService: app_34    1156  947   1440   1000  c00f1758 400ea794 S logcat
04-27 08:15:49.962   947  1152 I PhoneLab-LoggerService: Logcat pid from database 1156
04-27 08:15:49.962   947  1152 I PhoneLab-LoggerService: Logcat process found 1156
04-27 08:15:49.962   947  1152 I PhoneLab-LoggerService: Checking Threshold
04-27 08:15:49.962   947  1152 I PhoneLab-LoggerService: Starting to rename files
04-27 08:15:49.965   947  1152 I PhoneLab-LoggerService: Files found .. 19
04-27 08:17:49.891   947  1152 I PhoneLab-: Service Running
04-27 08:17:49.969   947   951 D dalvikvm: GC_CONCURRENT freed 447K, 28% free 9240K/12743K, paused 6ms+2ms
04-27 08:17:49.969   947  1152 I PhoneLab-LoggerService: app_34    1156  947   1440   1000  c00f1758 400ea794 S logcat
04-27 08:17:49.969   947  1152 I PhoneLab-LoggerService: Logcat pid from database 1156
04-27 08:17:49.969   947  1152 I PhoneLab-LoggerService: Logcat process found 1156
04-27 08:17:49.969   947  1152 I PhoneLab-LoggerService: Checking Threshold
04-27 08:17:49.969   947  1152 I PhoneLab-LoggerService: Starting to rename files
04-27 08:17:49.973   947  1152 I PhoneLab-LoggerService: Files found .. 19
04-27 08:19:15.196   947   947 I PhoneLab-Locks: wake lock acquired
04-27 08:19:15.204   947   947 I PhoneLab-StatusMonitor: Status Monitoring is started
04-27 08:19:15.262   947   951 D dalvikvm: GC_CONCURRENT freed 398K, 27% free 9352K/12743K, paused 1ms+6ms
04-27 08:19:15.262   947   947 I PhoneLab-StatusMonitor: Value: 5 - unit: min
04-27 08:19:15.262   947   947 I PhoneLab-StatusMonitor: Running interval: 300000
04-27 08:19:15.301   947   947 I PhoneLab-StatusMonitor: Rescheduling status monitoring...
04-27 08:19:15.301   947   947 I PhoneLab-Locks: wake lock released
04-27 08:19:15.301   947   947 I PhoneLab-StatusMonitorLocation: Learning Location
04-27 08:19:15.301   947   947 I PhoneLab-Locks: wake lock acquired
04-27 08:19:15.305   947   947 I PhoneLab-Locks: wake lock acquired
04-27 08:19:15.309   947   947 I PhoneLab-StatusMonitorLocation: Learning Signal Strgth
04-27 08:19:15.309   947   947 I PhoneLab-Locks: wake lock acquired
04-27 08:19:15.317   947   947 I PhoneLab-StatusMonitorBattery: Battery_level: 91
04-27 08:19:15.317   947   947 I PhoneLab-Locks: wake lock released
04-27 08:19:15.317   947   947 I PhoneLab-StatusMonitorSignal: Signal_Strength: -76 asu: 19
04-27 08:19:15.317   947   947 I PhoneLab-Locks: wake lock released
04-27 08:19:17.462   144   203 D NetUtils: android_net_utils_resetConnections in env=0x1708dd8 clazz=0xb8b00001 iface=uwbr0 mask=0x3
04-27 08:19:17.462   144   203 D ConnectivityService: ConnectivityChange for WIMAX: DISCONNECTED/SCANNING
04-27 08:19:17.462   144   203 D ConnectivityService: Attempting to switch to mobile
04-27 08:19:17.462   144   203 D ConnectivityService: Attempting to switch to WIFI
04-27 08:19:17.462   144   203 D ConnectivityService: Attempting to switch to BLUETOOTH_TETHER
04-27 08:19:17.462   144   203 D ConnectivityService: resetConnections(uwbr0, 3)
04-27 08:19:17.524   144   198 D NetworkPolicy: applying policy NetworkPolicy[NetworkTemplate: matchRule=MOBILE_ALL, subscriberId=valid]: cycleDay=21, warningBytes=2147483648, limitBytes=-1, lastSnooze=-1 to ifaces [rmnet0]
04-27 08:19:17.532   144   198 D NetworkPolicy: applying policy NetworkPolicy[NetworkTemplate: matchRule=MOBILE_ALL, subscriberId=valid]: cycleDay=21, warningBytes=2147483648, limitBytes=-1, lastSnooze=-1 to ifaces [rmnet0]
04-27 08:19:17.622   144   146 D dalvikvm: GC_CONCURRENT freed 1547K, 15% free 15734K/18375K, paused 3ms+10ms
04-27 08:19:20.497   144   206 D Tethering: MasterInitialState.processMessage what=3
04-27 08:19:20.536   144   206 D Tethering: MasterInitialState.processMessage what=3
04-27 08:19:20.563  5390  5390 I MediaUploader: No need to wake up
04-27 08:19:20.610  1092  1107 D PicasaSyncManager: active network: NetworkInfo: type: mobile[CDMA - EvDo rev. A], state: CONNECTED/CONNECTED, reason: (unspecified), extra: , roaming: false, failover: false, isAvailable: true
04-27 08:19:20.614  1092  1107 D PicasaSyncManager: background data: true
04-27 08:19:20.633  5390  5390 I MediaUploader: No need to wake up
04-27 08:19:20.669  1092  1107 D PicasaSyncManager: active network: NetworkInfo: type: mobile[CDMA - EvDo rev. A], state: CONNECTED/CONNECTED, reason: (unspecified), extra: , roaming: false, failover: false, isAvailable: true
04-27 08:19:20.669  1092  1107 D PicasaSyncManager: background data: true
04-27 08:19:21.028   144   203 D ConnectivityService: handleInetConditionHoldEnd: net=0, condition=100, published condition=100
04-27 08:19:35.176   144   160 D DhcpInfoInternal: makeLinkProperties with empty dns2!
04-27 08:19:35.176   144   203 D ConnectivityService: ConnectivityChange for WIMAX: CONNECTED/CONNECTED
04-27 08:19:35.176   144   203 D ConnectivityService: Policy requires mobile teardown
04-27 08:19:35.212   144   203 D ConnectivityService: ConnectivityChange for mobile: DISCONNECTED/DISCONNECTED
04-27 08:19:35.215   144   203 D ConnectivityService: Attempting to switch to WIFI
04-27 08:19:35.219   144   197 W NetworkStats: dropping UID delta from unknown iface: iface=uwbr0 uid=0 set=DEFAULT tag=0x0 rxBytes=576 rxPackets=1 txBytes=112 txPackets=2 operations=0
04-27 08:19:35.219   144   203 D ConnectivityService: Attempting to switch to WIMAX
04-27 08:19:35.223   144   203 D ConnectivityService: Attempting to switch to BLUETOOTH_TETHER
04-27 08:19:35.235   144   203 D NetUtils: android_net_utils_resetConnections in env=0x1708dd8 clazz=0xcec00001 iface=rmnet0 mask=0x3
04-27 08:19:35.235   144   203 D ConnectivityService: resetConnections(rmnet0, 3)
04-27 08:19:35.270   279  5566 W Smack/Packet: notify conn break (IOEx), close connection
04-27 08:19:35.274   144   198 D NetworkPolicy: applying policy NetworkPolicy[NetworkTemplate: matchRule=MOBILE_ALL, subscriberId=valid]: cycleDay=21, warningBytes=2147483648, limitBytes=-1, lastSnooze=-1 to ifaces [uwbr0]
04-27 08:19:35.282   144   198 D NetworkPolicy: applying policy NetworkPolicy[NetworkTemplate: matchRule=MOBILE_ALL, subscriberId=valid]: cycleDay=21, warningBytes=2147483648, limitBytes=-1, lastSnooze=-1 to ifaces [uwbr0]
04-27 08:19:35.317   144   198 D NetworkPolicy: applying policy NetworkPolicy[NetworkTemplate: matchRule=MOBILE_ALL, subscriberId=valid]: cycleDay=21, warningBytes=2147483648, limitBytes=-1, lastSnooze=-1 to ifaces [uwbr0]
04-27 08:19:35.426   279  5566 I qtaguid : Failed write_ctrl(u 73) res=-1 errno=22
04-27 08:19:35.426   279  5566 I qtaguid : Untagging socket 73 failed errno=-22
04-27 08:19:35.430   279  5566 W NetworkManagementSocketTagger: untagSocket(73) failed with errno -22
04-27 08:19:35.454   144   203 D ConnectivityService: handleInetConditionChange: net=0 != default=6 - ignore
04-27 08:19:35.512   279   281 D dalvikvm: GC_CONCURRENT freed 414K, 7% free 10172K/10823K, paused 2ms+6ms
04-27 08:19:38.215   144   206 D Tethering: MasterInitialState.processMessage what=3
04-27 08:19:38.235   362   366 D dalvikvm: GC_CONCURRENT freed 459K, 6% free 9477K/10055K, paused 6ms+3ms
04-27 08:19:38.262   144   206 D Tethering: MasterInitialState.processMessage what=3
04-27 08:19:38.278   144   206 D Tethering: MasterInitialState.processMessage what=3
04-27 08:19:38.317  5390  5390 I MediaUploader: No need to wake up
04-27 08:19:38.387  1092  1107 D PicasaSyncManager: active network: NetworkInfo: type: WIMAX[], state: CONNECTED/CONNECTED, reason: (unspecified), extra: (none), roaming: false, failover: false, isAvailable: true
04-27 08:19:38.387  5390  5390 I MediaUploader: No need to wake up
04-27 08:19:38.423  1092  1107 D PicasaSyncManager: background data: true
04-27 08:19:38.446  1092  1107 D PicasaSyncManager: active network: NetworkInfo: type: WIMAX[], state: CONNECTED/CONNECTED, reason: (unspecified), extra: (none), roaming: false, failover: false, isAvailable: true
04-27 08:19:38.454  5390  5390 I MediaUploader: No need to wake up
04-27 08:19:38.485  1092  1107 D PicasaSyncManager: background data: true
04-27 08:19:38.563   144   146 D dalvikvm: GC_CONCURRENT freed 1638K, 15% free 15660K/18375K, paused 2ms+7ms
04-27 08:19:38.583  1092  1107 D PicasaSyncManager: active network: NetworkInfo: type: WIMAX[], state: CONNECTED/CONNECTED, reason: (unspecified), extra: (none), roaming: false, failover: false, isAvailable: true
04-27 08:19:38.583  1092  1107 D PicasaSyncManager: background data: true
04-27 08:19:46.387   279   279 I GTalkService/c: [AndroidEndpoint@1094374624] connect: acct=1000000, state=CONNECTING
04-27 08:19:46.387   279   279 I GTalkService/c: [GTalkConnection@1093941328] connect: acct=1, state=CONNECTING
04-27 08:19:49.149   279   281 D dalvikvm: GC_CONCURRENT freed 350K, 6% free 10209K/10823K, paused 25ms+3ms
04-27 08:19:49.219  2066  5612 I Gmail   : MainSyncRequestProto: lowestBkwdConvoId: 0, highestHandledServerOp: 2519795, normalSync: true
04-27 08:19:49.661   144   144 D dalvikvm: GC_EXPLICIT freed 200K, 15% free 15630K/18375K, paused 3ms+5ms
04-27 08:19:49.676   144   203 D ConnectivityService: handleInetConditionHoldEnd: net=6, condition=100, published condition=0
04-27 08:19:49.891   947  1152 I PhoneLab-: Service Running
04-27 08:19:49.923   947  1152 I PhoneLab-LoggerService: app_34    1156  947   1440   1000  c00f1758 400ea794 S logcat
04-27 08:19:49.926   947  1152 I PhoneLab-LoggerService: Logcat pid from database 1156
04-27 08:19:49.926   947  1152 I PhoneLab-LoggerService: Logcat process found 1156
04-27 08:19:49.926   947  1152 I PhoneLab-LoggerService: Checking Threshold
04-27 08:19:49.926   947  1152 I PhoneLab-LoggerService: Starting to rename files
04-27 08:19:49.926   947  1152 I PhoneLab-LoggerService: Files found .. 19
04-27 08:19:50.212  2224  2227 D dalvikvm: GC_CONCURRENT freed 383K, 6% free 9354K/9927K, paused 27ms+2ms
04-27 08:19:51.055  2066  2068 D dalvikvm: GC_CONCURRENT freed 541K, 21% free 11058K/13895K, paused 2ms+22ms
04-27 08:19:51.169  2066  5612 D dalvikvm: GC_EXPLICIT freed 202K, 21% free 10986K/13895K, paused 3ms+5ms
04-27 08:19:51.173  2066  5612 I Gmail   : MainSyncRequestProto: lowestBkwdConvoId: 0, highestHandledServerOp: 2519839, normalSync: true
04-27 08:19:51.184  2066  5612 W Gmail   : Scheduling index for 300000 ms from now
04-27 08:19:51.227  2066  5612 I Gmail   : Sending notification intent: Intent { act=android.intent.action.PROVIDER_CHANGED dat=content://gmail-ls/unread/^i (has extras) }
04-27 08:19:51.258  2066  5612 I Gmail   : Sending notification intent: Intent { act=android.intent.action.PROVIDER_CHANGED dat=content://gmail-ls/unread/^iim (has extras) }
04-27 08:21:49.895   947  1152 I PhoneLab-: Service Running
04-27 08:21:49.954   947  1152 I PhoneLab-LoggerService: app_34    1156  947   1440   1000  c00f1758 400ea794 S logcat
04-27 08:21:49.954   947  1152 I PhoneLab-LoggerService: Logcat pid from database 1156
04-27 08:21:49.954   947  1152 I PhoneLab-LoggerService: Logcat process found 1156
04-27 08:21:49.954   947  1152 I PhoneLab-LoggerService: Checking Threshold
04-27 08:21:49.954   947  1152 I PhoneLab-LoggerService: Starting to rename files
04-27 08:21:49.958   947  1152 I PhoneLab-LoggerService: Files found .. 19
04-27 08:23:44.376   279  1134 I EventLogService: Aggregate from 1335538424283 (log), 1335538424283 (data)
04-27 08:23:49.895   947  1152 I PhoneLab-: Service Running
04-27 08:23:49.958   947  1152 I PhoneLab-LoggerService: app_34    1156  947   1440   1000  c00f1758 400ea794 S logcat
04-27 08:23:49.958   947  1152 I PhoneLab-LoggerService: Logcat pid from database 1156
04-27 08:23:49.958   947  1152 I PhoneLab-LoggerService: Logcat process found 1156
04-27 08:23:49.958   947  1152 I PhoneLab-LoggerService: Checking Threshold
04-27 08:23:49.958   947  1152 I PhoneLab-LoggerService: Starting to rename files
04-27 08:23:49.958   947  1152 I PhoneLab-LoggerService: Files found .. 19
04-27 08:24:15.333   947   947 I PhoneLab-Locks: wake lock acquired
04-27 08:24:15.340   947   947 I PhoneLab-StatusMonitor: Status Monitoring is started
04-27 08:24:15.391   947   951 D dalvikvm: GC_CONCURRENT freed 595K, 28% free 9268K/12743K, paused 2ms+5ms
04-27 08:24:15.411   947   947 I PhoneLab-StatusMonitor: Value: 5 - unit: min
04-27 08:24:15.411   947   947 I PhoneLab-StatusMonitor: Running interval: 300000
04-27 08:24:15.426   947   947 I PhoneLab-StatusMonitor: Rescheduling status monitoring...
04-27 08:24:15.426   947   947 I PhoneLab-Locks: wake lock released
04-27 08:24:15.430   947   947 I PhoneLab-StatusMonitorLocation: Learning Location
04-27 08:24:15.430   947   947 I PhoneLab-Locks: wake lock acquired
04-27 08:24:15.430   947   947 I PhoneLab-Locks: wake lock acquired
04-27 08:24:15.434   947   947 I PhoneLab-StatusMonitorLocation: Learning Signal Strgth
04-27 08:24:15.434   947   947 I PhoneLab-Locks: wake lock acquired
04-27 08:24:15.442   947   947 I PhoneLab-StatusMonitorBattery: Battery_level: 91
04-27 08:24:15.442   947   947 I PhoneLab-Locks: wake lock released
04-27 08:24:15.442   947   947 I PhoneLab-StatusMonitorSignal: Signal_Strength: -86 asu: 14
04-27 08:24:15.442   947   947 I PhoneLab-Locks: wake lock released
04-27 08:25:49.895   947  1152 I PhoneLab-: Service Running
04-27 08:25:49.958   947  1152 I PhoneLab-LoggerService: app_34    1156  947   1440   1000  c00f1758 400ea794 S logcat
04-27 08:25:49.958   947  1152 I PhoneLab-LoggerService: Logcat pid from database 1156
04-27 08:25:49.958   947  1152 I PhoneLab-LoggerService: Logcat process found 1156
04-27 08:25:49.958   947  1152 I PhoneLab-LoggerService: Checking Threshold
04-27 08:25:49.958   947  1152 I PhoneLab-LoggerService: Starting to rename files
04-27 08:25:49.962   947  1152 I PhoneLab-LoggerService: Files found .. 19
04-27 08:27:49.895   947  1152 I PhoneLab-: Service Running
04-27 08:27:49.969   947   951 D dalvikvm: GC_CONCURRENT freed 426K, 28% free 9240K/12743K, paused 2ms+5ms
04-27 08:27:49.973   947  1152 I PhoneLab-LoggerService: app_34    1156  947   1440   1000  c00f1758 400ea794 S logcat
04-27 08:27:49.973   947  1152 I PhoneLab-LoggerService: Logcat pid from database 1156
04-27 08:27:49.973   947  1152 I PhoneLab-LoggerService: Logcat process found 1156
04-27 08:27:49.977   947  1152 I PhoneLab-LoggerService: Checking Threshold
04-27 08:27:49.977   947  1152 I PhoneLab-LoggerService: Starting to rename files
04-27 08:27:49.981   947  1152 I PhoneLab-LoggerService: Files found .. 19
04-27 08:29:15.462   947   947 I PhoneLab-Locks: wake lock acquired
04-27 08:29:15.469   947   947 I PhoneLab-StatusMonitor: Status Monitoring is started
04-27 08:29:15.520   947   951 D dalvikvm: GC_CONCURRENT freed 405K, 27% free 9337K/12743K, paused 1ms+3ms
04-27 08:29:15.520   947   947 I PhoneLab-StatusMonitor: Value: 5 - unit: min
04-27 08:29:15.520   947   947 I PhoneLab-StatusMonitor: Running interval: 300000
04-27 08:29:15.548   947   947 I PhoneLab-StatusMonitor: Rescheduling status monitoring...
04-27 08:29:15.548   947   947 I PhoneLab-Locks: wake lock released
04-27 08:29:15.548   947   947 I PhoneLab-StatusMonitorLocation: Learning Location
04-27 08:29:15.548   947   947 I PhoneLab-Locks: wake lock acquired
04-27 08:29:15.551   947   947 I PhoneLab-Locks: wake lock acquired
04-27 08:29:15.555   947   947 I PhoneLab-StatusMonitorLocation: Learning Signal Strgth
04-27 08:29:15.555   947   947 I PhoneLab-Locks: wake lock acquired
04-27 08:29:15.559   947   947 I PhoneLab-StatusMonitorBattery: Battery_level: 90
04-27 08:29:15.559   947   947 I PhoneLab-Locks: wake lock released
04-27 08:29:15.563   947   947 I PhoneLab-StatusMonitorSignal: Signal_Strength: -65 asu: 24
04-27 08:29:15.563   947   947 I PhoneLab-Locks: wake lock released
04-27 08:29:31.434   144   146 D dalvikvm: GC_CONCURRENT freed 1414K, 15% free 15745K/18375K, paused 2ms+7ms
04-27 08:29:49.895   947  1152 I PhoneLab-: Service Running
04-27 08:29:49.946   947  1152 I PhoneLab-LoggerService: app_34    1156  947   1440   1000  c00f1758 400ea794 S logcat
04-27 08:29:49.946   947  1152 I PhoneLab-LoggerService: Logcat pid from database 1156
04-27 08:29:49.946   947  1152 I PhoneLab-LoggerService: Logcat process found 1156
04-27 08:29:49.950   947  1152 I PhoneLab-LoggerService: Checking Threshold
04-27 08:29:49.950   947  1152 I PhoneLab-LoggerService: Starting to rename files
04-27 08:29:49.950   947  1152 I PhoneLab-LoggerService: Files found .. 19
04-27 08:30:14.598  5459  5480 I InvalidationClientImpl: [chromesync#1604387069] Sending heartbeat to server: HeartbeatTask: this$0 = Client: com.google.protos.ipc.invalidation.ClientProtocol$ApplicationClientIdP@4139db38, \n\006\n\004\010\003\020\001\022\022\tt\325\244\237\347u\233\210\021bI\250\375b-L\013\032\007\010\202 \020\003\030\001, nextPerformanceSendTimeMs = 1335558099229, 
04-27 08:30:14.606  5459  5480 I InvalidationClientImpl: [chromesync#1604387069] Sending info message to server
04-27 08:30:39.626   144   160 V BackupManagerService: Running a backup pass
04-27 08:30:39.649   144   215 V BackupManagerService: Backup requested but nothing pending
04-27 08:31:49.895   947  1152 I PhoneLab-: Service Running
04-27 08:31:49.946   947  1152 I PhoneLab-LoggerService: app_34    1156  947   1440   1000  c00f1758 400ea794 S logcat
04-27 08:31:49.950   947  1152 I PhoneLab-LoggerService: Logcat pid from database 1156
04-27 08:31:49.950   947  1152 I PhoneLab-LoggerService: Logcat process found 1156
04-27 08:31:49.950   947  1152 I PhoneLab-LoggerService: Checking Threshold
04-27 08:31:49.950   947  1152 I PhoneLab-LoggerService: Starting to rename files
04-27 08:31:49.950   947  1152 I PhoneLab-LoggerService: Files found .. 19
04-27 08:32:00.298   216   218 D dalvikvm: GC_CONCURRENT freed 385K, 9% free 9676K/10567K, paused 13ms+2ms
04-27 08:33:49.895   947  1152 I PhoneLab-: Service Running
04-27 08:33:49.942   947  1152 I PhoneLab-LoggerService: app_34    1156  947   1440   1000  c00f1758 400ea794 S logcat
04-27 08:33:49.946   947  1152 I PhoneLab-LoggerService: Logcat pid from database 1156
04-27 08:33:49.946   947  1152 I PhoneLab-LoggerService: Logcat process found 1156
04-27 08:33:49.946   947  1152 I PhoneLab-LoggerService: Checking Threshold
04-27 08:33:49.946   947  1152 I PhoneLab-LoggerService: Starting to rename files
04-27 08:33:49.946   947  1152 I PhoneLab-LoggerService: Files found .. 19
04-27 08:34:15.594   947   947 I PhoneLab-Locks: wake lock acquired
04-27 08:34:15.598   947   947 I PhoneLab-StatusMonitor: Status Monitoring is started
04-27 08:34:15.641   947   951 D dalvikvm: GC_CONCURRENT freed 575K, 28% free 9273K/12743K, paused 2ms+3ms
04-27 08:34:15.665   947   947 I PhoneLab-StatusMonitor: Value: 5 - unit: min
04-27 08:34:15.665   947   947 I PhoneLab-StatusMonitor: Running interval: 300000
04-27 08:34:15.680   947   947 I PhoneLab-StatusMonitor: Rescheduling status monitoring...
04-27 08:34:15.680   947   947 I PhoneLab-Locks: wake lock released
04-27 08:34:15.680   947   947 I PhoneLab-StatusMonitorLocation: Learning Location
04-27 08:34:15.680   947   947 I PhoneLab-Locks: wake lock acquired
04-27 08:34:15.684   947   947 I PhoneLab-Locks: wake lock acquired
04-27 08:34:15.688   947   947 I PhoneLab-StatusMonitorLocation: Learning Signal Strgth
04-27 08:34:15.688   947   947 I PhoneLab-Locks: wake lock acquired
04-27 08:34:15.696   947   947 I PhoneLab-StatusMonitorBattery: Battery_level: 90
04-27 08:34:15.696   947   947 I PhoneLab-Locks: wake lock released
04-27 08:34:15.696   947   947 I PhoneLab-StatusMonitorSignal: Signal_Strength: -65 asu: 24
04-27 08:34:15.696   947   947 I PhoneLab-Locks: wake lock released
04-27 08:35:49.895   947  1152 I PhoneLab-: Service Running
04-27 08:35:49.954   947  1152 I PhoneLab-LoggerService: app_34    1156  947   1440   1000  c00f1758 400ea794 S logcat
04-27 08:35:49.954   947  1152 I PhoneLab-LoggerService: Logcat pid from database 1156
04-27 08:35:49.954   947  1152 I PhoneLab-LoggerService: Logcat process found 1156
04-27 08:35:49.954   947  1152 I PhoneLab-LoggerService: Checking Threshold
04-27 08:35:49.954   947  1152 I PhoneLab-LoggerService: Starting to rename files
04-27 08:35:49.958   947  1152 I PhoneLab-LoggerService: Files found .. 19
04-27 08:37:49.891   947  1152 I PhoneLab-: Service Running
04-27 08:37:49.965   947   951 D dalvikvm: GC_CONCURRENT freed 431K, 28% free 9229K/12743K, paused 1ms+3ms
04-27 08:37:49.989   947  1152 I PhoneLab-LoggerService: app_34    1156  947   1440   1000  c00f1758 400ea794 S logcat
04-27 08:37:49.993   947  1152 I PhoneLab-LoggerService: Logcat pid from database 1156
04-27 08:37:49.993   947  1152 I PhoneLab-LoggerService: Logcat process found 1156
04-27 08:37:49.993   947  1152 I PhoneLab-LoggerService: Checking Threshold
04-27 08:37:49.993   947  1152 I PhoneLab-LoggerService: Starting to rename files
04-27 08:37:49.993   947  1152 I PhoneLab-LoggerService: Files found .. 19
04-27 08:37:56.266  1092  5645 V PicasaContentProvider: querySettings: defaults: {sync_on_wifi_only=1, auto_upload_account_type=null, sync_on_battery=1, sync_picasa_on_wifi_only=1, auto_upload_enabled=0, video_upload_wifi_only=1, sync_on_roaming=0, auto_upload_account_name=null}
04-27 08:37:58.837  2066  5644 W Gmail   : Successful index run, cancel next scheduled index run
04-27 08:38:04.317  1092  1094 D dalvikvm: GC_CONCURRENT freed 876K, 13% free 12134K/13895K, paused 21ms+12ms
04-27 08:38:09.762  1092  1094 D dalvikvm: GC_CONCURRENT freed 873K, 13% free 12196K/13895K, paused 6ms+8ms
04-27 08:38:11.825  1092  1094 D dalvikvm: GC_CONCURRENT freed 1047K, 14% free 12085K/13895K, paused 23ms+6ms
04-27 08:38:18.083  1092  1094 D dalvikvm: GC_CONCURRENT freed 652K, 12% free 12357K/13895K, paused 11ms+26ms
04-27 08:38:18.762  1092  1094 D dalvikvm: GC_CONCURRENT freed 829K, 10% free 12520K/13895K, paused 2ms+6ms
04-27 08:38:19.571  1092  1094 D dalvikvm: GC_CONCURRENT freed 987K, 10% free 12595K/13895K, paused 3ms+8ms
04-27 08:38:20.255  1092  1094 D dalvikvm: GC_CONCURRENT freed 1311K, 12% free 12355K/13895K, paused 30ms+4ms
04-27 08:38:22.012  5533  5654 D dalvikvm: GC_FOR_ALLOC freed 298K, 4% free 9478K/9863K, paused 46ms
04-27 08:38:22.016  5533  5654 I dalvikvm-heap: Grow heap (frag case) to 9.581MB for 262160-byte allocation
04-27 08:38:22.036  5533  5544 D dalvikvm: GC_FOR_ALLOC freed 41K, 5% free 9692K/10183K, paused 14ms
04-27 08:38:25.626  5533  5535 D dalvikvm: GC_CONCURRENT freed 649K, 9% free 9459K/10311K, paused 4ms+5ms
04-27 08:38:27.094  5533  5535 D dalvikvm: GC_CONCURRENT freed 150K, 6% free 9740K/10311K, paused 1ms+4ms
04-27 08:38:27.329  1092  1094 D dalvikvm: GC_CONCURRENT freed 1209K, 13% free 12132K/13895K, paused 13ms+5ms
04-27 08:39:15.712   947   947 I PhoneLab-Locks: wake lock acquired
04-27 08:39:15.739   947   947 I PhoneLab-StatusMonitor: Status Monitoring is started
04-27 08:39:15.876   947   951 D dalvikvm: GC_CONCURRENT freed 400K, 27% free 9326K/12743K, paused 12ms+6ms
04-27 08:39:15.880   947   947 I PhoneLab-StatusMonitor: Value: 5 - unit: min
04-27 08:39:15.880   947   947 I PhoneLab-StatusMonitor: Running interval: 300000
04-27 08:39:15.903   947   947 I PhoneLab-StatusMonitor: Rescheduling status monitoring...
04-27 08:39:15.903   947   947 I PhoneLab-Locks: wake lock released
04-27 08:39:15.903   947   947 I PhoneLab-StatusMonitorLocation: Learning Location
04-27 08:39:15.903   947   947 I PhoneLab-Locks: wake lock acquired
04-27 08:39:15.915   947   947 I PhoneLab-Locks: wake lock acquired
04-27 08:39:15.926   947   947 I PhoneLab-StatusMonitorLocation: Learning Signal Strgth
04-27 08:39:15.926   947   947 I PhoneLab-Locks: wake lock acquired
04-27 08:39:15.942   144   146 D dalvikvm: GC_CONCURRENT freed 1595K, 15% free 15772K/18375K, paused 3ms+8ms
04-27 08:39:15.950   947   947 I PhoneLab-StatusMonitorBattery: Battery_level: 89
04-27 08:39:15.950   947   947 I PhoneLab-Locks: wake lock released
04-27 08:39:15.950   947   947 I PhoneLab-StatusMonitorSignal: Signal_Strength: -76 asu: 19
04-27 08:39:15.950   947   947 I PhoneLab-Locks: wake lock released
04-27 08:39:49.899   947  1152 I PhoneLab-: Service Running
04-27 08:39:50.048   947  1152 I PhoneLab-LoggerService: app_34    1156  947   1440   1000  c00f1758 400ea794 S logcat
04-27 08:39:50.048   947  1152 I PhoneLab-LoggerService: Logcat pid from database 1156
04-27 08:39:50.048   947  1152 I PhoneLab-LoggerService: Logcat process found 1156
04-27 08:39:50.048   947  1152 I PhoneLab-LoggerService: Checking Threshold
04-27 08:39:50.051   947  1152 I PhoneLab-LoggerService: Starting to rename files
04-27 08:39:50.051   947  1152 I PhoneLab-LoggerService: Files found .. 19
04-27 08:40:50.227   144   203 D ConnectivityService: ConnectivityChange for WIMAX: DISCONNECTED/DISCONNECTED
04-27 08:40:50.251   144   203 D ConnectivityService: Attempting to switch to mobile
04-27 08:40:50.258   144   203 D ConnectivityService: Attempting to switch to WIFI
04-27 08:40:50.258   144   203 D ConnectivityService: Attempting to switch to BLUETOOTH_TETHER
04-27 08:40:50.270   144   203 D NetUtils: android_net_utils_resetConnections in env=0x1708dd8 clazz=0xe0200001 iface=uwbr0 mask=0x3
04-27 08:40:50.270   144   203 D ConnectivityService: resetConnections(uwbr0, 3)
04-27 08:40:50.313   279  5608 W Smack/Packet: notify conn break (IOEx), close connection
04-27 08:40:50.481   279  5608 I qtaguid : Failed write_ctrl(u 73) res=-1 errno=22
04-27 08:40:50.481   279  5608 I qtaguid : Untagging socket 73 failed errno=-22
04-27 08:40:50.481   279  5608 W NetworkManagementSocketTagger: untagSocket(73) failed with errno -22
04-27 08:40:50.489   144   203 D ConnectivityService: handleInetConditionChange: no active default network - ignore
04-27 08:40:53.290   144   206 D Tethering: MasterInitialState.processMessage what=3
04-27 08:40:53.399   279   295 D dalvikvm: GC_EXPLICIT freed 418K, 7% free 10166K/10823K, paused 8ms+4ms
04-27 08:40:53.505  5390  5390 I MediaUploader: No need to wake up
04-27 08:40:53.551  1092  1107 D PicasaSyncManager: active network: null
04-27 08:40:53.551  1092  1107 D PicasaSyncManager: background data: true
04-27 08:40:57.876   144   203 D ConnectivityService: ConnectivityChange for WIMAX: DISCONNECTED/SCANNING
04-27 08:40:57.876   144   203 D ConnectivityService: Attempting to switch to mobile
04-27 08:40:57.880   144   203 D ConnectivityService: Attempting to switch to WIFI
04-27 08:40:57.880   144   203 D ConnectivityService: Attempting to switch to BLUETOOTH_TETHER
04-27 08:40:57.887   144   203 D NetUtils: android_net_utils_resetConnections in env=0x1708dd8 clazz=0xe7100001 iface=uwbr0 mask=0x3
04-27 08:40:57.887   144   203 D ConnectivityService: resetConnections(uwbr0, 3)
04-27 08:40:58.563   144   203 D ConnectivityService: ConnectivityChange for mobile: CONNECTED/CONNECTED
04-27 08:40:58.637   144   198 D NetworkPolicy: applying policy NetworkPolicy[NetworkTemplate: matchRule=MOBILE_ALL, subscriberId=valid]: cycleDay=21, warningBytes=2147483648, limitBytes=-1, lastSnooze=-1 to ifaces [rmnet0]
04-27 08:41:00.926   144   206 D Tethering: MasterInitialState.processMessage what=3
04-27 08:41:00.989  5390  5390 I MediaUploader: No need to wake up
04-27 08:41:01.028  1092  1107 D PicasaSyncManager: active network: NetworkInfo: type: mobile[CDMA - EvDo rev. A], state: CONNECTED/CONNECTED, reason: (unspecified), extra: , roaming: false, failover: true, isAvailable: true
04-27 08:41:01.028  1092  1107 D PicasaSyncManager: background data: true
04-27 08:41:01.622   144   206 D Tethering: MasterInitialState.processMessage what=3
04-27 08:41:01.696  5390  5390 I MediaUploader: No need to wake up
04-27 08:41:01.735  1092  1107 D PicasaSyncManager: active network: NetworkInfo: type: mobile[CDMA - EvDo rev. A], state: CONNECTED/CONNECTED, reason: (unspecified), extra: , roaming: false, failover: true, isAvailable: true
04-27 08:41:01.735  1092  1107 D PicasaSyncManager: background data: true
04-27 08:41:01.829   144   529 D dalvikvm: GC_EXPLICIT freed 1533K, 15% free 15708K/18375K, paused 9ms+7ms
04-27 08:41:02.340   279   279 I GTalkService/c: [AndroidEndpoint@1094374624] connect: acct=1000000, state=CONNECTING
04-27 08:41:02.352   279   279 I GTalkService/c: [GTalkConnection@1093941328] connect: acct=1, state=CONNECTING
04-27 08:41:03.087   279   281 D dalvikvm: GC_CONCURRENT freed 411K, 7% free 10169K/10823K, paused 2ms+6ms
04-27 08:41:04.235  2066  5669 I Gmail   : MainSyncRequestProto: lowestBkwdConvoId: 0, highestHandledServerOp: 2519839, normalSync: true
04-27 08:41:04.587   144   203 D ConnectivityService: handleInetConditionHoldEnd: net=0, condition=100, published condition=0
04-27 08:41:05.981  2066  2068 D dalvikvm: GC_CONCURRENT freed 462K, 21% free 11062K/13895K, paused 24ms+5ms
04-27 08:41:06.583  2066  5669 D dalvikvm: GC_EXPLICIT freed 400K, 21% free 11028K/13895K, paused 11ms+4ms
04-27 08:41:06.587  2066  5669 I Gmail   : MainSyncRequestProto: lowestBkwdConvoId: 0, highestHandledServerOp: 2519936, normalSync: true
04-27 08:41:06.598  2066  5669 W Gmail   : Scheduling index for 300000 ms from now
04-27 08:41:30.524   947   947 I PhoneLab-Locks: wake lock acquired
04-27 08:41:30.536   947  5674 I PhoneLab-PeriodicCheckService: User info is synched
04-27 08:41:30.544   947  5674 I PhoneLab-PeriodicCheckService: Logger Service is running
04-27 08:41:30.544   947  5674 I PhoneLab-PeriodicCheckService: Rescheduling periodic checking...
04-27 08:41:30.544   947  5674 I PhoneLab-Locks: wake lock released
04-27 08:41:49.891   947  1152 I PhoneLab-: Service Running
04-27 08:41:49.950   947  1152 I PhoneLab-LoggerService: app_34    1156  947   1440   1000  c00f1758 400ea794 S logcat
04-27 08:41:49.950   947  1152 I PhoneLab-LoggerService: Logcat pid from database 1156
04-27 08:41:49.950   947  1152 I PhoneLab-LoggerService: Logcat process found 1156
04-27 08:41:49.950   947  1152 I PhoneLab-LoggerService: Checking Threshold
04-27 08:41:49.954   947  1152 I PhoneLab-LoggerService: Starting to rename files
04-27 08:41:49.954   947  1152 I PhoneLab-LoggerService: Files found .. 19
04-27 08:43:12.848   144   203 D NetUtils: android_net_utils_resetConnections in env=0x1708dd8 clazz=0xfc000001 iface=uwbr0 mask=0x3
04-27 08:43:12.848   144   203 D ConnectivityService: ConnectivityChange for WIMAX: DISCONNECTED/SCANNING
04-27 08:43:12.848   144   203 D ConnectivityService: Attempting to switch to mobile
04-27 08:43:12.848   144   203 D ConnectivityService: Attempting to switch to WIFI
04-27 08:43:12.848   144   203 D ConnectivityService: Attempting to switch to BLUETOOTH_TETHER
04-27 08:43:12.848   144   203 D ConnectivityService: resetConnections(uwbr0, 3)
04-27 08:43:12.891   144   198 D NetworkPolicy: applying policy NetworkPolicy[NetworkTemplate: matchRule=MOBILE_ALL, subscriberId=valid]: cycleDay=21, warningBytes=2147483648, limitBytes=-1, lastSnooze=-1 to ifaces [rmnet0]
04-27 08:43:12.899   144   198 D NetworkPolicy: applying policy NetworkPolicy[NetworkTemplate: matchRule=MOBILE_ALL, subscriberId=valid]: cycleDay=21, warningBytes=2147483648, limitBytes=-1, lastSnooze=-1 to ifaces [rmnet0]
