05-03 09:07:55.258  6748  8166 I Gmail   : MainSyncRequestProto: lowestBkwdConvoId: 0, highestHandledServerOp: 2540590, normalSync: true
05-03 09:07:55.605   144   202 D ConnectivityService: handleInetConditionHoldEnd: net=1, condition=100, published condition=0
05-03 09:07:55.629  6748  8166 E Gmail   : IOException: Read error: ssl=0xd79940: I/O error during system call, Connection reset by peer
05-03 09:07:55.648   144   169 D SyncManager: failed sync operation steven.y.ko@gmail.com (com.google), gmail-ls, SERVER, earliestRunTime 76121739, SyncResult: stats [ numIoExceptions: 1]
05-03 09:07:55.652  6222  6222 D SyncSetupManager: setState: sync = true, wantedSyncState = true
05-03 09:07:55.656  6222  6222 D SyncSetupManager: Enabling sync
05-03 09:07:55.660  6222  6240 V ChromeSyncInvalidationListener: loaded enabled types - [ALL_TYPES]
05-03 09:07:55.660  6222  6243 I InvalidationClientImpl: [chromesync#1604387069] Register com.google.protos.ipc.invalidation.ClientProtocol$ObjectIdP@414da850, REGISTER
05-03 09:07:55.660  6222  6243 I InvalidationClientImpl: [chromesync#1604387069] Register com.google.protos.ipc.invalidation.ClientProtocol$ObjectIdP@413b77a8, REGISTER
05-03 09:07:55.664  6222  6243 I InvalidationClientImpl: [chromesync#1604387069] Register com.google.protos.ipc.invalidation.ClientProtocol$ObjectIdP@41439dd0, REGISTER
05-03 09:08:55.344  6748  8168 I Gmail   : MainSyncRequestProto: lowestBkwdConvoId: 0, highestHandledServerOp: 2540590, normalSync: true
05-03 09:08:56.305  6748  6751 D dalvikvm: GC_CONCURRENT freed 392K, 6% free 9772K/10375K, paused 1ms+11ms
05-03 09:08:57.273  6748  6751 D dalvikvm: GC_CONCURRENT freed 407K, 6% free 9760K/10375K, paused 1ms+7ms
05-03 09:08:57.355  6748  8168 D dalvikvm: GC_EXPLICIT freed 78K, 7% free 9732K/10375K, paused 2ms+3ms
05-03 09:08:57.363  6748  8168 I Gmail   : MainSyncRequestProto: lowestBkwdConvoId: 0, highestHandledServerOp: 2540647, normalSync: true
05-03 09:08:57.461  6034  6036 D dalvikvm: GC_CONCURRENT freed 314K, 5% free 9219K/9671K, paused 3ms+10ms
05-03 09:08:57.492  6034  6034 D dalvikvm: GC_EXPLICIT freed 55K, 6% free 9164K/9671K, paused 3ms+2ms
05-03 09:09:00.953  6748  8168 D dalvikvm: GC_FOR_ALLOC freed 151K, 6% free 9778K/10375K, paused 16ms
05-03 09:09:00.973  6748  8168 D dalvikvm: GC_FOR_ALLOC freed 88K, 6% free 9755K/10375K, paused 18ms
05-03 09:09:00.996  6748  8168 D dalvikvm: GC_FOR_ALLOC freed 200K, 6% free 9781K/10375K, paused 15ms
05-03 09:09:01.012  6748  8168 D dalvikvm: GC_FOR_ALLOC freed 25K, 6% free 9778K/10375K, paused 15ms
05-03 09:09:01.016  6748  8168 I dalvikvm-heap: Grow heap (frag case) to 9.700MB for 78344-byte allocation
05-03 09:09:01.031  6748  8168 D dalvikvm: GC_FOR_ALLOC freed 39K, 7% free 9815K/10503K, paused 16ms
05-03 09:09:01.051  6748  8168 D dalvikvm: GC_FOR_ALLOC freed 200K, 7% free 9829K/10503K, paused 15ms
05-03 09:09:01.066  6748  8168 D dalvikvm: GC_FOR_ALLOC freed 122K, 7% free 9860K/10503K, paused 16ms
05-03 09:09:01.086  6748  8168 D dalvikvm: GC_FOR_ALLOC freed 160K, 7% free 9818K/10503K, paused 15ms
05-03 09:09:01.086  6748  8168 I dalvikvm-heap: Grow heap (frag case) to 9.820MB for 163054-byte allocation
05-03 09:09:01.101  6748  8168 D dalvikvm: GC_FOR_ALLOC freed 79K, 8% free 9898K/10695K, paused 16ms
05-03 09:09:01.383  6748  8168 D dalvikvm: GC_EXPLICIT freed 438K, 8% free 9843K/10695K, paused 2ms+2ms
05-03 09:09:01.387  6748  8168 I Gmail   : MainSyncRequestProto: lowestBkwdConvoId: 0, highestHandledServerOp: 2540647, normalSync: true
05-03 09:09:01.394  6748  8168 W Gmail   : Scheduling index for 300000 ms from now
05-03 09:09:01.418  6748  8168 I Gmail   : Sending notification intent: Intent { act=android.intent.action.PROVIDER_CHANGED dat=content://gmail-ls/unread/^i (has extras) }
05-03 09:09:01.457  6748  8168 I Gmail   : Sending notification intent: Intent { act=android.intent.action.PROVIDER_CHANGED dat=content://gmail-ls/unread/^iim (has extras) }
05-03 09:09:01.523  6222  6222 D SyncSetupManager: setState: sync = true, wantedSyncState = true
05-03 09:09:01.527  6222  6222 D SyncSetupManager: Enabling sync
05-03 09:09:01.531  6222  6240 V ChromeSyncInvalidationListener: loaded enabled types - [ALL_TYPES]
05-03 09:09:01.539  6222  6243 I InvalidationClientImpl: [chromesync#1604387069] Register com.google.protos.ipc.invalidation.ClientProtocol$ObjectIdP@41787e58, REGISTER
05-03 09:09:01.539  6222  6243 I InvalidationClientImpl: [chromesync#1604387069] Register com.google.protos.ipc.invalidation.ClientProtocol$ObjectIdP@417888f0, REGISTER
05-03 09:09:01.543  6222  6243 I InvalidationClientImpl: [chromesync#1604387069] Register com.google.protos.ipc.invalidation.ClientProtocol$ObjectIdP@41789388, REGISTER
05-03 09:09:07.230  6222  6243 I InvalidationClientImpl: [chromesync#1604387069] Not sending message since state is now in sync
05-03 09:09:41.355  5849  5862 I PhoneLab-: Service Running
05-03 09:09:41.414  5849  5862 I PhoneLab-LoggerService: app_34    1152  1     1448   1008  c00f1758 400f0794 S logcat
05-03 09:09:41.414  5849  5862 I PhoneLab-LoggerService: Logcat pid from database 1152
05-03 09:09:41.414  5849  5862 I PhoneLab-LoggerService: Logcat process found 1152
05-03 09:09:41.414  5849  5862 I PhoneLab-LoggerService: Checking Threshold
05-03 09:09:41.414  5849  5862 I PhoneLab-LoggerService: Starting to rename files
05-03 09:09:41.414  5849  5862 I PhoneLab-LoggerService: Files found .. 7
05-03 09:10:46.117  5849  5849 I PhoneLab-Locks: wake lock acquired
05-03 09:10:46.117  5849  5849 I PhoneLab-StatusMonitor: Status Monitoring is started
05-03 09:10:46.168  5849  5850 D dalvikvm: GC_CONCURRENT freed 533K, 8% free 9196K/9927K, paused 1ms+4ms
05-03 09:10:46.191  5849  5849 I PhoneLab-StatusMonitor: Value: 5 - unit: min
05-03 09:10:46.191  5849  5849 I PhoneLab-StatusMonitor: Running interval: 300000
05-03 09:10:46.195  5849  5849 I PhoneLab-StatusMonitor: Rescheduling status monitoring...
05-03 09:10:46.199  5849  5849 I PhoneLab-Locks: wake lock released
05-03 09:10:46.199  5849  5849 I PhoneLab-StatusMonitorLocation: Learning Location
05-03 09:10:46.199  5849  5849 I PhoneLab-Locks: wake lock acquired
05-03 09:10:46.203  5849  5849 I PhoneLab-Locks: wake lock acquired
05-03 09:10:46.203  5849  5849 I PhoneLab-StatusMonitorLocation: Learning Signal Strgth
05-03 09:10:46.203  5849  5849 I PhoneLab-Locks: wake lock acquired
05-03 09:10:46.211  5849  5849 I PhoneLab-StatusMonitorBattery: Battery_level: 7
05-03 09:10:46.211  5849  5849 I PhoneLab-Locks: wake lock released
05-03 09:10:46.211  5849  5849 I PhoneLab-StatusMonitorSignal: Signal_Strength: -86 asu: 14
05-03 09:10:46.211  5849  5849 I PhoneLab-Locks: wake lock released
05-03 09:11:00.082   216   218 D dalvikvm: GC_CONCURRENT freed 377K, 13% free 9860K/11271K, paused 5ms+3ms
05-03 09:11:20.629  5849  5849 I PhoneLab-Locks: wake lock acquired
05-03 09:11:20.652  5849  8178 I PhoneLab-PeriodicCheckService: User info is synched
05-03 09:11:20.656  5849  8178 I PhoneLab-PeriodicCheckService: Logger Service is running
05-03 09:11:20.656  5849  8178 I PhoneLab-PeriodicCheckService: Rescheduling periodic checking...
05-03 09:11:20.660  5849  8178 I PhoneLab-Locks: wake lock released
05-03 09:11:41.355  5849  5862 I PhoneLab-: Service Running
05-03 09:11:41.426  5849  5850 D dalvikvm: GC_CONCURRENT freed 406K, 8% free 9191K/9927K, paused 1ms+2ms
05-03 09:11:41.430  5849  5862 I PhoneLab-LoggerService: app_34    1152  1     1448   1008  c00f1758 400f0794 S logcat
05-03 09:11:41.430  5849  5862 I PhoneLab-LoggerService: Logcat pid from database 1152
05-03 09:11:41.430  5849  5862 I PhoneLab-LoggerService: Logcat process found 1152
05-03 09:11:41.430  5849  5862 I PhoneLab-LoggerService: Checking Threshold
05-03 09:11:41.430  5849  5862 I PhoneLab-LoggerService: Starting to rename files
05-03 09:11:41.430  5849  5862 I PhoneLab-LoggerService: Files found .. 7
05-03 09:13:00.152   144   147 D dalvikvm: GC_CONCURRENT freed 1690K, 25% free 16337K/21639K, paused 7ms+7ms
05-03 09:13:16.199   216   216 I PowerUI : updating low battery warning: level=7 [-1]
05-03 09:13:41.355  5849  5862 I PhoneLab-: Service Running
05-03 09:13:41.402  5849  5862 I PhoneLab-LoggerService: app_34    1152  1     1448   1008  c00f1758 400f0794 S logcat
05-03 09:13:41.402  5849  5862 I PhoneLab-LoggerService: Logcat pid from database 1152
05-03 09:13:41.402  5849  5862 I PhoneLab-LoggerService: Logcat process found 1152
05-03 09:13:41.402  5849  5862 I PhoneLab-LoggerService: Checking Threshold
05-03 09:13:41.406  5849  5862 I PhoneLab-LoggerService: Starting to rename files
05-03 09:13:41.406  5849  5862 I PhoneLab-LoggerService: Files found .. 7
05-03 09:14:13.543   216   216 I PowerUI : updating low battery warning: level=7 [-1]
05-03 09:14:14.234  6748  8181 W Gmail   : Successful index run, cancel next scheduled index run
05-03 09:15:03.562   216   216 I PowerUI : updating low battery warning: level=7 [-1]
05-03 09:15:41.355  5849  5862 I PhoneLab-: Service Running
05-03 09:15:41.422  5849  5862 I PhoneLab-LoggerService: app_34    1152  1     1448   1008  c00f1758 400f0794 S logcat
05-03 09:15:41.422  5849  5862 I PhoneLab-LoggerService: Logcat pid from database 1152
05-03 09:15:41.422  5849  5862 I PhoneLab-LoggerService: Logcat process found 1152
05-03 09:15:41.422  5849  5862 I PhoneLab-LoggerService: Checking Threshold
05-03 09:15:41.422  5849  5862 I PhoneLab-LoggerService: Starting to rename files
05-03 09:15:41.422  5849  5862 I PhoneLab-LoggerService: Files found .. 7
05-03 09:15:46.223  5849  5849 I PhoneLab-Locks: wake lock acquired
05-03 09:15:46.238  5849  5849 I PhoneLab-StatusMonitor: Status Monitoring is started
05-03 09:15:46.312  5849  5850 D dalvikvm: GC_CONCURRENT freed 459K, 7% free 9244K/9927K, paused 1ms+4ms
05-03 09:15:46.332  5849  5849 I PhoneLab-StatusMonitor: Value: 5 - unit: min
05-03 09:15:46.332  5849  5849 I PhoneLab-StatusMonitor: Running interval: 300000
05-03 09:15:46.348  5849  5849 I PhoneLab-StatusMonitor: Rescheduling status monitoring...
05-03 09:15:46.363  5849  7508 D dalvikvm: GC_EXPLICIT freed 202K, 8% free 9177K/9927K, paused 2ms+2ms
05-03 09:15:46.363  5849  5849 I PhoneLab-Locks: wake lock released
05-03 09:15:46.367  5849  5849 I PhoneLab-StatusMonitorLocation: Learning Location
05-03 09:15:46.367  5849  5849 I PhoneLab-Locks: wake lock acquired
05-03 09:15:46.371  5849  5849 I PhoneLab-Locks: wake lock acquired
05-03 09:15:46.371  5849  5849 I PhoneLab-StatusMonitorLocation: Learning Signal Strgth
05-03 09:15:46.371  5849  5849 I PhoneLab-Locks: wake lock acquired
05-03 09:15:46.379  5849  5849 I PhoneLab-StatusMonitorBattery: Battery_level: 7
05-03 09:15:46.379  5849  5849 I PhoneLab-Locks: wake lock released
05-03 09:15:46.379  5849  5849 I PhoneLab-StatusMonitorSignal: Signal_Strength: -86 asu: 14
05-03 09:15:46.379  5849  5849 I PhoneLab-Locks: wake lock released
05-03 09:15:53.574   216   216 I PowerUI : updating low battery warning: level=7 [-1]
05-03 09:17:41.355  5849  5862 I PhoneLab-: Service Running
05-03 09:17:41.402  5849  5862 I PhoneLab-LoggerService: app_34    1152  1     1448   1008  c00f1758 400f0794 S logcat
05-03 09:17:41.406  5849  5862 I PhoneLab-LoggerService: Logcat pid from database 1152
05-03 09:17:41.406  5849  5862 I PhoneLab-LoggerService: Logcat process found 1152
05-03 09:17:41.406  5849  5862 I PhoneLab-LoggerService: Checking Threshold
05-03 09:17:41.406  5849  5862 I PhoneLab-LoggerService: Starting to rename files
05-03 09:17:41.406  5849  5862 I PhoneLab-LoggerService: Files found .. 7
05-03 09:18:23.629   216   216 I PowerUI : updating low battery warning: level=7 [-1]
05-03 09:19:13.629   216   216 I PowerUI : updating low battery warning: level=7 [-1]
05-03 09:19:41.355  5849  5862 I PhoneLab-: Service Running
05-03 09:19:41.414  5849  5862 I PhoneLab-LoggerService: app_34    1152  1     1448   1008  c00f1758 400f0794 S logcat
05-03 09:19:41.414  5849  5862 I PhoneLab-LoggerService: Logcat pid from database 1152
05-03 09:19:41.414  5849  5862 I PhoneLab-LoggerService: Logcat process found 1152
05-03 09:19:41.414  5849  5862 I PhoneLab-LoggerService: Checking Threshold
05-03 09:19:41.414  5849  5862 I PhoneLab-LoggerService: Starting to rename files
05-03 09:19:41.414  5849  5862 I PhoneLab-LoggerService: Files found .. 7
05-03 09:20:03.648   216   216 I PowerUI : updating low battery warning: level=7 [-1]
05-03 09:20:20.695  4863  4863 I wpa_supplicant: wlan0: CTRL-EVENT-DISCONNECTED bssid=f4:6d:04:6d:25:46 reason=0
05-03 09:20:20.773    75   117 D CommandListener: Clearing all IP addresses on wlan0
05-03 09:20:20.793   144   202 D ConnectivityService: ConnectivityChange for WIFI: DISCONNECTED/DISCONNECTED
05-03 09:20:20.805   144   202 D ConnectivityService: Attempting to switch to mobile
05-03 09:20:21.019   144   202 D ConnectivityService: Attempting to switch to WIMAX
05-03 09:20:21.047   144   202 D ConnectivityService: Attempting to switch to BLUETOOTH_TETHER
05-03 09:20:21.070   144   202 D NetUtils: android_net_utils_resetConnections in env=0xab6bb8 clazz=0x1a200001 iface=wlan0 mask=0x3
05-03 09:20:21.070   144   202 D ConnectivityService: resetConnections(wlan0, 3)
05-03 09:20:21.098   268  8162 W Smack/Packet: notify conn break (IOEx), close connection
05-03 09:20:21.125   144   202 D ConnectivityService: ConnectivityChange for WIMAX: DISCONNECTED/SCANNING
05-03 09:20:21.141   144   202 D ConnectivityService: Attempting to switch to mobile
05-03 09:20:21.141   144   202 D ConnectivityService: Attempting to switch to WIFI
05-03 09:20:21.141   144   202 D ConnectivityService: Attempting to switch to BLUETOOTH_TETHER
05-03 09:20:21.246   268  8162 I qtaguid : Failed write_ctrl(u 67) res=-1 errno=22
05-03 09:20:21.246   268  8162 I qtaguid : Untagging socket 67 failed errno=-22
05-03 09:20:21.246   268  8162 W NetworkManagementSocketTagger: untagSocket(67) failed with errno -22
05-03 09:20:21.250   144   202 D ConnectivityService: handleInetConditionChange: no active default network - ignore
05-03 09:20:24.148   144   206 D Tethering: MasterInitialState.processMessage what=3
05-03 09:20:24.207   144   206 D Tethering: MasterInitialState.processMessage what=3
05-03 09:20:24.418   144   540 I ActivityManager: Start proc com.google.android.apps.uploader for broadcast com.google.android.apps.uploader/.ConnectivityBroadcastReceiver: pid=8194 uid=10027 gids={3003}
05-03 09:20:24.523  8194  8194 I dalvikvm: Turning on JNI app bug workarounds for target SDK version 11...
05-03 09:20:24.883  8194  8194 I ActivityThread: Pub com.google.android.apps.uploader: com.google.android.apps.uploader.UploadsContentProvider
05-03 09:20:24.887  8194  8194 I ActivityThread: Pub com.google.photos.provider.Album: com.google.android.apps.uploader.clients.picasa.AlbumProvider
05-03 09:20:24.902  8194  8194 D MediaUploader: UploaderApplication.onCreate
05-03 09:20:25.055  8194  8194 D MediaUploader: nonWifiLimit=20971520, default=20971520
05-03 09:20:25.066  8194  8194 I MediaUploader: No need to wake up
05-03 09:20:25.074  5849  5849 I PhoneLab-WiFiReceiver: WiFi is disconnected!
05-03 09:20:25.152  6645  6692 D PicasaSyncManager: active network: null
05-03 09:20:25.152  6645  6692 D PicasaSyncManager: background data: true
05-03 09:20:25.219  8194  8194 I MediaUploader: No need to wake up
05-03 09:20:25.238   144   531 I ActivityManager: No longer want com.android.sprintmenu (pid 5777): hidden #16
05-03 09:20:25.242   144   156 W ActivityManager: Scheduling restart of crashed service com.android.sprintmenu/.HiddenPhoneService in 5000ms
05-03 09:20:25.266  6645  6692 D UploadsManager: collect new photo: MediaTracker:steven.y.ko@gmail.com,trackNew:photo-external,331:photo-phoneStorage,-1:video-external,202:video-phoneStorage,-1
05-03 09:20:25.398  6645  6692 D UploadsManager: collect new video: MediaTracker:steven.y.ko@gmail.com,trackNew:photo-external,331:photo-phoneStorage,-1:video-external,202:video-phoneStorage,-1
05-03 09:20:25.430  6645  6692 V PicasaContentProvider: querySettings: defaults: {sync_on_wifi_only=1, auto_upload_account_type=null, sync_on_battery=1, sync_picasa_on_wifi_only=1, auto_upload_enabled=0, video_upload_wifi_only=1, sync_on_roaming=0, auto_upload_account_name=null}
05-03 09:20:25.488  6645  6692 D PicasaSyncManager: reject MetadataSyncTask (steven.y.ko@gmail.com) for wifi connection
05-03 09:20:25.519  6645  6692 D PicasaSyncManager: active network: null
05-03 09:20:25.519  6645  6692 D PicasaSyncManager: background data: true
05-03 09:20:27.496   144   202 D ConnectivityService: ConnectivityChange for WIMAX: DISCONNECTED/SCANNING
05-03 09:20:27.500   144   202 D ConnectivityService: Attempting to switch to mobile
05-03 09:20:27.500   144   202 D ConnectivityService: Attempting to switch to WIFI
05-03 09:20:27.500   144   202 D ConnectivityService: Attempting to switch to BLUETOOTH_TETHER
05-03 09:20:27.641   144   147 D dalvikvm: JIT code cache reset in 4 ms (1048372 bytes 6/0)
05-03 09:20:27.664   144   147 D dalvikvm: GC_CONCURRENT freed 1911K, 26% free 16132K/21639K, paused 8ms+11ms
05-03 09:20:27.957   144   202 D ConnectivityService: ConnectivityChange for mobile: CONNECTED/CONNECTED
05-03 09:20:28.078   144   198 D NetworkPolicy: applying policy NetworkPolicy[NetworkTemplate: matchRule=MOBILE_ALL, subscriberId=valid]: cycleDay=21, warningBytes=2147483648, limitBytes=-1, lastSnooze=-1 to ifaces [rmnet0]
05-03 09:20:28.957   144   202 D ConnectivityService: NetTransition Wakelock for WifiStateMachine released by timeout
05-03 09:20:30.285   144   161 I ActivityManager: Start proc com.android.sprintmenu for service com.android.sprintmenu/.HiddenPhoneService: pid=8211 uid=1001 gids={3002, 3001, 3003, 1015}
05-03 09:20:30.551   144   206 D Tethering: MasterInitialState.processMessage what=3
05-03 09:20:30.590   268   268 I GTalkService/c: [AndroidEndpoint@1094290688] connect: acct=1000001, state=CONNECTING
05-03 09:20:30.601   268   268 I GTalkService/c: [GTalkConnection@1094145008] connect: acct=1, state=CONNECTING
05-03 09:20:30.742   268   269 D dalvikvm: GC_CONCURRENT freed 500K, 6% free 10332K/10951K, paused 2ms+5ms
05-03 09:20:30.789   144  1020 D dalvikvm: GC_EXPLICIT freed 441K, 26% free 16071K/21639K, paused 3ms+15ms
05-03 09:20:30.824  8194  8194 I MediaUploader: No need to wake up
05-03 09:20:30.851  6645  6692 D PicasaSyncManager: active network: NetworkInfo: type: mobile[CDMA - EvDo rev. A], state: CONNECTED/CONNECTED, reason: (unspecified), extra: , roaming: false, failover: true, isAvailable: true
05-03 09:20:30.851  6645  6692 D PicasaSyncManager: background data: true
05-03 09:20:31.031   144   206 D Tethering: MasterInitialState.processMessage what=3
05-03 09:20:31.113  8194  8194 I MediaUploader: No need to wake up
05-03 09:20:31.156  6645  6692 D PicasaSyncManager: active network: NetworkInfo: type: mobile[CDMA - EvDo rev. A], state: CONNECTED/CONNECTED, reason: (unspecified), extra: , roaming: false, failover: true, isAvailable: true
05-03 09:20:31.156  6645  6692 D PicasaSyncManager: background data: true
05-03 09:20:31.195  6645  6647 D dalvikvm: GC_CONCURRENT freed 479K, 13% free 10023K/11463K, paused 1ms+4ms
05-03 09:20:31.281  6665  6667 D dalvikvm: GC_CONCURRENT freed 295K, 6% free 9489K/9991K, paused 2ms+7ms
05-03 09:20:32.426  6748  6751 D dalvikvm: GC_CONCURRENT freed 476K, 9% free 9754K/10695K, paused 4ms+4ms
05-03 09:20:32.449  6748  8235 I Gmail   : MainSyncRequestProto: lowestBkwdConvoId: 0, highestHandledServerOp: 2540647, normalSync: true
05-03 09:20:32.613   268   269 D dalvikvm: GC_CONCURRENT freed 384K, 6% free 10336K/10951K, paused 3ms+3ms
05-03 09:20:32.672   144   202 D ConnectivityService: handleInetConditionHoldEnd: net=0, condition=100, published condition=0
05-03 09:20:34.348  6812  6814 D dalvikvm: GC_CONCURRENT freed 505K, 6% free 9337K/9927K, paused 1ms+2ms
05-03 09:20:34.371  6748  8235 D dalvikvm: GC_EXPLICIT freed 321K, 9% free 9765K/10695K, paused 2ms+2ms
05-03 09:20:34.394  6748  8235 I Gmail   : MainSyncRequestProto: lowestBkwdConvoId: 0, highestHandledServerOp: 2540676, normalSync: true
05-03 09:20:35.199  6748  6751 D dalvikvm: GC_CONCURRENT freed 378K, 9% free 9807K/10695K, paused 9ms+6ms
05-03 09:20:35.289  6748  6751 D dalvikvm: GC_CONCURRENT freed 402K, 8% free 9885K/10695K, paused 6ms+2ms
05-03 09:20:35.309  6748  8235 D dalvikvm: GC_FOR_ALLOC freed 285K, 9% free 9820K/10695K, paused 15ms
05-03 09:20:35.359  6748  6751 D dalvikvm: GC_CONCURRENT freed 253K, 7% free 9996K/10695K, paused 2ms+3ms
05-03 09:20:35.664  6748  8235 D dalvikvm: GC_EXPLICIT freed 376K, 8% free 9847K/10695K, paused 2ms+3ms
05-03 09:20:35.672  6748  8235 I Gmail   : MainSyncRequestProto: lowestBkwdConvoId: 0, highestHandledServerOp: 2540677, normalSync: true
05-03 09:20:35.684  6748  8235 W Gmail   : Scheduling index for 300000 ms from now
05-03 09:20:46.391  5849  5849 I PhoneLab-Locks: wake lock acquired
05-03 09:20:46.402  5849  5849 I PhoneLab-StatusMonitor: Status Monitoring is started
05-03 09:20:46.473  5849  5850 D dalvikvm: GC_CONCURRENT freed 448K, 7% free 9241K/9927K, paused 2ms+4ms
05-03 09:20:46.496  5849  5849 I PhoneLab-StatusMonitor: Value: 5 - unit: min
05-03 09:20:46.496  5849  5849 I PhoneLab-StatusMonitor: Running interval: 300000
05-03 09:20:46.500  5849  5849 I PhoneLab-StatusMonitor: Rescheduling status monitoring...
05-03 09:20:46.504  5849  5849 I PhoneLab-Locks: wake lock released
05-03 09:20:46.508  5849  5849 I PhoneLab-StatusMonitorLocation: Learning Location
05-03 09:20:46.508  5849  5849 I PhoneLab-Locks: wake lock acquired
05-03 09:20:46.508  5849  5849 I PhoneLab-Locks: wake lock acquired
05-03 09:20:46.512  5849  5849 I PhoneLab-StatusMonitorLocation: Learning Signal Strgth
05-03 09:20:46.512  5849  5849 I PhoneLab-Locks: wake lock acquired
05-03 09:20:46.516  5849  5849 I PhoneLab-StatusMonitorBattery: Battery_level: 7
05-03 09:20:46.516  5849  5849 I PhoneLab-Locks: wake lock released
05-03 09:20:46.519  5849  5849 I PhoneLab-StatusMonitorSignal: Signal_Strength: -65 asu: 24
05-03 09:20:46.519  5849  5849 I PhoneLab-Locks: wake lock released
05-03 09:21:02.418   216   216 I PowerUI : updating low battery warning: level=7 [-1]
05-03 09:21:41.351  5849  5862 I PhoneLab-: Service Running
05-03 09:21:41.414  5849  5862 I PhoneLab-LoggerService: app_34    1152  1     1448   1008  c00f1758 400f0794 S logcat
05-03 09:21:41.418  5849  5862 I PhoneLab-LoggerService: Logcat pid from database 1152
05-03 09:21:41.418  5849  5862 I PhoneLab-LoggerService: Logcat process found 1152
05-03 09:21:41.418  5849  5862 I PhoneLab-LoggerService: Checking Threshold
05-03 09:21:41.418  5849  5862 I PhoneLab-LoggerService: Starting to rename files
05-03 09:21:41.418  5849  5862 I PhoneLab-LoggerService: Files found .. 7
05-03 09:21:52.453   216   216 I PowerUI : updating low battery warning: level=7 [-1]
05-03 09:22:32.894   144   202 D ConnectivityService: ConnectivityChange for WIMAX: DISCONNECTED/SCANNING
05-03 09:22:32.894   144   202 D ConnectivityService: Attempting to switch to mobile
05-03 09:22:32.894   144   202 D ConnectivityService: Attempting to switch to WIFI
05-03 09:22:32.894   144   202 D ConnectivityService: Attempting to switch to BLUETOOTH_TETHER
05-03 09:22:32.980   144   198 D NetworkPolicy: applying policy NetworkPolicy[NetworkTemplate: matchRule=MOBILE_ALL, subscriberId=valid]: cycleDay=21, warningBytes=2147483648, limitBytes=-1, lastSnooze=-1 to ifaces [rmnet0]
05-03 09:22:32.988   144   198 D NetworkPolicy: applying policy NetworkPolicy[NetworkTemplate: matchRule=MOBILE_ALL, subscriberId=valid]: cycleDay=21, warningBytes=2147483648, limitBytes=-1, lastSnooze=-1 to ifaces [rmnet0]
05-03 09:22:35.918   144   206 D Tethering: MasterInitialState.processMessage what=3
05-03 09:22:35.969   144   206 D Tethering: MasterInitialState.processMessage what=3
05-03 09:22:35.996  8194  8194 I MediaUploader: No need to wake up
05-03 09:22:36.019  6645  6692 D PicasaSyncManager: active network: NetworkInfo: type: mobile[CDMA - EvDo rev. A], state: CONNECTED/CONNECTED, reason: (unspecified), extra: , roaming: false, failover: false, isAvailable: true
05-03 09:22:36.023  6645  6692 D PicasaSyncManager: background data: true
05-03 09:22:36.066  8194  8194 I MediaUploader: No need to wake up
05-03 09:22:36.098  6645  6692 D PicasaSyncManager: active network: NetworkInfo: type: mobile[CDMA - EvDo rev. A], state: CONNECTED/CONNECTED, reason: (unspecified), extra: , roaming: false, failover: false, isAvailable: true
05-03 09:22:36.098  6645  6692 D PicasaSyncManager: background data: true
05-03 09:22:36.476   144   202 D ConnectivityService: handleInetConditionHoldEnd: net=0, condition=100, published condition=100
05-03 09:22:39.348   144   202 D ConnectivityService: ConnectivityChange for WIMAX: DISCONNECTED/SCANNING
05-03 09:22:39.348   144   202 D ConnectivityService: Attempting to switch to mobile
05-03 09:22:39.348   144   202 D ConnectivityService: Attempting to switch to WIFI
05-03 09:22:39.348   144   202 D ConnectivityService: Attempting to switch to BLUETOOTH_TETHER
05-03 09:22:39.410   144   198 D NetworkPolicy: applying policy NetworkPolicy[NetworkTemplate: matchRule=MOBILE_ALL, subscriberId=valid]: cycleDay=21, warningBytes=2147483648, limitBytes=-1, lastSnooze=-1 to ifaces [rmnet0]
05-03 09:22:39.418   144   198 D NetworkPolicy: applying policy NetworkPolicy[NetworkTemplate: matchRule=MOBILE_ALL, subscriberId=valid]: cycleDay=21, warningBytes=2147483648, limitBytes=-1, lastSnooze=-1 to ifaces [rmnet0]
05-03 09:22:39.547   144   147 D dalvikvm: GC_CONCURRENT freed 1577K, 26% free 16159K/21639K, paused 3ms+6ms
05-03 09:22:42.402   144   206 D Tethering: MasterInitialState.processMessage what=3
05-03 09:22:42.445   216   216 I PowerUI : updating low battery warning: level=7 [-1]
05-03 09:22:42.457   144   206 D Tethering: MasterInitialState.processMessage what=3
05-03 09:22:42.508  8194  8194 I MediaUploader: No need to wake up
05-03 09:22:42.519  6645  6692 D PicasaSyncManager: active network: NetworkInfo: type: mobile[CDMA - EvDo rev. A], state: CONNECTED/CONNECTED, reason: (unspecified), extra: , roaming: false, failover: false, isAvailable: true
05-03 09:22:42.519  6645  6692 D PicasaSyncManager: background data: true
05-03 09:22:42.586  8194  8194 I MediaUploader: No need to wake up
05-03 09:22:42.609  6645  6692 D PicasaSyncManager: active network: NetworkInfo: type: mobile[CDMA - EvDo rev. A], state: CONNECTED/CONNECTED, reason: (unspecified), extra: , roaming: false, failover: false, isAvailable: true
05-03 09:22:42.609  6645  6692 D PicasaSyncManager: background data: true
05-03 09:22:42.641   268   269 D dalvikvm: GC_CONCURRENT freed 389K, 6% free 10339K/10951K, paused 2ms+3ms
05-03 09:22:42.715  6665  6667 D dalvikvm: GC_CONCURRENT freed 484K, 7% free 9431K/10055K, paused 1ms+5ms
05-03 09:22:42.965   144   202 D ConnectivityService: handleInetConditionHoldEnd: net=0, condition=100, published condition=100
05-03 09:23:32.476   216   216 I PowerUI : updating low battery warning: level=7 [-1]
05-03 09:23:41.355  5849  5862 I PhoneLab-: Service Running
05-03 09:23:41.402  5849  5862 I PhoneLab-LoggerService: app_34    1152  1     1448   1008  c00f1758 400f0794 S logcat
05-03 09:23:41.402  5849  5862 I PhoneLab-LoggerService: Logcat pid from database 1152
05-03 09:23:41.402  5849  5862 I PhoneLab-LoggerService: Logcat process found 1152
05-03 09:23:41.402  5849  5862 I PhoneLab-LoggerService: Checking Threshold
05-03 09:23:41.402  5849  5862 I PhoneLab-LoggerService: Starting to rename files
05-03 09:23:41.406  5849  5862 I PhoneLab-LoggerService: Files found .. 7
05-03 09:24:22.508   216   216 I PowerUI : updating low battery warning: level=6 [-1]
05-03 09:25:12.531   216   216 I PowerUI : updating low battery warning: level=6 [-1]
05-03 09:25:41.355  5849  5862 I PhoneLab-: Service Running
05-03 09:25:41.414  5849  5862 I PhoneLab-LoggerService: app_34    1152  1     1448   1008  c00f1758 400f0794 S logcat
05-03 09:25:41.414  5849  5862 I PhoneLab-LoggerService: Logcat pid from database 1152
05-03 09:25:41.414  5849  5862 I PhoneLab-LoggerService: Logcat process found 1152
05-03 09:25:41.414  5849  5862 I PhoneLab-LoggerService: Checking Threshold
05-03 09:25:41.414  5849  5862 I PhoneLab-LoggerService: Starting to rename files
05-03 09:25:41.414  5849  5862 I PhoneLab-LoggerService: Files found .. 7
05-03 09:25:46.527  5849  5849 I PhoneLab-Locks: wake lock acquired
05-03 09:25:46.543  5849  5849 I PhoneLab-StatusMonitor: Status Monitoring is started
05-03 09:25:46.586  5849  5850 D dalvikvm: GC_CONCURRENT freed 559K, 8% free 9194K/9927K, paused 2ms+5ms
05-03 09:25:46.609  5849  5849 I PhoneLab-StatusMonitor: Value: 5 - unit: min
05-03 09:25:46.609  5849  5849 I PhoneLab-StatusMonitor: Running interval: 300000
05-03 09:25:46.617  5849  5849 I PhoneLab-StatusMonitor: Rescheduling status monitoring...
05-03 09:25:46.617  5849  5849 I PhoneLab-Locks: wake lock released
05-03 09:25:46.621  5849  5849 I PhoneLab-StatusMonitorLocation: Learning Location
05-03 09:25:46.621  5849  5849 I PhoneLab-Locks: wake lock acquired
05-03 09:25:46.621  5849  5849 I PhoneLab-Locks: wake lock acquired
05-03 09:25:46.625  5849  5849 I PhoneLab-StatusMonitorLocation: Learning Signal Strgth
05-03 09:25:46.625  5849  5849 I PhoneLab-Locks: wake lock acquired
05-03 09:25:46.633  5849  5849 I PhoneLab-StatusMonitorBattery: Battery_level: 6
05-03 09:25:46.633  5849  5849 I PhoneLab-Locks: wake lock released
05-03 09:25:46.637  5849  5849 I PhoneLab-StatusMonitorSignal: Signal_Strength: -76 asu: 19
05-03 09:25:46.637  5849  5849 I PhoneLab-Locks: wake lock released
05-03 09:25:46.656  5849  5850 D dalvikvm: GC_CONCURRENT freed 437K, 8% free 9141K/9927K, paused 4ms+2ms
05-03 09:26:44.762   144   202 D ConnectivityService: ConnectivityChange for WIMAX: DISCONNECTED/SCANNING
05-03 09:26:44.762   144   202 D ConnectivityService: Attempting to switch to mobile
05-03 09:26:44.762   144   202 D ConnectivityService: Attempting to switch to WIFI
05-03 09:26:44.762   144   202 D ConnectivityService: Attempting to switch to BLUETOOTH_TETHER
05-03 09:26:44.809   144   198 D NetworkPolicy: applying policy NetworkPolicy[NetworkTemplate: matchRule=MOBILE_ALL, subscriberId=valid]: cycleDay=21, warningBytes=2147483648, limitBytes=-1, lastSnooze=-1 to ifaces [rmnet0]
05-03 09:26:44.816   144   198 D NetworkPolicy: applying policy NetworkPolicy[NetworkTemplate: matchRule=MOBILE_ALL, subscriberId=valid]: cycleDay=21, warningBytes=2147483648, limitBytes=-1, lastSnooze=-1 to ifaces [rmnet0]
05-03 09:26:47.785   144   206 D Tethering: MasterInitialState.processMessage what=3
05-03 09:26:47.832   144   206 D Tethering: MasterInitialState.processMessage what=3
05-03 09:26:47.867  8194  8194 I MediaUploader: No need to wake up
05-03 09:26:47.914  6645  6692 D PicasaSyncManager: active network: NetworkInfo: type: mobile[CDMA - EvDo rev. A], state: CONNECTED/CONNECTED, reason: (unspecified), extra: , roaming: false, failover: false, isAvailable: true
05-03 09:26:47.914  6645  6692 D PicasaSyncManager: background data: true
05-03 09:26:47.926  8194  8194 I MediaUploader: No need to wake up
05-03 09:26:47.949  6645  6692 D PicasaSyncManager: active network: NetworkInfo: type: mobile[CDMA - EvDo rev. A], state: CONNECTED/CONNECTED, reason: (unspecified), extra: , roaming: false, failover: false, isAvailable: true
05-03 09:26:47.949  6645  6692 D PicasaSyncManager: background data: true
05-03 09:26:48.051   360   375 D dalvikvm: GC_EXPLICIT freed 286K, 14% free 11968K/13831K, paused 13ms+8ms
05-03 09:26:48.340   144   202 D ConnectivityService: handleInetConditionHoldEnd: net=0, condition=100, published condition=100
05-03 09:26:51.226   144   202 D ConnectivityService: ConnectivityChange for WIMAX: DISCONNECTED/SCANNING
05-03 09:26:51.226   144   202 D ConnectivityService: Attempting to switch to mobile
05-03 09:26:51.234   144   202 D ConnectivityService: Attempting to switch to WIFI
05-03 09:26:51.234   144   202 D ConnectivityService: Attempting to switch to BLUETOOTH_TETHER
05-03 09:26:51.273   144   198 D NetworkPolicy: applying policy NetworkPolicy[NetworkTemplate: matchRule=MOBILE_ALL, subscriberId=valid]: cycleDay=21, warningBytes=2147483648, limitBytes=-1, lastSnooze=-1 to ifaces [rmnet0]
05-03 09:26:51.281   144   198 D NetworkPolicy: applying policy NetworkPolicy[NetworkTemplate: matchRule=MOBILE_ALL, subscriberId=valid]: cycleDay=21, warningBytes=2147483648, limitBytes=-1, lastSnooze=-1 to ifaces [rmnet0]
05-03 09:26:52.566   216   216 I PowerUI : updating low battery warning: level=6 [-1]
05-03 09:26:54.269   144   206 D Tethering: MasterInitialState.processMessage what=3
05-03 09:26:54.297   144   206 D Tethering: MasterInitialState.processMessage what=3
05-03 09:26:54.375  8194  8194 I MediaUploader: No need to wake up
05-03 09:26:54.512   144   147 D dalvikvm: GC_CONCURRENT freed 1677K, 26% free 16186K/21639K, paused 2ms+16ms
05-03 09:26:54.512  6645  6692 D PicasaSyncManager: active network: NetworkInfo: type: mobile[CDMA - EvDo rev. A], state: CONNECTED/CONNECTED, reason: (unspecified), extra: , roaming: false, failover: false, isAvailable: true
05-03 09:26:54.512  6645  6692 D PicasaSyncManager: background data: true
05-03 09:26:54.625   144  2392 D dalvikvm: GC_EXPLICIT freed 126K, 26% free 16084K/21639K, paused 3ms+7ms
05-03 09:26:54.668  8194  8194 I MediaUploader: No need to wake up
05-03 09:26:54.680  6545  6547 D dalvikvm: GC_CONCURRENT freed 429K, 12% free 10850K/12231K, paused 3ms+3ms
05-03 09:26:54.699  6645  6692 D PicasaSyncManager: active network: NetworkInfo: type: mobile[CDMA - EvDo rev. A], state: CONNECTED/CONNECTED, reason: (unspecified), extra: , roaming: false, failover: false, isAvailable: true
05-03 09:26:54.703  6645  6692 D PicasaSyncManager: background data: true
05-03 09:26:54.816   144   202 D ConnectivityService: handleInetConditionHoldEnd: net=0, condition=100, published condition=100
05-03 09:27:41.355  5849  5862 I PhoneLab-: Service Running
05-03 09:27:41.406  5849  5862 I PhoneLab-LoggerService: app_34    1152  1     1448   1008  c00f1758 400f0794 S logcat
05-03 09:27:41.406  5849  5862 I PhoneLab-LoggerService: Logcat pid from database 1152
05-03 09:27:41.406  5849  5862 I PhoneLab-LoggerService: Logcat process found 1152
05-03 09:27:41.406  5849  5862 I PhoneLab-LoggerService: Checking Threshold
05-03 09:27:41.410  5849  5862 I PhoneLab-LoggerService: Starting to rename files
05-03 09:27:41.410  5849  5862 I PhoneLab-LoggerService: Files found .. 7
05-03 09:27:42.594   216   216 I PowerUI : updating low battery warning: level=6 [-1]
05-03 09:27:52.305  6222  6243 I InvalidationClientImpl: [chromesync#1604387069] Sending heartbeat to server: HeartbeatTask: this$0 = Client: com.google.protos.ipc.invalidation.ClientProtocol$ApplicationClientIdP@41395508, \n\006\n\004\010\003\020\001\022\022\tt\325\244\237\347u\233\210\021bI\250\375b-L\013\032\007\010\202 \020\003\030\001, nextPerformanceSendTimeMs = 1336067744105, 
05-03 09:27:52.332  6222  6243 I InvalidationClientImpl: [chromesync#1604387069] Sending info message to server
05-03 09:28:32.613   216   216 I PowerUI : updating low battery warning: level=6 [-1]
05-03 09:29:14.187  6748  6751 D dalvikvm: GC_CONCURRENT freed 456K, 9% free 9819K/10695K, paused 3ms+3ms
05-03 09:29:14.285  6748  8267 W Gmail   : Successful index run, cancel next scheduled index run
05-03 09:29:22.637   216   216 I PowerUI : updating low battery warning: level=6 [-1]
05-03 09:29:41.355  5849  5862 I PhoneLab-: Service Running
05-03 09:29:41.441  5849  5862 I PhoneLab-LoggerService: app_34    1152  1     1448   1008  c00f1758 400f0794 S logcat
05-03 09:29:41.441  5849  5862 I PhoneLab-LoggerService: Logcat pid from database 1152
05-03 09:29:41.441  5849  5862 I PhoneLab-LoggerService: Logcat process found 1152
05-03 09:29:41.441  5849  5862 I PhoneLab-LoggerService: Checking Threshold
05-03 09:29:41.441  5849  5862 I PhoneLab-LoggerService: Starting to rename files
05-03 09:29:41.445  5849  5862 I PhoneLab-LoggerService: Files found .. 7
05-03 09:30:08.324   268  1175 I EventLogService: Aggregate from 1336050008236 (log), 1336050008236 (data)
05-03 09:30:34.539   144   160 V BackupManagerService: Running a backup pass
05-03 09:30:34.555   144   215 V BackupManagerService: Backup requested but nothing pending
05-03 09:30:46.637  5849  5849 I PhoneLab-Locks: wake lock acquired
05-03 09:30:46.660  5849  5849 I PhoneLab-StatusMonitor: Status Monitoring is started
05-03 09:30:46.711  5849  5850 D dalvikvm: GC_CONCURRENT freed 435K, 8% free 9217K/9927K, paused 2ms+4ms
05-03 09:30:46.734  5849  5849 I PhoneLab-StatusMonitor: Value: 5 - unit: min
05-03 09:30:46.734  5849  5849 I PhoneLab-StatusMonitor: Running interval: 300000
05-03 09:30:46.738  5849  5849 I PhoneLab-StatusMonitor: Rescheduling status monitoring...
05-03 09:30:46.742  5849  5849 I PhoneLab-Locks: wake lock released
05-03 09:30:46.742  5849  5849 I PhoneLab-StatusMonitorLocation: Learning Location
05-03 09:30:46.742  5849  5849 I PhoneLab-Locks: wake lock acquired
05-03 09:30:46.746  5849  5849 I PhoneLab-Locks: wake lock acquired
05-03 09:30:46.750  5849  5849 I PhoneLab-StatusMonitorLocation: Learning Signal Strgth
05-03 09:30:46.750  5849  5849 I PhoneLab-Locks: wake lock acquired
05-03 09:30:46.754  5849  5849 I PhoneLab-StatusMonitorBattery: Battery_level: 6
05-03 09:30:46.754  5849  5849 I PhoneLab-Locks: wake lock released
05-03 09:30:46.754  5849  5849 I PhoneLab-StatusMonitorSignal: Signal_Strength: -65 asu: 24
05-03 09:30:46.754  5849  5849 I PhoneLab-Locks: wake lock released
05-03 09:31:34.141  6748  8276 I Gmail   : MainSyncRequestProto: lowestBkwdConvoId: 0, highestHandledServerOp: 2540677, normalSync: true
05-03 09:31:35.922  6748  6751 D dalvikvm: GC_CONCURRENT freed 461K, 9% free 9769K/10695K, paused 2ms+3ms
05-03 09:31:36.031  6748  8276 D dalvikvm: GC_EXPLICIT freed 204K, 10% free 9730K/10695K, paused 2ms+2ms
05-03 09:31:36.039  6748  8276 I Gmail   : MainSyncRequestProto: lowestBkwdConvoId: 0, highestHandledServerOp: 2540738, normalSync: true
05-03 09:31:36.723  6748  8276 D dalvikvm: GC_EXPLICIT freed 220K, 9% free 9753K/10695K, paused 2ms+3ms
05-03 09:31:36.726  6748  8276 I Gmail   : MainSyncRequestProto: lowestBkwdConvoId: 0, highestHandledServerOp: 2540738, normalSync: true
05-03 09:31:36.738  6748  8276 W Gmail   : Scheduling index for 300000 ms from now
05-03 09:31:36.762  6748  8276 I Gmail   : Sending notification intent: Intent { act=android.intent.action.PROVIDER_CHANGED dat=content://gmail-ls/unread/^i (has extras) }
05-03 09:31:36.789  6748  8276 I Gmail   : Sending notification intent: Intent { act=android.intent.action.PROVIDER_CHANGED dat=content://gmail-ls/unread/^iim (has extras) }
05-03 09:31:41.355  5849  5862 I PhoneLab-: Service Running
05-03 09:31:41.418  5849  5862 I PhoneLab-LoggerService: app_34    1152  1     1448   1008  c00f1758 400f0794 S logcat
05-03 09:31:41.418  5849  5862 I PhoneLab-LoggerService: Logcat pid from database 1152
05-03 09:31:41.418  5849  5862 I PhoneLab-LoggerService: Logcat process found 1152
05-03 09:31:41.418  5849  5862 I PhoneLab-LoggerService: Checking Threshold
05-03 09:31:41.418  5849  5862 I PhoneLab-LoggerService: Starting to rename files
05-03 09:31:41.418  5849  5862 I PhoneLab-LoggerService: Files found .. 7
05-03 09:32:04.168   216   216 I PowerUI : updating low battery warning: level=6 [-1]
05-03 09:32:54.207   216   216 I PowerUI : updating low battery warning: level=6 [-1]
05-03 09:32:56.633   144   202 D ConnectivityService: ConnectivityChange for WIMAX: DISCONNECTED/SCANNING
05-03 09:32:56.633   144   202 D ConnectivityService: Attempting to switch to mobile
05-03 09:32:56.633   144   202 D ConnectivityService: Attempting to switch to WIFI
05-03 09:32:56.633   144   202 D ConnectivityService: Attempting to switch to BLUETOOTH_TETHER
05-03 09:32:56.676   144   198 D NetworkPolicy: applying policy NetworkPolicy[NetworkTemplate: matchRule=MOBILE_ALL, subscriberId=valid]: cycleDay=21, warningBytes=2147483648, limitBytes=-1, lastSnooze=-1 to ifaces [rmnet0]
05-03 09:32:56.684   144   198 D NetworkPolicy: applying policy NetworkPolicy[NetworkTemplate: matchRule=MOBILE_ALL, subscriberId=valid]: cycleDay=21, warningBytes=2147483648, limitBytes=-1, lastSnooze=-1 to ifaces [rmnet0]
05-03 09:32:59.652   144   206 D Tethering: MasterInitialState.processMessage what=3
05-03 09:32:59.695   144   206 D Tethering: MasterInitialState.processMessage what=3
05-03 09:32:59.746   268  8285 D dalvikvm: GC_EXPLICIT freed 374K, 6% free 10349K/10951K, paused 3ms+4ms
05-03 09:32:59.785  8194  8194 I MediaUploader: No need to wake up
05-03 09:32:59.820  6645  6692 D PicasaSyncManager: active network: NetworkInfo: type: mobile[CDMA - EvDo rev. A], state: CONNECTED/CONNECTED, reason: (unspecified), extra: , roaming: false, failover: false, isAvailable: true
05-03 09:32:59.820  6645  6692 D PicasaSyncManager: background data: true
05-03 09:32:59.844  8194  8194 I MediaUploader: No need to wake up
05-03 09:32:59.863  6645  6692 D PicasaSyncManager: active network: NetworkInfo: type: mobile[CDMA - EvDo rev. A], state: CONNECTED/CONNECTED, reason: (unspecified), extra: , roaming: false, failover: false, isAvailable: true
05-03 09:32:59.863  6645  6692 D PicasaSyncManager: background data: true
05-03 09:32:59.941  6665  6667 D dalvikvm: GC_CONCURRENT freed 376K, 7% free 9445K/10055K, paused 1ms+3ms
05-03 09:33:00.199   144   202 D ConnectivityService: handleInetConditionHoldEnd: net=0, condition=100, published condition=100
05-03 09:33:03.113   144   202 D ConnectivityService: ConnectivityChange for WIMAX: DISCONNECTED/SCANNING
05-03 09:33:03.113   144   202 D ConnectivityService: Attempting to switch to mobile
05-03 09:33:03.113   144   202 D ConnectivityService: Attempting to switch to WIFI
05-03 09:33:03.121   144   202 D ConnectivityService: Attempting to switch to BLUETOOTH_TETHER
05-03 09:33:03.262   144   147 D dalvikvm: GC_CONCURRENT freed 1635K, 26% free 16218K/21639K, paused 8ms+7ms
05-03 09:33:03.273   144   198 D NetworkPolicy: applying policy NetworkPolicy[NetworkTemplate: matchRule=MOBILE_ALL, subscriberId=valid]: cycleDay=21, warningBytes=2147483648, limitBytes=-1, lastSnooze=-1 to ifaces [rmnet0]
05-03 09:33:03.328   144   198 D NetworkPolicy: applying policy NetworkPolicy[NetworkTemplate: matchRule=MOBILE_ALL, subscriberId=valid]: cycleDay=21, warningBytes=2147483648, limitBytes=-1, lastSnooze=-1 to ifaces [rmnet0]
05-03 09:33:06.219   144   206 D Tethering: MasterInitialState.processMessage what=3
05-03 09:33:06.269  8194  8194 I MediaUploader: No need to wake up
05-03 09:33:06.324  8194  8194 I MediaUploader: No need to wake up
05-03 09:33:06.324  6645  6692 D PicasaSyncManager: active network: NetworkInfo: type: mobile[CDMA - EvDo rev. A], state: CONNECTED/CONNECTED, reason: (unspecified), extra: , roaming: false, failover: false, isAvailable: true
05-03 09:33:06.336   144   206 D Tethering: MasterInitialState.processMessage what=3
05-03 09:33:06.344  6645  6692 D PicasaSyncManager: background data: true
05-03 09:33:06.351  6645  6692 D PicasaSyncManager: active network: NetworkInfo: type: mobile[CDMA - EvDo rev. A], state: CONNECTED/CONNECTED, reason: (unspecified), extra: , roaming: false, failover: false, isAvailable: true
05-03 09:33:06.351  6645  6692 D PicasaSyncManager: background data: true
05-03 09:33:06.730   144   202 D ConnectivityService: handleInetConditionHoldEnd: net=0, condition=100, published condition=100
05-03 09:33:41.355  5849  5862 I PhoneLab-: Service Running
05-03 09:33:41.414  5849  5862 I PhoneLab-LoggerService: app_34    1152  1     1448   1008  c00f1758 400f0794 S logcat
05-03 09:33:41.414  5849  5862 I PhoneLab-LoggerService: Logcat pid from database 1152
05-03 09:33:41.414  5849  5862 I PhoneLab-LoggerService: Logcat process found 1152
05-03 09:33:41.414  5849  5862 I PhoneLab-LoggerService: Checking Threshold
05-03 09:33:41.414  5849  5862 I PhoneLab-LoggerService: Starting to rename files
05-03 09:33:41.414  5849  5862 I PhoneLab-LoggerService: Files found .. 7
05-03 09:33:44.223   216   216 I PowerUI : updating low battery warning: level=6 [-1]
05-03 09:34:32.559  6748  8293 I Gmail   : MainSyncRequestProto: lowestBkwdConvoId: 0, highestHandledServerOp: 2540738, normalSync: true
05-03 09:34:33.113  6748  8293 D dalvikvm: GC_EXPLICIT freed 150K, 9% free 9756K/10695K, paused 2ms+3ms
05-03 09:34:33.121  6748  8293 I Gmail   : MainSyncRequestProto: lowestBkwdConvoId: 0, highestHandledServerOp: 2540738, normalSync: true
05-03 09:34:33.133  6748  8293 W Gmail   : Scheduling index for 300000 ms from now
05-03 09:34:34.246   216   216 I PowerUI : updating low battery warning: level=6 [-1]
05-03 09:35:24.266   216   216 I PowerUI : updating low battery warning: level=6 [-1]
05-03 09:35:41.355  5849  5862 I PhoneLab-: Service Running
05-03 09:35:41.406  5849  5862 I PhoneLab-LoggerService: app_34    1152  1     1448   1008  c00f1758 400f0794 S logcat
05-03 09:35:41.406  5849  5862 I PhoneLab-LoggerService: Logcat pid from database 1152
05-03 09:35:41.406  5849  5862 I PhoneLab-LoggerService: Logcat process found 1152
05-03 09:35:41.406  5849  5862 I PhoneLab-LoggerService: Checking Threshold
05-03 09:35:41.406  5849  5862 I PhoneLab-LoggerService: Starting to rename files
05-03 09:35:41.406  5849  5862 I PhoneLab-LoggerService: Files found .. 7
05-03 09:35:46.762  5849  5849 I PhoneLab-Locks: wake lock acquired
05-03 09:35:46.781  5849  5849 I PhoneLab-StatusMonitor: Status Monitoring is started
05-03 09:35:46.828  5849  5850 D dalvikvm: GC_CONCURRENT freed 538K, 8% free 9190K/9927K, paused 2ms+5ms
05-03 09:35:46.851  5849  5849 I PhoneLab-StatusMonitor: Value: 5 - unit: min
05-03 09:35:46.851  5849  5849 I PhoneLab-StatusMonitor: Running interval: 300000
05-03 09:35:46.859  5849  5849 I PhoneLab-StatusMonitor: Rescheduling status monitoring...
05-03 09:35:46.859  5849  5849 I PhoneLab-Locks: wake lock released
05-03 09:35:46.859  5849  5849 I PhoneLab-StatusMonitorLocation: Learning Location
05-03 09:35:46.863  5849  5849 I PhoneLab-Locks: wake lock acquired
05-03 09:35:46.863  5849  5849 I PhoneLab-Locks: wake lock acquired
05-03 09:35:46.867  5849  5849 I PhoneLab-StatusMonitorLocation: Learning Signal Strgth
05-03 09:35:46.867  5849  5849 I PhoneLab-Locks: wake lock acquired
05-03 09:35:46.871  5849  5849 I PhoneLab-StatusMonitorBattery: Battery_level: 6
05-03 09:35:46.871  5849  5849 I PhoneLab-Locks: wake lock released
05-03 09:35:46.875  5849  5849 I PhoneLab-StatusMonitorSignal: Signal_Strength: -65 asu: 24
05-03 09:35:46.875  5849  5849 I PhoneLab-Locks: wake lock released
05-03 09:36:14.285   216   216 I PowerUI : updating low battery warning: level=6 [-1]
05-03 09:37:04.297   216   216 I PowerUI : updating low battery warning: level=6 [-1]
05-03 09:37:41.355  5849  5862 I PhoneLab-: Service Running
05-03 09:37:41.430  5849  5850 D dalvikvm: GC_CONCURRENT freed 411K, 8% free 9165K/9927K, paused 1ms+1ms
05-03 09:37:41.434  5849  5862 I PhoneLab-LoggerService: app_34    1152  1     1448   1008  c00f1758 400f0794 S logcat
05-03 09:37:41.434  5849  5862 I PhoneLab-LoggerService: Logcat pid from database 1152
05-03 09:37:41.434  5849  5862 I PhoneLab-LoggerService: Logcat process found 1152
05-03 09:37:41.434  5849  5862 I PhoneLab-LoggerService: Checking Threshold
05-03 09:37:41.434  5849  5862 I PhoneLab-LoggerService: Starting to rename files
05-03 09:37:41.434  5849  5862 I PhoneLab-LoggerService: Files found .. 7
05-03 09:37:54.312   216   216 I PowerUI : updating low battery warning: level=6 [-1]
05-03 09:38:44.340   216   216 I PowerUI : updating low battery warning: level=6 [-1]
05-03 09:39:34.355   216   216 I PowerUI : updating low battery warning: level=5 [-1]
05-03 09:39:41.355  5849  5862 I PhoneLab-: Service Running
05-03 09:39:41.406  5849  5862 I PhoneLab-LoggerService: app_34    1152  1     1448   1008  c00f1758 400f0794 S logcat
05-03 09:39:41.406  5849  5862 I PhoneLab-LoggerService: Logcat pid from database 1152
05-03 09:39:41.406  5849  5862 I PhoneLab-LoggerService: Logcat process found 1152
05-03 09:39:41.406  5849  5862 I PhoneLab-LoggerService: Checking Threshold
05-03 09:39:41.406  5849  5862 I PhoneLab-LoggerService: Starting to rename files
05-03 09:39:41.410  5849  5862 I PhoneLab-LoggerService: Files found .. 7
05-03 09:40:24.359   216   216 I PowerUI : updating low battery warning: level=5 [-1]
05-03 09:40:46.879  5849  5849 I PhoneLab-Locks: wake lock acquired
05-03 09:40:46.894  5849  5849 I PhoneLab-StatusMonitor: Status Monitoring is started
05-03 09:40:46.957  5849  5850 D dalvikvm: GC_CONCURRENT freed 414K, 7% free 9244K/9927K, paused 2ms+4ms
05-03 09:40:46.984  5849  5849 I PhoneLab-StatusMonitor: Value: 5 - unit: min
05-03 09:40:46.988  5849  5849 I PhoneLab-StatusMonitor: Running interval: 300000
05-03 09:40:46.992  5849  5849 I PhoneLab-StatusMonitor: Rescheduling status monitoring...
05-03 09:40:46.992  5849  5849 I PhoneLab-Locks: wake lock released
05-03 09:40:46.996  5849  5849 I PhoneLab-StatusMonitorLocation: Learning Location
05-03 09:40:46.996  5849  5849 I PhoneLab-Locks: wake lock acquired
05-03 09:40:47.000  5849  5849 I PhoneLab-Locks: wake lock acquired
05-03 09:40:47.000  5849  5849 I PhoneLab-StatusMonitorLocation: Learning Signal Strgth
05-03 09:40:47.000  5849  5849 I PhoneLab-Locks: wake lock acquired
05-03 09:40:47.008  5849  5849 I PhoneLab-StatusMonitorBattery: Battery_level: 5
05-03 09:40:47.008  5849  5849 I PhoneLab-Locks: wake lock released
05-03 09:40:47.008  5849  5849 I PhoneLab-StatusMonitorSignal: Signal_Strength: -65 asu: 24
05-03 09:40:47.008  5849  5849 I PhoneLab-Locks: wake lock released
05-03 09:41:08.519   144   202 D ConnectivityService: ConnectivityChange for WIMAX: DISCONNECTED/SCANNING
05-03 09:41:08.519   144   202 D ConnectivityService: Attempting to switch to mobile
