05-17 07:45:33.457   292   292 I wpa_supplicant: wlan0: CTRL-EVENT-EAP-PROPOSED-METHOD vendor=0 method=4 -> NAK
05-17 07:45:33.461   292   292 I wpa_supplicant: wlan0: CTRL-EVENT-EAP-PROPOSED-METHOD vendor=0 method=25
05-17 07:45:33.461   292   292 I wpa_supplicant: wlan0: CTRL-EVENT-EAP-METHOD EAP vendor 0 method 25 (PEAP) selected
05-17 07:45:33.473   292   292 I wpa_supplicant: EAP-TLV: TLV Result - Success - EAP-TLV/Phase2 Completed
05-17 07:45:33.512    76   115 D NetlinkEvent: Unexpected netlink message. type=0x0
05-17 07:46:03.328  2048  2061 I PhoneLab-: Service Running
05-17 07:46:03.383  2048  2061 I PhoneLab-LoggerService: app_34    1169  1     1444   1024  c00f1758 400be794 S logcat
05-17 07:46:03.383  2048  2061 I PhoneLab-LoggerService: Logcat pid from database 1169
05-17 07:46:03.383  2048  2061 I PhoneLab-LoggerService: Logcat process found 1169
05-17 07:46:03.383  2048  2061 I PhoneLab-LoggerService: Checking Threshold
05-17 07:46:03.383  2048  2061 I PhoneLab-LoggerService: Starting to rename files
05-17 07:46:03.383  2048  2061 I PhoneLab-LoggerService: Files found .. 12
05-17 07:46:09.355   292   292 I wpa_supplicant: wlan0: CTRL-EVENT-EAP-STARTED EAP authentication started
05-17 07:46:09.355    76   115 D NetlinkEvent: Unexpected netlink message. type=0x0
05-17 07:46:09.363   292   292 I wpa_supplicant: wlan0: CTRL-EVENT-DISCONNECTED bssid=d0:c2:82:66:6b:f1 reason=0
05-17 07:46:26.219   292   292 I wpa_supplicant: wlan0: Trying to associate with d0:c2:82:66:6b:f1 (SSID='UB_Secure' freq=2462 MHz)
05-17 07:46:26.234   292   292 I wpa_supplicant: wlan0: Associated with d0:c2:82:66:6b:f1
05-17 07:46:26.238   292   292 I wpa_supplicant: wlan0: CTRL-EVENT-EAP-STARTED EAP authentication started
05-17 07:46:26.242   292   292 I wpa_supplicant: wlan0: CTRL-EVENT-EAP-PROPOSED-METHOD vendor=0 method=4 -> NAK
05-17 07:46:26.246   292   292 I wpa_supplicant: wlan0: CTRL-EVENT-EAP-PROPOSED-METHOD vendor=0 method=25
05-17 07:46:26.246   292   292 I wpa_supplicant: wlan0: CTRL-EVENT-EAP-METHOD EAP vendor 0 method 25 (PEAP) selected
05-17 07:46:26.258   292   292 I wpa_supplicant: EAP-TLV: TLV Result - Success - EAP-TLV/Phase2 Completed
05-17 07:46:26.363    76   115 D NetlinkEvent: Unexpected netlink message. type=0x0
05-17 07:47:00.183   144   146 D dalvikvm: GC_CONCURRENT freed 1158K, 26% free 14728K/19847K, paused 3ms+8ms
05-17 07:47:02.156   292   292 I wpa_supplicant: wlan0: CTRL-EVENT-EAP-STARTED EAP authentication started
05-17 07:47:02.160    76   115 D NetlinkEvent: Unexpected netlink message. type=0x0
05-17 07:47:02.168   292   292 I wpa_supplicant: wlan0: CTRL-EVENT-DISCONNECTED bssid=d0:c2:82:66:6b:f1 reason=0
05-17 07:47:03.461   292   292 I wpa_supplicant: wlan0: Trying to associate with d0:c2:82:84:8d:51 (SSID='UB_Secure' freq=2462 MHz)
05-17 07:47:03.535   292   292 I wpa_supplicant: wlan0: Associated with d0:c2:82:84:8d:51
05-17 07:47:03.535   292   292 I wpa_supplicant: wlan0: CTRL-EVENT-EAP-STARTED EAP authentication started
05-17 07:47:03.539   292   292 I wpa_supplicant: wlan0: CTRL-EVENT-EAP-PROPOSED-METHOD vendor=0 method=4 -> NAK
05-17 07:47:03.547   292   292 I wpa_supplicant: wlan0: CTRL-EVENT-EAP-PROPOSED-METHOD vendor=0 method=25
05-17 07:47:03.547   292   292 I wpa_supplicant: wlan0: CTRL-EVENT-EAP-METHOD EAP vendor 0 method 25 (PEAP) selected
05-17 07:47:03.551    76   115 D NetlinkEvent: Unexpected netlink message. type=0x0
05-17 07:47:03.574   292   292 I wpa_supplicant: EAP-TLV: TLV Result - Success - EAP-TLV/Phase2 Completed
05-17 07:47:39.555   292   292 I wpa_supplicant: wlan0: CTRL-EVENT-DISCONNECTED bssid=d0:c2:82:84:8d:51 reason=0
05-17 07:47:39.555    76   115 D NetlinkEvent: Unexpected netlink message. type=0x0
05-17 07:47:40.844   292   292 I wpa_supplicant: wlan0: Trying to associate with d0:c2:82:66:69:d1 (SSID='UB_Secure' freq=2462 MHz)
05-17 07:47:40.949   292   292 I wpa_supplicant: wlan0: Associated with d0:c2:82:66:69:d1
05-17 07:47:40.953   292   292 I wpa_supplicant: wlan0: CTRL-EVENT-EAP-STARTED EAP authentication started
05-17 07:47:40.961   292   292 I wpa_supplicant: wlan0: CTRL-EVENT-EAP-PROPOSED-METHOD vendor=0 method=4 -> NAK
05-17 07:47:40.973   292   292 I wpa_supplicant: wlan0: CTRL-EVENT-EAP-PROPOSED-METHOD vendor=0 method=25
05-17 07:47:40.973   292   292 I wpa_supplicant: wlan0: CTRL-EVENT-EAP-METHOD EAP vendor 0 method 25 (PEAP) selected
05-17 07:47:40.992   292   292 I wpa_supplicant: EAP-TLV: TLV Result - Success - EAP-TLV/Phase2 Completed
05-17 07:47:41.035    76   115 D NetlinkEvent: Unexpected netlink message. type=0x0
05-17 07:48:03.328  2048  2061 I PhoneLab-: Service Running
05-17 07:48:03.375  2048  2061 I PhoneLab-LoggerService: app_34    1169  1     1444   1024  c00f1758 400be794 S logcat
05-17 07:48:03.375  2048  2061 I PhoneLab-LoggerService: Logcat pid from database 1169
05-17 07:48:03.375  2048  2061 I PhoneLab-LoggerService: Logcat process found 1169
05-17 07:48:03.379  2048  2061 I PhoneLab-LoggerService: Checking Threshold
05-17 07:48:03.379  2048  2061 I PhoneLab-LoggerService: Starting to rename files
05-17 07:48:03.379  2048  2061 I PhoneLab-LoggerService: Files found .. 12
05-17 07:48:16.957    76   115 D NetlinkEvent: Unexpected netlink message. type=0x0
05-17 07:48:16.961   292   292 I wpa_supplicant: wlan0: CTRL-EVENT-DISCONNECTED bssid=d0:c2:82:66:69:d1 reason=0
05-17 07:48:18.246   292   292 I wpa_supplicant: wlan0: Trying to associate with d0:c2:82:66:6b:f1 (SSID='UB_Secure' freq=2462 MHz)
05-17 07:48:18.320   292   292 I wpa_supplicant: wlan0: Associated with d0:c2:82:66:6b:f1
05-17 07:48:18.320   292   292 I wpa_supplicant: wlan0: CTRL-EVENT-EAP-STARTED EAP authentication started
05-17 07:48:18.328    76   115 D NetlinkEvent: Unexpected netlink message. type=0x0
05-17 07:48:18.340   292   292 I wpa_supplicant: wlan0: CTRL-EVENT-EAP-PROPOSED-METHOD vendor=0 method=4 -> NAK
05-17 07:48:18.348   292   292 I wpa_supplicant: wlan0: CTRL-EVENT-EAP-PROPOSED-METHOD vendor=0 method=25
05-17 07:48:18.348   292   292 I wpa_supplicant: wlan0: CTRL-EVENT-EAP-METHOD EAP vendor 0 method 25 (PEAP) selected
05-17 07:48:18.359   292   292 I wpa_supplicant: EAP-TLV: TLV Result - Success - EAP-TLV/Phase2 Completed
05-17 07:48:54.351   292   292 I wpa_supplicant: wlan0: CTRL-EVENT-EAP-STARTED EAP authentication started
05-17 07:48:54.355    76   115 D NetlinkEvent: Unexpected netlink message. type=0x0
05-17 07:48:54.359   292   292 I wpa_supplicant: wlan0: CTRL-EVENT-DISCONNECTED bssid=d0:c2:82:66:6b:f1 reason=0
05-17 07:48:55.648   292   292 I wpa_supplicant: wlan0: Trying to associate with d0:c2:82:84:8d:51 (SSID='UB_Secure' freq=2462 MHz)
05-17 07:48:55.719   292   292 I wpa_supplicant: wlan0: Associated with d0:c2:82:84:8d:51
05-17 07:48:55.723   292   292 I wpa_supplicant: wlan0: CTRL-EVENT-EAP-STARTED EAP authentication started
05-17 07:48:55.726   292   292 I wpa_supplicant: wlan0: CTRL-EVENT-EAP-PROPOSED-METHOD vendor=0 method=4 -> NAK
05-17 07:48:55.734    76   115 D NetlinkEvent: Unexpected netlink message. type=0x0
05-17 07:48:55.746   292   292 I wpa_supplicant: wlan0: CTRL-EVENT-EAP-PROPOSED-METHOD vendor=0 method=25
05-17 07:48:55.750   292   292 I wpa_supplicant: wlan0: CTRL-EVENT-EAP-METHOD EAP vendor 0 method 25 (PEAP) selected
05-17 07:48:55.762   292   292 I wpa_supplicant: EAP-TLV: TLV Result - Success - EAP-TLV/Phase2 Completed
05-17 07:49:12.355  2048  2048 I PhoneLab-Locks: wake lock acquired
05-17 07:49:12.367  2048  2048 I PhoneLab-StatusMonitor: Status Monitoring is started
05-17 07:49:12.406  2048  2050 D dalvikvm: GC_CONCURRENT freed 572K, 8% free 9194K/9927K, paused 2ms+5ms
05-17 07:49:12.437  2048  2048 I PhoneLab-StatusMonitor: Value: 5 - unit: min
05-17 07:49:12.437  2048  2048 I PhoneLab-StatusMonitor: Running interval: 300000
05-17 07:49:12.441  2048  2048 I PhoneLab-StatusMonitor: Rescheduling status monitoring...
05-17 07:49:12.441  2048  2048 I PhoneLab-Locks: wake lock released
05-17 07:49:12.445  2048  2048 I PhoneLab-StatusMonitorLocation: Learning Location
05-17 07:49:12.445  2048  2048 I PhoneLab-Locks: wake lock acquired
05-17 07:49:12.449  2048  2048 I PhoneLab-Locks: wake lock acquired
05-17 07:49:12.453  2048  2048 I PhoneLab-StatusMonitorLocation: Learning Signal Strgth
05-17 07:49:12.453  2048  2048 I PhoneLab-Locks: wake lock acquired
05-17 07:49:12.465  2048  2048 I PhoneLab-StatusMonitorBattery: Battery_level: 96
05-17 07:49:12.465  2048  2048 I PhoneLab-Locks: wake lock released
05-17 07:49:12.465  2048  2048 I PhoneLab-StatusMonitorSignal: Signal_Strength: -96 asu: 9
05-17 07:49:12.465  2048  2048 I PhoneLab-Locks: wake lock released
05-17 07:49:12.476  2048  2050 D dalvikvm: GC_CONCURRENT freed 442K, 8% free 9144K/9927K, paused 1ms+2ms
05-17 07:49:31.754    76   115 D NetlinkEvent: Unexpected netlink message. type=0x0
05-17 07:49:31.758   292   292 I wpa_supplicant: wlan0: CTRL-EVENT-DISCONNECTED bssid=d0:c2:82:84:8d:51 reason=0
05-17 07:49:48.644   292   292 I wpa_supplicant: wlan0: Trying to associate with d0:c2:82:66:6b:f1 (SSID='UB_Secure' freq=2462 MHz)
05-17 07:49:48.683   292   292 I wpa_supplicant: wlan0: Associated with d0:c2:82:66:6b:f1
05-17 07:49:48.683   292   292 I wpa_supplicant: wlan0: CTRL-EVENT-EAP-STARTED EAP authentication started
05-17 07:49:48.687   292   292 I wpa_supplicant: wlan0: CTRL-EVENT-EAP-PROPOSED-METHOD vendor=0 method=4 -> NAK
05-17 07:49:48.691   292   292 I wpa_supplicant: wlan0: CTRL-EVENT-EAP-PROPOSED-METHOD vendor=0 method=25
05-17 07:49:48.691   292   292 I wpa_supplicant: wlan0: CTRL-EVENT-EAP-METHOD EAP vendor 0 method 25 (PEAP) selected
05-17 07:49:48.703   292   292 I wpa_supplicant: EAP-TLV: TLV Result - Success - EAP-TLV/Phase2 Completed
05-17 07:49:48.793    76   115 D NetlinkEvent: Unexpected netlink message. type=0x0
05-17 07:50:03.328  2048  2061 I PhoneLab-: Service Running
05-17 07:50:03.383  2048  2061 I PhoneLab-LoggerService: app_34    1169  1     1444   1024  c00f1758 400be794 S logcat
05-17 07:50:03.383  2048  2061 I PhoneLab-LoggerService: Logcat pid from database 1169
05-17 07:50:03.383  2048  2061 I PhoneLab-LoggerService: Logcat process found 1169
05-17 07:50:03.383  2048  2061 I PhoneLab-LoggerService: Checking Threshold
05-17 07:50:03.383  2048  2061 I PhoneLab-LoggerService: Starting to rename files
05-17 07:50:03.387  2048  2061 I PhoneLab-LoggerService: Files found .. 12
05-17 07:50:24.551   292   292 I wpa_supplicant: wlan0: CTRL-EVENT-EAP-STARTED EAP authentication started
05-17 07:50:24.551    76   115 D NetlinkEvent: Unexpected netlink message. type=0x0
05-17 07:50:24.558   292   292 I wpa_supplicant: wlan0: CTRL-EVENT-DISCONNECTED bssid=d0:c2:82:66:6b:f1 reason=0
05-17 07:50:25.848   292   292 I wpa_supplicant: wlan0: Trying to associate with d0:c2:82:67:e7:61 (SSID='UB_Secure' freq=2412 MHz)
05-17 07:50:30.457   292   292 I wpa_supplicant: wlan0: CTRL-EVENT-DISCONNECTED bssid=d0:c2:82:67:e7:61 reason=0
05-17 07:50:31.066   292   292 I wpa_supplicant: wlan0: Trying to associate with d0:c2:82:84:8d:51 (SSID='UB_Secure' freq=2462 MHz)
05-17 07:50:31.098   292   292 I wpa_supplicant: wlan0: Associated with d0:c2:82:84:8d:51
05-17 07:50:31.098   292   292 I wpa_supplicant: wlan0: CTRL-EVENT-EAP-STARTED EAP authentication started
05-17 07:50:31.105   292   292 I wpa_supplicant: wlan0: CTRL-EVENT-EAP-PROPOSED-METHOD vendor=0 method=4 -> NAK
05-17 07:50:31.105   292   292 I wpa_supplicant: wlan0: CTRL-EVENT-EAP-PROPOSED-METHOD vendor=0 method=25
05-17 07:50:31.109   292   292 I wpa_supplicant: wlan0: CTRL-EVENT-EAP-METHOD EAP vendor 0 method 25 (PEAP) selected
05-17 07:50:31.117   292   292 I wpa_supplicant: EAP-TLV: TLV Result - Success - EAP-TLV/Phase2 Completed
05-17 07:50:31.211    76   115 D NetlinkEvent: Unexpected netlink message. type=0x0
05-17 07:51:06.949   292   292 I wpa_supplicant: wlan0: CTRL-EVENT-EAP-STARTED EAP authentication started
05-17 07:51:06.953    76   115 D NetlinkEvent: Unexpected netlink message. type=0x0
05-17 07:51:06.957   292   292 I wpa_supplicant: wlan0: CTRL-EVENT-DISCONNECTED bssid=d0:c2:82:84:8d:51 reason=0
05-17 07:51:23.816   292   292 I wpa_supplicant: wlan0: Trying to associate with d0:c2:82:66:6b:f1 (SSID='UB_Secure' freq=2462 MHz)
05-17 07:51:23.851   292   292 I wpa_supplicant: wlan0: Associated with d0:c2:82:66:6b:f1
05-17 07:51:23.851   292   292 I wpa_supplicant: wlan0: CTRL-EVENT-EAP-STARTED EAP authentication started
05-17 07:51:23.859   292   292 I wpa_supplicant: wlan0: CTRL-EVENT-EAP-PROPOSED-METHOD vendor=0 method=4 -> NAK
05-17 07:51:23.863   292   292 I wpa_supplicant: wlan0: CTRL-EVENT-EAP-PROPOSED-METHOD vendor=0 method=25
05-17 07:51:23.863   292   292 I wpa_supplicant: wlan0: CTRL-EVENT-EAP-METHOD EAP vendor 0 method 25 (PEAP) selected
05-17 07:51:23.871   292   292 I wpa_supplicant: EAP-TLV: TLV Result - Success - EAP-TLV/Phase2 Completed
05-17 07:51:24.777    76   115 D NetlinkEvent: Unexpected netlink message. type=0x0
05-17 07:51:59.746   292   292 I wpa_supplicant: wlan0: CTRL-EVENT-EAP-STARTED EAP authentication started
05-17 07:51:59.750    76   115 D NetlinkEvent: Unexpected netlink message. type=0x0
05-17 07:51:59.754   292   292 I wpa_supplicant: wlan0: CTRL-EVENT-DISCONNECTED bssid=d0:c2:82:66:6b:f1 reason=0
05-17 07:52:01.043   292   292 I wpa_supplicant: wlan0: Trying to associate with d0:c2:82:84:8d:51 (SSID='UB_Secure' freq=2462 MHz)
05-17 07:52:01.152   292   292 I wpa_supplicant: wlan0: Associated with d0:c2:82:84:8d:51
05-17 07:52:01.156   292   292 I wpa_supplicant: wlan0: CTRL-EVENT-EAP-STARTED EAP authentication started
05-17 07:52:01.164   292   292 I wpa_supplicant: wlan0: CTRL-EVENT-EAP-PROPOSED-METHOD vendor=0 method=4 -> NAK
05-17 07:52:01.168   292   292 I wpa_supplicant: wlan0: CTRL-EVENT-EAP-PROPOSED-METHOD vendor=0 method=25
05-17 07:52:01.172   292   292 I wpa_supplicant: wlan0: CTRL-EVENT-EAP-METHOD EAP vendor 0 method 25 (PEAP) selected
05-17 07:52:01.191   292   292 I wpa_supplicant: EAP-TLV: TLV Result - Success - EAP-TLV/Phase2 Completed
05-17 07:52:01.242    76   115 D NetlinkEvent: Unexpected netlink message. type=0x0
05-17 07:52:03.328  2048  2061 I PhoneLab-: Service Running
05-17 07:52:03.383  2048  2061 I PhoneLab-LoggerService: app_34    1169  1     1444   1024  c00f1758 400be794 S logcat
05-17 07:52:03.383  2048  2061 I PhoneLab-LoggerService: Logcat pid from database 1169
05-17 07:52:03.383  2048  2061 I PhoneLab-LoggerService: Logcat process found 1169
05-17 07:52:03.383  2048  2061 I PhoneLab-LoggerService: Checking Threshold
05-17 07:52:03.383  2048  2061 I PhoneLab-LoggerService: Starting to rename files
05-17 07:52:03.387  2048  2061 I PhoneLab-LoggerService: Files found .. 12
05-17 07:52:37.152    76   115 D NetlinkEvent: Unexpected netlink message. type=0x0
05-17 07:52:37.160   292   292 I wpa_supplicant: wlan0: CTRL-EVENT-EAP-STARTED EAP authentication started
05-17 07:52:37.160   292   292 I wpa_supplicant: wlan0: CTRL-EVENT-DISCONNECTED bssid=d0:c2:82:84:8d:51 reason=0
05-17 07:52:38.453   292   292 I wpa_supplicant: wlan0: Trying to associate with d0:c2:82:84:8d:51 (SSID='UB_Secure' freq=2462 MHz)
05-17 07:52:38.547   292   292 I wpa_supplicant: wlan0: Associated with d0:c2:82:84:8d:51
05-17 07:52:38.547   292   292 I wpa_supplicant: wlan0: CTRL-EVENT-EAP-STARTED EAP authentication started
05-17 07:52:38.555   292   292 I wpa_supplicant: wlan0: CTRL-EVENT-EAP-PROPOSED-METHOD vendor=0 method=4 -> NAK
05-17 07:52:38.562   292   292 I wpa_supplicant: wlan0: CTRL-EVENT-EAP-PROPOSED-METHOD vendor=0 method=25
05-17 07:52:38.562   292   292 I wpa_supplicant: wlan0: CTRL-EVENT-EAP-METHOD EAP vendor 0 method 25 (PEAP) selected
05-17 07:52:38.586   292   292 I wpa_supplicant: EAP-TLV: TLV Result - Success - EAP-TLV/Phase2 Completed
05-17 07:52:38.738    76   115 D NetlinkEvent: Unexpected netlink message. type=0x0
05-17 07:53:14.543   292   292 I wpa_supplicant: wlan0: CTRL-EVENT-EAP-STARTED EAP authentication started
05-17 07:53:14.547    76   115 D NetlinkEvent: Unexpected netlink message. type=0x0
05-17 07:53:14.551   292   292 I wpa_supplicant: wlan0: CTRL-EVENT-DISCONNECTED bssid=d0:c2:82:84:8d:51 reason=0
05-17 07:53:31.402   292   292 I wpa_supplicant: wlan0: Trying to associate with d0:c2:82:66:6b:f1 (SSID='UB_Secure' freq=2462 MHz)
05-17 07:53:31.433   292   292 I wpa_supplicant: wlan0: Associated with d0:c2:82:66:6b:f1
05-17 07:53:31.433   292   292 I wpa_supplicant: wlan0: CTRL-EVENT-EAP-STARTED EAP authentication started
05-17 07:53:31.441   292   292 I wpa_supplicant: wlan0: CTRL-EVENT-EAP-PROPOSED-METHOD vendor=0 method=4 -> NAK
05-17 07:53:31.445   292   292 I wpa_supplicant: wlan0: CTRL-EVENT-EAP-PROPOSED-METHOD vendor=0 method=25
05-17 07:53:31.445   292   292 I wpa_supplicant: wlan0: CTRL-EVENT-EAP-METHOD EAP vendor 0 method 25 (PEAP) selected
05-17 07:53:31.457   292   292 I wpa_supplicant: EAP-TLV: TLV Result - Success - EAP-TLV/Phase2 Completed
05-17 07:53:31.894    76   115 D NetlinkEvent: Unexpected netlink message. type=0x0
05-17 07:54:03.328  2048  2061 I PhoneLab-: Service Running
05-17 07:54:03.383  2048  2061 I PhoneLab-LoggerService: app_34    1169  1     1444   1024  c00f1758 400be794 S logcat
05-17 07:54:03.383  2048  2061 I PhoneLab-LoggerService: Logcat pid from database 1169
05-17 07:54:03.383  2048  2061 I PhoneLab-LoggerService: Logcat process found 1169
05-17 07:54:03.383  2048  2061 I PhoneLab-LoggerService: Checking Threshold
05-17 07:54:03.383  2048  2061 I PhoneLab-LoggerService: Starting to rename files
05-17 07:54:03.387  2048  2061 I PhoneLab-LoggerService: Files found .. 12
05-17 07:54:07.344   292   292 I wpa_supplicant: wlan0: CTRL-EVENT-EAP-STARTED EAP authentication started
05-17 07:54:07.344    76   115 D NetlinkEvent: Unexpected netlink message. type=0x0
05-17 07:54:07.351   292   292 I wpa_supplicant: wlan0: CTRL-EVENT-DISCONNECTED bssid=d0:c2:82:66:6b:f1 reason=0
05-17 07:54:08.637   292   292 I wpa_supplicant: wlan0: Trying to associate with d0:c2:82:67:e7:61 (SSID='UB_Secure' freq=2412 MHz)
05-17 07:54:12.469  2048  2048 I PhoneLab-Locks: wake lock acquired
05-17 07:54:12.492  2048  2048 I PhoneLab-StatusMonitor: Status Monitoring is started
05-17 07:54:12.539  2048  2050 D dalvikvm: GC_CONCURRENT freed 444K, 8% free 9211K/9927K, paused 1ms+5ms
05-17 07:54:12.562  2048  2048 I PhoneLab-StatusMonitor: Value: 5 - unit: min
05-17 07:54:12.562  2048  2048 I PhoneLab-StatusMonitor: Running interval: 300000
05-17 07:54:12.566  2048  2048 I PhoneLab-StatusMonitor: Rescheduling status monitoring...
05-17 07:54:12.570  2048  2048 I PhoneLab-Locks: wake lock released
05-17 07:54:12.570  2048  2048 I PhoneLab-StatusMonitorLocation: Learning Location
05-17 07:54:12.570  2048  2048 I PhoneLab-Locks: wake lock acquired
05-17 07:54:12.574  2048  2048 I PhoneLab-Locks: wake lock acquired
05-17 07:54:12.578  2048  2048 I PhoneLab-StatusMonitorLocation: Learning Signal Strgth
05-17 07:54:12.578  2048  2048 I PhoneLab-Locks: wake lock acquired
05-17 07:54:12.582  2048  2048 I PhoneLab-StatusMonitorBattery: Battery_level: 96
05-17 07:54:12.582  2048  2048 I PhoneLab-Locks: wake lock released
05-17 07:54:12.582  2048  2048 I PhoneLab-StatusMonitorSignal: Signal_Strength: -96 asu: 9
05-17 07:54:12.582  2048  2048 I PhoneLab-Locks: wake lock released
05-17 07:54:13.258   292   292 I wpa_supplicant: wlan0: CTRL-EVENT-DISCONNECTED bssid=d0:c2:82:67:e7:61 reason=0
05-17 07:54:13.890   292   292 I wpa_supplicant: wlan0: Trying to associate with d0:c2:82:84:8d:51 (SSID='UB_Secure' freq=2462 MHz)
05-17 07:54:13.922   292   292 I wpa_supplicant: wlan0: Associated with d0:c2:82:84:8d:51
05-17 07:54:13.922   292   292 I wpa_supplicant: wlan0: CTRL-EVENT-EAP-STARTED EAP authentication started
05-17 07:54:13.930   292   292 I wpa_supplicant: wlan0: CTRL-EVENT-EAP-PROPOSED-METHOD vendor=0 method=4 -> NAK
05-17 07:54:13.933   292   292 I wpa_supplicant: wlan0: CTRL-EVENT-EAP-PROPOSED-METHOD vendor=0 method=25
05-17 07:54:13.933   292   292 I wpa_supplicant: wlan0: CTRL-EVENT-EAP-METHOD EAP vendor 0 method 25 (PEAP) selected
05-17 07:54:13.941   292   292 I wpa_supplicant: EAP-TLV: TLV Result - Success - EAP-TLV/Phase2 Completed
05-17 07:54:14.008    76   115 D NetlinkEvent: Unexpected netlink message. type=0x0
05-17 07:54:49.941   292   292 I wpa_supplicant: wlan0: CTRL-EVENT-EAP-STARTED EAP authentication started
05-17 07:54:49.945    76   115 D NetlinkEvent: Unexpected netlink message. type=0x0
05-17 07:54:49.949   292   292 I wpa_supplicant: wlan0: CTRL-EVENT-DISCONNECTED bssid=d0:c2:82:84:8d:51 reason=0
05-17 07:55:06.805   292   292 I wpa_supplicant: wlan0: Trying to associate with d0:c2:82:66:6b:f1 (SSID='UB_Secure' freq=2462 MHz)
05-17 07:55:06.840   292   292 I wpa_supplicant: wlan0: Associated with d0:c2:82:66:6b:f1
05-17 07:55:06.844   292   292 I wpa_supplicant: wlan0: CTRL-EVENT-EAP-STARTED EAP authentication started
05-17 07:55:06.848   292   292 I wpa_supplicant: wlan0: CTRL-EVENT-EAP-PROPOSED-METHOD vendor=0 method=4 -> NAK
05-17 07:55:06.851   292   292 I wpa_supplicant: wlan0: CTRL-EVENT-EAP-PROPOSED-METHOD vendor=0 method=25
05-17 07:55:06.851   292   292 I wpa_supplicant: wlan0: CTRL-EVENT-EAP-METHOD EAP vendor 0 method 25 (PEAP) selected
05-17 07:55:06.859   292   292 I wpa_supplicant: EAP-TLV: TLV Result - Success - EAP-TLV/Phase2 Completed
05-17 07:55:06.949    76   115 D NetlinkEvent: Unexpected netlink message. type=0x0
05-17 07:55:42.738   292   292 I wpa_supplicant: wlan0: CTRL-EVENT-EAP-STARTED EAP authentication started
05-17 07:55:42.742    76   115 D NetlinkEvent: Unexpected netlink message. type=0x0
05-17 07:55:42.746   292   292 I wpa_supplicant: wlan0: CTRL-EVENT-DISCONNECTED bssid=d0:c2:82:66:6b:f1 reason=0
05-17 07:55:44.039   292   292 I wpa_supplicant: wlan0: Trying to associate with d0:c2:82:84:8d:51 (SSID='UB_Secure' freq=2462 MHz)
05-17 07:55:44.144    76   115 D NetlinkEvent: Unexpected netlink message. type=0x0
05-17 07:55:44.148   292   292 I wpa_supplicant: wlan0: Associated with d0:c2:82:84:8d:51
05-17 07:55:44.160   292   292 I wpa_supplicant: wlan0: CTRL-EVENT-EAP-STARTED EAP authentication started
05-17 07:55:44.176   292   292 I wpa_supplicant: wlan0: CTRL-EVENT-EAP-PROPOSED-METHOD vendor=0 method=4 -> NAK
05-17 07:55:44.183   292   292 I wpa_supplicant: wlan0: CTRL-EVENT-EAP-PROPOSED-METHOD vendor=0 method=25
05-17 07:55:44.183   292   292 I wpa_supplicant: wlan0: CTRL-EVENT-EAP-METHOD EAP vendor 0 method 25 (PEAP) selected
05-17 07:55:44.203   292   292 I wpa_supplicant: EAP-TLV: TLV Result - Success - EAP-TLV/Phase2 Completed
05-17 07:56:00.180   215   217 D dalvikvm: GC_CONCURRENT freed 418K, 5% free 10468K/11015K, paused 2ms+9ms
05-17 07:56:02.047   292   292 I wpa_supplicant: wlan0: CTRL-EVENT-DISCONNECTED bssid=d0:c2:82:84:8d:51 reason=0
05-17 07:56:02.047    76   115 D NetlinkEvent: Unexpected netlink message. type=0x0
05-17 07:56:03.344   292   292 I wpa_supplicant: wlan0: Trying to associate with d0:c2:82:67:e7:61 (SSID='UB_Secure' freq=2412 MHz)
05-17 07:56:03.348  2048  2061 I PhoneLab-: Service Running
05-17 07:56:03.394  2048  2061 I PhoneLab-LoggerService: app_34    1169  1     1444   1024  c00f1758 400be794 S logcat
05-17 07:56:03.394  2048  2061 I PhoneLab-LoggerService: Logcat pid from database 1169
05-17 07:56:03.394  2048  2061 I PhoneLab-LoggerService: Logcat process found 1169
05-17 07:56:03.394  2048  2061 I PhoneLab-LoggerService: Checking Threshold
05-17 07:56:03.394  2048  2061 I PhoneLab-LoggerService: Starting to rename files
05-17 07:56:03.394  2048  2061 I PhoneLab-LoggerService: Files found .. 12
05-17 07:56:08.164   292   292 I wpa_supplicant: wlan0: CTRL-EVENT-DISCONNECTED bssid=d0:c2:82:67:e7:61 reason=0
05-17 07:56:13.363   292   292 I wpa_supplicant: wlan0: Authentication with 00:00:00:00:00:00 timed out.
05-17 07:56:13.488   144   146 D dalvikvm: GC_CONCURRENT freed 1259K, 26% free 14773K/19847K, paused 19ms+8ms
05-17 07:56:15.043   292   292 I wpa_supplicant: wlan0: Trying to associate with d0:c2:82:66:6b:f1 (SSID='UB_Secure' freq=2462 MHz)
05-17 07:56:15.219   292   292 I wpa_supplicant: wlan0: Associated with d0:c2:82:66:6b:f1
05-17 07:56:15.223   292   292 I wpa_supplicant: wlan0: CTRL-EVENT-EAP-STARTED EAP authentication started
05-17 07:56:15.230   292   292 I wpa_supplicant: wlan0: CTRL-EVENT-EAP-PROPOSED-METHOD vendor=0 method=4 -> NAK
05-17 07:56:15.242   292   292 I wpa_supplicant: wlan0: CTRL-EVENT-EAP-PROPOSED-METHOD vendor=0 method=25
05-17 07:56:15.242   292   292 I wpa_supplicant: wlan0: CTRL-EVENT-EAP-METHOD EAP vendor 0 method 25 (PEAP) selected
05-17 07:56:15.254    76   115 D NetlinkEvent: Unexpected netlink message. type=0x0
05-17 07:56:15.277   292   292 I wpa_supplicant: EAP-TLV: TLV Result - Success - EAP-TLV/Phase2 Completed
05-17 07:56:51.140   292   292 I wpa_supplicant: wlan0: CTRL-EVENT-EAP-STARTED EAP authentication started
05-17 07:56:51.144    76   115 D NetlinkEvent: Unexpected netlink message. type=0x0
05-17 07:56:51.152   292   292 I wpa_supplicant: wlan0: CTRL-EVENT-DISCONNECTED bssid=d0:c2:82:66:6b:f1 reason=0
05-17 07:56:52.449   292   292 I wpa_supplicant: wlan0: Trying to associate with d0:c2:82:84:8d:51 (SSID='UB_Secure' freq=2462 MHz)
05-17 07:56:52.558   292   292 I wpa_supplicant: wlan0: Associated with d0:c2:82:84:8d:51
05-17 07:56:52.558   292   292 I wpa_supplicant: wlan0: CTRL-EVENT-EAP-STARTED EAP authentication started
05-17 07:56:52.558    76   115 D NetlinkEvent: Unexpected netlink message. type=0x0
05-17 07:56:52.574   292   292 I wpa_supplicant: wlan0: CTRL-EVENT-EAP-PROPOSED-METHOD vendor=0 method=4 -> NAK
05-17 07:56:52.578   292   292 I wpa_supplicant: wlan0: CTRL-EVENT-EAP-PROPOSED-METHOD vendor=0 method=25
05-17 07:56:52.578   292   292 I wpa_supplicant: wlan0: CTRL-EVENT-EAP-METHOD EAP vendor 0 method 25 (PEAP) selected
05-17 07:56:52.605   292   292 I wpa_supplicant: EAP-TLV: TLV Result - Success - EAP-TLV/Phase2 Completed
05-17 07:57:28.543   292   292 I wpa_supplicant: wlan0: CTRL-EVENT-EAP-STARTED EAP authentication started
05-17 07:57:28.547    76   115 D NetlinkEvent: Unexpected netlink message. type=0x0
05-17 07:57:28.555   292   292 I wpa_supplicant: wlan0: CTRL-EVENT-DISCONNECTED bssid=d0:c2:82:84:8d:51 reason=0
05-17 07:57:29.840   292   292 I wpa_supplicant: wlan0: Trying to associate with d0:c2:82:66:69:d1 (SSID='UB_Secure' freq=2462 MHz)
05-17 07:57:34.340   292   292 I wpa_supplicant: wlan0: CTRL-EVENT-DISCONNECTED bssid=d0:c2:82:66:69:d1 reason=0
05-17 07:57:34.957   292   292 I wpa_supplicant: wlan0: Trying to associate with d0:c2:82:66:69:21 (SSID='UB_Secure' freq=2437 MHz)
05-17 07:57:35.105   292   292 I wpa_supplicant: wlan0: Associated with d0:c2:82:66:69:21
05-17 07:57:35.105   292   292 I wpa_supplicant: wlan0: CTRL-EVENT-EAP-STARTED EAP authentication started
05-17 07:57:35.113   292   292 I wpa_supplicant: wlan0: CTRL-EVENT-EAP-PROPOSED-METHOD vendor=0 method=4 -> NAK
05-17 07:57:35.121   292   292 I wpa_supplicant: wlan0: CTRL-EVENT-EAP-PROPOSED-METHOD vendor=0 method=25
05-17 07:57:35.121   292   292 I wpa_supplicant: wlan0: CTRL-EVENT-EAP-METHOD EAP vendor 0 method 25 (PEAP) selected
05-17 07:57:35.133   292   292 I wpa_supplicant: EAP-TLV: TLV Result - Success - EAP-TLV/Phase2 Completed
05-17 07:57:35.297    76   115 D NetlinkEvent: Unexpected netlink message. type=0x0
05-17 07:57:54.930   292   292 I wpa_supplicant: wlan0: CTRL-EVENT-DISCONNECTED bssid=d0:c2:82:66:69:21 reason=0
05-17 07:58:03.328  2048  2061 I PhoneLab-: Service Running
05-17 07:58:03.375  2048  2061 I PhoneLab-LoggerService: app_34    1169  1     1444   1024  c00f1758 400be794 S logcat
05-17 07:58:03.375  2048  2061 I PhoneLab-LoggerService: Logcat pid from database 1169
05-17 07:58:03.375  2048  2061 I PhoneLab-LoggerService: Logcat process found 1169
05-17 07:58:03.375  2048  2061 I PhoneLab-LoggerService: Checking Threshold
05-17 07:58:03.379  2048  2061 I PhoneLab-LoggerService: Starting to rename files
05-17 07:58:03.379  2048  2061 I PhoneLab-LoggerService: Files found .. 12
05-17 07:58:11.098   292   292 I wpa_supplicant: wlan0: Trying to associate with d0:c2:82:66:6b:f1 (SSID='UB_Secure' freq=2462 MHz)
05-17 07:58:11.258   292   292 I wpa_supplicant: wlan0: Associated with d0:c2:82:66:6b:f1
05-17 07:58:11.258   292   292 I wpa_supplicant: wlan0: CTRL-EVENT-EAP-STARTED EAP authentication started
05-17 07:58:11.262   292   292 I wpa_supplicant: wlan0: CTRL-EVENT-EAP-PROPOSED-METHOD vendor=0 method=4 -> NAK
05-17 07:58:11.269   292   292 I wpa_supplicant: wlan0: CTRL-EVENT-EAP-PROPOSED-METHOD vendor=0 method=25
05-17 07:58:11.269   292   292 I wpa_supplicant: wlan0: CTRL-EVENT-EAP-METHOD EAP vendor 0 method 25 (PEAP) selected
05-17 07:58:11.273   292   292 I wpa_supplicant: EAP-TLV: TLV Result - Success - EAP-TLV/Phase2 Completed
05-17 07:58:12.031    76   115 D NetlinkEvent: Unexpected netlink message. type=0x0
05-17 07:58:47.144   292   292 I wpa_supplicant: wlan0: CTRL-EVENT-EAP-STARTED EAP authentication started
05-17 07:58:47.148    76   115 D NetlinkEvent: Unexpected netlink message. type=0x0
05-17 07:58:47.152   292   292 I wpa_supplicant: wlan0: CTRL-EVENT-DISCONNECTED bssid=d0:c2:82:66:6b:f1 reason=0
05-17 07:58:48.437   292   292 I wpa_supplicant: wlan0: Trying to associate with d0:c2:82:2d:e4:b1 (SSID='UB_Secure' freq=2412 MHz)
05-17 07:58:53.078   292   292 I wpa_supplicant: wlan0: CTRL-EVENT-DISCONNECTED bssid=d0:c2:82:2d:e4:b1 reason=0
05-17 07:58:53.695   292   292 I wpa_supplicant: wlan0: Trying to associate with d0:c2:82:84:8d:51 (SSID='UB_Secure' freq=2462 MHz)
05-17 07:58:53.726   292   292 I wpa_supplicant: wlan0: Associated with d0:c2:82:84:8d:51
05-17 07:58:53.726   292   292 I wpa_supplicant: wlan0: CTRL-EVENT-EAP-STARTED EAP authentication started
05-17 07:58:53.730   292   292 I wpa_supplicant: wlan0: CTRL-EVENT-EAP-PROPOSED-METHOD vendor=0 method=4 -> NAK
05-17 07:58:53.734   292   292 I wpa_supplicant: wlan0: CTRL-EVENT-EAP-PROPOSED-METHOD vendor=0 method=25
05-17 07:58:53.734   292   292 I wpa_supplicant: wlan0: CTRL-EVENT-EAP-METHOD EAP vendor 0 method 25 (PEAP) selected
05-17 07:58:53.746   292   292 I wpa_supplicant: EAP-TLV: TLV Result - Success - EAP-TLV/Phase2 Completed
05-17 07:58:53.937    76   115 D NetlinkEvent: Unexpected netlink message. type=0x0
05-17 07:59:12.605  2048  2048 I PhoneLab-Locks: wake lock acquired
05-17 07:59:12.617  2048  2048 I PhoneLab-StatusMonitor: Status Monitoring is started
05-17 07:59:12.676  2048  2050 D dalvikvm: GC_CONCURRENT freed 518K, 8% free 9205K/9927K, paused 1ms+4ms
05-17 07:59:12.711  2048  2048 I PhoneLab-StatusMonitor: Value: 5 - unit: min
05-17 07:59:12.711  2048  2048 I PhoneLab-StatusMonitor: Running interval: 300000
05-17 07:59:12.723  2048  2048 I PhoneLab-StatusMonitor: Rescheduling status monitoring...
05-17 07:59:12.742  2048  2060 D dalvikvm: GC_EXPLICIT freed 357K, 8% free 9180K/9927K, paused 1ms+2ms
05-17 07:59:12.742  2048  2048 I PhoneLab-Locks: wake lock released
05-17 07:59:12.746  2048  2048 I PhoneLab-StatusMonitorLocation: Learning Location
05-17 07:59:12.746  2048  2048 I PhoneLab-Locks: wake lock acquired
05-17 07:59:12.746  2048  2048 I PhoneLab-Locks: wake lock acquired
05-17 07:59:12.750  2048  2048 I PhoneLab-StatusMonitorLocation: Learning Signal Strgth
05-17 07:59:12.750  2048  2048 I PhoneLab-Locks: wake lock acquired
05-17 07:59:12.758  2048  2048 I PhoneLab-StatusMonitorBattery: Battery_level: 96
05-17 07:59:12.758  2048  2048 I PhoneLab-Locks: wake lock released
05-17 07:59:12.758  2048  2048 I PhoneLab-StatusMonitorSignal: Signal_Strength: -96 asu: 9
05-17 07:59:12.758  2048  2048 I PhoneLab-Locks: wake lock released
05-17 07:59:53.773   292   292 I wpa_supplicant: wlan0: CTRL-EVENT-EAP-SUCCESS EAP authentication completed successfully
05-17 07:59:59.738   292   292 I wpa_supplicant: wlan0: CTRL-EVENT-DISCONNECTED bssid=d0:c2:82:84:8d:51 reason=0
05-17 07:59:59.742    76   115 D NetlinkEvent: Unexpected netlink message. type=0x0
05-17 08:00:03.328  2048  2061 I PhoneLab-: Service Running
05-17 08:00:03.379  2048  2061 I PhoneLab-LoggerService: app_34    1169  1     1444   1024  c00f1758 400be794 S logcat
05-17 08:00:03.379  2048  2061 I PhoneLab-LoggerService: Logcat pid from database 1169
05-17 08:00:03.379  2048  2061 I PhoneLab-LoggerService: Logcat process found 1169
05-17 08:00:03.379  2048  2061 I PhoneLab-LoggerService: Checking Threshold
05-17 08:00:03.383  2048  2061 I PhoneLab-LoggerService: Starting to rename files
05-17 08:00:03.383  2048  2061 I PhoneLab-LoggerService: Files found .. 12
05-17 08:00:03.730   292   292 I wpa_supplicant: wlan0: Authentication with 00:00:00:00:00:00 timed out.
05-17 08:00:21.375   292   292 I wpa_supplicant: wlan0: Trying to associate with d0:c2:82:66:6b:f1 (SSID='UB_Secure' freq=2462 MHz)
05-17 08:00:21.465   292   292 I wpa_supplicant: wlan0: Associated with d0:c2:82:66:6b:f1
05-17 08:00:21.469   292   292 I wpa_supplicant: wlan0: CTRL-EVENT-EAP-STARTED EAP authentication started
05-17 08:00:21.476   292   292 I wpa_supplicant: wlan0: CTRL-EVENT-EAP-PROPOSED-METHOD vendor=0 method=4 -> NAK
05-17 08:00:21.484   292   292 I wpa_supplicant: wlan0: CTRL-EVENT-EAP-PROPOSED-METHOD vendor=0 method=25
05-17 08:00:21.484   292   292 I wpa_supplicant: wlan0: CTRL-EVENT-EAP-METHOD EAP vendor 0 method 25 (PEAP) selected
05-17 08:00:21.504   292   292 I wpa_supplicant: EAP-TLV: TLV Result - Success - EAP-TLV/Phase2 Completed
05-17 08:00:22.387    76   115 D NetlinkEvent: Unexpected netlink message. type=0x0
05-17 08:00:57.340   292   292 I wpa_supplicant: wlan0: CTRL-EVENT-EAP-STARTED EAP authentication started
05-17 08:00:57.340    76   115 D NetlinkEvent: Unexpected netlink message. type=0x0
05-17 08:00:57.348   292   292 I wpa_supplicant: wlan0: CTRL-EVENT-DISCONNECTED bssid=d0:c2:82:66:6b:f1 reason=0
05-17 08:00:58.625   292   292 I wpa_supplicant: wlan0: Trying to associate with d0:c2:82:84:8d:51 (SSID='UB_Secure' freq=2462 MHz)
05-17 08:00:58.734   292   292 I wpa_supplicant: wlan0: Associated with d0:c2:82:84:8d:51
05-17 08:00:58.734   292   292 I wpa_supplicant: wlan0: CTRL-EVENT-EAP-STARTED EAP authentication started
05-17 08:00:58.742   292   292 I wpa_supplicant: wlan0: CTRL-EVENT-EAP-PROPOSED-METHOD vendor=0 method=4 -> NAK
05-17 08:00:58.746    76   115 D NetlinkEvent: Unexpected netlink message. type=0x0
05-17 08:00:58.750   292   292 I wpa_supplicant: wlan0: CTRL-EVENT-EAP-PROPOSED-METHOD vendor=0 method=25
05-17 08:00:58.750   292   292 I wpa_supplicant: wlan0: CTRL-EVENT-EAP-METHOD EAP vendor 0 method 25 (PEAP) selected
05-17 08:00:58.758   292   292 I wpa_supplicant: EAP-TLV: TLV Result - Success - EAP-TLV/Phase2 Completed
05-17 08:01:34.738    76   115 D NetlinkEvent: Unexpected netlink message. type=0x0
05-17 08:01:34.742   292   292 I wpa_supplicant: wlan0: CTRL-EVENT-DISCONNECTED bssid=d0:c2:82:84:8d:51 reason=0
05-17 08:01:36.031   292   292 I wpa_supplicant: wlan0: Trying to associate with d0:c2:82:66:6b:f1 (SSID='UB_Secure' freq=2462 MHz)
05-17 08:01:36.101   292   292 I wpa_supplicant: wlan0: Associated with d0:c2:82:66:6b:f1
05-17 08:01:36.101   292   292 I wpa_supplicant: wlan0: CTRL-EVENT-EAP-STARTED EAP authentication started
05-17 08:01:36.109   292   292 I wpa_supplicant: wlan0: CTRL-EVENT-EAP-PROPOSED-METHOD vendor=0 method=4 -> NAK
05-17 08:01:36.113   292   292 I wpa_supplicant: wlan0: CTRL-EVENT-EAP-PROPOSED-METHOD vendor=0 method=25
05-17 08:01:36.117   292   292 I wpa_supplicant: wlan0: CTRL-EVENT-EAP-METHOD EAP vendor 0 method 25 (PEAP) selected
05-17 08:01:36.129    76   115 D NetlinkEvent: Unexpected netlink message. type=0x0
05-17 08:01:36.156   292   292 I wpa_supplicant: EAP-TLV: TLV Result - Success - EAP-TLV/Phase2 Completed
05-17 08:02:03.328  2048  2061 I PhoneLab-: Service Running
05-17 08:02:03.391  2048  2061 I PhoneLab-LoggerService: app_34    1169  1     1444   1024  c00f1758 400be794 S logcat
05-17 08:02:03.391  2048  2061 I PhoneLab-LoggerService: Logcat pid from database 1169
05-17 08:02:03.391  2048  2061 I PhoneLab-LoggerService: Logcat process found 1169
05-17 08:02:03.391  2048  2061 I PhoneLab-LoggerService: Checking Threshold
05-17 08:02:03.391  2048  2061 I PhoneLab-LoggerService: Starting to rename files
05-17 08:02:03.391  2048  2061 I PhoneLab-LoggerService: Files found .. 12
05-17 08:02:12.137   292   292 I wpa_supplicant: wlan0: CTRL-EVENT-EAP-STARTED EAP authentication started
05-17 08:02:12.141    76   115 D NetlinkEvent: Unexpected netlink message. type=0x0
05-17 08:02:12.148   292   292 I wpa_supplicant: wlan0: CTRL-EVENT-DISCONNECTED bssid=d0:c2:82:66:6b:f1 reason=0
05-17 08:02:13.433   292   292 I wpa_supplicant: wlan0: Trying to associate with d0:c2:82:84:8d:51 (SSID='UB_Secure' freq=2462 MHz)
05-17 08:02:13.500   292   292 I wpa_supplicant: wlan0: Associated with d0:c2:82:84:8d:51
05-17 08:02:13.500   292   292 I wpa_supplicant: wlan0: CTRL-EVENT-EAP-STARTED EAP authentication started
05-17 08:02:13.508   292   292 I wpa_supplicant: wlan0: CTRL-EVENT-EAP-PROPOSED-METHOD vendor=0 method=4 -> NAK
05-17 08:02:13.512   292   292 I wpa_supplicant: wlan0: CTRL-EVENT-EAP-PROPOSED-METHOD vendor=0 method=25
05-17 08:02:13.512   292   292 I wpa_supplicant: wlan0: CTRL-EVENT-EAP-METHOD EAP vendor 0 method 25 (PEAP) selected
05-17 08:02:13.531   292   292 I wpa_supplicant: EAP-TLV: TLV Result - Success - EAP-TLV/Phase2 Completed
05-17 08:02:13.539    76   115 D NetlinkEvent: Unexpected netlink message. type=0x0
05-17 08:02:49.535   292   292 I wpa_supplicant: wlan0: CTRL-EVENT-EAP-STARTED EAP authentication started
05-17 08:02:49.539    76   115 D NetlinkEvent: Unexpected netlink message. type=0x0
05-17 08:02:49.547   292   292 I wpa_supplicant: wlan0: CTRL-EVENT-DISCONNECTED bssid=d0:c2:82:84:8d:51 reason=0
05-17 08:02:50.836   292   292 I wpa_supplicant: wlan0: Trying to associate with d0:c2:82:84:8d:51 (SSID='UB_Secure' freq=2462 MHz)
05-17 08:02:50.910   292   292 I wpa_supplicant: wlan0: Associated with d0:c2:82:84:8d:51
05-17 08:02:50.910   292   292 I wpa_supplicant: wlan0: CTRL-EVENT-EAP-STARTED EAP authentication started
05-17 08:02:50.914   292   292 I wpa_supplicant: wlan0: CTRL-EVENT-EAP-PROPOSED-METHOD vendor=0 method=4 -> NAK
05-17 08:02:50.922   292   292 I wpa_supplicant: wlan0: CTRL-EVENT-EAP-PROPOSED-METHOD vendor=0 method=25
05-17 08:02:50.926   292   292 I wpa_supplicant: wlan0: CTRL-EVENT-EAP-METHOD EAP vendor 0 method 25 (PEAP) selected
05-17 08:02:50.933    76   115 D NetlinkEvent: Unexpected netlink message. type=0x0
05-17 08:02:50.965   292   292 I wpa_supplicant: EAP-TLV: TLV Result - Success - EAP-TLV/Phase2 Completed
05-17 08:03:21.555  1986  2008 I InvalidationClientImpl: [chromesync#1604387069] Sending heartbeat to server: HeartbeatTask: this$0 = Client: com.google.protos.ipc.invalidation.ClientProtocol$ApplicationClientIdP@413b9c48, \n\006\n\004\010\003\020\001\022\022\t\047-\220D\317B\250\240\021\375G\227\325!~^\332\032\007\010\202,\020\003\030\n, nextPerformanceSendTimeMs = 1337274682250, 
05-17 08:03:21.558  1986  2008 I InvalidationClientImpl: [chromesync#1604387069] Sending info message to server
05-17 08:03:23.305  1986  1989 D dalvikvm: GC_CONCURRENT freed 409K, 7% free 9747K/10375K, paused 1ms+6ms
05-17 08:03:26.937   292   292 I wpa_supplicant: wlan0: CTRL-EVENT-EAP-STARTED EAP authentication started
05-17 08:03:26.941    76   115 D NetlinkEvent: Unexpected netlink message. type=0x0
05-17 08:03:26.945   292   292 I wpa_supplicant: wlan0: CTRL-EVENT-DISCONNECTED bssid=d0:c2:82:84:8d:51 reason=0
05-17 08:03:28.226   292   292 I wpa_supplicant: wlan0: Trying to associate with d0:c2:82:84:8d:51 (SSID='UB_Secure' freq=2462 MHz)
05-17 08:03:28.305   292   292 I wpa_supplicant: wlan0: Associated with d0:c2:82:84:8d:51
05-17 08:03:28.305   292   292 I wpa_supplicant: wlan0: CTRL-EVENT-EAP-STARTED EAP authentication started
05-17 08:03:28.308   292   292 I wpa_supplicant: wlan0: CTRL-EVENT-EAP-PROPOSED-METHOD vendor=0 method=4 -> NAK
05-17 08:03:28.316   292   292 I wpa_supplicant: wlan0: CTRL-EVENT-EAP-PROPOSED-METHOD vendor=0 method=25
05-17 08:03:28.320   292   292 I wpa_supplicant: wlan0: CTRL-EVENT-EAP-METHOD EAP vendor 0 method 25 (PEAP) selected
05-17 08:03:28.328    76   115 D NetlinkEvent: Unexpected netlink message. type=0x0
05-17 08:03:28.344   292   292 I wpa_supplicant: EAP-TLV: TLV Result - Success - EAP-TLV/Phase2 Completed
05-17 08:04:03.328  2048  2061 I PhoneLab-: Service Running
05-17 08:04:03.391  2048  2061 I PhoneLab-LoggerService: app_34    1169  1     1444   1024  c00f1758 400be794 S logcat
05-17 08:04:03.391  2048  2061 I PhoneLab-LoggerService: Logcat pid from database 1169
05-17 08:04:03.391  2048  2061 I PhoneLab-LoggerService: Logcat process found 1169
05-17 08:04:03.391  2048  2061 I PhoneLab-LoggerService: Checking Threshold
05-17 08:04:03.391  2048  2061 I PhoneLab-LoggerService: Starting to rename files
05-17 08:04:03.391  2048  2061 I PhoneLab-LoggerService: Files found .. 12
05-17 08:04:04.336    76   115 D NetlinkEvent: Unexpected netlink message. type=0x0
05-17 08:04:04.344   292   292 I wpa_supplicant: wlan0: CTRL-EVENT-DISCONNECTED bssid=d0:c2:82:84:8d:51 reason=0
05-17 08:04:05.629   292   292 I wpa_supplicant: wlan0: Trying to associate with d0:c2:82:84:8d:51 (SSID='UB_Secure' freq=2462 MHz)
05-17 08:04:05.703   292   292 I wpa_supplicant: wlan0: Associated with d0:c2:82:84:8d:51
05-17 08:04:05.707   292   292 I wpa_supplicant: wlan0: CTRL-EVENT-EAP-STARTED EAP authentication started
05-17 08:04:05.711   292   292 I wpa_supplicant: wlan0: CTRL-EVENT-EAP-PROPOSED-METHOD vendor=0 method=4 -> NAK
05-17 08:04:05.719    76   115 D NetlinkEvent: Unexpected netlink message. type=0x0
05-17 08:04:05.730   292   292 I wpa_supplicant: wlan0: CTRL-EVENT-EAP-PROPOSED-METHOD vendor=0 method=25
05-17 08:04:05.734   292   292 I wpa_supplicant: wlan0: CTRL-EVENT-EAP-METHOD EAP vendor 0 method 25 (PEAP) selected
05-17 08:04:05.758   292   292 I wpa_supplicant: EAP-TLV: TLV Result - Success - EAP-TLV/Phase2 Completed
05-17 08:04:12.777  2048  2048 I PhoneLab-Locks: wake lock acquired
05-17 08:04:12.781  2048  2048 I PhoneLab-StatusMonitor: Status Monitoring is started
05-17 08:04:12.840  2048  2050 D dalvikvm: GC_CONCURRENT freed 478K, 8% free 9212K/9927K, paused 1ms+3ms
05-17 08:04:12.855  2048  2048 I PhoneLab-StatusMonitor: Value: 5 - unit: min
05-17 08:04:12.855  2048  2048 I PhoneLab-StatusMonitor: Running interval: 300000
05-17 08:04:12.867  2048  2048 I PhoneLab-StatusMonitor: Rescheduling status monitoring...
05-17 08:04:12.867  2048  2048 I PhoneLab-Locks: wake lock released
05-17 08:04:12.871  2048  2048 I PhoneLab-StatusMonitorLocation: Learning Location
05-17 08:04:12.871  2048  2048 I PhoneLab-Locks: wake lock acquired
05-17 08:04:12.871  2048  2048 I PhoneLab-Locks: wake lock acquired
05-17 08:04:12.875  2048  2048 I PhoneLab-StatusMonitorLocation: Learning Signal Strgth
05-17 08:04:12.875  2048  2048 I PhoneLab-Locks: wake lock acquired
05-17 08:04:12.879  2048  2048 I PhoneLab-StatusMonitorBattery: Battery_level: 97
05-17 08:04:12.879  2048  2048 I PhoneLab-Locks: wake lock released
05-17 08:04:12.883  2048  2048 I PhoneLab-StatusMonitorSignal: Signal_Strength: -96 asu: 9
05-17 08:04:12.883  2048  2048 I PhoneLab-Locks: wake lock released
05-17 08:04:41.734    76   115 D NetlinkEvent: Unexpected netlink message. type=0x0
05-17 08:04:41.738   292   292 I wpa_supplicant: wlan0: CTRL-EVENT-DISCONNECTED bssid=d0:c2:82:84:8d:51 reason=0
05-17 08:04:43.426   292   292 I wpa_supplicant: wlan0: Trying to associate with d0:c2:82:66:69:d1 (SSID='UB_Secure' freq=2462 MHz)
05-17 08:04:47.504   292   292 I wpa_supplicant: wlan0: CTRL-EVENT-DISCONNECTED bssid=d0:c2:82:66:69:d1 reason=0
05-17 08:04:47.656   144   146 D dalvikvm: GC_CONCURRENT freed 1353K, 26% free 14736K/19847K, paused 19ms+8ms
05-17 08:04:48.418   292   292 I wpa_supplicant: wlan0: Trying to associate with d0:c2:82:66:6b:f1 (SSID='UB_Secure' freq=2462 MHz)
05-17 08:04:48.469   292   292 I wpa_supplicant: wlan0: Associated with d0:c2:82:66:6b:f1
05-17 08:04:48.469   292   292 I wpa_supplicant: wlan0: CTRL-EVENT-EAP-STARTED EAP authentication started
05-17 08:04:48.473   292   292 I wpa_supplicant: wlan0: CTRL-EVENT-EAP-PROPOSED-METHOD vendor=0 method=4 -> NAK
05-17 08:04:48.476   292   292 I wpa_supplicant: wlan0: CTRL-EVENT-EAP-PROPOSED-METHOD vendor=0 method=25
05-17 08:04:48.476   292   292 I wpa_supplicant: wlan0: CTRL-EVENT-EAP-METHOD EAP vendor 0 method 25 (PEAP) selected
05-17 08:04:48.500   292   292 I wpa_supplicant: EAP-TLV: TLV Result - Success - EAP-TLV/Phase2 Completed
05-17 08:04:50.098    76   115 D NetlinkEvent: Unexpected netlink message. type=0x0
05-17 08:05:24.336   292   292 I wpa_supplicant: wlan0: CTRL-EVENT-DISCONNECTED bssid=d0:c2:82:66:6b:f1 reason=0
05-17 08:05:24.336    76   115 D NetlinkEvent: Unexpected netlink message. type=0x0
05-17 08:05:25.617   292   292 I wpa_supplicant: wlan0: Trying to associate with d0:c2:82:66:69:d1 (SSID='UB_Secure' freq=2462 MHz)
05-17 08:05:25.691   292   292 I wpa_supplicant: wlan0: Associated with d0:c2:82:66:69:d1
05-17 08:05:25.691   292   292 I wpa_supplicant: wlan0: CTRL-EVENT-EAP-STARTED EAP authentication started
05-17 08:05:25.695   292   292 I wpa_supplicant: wlan0: CTRL-EVENT-EAP-PROPOSED-METHOD vendor=0 method=4 -> NAK
05-17 08:05:25.703   292   292 I wpa_supplicant: wlan0: CTRL-EVENT-EAP-PROPOSED-METHOD vendor=0 method=25
05-17 08:05:25.703   292   292 I wpa_supplicant: wlan0: CTRL-EVENT-EAP-METHOD EAP vendor 0 method 25 (PEAP) selected
05-17 08:05:25.726   292   292 I wpa_supplicant: EAP-TLV: TLV Result - Success - EAP-TLV/Phase2 Completed
05-17 08:05:25.812    76   115 D NetlinkEvent: Unexpected netlink message. type=0x0
05-17 08:06:01.891   292   292 I wpa_supplicant: wlan0: CTRL-EVENT-EAP-STARTED EAP authentication started
05-17 08:06:02.191   292   292 I wpa_supplicant: wlan0: CTRL-EVENT-EAP-PROPOSED-METHOD vendor=0 method=4 -> NAK
05-17 08:06:03.004   292   292 I wpa_supplicant: wlan0: CTRL-EVENT-EAP-PROPOSED-METHOD vendor=0 method=25
05-17 08:06:03.004   292   292 I wpa_supplicant: wlan0: CTRL-EVENT-EAP-METHOD EAP vendor 0 method 25 (PEAP) selected
05-17 08:06:03.328  2048  2061 I PhoneLab-: Service Running
05-17 08:06:03.391  2048  2061 I PhoneLab-LoggerService: app_34    1169  1     1444   1024  c00f1758 400be794 S logcat
05-17 08:06:03.391  2048  2061 I PhoneLab-LoggerService: Logcat pid from database 1169
05-17 08:06:03.391  2048  2061 I PhoneLab-LoggerService: Logcat process found 1169
05-17 08:06:03.391  2048  2061 I PhoneLab-LoggerService: Checking Threshold
05-17 08:06:03.391  2048  2061 I PhoneLab-LoggerService: Starting to rename files
05-17 08:06:03.391  2048  2061 I PhoneLab-LoggerService: Files found .. 12
05-17 08:06:05.246   292   292 I wpa_supplicant: EAP-TLV: TLV Result - Success - EAP-TLV/Phase2 Completed
05-17 08:06:15.125   144   201 D ConnectivityService: ConnectivityChange for WIMAX: DISCONNECTED/SCANNING
05-17 08:06:15.125   144   201 D ConnectivityService: Attempting to switch to mobile
05-17 08:06:15.125   144   201 D ConnectivityService: Attempting to switch to WIFI
05-17 08:06:15.125   144   201 D ConnectivityService: Attempting to switch to BLUETOOTH_TETHER
05-17 08:06:15.164   144   197 D NetworkPolicy: applying policy NetworkPolicy[NetworkTemplate: matchRule=MOBILE_ALL, subscriberId=valid]: cycleDay=21, warningBytes=2147483648, limitBytes=-1, lastSnooze=-1 to ifaces [rmnet0]
05-17 08:06:15.172   144   197 D NetworkPolicy: applying policy NetworkPolicy[NetworkTemplate: matchRule=MOBILE_ALL, subscriberId=valid]: cycleDay=21, warningBytes=2147483648, limitBytes=-1, lastSnooze=-1 to ifaces [rmnet0]
05-17 08:06:18.144   144   205 D Tethering: MasterInitialState.processMessage what=3
05-17 08:06:18.199   144   205 D Tethering: MasterInitialState.processMessage what=3
05-17 08:06:18.254   268   268 D dalvikvm: GC_EXPLICIT freed 92K, 6% free 10453K/11079K, paused 3ms+3ms
05-17 08:06:18.269  9130  9130 I MediaUploader: No need to wake up
05-17 08:06:18.285  1058  1075 D PicasaSyncManager: active network: NetworkInfo: type: mobile[CDMA - EvDo rev. 0], state: CONNECTED/CONNECTED, reason: (unspecified), extra: , roaming: false, failover: false, isAvailable: true
05-17 08:06:18.285  1058  1075 D PicasaSyncManager: background data: true
05-17 08:06:18.340  9130  9130 I MediaUploader: No need to wake up
05-17 08:06:18.363  1058  1075 D PicasaSyncManager: active network: NetworkInfo: type: mobile[CDMA - EvDo rev. 0], state: CONNECTED/CONNECTED, reason: (unspecified), extra: , roaming: false, failover: false, isAvailable: true
05-17 08:06:18.363  1058  1075 D PicasaSyncManager: background data: true
05-17 08:06:18.703   144   201 D ConnectivityService: handleInetConditionHoldEnd: net=0, condition=100, published condition=100
05-17 08:06:21.598   144   201 D ConnectivityService: ConnectivityChange for WIMAX: DISCONNECTED/SCANNING
05-17 08:06:21.598   144   201 D ConnectivityService: Attempting to switch to mobile
05-17 08:06:21.598   144   201 D ConnectivityService: Attempting to switch to WIFI
05-17 08:06:21.601   144   201 D ConnectivityService: Attempting to switch to BLUETOOTH_TETHER
05-17 08:06:21.648   144   197 D NetworkPolicy: applying policy NetworkPolicy[NetworkTemplate: matchRule=MOBILE_ALL, subscriberId=valid]: cycleDay=21, warningBytes=2147483648, limitBytes=-1, lastSnooze=-1 to ifaces [rmnet0]
05-17 08:06:21.656   144   197 D NetworkPolicy: applying policy NetworkPolicy[NetworkTemplate: matchRule=MOBILE_ALL, subscriberId=valid]: cycleDay=21, warningBytes=2147483648, limitBytes=-1, lastSnooze=-1 to ifaces [rmnet0]
05-17 08:06:24.641   144   205 D Tethering: MasterInitialState.processMessage what=3
05-17 08:06:24.715  9130  9130 I MediaUploader: No need to wake up
05-17 08:06:24.785  9130  9130 I MediaUploader: No need to wake up
05-17 08:06:24.805   144   205 D Tethering: MasterInitialState.processMessage what=3
