05-24 12:58:13.917 23241 23241 I PhoneLab-StatusMonitor: Status Monitoring is started
05-24 12:58:14.023 23241 23244 D dalvikvm: GC_CONCURRENT freed 378K, 5% free 9136K/9607K, paused 13ms+2ms
05-24 12:58:14.128 23241 23241 I PhoneLab-StatusMonitor: Value: 5 - unit: min
05-24 12:58:14.128 23241 23241 I PhoneLab-StatusMonitor: Running interval: 300000
05-24 12:58:14.140 23241 23241 I PhoneLab-StatusMonitor: Rescheduling status monitoring...
05-24 12:58:14.140 23241 23241 I PhoneLab-Locks: wake lock released
05-24 12:58:41.984 23241 23241 I PhoneLab-StatusMonitorLocation: Learning Location
05-24 12:58:41.984 23241 23241 I PhoneLab-Locks: wake lock acquired
05-24 12:58:41.991 23241 23241 I PhoneLab-Locks: wake lock acquired
05-24 12:58:41.995 23241 23241 I PhoneLab-StatusMonitorLocation: Learning Signal Strgth
05-24 12:58:41.995 23241 23241 I PhoneLab-Locks: wake lock acquired
05-24 12:58:42.019 23241 23241 I PhoneLab-StatusMonitorBattery: Battery_level: 95
05-24 12:58:42.019 23241 23241 I PhoneLab-Locks: wake lock released
05-24 12:58:42.019 23241 23241 I PhoneLab-StatusMonitorSignal: Signal_Strength: -96 asu: 9
05-24 12:58:42.019 23241 23241 I PhoneLab-Locks: wake lock released
05-24 12:58:42.023   144  1132 I ActivityManager: No longer want com.svox.pico (pid 23096): hidden #16
05-24 12:58:42.183 23185 23261 I Gmail   : MainSyncRequestProto: lowestBkwdConvoId: 0, highestHandledServerOp: 2611957, normalSync: true
05-24 12:58:42.999 23185 23187 D dalvikvm: GC_CONCURRENT freed 385K, 6% free 9532K/10055K, paused 2ms+5ms
05-24 12:58:43.105 23185 23261 D dalvikvm: GC_EXPLICIT freed 121K, 6% free 9496K/10055K, paused 2ms+3ms
05-24 12:58:43.113 23185 23261 I Gmail   : MainSyncRequestProto: lowestBkwdConvoId: 0, highestHandledServerOp: 2611999, normalSync: true
05-24 12:58:43.120 23185 23261 W Gmail   : Scheduling index for 300000 ms from now
05-24 12:58:43.144 23185 23261 I Gmail   : Sending notification intent: Intent { act=android.intent.action.PROVIDER_CHANGED dat=content://gmail-ls/unread/^i (has extras) }
05-24 12:58:43.167 23185 23261 I Gmail   : Sending notification intent: Intent { act=android.intent.action.PROVIDER_CHANGED dat=content://gmail-ls/unread/^iim (has extras) }
05-24 12:58:53.870   144   161 I ActivityManager: Start proc com.google.android.apps.googlevoice for service com.google.android.apps.googlevoice/.UpdateService: pid=23264 uid=10054 gids={3003, 1015}
05-24 12:58:54.327 23264 23266 D dalvikvm: GC_CONCURRENT freed 293K, 4% free 9237K/9607K, paused 8ms+4ms
05-24 12:58:54.843 23264 23266 D dalvikvm: GC_CONCURRENT freed 403K, 5% free 9383K/9863K, paused 2ms+5ms
05-24 12:58:54.847 23264 23273 W CursorWrapperInner: Cursor finalized without prior close()
05-24 12:58:54.847 23264 23273 W CursorWrapperInner: Cursor finalized without prior close()
05-24 12:58:54.949   464  2269 D dalvikvm: GC_EXPLICIT freed 229K, 10% free 9858K/10887K, paused 2ms+4ms
05-24 12:59:13.855 23241 23241 I PhoneLab-LoggerService: Start Logger Service
05-24 12:59:13.878 23241 23288 I PhoneLab-: Service Running
05-24 12:59:13.976 23241 23288 I PhoneLab-LoggerService: app_34    1169  1     1444   1020  c00f1758 400be794 S logcat
05-24 12:59:13.980 23241 23288 I PhoneLab-LoggerService: Logcat pid from database 1169
05-24 12:59:13.980 23241 23288 I PhoneLab-LoggerService: Logcat process found 1169
05-24 12:59:13.980 23241 23288 I PhoneLab-LoggerService: Checking Threshold
05-24 12:59:13.984 23241 23288 I PhoneLab-LoggerService: Starting to rename files
05-24 12:59:13.988 23241 23288 I PhoneLab-LoggerService: Files found .. 49
05-24 12:59:29.960 23213 23234 I InvalidationClientImpl: [chromesync#1604387069] Not sending message since state is now in sync
05-24 13:01:13.878 23241 23288 I PhoneLab-: Service Running
05-24 13:01:13.941 23241 23244 D dalvikvm: GC_CONCURRENT freed 389K, 6% free 9166K/9671K, paused 2ms+1ms
05-24 13:01:13.964 23241 23288 I PhoneLab-LoggerService: app_34    1169  1     1444   1020  c00f1758 400be794 S logcat
05-24 13:01:13.964 23241 23288 I PhoneLab-LoggerService: Logcat pid from database 1169
05-24 13:01:13.964 23241 23288 I PhoneLab-LoggerService: Logcat process found 1169
05-24 13:01:13.964 23241 23288 I PhoneLab-LoggerService: Checking Threshold
05-24 13:01:13.968 23241 23288 I PhoneLab-LoggerService: Starting to rename files
05-24 13:01:13.972 23241 23288 I PhoneLab-LoggerService: Files found .. 49
05-24 13:03:13.878 23241 23288 I PhoneLab-: Service Running
05-24 13:03:13.929 23241 23288 I PhoneLab-LoggerService: app_34    1169  1     1444   1020  c00f1758 400be794 S logcat
05-24 13:03:13.929 23241 23288 I PhoneLab-LoggerService: Logcat pid from database 1169
05-24 13:03:13.929 23241 23288 I PhoneLab-LoggerService: Logcat process found 1169
05-24 13:03:13.929 23241 23288 I PhoneLab-LoggerService: Checking Threshold
05-24 13:03:13.933 23241 23288 I PhoneLab-LoggerService: Starting to rename files
05-24 13:03:13.937 23241 23288 I PhoneLab-LoggerService: Files found .. 49
05-24 13:03:14.179 23241 23241 I PhoneLab-Locks: wake lock acquired
05-24 13:03:14.183 23241 23241 I PhoneLab-StatusMonitor: Status Monitoring is started
05-24 13:03:14.265 23241 23244 D dalvikvm: GC_CONCURRENT freed 459K, 6% free 9262K/9799K, paused 2ms+2ms
05-24 13:03:14.284 23241 23241 I PhoneLab-StatusMonitor: Value: 5 - unit: min
05-24 13:03:14.284 23241 23241 I PhoneLab-StatusMonitor: Running interval: 300000
05-24 13:03:14.292 23241 23241 I PhoneLab-StatusMonitor: Rescheduling status monitoring...
05-24 13:03:14.292 23241 23241 I PhoneLab-Locks: wake lock released
05-24 13:03:14.296 23241 23241 I PhoneLab-StatusMonitorLocation: Learning Location
05-24 13:03:14.296 23241 23241 I PhoneLab-Locks: wake lock acquired
05-24 13:03:14.374   144  1133 D dalvikvm: GC_EXPLICIT freed 1017K, 25% free 14903K/19847K, paused 3ms+7ms
05-24 13:03:14.374 23241 23241 I PhoneLab-Locks: wake lock acquired
05-24 13:03:14.378 23241 23241 I PhoneLab-StatusMonitorLocation: Learning Signal Strgth
05-24 13:03:14.378 23241 23241 I PhoneLab-Locks: wake lock acquired
05-24 13:03:14.382 23241 23241 I PhoneLab-StatusMonitorBattery: Battery_level: 95
05-24 13:03:14.382 23241 23241 I PhoneLab-Locks: wake lock released
05-24 13:03:14.386 23241 23241 I PhoneLab-StatusMonitorSignal: Signal_Strength: -96 asu: 9
05-24 13:03:14.386 23241 23241 I PhoneLab-Locks: wake lock released
05-24 13:05:13.878 23241 23288 I PhoneLab-: Service Running
05-24 13:05:13.945 23241 23288 I PhoneLab-LoggerService: app_34    1169  1     1444   1020  c00f1758 400be794 S logcat
05-24 13:05:13.945 23241 23288 I PhoneLab-LoggerService: Logcat pid from database 1169
05-24 13:05:13.945 23241 23288 I PhoneLab-LoggerService: Logcat process found 1169
05-24 13:05:13.945 23241 23288 I PhoneLab-LoggerService: Checking Threshold
05-24 13:05:13.949 23241 23288 I PhoneLab-LoggerService: Starting to rename files
05-24 13:05:13.949 23241 23288 I PhoneLab-LoggerService: Files found .. 49
05-24 13:06:00.109   215   217 D dalvikvm: GC_CONCURRENT freed 275K, 7% free 10662K/11399K, paused 2ms+5ms
05-24 13:07:13.878 23241 23288 I PhoneLab-: Service Running
05-24 13:07:13.937 23241 23288 I PhoneLab-LoggerService: app_34    1169  1     1444   1020  c00f1758 400be794 S logcat
05-24 13:07:13.937 23241 23288 I PhoneLab-LoggerService: Logcat pid from database 1169
05-24 13:07:13.937 23241 23288 I PhoneLab-LoggerService: Logcat process found 1169
05-24 13:07:13.937 23241 23288 I PhoneLab-LoggerService: Checking Threshold
05-24 13:07:13.941 23241 23288 I PhoneLab-LoggerService: Starting to rename files
05-24 13:07:13.941 23241 23288 I PhoneLab-LoggerService: Files found .. 49
05-24 13:08:14.320 23241 23241 I PhoneLab-Locks: wake lock acquired
05-24 13:08:14.324 23241 23241 I PhoneLab-StatusMonitor: Status Monitoring is started
05-24 13:08:14.370 23241 23244 D dalvikvm: GC_CONCURRENT freed 603K, 7% free 9183K/9863K, paused 2ms+4ms
05-24 13:08:14.402 23241 23241 I PhoneLab-StatusMonitor: Value: 5 - unit: min
05-24 13:08:14.402 23241 23241 I PhoneLab-StatusMonitor: Running interval: 300000
05-24 13:08:14.409 23241 23241 I PhoneLab-StatusMonitor: Rescheduling status monitoring...
05-24 13:08:14.409 23241 23241 I PhoneLab-Locks: wake lock released
05-24 13:08:14.413 23241 23241 I PhoneLab-StatusMonitorLocation: Learning Location
05-24 13:08:14.413 23241 23241 I PhoneLab-Locks: wake lock acquired
05-24 13:08:14.413 23241 23241 I PhoneLab-Locks: wake lock acquired
05-24 13:08:14.417 23241 23241 I PhoneLab-StatusMonitorLocation: Learning Signal Strgth
05-24 13:08:14.417 23241 23241 I PhoneLab-Locks: wake lock acquired
05-24 13:08:14.421 23241 23241 I PhoneLab-StatusMonitorBattery: Battery_level: 95
05-24 13:08:14.425 23241 23241 I PhoneLab-Locks: wake lock released
05-24 13:08:14.425 23241 23241 I PhoneLab-StatusMonitorSignal: Signal_Strength: -96 asu: 9
05-24 13:08:14.425 23241 23241 I PhoneLab-Locks: wake lock released
05-24 13:09:13.878 23241 23288 I PhoneLab-: Service Running
05-24 13:09:13.949 23241 23288 I PhoneLab-LoggerService: app_34    1169  1     1444   1020  c00f1758 400be794 S logcat
05-24 13:09:13.949 23241 23288 I PhoneLab-LoggerService: Logcat pid from database 1169
05-24 13:09:13.949 23241 23288 I PhoneLab-LoggerService: Logcat process found 1169
05-24 13:09:13.949 23241 23288 I PhoneLab-LoggerService: Checking Threshold
05-24 13:09:13.949 23241 23288 I PhoneLab-LoggerService: Starting to rename files
05-24 13:09:13.952 23241 23288 I PhoneLab-LoggerService: Files found .. 49
05-24 13:09:13.956 23241 23244 D dalvikvm: GC_CONCURRENT freed 408K, 7% free 9229K/9863K, paused 1ms+5ms
05-24 13:09:24.085 23185 23346 I Gmail   : MainSyncRequestProto: lowestBkwdConvoId: 0, highestHandledServerOp: 2611999, normalSync: true
05-24 13:09:26.238 23185 23187 D dalvikvm: GC_CONCURRENT freed 381K, 6% free 9538K/10055K, paused 1ms+5ms
05-24 13:09:26.367 23185 23346 D dalvikvm: GC_EXPLICIT freed 110K, 6% free 9518K/10055K, paused 4ms+2ms
05-24 13:09:26.370 23185 23346 I Gmail   : MainSyncRequestProto: lowestBkwdConvoId: 0, highestHandledServerOp: 2612033, normalSync: true
05-24 13:09:27.269 23185 23346 D dalvikvm: GC_EXPLICIT freed 178K, 6% free 9541K/10055K, paused 2ms+3ms
05-24 13:09:27.273 23185 23346 I Gmail   : MainSyncRequestProto: lowestBkwdConvoId: 0, highestHandledServerOp: 2612033, normalSync: true
05-24 13:09:27.284 23185 23346 W Gmail   : Scheduling index for 300000 ms from now
05-24 13:09:27.304 23185 23346 I Gmail   : Sending notification intent: Intent { act=android.intent.action.PROVIDER_CHANGED dat=content://gmail-ls/unread/^i (has extras) }
05-24 13:11:13.878 23241 23288 I PhoneLab-: Service Running
05-24 13:11:13.929 23241 23288 I PhoneLab-LoggerService: app_34    1169  1     1444   1020  c00f1758 400be794 S logcat
05-24 13:11:13.933 23241 23288 I PhoneLab-LoggerService: Logcat pid from database 1169
05-24 13:11:13.933 23241 23288 I PhoneLab-LoggerService: Logcat process found 1169
05-24 13:11:13.933 23241 23288 I PhoneLab-LoggerService: Checking Threshold
05-24 13:11:13.933 23241 23288 I PhoneLab-LoggerService: Starting to rename files
05-24 13:11:13.937 23241 23288 I PhoneLab-LoggerService: Files found .. 49
05-24 13:13:13.878 23241 23288 I PhoneLab-: Service Running
05-24 13:13:13.941 23241 23288 I PhoneLab-LoggerService: app_34    1169  1     1444   1020  c00f1758 400be794 S logcat
05-24 13:13:13.941 23241 23288 I PhoneLab-LoggerService: Logcat pid from database 1169
05-24 13:13:13.941 23241 23288 I PhoneLab-LoggerService: Logcat process found 1169
05-24 13:13:13.941 23241 23288 I PhoneLab-LoggerService: Checking Threshold
05-24 13:13:13.945 23241 23288 I PhoneLab-LoggerService: Starting to rename files
05-24 13:13:13.945 23241 23288 I PhoneLab-LoggerService: Files found .. 49
05-24 13:13:14.429 23241 23241 I PhoneLab-Locks: wake lock acquired
05-24 13:13:14.449 23241 23241 I PhoneLab-StatusMonitor: Status Monitoring is started
05-24 13:13:14.511 23241 23244 D dalvikvm: GC_CONCURRENT freed 492K, 7% free 9246K/9863K, paused 2ms+5ms
05-24 13:13:14.550 23241 23241 I PhoneLab-StatusMonitor: Value: 5 - unit: min
05-24 13:13:14.550 23241 23241 I PhoneLab-StatusMonitor: Running interval: 300000
05-24 13:13:14.558 23241 23241 I PhoneLab-StatusMonitor: Rescheduling status monitoring...
05-24 13:13:14.558 23241 23241 I PhoneLab-Locks: wake lock released
05-24 13:13:14.562 23241 23241 I PhoneLab-StatusMonitorLocation: Learning Location
05-24 13:13:14.562 23241 23241 I PhoneLab-Locks: wake lock acquired
05-24 13:13:14.566 23241 23241 I PhoneLab-Locks: wake lock acquired
05-24 13:13:14.566 23241 23241 I PhoneLab-StatusMonitorLocation: Learning Signal Strgth
05-24 13:13:14.566 23241 23241 I PhoneLab-Locks: wake lock acquired
05-24 13:13:14.574 23241 23241 I PhoneLab-StatusMonitorBattery: Battery_level: 94
05-24 13:13:14.574 23241 23241 I PhoneLab-Locks: wake lock released
05-24 13:13:14.574 23241 23241 I PhoneLab-StatusMonitorSignal: Signal_Strength: -96 asu: 9
05-24 13:13:14.574 23241 23241 I PhoneLab-Locks: wake lock released
05-24 13:13:55.320   268  2216 I EventLogService: Aggregate from 1337877835212 (log), 1337877835212 (data)
05-24 13:14:13.882 23241 23241 I PhoneLab-Locks: wake lock acquired
05-24 13:14:13.909 23241 23356 I PhoneLab-PeriodicCheckService: User info is synched
05-24 13:14:13.909 23241 23356 I PhoneLab-PeriodicCheckService: Logger Service is running
05-24 13:14:13.913 23241 23356 I PhoneLab-PeriodicCheckService: Rescheduling periodic checking...
05-24 13:14:13.913 23241 23356 I PhoneLab-Locks: wake lock released
05-24 13:15:13.878 23241 23288 I PhoneLab-: Service Running
05-24 13:15:13.937 23241 23288 I PhoneLab-LoggerService: app_34    1169  1     1444   1020  c00f1758 400be794 S logcat
05-24 13:15:13.937 23241 23288 I PhoneLab-LoggerService: Logcat pid from database 1169
05-24 13:15:13.937 23241 23288 I PhoneLab-LoggerService: Logcat process found 1169
05-24 13:15:13.937 23241 23288 I PhoneLab-LoggerService: Checking Threshold
05-24 13:15:13.941 23241 23288 I PhoneLab-LoggerService: Starting to rename files
05-24 13:15:13.941 23241 23288 I PhoneLab-LoggerService: Files found .. 49
05-24 13:16:40.312   292   292 I wpa_supplicant: wlan0: WPA: Group rekeying completed with d0:c2:82:66:6b:f0 [GTK=TKIP]
05-24 13:17:00.882 23213 23234 I InvalidationClientImpl: [chromesync#1604387069] Sending heartbeat to server: HeartbeatTask: this$0 = Client: com.google.protos.ipc.invalidation.ClientProtocol$ApplicationClientIdP@413c7ee8, \n\006\n\004\010\003\020\001\022\022\t\047-\220D\317B\250\240\021\375G\227\325!~^\332\032\007\010\202,\020\003\030\n, nextPerformanceSendTimeMs = 1337899412689, 
05-24 13:17:00.894 23213 23234 I InvalidationClientImpl: [chromesync#1604387069] Sending info message to server
05-24 13:17:03.124 23213 23216 D dalvikvm: GC_CONCURRENT freed 366K, 5% free 9512K/9991K, paused 2ms+2ms
05-24 13:17:13.878 23241 23288 I PhoneLab-: Service Running
05-24 13:17:13.956 23241 23288 I PhoneLab-LoggerService: app_34    1169  1     1444   1020  c00f1758 400be794 S logcat
05-24 13:17:13.956 23241 23288 I PhoneLab-LoggerService: Logcat pid from database 1169
05-24 13:17:13.956 23241 23288 I PhoneLab-LoggerService: Logcat process found 1169
05-24 13:17:13.956 23241 23288 I PhoneLab-LoggerService: Checking Threshold
05-24 13:17:13.960 23241 23288 I PhoneLab-LoggerService: Starting to rename files
05-24 13:17:13.960 23241 23288 I PhoneLab-LoggerService: Files found .. 49
05-24 13:17:13.964 23241 23244 D dalvikvm: GC_CONCURRENT freed 464K, 7% free 9228K/9863K, paused 2ms+1ms
05-24 13:18:00.152   215   217 D dalvikvm: GC_CONCURRENT freed 412K, 7% free 10671K/11399K, paused 5ms+5ms
05-24 13:18:14.585 23241 23241 I PhoneLab-Locks: wake lock acquired
05-24 13:18:14.601 23241 23241 I PhoneLab-StatusMonitor: Status Monitoring is started
05-24 13:18:14.663 23241 23241 I PhoneLab-StatusMonitor: Value: 5 - unit: min
05-24 13:18:14.663 23241 23241 I PhoneLab-StatusMonitor: Running interval: 300000
05-24 13:18:14.671 23241 23244 D dalvikvm: GC_CONCURRENT freed 413K, 6% free 9327K/9863K, paused 2ms+2ms
05-24 13:18:14.679 23241 23241 I PhoneLab-StatusMonitor: Rescheduling status monitoring...
05-24 13:18:14.679 23241 23241 I PhoneLab-Locks: wake lock released
05-24 13:18:14.687 23241 23241 I PhoneLab-StatusMonitorLocation: Learning Location
05-24 13:18:14.687 23241 23241 I PhoneLab-Locks: wake lock acquired
05-24 13:18:14.691 23241 23241 I PhoneLab-Locks: wake lock acquired
05-24 13:18:14.702 23241 23241 I PhoneLab-StatusMonitorLocation: Learning Signal Strgth
05-24 13:18:14.702 23241 23241 I PhoneLab-Locks: wake lock acquired
05-24 13:18:14.706 23241 23241 I PhoneLab-StatusMonitorBattery: Battery_level: 95
05-24 13:18:14.706 23241 23241 I PhoneLab-Locks: wake lock released
05-24 13:18:14.710 23241 23241 I PhoneLab-StatusMonitorSignal: Signal_Strength: -96 asu: 9
05-24 13:18:14.710 23241 23241 I PhoneLab-Locks: wake lock released
05-24 13:19:13.878 23241 23288 I PhoneLab-: Service Running
05-24 13:19:13.945 23241 23288 I PhoneLab-LoggerService: app_34    1169  1     1444   1020  c00f1758 400be794 S logcat
05-24 13:19:13.945 23241 23288 I PhoneLab-LoggerService: Logcat pid from database 1169
05-24 13:19:13.945 23241 23288 I PhoneLab-LoggerService: Logcat process found 1169
05-24 13:19:13.945 23241 23288 I PhoneLab-LoggerService: Checking Threshold
05-24 13:19:13.949 23241 23288 I PhoneLab-LoggerService: Starting to rename files
05-24 13:19:13.949 23241 23288 I PhoneLab-LoggerService: Files found .. 49
05-24 13:20:00.206   144   146 D dalvikvm: GC_CONCURRENT freed 1324K, 25% free 14952K/19847K, paused 8ms+7ms
05-24 13:21:13.878 23241 23288 I PhoneLab-: Service Running
05-24 13:21:13.929 23241 23288 I PhoneLab-LoggerService: app_34    1169  1     1444   1020  c00f1758 400be794 S logcat
05-24 13:21:13.929 23241 23288 I PhoneLab-LoggerService: Logcat pid from database 1169
05-24 13:21:13.933 23241 23288 I PhoneLab-LoggerService: Logcat process found 1169
05-24 13:21:13.933 23241 23288 I PhoneLab-LoggerService: Checking Threshold
05-24 13:21:13.933 23241 23288 I PhoneLab-LoggerService: Starting to rename files
05-24 13:21:13.937 23241 23288 I PhoneLab-LoggerService: Files found .. 49
05-24 13:23:13.878 23241 23288 I PhoneLab-: Service Running
05-24 13:23:13.929 23241 23288 I PhoneLab-LoggerService: app_34    1169  1     1444   1020  c00f1758 400be794 S logcat
05-24 13:23:13.929 23241 23288 I PhoneLab-LoggerService: Logcat pid from database 1169
05-24 13:23:13.929 23241 23288 I PhoneLab-LoggerService: Logcat process found 1169
05-24 13:23:13.929 23241 23288 I PhoneLab-LoggerService: Checking Threshold
05-24 13:23:13.933 23241 23288 I PhoneLab-LoggerService: Starting to rename files
05-24 13:23:13.933 23241 23288 I PhoneLab-LoggerService: Files found .. 49
05-24 13:23:14.699 23241 23241 I PhoneLab-Locks: wake lock acquired
05-24 13:23:14.718 23241 23241 I PhoneLab-StatusMonitor: Status Monitoring is started
05-24 13:23:14.769 23241 23244 D dalvikvm: GC_CONCURRENT freed 630K, 8% free 9218K/9927K, paused 2ms+5ms
05-24 13:23:14.796 23241 23241 I PhoneLab-StatusMonitor: Value: 5 - unit: min
05-24 13:23:14.796 23241 23241 I PhoneLab-StatusMonitor: Running interval: 300000
05-24 13:23:14.800 23241 23241 I PhoneLab-StatusMonitor: Rescheduling status monitoring...
05-24 13:23:14.804 23241 23241 I PhoneLab-Locks: wake lock released
05-24 13:23:14.804 23241 23241 I PhoneLab-StatusMonitorLocation: Learning Location
05-24 13:23:14.804 23241 23241 I PhoneLab-Locks: wake lock acquired
05-24 13:23:14.808 23241 23241 I PhoneLab-Locks: wake lock acquired
05-24 13:23:14.812 23241 23241 I PhoneLab-StatusMonitorLocation: Learning Signal Strgth
05-24 13:23:14.812 23241 23241 I PhoneLab-Locks: wake lock acquired
05-24 13:23:14.816 23241 23241 I PhoneLab-StatusMonitorBattery: Battery_level: 95
05-24 13:23:14.816 23241 23241 I PhoneLab-Locks: wake lock released
05-24 13:23:14.820 23241 23241 I PhoneLab-StatusMonitorSignal: Signal_Strength: -96 asu: 9
05-24 13:23:14.820 23241 23241 I PhoneLab-Locks: wake lock released
05-24 13:25:13.878 23241 23288 I PhoneLab-: Service Running
05-24 13:25:13.937 23241 23288 I PhoneLab-LoggerService: app_34    1169  1     1444   1020  c00f1758 400be794 S logcat
05-24 13:25:13.937 23241 23288 I PhoneLab-LoggerService: Logcat pid from database 1169
05-24 13:25:13.937 23241 23288 I PhoneLab-LoggerService: Logcat process found 1169
05-24 13:25:13.937 23241 23288 I PhoneLab-LoggerService: Checking Threshold
05-24 13:25:13.952 23241 23288 I PhoneLab-LoggerService: Starting to rename files
05-24 13:25:13.956 23241 23288 I PhoneLab-LoggerService: Files found .. 49
05-24 13:25:13.980 23241 23244 D dalvikvm: GC_CONCURRENT freed 490K, 8% free 9155K/9927K, paused 1ms+4ms
05-24 13:26:59.601 23185 23187 D dalvikvm: GC_CONCURRENT freed 393K, 6% free 9594K/10119K, paused 6ms+6ms
05-24 13:26:59.734 23185 23393 W Gmail   : Successful index run, cancel next scheduled index run
05-24 13:27:13.878 23241 23288 I PhoneLab-: Service Running
05-24 13:27:13.929 23241 23288 I PhoneLab-LoggerService: app_34    1169  1     1444   1020  c00f1758 400be794 S logcat
05-24 13:27:13.929 23241 23288 I PhoneLab-LoggerService: Logcat pid from database 1169
05-24 13:27:13.929 23241 23288 I PhoneLab-LoggerService: Logcat process found 1169
05-24 13:27:13.933 23241 23288 I PhoneLab-LoggerService: Checking Threshold
05-24 13:27:13.933 23241 23288 I PhoneLab-LoggerService: Starting to rename files
05-24 13:27:13.937 23241 23288 I PhoneLab-LoggerService: Files found .. 49
05-24 13:28:14.824 23241 23241 I PhoneLab-Locks: wake lock acquired
05-24 13:28:14.835 23241 23241 I PhoneLab-StatusMonitor: Status Monitoring is started
05-24 13:28:14.898 23241 23244 D dalvikvm: GC_CONCURRENT freed 436K, 8% free 9231K/9927K, paused 2ms+3ms
05-24 13:28:14.902 23241 23241 I PhoneLab-StatusMonitor: Value: 5 - unit: min
05-24 13:28:14.902 23241 23241 I PhoneLab-StatusMonitor: Running interval: 300000
05-24 13:28:14.921 23241 23241 I PhoneLab-StatusMonitor: Rescheduling status monitoring...
05-24 13:28:14.925 23241 23241 I PhoneLab-Locks: wake lock released
05-24 13:28:14.929 23241 23241 I PhoneLab-StatusMonitorLocation: Learning Location
05-24 13:28:14.929 23241 23241 I PhoneLab-Locks: wake lock acquired
05-24 13:28:14.933 23241 23241 I PhoneLab-Locks: wake lock acquired
05-24 13:28:14.933 23241 23241 I PhoneLab-StatusMonitorLocation: Learning Signal Strgth
05-24 13:28:14.933 23241 23241 I PhoneLab-Locks: wake lock acquired
05-24 13:28:14.941 23241 23241 I PhoneLab-StatusMonitorBattery: Battery_level: 95
05-24 13:28:14.941 23241 23241 I PhoneLab-Locks: wake lock released
05-24 13:28:14.941 23241 23241 I PhoneLab-StatusMonitorSignal: Signal_Strength: -96 asu: 9
05-24 13:28:14.941 23241 23241 I PhoneLab-Locks: wake lock released
05-24 13:28:26.214   144   161 I ActivityManager: No longer want com.facebook.katana (pid 2446): hidden #16
05-24 13:28:26.245   144  1137 W ActivityManager: Scheduling restart of crashed service com.facebook.katana/.service.MediaUploadService in 5000ms
05-24 13:28:31.257   144   161 I ActivityManager: Start proc com.facebook.katana for service com.facebook.katana/.service.MediaUploadService: pid=23422 uid=10056 gids={3003, 1006, 1015}
05-24 13:28:31.265 23422 23422 I dalvikvm: Turning on JNI app bug workarounds for target SDK version 7...
05-24 13:28:31.378 23422 23424 D dalvikvm: GC_CONCURRENT freed 170K, 3% free 9359K/9607K, paused 2ms+2ms
05-24 13:28:31.609 23422 23422 I ActivityThread: Pub com.facebook.katana.provider.LoggingProvider: com.facebook.katana.provider.LoggingProvider
05-24 13:28:31.659 23422 23422 I ActivityThread: Pub com.facebook.katana.provider.NotificationsProvider: com.facebook.katana.provider.NotificationsProvider
05-24 13:28:31.659 23422 23422 I ActivityThread: Pub com.facebook.katana.provider.KeyValueProvider: com.facebook.katana.provider.KeyValueProvider
05-24 13:28:31.663 23422 23422 I ActivityThread: Pub com.facebook.katana.provider.CacheProvider: com.facebook.katana.provider.CacheProvider
05-24 13:28:31.671 23422 23422 I ActivityThread: Pub com.facebook.katana.provider.UserValuesProvider: com.facebook.katana.provider.UserValuesProvider
05-24 13:28:31.671 23422 23422 I ActivityThread: Pub com.facebook.katana.provider.PagesProvider: com.facebook.katana.provider.PagesProvider
05-24 13:28:31.671 23422 23422 I ActivityThread: Pub com.facebook.katana.provider.MailboxProvider: com.facebook.katana.provider.MailboxProvider
05-24 13:28:31.683 23422 23422 I ActivityThread: Pub com.facebook.katana.provider.MobileEventLogProvider: com.facebook.katana.provider.MobileEventLogProvider
05-24 13:28:31.699 23422 23422 I ActivityThread: Pub com.facebook.katana.provider.PushNotificationsProvider: com.facebook.katana.provider.PushNotificationsProvider
05-24 13:28:31.699 23422 23422 I ActivityThread: Pub com.facebook.katana.provider.UserStatusesProvider: com.facebook.katana.provider.UserStatusesProvider
05-24 13:28:31.699 23422 23422 I ActivityThread: Pub com.facebook.katana.provider.PhotosProvider: com.facebook.katana.provider.PhotosProvider
05-24 13:28:31.702 23422 23422 I ActivityThread: Pub com.facebook.katana.provider.EventsProvider: com.facebook.katana.provider.EventsProvider
05-24 13:28:31.702 23422 23422 I ActivityThread: Pub com.facebook.katana.provider.ConnectionsProvider: com.facebook.katana.provider.ConnectionsProvider
05-24 13:28:31.706 23422 23424 D dalvikvm: GC_CONCURRENT freed 151K, 3% free 9713K/9991K, paused 2ms+2ms
05-24 13:28:31.726 23422 23422 I ActivityThread: Pub com.facebook.orca.notify.FbandroidMessagesForegroundProvider: com.facebook.orca.notify.FbandroidMessagesForegroundProvider
05-24 13:28:31.804 23422 23422 D ACRA    : Retrieve application default SharedPreferences.
05-24 13:28:31.804 23422 23422 D ACRA    : Set OnSharedPreferenceChangeListener.
05-24 13:28:31.808 23422 23422 D ACRA    : ACRA is enabled for com.facebook.katana, intializing...
05-24 13:28:31.859 23422 23422 D ACRA    : Looking for error files in /data/data/com.facebook.katana/app_acra-reports
05-24 13:28:31.988 23422 23422 W nalizableReferenceQueue: Could not load Finalizer in its own class loader.Loading Finalizer in the current class loader instead. As a result, you will not be ableto garbage collect this class loader. To support reclaiming this class loader, eitherresolve the underlying issue, or move Google Collections to your system class path.
05-24 13:28:31.988 23422 23422 W nalizableReferenceQueue: java.io.FileNotFoundException: com/google/common/base/internal/Finalizer.class
05-24 13:28:31.988 23422 23422 W nalizableReferenceQueue: 	at com.google.common.base.FinalizableReferenceQueue$DecoupledLoader.getBaseUrl(FinalizableReferenceQueue.java:243)
05-24 13:28:31.988 23422 23422 W nalizableReferenceQueue: 	at com.google.common.base.FinalizableReferenceQueue$DecoupledLoader.loadFinalizer(FinalizableReferenceQueue.java:227)
05-24 13:28:31.988 23422 23422 W nalizableReferenceQueue: 	at com.google.common.base.FinalizableReferenceQueue.loadFinalizer(FinalizableReferenceQueue.java:155)
05-24 13:28:31.988 23422 23422 W nalizableReferenceQueue: 	at com.google.common.base.FinalizableReferenceQueue.<clinit>(FinalizableReferenceQueue.java:84)
05-24 13:28:31.988 23422 23422 W nalizableReferenceQueue: 	at com.google.common.collect.CustomConcurrentHashMap$QueueHolder.<clinit>(CustomConcurrentHashMap.java:650)
05-24 13:28:31.988 23422 23422 W nalizableReferenceQueue: 	at com.google.common.collect.CustomConcurrentHashMap$WeakEntry.<init>(CustomConcurrentHashMap.java:1342)
05-24 13:28:31.988 23422 23422 W nalizableReferenceQueue: 	at com.google.common.collect.CustomConcurrentHashMap$EntryFactory$9.newEntry(CustomConcurrentHashMap.java:453)
05-24 13:28:31.988 23422 23422 W nalizableReferenceQueue: 	at com.google.common.collect.CustomConcurrentHashMap.a(CustomConcurrentHashMap.java:1715)
05-24 13:28:31.988 23422 23422 W nalizableReferenceQueue: 	at com.google.common.collect.ComputingConcurrentHashMap$ComputingSegment.a(ComputingConcurrentHashMap.java:123)
05-24 13:28:31.988 23422 23422 W nalizableReferenceQueue: 	at com.google.common.collect.ComputingConcurrentHashMap.apply(ComputingConcurrentHashMap.java:71)
05-24 13:28:31.988 23422 23422 W nalizableReferenceQueue: 	at com.google.common.collect.MapMaker$ComputingMapAdapter.get(MapMaker.java:848)
05-24 13:28:31.988 23422 23422 W nalizableReferenceQueue: 	at com.google.inject.internal.Annotations$AnnotationChecker.a(Annotations.java:94)
05-24 13:28:31.988 23422 23422 W nalizableReferenceQueue: 	at com.google.inject.internal.Annotations.c(Annotations.java:112)
05-24 13:28:31.988 23422 23422 W nalizableReferenceQueue: 	at com.google.inject.Key.d(Key.java:369)
05-24 13:28:31.988 23422 23422 W nalizableReferenceQueue: 	at com.google.inject.Key.b(Key.java:356)
05-24 13:28:31.988 23422 23422 W nalizableReferenceQueue: 	at com.google.inject.Key.a(Key.java:267)
05-24 13:28:31.988 23422 23422 W nalizableReferenceQueue: 	at com.facebook.orca.inject.binder.AnnotatedBindingBuilderImpl.a(AnnotatedBindingBuilderImpl.java:22)
05-24 13:28:31.988 23422 23422 W nalizableReferenceQueue: 	at com.facebook.orca.app.FbBaseModule.a(FbBaseModule.java:73)
05-24 13:28:31.988 23422 23422 W nalizableReferenceQueue: 	at com.facebook.orca.inject.AbstractModule.a(AbstractModule.java:19)
05-24 13:28:31.988 23422 23422 W nalizableReferenceQueue: 	at com.facebook.orca.inject.FbInjectorImpl.a(FbInjectorImpl.java:61)
05-24 13:28:31.988 23422 23422 W nalizableReferenceQueue: 	at com.facebook.orca.inject.FbInjectorImpl.<init>(FbInjectorImpl.java:41)
05-24 13:28:31.988 23422 23422 W nalizableReferenceQueue: 	at com.facebook.orca.inject.FbInjector.a(FbInjector.java:40)
05-24 13:28:31.988 23422 23422 W nalizableReferenceQueue: 	at com.facebook.katana.FacebookApplication.onCreate(FacebookApplication.java:75)
05-24 13:28:31.988 23422 23422 W nalizableReferenceQueue: 	at android.app.Instrumentation.callApplicationOnCreate(Instrumentation.java:969)
05-24 13:28:31.988 23422 23422 W nalizableReferenceQueue: 	at android.app.ActivityThread.handleBindApplication(ActivityThread.java:3954)
05-24 13:28:31.988 23422 23422 W nalizableReferenceQueue: 	at android.app.ActivityThread.access$1300(ActivityThread.java:123)
05-24 13:28:31.988 23422 23422 W nalizableReferenceQueue: 	at android.app.ActivityThread$H.handleMessage(ActivityThread.java:1185)
05-24 13:28:31.988 23422 23422 W nalizableReferenceQueue: 	at android.os.Handler.dispatchMessage(Handler.java:99)
05-24 13:28:31.988 23422 23422 W nalizableReferenceQueue: 	at android.os.Looper.loop(Looper.java:137)
05-24 13:28:31.988 23422 23422 W nalizableReferenceQueue: 	at android.app.ActivityThread.main(ActivityThread.java:4424)
05-24 13:28:31.988 23422 23422 W nalizableReferenceQueue: 	at java.lang.reflect.Method.invokeNative(Native Method)
05-24 13:28:31.988 23422 23422 W nalizableReferenceQueue: 	at java.lang.reflect.Method.invoke(Method.java:511)
05-24 13:28:31.988 23422 23422 W nalizableReferenceQueue: 	at com.android.internal.os.ZygoteInit$MethodAndArgsCaller.run(ZygoteInit.java:784)
05-24 13:28:31.988 23422 23422 W nalizableReferenceQueue: 	at com.android.internal.os.ZygoteInit.main(ZygoteInit.java:551)
05-24 13:28:31.988 23422 23422 W nalizableReferenceQueue: 	at dalvik.system.NativeStart.main(Native Method)
05-24 13:28:31.988 23422 23422 I Finalizer: Couldn't access Thread.inheritableThreadLocals. Reference finalizer threads will inherit thread local values.
05-24 13:28:32.117 23422 23424 D dalvikvm: GC_CONCURRENT freed 326K, 5% free 9824K/10247K, paused 7ms+16ms
05-24 13:28:32.281 23422 23424 D dalvikvm: GC_CONCURRENT freed 371K, 5% free 9954K/10439K, paused 4ms+3ms
05-24 13:28:32.581 23422 23424 D dalvikvm: GC_CONCURRENT freed 357K, 5% free 10136K/10567K, paused 3ms+7ms
05-24 13:28:32.695 23422 23438 W Resources: Converting to string: TypedValue{t=0x10/d=0xffffffff a=-1}
05-24 13:28:33.077 23422 23424 D dalvikvm: GC_CONCURRENT freed 340K, 4% free 10268K/10695K, paused 2ms+3ms
05-24 13:28:34.390 23422 23424 D dalvikvm: GC_CONCURRENT freed 368K, 5% free 10394K/10887K, paused 2ms+7ms
05-24 13:28:34.663 23422 23424 D dalvikvm: GC_CONCURRENT freed 294K, 4% free 10526K/10951K, paused 36ms+3ms
05-24 13:28:34.890 23422 23424 D dalvikvm: GC_CONCURRENT freed 418K, 5% free 10562K/11079K, paused 3ms+6ms
05-24 13:28:35.351 23422 23424 D dalvikvm: GC_CONCURRENT freed 348K, 4% free 10710K/11143K, paused 3ms+6ms
05-24 13:28:35.980 23422 23424 D dalvikvm: GC_CONCURRENT freed 474K, 6% free 10746K/11335K, paused 3ms+3ms
05-24 13:28:37.296 23422 23457 D dalvikvm: GC_FOR_ALLOC freed 471K, 7% free 10702K/11463K, paused 22ms
05-24 13:28:37.296 23422 23457 I dalvikvm-heap: Grow heap (frag case) to 10.615MB for 93404-byte allocation
05-24 13:28:37.316 23422 23457 D dalvikvm: GC_FOR_ALLOC freed 99K, 8% free 10694K/11591K, paused 21ms
05-24 13:28:37.339 23422 23457 D dalvikvm: GC_FOR_ALLOC freed <1K, 8% free 10694K/11591K, paused 21ms
05-24 13:28:37.339 23422 23457 I dalvikvm-heap: Grow heap (frag case) to 10.652MB for 140102-byte allocation
05-24 13:28:37.363 23422 23457 D dalvikvm: GC_FOR_ALLOC freed 91K, 9% free 10740K/11783K, paused 20ms
05-24 13:28:37.386 23422 23457 D dalvikvm: GC_FOR_ALLOC freed 137K, 9% free 10808K/11783K, paused 20ms
05-24 13:28:37.628 23422 23424 D dalvikvm: GC_CONCURRENT freed 394K, 8% free 10926K/11783K, paused 2ms+8ms
05-24 13:28:37.929 23422 23424 D dalvikvm: GC_CONCURRENT freed 353K, 6% free 11091K/11783K, paused 2ms+5ms
05-24 13:28:38.292 23422 23424 D dalvikvm: GC_CONCURRENT freed 498K, 6% free 11218K/11847K, paused 2ms+7ms
05-24 13:28:39.870   144   174 I ActivityManager: No longer want com.google.android.apps.maps:FriendService (pid 23109): hidden #16
05-24 13:28:40.046   144   146 D dalvikvm: GC_CONCURRENT freed 1273K, 25% free 15068K/19847K, paused 6ms+7ms
05-24 13:28:43.921 23422 23424 D dalvikvm: GC_CONCURRENT freed 1023K, 10% free 10813K/11975K, paused 2ms+6ms
05-24 13:29:13.878 23241 23288 I PhoneLab-: Service Running
05-24 13:29:13.968 23241 23288 I PhoneLab-LoggerService: app_34    1169  1     1444   1020  c00f1758 400be794 S logcat
05-24 13:29:13.972 23241 23288 I PhoneLab-LoggerService: Logcat pid from database 1169
05-24 13:29:13.972 23241 23288 I PhoneLab-LoggerService: Logcat process found 1169
05-24 13:29:13.972 23241 23288 I PhoneLab-LoggerService: Checking Threshold
05-24 13:29:13.972 23241 23288 I PhoneLab-LoggerService: Starting to rename files
05-24 13:29:13.976 23241 23288 I PhoneLab-LoggerService: Files found .. 49
05-24 13:30:00.011   144   161 I ActivityManager: No longer want com.google.android.apps.maps:LocationFriendService (pid 23139): hidden #16
05-24 13:30:00.015   144   161 I ActivityManager: No longer want com.android.musicfx (pid 23032): hidden #17
05-24 13:30:00.242   144  1141 D dalvikvm: GC_EXPLICIT freed 458K, 26% free 14878K/19847K, paused 4ms+5ms
05-24 13:31:00.113   215   217 D dalvikvm: GC_CONCURRENT freed 437K, 7% free 10672K/11399K, paused 2ms+4ms
05-24 13:31:13.878 23241 23288 I PhoneLab-: Service Running
05-24 13:31:13.925 23241 23288 I PhoneLab-LoggerService: app_34    1169  1     1444   1020  c00f1758 400be794 S logcat
05-24 13:31:13.925 23241 23288 I PhoneLab-LoggerService: Logcat pid from database 1169
05-24 13:31:13.925 23241 23288 I PhoneLab-LoggerService: Logcat process found 1169
05-24 13:31:13.925 23241 23288 I PhoneLab-LoggerService: Checking Threshold
05-24 13:31:13.929 23241 23288 I PhoneLab-LoggerService: Starting to rename files
05-24 13:31:13.929 23241 23288 I PhoneLab-LoggerService: Files found .. 49
05-24 13:33:13.878 23241 23288 I PhoneLab-: Service Running
05-24 13:33:13.929 23241 23288 I PhoneLab-LoggerService: app_34    1169  1     1444   1020  c00f1758 400be794 S logcat
05-24 13:33:13.929 23241 23288 I PhoneLab-LoggerService: Logcat pid from database 1169
05-24 13:33:13.929 23241 23288 I PhoneLab-LoggerService: Logcat process found 1169
05-24 13:33:13.929 23241 23288 I PhoneLab-LoggerService: Checking Threshold
05-24 13:33:13.949 23241 23288 I PhoneLab-LoggerService: Starting to rename files
05-24 13:33:13.949 23241 23288 I PhoneLab-LoggerService: Files found .. 49
05-24 13:33:13.964 23241 23244 D dalvikvm: GC_CONCURRENT freed 486K, 8% free 9162K/9927K, paused 2ms+3ms
05-24 13:33:14.945 23241 23241 I PhoneLab-Locks: wake lock acquired
05-24 13:33:14.972 23241 23241 I PhoneLab-StatusMonitor: Status Monitoring is started
05-24 13:33:15.019 23241 23241 I PhoneLab-StatusMonitor: Value: 5 - unit: min
05-24 13:33:15.019 23241 23241 I PhoneLab-StatusMonitor: Running interval: 300000
05-24 13:33:15.027 23241 23244 D dalvikvm: GC_CONCURRENT freed 452K, 8% free 9221K/9927K, paused 1ms+2ms
05-24 13:33:15.031 23241 23241 I PhoneLab-StatusMonitor: Rescheduling status monitoring...
05-24 13:33:15.031 23241 23241 I PhoneLab-Locks: wake lock released
05-24 13:33:15.034 23241 23241 I PhoneLab-StatusMonitorLocation: Learning Location
05-24 13:33:15.034 23241 23241 I PhoneLab-Locks: wake lock acquired
05-24 13:33:15.034 23241 23241 I PhoneLab-Locks: wake lock acquired
05-24 13:33:15.038 23241 23241 I PhoneLab-StatusMonitorLocation: Learning Signal Strgth
05-24 13:33:15.038 23241 23241 I PhoneLab-Locks: wake lock acquired
05-24 13:33:15.050 23241 23241 I PhoneLab-StatusMonitorBattery: Battery_level: 95
05-24 13:33:15.050 23241 23241 I PhoneLab-Locks: wake lock released
05-24 13:33:15.050 23241 23241 I PhoneLab-StatusMonitorSignal: Signal_Strength: -96 asu: 9
05-24 13:33:15.050 23241 23241 I PhoneLab-Locks: wake lock released
05-24 13:33:19.484   144   160 V BackupManagerService: Running a backup pass
05-24 13:33:19.499   144   214 V BackupManagerService: Backup requested but nothing pending
05-24 13:34:14.452 23213 23234 I InvalidationClientImpl: [chromesync#1604387069] Sending heartbeat to server: HeartbeatTask: this$0 = Client: com.google.protos.ipc.invalidation.ClientProtocol$ApplicationClientIdP@413c7ee8, \n\006\n\004\010\003\020\001\022\022\t\047-\220D\317B\250\240\021\375G\227\325!~^\332\032\007\010\202,\020\003\030\n, nextPerformanceSendTimeMs = 1337899826745, 
05-24 13:34:14.460 23213 23234 I InvalidationClientImpl: [chromesync#1604387069] Sending info message to server
05-24 13:35:13.878 23241 23288 I PhoneLab-: Service Running
05-24 13:35:13.941 23241 23288 I PhoneLab-LoggerService: app_34    1169  1     1444   1020  c00f1758 400be794 S logcat
05-24 13:35:13.941 23241 23288 I PhoneLab-LoggerService: Logcat pid from database 1169
05-24 13:35:13.941 23241 23288 I PhoneLab-LoggerService: Logcat process found 1169
05-24 13:35:13.941 23241 23288 I PhoneLab-LoggerService: Checking Threshold
05-24 13:35:13.945 23241 23288 I PhoneLab-LoggerService: Starting to rename files
05-24 13:35:13.945 23241 23288 I PhoneLab-LoggerService: Files found .. 49
05-24 13:35:43.667 23185 23473 I Gmail   : MainSyncRequestProto: lowestBkwdConvoId: 0, highestHandledServerOp: 2612033, normalSync: true
05-24 13:35:45.550 23185 23187 D dalvikvm: GC_CONCURRENT freed 489K, 7% free 9565K/10183K, paused 2ms+3ms
05-24 13:35:45.644 23185 23473 D dalvikvm: GC_EXPLICIT freed 73K, 6% free 9573K/10183K, paused 4ms+2ms
05-24 13:35:45.652 23185 23473 I Gmail   : MainSyncRequestProto: lowestBkwdConvoId: 0, highestHandledServerOp: 2612095, normalSync: true
05-24 13:35:46.534 23185 23473 D dalvikvm: GC_EXPLICIT freed 140K, 6% free 9595K/10183K, paused 1ms+2ms
05-24 13:35:46.538 23185 23473 I Gmail   : MainSyncRequestProto: lowestBkwdConvoId: 0, highestHandledServerOp: 2612096, normalSync: true
05-24 13:35:46.554 23185 23473 W Gmail   : Scheduling index for 300000 ms from now
05-24 13:35:46.574 23185 23473 I Gmail   : Sending notification intent: Intent { act=android.intent.action.PROVIDER_CHANGED dat=content://gmail-ls/unread/^i (has extras) }
05-24 13:35:46.601 23185 23473 I Gmail   : Sending notification intent: Intent { act=android.intent.action.PROVIDER_CHANGED dat=content://gmail-ls/unread/^iim (has extras) }
05-24 13:35:46.675 23185 23479 I Gmail   : MainSyncRequestProto: lowestBkwdConvoId: 0, highestHandledServerOp: 2612096, normalSync: true
05-24 13:35:47.093 23185 23479 D dalvikvm: GC_EXPLICIT freed 144K, 6% free 9597K/10183K, paused 2ms+3ms
05-24 13:35:47.097 23185 23479 I Gmail   : MainSyncRequestProto: lowestBkwdConvoId: 0, highestHandledServerOp: 2612096, normalSync: true
05-24 13:35:47.109 23185 23479 W Gmail   : Scheduling index for 300000 ms from now
05-24 13:37:13.878 23241 23288 I PhoneLab-: Service Running
05-24 13:37:13.929 23241 23288 I PhoneLab-LoggerService: app_34    1169  1     1444   1020  c00f1758 400be794 S logcat
05-24 13:37:13.929 23241 23288 I PhoneLab-LoggerService: Logcat pid from database 1169
05-24 13:37:13.929 23241 23288 I PhoneLab-LoggerService: Logcat process found 1169
05-24 13:37:13.929 23241 23288 I PhoneLab-LoggerService: Checking Threshold
05-24 13:37:13.933 23241 23288 I PhoneLab-LoggerService: Starting to rename files
05-24 13:37:13.933 23241 23288 I PhoneLab-LoggerService: Files found .. 49
05-24 13:38:15.054 23241 23241 I PhoneLab-Locks: wake lock acquired
05-24 13:38:15.074 23241 23241 I PhoneLab-StatusMonitor: Status Monitoring is started
05-24 13:38:15.117 23241 23244 D dalvikvm: GC_CONCURRENT freed 522K, 8% free 9210K/9927K, paused 2ms+2ms
05-24 13:38:15.132 23241 23241 I PhoneLab-StatusMonitor: Value: 5 - unit: min
05-24 13:38:15.132 23241 23241 I PhoneLab-StatusMonitor: Running interval: 300000
05-24 13:38:15.140 23241 23241 I PhoneLab-StatusMonitor: Rescheduling status monitoring...
05-24 13:38:15.140 23241 23241 I PhoneLab-Locks: wake lock released
05-24 13:38:15.144 23241 23241 I PhoneLab-StatusMonitorLocation: Learning Location
05-24 13:38:15.144 23241 23241 I PhoneLab-Locks: wake lock acquired
05-24 13:38:15.148 23241 23241 I PhoneLab-Locks: wake lock acquired
05-24 13:38:15.148 23241 23241 I PhoneLab-StatusMonitorLocation: Learning Signal Strgth
05-24 13:38:15.148 23241 23241 I PhoneLab-Locks: wake lock acquired
05-24 13:38:15.156 23241 23241 I PhoneLab-StatusMonitorBattery: Battery_level: 95
05-24 13:38:15.156 23241 23241 I PhoneLab-Locks: wake lock released
05-24 13:38:15.156 23241 23241 I PhoneLab-StatusMonitorSignal: Signal_Strength: -96 asu: 9
05-24 13:38:15.156 23241 23241 I PhoneLab-Locks: wake lock released
05-24 13:39:13.878 23241 23288 I PhoneLab-: Service Running
05-24 13:39:13.945 23241 23288 I PhoneLab-LoggerService: app_34    1169  1     1444   1020  c00f1758 400be794 S logcat
05-24 13:39:13.945 23241 23288 I PhoneLab-LoggerService: Logcat pid from database 1169
05-24 13:39:13.945 23241 23288 I PhoneLab-LoggerService: Logcat process found 1169
05-24 13:39:13.945 23241 23288 I PhoneLab-LoggerService: Checking Threshold
05-24 13:39:13.945 23241 23288 I PhoneLab-LoggerService: Starting to rename files
05-24 13:39:13.949 23241 23288 I PhoneLab-LoggerService: Files found .. 49
05-24 13:41:13.878 23241 23288 I PhoneLab-: Service Running
05-24 13:41:13.937 23241 23288 I PhoneLab-LoggerService: app_34    1169  1     1444   1020  c00f1758 400be794 S logcat
05-24 13:41:13.941 23241 23288 I PhoneLab-LoggerService: Logcat pid from database 1169
05-24 13:41:13.941 23241 23288 I PhoneLab-LoggerService: Logcat process found 1169
05-24 13:41:13.941 23241 23288 I PhoneLab-LoggerService: Checking Threshold
05-24 13:41:13.941 23241 23288 I PhoneLab-LoggerService: Starting to rename files
05-24 13:41:13.949 23241 23288 I PhoneLab-LoggerService: Files found .. 49
05-24 13:41:13.960 23241 23244 D dalvikvm: GC_CONCURRENT freed 496K, 8% free 9149K/9927K, paused 2ms+2ms
05-24 13:41:57.550 23185 23506 W Gmail   : Successful index run, cancel next scheduled index run
05-24 13:43:13.878 23241 23288 I PhoneLab-: Service Running
05-24 13:43:13.933 23241 23288 I PhoneLab-LoggerService: app_34    1169  1     1444   1020  c00f1758 400be794 S logcat
05-24 13:43:13.933 23241 23288 I PhoneLab-LoggerService: Logcat pid from database 1169
05-24 13:43:13.933 23241 23288 I PhoneLab-LoggerService: Logcat process found 1169
05-24 13:43:13.933 23241 23288 I PhoneLab-LoggerService: Checking Threshold
05-24 13:43:13.937 23241 23288 I PhoneLab-LoggerService: Starting to rename files
05-24 13:43:13.937 23241 23288 I PhoneLab-LoggerService: Files found .. 49
05-24 13:43:15.183 23241 23241 I PhoneLab-Locks: wake lock acquired
05-24 13:43:15.195 23241 23241 I PhoneLab-StatusMonitor: Status Monitoring is started
05-24 13:43:15.277 23241 23244 D dalvikvm: GC_CONCURRENT freed 424K, 7% free 9234K/9927K, paused 2ms+8ms
05-24 13:43:15.281 23241 23241 I PhoneLab-StatusMonitor: Value: 5 - unit: min
05-24 13:43:15.281 23241 23241 I PhoneLab-StatusMonitor: Running interval: 300000
05-24 13:43:15.296 23241 23241 I PhoneLab-StatusMonitor: Rescheduling status monitoring...
05-24 13:43:15.296 23241 23241 I PhoneLab-Locks: wake lock released
05-24 13:43:15.300 23241 23241 I PhoneLab-StatusMonitorLocation: Learning Location
05-24 13:43:15.300 23241 23241 I PhoneLab-Locks: wake lock acquired
05-24 13:43:15.304 23241 23241 I PhoneLab-Locks: wake lock acquired
05-24 13:43:15.304 23241 23241 I PhoneLab-StatusMonitorLocation: Learning Signal Strgth
05-24 13:43:15.304 23241 23241 I PhoneLab-Locks: wake lock acquired
05-24 13:43:15.312 23241 23241 I PhoneLab-StatusMonitorBattery: Battery_level: 94
05-24 13:43:15.312 23241 23241 I PhoneLab-Locks: wake lock released
05-24 13:43:15.312 23241 23241 I PhoneLab-StatusMonitorSignal: Signal_Strength: -96 asu: 9
05-24 13:43:15.312 23241 23241 I PhoneLab-Locks: wake lock released
05-24 13:43:55.398   268  1153 I EventLogService: Aggregate from 1337879635322 (log), 1337879635322 (data)
05-24 13:43:55.495   268   270 D dalvikvm: GC_CONCURRENT freed 550K, 8% free 11118K/11975K, paused 2ms+3ms
05-24 13:44:00.152   215   217 D dalvikvm: GC_CONCURRENT freed 419K, 7% free 10684K/11399K, paused 1ms+4ms
05-24 13:44:13.956 23241 23241 I PhoneLab-Locks: wake lock acquired
05-24 13:44:13.968 23241 23514 I PhoneLab-PeriodicCheckService: User info is synched
05-24 13:44:13.972 23241 23514 I PhoneLab-PeriodicCheckService: Logger Service is running
05-24 13:44:13.972 23241 23514 I PhoneLab-PeriodicCheckService: Rescheduling periodic checking...
05-24 13:44:13.972 23241 23514 I PhoneLab-Locks: wake lock released
05-24 13:45:13.878 23241 23288 I PhoneLab-: Service Running
05-24 13:45:13.941 23241 23288 I PhoneLab-LoggerService: app_34    1169  1     1444   1020  c00f1758 400be794 S logcat
05-24 13:45:13.941 23241 23288 I PhoneLab-LoggerService: Logcat pid from database 1169
05-24 13:45:13.941 23241 23288 I PhoneLab-LoggerService: Logcat process found 1169
05-24 13:45:13.941 23241 23288 I PhoneLab-LoggerService: Checking Threshold
05-24 13:45:13.945 23241 23288 I PhoneLab-LoggerService: Starting to rename files
05-24 13:45:13.945 23241 23288 I PhoneLab-LoggerService: Files found .. 49
05-24 13:45:54.101   144   146 D dalvikvm: GC_CONCURRENT freed 1257K, 25% free 14965K/19847K, paused 10ms+6ms
05-24 13:47:13.878 23241 23288 I PhoneLab-: Service Running
05-24 13:47:13.933 23241 23288 I PhoneLab-LoggerService: app_34    1169  1     1444   1020  c00f1758 400be794 S logcat
05-24 13:47:13.933 23241 23288 I PhoneLab-LoggerService: Logcat pid from database 1169
05-24 13:47:13.933 23241 23288 I PhoneLab-LoggerService: Logcat process found 1169
05-24 13:47:13.933 23241 23288 I PhoneLab-LoggerService: Checking Threshold
05-24 13:47:13.937 23241 23288 I PhoneLab-LoggerService: Starting to rename files
05-24 13:47:13.937 23241 23288 I PhoneLab-LoggerService: Files found .. 49
05-24 13:48:15.320 23241 23241 I PhoneLab-Locks: wake lock acquired
05-24 13:48:15.339 23241 23241 I PhoneLab-StatusMonitor: Status Monitoring is started
05-24 13:48:15.382 23241 23244 D dalvikvm: GC_CONCURRENT freed 554K, 8% free 9191K/9927K, paused 1ms+4ms
05-24 13:48:15.413 23241 23241 I PhoneLab-StatusMonitor: Value: 5 - unit: min
05-24 13:48:15.413 23241 23241 I PhoneLab-StatusMonitor: Running interval: 300000
05-24 13:48:15.421 23241 23241 I PhoneLab-StatusMonitor: Rescheduling status monitoring...
05-24 13:48:15.421 23241 23241 I PhoneLab-Locks: wake lock released
05-24 13:48:15.425 23241 23241 I PhoneLab-StatusMonitorLocation: Learning Location
05-24 13:48:15.425 23241 23241 I PhoneLab-Locks: wake lock acquired
05-24 13:48:15.425 23241 23241 I PhoneLab-Locks: wake lock acquired
05-24 13:48:15.429 23241 23241 I PhoneLab-StatusMonitorLocation: Learning Signal Strgth
05-24 13:48:15.429 23241 23241 I PhoneLab-Locks: wake lock acquired
05-24 13:48:15.437 23241 23241 I PhoneLab-StatusMonitorBattery: Battery_level: 95
05-24 13:48:15.437 23241 23241 I PhoneLab-Locks: wake lock released
05-24 13:48:15.437 23241 23241 I PhoneLab-StatusMonitorSignal: Signal_Strength: -96 asu: 9
05-24 13:48:15.437 23241 23241 I PhoneLab-Locks: wake lock released
05-24 13:49:13.878 23241 23288 I PhoneLab-: Service Running
05-24 13:49:13.956 23241 23288 I PhoneLab-LoggerService: app_34    1169  1     1444   1020  c00f1758 400be794 S logcat
05-24 13:49:13.956 23241 23288 I PhoneLab-LoggerService: Logcat pid from database 1169
05-24 13:49:13.956 23241 23288 I PhoneLab-LoggerService: Logcat process found 1169
05-24 13:49:13.956 23241 23288 I PhoneLab-LoggerService: Checking Threshold
05-24 13:49:13.956 23241 23288 I PhoneLab-LoggerService: Starting to rename files
05-24 13:49:13.960 23241 23288 I PhoneLab-LoggerService: Files found .. 49
05-24 13:49:13.964 23241 23244 D dalvikvm: GC_CONCURRENT freed 478K, 8% free 9168K/9927K, paused 1ms+2ms
05-24 13:51:13.878 23241 23288 I PhoneLab-: Service Running
05-24 13:51:13.929 23241 23288 I PhoneLab-LoggerService: app_34    1169  1     1444   1020  c00f1758 400be794 S logcat
05-24 13:51:13.929 23241 23288 I PhoneLab-LoggerService: Logcat pid from database 1169
05-24 13:51:13.929 23241 23288 I PhoneLab-LoggerService: Logcat process found 1169
05-24 13:51:13.929 23241 23288 I PhoneLab-LoggerService: Checking Threshold
05-24 13:51:13.933 23241 23288 I PhoneLab-LoggerService: Starting to rename files
05-24 13:51:13.937 23241 23288 I PhoneLab-LoggerService: Files found .. 49
05-24 13:53:13.878 23241 23288 I PhoneLab-: Service Running
