05-24 07:40:03.394  2048  2061 I PhoneLab-LoggerService: Starting to rename files
05-24 07:40:03.394  2048  2061 I PhoneLab-LoggerService: Files found .. 48
05-24 07:41:00.199   144   146 D dalvikvm: GC_CONCURRENT freed 1366K, 25% free 14900K/19847K, paused 2ms+6ms
05-24 07:41:27.289 17717 17738 I InvalidationClientImpl: [chromesync#1604387069] Sending heartbeat to server: HeartbeatTask: this$0 = Client: com.google.protos.ipc.invalidation.ClientProtocol$ApplicationClientIdP@413c1d58, \n\006\n\004\010\003\020\001\022\022\t\047-\220D\317B\250\240\021\375G\227\325!~^\332\032\007\010\202,\020\003\030\n, nextPerformanceSendTimeMs = 1337880209022, 
05-24 07:41:27.297 17717 17738 I InvalidationClientImpl: [chromesync#1604387069] Sending info message to server
05-24 07:42:03.328  2048  2061 I PhoneLab-: Service Running
05-24 07:42:03.390  2048  2061 I PhoneLab-LoggerService: app_34    1169  1     1444   1024  c00f1758 400be794 S logcat
05-24 07:42:03.390  2048  2061 I PhoneLab-LoggerService: Logcat pid from database 1169
05-24 07:42:03.390  2048  2061 I PhoneLab-LoggerService: Logcat process found 1169
05-24 07:42:03.390  2048  2061 I PhoneLab-LoggerService: Checking Threshold
05-24 07:42:03.394  2048  2061 I PhoneLab-LoggerService: Starting to rename files
05-24 07:42:03.394  2048  2061 I PhoneLab-LoggerService: Files found .. 48
05-24 07:43:06.164  2048  2048 I PhoneLab-Locks: wake lock acquired
05-24 07:43:06.172  2048  2048 I PhoneLab-StatusMonitor: Status Monitoring is started
05-24 07:43:06.215  2048  2050 D dalvikvm: GC_CONCURRENT freed 524K, 8% free 9226K/9991K, paused 1ms+2ms
05-24 07:43:06.234  2048  2048 I PhoneLab-StatusMonitor: Value: 5 - unit: min
05-24 07:43:06.234  2048  2048 I PhoneLab-StatusMonitor: Running interval: 300000
05-24 07:43:06.242  2048  2048 I PhoneLab-StatusMonitor: Rescheduling status monitoring...
05-24 07:43:06.242  2048  2048 I PhoneLab-Locks: wake lock released
05-24 07:43:06.246  2048  2048 I PhoneLab-StatusMonitorLocation: Learning Location
05-24 07:43:06.246  2048  2048 I PhoneLab-Locks: wake lock acquired
05-24 07:43:06.246  2048  2048 I PhoneLab-Locks: wake lock acquired
05-24 07:43:06.250  2048  2048 I PhoneLab-StatusMonitorLocation: Learning Signal Strgth
05-24 07:43:06.250  2048  2048 I PhoneLab-Locks: wake lock acquired
05-24 07:43:06.258  2048  2048 I PhoneLab-StatusMonitorBattery: Battery_level: 95
05-24 07:43:06.258  2048  2048 I PhoneLab-Locks: wake lock released
05-24 07:43:06.258  2048  2048 I PhoneLab-StatusMonitorSignal: Signal_Strength: -96 asu: 9
05-24 07:43:06.258  2048  2048 I PhoneLab-Locks: wake lock released
05-24 07:43:54.215   268  1272 I EventLogService: Aggregate from 1337858034131 (log), 1337858034131 (data)
05-24 07:44:03.328  2048  2061 I PhoneLab-: Service Running
05-24 07:44:03.390  2048  2061 I PhoneLab-LoggerService: app_34    1169  1     1444   1024  c00f1758 400be794 S logcat
05-24 07:44:03.390  2048  2061 I PhoneLab-LoggerService: Logcat pid from database 1169
05-24 07:44:03.390  2048  2061 I PhoneLab-LoggerService: Logcat process found 1169
05-24 07:44:03.390  2048  2061 I PhoneLab-LoggerService: Checking Threshold
05-24 07:44:03.394  2048  2061 I PhoneLab-LoggerService: Starting to rename files
05-24 07:44:03.394  2048  2061 I PhoneLab-LoggerService: Files found .. 48
05-24 07:44:13.258  2048  2048 I PhoneLab-Locks: wake lock acquired
05-24 07:44:13.265  2048 21489 I PhoneLab-PeriodicCheckService: User info is synched
05-24 07:44:13.269  2048 21489 I PhoneLab-PeriodicCheckService: Logger Service is running
05-24 07:44:13.269  2048 21489 I PhoneLab-PeriodicCheckService: Rescheduling periodic checking...
05-24 07:44:13.273  2048 21489 I PhoneLab-Locks: wake lock released
05-24 07:46:03.328  2048  2061 I PhoneLab-: Service Running
05-24 07:46:03.402  2048  2061 I PhoneLab-LoggerService: app_34    1169  1     1444   1024  c00f1758 400be794 S logcat
05-24 07:46:03.402  2048  2061 I PhoneLab-LoggerService: Logcat pid from database 1169
05-24 07:46:03.402  2048  2061 I PhoneLab-LoggerService: Logcat process found 1169
05-24 07:46:03.402  2048  2061 I PhoneLab-LoggerService: Checking Threshold
05-24 07:46:03.406  2048  2061 I PhoneLab-LoggerService: Starting to rename files
05-24 07:46:03.406  2048  2061 I PhoneLab-LoggerService: Files found .. 48
05-24 07:46:03.414  2048  2050 D dalvikvm: GC_CONCURRENT freed 503K, 9% free 9173K/9991K, paused 1ms+2ms
05-24 07:48:03.328  2048  2061 I PhoneLab-: Service Running
05-24 07:48:03.379  2048  2061 I PhoneLab-LoggerService: app_34    1169  1     1444   1024  c00f1758 400be794 S logcat
05-24 07:48:03.383  2048  2061 I PhoneLab-LoggerService: Logcat pid from database 1169
05-24 07:48:03.383  2048  2061 I PhoneLab-LoggerService: Logcat process found 1169
05-24 07:48:03.383  2048  2061 I PhoneLab-LoggerService: Checking Threshold
05-24 07:48:03.383  2048  2061 I PhoneLab-LoggerService: Starting to rename files
05-24 07:48:03.386  2048  2061 I PhoneLab-LoggerService: Files found .. 48
05-24 07:48:06.269  2048  2048 I PhoneLab-Locks: wake lock acquired
05-24 07:48:06.277  2048  2048 I PhoneLab-StatusMonitor: Status Monitoring is started
05-24 07:48:06.340  2048  2050 D dalvikvm: GC_CONCURRENT freed 415K, 8% free 9254K/9991K, paused 2ms+4ms
05-24 07:48:06.371  2048  2048 I PhoneLab-StatusMonitor: Value: 5 - unit: min
05-24 07:48:06.371  2048  2048 I PhoneLab-StatusMonitor: Running interval: 300000
05-24 07:48:06.379  2048  2048 I PhoneLab-StatusMonitor: Rescheduling status monitoring...
05-24 07:48:06.379  2048  2048 I PhoneLab-Locks: wake lock released
05-24 07:48:06.379  2048  2048 I PhoneLab-StatusMonitorLocation: Learning Location
05-24 07:48:06.379  2048  2048 I PhoneLab-Locks: wake lock acquired
05-24 07:48:06.383  2048  2048 I PhoneLab-Locks: wake lock acquired
05-24 07:48:06.386  2048  2048 I PhoneLab-StatusMonitorLocation: Learning Signal Strgth
05-24 07:48:06.386  2048  2048 I PhoneLab-Locks: wake lock acquired
05-24 07:48:06.390  2048  2048 I PhoneLab-StatusMonitorBattery: Battery_level: 95
05-24 07:48:06.390  2048  2048 I PhoneLab-Locks: wake lock released
05-24 07:48:06.394  2048  2048 I PhoneLab-StatusMonitorSignal: Signal_Strength: -96 asu: 9
05-24 07:48:06.394  2048  2048 I PhoneLab-Locks: wake lock released
05-24 07:49:00.105   215   217 D dalvikvm: GC_CONCURRENT freed 394K, 9% free 10449K/11399K, paused 2ms+4ms
05-24 07:50:03.324  2048  2061 I PhoneLab-: Service Running
05-24 07:50:03.383  2048  2061 I PhoneLab-LoggerService: app_34    1169  1     1444   1024  c00f1758 400be794 S logcat
05-24 07:50:03.383  2048  2061 I PhoneLab-LoggerService: Logcat pid from database 1169
05-24 07:50:03.383  2048  2061 I PhoneLab-LoggerService: Logcat process found 1169
05-24 07:50:03.386  2048  2061 I PhoneLab-LoggerService: Checking Threshold
05-24 07:50:03.386  2048  2061 I PhoneLab-LoggerService: Starting to rename files
05-24 07:50:03.390  2048  2061 I PhoneLab-LoggerService: Files found .. 48
05-24 07:52:03.324  2048  2061 I PhoneLab-: Service Running
05-24 07:52:03.394  2048  2061 I PhoneLab-LoggerService: app_34    1169  1     1444   1024  c00f1758 400be794 S logcat
05-24 07:52:03.394  2048  2061 I PhoneLab-LoggerService: Logcat pid from database 1169
05-24 07:52:03.394  2048  2061 I PhoneLab-LoggerService: Logcat process found 1169
05-24 07:52:03.394  2048  2061 I PhoneLab-LoggerService: Checking Threshold
05-24 07:52:03.398  2048  2061 I PhoneLab-LoggerService: Starting to rename files
05-24 07:52:03.398  2048  2061 I PhoneLab-LoggerService: Files found .. 48
05-24 07:53:06.414  2048  2048 I PhoneLab-Locks: wake lock acquired
05-24 07:53:06.418  2048  2048 I PhoneLab-StatusMonitor: Status Monitoring is started
05-24 07:53:06.469  2048  2050 D dalvikvm: GC_CONCURRENT freed 571K, 8% free 9195K/9991K, paused 2ms+5ms
05-24 07:53:06.492  2048  2048 I PhoneLab-StatusMonitor: Value: 5 - unit: min
05-24 07:53:06.492  2048  2048 I PhoneLab-StatusMonitor: Running interval: 300000
05-24 07:53:06.500  2048  2048 I PhoneLab-StatusMonitor: Rescheduling status monitoring...
05-24 07:53:06.500  2048  2048 I PhoneLab-Locks: wake lock released
05-24 07:53:06.504  2048  2048 I PhoneLab-StatusMonitorLocation: Learning Location
05-24 07:53:06.504  2048  2048 I PhoneLab-Locks: wake lock acquired
05-24 07:53:06.504  2048  2048 I PhoneLab-Locks: wake lock acquired
05-24 07:53:06.508  2048  2048 I PhoneLab-StatusMonitorLocation: Learning Signal Strgth
05-24 07:53:06.508  2048  2048 I PhoneLab-Locks: wake lock acquired
05-24 07:53:06.511  2048  2048 I PhoneLab-StatusMonitorBattery: Battery_level: 95
05-24 07:53:06.511  2048  2048 I PhoneLab-Locks: wake lock released
05-24 07:53:06.515  2048  2048 I PhoneLab-StatusMonitorSignal: Signal_Strength: -96 asu: 9
05-24 07:53:06.515  2048  2048 I PhoneLab-Locks: wake lock released
05-24 07:54:03.324  2048  2061 I PhoneLab-: Service Running
05-24 07:54:03.390  2048  2061 I PhoneLab-LoggerService: app_34    1169  1     1444   1024  c00f1758 400be794 S logcat
05-24 07:54:03.390  2048  2061 I PhoneLab-LoggerService: Logcat pid from database 1169
05-24 07:54:03.390  2048  2061 I PhoneLab-LoggerService: Logcat process found 1169
05-24 07:54:03.390  2048  2061 I PhoneLab-LoggerService: Checking Threshold
05-24 07:54:03.394  2048  2061 I PhoneLab-LoggerService: Starting to rename files
05-24 07:54:03.394  2048  2061 I PhoneLab-LoggerService: Files found .. 48
05-24 07:54:03.402  2048  2050 D dalvikvm: GC_CONCURRENT freed 450K, 9% free 9190K/9991K, paused 2ms+2ms
05-24 07:56:03.324  2048  2061 I PhoneLab-: Service Running
05-24 07:56:03.379  2048  2061 I PhoneLab-LoggerService: app_34    1169  1     1444   1024  c00f1758 400be794 S logcat
05-24 07:56:03.383  2048  2061 I PhoneLab-LoggerService: Logcat pid from database 1169
05-24 07:56:03.383  2048  2061 I PhoneLab-LoggerService: Logcat process found 1169
05-24 07:56:03.383  2048  2061 I PhoneLab-LoggerService: Checking Threshold
05-24 07:56:03.383  2048  2061 I PhoneLab-LoggerService: Starting to rename files
05-24 07:56:03.386  2048  2061 I PhoneLab-LoggerService: Files found .. 48
05-24 07:57:16.590   144   146 D dalvikvm: GC_CONCURRENT freed 1352K, 25% free 14895K/19847K, paused 3ms+6ms
05-24 07:58:03.324  2048  2061 I PhoneLab-: Service Running
05-24 07:58:03.379  2048  2061 I PhoneLab-LoggerService: app_34    1169  1     1444   1024  c00f1758 400be794 S logcat
05-24 07:58:03.379  2048  2061 I PhoneLab-LoggerService: Logcat pid from database 1169
05-24 07:58:03.383  2048  2061 I PhoneLab-LoggerService: Logcat process found 1169
05-24 07:58:03.383  2048  2061 I PhoneLab-LoggerService: Checking Threshold
05-24 07:58:03.383  2048  2061 I PhoneLab-LoggerService: Starting to rename files
05-24 07:58:03.386  2048  2061 I PhoneLab-LoggerService: Files found .. 48
05-24 07:58:06.547  2048  2048 I PhoneLab-Locks: wake lock acquired
05-24 07:58:06.547  2048  2048 I PhoneLab-StatusMonitor: Status Monitoring is started
05-24 07:58:06.594  2048  2050 D dalvikvm: GC_CONCURRENT freed 472K, 8% free 9230K/9991K, paused 2ms+3ms
05-24 07:58:06.609  2048  2048 I PhoneLab-StatusMonitor: Value: 5 - unit: min
05-24 07:58:06.609  2048  2048 I PhoneLab-StatusMonitor: Running interval: 300000
05-24 07:58:06.617  2048  2048 I PhoneLab-StatusMonitor: Rescheduling status monitoring...
05-24 07:58:06.621  2048  2048 I PhoneLab-Locks: wake lock released
05-24 07:58:06.621  2048  2048 I PhoneLab-StatusMonitorLocation: Learning Location
05-24 07:58:06.621  2048  2048 I PhoneLab-Locks: wake lock acquired
05-24 07:58:06.625  2048  2048 I PhoneLab-Locks: wake lock acquired
05-24 07:58:06.625  2048  2048 I PhoneLab-StatusMonitorLocation: Learning Signal Strgth
05-24 07:58:06.625  2048  2048 I PhoneLab-Locks: wake lock acquired
05-24 07:58:06.633  2048  2048 I PhoneLab-StatusMonitorBattery: Battery_level: 95
05-24 07:58:06.633  2048  2048 I PhoneLab-Locks: wake lock released
05-24 07:58:06.633  2048  2048 I PhoneLab-StatusMonitorSignal: Signal_Strength: -96 asu: 9
05-24 07:58:06.633  2048  2048 I PhoneLab-Locks: wake lock released
05-24 08:00:03.328  2048  2061 I PhoneLab-: Service Running
05-24 08:00:03.383  2048  2061 I PhoneLab-LoggerService: app_34    1169  1     1444   1024  c00f1758 400be794 S logcat
05-24 08:00:03.383  2048  2061 I PhoneLab-LoggerService: Logcat pid from database 1169
05-24 08:00:03.383  2048  2061 I PhoneLab-LoggerService: Logcat process found 1169
05-24 08:00:03.383  2048  2061 I PhoneLab-LoggerService: Checking Threshold
05-24 08:00:03.383  2048  2061 I PhoneLab-LoggerService: Starting to rename files
05-24 08:00:03.386  2048  2061 I PhoneLab-LoggerService: Files found .. 48
05-24 08:00:11.523   215   217 D dalvikvm: GC_CONCURRENT freed 394K, 9% free 10440K/11399K, paused 1ms+4ms
05-24 08:01:02.789 17717 17738 I InvalidationClientImpl: [chromesync#1604387069] Sending heartbeat to server: HeartbeatTask: this$0 = Client: com.google.protos.ipc.invalidation.ClientProtocol$ApplicationClientIdP@413c1d58, \n\006\n\004\010\003\020\001\022\022\t\047-\220D\317B\250\240\021\375G\227\325!~^\332\032\007\010\202,\020\003\030\n, nextPerformanceSendTimeMs = 1337885178111, 
05-24 08:01:02.797 17717 17738 I InvalidationClientImpl: [chromesync#1604387069] Sending info message to server
05-24 08:01:04.500 17717 17719 D dalvikvm: GC_CONCURRENT freed 432K, 6% free 9748K/10311K, paused 2ms+3ms
05-24 08:02:03.324  2048  2061 I PhoneLab-: Service Running
05-24 08:02:03.390  2048  2061 I PhoneLab-LoggerService: app_34    1169  1     1444   1024  c00f1758 400be794 S logcat
05-24 08:02:03.390  2048  2061 I PhoneLab-LoggerService: Logcat pid from database 1169
05-24 08:02:03.390  2048  2061 I PhoneLab-LoggerService: Logcat process found 1169
05-24 08:02:03.390  2048  2061 I PhoneLab-LoggerService: Checking Threshold
05-24 08:02:03.410  2048  2061 I PhoneLab-LoggerService: Starting to rename files
05-24 08:02:03.410  2048  2061 I PhoneLab-LoggerService: Files found .. 48
05-24 08:02:03.426  2048  2050 D dalvikvm: GC_CONCURRENT freed 481K, 9% free 9160K/9991K, paused 2ms+2ms
05-24 08:03:06.640  2048  2048 I PhoneLab-Locks: wake lock acquired
05-24 08:03:06.660  2048  2048 I PhoneLab-StatusMonitor: Status Monitoring is started
05-24 08:03:06.703  2048  2048 I PhoneLab-StatusMonitor: Value: 5 - unit: min
05-24 08:03:06.703  2048  2048 I PhoneLab-StatusMonitor: Running interval: 300000
05-24 08:03:06.722  2048  2050 D dalvikvm: GC_CONCURRENT freed 442K, 8% free 9229K/9991K, paused 2ms+7ms
05-24 08:03:06.730  2048  2048 I PhoneLab-StatusMonitor: Rescheduling status monitoring...
05-24 08:03:06.730  2048  2048 I PhoneLab-Locks: wake lock released
05-24 08:03:06.734  2048  2048 I PhoneLab-StatusMonitorLocation: Learning Location
05-24 08:03:06.734  2048  2048 I PhoneLab-Locks: wake lock acquired
05-24 08:03:06.734  2048  2048 I PhoneLab-Locks: wake lock acquired
05-24 08:03:06.738  2048  2048 I PhoneLab-StatusMonitorLocation: Learning Signal Strgth
05-24 08:03:06.738  2048  2048 I PhoneLab-Locks: wake lock acquired
05-24 08:03:06.750  2048  2048 I PhoneLab-StatusMonitorBattery: Battery_level: 95
05-24 08:03:06.750  2048  2048 I PhoneLab-Locks: wake lock released
05-24 08:03:06.750  2048  2048 I PhoneLab-StatusMonitorSignal: Signal_Strength: -96 asu: 9
05-24 08:03:06.750  2048  2048 I PhoneLab-Locks: wake lock released
05-24 08:04:03.328  2048  2061 I PhoneLab-: Service Running
05-24 08:04:03.379  2048  2061 I PhoneLab-LoggerService: app_34    1169  1     1444   1024  c00f1758 400be794 S logcat
05-24 08:04:03.379  2048  2061 I PhoneLab-LoggerService: Logcat pid from database 1169
05-24 08:04:03.379  2048  2061 I PhoneLab-LoggerService: Logcat process found 1169
05-24 08:04:03.379  2048  2061 I PhoneLab-LoggerService: Checking Threshold
05-24 08:04:03.379  2048  2061 I PhoneLab-LoggerService: Starting to rename files
05-24 08:04:03.383  2048  2061 I PhoneLab-LoggerService: Files found .. 48
05-24 08:06:03.328  2048  2061 I PhoneLab-: Service Running
05-24 08:06:03.379  2048  2061 I PhoneLab-LoggerService: app_34    1169  1     1444   1024  c00f1758 400be794 S logcat
05-24 08:06:03.383  2048  2061 I PhoneLab-LoggerService: Logcat pid from database 1169
05-24 08:06:03.383  2048  2061 I PhoneLab-LoggerService: Logcat process found 1169
05-24 08:06:03.383  2048  2061 I PhoneLab-LoggerService: Checking Threshold
05-24 08:06:03.383  2048  2061 I PhoneLab-LoggerService: Starting to rename files
05-24 08:06:03.386  2048  2061 I PhoneLab-LoggerService: Files found .. 48
05-24 08:08:03.324  2048  2061 I PhoneLab-: Service Running
05-24 08:08:03.390  2048  2061 I PhoneLab-LoggerService: app_34    1169  1     1444   1024  c00f1758 400be794 S logcat
05-24 08:08:03.390  2048  2061 I PhoneLab-LoggerService: Logcat pid from database 1169
05-24 08:08:03.390  2048  2061 I PhoneLab-LoggerService: Logcat process found 1169
05-24 08:08:03.390  2048  2061 I PhoneLab-LoggerService: Checking Threshold
05-24 08:08:03.394  2048  2061 I PhoneLab-LoggerService: Starting to rename files
05-24 08:08:03.394  2048  2061 I PhoneLab-LoggerService: Files found .. 48
05-24 08:08:06.769  2048  2048 I PhoneLab-Locks: wake lock acquired
05-24 08:08:06.773  2048  2048 I PhoneLab-StatusMonitor: Status Monitoring is started
05-24 08:08:06.824  2048  2050 D dalvikvm: GC_CONCURRENT freed 529K, 8% free 9209K/9991K, paused 2ms+4ms
05-24 08:08:06.847  2048  2048 I PhoneLab-StatusMonitor: Value: 5 - unit: min
05-24 08:08:06.847  2048  2048 I PhoneLab-StatusMonitor: Running interval: 300000
05-24 08:08:06.855  2048  2048 I PhoneLab-StatusMonitor: Rescheduling status monitoring...
05-24 08:08:06.855  2048  2048 I PhoneLab-Locks: wake lock released
05-24 08:08:06.855  2048  2048 I PhoneLab-StatusMonitorLocation: Learning Location
05-24 08:08:06.855  2048  2048 I PhoneLab-Locks: wake lock acquired
05-24 08:08:06.859  2048  2048 I PhoneLab-Locks: wake lock acquired
05-24 08:08:06.863  2048  2048 I PhoneLab-StatusMonitorLocation: Learning Signal Strgth
05-24 08:08:06.863  2048  2048 I PhoneLab-Locks: wake lock acquired
05-24 08:08:06.867  2048  2048 I PhoneLab-StatusMonitorBattery: Battery_level: 95
05-24 08:08:06.867  2048  2048 I PhoneLab-Locks: wake lock released
05-24 08:08:06.871  2048  2048 I PhoneLab-StatusMonitorSignal: Signal_Strength: -96 asu: 9
05-24 08:08:06.871  2048  2048 I PhoneLab-Locks: wake lock released
05-24 08:10:03.328  2048  2061 I PhoneLab-: Service Running
05-24 08:10:03.379  2048  2061 I PhoneLab-LoggerService: app_34    1169  1     1444   1024  c00f1758 400be794 S logcat
05-24 08:10:03.383  2048  2061 I PhoneLab-LoggerService: Logcat pid from database 1169
05-24 08:10:03.383  2048  2061 I PhoneLab-LoggerService: Logcat process found 1169
05-24 08:10:03.386  2048  2061 I PhoneLab-LoggerService: Checking Threshold
05-24 08:10:03.386  2048  2061 I PhoneLab-LoggerService: Starting to rename files
05-24 08:10:03.390  2048  2061 I PhoneLab-LoggerService: Files found .. 48
05-24 08:10:03.402  2048  2050 D dalvikvm: GC_CONCURRENT freed 487K, 9% free 9156K/9991K, paused 2ms+2ms
05-24 08:12:00.136   215   217 D dalvikvm: GC_CONCURRENT freed 388K, 9% free 10445K/11399K, paused 2ms+5ms
05-24 08:12:03.324  2048  2061 I PhoneLab-: Service Running
05-24 08:12:03.379  2048  2061 I PhoneLab-LoggerService: app_34    1169  1     1444   1024  c00f1758 400be794 S logcat
05-24 08:12:03.383  2048  2061 I PhoneLab-LoggerService: Logcat pid from database 1169
05-24 08:12:03.383  2048  2061 I PhoneLab-LoggerService: Logcat process found 1169
05-24 08:12:03.383  2048  2061 I PhoneLab-LoggerService: Checking Threshold
05-24 08:12:03.383  2048  2061 I PhoneLab-LoggerService: Starting to rename files
05-24 08:12:03.386  2048  2061 I PhoneLab-LoggerService: Files found .. 48
05-24 08:13:06.894  2048  2048 I PhoneLab-Locks: wake lock acquired
05-24 08:13:06.898  2048  2048 I PhoneLab-StatusMonitor: Status Monitoring is started
05-24 08:13:06.957  2048  2050 D dalvikvm: GC_CONCURRENT freed 423K, 8% free 9267K/9991K, paused 2ms+2ms
05-24 08:13:06.957  2048  2048 I PhoneLab-StatusMonitor: Value: 5 - unit: min
05-24 08:13:06.957  2048  2048 I PhoneLab-StatusMonitor: Running interval: 300000
05-24 08:13:06.972  2048  2048 I PhoneLab-StatusMonitor: Rescheduling status monitoring...
05-24 08:13:06.972  2048  2048 I PhoneLab-Locks: wake lock released
05-24 08:13:06.976  2048  2048 I PhoneLab-StatusMonitorLocation: Learning Location
05-24 08:13:06.976  2048  2048 I PhoneLab-Locks: wake lock acquired
05-24 08:13:06.976  2048  2048 I PhoneLab-Locks: wake lock acquired
05-24 08:13:06.980  2048  2048 I PhoneLab-StatusMonitorLocation: Learning Signal Strgth
05-24 08:13:06.980  2048  2048 I PhoneLab-Locks: wake lock acquired
05-24 08:13:06.988  2048  2048 I PhoneLab-StatusMonitorBattery: Battery_level: 95
05-24 08:13:06.988  2048  2048 I PhoneLab-Locks: wake lock released
05-24 08:13:06.988  2048  2048 I PhoneLab-StatusMonitorSignal: Signal_Strength: -96 asu: 9
05-24 08:13:06.988  2048  2048 I PhoneLab-Locks: wake lock released
05-24 08:13:54.308   268   753 I EventLogService: Aggregate from 1337859834220 (log), 1337859834220 (data)
05-24 08:14:03.324  2048  2061 I PhoneLab-: Service Running
05-24 08:14:03.390  2048  2061 I PhoneLab-LoggerService: app_34    1169  1     1444   1024  c00f1758 400be794 S logcat
05-24 08:14:03.390  2048  2061 I PhoneLab-LoggerService: Logcat pid from database 1169
05-24 08:14:03.390  2048  2061 I PhoneLab-LoggerService: Logcat process found 1169
05-24 08:14:03.390  2048  2061 I PhoneLab-LoggerService: Checking Threshold
05-24 08:14:03.394  2048  2061 I PhoneLab-LoggerService: Starting to rename files
05-24 08:14:03.394  2048  2061 I PhoneLab-LoggerService: Files found .. 48
05-24 08:14:13.308  2048  2048 I PhoneLab-Locks: wake lock acquired
05-24 08:14:13.312  2048 21590 I PhoneLab-PeriodicCheckService: User info is synched
05-24 08:14:13.320  2048 21590 I PhoneLab-PeriodicCheckService: Logger Service is running
05-24 08:14:13.320  2048 21590 I PhoneLab-PeriodicCheckService: Rescheduling periodic checking...
05-24 08:14:13.320  2048 21590 I PhoneLab-Locks: wake lock released
05-24 08:15:54.125   292   292 I wpa_supplicant: wlan0: WPA: Group rekeying completed with d0:c2:82:2d:e4:b0 [GTK=TKIP]
05-24 08:16:00.191   144   146 D dalvikvm: GC_CONCURRENT freed 1358K, 25% free 14901K/19847K, paused 3ms+6ms
05-24 08:16:03.328  2048  2061 I PhoneLab-: Service Running
05-24 08:16:03.379  2048  2061 I PhoneLab-LoggerService: app_34    1169  1     1444   1024  c00f1758 400be794 S logcat
05-24 08:16:03.383  2048  2061 I PhoneLab-LoggerService: Logcat pid from database 1169
05-24 08:16:03.383  2048  2061 I PhoneLab-LoggerService: Logcat process found 1169
05-24 08:16:03.383  2048  2061 I PhoneLab-LoggerService: Checking Threshold
05-24 08:16:03.383  2048  2061 I PhoneLab-LoggerService: Starting to rename files
05-24 08:16:03.386  2048  2061 I PhoneLab-LoggerService: Files found .. 48
05-24 08:18:03.328  2048  2061 I PhoneLab-: Service Running
05-24 08:18:03.390  2048  2061 I PhoneLab-LoggerService: app_34    1169  1     1444   1024  c00f1758 400be794 S logcat
05-24 08:18:03.390  2048  2061 I PhoneLab-LoggerService: Logcat pid from database 1169
05-24 08:18:03.390  2048  2061 I PhoneLab-LoggerService: Logcat process found 1169
05-24 08:18:03.390  2048  2061 I PhoneLab-LoggerService: Checking Threshold
05-24 08:18:03.394  2048  2061 I PhoneLab-LoggerService: Starting to rename files
05-24 08:18:03.410  2048  2061 I PhoneLab-LoggerService: Files found .. 48
05-24 08:18:03.426  2048  2050 D dalvikvm: GC_CONCURRENT freed 508K, 9% free 9167K/9991K, paused 2ms+3ms
05-24 08:18:06.992  2048  2048 I PhoneLab-Locks: wake lock acquired
05-24 08:18:07.000  2048  2048 I PhoneLab-StatusMonitor: Status Monitoring is started
05-24 08:18:07.054  2048  2048 I PhoneLab-StatusMonitor: Value: 5 - unit: min
05-24 08:18:07.058  2048  2048 I PhoneLab-StatusMonitor: Running interval: 300000
05-24 08:18:07.070  2048  2048 I PhoneLab-StatusMonitor: Rescheduling status monitoring...
05-24 08:18:07.070  2048  2048 I PhoneLab-Locks: wake lock released
05-24 08:18:07.074  2048  2050 D dalvikvm: GC_CONCURRENT freed 356K, 7% free 9327K/9991K, paused 2ms+4ms
05-24 08:18:07.074  2048  2048 I PhoneLab-StatusMonitorLocation: Learning Location
05-24 08:18:07.074  2048  2048 I PhoneLab-Locks: wake lock acquired
05-24 08:18:07.078  2048  2048 I PhoneLab-Locks: wake lock acquired
05-24 08:18:07.086  2048  2048 I PhoneLab-StatusMonitorLocation: Learning Signal Strgth
05-24 08:18:07.086  2048  2048 I PhoneLab-Locks: wake lock acquired
05-24 08:18:07.090  2048  2048 I PhoneLab-StatusMonitorBattery: Battery_level: 95
05-24 08:18:07.090  2048  2048 I PhoneLab-Locks: wake lock released
05-24 08:18:07.094  2048  2048 I PhoneLab-StatusMonitorSignal: Signal_Strength: -96 asu: 9
05-24 08:18:07.094  2048  2048 I PhoneLab-Locks: wake lock released
05-24 08:20:03.328  2048  2061 I PhoneLab-: Service Running
05-24 08:20:03.379  2048  2061 I PhoneLab-LoggerService: app_34    1169  1     1444   1024  c00f1758 400be794 S logcat
05-24 08:20:03.383  2048  2061 I PhoneLab-LoggerService: Logcat pid from database 1169
05-24 08:20:03.383  2048  2061 I PhoneLab-LoggerService: Logcat process found 1169
05-24 08:20:03.383  2048  2061 I PhoneLab-LoggerService: Checking Threshold
05-24 08:20:03.383  2048  2061 I PhoneLab-LoggerService: Starting to rename files
05-24 08:20:03.386  2048  2061 I PhoneLab-LoggerService: Files found .. 48
05-24 08:21:37.043 17717 17738 I InvalidationClientImpl: [chromesync#1604387069] Sending heartbeat to server: HeartbeatTask: this$0 = Client: com.google.protos.ipc.invalidation.ClientProtocol$ApplicationClientIdP@413c1d58, \n\006\n\004\010\003\020\001\022\022\t\047-\220D\317B\250\240\021\375G\227\325!~^\332\032\007\010\202,\020\003\030\n, nextPerformanceSendTimeMs = 1337878541780, 
05-24 08:21:37.047 17717 17738 I InvalidationClientImpl: [chromesync#1604387069] Sending info message to server
05-24 08:22:03.324  2048  2061 I PhoneLab-: Service Running
05-24 08:22:03.383  2048  2061 I PhoneLab-LoggerService: app_34    1169  1     1444   1024  c00f1758 400be794 S logcat
05-24 08:22:03.383  2048  2061 I PhoneLab-LoggerService: Logcat pid from database 1169
05-24 08:22:03.386  2048  2061 I PhoneLab-LoggerService: Logcat process found 1169
05-24 08:22:03.386  2048  2061 I PhoneLab-LoggerService: Checking Threshold
05-24 08:22:03.386  2048  2061 I PhoneLab-LoggerService: Starting to rename files
05-24 08:22:03.390  2048  2061 I PhoneLab-LoggerService: Files found .. 48
05-24 08:23:07.109  2048  2048 I PhoneLab-Locks: wake lock acquired
05-24 08:23:07.113  2048  2048 I PhoneLab-StatusMonitor: Status Monitoring is started
05-24 08:23:07.168  2048  2050 D dalvikvm: GC_CONCURRENT freed 622K, 8% free 9214K/9991K, paused 1ms+2ms
05-24 08:23:07.179  2048  2048 I PhoneLab-StatusMonitor: Value: 5 - unit: min
05-24 08:23:07.179  2048  2048 I PhoneLab-StatusMonitor: Running interval: 300000
05-24 08:23:07.195  2048  2048 I PhoneLab-StatusMonitor: Rescheduling status monitoring...
05-24 08:23:07.195  2048  2048 I PhoneLab-Locks: wake lock released
05-24 08:23:07.199  2048  2048 I PhoneLab-StatusMonitorLocation: Learning Location
05-24 08:23:07.199  2048  2048 I PhoneLab-Locks: wake lock acquired
05-24 08:23:07.199  2048  2048 I PhoneLab-Locks: wake lock acquired
05-24 08:23:07.273   144   144 D dalvikvm: GC_EXPLICIT freed 624K, 26% free 14855K/19847K, paused 3ms+6ms
05-24 08:23:07.273  2048  2048 I PhoneLab-StatusMonitorLocation: Learning Signal Strgth
05-24 08:23:07.273  2048  2048 I PhoneLab-Locks: wake lock acquired
05-24 08:23:07.281  2048  2048 I PhoneLab-StatusMonitorBattery: Battery_level: 95
05-24 08:23:07.281  2048  2048 I PhoneLab-Locks: wake lock released
05-24 08:23:07.281  2048  2048 I PhoneLab-StatusMonitorSignal: Signal_Strength: -96 asu: 9
05-24 08:23:07.281  2048  2048 I PhoneLab-Locks: wake lock released
05-24 08:24:00.125   215   217 D dalvikvm: GC_CONCURRENT freed 392K, 9% free 10446K/11399K, paused 2ms+5ms
05-24 08:24:03.328  2048  2061 I PhoneLab-: Service Running
05-24 08:24:03.390  2048  2061 I PhoneLab-LoggerService: app_34    1169  1     1444   1024  c00f1758 400be794 S logcat
05-24 08:24:03.390  2048  2061 I PhoneLab-LoggerService: Logcat pid from database 1169
05-24 08:24:03.390  2048  2061 I PhoneLab-LoggerService: Logcat process found 1169
05-24 08:24:03.390  2048  2061 I PhoneLab-LoggerService: Checking Threshold
05-24 08:24:03.394  2048  2061 I PhoneLab-LoggerService: Starting to rename files
05-24 08:24:03.394  2048  2061 I PhoneLab-LoggerService: Files found .. 48
05-24 08:26:03.324  2048  2061 I PhoneLab-: Service Running
05-24 08:26:03.379  2048  2061 I PhoneLab-LoggerService: app_34    1169  1     1444   1024  c00f1758 400be794 S logcat
05-24 08:26:03.379  2048  2061 I PhoneLab-LoggerService: Logcat pid from database 1169
05-24 08:26:03.379  2048  2061 I PhoneLab-LoggerService: Logcat process found 1169
05-24 08:26:03.379  2048  2061 I PhoneLab-LoggerService: Checking Threshold
05-24 08:26:03.394  2048  2061 I PhoneLab-LoggerService: Starting to rename files
05-24 08:26:03.394  2048  2061 I PhoneLab-LoggerService: Files found .. 48
05-24 08:26:03.414  2048  2050 D dalvikvm: GC_CONCURRENT freed 476K, 9% free 9164K/9991K, paused 1ms+2ms
05-24 08:26:56.945  1058 21626 V PicasaContentProvider: querySettings: defaults: {sync_on_wifi_only=1, auto_upload_account_type=null, sync_on_battery=1, sync_picasa_on_wifi_only=1, auto_upload_enabled=0, video_upload_wifi_only=1, sync_on_roaming=0, auto_upload_account_name=null}
05-24 08:26:59.672  1058  1060 D dalvikvm: GC_CONCURRENT freed 381K, 15% free 10130K/11783K, paused 2ms+6ms
05-24 08:27:01.027  1058  1060 D dalvikvm: GC_CONCURRENT freed 471K, 15% free 10044K/11783K, paused 14ms+2ms
05-24 08:27:05.433  1058  1060 D dalvikvm: GC_CONCURRENT freed 362K, 15% free 10087K/11783K, paused 2ms+12ms
05-24 08:27:07.844  1058  1060 D dalvikvm: GC_CONCURRENT freed 366K, 15% free 10122K/11783K, paused 2ms+2ms
05-24 08:27:07.976  1058  1060 D dalvikvm: GC_CONCURRENT freed 409K, 15% free 10113K/11783K, paused 2ms+3ms
05-24 08:27:08.121  1058  1060 D dalvikvm: GC_CONCURRENT freed 390K, 15% free 10123K/11783K, paused 2ms+3ms
05-24 08:27:10.730  1058  1060 D dalvikvm: GC_CONCURRENT freed 423K, 15% free 10089K/11783K, paused 2ms+4ms
05-24 08:27:14.890  1058  1060 D dalvikvm: GC_CONCURRENT freed 117K, 12% free 10478K/11783K, paused 2ms+2ms
05-24 08:27:15.179  1058  1060 D dalvikvm: GC_CONCURRENT freed 501K, 12% free 10379K/11783K, paused 7ms+2ms
05-24 08:27:15.472  1058  1551 D dalvikvm: GC_EXPLICIT freed 207K, 12% free 10451K/11783K, paused 2ms+5ms
05-24 08:27:15.836  1058  1060 D dalvikvm: GC_CONCURRENT freed 364K, 12% free 10481K/11783K, paused 2ms+6ms
05-24 08:27:16.137  1058  1060 D dalvikvm: GC_CONCURRENT freed 400K, 11% free 10490K/11783K, paused 2ms+3ms
05-24 08:27:17.000  1058  1060 D dalvikvm: GC_CONCURRENT freed 366K, 11% free 10565K/11783K, paused 2ms+7ms
05-24 08:27:17.109  1058  1060 D dalvikvm: GC_CONCURRENT freed 192K, 9% free 10765K/11783K, paused 2ms+2ms
05-24 08:27:17.301  1058  1060 D dalvikvm: GC_CONCURRENT freed 475K, 9% free 10759K/11783K, paused 2ms+2ms
05-24 08:27:17.492  1058  1060 D dalvikvm: GC_CONCURRENT freed 461K, 9% free 10792K/11783K, paused 2ms+5ms
05-24 08:27:17.695  1058  1060 D dalvikvm: GC_CONCURRENT freed 501K, 9% free 10768K/11783K, paused 1ms+2ms
05-24 08:27:17.871  1058  1060 D dalvikvm: GC_CONCURRENT freed 466K, 9% free 10772K/11783K, paused 2ms+3ms
05-24 08:27:18.054  1058  1060 D dalvikvm: GC_CONCURRENT freed 429K, 9% free 10817K/11783K, paused 2ms+6ms
05-24 08:27:18.586   464   467 D dalvikvm: GC_CONCURRENT freed 203K, 8% free 10103K/10887K, paused 3ms+3ms
05-24 08:27:25.109  1058  1060 D dalvikvm: GC_CONCURRENT freed 1214K, 15% free 10076K/11783K, paused 17ms+3ms
05-24 08:27:25.347   464   467 D dalvikvm: GC_CONCURRENT freed 690K, 10% free 9799K/10887K, paused 2ms+2ms
05-24 08:27:25.383   464   479 D dalvikvm: GC_EXPLICIT freed 39K, 11% free 9759K/10887K, paused 2ms+3ms
05-24 08:27:27.652   464   467 D dalvikvm: GC_CONCURRENT freed 86K, 8% free 10068K/10887K, paused 2ms+5ms
05-24 08:27:29.015  1058  1060 D dalvikvm: GC_CONCURRENT freed 401K, 15% free 10082K/11783K, paused 2ms+3ms
05-24 08:27:50.054   144   160 V BackupManagerService: Running a backup pass
05-24 08:27:50.070   144   214 V BackupManagerService: Backup requested but nothing pending
05-24 08:27:57.336   464   467 D dalvikvm: GC_CONCURRENT freed 650K, 10% free 9805K/10887K, paused 2ms+3ms
05-24 08:28:03.324  2048  2061 I PhoneLab-: Service Running
05-24 08:28:03.379  2048  2061 I PhoneLab-LoggerService: app_34    1169  1     1444   1024  c00f1758 400be794 S logcat
05-24 08:28:03.379  2048  2061 I PhoneLab-LoggerService: Logcat pid from database 1169
05-24 08:28:03.379  2048  2061 I PhoneLab-LoggerService: Logcat process found 1169
05-24 08:28:03.379  2048  2061 I PhoneLab-LoggerService: Checking Threshold
05-24 08:28:03.379  2048  2061 I PhoneLab-LoggerService: Starting to rename files
05-24 08:28:03.383  2048  2061 I PhoneLab-LoggerService: Files found .. 48
05-24 08:28:07.219  2048  2048 I PhoneLab-Locks: wake lock acquired
05-24 08:28:07.234  2048  2048 I PhoneLab-StatusMonitor: Status Monitoring is started
05-24 08:28:07.281  2048  2050 D dalvikvm: GC_CONCURRENT freed 440K, 8% free 9226K/9991K, paused 2ms+3ms
05-24 08:28:07.285  2048  2048 I PhoneLab-StatusMonitor: Value: 5 - unit: min
05-24 08:28:07.289  2048  2048 I PhoneLab-StatusMonitor: Running interval: 300000
05-24 08:28:07.301  2048  2048 I PhoneLab-StatusMonitor: Rescheduling status monitoring...
05-24 08:28:07.304  2048  2048 I PhoneLab-Locks: wake lock released
05-24 08:28:07.304  2048  2048 I PhoneLab-StatusMonitorLocation: Learning Location
05-24 08:28:07.304  2048  2048 I PhoneLab-Locks: wake lock acquired
05-24 08:28:07.308  2048  2048 I PhoneLab-Locks: wake lock acquired
05-24 08:28:07.312  2048  2048 I PhoneLab-StatusMonitorLocation: Learning Signal Strgth
05-24 08:28:07.312  2048  2048 I PhoneLab-Locks: wake lock acquired
05-24 08:28:07.316  2048  2048 I PhoneLab-StatusMonitorBattery: Battery_level: 95
05-24 08:28:07.316  2048  2048 I PhoneLab-Locks: wake lock released
05-24 08:28:07.316  2048  2048 I PhoneLab-StatusMonitorSignal: Signal_Strength: -96 asu: 9
05-24 08:28:07.316  2048  2048 I PhoneLab-Locks: wake lock released
05-24 08:30:03.328  2048  2061 I PhoneLab-: Service Running
05-24 08:30:03.390  2048  2061 I PhoneLab-LoggerService: app_34    1169  1     1444   1024  c00f1758 400be794 S logcat
05-24 08:30:03.390  2048  2061 I PhoneLab-LoggerService: Logcat pid from database 1169
05-24 08:30:03.390  2048  2061 I PhoneLab-LoggerService: Logcat process found 1169
05-24 08:30:03.390  2048  2061 I PhoneLab-LoggerService: Checking Threshold
05-24 08:30:03.394  2048  2061 I PhoneLab-LoggerService: Starting to rename files
05-24 08:30:03.394  2048  2061 I PhoneLab-LoggerService: Files found .. 48
05-24 08:32:03.324  2048  2061 I PhoneLab-: Service Running
05-24 08:32:03.390  2048  2061 I PhoneLab-LoggerService: app_34    1169  1     1444   1024  c00f1758 400be794 S logcat
05-24 08:32:03.390  2048  2061 I PhoneLab-LoggerService: Logcat pid from database 1169
05-24 08:32:03.390  2048  2061 I PhoneLab-LoggerService: Logcat process found 1169
05-24 08:32:03.390  2048  2061 I PhoneLab-LoggerService: Checking Threshold
05-24 08:32:03.394  2048  2061 I PhoneLab-LoggerService: Starting to rename files
05-24 08:32:03.394  2048  2061 I PhoneLab-LoggerService: Files found .. 48
05-24 08:33:07.328  2048  2048 I PhoneLab-Locks: wake lock acquired
05-24 08:33:07.332  2048  2048 I PhoneLab-StatusMonitor: Status Monitoring is started
05-24 08:33:07.383  2048  2050 D dalvikvm: GC_CONCURRENT freed 534K, 8% free 9203K/9991K, paused 1ms+4ms
05-24 08:33:07.402  2048  2048 I PhoneLab-StatusMonitor: Value: 5 - unit: min
05-24 08:33:07.402  2048  2048 I PhoneLab-StatusMonitor: Running interval: 300000
05-24 08:33:07.410  2048  2048 I PhoneLab-StatusMonitor: Rescheduling status monitoring...
05-24 08:33:07.410  2048  2048 I PhoneLab-Locks: wake lock released
05-24 08:33:07.414  2048  2048 I PhoneLab-StatusMonitorLocation: Learning Location
05-24 08:33:07.414  2048  2048 I PhoneLab-Locks: wake lock acquired
05-24 08:33:07.414  2048  2048 I PhoneLab-Locks: wake lock acquired
05-24 08:33:07.418  2048  2048 I PhoneLab-StatusMonitorLocation: Learning Signal Strgth
05-24 08:33:07.418  2048  2048 I PhoneLab-Locks: wake lock acquired
05-24 08:33:07.426  2048  2048 I PhoneLab-StatusMonitorBattery: Battery_level: 96
05-24 08:33:07.426  2048  2048 I PhoneLab-Locks: wake lock released
05-24 08:33:07.426  2048  2048 I PhoneLab-StatusMonitorSignal: Signal_Strength: -96 asu: 9
05-24 08:33:07.426  2048  2048 I PhoneLab-Locks: wake lock released
05-24 08:34:03.324  2048  2061 I PhoneLab-: Service Running
05-24 08:34:03.390  2048  2061 I PhoneLab-LoggerService: app_34    1169  1     1444   1024  c00f1758 400be794 S logcat
05-24 08:34:03.390  2048  2061 I PhoneLab-LoggerService: Logcat pid from database 1169
05-24 08:34:03.390  2048  2061 I PhoneLab-LoggerService: Logcat process found 1169
05-24 08:34:03.390  2048  2061 I PhoneLab-LoggerService: Checking Threshold
05-24 08:34:03.390  2048  2061 I PhoneLab-LoggerService: Starting to rename files
05-24 08:34:03.394  2048  2061 I PhoneLab-LoggerService: Files found .. 48
05-24 08:34:03.402  2048  2050 D dalvikvm: GC_CONCURRENT freed 463K, 9% free 9180K/9991K, paused 1ms+2ms
05-24 08:34:07.691   144   146 D dalvikvm: GC_CONCURRENT freed 1322K, 25% free 14890K/19847K, paused 22ms+6ms
05-24 08:34:47.820  2021 21665 I Gmail   : MainSyncRequestProto: lowestBkwdConvoId: 0, highestHandledServerOp: 2611159, normalSync: true
05-24 08:34:49.472  2021  2024 D dalvikvm: GC_CONCURRENT freed 352K, 12% free 9801K/11079K, paused 13ms+3ms
05-24 08:34:49.711  2021  2024 D dalvikvm: GC_CONCURRENT freed 460K, 13% free 9747K/11079K, paused 1ms+2ms
05-24 08:34:49.840  2021  2024 D dalvikvm: GC_CONCURRENT freed 386K, 12% free 9763K/11079K, paused 2ms+2ms
05-24 08:34:49.965  2021  2024 D dalvikvm: GC_CONCURRENT freed 403K, 12% free 9752K/11079K, paused 2ms+3ms
05-24 08:34:50.074  2021 21665 D dalvikvm: GC_EXPLICIT freed 71K, 13% free 9740K/11079K, paused 2ms+2ms
05-24 08:34:50.078  2021 21665 I Gmail   : MainSyncRequestProto: lowestBkwdConvoId: 0, highestHandledServerOp: 2611193, normalSync: true
05-24 08:34:51.472  2021 21665 D dalvikvm: GC_EXPLICIT freed 230K, 12% free 9765K/11079K, paused 2ms+3ms
05-24 08:34:51.476  2021 21665 I Gmail   : MainSyncRequestProto: lowestBkwdConvoId: 0, highestHandledServerOp: 2611194, normalSync: true
05-24 08:34:51.488  2021 21665 W Gmail   : Scheduling index for 300000 ms from now
05-24 08:34:51.523  2021 21665 I Gmail   : Sending notification intent: Intent { act=android.intent.action.PROVIDER_CHANGED dat=content://gmail-ls/unread/^i (has extras) }
05-24 08:34:51.765  1966  1968 D dalvikvm: GC_CONCURRENT freed 387K, 8% free 9407K/10183K, paused 2ms+3ms
05-24 08:34:51.894  1966 21672 I DownloadManager: Initiating request for download 718
05-24 08:34:54.094  1966  1968 D dalvikvm: GC_CONCURRENT freed 489K, 9% free 9322K/10183K, paused 3ms+5ms
05-24 08:34:54.461  1966 21678 I DownloadManager: deleting /data/data/com.android.providers.downloads/cache/downloadfile-6.jpeg
05-24 08:34:54.691  1966  1968 D dalvikvm: GC_CONCURRENT freed 303K, 8% free 9410K/10183K, paused 6ms+3ms
05-24 08:34:54.695  1966 21680 I DownloadManager: Initiating request for download 719
05-24 08:34:56.605  1966  1968 D dalvikvm: GC_CONCURRENT freed 450K, 9% free 9364K/10183K, paused 2ms+3ms
05-24 08:34:56.734   144   156 D dalvikvm: GC_EXPLICIT freed 397K, 26% free 14857K/19847K, paused 3ms+6ms
05-24 08:34:56.738  1966 21682 I DownloadManager: deleting /data/data/com.android.providers.downloads/cache/downloadfile-6.jpeg
05-24 08:34:57.047  1966 21685 I DownloadManager: Initiating request for download 720
05-24 08:34:59.398  1966  1968 D dalvikvm: GC_CONCURRENT freed 360K, 8% free 9394K/10183K, paused 1ms+4ms
05-24 08:35:00.125   215   217 D dalvikvm: GC_CONCURRENT freed 390K, 9% free 10440K/11399K, paused 2ms+6ms
05-24 08:35:00.183  1966 21689 I DownloadManager: deleting /data/data/com.android.providers.downloads/cache/downloadfile-6.jpeg
05-24 08:35:00.219  1966  1968 D dalvikvm: GC_CONCURRENT freed 381K, 8% free 9402K/10183K, paused 1ms+3ms
05-24 08:35:00.351  1966 21689 D dalvikvm: GC_EXPLICIT freed 103K, 9% free 9306K/10183K, paused 6ms+3ms
05-24 08:35:00.402  1966 21691 I DownloadManager: Initiating request for download 721
05-24 08:35:02.605  1966  1968 D dalvikvm: GC_CONCURRENT freed 344K, 9% free 9355K/10183K, paused 2ms+10ms
05-24 08:35:02.664  1966 21696 I DownloadManager: Initiating request for download 721
05-24 08:35:02.676  1966 21696 W DownloadManager: Aborting request for download 721: Trying to resume a download that can't be resumed
05-24 08:35:03.172  2021  2024 D dalvikvm: GC_CONCURRENT freed 354K, 12% free 9807K/11079K, paused 2ms+3ms
05-24 08:35:03.508  1966 21701 I DownloadManager: Initiating request for download 722
05-24 08:35:03.554  1966  1968 D dalvikvm: GC_CONCURRENT freed 303K, 8% free 9441K/10183K, paused 5ms+3ms
05-24 08:35:05.476  1966  1968 D dalvikvm: GC_CONCURRENT freed 424K, 8% free 9405K/10183K, paused 2ms+5ms
05-24 08:35:05.804  1966 21707 I DownloadManager: deleting /data/data/com.android.providers.downloads/cache/downloadfile-6.jpeg
05-24 08:35:06.664  1966 21709 I DownloadManager: Initiating request for download 723
05-24 08:35:06.711  1966  1968 D dalvikvm: GC_CONCURRENT freed 296K, 7% free 9499K/10183K, paused 2ms+5ms
05-24 08:35:08.617  1966  1968 D dalvikvm: GC_CONCURRENT freed 422K, 7% free 9480K/10183K, paused 2ms+3ms
05-24 08:35:08.687  1966 21711 I DownloadManager: deleting /data/data/com.android.providers.downloads/cache/downloadfile-6.jpeg
05-24 08:35:09.000  1966 21714 I DownloadManager: Initiating request for download 724
05-24 08:35:09.937  1966  1968 D dalvikvm: GC_CONCURRENT freed 365K, 7% free 9504K/10183K, paused 2ms+5ms
05-24 08:35:11.320   144   285 D dalvikvm: GC_EXPLICIT freed 396K, 26% free 14868K/19847K, paused 3ms+6ms
05-24 08:35:13.203  1966  1968 D dalvikvm: GC_CONCURRENT freed 342K, 7% free 9558K/10183K, paused 2ms+7ms
05-24 08:35:13.226  1966 21720 I DownloadManager: deleting /data/data/com.android.providers.downloads/cache/downloadfile-6.jpeg
05-24 08:35:13.422  1966 21722 I DownloadManager: Initiating request for download 725
05-24 08:35:14.844  1966  1968 D dalvikvm: GC_CONCURRENT freed 549K, 8% free 9403K/10183K, paused 2ms+15ms
05-24 08:35:15.156  1966 21728 I DownloadManager: deleting /data/data/com.android.providers.downloads/cache/downloadfile-6.jpeg
05-24 08:35:15.304  1966  1968 D dalvikvm: GC_CONCURRENT freed 336K, 8% free 9465K/10183K, paused 2ms+6ms
05-24 08:36:03.328  2048  2061 I PhoneLab-: Service Running
05-24 08:36:03.390  2048  2061 I PhoneLab-LoggerService: app_34    1169  1     1444   1024  c00f1758 400be794 S logcat
05-24 08:36:03.390  2048  2061 I PhoneLab-LoggerService: Logcat pid from database 1169
05-24 08:36:03.390  2048  2061 I PhoneLab-LoggerService: Logcat process found 1169
05-24 08:36:03.390  2048  2061 I PhoneLab-LoggerService: Checking Threshold
05-24 08:36:03.394  2048  2061 I PhoneLab-LoggerService: Starting to rename files
05-24 08:36:03.394  2048  2061 I PhoneLab-LoggerService: Files found .. 48
05-24 08:38:03.328  2048  2061 I PhoneLab-: Service Running
05-24 08:38:03.390  2048  2061 I PhoneLab-LoggerService: app_34    1169  1     1444   1024  c00f1758 400be794 S logcat
05-24 08:38:03.390  2048  2061 I PhoneLab-LoggerService: Logcat pid from database 1169
05-24 08:38:03.390  2048  2061 I PhoneLab-LoggerService: Logcat process found 1169
05-24 08:38:03.390  2048  2061 I PhoneLab-LoggerService: Checking Threshold
05-24 08:38:03.394  2048  2061 I PhoneLab-LoggerService: Starting to rename files
05-24 08:38:03.394  2048  2061 I PhoneLab-LoggerService: Files found .. 48
05-24 08:38:07.433  2048  2048 I PhoneLab-Locks: wake lock acquired
05-24 08:38:07.445  2048  2048 I PhoneLab-StatusMonitor: Status Monitoring is started
05-24 08:38:07.488  2048  2050 D dalvikvm: GC_CONCURRENT freed 463K, 8% free 9225K/9991K, paused 2ms+3ms
05-24 08:38:07.496  2048  2048 I PhoneLab-StatusMonitor: Value: 5 - unit: min
05-24 08:38:07.500  2048  2048 I PhoneLab-StatusMonitor: Running interval: 300000
05-24 08:38:07.508  2048  2048 I PhoneLab-StatusMonitor: Rescheduling status monitoring...
05-24 08:38:07.512  2048  2048 I PhoneLab-Locks: wake lock released
05-24 08:38:07.512  2048  2048 I PhoneLab-StatusMonitorLocation: Learning Location
05-24 08:38:07.512  2048  2048 I PhoneLab-Locks: wake lock acquired
05-24 08:38:07.515  2048  2048 I PhoneLab-Locks: wake lock acquired
05-24 08:38:07.519  2048  2048 I PhoneLab-StatusMonitorLocation: Learning Signal Strgth
05-24 08:38:07.519  2048  2048 I PhoneLab-Locks: wake lock acquired
05-24 08:38:07.523  2048  2048 I PhoneLab-StatusMonitorBattery: Battery_level: 96
05-24 08:38:07.523  2048  2048 I PhoneLab-Locks: wake lock released
05-24 08:38:07.523  2048  2048 I PhoneLab-StatusMonitorSignal: Signal_Strength: -96 asu: 9
05-24 08:38:07.523  2048  2048 I PhoneLab-Locks: wake lock released
05-24 08:38:32.851 17717 17738 I InvalidationClientImpl: [chromesync#1604387069] Sending heartbeat to server: HeartbeatTask: this$0 = Client: com.google.protos.ipc.invalidation.ClientProtocol$ApplicationClientIdP@413c1d58, \n\006\n\004\010\003\020\001\022\022\t\047-\220D\317B\250\240\021\375G\227\325!~^\332\032\007\010\202,\020\003\030\n, nextPerformanceSendTimeMs = 1337886310235, 
05-24 08:38:32.859 17717 17738 I InvalidationClientImpl: [chromesync#1604387069] Sending info message to server
05-24 08:38:33.406 17717 17719 D dalvikvm: GC_CONCURRENT freed 446K, 6% free 9733K/10311K, paused 1ms+3ms
05-24 08:40:03.324  2048  2061 I PhoneLab-: Service Running
05-24 08:40:03.379  2048  2061 I PhoneLab-LoggerService: app_34    1169  1     1444   1024  c00f1758 400be794 S logcat
05-24 08:40:03.383  2048  2061 I PhoneLab-LoggerService: Logcat pid from database 1169
05-24 08:40:03.383  2048  2061 I PhoneLab-LoggerService: Logcat process found 1169
05-24 08:40:03.383  2048  2061 I PhoneLab-LoggerService: Checking Threshold
05-24 08:40:03.383  2048  2061 I PhoneLab-LoggerService: Starting to rename files
05-24 08:40:03.387  2048  2061 I PhoneLab-LoggerService: Files found .. 48
05-24 08:41:57.054  2021  2024 D dalvikvm: GC_CONCURRENT freed 379K, 12% free 9822K/11079K, paused 1ms+3ms
05-24 08:41:57.183  2021 21757 W Gmail   : Successful index run, cancel next scheduled index run
05-24 08:42:03.328  2048  2061 I PhoneLab-: Service Running
05-24 08:42:03.379  2048  2061 I PhoneLab-LoggerService: app_34    1169  1     1444   1024  c00f1758 400be794 S logcat
05-24 08:42:03.379  2048  2061 I PhoneLab-LoggerService: Logcat pid from database 1169
05-24 08:42:03.379  2048  2061 I PhoneLab-LoggerService: Logcat process found 1169
05-24 08:42:03.379  2048  2061 I PhoneLab-LoggerService: Checking Threshold
05-24 08:42:03.394  2048  2061 I PhoneLab-LoggerService: Starting to rename files
05-24 08:42:03.398  2048  2061 I PhoneLab-LoggerService: Files found .. 48
05-24 08:42:03.410  2048  2050 D dalvikvm: GC_CONCURRENT freed 480K, 9% free 9160K/9991K, paused 2ms+2ms
05-24 08:43:07.531  2048  2048 I PhoneLab-Locks: wake lock acquired
05-24 08:43:07.539  2048  2048 I PhoneLab-StatusMonitor: Status Monitoring is started
05-24 08:43:07.594  2048  2048 I PhoneLab-StatusMonitor: Value: 5 - unit: min
05-24 08:43:07.597  2048  2048 I PhoneLab-StatusMonitor: Running interval: 300000
05-24 08:43:07.609  2048  2048 I PhoneLab-StatusMonitor: Rescheduling status monitoring...
05-24 08:43:07.609  2048  2048 I PhoneLab-Locks: wake lock released
05-24 08:43:07.613  2048  2050 D dalvikvm: GC_CONCURRENT freed 345K, 7% free 9332K/9991K, paused 2ms+4ms
05-24 08:43:07.613  2048  2048 I PhoneLab-StatusMonitorLocation: Learning Location
05-24 08:43:07.613  2048  2048 I PhoneLab-Locks: wake lock acquired
05-24 08:43:07.613  2048  2048 I PhoneLab-Locks: wake lock acquired
05-24 08:43:07.617  2048  2048 I PhoneLab-StatusMonitorLocation: Learning Signal Strgth
05-24 08:43:07.617  2048  2048 I PhoneLab-Locks: wake lock acquired
05-24 08:43:07.629  2048  2048 I PhoneLab-StatusMonitorBattery: Battery_level: 96
05-24 08:43:07.629  2048  2048 I PhoneLab-Locks: wake lock released
05-24 08:43:07.629  2048  2048 I PhoneLab-StatusMonitorSignal: Signal_Strength: -96 asu: 9
05-24 08:43:07.629  2048  2048 I PhoneLab-Locks: wake lock released
05-24 08:43:54.398   268  1153 I EventLogService: Aggregate from 1337861634315 (log), 1337861634315 (data)
05-24 08:43:54.476   268   670 D dalvikvm: GC_FOR_ALLOC freed 394K, 8% free 11047K/11911K, paused 31ms
05-24 08:44:03.324  2048  2061 I PhoneLab-: Service Running
05-24 08:44:03.383  2048  2061 I PhoneLab-LoggerService: app_34    1169  1     1444   1024  c00f1758 400be794 S logcat
05-24 08:44:03.383  2048  2061 I PhoneLab-LoggerService: Logcat pid from database 1169
05-24 08:44:03.383  2048  2061 I PhoneLab-LoggerService: Logcat process found 1169
05-24 08:44:03.383  2048  2061 I PhoneLab-LoggerService: Checking Threshold
05-24 08:44:03.383  2048  2061 I PhoneLab-LoggerService: Starting to rename files
05-24 08:44:03.387  2048  2061 I PhoneLab-LoggerService: Files found .. 48
05-24 08:44:13.359  2048  2048 I PhoneLab-Locks: wake lock acquired
05-24 08:44:13.367  2048 21765 I PhoneLab-PeriodicCheckService: User info is synched
05-24 08:44:13.371  2048 21765 I PhoneLab-PeriodicCheckService: Logger Service is running
05-24 08:44:13.371  2048 21765 I PhoneLab-PeriodicCheckService: Rescheduling periodic checking...
05-24 08:44:13.371  2048 21765 I PhoneLab-Locks: wake lock released
05-24 08:46:03.328  2048  2061 I PhoneLab-: Service Running
05-24 08:46:03.383  2048  2061 I PhoneLab-LoggerService: app_34    1169  1     1444   1024  c00f1758 400be794 S logcat
05-24 08:46:03.387  2048  2061 I PhoneLab-LoggerService: Logcat pid from database 1169
05-24 08:46:03.387  2048  2061 I PhoneLab-LoggerService: Logcat process found 1169
