07-02 16:38:15.692    80   125 W SurfaceTexture: [com.android.wallpaper.fall.FallWallpaper] cancelBuffer: SurfaceTexture has been abandoned!
07-02 16:38:15.809   442  1551 V RenderScript: 0x1591ad8 RS Thread exited
07-02 16:38:15.809   442   442 V RenderScript: 0x1591ad8 Context::~Context done
07-02 16:38:15.809   442   442 V RenderScript: 0x1591ad8 rsContextDestroy done
07-02 16:38:15.875   155   507 W WindowManager: Failed looking up window
07-02 16:38:15.875   155   507 W WindowManager: java.lang.IllegalArgumentException: Requested window android.os.BinderProxy@416b3330 does not exist
07-02 16:38:15.875   155   507 W WindowManager: 	at com.android.server.wm.WindowManagerService.windowForClientLocked(WindowManagerService.java:7163)
07-02 16:38:15.875   155   507 W WindowManager: 	at com.android.server.wm.WindowManagerService.windowForClientLocked(WindowManagerService.java:7154)
07-02 16:38:15.875   155   507 W WindowManager: 	at com.android.server.wm.WindowManagerService.removeWindow(WindowManagerService.java:2209)
07-02 16:38:15.875   155   507 W WindowManager: 	at com.android.server.wm.Session.remove(Session.java:149)
07-02 16:38:15.875   155   507 W WindowManager: 	at android.view.IWindowSession$Stub.onTransact(IWindowSession.java:124)
07-02 16:38:15.875   155   507 W WindowManager: 	at com.android.server.wm.Session.onTransact(Session.java:111)
07-02 16:38:15.875   155   507 W WindowManager: 	at android.os.Binder.execTransact(Binder.java:338)
07-02 16:38:15.875   155   507 W WindowManager: 	at dalvik.system.NativeStart.run(Native Method)
07-02 16:38:15.930   442   442 V RenderScript: rsContextCreateGL dev=0x15630d0
07-02 16:38:15.934   442  1557 V RenderScript: 0x1591ad8 Launching thread(s), CPUs 1
07-02 16:38:15.934   442  1557 V RenderScript: 0x1591ad8 initEGL start
07-02 16:38:15.942   442  1557 V RenderScript: 0x1591ad8 initGLThread end
07-02 16:38:15.946   442   442 V RenderScript: 0x1591ad8 rsContextCreateGL ret
07-02 16:38:15.957   640   642 D dalvikvm: GC_CONCURRENT freed 1015K, 11% free 9883K/11015K, paused 4ms+9ms
07-02 16:38:16.082  1144  1144 D Finsky  : [1] DownloadQueueImpl.startDownload: Download self-update-download starting
07-02 16:38:16.110   155   553 I ActivityManager: START {flg=0x4000000 cmp=com.android.vending/com.google.android.finsky.activities.TosActivity (has extras)} from pid 1144
07-02 16:38:16.160   442   442 V ScriptC : Create script for resource = fall
07-02 16:38:16.184   539   541 D dalvikvm: GC_CONCURRENT freed 659K, 8% free 9333K/10119K, paused 2ms+12ms
07-02 16:38:16.215  1144  1144 D Finsky  : [1] DownloadImpl.setState: self-update-download from QUEUED to DOWNLOADING.
07-02 16:38:16.215  1144  1144 D Finsky  : [1] DownloadQueueImpl.onStart: self-update-download: onStart
07-02 16:38:16.219   442  1557 D StopWatch: StopWatch calcFileSHA1 time (us): 15490 
07-02 16:38:16.223   442  1557 D bcc     : Read object file size 7232
07-02 16:38:16.231  1144  1144 D Finsky  : [1] DownloadQueueImpl.notifyProgress: self-update-download: onProgress 0/-1 Status: 190.
07-02 16:38:16.231   442  1557 D StopWatch: StopWatch bcc: PrepareExecutable time (us): 9575 
07-02 16:38:16.324   442   442 D dalvikvm: GC_FOR_ALLOC freed 3826K, 32% free 9128K/13255K, paused 18ms
07-02 16:38:16.328   442   442 I dalvikvm-heap: Grow heap (frag case) to 11.910MB for 3072016-byte allocation
07-02 16:38:16.371   442   444 D dalvikvm: GC_CONCURRENT freed 9K, 9% free 12119K/13255K, paused 2ms+1ms
07-02 16:38:16.598  1144  1144 D Finsky  : [1] DownloadQueueImpl.notifyProgress: self-update-download: onProgress 0/-1 Status: 192.
07-02 16:38:16.649   640   642 D dalvikvm: GC_CONCURRENT freed 156K, 8% free 10136K/11015K, paused 2ms+3ms
07-02 16:38:16.668   539  1561 I DownloadManager: Initiating request for download 2
07-02 16:38:17.149   640   642 D dalvikvm: GC_CONCURRENT freed 266K, 7% free 10261K/11015K, paused 2ms+3ms
07-02 16:38:17.399   640   642 D dalvikvm: GC_CONCURRENT freed 364K, 7% free 10290K/11015K, paused 3ms+4ms
07-02 16:38:17.621   442   550 D RenderScript_jni: MessageThread exiting.
07-02 16:38:17.625   442   442 V RenderScript: 0x13e7740 rsContextDestroy
07-02 16:38:17.625   442   442 V RenderScript: 0x13e7740 Context::~Context
07-02 16:38:17.629    83   131 D AudioHardware: AudioHardware pcm playback is exiting standby.
07-02 16:38:17.629    83   131 D AudioHardware: openPcmOut_l() mPcmOpenCnt: 0
07-02 16:38:17.770   442   524 V RenderScript: 0x13e7740 RS Thread exiting
07-02 16:38:17.817  1525  1525 D OpenGLRenderer: Flushing caches (mode 0)
07-02 16:38:17.852  1525  1525 D OpenGLRenderer: Flushing caches (mode 0)
07-02 16:38:17.895   442   524 V RenderScript: 0x13e7740 RS Thread exited
07-02 16:38:17.899   442   442 V RenderScript: 0x13e7740 Context::~Context done
07-02 16:38:17.899   442   442 V RenderScript: 0x13e7740 rsContextDestroy done
07-02 16:38:17.946   442   442 V RenderScript: rsContextCreateGL dev=0x1425ea8
07-02 16:38:17.946   442  1567 V RenderScript: 0x13e7740 Launching thread(s), CPUs 1
07-02 16:38:17.946   442  1567 V RenderScript: 0x13e7740 initEGL start
07-02 16:38:17.957   442  1567 V RenderScript: 0x13e7740 initGLThread end
07-02 16:38:17.961   442   442 V RenderScript: 0x13e7740 rsContextCreateGL ret
07-02 16:38:18.000   442   442 V ScriptC : Create script for resource = fall
07-02 16:38:18.039   442  1567 D StopWatch: StopWatch calcFileSHA1 time (us): 11561 
07-02 16:38:18.039   442  1567 D bcc     : Read object file size 7232
07-02 16:38:18.047   442  1567 D StopWatch: StopWatch bcc: PrepareExecutable time (us): 8374 
07-02 16:38:18.133   442   442 D dalvikvm: GC_FOR_ALLOC freed 3823K, 32% free 9128K/13255K, paused 20ms
07-02 16:38:18.133   442   442 I dalvikvm-heap: Grow heap (frag case) to 11.909MB for 3072016-byte allocation
07-02 16:38:18.192   442   444 D dalvikvm: GC_CONCURRENT freed 4K, 9% free 12123K/13255K, paused 3ms+4ms
07-02 16:38:18.344   155   171 I ActivityManager: No longer want com.android.exchange (pid 1353): hidden #16
07-02 16:38:18.422  1525  1525 D OpenGLRenderer: Flushing caches (mode 1)
07-02 16:38:18.469   640   642 D dalvikvm: GC_CONCURRENT freed 370K, 7% free 10311K/11015K, paused 6ms+187ms
07-02 16:38:18.559  1525  1525 D dalvikvm: GC_EXPLICIT freed 39K, 2% free 9937K/10119K, paused 23ms+7ms
07-02 16:38:18.578   442  1558 D RenderScript_jni: MessageThread exiting.
07-02 16:38:18.578   442   442 V RenderScript: 0x1591ad8 rsContextDestroy
07-02 16:38:18.578   442   442 V RenderScript: 0x1591ad8 Context::~Context
07-02 16:38:18.578   155   647 W WindowManager: Force-removing child win Window{415e5f00 com.android.wallpaper.fall.FallWallpaper paused=false} from container Window{415efef0 com.android.wallpaper.livepicker/com.android.wallpaper.livepicker.LiveWallpaperPreview paused=false}
07-02 16:38:18.582   155   647 W WindowManager: Force-removing child win Window{413b0f88 Media:com.android.wallpaper.livepicker/com.android.wallpaper.livepicker.LiveWallpaperPreview paused=false} from container Window{415efef0 com.android.wallpaper.livepicker/com.android.wallpaper.livepicker.LiveWallpaperPreview paused=false}
07-02 16:38:18.590  1525  1525 E InputQueue-JNI: channel '413b0f88 Media:com.android.wallpaper.livepicker/com.android.wallpaper.livepicker.LiveWallpaperPreview (client)' ~ Publisher closed input channel or an error occurred.  events=0x8
07-02 16:38:18.594   155   610 W WindowManager: Failed looking up window
07-02 16:38:18.594   155   610 W WindowManager: java.lang.IllegalArgumentException: Requested window android.os.BinderProxy@414c7008 does not exist
07-02 16:38:18.594   155   610 W WindowManager: 	at com.android.server.wm.WindowManagerService.windowForClientLocked(WindowManagerService.java:7163)
07-02 16:38:18.594   155   610 W WindowManager: 	at com.android.server.wm.WindowManagerService.windowForClientLocked(WindowManagerService.java:7154)
07-02 16:38:18.594   155   610 W WindowManager: 	at com.android.server.wm.WindowManagerService.removeWindow(WindowManagerService.java:2209)
07-02 16:38:18.594   155   610 W WindowManager: 	at com.android.server.wm.Session.remove(Session.java:149)
07-02 16:38:18.594   155   610 W WindowManager: 	at android.view.IWindowSession$Stub.onTransact(IWindowSession.java:124)
07-02 16:38:18.594   155   610 W WindowManager: 	at com.android.server.wm.Session.onTransact(Session.java:111)
07-02 16:38:18.594   155   610 W WindowManager: 	at android.os.Binder.execTransact(Binder.java:338)
07-02 16:38:18.594   155   610 W WindowManager: 	at dalvik.system.NativeStart.run(Native Method)
07-02 16:38:18.602   442  1557 V RenderScript: 0x1591ad8 RS Thread exiting
07-02 16:38:18.625    80   770 W SurfaceTexture: [com.android.wallpaper.fall.FallWallpaper] cancelBuffer: SurfaceTexture has been abandoned!
07-02 16:38:18.653   442  1557 V RenderScript: 0x1591ad8 RS Thread exited
07-02 16:38:18.656   442   442 V RenderScript: 0x1591ad8 Context::~Context done
07-02 16:38:18.656   442   442 V RenderScript: 0x1591ad8 rsContextDestroy done
07-02 16:38:18.660   155   166 W WindowManager: Failed looking up window
07-02 16:38:18.660   155   166 W WindowManager: java.lang.IllegalArgumentException: Requested window android.os.BinderProxy@41395a58 does not exist
07-02 16:38:18.660   155   166 W WindowManager: 	at com.android.server.wm.WindowManagerService.windowForClientLocked(WindowManagerService.java:7163)
07-02 16:38:18.660   155   166 W WindowManager: 	at com.android.server.wm.WindowManagerService.windowForClientLocked(WindowManagerService.java:7154)
07-02 16:38:18.660   155   166 W WindowManager: 	at com.android.server.wm.WindowManagerService.removeWindow(WindowManagerService.java:2209)
07-02 16:38:18.660   155   166 W WindowManager: 	at com.android.server.wm.Session.remove(Session.java:149)
07-02 16:38:18.660   155   166 W WindowManager: 	at android.view.IWindowSession$Stub.onTransact(IWindowSession.java:124)
07-02 16:38:18.660   155   166 W WindowManager: 	at com.android.server.wm.Session.onTransact(Session.java:111)
07-02 16:38:18.660   155   166 W WindowManager: 	at android.os.Binder.execTransact(Binder.java:338)
07-02 16:38:18.660   155   166 W WindowManager: 	at dalvik.system.NativeStart.run(Native Method)
07-02 16:38:18.910   640   642 D dalvikvm: GC_CONCURRENT freed 349K, 7% free 10351K/11015K, paused 2ms+3ms
07-02 16:38:19.129   640   642 D dalvikvm: GC_CONCURRENT freed 339K, 6% free 10405K/11015K, paused 3ms+3ms
07-02 16:38:19.336   539   541 D dalvikvm: GC_CONCURRENT freed 305K, 7% free 9414K/10119K, paused 3ms+2ms
07-02 16:38:19.485   640   642 D dalvikvm: GC_CONCURRENT freed 352K, 6% free 10439K/11015K, paused 2ms+12ms
07-02 16:38:19.524  1057  1299 I PhoneLab-: Service Running
07-02 16:38:19.586  1057  1299 I PhoneLab-LoggerService: app_36    1303  1057  1800   1428  c00f181c 400107b4 S logcat
07-02 16:38:19.586  1057  1299 I PhoneLab-LoggerService: Logcat pid from database 1303
07-02 16:38:19.590  1057  1299 I PhoneLab-LoggerService: Logcat process found 1303
07-02 16:38:19.590  1057  1299 I PhoneLab-LoggerService: Checking Threshold
07-02 16:38:19.590  1057  1299 I PhoneLab-LoggerService: Starting to rename files
07-02 16:38:19.590  1057  1299 I PhoneLab-LoggerService: Files found .. 2
07-02 16:38:19.590  1057  1299 I PhoneLab-LoggerService: File 1 log.out.1
07-02 16:38:19.598  1057  1299 I PhoneLab-LoggerService: Renamed successfully
07-02 16:38:19.938   155   204 D dalvikvm: GC_EXPLICIT freed 527K, 9% free 12152K/13255K, paused 4ms+6ms
07-02 16:38:20.055   559   562 D dalvikvm: GC_CONCURRENT freed 610K, 11% free 10815K/12103K, paused 2ms+4ms
07-02 16:38:20.254   640   642 D dalvikvm: GC_CONCURRENT freed 853K, 9% free 10039K/11015K, paused 2ms+4ms
07-02 16:38:20.524   640   642 D dalvikvm: GC_CONCURRENT freed 270K, 8% free 10156K/11015K, paused 3ms+3ms
07-02 16:38:20.723    83   131 D AudioHardware: AudioHardware pcm playback is going to standby.
07-02 16:38:20.723    83   131 D AudioHardware: closePcmOut_l() mPcmOpenCnt: 1
07-02 16:38:20.774   640   642 D dalvikvm: GC_CONCURRENT freed 351K, 8% free 10190K/11015K, paused 2ms+3ms
07-02 16:38:21.043   640   642 D dalvikvm: GC_CONCURRENT freed 351K, 8% free 10227K/11015K, paused 2ms+3ms
07-02 16:38:21.262   640   642 D dalvikvm: GC_CONCURRENT freed 352K, 7% free 10270K/11015K, paused 3ms+3ms
07-02 16:38:21.500   640   642 D dalvikvm: GC_CONCURRENT freed 344K, 7% free 10313K/11015K, paused 2ms+3ms
07-02 16:38:22.016   559   562 D dalvikvm: GC_CONCURRENT freed 488K, 11% free 10824K/12103K, paused 3ms+3ms
07-02 16:38:22.184   640   642 D dalvikvm: GC_CONCURRENT freed 745K, 10% free 9984K/11015K, paused 2ms+3ms
07-02 16:38:22.410   640   642 D dalvikvm: GC_CONCURRENT freed 234K, 8% free 10137K/11015K, paused 2ms+3ms
07-02 16:38:22.664   640   642 D dalvikvm: GC_CONCURRENT freed 338K, 8% free 10187K/11015K, paused 2ms+4ms
07-02 16:38:22.903   640   642 D dalvikvm: GC_CONCURRENT freed 367K, 8% free 10210K/11015K, paused 3ms+2ms
07-02 16:38:23.153   640   642 D dalvikvm: GC_CONCURRENT freed 330K, 7% free 10265K/11015K, paused 2ms+3ms
07-02 16:38:23.817   559   562 D dalvikvm: GC_CONCURRENT freed 475K, 11% free 10855K/12103K, paused 4ms+3ms
07-02 16:38:23.910   640   642 D dalvikvm: GC_CONCURRENT freed 813K, 11% free 9840K/11015K, paused 3ms+4ms
07-02 16:38:24.067   640   642 D dalvikvm: GC_CONCURRENT freed 128K, 9% free 10109K/11015K, paused 1ms+2ms
07-02 16:38:24.360   640   642 D dalvikvm: GC_CONCURRENT freed 271K, 8% free 10226K/11015K, paused 4ms+4ms
07-02 16:38:24.574   155   166 D dalvikvm: GC_EXPLICIT freed 231K, 9% free 12093K/13255K, paused 2ms+5ms
07-02 16:38:24.684   640   642 D dalvikvm: GC_CONCURRENT freed 371K, 8% free 10241K/11015K, paused 2ms+3ms
07-02 16:38:24.910   640   642 D dalvikvm: GC_CONCURRENT freed 369K, 7% free 10259K/11015K, paused 2ms+4ms
07-02 16:38:25.160   640   642 D dalvikvm: GC_CONCURRENT freed 336K, 7% free 10319K/11015K, paused 2ms+3ms
07-02 16:38:25.430   640   642 D dalvikvm: GC_CONCURRENT freed 363K, 7% free 10345K/11015K, paused 3ms+3ms
07-02 16:38:25.879   559   562 D dalvikvm: GC_CONCURRENT freed 513K, 11% free 10853K/12103K, paused 2ms+2ms
07-02 16:38:26.035   640   642 D dalvikvm: GC_CONCURRENT freed 724K, 10% free 10020K/11015K, paused 2ms+3ms
07-02 16:38:26.297   640   642 D dalvikvm: GC_CONCURRENT freed 251K, 8% free 10159K/11015K, paused 3ms+3ms
07-02 16:38:26.528   640   642 D dalvikvm: GC_CONCURRENT freed 357K, 8% free 10195K/11015K, paused 2ms+3ms
07-02 16:38:26.668   640   665 D dalvikvm: GC_EXPLICIT freed 228K, 8% free 10175K/11015K, paused 3ms+3ms
07-02 16:38:26.906   640   642 D dalvikvm: GC_CONCURRENT freed 315K, 7% free 10251K/11015K, paused 2ms+5ms
07-02 16:38:27.231   640   642 D dalvikvm: GC_CONCURRENT freed 353K, 7% free 10282K/11015K, paused 2ms+4ms
07-02 16:38:27.688   559   562 D dalvikvm: GC_CONCURRENT freed 485K, 11% free 10861K/12103K, paused 2ms+2ms
07-02 16:38:27.805   640   642 D dalvikvm: GC_CONCURRENT freed 657K, 9% free 10027K/11015K, paused 2ms+3ms
07-02 16:38:28.055   640   642 D dalvikvm: GC_CONCURRENT freed 232K, 8% free 10181K/11015K, paused 2ms+3ms
07-02 16:38:28.285   640   642 D dalvikvm: GC_CONCURRENT freed 348K, 8% free 10222K/11015K, paused 2ms+2ms
07-02 16:38:28.516   640   642 D dalvikvm: GC_CONCURRENT freed 364K, 7% free 10250K/11015K, paused 2ms+3ms
07-02 16:38:28.778   640   642 D dalvikvm: GC_CONCURRENT freed 342K, 7% free 10298K/11015K, paused 3ms+4ms
07-02 16:38:29.051   640   642 D dalvikvm: GC_CONCURRENT freed 345K, 7% free 10339K/11015K, paused 3ms+5ms
07-02 16:38:29.567   559   562 D dalvikvm: GC_CONCURRENT freed 493K, 11% free 10855K/12103K, paused 2ms+3ms
07-02 16:38:29.668   640   642 D dalvikvm: GC_CONCURRENT freed 740K, 10% free 10000K/11015K, paused 2ms+4ms
07-02 16:38:29.914   640   642 D dalvikvm: GC_CONCURRENT freed 245K, 8% free 10142K/11015K, paused 2ms+4ms
07-02 16:38:30.133   640   642 D dalvikvm: GC_CONCURRENT freed 355K, 8% free 10176K/11015K, paused 2ms+4ms
07-02 16:38:30.395   640   642 D dalvikvm: GC_CONCURRENT freed 349K, 8% free 10212K/11015K, paused 3ms+4ms
07-02 16:38:30.633   640   642 D dalvikvm: GC_CONCURRENT freed 338K, 7% free 10260K/11015K, paused 2ms+3ms
07-02 16:38:30.821   155   201 I power   : *** set_screen_state 0
07-02 16:38:30.856    80   123 D SurfaceFlinger: About to give-up screen, flinger = 0x1dbd918
07-02 16:38:31.156   155   205 D dalvikvm: GC_FOR_ALLOC freed 200K, 7% free 12399K/13255K, paused 48ms
07-02 16:38:31.172   492  1582 D NfcService: NFC-C OFF, disconnect
07-02 16:38:31.223   155   205 D dalvikvm: GC_FOR_ALLOC freed 16K, 7% free 12496K/13383K, paused 48ms
07-02 16:38:31.223   155   205 I dalvikvm-heap: Grow heap (frag case) to 12.377MB for 104992-byte allocation
07-02 16:38:31.278   155   633 D dalvikvm: GC_FOR_ALLOC freed <1K, 7% free 12598K/13511K, paused 44ms
07-02 16:38:31.328   155   205 D dalvikvm: GC_FOR_ALLOC freed <1K, 7% free 12598K/13511K, paused 37ms
07-02 16:38:31.328   155   205 I dalvikvm-heap: Grow heap (frag case) to 12.477MB for 104992-byte allocation
07-02 16:38:31.379   155   627 D dalvikvm: GC_FOR_ALLOC freed <1K, 7% free 12701K/13639K, paused 39ms
07-02 16:38:31.430   589   589 D OpenGLRenderer: Flushing caches (mode 1)
07-02 16:38:31.473   155   205 D dalvikvm: GC_FOR_ALLOC freed 27K, 7% free 12810K/13639K, paused 39ms
07-02 16:38:31.485   155   205 V TransportControlView: Create TCV com.android.internal.widget.TransportControlView@416f1488
07-02 16:38:31.531   390   390 D PhoneStatusBar: disable: < expand icons alerts ticker system_info back home RECENT* clock >
07-02 16:38:31.551   589   589 D OpenGLRenderer: Flushing caches (mode 1)
07-02 16:38:31.594   390   390 D PhoneStatusBar: disable: < expand icons alerts ticker system_info BACK* HOME* RECENT clock >
07-02 16:38:31.625   390   390 D PhoneStatusBar: disable: < expand icons alerts ticker system_info BACK HOME RECENT CLOCK* >
07-02 16:38:31.703   640   642 D dalvikvm: GC_CONCURRENT freed 679K, 10% free 10003K/11015K, paused 2ms+3ms
07-02 16:38:31.891   640   642 D dalvikvm: GC_CONCURRENT freed 271K, 9% free 10124K/11015K, paused 1ms+2ms
07-02 16:38:32.039   155   485 D dalvikvm: GC_EXPLICIT freed 92K, 6% free 13009K/13767K, paused 2ms+4ms
07-02 16:38:32.133   640   642 D dalvikvm: GC_CONCURRENT freed 352K, 8% free 10169K/11015K, paused 2ms+3ms
07-02 16:38:32.379   640   642 D dalvikvm: GC_CONCURRENT freed 352K, 8% free 10206K/11015K, paused 2ms+2ms
07-02 16:38:32.668   640   642 D dalvikvm: GC_CONCURRENT freed 362K, 8% free 10230K/11015K, paused 2ms+6ms
07-02 16:38:32.992   559   562 D dalvikvm: GC_CONCURRENT freed 474K, 10% free 10899K/12103K, paused 13ms+3ms
07-02 16:38:33.168   640   642 D dalvikvm: GC_CONCURRENT freed 594K, 9% free 10060K/11015K, paused 2ms+2ms
07-02 16:38:33.383   640   642 D dalvikvm: GC_CONCURRENT freed 298K, 8% free 10156K/11015K, paused 2ms+2ms
07-02 16:38:33.531   589   589 D OpenGLRenderer: Flushing caches (mode 1)
07-02 16:38:33.582   640   642 D dalvikvm: GC_CONCURRENT freed 378K, 8% free 10177K/11015K, paused 2ms+2ms
07-02 16:38:33.789   640   642 D dalvikvm: GC_CONCURRENT freed 350K, 8% free 10225K/11015K, paused 2ms+3ms
07-02 16:38:34.246   559   562 D dalvikvm: GC_CONCURRENT freed 752K, 12% free 10674K/12103K, paused 2ms+3ms
07-02 16:38:34.336   640   642 D dalvikvm: GC_CONCURRENT freed 772K, 11% free 9842K/11015K, paused 1ms+7ms
07-02 16:38:34.477   640   642 D dalvikvm: GC_CONCURRENT freed 155K, 9% free 10078K/11015K, paused 2ms+2ms
07-02 16:38:34.668   640   642 D dalvikvm: GC_CONCURRENT freed 308K, 8% free 10164K/11015K, paused 1ms+3ms
07-02 16:38:34.832   640   642 D dalvikvm: GC_CONCURRENT freed 371K, 8% free 10187K/11015K, paused 1ms+2ms
07-02 16:38:35.031   640   642 D dalvikvm: GC_CONCURRENT freed 342K, 8% free 10244K/11015K, paused 2ms+2ms
07-02 16:38:35.461   559   562 D dalvikvm: GC_CONCURRENT freed 451K, 12% free 10662K/12103K, paused 2ms+3ms
07-02 16:38:35.574   640   642 D dalvikvm: GC_CONCURRENT freed 760K, 11% free 9907K/11015K, paused 2ms+2ms
07-02 16:38:35.735   640   642 D dalvikvm: GC_CONCURRENT freed 198K, 9% free 10098K/11015K, paused 2ms+2ms
07-02 16:38:35.926   640   642 D dalvikvm: GC_CONCURRENT freed 333K, 8% free 10160K/11015K, paused 2ms+3ms
07-02 16:38:36.106   640   642 D dalvikvm: GC_CONCURRENT freed 366K, 8% free 10188K/11015K, paused 1ms+2ms
07-02 16:38:36.313   640   642 D dalvikvm: GC_CONCURRENT freed 339K, 8% free 10242K/11015K, paused 2ms+3ms
07-02 16:38:36.723   559   562 D dalvikvm: GC_CONCURRENT freed 474K, 13% free 10638K/12103K, paused 2ms+3ms
07-02 16:38:36.824   640   642 D dalvikvm: GC_CONCURRENT freed 653K, 10% free 10016K/11015K, paused 1ms+3ms
07-02 16:38:37.020   640   642 D dalvikvm: GC_CONCURRENT freed 267K, 8% free 10145K/11015K, paused 2ms+2ms
07-02 16:38:37.188   640   642 D dalvikvm: GC_CONCURRENT freed 365K, 8% free 10175K/11015K, paused 1ms+3ms
07-02 16:38:37.371   640   642 D dalvikvm: GC_CONCURRENT freed 360K, 8% free 10206K/11015K, paused 2ms+3ms
07-02 16:38:37.582   640   642 D dalvikvm: GC_CONCURRENT freed 340K, 7% free 10258K/11015K, paused 1ms+3ms
07-02 16:38:37.996   559   562 D dalvikvm: GC_CONCURRENT freed 456K, 13% free 10612K/12103K, paused 2ms+4ms
07-02 16:38:38.114   640   642 D dalvikvm: GC_CONCURRENT freed 627K, 9% free 10055K/11015K, paused 1ms+2ms
07-02 16:38:38.305   155   507 D dalvikvm: GC_EXPLICIT freed 286K, 6% free 13010K/13767K, paused 2ms+5ms
07-02 16:38:38.379   640   642 D dalvikvm: GC_CONCURRENT freed 225K, 8% free 10223K/11015K, paused 2ms+2ms
07-02 16:38:38.547   640   725 D dalvikvm: GC_EXPLICIT freed 354K, 8% free 10239K/11015K, paused 2ms+3ms
07-02 16:38:38.727   640   642 D dalvikvm: GC_CONCURRENT freed 369K, 7% free 10278K/11015K, paused 2ms+2ms
07-02 16:38:38.957   640   642 D dalvikvm: GC_CONCURRENT freed 356K, 7% free 10315K/11015K, paused 2ms+3ms
07-02 16:38:39.137   640   642 D dalvikvm: GC_CONCURRENT freed 332K, 6% free 10383K/11015K, paused 2ms+3ms
07-02 16:38:39.539  1144  1144 E Finsky  : [1] 2.onErrorResponse: Failed to send 1 events because of [com.android.volley.TimeoutError]
07-02 16:38:39.551  1144  1144 D Volley  : [1] Request.finish: 8309 ms: [ ] https://android.clients.google.com/fdfe/log NORMAL 16
07-02 16:38:40.039   640   642 D dalvikvm: GC_CONCURRENT freed 864K, 10% free 9942K/11015K, paused 2ms+3ms
07-02 16:38:40.203   640   642 D dalvikvm: GC_CONCURRENT freed 206K, 9% free 10131K/11015K, paused 2ms+2ms
07-02 16:38:40.383   640   642 D dalvikvm: GC_CONCURRENT freed 333K, 8% free 10191K/11015K, paused 2ms+2ms
07-02 16:38:40.547   640   642 D dalvikvm: GC_CONCURRENT freed 362K, 8% free 10219K/11015K, paused 1ms+2ms
07-02 16:38:40.742   640   642 D dalvikvm: GC_CONCURRENT freed 345K, 7% free 10267K/11015K, paused 1ms+3ms
07-02 16:38:41.313   559   562 D dalvikvm: GC_CONCURRENT freed 491K, 13% free 10568K/12103K, paused 2ms+4ms
07-02 16:38:57.406   640   642 D dalvikvm: GC_CONCURRENT freed 811K, 11% free 9853K/11015K, paused 2ms+2ms
07-02 16:38:59.235   559   562 D dalvikvm: GC_CONCURRENT freed 435K, 13% free 10558K/12103K, paused 2ms+3ms
07-02 16:38:59.356   640   642 D dalvikvm: GC_CONCURRENT freed 162K, 9% free 10115K/11015K, paused 1ms+4ms
07-02 16:38:59.571   640   642 D dalvikvm: GC_CONCURRENT freed 302K, 8% free 10213K/11015K, paused 1ms+2ms
07-02 16:39:00.004   640   642 D dalvikvm: GC_CONCURRENT freed 347K, 7% free 10254K/11015K, paused 2ms+10ms
07-02 16:39:01.117   640   642 D dalvikvm: GC_CONCURRENT freed 406K, 8% free 10241K/11015K, paused 2ms+2ms
07-02 16:39:01.297   640   642 D dalvikvm: GC_CONCURRENT freed 370K, 7% free 10257K/11015K, paused 2ms+2ms
07-02 16:39:01.805   559   562 D dalvikvm: GC_CONCURRENT freed 412K, 13% free 10545K/12103K, paused 2ms+2ms
07-02 16:39:01.930   640   642 D dalvikvm: GC_CONCURRENT freed 695K, 10% free 9985K/11015K, paused 2ms+2ms
07-02 16:39:02.094   640   642 D dalvikvm: GC_CONCURRENT freed 207K, 8% free 10169K/11015K, paused 2ms+3ms
07-02 16:39:02.278   640   642 D dalvikvm: GC_CONCURRENT freed 333K, 8% free 10231K/11015K, paused 2ms+3ms
07-02 16:39:02.449   640   642 D dalvikvm: GC_CONCURRENT freed 392K, 8% free 10238K/11015K, paused 2ms+2ms
07-02 16:39:02.633   640   642 D dalvikvm: GC_CONCURRENT freed 340K, 7% free 10285K/11015K, paused 2ms+3ms
07-02 16:39:02.824   640   642 D dalvikvm: GC_CONCURRENT freed 345K, 7% free 10337K/11015K, paused 2ms+2ms
07-02 16:39:03.324   559   562 D dalvikvm: GC_CONCURRENT freed 455K, 14% free 10487K/12103K, paused 2ms+2ms
07-02 16:39:03.449   640   642 D dalvikvm: GC_CONCURRENT freed 741K, 10% free 10019K/11015K, paused 2ms+3ms
07-02 16:39:03.625   640   642 D dalvikvm: GC_CONCURRENT freed 223K, 8% free 10186K/11015K, paused 2ms+2ms
07-02 16:39:03.813   640   642 D dalvikvm: GC_CONCURRENT freed 336K, 8% free 10242K/11015K, paused 2ms+3ms
07-02 16:39:04.000   155   649 D dalvikvm: GC_EXPLICIT freed 244K, 6% free 13010K/13767K, paused 2ms+4ms
07-02 16:39:04.051   640   642 D dalvikvm: GC_CONCURRENT freed 376K, 7% free 10254K/11015K, paused 2ms+3ms
07-02 16:39:04.258   640   642 D dalvikvm: GC_CONCURRENT freed 360K, 7% free 10282K/11015K, paused 1ms+2ms
07-02 16:39:04.453   640   642 D dalvikvm: GC_CONCURRENT freed 335K, 7% free 10346K/11015K, paused 2ms+2ms
07-02 16:39:10.563   559   562 D dalvikvm: GC_CONCURRENT freed 450K, 14% free 10480K/12103K, paused 2ms+3ms
07-02 16:39:10.739   640   642 D dalvikvm: GC_CONCURRENT freed 823K, 10% free 9947K/11015K, paused 2ms+3ms
07-02 16:39:10.899   640   642 D dalvikvm: GC_CONCURRENT freed 143K, 8% free 10200K/11015K, paused 2ms+2ms
07-02 16:39:11.082   640   642 D dalvikvm: GC_CONCURRENT freed 312K, 7% free 10281K/11015K, paused 2ms+3ms
07-02 16:39:11.242   559   562 D dalvikvm: GC_CONCURRENT freed 229K, 13% free 10649K/12103K, paused 3ms+3ms
07-02 16:39:11.332   640   642 D dalvikvm: GC_CONCURRENT freed 361K, 7% free 10320K/11015K, paused 1ms+3ms
07-02 16:39:11.836   640   642 D dalvikvm: GC_CONCURRENT freed 350K, 6% free 10375K/11015K, paused 1ms+3ms
07-02 16:39:12.949   640   642 D dalvikvm: GC_CONCURRENT freed 452K, 7% free 10318K/11015K, paused 2ms+2ms
07-02 16:39:13.133   640   642 D dalvikvm: GC_CONCURRENT freed 363K, 7% free 10349K/11015K, paused 1ms+2ms
07-02 16:39:13.672   559   562 D dalvikvm: GC_CONCURRENT freed 470K, 13% free 10623K/12103K, paused 2ms+3ms
07-02 16:39:13.778   640   642 D dalvikvm: GC_CONCURRENT freed 821K, 10% free 9986K/11015K, paused 2ms+4ms
07-02 16:39:13.957   640   642 D dalvikvm: GC_CONCURRENT freed 240K, 8% free 10145K/11015K, paused 1ms+3ms
07-02 16:39:14.137   640   642 D dalvikvm: GC_CONCURRENT freed 342K, 8% free 10198K/11015K, paused 2ms+2ms
07-02 16:39:14.317   640   642 D dalvikvm: GC_CONCURRENT freed 382K, 8% free 10212K/11015K, paused 2ms+2ms
07-02 16:39:14.520   640   642 D dalvikvm: GC_CONCURRENT freed 340K, 7% free 10273K/11015K, paused 2ms+2ms
07-02 16:39:14.828   640   642 D dalvikvm: GC_CONCURRENT freed 380K, 7% free 10279K/11015K, paused 1ms+3ms
07-02 16:39:15.207   559   562 D dalvikvm: GC_CONCURRENT freed 459K, 13% free 10601K/12103K, paused 2ms+3ms
07-02 16:39:15.336   640   642 D dalvikvm: GC_CONCURRENT freed 549K, 8% free 10157K/11015K, paused 1ms+3ms
07-02 16:39:15.559   640   642 D dalvikvm: GC_CONCURRENT freed 292K, 7% free 10255K/11015K, paused 2ms+3ms
07-02 16:39:15.742   640   642 D dalvikvm: GC_CONCURRENT freed 368K, 7% free 10277K/11015K, paused 2ms+3ms
07-02 16:39:15.918   640   642 D dalvikvm: GC_CONCURRENT freed 369K, 7% free 10304K/11015K, paused 1ms+3ms
07-02 16:39:15.981   640   665 D dalvikvm: GC_EXPLICIT freed 120K, 8% free 10242K/11015K, paused 1ms+2ms
07-02 16:39:16.153   640   642 D dalvikvm: GC_CONCURRENT freed 276K, 6% free 10359K/11015K, paused 2ms+3ms
07-02 16:39:16.321   640   642 D dalvikvm: GC_CONCURRENT freed 354K, 6% free 10402K/11015K, paused 2ms+3ms
07-02 16:39:32.383   559   562 D dalvikvm: GC_CONCURRENT freed 476K, 13% free 10554K/12103K, paused 2ms+2ms
07-02 16:39:32.500   640   642 D dalvikvm: GC_CONCURRENT freed 787K, 9% free 10038K/11015K, paused 1ms+3ms
07-02 16:39:32.688   640   642 D dalvikvm: GC_CONCURRENT freed 243K, 8% free 10189K/11015K, paused 1ms+2ms
07-02 16:39:32.856   640   642 D dalvikvm: GC_CONCURRENT freed 347K, 8% free 10237K/11015K, paused 2ms+2ms
07-02 16:39:33.043   640   642 D dalvikvm: GC_CONCURRENT freed 375K, 7% free 10257K/11015K, paused 2ms+4ms
07-02 16:39:33.246   640   642 D dalvikvm: GC_CONCURRENT freed 335K, 7% free 10320K/11015K, paused 2ms+3ms
07-02 16:39:33.492   640   642 D dalvikvm: GC_CONCURRENT freed 369K, 7% free 10335K/11015K, paused 1ms+3ms
07-02 16:39:34.899   559   562 D dalvikvm: GC_CONCURRENT freed 448K, 13% free 10534K/12103K, paused 2ms+8ms
07-02 16:39:35.074   640   642 D dalvikvm: GC_CONCURRENT freed 729K, 9% free 10029K/11015K, paused 2ms+3ms
07-02 16:39:35.262   155   553 D dalvikvm: GC_EXPLICIT freed 260K, 6% free 13010K/13767K, paused 2ms+4ms
07-02 16:39:35.328   640   642 D dalvikvm: GC_CONCURRENT freed 246K, 8% free 10176K/11015K, paused 1ms+3ms
07-02 16:39:35.516   640   642 D dalvikvm: GC_CONCURRENT freed 364K, 8% free 10204K/11015K, paused 2ms+3ms
07-02 16:39:35.715   640   642 D dalvikvm: GC_CONCURRENT freed 388K, 8% free 10209K/11015K, paused 2ms+3ms
07-02 16:39:35.942   640   642 D dalvikvm: GC_CONCURRENT freed 316K, 7% free 10283K/11015K, paused 2ms+3ms
07-02 16:39:36.555   559   562 D dalvikvm: GC_CONCURRENT freed 423K, 14% free 10508K/12103K, paused 2ms+2ms
07-02 16:39:36.672   640   642 D dalvikvm: GC_CONCURRENT freed 786K, 10% free 9923K/11015K, paused 2ms+4ms
07-02 16:39:36.817   640   642 D dalvikvm: GC_CONCURRENT freed 162K, 8% free 10150K/11015K, paused 2ms+3ms
07-02 16:39:37.000   640   642 D dalvikvm: GC_CONCURRENT freed 314K, 8% free 10226K/11015K, paused 2ms+3ms
07-02 16:39:37.176   640   642 D dalvikvm: GC_CONCURRENT freed 385K, 8% free 10236K/11015K, paused 1ms+2ms
07-02 16:39:37.360   640   642 D dalvikvm: GC_CONCURRENT freed 347K, 7% free 10276K/11015K, paused 2ms+2ms
07-02 16:39:37.571   640   642 D dalvikvm: GC_CONCURRENT freed 341K, 7% free 10328K/11015K, paused 2ms+3ms
07-02 16:39:55.039   155   491 D AlarmManagerService: Kernel timezone updated to 240 minutes west of GMT
07-02 16:40:16.340   559   562 D dalvikvm: GC_CONCURRENT freed 435K, 14% free 10509K/12103K, paused 2ms+2ms
07-02 16:40:19.528  1057  1299 I PhoneLab-: Service Running
07-02 16:40:19.629  1057  1059 D dalvikvm: GC_CONCURRENT freed 892K, 18% free 9175K/11143K, paused 2ms+3ms
07-02 16:40:19.633  1057  1299 I PhoneLab-LoggerService: app_36    1303  1057  1800   1428  c00f181c 400107b4 S logcat
07-02 16:40:19.633  1057  1299 I PhoneLab-LoggerService: Logcat pid from database 1303
07-02 16:40:19.633  1057  1299 I PhoneLab-LoggerService: Logcat process found 1303
07-02 16:40:19.633  1057  1299 I PhoneLab-LoggerService: Checking Threshold
07-02 16:40:19.633  1057  1299 I PhoneLab-LoggerService: Starting to rename files
07-02 16:40:19.633  1057  1299 I PhoneLab-LoggerService: Files found .. 2
07-02 16:40:26.676   559  1514 D dalvikvm: GC_EXPLICIT freed 241K, 12% free 10657K/12103K, paused 2ms+8ms
07-02 16:40:26.727   640   642 D dalvikvm: GC_CONCURRENT freed 821K, 11% free 9910K/11015K, paused 2ms+3ms
07-02 16:40:26.879   640   642 D dalvikvm: GC_CONCURRENT freed 171K, 8% free 10134K/11015K, paused 2ms+2ms
07-02 16:40:27.012   640   655 I dalvikvm: Jit: resizing JitTable from 4096 to 8192
07-02 16:40:27.067   640   642 D dalvikvm: GC_CONCURRENT freed 314K, 8% free 10207K/11015K, paused 1ms+3ms
07-02 16:40:27.242   640   642 D dalvikvm: GC_CONCURRENT freed 364K, 8% free 10233K/11015K, paused 2ms+2ms
07-02 16:40:27.434   640   642 D dalvikvm: GC_CONCURRENT freed 347K, 7% free 10271K/11015K, paused 1ms+2ms
07-02 16:40:27.699   640   642 D dalvikvm: GC_CONCURRENT freed 354K, 7% free 10305K/11015K, paused 2ms+2ms
07-02 16:40:28.297   640   642 D dalvikvm: GC_CONCURRENT freed 642K, 9% free 10080K/11015K, paused 2ms+2ms
07-02 16:40:28.512   640   642 D dalvikvm: GC_CONCURRENT freed 292K, 8% free 10180K/11015K, paused 2ms+3ms
07-02 16:40:28.692   640   642 D dalvikvm: GC_CONCURRENT freed 370K, 8% free 10202K/11015K, paused 2ms+3ms
07-02 16:40:28.906   640   642 D dalvikvm: GC_CONCURRENT freed 361K, 8% free 10243K/11015K, paused 2ms+3ms
07-02 16:40:29.543   559   562 D dalvikvm: GC_CONCURRENT freed 538K, 13% free 10578K/12103K, paused 1ms+3ms
07-02 16:40:36.715   640   642 D dalvikvm: GC_CONCURRENT freed 773K, 11% free 9860K/11015K, paused 2ms+2ms
07-02 16:40:36.848   640   642 D dalvikvm: GC_CONCURRENT freed 118K, 9% free 10133K/11015K, paused 2ms+3ms
07-02 16:40:37.071   559   562 D dalvikvm: GC_CONCURRENT freed 352K, 13% free 10640K/12103K, paused 2ms+3ms
07-02 16:40:37.164   640   642 D dalvikvm: GC_CONCURRENT freed 280K, 8% free 10241K/11015K, paused 2ms+3ms
07-02 16:40:37.645   559   562 D dalvikvm: GC_CONCURRENT freed 167K, 10% free 10898K/12103K, paused 2ms+2ms
07-02 16:40:38.578   155   487 D dalvikvm: GC_EXPLICIT freed 282K, 6% free 13021K/13767K, paused 2ms+4ms
07-02 16:40:38.629   640   642 D dalvikvm: GC_CONCURRENT freed 360K, 7% free 10270K/11015K, paused 1ms+3ms
07-02 16:40:38.762   155   205 I power   : *** set_screen_state 1
07-02 16:40:38.781   155   205 I WindowManager: Lock screen displayed!
07-02 16:40:38.860   640   642 D dalvikvm: GC_CONCURRENT freed 409K, 7% free 10251K/11015K, paused 2ms+3ms
07-02 16:40:38.957    80   123 D SurfaceFlinger: Screen about to return, flinger = 0x1dbd918
07-02 16:40:39.149   640   642 D dalvikvm: GC_CONCURRENT freed 363K, 7% free 10281K/11015K, paused 2ms+4ms
07-02 16:40:39.660   640   642 D dalvikvm: GC_CONCURRENT freed 347K, 7% free 10323K/11015K, paused 3ms+4ms
07-02 16:40:40.203   390   390 D PhoneStatusBar: disable: < expand icons alerts ticker system_info BACK HOME recent* CLOCK >
07-02 16:40:40.219   155   507 W InputManagerService: Window already focused, ignoring focus gain of: com.android.internal.view.IInputMethodClient$Stub$Proxy@413949f8
07-02 16:40:40.223   390   390 D PhoneStatusBar: disable: < expand icons alerts ticker system_info back* home* recent clock* >
07-02 16:40:40.227    83   131 D AudioHardware: AudioHardware pcm playback is exiting standby.
07-02 16:40:40.227    83   131 D AudioHardware: openPcmOut_l() mPcmOpenCnt: 0
07-02 16:40:40.239   492  1595 D NfcService: NFC-C ON
07-02 16:40:40.754   559   562 D dalvikvm: GC_CONCURRENT freed 492K, 10% free 10908K/12103K, paused 2ms+4ms
07-02 16:40:40.864   640   642 D dalvikvm: GC_CONCURRENT freed 686K, 9% free 10037K/11015K, paused 2ms+3ms
07-02 16:40:41.094   640   642 D dalvikvm: GC_CONCURRENT freed 208K, 8% free 10214K/11015K, paused 2ms+3ms
07-02 16:40:41.137   640   730 D dalvikvm: GC_EXPLICIT freed 52K, 8% free 10175K/11015K, paused 2ms+3ms
07-02 16:40:41.360   640   642 D dalvikvm: GC_CONCURRENT freed 304K, 7% free 10260K/11015K, paused 2ms+2ms
07-02 16:40:41.586   640   642 D dalvikvm: GC_CONCURRENT freed 368K, 7% free 10278K/11015K, paused 3ms+3ms
07-02 16:40:41.844   640   642 D dalvikvm: GC_CONCURRENT freed 336K, 7% free 10340K/11015K, paused 2ms+3ms
07-02 16:40:42.031   640   642 D dalvikvm: GC_CONCURRENT freed 338K, 6% free 10390K/11015K, paused 2ms+3ms
07-02 16:40:42.793   640   642 D dalvikvm: GC_CONCURRENT freed 841K, 10% free 9953K/11015K, paused 1ms+3ms
07-02 16:40:42.985   640   642 D dalvikvm: GC_CONCURRENT freed 194K, 8% free 10147K/11015K, paused 1ms+3ms
07-02 16:40:43.274  1464  1466 D dalvikvm: GC_CONCURRENT freed 536K, 40% free 11821K/19399K, paused 2ms+7ms
07-02 16:40:43.356   640   642 D dalvikvm: GC_CONCURRENT freed 331K, 8% free 10203K/11015K, paused 2ms+5ms
07-02 16:40:43.586   640   642 D dalvikvm: GC_CONCURRENT freed 364K, 8% free 10228K/11015K, paused 2ms+3ms
07-02 16:40:43.883   640   642 D dalvikvm: GC_CONCURRENT freed 341K, 7% free 10279K/11015K, paused 3ms+3ms
07-02 16:40:44.371    77   119 D SoftapController: Softap fwReload - Ok
07-02 16:40:44.371   155   312 D NetworkManagementService: rsp <213 00:90:4c:11:22:33 0.0.0.0 0 [down broadcast multicast]>
07-02 16:40:44.371   155   312 D NetworkManagementService: flags <[down broadcast multicast]>
07-02 16:40:44.375    77   119 D CommandListener: Setting iface cfg
07-02 16:40:44.375    77   119 D CommandListener: Trying to bring down wlan0
07-02 16:40:44.375    77   119 D CommandListener: broadcast flag ignored
07-02 16:40:44.375    77   119 D CommandListener: multicast flag ignored
07-02 16:40:44.434  1606  1606 I wpa_supplicant: rfkill: Cannot open RFKILL control device
07-02 16:40:44.508   155   312 E WifiConfigStore: Error parsing configurationjava.io.FileNotFoundException: /data/misc/wifi/ipconfig.txt: open failed: ENOENT (No such file or directory)
07-02 16:40:46.270    83   131 D AudioHardware: AudioHardware pcm playback is going to standby.
07-02 16:40:46.270    83   131 D AudioHardware: closePcmOut_l() mPcmOpenCnt: 1
07-02 16:40:46.801   559   562 D dalvikvm: GC_CONCURRENT freed 507K, 10% free 10967K/12103K, paused 2ms+4ms
07-02 16:40:46.895   640   642 D dalvikvm: GC_CONCURRENT freed 801K, 11% free 9872K/11015K, paused 2ms+6ms
07-02 16:40:47.082   640   642 D dalvikvm: GC_CONCURRENT freed 160K, 9% free 10113K/11015K, paused 2ms+4ms
07-02 16:40:47.364   640   642 D dalvikvm: GC_CONCURRENT freed 296K, 8% free 10204K/11015K, paused 2ms+3ms
07-02 16:40:47.582   640   642 D dalvikvm: GC_CONCURRENT freed 368K, 8% free 10224K/11015K, paused 2ms+3ms
07-02 16:40:47.813   640   642 D dalvikvm: GC_CONCURRENT freed 361K, 7% free 10258K/11015K, paused 4ms+3ms
07-02 16:40:48.110   640   642 D dalvikvm: GC_CONCURRENT freed 342K, 7% free 10313K/11015K, paused 2ms+5ms
07-02 16:40:48.848    83   131 D AudioHardware: AudioHardware pcm playback is exiting standby.
07-02 16:40:48.848    83   131 D AudioHardware: openPcmOut_l() mPcmOpenCnt: 0
07-02 16:40:49.039   559   562 D dalvikvm: GC_CONCURRENT freed 742K, 12% free 10764K/12103K, paused 2ms+5ms
07-02 16:40:49.227   640   642 D dalvikvm: GC_CONCURRENT freed 775K, 10% free 9934K/11015K, paused 1ms+3ms
07-02 16:40:49.414   640   642 D dalvikvm: GC_CONCURRENT freed 176K, 8% free 10148K/11015K, paused 10ms+2ms
07-02 16:40:49.653   640   642 D dalvikvm: GC_CONCURRENT freed 325K, 8% free 10212K/11015K, paused 2ms+2ms
07-02 16:40:49.832   155   507 D dalvikvm: GC_EXPLICIT freed 754K, 7% free 12932K/13767K, paused 3ms+7ms
07-02 16:40:50.074   640   642 D dalvikvm: GC_CONCURRENT freed 361K, 7% free 10246K/11015K, paused 2ms+3ms
07-02 16:40:50.352   640   642 D dalvikvm: GC_CONCURRENT freed 366K, 7% free 10278K/11015K, paused 2ms+3ms
07-02 16:40:50.645   640   642 D dalvikvm: GC_CONCURRENT freed 346K, 7% free 10322K/11015K, paused 3ms+3ms
07-02 16:40:51.270   559   562 D dalvikvm: GC_CONCURRENT freed 469K, 12% free 10768K/12103K, paused 2ms+3ms
07-02 16:40:51.473   640   642 D dalvikvm: GC_CONCURRENT freed 702K, 10% free 10019K/11015K, paused 2ms+3ms
07-02 16:40:51.567  1464  1464 D dalvikvm: GC_FOR_ALLOC freed 609K, 39% free 11929K/19399K, paused 22ms
07-02 16:40:52.196   640   642 D dalvikvm: GC_CONCURRENT freed 204K, 8% free 10207K/11015K, paused 9ms+3ms
07-02 16:40:52.602   640   642 D dalvikvm: GC_CONCURRENT freed 338K, 7% free 10256K/11015K, paused 3ms+5ms
07-02 16:40:52.840   640   642 D dalvikvm: GC_CONCURRENT freed 375K, 7% free 10270K/11015K, paused 1ms+5ms
07-02 16:40:52.891    83   131 D AudioHardware: AudioHardware pcm playback is going to standby.
07-02 16:40:52.891    83   131 D AudioHardware: closePcmOut_l() mPcmOpenCnt: 1
07-02 16:40:53.098   640   642 D dalvikvm: GC_CONCURRENT freed 336K, 7% free 10327K/11015K, paused 2ms+4ms
07-02 16:40:53.360   640   642 D dalvikvm: GC_CONCURRENT freed 344K, 6% free 10370K/11015K, paused 2ms+4ms
07-02 16:40:53.981   559   562 D dalvikvm: GC_CONCURRENT freed 224K, 9% free 11035K/12103K, paused 3ms+5ms
07-02 16:40:54.211   640   642 D dalvikvm: GC_CONCURRENT freed 834K, 10% free 9961K/11015K, paused 2ms+3ms
07-02 16:40:54.426   640   642 D dalvikvm: GC_CONCURRENT freed 156K, 8% free 10192K/11015K, paused 3ms+2ms
07-02 16:40:54.664   640   642 D dalvikvm: GC_CONCURRENT freed 323K, 7% free 10260K/11015K, paused 2ms+3ms
07-02 16:40:54.891   640   642 D dalvikvm: GC_CONCURRENT freed 353K, 7% free 10299K/11015K, paused 2ms+3ms
07-02 16:40:55.129   640   642 D dalvikvm: GC_CONCURRENT freed 383K, 7% free 10304K/11015K, paused 2ms+3ms
07-02 16:40:55.348   640   642 D dalvikvm: GC_CONCURRENT freed 323K, 6% free 10374K/11015K, paused 2ms+4ms
07-02 16:40:55.371    83   131 D AudioHardware: AudioHardware pcm playback is exiting standby.
07-02 16:40:55.371    83   131 D AudioHardware: openPcmOut_l() mPcmOpenCnt: 0
07-02 16:40:55.559   155   162 I dalvikvm: Jit: resizing JitTable from 8192 to 16384
07-02 16:40:55.770   640   642 D dalvikvm: GC_CONCURRENT freed 351K, 6% free 10417K/11015K, paused 1ms+3ms
07-02 16:40:56.176   155   309 W NetworkStats: dropping UID delta from unknown iface: iface=wlan0 uid=0 set=DEFAULT tag=0x0 rxBytes=0 rxPackets=0 txBytes=384 txPackets=6 operations=0
07-02 16:40:56.625   155   157 D dalvikvm: GC_CONCURRENT freed 1592K, 13% free 12273K/13959K, paused 4ms+5ms
07-02 16:40:57.676   539   541 D dalvikvm: GC_CONCURRENT freed 278K, 6% free 9521K/10119K, paused 2ms+6ms
07-02 16:40:57.739   559   562 D dalvikvm: GC_CONCURRENT freed 575K, 9% free 11047K/12103K, paused 2ms+3ms
07-02 16:40:58.000   640   642 D dalvikvm: GC_CONCURRENT freed 811K, 10% free 10003K/11015K, paused 2ms+3ms
07-02 16:40:58.235   640   642 D dalvikvm: GC_CONCURRENT freed 209K, 8% free 10182K/11015K, paused 2ms+4ms
07-02 16:40:58.395  1464  1466 D dalvikvm: GC_CONCURRENT freed 834K, 39% free 11941K/19399K, paused 2ms+4ms
07-02 16:40:58.438  1234  1236 D dalvikvm: GC_CONCURRENT freed 447K, 6% free 9208K/9735K, paused 9ms+2ms
07-02 16:40:58.625   640   642 D dalvikvm: GC_CONCURRENT freed 342K, 8% free 10227K/11015K, paused 1ms+4ms
07-02 16:40:58.852   640   642 D dalvikvm: GC_CONCURRENT freed 367K, 7% free 10251K/11015K, paused 2ms+3ms
07-02 16:40:59.192   640   642 D dalvikvm: GC_CONCURRENT freed 334K, 7% free 10313K/11015K, paused 3ms+5ms
07-02 16:40:59.516   640   642 D dalvikvm: GC_CONCURRENT freed 344K, 6% free 10358K/11015K, paused 2ms+3ms
07-02 16:41:00.668   155   157 D dalvikvm: GC_CONCURRENT freed 708K, 13% free 12276K/13959K, paused 4ms+10ms
07-02 16:41:01.223  1464  1466 D dalvikvm: GC_CONCURRENT freed 534K, 37% free 12302K/19399K, paused 25ms+3ms
07-02 16:41:01.250  1464  1478 D dalvikvm: GC_FOR_ALLOC freed 28K, 37% free 12273K/19399K, paused 24ms
07-02 16:41:01.250  1464  1478 I dalvikvm-heap: Grow heap (frag case) to 13.281MB for 1286224-byte allocation
07-02 16:41:01.285  1464  1631 D dalvikvm: GC_FOR_ALLOC freed 1K, 31% free 13528K/19399K, paused 23ms
07-02 16:41:01.485  1464  1478 D dalvikvm: GC_FOR_ALLOC freed 2194K, 35% free 12692K/19399K, paused 39ms
07-02 16:41:01.641  1464  1466 D dalvikvm: GC_CONCURRENT freed 768K, 33% free 13087K/19399K, paused 2ms+6ms
07-02 16:41:01.832  1464  1507 D dalvikvm: GC_FOR_ALLOC freed 605K, 33% free 13051K/19399K, paused 25ms
07-02 16:41:01.961  1464  1507 D dalvikvm: GC_FOR_ALLOC freed 1054K, 32% free 13193K/19399K, paused 26ms
07-02 16:41:02.008   559   562 D dalvikvm: GC_CONCURRENT freed 854K, 12% free 10754K/12103K, paused 44ms+80ms
07-02 16:41:02.047  1464  1508 D dalvikvm: GC_FOR_ALLOC freed 832K, 34% free 12833K/19399K, paused 27ms
07-02 16:41:02.129  1464  1466 D dalvikvm: GC_CONCURRENT freed 7K, 28% free 14086K/19399K, paused 2ms+5ms
07-02 16:41:02.524  1464  1466 D dalvikvm: GC_CONCURRENT freed 2769K, 34% free 12991K/19399K, paused 2ms+4ms
07-02 16:41:02.594  1464  1506 D dalvikvm: GC_FOR_ALLOC freed 811K, 32% free 13193K/19399K, paused 21ms
07-02 16:41:02.739  1464  1478 D dalvikvm: GC_FOR_ALLOC freed 1113K, 32% free 13325K/19399K, paused 27ms
07-02 16:41:02.739   155   553 I ActivityManager: START {act=android.intent.action.MAIN cat=[android.intent.category.LAUNCHER] flg=0x10200000 cmp=com.android.settings/.Settings} from pid 1464
07-02 16:41:02.781   640   642 D dalvikvm: GC_CONCURRENT freed 736K, 9% free 10033K/11015K, paused 14ms+88ms
07-02 16:41:02.840  1464  1466 D dalvikvm: GC_CONCURRENT freed 964K, 30% free 13745K/19399K, paused 2ms+12ms
07-02 16:41:03.039  1464  1464 D OpenGLRenderer: Flushing caches (mode 1)
07-02 16:41:03.102  1234  1234 W System.err: Removed 2131231170
07-02 16:41:03.102  1234  1234 W System.err: Removed 2131231177
07-02 16:41:03.117  1464  1464 D OpenGLRenderer: Flushing caches (mode 0)
07-02 16:41:03.219   155   553 D dalvikvm: GC_EXPLICIT freed 159K, 12% free 12379K/13959K, paused 2ms+5ms
07-02 16:41:03.262  1234  1234 D libEGL  : loaded /system/lib/egl/libGLES_android.so
07-02 16:41:03.270  1234  1234 D libEGL  : loaded /vendor/lib/egl/libEGL_POWERVR_SGX540_120.so
07-02 16:41:03.274  1234  1234 D libEGL  : loaded /vendor/lib/egl/libGLESv1_CM_POWERVR_SGX540_120.so
07-02 16:41:03.281  1234  1234 D libEGL  : loaded /vendor/lib/egl/libGLESv2_POWERVR_SGX540_120.so
07-02 16:41:03.356  1234  1234 D OpenGLRenderer: Enabling debug mode 0
07-02 16:41:03.367   155   171 I Process : Sending signal. PID: 1234 SIG: 3
07-02 16:41:03.371  1234  1239 I dalvikvm: threadid=3: reacting to signal 3
07-02 16:41:03.426  1234  1239 I dalvikvm: Wrote stack traces to '/data/anr/traces.txt'
07-02 16:41:03.551  1234  1236 D dalvikvm: GC_CONCURRENT freed 163K, 3% free 9487K/9735K, paused 7ms+3ms
07-02 16:41:03.633   155   635 W InputManagerService: Starting input on non-focused client com.android.internal.view.IInputMethodClient$Stub$Proxy@4137f810 (uid=10025 pid=1464)
07-02 16:41:03.758   155   204 I ActivityManager: Displayed com.android.settings/.Settings: +894ms
07-02 16:41:03.981   640   642 D dalvikvm: GC_CONCURRENT freed 257K, 8% free 10168K/11015K, paused 3ms+3ms
07-02 16:41:04.059   640   725 D dalvikvm: GC_EXPLICIT freed 126K, 9% free 10132K/11015K, paused 2ms+3ms
07-02 16:41:04.242   640   642 D dalvikvm: GC_CONCURRENT freed 306K, 8% free 10211K/11015K, paused 1ms+2ms
07-02 16:41:04.547   640   642 D dalvikvm: GC_CONCURRENT freed 340K, 7% free 10255K/11015K, paused 2ms+3ms
07-02 16:41:05.328   559   562 D dalvikvm: GC_CONCURRENT freed 489K, 12% free 10725K/12103K, paused 2ms+2ms
07-02 16:41:05.410   640   642 D dalvikvm: GC_CONCURRENT freed 770K, 11% free 9872K/11015K, paused 2ms+4ms
07-02 16:41:05.602   640   642 D dalvikvm: GC_CONCURRENT freed 145K, 9% free 10115K/11015K, paused 2ms+3ms
07-02 16:41:05.684    83   131 D AudioHardware: AudioHardware pcm playback is going to standby.
07-02 16:41:05.684    83   131 D AudioHardware: closePcmOut_l() mPcmOpenCnt: 1
07-02 16:41:05.789   640   642 D dalvikvm: GC_CONCURRENT freed 292K, 8% free 10215K/11015K, paused 2ms+3ms
07-02 16:41:05.981   640   642 D dalvikvm: GC_CONCURRENT freed 378K, 8% free 10225K/11015K, paused 2ms+3ms
07-02 16:41:06.231   640   642 D dalvikvm: GC_CONCURRENT freed 346K, 7% free 10265K/11015K, paused 2ms+3ms
07-02 16:41:06.672   640   642 D dalvikvm: GC_CONCURRENT freed 364K, 7% free 10289K/11015K, paused 2ms+4ms
07-02 16:41:07.231    83   131 D AudioHardware: AudioHardware pcm playback is exiting standby.
07-02 16:41:07.231    83   131 D AudioHardware: openPcmOut_l() mPcmOpenCnt: 0
07-02 16:41:07.262   155   491 I ActivityManager: START {act=android.intent.action.MAIN cmp=com.android.settings/.SubSettings (has extras)} from pid 1234
07-02 16:41:08.196   155   171 I Process : Sending signal. PID: 1234 SIG: 3
07-02 16:41:08.196  1234  1239 I dalvikvm: threadid=3: reacting to signal 3
07-02 16:41:08.231  1234  1239 I dalvikvm: Wrote stack traces to '/data/anr/traces.txt'
07-02 16:41:08.348   155   171 I Process : Sending signal. PID: 1234 SIG: 3
07-02 16:41:08.348  1234  1239 I dalvikvm: threadid=3: reacting to signal 3
07-02 16:41:08.387  1234  1239 I dalvikvm: Wrote stack traces to '/data/anr/traces.txt'
07-02 16:41:08.602   155   204 I ActivityManager: Displayed com.android.settings/.SubSettings: +1s254ms
07-02 16:41:08.633  1234  1234 D OpenGLRenderer: Flushing caches (mode 0)
07-02 16:41:08.735   559   562 D dalvikvm: GC_CONCURRENT freed 454K, 12% free 10722K/12103K, paused 7ms+4ms
07-02 16:41:08.981   640   642 D dalvikvm: GC_CONCURRENT freed 586K, 9% free 10111K/11015K, paused 2ms+2ms
07-02 16:41:09.110  1234  1236 D dalvikvm: GC_CONCURRENT freed 125K, 3% free 9839K/10055K, paused 2ms+7ms
07-02 16:41:09.340   640   642 D dalvikvm: GC_CONCURRENT freed 307K, 8% free 10191K/11015K, paused 2ms+3ms
07-02 16:41:09.528   640   642 D dalvikvm: GC_CONCURRENT freed 373K, 8% free 10206K/11015K, paused 2ms+3ms
07-02 16:41:09.864   640   642 D dalvikvm: GC_CONCURRENT freed 340K, 7% free 10259K/11015K, paused 2ms+7ms
07-02 16:41:10.332    83   131 D AudioHardware: AudioHardware pcm playback is going to standby.
07-02 16:41:10.332    83   131 D AudioHardware: closePcmOut_l() mPcmOpenCnt: 1
07-02 16:41:10.582   559   562 D dalvikvm: GC_CONCURRENT freed 452K, 12% free 10742K/12103K, paused 2ms+6ms
07-02 16:41:10.703   640   642 D dalvikvm: GC_CONCURRENT freed 765K, 11% free 9879K/11015K, paused 2ms+12ms
07-02 16:41:10.813    83   131 D AudioHardware: AudioHardware pcm playback is exiting standby.
07-02 16:41:10.813    83   131 D AudioHardware: openPcmOut_l() mPcmOpenCnt: 0
07-02 16:41:10.824  1234  1234 W ResourceType: getEntry failing because entryIndex 129 is beyond type entryCount 3
07-02 16:41:11.328   455   457 D dalvikvm: GC_CONCURRENT freed 952K, 10% free 10085K/11143K, paused 3ms+4ms
07-02 16:41:11.492   455   455 D dalvikvm: GC_FOR_ALLOC freed 72K, 11% free 10013K/11143K, paused 93ms
07-02 16:41:11.504   455   455 I dalvikvm-heap: Grow heap (frag case) to 10.394MB for 577936-byte allocation
07-02 16:41:11.598   455   457 D dalvikvm: GC_CONCURRENT freed <1K, 6% free 10577K/11143K, paused 2ms+6ms
07-02 16:41:11.703   390   392 D dalvikvm: GC_CONCURRENT freed 294K, 6% free 9786K/10375K, paused 2ms+10ms
07-02 16:41:11.778   390   390 D dalvikvm: GC_FOR_ALLOC freed 195K, 7% free 9650K/10375K, paused 30ms
07-02 16:41:11.934  1234  1236 D dalvikvm: GC_CONCURRENT freed 181K, 4% free 10061K/10375K, paused 3ms+9ms
07-02 16:41:11.981   640   642 D dalvikvm: GC_CONCURRENT freed 155K, 9% free 10113K/11015K, paused 14ms+3ms
07-02 16:41:12.223   640   642 D dalvikvm: GC_CONCURRENT freed 307K, 8% free 10196K/11015K, paused 2ms+3ms
07-02 16:41:12.524   155   167 D dalvikvm: GC_EXPLICIT freed 576K, 12% free 12373K/13959K, paused 4ms+6ms
07-02 16:41:12.602   640   642 D dalvikvm: GC_CONCURRENT freed 364K, 8% free 10221K/11015K, paused 2ms+3ms
07-02 16:41:12.879   640   642 D dalvikvm: GC_CONCURRENT freed 349K, 7% free 10265K/11015K, paused 1ms+3ms
07-02 16:41:13.625   559   562 D dalvikvm: GC_CONCURRENT freed 464K, 11% free 10773K/12103K, paused 3ms+3ms
07-02 16:41:13.762   640   642 D dalvikvm: GC_CONCURRENT freed 768K, 11% free 9893K/11015K, paused 1ms+3ms
07-02 16:41:13.906    83   131 D AudioHardware: AudioHardware pcm playback is going to standby.
07-02 16:41:13.906    83   131 D AudioHardware: closePcmOut_l() mPcmOpenCnt: 1
07-02 16:41:13.934   640   642 D dalvikvm: GC_CONCURRENT freed 172K, 9% free 10110K/11015K, paused 2ms+3ms
07-02 16:41:14.145   640   642 D dalvikvm: GC_CONCURRENT freed 314K, 8% free 10183K/11015K, paused 2ms+3ms
07-02 16:41:14.344   640   642 D dalvikvm: GC_CONCURRENT freed 363K, 8% free 10210K/11015K, paused 2ms+3ms
07-02 16:41:14.637   640   642 D dalvikvm: GC_CONCURRENT freed 333K, 7% free 10261K/11015K, paused 2ms+3ms
07-02 16:41:15.344   559   562 D dalvikvm: GC_CONCURRENT freed 461K, 11% free 10793K/12103K, paused 2ms+3ms
07-02 16:41:15.465   640   642 D dalvikvm: GC_CONCURRENT freed 722K, 10% free 9948K/11015K, paused 1ms+3ms
07-02 16:41:15.633   640   642 D dalvikvm: GC_CONCURRENT freed 203K, 9% free 10132K/11015K, paused 2ms+2ms
07-02 16:41:15.824   640   642 D dalvikvm: GC_CONCURRENT freed 330K, 8% free 10189K/11015K, paused 2ms+3ms
07-02 16:41:16.024   640   642 D dalvikvm: GC_CONCURRENT freed 355K, 8% free 10220K/11015K, paused 2ms+3ms
07-02 16:41:16.293   640   642 D dalvikvm: GC_CONCURRENT freed 333K, 7% free 10273K/11015K, paused 2ms+3ms
07-02 16:41:17.059   559   562 D dalvikvm: GC_CONCURRENT freed 452K, 11% free 10817K/12103K, paused 2ms+3ms
07-02 16:41:17.156   640   642 D dalvikvm: GC_CONCURRENT freed 691K, 10% free 9977K/11015K, paused 2ms+3ms
07-02 16:41:17.336   640   642 D dalvikvm: GC_CONCURRENT freed 203K, 8% free 10162K/11015K, paused 2ms+3ms
07-02 16:41:17.516   640   642 D dalvikvm: GC_CONCURRENT freed 339K, 8% free 10210K/11015K, paused 2ms+2ms
07-02 16:41:17.699   640   642 D dalvikvm: GC_CONCURRENT freed 357K, 8% free 10243K/11015K, paused 2ms+3ms
07-02 16:41:17.989   640   642 D dalvikvm: GC_CONCURRENT freed 340K, 7% free 10299K/11015K, paused 3ms+3ms
07-02 16:41:18.805   559   562 D dalvikvm: GC_CONCURRENT freed 451K, 11% free 10838K/12103K, paused 2ms+2ms
07-02 16:41:18.883   640   642 D dalvikvm: GC_CONCURRENT freed 731K, 10% free 9960K/11015K, paused 2ms+3ms
07-02 16:41:19.239   390   392 D dalvikvm: GC_CONCURRENT freed 20K, 3% free 10138K/10375K, paused 2ms+3ms
07-02 16:41:19.332   390   390 D dalvikvm: GC_FOR_ALLOC freed 589K, 8% free 9949K/10759K, paused 19ms
07-02 16:41:19.422   640   642 D dalvikvm: GC_CONCURRENT freed 209K, 8% free 10137K/11015K, paused 38ms+2ms
07-02 16:41:19.746   640   642 D dalvikvm: GC_CONCURRENT freed 327K, 8% free 10198K/11015K, paused 2ms+3ms
07-02 16:41:19.805   640   730 D dalvikvm: GC_EXPLICIT freed 100K, 8% free 10139K/11015K, paused 1ms+3ms
07-02 16:41:20.028   640   642 D dalvikvm: GC_CONCURRENT freed 289K, 7% free 10248K/11015K, paused 2ms+3ms
07-02 16:41:20.321   640   642 D dalvikvm: GC_CONCURRENT freed 356K, 7% free 10284K/11015K, paused 2ms+3ms
07-02 16:41:22.274   390   392 D dalvikvm: GC_CONCURRENT freed 242K, 6% free 10134K/10759K, paused 7ms+4ms
07-02 16:41:22.946   155   507 D dalvikvm: GC_EXPLICIT freed 292K, 12% free 12349K/13959K, paused 3ms+5ms
07-02 16:41:23.133   640   642 D dalvikvm: GC_CONCURRENT freed 646K, 9% free 10048K/11015K, paused 2ms+3ms
07-02 16:41:23.348   640   642 D dalvikvm: GC_CONCURRENT freed 261K, 8% free 10178K/11015K, paused 2ms+3ms
07-02 16:41:23.547   640   642 D dalvikvm: GC_CONCURRENT freed 348K, 8% free 10215K/11015K, paused 2ms+3ms
07-02 16:41:23.762   640   642 D dalvikvm: GC_CONCURRENT freed 353K, 7% free 10251K/11015K, paused 2ms+3ms
07-02 16:41:24.071   640   642 D dalvikvm: GC_CONCURRENT freed 347K, 7% free 10299K/11015K, paused 2ms+3ms
07-02 16:41:24.797   559   562 D dalvikvm: GC_CONCURRENT freed 444K, 11% free 10893K/12103K, paused 2ms+3ms
07-02 16:41:24.989   640   642 D dalvikvm: GC_CONCURRENT freed 714K, 10% free 9981K/11015K, paused 2ms+5ms
07-02 16:41:25.090   539  1561 W DownloadManager: Aborting request for download 2: closed socket before end of file
07-02 16:41:25.153  1144  1144 D Finsky  : [1] DownloadQueueImpl.notifyProgress: self-update-download: onProgress 1851789/4000309 Status: 194.
07-02 16:41:25.227   640   642 D dalvikvm: GC_CONCURRENT freed 231K, 8% free 10140K/11015K, paused 2ms+3ms
07-02 16:41:25.414   640   642 D dalvikvm: GC_CONCURRENT freed 333K, 8% free 10202K/11015K, paused 2ms+2ms
07-02 16:41:25.625   640   642 D dalvikvm: GC_CONCURRENT freed 362K, 8% free 10237K/11015K, paused 2ms+3ms
07-02 16:41:25.926   640   642 D dalvikvm: GC_CONCURRENT freed 351K, 7% free 10278K/11015K, paused 2ms+3ms
07-02 16:41:26.500   559   562 D dalvikvm: GC_CONCURRENT freed 445K, 10% free 10963K/12103K, paused 2ms+3ms
07-02 16:41:26.680   640   642 D dalvikvm: GC_CONCURRENT freed 646K, 9% free 10038K/11015K, paused 2ms+3ms
07-02 16:41:26.879   640   642 D dalvikvm: GC_CONCURRENT freed 257K, 8% free 10170K/11015K, paused 2ms+3ms
07-02 16:41:27.074   640   642 D dalvikvm: GC_CONCURRENT freed 351K, 8% free 10209K/11015K, paused 2ms+2ms
07-02 16:41:27.305   640   642 D dalvikvm: GC_CONCURRENT freed 350K, 7% free 10247K/11015K, paused 2ms+3ms
07-02 16:41:27.610   640   642 D dalvikvm: GC_CONCURRENT freed 352K, 7% free 10282K/11015K, paused 2ms+3ms
07-02 16:41:28.117   559   562 D dalvikvm: GC_CONCURRENT freed 725K, 12% free 10770K/12103K, paused 2ms+4ms
07-02 16:41:28.297   640   642 D dalvikvm: GC_CONCURRENT freed 628K, 9% free 10045K/11015K, paused 2ms+2ms
07-02 16:41:28.528   640   642 D dalvikvm: GC_CONCURRENT freed 257K, 8% free 10175K/11015K, paused 2ms+3ms
07-02 16:41:28.719   640   642 D dalvikvm: GC_CONCURRENT freed 356K, 8% free 10206K/11015K, paused 2ms+3ms
07-02 16:41:28.965   640   642 D dalvikvm: GC_CONCURRENT freed 354K, 7% free 10248K/11015K, paused 2ms+3ms
07-02 16:41:29.473   640   642 D dalvikvm: GC_CONCURRENT freed 363K, 7% free 10270K/11015K, paused 2ms+3ms
07-02 16:41:29.906   559   562 D dalvikvm: GC_CONCURRENT freed 452K, 11% free 10803K/12103K, paused 2ms+3ms
07-02 16:41:30.074   640   642 D dalvikvm: GC_CONCURRENT freed 574K, 9% free 10095K/11015K, paused 2ms+3ms
07-02 16:41:30.274   155   155 D dalvikvm: GC_EXPLICIT freed 277K, 12% free 12351K/13959K, paused 2ms+4ms
07-02 16:41:30.356   640   642 D dalvikvm: GC_CONCURRENT freed 296K, 8% free 10192K/11015K, paused 2ms+3ms
07-02 16:41:30.547   640   642 D dalvikvm: GC_CONCURRENT freed 382K, 8% free 10205K/11015K, paused 2ms+2ms
07-02 16:41:30.828   640   642 D dalvikvm: GC_CONCURRENT freed 348K, 7% free 10250K/11015K, paused 2ms+3ms
07-02 16:41:31.996   559   562 D dalvikvm: GC_CONCURRENT freed 469K, 11% free 10835K/12103K, paused 8ms+9ms
07-02 16:41:32.082   640   642 D dalvikvm: GC_CONCURRENT freed 762K, 11% free 9878K/11015K, paused 1ms+3ms
07-02 16:41:32.192   640   642 D dalvikvm: GC_CONCURRENT freed 130K, 8% free 10140K/11015K, paused 2ms+2ms
07-02 16:41:32.438   640   642 D dalvikvm: GC_CONCURRENT freed 295K, 8% free 10234K/11015K, paused 2ms+2ms
07-02 16:41:32.637   640   642 D dalvikvm: GC_CONCURRENT freed 376K, 7% free 10245K/11015K, paused 2ms+2ms
07-02 16:41:32.875   640   642 D dalvikvm: GC_CONCURRENT freed 349K, 7% free 10285K/11015K, paused 1ms+2ms
07-02 16:41:33.153   640   642 D dalvikvm: GC_CONCURRENT freed 340K, 7% free 10342K/11015K, paused 1ms+3ms
07-02 16:41:34.063   559   562 D dalvikvm: GC_CONCURRENT freed 505K, 11% free 10847K/12103K, paused 2ms+3ms
07-02 16:41:34.207   640   642 D dalvikvm: GC_CONCURRENT freed 799K, 10% free 9942K/11015K, paused 2ms+2ms
07-02 16:41:34.367   640   642 D dalvikvm: GC_CONCURRENT freed 134K, 8% free 10193K/11015K, paused 2ms+2ms
07-02 16:41:34.578   640   642 D dalvikvm: GC_CONCURRENT freed 311K, 7% free 10268K/11015K, paused 2ms+3ms
07-02 16:41:34.867   640   642 D dalvikvm: GC_CONCURRENT freed 366K, 7% free 10289K/11015K, paused 2ms+2ms
07-02 16:41:35.008   640   730 D dalvikvm: GC_EXPLICIT freed 249K, 7% free 10289K/11015K, paused 2ms+3ms
07-02 16:41:35.188   640   642 D dalvikvm: GC_CONCURRENT freed 315K, 6% free 10361K/11015K, paused 2ms+2ms
07-02 16:41:35.442   640   642 D dalvikvm: GC_CONCURRENT freed 335K, 6% free 10419K/11015K, paused 2ms+4ms
07-02 16:41:36.344   559   562 D dalvikvm: GC_CONCURRENT freed 522K, 11% free 10832K/12103K, paused 2ms+7ms
07-02 16:41:36.442   640   642 D dalvikvm: GC_CONCURRENT freed 918K, 11% free 9894K/11015K, paused 2ms+3ms
07-02 16:41:36.602   640   642 D dalvikvm: GC_CONCURRENT freed 164K, 9% free 10116K/11015K, paused 2ms+3ms
07-02 16:41:36.801   640   642 D dalvikvm: GC_CONCURRENT freed 307K, 8% free 10201K/11015K, paused 2ms+4ms
07-02 16:41:36.985   640   642 D dalvikvm: GC_CONCURRENT freed 363K, 8% free 10228K/11015K, paused 2ms+3ms
07-02 16:41:37.246   155   487 D AlarmManagerService: Kernel timezone updated to 240 minutes west of GMT
07-02 16:41:37.254   640   642 D dalvikvm: GC_CONCURRENT freed 349K, 7% free 10273K/11015K, paused 2ms+25ms
07-02 16:41:37.793   640   642 D dalvikvm: GC_CONCURRENT freed 378K, 7% free 10283K/11015K, paused 2ms+3ms
07-02 16:41:38.360   559   562 D dalvikvm: GC_CONCURRENT freed 470K, 11% free 10863K/12103K, paused 3ms+3ms
07-02 16:41:38.516   640   642 D dalvikvm: GC_CONCURRENT freed 566K, 9% free 10121K/11015K, paused 2ms+2ms
07-02 16:41:38.746   640   642 D dalvikvm: GC_CONCURRENT freed 294K, 8% free 10214K/11015K, paused 2ms+3ms
07-02 16:41:38.938   640   642 D dalvikvm: GC_CONCURRENT freed 373K, 8% free 10234K/11015K, paused 2ms+3ms
07-02 16:41:39.094   155   485 D dalvikvm: GC_EXPLICIT freed 287K, 12% free 12358K/13959K, paused 3ms+10ms
07-02 16:41:39.352   640   642 D dalvikvm: GC_CONCURRENT freed 356K, 7% free 10263K/11015K, paused 1ms+3ms
07-02 16:41:39.719   640   642 D dalvikvm: GC_CONCURRENT freed 348K, 7% free 10313K/11015K, paused 1ms+3ms
07-02 16:41:40.559   559   562 D dalvikvm: GC_CONCURRENT freed 475K, 10% free 10896K/12103K, paused 2ms+4ms
07-02 16:41:40.699   640   642 D dalvikvm: GC_CONCURRENT freed 712K, 10% free 10006K/11015K, paused 2ms+2ms
07-02 16:41:40.891   640   642 D dalvikvm: GC_CONCURRENT freed 202K, 8% free 10195K/11015K, paused 2ms+2ms
07-02 16:41:41.090   640   642 D dalvikvm: GC_CONCURRENT freed 338K, 7% free 10248K/11015K, paused 2ms+2ms
07-02 16:41:41.289   640   642 D dalvikvm: GC_CONCURRENT freed 385K, 7% free 10259K/11015K, paused 1ms+3ms
07-02 16:41:41.524   640   642 D dalvikvm: GC_CONCURRENT freed 333K, 7% free 10311K/11015K, paused 1ms+3ms
07-02 16:41:41.813   640   642 D dalvikvm: GC_CONCURRENT freed 342K, 6% free 10368K/11015K, paused 1ms+3ms
07-02 16:41:43.125   559   562 D dalvikvm: GC_CONCURRENT freed 522K, 11% free 10886K/12103K, paused 2ms+3ms
07-02 16:41:43.239   640   642 D dalvikvm: GC_CONCURRENT freed 764K, 10% free 10010K/11015K, paused 2ms+3ms
07-02 16:41:43.418   640   642 D dalvikvm: GC_CONCURRENT freed 225K, 8% free 10175K/11015K, paused 1ms+2ms
07-02 16:41:43.606   640   642 D dalvikvm: GC_CONCURRENT freed 338K, 8% free 10223K/11015K, paused 2ms+2ms
07-02 16:41:43.852   640   642 D dalvikvm: GC_CONCURRENT freed 355K, 7% free 10255K/11015K, paused 2ms+3ms
07-02 16:41:44.133   640   642 D dalvikvm: GC_CONCURRENT freed 344K, 7% free 10302K/11015K, paused 2ms+3ms
07-02 16:41:45.223   640   642 D dalvikvm: GC_CONCURRENT freed 813K, 11% free 9883K/11015K, paused 2ms+3ms
07-02 16:41:45.324   559   562 D dalvikvm: GC_CONCURRENT freed 482K, 10% free 10920K/12103K, paused 2ms+3ms
07-02 16:41:45.508   640   642 D dalvikvm: GC_CONCURRENT freed 149K, 8% free 10141K/11015K, paused 35ms+3ms
07-02 16:41:45.754   640   642 D dalvikvm: GC_CONCURRENT freed 269K, 7% free 10260K/11015K, paused 2ms+3ms
07-02 16:41:45.961   640   642 D dalvikvm: GC_CONCURRENT freed 360K, 7% free 10288K/11015K, paused 2ms+4ms
07-02 16:41:46.184   640   642 D dalvikvm: GC_CONCURRENT freed 377K, 7% free 10300K/11015K, paused 2ms+3ms
07-02 16:41:46.465   640   642 D dalvikvm: GC_CONCURRENT freed 326K, 6% free 10366K/11015K, paused 2ms+4ms
07-02 16:41:46.660   640   642 D dalvikvm: GC_CONCURRENT freed 343K, 6% free 10413K/11015K, paused 2ms+3ms
07-02 16:41:47.899   559   562 D dalvikvm: GC_CONCURRENT freed 518K, 10% free 10925K/12103K, paused 2ms+3ms
07-02 16:41:48.024   640   642 D dalvikvm: GC_CONCURRENT freed 808K, 10% free 10005K/11015K, paused 2ms+3ms
07-02 16:41:48.203   640   642 D dalvikvm: GC_CONCURRENT freed 143K, 7% free 10253K/11015K, paused 1ms+2ms
07-02 16:41:48.414   640   642 D dalvikvm: GC_CONCURRENT freed 315K, 7% free 10328K/11015K, paused 2ms+3ms
07-02 16:41:48.629   640   642 D dalvikvm: GC_CONCURRENT freed 382K, 7% free 10332K/11015K, paused 2ms+2ms
07-02 16:41:48.852   640   642 D dalvikvm: GC_CONCURRENT freed 359K, 6% free 10363K/11015K, paused 2ms+4ms
07-02 16:41:49.137   640   642 D dalvikvm: GC_CONCURRENT freed 338K, 6% free 10412K/11015K, paused 2ms+3ms
07-02 16:41:49.227   455   457 D dalvikvm: GC_CONCURRENT freed 595K, 7% free 10514K/11207K, paused 3ms+5ms
07-02 16:41:49.461   640   642 D dalvikvm: GC_CONCURRENT freed 341K, 6% free 10463K/11015K, paused 1ms+3ms
07-02 16:41:50.399   559   562 D dalvikvm: GC_CONCURRENT freed 545K, 10% free 10919K/12103K, paused 9ms+4ms
07-02 16:41:50.555   640   642 D dalvikvm: GC_CONCURRENT freed 885K, 10% free 10017K/11015K, paused 2ms+4ms
07-02 16:41:50.739   640   642 D dalvikvm: GC_CONCURRENT freed 176K, 8% free 10229K/11015K, paused 2ms+3ms
07-02 16:41:50.961   155   635 D dalvikvm: GC_EXPLICIT freed 322K, 12% free 12356K/13959K, paused 3ms+4ms
07-02 16:41:51.059   640   642 D dalvikvm: GC_CONCURRENT freed 322K, 7% free 10303K/11015K, paused 2ms+3ms
07-02 16:41:51.254   640   642 D dalvikvm: GC_CONCURRENT freed 380K, 7% free 10308K/11015K, paused 1ms+3ms
07-02 16:41:51.453   640   642 D dalvikvm: GC_CONCURRENT freed 352K, 7% free 10342K/11015K, paused 2ms+3ms
07-02 16:41:51.672   640   642 D dalvikvm: GC_CONCURRENT freed 328K, 6% free 10406K/11015K, paused 2ms+3ms
07-02 16:41:51.852   640   642 D dalvikvm: GC_CONCURRENT freed 344K, 6% free 10455K/11015K, paused 2ms+3ms
07-02 16:41:54.617   559   562 D dalvikvm: GC_CONCURRENT freed 552K, 10% free 10894K/12103K, paused 2ms+4ms
07-02 16:41:54.645   640  1587 D dalvikvm: GC_EXPLICIT freed 819K, 12% free 9799K/11015K, paused 5ms+15ms
07-02 16:41:54.789   640   642 D dalvikvm: GC_CONCURRENT freed 66K, 9% free 10126K/11015K, paused 2ms+2ms
07-02 16:41:55.110   640   642 D dalvikvm: GC_CONCURRENT freed 293K, 8% free 10221K/11015K, paused 3ms+3ms
07-02 16:41:55.313   640   642 D dalvikvm: GC_CONCURRENT freed 365K, 8% free 10242K/11015K, paused 2ms+3ms
07-02 16:41:55.551   640   642 D dalvikvm: GC_CONCURRENT freed 346K, 7% free 10285K/11015K, paused 2ms+3ms
07-02 16:41:55.914   640   642 D dalvikvm: GC_CONCURRENT freed 342K, 7% free 10333K/11015K, paused 2ms+3ms
07-02 16:41:58.086   559   562 D dalvikvm: GC_CONCURRENT freed 492K, 10% free 10931K/12103K, paused 27ms+3ms
07-02 16:41:58.192   640   642 D dalvikvm: GC_CONCURRENT freed 738K, 10% free 9992K/11015K, paused 2ms+3ms
07-02 16:41:58.383   640   642 D dalvikvm: GC_CONCURRENT freed 194K, 8% free 10191K/11015K, paused 2ms+2ms
07-02 16:41:58.590   640   642 D dalvikvm: GC_CONCURRENT freed 340K, 8% free 10240K/11015K, paused 2ms+2ms
07-02 16:41:58.793   640   642 D dalvikvm: GC_CONCURRENT freed 384K, 8% free 10244K/11015K, paused 1ms+4ms
07-02 16:41:59.137  1234  1236 D dalvikvm: GC_CONCURRENT freed 442K, 5% free 10107K/10631K, paused 1ms+4ms
07-02 16:41:59.188   640   642 D dalvikvm: GC_CONCURRENT freed 329K, 7% free 10312K/11015K, paused 32ms+3ms
07-02 16:41:59.664   640   642 D dalvikvm: GC_CONCURRENT freed 370K, 7% free 10328K/11015K, paused 2ms+3ms
07-02 16:42:00.235  1144  1144 D Finsky  : [1] DownloadQueueImpl.notifyProgress: self-update-download: onProgress 1851789/4000309 Status: 192.
07-02 16:42:00.281   539  1657 I DownloadManager: Initiating request for download 2
07-02 16:42:00.309   539   541 D dalvikvm: GC_CONCURRENT freed 425K, 7% free 9493K/10119K, paused 7ms+7ms
07-02 16:42:00.512   640   642 D dalvikvm: GC_CONCURRENT freed 641K, 9% free 10088K/11015K, paused 2ms+3ms
07-02 16:42:00.723   640   642 D dalvikvm: GC_CONCURRENT freed 276K, 8% free 10199K/11015K, paused 2ms+2ms
07-02 16:42:00.903   640   642 D dalvikvm: GC_CONCURRENT freed 358K, 8% free 10229K/11015K, paused 2ms+3ms
07-02 16:42:01.137   640   642 D dalvikvm: GC_CONCURRENT freed 353K, 7% free 10270K/11015K, paused 1ms+3ms
07-02 16:42:01.457   640   642 D dalvikvm: GC_CONCURRENT freed 347K, 7% free 10313K/11015K, paused 4ms+3ms
07-02 16:42:03.321   559   562 D dalvikvm: GC_CONCURRENT freed 499K, 10% free 10955K/12103K, paused 2ms+4ms
07-02 16:42:03.574   640   642 D dalvikvm: GC_CONCURRENT freed 698K, 9% free 10037K/11015K, paused 2ms+47ms
07-02 16:42:03.774   640   642 D dalvikvm: GC_CONCURRENT freed 179K, 7% free 10246K/11015K, paused 2ms+2ms
07-02 16:42:03.989   640   642 D dalvikvm: GC_CONCURRENT freed 342K, 7% free 10300K/11015K, paused 3ms+3ms
07-02 16:42:04.133   155   491 D dalvikvm: GC_EXPLICIT freed 330K, 12% free 12361K/13959K, paused 3ms+5ms
07-02 16:42:04.242   640   642 D dalvikvm: GC_CONCURRENT freed 371K, 7% free 10315K/11015K, paused 1ms+3ms
07-02 16:42:04.489   640   642 D dalvikvm: GC_CONCURRENT freed 359K, 7% free 10342K/11015K, paused 2ms+8ms
07-02 16:42:04.707   640   642 D dalvikvm: GC_CONCURRENT freed 336K, 6% free 10396K/11015K, paused 2ms+3ms
07-02 16:42:05.043   640   642 D dalvikvm: GC_CONCURRENT freed 351K, 6% free 10433K/11015K, paused 2ms+3ms
07-02 16:42:07.149   155   197 I ActivityManager: Start proc com.google.android.syncadapters.calendar for service com.google.android.syncadapters.calendar/.CalendarSyncAdapterService: pid=1659 uid=10018 gids={3003}
07-02 16:42:07.391   559   562 D dalvikvm: GC_CONCURRENT freed 518K, 10% free 10976K/12103K, paused 3ms+4ms
07-02 16:42:07.395   559  1449 D ContactsSyncAdapter: FAILURE: processed 1400 records in 264956 ms from feed http://www.google.com/m8/feeds/contacts/geoffrey.challen@gmail.com/base2_property-android_linksto-gprofiles, updated time is null
07-02 16:42:07.442   559  1514 D ContactsSyncAdapter: EntityReader thread ended: mForcedClosed is true
07-02 16:42:07.512   589   589 D OpenGLRenderer: Flushing caches (mode 1)
07-02 16:42:08.504   455   457 D dalvikvm: GC_CONCURRENT freed 468K, 7% free 10512K/11207K, paused 2ms+2ms
07-02 16:42:18.989    83   131 D AudioHardware: AudioHardware pcm playback is exiting standby.
07-02 16:42:18.989    83   131 D AudioHardware: openPcmOut_l() mPcmOpenCnt: 0
07-02 16:42:19.328   155   312 D WifiConfigStore: IP config changed SSID = "blue" linkProperties: LinkAddresses: [] Routes: [] DnsAddresses: [] 
07-02 16:42:19.328   155   312 D WifiConfigStore: proxy changed SSID = "blue"
07-02 16:42:19.371    77   119 D CommandListener: Clearing all IP addresses on wlan0
07-02 16:42:19.403   155   315 D ConnectivityService: ConnectivityChange for WIFI: DISCONNECTED/IDLE
07-02 16:42:19.403   155   315 D ConnectivityService: Attempting to switch to mobile
07-02 16:42:19.461   155   315 D ConnectivityService: Attempting to switch to WIMAX
07-02 16:42:19.461   155   315 D ConnectivityService: Attempting to switch to BLUETOOTH_TETHER
07-02 16:42:19.551   390   392 D dalvikvm: GC_CONCURRENT freed 619K, 8% free 9923K/10759K, paused 6ms+23ms
07-02 16:42:19.551  1057  1299 I PhoneLab-: Service Running
07-02 16:42:19.582   155   310 D NetworkPolicy: applying policy NetworkPolicy[NetworkTemplate: matchRule=MOBILE_ALL, subscriberId=valid]: cycleDay=2, warningBytes=2147483648, limitBytes=-1, lastSnooze=-1 to ifaces [rmnet0]
07-02 16:42:19.586   155   310 D NetworkPolicy: applying policy NetworkPolicy[NetworkTemplate: matchRule=MOBILE_ALL, subscriberId=valid]: cycleDay=2, warningBytes=2147483648, limitBytes=-1, lastSnooze=-1 to ifaces [rmnet0]
07-02 16:42:19.684   155   157 D dalvikvm: GC_CONCURRENT freed 755K, 12% free 12409K/13959K, paused 2ms+8ms
07-02 16:42:19.813  1234  1236 D dalvikvm: GC_CONCURRENT freed 420K, 5% free 10128K/10631K, paused 2ms+5ms
07-02 16:42:19.844  1606  1606 I wpa_supplicant: wlan0: Trying to associate with c4:3d:c7:a7:ad:c9 (SSID='blue' freq=2417 MHz)
07-02 16:42:19.883  1057  1299 I PhoneLab-LoggerService: app_36    1303  1057  1800   1428  c00f181c 400107b4 S logcat
07-02 16:42:19.883  1057  1299 I PhoneLab-LoggerService: Logcat pid from database 1303
07-02 16:42:19.883  1057  1299 I PhoneLab-LoggerService: Logcat process found 1303
07-02 16:42:19.883  1057  1299 I PhoneLab-LoggerService: Checking Threshold
07-02 16:42:19.883  1057  1299 I PhoneLab-LoggerService: Starting to rename files
07-02 16:42:19.883  1057  1299 I PhoneLab-LoggerService: Files found .. 2
07-02 16:42:19.985  1606  1606 I wpa_supplicant: wlan0: Associated with c4:3d:c7:a7:ad:c9
07-02 16:42:20.047  1606  1606 I wpa_supplicant: wlan0: WPA: Key negotiation completed with c4:3d:c7:a7:ad:c9 [PTK=CCMP GTK=CCMP]
07-02 16:42:20.047  1606  1606 I wpa_supplicant: wlan0: CTRL-EVENT-CONNECTED - Connection to c4:3d:c7:a7:ad:c9 completed (auth) [id=0 id_str=]
07-02 16:42:21.047   155   312 D DhcpInfoInternal: makeLinkProperties with empty dns2!
07-02 16:42:21.055   155   312 D DhcpInfoInternal: makeLinkProperties with empty dns2!
07-02 16:42:21.102   155   315 D ConnectivityService: ConnectivityChange for WIFI: CONNECTED/CONNECTED
07-02 16:42:21.102   155   315 D ConnectivityService: Policy requires mobile teardown
07-02 16:42:21.149  1057  1057 I PhoneLab-WiFiReceiver: Wi-Fi is connected!
07-02 16:42:21.176  1057  1057 I PhoneLab-WiFiReceiver: SSID: blue BSSID: c4:3d:c7:a7:ad:c9 RSSI: -74 LinkSpeed: 65
07-02 16:42:21.176  1057  1057 I PhoneLab-Locks: wake lock acquired
07-02 16:42:21.207  1057  1057 I PhoneLab-UploadLogs: Transfering log files now
07-02 16:42:21.219   155   315 D ConnectivityService: ConnectivityChange for mobile: DISCONNECTED/DISCONNECTED
07-02 16:42:21.227   155   309 W NetworkStats: dropping UID delta from unknown iface: iface=wlan0 uid=0 set=DEFAULT tag=0x0 rxBytes=0 rxPackets=0 txBytes=140 txPackets=2 operations=0
07-02 16:42:21.231   155   315 D ConnectivityService: Attempting to switch to WIFI
07-02 16:42:21.235   155   315 D ConnectivityService: Attempting to switch to WIMAX
07-02 16:42:21.235   155   315 D ConnectivityService: Attempting to switch to BLUETOOTH_TETHER
07-02 16:42:21.254   155   315 D NetUtils: android_net_utils_resetConnections in env=0x135c180 clazz=0x45e00001 iface=rmnet0 mask=0x3
07-02 16:42:21.254   155   315 D ConnectivityService: resetConnections(rmnet0, 3)
07-02 16:42:21.270   589  1387 I GLSUser : GLS error: NetworkError
07-02 16:42:21.356   559  1513 W GDataClient: Unable to execute HTTP request.javax.net.ssl.SSLException: Read error: ssl=0x155c248: I/O error during system call, Connection timed out
07-02 16:42:21.442  1057  1059 D dalvikvm: GC_CONCURRENT freed 444K, 18% free 9243K/11143K, paused 2ms+19ms
07-02 16:42:21.504  1057  1059 D dalvikvm: GC_CONCURRENT freed 215K, 16% free 9426K/11143K, paused 2ms+3ms
07-02 16:42:21.524  1057  1057 I PhoneLab-UploadLogs: OnStartCommand
07-02 16:42:21.528   589   589 D OpenGLRenderer: Flushing caches (mode 1)
07-02 16:42:21.551  1057  1059 D dalvikvm: GC_CONCURRENT freed 298K, 14% free 9640K/11143K, paused 2ms+3ms
07-02 16:42:21.555   559  1320 W Smack/Packet: notify conn break (IOEx), close connection
07-02 16:42:21.578   539  1657 W DownloadManager: Aborting request for download 2: while trying to execute request: javax.net.ssl.SSLException: SSL handshake aborted: ssl=0x1518b78: I/O error during system call, Connection timed out
07-02 16:42:21.590  1057  1707 D dalvikvm: GC_FOR_ALLOC freed 307K, 14% free 9660K/11143K, paused 20ms
07-02 16:42:21.610   155   197 D SyncManager: failed sync operation geoffrey.challen@gmail.com (com.google), com.android.calendar, POLL, earliestRunTime 491954, SyncResult: stats [ numIoExceptions: 1]
07-02 16:42:21.614  1057  1707 D dalvikvm: GC_FOR_ALLOC freed 301K, 14% free 9660K/11143K, paused 21ms
07-02 16:42:21.625   559  1513 D ContactsSyncAdapter: IO error, ignoring rest of feed
07-02 16:42:21.625   559  1513 D ContactsSyncAdapter: javax.net.ssl.SSLException: Read error: ssl=0x155c248: I/O error during system call, Connection timed out
07-02 16:42:21.625   559  1513 D ContactsSyncAdapter: 	at org.apache.harmony.xnet.provider.jsse.NativeCrypto.SSL_read(Native Method)
07-02 16:42:21.625   559  1513 D ContactsSyncAdapter: 	at org.apache.harmony.xnet.provider.jsse.OpenSSLSocketImpl$SSLInputStream.read(OpenSSLSocketImpl.java:671)
07-02 16:42:21.625   559  1513 D ContactsSyncAdapter: 	at org.apache.http.impl.io.AbstractSessionInputBuffer.fillBuffer(AbstractSessionInputBuffer.java:103)
07-02 16:42:21.625   559  1513 D ContactsSyncAdapter: 	at org.apache.http.impl.io.AbstractSessionInputBuffer.readLine(AbstractSessionInputBuffer.java:191)
07-02 16:42:21.625   559  1513 D ContactsSyncAdapter: 	at org.apache.http.impl.conn.DefaultResponseParser.parseHead(DefaultResponseParser.java:82)
07-02 16:42:21.625   559  1513 D ContactsSyncAdapter: 	at org.apache.http.impl.io.AbstractMessageParser.parse(AbstractMessageParser.java:174)
07-02 16:42:21.625   559  1513 D ContactsSyncAdapter: 	at org.apache.http.impl.AbstractHttpClientConnection.receiveResponseHeader(AbstractHttpClientConnection.java:180)
07-02 16:42:21.625   559  1513 D ContactsSyncAdapter: 	at org.apache.http.impl.conn.DefaultClientConnection.receiveResponseHeader(DefaultClientConnection.java:235)
07-02 16:42:21.625   559  1513 D ContactsSyncAdapter: 	at org.apache.http.impl.conn.AbstractClientConnAdapter.receiveResponseHeader(AbstractClientConnAdapter.java:259)
07-02 16:42:21.625   559  1513 D ContactsSyncAdapter: 	at org.apache.http.protocol.HttpRequestExecutor.doReceiveResponse(HttpRequestExecutor.java:279)
07-02 16:42:21.625   559  1513 D ContactsSyncAdapter: 	at org.apache.http.protocol.HttpRequestExecutor.execute(HttpRequestExecutor.java:121)
07-02 16:42:21.625   559  1513 D ContactsSyncAdapter: 	at org.apache.http.impl.client.DefaultRequestDirector.execute(DefaultRequestDirector.java:428)
07-02 16:42:21.625   559  1513 D ContactsSyncAdapter: 	at org.apache.http.impl.client.AbstractHttpClient.execute(AbstractHttpClient.java:555)
07-02 16:42:21.625   559  1513 D ContactsSyncAdapter: 	at org.apache.http.impl.client.AbstractHttpClient.execute(AbstractHttpClient.java:487)
07-02 16:42:21.625   559  1513 D ContactsSyncAdapter: 	at android.net.http.AndroidHttpClient.execute(AndroidHttpClient.java:257)
07-02 16:42:21.625   559  1513 D ContactsSyncAdapter: 	at com.google.android.common.http.GoogleHttpClient.executeWithoutRewriting(GoogleHttpClient.java:202)
07-02 16:42:21.625   559  1513 D ContactsSyncAdapter: 	at com.google.android.common.http.GoogleHttpClient.execute(GoogleHttpClient.java:259)
07-02 16:42:21.625   559  1513 D ContactsSyncAdapter: 	at com.google.android.common.http.GoogleHttpClient.execute(GoogleHttpClient.java:312)
07-02 16:42:21.625   559  1513 D ContactsSyncAdapter: 	at com.google.android.common.gdata2.AndroidGDataClient.createAndExecuteMethod(AndroidGDataClient.java:281)
07-02 16:42:21.625   559  1513 D ContactsSyncAdapter: 	at com.google.android.syncadapters.HttpsOnlyAndroidGDataClient.createAndExecuteMethod(HttpsOnlyAndroidGDataClient.java:32)
07-02 16:42:21.625   559  1513 D ContactsSyncAdapter: 	at com.google.android.common.gdata2.AndroidGDataClient.getFeedAsStream(AndroidGDataClient.java:415)
07-02 16:42:21.625   559  1513 D ContactsSyncAdapter: 	at com.google.wireless.gdata2.client.GDataServiceClient.getParserForFeed(GDataServiceClient.java:108)
07-02 16:42:21.625   559  1513 D ContactsSyncAdapter: 	at com.google.android.syncadapters.GDataFeedFetcher.fetchFeed(GDataFeedFetcher.java:184)
07-02 16:42:21.625   559  1513 D ContactsSyncAdapter: 	at com.google.android.syncadapters.GDataFeedFetcher.run(GDataFeedFetcher.java:98)
07-02 16:42:21.625   559  1513 D ContactsSyncAdapter: 	at com.google.android.syncadapters.contacts.ContactsSyncAdapter$ContactsGDataFeedFetcher.run(ContactsSyncAdapter.java:1405)
07-02 16:42:21.625   559  1513 D ContactsSyncAdapter: 	at java.lang.Thread.run(Thread.java:856)
07-02 16:42:21.629   559  1513 V ContactsSyncAdapter: GDataFeedFetcher thread ended: mForcedClosed is true
07-02 16:42:21.637  1057  1707 D dalvikvm: GC_FOR_ALLOC freed 302K, 14% free 9661K/11143K, paused 22ms
07-02 16:42:21.703  1144  1144 D Finsky  : [1] DownloadQueueImpl.notifyProgress: self-update-download: onProgress 1851789/4000309 Status: 194.
07-02 16:42:21.707   559  1320 I qtaguid : Failed write_ctrl(u 80) res=-1 errno=22
07-02 16:42:21.707   559  1320 I qtaguid : Untagging socket 80 failed errno=-22
07-02 16:42:21.711   559  1320 W NetworkManagementSocketTagger: untagSocket(80) failed with errno -22
07-02 16:42:21.754   155   315 D ConnectivityService: handleInetConditionChange: net=0 != default=1 - ignore
07-02 16:42:21.813   539  1710 I DownloadManager: Initiating request for download 1
07-02 16:42:22.078    83   131 D AudioHardware: AudioHardware pcm playback is going to standby.
07-02 16:42:22.082    83   131 D AudioHardware: closePcmOut_l() mPcmOpenCnt: 1
07-02 16:42:22.176   155   507 D AlarmManagerService: Kernel timezone updated to 240 minutes west of GMT
07-02 16:42:22.492   155   318 D Tethering: MasterInitialState.processMessage what=3
07-02 16:42:22.520   155   318 D Tethering: MasterInitialState.processMessage what=3
07-02 16:42:22.535   559   559 I GTalkService/c: [AndroidEndpoint@1094528144] connect: acct=1000000, state=CONNECTING
07-02 16:42:22.535   559   559 I GTalkService/c: [GTalkConnection@1094844936] connect: acct=1, state=CONNECTING
07-02 16:42:22.539  1125  1143 D PicasaSyncManager: active network: NetworkInfo: type: WIFI[], state: CONNECTED/CONNECTED, reason: (unspecified), extra: (none), roaming: false, failover: false, isAvailable: true
07-02 16:42:22.711   471   474 D dalvikvm: GC_CONCURRENT freed 384K, 5% free 9566K/10055K, paused 1ms+10ms
07-02 16:42:22.754  1234  1236 D dalvikvm: GC_CONCURRENT freed 514K, 6% free 10106K/10695K, paused 2ms+10ms
07-02 16:42:22.797   589   591 D dalvikvm: GC_CONCURRENT freed 395K, 9% free 9691K/10567K, paused 8ms+13ms
07-02 16:42:22.832  1125  1143 D PicasaSyncManager: background data: true
07-02 16:42:22.883   155   553 I ActivityManager: Start proc com.google.android.apps.uploader for broadcast com.google.android.apps.uploader/.ConnectivityBroadcastReceiver: pid=1716 uid=10029 gids={3003}
07-02 16:42:22.891  1716  1716 I dalvikvm: Turning on JNI app bug workarounds for target SDK version 11...
07-02 16:42:23.004   155   157 D dalvikvm: GC_CONCURRENT freed 694K, 11% free 12441K/13959K, paused 3ms+5ms
07-02 16:42:23.016  1716  1716 I ActivityThread: Pub com.google.android.apps.uploader: com.google.android.apps.uploader.UploadsContentProvider
07-02 16:42:23.020  1716  1716 I ActivityThread: Pub com.google.photos.provider.Album: com.google.android.apps.uploader.clients.picasa.AlbumProvider
07-02 16:42:23.028  1716  1716 D MediaUploader: UploaderApplication.onCreate
07-02 16:42:23.063  1716  1716 D MediaUploader: nonWifiLimit=20971520, default=20971520
07-02 16:42:23.067  1716  1716 I MediaUploader: No need to wake up
07-02 16:42:23.071  1057  1057 I PhoneLab-WiFiReceiver: Wi-Fi is disconnected!
07-02 16:42:23.106  1125  1143 D PicasaSyncManager: active network: NetworkInfo: type: WIFI[], state: CONNECTED/CONNECTED, reason: (unspecified), extra: (none), roaming: false, failover: false, isAvailable: true
07-02 16:42:23.106  1125  1143 D PicasaSyncManager: background data: true
07-02 16:42:23.168  1716  1716 I MediaUploader: No need to wake up
07-02 16:42:23.375   559   562 D dalvikvm: GC_CONCURRENT freed 1140K, 15% free 10389K/12103K, paused 3ms+5ms
07-02 16:42:23.438   589   589 D OpenGLRenderer: Flushing caches (mode 1)
07-02 16:42:23.465   155   172 I ActivityManager: Start proc com.google.android.inputmethod.latin.dictionarypack for broadcast com.google.android.inputmethod.latin.dictionarypack/.UpdateHandler: pid=1740 uid=10024 gids={3003, 1015}
07-02 16:42:23.504  1740  1740 I ActivityThread: Pub com.android.inputmethod.latin.dictionarypack: com.google.android.inputmethod.latin.dictionarypack.DictionaryProvider
07-02 16:42:23.645   559  1121 D dalvikvm: GC_EXPLICIT freed 113K, 15% free 10394K/12103K, paused 33ms+9ms
07-02 16:42:24.012   155   209 I ActivityManager: START {act=android.intent.action.MAIN cat=[android.intent.category.HOME] flg=0x10200000 cmp=com.android.launcher/com.android.launcher2.Launcher} from pid 155
07-02 16:42:24.227   155   318 D Tethering: MasterInitialState.processMessage what=3
07-02 16:42:24.352   155   318 D Tethering: MasterInitialState.processMessage what=3
07-02 16:42:24.356   155   318 D Tethering: MasterInitialState.processMessage what=3
07-02 16:42:24.410  1740  1743 D dalvikvm: GC_CONCURRENT freed 350K, 5% free 9140K/9607K, paused 2ms+12ms
07-02 16:42:24.473  1716  1716 I MediaUploader: No need to wake up
07-02 16:42:24.477   155   167 I ActivityManager: No longer want com.android.email (pid 920): hidden #16
07-02 16:42:24.539  1716  1716 I MediaUploader: No need to wake up
07-02 16:42:24.539  1125  1143 D PicasaSyncManager: active network: NetworkInfo: type: WIFI[], state: CONNECTED/CONNECTED, reason: (unspecified), extra: (none), roaming: false, failover: false, isAvailable: true
07-02 16:42:24.563  1234  1234 D OpenGLRenderer: Flushing caches (mode 1)
07-02 16:42:24.594  1716  1716 I MediaUploader: No need to wake up
07-02 16:42:24.614  1125  1143 D PicasaSyncManager: background data: true
07-02 16:42:24.633  1125  1143 D PicasaSyncManager: active network: NetworkInfo: type: WIFI[], state: CONNECTED/CONNECTED, reason: (unspecified), extra: (none), roaming: false, failover: false, isAvailable: true
07-02 16:42:24.637  1125  1143 D PicasaSyncManager: background data: true
07-02 16:42:24.645   155   649 W InputManagerService: Starting input on non-focused client com.android.internal.view.IInputMethodClient$Stub$Proxy@413b9910 (uid=1000 pid=1234)
07-02 16:42:24.653  1234  1234 D OpenGLRenderer: Flushing caches (mode 0)
07-02 16:42:25.020   155   157 D dalvikvm: GC_CONCURRENT freed 732K, 11% free 12439K/13959K, paused 3ms+6ms
07-02 16:42:25.024   155   315 D ConnectivityService: handleInetConditionHoldEnd: net=1, condition=100, published condition=0
07-02 16:42:25.055   155   487 I ActivityManager: No longer want com.google.android.partnersetup (pid 1259): hidden #16
07-02 16:42:25.125   539  1767 I DownloadManager: Initiating request for download 3
07-02 16:42:25.145   559   562 D dalvikvm: GC_CONCURRENT freed 332K, 14% free 10457K/12103K, paused 84ms+4ms
07-02 16:42:25.739   155   197 D dalvikvm: GC_EXPLICIT freed 82K, 12% free 12403K/13959K, paused 4ms+6ms
07-02 16:42:25.961   589   589 D OpenGLRenderer: Flushing caches (mode 1)
07-02 16:42:27.590   559   562 D dalvikvm: GC_CONCURRENT freed 353K, 14% free 10497K/12103K, paused 3ms+3ms
07-02 16:42:28.047   559  1773 D ContactsSyncAdapter: resuming download from index 1400, id http://www.google.com/m8/feeds/contacts/geoffrey.challen%40gmail.com/base/3df0a8498db7e391
07-02 16:42:28.969   559   562 D dalvikvm: GC_CONCURRENT freed 288K, 13% free 10634K/12103K, paused 2ms+3ms
07-02 16:42:29.336   559   562 D dalvikvm: GC_CONCURRENT freed 233K, 11% free 10829K/12103K, paused 3ms+4ms
07-02 16:42:29.551   640   642 D dalvikvm: GC_CONCURRENT freed 975K, 10% free 9949K/11015K, paused 7ms+4ms
07-02 16:42:29.664   640   642 D dalvikvm: GC_CONCURRENT freed 136K, 8% free 10225K/11015K, paused 2ms+3ms
07-02 16:42:29.938   640   642 D dalvikvm: GC_CONCURRENT freed 267K, 7% free 10348K/11015K, paused 2ms+4ms
07-02 16:42:30.164   640   642 D dalvikvm: GC_CONCURRENT freed 370K, 6% free 10366K/11015K, paused 2ms+3ms
07-02 16:42:30.391   640   642 D dalvikvm: GC_CONCURRENT freed 365K, 6% free 10389K/11015K, paused 2ms+4ms
07-02 16:42:30.621   640   642 D dalvikvm: GC_CONCURRENT freed 372K, 6% free 10411K/11015K, paused 1ms+3ms
07-02 16:42:30.817   640   642 D dalvikvm: GC_CONCURRENT freed 343K, 6% free 10458K/11015K, paused 2ms+3ms
07-02 16:42:31.156   640   642 D dalvikvm: GC_CONCURRENT freed 365K, 5% free 10515K/11015K, paused 2ms+4ms
07-02 16:42:31.680  1057  1707 W System.err: java.net.SocketTimeoutException
07-02 16:42:31.699  1057  1707 W System.err: 	at java.net.PlainSocketImpl.read(PlainSocketImpl.java:491)
07-02 16:42:31.699  1057  1707 W System.err: 	at java.net.PlainSocketImpl.access$000(PlainSocketImpl.java:46)
07-02 16:42:31.703  1057  1707 W System.err: 	at java.net.PlainSocketImpl$PlainSocketInputStream.read(PlainSocketImpl.java:240)
07-02 16:42:31.703  1057  1707 W System.err: 	at org.apache.http.impl.io.AbstractSessionInputBuffer.fillBuffer(AbstractSessionInputBuffer.java:103)
07-02 16:42:31.703  1057  1707 W System.err: 	at org.apache.http.impl.io.AbstractSessionInputBuffer.readLine(AbstractSessionInputBuffer.java:191)
07-02 16:42:31.703  1057  1707 W System.err: 	at org.apache.http.impl.conn.DefaultResponseParser.parseHead(DefaultResponseParser.java:82)
07-02 16:42:31.703  1057  1707 W System.err: 	at org.apache.http.impl.io.AbstractMessageParser.parse(AbstractMessageParser.java:174)
07-02 16:42:31.703  1057  1707 W System.err: 	at org.apache.http.impl.AbstractHttpClientConnection.receiveResponseHeader(AbstractHttpClientConnection.java:180)
07-02 16:42:31.703  1057  1707 W System.err: 	at org.apache.http.impl.conn.DefaultClientConnection.receiveResponseHeader(DefaultClientConnection.java:235)
07-02 16:42:31.703  1057  1707 W System.err: 	at org.apache.http.impl.conn.AbstractClientConnAdapter.receiveResponseHeader(AbstractClientConnAdapter.java:259)
07-02 16:42:31.703  1057  1707 W System.err: 	at org.apache.http.protocol.HttpRequestExecutor.doReceiveResponse(HttpRequestExecutor.java:279)
07-02 16:42:31.703  1057  1707 W System.err: 	at org.apache.http.protocol.HttpRequestExecutor.execute(HttpRequestExecutor.java:121)
07-02 16:42:31.703  1057  1707 W System.err: 	at org.apache.http.impl.client.DefaultRequestDirector.execute(DefaultRequestDirector.java:428)
07-02 16:42:31.703  1057  1707 W System.err: 	at org.apache.http.impl.client.AbstractHttpClient.execute(AbstractHttpClient.java:555)
07-02 16:42:31.707  1057  1707 W System.err: 	at org.apache.http.impl.client.AbstractHttpClient.execute(AbstractHttpClient.java:487)
07-02 16:42:31.707  1057  1707 W System.err: 	at com.loopj.android.http.AsyncHttpRequest.makeRequest(Unknown Source)
07-02 16:42:31.707  1057  1707 W System.err: 	at com.loopj.android.http.AsyncHttpRequest.makeRequestWithRetries(Unknown Source)
07-02 16:42:31.707  1057  1707 W System.err: 	at com.loopj.android.http.AsyncHttpRequest.run(Unknown Source)
07-02 16:42:31.707  1057  1707 W System.err: 	at java.util.concurrent.Executors$RunnableAdapter.call(Executors.java:442)
07-02 16:42:31.707  1057  1707 W System.err: 	at java.util.concurrent.FutureTask$Sync.innerRun(FutureTask.java:305)
07-02 16:42:31.711  1057  1707 W System.err: 	at java.util.concurrent.FutureTask.run(FutureTask.java:137)
07-02 16:42:31.711  1057  1707 W System.err: 	at java.util.concurrent.ThreadPoolExecutor.runWorker(ThreadPoolExecutor.java:1076)
07-02 16:42:31.711  1057  1707 W System.err: 	at java.util.concurrent.ThreadPoolExecutor$Worker.run(ThreadPoolExecutor.java:569)
07-02 16:42:31.711  1057  1707 W System.err: 	at java.lang.Thread.run(Thread.java:856)
07-02 16:42:31.711  1057  1707 W System.err: java.net.SocketTimeoutException
07-02 16:42:31.715  1057  1707 W System.err: 	at java.net.PlainSocketImpl.read(PlainSocketImpl.java:491)
07-02 16:42:31.715  1057  1707 W System.err: 	at java.net.PlainSocketImpl.access$000(PlainSocketImpl.java:46)
07-02 16:42:31.715  1057  1707 W System.err: 	at java.net.PlainSocketImpl$PlainSocketInputStream.read(PlainSocketImpl.java:240)
07-02 16:42:31.715  1057  1707 W System.err: 	at org.apache.http.impl.io.AbstractSessionInputBuffer.fillBuffer(AbstractSessionInputBuffer.java:103)
07-02 16:42:31.719  1057  1707 W System.err: 	at org.apache.http.impl.io.AbstractSessionInputBuffer.readLine(AbstractSessionInputBuffer.java:191)
07-02 16:42:31.719  1057  1707 W System.err: 	at org.apache.http.impl.conn.DefaultResponseParser.parseHead(DefaultResponseParser.java:82)
07-02 16:42:31.719  1057  1707 W System.err: 	at org.apache.http.impl.io.AbstractMessageParser.parse(AbstractMessageParser.java:174)
07-02 16:42:31.719  1057  1707 W System.err: 	at org.apache.http.impl.AbstractHttpClientConnection.receiveResponseHeader(AbstractHttpClientConnection.java:180)
07-02 16:42:31.719  1057  1707 W System.err: 	at org.apache.http.impl.conn.DefaultClientConnection.receiveResponseHeader(DefaultClientConnection.java:235)
07-02 16:42:31.723  1057  1707 W System.err: 	at org.apache.http.impl.conn.AbstractClientConnAdapter.receiveResponseHeader(AbstractClientConnAdapter.java:259)
07-02 16:42:31.723  1057  1707 W System.err: 	at org.apache.http.protocol.HttpRequestExecutor.doReceiveResponse(HttpRequestExecutor.java:279)
07-02 16:42:31.723  1057  1707 W System.err: 	at org.apache.http.protocol.HttpRequestExecutor.execute(HttpRequestExecutor.java:121)
07-02 16:42:31.723  1057  1707 W System.err: 	at org.apache.http.impl.client.DefaultRequestDirector.execute(DefaultRequestDirector.java:428)
07-02 16:42:31.723  1057  1707 W System.err: 	at org.apache.http.impl.client.AbstractHttpClient.execute(AbstractHttpClient.java:555)
07-02 16:42:31.727  1057  1707 W System.err: 	at org.apache.http.impl.client.AbstractHttpClient.execute(AbstractHttpClient.java:487)
07-02 16:42:31.727  1057  1707 W System.err: 	at com.loopj.android.http.AsyncHttpRequest.makeRequest(Unknown Source)
07-02 16:42:31.727  1057  1707 W System.err: 	at com.loopj.android.http.AsyncHttpRequest.makeRequestWithRetries(Unknown Source)
07-02 16:42:31.727  1057  1707 W System.err: 	at com.loopj.android.http.AsyncHttpRequest.run(Unknown Source)
07-02 16:42:31.727  1057  1707 W System.err: 	at java.util.concurrent.Executors$RunnableAdapter.call(Executors.java:442)
07-02 16:42:31.727  1057  1707 W System.err: 	at java.util.concurrent.FutureTask$Sync.innerRun(FutureTask.java:305)
07-02 16:42:31.727  1057  1707 W System.err: 	at java.util.concurrent.FutureTask.run(FutureTask.java:137)
07-02 16:42:31.727  1057  1707 W System.err: 	at java.util.concurrent.ThreadPoolExecutor.runWorker(ThreadPoolExecutor.java:1076)
07-02 16:42:31.731  1057  1707 W System.err: 	at java.util.concurrent.ThreadPoolExecutor$Worker.run(ThreadPoolExecutor.java:569)
07-02 16:42:31.731  1057  1707 W System.err: 	at java.lang.Thread.run(Thread.java:856)
07-02 16:42:31.731  1057  1057 E PhoneLab-: Transfering 1341261499595.log failed
07-02 16:42:31.731  1057  1057 I PhoneLab-Locks: wake lock released
07-02 16:42:31.770   559   562 D dalvikvm: GC_CONCURRENT freed 210K, 9% free 11110K/12103K, paused 2ms+3ms
07-02 16:42:31.996   559   562 D dalvikvm: GC_CONCURRENT freed 629K, 9% free 11108K/12103K, paused 2ms+4ms
07-02 16:42:32.281   640   642 D dalvikvm: GC_CONCURRENT freed 969K, 10% free 10009K/11079K, paused 3ms+4ms
07-02 16:42:32.418   640   642 D dalvikvm: GC_CONCURRENT freed 213K, 8% free 10210K/11079K, paused 2ms+2ms
07-02 16:42:32.696   640   642 D dalvikvm: GC_CONCURRENT freed 185K, 7% free 10410K/11079K, paused 3ms+4ms
07-02 16:42:33.071   640   665 D dalvikvm: GC_EXPLICIT freed 268K, 7% free 10378K/11079K, paused 3ms+3ms
07-02 16:42:33.317   155   155 D dalvikvm: GC_EXPLICIT freed 360K, 11% free 12424K/13959K, paused 3ms+5ms
07-02 16:42:33.426   640   642 D dalvikvm: GC_CONCURRENT freed 367K, 7% free 10402K/11079K, paused 2ms+4ms
07-02 16:42:33.582    83   131 D AudioHardware: AudioHardware pcm playback is exiting standby.
07-02 16:42:33.582    83   131 D AudioHardware: openPcmOut_l() mPcmOpenCnt: 0
07-02 16:42:33.821  1464  1631 D dalvikvm: GC_FOR_ALLOC freed 2362K, 38% free 12099K/19399K, paused 31ms
07-02 16:42:33.922  1464  1466 D dalvikvm: GC_CONCURRENT freed 34K, 34% free 12969K/19399K, paused 2ms+12ms
07-02 16:42:34.074  1464  1507 D dalvikvm: GC_FOR_ALLOC freed 979K, 36% free 12504K/19399K, paused 25ms
07-02 16:42:34.078  1464  1507 I dalvikvm-heap: Grow heap (frag case) to 13.506MB for 1286224-byte allocation
07-02 16:42:34.114  1464  1631 D dalvikvm: GC_FOR_ALLOC freed 134K, 30% free 13625K/19399K, paused 21ms
07-02 16:42:34.227  1464  1466 D dalvikvm: GC_CONCURRENT freed 248K, 30% free 13687K/19399K, paused 2ms+6ms
07-02 16:42:34.551  1464  1466 D dalvikvm: GC_CONCURRENT freed 2498K, 35% free 12695K/19399K, paused 2ms+4ms
07-02 16:42:34.715  1464  1466 D dalvikvm: GC_CONCURRENT freed 1193K, 35% free 12717K/19399K, paused 3ms+5ms
07-02 16:42:34.785  1464  1478 D dalvikvm: GC_FOR_ALLOC freed 181K, 34% free 12912K/19399K, paused 26ms
07-02 16:42:34.871  1464  1466 D dalvikvm: GC_CONCURRENT freed 2K, 27% free 14167K/19399K, paused 2ms+8ms
07-02 16:42:35.133  1464  1466 D dalvikvm: GC_CONCURRENT freed 2766K, 33% free 13012K/19399K, paused 3ms+4ms
07-02 16:42:35.242  1464  1466 D dalvikvm: GC_CONCURRENT freed 1000K, 32% free 13339K/19399K, paused 2ms+3ms
07-02 16:42:35.317   640   642 D dalvikvm: GC_CONCURRENT freed 374K, 6% free 10415K/11079K, paused 47ms+40ms
07-02 16:42:35.356  1464  1466 D dalvikvm: GC_CONCURRENT freed 1257K, 31% free 13505K/19399K, paused 2ms+3ms
07-02 16:42:35.602   640   642 D dalvikvm: GC_CONCURRENT freed 359K, 6% free 10448K/11079K, paused 2ms+4ms
07-02 16:42:35.867   640   642 D dalvikvm: GC_CONCURRENT freed 352K, 6% free 10491K/11079K, paused 2ms+4ms
07-02 16:42:36.313   640   642 D dalvikvm: GC_CONCURRENT freed 326K, 5% free 10551K/11079K, paused 2ms+4ms
07-02 16:42:36.789   155   487 I ActivityManager: START {act=android.intent.action.MAIN cat=[android.intent.category.LAUNCHER] flg=0x10200000 cmp=com.android.vending/.AssetBrowserActivity} from pid 1464
07-02 16:42:36.879  1464  1464 D OpenGLRenderer: Flushing caches (mode 1)
07-02 16:42:37.074  1144  1146 D dalvikvm: GC_CONCURRENT freed 391K, 18% free 10094K/12167K, paused 6ms+3ms
07-02 16:42:37.180   155   204 I ActivityManager: Displayed com.android.vending/com.google.android.finsky.activities.TosActivity: +354ms
07-02 16:42:37.199  1464  1464 D OpenGLRenderer: Flushing caches (mode 0)
07-02 16:42:37.309   539   541 D dalvikvm: GC_CONCURRENT freed 391K, 7% free 9486K/10119K, paused 2ms+6ms
07-02 16:42:37.340   155   167 W InputManagerService: Starting input on non-focused client com.android.internal.view.IInputMethodClient$Stub$Proxy@4137f810 (uid=10025 pid=1464)
07-02 16:42:37.477   539  1785 D dalvikvm: GC_EXPLICIT freed 121K, 8% free 9379K/10119K, paused 10ms+2ms
07-02 16:42:37.520   640   642 D dalvikvm: GC_CONCURRENT freed 390K, 5% free 10555K/11079K, paused 2ms+8ms
07-02 16:42:37.590   737   737 I CalendarProvider2: Sending notification intent: Intent { act=android.intent.action.PROVIDER_CHANGED dat=content://com.android.calendar }
07-02 16:42:37.590   737   737 W ContentResolver: Failed to get type for: content://com.android.calendar (Unknown URL content://com.android.calendar)
07-02 16:42:39.735    83   131 D AudioHardware: AudioHardware pcm playback is going to standby.
07-02 16:42:39.735    83   131 D AudioHardware: closePcmOut_l() mPcmOpenCnt: 1
07-02 16:42:39.750   559   562 D dalvikvm: GC_CONCURRENT freed 417K, 7% free 11288K/12103K, paused 2ms+5ms
07-02 16:42:39.977   640   642 D dalvikvm: GC_CONCURRENT freed 844K, 9% free 10121K/11079K, paused 2ms+3ms
07-02 16:42:40.250   640   642 D dalvikvm: GC_CONCURRENT freed 263K, 8% free 10244K/11079K, paused 3ms+4ms
07-02 16:42:40.481   640   642 D dalvikvm: GC_CONCURRENT freed 370K, 8% free 10271K/11079K, paused 2ms+4ms
07-02 16:42:40.727   640   642 D dalvikvm: GC_CONCURRENT freed 359K, 8% free 10298K/11079K, paused 3ms+3ms
07-02 16:42:41.051   640   725 D dalvikvm: GC_FOR_ALLOC freed 330K, 7% free 10347K/11079K, paused 24ms
07-02 16:42:41.707   640   642 D dalvikvm: GC_CONCURRENT freed 363K, 7% free 10368K/11079K, paused 2ms+7ms
07-02 16:42:42.563    83   131 D AudioHardware: AudioHardware pcm playback is exiting standby.
07-02 16:42:42.563    83   131 D AudioHardware: openPcmOut_l() mPcmOpenCnt: 0
07-02 16:42:42.699   589   589 D OpenGLRenderer: Flushing caches (mode 1)
07-02 16:42:43.215   155   171 I Process : Sending signal. PID: 1144 SIG: 3
07-02 16:42:43.215  1144  1148 I dalvikvm: threadid=3: reacting to signal 3
07-02 16:42:43.520  1144  1148 E dalvikvm: Unable to open stack trace file '/data/anr/traces.txt': Is a directory
07-02 16:42:43.520  1144  1144 D OpenGLRenderer: Flushing caches (mode 0)
07-02 16:42:43.531  1144  1144 D Finsky  : [1] SelfUpdateScheduler.checkForSelfUpdate: Skipping self-update check as there is an update already queued.
07-02 16:42:43.551  1144  1144 D Finsky  : [1] MainActivity.initializeBilling: Optimistically initializing billing parameters.
07-02 16:42:43.606   589   589 D OpenGLRenderer: Flushing caches (mode 1)
07-02 16:42:43.703   155   171 I Process : Sending signal. PID: 1144 SIG: 3
07-02 16:42:43.703  1144  1148 I dalvikvm: threadid=3: reacting to signal 3
07-02 16:42:43.723  1144  1148 I dalvikvm: Wrote stack traces to '/data/anr/traces.txt'
07-02 16:42:43.778   559   562 D dalvikvm: GC_CONCURRENT freed 1037K, 10% free 10957K/12103K, paused 2ms+7ms
07-02 16:42:44.008   640   642 D dalvikvm: GC_CONCURRENT freed 652K, 9% free 10109K/11079K, paused 3ms+5ms
07-02 16:42:44.266   640   642 D dalvikvm: GC_CONCURRENT freed 276K, 8% free 10224K/11079K, paused 4ms+2ms
07-02 16:42:44.489   640   642 D dalvikvm: GC_CONCURRENT freed 361K, 8% free 10250K/11079K, paused 1ms+2ms
07-02 16:42:44.739   640   642 D dalvikvm: GC_CONCURRENT freed 359K, 8% free 10279K/11079K, paused 3ms+3ms
07-02 16:42:45.133   640   642 D dalvikvm: GC_CONCURRENT freed 343K, 7% free 10332K/11079K, paused 2ms+5ms
07-02 16:42:45.664    83   131 D AudioHardware: AudioHardware pcm playback is going to standby.
07-02 16:42:45.664    83   131 D AudioHardware: closePcmOut_l() mPcmOpenCnt: 1
07-02 16:42:47.356   559   562 D dalvikvm: GC_CONCURRENT freed 505K, 10% free 10989K/12103K, paused 2ms+4ms
07-02 16:42:47.528   640   642 D dalvikvm: GC_CONCURRENT freed 702K, 10% free 10023K/11079K, paused 5ms+4ms
07-02 16:42:47.770   640   642 D dalvikvm: GC_CONCURRENT freed 175K, 8% free 10240K/11079K, paused 2ms+3ms
07-02 16:42:47.989   640   642 D dalvikvm: GC_CONCURRENT freed 339K, 8% free 10290K/11079K, paused 2ms+3ms
07-02 16:42:48.227   640   642 D dalvikvm: GC_CONCURRENT freed 374K, 7% free 10305K/11079K, paused 3ms+8ms
07-02 16:42:48.508   640   642 D dalvikvm: GC_CONCURRENT freed 357K, 7% free 10344K/11079K, paused 2ms+2ms
07-02 16:42:48.637   155   155 D dalvikvm: GC_EXPLICIT freed 672K, 11% free 12460K/13959K, paused 3ms+11ms
07-02 16:42:48.942   640   642 D dalvikvm: GC_CONCURRENT freed 336K, 7% free 10399K/11079K, paused 1ms+3ms
07-02 16:42:50.758   559   562 D dalvikvm: GC_CONCURRENT freed 534K, 10% free 10998K/12103K, paused 3ms+3ms
07-02 16:42:50.903   640   642 D dalvikvm: GC_CONCURRENT freed 847K, 11% free 9963K/11079K, paused 2ms+3ms
07-02 16:42:51.090   640   642 D dalvikvm: GC_CONCURRENT freed 192K, 9% free 10157K/11079K, paused 1ms+2ms
07-02 16:42:51.317   640   642 D dalvikvm: GC_CONCURRENT freed 315K, 8% free 10235K/11079K, paused 1ms+2ms
07-02 16:42:51.535   640   642 D dalvikvm: GC_CONCURRENT freed 376K, 8% free 10249K/11079K, paused 2ms+4ms
07-02 16:42:51.848   640   642 D dalvikvm: GC_CONCURRENT freed 344K, 8% free 10293K/11079K, paused 2ms+2ms
07-02 16:42:52.504   640   642 D dalvikvm: GC_CONCURRENT freed 359K, 7% free 10325K/11079K, paused 2ms+4ms
07-02 16:42:53.317   559   562 D dalvikvm: GC_CONCURRENT freed 506K, 9% free 11049K/12103K, paused 7ms+3ms
07-02 16:42:53.559   640   642 D dalvikvm: GC_CONCURRENT freed 642K, 9% free 10094K/11079K, paused 2ms+6ms
07-02 16:42:53.699  1144  1146 D dalvikvm: GC_CONCURRENT freed 410K, 17% free 10195K/12167K, paused 2ms+5ms
07-02 16:42:53.840  1144  1164 D Volley  : [128] BasicNetwork.logSlowRequests: HTTP response for request=<[ ] https://android.clients.google.com/fdfe/browse?c=0 NORMAL 20> [lifetime=10259], [size=6068], [rc=200], [retryCount=0]
07-02 16:42:53.875  1144  1144 D Volley  : [1] Request.finish: 10294 ms: [ ] https://android.clients.google.com/fdfe/browse?c=0 NORMAL 20
07-02 16:42:53.914   589   589 D OpenGLRenderer: Flushing caches (mode 1)
07-02 16:42:54.020  1144  1146 D dalvikvm: GC_CONCURRENT freed 499K, 17% free 10208K/12167K, paused 2ms+4ms
07-02 16:42:54.227   455  1807 E BinaryDictionaryFileDumper: Could not copy a word list. Will not be able to use it.
07-02 16:42:54.239  1144  1146 D dalvikvm: GC_CONCURRENT freed 96K, 13% free 10623K/12167K, paused 3ms+20ms
07-02 16:42:54.270   455   457 D dalvikvm: GC_CONCURRENT freed 484K, 7% free 10477K/11207K, paused 2ms+2ms
07-02 16:42:54.305  1144  1167 D dalvikvm: GC_FOR_ALLOC freed 116K, 13% free 10677K/12167K, paused 43ms
07-02 16:42:54.360  1144  1144 D dalvikvm: GC_FOR_ALLOC freed 27K, 9% free 11188K/12167K, paused 21ms
07-02 16:42:54.364  1144  1163 D Volley  : [127] BasicNetwork.logSlowRequests: HTTP response for request=<[ ] https://android.clients.google.com/fdfe/acceptTos NORMAL 17> [lifetime=11763], [size=5], [rc=200], [retryCount=0]
07-02 16:42:54.614  1144  1168 D dalvikvm: GC_FOR_ALLOC freed 203K, 6% free 11553K/12167K, paused 49ms
07-02 16:42:54.633  1144  1144 D Volley  : [1] Request.finish: 12073 ms: [ ] https://android.clients.google.com/fdfe/acceptTos NORMAL 17
07-02 16:42:54.703  1144  1170 D dalvikvm: GC_FOR_ALLOC freed 301K, 6% free 11818K/12487K, paused 23ms
07-02 16:42:54.711  1144  1144 D Finsky  : [1] 1.onResponse: Received and stored 133 billing countries.
07-02 16:42:54.739  1144  1170 D dalvikvm: GC_FOR_ALLOC freed 211K, 6% free 11755K/12487K, paused 24ms
07-02 16:42:54.742  1144  1170 I dalvikvm-heap: Grow heap (frag case) to 12.046MB for 522256-byte allocation
07-02 16:42:54.778  1144  1168 D dalvikvm: GC_FOR_ALLOC freed 2K, 6% free 12263K/12999K, paused 22ms
07-02 16:42:55.176  1144  1167 D dalvikvm: GC_FOR_ALLOC freed 283K, 6% free 12585K/13383K, paused 32ms
07-02 16:42:55.262  1144  1169 D dalvikvm: GC_FOR_ALLOC freed 9K, 6% free 13093K/13895K, paused 26ms
07-02 16:42:55.340   640   642 D dalvikvm: GC_CONCURRENT freed 204K, 8% free 10278K/11079K, paused 10ms+4ms
07-02 16:42:55.696   640   642 D dalvikvm: GC_CONCURRENT freed 349K, 7% free 10316K/11079K, paused 2ms+7ms
07-02 16:42:55.895   640   642 D dalvikvm: GC_CONCURRENT freed 368K, 7% free 10336K/11079K, paused 2ms+2ms
07-02 16:42:56.125   640   642 D dalvikvm: GC_CONCURRENT freed 344K, 7% free 10379K/11079K, paused 2ms+4ms
07-02 16:42:56.391   640   642 D dalvikvm: GC_CONCURRENT freed 334K, 6% free 10434K/11079K, paused 2ms+3ms
07-02 16:42:57.117    83   131 D AudioHardware: AudioHardware pcm playback is exiting standby.
07-02 16:42:57.117    83   131 D AudioHardware: openPcmOut_l() mPcmOpenCnt: 0
07-02 16:42:59.219   390   392 D dalvikvm: GC_CONCURRENT freed 659K, 10% free 9684K/10759K, paused 3ms+3ms
07-02 16:42:59.422   390   392 D dalvikvm: GC_CONCURRENT freed 474K, 11% free 9677K/10759K, paused 5ms+8ms
07-02 16:42:59.793   559   562 D dalvikvm: GC_CONCURRENT freed 566K, 9% free 11052K/12103K, paused 3ms+4ms
07-02 16:42:59.930   640   642 D dalvikvm: GC_CONCURRENT freed 872K, 10% free 9975K/11079K, paused 2ms+3ms
07-02 16:43:00.051   640   642 D dalvikvm: GC_CONCURRENT freed 117K, 8% free 10243K/11079K, paused 37ms+2ms
07-02 16:43:00.219    83   131 D AudioHardware: AudioHardware pcm playback is going to standby.
07-02 16:43:00.219    83   131 D AudioHardware: closePcmOut_l() mPcmOpenCnt: 1
07-02 16:43:00.324   640   642 D dalvikvm: GC_CONCURRENT freed 287K, 7% free 10345K/11079K, paused 2ms+3ms
07-02 16:43:00.637   640   642 D dalvikvm: GC_CONCURRENT freed 356K, 7% free 10377K/11079K, paused 2ms+4ms
07-02 16:43:00.824   640   642 D dalvikvm: GC_CONCURRENT freed 388K, 7% free 10378K/11079K, paused 2ms+3ms
07-02 16:43:01.094   640   642 D dalvikvm: GC_CONCURRENT freed 361K, 7% free 10403K/11079K, paused 1ms+3ms
07-02 16:43:01.340   640   642 D dalvikvm: GC_CONCURRENT freed 329K, 6% free 10461K/11079K, paused 3ms+3ms
07-02 16:43:01.723   640   642 D dalvikvm: GC_CONCURRENT freed 331K, 6% free 10522K/11079K, paused 2ms+3ms
07-02 16:43:02.598   559   562 D dalvikvm: GC_CONCURRENT freed 579K, 9% free 11040K/12103K, paused 2ms+3ms
07-02 16:43:02.711   640   642 D dalvikvm: GC_CONCURRENT freed 873K, 9% free 10101K/11079K, paused 2ms+4ms
07-02 16:43:02.844   155   157 D dalvikvm: GC_CONCURRENT freed 732K, 11% free 12464K/13959K, paused 3ms+5ms
07-02 16:43:02.992   640   642 D dalvikvm: GC_CONCURRENT freed 226K, 8% free 10268K/11079K, paused 2ms+2ms
07-02 16:43:03.121   640  1587 D dalvikvm: GC_EXPLICIT freed 234K, 8% free 10266K/11079K, paused 2ms+3ms
07-02 16:43:03.317   155   166 D dalvikvm: GC_EXPLICIT freed 53K, 12% free 12419K/13959K, paused 3ms+5ms
07-02 16:43:03.414   640   642 D dalvikvm: GC_CONCURRENT freed 329K, 7% free 10330K/11079K, paused 1ms+3ms
07-02 16:43:03.617   640   642 D dalvikvm: GC_CONCURRENT freed 383K, 7% free 10334K/11079K, paused 2ms+3ms
07-02 16:43:03.871   640   642 D dalvikvm: GC_CONCURRENT freed 341K, 7% free 10377K/11079K, paused 2ms+4ms
07-02 16:43:04.102   640   642 D dalvikvm: GC_CONCURRENT freed 336K, 6% free 10431K/11079K, paused 1ms+3ms
07-02 16:43:05.481   155   635 I ActivityManager: START {act=android.intent.action.SEARCH flg=0x10000000 cmp=com.android.vending/.AssetBrowserActivity (has extras)} from pid 1144
07-02 16:43:05.770   589   589 D OpenGLRenderer: Flushing caches (mode 1)
07-02 16:43:05.946   390   392 D dalvikvm: GC_CONCURRENT freed 350K, 9% free 9839K/10759K, paused 3ms+6ms
07-02 16:43:07.008  1144  1163 D Volley  : [127] BasicNetwork.logSlowRequests: HTTP response for request=<[ ] https://market.android.com/suggest/SuggRequest?query=g&json=1&blob=1&blob_sz=72&hl=en&gl=US NORMAL 31> [lifetime=6525], [size=2], [rc=200], [retryCount=0]
07-02 16:43:07.016  1144  1144 D Volley  : [1] Request.finish: 6536 ms: [ ] https://market.android.com/suggest/SuggRequest?query=g&json=1&blob=1&blob_sz=72&hl=en&gl=US NORMAL 31
07-02 16:43:07.270   559   562 D dalvikvm: GC_CONCURRENT freed 548K, 9% free 11049K/12103K, paused 2ms+3ms
07-02 16:43:07.391   640   642 D dalvikvm: GC_CONCURRENT freed 831K, 10% free 10026K/11079K, paused 3ms+4ms
07-02 16:43:07.578  1144  1146 D dalvikvm: GC_CONCURRENT freed 617K, 5% free 13847K/14535K, paused 2ms+4ms
07-02 16:43:07.582  1144  1152 I dalvikvm: Jit: resizing JitTable from 4096 to 8192
07-02 16:43:08.125   640   642 D dalvikvm: GC_CONCURRENT freed 177K, 8% free 10236K/11079K, paused 67ms+3ms
07-02 16:43:08.496   640   642 D dalvikvm: GC_CONCURRENT freed 326K, 8% free 10297K/11079K, paused 2ms+3ms
07-02 16:43:08.703   640   642 D dalvikvm: GC_CONCURRENT freed 374K, 7% free 10313K/11079K, paused 2ms+3ms
07-02 16:43:08.934   640   642 D dalvikvm: GC_CONCURRENT freed 359K, 7% free 10342K/11079K, paused 12ms+3ms
07-02 16:43:09.262   640   642 D dalvikvm: GC_CONCURRENT freed 337K, 7% free 10400K/11079K, paused 2ms+2ms
07-02 16:43:09.453   640   642 D dalvikvm: GC_CONCURRENT freed 346K, 6% free 10442K/11079K, paused 2ms+3ms
07-02 16:43:09.637    83   131 D AudioHardware: AudioHardware pcm playback is exiting standby.
07-02 16:43:09.637    83   131 D AudioHardware: openPcmOut_l() mPcmOpenCnt: 0
07-02 16:43:09.758   589   589 D OpenGLRenderer: Flushing caches (mode 1)
07-02 16:43:09.879  1144  1146 D dalvikvm: GC_CONCURRENT freed 748K, 6% free 14704K/15559K, paused 2ms+5ms
07-02 16:43:10.051  1144  1144 D Finsky  : [1] DetailsDataBasedFragment.rebindViews: Page [class=DetailsFragment] loaded in [420 ms] (partial? false)
07-02 16:43:12.332   640   642 D dalvikvm: GC_CONCURRENT freed 831K, 10% free 10012K/11079K, paused 3ms+4ms
07-02 16:43:12.621   640   642 D dalvikvm: GC_CONCURRENT freed 200K, 8% free 10198K/11079K, paused 4ms+2ms
07-02 16:43:12.727    83   131 D AudioHardware: AudioHardware pcm playback is going to standby.
07-02 16:43:12.727    83   131 D AudioHardware: closePcmOut_l() mPcmOpenCnt: 1
07-02 16:43:12.778   589   589 D OpenGLRenderer: Flushing caches (mode 1)
07-02 16:43:12.871  1144  1144 D Finsky  : [1] DetailsDataBasedFragment.rebindViews: Page [class=DetailsFragment] loaded in [3237 ms] (partial? true)
07-02 16:43:12.875  1144  1144 D Volley  : [1] Request.finish: 3188 ms: [ ] https://android.clients.google.com/fdfe/details?doc=com.google.android.gm NORMAL 42
07-02 16:43:12.914   589   589 D OpenGLRenderer: Flushing caches (mode 1)
07-02 16:43:13.141  1144  1146 D dalvikvm: GC_CONCURRENT freed 1024K, 7% free 15614K/16711K, paused 3ms+10ms
07-02 16:43:13.399  1144  1169 D dalvikvm: GC_FOR_ALLOC freed 673K, 7% free 16406K/17479K, paused 40ms
07-02 16:43:13.543  1144  1170 D dalvikvm: GC_FOR_ALLOC freed 287K, 6% free 17423K/18503K, paused 37ms
07-02 16:43:14.336   640   642 D dalvikvm: GC_CONCURRENT freed 328K, 8% free 10257K/11079K, paused 2ms+3ms
07-02 16:43:14.539   640   642 D dalvikvm: GC_CONCURRENT freed 372K, 8% free 10275K/11079K, paused 2ms+3ms
07-02 16:43:14.789   640   642 D dalvikvm: GC_CONCURRENT freed 348K, 7% free 10312K/11079K, paused 2ms+4ms
07-02 16:43:15.047   155   485 I ActivityManager: START {flg=0x20010000 cmp=com.android.vending/com.google.android.finsky.activities.PurchaseDialog (has extras)} from pid 1144
07-02 16:43:15.055    83   131 D AudioHardware: AudioHardware pcm playback is exiting standby.
07-02 16:43:15.055    83   131 D AudioHardware: openPcmOut_l() mPcmOpenCnt: 0
07-02 16:43:15.242   559   562 D dalvikvm: GC_CONCURRENT freed 573K, 9% free 11046K/12103K, paused 2ms+6ms
07-02 16:43:15.250  1144  1144 D Finsky  : [1] SelfUpdateScheduler.checkForSelfUpdate: Skipping self-update check as there is an update already queued.
07-02 16:43:15.340   155   204 I ActivityManager: Displayed com.android.vending/com.google.android.finsky.activities.PurchaseDialog: +273ms
07-02 16:43:15.469  1144  1144 D OpenGLRenderer: Flushing caches (mode 0)
07-02 16:43:15.481  1144  1146 D dalvikvm: GC_CONCURRENT freed 1099K, 7% free 18407K/19591K, paused 2ms+7ms
07-02 16:43:15.598   640   642 D dalvikvm: GC_CONCURRENT freed 333K, 7% free 10365K/11079K, paused 14ms+4ms
07-02 16:43:17.031  1144  1144 D Finsky  : [1] InstallerImpl.requestInstall: Request install of com.google.android.gm v=360
07-02 16:43:17.059  1144  1144 D Finsky  : [1] InstallerImpl.kick: Installer kick com.google.android.gm - starting com.google.android.gm
07-02 16:43:17.102   589   589 D OpenGLRenderer: Flushing caches (mode 1)
07-02 16:43:17.328  1144  1144 D Finsky  : [1] DetailsDataBasedFragment.rebindViews: Page [class=DetailsFragment] loaded in [7698 ms] (partial? false)
07-02 16:43:17.629   155   171 I Process : Sending signal. PID: 1144 SIG: 3
07-02 16:43:17.629  1144  1148 I dalvikvm: threadid=3: reacting to signal 3
07-02 16:43:17.668  1144  1148 I dalvikvm: Wrote stack traces to '/data/anr/traces.txt'
07-02 16:43:17.789  1144  1144 D Finsky  : [1] DetailsDataBasedFragment.rebindViews: Page [class=DetailsFragment] loaded in [8156 ms] (partial? true)
07-02 16:43:18.024  1144  1146 D dalvikvm: GC_CONCURRENT freed 1543K, 8% free 18939K/20551K, paused 3ms+16ms
07-02 16:43:18.129   155   171 I Process : Sending signal. PID: 1144 SIG: 3
07-02 16:43:18.129  1144  1148 I dalvikvm: threadid=3: reacting to signal 3
07-02 16:43:18.172  1144  1148 I dalvikvm: Wrote stack traces to '/data/anr/traces.txt'
07-02 16:43:18.434  1144  1144 D OpenGLRenderer: Flushing caches (mode 0)
07-02 16:43:18.653   640   642 D dalvikvm: GC_CONCURRENT freed 757K, 10% free 10007K/11079K, paused 2ms+3ms
07-02 16:43:18.828   155   157 D dalvikvm: GC_CONCURRENT freed 662K, 11% free 12483K/13959K, paused 3ms+5ms
07-02 16:43:19.020   640   642 D dalvikvm: GC_CONCURRENT freed 194K, 8% free 10204K/11079K, paused 2ms+3ms
07-02 16:43:19.117   589   589 D OpenGLRenderer: Flushing caches (mode 1)
07-02 16:43:19.289   640   642 D dalvikvm: GC_CONCURRENT freed 336K, 8% free 10259K/11079K, paused 1ms+4ms
07-02 16:43:19.551   155   635 D dalvikvm: GC_EXPLICIT freed 111K, 11% free 12447K/13959K, paused 3ms+6ms
07-02 16:43:19.614   640   642 D dalvikvm: GC_CONCURRENT freed 374K, 8% free 10272K/11079K, paused 2ms+3ms
07-02 16:43:19.887    83   131 D AudioHardware: AudioHardware pcm playback is going to standby.
07-02 16:43:19.887    83   131 D AudioHardware: closePcmOut_l() mPcmOpenCnt: 1
07-02 16:43:19.949   640   642 D dalvikvm: GC_CONCURRENT freed 342K, 7% free 10317K/11079K, paused 2ms+3ms
07-02 16:43:20.250   640   642 D dalvikvm: GC_CONCURRENT freed 341K, 7% free 10361K/11079K, paused 2ms+3ms
07-02 16:43:22.539   559   562 D dalvikvm: GC_CONCURRENT freed 494K, 8% free 11139K/12103K, paused 2ms+8ms
07-02 16:43:22.770   640   642 D dalvikvm: GC_CONCURRENT freed 726K, 10% free 10057K/11079K, paused 2ms+2ms
07-02 16:43:23.000   640   642 D dalvikvm: GC_CONCURRENT freed 195K, 8% free 10255K/11079K, paused 2ms+3ms
07-02 16:43:23.223   640   642 D dalvikvm: GC_CONCURRENT freed 334K, 7% free 10309K/11079K, paused 3ms+2ms
07-02 16:43:23.379    83   131 D AudioHardware: AudioHardware pcm playback is exiting standby.
07-02 16:43:23.379    83   131 D AudioHardware: openPcmOut_l() mPcmOpenCnt: 0
07-02 16:43:23.559   455   457 D dalvikvm: GC_CONCURRENT freed 406K, 6% free 10557K/11207K, paused 2ms+4ms
07-02 16:43:23.617  1144  1163 D Volley  : [127] BasicNetwork.logSlowRequests: HTTP response for request=<[ ] https://android.clients.google.com/fdfe/delivery?doc=com.google.android.gm&ot=1&st=&vc=360 NORMAL 72> [lifetime=6539], [size=338], [rc=200], [retryCount=1]
07-02 16:43:23.789   390   390 D dalvikvm: GC_FOR_ALLOC freed 510K, 10% free 9685K/10759K, paused 43ms
07-02 16:43:23.918   390   392 D dalvikvm: GC_CONCURRENT freed 474K, 10% free 9702K/10759K, paused 2ms+9ms
07-02 16:43:24.071  1144  1144 D Finsky  : [1] DownloadImpl.setState: com.google.android.gm from null to UNQUEUED.
07-02 16:43:24.071  1144  1144 D Finsky  : [1] DownloadQueueImpl.add: Download com.google.android.gm added to DownloadQueue
07-02 16:43:24.071  1144  1144 D Finsky  : [1] DownloadImpl.setState: com.google.android.gm from UNQUEUED to QUEUED.
07-02 16:43:24.074  1144  1144 D Volley  : [1] Request.finish: 6996 ms: [ ] https://android.clients.google.com/fdfe/delivery?doc=com.google.android.gm&ot=1&st=&vc=360 NORMAL 72
07-02 16:43:24.344   640   642 D dalvikvm: GC_CONCURRENT freed 371K, 7% free 10331K/11079K, paused 3ms+3ms
07-02 16:43:24.660   640   642 D dalvikvm: GC_CONCURRENT freed 362K, 7% free 10353K/11079K, paused 2ms+4ms
07-02 16:43:25.028   640   642 D dalvikvm: GC_CONCURRENT freed 333K, 7% free 10409K/11079K, paused 2ms+3ms
07-02 16:43:26.469    83   131 D AudioHardware: AudioHardware pcm playback is going to standby.
07-02 16:43:26.469    83   131 D AudioHardware: closePcmOut_l() mPcmOpenCnt: 1
07-02 16:43:28.031   559   562 D dalvikvm: GC_CONCURRENT freed 829K, 10% free 10910K/12103K, paused 2ms+4ms
07-02 16:43:28.239   640   642 D dalvikvm: GC_CONCURRENT freed 864K, 11% free 9938K/11079K, paused 2ms+4ms
07-02 16:43:28.360   640   642 D dalvikvm: GC_CONCURRENT freed 137K, 8% free 10200K/11079K, paused 2ms+3ms
07-02 16:43:28.758   640   642 D dalvikvm: GC_CONCURRENT freed 281K, 7% free 10305K/11079K, paused 2ms+4ms
07-02 16:43:29.012   640   642 D dalvikvm: GC_CONCURRENT freed 360K, 7% free 10335K/11079K, paused 2ms+8ms
07-02 16:43:29.285   640   642 D dalvikvm: GC_CONCURRENT freed 362K, 7% free 10367K/11079K, paused 1ms+4ms
07-02 16:43:29.586   640   642 D dalvikvm: GC_CONCURRENT freed 374K, 7% free 10387K/11079K, paused 2ms+3ms
07-02 16:43:29.926   640   642 D dalvikvm: GC_CONCURRENT freed 331K, 6% free 10446K/11079K, paused 1ms+4ms
07-02 16:43:30.371   155   649 I ActivityManager: START {act=android.intent.action.SEARCH flg=0x10000000 cmp=com.android.vending/.AssetBrowserActivity (has extras)} from pid 1144
07-02 16:43:30.422    83   131 D AudioHardware: AudioHardware pcm playback is exiting standby.
07-02 16:43:30.422    83   131 D AudioHardware: openPcmOut_l() mPcmOpenCnt: 0
07-02 16:43:30.586   390   390 D dalvikvm: GC_FOR_ALLOC freed 405K, 11% free 9664K/10759K, paused 112ms
07-02 16:43:30.590   589   589 D OpenGLRenderer: Flushing caches (mode 1)
07-02 16:43:32.469   559   562 D dalvikvm: GC_CONCURRENT freed 224K, 8% free 11208K/12103K, paused 3ms+4ms
07-02 16:43:32.801   640   642 D dalvikvm: GC_CONCURRENT freed 864K, 10% free 9987K/11079K, paused 2ms+8ms
07-02 16:43:33.086   640   642 D dalvikvm: GC_CONCURRENT freed 176K, 8% free 10200K/11079K, paused 10ms+6ms
07-02 16:43:33.422   640   642 D dalvikvm: GC_CONCURRENT freed 303K, 8% free 10284K/11079K, paused 2ms+4ms
07-02 16:43:33.516    83   131 D AudioHardware: AudioHardware pcm playback is going to standby.
07-02 16:43:33.516    83   131 D AudioHardware: closePcmOut_l() mPcmOpenCnt: 1
07-02 16:43:33.672   640   642 D dalvikvm: GC_CONCURRENT freed 388K, 8% free 10286K/11079K, paused 7ms+2ms
07-02 16:43:33.965   640   642 D dalvikvm: GC_CONCURRENT freed 357K, 7% free 10318K/11079K, paused 1ms+2ms
07-02 16:43:34.250    83   131 D AudioHardware: AudioHardware pcm playback is exiting standby.
07-02 16:43:34.250    83   131 D AudioHardware: openPcmOut_l() mPcmOpenCnt: 0
07-02 16:43:34.414   589   589 D OpenGLRenderer: Flushing caches (mode 1)
07-02 16:43:34.426  1144  1146 D dalvikvm: GC_CONCURRENT freed 1452K, 8% free 19539K/21063K, paused 7ms+13ms
07-02 16:43:34.590  1144  1144 D Finsky  : [1] DetailsDataBasedFragment.rebindViews: Page [class=DetailsFragment] loaded in [331 ms] (partial? false)
07-02 16:43:34.785   640   642 D dalvikvm: GC_CONCURRENT freed 329K, 7% free 10377K/11079K, paused 87ms+4ms
07-02 16:43:35.477   589   589 D OpenGLRenderer: Flushing caches (mode 1)
07-02 16:43:35.504   589   589 D OpenGLRenderer: Flushing caches (mode 1)
07-02 16:43:35.547  1144  1144 D Finsky  : [1] DetailsDataBasedFragment.rebindViews: Page [class=DetailsFragment] loaded in [1289 ms] (partial? true)
07-02 16:43:35.848  1144  1146 D dalvikvm: GC_CONCURRENT freed 1503K, 8% free 20129K/21703K, paused 5ms+13ms
07-02 16:43:36.145  1144  1170 D dalvikvm: GC_FOR_ALLOC freed 612K, 8% free 20639K/22279K, paused 58ms
07-02 16:43:36.457  1144  1169 D dalvikvm: GC_FOR_ALLOC freed 896K, 9% free 20639K/22663K, paused 52ms
07-02 16:43:36.461  1144  1169 I dalvikvm-heap: Grow heap (frag case) to 20.722MB for 522504-byte allocation
07-02 16:43:36.543  1144  1168 D dalvikvm: GC_FOR_ALLOC freed 8K, 9% free 21141K/23175K, paused 70ms
07-02 16:43:36.614  1144  1169 D dalvikvm: GC_FOR_ALLOC freed 1K, 9% free 21139K/23175K, paused 60ms
07-02 16:43:36.614  1144  1169 I dalvikvm-heap: Grow heap (frag case) to 21.207MB for 518416-byte allocation
07-02 16:43:36.680  1144  1144 D dalvikvm: GC_FOR_ALLOC freed <1K, 9% free 21645K/23687K, paused 55ms
07-02 16:43:37.125   155   635 I ActivityManager: START {flg=0x20010000 cmp=com.android.vending/com.google.android.finsky.activities.PurchaseDialog (has extras)} from pid 1144
07-02 16:43:37.285   155   157 D dalvikvm: GC_CONCURRENT freed 681K, 11% free 12524K/13959K, paused 3ms+6ms
07-02 16:43:37.360   155   155 D dalvikvm: GC_EXPLICIT freed 86K, 11% free 12438K/13959K, paused 3ms+5ms
07-02 16:43:37.426  1144  1144 D Finsky  : [1] SelfUpdateScheduler.checkForSelfUpdate: Skipping self-update check as there is an update already queued.
07-02 16:43:37.500   155   204 I ActivityManager: Displayed com.android.vending/com.google.android.finsky.activities.PurchaseDialog: +322ms
07-02 16:43:37.563  1144  1144 D OpenGLRenderer: Flushing caches (mode 0)
07-02 16:43:38.598  1144  1152 I dalvikvm: Jit: resizing JitTable from 8192 to 16384
07-02 16:43:39.614   559   562 D dalvikvm: GC_CONCURRENT freed 901K, 10% free 10936K/12103K, paused 2ms+3ms
07-02 16:43:39.731   640   642 D dalvikvm: GC_CONCURRENT freed 852K, 11% free 9912K/11079K, paused 2ms+4ms
07-02 16:43:39.793  1144  1144 D Finsky  : [1] InstallerImpl.requestInstall: Request install of com.google.android.apps.maps v=609001402
07-02 16:43:39.793  1144  1144 D Finsky  : [1] InstallerImpl.kick: Installer kick com.google.android.apps.maps - no action because busy.
07-02 16:43:40.090  1144  1146 D dalvikvm: GC_CONCURRENT freed 2349K, 11% free 21394K/23815K, paused 7ms+13ms
07-02 16:43:40.102  1144  1144 D Finsky  : [1] DetailsDataBasedFragment.rebindViews: Page [class=DetailsFragment] loaded in [5844 ms] (partial? false)
07-02 16:43:40.321   155   171 I Process : Sending signal. PID: 1144 SIG: 3
07-02 16:43:40.321  1144  1148 I dalvikvm: threadid=3: reacting to signal 3
07-02 16:43:40.360  1144  1148 I dalvikvm: Wrote stack traces to '/data/anr/traces.txt'
07-02 16:43:40.449  1144  1144 D Finsky  : [1] DetailsDataBasedFragment.rebindViews: Page [class=DetailsFragment] loaded in [6193 ms] (partial? true)
07-02 16:43:40.574  1144  1146 D dalvikvm: GC_CONCURRENT freed 2203K, 11% free 21249K/23815K, paused 2ms+12ms
07-02 16:43:40.727   640   642 D dalvikvm: GC_CONCURRENT freed 163K, 9% free 10159K/11079K, paused 2ms+115ms
07-02 16:43:41.020  1144  1144 D OpenGLRenderer: Flushing caches (mode 0)
07-02 16:43:41.438   640   642 D dalvikvm: GC_CONCURRENT freed 274K, 8% free 10275K/11079K, paused 2ms+3ms
07-02 16:43:41.707   640   664 D dalvikvm: GC_EXPLICIT freed 340K, 8% free 10295K/11079K, paused 3ms+3ms
07-02 16:43:41.906   640   642 D dalvikvm: GC_CONCURRENT freed 359K, 7% free 10323K/11079K, paused 1ms+3ms
07-02 16:43:42.258   640   642 D dalvikvm: GC_CONCURRENT freed 336K, 7% free 10372K/11079K, paused 2ms+4ms
07-02 16:43:42.867    83   131 D AudioHardware: AudioHardware pcm playback is going to standby.
07-02 16:43:42.867    83   131 D AudioHardware: closePcmOut_l() mPcmOpenCnt: 1
07-02 16:43:42.961   640   642 D dalvikvm: GC_CONCURRENT freed 374K, 7% free 10383K/11079K, paused 6ms+3ms
07-02 16:43:43.203    83   131 D AudioHardware: AudioHardware pcm playback is exiting standby.
07-02 16:43:43.203    83   131 D AudioHardware: openPcmOut_l() mPcmOpenCnt: 0
07-02 16:43:43.582   390   392 D dalvikvm: GC_CONCURRENT freed 222K, 9% free 9847K/10759K, paused 3ms+5ms
07-02 16:43:43.723   390   392 D dalvikvm: GC_CONCURRENT freed 545K, 10% free 9742K/10759K, paused 2ms+5ms
07-02 16:43:44.133  1144  1146 D dalvikvm: GC_CONCURRENT freed 1102K, 8% free 22075K/23815K, paused 5ms+16ms
07-02 16:43:44.528   559   562 D dalvikvm: GC_CONCURRENT freed 537K, 10% free 10922K/12103K, paused 2ms+3ms
07-02 16:43:44.762   640   642 D dalvikvm: GC_CONCURRENT freed 673K, 9% free 10114K/11079K, paused 2ms+3ms
07-02 16:43:45.028   640   642 D dalvikvm: GC_CONCURRENT freed 234K, 8% free 10274K/11079K, paused 2ms+6ms
07-02 16:43:45.313   640   642 D dalvikvm: GC_CONCURRENT freed 362K, 8% free 10299K/11079K, paused 2ms+4ms
07-02 16:43:45.567   640   642 D dalvikvm: GC_CONCURRENT freed 354K, 7% free 10339K/11079K, paused 1ms+3ms
07-02 16:43:45.852   640   642 D dalvikvm: GC_CONCURRENT freed 360K, 7% free 10369K/11079K, paused 2ms+2ms
07-02 16:43:46.160   640   642 D dalvikvm: GC_CONCURRENT freed 333K, 6% free 10432K/11079K, paused 3ms+3ms
07-02 16:43:46.293    83   131 D AudioHardware: AudioHardware pcm playback is going to standby.
07-02 16:43:46.293    83   131 D AudioHardware: closePcmOut_l() mPcmOpenCnt: 1
07-02 16:43:48.805   559   562 D dalvikvm: GC_CONCURRENT freed 528K, 10% free 10918K/12103K, paused 2ms+8ms
07-02 16:43:49.016   640   642 D dalvikvm: GC_CONCURRENT freed 839K, 10% free 9987K/11079K, paused 1ms+8ms
07-02 16:43:49.235   640   642 D dalvikvm: GC_CONCURRENT freed 180K, 8% free 10199K/11079K, paused 2ms+2ms
07-02 16:43:49.489   640   642 D dalvikvm: GC_CONCURRENT freed 325K, 8% free 10261K/11079K, paused 8ms+3ms
07-02 16:43:49.754   640   642 D dalvikvm: GC_CONCURRENT freed 385K, 8% free 10267K/11079K, paused 2ms+4ms
07-02 16:43:50.090   640   642 D dalvikvm: GC_CONCURRENT freed 362K, 8% free 10292K/11079K, paused 18ms+3ms
07-02 16:43:50.531   640   642 D dalvikvm: GC_CONCURRENT freed 321K, 7% free 10356K/11079K, paused 5ms+5ms
07-02 16:43:52.989   155   507 I ActivityManager: START {act=android.intent.action.SEARCH flg=0x10000000 cmp=com.android.vending/.AssetBrowserActivity (has extras)} from pid 1144
07-02 16:43:53.047    83   131 D AudioHardware: AudioHardware pcm playback is exiting standby.
07-02 16:43:53.047    83   131 D AudioHardware: openPcmOut_l() mPcmOpenCnt: 0
07-02 16:43:53.145   589   589 D OpenGLRenderer: Flushing caches (mode 1)
07-02 16:43:53.239   390   392 D dalvikvm: GC_CONCURRENT freed 444K, 10% free 9783K/10759K, paused 2ms+5ms
07-02 16:43:54.059   559   562 D dalvikvm: GC_CONCURRENT freed 508K, 10% free 10924K/12103K, paused 4ms+4ms
07-02 16:43:54.328   640   642 D dalvikvm: GC_CONCURRENT freed 787K, 11% free 9962K/11079K, paused 2ms+2ms
07-02 16:43:54.500   640   642 D dalvikvm: GC_CONCURRENT freed 160K, 9% free 10187K/11079K, paused 2ms+3ms
07-02 16:43:54.707   640   642 D dalvikvm: GC_CONCURRENT freed 329K, 8% free 10246K/11079K, paused 2ms+3ms
07-02 16:43:54.856   155   167 D dalvikvm: GC_EXPLICIT freed 658K, 11% free 12507K/13959K, paused 3ms+14ms
07-02 16:43:55.086   589   589 D OpenGLRenderer: Flushing caches (mode 1)
07-02 16:43:55.317  1144  1146 D dalvikvm: GC_CONCURRENT freed 2233K, 10% free 21895K/24199K, paused 3ms+14ms
07-02 16:43:55.317  1144  1144 D Finsky  : [1] DetailsDataBasedFragment.rebindViews: Page [class=DetailsFragment] loaded in [246 ms] (partial? false)
07-02 16:43:55.614   640   642 D dalvikvm: GC_CONCURRENT freed 355K, 8% free 10279K/11079K, paused 3ms+3ms
07-02 16:43:56.153   589   589 D OpenGLRenderer: Flushing caches (mode 1)
07-02 16:43:56.239  1144  1144 D Finsky  : [1] DetailsDataBasedFragment.rebindViews: Page [class=DetailsFragment] loaded in [1220 ms] (partial? true)
07-02 16:43:56.278   589   589 D dalvikvm: GC_EXPLICIT freed 290K, 9% free 9720K/10567K, paused 2ms+10ms
07-02 16:43:56.371   589   589 D OpenGLRenderer: Flushing caches (mode 1)
07-02 16:43:56.473  1144  1164 D dalvikvm: GC_FOR_ALLOC freed 1085K, 7% free 22541K/24199K, paused 75ms
07-02 16:43:56.606   640   642 D dalvikvm: GC_CONCURRENT freed 372K, 8% free 10297K/11079K, paused 4ms+22ms
07-02 16:43:56.692  1144  1169 D dalvikvm: GC_FOR_ALLOC freed 352K, 7% free 23036K/24583K, paused 79ms
07-02 16:43:56.934  1144  1170 D dalvikvm: GC_FOR_ALLOC freed 686K, 8% free 22854K/24775K, paused 71ms
07-02 16:43:57.110   155   167 I ActivityManager: START {flg=0x20010000 cmp=com.android.vending/com.google.android.finsky.activities.PurchaseDialog (has extras)} from pid 1144
07-02 16:43:57.406  1144  1144 D Finsky  : [1] SelfUpdateScheduler.checkForSelfUpdate: Skipping self-update check as there is an update already queued.
07-02 16:43:57.489   155   204 I ActivityManager: Displayed com.android.vending/com.google.android.finsky.activities.PurchaseDialog: +241ms
07-02 16:43:57.508  1144  1144 D OpenGLRenderer: Flushing caches (mode 0)
07-02 16:43:57.824  1144  1146 D dalvikvm: GC_CONCURRENT freed 1787K, 8% free 23172K/25031K, paused 2ms+15ms
07-02 16:43:58.274   640   642 D dalvikvm: GC_CONCURRENT freed 331K, 7% free 10352K/11079K, paused 2ms+3ms
07-02 16:43:58.856  1144  1144 D Finsky  : [1] InstallerImpl.requestInstall: Request install of com.google.android.apps.docs v=1010106
07-02 16:43:58.860  1144  1144 D Finsky  : [1] InstallerImpl.kick: Installer kick com.google.android.apps.docs - no action because busy.
07-02 16:43:59.086  1144  1144 D Finsky  : [1] DetailsDataBasedFragment.rebindViews: Page [class=DetailsFragment] loaded in [4066 ms] (partial? false)
07-02 16:43:59.344  1144  1144 D Finsky  : [1] DetailsDataBasedFragment.rebindViews: Page [class=DetailsFragment] loaded in [4324 ms] (partial? true)
07-02 16:43:59.680  1144  1146 D dalvikvm: GC_CONCURRENT freed 1609K, 7% free 23676K/25351K, paused 2ms+19ms
07-02 16:43:59.856  1144  1144 D OpenGLRenderer: Flushing caches (mode 0)
07-02 16:44:01.778   155   171 I Process : Sending signal. PID: 1144 SIG: 3
07-02 16:44:01.778  1144  1148 I dalvikvm: threadid=3: reacting to signal 3
07-02 16:44:01.891  1144  1148 I dalvikvm: Wrote stack traces to '/data/anr/traces.txt'
07-02 16:44:01.926    83   131 D AudioHardware: AudioHardware pcm playback is going to standby.
07-02 16:44:01.926    83   131 D AudioHardware: closePcmOut_l() mPcmOpenCnt: 1
07-02 16:44:02.078   559   562 D dalvikvm: GC_CONCURRENT freed 530K, 10% free 10922K/12103K, paused 22ms+6ms
07-02 16:44:02.293   640   642 D dalvikvm: GC_CONCURRENT freed 765K, 10% free 9995K/11079K, paused 2ms+2ms
07-02 16:44:02.508   640   642 D dalvikvm: GC_CONCURRENT freed 182K, 8% free 10211K/11079K, paused 3ms+3ms
07-02 16:44:02.813   640   642 D dalvikvm: GC_CONCURRENT freed 340K, 8% free 10258K/11079K, paused 2ms+4ms
07-02 16:44:03.039   640   642 D dalvikvm: GC_CONCURRENT freed 361K, 8% free 10288K/11079K, paused 2ms+3ms
07-02 16:44:03.356   640   642 D dalvikvm: GC_CONCURRENT freed 345K, 7% free 10335K/11079K, paused 2ms+3ms
07-02 16:44:03.996   640   642 D dalvikvm: GC_CONCURRENT freed 358K, 7% free 10360K/11079K, paused 2ms+3ms
07-02 16:44:04.824   559   562 D dalvikvm: GC_CONCURRENT freed 292K, 8% free 11180K/12103K, paused 3ms+3ms
07-02 16:44:05.004   559  1774 D dalvikvm: GC_EXPLICIT freed 481K, 9% free 11034K/12103K, paused 2ms+5ms
07-02 16:44:05.121   640   642 D dalvikvm: GC_CONCURRENT freed 680K, 10% free 10078K/11079K, paused 3ms+2ms
07-02 16:44:05.360   640   642 D dalvikvm: GC_CONCURRENT freed 222K, 8% free 10249K/11079K, paused 3ms+2ms
07-02 16:44:05.594   640   642 D dalvikvm: GC_CONCURRENT freed 354K, 8% free 10284K/11079K, paused 2ms+3ms
07-02 16:44:05.883   155   167 W InputManagerService: Window already focused, ignoring focus gain of: com.android.internal.view.IInputMethodClient$Stub$Proxy@415a09d0
07-02 16:44:05.938   640   642 D dalvikvm: GC_CONCURRENT freed 361K, 7% free 10312K/11079K, paused 4ms+3ms
07-02 16:44:06.278   640   642 D dalvikvm: GC_CONCURRENT freed 344K, 7% free 10364K/11079K, paused 2ms+3ms
07-02 16:44:06.930   640   642 D dalvikvm: GC_CONCURRENT freed 360K, 7% free 10388K/11079K, paused 2ms+3ms
07-02 16:44:10.207   559   562 D dalvikvm: GC_CONCURRENT freed 576K, 10% free 11001K/12103K, paused 2ms+3ms
07-02 16:44:10.328   640   642 D dalvikvm: GC_CONCURRENT freed 699K, 9% free 10084K/11079K, paused 2ms+2ms
07-02 16:44:10.559   640   642 D dalvikvm: GC_CONCURRENT freed 152K, 7% free 10322K/11079K, paused 2ms+3ms
07-02 16:44:10.781   640   642 D dalvikvm: GC_CONCURRENT freed 344K, 7% free 10367K/11079K, paused 2ms+3ms
07-02 16:44:11.012   640   642 D dalvikvm: GC_CONCURRENT freed 348K, 7% free 10406K/11079K, paused 1ms+3ms
07-02 16:44:11.235   640   642 D dalvikvm: GC_CONCURRENT freed 371K, 6% free 10426K/11079K, paused 2ms+3ms
07-02 16:44:11.528   640   642 D dalvikvm: GC_CONCURRENT freed 360K, 6% free 10462K/11079K, paused 2ms+4ms
07-02 16:44:11.735   640   642 D dalvikvm: GC_CONCURRENT freed 338K, 6% free 10515K/11079K, paused 1ms+3ms
07-02 16:44:12.047    83   131 D AudioHardware: AudioHardware pcm playback is exiting standby.
07-02 16:44:12.047    83   131 D AudioHardware: openPcmOut_l() mPcmOpenCnt: 0
07-02 16:44:13.910   640   642 D dalvikvm: GC_CONCURRENT freed 985K, 10% free 9973K/11079K, paused 2ms+6ms
07-02 16:44:14.043   640   642 D dalvikvm: GC_CONCURRENT freed 209K, 9% free 10161K/11079K, paused 2ms+2ms
07-02 16:44:14.317   155   635 D dalvikvm: GC_EXPLICIT freed 766K, 11% free 12480K/13959K, paused 3ms+5ms
07-02 16:44:14.403   640   642 D dalvikvm: GC_CONCURRENT freed 237K, 7% free 10315K/11079K, paused 2ms+2ms
07-02 16:44:14.625   640   642 D dalvikvm: GC_CONCURRENT freed 373K, 7% free 10331K/11079K, paused 3ms+3ms
07-02 16:44:14.821   640  1588 D dalvikvm: GC_EXPLICIT freed 329K, 7% free 10345K/11079K, paused 2ms+3ms
07-02 16:44:15.094   640   642 D dalvikvm: GC_CONCURRENT freed 341K, 7% free 10391K/11079K, paused 2ms+8ms
07-02 16:44:15.137    83   131 D AudioHardware: AudioHardware pcm playback is going to standby.
07-02 16:44:15.137    83   131 D AudioHardware: closePcmOut_l() mPcmOpenCnt: 1
07-02 16:44:15.434   640   642 D dalvikvm: GC_CONCURRENT freed 335K, 6% free 10446K/11079K, paused 6ms+3ms
07-02 16:44:15.496    83   131 D AudioHardware: AudioHardware pcm playback is exiting standby.
07-02 16:44:15.496    83   131 D AudioHardware: openPcmOut_l() mPcmOpenCnt: 0
07-02 16:44:15.516   155   647 W InputManagerService: Window already focused, ignoring focus gain of: com.android.internal.view.IInputMethodClient$Stub$Proxy@415c17c8
07-02 16:44:18.043  1144  1144 D dalvikvm: GC_EXPLICIT freed 365K, 8% free 23499K/25351K, paused 595ms+19ms
07-02 16:44:18.379   390   392 D dalvikvm: GC_CONCURRENT freed 453K, 9% free 9835K/10759K, paused 2ms+4ms
07-02 16:44:18.539   390   390 D dalvikvm: GC_FOR_ALLOC freed 503K, 11% free 9666K/10759K, paused 29ms
07-02 16:44:18.840  1144  1144 D Finsky  : [1] DownloadQueueImpl.notifyProgress: self-update-download: onProgress 1851789/4000309 Status: 192.
07-02 16:44:18.891   539  1860 I DownloadManager: Initiating request for download 2
07-02 16:44:18.922   559   562 D dalvikvm: GC_CONCURRENT freed 573K, 9% free 11023K/12103K, paused 3ms+4ms
07-02 16:44:19.278   640   642 D dalvikvm: GC_CONCURRENT freed 901K, 11% free 9955K/11079K, paused 2ms+4ms
07-02 16:44:19.414   640   642 D dalvikvm: GC_CONCURRENT freed 123K, 8% free 10218K/11079K, paused 2ms+10ms
07-02 16:44:19.528  1057  1299 I PhoneLab-: Service Running
07-02 16:44:19.653  1057  1059 D dalvikvm: GC_CONCURRENT freed 897K, 18% free 9161K/11143K, paused 2ms+6ms
07-02 16:44:19.668  1057  1299 I PhoneLab-LoggerService: app_36    1303  1057  1800   1428  c00f181c 400107b4 S logcat
07-02 16:44:19.668  1057  1299 I PhoneLab-LoggerService: Logcat pid from database 1303
07-02 16:44:19.668  1057  1299 I PhoneLab-LoggerService: Logcat process found 1303
07-02 16:44:19.668  1057  1299 I PhoneLab-LoggerService: Checking Threshold
07-02 16:44:19.676  1057  1299 I PhoneLab-LoggerService: Starting to rename files
07-02 16:44:19.676  1057  1299 I PhoneLab-LoggerService: Files found .. 2
07-02 16:44:20.149   640   642 D dalvikvm: GC_CONCURRENT freed 276K, 7% free 10336K/11079K, paused 4ms+4ms
07-02 16:44:20.332    83   131 D AudioHardware: AudioHardware pcm playback is going to standby.
07-02 16:44:20.332    83   131 D AudioHardware: closePcmOut_l() mPcmOpenCnt: 1
07-02 16:44:20.360   640   642 D dalvikvm: GC_CONCURRENT freed 356K, 7% free 10371K/11079K, paused 7ms+3ms
07-02 16:44:20.590   640   642 D dalvikvm: GC_CONCURRENT freed 366K, 7% free 10398K/11079K, paused 2ms+7ms
07-02 16:44:20.852   640   642 D dalvikvm: GC_CONCURRENT freed 348K, 6% free 10438K/11079K, paused 3ms+3ms
07-02 16:44:21.239   640   642 D dalvikvm: GC_CONCURRENT freed 336K, 6% free 10490K/11079K, paused 4ms+4ms
07-02 16:44:21.364   155   507 I ActivityManager: START {act=android.intent.action.SEARCH flg=0x10000000 cmp=com.android.vending/.AssetBrowserActivity (has extras)} from pid 1144
07-02 16:44:21.410    83   131 D AudioHardware: AudioHardware pcm playback is exiting standby.
07-02 16:44:21.410    83   131 D AudioHardware: openPcmOut_l() mPcmOpenCnt: 0
07-02 16:44:21.535   589   589 D OpenGLRenderer: Flushing caches (mode 1)
07-02 16:44:21.574   390   390 D dalvikvm: GC_FOR_ALLOC freed 370K, 11% free 9661K/10759K, paused 42ms
07-02 16:44:22.168   455   457 D dalvikvm: GC_CONCURRENT freed 453K, 7% free 10504K/11207K, paused 2ms+2ms
07-02 16:44:23.254   455   457 D dalvikvm: GC_CONCURRENT freed 142K, 3% free 10874K/11207K, paused 2ms+5ms
07-02 16:44:23.473   455   457 D dalvikvm: GC_CONCURRENT freed 226K, 3% free 11291K/11591K, paused 2ms+10ms
07-02 16:44:23.598   559   562 D dalvikvm: GC_CONCURRENT freed 885K, 12% free 10696K/12103K, paused 46ms+4ms
07-02 16:44:23.774   589   589 D OpenGLRenderer: Flushing caches (mode 1)
07-02 16:44:23.891  1144  1144 D Finsky  : [1] DetailsDataBasedFragment.rebindViews: Page [class=DetailsFragment] loaded in [201 ms] (partial? false)
07-02 16:44:24.145   640   642 D dalvikvm: GC_CONCURRENT freed 848K, 10% free 10055K/11079K, paused 6ms+4ms
07-02 16:44:24.356   640   642 D dalvikvm: GC_CONCURRENT freed 166K, 8% free 10279K/11079K, paused 3ms+3ms
07-02 16:44:24.586   640   642 D dalvikvm: GC_CONCURRENT freed 315K, 7% free 10355K/11079K, paused 2ms+4ms
07-02 16:44:24.840   640   642 D dalvikvm: GC_CONCURRENT freed 372K, 7% free 10376K/11079K, paused 6ms+4ms
07-02 16:44:25.000  1144  1144 D Volley  : [1] Request.finish: 3016 ms: [ ] http://lh4.ggpht.com/-rzKGB_R9nciUdkB_unYij2B4hBStSAo9oxRMdceX_6DIN1OzJfJbMWPOT1YG1LXq0A=w60 LOW 180
07-02 16:44:25.160  1144  1144 D Volley  : [1] Request.finish: 3162 ms: [ ] http://lh5.ggpht.com/gBQot4mWVV1p6Um-9KFgKrrhKWnhQ5jvIO4owyClBfQuYL8p1RewL4jnn-2KYPJSlBY=w60 LOW 181
07-02 16:44:25.403  1144  1146 D dalvikvm: GC_CONCURRENT freed 1803K, 8% free 23790K/25671K, paused 3ms+23ms
07-02 16:44:25.477   155   491 I ActivityManager: START {flg=0x20010000 cmp=com.android.vending/com.google.android.finsky.activities.PurchaseDialog (has extras)} from pid 1144
07-02 16:44:25.512  1144  1163 D Volley  : [127] BasicNetwork.logSlowRequests: HTTP response for request=<[ ] https://market.android.com/suggest/SuggRequest?query=usaa%20mobile&json=1&blob=1&blob_sz=72&hl=en&gl=US NORMAL 182> [lifetime=3444], [size=97], [rc=200], [retryCount=1]
07-02 16:44:25.676   589   589 D OpenGLRenderer: Flushing caches (mode 1)
07-02 16:44:25.762  1144  1144 D Finsky  : [1] DetailsDataBasedFragment.rebindViews: Page [class=DetailsFragment] loaded in [2068 ms] (partial? true)
07-02 16:44:25.805   589   589 D OpenGLRenderer: Flushing caches (mode 1)
07-02 16:44:25.848  1144  1144 D Volley  : [1] Request.finish: 3782 ms: [ ] https://market.android.com/suggest/SuggRequest?query=usaa%20mobile&json=1&blob=1&blob_sz=72&hl=en&gl=US NORMAL 182
07-02 16:44:25.903   640   642 D dalvikvm: GC_CONCURRENT freed 373K, 7% free 10387K/11079K, paused 81ms+11ms
07-02 16:44:26.004   155   553 D dalvikvm: GC_EXPLICIT freed 645K, 11% free 12486K/13959K, paused 3ms+6ms
07-02 16:44:26.199  1144  1144 D Finsky  : [1] SelfUpdateScheduler.checkForSelfUpdate: Skipping self-update check as there is an update already queued.
07-02 16:44:26.262   155   171 I Process : Sending signal. PID: 1144 SIG: 3
07-02 16:44:26.266  1144  1148 I dalvikvm: threadid=3: reacting to signal 3
07-02 16:44:26.301  1144  1148 I dalvikvm: Wrote stack traces to '/data/anr/traces.txt'
07-02 16:44:26.305   155   204 I ActivityManager: Displayed com.android.vending/com.google.android.finsky.activities.PurchaseDialog: +544ms
07-02 16:44:26.364  1144  1144 D OpenGLRenderer: Flushing caches (mode 0)
07-02 16:44:26.715  1144  1146 D dalvikvm: GC_CONCURRENT freed 1320K, 6% free 24484K/25927K, paused 3ms+22ms
07-02 16:44:27.020   640   642 D dalvikvm: GC_CONCURRENT freed 329K, 6% free 10450K/11079K, paused 3ms+3ms
07-02 16:44:27.551   640   642 D dalvikvm: GC_CONCURRENT freed 360K, 6% free 10478K/11079K, paused 2ms+3ms
07-02 16:44:27.703   589   589 D OpenGLRenderer: Flushing caches (mode 1)
07-02 16:44:27.762  1144  1144 D Finsky  : [1] InstallerImpl.requestInstall: Request install of com.usaa.mobile.android.usaa v=31
07-02 16:44:27.762  1144  1144 D Finsky  : [1] InstallerImpl.kick: Installer kick com.usaa.mobile.android.usaa - no action because busy.
07-02 16:44:27.766   589   589 D OpenGLRenderer: Flushing caches (mode 1)
07-02 16:44:27.973  1144  1144 D Finsky  : [1] DetailsDataBasedFragment.rebindViews: Page [class=DetailsFragment] loaded in [4284 ms] (partial? false)
07-02 16:44:28.211  1144  1144 D Finsky  : [1] DetailsDataBasedFragment.rebindViews: Page [class=DetailsFragment] loaded in [4521 ms] (partial? true)
07-02 16:44:28.289   155   171 I Process : Sending signal. PID: 1144 SIG: 3
07-02 16:44:28.289  1144  1148 I dalvikvm: threadid=3: reacting to signal 3
07-02 16:44:28.313  1144  1148 I dalvikvm: Wrote stack traces to '/data/anr/traces.txt'
07-02 16:44:28.524  1144  1144 D OpenGLRenderer: Flushing caches (mode 0)
07-02 16:44:28.676  1144  1166 D dalvikvm: GC_FOR_ALLOC freed 1526K, 7% free 24868K/26503K, paused 120ms
07-02 16:44:30.844    83   131 D AudioHardware: AudioHardware pcm playback is going to standby.
07-02 16:44:30.844    83   131 D AudioHardware: closePcmOut_l() mPcmOpenCnt: 1
07-02 16:44:31.129   559   562 D dalvikvm: GC_CONCURRENT freed 530K, 13% free 10614K/12103K, paused 3ms+4ms
07-02 16:44:31.168  1144  1167 D Volley  : [131] BasicNetwork.logSlowRequests: HTTP response for request=<[ ] http://lh3.ggpht.com/5YJ4e5Av4q3L9dWqOSEhd7pfQd50MSFz4dvbbPWF9s6ZxZ6uFRLnI79slMc8aJMngw=w60 LOW 177> [lifetime=9227], [size=7688], [rc=200], [retryCount=1]
07-02 16:44:31.196  1144  1144 D Volley  : [1] Request.finish: 9270 ms: [ ] http://lh3.ggpht.com/5YJ4e5Av4q3L9dWqOSEhd7pfQd50MSFz4dvbbPWF9s6ZxZ6uFRLnI79slMc8aJMngw=w60 LOW 177
07-02 16:44:31.223  1144  1144 D Volley  : [1] Request.finish: 5197 ms: [ ] http://lh3.ggpht.com/ffm6TZGwAut69WSUzyIzywWnaMSnhGo15a7T0F-34kV_pGQSE2mhBY8U6xL0Fx0WeA=w60 LOW 196
07-02 16:44:31.235  1144  1169 D Volley  : [133] BasicNetwork.logSlowRequests: HTTP response for request=<[ ] http://lh6.ggpht.com/c4YVpenKPXKdsg5-fjKfEG2fG2Oqvw_ibsBecdDX4z5RzmXmwwgZE7IHabBD1vjH5JE=h270 LOW 190> [lifetime=5492], [size=13271], [rc=200], [retryCount=1]
07-02 16:44:31.270  1144  1166 D Volley  : [130] Request.finish: 3300 ms: [X] http://lh6.ggpht.com/c4YVpenKPXKdsg5-fjKfEG2fG2Oqvw_ibsBecdDX4z5RzmXmwwgZE7IHabBD1vjH5JE=h270 LOW 209
07-02 16:44:31.270  1144  1144 D Volley  : [1] Request.finish: 5528 ms: [ ] http://lh6.ggpht.com/c4YVpenKPXKdsg5-fjKfEG2fG2Oqvw_ibsBecdDX4z5RzmXmwwgZE7IHabBD1vjH5JE=h270 LOW 190
07-02 16:44:31.387  1144  1166 D dalvikvm: GC_FOR_ALLOC freed 944K, 8% free 24842K/26887K, paused 105ms
07-02 16:44:31.395  1144  1170 D Volley  : [134] BasicNetwork.logSlowRequests: HTTP response for request=<[ ] http://lh5.ggpht.com/1IVbfgui58_uLSFDMThkrTnG_H_cY0JVRpAyL9R03KSS9D1fhMPTMEna0mHQao4xxxQ=h270 LOW 191> [lifetime=5649], [size=13043], [rc=200], [retryCount=1]
07-02 16:44:31.543  1144  1170 D dalvikvm: GC_FOR_ALLOC freed 721K, 9% free 24578K/26887K, paused 88ms
07-02 16:44:31.567  1144  1144 D Volley  : [1] Request.finish: 3366 ms: [ ] http://lh6.ggpht.com/c4YVpenKPXKdsg5-fjKfEG2fG2Oqvw_ibsBecdDX4z5RzmXmwwgZE7IHabBD1vjH5JE=h270 LOW 218
07-02 16:44:31.598  1144  1144 D Volley  : [1] Request.finish: 5554 ms: [ ] http://lh4.ggpht.com/1FRy4cMiMxA4IXROI_NCabGG6rfA3sBlBQ2N8NLrm1L1NrjEZPHBiNJ-QnUV0LLg3oc=w60 LOW 198
07-02 16:44:31.602  1144  1144 D Volley  : [1] Request.finish: 5552 ms: [ ] http://lh4.ggpht.com/Mf_K6R8pKsYlV1dfxWRnyNJTQcLt9-T4Wwyk1YZ9H3W5jpRIOIh8zc5ZPCaTLFwfoQ=w60 LOW 199
07-02 16:44:31.610  1144  1144 D Volley  : [1] Request.finish: 5573 ms: [ ] http://lh6.ggpht.com/QComgTo47h1orWbQFpCJ6IYkmcC-MAlMZ_IeaC2ePJ4wF5DOPoJEeiXGnTPR4EZ21Rk=w60 LOW 197
07-02 16:44:31.614  1144  1166 D Volley  : [130] Request.finish: 3643 ms: [X] http://lh5.ggpht.com/1IVbfgui58_uLSFDMThkrTnG_H_cY0JVRpAyL9R03KSS9D1fhMPTMEna0mHQao4xxxQ=h270 LOW 210
07-02 16:44:31.707  1144  1166 D dalvikvm: GC_FOR_ALLOC freed 446K, 9% free 24652K/26887K, paused 80ms
07-02 16:44:31.707  1144  1144 D Volley  : [1] Request.finish: 5966 ms: [ ] http://lh5.ggpht.com/1IVbfgui58_uLSFDMThkrTnG_H_cY0JVRpAyL9R03KSS9D1fhMPTMEna0mHQao4xxxQ=h270 LOW 191
07-02 16:44:31.750  1144  1144 D Volley  : [1] Request.finish: 3547 ms: [ ] http://lh5.ggpht.com/1IVbfgui58_uLSFDMThkrTnG_H_cY0JVRpAyL9R03KSS9D1fhMPTMEna0mHQao4xxxQ=h270 LOW 219
07-02 16:44:31.860   539   541 D dalvikvm: GC_CONCURRENT freed 271K, 7% free 9497K/10119K, paused 7ms+8ms
07-02 16:44:32.028  1144  1144 D Volley  : [1] Request.finish: 5968 ms: [ ] http://lh4.ggpht.com/aKaCwG5To8TpkCerwodMk8xyTePUd_8kOIK_ELtJJ96OdwsJdPwnElEWT2gQ3eYVe7FN=w60 LOW 200
07-02 16:44:32.028  1144  1144 D Volley  : [1] Request.finish: 5962 ms: [ ] http://lh4.ggpht.com/fmxHE4u-Mm2SwOQ5wp9-SjcgzE5uPpaHHwzoQqIze60Bw3Qx3Bzjce06SZW91T56Id0=w60 LOW 201
07-02 16:44:32.035  1144  1144 D Volley  : [1] Request.finish: 5954 ms: [ ] http://lh3.ggpht.com/y-M38ExOl4VfknREE0ufDy5iiQSBeC9US3AOTi6G3cMDHWwaVBqcd0171npPvKCXqQ=w60 LOW 202
07-02 16:44:32.063  1144  1144 D Volley  : [1] Request.finish: 5982 ms: [ ] http://lh4.ggpht.com/S5yV2YInyZ4BR7NTOFL_QEKBijoghbbeDj_Bmbz_qxAH2_vtGnsw17nqaAy0n3742bM=w60 LOW 203
07-02 16:44:32.289  1144  1169 D dalvikvm: GC_FOR_ALLOC freed 655K, 9% free 24655K/26887K, paused 180ms
07-02 16:44:32.391  1144  1144 D Volley  : [1] Request.finish: 4190 ms: [ ] http://lh3.ggpht.com/ug-XqhBnF-kRIZ1t-T17uGhD-tMASNcHCB98BfuKaNNjyDDSMItNKfVcv7Aonin8lq3Y=h270 LOW 221
07-02 16:44:32.391  1144  1144 D Volley  : [1] Request.finish: 4191 ms: [ ] http://lh4.ggpht.com/6PrrOrl6NdNj2AFOmiJWpMosCu66afdcA23ojvNoIaoujyJFMUBN7tQxNZX4qTmBUw=h270 LOW 220
07-02 16:44:32.457   640   642 D dalvikvm: GC_CONCURRENT freed 709K, 9% free 10176K/11079K, paused 3ms+3ms
07-02 16:44:32.821   640   642 D dalvikvm: GC_CONCURRENT freed 245K, 7% free 10320K/11079K, paused 2ms+3ms
07-02 16:44:33.035   640   642 D dalvikvm: GC_CONCURRENT freed 330K, 7% free 10382K/11079K, paused 2ms+3ms
07-02 16:44:33.262   640   642 D dalvikvm: GC_CONCURRENT freed 365K, 7% free 10405K/11079K, paused 3ms+3ms
07-02 16:44:33.637   155   610 W InputManagerService: Window already focused, ignoring focus gain of: com.android.internal.view.IInputMethodClient$Stub$Proxy@41651338
07-02 16:44:33.656   640   642 D dalvikvm: GC_CONCURRENT freed 354K, 6% free 10439K/11079K, paused 2ms+4ms
07-02 16:44:33.996   640   642 D dalvikvm: GC_CONCURRENT freed 340K, 6% free 10484K/11079K, paused 2ms+3ms
07-02 16:44:35.250   155   209 I ActivityManager: START {act=android.intent.action.MAIN cat=[android.intent.category.HOME] flg=0x10200000 cmp=com.android.launcher/com.android.launcher2.Launcher} from pid 155
07-02 16:44:36.223   155   171 I Process : Sending signal. PID: 1464 SIG: 3
07-02 16:44:36.223  1464  1468 I dalvikvm: threadid=3: reacting to signal 3
07-02 16:44:36.551  1464  1468 E dalvikvm: Unable to open stack trace file '/data/anr/traces.txt': Is a directory
07-02 16:44:36.563  1144  1144 D Volley  : [1] Request.finish: 10859 ms: [ ] https://android.clients.google.com/fdfe/rev?doc=com.usaa.mobile.android.usaa&sort=2 NORMAL 186
07-02 16:44:36.578   589   589 D OpenGLRenderer: Flushing caches (mode 1)
07-02 16:44:36.582  1144  1144 D OpenGLRenderer: Flushing caches (mode 1)
07-02 16:44:36.629   589   589 D OpenGLRenderer: Flushing caches (mode 1)
07-02 16:44:36.629  1144  1144 D Volley  : [1] Request.finish: 10967 ms: [ ] https://android.clients.google.com/fdfe/rec?c=3&rt=4&doc=com.usaa.mobile.android.usaa NORMAL 185
07-02 16:44:36.711   155   171 I Process : Sending signal. PID: 1464 SIG: 3
07-02 16:44:36.711  1464  1468 I dalvikvm: threadid=3: reacting to signal 3
07-02 16:44:36.906  1464  1468 I dalvikvm: Wrote stack traces to '/data/anr/traces.txt'
07-02 16:44:37.004  1144  1144 D Volley  : [1] Request.finish: 8820 ms: [ ] https://android.clients.google.com/fdfe/rev?doc=com.usaa.mobile.android.usaa&sort=2 NORMAL 214
07-02 16:44:37.215  1144  1144 D OpenGLRenderer: Flushing caches (mode 0)
07-02 16:44:37.379  1144  1144 D Volley  : [1] Request.finish: 9232 ms: [ ] https://android.clients.google.com/fdfe/rec?c=3&rt=4&doc=com.usaa.mobile.android.usaa NORMAL 213
07-02 16:44:37.528   559   562 D dalvikvm: GC_CONCURRENT freed 502K, 13% free 10534K/12103K, paused 4ms+25ms
07-02 16:44:37.739   155   633 I ActivityManager: No longer want com.android.voicedialer (pid 1490): hidden #16
07-02 16:44:37.840   640   642 D dalvikvm: GC_CONCURRENT freed 843K, 10% free 10052K/11079K, paused 2ms+8ms
07-02 16:44:38.035   640   642 D dalvikvm: GC_CONCURRENT freed 209K, 8% free 10231K/11079K, paused 2ms+3ms
07-02 16:44:38.250   640   642 D dalvikvm: GC_CONCURRENT freed 319K, 7% free 10304K/11079K, paused 2ms+3ms
07-02 16:44:38.481   640   642 D dalvikvm: GC_CONCURRENT freed 384K, 7% free 10309K/11079K, paused 2ms+4ms
07-02 16:44:38.731    83   131 D AudioHardware: AudioHardware pcm playback is exiting standby.
07-02 16:44:38.731    83   131 D AudioHardware: openPcmOut_l() mPcmOpenCnt: 0
07-02 16:44:38.957  1464  1507 D dalvikvm: GC_FOR_ALLOC freed 2913K, 39% free 11928K/19399K, paused 27ms
07-02 16:44:39.086  1464  1507 D dalvikvm: GC_FOR_ALLOC freed 305K, 38% free 12066K/19399K, paused 27ms
07-02 16:44:39.270   640   642 D dalvikvm: GC_CONCURRENT freed 336K, 7% free 10360K/11079K, paused 32ms+4ms
07-02 16:44:39.281  1464  1466 D dalvikvm: GC_CONCURRENT freed 44K, 33% free 13032K/19399K, paused 7ms+3ms
07-02 16:44:39.449  1464  1506 D dalvikvm: GC_FOR_ALLOC freed 939K, 36% free 12436K/19399K, paused 25ms
07-02 16:44:39.469  1464  1506 I dalvikvm-heap: Grow heap (frag case) to 13.440MB for 1286224-byte allocation
07-02 16:44:39.504  1464  1464 D dalvikvm: GC_FOR_ALLOC freed 2K, 30% free 13690K/19399K, paused 25ms
07-02 16:44:39.617  1464  1466 D dalvikvm: GC_CONCURRENT freed 4K, 28% free 14058K/19399K, paused 3ms+13ms
07-02 16:44:39.895  1464  1508 D dalvikvm: GC_FOR_ALLOC freed 2642K, 34% free 12948K/19399K, paused 27ms
07-02 16:44:40.051  1464  1466 D dalvikvm: GC_CONCURRENT freed 952K, 32% free 13262K/19399K, paused 2ms+4ms
07-02 16:44:40.168  1464  1631 D dalvikvm: GC_FOR_ALLOC freed 1272K, 35% free 12769K/19399K, paused 25ms
07-02 16:44:40.172  1464  1631 I dalvikvm-heap: Grow heap (frag case) to 13.765MB for 1286224-byte allocation
07-02 16:44:40.207  1464  1507 D dalvikvm: GC_FOR_ALLOC freed 4K, 28% free 14021K/19399K, paused 20ms
07-02 16:44:40.309  1464  1466 D dalvikvm: GC_CONCURRENT freed 191K, 27% free 14258K/19399K, paused 2ms+7ms
07-02 16:44:40.504  1464  1466 D dalvikvm: GC_CONCURRENT freed 2227K, 30% free 13763K/19399K, paused 4ms+4ms
07-02 16:44:40.719  1464  1478 D dalvikvm: GC_FOR_ALLOC freed 1835K, 32% free 13256K/19399K, paused 21ms
07-02 16:44:40.774  1464  1478 D dalvikvm: GC_FOR_ALLOC freed 786K, 31% free 13483K/19399K, paused 21ms
07-02 16:44:41.039   640   642 D dalvikvm: GC_CONCURRENT freed 342K, 7% free 10406K/11079K, paused 2ms+2ms
07-02 16:44:41.824    83   131 D AudioHardware: AudioHardware pcm playback is going to standby.
07-02 16:44:41.828    83   131 D AudioHardware: closePcmOut_l() mPcmOpenCnt: 1
07-02 16:44:42.836   589   589 D OpenGLRenderer: Flushing caches (mode 1)
07-02 16:44:43.199    83   131 D AudioHardware: AudioHardware pcm playback is exiting standby.
07-02 16:44:43.199    83   131 D AudioHardware: openPcmOut_l() mPcmOpenCnt: 0
07-02 16:44:43.309   155   553 I ActivityManager: START {act=android.intent.action.MAIN cat=[android.intent.category.LAUNCHER] flg=0x10200000 cmp=com.android.vending/.AssetBrowserActivity} from pid 1464
07-02 16:44:43.547   155   157 D dalvikvm: GC_CONCURRENT freed 837K, 11% free 12508K/13959K, paused 9ms+17ms
07-02 16:44:43.715  1144  1144 D Finsky  : [1] DetailsDataBasedFragment.rebindViews: Page [class=DetailsFragment] loaded in [20022 ms] (partial? false)
07-02 16:44:43.871   155   171 I Process : Sending signal. PID: 1144 SIG: 3
07-02 16:44:43.871  1144  1148 I dalvikvm: threadid=3: reacting to signal 3
07-02 16:44:44.016  1144  1148 I dalvikvm: Wrote stack traces to '/data/anr/traces.txt'
07-02 16:44:44.074  1144  1146 D dalvikvm: GC_CONCURRENT freed 1790K, 8% free 24881K/26887K, paused 2ms+20ms
07-02 16:44:44.231  1144  1144 D Finsky  : [1] DetailsDataBasedFragment.rebindViews: Page [class=DetailsFragment] loaded in [20538 ms] (partial? true)
07-02 16:44:44.371   155   171 I Process : Sending signal. PID: 1144 SIG: 3
07-02 16:44:44.371  1144  1148 I dalvikvm: threadid=3: reacting to signal 3
07-02 16:44:44.473  1144  1148 I dalvikvm: Wrote stack traces to '/data/anr/traces.txt'
07-02 16:44:44.629  1464  1464 D OpenGLRenderer: Flushing caches (mode 0)
07-02 16:44:44.750   155   507 W InputManagerService: Starting input on non-focused client com.android.internal.view.IInputMethodClient$Stub$Proxy@4137f810 (uid=10025 pid=1464)
07-02 16:44:44.832  1464  1464 D OpenGLRenderer: Flushing caches (mode 1)
07-02 16:44:46.297    83   131 D AudioHardware: AudioHardware pcm playback is going to standby.
07-02 16:44:46.297    83   131 D AudioHardware: closePcmOut_l() mPcmOpenCnt: 1
07-02 16:44:48.891   640   664 D dalvikvm: GC_FOR_ALLOC freed 726K, 11% free 9886K/11079K, paused 29ms
07-02 16:44:49.094   559   562 D dalvikvm: GC_CONCURRENT freed 464K, 14% free 10455K/12103K, paused 35ms+7ms
07-02 16:44:49.590   640   730 D dalvikvm: GC_FOR_ALLOC freed 188K, 12% free 9849K/11079K, paused 18ms
07-02 16:44:50.192   640   725 D dalvikvm: GC_FOR_ALLOC freed 136K, 12% free 9851K/11079K, paused 25ms
07-02 16:44:50.457   155   155 I ActivityManager: START {act=android.intent.action.CHOOSER cmp=android/com.android.internal.app.ChooserActivity (has extras)} from pid 1144
07-02 16:44:50.465    83   131 D AudioHardware: AudioHardware pcm playback is exiting standby.
07-02 16:44:50.465    83   131 D AudioHardware: openPcmOut_l() mPcmOpenCnt: 0
07-02 16:44:50.977   155   171 I Process : Sending signal. PID: 1144 SIG: 3
07-02 16:44:50.977  1144  1148 I dalvikvm: threadid=3: reacting to signal 3
07-02 16:44:51.016  1144  1148 I dalvikvm: Wrote stack traces to '/data/anr/traces.txt'
07-02 16:44:51.028   155   204 I ActivityManager: Displayed android/com.android.internal.app.ChooserActivity: +552ms
07-02 16:44:51.340   640  1588 D dalvikvm: GC_FOR_ALLOC freed 184K, 12% free 9854K/11079K, paused 20ms
07-02 16:44:52.692   155   485 W InputManagerService: Window already focused, ignoring focus gain of: com.android.internal.view.IInputMethodClient$Stub$Proxy@413c8b10
07-02 16:44:52.696  1144  1144 D OpenGLRenderer: Flushing caches (mode 0)
07-02 16:44:52.942   640   665 D dalvikvm: GC_FOR_ALLOC freed 140K, 12% free 9851K/11079K, paused 62ms
07-02 16:44:53.555    83   131 D AudioHardware: AudioHardware pcm playback is going to standby.
07-02 16:44:53.555    83   131 D AudioHardware: closePcmOut_l() mPcmOpenCnt: 1
07-02 16:44:55.953   640   664 D dalvikvm: GC_FOR_ALLOC freed 179K, 12% free 9854K/11079K, paused 36ms
07-02 16:44:57.129   640   730 D dalvikvm: GC_FOR_ALLOC freed 140K, 12% free 9852K/11079K, paused 26ms
07-02 16:44:59.375   640   725 D dalvikvm: GC_FOR_ALLOC freed 141K, 12% free 9852K/11079K, paused 25ms
07-02 16:44:59.543   559   562 D dalvikvm: GC_CONCURRENT freed 381K, 14% free 10462K/12103K, paused 9ms+3ms
07-02 16:45:01.645   640   664 D dalvikvm: GC_FOR_ALLOC freed 142K, 12% free 9852K/11079K, paused 19ms
07-02 16:45:02.321   640   730 D dalvikvm: GC_FOR_ALLOC freed 138K, 12% free 9853K/11079K, paused 19ms
07-02 16:45:05.567   589   589 D OpenGLRenderer: Flushing caches (mode 1)
07-02 16:45:07.703   155   157 D dalvikvm: GC_CONCURRENT freed 695K, 11% free 12563K/13959K, paused 14ms+5ms
07-02 16:45:11.590   640   730 D dalvikvm: GC_FOR_ALLOC freed 153K, 12% free 9852K/11079K, paused 27ms
07-02 16:45:12.215   640  1587 D dalvikvm: GC_FOR_ALLOC freed 139K, 11% free 9864K/11079K, paused 18ms
07-02 16:45:12.848   640   725 D dalvikvm: GC_FOR_ALLOC freed 149K, 12% free 9850K/11079K, paused 20ms
07-02 16:45:13.371  1057  1057 I PhoneLab-PowerOnReceiver: Power is plugged in!
07-02 16:45:13.375  1057  1057 I PhoneLab-PowerOnReceiver: Rescheduling periodic checking...
07-02 16:45:13.403   390   390 W PowerUI : unknown intent: Intent { act=android.intent.action.ACTION_POWER_CONNECTED flg=0x10000010 }
07-02 16:45:13.438  1057  1057 I PhoneLab-Locks: wake lock acquired
07-02 16:45:13.461  1057  1057 I PhoneLab-UploadLogs: Transfering log files now
07-02 16:45:13.555  1057  1059 D dalvikvm: GC_CONCURRENT freed 465K, 18% free 9205K/11143K, paused 4ms+4ms
07-02 16:45:13.656  1057  1057 D dalvikvm: GC_FOR_ALLOC freed 269K, 16% free 9428K/11143K, paused 49ms
07-02 16:45:13.668   390   436 I StorageNotification: UMS connection changed to true (media state mounted)
07-02 16:45:13.684  1057  1057 I PhoneLab-UploadLogs: OnStartCommand
07-02 16:45:13.789  1057  1059 D dalvikvm: GC_CONCURRENT freed 294K, 14% free 9646K/11143K, paused 1ms+2ms
07-02 16:45:13.801   390   392 D dalvikvm: GC_CONCURRENT freed 296K, 9% free 9793K/10759K, paused 2ms+7ms
07-02 16:45:13.848   390   436 I StorageNotification: UMS connection changed to true (media state mounted)
07-02 16:45:13.906  1057  1888 D dalvikvm: GC_FOR_ALLOC freed 311K, 14% free 9662K/11143K, paused 116ms
07-02 16:45:13.973   390   392 D dalvikvm: GC_CONCURRENT freed 219K, 8% free 9985K/10759K, paused 2ms+4ms
07-02 16:45:14.074   390   392 D dalvikvm: GC_CONCURRENT freed 407K, 8% free 10004K/10759K, paused 3ms+8ms
07-02 16:45:14.098  1057  1888 D dalvikvm: GC_FOR_ALLOC freed 301K, 14% free 9662K/11143K, paused 142ms
07-02 16:45:14.137  1057  1888 D dalvikvm: GC_FOR_ALLOC freed 302K, 14% free 9663K/11143K, paused 35ms
07-02 16:45:14.828   155   167 D dalvikvm: GC_EXPLICIT freed 411K, 11% free 12498K/13959K, paused 8ms+5ms
07-02 16:45:14.856   640  1587 D dalvikvm: GC_FOR_ALLOC freed 219K, 12% free 9859K/11079K, paused 20ms
07-02 16:45:15.301   559   562 D dalvikvm: GC_CONCURRENT freed 390K, 14% free 10469K/12103K, paused 46ms+3ms
07-02 16:45:15.680   640   730 D dalvikvm: GC_FOR_ALLOC freed 147K, 12% free 9850K/11079K, paused 19ms
07-02 16:45:15.871  1057  1057 I PhoneLab-: 1341261499595.log is deleted
07-02 16:45:15.871  1057  1057 I PhoneLab-: Response: {"data": "done", "err": ""}
07-02 16:45:15.871  1057  1057 I PhoneLab-UploadLogs: No log files to transfer
07-02 16:45:15.875  1057  1057 I PhoneLab-Locks: wake lock released
07-02 16:45:16.520   640   665 D dalvikvm: GC_FOR_ALLOC freed 136K, 12% free 9851K/11079K, paused 25ms
07-02 16:45:17.500   640   730 D dalvikvm: GC_FOR_ALLOC freed 192K, 11% free 9864K/11079K, paused 25ms
07-02 16:45:18.172   640   665 D dalvikvm: GC_FOR_ALLOC freed 154K, 12% free 9850K/11079K, paused 45ms
07-02 16:45:18.860   640  1587 D dalvikvm: GC_FOR_ALLOC freed 155K, 12% free 9851K/11079K, paused 25ms
07-02 16:45:19.430   640   730 D dalvikvm: GC_FOR_ALLOC freed 158K, 12% free 9850K/11079K, paused 23ms
07-02 16:45:19.840   155   491 W InputManagerService: Window already focused, ignoring focus gain of: com.android.internal.view.IInputMethodClient$Stub$Proxy@41515ba8
07-02 16:45:21.086   559   562 D dalvikvm: GC_CONCURRENT freed 393K, 14% free 10469K/12103K, paused 10ms+3ms
07-02 16:45:21.121   640   725 D dalvikvm: GC_FOR_ALLOC freed 189K, 12% free 9855K/11079K, paused 24ms
07-02 16:45:21.895   640  1588 D dalvikvm: GC_FOR_ALLOC freed 143K, 12% free 9850K/11079K, paused 18ms
07-02 16:45:22.512   640   664 D dalvikvm: GC_FOR_ALLOC freed 139K, 12% free 9851K/11079K, paused 25ms
07-02 16:45:23.321   640  1587 D dalvikvm: GC_FOR_ALLOC freed 162K, 12% free 9855K/11079K, paused 25ms
07-02 16:45:23.446  1057  1057 I PhoneLab-Locks: wake lock acquired
07-02 16:45:23.492  1057  1890 I PhoneLab-PeriodicCheckService: User info is synched
07-02 16:45:23.496  1057  1890 I PhoneLab-PeriodicCheckService: Logger Service is running
07-02 16:45:23.504  1057  1057 I PhoneLab-Locks: wake lock acquired
07-02 16:45:23.504  1057  1057 I PhoneLab-StatusMonitor: Status Monitoring is started
07-02 16:45:23.512  1057  1890 I PhoneLab-Locks: wake lock acquired
07-02 16:45:23.520  1057  1890 I PhoneLab-PeriodicCheckService: Rescheduling periodic checking...
07-02 16:45:23.535  1057  1057 E PhoneLab-PhoneLabManifest: java.io.FileNotFoundException: /data/data/edu.buffalo.cse.phonelab.phonelabservices/files/manifest.xml: open failed: ENOENT (No such file or directory)
07-02 16:45:23.539  1057  1890 I PhoneLab-Locks: wake lock released
07-02 16:45:23.567  1057  1057 I PhoneLab-Locks: wake lock released
07-02 16:45:23.571  1057  1057 I PhoneLab-UploadLogs: Transfering log files now
07-02 16:45:23.571  1057  1057 I PhoneLab-UploadLogs: No log files to transfer
07-02 16:45:23.571  1057  1057 I PhoneLab-Locks: wake lock released
07-02 16:45:23.571  1057  1057 I PhoneLab-UploadLogs: OnStartCommand
07-02 16:45:23.574  1057  1059 D dalvikvm: GC_CONCURRENT freed 881K, 18% free 9174K/11143K, paused 2ms+4ms
07-02 16:45:24.000   640   730 D dalvikvm: GC_FOR_ALLOC freed 142K, 12% free 9851K/11079K, paused 24ms
07-02 16:45:24.664   640   665 D dalvikvm: GC_FOR_ALLOC freed 138K, 12% free 9852K/11079K, paused 22ms
07-02 16:45:25.625   640  1588 D dalvikvm: GC_FOR_ALLOC freed 187K, 12% free 9855K/11079K, paused 23ms
07-02 16:45:26.426   559   562 D dalvikvm: GC_CONCURRENT freed 395K, 14% free 10468K/12103K, paused 10ms+3ms
07-02 16:45:26.461   640   665 D dalvikvm: GC_FOR_ALLOC freed 163K, 12% free 9856K/11079K, paused 26ms
07-02 16:45:27.004   640  1587 D dalvikvm: GC_FOR_ALLOC freed 141K, 12% free 9852K/11079K, paused 18ms
07-02 16:45:27.672   640   730 D dalvikvm: GC_FOR_ALLOC freed 141K, 12% free 9852K/11079K, paused 26ms
07-02 16:45:28.270   640   665 D dalvikvm: GC_FOR_ALLOC freed 137K, 12% free 9853K/11079K, paused 36ms
07-02 16:45:28.614   390   390 D dalvikvm: GC_FOR_ALLOC freed 201K, 6% free 10136K/10759K, paused 45ms
07-02 16:45:28.715   390   390 D dalvikvm: GC_FOR_ALLOC freed 294K, 6% free 10119K/10759K, paused 49ms
07-02 16:45:29.774   640  1587 D dalvikvm: GC_FOR_ALLOC freed 138K, 12% free 9852K/11079K, paused 34ms
07-02 16:45:30.043   155   209 I ActivityManager: START {act=android.intent.action.MAIN cat=[android.intent.category.HOME] flg=0x10200000 cmp=com.android.launcher/com.android.launcher2.Launcher} from pid 155
07-02 16:45:30.305   390   390 D dalvikvm: GC_FOR_ALLOC freed 281K, 7% free 10112K/10759K, paused 73ms
07-02 16:45:30.340  1144  1144 D OpenGLRenderer: Flushing caches (mode 0)
07-02 16:45:30.442  1144  1144 W IInputConnectionWrapper: showStatusIcon on inactive InputConnection
07-02 16:45:30.446  1144  1144 D OpenGLRenderer: Flushing caches (mode 1)
07-02 16:45:30.461  1144  1144 W IInputConnectionWrapper: showStatusIcon on inactive InputConnection
07-02 16:45:30.981   640   730 D dalvikvm: GC_FOR_ALLOC freed 139K, 12% free 9852K/11079K, paused 32ms
07-02 16:45:31.594    83   131 D AudioHardware: AudioHardware pcm playback is exiting standby.
07-02 16:45:31.594    83   131 D AudioHardware: openPcmOut_l() mPcmOpenCnt: 0
07-02 16:45:31.754   640   665 D dalvikvm: GC_FOR_ALLOC freed 138K, 12% free 9851K/11079K, paused 57ms
07-02 16:45:31.817  1144  1144 W IInputConnectionWrapper: showStatusIcon on inactive InputConnection
07-02 16:45:31.817   155   507 W InputManagerService: Starting input on non-focused client com.android.internal.view.IInputMethodClient$Stub$Proxy@4153b1c0 (uid=10045 pid=1144)
07-02 16:45:31.860  1464  1506 D dalvikvm: GC_FOR_ALLOC freed 2548K, 38% free 12100K/19399K, paused 27ms
07-02 16:45:31.985  1464  1466 D dalvikvm: GC_CONCURRENT freed 55K, 33% free 13055K/19399K, paused 15ms+11ms
07-02 16:45:32.086  1464  1508 D dalvikvm: GC_FOR_ALLOC freed 952K, 36% free 12436K/19399K, paused 27ms
07-02 16:45:32.090  1464  1508 I dalvikvm-heap: Grow heap (frag case) to 13.440MB for 1286224-byte allocation
07-02 16:45:32.137  1464  1631 D dalvikvm: GC_FOR_ALLOC freed 2K, 30% free 13690K/19399K, paused 40ms
07-02 16:45:32.293  1464  1466 D dalvikvm: GC_CONCURRENT freed 315K, 26% free 14513K/19399K, paused 7ms+5ms
07-02 16:45:32.430   539  1860 W DownloadManager: Aborting request for download 2: while trying to execute request: java.net.SocketTimeoutException: Read timed out
07-02 16:45:32.696  1144  1144 D Finsky  : [1] DownloadQueueImpl.notifyProgress: self-update-download: onProgress 1851789/4000309 Status: 194.
07-02 16:45:32.813  1464  1631 D dalvikvm: GC_FOR_ALLOC freed 3510K, 35% free 12642K/19399K, paused 41ms
07-02 16:45:32.844   640  1587 D dalvikvm: GC_FOR_ALLOC freed 135K, 12% free 9853K/11079K, paused 71ms
07-02 16:45:32.926  1464  1507 D dalvikvm: GC_FOR_ALLOC freed 647K, 33% free 13009K/19399K, paused 29ms
07-02 16:45:33.012  1464  1466 D dalvikvm: GC_CONCURRENT freed 183K, 28% free 14136K/19399K, paused 1ms+10ms
07-02 16:45:33.141  1464  1478 D dalvikvm: GC_FOR_ALLOC freed 498K, 27% free 14181K/19399K, paused 29ms
07-02 16:45:33.250  1464  1506 D dalvikvm: GC_FOR_ALLOC freed 1241K, 26% free 14486K/19399K, paused 45ms
07-02 16:45:33.453  1464  1466 D dalvikvm: GC_CONCURRENT freed 2162K, 28% free 14130K/19399K, paused 3ms+3ms
07-02 16:45:34.426   559   562 D dalvikvm: GC_CONCURRENT freed 392K, 14% free 10468K/12103K, paused 23ms+13ms
07-02 16:45:34.465   640   730 D dalvikvm: GC_FOR_ALLOC freed 157K, 12% free 9853K/11079K, paused 23ms
07-02 16:45:34.684    83   131 D AudioHardware: AudioHardware pcm playback is going to standby.
07-02 16:45:34.684    83   131 D AudioHardware: closePcmOut_l() mPcmOpenCnt: 1
07-02 16:45:35.223   640   665 D dalvikvm: GC_FOR_ALLOC freed 139K, 12% free 9854K/11079K, paused 39ms
07-02 16:45:35.547   155   155 I ActivityManager: Process com.android.wallpaper.livepicker (pid 1525) has died.
07-02 16:45:35.891   640  1587 D dalvikvm: GC_FOR_ALLOC freed 169K, 12% free 9853K/11079K, paused 50ms
07-02 16:45:36.535   640   730 D dalvikvm: GC_FOR_ALLOC freed 139K, 12% free 9854K/11079K, paused 44ms
07-02 16:45:37.422   640   665 D dalvikvm: GC_FOR_ALLOC freed 153K, 12% free 9853K/11079K, paused 30ms
07-02 16:45:38.129  1464  1466 D dalvikvm: GC_CONCURRENT freed 2979K, 34% free 12853K/19399K, paused 6ms+9ms
07-02 16:45:38.164   155   649 I ActivityManager: START {act=android.intent.action.MAIN cat=[android.intent.category.LAUNCHER] flg=0x10200000 cmp=com.android.calendar/.AllInOneActivity bnds=[0,103][120,253]} from pid 1464
07-02 16:45:38.176    83   131 D AudioHardware: AudioHardware pcm playback is exiting standby.
07-02 16:45:38.176    83   131 D AudioHardware: openPcmOut_l() mPcmOpenCnt: 0
07-02 16:45:38.324   640  1587 D dalvikvm: GC_FOR_ALLOC freed 154K, 12% free 9853K/11079K, paused 109ms
07-02 16:45:38.426   155   157 D dalvikvm: GC_CONCURRENT freed 628K, 10% free 12687K/13959K, paused 7ms+7ms
07-02 16:45:38.535  1464  1464 D OpenGLRenderer: Flushing caches (mode 1)
07-02 16:45:38.574  1397  1400 D dalvikvm: GC_CONCURRENT freed 278K, 5% free 9204K/9607K, paused 24ms+18ms
07-02 16:45:38.606  1464  1464 D OpenGLRenderer: Flushing caches (mode 0)
07-02 16:45:38.805   155   171 I Process : Sending signal. PID: 1397 SIG: 3
07-02 16:45:38.805  1397  1402 I dalvikvm: threadid=3: reacting to signal 3
07-02 16:45:38.864  1397  1402 I dalvikvm: Wrote stack traces to '/data/anr/traces.txt'
07-02 16:45:38.957  1397  1397 D libEGL  : loaded /system/lib/egl/libGLES_android.so
07-02 16:45:38.969  1397  1397 D libEGL  : loaded /vendor/lib/egl/libEGL_POWERVR_SGX540_120.so
07-02 16:45:39.000  1397  1397 D libEGL  : loaded /vendor/lib/egl/libGLESv1_CM_POWERVR_SGX540_120.so
07-02 16:45:39.008  1397  1397 D libEGL  : loaded /vendor/lib/egl/libGLESv2_POWERVR_SGX540_120.so
07-02 16:45:39.156  1397  1397 D OpenGLRenderer: Enabling debug mode 0
07-02 16:45:39.305   155   171 I Process : Sending signal. PID: 1397 SIG: 3
07-02 16:45:39.305  1397  1402 I dalvikvm: threadid=3: reacting to signal 3
07-02 16:45:39.309  1397  1402 I dalvikvm: Wrote stack traces to '/data/anr/traces.txt'
07-02 16:45:39.434   155   204 I ActivityManager: Displayed com.android.calendar/.AllInOneActivity: +1s131ms
07-02 16:45:39.442   640   725 D dalvikvm: GC_FOR_ALLOC freed 138K, 12% free 9853K/11079K, paused 43ms
07-02 16:45:40.774   640   665 D dalvikvm: GC_FOR_ALLOC freed 140K, 12% free 9850K/11079K, paused 18ms
07-02 16:45:41.270    83   131 D AudioHardware: AudioHardware pcm playback is going to standby.
07-02 16:45:41.270    83   131 D AudioHardware: closePcmOut_l() mPcmOpenCnt: 1
07-02 16:45:41.321   559   562 D dalvikvm: GC_CONCURRENT freed 396K, 14% free 10461K/12103K, paused 3ms+3ms
07-02 16:45:41.543   640  1587 D dalvikvm: GC_FOR_ALLOC freed 139K, 12% free 9849K/11079K, paused 18ms
07-02 16:45:42.317   640   725 D dalvikvm: GC_FOR_ALLOC freed 136K, 12% free 9850K/11079K, paused 18ms
07-02 16:45:42.594   640   664 D dalvikvm: GC_EXPLICIT freed 73K, 12% free 9846K/11079K, paused 2ms+3ms
07-02 16:45:43.305   155   209 I ActivityManager: START {act=android.intent.action.MAIN cat=[android.intent.category.HOME] flg=0x10200000 cmp=com.android.launcher/com.android.launcher2.Launcher} from pid 155
07-02 16:45:43.442  1397  1397 D OpenGLRenderer: Flushing caches (mode 0)
07-02 16:45:43.469   155   647 W InputManagerService: Starting input on non-focused client com.android.internal.view.IInputMethodClient$Stub$Proxy@4164e440 (uid=10005 pid=1397)
07-02 16:45:43.473  1397  1397 D OpenGLRenderer: Flushing caches (mode 1)
07-02 16:45:43.832   155   155 D dalvikvm: GC_EXPLICIT freed 285K, 10% free 12615K/13959K, paused 3ms+6ms
07-02 16:45:43.860   640  1587 D dalvikvm: GC_FOR_ALLOC freed 199K, 12% free 9854K/11079K, paused 23ms
07-02 16:45:44.383    83   131 D AudioHardware: AudioHardware pcm playback is exiting standby.
07-02 16:45:44.383    83   131 D AudioHardware: openPcmOut_l() mPcmOpenCnt: 0
07-02 16:45:44.528  1464  1508 D dalvikvm: GC_FOR_ALLOC freed 1652K, 39% free 11932K/19399K, paused 23ms
07-02 16:45:44.602  1464  1466 D dalvikvm: GC_CONCURRENT freed 31K, 34% free 12804K/19399K, paused 2ms+4ms
07-02 16:45:44.727  1464  1631 D dalvikvm: GC_FOR_ALLOC freed 1024K, 37% free 12242K/19399K, paused 30ms
07-02 16:45:44.731  1464  1631 I dalvikvm-heap: Grow heap (frag case) to 13.250MB for 1286224-byte allocation
07-02 16:45:44.766  1464  1464 D dalvikvm: GC_FOR_ALLOC freed 2K, 31% free 13495K/19399K, paused 20ms
07-02 16:45:44.875  1464  1466 D dalvikvm: GC_CONCURRENT freed 250K, 30% free 13631K/19399K, paused 2ms+10ms
07-02 16:45:45.106  1464  1466 D dalvikvm: GC_CONCURRENT freed 3146K, 39% free 11900K/19399K, paused 3ms+5ms
07-02 16:45:45.188  1464  1507 D dalvikvm: GC_FOR_ALLOC freed 674K, 39% free 12004K/19399K, paused 26ms
07-02 16:45:45.289  1464  1466 D dalvikvm: GC_CONCURRENT freed 494K, 36% free 12504K/19399K, paused 2ms+4ms
07-02 16:45:45.465  1464  1478 D dalvikvm: GC_FOR_ALLOC freed 780K, 37% free 12367K/19399K, paused 25ms
07-02 16:45:45.590  1464  1466 D dalvikvm: GC_CONCURRENT freed 18K, 32% free 13366K/19399K, paused 3ms+4ms
07-02 16:45:45.676  1464  1506 D dalvikvm: GC_FOR_ALLOC freed 1104K, 34% free 12856K/19399K, paused 25ms
07-02 16:45:45.719  1464  1478 D dalvikvm: GC_FOR_ALLOC freed 5K, 28% free 14108K/19399K, paused 21ms
07-02 16:45:45.824  1464  1466 D dalvikvm: GC_CONCURRENT freed 5K, 26% free 14491K/19399K, paused 2ms+11ms
07-02 16:45:46.047  1464  1466 D dalvikvm: GC_CONCURRENT freed 2808K, 32% free 13380K/19399K, paused 2ms+5ms
07-02 16:45:46.364   640   725 D dalvikvm: GC_FOR_ALLOC freed 144K, 12% free 9849K/11079K, paused 32ms
07-02 16:45:46.750   155   507 I ActivityManager: START {act=android.intent.action.MAIN cat=[android.intent.category.LAUNCHER] flg=0x10200000 cmp=com.android.settings/.Settings} from pid 1464
07-02 16:45:46.981  1464  1464 D OpenGLRenderer: Flushing caches (mode 0)
07-02 16:45:47.110  1464  1464 D OpenGLRenderer: Flushing caches (mode 1)
07-02 16:45:47.110   155   647 W InputManagerService: Starting input on non-focused client com.android.internal.view.IInputMethodClient$Stub$Proxy@4137f810 (uid=10025 pid=1464)
07-02 16:45:47.321   640   730 D dalvikvm: GC_FOR_ALLOC freed 165K, 12% free 9853K/11079K, paused 24ms
07-02 16:45:48.188   559   562 D dalvikvm: GC_CONCURRENT freed 389K, 14% free 10462K/12103K, paused 7ms+8ms
07-02 16:45:48.242   640   725 D dalvikvm: GC_FOR_ALLOC freed 186K, 12% free 9853K/11079K, paused 31ms
07-02 16:45:48.641   155   167 I ActivityManager: START {act=android.intent.action.MAIN cmp=com.android.settings/.SubSettings (has extras)} from pid 1234
07-02 16:45:49.188   155   171 I Process : Sending signal. PID: 1234 SIG: 3
07-02 16:45:49.188  1234  1239 I dalvikvm: threadid=3: reacting to signal 3
07-02 16:45:49.563  1234  1239 E dalvikvm: Unable to open stack trace file '/data/anr/traces.txt': Is a directory
07-02 16:45:49.688   155   171 I Process : Sending signal. PID: 1234 SIG: 3
07-02 16:45:49.688  1234  1239 I dalvikvm: threadid=3: reacting to signal 3
07-02 16:45:49.918  1234  1239 E dalvikvm: Unable to open stack trace file '/data/anr/traces.txt': Is a directory
07-02 16:45:50.184   155   171 I Process : Sending signal. PID: 1234 SIG: 3
07-02 16:45:50.184  1234  1239 I dalvikvm: threadid=3: reacting to signal 3
07-02 16:45:50.199  1234  1239 I dalvikvm: Wrote stack traces to '/data/anr/traces.txt'
07-02 16:45:50.254   155   167 I ActivityManager: Start proc com.android.defcontainer for service com.android.defcontainer/.DefaultContainerService: pid=1916 uid=10010 gids={1015, 2001}
07-02 16:45:50.278   640   665 D dalvikvm: GC_FOR_ALLOC freed 143K, 12% free 9849K/11079K, paused 84ms
07-02 16:45:50.356   155   610 D dalvikvm: GC_FOR_ALLOC freed 381K, 10% free 12622K/13959K, paused 53ms
07-02 16:45:50.453   155   204 I ActivityManager: Displayed com.android.settings/.SubSettings: +1s769ms
07-02 16:45:50.567  1234  1234 D dalvikvm: GC_FOR_ALLOC freed 180K, 5% free 10193K/10695K, paused 28ms
07-02 16:45:50.699  1234  1234 D OpenGLRenderer: Flushing caches (mode 0)
07-02 16:45:50.961   155   171 I Process : Sending signal. PID: 1234 SIG: 3
07-02 16:45:50.961  1234  1239 I dalvikvm: threadid=3: reacting to signal 3
07-02 16:45:50.981  1234  1239 I dalvikvm: Wrote stack traces to '/data/anr/traces.txt'
07-02 16:45:51.457   155   171 I Process : Sending signal. PID: 1234 SIG: 3
07-02 16:45:51.457  1234  1239 I dalvikvm: threadid=3: reacting to signal 3
07-02 16:45:51.469  1234  1239 I dalvikvm: Wrote stack traces to '/data/anr/traces.txt'
07-02 16:45:51.598   640   730 D dalvikvm: GC_FOR_ALLOC freed 139K, 12% free 9850K/11079K, paused 38ms
07-02 16:45:51.703    83   131 D AudioHardware: AudioHardware pcm playback is going to standby.
07-02 16:45:51.703    83   131 D AudioHardware: closePcmOut_l() mPcmOpenCnt: 1
07-02 16:45:51.969   155   157 D dalvikvm: JIT code cache reset in 13 ms (1048376 bytes 1/0)
07-02 16:45:51.973   155   171 I Process : Sending signal. PID: 1234 SIG: 3
07-02 16:45:51.973  1234  1239 I dalvikvm: threadid=3: reacting to signal 3
07-02 16:45:51.977  1234  1239 I dalvikvm: Wrote stack traces to '/data/anr/traces.txt'
07-02 16:45:52.000   155   157 D dalvikvm: GC_CONCURRENT freed 740K, 10% free 12666K/13959K, paused 3ms+18ms
07-02 16:45:52.446  1916  1917 D dalvikvm: GC_CONCURRENT freed 418K, 6% free 9050K/9543K, paused 6ms+4ms
07-02 16:45:52.473   155   171 I Process : Sending signal. PID: 1234 SIG: 3
07-02 16:45:52.473  1234  1239 I dalvikvm: threadid=3: reacting to signal 3
07-02 16:45:52.477  1234  1239 I dalvikvm: Wrote stack traces to '/data/anr/traces.txt'
07-02 16:45:52.586   155   155 I ActivityManager: START {act=android.intent.action.MAIN cmp=com.android.settings/.SubSettings (has extras)} from pid 1234
07-02 16:45:52.602    83   131 D AudioHardware: AudioHardware pcm playback is exiting standby.
07-02 16:45:52.602    83   131 D AudioHardware: openPcmOut_l() mPcmOpenCnt: 0
07-02 16:45:52.785  1234  1236 D dalvikvm: GC_CONCURRENT freed 735K, 9% free 9943K/10823K, paused 2ms+4ms
07-02 16:45:52.981   155   204 I ActivityManager: Displayed com.android.settings/.SubSettings: +362ms
07-02 16:45:53.004  1234  1234 D OpenGLRenderer: Flushing caches (mode 0)
07-02 16:45:53.270   640   665 D dalvikvm: GC_FOR_ALLOC freed 179K, 12% free 9854K/11079K, paused 19ms
07-02 16:45:53.903   640   725 D dalvikvm: GC_FOR_ALLOC freed 145K, 12% free 9850K/11079K, paused 18ms
07-02 16:45:54.477   640  1587 D dalvikvm: GC_FOR_ALLOC freed 141K, 12% free 9849K/11079K, paused 18ms
07-02 16:45:54.707   155   627 I ActivityManager: START {act=android.intent.action.MAIN cmp=com.android.settings/.SubSettings (has extras)} from pid 1234
07-02 16:45:54.887  1234  1234 D dalvikvm: GC_FOR_ALLOC freed 57K, 8% free 10050K/10823K, paused 22ms
07-02 16:45:54.887  1234  1234 I dalvikvm-heap: Grow heap (frag case) to 10.034MB for 157456-byte allocation
07-02 16:45:54.914  1234  1234 D dalvikvm: GC_FOR_ALLOC freed 0K, 8% free 10204K/11015K, paused 21ms
07-02 16:45:55.231   155   204 I ActivityManager: Displayed com.android.settings/.SubSettings: +425ms
07-02 16:45:55.270  1234  1234 D OpenGLRenderer: Flushing caches (mode 0)
07-02 16:45:55.711   640  1588 D dalvikvm: GC_FOR_ALLOC freed 180K, 12% free 9854K/11079K, paused 25ms
07-02 16:45:56.223   559   562 D dalvikvm: GC_CONCURRENT freed 387K, 14% free 10462K/12103K, paused 5ms+4ms
07-02 16:45:56.457   640   664 D dalvikvm: GC_FOR_ALLOC freed 143K, 12% free 9850K/11079K, paused 31ms
07-02 16:45:57.114   640   730 D dalvikvm: GC_FOR_ALLOC freed 139K, 12% free 9850K/11079K, paused 22ms
07-02 16:45:57.801   640  1588 D dalvikvm: GC_FOR_ALLOC freed 153K, 12% free 9851K/11079K, paused 24ms
07-02 16:45:57.805    83   131 D AudioHardware: AudioHardware pcm playback is going to standby.
07-02 16:45:57.805    83   131 D AudioHardware: closePcmOut_l() mPcmOpenCnt: 1
07-02 16:45:58.399   640   664 D dalvikvm: GC_FOR_ALLOC freed 150K, 12% free 9851K/11079K, paused 24ms
07-02 16:45:59.203   640   730 D dalvikvm: GC_FOR_ALLOC freed 138K, 12% free 9852K/11079K, paused 23ms
07-02 16:46:00.668   640   664 D dalvikvm: GC_FOR_ALLOC freed 228K, 12% free 9859K/11079K, paused 21ms
07-02 16:46:01.637   559   562 D dalvikvm: GC_CONCURRENT freed 384K, 14% free 10472K/12103K, paused 17ms+3ms
07-02 16:46:01.680   640   665 D dalvikvm: GC_FOR_ALLOC freed 190K, 12% free 9855K/11079K, paused 23ms
07-02 16:46:02.254   640   725 D dalvikvm: GC_FOR_ALLOC freed 140K, 12% free 9852K/11079K, paused 24ms
07-02 16:46:02.785   640  1587 D dalvikvm: GC_FOR_ALLOC freed 154K, 12% free 9851K/11079K, paused 25ms
07-02 16:46:03.379   640   665 D dalvikvm: GC_FOR_ALLOC freed 136K, 12% free 9851K/11079K, paused 24ms
07-02 16:46:03.989   640   725 D dalvikvm: GC_FOR_ALLOC freed 137K, 12% free 9851K/11079K, paused 21ms
07-02 16:46:04.567   640  1587 D dalvikvm: GC_FOR_ALLOC freed 136K, 12% free 9851K/11079K, paused 24ms
07-02 16:46:05.227   640   665 D dalvikvm: GC_FOR_ALLOC freed 136K, 12% free 9851K/11079K, paused 25ms
07-02 16:46:06.895   155   209 I ActivityManager: START {act=android.intent.action.MAIN cat=[android.intent.category.HOME] flg=0x10200000 cmp=com.android.launcher/com.android.launcher2.Launcher} from pid 155
07-02 16:46:07.242   155   209 D dalvikvm: GC_FOR_ALLOC freed 755K, 10% free 12635K/13959K, paused 297ms
07-02 16:46:07.348  1234  1234 D OpenGLRenderer: Flushing caches (mode 0)
07-02 16:46:07.391   155   635 W InputManagerService: Starting input on non-focused client com.android.internal.view.IInputMethodClient$Stub$Proxy@413b9910 (uid=1000 pid=1234)
07-02 16:46:07.403  1234  1234 D OpenGLRenderer: Flushing caches (mode 1)
07-02 16:46:09.403   640  1587 D dalvikvm: GC_FOR_ALLOC freed 146K, 12% free 9852K/11079K, paused 24ms
07-02 16:46:09.555   559   562 D dalvikvm: GC_CONCURRENT freed 396K, 14% free 10461K/12103K, paused 5ms+7ms
07-02 16:46:10.074   640  1588 D dalvikvm: GC_FOR_ALLOC freed 141K, 12% free 9849K/11079K, paused 21ms
07-02 16:46:10.969   640   664 D dalvikvm: GC_FOR_ALLOC freed 183K, 12% free 9853K/11079K, paused 22ms
07-02 16:46:11.453  1464  1466 D dalvikvm: GC_CONCURRENT freed 3024K, 40% free 11681K/19399K, paused 3ms+5ms
07-02 16:46:12.114   640   730 D dalvikvm: GC_FOR_ALLOC freed 139K, 12% free 9851K/11079K, paused 53ms
07-02 16:46:13.531   640   665 D dalvikvm: GC_FOR_ALLOC freed 181K, 12% free 9855K/11079K, paused 22ms
07-02 16:46:14.153   640  1587 D dalvikvm: GC_FOR_ALLOC freed 157K, 12% free 9851K/11079K, paused 20ms
07-02 16:46:15.047   640   725 D dalvikvm: GC_FOR_ALLOC freed 185K, 12% free 9855K/11079K, paused 20ms
07-02 16:46:15.367   559   562 D dalvikvm: GC_CONCURRENT freed 386K, 14% free 10467K/12103K, paused 11ms+3ms
07-02 16:46:15.680   640   664 D dalvikvm: GC_FOR_ALLOC freed 143K, 12% free 9850K/11079K, paused 20ms
07-02 16:46:16.219   640   730 D dalvikvm: GC_FOR_ALLOC freed 138K, 12% free 9850K/11079K, paused 22ms
07-02 16:46:16.793   640   725 D dalvikvm: GC_FOR_ALLOC freed 136K, 12% free 9851K/11079K, paused 34ms
07-02 16:46:17.453   640   664 D dalvikvm: GC_FOR_ALLOC freed 155K, 12% free 9851K/11079K, paused 18ms
07-02 16:46:18.235   640  1588 D dalvikvm: GC_FOR_ALLOC freed 181K, 12% free 9854K/11079K, paused 30ms
07-02 16:46:19.371   640   665 D dalvikvm: GC_FOR_ALLOC freed 139K, 12% free 9851K/11079K, paused 33ms
07-02 16:46:19.535  1057  1299 I PhoneLab-: Service Running
07-02 16:46:19.809   155   485 D dalvikvm: GC_EXPLICIT freed 221K, 10% free 12620K/13959K, paused 4ms+5ms
07-02 16:46:19.871  1057  1299 I PhoneLab-LoggerService: app_36    1303  1057  1800   1356  c00f181c 400107b4 S logcat
07-02 16:46:19.871  1057  1299 I PhoneLab-LoggerService: Logcat pid from database 1303
07-02 16:46:19.871  1057  1299 I PhoneLab-LoggerService: Logcat process found 1303
07-02 16:46:19.871  1057  1299 I PhoneLab-LoggerService: Checking Threshold
07-02 16:46:20.184   640  1587 D dalvikvm: GC_FOR_ALLOC freed 139K, 12% free 9851K/11079K, paused 47ms
07-02 16:46:20.766   559   562 D dalvikvm: GC_CONCURRENT freed 387K, 14% free 10468K/12103K, paused 4ms+7ms
07-02 16:46:20.840   640  1588 D dalvikvm: GC_FOR_ALLOC freed 141K, 12% free 9849K/11079K, paused 41ms
07-02 16:46:21.547   640   665 D dalvikvm: GC_FOR_ALLOC freed 138K, 12% free 9849K/11079K, paused 39ms
07-02 16:46:23.797   640  1587 D dalvikvm: GC_FOR_ALLOC freed 137K, 12% free 9850K/11079K, paused 28ms
07-02 16:46:24.395  1464  1466 D dalvikvm: GC_CONCURRENT freed 864K, 40% free 11679K/19399K, paused 3ms+8ms
07-02 16:46:24.481   640  1588 D dalvikvm: GC_FOR_ALLOC freed 156K, 12% free 9849K/11079K, paused 31ms
07-02 16:46:25.664   640   664 D dalvikvm: GC_FOR_ALLOC freed 164K, 12% free 9855K/11079K, paused 40ms
07-02 16:46:26.153  1464  1471 I dalvikvm: Jit: resizing JitTable from 4096 to 8192
07-02 16:46:26.723   640  1588 D dalvikvm: GC_FOR_ALLOC freed 214K, 12% free 9854K/11079K, paused 61ms
07-02 16:46:27.414   640   665 D dalvikvm: GC_FOR_ALLOC freed 142K, 12% free 9850K/11079K, paused 44ms
07-02 16:46:28.188   559   562 D dalvikvm: GC_CONCURRENT freed 391K, 14% free 10471K/12103K, paused 30ms+10ms
07-02 16:46:28.250   640  1587 D dalvikvm: GC_FOR_ALLOC freed 154K, 12% free 9852K/11079K, paused 24ms
07-02 16:46:28.992   640  1588 D dalvikvm: GC_FOR_ALLOC freed 153K, 12% free 9850K/11079K, paused 28ms
07-02 16:46:29.649   640   665 D dalvikvm: GC_FOR_ALLOC freed 136K, 12% free 9851K/11079K, paused 53ms
07-02 16:46:30.289   640  1587 D dalvikvm: GC_FOR_ALLOC freed 140K, 12% free 9852K/11079K, paused 20ms
07-02 16:46:30.598  1464  1466 D dalvikvm: GC_CONCURRENT freed 727K, 40% free 11819K/19399K, paused 11ms+3ms
07-02 16:46:30.914   155   635 I ActivityManager: START {act=android.intent.action.MAIN cat=[android.intent.category.LAUNCHER] flg=0x10200000 cmp=com.android.browser/.BrowserActivity bnds=[0,254][120,404]} from pid 1464
07-02 16:46:30.942    83   131 D AudioHardware: AudioHardware pcm playback is exiting standby.
07-02 16:46:30.942    83   131 D AudioHardware: openPcmOut_l() mPcmOpenCnt: 0
07-02 16:46:31.164  1464  1464 D OpenGLRenderer: Flushing caches (mode 1)
07-02 16:46:31.219   640  1588 D dalvikvm: GC_FOR_ALLOC freed 151K, 12% free 9851K/11079K, paused 49ms
07-02 16:46:31.258  1464  1464 D OpenGLRenderer: Flushing caches (mode 0)
07-02 16:46:31.406  1330  1332 D dalvikvm: GC_CONCURRENT freed 181K, 5% free 9455K/9863K, paused 14ms+8ms
07-02 16:46:31.547   155   171 I Process : Sending signal. PID: 1330 SIG: 3
07-02 16:46:31.547  1330  1334 I dalvikvm: threadid=3: reacting to signal 3
07-02 16:46:31.606  1330  1334 I dalvikvm: Wrote stack traces to '/data/anr/traces.txt'
07-02 16:46:31.637  1330  1330 D WebViewTimersControl: onBrowserActivityResume
07-02 16:46:31.637  1330  1330 D WebViewTimersControl: Resuming webview timers, view=android.webkit.WebView@41363250
07-02 16:46:32.055   155   171 I Process : Sending signal. PID: 1330 SIG: 3
07-02 16:46:32.055  1330  1334 I dalvikvm: threadid=3: reacting to signal 3
07-02 16:46:32.223  1330  1334 I dalvikvm: Wrote stack traces to '/data/anr/traces.txt'
07-02 16:46:32.281   640   665 D dalvikvm: GC_FOR_ALLOC freed 138K, 12% free 9851K/11079K, paused 39ms
07-02 16:46:32.364   589   589 D OpenGLRenderer: Flushing caches (mode 1)
07-02 16:46:32.543   155   171 I Process : Sending signal. PID: 1330 SIG: 3
07-02 16:46:32.547  1330  1334 I dalvikvm: threadid=3: reacting to signal 3
07-02 16:46:32.551  1330  1330 D libEGL  : loaded /system/lib/egl/libGLES_android.so
07-02 16:46:32.582  1330  1946 I SqliteDatabaseCpp: sqlite returned: error code = 14, msg = cannot open file at line 27701 of [8609a15dfa], db=/data/data/com.android.browser/databases/browser2.db
07-02 16:46:32.582  1330  1946 I SqliteDatabaseCpp: sqlite returned: error code = 14, msg = os_unix.c: open() at line 27701 - "" errno=2 path=/GeolocationPermissions.db, db=/data/data/com.android.browser/databases/browser2.db
07-02 16:46:32.586  1330  1334 I dalvikvm: Wrote stack traces to '/data/anr/traces.txt'
07-02 16:46:32.602  1330  1950 I SqliteDatabaseCpp: sqlite returned: error code = 1, msg = no such table: IconDatabaseInfo, db=/data/data/com.android.browser/databases/browser2.db
07-02 16:46:32.629  1330  1330 D libEGL  : loaded /vendor/lib/egl/libEGL_POWERVR_SGX540_120.so
07-02 16:46:32.637  1330  1330 D libEGL  : loaded /vendor/lib/egl/libGLESv1_CM_POWERVR_SGX540_120.so
07-02 16:46:32.641  1330  1330 D libEGL  : loaded /vendor/lib/egl/libGLESv2_POWERVR_SGX540_120.so
07-02 16:46:32.727  1330  1330 D OpenGLRenderer: Enabling debug mode 0
07-02 16:46:32.789   589   589 D OpenGLRenderer: Flushing caches (mode 1)
07-02 16:46:33.004   155   204 I ActivityManager: Displayed com.android.browser/.BrowserActivity: +1s963ms
07-02 16:46:33.598  1330  1332 D dalvikvm: GC_CONCURRENT freed 284K, 4% free 9604K/9991K, paused 18ms+6ms
07-02 16:46:33.676   640  1587 D dalvikvm: GC_FOR_ALLOC freed 138K, 12% free 9851K/11079K, paused 45ms
07-02 16:46:34.039    83   131 D AudioHardware: AudioHardware pcm playback is going to standby.
07-02 16:46:34.039    83   131 D AudioHardware: closePcmOut_l() mPcmOpenCnt: 1
07-02 16:46:34.239  1330  1655 W chromium: external/chromium/net/spdy/spdy_session.cc:1058: [0702/164634:WARNING:spdy_session.cc(1058)] Received data frame for invalid stream 1
07-02 16:46:34.239  1330  1655 W chromium: external/chromium/net/spdy/spdy_session.cc:1058: [0702/164634:WARNING:spdy_session.cc(1058)] Received data frame for invalid stream 1
07-02 16:46:34.406   640  1588 D dalvikvm: GC_FOR_ALLOC freed 153K, 12% free 9854K/11079K, paused 54ms
07-02 16:46:35.852  1330  1655 W chromium: external/chromium/net/spdy/spdy_session.cc:1058: [0702/164635:WARNING:spdy_session.cc(1058)] Received data frame for invalid stream 1
07-02 16:46:35.852  1330  1655 W chromium: external/chromium/net/spdy/spdy_session.cc:1058: [0702/164635:WARNING:spdy_session.cc(1058)] Received data frame for invalid stream 1
07-02 16:46:36.184  1330  1330 D BrowserLogin: Finished login attempt for geoffrey.challen@gmail.com
07-02 16:46:36.391  1330  1330 D webviewglue: nativeDestroy view: 0x15545e0
07-02 16:46:36.391  1330  1946 I SqliteDatabaseCpp: sqlite returned: error code = 1, msg = no such table: CacheGroups, db=/data/data/com.android.browser/databases/browser2.db
07-02 16:46:36.391  1330  1946 I SqliteDatabaseCpp: sqlite returned: error code = 1, msg = no such table: Caches, db=/data/data/com.android.browser/databases/browser2.db
07-02 16:46:36.391  1330  1946 I SqliteDatabaseCpp: sqlite returned: error code = 1, msg = no such table: Origins, db=/data/data/com.android.browser/databases/browser2.db
07-02 16:46:36.395  1330  1946 I SqliteDatabaseCpp: sqlite returned: error code = 1, msg = no such table: DeletedCacheResources, db=/data/data/com.android.browser/databases/browser2.db
07-02 16:46:36.422  1330  1332 D dalvikvm: GC_CONCURRENT freed 326K, 5% free 9821K/10247K, paused 3ms+3ms
07-02 16:46:36.473   559   562 D dalvikvm: GC_CONCURRENT freed 397K, 14% free 10468K/12103K, paused 27ms+62ms
07-02 16:46:36.699  1330  1330 D dalvikvm: GC_FOR_ALLOC freed 54K, 5% free 9975K/10439K, paused 35ms
07-02 16:46:36.703  1330  1330 I dalvikvm-heap: Grow heap (frag case) to 10.437MB for 656656-byte allocation
07-02 16:46:36.758  1330  1332 D dalvikvm: GC_CONCURRENT freed 5K, 5% free 10611K/11143K, paused 3ms+2ms
07-02 16:46:37.024  1330  1330 W Tab     : Failed to save back/forward list for http://www.google.com/webhp?client=ms-unknown&source=android-home
07-02 16:46:37.051   640   665 D dalvikvm: GC_FOR_ALLOC freed 161K, 12% free 9851K/11079K, paused 52ms
07-02 16:46:38.086   155   487 I ActivityManager: Process com.google.android.googlequicksearchbox (pid 1187) has died.
07-02 16:46:38.207   640  1587 D dalvikvm: GC_FOR_ALLOC freed 139K, 12% free 9851K/11079K, paused 27ms
07-02 16:46:38.664   155   166 I ActivityManager: Process com.android.quicksearchbox (pid 1202) has died.
07-02 16:46:39.356   155   507 I ActivityManager: Process com.google.android.gallery3d (pid 1125) has died.
07-02 16:46:39.516   155   209 I ActivityManager: START {act=android.intent.action.MAIN cat=[android.intent.category.HOME] flg=0x10200000 cmp=com.android.launcher/com.android.launcher2.Launcher} from pid 155
07-02 16:46:39.649  1330  1330 D WebViewTimersControl: onBrowserActivityPause
07-02 16:46:39.649  1330  1330 D WebViewTimersControl: Pausing webview timers, view=com.android.browser.BrowserWebView@413e8408
07-02 16:46:39.660  1330  1332 D dalvikvm: GC_CONCURRENT freed 259K, 4% free 10816K/11207K, paused 61ms+14ms
07-02 16:46:39.809  1330  1330 D OpenGLRenderer: Flushing caches (mode 0)
07-02 16:46:39.844   155   166 W InputManagerService: Starting input on non-focused client com.android.internal.view.IInputMethodClient$Stub$Proxy@41470b58 (uid=10003 pid=1330)
07-02 16:46:39.852  1330  1330 D OpenGLRenderer: Flushing caches (mode 1)
07-02 16:46:39.942   155   507 I ActivityManager: Process com.google.android.syncadapters.calendar (pid 1659) has died.
07-02 16:46:40.395   155   485 I ActivityManager: Process com.google.android.apps.uploader (pid 1716) has died.
07-02 16:46:40.457   640  1588 D dalvikvm: GC_FOR_ALLOC freed 145K, 12% free 9852K/11079K, paused 36ms
07-02 16:46:40.770   155   487 I ActivityManager: Process com.google.android.talk (pid 1080) has died.
07-02 16:46:41.594  1464  1466 D dalvikvm: GC_CONCURRENT freed 952K, 40% free 11693K/19399K, paused 10ms+5ms
07-02 16:46:42.043   640   665 D dalvikvm: GC_FOR_ALLOC freed 151K, 12% free 9852K/11079K, paused 52ms
07-02 16:46:42.942  1330  1946 I SqliteDatabaseCpp: sqlite returned: error code = 1, msg = no such table: Permissions, db=/data/data/com.android.browser/databases/browser2.db
07-02 16:46:43.961   640  1587 D dalvikvm: GC_FOR_ALLOC freed 136K, 12% free 9851K/11079K, paused 20ms
07-02 16:46:44.504   640  1588 D dalvikvm: GC_FOR_ALLOC freed 151K, 12% free 9853K/11079K, paused 19ms
07-02 16:46:45.121   640   665 D dalvikvm: GC_FOR_ALLOC freed 139K, 12% free 9853K/11079K, paused 22ms
07-02 16:46:47.668   640  1587 D dalvikvm: GC_FOR_ALLOC freed 139K, 12% free 9852K/11079K, paused 30ms
07-02 16:46:48.082   559   562 D dalvikvm: GC_CONCURRENT freed 393K, 14% free 10465K/12103K, paused 7ms+7ms
07-02 16:46:48.477   640  1588 D dalvikvm: GC_FOR_ALLOC freed 136K, 12% free 9853K/11079K, paused 21ms
07-02 16:46:49.211   640   665 D dalvikvm: GC_FOR_ALLOC freed 139K, 12% free 9853K/11079K, paused 34ms
07-02 16:46:50.000   640  1587 D dalvikvm: GC_FOR_ALLOC freed 138K, 12% free 9853K/11079K, paused 41ms
07-02 16:46:50.071    83   131 D AudioHardware: AudioHardware pcm playback is exiting standby.
07-02 16:46:50.071    83   131 D AudioHardware: openPcmOut_l() mPcmOpenCnt: 0
07-02 16:46:50.199  1464  1631 D dalvikvm: GC_FOR_ALLOC freed 687K, 40% free 11663K/19399K, paused 86ms
07-02 16:46:50.293  1464  1631 D dalvikvm: GC_FOR_ALLOC freed 274K, 40% free 11832K/19399K, paused 22ms
07-02 16:46:50.414   155   166 I ActivityManager: Process com.android.vending (pid 1144) has died.
07-02 16:46:50.414   155   166 I WindowManager: WIN DEATH: Window{415aeda0 com.android.vending/com.android.vending.AssetBrowserActivity paused=false}
07-02 16:46:50.442  1464  1466 D dalvikvm: GC_CONCURRENT freed 52K, 35% free 12707K/19399K, paused 3ms+10ms
07-02 16:46:50.574  1464  1507 D dalvikvm: GC_FOR_ALLOC freed 68K, 34% free 12920K/19399K, paused 20ms
07-02 16:46:50.656  1464  1466 D dalvikvm: GC_CONCURRENT freed 4K, 27% free 14177K/19399K, paused 2ms+9ms
07-02 16:46:50.946  1464  1466 D dalvikvm: GC_CONCURRENT freed 3975K, 39% free 11917K/19399K, paused 8ms+4ms
07-02 16:46:52.981  1464  1466 D dalvikvm: GC_CONCURRENT freed 632K, 38% free 12205K/19399K, paused 2ms+4ms
07-02 16:46:53.117  1464  1466 D dalvikvm: GC_CONCURRENT freed 285K, 34% free 12958K/19399K, paused 5ms+10ms
07-02 16:46:53.160    83   131 D AudioHardware: AudioHardware pcm playback is going to standby.
07-02 16:46:53.160    83   131 D AudioHardware: closePcmOut_l() mPcmOpenCnt: 1
07-02 16:46:53.235   640  1588 D dalvikvm: GC_FOR_ALLOC freed 157K, 12% free 9854K/11079K, paused 36ms
07-02 16:46:53.246  1464  1508 D dalvikvm: GC_FOR_ALLOC freed 68K, 33% free 13044K/19399K, paused 30ms
07-02 16:46:53.285  1464  1506 D dalvikvm: GC_FOR_ALLOC freed 4K, 27% free 14296K/19399K, paused 21ms
07-02 16:46:53.403  1464  1466 D dalvikvm: GC_CONCURRENT freed 3K, 26% free 14537K/19399K, paused 5ms+8ms
07-02 16:46:53.602  1464  1631 D dalvikvm: GC_FOR_ALLOC freed 3510K, 35% free 12725K/19399K, paused 25ms
07-02 16:46:53.676  1464  1466 D dalvikvm: GC_CONCURRENT freed 350K, 31% free 13573K/19399K, paused 2ms+4ms
07-02 16:46:54.086   640   665 D dalvikvm: GC_FOR_ALLOC freed 141K, 12% free 9853K/11079K, paused 19ms
07-02 16:46:54.133    83   131 D AudioHardware: AudioHardware pcm playback is exiting standby.
07-02 16:46:54.133    83   131 D AudioHardware: openPcmOut_l() mPcmOpenCnt: 0
07-02 16:46:54.223   155   491 I ActivityManager: START {act=android.intent.action.MAIN cat=[android.intent.category.LAUNCHER] flg=0x10200000 cmp=com.android.vending/.AssetBrowserActivity} from pid 1464
07-02 16:46:54.344   155   491 D dalvikvm: GC_FOR_ALLOC freed 451K, 9% free 12778K/13959K, paused 84ms
07-02 16:46:54.485   155   633 I ActivityManager: Start proc com.android.vending for activity com.android.vending/.AssetBrowserActivity: pid=1974 uid=10045 gids={3003, 1015}
07-02 16:46:54.524    81    81 D dalvikvm: GC_EXPLICIT freed 36K, 4% free 9031K/9347K, paused 1ms+4ms
07-02 16:46:54.629    81    81 D dalvikvm: GC_EXPLICIT freed <1K, 4% free 9031K/9347K, paused 8ms+24ms
07-02 16:46:54.676  1464  1464 D OpenGLRenderer: Flushing caches (mode 1)
07-02 16:46:54.696    81    81 D dalvikvm: GC_EXPLICIT freed <1K, 4% free 9031K/9347K, paused 3ms+4ms
07-02 16:46:54.805  1974  1974 I ActivityThread: Pub com.google.android.finsky.QSBSuggestionsProvider: com.google.android.finsky.providers.QSBSuggestionsProvider
07-02 16:46:54.844  1974  1974 I ActivityThread: Pub com.google.android.finsky.AppIconProvider: com.google.android.finsky.providers.AppIconProvider
07-02 16:46:54.852  1464  1464 D OpenGLRenderer: Flushing caches (mode 0)
07-02 16:46:54.871  1974  1974 I ActivityThread: Pub com.google.android.finsky.RecentSuggestionsProvider: com.google.android.finsky.providers.RecentSuggestionsProvider
07-02 16:46:54.926   589   589 D OpenGLRenderer: Flushing caches (mode 1)
07-02 16:46:54.930  1330  1330 D OpenGLRenderer: Flushing caches (mode 1)
07-02 16:46:54.953  1234  1234 D OpenGLRenderer: Flushing caches (mode 2)
07-02 16:46:54.957  1397  1397 D OpenGLRenderer: Flushing caches (mode 2)
07-02 16:46:55.000  1397  1397 D OpenGLRenderer: Flushing caches (mode 0)
07-02 16:46:55.028  1234  1234 D OpenGLRenderer: Flushing caches (mode 0)
07-02 16:46:55.039  1234  1234 D OpenGLRenderer: Flushing caches (mode 0)
07-02 16:46:55.039  1234  1234 D OpenGLRenderer: Flushing caches (mode 0)
07-02 16:46:55.102   155   171 I Process : Sending signal. PID: 1974 SIG: 3
07-02 16:46:55.102  1974  1976 I dalvikvm: threadid=3: reacting to signal 3
07-02 16:46:55.164  1974  1976 I dalvikvm: Wrote stack traces to '/data/anr/traces.txt'
07-02 16:46:55.192  1974  1975 D dalvikvm: GC_CONCURRENT freed 207K, 4% free 9274K/9607K, paused 63ms+2ms
07-02 16:46:55.469  1974  1975 D dalvikvm: GC_CONCURRENT freed 371K, 5% free 9397K/9863K, paused 13ms+2ms
07-02 16:46:55.528   640  1587 D dalvikvm: GC_FOR_ALLOC freed 139K, 12% free 9854K/11079K, paused 36ms
07-02 16:46:55.574   155   171 I Process : Sending signal. PID: 1974 SIG: 3
07-02 16:46:55.574  1974  1976 I dalvikvm: threadid=3: reacting to signal 3
07-02 16:46:55.602  1974  1976 I dalvikvm: Wrote stack traces to '/data/anr/traces.txt'
07-02 16:46:55.614  1974  1974 D Finsky  : [1] DailyHygiene.goMakeHygieneIfDirty: No need to run daily hygiene.
07-02 16:46:55.809  1974  1975 D dalvikvm: GC_CONCURRENT freed 385K, 5% free 9438K/9927K, paused 3ms+5ms
07-02 16:46:55.957   559   562 D dalvikvm: GC_CONCURRENT freed 389K, 14% free 10465K/12103K, paused 3ms+8ms
07-02 16:46:56.047  1974  1975 D dalvikvm: GC_CONCURRENT freed 294K, 4% free 9688K/10055K, paused 2ms+3ms
07-02 16:46:56.071   155   171 I Process : Sending signal. PID: 1974 SIG: 3
07-02 16:46:56.071  1974  1976 I dalvikvm: threadid=3: reacting to signal 3
07-02 16:46:56.094  1974  1976 I dalvikvm: Wrote stack traces to '/data/anr/traces.txt'
07-02 16:46:56.305  1974  1975 D dalvikvm: GC_CONCURRENT freed 365K, 5% free 9895K/10311K, paused 3ms+4ms
07-02 16:46:56.426   640  1588 D dalvikvm: GC_FOR_ALLOC freed 142K, 12% free 9849K/11079K, paused 35ms
07-02 16:46:56.469  1974  1975 D dalvikvm: GC_CONCURRENT freed 134K, 3% free 10239K/10503K, paused 2ms+2ms
07-02 16:46:56.559  1974  1974 D Finsky  : [1] DetailsDataBasedFragment.rebindViews: Page [class=DetailsFragment] loaded in [579 ms] (partial? false)
07-02 16:46:56.571   155   171 I Process : Sending signal. PID: 1974 SIG: 3
07-02 16:46:56.571  1974  1976 I dalvikvm: threadid=3: reacting to signal 3
07-02 16:46:56.602  1974  1976 I dalvikvm: Wrote stack traces to '/data/anr/traces.txt'
07-02 16:46:56.688  1974  1975 D dalvikvm: GC_CONCURRENT freed 69K, 2% free 10605K/10759K, paused 3ms+5ms
07-02 16:46:56.762   155   633 D dalvikvm: GC_EXPLICIT freed 298K, 9% free 12792K/13959K, paused 3ms+5ms
07-02 16:46:56.778  1974  1974 D Finsky  : [1] 2.run: Loaded library for account: [bqescTjBHWPvghyo9LkyPaFEX_s]
07-02 16:46:56.778  1974  1974 D Finsky  : [1] 2.run: Finished loading 1 libraries.
07-02 16:46:56.781  1974  1974 D Finsky  : [1] 1.onPostExecute: Attempt recovery of content://downloads/my_downloads/2 194
07-02 16:46:56.781  1974  1974 D Finsky  : [1] 1.onPostExecute: Releasing content://downloads/my_downloads/2 194
07-02 16:46:56.848   589   589 D OpenGLRenderer: Flushing caches (mode 1)
07-02 16:46:56.871  1330  1330 D OpenGLRenderer: Flushing caches (mode 1)
07-02 16:46:56.895   589   589 D OpenGLRenderer: Flushing caches (mode 1)
07-02 16:46:56.961  1974  1975 D dalvikvm: GC_CONCURRENT freed 517K, 6% free 10584K/11207K, paused 2ms+5ms
07-02 16:46:57.071   155   171 I Process : Sending signal. PID: 1974 SIG: 3
07-02 16:46:57.071  1974  1976 I dalvikvm: threadid=3: reacting to signal 3
07-02 16:46:57.098  1974  1976 I dalvikvm: Wrote stack traces to '/data/anr/traces.txt'
07-02 16:46:57.184  1974  1975 D dalvikvm: GC_CONCURRENT freed 257K, 4% free 10846K/11207K, paused 1ms+4ms
07-02 16:46:57.203  1974  1974 D Finsky  : [1] DetailsDataBasedFragment.rebindViews: Page [class=DetailsFragment] loaded in [1219 ms] (partial? true)
07-02 16:46:57.227    83   131 D AudioHardware: AudioHardware pcm playback is going to standby.
07-02 16:46:57.227    83   131 D AudioHardware: closePcmOut_l() mPcmOpenCnt: 1
07-02 16:46:57.242  1974  1994 D dalvikvm: GC_FOR_ALLOC freed 197K, 4% free 11008K/11463K, paused 26ms
07-02 16:46:57.336   640   725 D dalvikvm: GC_FOR_ALLOC freed 139K, 12% free 9849K/11079K, paused 35ms
07-02 16:46:57.340  1974  1994 D dalvikvm: GC_FOR_ALLOC freed 39K, 4% free 11265K/11655K, paused 35ms
07-02 16:46:57.403  1974  1994 D dalvikvm: GC_FOR_ALLOC freed 87K, 4% free 11647K/12039K, paused 22ms
07-02 16:46:57.516  1974  1974 D libEGL  : loaded /system/lib/egl/libGLES_android.so
07-02 16:46:57.524  1974  1974 D libEGL  : loaded /vendor/lib/egl/libEGL_POWERVR_SGX540_120.so
07-02 16:46:57.528  1974  1974 D libEGL  : loaded /vendor/lib/egl/libGLESv1_CM_POWERVR_SGX540_120.so
07-02 16:46:57.531  1974  1974 D libEGL  : loaded /vendor/lib/egl/libGLESv2_POWERVR_SGX540_120.so
07-02 16:46:57.571   155   171 I Process : Sending signal. PID: 1974 SIG: 3
07-02 16:46:57.571  1974  1976 I dalvikvm: threadid=3: reacting to signal 3
07-02 16:46:57.586  1974  1976 I dalvikvm: Wrote stack traces to '/data/anr/traces.txt'
07-02 16:46:57.614  1974  1974 D OpenGLRenderer: Enabling debug mode 0
07-02 16:46:57.836  1974  1974 D Finsky  : [1] InstallerImpl.kick: Installer kick null - starting com.google.android.apps.maps
07-02 16:46:57.879  1974  1974 D Finsky  : [1] DownloadImpl.setState: self-update-download from null to UNQUEUED.
07-02 16:46:57.883  1974  1974 D Finsky  : [1] DownloadQueueImpl.add: Download self-update-download added to DownloadQueue
07-02 16:46:57.887  1974  1974 D Finsky  : [1] DownloadImpl.setState: self-update-download from UNQUEUED to QUEUED.
07-02 16:46:57.926   589   589 D OpenGLRenderer: Flushing caches (mode 1)
07-02 16:46:57.930    85    85 I installd: free_cache(0) avail 970989568
07-02 16:46:58.047  1974  1975 D dalvikvm: GC_CONCURRENT freed 378K, 4% free 12165K/12615K, paused 2ms+6ms
07-02 16:46:58.071   155   171 I Process : Sending signal. PID: 1974 SIG: 3
07-02 16:46:58.071  1974  1976 I dalvikvm: threadid=3: reacting to signal 3
07-02 16:46:58.117  1974  1976 I dalvikvm: Wrote stack traces to '/data/anr/traces.txt'
07-02 16:46:58.285   455   455 I LatinIME: InputType.TYPE_NULL is specified
07-02 16:46:58.285   455   455 W LatinIME: Unexpected input class: inputType=0x00000000 imeOptions=0x00000000
07-02 16:46:58.395   155   491 W InputManagerService: Starting input on non-focused client com.android.internal.view.IInputMethodClient$Stub$Proxy@4137f810 (uid=10025 pid=1464)
07-02 16:46:58.422  1974  1975 D dalvikvm: GC_CONCURRENT freed 1347K, 11% free 11900K/13319K, paused 3ms+12ms
07-02 16:46:58.571   155   171 I Process : Sending signal. PID: 1974 SIG: 3
07-02 16:46:58.574  1974  1976 I dalvikvm: threadid=3: reacting to signal 3
07-02 16:46:58.664  1974  1976 I dalvikvm: Wrote stack traces to '/data/anr/traces.txt'
07-02 16:46:58.809   455   457 D dalvikvm: GC_CONCURRENT freed 1524K, 14% free 10559K/12167K, paused 5ms+4ms
07-02 16:46:58.871   390   390 D dalvikvm: GC_FOR_ALLOC freed 331K, 6% free 10133K/10759K, paused 57ms
07-02 16:46:58.895  1974  1975 D dalvikvm: GC_CONCURRENT freed 438K, 8% free 12359K/13319K, paused 2ms+3ms
07-02 16:46:59.043   390   390 D dalvikvm: GC_FOR_ALLOC freed 388K, 6% free 10117K/10759K, paused 34ms
07-02 16:46:59.074   155   171 I Process : Sending signal. PID: 1974 SIG: 3
07-02 16:46:59.074  1974  1976 I dalvikvm: threadid=3: reacting to signal 3
07-02 16:46:59.106  1974  1976 I dalvikvm: Wrote stack traces to '/data/anr/traces.txt'
07-02 16:46:59.149  1974  1974 D Finsky  : [1] DetailsDataBasedFragment.rebindViews: Page [class=DetailsFragment] loaded in [3168 ms] (partial? true)
07-02 16:46:59.207   640   664 D dalvikvm: GC_FOR_ALLOC freed 153K, 12% free 9850K/11079K, paused 38ms
07-02 16:46:59.223  1974  1994 D dalvikvm: GC_FOR_ALLOC freed 681K, 7% free 12636K/13511K, paused 43ms
07-02 16:46:59.239  1974  1974 D Finsky  : [1] DownloadQueueImpl.startDownload: Download self-update-download starting
07-02 16:46:59.348  1974  1994 D dalvikvm: GC_FOR_ALLOC freed 938K, 12% free 12304K/13895K, paused 28ms
07-02 16:46:59.406  1974  1974 D Finsky  : [1] DownloadImpl.setState: com.google.android.apps.maps from null to UNQUEUED.
07-02 16:46:59.406  1974  1974 D Finsky  : [1] DownloadQueueImpl.add: Download com.google.android.apps.maps added to DownloadQueue
07-02 16:46:59.406  1974  1974 D Finsky  : [1] DownloadImpl.setState: com.google.android.apps.maps from UNQUEUED to QUEUED.
07-02 16:46:59.559  1974  1974 D Finsky  : [1] MainActivity.initializeBilling: Optimistically initializing billing parameters.
07-02 16:46:59.574   155   171 I Process : Sending signal. PID: 1974 SIG: 3
07-02 16:46:59.574  1974  1976 I dalvikvm: threadid=3: reacting to signal 3
07-02 16:46:59.625  1974  1976 I dalvikvm: Wrote stack traces to '/data/anr/traces.txt'
07-02 16:46:59.672  1974  1974 D Finsky  : [1] DownloadImpl.setState: self-update-download from QUEUED to DOWNLOADING.
07-02 16:46:59.981   539  2017 I DownloadManager: Initiating request for download 4
07-02 16:47:00.074   155   171 I Process : Sending signal. PID: 1974 SIG: 3
07-02 16:47:00.074  1974  1976 I dalvikvm: threadid=3: reacting to signal 3
07-02 16:47:00.110  1974  1976 I dalvikvm: Wrote stack traces to '/data/anr/traces.txt'
07-02 16:47:00.254   155   204 I ActivityManager: Displayed com.android.vending/.AssetBrowserActivity: +5s897ms
07-02 16:47:00.262  1974  1974 D Finsky  : [1] DownloadQueueImpl.onStart: self-update-download: onStart
07-02 16:47:00.262  1974  1974 D Finsky  : [1] DownloadQueueImpl.notifyProgress: self-update-download: onProgress 0/-1 Status: 192.
07-02 16:47:00.406  1974  1975 D dalvikvm: GC_CONCURRENT freed 761K, 10% free 12537K/13895K, paused 3ms+4ms
07-02 16:47:00.711   539   541 D dalvikvm: GC_CONCURRENT freed 445K, 7% free 9474K/10119K, paused 1ms+3ms
07-02 16:47:00.914   640   665 D dalvikvm: GC_FOR_ALLOC freed 140K, 12% free 9849K/11079K, paused 38ms
07-02 16:47:02.832   640   730 D dalvikvm: GC_FOR_ALLOC freed 137K, 12% free 9849K/11079K, paused 28ms
07-02 16:47:04.996   155   157 D dalvikvm: GC_CONCURRENT freed 892K, 9% free 12778K/13959K, paused 4ms+8ms
07-02 16:47:05.145   559   562 D dalvikvm: GC_CONCURRENT freed 382K, 14% free 10480K/12103K, paused 4ms+5ms
07-02 16:47:05.207   640   730 D dalvikvm: GC_FOR_ALLOC freed 138K, 12% free 9850K/11079K, paused 24ms
07-02 16:47:08.313   640  1587 D dalvikvm: GC_FOR_ALLOC freed 140K, 12% free 9850K/11079K, paused 28ms
07-02 16:47:09.633  1974  1974 D Finsky  : [1] DownloadQueueImpl.notifyProgress: self-update-download: onProgress 4000309/4000309 Status: 200.
07-02 16:47:09.660  1974  1974 D Finsky  : [1] DownloadBroadcastReceiver.onReceive: Intent received at DownloadBroadcastReceiver
07-02 16:47:09.684  1974  1974 D Finsky  : [1] DownloadImpl.setState: self-update-download from DOWNLOADING to SUCCESS.
07-02 16:47:09.688  1974  1974 D Finsky  : [1] DownloadQueueImpl.onComplete: self-update-download: onComplete
07-02 16:47:09.688  1974  1974 D Finsky  : [1] DownloadQueueImpl.remove: Download self-update-download removed from DownloadQueue
07-02 16:47:09.688  1974  1974 D Finsky  : [1] SelfUpdateScheduler.onComplete: Self-update ready to be installed, waiting for market to close.
07-02 16:47:09.688    85    85 I installd: free_cache(7157652) avail 966889472
07-02 16:47:09.692  1974  1974 D Finsky  : [1] DownloadQueueImpl.startDownload: Download com.google.android.apps.maps starting
07-02 16:47:09.750  1974  1974 D Finsky  : [1] DownloadImpl.setState: com.google.android.apps.maps from QUEUED to DOWNLOADING.
07-02 16:47:09.750  1974  1974 D Finsky  : [1] DownloadQueueImpl.onStart: com.google.android.apps.maps: onStart
07-02 16:47:09.813   539   541 D dalvikvm: GC_CONCURRENT freed 433K, 7% free 9426K/10119K, paused 2ms+5ms
07-02 16:47:09.946  1974  1974 D Finsky  : [1] DownloadQueueImpl.notifyProgress: com.google.android.apps.maps: onProgress 0/-1 Status: 192.
07-02 16:47:10.000   539  2032 I DownloadManager: Initiating request for download 5
07-02 16:47:10.094   390   390 D dalvikvm: GC_FOR_ALLOC freed 28K, 4% free 10359K/10759K, paused 24ms
07-02 16:47:10.121   390   390 D dalvikvm: GC_FOR_ALLOC freed 193K, 6% free 10348K/10951K, paused 16ms
07-02 16:47:10.164   390   390 D dalvikvm: GC_FOR_ALLOC freed 168K, 6% free 10348K/10951K, paused 17ms
07-02 16:47:10.254   390   390 D dalvikvm: GC_FOR_ALLOC freed 371K, 6% free 10353K/10951K, paused 20ms
07-02 16:47:10.281  1974  1974 D Finsky  : [1] GetBillingCountriesAction.run: Skip getting fresh list of billing countries.
07-02 16:47:10.371   640   725 D dalvikvm: GC_FOR_ALLOC freed 182K, 12% free 9853K/11079K, paused 32ms
07-02 16:47:10.813   539  2032 I DownloadManager: Initiating request for download 5
07-02 16:47:14.645  1974  1992 D Volley  : [179] BasicNetwork.logSlowRequests: HTTP response for request=<[ ] https://market.android.com/suggest/SuggRequest?query=d&json=1&blob=1&blob_sz=72&hl=en&gl=US NORMAL 41> [lifetime=3201], [size=150], [rc=200], [retryCount=0]
07-02 16:47:14.696  1974  1974 D Volley  : [1] Request.finish: 3258 ms: [ ] https://market.android.com/suggest/SuggRequest?query=d&json=1&blob=1&blob_sz=72&hl=en&gl=US NORMAL 41
07-02 16:47:14.840   155   553 I ActivityManager: START {act=android.intent.action.CHOOSER cmp=android/com.android.internal.app.ChooserActivity (has extras)} from pid 1974
07-02 16:47:14.848    83   131 D AudioHardware: AudioHardware pcm playback is exiting standby.
07-02 16:47:14.848    83   131 D AudioHardware: openPcmOut_l() mPcmOpenCnt: 0
07-02 16:47:15.168   155   204 I ActivityManager: Displayed android/com.android.internal.app.ChooserActivity: +288ms
07-02 16:47:15.481   640  1588 D dalvikvm: GC_FOR_ALLOC freed 142K, 12% free 9849K/11079K, paused 104ms
07-02 16:47:16.121  1330  1330 D OpenGLRenderer: Flushing caches (mode 1)
07-02 16:47:16.125  1464  1464 D OpenGLRenderer: Flushing caches (mode 1)
07-02 16:47:16.125   589   589 D OpenGLRenderer: Flushing caches (mode 1)
07-02 16:47:16.156  1330  1330 D OpenGLRenderer: Flushing caches (mode 1)
07-02 16:47:16.156  1464  1464 D OpenGLRenderer: Flushing caches (mode 1)
07-02 16:47:16.156   589   589 D OpenGLRenderer: Flushing caches (mode 1)
07-02 16:47:16.203  1330  1330 D OpenGLRenderer: Flushing caches (mode 1)
07-02 16:47:16.203  1464  1464 D OpenGLRenderer: Flushing caches (mode 1)
07-02 16:47:16.223   589   589 D OpenGLRenderer: Flushing caches (mode 1)
07-02 16:47:16.645   155   155 D dalvikvm: GC_FOR_ALLOC freed 581K, 9% free 12772K/13959K, paused 85ms
07-02 16:47:16.746   155   610 W InputManagerService: Window already focused, ignoring focus gain of: com.android.internal.view.IInputMethodClient$Stub$Proxy@415ea530
07-02 16:47:16.750  1974  1974 D OpenGLRenderer: Flushing caches (mode 0)
07-02 16:47:19.633  1974  1975 D dalvikvm: GC_CONCURRENT freed 823K, 9% free 12775K/13895K, paused 5ms+14ms
07-02 16:47:20.637    83   131 D AudioHardware: AudioHardware pcm playback is going to standby.
07-02 16:47:20.637    83   131 D AudioHardware: closePcmOut_l() mPcmOpenCnt: 1
07-02 16:47:20.977   559   562 D dalvikvm: GC_CONCURRENT freed 383K, 14% free 10501K/12103K, paused 5ms+15ms
07-02 16:47:22.129  1974  1991 D Volley  : [178] BasicNetwork.logSlowRequests: HTTP response for request=<[ ] https://market.android.com/suggest/SuggRequest?query=dolphin&json=1&blob=1&blob_sz=72&hl=en&gl=US NORMAL 42> [lifetime=7302], [size=154], [rc=200], [retryCount=1]
07-02 16:47:22.156  1974  1974 D Volley  : [1] Request.finish: 7331 ms: [ ] https://market.android.com/suggest/SuggRequest?query=dolphin&json=1&blob=1&blob_sz=72&hl=en&gl=US NORMAL 42
07-02 16:47:23.293  1974  1981 I dalvikvm: Jit: resizing JitTable from 4096 to 8192
07-02 16:47:24.258   390   392 D dalvikvm: GC_CONCURRENT freed 166K, 4% free 10574K/10951K, paused 8ms+11ms
07-02 16:47:27.246   539   541 D dalvikvm: GC_CONCURRENT freed 341K, 7% free 9471K/10119K, paused 6ms+3ms
07-02 16:47:29.930  1330  1330 D OpenGLRenderer: Flushing caches (mode 1)
07-02 16:47:29.930  1464  1464 D OpenGLRenderer: Flushing caches (mode 1)
07-02 16:47:29.949   589   589 D OpenGLRenderer: Flushing caches (mode 1)
07-02 16:47:30.805   559   562 D dalvikvm: GC_CONCURRENT freed 345K, 13% free 10540K/12103K, paused 8ms+4ms
07-02 16:47:30.844   155   635 I ActivityManager: START {act=android.intent.action.SEARCH flg=0x10000000 cmp=com.android.vending/.AssetBrowserActivity (has extras)} from pid 1974
07-02 16:47:31.078   390   390 D dalvikvm: GC_FOR_ALLOC freed 442K, 8% free 10354K/11143K, paused 59ms
07-02 16:47:32.051  1330  1330 D OpenGLRenderer: Flushing caches (mode 1)
07-02 16:47:32.059  1464  1464 D OpenGLRenderer: Flushing caches (mode 1)
07-02 16:47:32.078   155   155 D dalvikvm: GC_EXPLICIT freed 714K, 9% free 12793K/13959K, paused 15ms+8ms
07-02 16:47:32.110   589   589 D OpenGLRenderer: Flushing caches (mode 1)
07-02 16:47:32.547  1974  1992 D Volley  : [179] BasicNetwork.logSlowRequests: HTTP response for request=<[ ] https://market.android.com/suggest/SuggRequest?query=do&json=1&blob=1&blob_sz=72&hl=en&gl=US NORMAL 44> [lifetime=9683], [size=148], [rc=200], [retryCount=0]
07-02 16:47:32.578  1974  1974 D Volley  : [1] Request.finish: 9715 ms: [ ] https://market.android.com/suggest/SuggRequest?query=do&json=1&blob=1&blob_sz=72&hl=en&gl=US NORMAL 44
07-02 16:47:32.610  1330  1330 D OpenGLRenderer: Flushing caches (mode 1)
07-02 16:47:32.610  1464  1464 D OpenGLRenderer: Flushing caches (mode 1)
07-02 16:47:32.621   589   589 D OpenGLRenderer: Flushing caches (mode 1)
07-02 16:47:32.906  1330  1330 D OpenGLRenderer: Flushing caches (mode 1)
07-02 16:47:32.906  1464  1464 D OpenGLRenderer: Flushing caches (mode 1)
07-02 16:47:32.906   589   589 D OpenGLRenderer: Flushing caches (mode 1)
07-02 16:47:32.946   155   197 I ActivityManager: Start proc com.google.android.gallery3d for service com.google.android.gallery3d/com.google.android.picasasync.PicasaSyncService: pid=2062 uid=10016 gids={3003, 1015}
07-02 16:47:33.071  2062  2062 I ActivityThread: Pub com.google.android.gallery3d.GooglePhotoProvider: com.google.android.picasasync.PicasaContentProvider
07-02 16:47:33.196  2062  2064 D dalvikvm: GC_CONCURRENT freed 418K, 6% free 9118K/9607K, paused 4ms+4ms
07-02 16:47:33.246  2062  2062 I ActivityThread: Pub com.google.android.gallery3d.provider: com.android.gallery3d.provider.GalleryProvider
07-02 16:47:33.356  2062  2064 D dalvikvm: GC_CONCURRENT freed 395K, 5% free 9196K/9671K, paused 2ms+9ms
07-02 16:47:33.403  2062  2062 D UploadsManager: load newPhotoTracker: null
07-02 16:47:33.403  2062  2062 D UploadsManager: load all accounts: null
07-02 16:47:33.403  2062  2062 D UploadsManager: load all account-album pairs: null
07-02 16:47:33.414  2062  2062 V PicasaContentProvider: querySettings: defaults: {sync_on_wifi_only=1, auto_upload_account_type=null, sync_on_battery=1, sync_picasa_on_wifi_only=1, auto_upload_enabled=0, video_upload_wifi_only=1, sync_on_roaming=0, auto_upload_account_name=null}
07-02 16:47:33.422  2062  2062 D UploadsManager:    settings not changed
07-02 16:47:33.426  2062  2075 D PicasaSync: sync account database
07-02 16:47:33.457  2062  2075 D PicasaSync: accounts in DB=1
07-02 16:47:33.457  2062  2075 V PicasaContentProvider: querySettings: defaults: {sync_on_wifi_only=1, auto_upload_account_type=null, sync_on_battery=1, sync_picasa_on_wifi_only=1, auto_upload_enabled=0, video_upload_wifi_only=1, sync_on_roaming=0, auto_upload_account_name=null}
07-02 16:47:33.461  2062  2075 D PicasaSyncManager: active network: NetworkInfo: type: WIFI[], state: CONNECTED/CONNECTED, reason: (unspecified), extra: (none), roaming: false, failover: false, isAvailable: true
07-02 16:47:33.461  2062  2075 D PicasaSyncManager: background data: true
07-02 16:47:33.531  2062  2077 D PicasaSyncService: start to perform sync on geoffrey.challen@gmail.com
07-02 16:47:33.637  2062  2075 V PicasaContentProvider: querySettings: defaults: {sync_on_wifi_only=1, auto_upload_account_type=null, sync_on_battery=1, sync_picasa_on_wifi_only=1, auto_upload_enabled=0, video_upload_wifi_only=1, sync_on_roaming=0, auto_upload_account_name=null}
07-02 16:47:33.637  2062  2075 D PicasaSyncManager: request sync for MetadataSyncTask (geoffrey.challen@gmail.com)
07-02 16:47:33.641  2062  2075 D PicasaSyncManager: battery info: true
07-02 16:47:33.676  2062  2077 D MetricsUtils: [PicasaSyncManager.getNextSyncTask time:141]
07-02 16:47:33.676  2062  2077 D PicasaSyncManager: perform sync task: MetadataSyncTask (geoffrey.challen@gmail.com)
07-02 16:47:33.696  1974  1991 D Volley  : [178] BasicNetwork.logSlowRequests: HTTP response for request=<[ ] https://android.clients.google.com/fdfe/log NORMAL 45> [lifetime=3825], [size=4], [rc=200], [retryCount=1]
07-02 16:47:33.715  1974  1974 D Volley  : [1] Request.finish: 3844 ms: [ ] https://android.clients.google.com/fdfe/log NORMAL 45
07-02 16:47:33.789  1974  1975 D dalvikvm: GC_CONCURRENT freed 1168K, 9% free 12863K/14087K, paused 3ms+8ms
07-02 16:47:33.906  1330  1330 D OpenGLRenderer: Flushing caches (mode 1)
07-02 16:47:33.906  1464  1464 D OpenGLRenderer: Flushing caches (mode 1)
07-02 16:47:34.274  1974  1974 D Volley  : [1] Request.finish: 3336 ms: [ ] https://android.clients.google.com/fdfe/search?c=3&q=swiftkey NORMAL 47
07-02 16:47:34.281   589   591 D dalvikvm: GC_CONCURRENT freed 359K, 8% free 9750K/10567K, paused 2ms+7ms
07-02 16:47:34.719  1974  1975 D dalvikvm: GC_CONCURRENT freed 726K, 6% free 13424K/14215K, paused 3ms+9ms
07-02 16:47:34.856   589   589 D OpenGLRenderer: Flushing caches (mode 1)
07-02 16:47:34.887  1464  1464 D OpenGLRenderer: Flushing caches (mode 1)
07-02 16:47:34.887  1330  1330 D OpenGLRenderer: Flushing caches (mode 1)
07-02 16:47:34.899   589   589 D OpenGLRenderer: Flushing caches (mode 1)
07-02 16:47:34.910  2062  2077 D PicasaAPI: getAlbums for geoffrey.challen@gmail.com, etag = null
07-02 16:47:35.196  2062  2064 D dalvikvm: GC_CONCURRENT freed 282K, 5% free 9326K/9735K, paused 3ms+3ms
07-02 16:47:37.746   539  2032 I qtaguid : Failed write_ctrl(u 54) res=-1 errno=22
07-02 16:47:37.746   539  2032 I qtaguid : Untagging socket 54 failed errno=-22
07-02 16:47:37.746   539  2032 W NetworkManagementSocketTagger: untagSocket(54) failed with errno -22
07-02 16:47:37.836  2062  2077 V PicasaAPI:    etag: --> W/"DUINQHw6eyp7ImA9WhJTEk4.",entryCount=4
07-02 16:47:37.844  2062  2077 V PicasaAPI:    done
07-02 16:47:37.844  2062  2077 D MetricsUtils: [PicasaApi.getAlbums in:2714 out:634 time:2936]
07-02 16:47:37.930  2062  2077 D MetricsUtils: [PicasaSyncHelper.syncAlbums geoffrey.challen@gmail.com time:3029]
07-02 16:47:37.949  2062  2077 D PicasaAPI: getAlbumPhotos for 104458319329547423859 / 5540180841090001985, etag: null
07-02 16:47:38.016  1974  1974 D Finsky  : [1] DownloadQueueImpl.notifyProgress: com.google.android.apps.maps: onProgress 7157652/7157652 Status: 200.
07-02 16:47:38.035  1974  1974 D Finsky  : [1] DownloadBroadcastReceiver.onReceive: Intent received at DownloadBroadcastReceiver
07-02 16:47:38.051  1974  1974 D Finsky  : [1] DownloadImpl.setState: com.google.android.apps.maps from DOWNLOADING to SUCCESS.
07-02 16:47:38.051  1974  1974 D Finsky  : [1] DownloadQueueImpl.onComplete: com.google.android.apps.maps: onComplete
07-02 16:47:38.051  1974  1974 D Finsky  : [1] DownloadQueueImpl.remove: Download com.google.android.apps.maps removed from DownloadQueue
07-02 16:47:38.055  1974  1974 D Finsky  : [1] SelfUpdateScheduler.onComplete: Self-update ignoring completed download com.google.android.apps.maps
07-02 16:47:38.055    85    85 I installd: free_cache(0) avail 959582208
07-02 16:47:38.137   390   390 D dalvikvm: GC_FOR_ALLOC freed 571K, 10% free 10136K/11143K, paused 21ms
07-02 16:47:38.199   390   392 D dalvikvm: GC_CONCURRENT freed 334K, 8% free 10261K/11143K, paused 1ms+3ms
07-02 16:47:38.305   390   392 D dalvikvm: GC_CONCURRENT freed 523K, 9% free 10168K/11143K, paused 2ms+3ms
07-02 16:47:38.653   390   392 D dalvikvm: GC_CONCURRENT freed 114K, 7% free 10440K/11143K, paused 2ms+3ms
07-02 16:47:38.746   390   390 D dalvikvm: GC_FOR_ALLOC freed 578K, 9% free 10231K/11143K, paused 20ms
07-02 16:47:38.781  2062  2077 V PicasaAPI:    etag: --> W/"CU8DQH4zfip7ImA9Wx5aGU8.",entryCount=0
07-02 16:47:38.781  2062  2077 D PicasaAPI:    done
07-02 16:47:38.781  2062  2077 D MetricsUtils: [PicasaApi.getAlbumPhotos in:1656 out:754 time:834]
07-02 16:47:38.805   155   175 W ActivityManager: No content provider found for permission revoke: file:///data/data/com.android.providers.downloads/cache/downloadfile-2.apk
07-02 16:47:38.867  2062  2077 D MetricsUtils: [PicasaSyncHelper.syncPhotos 5540180841090001985 time:916]
07-02 16:47:38.875  2062  2077 D PicasaAPI: getAlbumPhotos for 104458319329547423859 / 5631140646705008017, etag: null
07-02 16:47:39.000   155   175 W ActivityManager: No content provider found for permission revoke: file:///data/data/com.android.providers.downloads/cache/downloadfile-2.apk
07-02 16:47:39.305   155   157 D dalvikvm: GC_CONCURRENT freed 474K, 6% free 13155K/13959K, paused 3ms+5ms
07-02 16:47:39.520   155   157 D dalvikvm: GC_CONCURRENT freed 481K, 5% free 13679K/14279K, paused 2ms+8ms
07-02 16:47:39.606   155   175 D dalvikvm: GC_FOR_ALLOC freed 592K, 7% free 13920K/14919K, paused 49ms
07-02 16:47:39.664   155   175 D dalvikvm: GC_FOR_ALLOC freed 496K, 7% free 14125K/15047K, paused 46ms
07-02 16:47:39.883   155   157 D dalvikvm: GC_CONCURRENT freed 541K, 5% free 14775K/15431K, paused 2ms+5ms
07-02 16:47:40.141  2062  2077 V PicasaAPI:    etag: --> W/"CEYERHczeSp7ImA9WhdSEU0.",entryCount=0
07-02 16:47:40.141  2062  2077 D PicasaAPI:    done
07-02 16:47:40.141  2062  2077 D MetricsUtils: [PicasaApi.getAlbumPhotos in:1651 out:754 time:1269]
07-02 16:47:40.153   155   157 D dalvikvm: GC_CONCURRENT freed 690K, 6% free 15437K/16263K, paused 3ms+5ms
07-02 16:47:40.184  2062  2077 D MetricsUtils: [PicasaSyncHelper.syncPhotos 5631140646705008017 time:1315]
07-02 16:47:40.192  2062  2077 D PicasaAPI: getAlbumPhotos for 104458319329547423859 / 5631140662773374817, etag: null
07-02 16:47:40.406    83   131 D AudioHardware: AudioHardware pcm playback is exiting standby.
07-02 16:47:40.406    83   131 D AudioHardware: openPcmOut_l() mPcmOpenCnt: 0
07-02 16:47:40.555  1464  1464 D OpenGLRenderer: Flushing caches (mode 1)
07-02 16:47:40.672  1974  1974 D Finsky  : [1] DetailsDataBasedFragment.rebindViews: Page [class=DetailsFragment] loaded in [271 ms] (partial? false)
07-02 16:47:40.676   589   589 D OpenGLRenderer: Flushing caches (mode 1)
07-02 16:47:40.731  1330  1330 D OpenGLRenderer: Flushing caches (mode 2)
07-02 16:47:40.770  1330  1330 D OpenGLRenderer: Flushing caches (mode 0)
07-02 16:47:40.770  1330  1330 W ManagedEGLContext: doTerminate failed: EGL count is 2 but managed count is 1
07-02 16:47:41.063   155   157 D dalvikvm: GC_CONCURRENT freed 361K, 3% free 16594K/17095K, paused 7ms+9ms
07-02 16:47:41.067  2062  2064 D dalvikvm: GC_CONCURRENT freed 365K, 5% free 9373K/9863K, paused 26ms+40ms
07-02 16:47:41.172  2062  2077 V PicasaAPI:    etag: --> W/"Ak4ARng8eSp7ImA9WhRUFko.",entryCount=1
07-02 16:47:41.176  2062  2077 D PicasaAPI:    done
07-02 16:47:41.176  2062  2077 D MetricsUtils: [PicasaApi.getAlbumPhotos in:2454 out:754 time:986]
07-02 16:47:41.207  2062  2077 D MetricsUtils: [PicasaSyncHelper.syncPhotos 5631140662773374817 time:1021]
07-02 16:47:41.215  2062  2077 D PicasaAPI: getAlbumPhotos for 104458319329547423859 / 5713894085710166753, etag: null
07-02 16:47:41.524  1974  1975 D dalvikvm: GC_CONCURRENT freed 904K, 7% free 14007K/14983K, paused 2ms+9ms
07-02 16:47:41.871  1464  1464 D OpenGLRenderer: Flushing caches (mode 1)
07-02 16:47:41.949  1974  1974 D Finsky  : [1] DetailsDataBasedFragment.rebindViews: Page [class=DetailsFragment] loaded in [1548 ms] (partial? true)
07-02 16:47:42.078   589   589 D OpenGLRenderer: Flushing caches (mode 1)
07-02 16:47:42.145  1974  1998 D dalvikvm: GC_FOR_ALLOC freed 1022K, 8% free 14486K/15623K, paused 77ms
07-02 16:47:42.168  1464  1464 D OpenGLRenderer: Flushing caches (mode 1)
07-02 16:47:42.297  1330  1330 D OpenGLRenderer: Flushing caches (mode 2)
07-02 16:47:42.297  1330  1330 D OpenGLRenderer: Flushing caches (mode 0)
07-02 16:47:42.297   589   589 D OpenGLRenderer: Flushing caches (mode 1)
07-02 16:47:42.297  1330  1330 W ManagedEGLContext: doTerminate failed: EGL count is 2 but managed count is 1
07-02 16:47:42.301  1330  1330 D OpenGLRenderer: Flushing caches (mode 2)
07-02 16:47:42.344  1974  1995 D dalvikvm: GC_FOR_ALLOC freed 436K, 7% free 15321K/16391K, paused 39ms
07-02 16:47:42.356  1330  1330 D OpenGLRenderer: Flushing caches (mode 0)
07-02 16:47:42.367  1330  1330 W ManagedEGLContext: doTerminate failed: EGL count is 2 but managed count is 1
07-02 16:47:42.688  2062  2077 V PicasaAPI:    etag: --> W/"A0EHRno8eyp7ImA9WhVTE0s.",entryCount=0
07-02 16:47:42.699  2062  2077 D PicasaAPI:    done
07-02 16:47:42.719  2062  2077 D MetricsUtils: [PicasaApi.getAlbumPhotos in:1618 out:754 time:1489]
07-02 16:47:42.918  2062  2077 D MetricsUtils: [PicasaSyncHelper.syncPhotos 5713894085710166753 time:1709]
07-02 16:47:43.043  2062  2077 D PicasaSyncManager: sync complete: SyncResult: stats [ numUpdates: 5]
07-02 16:47:43.172  2062  2077 D MetricsUtils: [PicasaSyncManager.getNextSyncTask time:129]
07-02 16:47:43.172  2062  2077 D PicasaSyncManager: perform sync task: PrefetchFullImage (geoffrey.challen@gmail.com)
07-02 16:47:43.375   155   157 D dalvikvm: GC_CONCURRENT freed 2230K, 13% free 16167K/18503K, paused 6ms+5ms
07-02 16:47:43.379  2062  2077 D MetricsUtils: [PrefetchHelper.cleanCache time:159]
07-02 16:47:43.438  2062  2077 D PicasaSyncManager: sync complete: SyncResult: stats [ numUpdates: 5]
07-02 16:47:43.461  2062  2077 D PicasaSyncManager: perform sync task: PrefetchAlbumCover (geoffrey.challen@gmail.com)
07-02 16:47:43.496    83   131 D AudioHardware: AudioHardware pcm playback is going to standby.
07-02 16:47:43.496    83   131 D AudioHardware: closePcmOut_l() mPcmOpenCnt: 1
07-02 16:47:43.645   155   157 D dalvikvm: GC_CONCURRENT freed 1689K, 13% free 16169K/18503K, paused 3ms+5ms
07-02 16:47:43.797   155   507 I ActivityManager: START {flg=0x20010000 cmp=com.android.vending/com.google.android.finsky.activities.PurchaseDialog (has extras)} from pid 1974
07-02 16:47:43.805    83   131 D AudioHardware: AudioHardware pcm playback is exiting standby.
07-02 16:47:43.805    83   131 D AudioHardware: openPcmOut_l() mPcmOpenCnt: 0
07-02 16:47:43.961  1464  1464 D OpenGLRenderer: Flushing caches (mode 1)
07-02 16:47:43.961   589   589 D OpenGLRenderer: Flushing caches (mode 1)
07-02 16:47:43.969  1974  1974 D Finsky  : [1] SelfUpdateScheduler.checkForSelfUpdate: Skipping self-update check as there is an update already queued.
07-02 16:47:43.985  1330  1330 D OpenGLRenderer: Flushing caches (mode 2)
07-02 16:47:44.067   155   204 I ActivityManager: Displayed com.android.vending/com.google.android.finsky.activities.PurchaseDialog: +244ms
07-02 16:47:44.082  1330  1330 D OpenGLRenderer: Flushing caches (mode 0)
07-02 16:47:44.082  1330  1330 W ManagedEGLContext: doTerminate failed: EGL count is 2 but managed count is 1
07-02 16:47:44.160  1974  1974 D OpenGLRenderer: Flushing caches (mode 0)
07-02 16:47:44.188  2062  2064 D dalvikvm: GC_CONCURRENT freed 370K, 5% free 9432K/9927K, paused 2ms+2ms
07-02 16:47:44.446   155   157 D dalvikvm: GC_CONCURRENT freed 1708K, 13% free 16175K/18503K, paused 2ms+8ms
07-02 16:47:44.770   155   157 D dalvikvm: GC_CONCURRENT freed 1656K, 13% free 16192K/18503K, paused 2ms+6ms
07-02 16:47:44.992   155   157 D dalvikvm: GC_CONCURRENT freed 1702K, 13% free 16217K/18503K, paused 2ms+6ms
07-02 16:47:45.199   155   157 D dalvikvm: GC_CONCURRENT freed 1718K, 13% free 16228K/18503K, paused 2ms+6ms
07-02 16:47:45.426   155   157 D dalvikvm: GC_CONCURRENT freed 1720K, 13% free 16248K/18503K, paused 2ms+9ms
07-02 16:47:45.649  2062  2077 D PicasaSyncManager: sync complete: SyncResult: stats [ numUpdates: 5]
07-02 16:47:45.707  2062  2077 D PicasaSyncManager: perform sync task: PrefetchScreenNail (geoffrey.challen@gmail.com)
07-02 16:47:45.946   155   157 D dalvikvm: GC_CONCURRENT freed 1722K, 13% free 16235K/18503K, paused 3ms+16ms
07-02 16:47:46.117  2062  2064 D dalvikvm: GC_CONCURRENT freed 351K, 5% free 9510K/9991K, paused 13ms+3ms
07-02 16:47:46.473   155   157 D dalvikvm: GC_CONCURRENT freed 1688K, 13% free 16268K/18503K, paused 3ms+6ms
07-02 16:47:46.617  2062  2077 D PicasaSyncManager: sync complete: SyncResult: stats [ numUpdates: 5]
07-02 16:47:46.653  1974  1974 D Finsky  : [1] InstallerImpl.requestInstall: Request install of com.touchtype.swiftkey v=402657680
07-02 16:47:46.653  1974  1974 D Finsky  : [1] InstallerImpl.kick: Installer kick com.touchtype.swiftkey - no action because busy.
07-02 16:47:46.696  2062  2077 D PicasaSyncService: sync finished - false
07-02 16:47:46.840  1974  1975 D dalvikvm: GC_CONCURRENT freed 1047K, 7% free 16355K/17479K, paused 9ms+12ms
07-02 16:47:47.004  1974  1974 D Finsky  : [1] DetailsDataBasedFragment.rebindViews: Page [class=DetailsFragment] loaded in [6601 ms] (partial? false)
07-02 16:47:47.297   155   171 I Process : Sending signal. PID: 1974 SIG: 3
07-02 16:47:47.297  1974  1976 I dalvikvm: threadid=3: reacting to signal 3
07-02 16:47:47.340  1974  1976 I dalvikvm: Wrote stack traces to '/data/anr/traces.txt'
07-02 16:47:47.356  1974  1974 D Finsky  : [1] DetailsDataBasedFragment.rebindViews: Page [class=DetailsFragment] loaded in [6955 ms] (partial? true)
07-02 16:47:47.813  1974  1974 D OpenGLRenderer: Flushing caches (mode 0)
07-02 16:47:48.074   155   157 D dalvikvm: GC_CONCURRENT freed 1696K, 13% free 16280K/18503K, paused 4ms+6ms
07-02 16:47:48.551   155   157 D dalvikvm: GC_CONCURRENT freed 1709K, 13% free 16279K/18503K, paused 3ms+7ms
07-02 16:47:48.891   155   157 D dalvikvm: GC_CONCURRENT freed 1689K, 12% free 16319K/18503K, paused 5ms+6ms
07-02 16:47:48.981   589   589 D OpenGLRenderer: Flushing caches (mode 1)
07-02 16:47:49.059   640  1587 D dalvikvm: GC_EXPLICIT freed 148K, 11% free 9878K/11079K, paused 10ms+9ms
07-02 16:47:49.313   155   157 D dalvikvm: GC_CONCURRENT freed 1740K, 12% free 16300K/18503K, paused 3ms+8ms
07-02 16:47:49.477   155   197 I ActivityManager: Start proc com.google.android.syncadapters.calendar for service com.google.android.syncadapters.calendar/.CalendarSyncAdapterService: pid=2099 uid=10018 gids={3003}
07-02 16:47:49.516   155   175 I PackageManager: New shared user com.google.android.apps.maps: id=10053
07-02 16:47:49.660  1330  1330 D OpenGLRenderer: Flushing caches (mode 2)
07-02 16:47:49.660  1330  1330 D OpenGLRenderer: Flushing caches (mode 0)
07-02 16:47:49.660   589   589 D OpenGLRenderer: Flushing caches (mode 1)
07-02 16:47:49.660  1330  1330 W ManagedEGLContext: doTerminate failed: EGL count is 2 but managed count is 1
07-02 16:47:49.660  1464  1464 D OpenGLRenderer: Flushing caches (mode 2)
07-02 16:47:49.668  1464  1464 D OpenGLRenderer: Flushing caches (mode 0)
07-02 16:47:49.703    83   131 D AudioHardware: AudioHardware pcm playback is going to standby.
07-02 16:47:49.703    83   131 D AudioHardware: closePcmOut_l() mPcmOpenCnt: 1
07-02 16:47:49.735   589   589 D OpenGLRenderer: Flushing caches (mode 1)
07-02 16:47:49.735  1330  1330 D OpenGLRenderer: Flushing caches (mode 2)
07-02 16:47:49.739  1330  1330 D OpenGLRenderer: Flushing caches (mode 0)
07-02 16:47:49.739  1330  1330 W ManagedEGLContext: doTerminate failed: EGL count is 2 but managed count is 1
07-02 16:47:49.809   155   175 I PackageManager: Running dexopt on: com.google.android.apps.maps
07-02 16:47:52.438   589   589 D OpenGLRenderer: Flushing caches (mode 1)
07-02 16:47:53.067   737   739 D dalvikvm: GC_CONCURRENT freed 450K, 6% free 9220K/9799K, paused 41ms+5ms
07-02 16:47:53.285   589   589 D OpenGLRenderer: Flushing caches (mode 1)
07-02 16:47:53.293  1330  1330 D OpenGLRenderer: Flushing caches (mode 2)
07-02 16:47:53.457  1330  1330 D OpenGLRenderer: Flushing caches (mode 0)
07-02 16:47:53.457  1330  1330 W ManagedEGLContext: doTerminate failed: EGL count is 2 but managed count is 1
07-02 16:47:53.942  1397  1400 D dalvikvm: GC_CONCURRENT freed 183K, 4% free 9417K/9735K, paused 34ms+85ms
07-02 16:47:53.953   390   392 D dalvikvm: GC_CONCURRENT freed 271K, 8% free 10343K/11143K, paused 6ms+3ms
07-02 16:47:54.043  1397  1406 W CursorWrapperInner: Cursor finalized without prior close()
07-02 16:47:54.449   589   589 D OpenGLRenderer: Flushing caches (mode 1)
07-02 16:47:54.512  1330  1330 D OpenGLRenderer: Flushing caches (mode 2)
07-02 16:47:54.520  1330  1330 D OpenGLRenderer: Flushing caches (mode 0)
07-02 16:47:54.524  1330  1330 W ManagedEGLContext: doTerminate failed: EGL count is 2 but managed count is 1
07-02 16:47:54.793   589   589 D OpenGLRenderer: Flushing caches (mode 1)
07-02 16:47:54.969  1330  1330 D OpenGLRenderer: Flushing caches (mode 2)
07-02 16:47:54.969  1330  1330 D OpenGLRenderer: Flushing caches (mode 0)
07-02 16:47:55.008  1330  1330 W ManagedEGLContext: doTerminate failed: EGL count is 2 but managed count is 1
07-02 16:47:55.074   155   155 W InputManagerService: Window already focused, ignoring focus gain of: com.android.internal.view.IInputMethodClient$Stub$Proxy@41973600
07-02 16:47:55.309   589   589 D OpenGLRenderer: Flushing caches (mode 1)
07-02 16:47:55.504  1330  1330 D OpenGLRenderer: Flushing caches (mode 2)
07-02 16:47:55.508  1330  1330 D OpenGLRenderer: Flushing caches (mode 0)
07-02 16:47:55.508  1330  1330 W ManagedEGLContext: doTerminate failed: EGL count is 2 but managed count is 1
07-02 16:47:55.817   737   836 I CalendarProvider2: No events to update: uri=content://com.android.calendar/events?account_name=geoffrey.challen%40gmail.com&account_type=com.google&caller_is_syncadapter=true selection=_sync_id IS NOT NULL AND calendar_id=1 selectionArgs=null
07-02 16:47:55.906   589   589 D OpenGLRenderer: Flushing caches (mode 1)
07-02 16:47:56.035  1330  1330 D OpenGLRenderer: Flushing caches (mode 2)
07-02 16:47:56.082  1330  1330 D OpenGLRenderer: Flushing caches (mode 0)
07-02 16:47:56.090  1330  1330 W ManagedEGLContext: doTerminate failed: EGL count is 2 but managed count is 1
07-02 16:47:56.387  2115  2115 D dalvikvm: DexOpt: load 1533ms, verify+opt 3774ms
07-02 16:47:56.617   589   589 D OpenGLRenderer: Flushing caches (mode 1)
07-02 16:47:56.625  1330  1330 D OpenGLRenderer: Flushing caches (mode 2)
07-02 16:47:56.625  1330  1330 D OpenGLRenderer: Flushing caches (mode 0)
07-02 16:47:56.625  1330  1330 W ManagedEGLContext: doTerminate failed: EGL count is 2 but managed count is 1
07-02 16:47:56.668   589   589 D OpenGLRenderer: Flushing caches (mode 1)
07-02 16:47:56.672  1330  1330 D OpenGLRenderer: Flushing caches (mode 2)
07-02 16:47:56.672  1330  1330 D OpenGLRenderer: Flushing caches (mode 0)
07-02 16:47:56.676  1330  1330 W ManagedEGLContext: doTerminate failed: EGL count is 2 but managed count is 1
07-02 16:47:56.914   155   172 I ActivityManager: Force stopping package com.google.android.apps.maps uid=10053
07-02 16:47:57.098  2099  2102 D dalvikvm: GC_CONCURRENT freed 281K, 5% free 9190K/9607K, paused 22ms+6ms
07-02 16:47:57.156   155   175 D PackageManager: New package installed in /data/app/com.google.android.apps.maps-1.apk
07-02 16:47:57.168   155   175 W PackageManager: Unknown permission com.android.vending.permission.UPDATE_MARKET_FAILURE in package com.android.vending.updater
07-02 16:47:57.176   155   175 W PackageManager: Unknown permission android.permission.ADD_SYSTEM_SERVICE in package com.android.phone
07-02 16:47:57.184   155   175 W PackageManager: Unknown permission com.google.android.apps.googlevoice.permission.AUTO_SEND in package com.google.android.voicesearch
07-02 16:47:57.184   155   175 W PackageManager: Unknown permission com.google.android.gm.permission.AUTO_SEND in package com.google.android.voicesearch
07-02 16:47:57.188   155   175 W PackageManager: Unknown permission com.android.vending.billing.IBillingAccountService.BIND2 in package com.google.android.gsf.login
07-02 16:47:57.188   155   175 W PackageManager: Not granting permission android.permission.SEND_DOWNLOAD_COMPLETED_INTENTS to package com.android.browser (protectionLevel=2 flags=0x9be45)
07-02 16:47:57.188   155   175 W PackageManager: Unknown permission com.google.android.gm.permission.READ_GMAIL in package com.google.android.talk
07-02 16:47:57.192   155   175 W PackageManager: Unknown permission android.permission.READ_OWNER_DATA in package com.google.android.setupwizard
07-02 16:47:57.192   155   175 W PackageManager: Unknown permission android.permission.WRITE_OWNER_DATA in package com.google.android.setupwizard
07-02 16:47:57.196   155   175 W PackageManager: Unknown permission android.permission.WRITE_CDMA_CARRIER_SETTINGS in package com.android.sprintmenu
07-02 16:47:57.196   155   175 W PackageManager: Unknown permission android.permission.CHANGE_DUN_STATE in package com.android.sprintmenu
07-02 16:47:57.196   155   175 W PackageManager: Unknown permission android.permission.READ_EXTERNAL_STORAGE in package com.android.videoeditor
07-02 16:47:57.199   155   175 W PackageManager: Unknown permission com.google.android.gm.permission.READ_GMAIL in package com.google.android.apps.uploader
07-02 16:47:57.199   155   175 W PackageManager: Unknown permission android.permission.READ_EXTERNAL_STORAGE in package com.android.vending
07-02 16:47:57.207   155   175 W PackageManager: Unknown permission com.sprint.internal.permission.CONNECTIONMANAGER in package com.samsung.update
07-02 16:47:57.207   155   175 W PackageManager: Unknown permission com.sprint.internal.permission.SYSTEMPROPERTIES in package com.samsung.update
07-02 16:47:57.207   155   175 W PackageManager: Unknown permission com.sprint.internal.permission.SYSTEMPROPERTIES_WRITE in package com.samsung.update
07-02 16:47:57.207   155   175 W PackageManager: Not granting permission android.permission.DEVICE_POWER to package com.android.deskclock (protectionLevel=2 flags=0x8be45)
07-02 16:47:57.223   155   175 W PackageManager: Unknown permission android.permission.FLAG_RECEIVER_REGISTERED_ONLY_BEFORE_BOOT in package com.samsung.wimax
07-02 16:47:57.227   155   175 W PackageManager: Unknown permission com.android.providers.im.permission.READ_ONLY in package com.google.android.apps.maps
07-02 16:47:57.383   492   492 I RegisteredComponentCache: ComponentInfo: ResolveInfo{4133d418 com.android.apps.tag.TagViewer p=0 o=0 m=0x108000}, techs: android.nfc.tech.Ndef, 
07-02 16:47:57.492   155   171 D PackageManager: generateServicesMap(android.accounts.AccountAuthenticator): 3 services unchanged
07-02 16:47:57.504   589   589 D OpenGLRenderer: Flushing caches (mode 1)
07-02 16:47:57.508  1330  1330 D OpenGLRenderer: Flushing caches (mode 2)
07-02 16:47:57.512  1330  1330 D OpenGLRenderer: Flushing caches (mode 0)
07-02 16:47:57.512  1330  1330 W ManagedEGLContext: doTerminate failed: EGL count is 2 but managed count is 1
07-02 16:47:57.656  1464  1464 I Launcher: setLoadOnResume
07-02 16:47:57.746   155   171 D PackageManager: generateServicesMap(android.content.SyncAdapter): 9 services unchanged
07-02 16:47:57.754   155   553 I ActivityManager: Start proc com.google.android.partnersetup for broadcast com.google.android.partnersetup/.RlzPingBroadcastReceiver: pid=2123 uid=10020 gids={3003}
07-02 16:47:57.821   155   171 W ResourceType: Failure getting entry for 0x7f060000 (t=5 e=0) in package 0 (error -75)
07-02 16:47:57.840   559   562 D dalvikvm: GC_CONCURRENT freed 378K, 13% free 10546K/12103K, paused 3ms+19ms
07-02 16:47:57.938   155   171 D BackupManagerService: Received broadcast Intent { act=android.intent.action.PACKAGE_ADDED dat=package:com.google.android.apps.maps flg=0x10000010 (has extras) }
07-02 16:47:57.985  2123  2123 I ActivityThread: Pub com.google.android.partnersetup.rlzprovider: com.google.android.partnersetup.RlzProvider
07-02 16:47:57.992  2123  2123 I ActivityThread: Pub com.google.android.partnersetup.rlzappprovider: com.google.android.partnersetup.RlzAppProvider
07-02 16:47:58.098   155   507 I ActivityManager: Start proc com.android.musicfx for broadcast com.android.musicfx/.Compatibility$Receiver: pid=2137 uid=10032 gids={3003, 3002}
07-02 16:47:58.141   155   171 V BackupManagerService: addPackageParticipantsLocked: #1
07-02 16:47:58.391  1464  1466 D dalvikvm: GC_CONCURRENT freed 3163K, 40% free 11803K/19399K, paused 4ms+5ms
07-02 16:47:58.504   155   485 I ActivityManager: Start proc com.svox.pico for broadcast com.svox.pico/.VoiceDataInstallerReceiver: pid=2152 uid=10037 gids={1015}
07-02 16:47:58.571  2152  2152 I ActivityThread: Pub com.svox.pico.providers.SettingsProvider: com.svox.pico.providers.SettingsProvider
07-02 16:47:58.676   155   175 D dalvikvm: GC_EXPLICIT freed 1563K, 11% free 16480K/18503K, paused 36ms+77ms
07-02 16:47:58.719   155   553 I ActivityManager: Start proc com.android.voicedialer for broadcast com.android.voicedialer/.VoiceDialerReceiver: pid=2167 uid=10048 gids={3002}
07-02 16:47:58.879  1974  1975 D dalvikvm: GC_CONCURRENT freed 1561K, 10% free 16745K/18439K, paused 9ms+14ms
07-02 16:47:59.203   155   633 I ActivityManager: Start proc com.google.android.googlequicksearchbox for broadcast com.google.android.googlequicksearchbox/.SourceUpdateReceiver: pid=2181 uid=10021 gids={3003}
07-02 16:47:59.223  1974  1986 D Finsky  : [173] 1.packageInstalled: Package install status for "com.google.android.apps.maps" is 1
07-02 16:47:59.301   390   392 D dalvikvm: GC_CONCURRENT freed 53K, 4% free 10706K/11143K, paused 27ms+14ms
07-02 16:47:59.336  2181  2181 I ActivityThread: Pub com.google.android.googlequicksearchbox.shortcuts: com.google.android.googlequicksearchbox.WebHistoryProvider
07-02 16:47:59.340  2181  2181 I ActivityThread: Pub com.google.android.googlequicksearchbox.google: com.google.android.googlequicksearchbox.google.GoogleSuggestionProvider
07-02 16:47:59.469  1974  1974 D Finsky  : [1] InstallerImpl.kick: Installer kick null - starting com.usaa.mobile.android.usaa
07-02 16:47:59.528   155   507 I ActivityManager: Start proc com.android.quicksearchbox for broadcast com.android.quicksearchbox/.CorporaUpdateReceiver: pid=2197 uid=10039 gids={3003}
07-02 16:47:59.598   589   589 D OpenGLRenderer: Flushing caches (mode 1)
07-02 16:47:59.684  1974  1974 D Finsky  : [1] DownloadImpl.setState: com.usaa.mobile.android.usaa from null to UNQUEUED.
07-02 16:47:59.684  1974  1974 D Finsky  : [1] DownloadQueueImpl.add: Download com.usaa.mobile.android.usaa added to DownloadQueue
07-02 16:47:59.692  1974  1974 D Finsky  : [1] DownloadImpl.setState: com.usaa.mobile.android.usaa from UNQUEUED to QUEUED.
07-02 16:47:59.711  2197  2197 I ActivityThread: Pub com.android.quicksearchbox.google: com.android.quicksearchbox.google.GoogleSuggestionProvider
07-02 16:47:59.727   155   610 W ResourceType: Invalid package identifier when getting bag for resource number 0x7f0c0008
07-02 16:47:59.746  2197  2197 I ActivityThread: Pub com.android.quicksearchbox.shortcuts: com.android.quicksearchbox.ShortcutsProvider
07-02 16:47:59.910    85    85 I installd: free_cache(5983501) avail 946012160
07-02 16:47:59.957   390   390 D dalvikvm: GC_FOR_ALLOC freed 31K, 4% free 10928K/11271K, paused 42ms
07-02 16:48:00.035  1974  1974 D Finsky  : [1] DownloadQueueImpl.startDownload: Download com.usaa.mobile.android.usaa starting
07-02 16:48:00.110  1974  1974 D Finsky  : [1] DownloadImpl.setState: com.usaa.mobile.android.usaa from QUEUED to DOWNLOADING.
07-02 16:48:00.114  1974  1974 D Finsky  : [1] DownloadQueueImpl.notifyProgress: com.usaa.mobile.android.usaa: onProgress 0/-1 Status: 190.
07-02 16:48:00.114  1974  1974 D Finsky  : [1] DownloadQueueImpl.onStart: com.usaa.mobile.android.usaa: onStart
07-02 16:48:00.457   155   553 D dalvikvm: GC_EXPLICIT freed 3726K, 29% free 13163K/18503K, paused 4ms+19ms
07-02 16:48:00.645  1974  1974 D Finsky  : [1] DownloadQueueImpl.notifyProgress: com.usaa.mobile.android.usaa: onProgress 0/-1 Status: 192.
07-02 16:48:00.821   390   390 D dalvikvm: GC_FOR_ALLOC freed 323K, 6% free 10911K/11527K, paused 30ms
07-02 16:48:00.828   539  2214 I DownloadManager: Initiating request for download 6
07-02 16:48:00.903   390   390 D dalvikvm: GC_FOR_ALLOC freed 357K, 6% free 10898K/11527K, paused 25ms
07-02 16:48:01.074   390   390 D dalvikvm: GC_FOR_ALLOC freed 312K, 6% free 10899K/11527K, paused 26ms
07-02 16:48:01.321   589   589 D OpenGLRenderer: Flushing caches (mode 1)
07-02 16:48:01.656    83   131 D AudioHardware: AudioHardware pcm playback is exiting standby.
07-02 16:48:01.656    83   131 D AudioHardware: openPcmOut_l() mPcmOpenCnt: 0
07-02 16:48:01.938  1234  1236 D dalvikvm: GC_CONCURRENT freed 399K, 8% free 10210K/11015K, paused 13ms+10ms
07-02 16:48:02.192   155   171 I Process : Sending signal. PID: 1234 SIG: 3
07-02 16:48:02.196  1234  1239 I dalvikvm: threadid=3: reacting to signal 3
07-02 16:48:02.235  1234  1239 I dalvikvm: Wrote stack traces to '/data/anr/traces.txt'
07-02 16:48:02.305  1974  1974 D OpenGLRenderer: Flushing caches (mode 0)
07-02 16:48:02.383  1974  1974 D OpenGLRenderer: Flushing caches (mode 1)
07-02 16:48:02.395  1464  1464 I Launcher: setLoadOnResume
07-02 16:48:02.403   539  2214 I DownloadManager: Initiating request for download 6
07-02 16:48:02.422  1464  1464 I Launcher: setLoadOnResume
07-02 16:48:02.426  1464  1464 I Launcher: setLoadOnResume
07-02 16:48:02.426  1464  1464 I Launcher: setLoadOnResume
07-02 16:48:02.469  1464  1464 I Launcher: setLoadOnResume
07-02 16:48:02.485  1464  1464 I Launcher: setLoadOnResume
07-02 16:48:02.731  2099  2102 D dalvikvm: GC_CONCURRENT freed 323K, 5% free 9278K/9735K, paused 31ms+2ms
07-02 16:48:03.364   539   541 D dalvikvm: GC_CONCURRENT freed 381K, 7% free 9482K/10119K, paused 2ms+3ms
07-02 16:48:03.531   737   757 D dalvikvm: GC_EXPLICIT freed 282K, 6% free 9283K/9799K, paused 2ms+5ms
07-02 16:48:04.176   155   157 D dalvikvm: GC_CONCURRENT freed 871K, 29% free 13224K/18503K, paused 6ms+6ms
07-02 16:48:04.746    83   131 D AudioHardware: AudioHardware pcm playback is going to standby.
07-02 16:48:04.746    83   131 D AudioHardware: closePcmOut_l() mPcmOpenCnt: 1
07-02 16:48:05.207  1234  1236 D dalvikvm: GC_CONCURRENT freed 382K, 8% free 10239K/11015K, paused 12ms+9ms
07-02 16:48:05.348   589   589 D OpenGLRenderer: Flushing caches (mode 1)
07-02 16:48:09.168   155   171 D PackageManager: generateServicesMap(android.accounts.AccountAuthenticator): 3 services unchanged
07-02 16:48:09.196   492   492 I RegisteredComponentCache: ComponentInfo: ResolveInfo{41333588 com.android.apps.tag.TagViewer p=0 o=0 m=0x108000}, techs: android.nfc.tech.Ndef, 
07-02 16:48:09.395   155   171 D PackageManager: generateServicesMap(android.content.SyncAdapter): 9 services unchanged
07-02 16:48:09.410  2062  2064 D dalvikvm: GC_CONCURRENT freed 423K, 6% free 9580K/10119K, paused 14ms+23ms
07-02 16:48:10.043  1974  2003 D Finsky  : [190] OnCompleteListenerNotifier.doInBackground: Signature check not required.
07-02 16:48:10.145  1464  1466 D dalvikvm: GC_CONCURRENT freed 698K, 39% free 11958K/19399K, paused 81ms+10ms
07-02 16:48:10.207   155   175 W ActivityManager: No content provider found for permission revoke: file:///data/data/com.android.providers.downloads/cache/downloadfile-1.apk
07-02 16:48:10.512   155   175 W ActivityManager: No content provider found for permission revoke: file:///data/data/com.android.providers.downloads/cache/downloadfile-1.apk
07-02 16:48:10.739   155   157 D dalvikvm: GC_CONCURRENT freed 768K, 28% free 13387K/18503K, paused 6ms+7ms
07-02 16:48:10.758   559   562 D dalvikvm: GC_CONCURRENT freed 418K, 14% free 10527K/12103K, paused 66ms+4ms
07-02 16:48:10.938   155   157 D dalvikvm: GC_CONCURRENT freed 577K, 26% free 13785K/18503K, paused 4ms+6ms
07-02 16:48:11.340   155   157 D dalvikvm: GC_CONCURRENT freed 716K, 24% free 14164K/18503K, paused 6ms+6ms
07-02 16:48:11.567   155   157 D dalvikvm: GC_CONCURRENT freed 1145K, 24% free 14191K/18503K, paused 3ms+8ms
07-02 16:48:11.742   155   157 D dalvikvm: GC_CONCURRENT freed 1174K, 24% free 14198K/18503K, paused 3ms+6ms
07-02 16:48:11.934   155   157 D dalvikvm: GC_CONCURRENT freed 1183K, 24% free 14197K/18503K, paused 4ms+7ms
07-02 16:48:12.137   155   157 D dalvikvm: GC_CONCURRENT freed 1169K, 24% free 14224K/18503K, paused 4ms+6ms
07-02 16:48:12.348   155   157 D dalvikvm: GC_CONCURRENT freed 1179K, 24% free 14231K/18503K, paused 4ms+6ms
07-02 16:48:12.559   155   175 D dalvikvm: GC_EXPLICIT freed 616K, 24% free 14177K/18503K, paused 2ms+17ms
07-02 16:48:12.571  1974  1986 D Finsky  : [173] 1.packageInstalled: Package install status for "com.android.vending" is -104
07-02 16:48:12.571  1974  1986 W Finsky  : [173] 1.packageInstalled: Package name mismatsch: ours:  package manager's: com.android.vending
07-02 16:48:14.098   589   589 D OpenGLRenderer: Flushing caches (mode 1)
07-02 16:48:14.516   155   155 W InputManagerService: Window already focused, ignoring focus gain of: com.android.internal.view.IInputMethodClient$Stub$Proxy@418e9dc8
07-02 16:48:16.031  1974  1974 D Finsky  : [1] 5.onFinished: Installation state replication succeeded.
07-02 16:48:17.211   559   562 D dalvikvm: GC_CONCURRENT freed 371K, 13% free 10557K/12103K, paused 3ms+16ms
07-02 16:48:17.278   390   390 D dalvikvm: GC_FOR_ALLOC freed 694K, 8% free 10698K/11527K, paused 25ms
07-02 16:48:17.520   390   392 D dalvikvm: GC_CONCURRENT freed 46K, 4% free 11092K/11527K, paused 37ms+7ms
07-02 16:48:18.336   539  2214 I qtaguid : Failed write_ctrl(u 54) res=-1 errno=22
07-02 16:48:18.336   539  2214 I qtaguid : Untagging socket 54 failed errno=-22
07-02 16:48:18.340   539  2214 W NetworkManagementSocketTagger: untagSocket(54) failed with errno -22
07-02 16:48:18.535  1974  1974 D Finsky  : [1] DownloadQueueImpl.notifyProgress: com.usaa.mobile.android.usaa: onProgress 5983501/5983501 Status: 200.
07-02 16:48:18.535  1974  1974 D Finsky  : [1] DownloadBroadcastReceiver.onReceive: Intent received at DownloadBroadcastReceiver
07-02 16:48:18.563  1974  1974 D Finsky  : [1] DownloadImpl.setState: com.usaa.mobile.android.usaa from DOWNLOADING to SUCCESS.
07-02 16:48:18.563  1974  1974 D Finsky  : [1] DownloadQueueImpl.onComplete: com.usaa.mobile.android.usaa: onComplete
07-02 16:48:18.563  1974  1974 D Finsky  : [1] DownloadQueueImpl.remove: Download com.usaa.mobile.android.usaa removed from DownloadQueue
07-02 16:48:18.567    85    85 I installd: free_cache(0) avail 936017920
07-02 16:48:18.567  1974  1974 D Finsky  : [1] SelfUpdateScheduler.onComplete: Self-update ignoring completed download com.usaa.mobile.android.usaa
07-02 16:48:18.641   390   390 D dalvikvm: GC_FOR_ALLOC freed 428K, 8% free 10905K/11783K, paused 19ms
07-02 16:48:18.699   390   390 D dalvikvm: GC_FOR_ALLOC freed 492K, 8% free 10897K/11783K, paused 20ms
07-02 16:48:18.762   390   390 D dalvikvm: GC_FOR_ALLOC freed 411K, 8% free 10897K/11783K, paused 18ms
07-02 16:48:19.129   155   175 W ActivityManager: No content provider found for permission revoke: file:///data/data/com.android.providers.downloads/cache/downloadfile-3.apk
07-02 16:48:19.180   390   392 D dalvikvm: GC_CONCURRENT freed 280K, 6% free 11173K/11783K, paused 2ms+3ms
07-02 16:48:19.250   390   390 D dalvikvm: GC_FOR_ALLOC freed 488K, 9% free 10962K/11975K, paused 20ms
07-02 16:48:19.438   155   175 W ActivityManager: No content provider found for permission revoke: file:///data/data/com.android.providers.downloads/cache/downloadfile-3.apk
07-02 16:48:19.551  1057  1299 I PhoneLab-: Service Running
07-02 16:48:19.719   155   157 D dalvikvm: GC_CONCURRENT freed 1777K, 27% free 13680K/18503K, paused 3ms+11ms
07-02 16:48:19.793   155   175 D dalvikvm: GC_FOR_ALLOC freed 448K, 26% free 13794K/18503K, paused 49ms
07-02 16:48:19.836  1057  1299 I PhoneLab-LoggerService: app_36    1303  1057  1800   1356  c00ab7c8 40010474 D logcat
07-02 16:48:19.836  1057  1299 I PhoneLab-LoggerService: Logcat pid from database 1303
07-02 16:48:19.836  1057  1299 I PhoneLab-LoggerService: Logcat process found 1303
07-02 16:48:19.836  1057  1299 I PhoneLab-LoggerService: Checking Threshold
07-02 16:48:20.086   155   157 D dalvikvm: GC_CONCURRENT freed 375K, 22% free 14497K/18503K, paused 3ms+18ms
07-02 16:48:20.348   155   157 D dalvikvm: GC_CONCURRENT freed 988K, 21% free 14775K/18503K, paused 3ms+4ms
07-02 16:48:20.531   155   157 D dalvikvm: GC_CONCURRENT freed 1340K, 20% free 14828K/18503K, paused 2ms+6ms
07-02 16:48:20.715   155   157 D dalvikvm: GC_CONCURRENT freed 1406K, 20% free 14808K/18503K, paused 2ms+9ms
07-02 16:48:20.899   155   157 D dalvikvm: GC_CONCURRENT freed 1368K, 20% free 14817K/18503K, paused 3ms+8ms
07-02 16:48:20.961    83   131 D AudioHardware: AudioHardware pcm playback is exiting standby.
07-02 16:48:20.961    83   131 D AudioHardware: openPcmOut_l() mPcmOpenCnt: 0
07-02 16:48:21.489   155   171 I Process : Sending signal. PID: 1974 SIG: 3
07-02 16:48:21.489  1974  1976 I dalvikvm: threadid=3: reacting to signal 3
07-02 16:48:21.555  1974  1974 D Finsky  : [1] DetailsDataBasedFragment.rebindViews: Page [class=DetailsFragment] loaded in [41068 ms] (partial? false)
07-02 16:48:21.567  1974  1976 I dalvikvm: Wrote stack traces to '/data/anr/traces.txt'
07-02 16:48:21.742   559   562 D dalvikvm: GC_CONCURRENT freed 382K, 13% free 10580K/12103K, paused 20ms+141ms
07-02 16:48:21.895  1974  1975 D dalvikvm: GC_CONCURRENT freed 2238K, 13% free 16577K/18887K, paused 16ms+24ms
07-02 16:48:21.981   155   171 I Process : Sending signal. PID: 1974 SIG: 3
07-02 16:48:21.981  1974  1976 I dalvikvm: threadid=3: reacting to signal 3
07-02 16:48:22.016  1974  1976 I dalvikvm: Wrote stack traces to '/data/anr/traces.txt'
07-02 16:48:22.043  1974  1974 D Finsky  : [1] DetailsDataBasedFragment.rebindViews: Page [class=DetailsFragment] loaded in [41645 ms] (partial? true)
07-02 16:48:22.481   155   171 I Process : Sending signal. PID: 1974 SIG: 3
07-02 16:48:22.481  1974  1976 I dalvikvm: threadid=3: reacting to signal 3
07-02 16:48:22.574  1974  1976 I dalvikvm: Wrote stack traces to '/data/anr/traces.txt'
07-02 16:48:22.641  1234  1234 D OpenGLRenderer: Flushing caches (mode 0)
07-02 16:48:22.762   155   157 D dalvikvm: GC_CONCURRENT freed 1347K, 20% free 14829K/18503K, paused 35ms+7ms
07-02 16:48:22.864   155   635 W InputManagerService: Starting input on non-focused client com.android.internal.view.IInputMethodClient$Stub$Proxy@413b9910 (uid=1000 pid=1234)
07-02 16:48:23.164   155   157 D dalvikvm: GC_CONCURRENT freed 1377K, 20% free 14853K/18503K, paused 2ms+10ms
07-02 16:48:23.223  1234  1234 D OpenGLRenderer: Flushing caches (mode 1)
07-02 16:48:23.422   155   157 D dalvikvm: GC_CONCURRENT freed 1379K, 20% free 14845K/18503K, paused 2ms+5ms
07-02 16:48:23.629   155   157 D dalvikvm: GC_CONCURRENT freed 1399K, 20% free 14850K/18503K, paused 4ms+5ms
07-02 16:48:23.860   155   175 I PackageManager: Running dexopt on: com.usaa.mobile.android.usaa
07-02 16:48:24.051    83   131 D AudioHardware: AudioHardware pcm playback is going to standby.
07-02 16:48:24.051    83   131 D AudioHardware: closePcmOut_l() mPcmOpenCnt: 1
07-02 16:48:25.031    83   131 D AudioHardware: AudioHardware pcm playback is exiting standby.
07-02 16:48:25.031    83   131 D AudioHardware: openPcmOut_l() mPcmOpenCnt: 0
07-02 16:48:26.094   390   390 D dalvikvm: GC_FOR_ALLOC freed 832K, 12% free 10645K/11975K, paused 102ms
07-02 16:48:26.360  2245  2245 D dalvikvm: DexOpt: 'Lorg/xmlpull/v1/XmlPullParser;' has an earlier definition; blocking out
07-02 16:48:26.360  2245  2245 D dalvikvm: DexOpt: 'Lorg/kxml2/io/KXmlParser;' has an earlier definition; blocking out
07-02 16:48:26.360  2245  2245 D dalvikvm: DexOpt: 'Lorg/xmlpull/v1/XmlPullParserException;' has an earlier definition; blocking out
07-02 16:48:28.016   155   167 D dalvikvm: GC_EXPLICIT freed 1125K, 20% free 14849K/18503K, paused 35ms+49ms
07-02 16:48:28.125    83   131 D AudioHardware: AudioHardware pcm playback is going to standby.
07-02 16:48:28.125    83   131 D AudioHardware: closePcmOut_l() mPcmOpenCnt: 1
07-02 16:48:29.008  2245  2245 I dalvikvm: DexOpt: not resolving ambiguous class 'Lorg/xmlpull/v1/XmlPullParser;'
07-02 16:48:29.008  2245  2245 I dalvikvm: DexOpt: not resolving ambiguous class 'Lorg/xmlpull/v1/XmlPullParser;'
07-02 16:48:29.031  2245  2245 D dalvikvm: DexOpt: not verifying/optimizing 'Lorg/xmlpull/v1/XmlPullParser;': multiple definitions
07-02 16:48:29.031  2245  2245 D dalvikvm: DexOpt: not verifying/optimizing 'Lorg/kxml2/io/KXmlParser;': multiple definitions
07-02 16:48:29.031  2245  2245 D dalvikvm: DexOpt: not verifying/optimizing 'Lorg/xmlpull/v1/XmlPullParserException;': multiple definitions
07-02 16:48:29.031  2245  2245 D dalvikvm: DexOpt: load 856ms, verify+opt 2671ms
07-02 16:48:29.078   155   627 I WindowManager: WIN DEATH: Window{416047c0 com.android.browser/com.android.browser.BrowserActivity paused=false}
07-02 16:48:29.133   155   647 I ActivityManager: Process com.android.browser (pid 1330) has died.
07-02 16:48:29.192   155   172 I ActivityManager: Force stopping package com.usaa.mobile.android.usaa uid=10054
07-02 16:48:29.196   559   562 D dalvikvm: GC_CONCURRENT freed 406K, 13% free 10570K/12103K, paused 51ms+11ms
07-02 16:48:29.395   155   175 D PackageManager: New package installed in /data/app/com.usaa.mobile.android.usaa-1.apk
07-02 16:48:29.399   155   175 W PackageManager: Unknown permission com.android.vending.permission.UPDATE_MARKET_FAILURE in package com.android.vending.updater
07-02 16:48:29.399   155   175 W PackageManager: Unknown permission android.permission.ADD_SYSTEM_SERVICE in package com.android.phone
07-02 16:48:29.403   155   175 W PackageManager: Unknown permission com.google.android.apps.googlevoice.permission.AUTO_SEND in package com.google.android.voicesearch
07-02 16:48:29.403   155   175 W PackageManager: Unknown permission com.google.android.gm.permission.AUTO_SEND in package com.google.android.voicesearch
07-02 16:48:29.403   155   175 W PackageManager: Unknown permission com.android.vending.billing.IBillingAccountService.BIND2 in package com.google.android.gsf.login
07-02 16:48:29.403   155   175 W PackageManager: Not granting permission android.permission.SEND_DOWNLOAD_COMPLETED_INTENTS to package com.android.browser (protectionLevel=2 flags=0x9be45)
07-02 16:48:29.403   155   175 W PackageManager: Unknown permission com.google.android.gm.permission.READ_GMAIL in package com.google.android.talk
07-02 16:48:29.406   155   175 W PackageManager: Unknown permission android.permission.READ_OWNER_DATA in package com.google.android.setupwizard
07-02 16:48:29.406   155   175 W PackageManager: Unknown permission android.permission.WRITE_OWNER_DATA in package com.google.android.setupwizard
07-02 16:48:29.406   155   175 W PackageManager: Unknown permission android.permission.WRITE_CDMA_CARRIER_SETTINGS in package com.android.sprintmenu
07-02 16:48:29.406   155   175 W PackageManager: Unknown permission android.permission.CHANGE_DUN_STATE in package com.android.sprintmenu
07-02 16:48:29.406   155   175 W PackageManager: Unknown permission android.permission.READ_EXTERNAL_STORAGE in package com.android.videoeditor
07-02 16:48:29.410   155   175 W PackageManager: Unknown permission com.google.android.gm.permission.READ_GMAIL in package com.google.android.apps.uploader
07-02 16:48:29.410   155   175 W PackageManager: Unknown permission android.permission.READ_EXTERNAL_STORAGE in package com.android.vending
07-02 16:48:29.414   155   175 W PackageManager: Unknown permission com.sprint.internal.permission.CONNECTIONMANAGER in package com.samsung.update
07-02 16:48:29.414   155   175 W PackageManager: Unknown permission com.sprint.internal.permission.SYSTEMPROPERTIES in package com.samsung.update
07-02 16:48:29.414   155   175 W PackageManager: Unknown permission com.sprint.internal.permission.SYSTEMPROPERTIES_WRITE in package com.samsung.update
07-02 16:48:29.414   155   175 W PackageManager: Unknown permission com.android.providers.im.permission.READ_ONLY in package com.google.android.apps.maps
07-02 16:48:29.414   155   175 W PackageManager: Not granting permission android.permission.DEVICE_POWER to package com.android.deskclock (protectionLevel=2 flags=0x8be45)
07-02 16:48:29.461   155   175 W PackageManager: Unknown permission android.permission.FLAG_RECEIVER_REGISTERED_ONLY_BEFORE_BOOT in package com.samsung.wimax
07-02 16:48:29.664   492   492 I RegisteredComponentCache: ComponentInfo: ResolveInfo{41334cf0 com.android.apps.tag.TagViewer p=0 o=0 m=0x108000}, techs: android.nfc.tech.Ndef, 
07-02 16:48:29.719  1464  1464 I Launcher: setLoadOnResume
07-02 16:48:29.918   155   171 D PackageManager: generateServicesMap(android.accounts.AccountAuthenticator): 3 services unchanged
07-02 16:48:30.117   155   171 D PackageManager: generateServicesMap(android.content.SyncAdapter): 9 services unchanged
07-02 16:48:30.153   155   171 W ResourceType: Failure getting entry for 0x7f060000 (t=5 e=0) in package 0 (error -75)
07-02 16:48:30.246   155   171 D BackupManagerService: Received broadcast Intent { act=android.intent.action.PACKAGE_ADDED dat=package:com.usaa.mobile.android.usaa flg=0x10000010 (has extras) }
07-02 16:48:30.352   155   171 V BackupManagerService: addPackageParticipantsLocked: #1
07-02 16:48:30.899   155   175 D dalvikvm: GC_EXPLICIT freed 2650K, 28% free 13403K/18503K, paused 4ms+63ms
07-02 16:48:30.910  1974  2013 D Finsky  : [198] 1.packageInstalled: Package install status for "com.usaa.mobile.android.usaa" is 1
07-02 16:48:30.969  1974  1974 D Finsky  : [1] InstallerImpl.kick: Installer kick null - starting com.touchtype.swiftkey
07-02 16:48:31.055   589   589 D OpenGLRenderer: Flushing caches (mode 1)
07-02 16:48:31.293  1974  1974 D Finsky  : [1] DownloadImpl.setState: com.touchtype.swiftkey from null to UNQUEUED.
07-02 16:48:31.293  1974  1974 D Finsky  : [1] DownloadQueueImpl.add: Download com.touchtype.swiftkey added to DownloadQueue
07-02 16:48:31.305  1974  1974 D Finsky  : [1] DownloadImpl.setState: com.touchtype.swiftkey from UNQUEUED to QUEUED.
07-02 16:48:31.321   390   392 D dalvikvm: GC_CONCURRENT freed 214K, 9% free 10918K/11975K, paused 7ms+34ms
07-02 16:48:31.403    85    85 I installd: free_cache(6684394) avail 927109120
07-02 16:48:31.473   390   392 D dalvikvm: GC_CONCURRENT freed 550K, 10% free 10877K/11975K, paused 4ms+3ms
07-02 16:48:31.504  1974  1974 D Finsky  : [1] DownloadQueueImpl.startDownload: Download com.touchtype.swiftkey starting
07-02 16:48:31.606  1974  1974 D Finsky  : [1] DownloadImpl.setState: com.touchtype.swiftkey from QUEUED to DOWNLOADING.
07-02 16:48:31.614  1974  1974 D Finsky  : [1] DownloadQueueImpl.onStart: com.touchtype.swiftkey: onStart
07-02 16:48:31.723   539  1560 D dalvikvm: GC_EXPLICIT freed 334K, 7% free 9433K/10119K, paused 7ms+39ms
07-02 16:48:31.746  1974  1974 D Finsky  : [1] DownloadQueueImpl.notifyProgress: com.touchtype.swiftkey: onProgress 0/-1 Status: 190.
07-02 16:48:31.762  1464  1464 I Launcher: setLoadOnResume
07-02 16:48:31.778  1464  1464 I Launcher: setLoadOnResume
07-02 16:48:31.805  1464  1464 I Launcher: setLoadOnResume
07-02 16:48:31.805  1464  1464 I Launcher: setLoadOnResume
07-02 16:48:31.844  1464  1464 I Launcher: setLoadOnResume
07-02 16:48:31.864  1464  1464 I Launcher: setLoadOnResume
07-02 16:48:31.910  1464  1466 D dalvikvm: GC_CONCURRENT freed 797K, 38% free 12068K/19399K, paused 13ms+7ms
07-02 16:48:33.903  1974  1975 D dalvikvm: GC_CONCURRENT freed 1969K, 13% free 16531K/18887K, paused 11ms+6ms
07-02 16:48:33.906   737   737 I CalendarProvider2: Sending notification intent: Intent { act=android.intent.action.PROVIDER_CHANGED dat=content://com.android.calendar }
07-02 16:48:33.938   737   737 W ContentResolver: Failed to get type for: content://com.android.calendar (Unknown URL content://com.android.calendar)
07-02 16:48:33.989  1974  1974 D Finsky  : [1] DownloadQueueImpl.notifyProgress: com.touchtype.swiftkey: onProgress 0/-1 Status: 192.
07-02 16:48:34.098   539  2253 I DownloadManager: Initiating request for download 7
07-02 16:48:34.274   390   392 D dalvikvm: GC_CONCURRENT freed 281K, 8% free 11094K/11975K, paused 3ms+3ms
07-02 16:48:34.344   155   633 I ActivityManager: START {act=android.intent.action.SEARCH flg=0x10000000 cmp=com.android.vending/.AssetBrowserActivity (has extras)} from pid 1974
07-02 16:48:34.516   589   589 D OpenGLRenderer: Flushing caches (mode 1)
07-02 16:48:34.676   390   390 D dalvikvm: GC_FOR_ALLOC freed 557K, 9% free 10913K/11975K, paused 47ms
07-02 16:48:35.680   559   562 D dalvikvm: GC_CONCURRENT freed 397K, 13% free 10562K/12103K, paused 2ms+4ms
07-02 16:48:36.176  1974  1981 I dalvikvm: Jit: resizing JitTable from 8192 to 16384
07-02 16:48:36.621    83   131 D AudioHardware: AudioHardware pcm playback is exiting standby.
07-02 16:48:36.621    83   131 D AudioHardware: openPcmOut_l() mPcmOpenCnt: 0
07-02 16:48:36.672   589   589 D OpenGLRenderer: Flushing caches (mode 1)
07-02 16:48:36.805   539  2253 I DownloadManager: Initiating request for download 7
07-02 16:48:36.891  1974  1974 D Finsky  : [1] DetailsDataBasedFragment.rebindViews: Page [class=DetailsFragment] loaded in [276 ms] (partial? false)
07-02 16:48:37.203  1974  1975 D dalvikvm: GC_CONCURRENT freed 1275K, 9% free 17303K/18887K, paused 2ms+17ms
07-02 16:48:37.356   589   589 D OpenGLRenderer: Flushing caches (mode 1)
07-02 16:48:37.438   589   589 D OpenGLRenderer: Flushing caches (mode 1)
07-02 16:48:37.465  1974  1974 D Finsky  : [1] DetailsDataBasedFragment.rebindViews: Page [class=DetailsFragment] loaded in [854 ms] (partial? true)
07-02 16:48:38.660  1974  1998 D dalvikvm: GC_FOR_ALLOC freed 961K, 7% free 18166K/19335K, paused 108ms
07-02 16:48:39.176   155   649 I ActivityManager: START {flg=0x20010000 cmp=com.android.vending/com.google.android.finsky.activities.PurchaseDialog (has extras)} from pid 1974
07-02 16:48:39.375  1974  1974 D Finsky  : [1] SelfUpdateScheduler.checkForSelfUpdate: Skipping self-update check as there is an update already queued.
07-02 16:48:39.449   539   541 D dalvikvm: GC_CONCURRENT freed 375K, 7% free 9442K/10119K, paused 2ms+4ms
07-02 16:48:39.543   155   204 I ActivityManager: Displayed com.android.vending/com.google.android.finsky.activities.PurchaseDialog: +334ms
07-02 16:48:39.574  1974  1974 D OpenGLRenderer: Flushing caches (mode 0)
07-02 16:48:40.297  1974  1975 D dalvikvm: GC_CONCURRENT freed 1434K, 8% free 18790K/20295K, paused 6ms+49ms
07-02 16:48:40.586   559   562 D dalvikvm: GC_CONCURRENT freed 393K, 13% free 10565K/12103K, paused 71ms+6ms
07-02 16:48:40.684  2062  2265 D PicasaSyncService: start to perform sync on geoffrey.challen@gmail.com
07-02 16:48:40.707  2062  2265 D PicasaSyncService: sync finished - false
07-02 16:48:40.856   589   589 D OpenGLRenderer: Flushing caches (mode 1)
07-02 16:48:41.235   737   760 I CalendarProvider2: No events to update: uri=content://com.android.calendar/events?account_name=geoffrey.challen%40gmail.com&account_type=com.google&caller_is_syncadapter=true selection=_sync_id IS NOT NULL AND calendar_id=2 selectionArgs=null
07-02 16:48:41.961    83   131 W AudioFlinger: write blocked for 428 msecs, 1 delayed writes, thread 0xf2d958
07-02 16:48:42.203  1974  1974 D Finsky  : [1] InstallerImpl.requestInstall: Request install of com.google.android.apps.googlevoice v=40254
07-02 16:48:42.203  1974  1974 D Finsky  : [1] InstallerImpl.kick: Installer kick com.google.android.apps.googlevoice - no action because busy.
07-02 16:48:42.453  1974  1974 D Finsky  : [1] DetailsDataBasedFragment.rebindViews: Page [class=DetailsFragment] loaded in [5842 ms] (partial? false)
07-02 16:48:42.750   155   157 D dalvikvm: GC_CONCURRENT freed 1061K, 28% free 13343K/18503K, paused 3ms+14ms
07-02 16:48:42.754   155   171 I Process : Sending signal. PID: 1974 SIG: 3
07-02 16:48:42.754  1974  1976 I dalvikvm: threadid=3: reacting to signal 3
07-02 16:48:42.813  1974  1976 I dalvikvm: Wrote stack traces to '/data/anr/traces.txt'
07-02 16:48:42.965  1974  1974 D Finsky  : [1] DetailsDataBasedFragment.rebindViews: Page [class=DetailsFragment] loaded in [6351 ms] (partial? true)
07-02 16:48:43.250   155   171 I Process : Sending signal. PID: 1974 SIG: 3
07-02 16:48:43.250  1974  1976 I dalvikvm: threadid=3: reacting to signal 3
07-02 16:48:43.274  1974  1976 I dalvikvm: Wrote stack traces to '/data/anr/traces.txt'
07-02 16:48:43.332  1974  1975 D dalvikvm: GC_CONCURRENT freed 1471K, 8% free 19392K/20935K, paused 2ms+24ms
07-02 16:48:43.672  1974  1974 D OpenGLRenderer: Flushing caches (mode 0)
07-02 16:48:43.821  2099  2102 D dalvikvm: GC_CONCURRENT freed 386K, 6% free 9290K/9799K, paused 15ms+8ms
07-02 16:48:44.047   737   739 D dalvikvm: GC_CONCURRENT freed 382K, 6% free 9346K/9863K, paused 3ms+14ms
07-02 16:48:44.508  2099  2275 D dalvikvm: GC_EXPLICIT freed 160K, 6% free 9217K/9799K, paused 10ms+3ms
07-02 16:48:44.547   589   589 D OpenGLRenderer: Flushing caches (mode 1)
07-02 16:48:44.625   737   757 I CalendarProvider2: No events to update: uri=content://com.android.calendar/events?account_name=geoffrey.challen%40gmail.com&account_type=com.google&caller_is_syncadapter=true selection=_sync_id IS NOT NULL AND calendar_id=3 selectionArgs=null
07-02 16:48:45.266    83   131 D AudioHardware: AudioHardware pcm playback is going to standby.
07-02 16:48:45.266    83   131 D AudioHardware: closePcmOut_l() mPcmOpenCnt: 1
07-02 16:48:45.356   589   589 D OpenGLRenderer: Flushing caches (mode 1)
07-02 16:48:46.071   155   627 D dalvikvm: GC_EXPLICIT freed 425K, 29% free 13316K/18503K, paused 3ms+8ms
07-02 16:48:46.336   589   589 D OpenGLRenderer: Flushing caches (mode 1)
07-02 16:48:46.434  1974  1974 D Finsky  : [1] 5.onFinished: Installation state replication succeeded.
07-02 16:48:46.473   737   739 D dalvikvm: GC_CONCURRENT freed 506K, 7% free 9288K/9927K, paused 3ms+8ms
07-02 16:48:46.500   737   836 I CalendarProvider2: No events to update: uri=content://com.android.calendar/events?account_name=geoffrey.challen%40gmail.com&account_type=com.google&caller_is_syncadapter=true selection=_sync_id IS NOT NULL AND calendar_id=4 selectionArgs=null
07-02 16:48:47.481  2099  2102 D dalvikvm: GC_CONCURRENT freed 324K, 5% free 9340K/9799K, paused 15ms+3ms
07-02 16:48:47.602   539  2253 I qtaguid : Failed write_ctrl(u 54) res=-1 errno=22
07-02 16:48:47.602   539  2253 I qtaguid : Untagging socket 54 failed errno=-22
07-02 16:48:47.602   539  2253 W NetworkManagementSocketTagger: untagSocket(54) failed with errno -22
07-02 16:48:47.723  1974  1974 D Finsky  : [1] DownloadQueueImpl.notifyProgress: com.touchtype.swiftkey: onProgress 6684394/6684394 Status: 200.
07-02 16:48:47.739  1974  1974 D Finsky  : [1] DownloadBroadcastReceiver.onReceive: Intent received at DownloadBroadcastReceiver
07-02 16:48:47.770  1974  1974 D Finsky  : [1] DownloadImpl.setState: com.touchtype.swiftkey from DOWNLOADING to SUCCESS.
07-02 16:48:47.770  1974  1974 D Finsky  : [1] DownloadQueueImpl.onComplete: com.touchtype.swiftkey: onComplete
07-02 16:48:47.770  1974  1974 D Finsky  : [1] DownloadQueueImpl.remove: Download com.touchtype.swiftkey removed from DownloadQueue
07-02 16:48:47.774  1974  1974 D Finsky  : [1] SelfUpdateScheduler.onComplete: Self-update ignoring completed download com.touchtype.swiftkey
07-02 16:48:47.801    85    85 I installd: free_cache(0) avail 920141824
07-02 16:48:47.864   390   392 D dalvikvm: GC_CONCURRENT freed 835K, 12% free 10650K/11975K, paused 2ms+4ms
07-02 16:48:48.000   390   392 D dalvikvm: GC_CONCURRENT freed 396K, 11% free 10713K/11975K, paused 4ms+9ms
07-02 16:48:48.156   737   739 D dalvikvm: GC_CONCURRENT freed 227K, 5% free 9449K/9927K, paused 2ms+3ms
07-02 16:48:48.446   737   836 D dalvikvm: GC_EXPLICIT freed 203K, 5% free 9460K/9927K, paused 3ms+4ms
07-02 16:48:48.617   155   175 W ActivityManager: No content provider found for permission revoke: file:///data/data/com.android.providers.downloads/cache/downloadfile-4.apk
07-02 16:48:48.688   390   392 D dalvikvm: GC_CONCURRENT freed 380K, 10% free 10880K/11975K, paused 3ms+3ms
07-02 16:48:50.211   155   175 W ActivityManager: No content provider found for permission revoke: file:///data/data/com.android.providers.downloads/cache/downloadfile-4.apk
07-02 16:48:50.492   155   157 D dalvikvm: GC_CONCURRENT freed 548K, 26% free 13734K/18503K, paused 5ms+5ms
07-02 16:48:50.598   155   175 D dalvikvm: GC_FOR_ALLOC freed 141K, 26% free 13838K/18503K, paused 59ms
07-02 16:48:50.598   155   175 I dalvikvm-heap: Grow heap (frag case) to 13.835MB for 260112-byte allocation
07-02 16:48:50.668   155   647 D dalvikvm: GC_FOR_ALLOC freed 126K, 26% free 13966K/18759K, paused 58ms
07-02 16:48:50.688   589   589 D OpenGLRenderer: Flushing caches (mode 1)
07-02 16:48:50.766   155   175 D dalvikvm: GC_FOR_ALLOC freed 395K, 26% free 13982K/18759K, paused 64ms
07-02 16:48:50.832   155   175 D dalvikvm: GC_FOR_ALLOC freed 129K, 25% free 14110K/18759K, paused 59ms
07-02 16:48:50.899   155   175 D dalvikvm: GC_FOR_ALLOC freed 308K, 26% free 14059K/18759K, paused 56ms
07-02 16:48:50.903   737   837 I CalendarProvider2: No events to update: uri=content://com.android.calendar/events?account_name=geoffrey.challen%40gmail.com&account_type=com.google&caller_is_syncadapter=true selection=_sync_id IS NOT NULL AND calendar_id=5 selectionArgs=null
07-02 16:48:50.965   155   175 D dalvikvm: GC_FOR_ALLOC freed 62K, 25% free 14123K/18759K, paused 63ms
07-02 16:48:50.969   155   175 I dalvikvm-heap: Grow heap (frag case) to 14.115MB for 260112-byte allocation
07-02 16:48:51.035   155   175 D dalvikvm: GC_FOR_ALLOC freed 126K, 26% free 14251K/19015K, paused 62ms
07-02 16:48:51.293   155   157 D dalvikvm: GC_CONCURRENT freed 481K, 22% free 14974K/19015K, paused 3ms+5ms
07-02 16:48:51.348  2099  2102 D dalvikvm: GC_CONCURRENT freed 530K, 7% free 9266K/9927K, paused 5ms+2ms
07-02 16:48:51.531   737   739 D dalvikvm: GC_CONCURRENT freed 539K, 7% free 9320K/9991K, paused 1ms+3ms
07-02 16:48:51.598   390   392 D dalvikvm: GC_CONCURRENT freed 503K, 10% free 10870K/11975K, paused 2ms+3ms
07-02 16:48:52.055   155   157 D dalvikvm: GC_CONCURRENT freed 623K, 18% free 15734K/19015K, paused 7ms+6ms
07-02 16:48:52.383   155   647 D dalvikvm: GC_EXPLICIT freed 457K, 19% free 15430K/19015K, paused 3ms+5ms
07-02 16:48:52.403   589   589 D OpenGLRenderer: Flushing caches (mode 1)
07-02 16:48:52.535   737   760 I CalendarProvider2: No events to update: uri=content://com.android.calendar/events?account_name=geoffrey.challen%40gmail.com&account_type=com.google&caller_is_syncadapter=true selection=_sync_id IS NOT NULL AND calendar_id=7 selectionArgs=null
07-02 16:48:52.668   155   157 D dalvikvm: GC_CONCURRENT freed 1463K, 19% free 15470K/19015K, paused 3ms+6ms
07-02 16:48:52.938   155   157 D dalvikvm: GC_CONCURRENT freed 1539K, 19% free 15469K/19015K, paused 3ms+7ms
07-02 16:48:53.235   155   157 D dalvikvm: GC_CONCURRENT freed 1528K, 19% free 15481K/19015K, paused 3ms+5ms
07-02 16:48:53.348   737   739 D dalvikvm: GC_CONCURRENT freed 446K, 8% free 9271K/9991K, paused 2ms+3ms
07-02 16:48:53.543   155   157 D dalvikvm: GC_CONCURRENT freed 1489K, 19% free 15488K/19015K, paused 3ms+6ms
07-02 16:48:53.578  2099  2102 D dalvikvm: GC_CONCURRENT freed 409K, 7% free 9246K/9927K, paused 1ms+3ms
07-02 16:48:53.637   589   589 D OpenGLRenderer: Flushing caches (mode 1)
07-02 16:48:53.699   737   837 I CalendarProvider2: No events to update: uri=content://com.android.calendar/events?account_name=geoffrey.challen%40gmail.com&account_type=com.google&caller_is_syncadapter=true selection=_sync_id IS NOT NULL AND calendar_id=8 selectionArgs=null
07-02 16:48:53.852   155   157 D dalvikvm: GC_CONCURRENT freed 1553K, 19% free 15492K/19015K, paused 3ms+5ms
07-02 16:48:54.149   155   157 D dalvikvm: GC_CONCURRENT freed 1501K, 19% free 15497K/19015K, paused 2ms+5ms
07-02 16:48:54.364   155   157 D dalvikvm: GC_CONCURRENT freed 1525K, 19% free 15524K/19015K, paused 2ms+5ms
07-02 16:48:54.555   589   589 D OpenGLRenderer: Flushing caches (mode 1)
07-02 16:48:54.707   155   157 D dalvikvm: GC_CONCURRENT freed 1527K, 19% free 15518K/19015K, paused 3ms+5ms
07-02 16:48:54.742   737   837 I CalendarProvider2: No events to update: uri=content://com.android.calendar/events?account_name=geoffrey.challen%40gmail.com&account_type=com.google&caller_is_syncadapter=true selection=_sync_id IS NOT NULL AND calendar_id=9 selectionArgs=null
07-02 16:48:54.926   155   157 D dalvikvm: GC_CONCURRENT freed 1545K, 19% free 15526K/19015K, paused 3ms+10ms
07-02 16:48:55.262   589   589 D OpenGLRenderer: Flushing caches (mode 1)
07-02 16:48:55.309  2099  2102 D dalvikvm: GC_CONCURRENT freed 391K, 7% free 9244K/9927K, paused 2ms+44ms
07-02 16:48:55.348   155   485 W InputManagerService: Window already focused, ignoring focus gain of: com.android.internal.view.IInputMethodClient$Stub$Proxy@418231e0
07-02 16:48:55.399   589   591 D dalvikvm: GC_CONCURRENT freed 321K, 8% free 9817K/10567K, paused 15ms+9ms
07-02 16:48:55.457   737   739 D dalvikvm: GC_CONCURRENT freed 366K, 7% free 9300K/9991K, paused 2ms+3ms
07-02 16:48:55.508   737   837 D dalvikvm: GC_EXPLICIT freed 116K, 9% free 9184K/9991K, paused 1ms+2ms
07-02 16:48:55.567   737   760 I CalendarProvider2: No events to update: uri=content://com.android.calendar/events?account_name=geoffrey.challen%40gmail.com&account_type=com.google&caller_is_syncadapter=true selection=_sync_id IS NOT NULL AND calendar_id=10 selectionArgs=null
07-02 16:48:56.098   155   175 I PackageManager: Running dexopt on: com.touchtype.swiftkey
07-02 16:48:57.074  2303  2303 W dalvikvm: Class 'Lcom/android/vending/licensing/NullDeviceLimiter;' implements non-interface 'Lcom/android/vending/licensing/DeviceLimiter;'
07-02 16:48:57.078  2303  2303 W dalvikvm: Class 'Lcom/google/gson/JsonDeserializationContextDefault;' implements non-interface 'Lcom/google/gson/JsonDeserializationContext;'
07-02 16:48:57.082  2303  2303 W dalvikvm: Class 'Lcom/google/gson/JsonSerializationContextDefault;' implements non-interface 'Lcom/google/gson/JsonSerializationContext;'
07-02 16:48:57.082  2303  2303 W dalvikvm: Class 'Lcom/google/inject/DefaultConstructionProxyFactory$1;' implements non-interface 'Lcom/google/inject/ConstructionProxy;'
07-02 16:48:57.086  2303  2303 W dalvikvm: Class 'Lcom/google/inject/SingleMethodInjector$1;' implements non-interface 'Lcom/google/inject/InjectorImpl$MethodInvoker;'
07-02 16:48:57.102  2303  2303 W dalvikvm: Class 'Lcom/google/inject/matcher/AbstractMatcher;' implements non-interface 'Lcom/google/inject/matcher/Matcher;'
07-02 16:48:57.117  2303  2303 W dalvikvm: Class 'Lcom/google/inject/spi/DefaultBindingScopingVisitor;' implements non-interface 'Lcom/google/inject/spi/BindingScopingVisitor;'
07-02 16:48:57.309  2303  2303 W dalvikvm: Class 'Lcom/touchtype/preferences/FluencyPreferenceConfiguration$1;' implements non-interface 'Lcom/touchtype/preferences/FluencyPreferenceFactory$PreferenceListener;'
07-02 16:48:57.324  2303  2303 W dalvikvm: Class 'Lcom/touchtype_fluency/service/FluencyPreferencesImpl;' implements non-interface 'Lcom/touchtype_fluency/service/FluencyPreferences;'
07-02 16:48:57.328  2303  2303 W dalvikvm: Class 'Lcom/touchtype_fluency/service/FluencyServiceProxy$1$1;' implements non-interface 'Lcom/touchtype_fluency/service/FluencyServiceImpl$Listener;'
07-02 16:48:57.332  2303  2303 W dalvikvm: Class 'Lcom/touchtype_fluency/service/personalize/Personalizer;' implements non-interface 'Lcom/touchtype_fluency/service/personalize/PersonalizerInterface;'
07-02 16:48:57.332  2303  2303 W dalvikvm: Class 'Lcom/touchtype_fluency/service/personalize/PersonalizerService$RunPersonalizer$1;' implements non-interface 'Lcom/touchtype_fluency/service/personalize/PersonalizationListener;'
07-02 16:48:57.356  2303  2303 W dalvikvm: Class 'Loauth/signpost/AbstractOAuthConsumer;' implements non-interface 'Loauth/signpost/OAuthConsumer;'
07-02 16:48:57.360  2303  2303 W dalvikvm: Class 'Loauth/signpost/AbstractOAuthProvider;' implements non-interface 'Loauth/signpost/OAuthProvider;'
07-02 16:48:57.364  2303  2303 D dalvikvm: DexOpt: 'Lorg/apache/commons/codec/Decoder;' has an earlier definition; blocking out
07-02 16:48:57.364  2303  2303 D dalvikvm: DexOpt: 'Lorg/apache/commons/codec/BinaryDecoder;' has an earlier definition; blocking out
07-02 16:48:57.364  2303  2303 D dalvikvm: DexOpt: 'Lorg/apache/commons/codec/Encoder;' has an earlier definition; blocking out
07-02 16:48:57.364  2303  2303 D dalvikvm: DexOpt: 'Lorg/apache/commons/codec/BinaryEncoder;' has an earlier definition; blocking out
07-02 16:48:57.367   589   589 D OpenGLRenderer: Flushing caches (mode 1)
07-02 16:48:57.371  2303  2303 D dalvikvm: DexOpt: 'Lorg/apache/commons/codec/DecoderException;' has an earlier definition; blocking out
07-02 16:48:57.371  2303  2303 D dalvikvm: DexOpt: 'Lorg/apache/commons/codec/EncoderException;' has an earlier definition; blocking out
07-02 16:48:57.371  2303  2303 D dalvikvm: DexOpt: 'Lorg/apache/commons/codec/StringDecoder;' has an earlier definition; blocking out
07-02 16:48:57.371  2303  2303 D dalvikvm: DexOpt: 'Lorg/apache/commons/codec/StringEncoder;' has an earlier definition; blocking out
07-02 16:48:57.375  2303  2303 D dalvikvm: DexOpt: 'Lorg/apache/commons/codec/StringEncoderComparator;' has an earlier definition; blocking out
07-02 16:48:57.375  2303  2303 D dalvikvm: DexOpt: 'Lorg/apache/commons/codec/binary/Base64;' has an earlier definition; blocking out
07-02 16:48:57.375  2303  2303 D dalvikvm: DexOpt: 'Lorg/apache/commons/codec/binary/BinaryCodec;' has an earlier definition; blocking out
07-02 16:48:57.375  2303  2303 D dalvikvm: DexOpt: 'Lorg/apache/commons/codec/binary/Hex;' has an earlier definition; blocking out
07-02 16:48:57.375  2303  2303 D dalvikvm: DexOpt: 'Lorg/apache/commons/codec/language/DoubleMetaphone$DoubleMetaphoneResult;' has an earlier definition; blocking out
07-02 16:48:57.375  2303  2303 D dalvikvm: DexOpt: 'Lorg/apache/commons/codec/language/DoubleMetaphone;' has an earlier definition; blocking out
07-02 16:48:57.375  2303  2303 D dalvikvm: DexOpt: 'Lorg/apache/commons/codec/language/Metaphone;' has an earlier definition; blocking out
07-02 16:48:57.375  2303  2303 D dalvikvm: DexOpt: 'Lorg/apache/commons/codec/language/RefinedSoundex;' has an earlier definition; blocking out
07-02 16:48:57.375  2303  2303 D dalvikvm: DexOpt: 'Lorg/apache/commons/codec/language/Soundex;' has an earlier definition; blocking out
07-02 16:48:57.375  2303  2303 D dalvikvm: DexOpt: 'Lorg/apache/commons/codec/language/SoundexUtils;' has an earlier definition; blocking out
07-02 16:48:57.375  2303  2303 D dalvikvm: DexOpt: 'Lorg/apache/commons/codec/net/RFC1522Codec;' has an earlier definition; blocking out
07-02 16:48:57.375  2303  2303 D dalvikvm: DexOpt: 'Lorg/apache/commons/codec/net/BCodec;' has an earlier definition; blocking out
07-02 16:48:57.375  2303  2303 D dalvikvm: DexOpt: 'Lorg/apache/commons/codec/net/QCodec;' has an earlier definition; blocking out
07-02 16:48:57.375  2303  2303 D dalvikvm: DexOpt: 'Lorg/apache/commons/codec/net/QuotedPrintableCodec;' has an earlier definition; blocking out
07-02 16:48:57.375  2303  2303 D dalvikvm: DexOpt: 'Lorg/apache/commons/codec/net/StringEncodings;' has an earlier definition; blocking out
07-02 16:48:57.375  2303  2303 D dalvikvm: DexOpt: 'Lorg/apache/commons/codec/net/URLCodec;' has an earlier definition; blocking out
07-02 16:48:57.391  2303  2303 W dalvikvm: Class 'Lroboguice/inject/StringResourceFactory;' implements non-interface 'Lroboguice/inject/ResourceFactory;'
07-02 16:48:57.789   155   507 W InputManagerService: Window already focused, ignoring focus gain of: com.android.internal.view.IInputMethodClient$Stub$Proxy@41b1bd98
07-02 16:48:58.067   737   760 I CalendarProvider2: No events to update: uri=content://com.android.calendar/events?account_name=geoffrey.challen%40gmail.com&account_type=com.google&caller_is_syncadapter=true selection=_sync_id IS NOT NULL AND calendar_id=11 selectionArgs=null
07-02 16:48:58.758  2303  2303 I dalvikvm: DexOpt: not resolving ambiguous class 'Lorg/apache/commons/codec/binary/Base64;'
07-02 16:48:58.758  2303  2303 D dalvikvm: DexOpt: not verifying/optimizing 'Lorg/apache/commons/codec/Decoder;': multiple definitions
07-02 16:48:58.758  2303  2303 D dalvikvm: DexOpt: not verifying/optimizing 'Lorg/apache/commons/codec/BinaryDecoder;': multiple definitions
07-02 16:48:58.762  2303  2303 D dalvikvm: DexOpt: not verifying/optimizing 'Lorg/apache/commons/codec/Encoder;': multiple definitions
07-02 16:48:58.762  2303  2303 D dalvikvm: DexOpt: not verifying/optimizing 'Lorg/apache/commons/codec/BinaryEncoder;': multiple definitions
07-02 16:48:58.762  2303  2303 D dalvikvm: DexOpt: not verifying/optimizing 'Lorg/apache/commons/codec/DecoderException;': multiple definitions
07-02 16:48:58.762  2303  2303 D dalvikvm: DexOpt: not verifying/optimizing 'Lorg/apache/commons/codec/EncoderException;': multiple definitions
07-02 16:48:58.762  2303  2303 D dalvikvm: DexOpt: not verifying/optimizing 'Lorg/apache/commons/codec/StringDecoder;': multiple definitions
07-02 16:48:58.762  2303  2303 D dalvikvm: DexOpt: not verifying/optimizing 'Lorg/apache/commons/codec/StringEncoder;': multiple definitions
07-02 16:48:58.762  2303  2303 D dalvikvm: DexOpt: not verifying/optimizing 'Lorg/apache/commons/codec/StringEncoderComparator;': multiple definitions
07-02 16:48:58.762  2303  2303 D dalvikvm: DexOpt: not verifying/optimizing 'Lorg/apache/commons/codec/binary/Base64;': multiple definitions
07-02 16:48:58.762  2303  2303 D dalvikvm: DexOpt: not verifying/optimizing 'Lorg/apache/commons/codec/binary/BinaryCodec;': multiple definitions
07-02 16:48:58.762  2303  2303 D dalvikvm: DexOpt: not verifying/optimizing 'Lorg/apache/commons/codec/binary/Hex;': multiple definitions
07-02 16:48:58.762  2303  2303 I dalvikvm: DexOpt: not resolving ambiguous class 'Lorg/apache/commons/codec/binary/Hex;'
07-02 16:48:58.762  2303  2303 D dalvikvm: DexOpt: not verifying/optimizing 'Lorg/apache/commons/codec/language/DoubleMetaphone$DoubleMetaphoneResult;': multiple definitions
07-02 16:48:58.762  2303  2303 D dalvikvm: DexOpt: not verifying/optimizing 'Lorg/apache/commons/codec/language/DoubleMetaphone;': multiple definitions
07-02 16:48:58.762  2303  2303 D dalvikvm: DexOpt: not verifying/optimizing 'Lorg/apache/commons/codec/language/Metaphone;': multiple definitions
07-02 16:48:58.762  2303  2303 D dalvikvm: DexOpt: not verifying/optimizing 'Lorg/apache/commons/codec/language/RefinedSoundex;': multiple definitions
07-02 16:48:58.762  2303  2303 D dalvikvm: DexOpt: not verifying/optimizing 'Lorg/apache/commons/codec/language/Soundex;': multiple definitions
07-02 16:48:58.762  2303  2303 D dalvikvm: DexOpt: not verifying/optimizing 'Lorg/apache/commons/codec/language/SoundexUtils;': multiple definitions
07-02 16:48:58.762  2303  2303 D dalvikvm: DexOpt: not verifying/optimizing 'Lorg/apache/commons/codec/net/RFC1522Codec;': multiple definitions
07-02 16:48:58.762  2303  2303 D dalvikvm: DexOpt: not verifying/optimizing 'Lorg/apache/commons/codec/net/BCodec;': multiple definitions
07-02 16:48:58.762  2303  2303 D dalvikvm: DexOpt: not verifying/optimizing 'Lorg/apache/commons/codec/net/QCodec;': multiple definitions
07-02 16:48:58.762  2303  2303 D dalvikvm: DexOpt: not verifying/optimizing 'Lorg/apache/commons/codec/net/QuotedPrintableCodec;': multiple definitions
07-02 16:48:58.762  2303  2303 D dalvikvm: DexOpt: not verifying/optimizing 'Lorg/apache/commons/codec/net/StringEncodings;': multiple definitions
07-02 16:48:58.762  2303  2303 D dalvikvm: DexOpt: not verifying/optimizing 'Lorg/apache/commons/codec/net/URLCodec;': multiple definitions
07-02 16:48:58.828  2303  2303 D dalvikvm: DexOpt: load 373ms, verify+opt 1436ms
07-02 16:48:59.227   155   172 I ActivityManager: Force stopping package com.touchtype.swiftkey uid=10055
07-02 16:48:59.547   155   175 D PackageManager: New package installed in /data/app/com.touchtype.swiftkey-1.apk
07-02 16:48:59.711   155   157 D dalvikvm: GC_CONCURRENT freed 1453K, 18% free 15602K/19015K, paused 9ms+26ms
07-02 16:48:59.742   640   642 D dalvikvm: GC_CONCURRENT freed 365K, 11% free 9897K/11079K, paused 52ms+43ms
07-02 16:48:59.871   155   175 V BackupManagerService: restoreAtInstall pkg=com.touchtype.swiftkey token=4
07-02 16:48:59.879   155   175 V BackupManagerService: No restore set -- skipping restore
07-02 16:48:59.895   492   492 I RegisteredComponentCache: ComponentInfo: ResolveInfo{41340348 com.android.apps.tag.TagViewer p=0 o=0 m=0x108000}, techs: android.nfc.tech.Ndef, 
07-02 16:48:59.961  1464  1464 I Launcher: setLoadOnResume
07-02 16:49:00.031   155   171 D PackageManager: generateServicesMap(android.accounts.AccountAuthenticator): 3 services unchanged
07-02 16:49:00.156   155   171 D PackageManager: generateServicesMap(android.content.SyncAdapter): 9 services unchanged
07-02 16:49:00.188   155   171 W ResourceType: Failure getting entry for 0x7f060000 (t=5 e=0) in package 0 (error -75)
07-02 16:49:00.203  2062  2064 D dalvikvm: GC_CONCURRENT freed 505K, 6% free 9600K/10183K, paused 2ms+8ms
07-02 16:49:00.289   155   171 D BackupManagerService: Received broadcast Intent { act=android.intent.action.PACKAGE_ADDED dat=package:com.touchtype.swiftkey flg=0x10000010 (has extras) }
07-02 16:49:00.356   155   171 V BackupManagerService: addPackageParticipantsLocked: #1
07-02 16:49:00.356   155   171 I BackupManagerService: New app com.touchtype.swiftkey never backed up; scheduling
07-02 16:49:00.621   155   175 D dalvikvm: GC_EXPLICIT freed 3076K, 30% free 13378K/19015K, paused 22ms+13ms
07-02 16:49:00.762  1974  2014 D Finsky  : [199] 1.packageInstalled: Package install status for "com.touchtype.swiftkey" is 1
07-02 16:49:00.828  1974  1974 D Finsky  : [1] InstallerImpl.kick: Installer kick null - starting com.google.android.apps.googlevoice
07-02 16:49:00.996   589   589 D OpenGLRenderer: Flushing caches (mode 1)
07-02 16:49:01.067  1974  1974 D Finsky  : [1] DownloadImpl.setState: com.google.android.apps.googlevoice from null to UNQUEUED.
07-02 16:49:01.067  1974  1974 D Finsky  : [1] DownloadQueueImpl.add: Download com.google.android.apps.googlevoice added to DownloadQueue
07-02 16:49:01.071  1974  1974 D Finsky  : [1] DownloadImpl.setState: com.google.android.apps.googlevoice from UNQUEUED to QUEUED.
07-02 16:49:01.125    85    85 I installd: free_cache(4748100) avail 909803520
07-02 16:49:01.219  1974  2312 D dalvikvm: GC_EXPLICIT freed 927K, 9% free 19220K/20935K, paused 11ms+8ms
07-02 16:49:01.278  1974  1974 D Finsky  : [1] DownloadQueueImpl.startDownload: Download com.google.android.apps.googlevoice starting
07-02 16:49:01.328  1974  1974 D Finsky  : [1] DownloadImpl.setState: com.google.android.apps.googlevoice from QUEUED to DOWNLOADING.
07-02 16:49:01.328  1974  1974 D Finsky  : [1] DownloadQueueImpl.onStart: com.google.android.apps.googlevoice: onStart
07-02 16:49:01.422  1974  1974 D Finsky  : [1] DownloadQueueImpl.notifyProgress: com.google.android.apps.googlevoice: onProgress 0/-1 Status: 190.
07-02 16:49:01.633  2099  2313 D dalvikvm: GC_EXPLICIT freed 337K, 8% free 9231K/9927K, paused 6ms+11ms
07-02 16:49:01.715  1974  1974 D Finsky  : [1] DownloadQueueImpl.notifyProgress: com.google.android.apps.googlevoice: onProgress 0/-1 Status: 192.
07-02 16:49:01.895   539  2317 I DownloadManager: Initiating request for download 8
07-02 16:49:01.957   155   491 D dalvikvm: GC_EXPLICIT freed 251K, 30% free 13359K/19015K, paused 8ms+8ms
07-02 16:49:02.074   390   392 D dalvikvm: GC_CONCURRENT freed 381K, 8% free 11038K/11975K, paused 2ms+6ms
07-02 16:49:02.266   589   589 D OpenGLRenderer: Flushing caches (mode 1)
07-02 16:49:02.305   390   390 D dalvikvm: GC_FOR_ALLOC freed 613K, 10% free 10840K/11975K, paused 20ms
07-02 16:49:02.422   559  1736 D dalvikvm: GC_EXPLICIT freed 213K, 14% free 10514K/12103K, paused 210ms+5ms
07-02 16:49:03.078   539  2317 I DownloadManager: Initiating request for download 8
07-02 16:49:03.567   539   541 D dalvikvm: GC_CONCURRENT freed 344K, 7% free 9482K/10119K, paused 445ms+9ms
07-02 16:49:03.586  1464  1464 I Launcher: setLoadOnResume
07-02 16:49:03.594  1464  1464 I Launcher: setLoadOnResume
07-02 16:49:03.606  1464  1464 I Launcher: setLoadOnResume
07-02 16:49:03.606  1464  1464 I Launcher: setLoadOnResume
07-02 16:49:03.629  1464  1464 I Launcher: setLoadOnResume
07-02 16:49:03.637  1464  1464 I Launcher: setLoadOnResume
07-02 16:49:04.012   737   757 I CalendarProvider2: No events to update: uri=content://com.android.calendar/events?account_name=geoffrey.challen%40gmail.com&account_type=com.google&caller_is_syncadapter=true selection=_sync_id IS NOT NULL AND calendar_id=12 selectionArgs=null
07-02 16:49:04.071   737   739 D dalvikvm: GC_CONCURRENT freed 288K, 8% free 9284K/9991K, paused 3ms+7ms
07-02 16:49:05.699   589   589 D OpenGLRenderer: Flushing caches (mode 1)
07-02 16:49:05.742   737   757 I CalendarProvider2: No events to update: uri=content://com.android.calendar/events?account_name=geoffrey.challen%40gmail.com&account_type=com.google&caller_is_syncadapter=true selection=_sync_id IS NOT NULL AND calendar_id=13 selectionArgs=null
07-02 16:49:07.500   539  2317 I qtaguid : Failed write_ctrl(u 54) res=-1 errno=22
07-02 16:49:07.500   539  2317 I qtaguid : Untagging socket 54 failed errno=-22
07-02 16:49:07.500   539  2317 W NetworkManagementSocketTagger: untagSocket(54) failed with errno -22
07-02 16:49:08.024  1974  1974 D Finsky  : [1] DownloadQueueImpl.notifyProgress: com.google.android.apps.googlevoice: onProgress 4748100/4748100 Status: 200.
07-02 16:49:08.047  1974  1974 D Finsky  : [1] DownloadBroadcastReceiver.onReceive: Intent received at DownloadBroadcastReceiver
07-02 16:49:08.059  1974  1974 D Finsky  : [1] DownloadImpl.setState: com.google.android.apps.googlevoice from DOWNLOADING to SUCCESS.
07-02 16:49:08.059  1974  1974 D Finsky  : [1] DownloadQueueImpl.onComplete: com.google.android.apps.googlevoice: onComplete
07-02 16:49:08.059  1974  1974 D Finsky  : [1] DownloadQueueImpl.remove: Download com.google.android.apps.googlevoice removed from DownloadQueue
07-02 16:49:08.063    85    85 I installd: free_cache(0) avail 905060352
07-02 16:49:08.067  1974  1974 D Finsky  : [1] SelfUpdateScheduler.onComplete: Self-update ignoring completed download com.google.android.apps.googlevoice
07-02 16:49:08.168   390   392 D dalvikvm: GC_CONCURRENT freed 306K, 8% free 11029K/11975K, paused 1ms+4ms
07-02 16:49:08.250   390   390 D dalvikvm: GC_FOR_ALLOC freed 573K, 10% free 10836K/11975K, paused 19ms
07-02 16:49:08.672   155   175 W ActivityManager: No content provider found for permission revoke: file:///data/data/com.android.providers.downloads/cache/downloadfile-5.apk
07-02 16:49:08.746   390   392 D dalvikvm: GC_CONCURRENT freed 264K, 8% free 11110K/11975K, paused 2ms+14ms
07-02 16:49:08.930   390   390 D dalvikvm: GC_FOR_ALLOC freed 500K, 9% free 10899K/11975K, paused 25ms
07-02 16:49:08.949   155   175 W ActivityManager: No content provider found for permission revoke: file:///data/data/com.android.providers.downloads/cache/downloadfile-5.apk
07-02 16:49:09.125   155   157 D dalvikvm: GC_CONCURRENT freed 755K, 29% free 13688K/19015K, paused 2ms+10ms
07-02 16:49:09.496   155   157 D dalvikvm: GC_CONCURRENT freed 537K, 26% free 14208K/19015K, paused 3ms+5ms
07-02 16:49:09.641   155   157 D dalvikvm: GC_CONCURRENT freed 1291K, 26% free 14106K/19015K, paused 3ms+6ms
07-02 16:49:09.813  2099  2102 D dalvikvm: GC_CONCURRENT freed 380K, 7% free 9241K/9927K, paused 1ms+2ms
07-02 16:49:09.871   589   589 D OpenGLRenderer: Flushing caches (mode 1)
07-02 16:49:09.922   737   757 I CalendarProvider2: No events to update: uri=content://com.android.calendar/events?account_name=geoffrey.challen%40gmail.com&account_type=com.google&caller_is_syncadapter=true selection=_sync_id IS NOT NULL AND calendar_id=14 selectionArgs=null
07-02 16:49:10.039   155   157 D dalvikvm: GC_CONCURRENT freed 1191K, 26% free 14141K/19015K, paused 3ms+5ms
07-02 16:49:10.114   737  2337 W ContentResolver: Failed to get type for: content://com.android.calendar/1341341100000 (Unknown URL content://com.android.calendar/1341341100000)
07-02 16:49:10.153   737   739 D dalvikvm: GC_CONCURRENT freed 379K, 7% free 9297K/9991K, paused 2ms+3ms
07-02 16:49:10.278   155   157 D dalvikvm: GC_CONCURRENT freed 1204K, 26% free 14127K/19015K, paused 2ms+7ms
07-02 16:49:10.598   155   157 D dalvikvm: GC_CONCURRENT freed 1190K, 26% free 14124K/19015K, paused 3ms+147ms
07-02 16:49:10.762   155   175 I PackageManager: Running dexopt on: com.google.android.apps.googlevoice
07-02 16:49:12.145   589   589 D OpenGLRenderer: Flushing caches (mode 1)
07-02 16:49:12.301   737   760 I CalendarProvider2: No events to update: uri=content://com.android.calendar/events?account_name=geoffrey.challen%40gmail.com&account_type=com.google&caller_is_syncadapter=true selection=_sync_id IS NOT NULL AND calendar_id=15 selectionArgs=null
07-02 16:49:12.785   737   760 D dalvikvm: GC_EXPLICIT freed 207K, 8% free 9231K/9991K, paused 2ms+3ms
07-02 16:49:13.606   589   589 D OpenGLRenderer: Flushing caches (mode 1)
07-02 16:49:14.246  2338  2338 D dalvikvm: DexOpt: load 476ms, verify+opt 1724ms
07-02 16:49:14.578   155   172 I ActivityManager: Force stopping package com.google.android.apps.googlevoice uid=10056
07-02 16:49:14.598  2099  2102 D dalvikvm: GC_CONCURRENT freed 371K, 7% free 9257K/9927K, paused 33ms+275ms
07-02 16:49:14.719   155   175 D PackageManager: New package installed in /data/app/com.google.android.apps.googlevoice-1.apk
07-02 16:49:14.727   155   175 W PackageManager: Unknown permission com.android.vending.permission.UPDATE_MARKET_FAILURE in package com.android.vending.updater
07-02 16:49:14.731   155   175 W PackageManager: Unknown permission android.permission.ADD_SYSTEM_SERVICE in package com.android.phone
07-02 16:49:14.739   155   175 W PackageManager: Unknown permission com.google.android.gm.permission.AUTO_SEND in package com.google.android.voicesearch
07-02 16:49:14.742   155   175 W PackageManager: Unknown permission com.android.vending.billing.IBillingAccountService.BIND2 in package com.google.android.gsf.login
07-02 16:49:14.742   155   175 W PackageManager: Not granting permission android.permission.SEND_DOWNLOAD_COMPLETED_INTENTS to package com.android.browser (protectionLevel=2 flags=0x9be45)
07-02 16:49:14.746   155   175 W PackageManager: Unknown permission com.google.android.gm.permission.READ_GMAIL in package com.google.android.talk
07-02 16:49:14.750   155   175 W PackageManager: Unknown permission android.permission.READ_OWNER_DATA in package com.google.android.setupwizard
07-02 16:49:14.758   155   175 W PackageManager: Unknown permission android.permission.WRITE_OWNER_DATA in package com.google.android.setupwizard
07-02 16:49:14.766   155   175 W PackageManager: Unknown permission android.permission.WRITE_CDMA_CARRIER_SETTINGS in package com.android.sprintmenu
07-02 16:49:14.766   155   175 W PackageManager: Unknown permission android.permission.CHANGE_DUN_STATE in package com.android.sprintmenu
07-02 16:49:14.766   155   175 W PackageManager: Unknown permission android.permission.READ_EXTERNAL_STORAGE in package com.android.videoeditor
07-02 16:49:14.770   155   175 W PackageManager: Unknown permission com.google.android.gm.permission.READ_GMAIL in package com.google.android.apps.uploader
07-02 16:49:14.770   155   175 W PackageManager: Unknown permission android.permission.READ_EXTERNAL_STORAGE in package com.android.vending
07-02 16:49:14.774   155   175 W PackageManager: Unknown permission com.sprint.internal.permission.CONNECTIONMANAGER in package com.samsung.update
07-02 16:49:14.774   155   175 W PackageManager: Unknown permission com.sprint.internal.permission.SYSTEMPROPERTIES in package com.samsung.update
07-02 16:49:14.774   155   175 W PackageManager: Unknown permission com.sprint.internal.permission.SYSTEMPROPERTIES_WRITE in package com.samsung.update
07-02 16:49:14.774   155   175 W PackageManager: Unknown permission com.android.providers.im.permission.READ_ONLY in package com.google.android.apps.maps
07-02 16:49:14.774   155   175 W PackageManager: Not granting permission android.permission.DEVICE_POWER to package com.android.deskclock (protectionLevel=2 flags=0x8be45)
07-02 16:49:14.778   155   175 W PackageManager: Unknown permission android.permission.FLAG_RECEIVER_REGISTERED_ONLY_BEFORE_BOOT in package com.samsung.wimax
07-02 16:49:14.778   155   175 W PackageManager: Not granting permission android.permission.ACCESS_CHECKIN_PROPERTIES to package com.google.android.apps.googlevoice (protectionLevel=3 flags=0x8be44)
07-02 16:49:14.781   155   175 W PackageManager: Unknown permission com.google.android.apps.googlevoice.REMOTE_INTENT in package com.google.android.apps.googlevoice
07-02 16:49:14.781   155   175 W PackageManager: Unknown permission com.google.android.permission.RECEIVE_DATA_MESSAGE in package com.google.android.apps.googlevoice
07-02 16:49:14.781   155   175 W PackageManager: Unknown permission com.google.android.permission.SEND_DATA_MESSAGE in package com.google.android.apps.googlevoice
07-02 16:49:14.781   155   175 W PackageManager: Unknown permission com.android.providers.voicemail.permission.READ_WRITE_ALL_VOICEMAIL in package com.google.android.apps.googlevoice
07-02 16:49:14.781   155   175 W PackageManager: Unknown permission com.android.providers.voicemail.permission.READ_WRITE_OWN_VOICEMAIL in package com.google.android.apps.googlevoice
07-02 16:49:14.942   492   492 I RegisteredComponentCache: ComponentInfo: ResolveInfo{41341370 com.android.apps.tag.TagViewer p=0 o=0 m=0x108000}, techs: android.nfc.tech.Ndef, 
07-02 16:49:15.020  1464  1464 I Launcher: setLoadOnResume
07-02 16:49:15.024   155   171 D PackageManager: generateServicesMap(android.accounts.AccountAuthenticator): 3 services unchanged
07-02 16:49:15.114   155   171 D PackageManager: generateServicesMap(android.content.SyncAdapter): 9 services unchanged
07-02 16:49:15.129   155   171 W ResourceType: Failure getting entry for 0x7f060000 (t=5 e=0) in package 0 (error -75)
07-02 16:49:15.156   155   171 D BackupManagerService: Received broadcast Intent { act=android.intent.action.PACKAGE_ADDED dat=package:com.google.android.apps.googlevoice flg=0x10000010 (has extras) }
07-02 16:49:15.254  1464  1466 D dalvikvm: GC_CONCURRENT freed 992K, 38% free 12034K/19399K, paused 47ms+10ms
07-02 16:49:15.375   155   175 D dalvikvm: GC_EXPLICIT freed 1147K, 26% free 14255K/19015K, paused 13ms+23ms
07-02 16:49:15.465   155   171 V BackupManagerService: addPackageParticipantsLocked: #1
07-02 16:49:15.512  1974  2013 D Finsky  : [198] 1.packageInstalled: Package install status for "com.google.android.apps.googlevoice" is 1
07-02 16:49:15.871  1974  1974 D Finsky  : [1] DetailsDataBasedFragment.rebindViews: Page [class=DetailsFragment] loaded in [39246 ms] (partial? false)
07-02 16:49:16.391  1464  1464 I Launcher: setLoadOnResume
07-02 16:49:16.406  1464  1464 I Launcher: setLoadOnResume
07-02 16:49:16.446  1464  1464 I Launcher: setLoadOnResume
07-02 16:49:16.453  1464  1464 I Launcher: setLoadOnResume
07-02 16:49:16.516  1464  1464 I Launcher: setLoadOnResume
07-02 16:49:16.535  1464  1464 I Launcher: setLoadOnResume
07-02 16:49:16.633  1974  1974 D Finsky  : [1] DetailsDataBasedFragment.rebindViews: Page [class=DetailsFragment] loaded in [40020 ms] (partial? true)
07-02 16:49:16.770  1974  1974 D Finsky  : [1] InstallerImpl.kick: Installer kick null - starting com.google.android.apps.docs
07-02 16:49:16.864   589   589 D OpenGLRenderer: Flushing caches (mode 1)
07-02 16:49:17.063  1974  1975 D dalvikvm: GC_CONCURRENT freed 2281K, 12% free 19025K/21383K, paused 11ms+19ms
07-02 16:49:17.285  1974  1974 D Finsky  : [1] DownloadImpl.setState: com.google.android.apps.docs from null to UNQUEUED.
07-02 16:49:17.285  1974  1974 D Finsky  : [1] DownloadQueueImpl.add: Download com.google.android.apps.docs added to DownloadQueue
07-02 16:49:17.285  1974  1974 D Finsky  : [1] DownloadImpl.setState: com.google.android.apps.docs from UNQUEUED to QUEUED.
07-02 16:49:17.317    85    85 I installd: free_cache(5332883) avail 896983040
07-02 16:49:17.356  1974  1974 D Finsky  : [1] DownloadQueueImpl.startDownload: Download com.google.android.apps.docs starting
07-02 16:49:17.551   155   633 D dalvikvm: GC_EXPLICIT freed 1408K, 30% free 13402K/19015K, paused 3ms+7ms
07-02 16:49:17.567  1974  1974 D Finsky  : [1] DownloadImpl.setState: com.google.android.apps.docs from QUEUED to DOWNLOADING.
07-02 16:49:17.567  1974  1974 D Finsky  : [1] DownloadQueueImpl.onStart: com.google.android.apps.docs: onStart
07-02 16:49:17.571  1974  1974 D Finsky  : [1] DownloadQueueImpl.notifyProgress: com.google.android.apps.docs: onProgress 0/-1 Status: 190.
07-02 16:49:17.617   640   642 D dalvikvm: GC_CONCURRENT freed 332K, 11% free 9951K/11079K, paused 85ms+3ms
07-02 16:49:17.727   589   589 D OpenGLRenderer: Flushing caches (mode 1)
07-02 16:49:17.778  1974  1974 D Finsky  : [1] DownloadQueueImpl.notifyProgress: com.google.android.apps.docs: onProgress 0/-1 Status: 192.
07-02 16:49:17.860   539  2352 I DownloadManager: Initiating request for download 9
07-02 16:49:17.899   390   392 D dalvikvm: GC_CONCURRENT freed 249K, 6% free 11262K/11975K, paused 2ms+3ms
07-02 16:49:17.957   390   390 D dalvikvm: GC_FOR_ALLOC freed 367K, 8% free 11054K/11975K, paused 21ms
07-02 16:49:18.145   390   390 D dalvikvm: GC_FOR_ALLOC freed 402K, 8% free 11058K/11975K, paused 18ms
07-02 16:49:18.301   589   589 D OpenGLRenderer: Flushing caches (mode 1)
07-02 16:49:18.617   589   589 D OpenGLRenderer: Flushing caches (mode 1)
07-02 16:49:18.684   539  2352 I DownloadManager: Initiating request for download 9
