07-08 21:55:55.758   349   349 D SAN_SERVICE: *******************************************
07-08 21:55:55.758   349   349 D SAN_SERVICE: *******************************************
07-08 21:55:55.758   349   349 D SAN_SERVICE: DM App Phone Call State - 0
07-08 21:55:55.758   349   349 D SAN_SERVICE: *******************************************
07-08 21:55:55.765   145   384 I ActivityManager: Start proc mobi.mgeek.TunnyBrowser:DolphinNotification for broadcast mobi.mgeek.TunnyBrowser/com.dolphin.browser.message.MyBroadcastReceiver: pid=613 uid=10060 gids={3003, 1015, 1007}
07-08 21:55:55.769   349   611 V SAN_SERVICE: Background Thread has stopped san_empty false
07-08 21:55:55.773   349   349 I SAN_SERVICE: onDestroy
07-08 21:55:55.785   580   596 E DefaultVoicemailNotifier: No voicemails to notify about: clear the notification.
07-08 21:55:55.804   613   613 I dalvikvm: Turning on JNI app bug workarounds for target SDK version 6...
07-08 21:55:55.863   580   595 W ResourceType: getEntry failing because entryIndex 344 is beyond type entryCount 189
07-08 21:55:55.863   580   595 W ResourceType: Failure getting entry for 0x7f020158 (t=1 e=344) in package 0 (error -2147483647)
07-08 21:55:55.883   580   595 D AccountTypeManager: Registering 1 extension packages
07-08 21:55:55.980   580   595 I AccountTypeManager: Loaded meta-data for 3 account types, 2 accounts in 382ms(wall) 20ms(cpu)
07-08 21:55:56.019   145   175 D dalvikvm: GC_EXPLICIT freed 950K, 8% free 13313K/14407K, paused 2ms+8ms
07-08 21:55:56.043   613   613 D TraceLog: Browser.onCreate started.
07-08 21:55:56.047   613   613 V Browser : creating browser applicationmobi.mgeek.TunnyBrowser.Browser@413a8e30
07-08 21:55:56.047   613   613 V Browser : creating browser applicationmobi.mgeek.TunnyBrowser.Browser@413a8e30
07-08 21:55:56.066   613   615 D dalvikvm: GC_CONCURRENT freed 198K, 4% free 9317K/9607K, paused 2ms+6ms
07-08 21:55:56.156   613   613 I dalvikvm: Could not find method com.dolphin.browser.androidwebkit.MyWebView.getZoomButtonsController, referenced from method com.dolphin.browser.androidwebkit.MyWebView.hideZoomButtonsController
07-08 21:55:56.156   613   613 W dalvikvm: VFY: unable to resolve virtual method 12889: Lcom/dolphin/browser/androidwebkit/MyWebView;.getZoomButtonsController ()Landroid/widget/ZoomButtonsController;
07-08 21:55:56.156   613   613 D dalvikvm: VFY: replacing opcode 0x6e at 0x000a
07-08 21:55:56.254   613   615 D dalvikvm: GC_CONCURRENT freed 341K, 5% free 9395K/9863K, paused 2ms+2ms
07-08 21:55:56.297   145   630 D libsecgps: gps_init
07-08 21:55:56.297    87    87 D GPSD    : send_ril_gps_request: Connecting to RIL...
07-08 21:55:56.301   145   630 D GpsLocationProvider: set_capabilities_callback: 1
07-08 21:55:56.332   270   270 D NetworkLocationService: onCreate com.google.android.location.NetworkLocationService@413d4ae0
07-08 21:55:56.347   270   270 D NetworkLocationClient: ANDROID minProtocolVersion 1 maxProtocolVersion 1 releaseVersion -1
07-08 21:55:56.347   270   270 D NetworkLocationClient: binding to Intent { act=com.google.android.location.internal.ANDROID_NLP }
07-08 21:55:56.410   270   272 D dalvikvm: GC_CONCURRENT freed 479K, 7% free 9268K/9863K, paused 2ms+2ms
07-08 21:55:56.426   270   270 D NetworkLocationService: onBind com.google.android.location.NetworkLocationProvidercom.google.android.location.NetworkLocationService@413d4ae0
07-08 21:55:56.429   270   270 D NetworkLocationService: onBind com.google.android.location.GeocodeProvidercom.google.android.location.NetworkLocationService@413d4ae0
07-08 21:55:56.445   270   270 D androidInternalNlpService: onCreate com.google.android.location.internal.server.NetworkLocationService@4134ef90
07-08 21:55:56.453   270   649 D NetworkLocationRealOs: NLPv2 file already exists; ignoring any NLPv1 files
07-08 21:55:56.457   270   270 D androidNlpServiceThread: ANDROID minProtocolVersion 1 maxProtocolVersion 1 releaseVersion -1
07-08 21:55:56.488   270   270 D NetworkLocationClient: onServiceConnected to ComponentInfo{com.google.android.location/com.google.android.location.internal.server.NetworkLocationService}
07-08 21:55:56.617   270   272 D dalvikvm: GC_CONCURRENT freed 310K, 5% free 9447K/9863K, paused 1ms+2ms
07-08 21:55:56.804   145   161 D PowerManagerService: bootCompleted
07-08 21:55:56.808   145   161 V DevicePolicyManagerService: Sending password expiration notifications for action android.intent.action.BOOT_COMPLETED
07-08 21:55:56.808    73    96 D VoldCmdListener: volume mount /mnt/sdcard
07-08 21:55:56.812    73    96 I Vold    : /dev/block/vold/179:3 being considered for volume sdcard
07-08 21:55:56.812    73    96 D Vold    : Volume sdcard state changing 1 (Idle-Unmounted) -> 3 (Checking)
07-08 21:55:56.816   145   161 V WiredAccessoryObserver: init()
07-08 21:55:56.832   145   209 D MountService: volume state changed for /mnt/sdcard (unmounted -> checking)
07-08 21:55:56.847   214   303 I StorageNotification: Media {/mnt/sdcard} state changed from {unmounted} -> {checking}
07-08 21:55:56.847   145   209 D MountService: sendStorageIntent Intent { act=android.intent.action.MEDIA_CHECKING dat=file:///mnt/sdcard (has extras) }
07-08 21:55:56.859   145   161 W WiredAccessoryObserver: This kernel does not have wired headset support
07-08 21:55:56.863   145   161 W WiredAccessoryObserver: This kernel does not have wired headset support
07-08 21:55:57.129   145   679 I RecoverySystem: No recovery log file
07-08 21:55:57.168   542   558 V AlarmClock: AlarmInitReceiver finished
07-08 21:55:57.226    73    96 I /system/bin/fsck_msdos: ** /dev/block/vold/179:3
07-08 21:55:57.258    73    96 I /system/bin/fsck_msdos: ** Phase 1 - Read FAT (compare skipped)
07-08 21:55:57.258    73    96 I /system/bin/fsck_msdos: Attempting to allocate 13624 KB for FAT
07-08 21:55:57.320   561   561 I CalendarProvider2: Sending notification intent: Intent { act=android.intent.action.PROVIDER_CHANGED dat=content://com.android.calendar }
07-08 21:55:57.320   561   561 W ContentResolver: Failed to get type for: content://com.android.calendar (Unknown URL content://com.android.calendar)
07-08 21:55:57.328   145   307 I ActivityManager: Start proc com.android.email for broadcast com.android.email/.service.EmailBroadcastReceiver: pid=690 uid=10013 gids={3003, 1015}
07-08 21:55:57.351    80    80 D dalvikvm: GC_EXPLICIT freed 37K, 4% free 9031K/9347K, paused 2ms+3ms
07-08 21:55:57.371    80    80 D dalvikvm: GC_EXPLICIT freed <1K, 4% free 9031K/9347K, paused 2ms+1ms
07-08 21:55:57.394    80    80 D dalvikvm: GC_EXPLICIT freed <1K, 4% free 9031K/9347K, paused 1ms+2ms
07-08 21:55:57.547   214   214 D dalvikvm: GC_FOR_ALLOC freed 218K, 5% free 9711K/10119K, paused 32ms
07-08 21:55:57.586   270   272 D dalvikvm: GC_CONCURRENT freed 155K, 3% free 9827K/10055K, paused 2ms+159ms
07-08 21:55:57.593   690   690 I ActivityThread: Pub com.android.email.provider;com.android.email.notifier: com.android.email.provider.EmailProvider
07-08 21:55:57.617   690   690 I ActivityThread: Pub com.android.email.attachmentprovider: com.android.email.provider.AttachmentProvider
07-08 21:55:57.722   145   156 I ActivityManager: Start proc com.android.exchange for service com.android.exchange/.ExchangeService: pid=706 uid=10014 gids={3003, 1015}
07-08 21:55:57.777   468   470 D dalvikvm: GC_CONCURRENT freed 177K, 4% free 9426K/9735K, paused 5ms+2ms
07-08 21:55:57.863   706   706 I ActivityThread: Pub com.android.exchange.directory.provider: com.android.exchange.provider.ExchangeDirectoryProvider
07-08 21:55:57.914   706   706 D ExchangeService: !!! EAS ExchangeService, onStartCommand, startingUp = false, running = false
