07-07 10:11:12.602 10556 10557 D dalvikvm: GC_CONCURRENT freed 378K, 5% free 9665K/10119K, paused 3ms+3ms
07-07 10:11:12.634 10556 10584 I dalvikvm: Could not find method android.webkit.WebView.enableSmartZoom, referenced from method com.dolphin.browser.core.TabManager.d
07-07 10:11:12.634 10556 10584 W dalvikvm: VFY: unable to resolve virtual method 2631: Landroid/webkit/WebView;.enableSmartZoom ()V
07-07 10:11:12.634 10556 10584 D dalvikvm: VFY: replacing opcode 0x6e at 0x000a
07-07 10:11:12.665 10556 10556 W TunnyBrowser_8.5.1: [TabManager]init com.dolphin.browser.core.TabManager@413244f0
07-07 10:11:12.762 10556 10557 D dalvikvm: GC_CONCURRENT freed 133K, 3% free 10098K/10311K, paused 4ms+3ms
07-07 10:11:12.899 10556 10557 D dalvikvm: GC_CONCURRENT freed 43K, 2% free 10538K/10695K, paused 3ms+2ms
07-07 10:11:12.981   214   214 V PhoneStatusBar: setLightsOn(true)
07-07 10:11:13.001 10556 10556 D libEGL  : loaded /system/lib/egl/libGLES_android.so
07-07 10:11:13.009 10556 10556 D libEGL  : loaded /vendor/lib/egl/libEGL_POWERVR_SGX540_120.so
07-07 10:11:13.024 10556 10556 D libEGL  : loaded /vendor/lib/egl/libGLESv1_CM_POWERVR_SGX540_120.so
07-07 10:11:13.028 10556 10556 D libEGL  : loaded /vendor/lib/egl/libGLESv2_POWERVR_SGX540_120.so
07-07 10:11:13.059   145   161 I Process : Sending signal. PID: 10556 SIG: 3
07-07 10:11:13.059 10556 10558 I dalvikvm: threadid=3: reacting to signal 3
07-07 10:11:13.141 10556 10558 I dalvikvm: Wrote stack traces to '/data/anr/traces.txt'
07-07 10:11:13.149 10556 10556 D OpenGLRenderer: Enabling debug mode 0
07-07 10:11:13.325   145   175 I ActivityManager: Displayed mobi.mgeek.TunnyBrowser/.BrowserActivity: +1s855ms
07-07 10:11:13.356   145  9051 I ActivityManager: Process com.google.android.apps.uploader (pid 9167) has died.
07-07 10:11:13.376 10556 10557 D dalvikvm: GC_CONCURRENT freed 64K, 2% free 10908K/11079K, paused 15ms+3ms
07-07 10:11:13.481 10556 10556 W InputMethodManager: Ignoring onBind: cur seq=509, given seq=508
07-07 10:11:13.700 10556 10557 D dalvikvm: GC_CONCURRENT freed 149K, 3% free 11316K/11591K, paused 2ms+4ms
07-07 10:11:13.868 10556 10557 D dalvikvm: GC_CONCURRENT freed 927K, 9% free 11068K/12103K, paused 1ms+3ms
07-07 10:11:14.454    82   129 D AudioHardware: AudioHardware pcm playback is going to standby.
07-07 10:11:14.454    82   129 D AudioHardware: closePcmOut_l() mPcmOpenCnt: 1
07-07 10:11:16.235    82   129 D AudioHardware: AudioHardware pcm playback is exiting standby.
07-07 10:11:16.235    82   129 D AudioHardware: openPcmOut_l() mPcmOpenCnt: 0
07-07 10:11:16.524   145  1114 D dalvikvm: GC_EXPLICIT freed 986K, 22% free 15162K/19399K, paused 6ms+6ms
07-07 10:11:16.872   214   217 D dalvikvm: GC_CONCURRENT freed 620K, 44% free 9706K/17287K, paused 2ms+20ms
07-07 10:11:17.040   318   318 D dalvikvm: GC_FOR_ALLOC freed 1532K, 19% free 10642K/13063K, paused 232ms
07-07 10:11:17.055   318   318 I dalvikvm-heap: Grow heap (frag case) to 11.056MB for 622096-byte allocation
07-07 10:11:17.177   318   343 D dalvikvm: GC_FOR_ALLOC freed <1K, 14% free 11249K/13063K, paused 110ms
07-07 10:11:17.180   214   217 D dalvikvm: GC_CONCURRENT freed 353K, 44% free 9809K/17287K, paused 6ms+4ms
07-07 10:11:17.341   318   321 D dalvikvm: GC_CONCURRENT freed 63K, 15% free 11227K/13063K, paused 14ms+25ms
07-07 10:11:17.438   145  4909 I ActivityManager: Process com.google.android.gm (pid 9869) has died.
07-07 10:11:17.438   145  4909 I WindowManager: WIN DEATH: Window{41327da8 com.google.android.gm/com.google.android.gm.ConversationListActivityGmail paused=false}
07-07 10:11:17.454   145   145 I WindowManager: WIN DEATH: Window{419289d8 com.google.android.gm/com.google.android.gm.ConversationListActivityGmail paused=false}
07-07 10:11:17.458   145  1120 I WindowManager: WIN DEATH: Window{417a7988 com.google.android.gm/com.google.android.gm.ConversationListActivityGmail paused=false}
07-07 10:11:17.669 10556 10580 D PersistentEventStore/putEvent: Row ID: 40, Event ID: 40
07-07 10:11:18.852 10556 10557 D dalvikvm: GC_CONCURRENT freed 281K, 7% free 11351K/12103K, paused 4ms+5ms
07-07 10:11:18.915   145   157 I ActivityManager: Start proc com.google.android.googlequicksearchbox for content provider com.google.android.googlequicksearchbox/.google.GoogleSuggestionProvider: pid=10603 uid=10021 gids={3003}
07-07 10:11:18.989 10603 10603 I ActivityThread: Pub com.google.android.googlequicksearchbox.shortcuts: com.google.android.googlequicksearchbox.WebHistoryProvider
07-07 10:11:18.993 10603 10603 I ActivityThread: Pub com.google.android.googlequicksearchbox.google: com.google.android.googlequicksearchbox.google.GoogleSuggestionProvider
07-07 10:11:19.052 10603 10614 I QSB.QsbApplication: allowSuggestionLoginCreation
07-07 10:11:19.173   381   381 D OpenGLRenderer: Flushing caches (mode 1)
07-07 10:11:19.188 10358 10358 D OpenGLRenderer: Flushing caches (mode 2)
07-07 10:11:19.192 10358 10358 D OpenGLRenderer: Flushing caches (mode 0)
07-07 10:11:19.313  9486  9488 D dalvikvm: GC_CONCURRENT freed 333K, 5% free 9339K/9799K, paused 1ms+41ms
07-07 10:11:19.325    82   129 D AudioHardware: AudioHardware pcm playback is going to standby.
07-07 10:11:19.325    82   129 D AudioHardware: closePcmOut_l() mPcmOpenCnt: 1
07-07 10:11:19.384  6107  6125 D androidNetworkLocationListeners: Still have listener com.google.android.location.internal.client.NetworkLocationClient$1@413754e0
07-07 10:11:19.387  6107  6125 D androidNetworkLocationListeners: Still have listener com.google.android.location.internal.client.NetworkLocationClient$1@413754e0
07-07 10:11:19.395 10603 10614 I QSB.GenieClient: request: chars=3;feeds=[qs, ns];loc=false;auth=false
07-07 10:11:19.520  6107  6133 D WifiLocator: Too many no-location APs. Will not compute a location nor go to the server. hasLocation=0 noLocation=0 cacheMiss=0
07-07 10:11:19.520  6107  6133 D CellLocator: Primary cell miss in cache. Need server request.
07-07 10:11:19.548  6107  6127 I System.out: [INFO:35497690]: LogSource: Running flush
07-07 10:11:19.591  6107  6128 I System.out: [INFO:35497731]: LogSource: Sending payload [bytes=449]
07-07 10:11:19.641  6107  6110 D dalvikvm: GC_CONCURRENT freed 381K, 6% free 10025K/10567K, paused 6ms+4ms
07-07 10:11:19.919 10603 10605 D dalvikvm: GC_CONCURRENT freed 258K, 4% free 9213K/9543K, paused 3ms+2ms
07-07 10:11:19.934 10603 10614 I QSB.GenieClient: response: suggestions=0;0;0;0;0;0;0;
07-07 10:11:19.985 10603 10614 I QSB.QsbApplication: allowSuggestionLoginCreation
07-07 10:11:19.993 10603 10614 I QSB.GenieClient: request: chars=7;feeds=[qs, ns];loc=false;auth=false
07-07 10:11:20.180  6107  6128 I System.out: [INFO:35498321]: LogSource: Response [http=200,length=88]
07-07 10:11:20.192  6107  6127 I System.out: [INFO:35498333]: LogSource: Read id 1, status code 200
07-07 10:11:20.216  6107  6133 D WifiLocator: Too many no-location APs. Will not compute a location nor go to the server. hasLocation=0 noLocation=0 cacheMiss=0
07-07 10:11:20.243 10603 10614 I QSB.GenieClient: response: suggestions=0;0;0;0;0;0;0;
07-07 10:11:21.024 10603 10618 I QSB.QsbApplication: allowSuggestionLoginCreation
07-07 10:11:21.028 10603 10618 I QSB.GenieClient: request: chars=8;feeds=[qs, ns];loc=true;auth=false
07-07 10:11:21.212 10603 10618 I QSB.GenieClient: response: suggestions=0;0;0;0;0;0;0;
07-07 10:11:21.391 10603 10615 I QSB.QsbApplication: allowSuggestionLoginCreation
07-07 10:11:21.391 10603 10615 I QSB.GenieClient: request: chars=9;feeds=[qs, ns];loc=true;auth=false
07-07 10:11:21.602 10603 10615 I QSB.GenieClient: response: suggestions=0;0;0;0;0;0;0;
07-07 10:11:21.641 10603 10614 I QSB.QsbApplication: allowSuggestionLoginCreation
07-07 10:11:21.645 10603 10614 I QSB.GenieClient: request: chars=10;feeds=[qs, ns];loc=true;auth=false
07-07 10:11:21.833 10603 10614 I QSB.GenieClient: response: suggestions=0;0;0;0;0;0;0;
07-07 10:11:21.872 10603 10618 I QSB.QsbApplication: allowSuggestionLoginCreation
07-07 10:11:21.872 10603 10618 I QSB.GenieClient: request: chars=11;feeds=[qs, ns];loc=true;auth=false
07-07 10:11:22.079 10603 10618 I QSB.GenieClient: response: suggestions=5;0;0;0;0;0;0;
07-07 10:11:23.243   145   327 I ActivityManager: START {act=android.intent.action.SEARCH flg=0x10000000 cmp=mobi.mgeek.TunnyBrowser/.BrowserActivity (has extras)} from pid 10556
07-07 10:11:23.255    82   129 D AudioHardware: AudioHardware pcm playback is exiting standby.
07-07 10:11:23.255    82   129 D AudioHardware: openPcmOut_l() mPcmOpenCnt: 0
07-07 10:11:23.282   145  3961 W WindowManager: Force-removing child win Window{417a7ba0 PopupWindow:413a71e0 paused=false} from container Window{417921a0 mobi.mgeek.TunnyBrowser/mobi.mgeek.TunnyBrowser.BrowserActivity paused=false}
07-07 10:11:23.290 10556 10556 E InputQueue-JNI: channel '417a7ba0 PopupWindow:413a71e0 (client)' ~ Publisher closed input channel or an error occurred.  events=0x8
07-07 10:11:24.118    79   698 E SurfaceTexture: [PopupWindow:413a71e0] query: SurfaceTexture has been abandoned!
07-07 10:11:24.118 10556 10556 E libEGL  : eglMakeCurrent:674 error 300b (EGL_BAD_NATIVE_WINDOW)
07-07 10:11:24.134 10556 10556 E HardwareRenderer: eglMakeCurrent failed EGL_BAD_NATIVE_WINDOW
07-07 10:11:24.145    79   133 W SurfaceTexture: [PopupWindow:413a71e0] cancelBuffer: SurfaceTexture has been abandoned!
07-07 10:11:24.145 10556 10556 W HardwareRenderer: Mountain View, we've had a problem here. Switching back to software rendering.
07-07 10:11:24.177   145   327 W WindowManager: Failed looking up window
07-07 10:11:24.177   145   327 W WindowManager: java.lang.IllegalArgumentException: Requested window android.os.BinderProxy@4173ac98 does not exist
07-07 10:11:24.177   145   327 W WindowManager: 	at com.android.server.wm.WindowManagerService.windowForClientLocked(WindowManagerService.java:7163)
07-07 10:11:24.177   145   327 W WindowManager: 	at com.android.server.wm.WindowManagerService.windowForClientLocked(WindowManagerService.java:7154)
07-07 10:11:24.177   145   327 W WindowManager: 	at com.android.server.wm.WindowManagerService.removeWindow(WindowManagerService.java:2209)
07-07 10:11:24.177   145   327 W WindowManager: 	at com.android.server.wm.Session.remove(Session.java:149)
07-07 10:11:24.177   145   327 W WindowManager: 	at android.view.IWindowSession$Stub.onTransact(IWindowSession.java:124)
07-07 10:11:24.177   145   327 W WindowManager: 	at com.android.server.wm.Session.onTransact(Session.java:111)
07-07 10:11:24.177   145   327 W WindowManager: 	at android.os.Binder.execTransact(Binder.java:338)
07-07 10:11:24.177   145   327 W WindowManager: 	at dalvik.system.NativeStart.run(Native Method)
07-07 10:11:24.251  8857  8871 I PhoneLab-: Service Running
07-07 10:11:24.473   214   217 D dalvikvm: GC_CONCURRENT freed 415K, 44% free 9850K/17287K, paused 2ms+8ms
07-07 10:11:24.598  8857  8871 I PhoneLab-LoggerService: app_36    1275  1     1440   1000  c00f181c 400107b4 S logcat
07-07 10:11:24.602  8857  8871 I PhoneLab-LoggerService: Logcat pid from database 1275
07-07 10:11:24.602  8857  8871 I PhoneLab-LoggerService: Logcat process found 1275
07-07 10:11:24.602  8857  8871 I PhoneLab-LoggerService: Checking Threshold
07-07 10:11:24.602  8857  8871 I PhoneLab-: Service Running
07-07 10:11:24.653  8857  8871 I PhoneLab-LoggerService: app_36    1275  1     1440   1000  c00f181c 400107b4 S logcat
07-07 10:11:24.657  8857  8871 I PhoneLab-LoggerService: Logcat pid from database 1275
07-07 10:11:24.657  8857  8871 I PhoneLab-LoggerService: Logcat process found 1275
07-07 10:11:24.657  8857  8871 I PhoneLab-LoggerService: Checking Threshold
07-07 10:11:24.657  8857  8871 I PhoneLab-: Service Running
07-07 10:11:24.731  8857  8871 I PhoneLab-LoggerService: app_36    1275  1     1440   1000  c00f181c 400107b4 S logcat
07-07 10:11:24.731  8857  8871 I PhoneLab-LoggerService: Logcat pid from database 1275
07-07 10:11:24.731  8857  8871 I PhoneLab-LoggerService: Logcat process found 1275
07-07 10:11:24.731  8857  8871 I PhoneLab-LoggerService: Checking Threshold
07-07 10:11:26.348    82   129 D AudioHardware: AudioHardware pcm playback is going to standby.
07-07 10:11:26.348    82   129 D AudioHardware: closePcmOut_l() mPcmOpenCnt: 1
07-07 10:11:26.415 10556 10557 D dalvikvm: GC_CONCURRENT freed 731K, 8% free 11315K/12167K, paused 2ms+5ms
07-07 10:11:31.817    82   129 D AudioHardware: AudioHardware pcm playback is exiting standby.
07-07 10:11:31.817    82   129 D AudioHardware: openPcmOut_l() mPcmOpenCnt: 0
07-07 10:11:34.907    82   129 D AudioHardware: AudioHardware pcm playback is going to standby.
07-07 10:11:34.907    82   129 D AudioHardware: closePcmOut_l() mPcmOpenCnt: 1
07-07 10:11:38.091 10556 10556 D dalvikvm: GC_FOR_ALLOC freed 443K, 6% free 11471K/12167K, paused 47ms
07-07 10:11:42.981 10556 10660 W System.err: start..
07-07 10:11:43.552 10556 10659 W System.err: java.lang.Exception: 500:INTERNAL_SERVER_ERROR
07-07 10:11:43.552 10556 10659 W System.err: 	at com.dolphin.update.f.b(Unknown Source)
07-07 10:11:43.552 10556 10659 W System.err: 	at com.dolphin.update.f.a(Unknown Source)
07-07 10:11:43.552 10556 10659 W System.err: 	at com.dolphin.update.f.b(Unknown Source)
07-07 10:11:43.552 10556 10659 W System.err: 	at com.dolphin.update.b.d.run(Unknown Source)
07-07 10:11:43.751 10556 10557 D dalvikvm: GC_CONCURRENT freed 490K, 5% free 11746K/12359K, paused 3ms+5ms
07-07 10:12:03.692    82   129 D AudioHardware: AudioHardware pcm playback is exiting standby.
07-07 10:12:03.692    82   129 D AudioHardware: openPcmOut_l() mPcmOpenCnt: 0
07-07 10:12:06.091   145  1120 I ActivityManager: Process com.google.android.apps.googlevoice (pid 9052) has died.
07-07 10:12:06.091   145  1120 W ActivityManager: Scheduling restart of crashed service com.google.android.apps.googlevoice/.widget.WidgetService in 5000ms
07-07 10:12:06.091   145  1120 W ActivityManager: Scheduling restart of crashed service com.google.android.apps.googlevoice/.UpdateService in 15000ms
07-07 10:12:06.091   145  1120 W ActivityManager: Scheduling restart of crashed service com.google.android.apps.googlevoice/.CallLogService in 25000ms
07-07 10:12:06.091   145  1120 I WindowManager: WIN DEATH: Window{41732440 com.google.android.apps.googlevoice/com.google.android.apps.googlevoice.PhoneCallListActivity paused=false}
07-07 10:12:06.786    82   129 D AudioHardware: AudioHardware pcm playback is going to standby.
07-07 10:12:06.786    82   129 D AudioHardware: closePcmOut_l() mPcmOpenCnt: 1
07-07 10:12:11.153   145   162 I ActivityManager: Start proc com.google.android.apps.googlevoice for service com.google.android.apps.googlevoice/.widget.WidgetService: pid=10667 uid=10056 gids={3003, 1015}
07-07 10:12:11.509 10667 10670 D dalvikvm: GC_CONCURRENT freed 233K, 4% free 9303K/9607K, paused 3ms+3ms
07-07 10:12:12.024 10667 10670 D dalvikvm: GC_CONCURRENT freed 412K, 5% free 9443K/9927K, paused 1ms+2ms
07-07 10:12:12.024 10667 10676 W CursorWrapperInner: Cursor finalized without prior close()
07-07 10:12:12.028 10069 10071 D dalvikvm: GC_CONCURRENT freed 459K, 6% free 9857K/10439K, paused 2ms+3ms
07-07 10:12:12.094 10069 10153 D dalvikvm: GC_EXPLICIT freed 183K, 8% free 9674K/10439K, paused 2ms+7ms
07-07 10:12:12.309 10667 10670 D dalvikvm: GC_CONCURRENT freed 291K, 5% free 9630K/10055K, paused 2ms+3ms
07-07 10:12:12.536 10069 10071 D dalvikvm: GC_CONCURRENT freed 294K, 6% free 9891K/10439K, paused 1ms+10ms
07-07 10:12:12.641 10667 10667 W GoogleVoice: WidgetService: got a null intent
07-07 10:12:12.700 10667 10670 D dalvikvm: GC_CONCURRENT freed 308K, 5% free 9762K/10183K, paused 2ms+3ms
07-07 10:12:12.704 10667 10676 W CursorWrapperInner: Cursor finalized without prior close()
07-07 10:12:12.704 10667 10676 W CursorWrapperInner: Cursor finalized without prior close()
07-07 10:12:12.712   145   608 D dalvikvm: GC_EXPLICIT freed 420K, 22% free 15202K/19399K, paused 3ms+7ms
07-07 10:12:12.989   145   608 I ActivityManager: Start proc mobi.mgeek.TunnyBrowser:DolphinNotification for service mobi.mgeek.TunnyBrowser/com.dolphin.browser.message.C2DMService: pid=10691 uid=10060 gids={3003, 1015, 1007}
07-07 10:12:12.997 10691 10691 I dalvikvm: Turning on JNI app bug workarounds for target SDK version 6...
07-07 10:12:13.180 10691 10691 D TraceLog: Browser.onCreate started.
07-07 10:12:13.184 10691 10691 V Browser : creating browser applicationmobi.mgeek.TunnyBrowser.Browser@41370a58
07-07 10:12:13.184 10691 10691 V Browser : creating browser applicationmobi.mgeek.TunnyBrowser.Browser@41370a58
07-07 10:12:13.204 10691 10694 D dalvikvm: GC_CONCURRENT freed 187K, 3% free 9348K/9607K, paused 3ms+4ms
07-07 10:12:13.337 10691 10691 I dalvikvm: Could not find method com.dolphin.browser.androidwebkit.MyWebView.getZoomButtonsController, referenced from method com.dolphin.browser.androidwebkit.MyWebView.hideZoomButtonsController
07-07 10:12:13.337 10691 10691 W dalvikvm: VFY: unable to resolve virtual method 12889: Lcom/dolphin/browser/androidwebkit/MyWebView;.getZoomButtonsController ()Landroid/widget/ZoomButtonsController;
07-07 10:12:13.337 10691 10691 D dalvikvm: VFY: replacing opcode 0x6e at 0x000a
07-07 10:12:28.380    82   129 D AudioHardware: AudioHardware pcm playback is exiting standby.
07-07 10:12:28.380    82   129 D AudioHardware: openPcmOut_l() mPcmOpenCnt: 0
07-07 10:12:30.063  8857  8871 I PhoneLab-: Service Running
07-07 10:12:30.153  8857  8871 I PhoneLab-LoggerService: app_36    1275  1     1440   1000  c00f181c 400107b4 S logcat
07-07 10:12:30.153  8857  8871 I PhoneLab-LoggerService: Logcat pid from database 1275
07-07 10:12:30.153  8857  8871 I PhoneLab-LoggerService: Logcat process found 1275
07-07 10:12:30.153  8857  8871 I PhoneLab-LoggerService: Checking Threshold
07-07 10:12:31.469    82   129 D AudioHardware: AudioHardware pcm playback is going to standby.
07-07 10:12:31.469    82   129 D AudioHardware: closePcmOut_l() mPcmOpenCnt: 1
07-07 10:12:32.188    82   129 D AudioHardware: AudioHardware pcm playback is exiting standby.
07-07 10:12:32.188    82   129 D AudioHardware: openPcmOut_l() mPcmOpenCnt: 0
07-07 10:12:33.481   145   157 I ActivityManager: Process com.google.android.apps.docs (pid 10177) has died.
07-07 10:12:35.282    82   129 D AudioHardware: AudioHardware pcm playback is going to standby.
07-07 10:12:35.282    82   129 D AudioHardware: closePcmOut_l() mPcmOpenCnt: 1
07-07 10:12:37.493   145  9051 I ActivityManager: Process com.google.android.inputmethod.latin.dictionarypack (pid 10423) has died.
07-07 10:12:43.618 10691 10694 D dalvikvm: GC_CONCURRENT freed 390K, 6% free 9410K/9927K, paused 16ms+7ms
07-07 10:12:44.024 10691 10691 I Process : Sending signal. PID: 10691 SIG: 9
07-07 10:12:44.052   145   327 I ActivityManager: Process mobi.mgeek.TunnyBrowser:DolphinNotification (pid 10691) has died.
07-07 10:13:00.102   381   381 D OpenGLRenderer: Flushing caches (mode 2)
07-07 10:13:00.110   381   381 D OpenGLRenderer: Flushing caches (mode 0)
07-07 10:13:17.298 10556 10557 D dalvikvm: GC_CONCURRENT freed 602K, 6% free 11947K/12679K, paused 5ms+9ms
07-07 10:14:12.356 10556 10579 D NetworkRequestUtil/ConstructEventRequestPath: /__utm.gif?utmwv=4.5ma&utmn=1810698949&utmt=event&utme=5(launch*launch*mobi.mgeek.TunnyBrowser)(1)&utmcs=UTF-8&utmsr=480x800&utmul=en-US&utmac=UA-26514344-1&utmcc=__utma%3D999.2129450661.1341348691.1341663147.1341670272.21
07-07 10:14:15.825   145   364 I ActivityManager: Process edu.buffalo.cse.phonelab.phonelabservices (pid 8857) has died.
07-07 10:14:15.825   145   364 W ActivityManager: Scheduling restart of crashed service edu.buffalo.cse.phonelab.phonelabservices/edu.buffalo.cse.phonelab.datalogger.LoggerService in 5000ms
07-07 10:14:16.001   145  9051 I ActivityManager: Process com.android.calendar (pid 10097) has died.
07-07 10:14:17.083 10556 10557 D dalvikvm: GC_CONCURRENT freed 793K, 8% free 12011K/12935K, paused 6ms+6ms
07-07 10:14:20.907   145   162 I ActivityManager: Start proc edu.buffalo.cse.phonelab.phonelabservices for service edu.buffalo.cse.phonelab.phonelabservices/edu.buffalo.cse.phonelab.datalogger.LoggerService: pid=10722 uid=10036 gids={3003, 1015, 1007, 2001}
07-07 10:14:20.966   145   608 I ActivityManager: Process com.android.providers.calendar (pid 10126) has died.
07-07 10:14:20.969 10722 10722 I PhoneLab-LoggerService: Start Logger Service
07-07 10:14:21.012 10722 10735 I PhoneLab-: Service Running
07-07 10:14:21.083 10722 10735 I PhoneLab-LoggerService: app_36    1275  1     1440   1000  c00f181c 400107b4 S logcat
07-07 10:14:21.083 10722 10735 I PhoneLab-LoggerService: Logcat pid from database 1275
07-07 10:14:21.083 10722 10735 I PhoneLab-LoggerService: Logcat process found 1275
07-07 10:14:21.083 10722 10735 I PhoneLab-LoggerService: Checking Threshold
07-07 10:14:50.571   145  1114 I ActivityManager: Process com.android.deskclock (pid 10113) has died.
07-07 10:15:38.880    82   129 D AudioHardware: AudioHardware pcm playback is exiting standby.
07-07 10:15:38.880    82   129 D AudioHardware: openPcmOut_l() mPcmOpenCnt: 0
07-07 10:15:41.969    82   129 D AudioHardware: AudioHardware pcm playback is going to standby.
07-07 10:15:41.969    82   129 D AudioHardware: closePcmOut_l() mPcmOpenCnt: 1
07-07 10:15:49.907 10556 10560 I dalvikvm: Jit: resizing JitTable from 4096 to 8192
07-07 10:16:19.591  6107  6133 D WifiLocator: Too many no-location APs. Will not compute a location nor go to the server. hasLocation=0 noLocation=0 cacheMiss=0
07-07 10:16:21.012 10722 10735 I PhoneLab-: Service Running
07-07 10:16:21.098 10722 10735 I PhoneLab-LoggerService: app_36    1275  1     1440   1000  c00f181c 400107b4 S logcat
07-07 10:16:21.098 10722 10735 I PhoneLab-LoggerService: Logcat pid from database 1275
07-07 10:16:21.098 10722 10735 I PhoneLab-LoggerService: Logcat process found 1275
07-07 10:16:21.098 10722 10735 I PhoneLab-LoggerService: Checking Threshold
07-07 10:16:40.212 10556 10557 D dalvikvm: GC_CONCURRENT freed 797K, 8% free 12139K/13063K, paused 14ms+11ms
07-07 10:16:56.153    82   129 D AudioHardware: AudioHardware pcm playback is exiting standby.
07-07 10:16:56.153    82   129 D AudioHardware: openPcmOut_l() mPcmOpenCnt: 0
07-07 10:16:59.247    82   129 D AudioHardware: AudioHardware pcm playback is going to standby.
07-07 10:16:59.247    82   129 D AudioHardware: closePcmOut_l() mPcmOpenCnt: 1
07-07 10:18:11.454   145   305 I ActivityManager: Process com.google.android.googlequicksearchbox (pid 10603) has died.
07-07 10:18:11.466  6107  6125 D androidNetworkLocationListeners: Still have listener com.google.android.location.internal.client.NetworkLocationClient$1@413754e0
07-07 10:18:11.481  6107  6133 D WifiLocator: Too many no-location APs. Will not compute a location nor go to the server. hasLocation=0 noLocation=0 cacheMiss=0
07-07 10:18:21.009 10722 10735 I PhoneLab-: Service Running
07-07 10:18:21.110 10722 10735 I PhoneLab-LoggerService: app_36    1275  1     1440   1000  c00f181c 400107b4 S logcat
07-07 10:18:21.114 10722 10735 I PhoneLab-LoggerService: Logcat pid from database 1275
07-07 10:18:21.114 10722 10735 I PhoneLab-LoggerService: Logcat process found 1275
07-07 10:18:21.114 10722 10735 I PhoneLab-LoggerService: Checking Threshold
07-07 10:18:58.321   145   174 I ActivityManager: Start proc com.google.android.gm for service com.google.android.gm/.provider.MailIndexerService: pid=10750 uid=10058 gids={3003, 1015}
07-07 10:18:58.536   145   607 I ActivityManager: Process com.google.android.gsf.login (pid 9486) has died.
07-07 10:18:58.548 10750 10750 I ActivityThread: Pub gmail-ls: com.google.android.gm.provider.MailProvider
07-07 10:18:58.630 10750 10750 I ActivityThread: Pub com.google.android.gmail.SuggestionProvider: com.google.android.gm.SuggestionsProvider
07-07 10:18:58.641 10750 10750 I ActivityThread: Pub com.google.android.gm: com.google.android.gm.provider.PublicContentProvider
07-07 10:18:58.891 10750 10752 D dalvikvm: GC_CONCURRENT freed 214K, 4% free 9260K/9607K, paused 26ms+8ms
07-07 10:18:59.462 10750 10767 I Gmail   : calculateUnknownSyncRationalesAndPurgeInBackground: queueing
07-07 10:18:59.469 10750 10767 I Gmail   : calculateUnknownSyncRationalesAndPurgeInBackground: queueing
07-07 10:18:59.501 10750 10767 I Gmail   : calculateUnknownSyncRationalesAndPurgeInBackground: running
07-07 10:18:59.505 10750 10767 I Gmail   : calculateUnknownSyncRationalesAndPurgeInBackground: running
07-07 10:19:33.235 10556 10557 D dalvikvm: GC_CONCURRENT freed 890K, 8% free 12169K/13191K, paused 5ms+10ms
07-07 10:19:39.098   145   180 I ActivityManager: START {act=android.intent.action.MAIN cat=[android.intent.category.HOME] flg=0x10200000 cmp=com.android.launcher/com.android.launcher2.Launcher} from pid 145
07-07 10:19:39.376   145   145 I ActivityManager: Process com.google.android.gm (pid 10750) has died.
07-07 10:19:39.446   145  3961 I ActivityManager: Process com.android.inputmethod.latin (pid 6382) has died.
07-07 10:19:39.462 10556 10556 D OpenGLRenderer: Flushing caches (mode 0)
07-07 10:19:39.641 10556 10556 D OpenGLRenderer: Flushing caches (mode 1)
07-07 10:19:40.130 10556 10556 W IInputConnectionWrapper: showStatusIcon on inactive InputConnection
07-07 10:19:40.212 10556 10556 W IInputConnectionWrapper: getExtractedText on inactive InputConnection
07-07 10:19:40.348 10556 10556 D OpenGLRenderer: Flushing caches (mode 2)
07-07 10:19:40.657 10556 10556 D OpenGLRenderer: Flushing caches (mode 0)
07-07 10:19:40.657 10556 10556 W ManagedEGLContext: doTerminate failed: EGL count is 2 but managed count is 1
07-07 10:19:40.903   145   147 D dalvikvm: GC_CONCURRENT freed 1482K, 22% free 15190K/19399K, paused 14ms+21ms
07-07 10:19:41.637   145 10771 I ActivityManager: Applications Memory Usage (kB):
07-07 10:19:41.637   145 10771 I ActivityManager: Uptime: 15049052 Realtime: 90941494
07-07 10:19:41.637   145 10771 I ActivityManager: Total PSS by OOM adjustment:
07-07 10:19:41.637   145 10771 I ActivityManager:     22816 kB: System
07-07 10:19:41.637   145 10771 I ActivityManager:                22816 kB: system (pid 145)
07-07 10:19:41.637   145 10771 I ActivityManager:     24016 kB: Persistent
07-07 10:19:41.637   145 10771 I ActivityManager:                10726 kB: com.android.phone (pid 353)
07-07 10:19:41.637   145 10771 I ActivityManager:                 9277 kB: com.android.systemui (pid 214)
07-07 10:19:41.637   145 10771 I ActivityManager:                 4013 kB: com.android.nfc (pid 369)
07-07 10:19:41.637   145 10771 I ActivityManager:     24580 kB: Foreground
07-07 10:19:41.637   145 10771 I ActivityManager:                24580 kB: com.android.launcher (pid 381)
07-07 10:19:41.637   145 10771 I ActivityManager:     20341 kB: Visible
07-07 10:19:41.637   145 10771 I ActivityManager:                17558 kB: com.android.wallpaper (pid 307)
07-07 10:19:41.637   145 10771 I ActivityManager:                 2783 kB: com.android.smspush (pid 413)
07-07 10:19:41.637   145 10771 I ActivityManager:     94367 kB: Perceptible
07-07 10:19:41.637   145 10771 I ActivityManager:                74779 kB: mobi.mgeek.TunnyBrowser (pid 10556)
07-07 10:19:41.637   145 10771 I ActivityManager:                19588 kB: com.touchtype.swiftkey (pid 318)
07-07 10:19:41.637   145 10771 I ActivityManager:     25776 kB: A Services
07-07 10:19:41.637   145 10771 I ActivityManager:                 9672 kB: com.google.process.gapps (pid 6107)
07-07 10:19:41.637   145 10771 I ActivityManager:                 6609 kB: com.google.android.apps.maps:NetworkLocationService (pid 9655)
07-07 10:19:41.637   145 10771 I ActivityManager:                 5993 kB: com.google.android.apps.googlevoice (pid 10667)
07-07 10:19:41.637   145 10771 I ActivityManager:                 3502 kB: edu.buffalo.cse.phonelab.phonelabservices (pid 10722)
07-07 10:19:41.637   145 10771 I ActivityManager:     20480 kB: Previous
07-07 10:19:41.637   145 10771 I ActivityManager:                11225 kB: com.android.contacts (pid 10358)
07-07 10:19:41.637   145 10771 I ActivityManager:                 9255 kB: android.process.acore (pid 10069)
07-07 10:19:41.637   145 10771 I ActivityManager:     28193 kB: B Services
07-07 10:19:41.637   145 10771 I ActivityManager:                 9283 kB: com.facebook.katana (pid 10193)
07-07 10:19:41.637   145 10771 I ActivityManager:                 6306 kB: com.google.android.apps.maps (pid 9546)
07-07 10:19:41.637   145 10771 I ActivityManager:                 5161 kB: com.google.android.apps.maps:LocationFriendService (pid 10036)
07-07 10:19:41.637   145 10771 I ActivityManager:                 4599 kB: android.process.media (pid 7621)
07-07 10:19:41.637   145 10771 I ActivityManager:                 2844 kB: com.android.sprintmenu (pid 10016)
07-07 10:19:41.637   145 10771 I ActivityManager: 
07-07 10:19:41.637   145 10771 I ActivityManager: Total PSS: 260569 kB
07-07 10:19:41.637   145 10771 I ActivityManager:   PID      Vss      Rss      Pss      Uss  cmdline
07-07 10:19:41.637   145 10771 I ActivityManager:   381   46360K   46316K   25171K   22368K  com.android.launcher
07-07 10:19:41.637   145 10771 I ActivityManager:   145   40388K   40348K   22012K   20740K  system_server
07-07 10:19:41.637   145 10771 I ActivityManager:   318   37600K   37532K   19641K   18576K  com.touchtype.swiftkey
07-07 10:19:41.637   145 10771 I ActivityManager:   307   37256K   37132K   17629K   15084K  com.android.wallpaper
07-07 10:19:41.637   145 10771 I ActivityManager:    79   24260K   17204K   11561K    6944K  /system/bin/surfaceflinger
07-07 10:19:41.637   145 10771 I ActivityManager: 10358   31964K   31908K   11278K    9676K  com.android.contacts
07-07 10:19:41.637   145 10771 I ActivityManager:   353   31016K   30980K   10779K    9388K  com.android.phone
07-07 10:19:41.637   145 10771 I ActivityManager:  6107   28344K   28288K    9724K    8400K  com.google.process.gapps
07-07 10:19:41.637   145 10771 I ActivityManager: 10193   29740K   29676K    9334K    7904K  com.facebook.katana
07-07 10:19:41.637   145 10771 I ActivityManager:   214   29324K   29280K    9329K    6784K  com.android.systemui
07-07 10:19:41.637   145 10771 I ActivityManager: 10069   29252K   29188K    9305K    8064K  android.process.acore
07-07 10:19:41.637   145 10771 I ActivityManager:  9655   25644K   25580K    6662K    5556K  com.google.android.apps.maps:NetworkLocationService
07-07 10:19:41.637   145 10771 I ActivityManager:  9546   25188K   25124K    6359K    5288K  com.google.android.apps.maps
07-07 10:19:41.637   145 10771 I ActivityManager: 10667   26396K   26336K    6045K    4540K  com.google.android.apps.googlevoice
07-07 10:19:41.637   145 10771 I ActivityManager: 10036   24732K   24676K    5213K    3992K  com.google.android.apps.maps:LocationFriendService
07-07 10:19:41.637   145 10771 I ActivityManager:  7621   22748K   22684K    4647K    3668K  android.process.media
07-07 10:19:41.637   145 10771 I ActivityManager:   369   21360K   21268K    4061K    3144K  com.android.nfc
07-07 10:19:41.637   145 10771 I ActivityManager: 10722   23160K   23060K    3551K    2140K  edu.buffalo.cse.phonelab.phonelabservices
07-07 10:19:41.637   145 10771 I ActivityManager:    82    3748K    3748K    3037K    2924K  /system/bin/mediaserver
07-07 10:19:41.637   145 10771 I ActivityManager: 10016   21684K   21580K    2895K    1744K  com.android.sprintmenu
07-07 10:19:41.637   145 10771 I ActivityManager:   413   20412K   20300K    2831K    1800K  com.android.smspush
07-07 10:19:41.637   145 10771 I ActivityManager:    80   20744K   20616K    2447K    1188K  zygote
07-07 10:19:41.637   145 10771 I ActivityManager:    81    1280K    1280K     886K     872K  /system/bin/drmserver
07-07 10:19:41.637   145 10771 I ActivityManager:  1275    1004K    1000K     852K     848K  logcat
07-07 10:19:41.637   145 10771 I ActivityManager:    78    1036K    1036K     704K     688K  /system/bin/rild
07-07 10:19:41.637   145 10771 I ActivityManager: 10773     840K     832K     650K     636K  procrank
07-07 10:19:41.637   145 10771 I ActivityManager:    76     848K     844K     643K     620K  /system/bin/netd
07-07 10:19:41.637   145 10771 I ActivityManager:    87     540K     536K     327K     320K  /system/vendor/bin/gpsd
07-07 10:19:41.637   145 10771 I ActivityManager:    73     452K     448K     296K     288K  /system/bin/vold
07-07 10:19:41.637   145 10771 I ActivityManager:   344     436K     436K     280K     276K  /system/bin/bluetoothd
07-07 10:19:41.637   145 10771 I ActivityManager:    89     184K     184K     168K     168K  /sbin/adbd
07-07 10:19:41.637   145 10771 I ActivityManager: 10269     388K     384K     164K     148K  /system/bin/dhcpcd
07-07 10:19:41.637   145 10771 I ActivityManager:    86     264K     256K     162K     160K  /system/bin/keystore
07-07 10:19:41.637   145 10771 I ActivityManager:    83     288K     280K     147K     144K  /system/bin/dbus-daemon
07-07 10:19:41.637   145 10771 I ActivityManager:     1     204K     204K     142K     104K  /init
07-07 10:19:41.637   145 10771 I ActivityManager:    61     160K     160K     122K      84K  /sbin/ueventd
07-07 10:19:41.637   145 10771 I ActivityManager:    88     212K     208K     106K     104K  /system/bin/sh
07-07 10:19:41.637   145 10771 I ActivityManager:    84     228K     220K      99K      96K  /system/bin/installd
07-07 10:19:41.637   145 10771 I ActivityManager:    7
07-07 10:19:42.204   145   364 I ActivityManager: START {act=android.intent.action.MAIN cat=[android.intent.category.LAUNCHER] flg=0x10000000 pkg=com.google.android.gm cmp=com.google.android.gm/.ConversationListActivityGmail bnds=[96,706][192,802]} from pid 381
07-07 10:19:42.212    82   129 D AudioHardware: AudioHardware pcm playback is exiting standby.
07-07 10:19:42.212    82   129 D AudioHardware: openPcmOut_l() mPcmOpenCnt: 0
07-07 10:19:42.313   145   608 I ActivityManager: Start proc com.google.android.gm for activity com.google.android.gm/.ConversationListActivityGmail: pid=10776 uid=10058 gids={3003, 1015}
07-07 10:19:42.427 10776 10776 I ActivityThread: Pub gmail-ls: com.google.android.gm.provider.MailProvider
07-07 10:19:42.438 10776 10776 I ActivityThread: Pub com.google.android.gmail.SuggestionProvider: com.google.android.gm.SuggestionsProvider
07-07 10:19:42.442 10776 10776 I ActivityThread: Pub com.google.android.gm: com.google.android.gm.provider.PublicContentProvider
07-07 10:19:42.485   381   381 D OpenGLRenderer: Flushing caches (mode 1)
07-07 10:19:42.489   381   381 D OpenGLRenderer: Flushing caches (mode 0)
07-07 10:19:42.567 10776 10778 D dalvikvm: GC_CONCURRENT freed 265K, 4% free 9270K/9607K, paused 3ms+2ms
07-07 10:19:42.884   145   161 I Process : Sending signal. PID: 10776 SIG: 3
07-07 10:19:42.884 10776 10781 I dalvikvm: threadid=3: reacting to signal 3
07-07 10:19:42.934 10776 10781 I dalvikvm: Wrote stack traces to '/data/anr/traces.txt'
07-07 10:19:43.012   145  4909 I ActivityManager: START {flg=0x2000000 cmp=com.google.android.gm/.WaitActivity (has extras)} from pid 10776
07-07 10:19:43.016   145   305 W ActivityManager: Duplicate finish request for ActivityRecord{4158c6f0 com.google.android.gm/.ConversationListActivityGmail}
07-07 10:19:43.063 10776 10778 D dalvikvm: GC_CONCURRENT freed 238K, 4% free 9462K/9799K, paused 3ms+2ms
07-07 10:19:43.102   145  4909 I ActivityManager: Start proc com.google.android.gsf.login for service com.google.android.gsf.login/com.google.android.gsf.loginservice.GoogleLoginService: pid=10796 uid=10009 gids={3003, 1015, 1007, 2001, 3006}
07-07 10:19:43.145 10776 10776 D libEGL  : loaded /system/lib/egl/libGLES_android.so
07-07 10:19:43.153 10776 10776 D libEGL  : loaded /vendor/lib/egl/libEGL_POWERVR_SGX540_120.so
07-07 10:19:43.180 10776 10776 D libEGL  : loaded /vendor/lib/egl/libGLESv1_CM_POWERVR_SGX540_120.so
07-07 10:19:43.180 10776 10776 D libEGL  : loaded /vendor/lib/egl/libGLESv2_POWERVR_SGX540_120.so
07-07 10:19:43.321 10776 10776 D OpenGLRenderer: Enabling debug mode 0
07-07 10:19:43.399   145  3961 W InputManagerService: Starting input on non-focused client com.android.internal.view.IInputMethodClient$Stub$Proxy@41748140 (uid=10060 pid=10556)
07-07 10:19:43.466   145   175 I ActivityManager: Displayed com.google.android.gm/.WaitActivity: +447ms (total +1s226ms)
07-07 10:19:43.481   318  3857 D dalvikvm: GC_EXPLICIT freed 410K, 15% free 11227K/13063K, paused 2ms+12ms
07-07 10:19:43.563   145  3961 I ActivityManager: START {act=android.intent.action.MAIN cat=[android.intent.category.LAUNCHER] flg=0x6010000 pkg=com.google.android.gm cmp=com.google.android.gm/.ConversationListActivityGmail bnds=[96,706][192,802] (has extras)} from pid 10776
07-07 10:19:43.591   145  1114 W ActivityManager: Duplicate finish request for ActivityRecord{417bf748 com.google.android.gm/.WaitActivity}
07-07 10:19:44.184   145   161 I Process : Sending signal. PID: 10776 SIG: 3
07-07 10:19:44.184 10776 10781 I dalvikvm: threadid=3: reacting to signal 3
07-07 10:19:44.223 10776 10781 I dalvikvm: Wrote stack traces to '/data/anr/traces.txt'
07-07 10:19:44.341 10776 10778 D dalvikvm: GC_CONCURRENT freed 119K, 3% free 9809K/10055K, paused 4ms+3ms
07-07 10:19:44.516   145   175 I ActivityManager: Displayed com.google.android.gm/.ConversationListActivityGmail: +918ms
07-07 10:19:44.536 10776 10776 D OpenGLRenderer: Flushing caches (mode 0)
07-07 10:19:44.645   381   381 D OpenGLRenderer: Flushing caches (mode 2)
07-07 10:19:44.661   381   381 D OpenGLRenderer: Flushing caches (mode 0)
07-07 10:19:44.700 10776 10793 I Gmail   : calculateUnknownSyncRationalesAndPurgeInBackground: queueing
07-07 10:19:44.876 10776 10793 I Gmail   : calculateUnknownSyncRationalesAndPurgeInBackground: queueing
07-07 10:19:44.934 10776 10818 I Gmail   : MainSyncRequestProto: lowestBkwdConvoId: 0, highestHandledServerOp: 1868445, normalSync: true
07-07 10:19:44.997 10776 10793 I Gmail   : calculateUnknownSyncRationalesAndPurgeInBackground: running
07-07 10:19:45.001  6107  6119 D dalvikvm: GC_EXPLICIT freed 260K, 5% free 10073K/10567K, paused 23ms+8ms
07-07 10:19:45.009 10776 10793 I Gmail   : calculateUnknownSyncRationalesAndPurgeInBackground: running
07-07 10:19:45.153 10776 10778 D dalvikvm: GC_CONCURRENT freed 243K, 4% free 10057K/10375K, paused 2ms+4ms
07-07 10:19:45.302    82   129 D AudioHardware: AudioHardware pcm playback is going to standby.
07-07 10:19:45.302    82   129 D AudioHardware: closePcmOut_l() mPcmOpenCnt: 1
07-07 10:19:45.848 10776 10778 D dalvikvm: GC_CONCURRENT freed 374K, 5% free 10127K/10631K, paused 2ms+4ms
07-07 10:19:45.919 10776 10815 I Gmail   : Sending notification intent: Intent { act=android.intent.action.PROVIDER_CHANGED dat=content://gmail-ls/unread/^i (has extras) }
07-07 10:19:47.317 10776 10818 D dalvikvm: GC_EXPLICIT freed 371K, 5% free 10230K/10695K, paused 2ms+5ms
07-07 10:19:47.325 10776 10818 I Gmail   : MainSyncRequestProto: lowestBkwdConvoId: 0, highestHandledServerOp: 1868445, normalSync: true
07-07 10:19:47.329 10776 10818 I Gmail   : lowestBackward conversation id 0
07-07 10:19:48.688    82   129 D AudioHardware: AudioHardware pcm playback is exiting standby.
07-07 10:19:48.688    82   129 D AudioHardware: openPcmOut_l() mPcmOpenCnt: 0
07-07 10:19:49.001 10776 10778 D dalvikvm: GC_CONCURRENT freed 317K, 5% free 10317K/10759K, paused 2ms+9ms
07-07 10:19:50.880 10776 10778 D dalvikvm: GC_CONCURRENT freed 327K, 5% free 10438K/10887K, paused 2ms+5ms
07-07 10:19:52.516   369   369 D dalvikvm: GC_EXPLICIT freed 46K, 6% free 9102K/9607K, paused 7ms+2ms
07-07 10:19:52.751 10776 10778 D dalvikvm: GC_CONCURRENT freed 445K, 6% free 10512K/11079K, paused 3ms+4ms
07-07 10:19:54.384 10776 10778 D dalvikvm: GC_CONCURRENT freed 480K, 6% free 10485K/11079K, paused 2ms+5ms
07-07 10:19:54.598   145  9051 D dalvikvm: GC_EXPLICIT freed 1361K, 23% free 15110K/19399K, paused 4ms+14ms
07-07 10:19:56.009 10776 10778 D dalvikvm: GC_CONCURRENT freed 496K, 7% free 10412K/11079K, paused 2ms+6ms
07-07 10:19:57.169 10776 10837 I Gmail   : MainSyncRequestProto: lowestBkwdConvoId: 0, highestHandledServerOp: 1868445, normalSync: true
07-07 10:19:57.173 10776 10837 I Gmail   : lowestBackward conversation id 0
07-07 10:19:57.368 10776 10778 D dalvikvm: GC_CONCURRENT freed 330K, 6% free 10482K/11079K, paused 3ms+5ms
07-07 10:19:57.645 10776 10838 I Gmail   : MainSyncRequestProto: lowestBkwdConvoId: 0, highestHandledServerOp: 1868445, normalSync: true
07-07 10:19:57.649 10776 10838 I Gmail   : lowestBackward conversation id 0
07-07 10:19:58.157 10776 10778 D dalvikvm: GC_CONCURRENT freed 393K, 6% free 10514K/11079K, paused 2ms+5ms
07-07 10:19:59.192 10776 10778 D dalvikvm: GC_CONCURRENT freed 424K, 6% free 10516K/11079K, paused 2ms+3ms
07-07 10:20:00.091    82   129 D AudioHardware: AudioHardware pcm playback is going to standby.
07-07 10:20:00.091    82   129 D AudioHardware: closePcmOut_l() mPcmOpenCnt: 1
07-07 10:20:00.766   145   180 I ActivityManager: START {act=android.intent.action.MAIN cat=[android.intent.category.HOME] flg=0x10200000 cmp=com.android.launcher/com.android.launcher2.Launcher} from pid 145
07-07 10:20:01.009 10776 10776 D OpenGLRenderer: Flushing caches (mode 0)
07-07 10:20:01.063   145   607 W InputManagerService: Starting input on non-focused client com.android.internal.view.IInputMethodClient$Stub$Proxy@41509588 (uid=10058 pid=10776)
07-07 10:20:01.067   145   157 I ActivityManager: Process com.android.contacts (pid 10358) has died.
07-07 10:20:01.071   145  9051 I WindowManager: WIN DEATH: Window{4157f1e8 com.android.contacts/com.android.contacts.activities.DialtactsActivity paused=false}
07-07 10:20:01.083 10776 10776 D OpenGLRenderer: Flushing caches (mode 1)
07-07 10:20:01.997   145   172 I power   : *** set_screen_state 0
07-07 10:20:02.032    79   121 D SurfaceFlinger: About to give-up screen, flinger = 0x131b918
07-07 10:20:02.235 10776 10776 D OpenGLRenderer: Flushing caches (mode 2)
07-07 10:20:02.266   369  1380 D NfcService: NFC-C OFF, disconnect
07-07 10:20:02.274 10776 10776 D OpenGLRenderer: Flushing caches (mode 0)
07-07 10:20:02.302   145   176 V TransportControlView: Create TCV com.android.internal.widget.TransportControlView@41321e78
07-07 10:20:02.337   214   214 D PhoneStatusBar: disable: < expand icons alerts ticker system_info back home RECENT* clock >
07-07 10:20:02.356    82   129 D AudioHardware: AudioHardware pcm playback is exiting standby.
07-07 10:20:02.356    82   129 D AudioHardware: openPcmOut_l() mPcmOpenCnt: 0
07-07 10:20:02.368   214   214 D PhoneStatusBar: disable: < expand icons alerts ticker system_info BACK* HOME* RECENT CLOCK* >
07-07 10:20:04.493  9655  9656 D dalvikvm: GC_CONCURRENT freed 442K, 6% free 10447K/11015K, paused 36ms+5ms
07-07 10:20:05.516    82   129 D AudioHardware: AudioHardware pcm playback is going to standby.
07-07 10:20:05.516    82   129 D AudioHardware: closePcmOut_l() mPcmOpenCnt: 1
07-07 10:22:17.613   214   214 D dalvikvm: GC_EXPLICIT freed 417K, 45% free 9653K/17287K, paused 17ms+5ms
07-07 10:22:48.871 10722 10735 I PhoneLab-: Service Running
07-07 10:22:48.953 10722 10735 I PhoneLab-LoggerService: app_36    1275  1     1440   1000  c00f181c 400107b4 S logcat
07-07 10:22:48.953 10722 10735 I PhoneLab-LoggerService: Logcat pid from database 1275
07-07 10:22:48.953 10722 10735 I PhoneLab-LoggerService: Logcat process found 1275
07-07 10:22:48.953 10722 10735 I PhoneLab-LoggerService: Checking Threshold
07-07 10:22:48.953 10722 10735 I PhoneLab-: Service Running
07-07 10:22:48.988 10722 10735 I PhoneLab-LoggerService: app_36    1275  1     1440   1000  c00f181c 400107b4 S logcat
07-07 10:22:48.988 10722 10735 I PhoneLab-LoggerService: Logcat pid from database 1275
07-07 10:22:48.988 10722 10735 I PhoneLab-LoggerService: Logcat process found 1275
07-07 10:22:48.988 10722 10735 I PhoneLab-LoggerService: Checking Threshold
07-07 10:23:04.105   145   147 D dalvikvm: GC_CONCURRENT freed 535K, 18% free 15985K/19399K, paused 5ms+7ms
07-07 10:27:51.644   145   201 D ConnectivityService: handleConnectivityChange: address are the same reset per doReset linkProperty[6]: resetMask=0
07-07 10:27:51.648   145   161 D DhcpInfoInternal: makeLinkProperties with empty dns2!
07-07 10:35:00.101 10776 10868 W Gmail   : Successful index run, cancel next scheduled index run
07-07 10:35:01.269  6107  6556 I EventLogService: Aggregate from 1341669900850 (log), 1341669900850 (data)
07-07 10:35:31.449 10556 10556 W TunnyBrowser_8.5.1: [TabManager]freeMemory
07-07 10:35:31.457 10556 10556 W TunnyBrowser_8.5.1: [TabManager]Free WebView's unused memory and cache
07-07 10:35:31.562 10556 10556 D dalvikvm: GC_EXPLICIT freed 352K, 10% free 11874K/13191K, paused 20ms+5ms
07-07 10:38:08.007   145   176 I power   : *** set_screen_state 1
07-07 10:38:08.066   145   176 I WindowManager: Lock screen displayed!
07-07 10:38:08.238    79   121 D SurfaceFlinger: Screen about to return, flinger = 0x131b918
07-07 10:38:08.898   214   214 D PhoneStatusBar: disable: < expand icons alerts ticker system_info BACK HOME recent* CLOCK >
07-07 10:38:08.902   369  1473 D NfcService: NFC-C ON
07-07 10:38:08.914   145   156 W InputManagerService: Window already focused, ignoring focus gain of: com.android.internal.view.IInputMethodClient$Stub$Proxy@41741870
07-07 10:38:08.922    82   129 D AudioHardware: AudioHardware pcm playback is exiting standby.
07-07 10:38:08.922    82   129 D AudioHardware: openPcmOut_l() mPcmOpenCnt: 0
07-07 10:38:08.937   214   214 D PhoneStatusBar: disable: < expand icons alerts ticker system_info back* home* recent clock* >
07-07 10:38:10.179   145  1114 I ActivityManager: START {act=android.intent.action.MAIN cat=[android.intent.category.LAUNCHER] flg=0x10000000 pkg=com.google.android.gm cmp=com.google.android.gm/.ConversationListActivityGmail bnds=[96,706][192,802]} from pid 381
07-07 10:38:10.425 10776 10778 D dalvikvm: GC_CONCURRENT freed 277K, 4% free 10723K/11079K, paused 6ms+7ms
07-07 10:38:10.496   381   381 D OpenGLRenderer: Flushing caches (mode 1)
07-07 10:38:10.562   145   175 I ActivityManager: Displayed com.google.android.gm/.ConversationListActivityGmail: +350ms
07-07 10:38:10.586   381   381 D OpenGLRenderer: Flushing caches (mode 0)
07-07 10:38:11.226   381   381 D OpenGLRenderer: Flushing caches (mode 2)
07-07 10:38:11.230   381   381 D OpenGLRenderer: Flushing caches (mode 0)
07-07 10:38:14.953 10776 10778 D dalvikvm: GC_CONCURRENT freed 365K, 5% free 10875K/11335K, paused 10ms+6ms
07-07 10:38:15.054 10776 10783 I dalvikvm: Jit: resizing JitTable from 4096 to 8192
07-07 10:38:16.300   381   381 D dalvikvm: GC_EXPLICIT freed 471K, 8% free 10800K/11655K, paused 4ms+3ms
07-07 10:38:17.250 10776 10776 D dalvikvm: GC_FOR_ALLOC freed 280K, 4% free 10969K/11399K, paused 67ms
07-07 10:38:17.265 10776 10776 I dalvikvm-heap: Grow heap (frag case) to 11.518MB for 768016-byte allocation
07-07 10:38:17.312 10776 10776 D dalvikvm: GC_FOR_ALLOC freed 33K, 4% free 11685K/12167K, paused 47ms
07-07 10:38:17.418 10776 10778 D dalvikvm: GC_CONCURRENT freed 4K, 4% free 11698K/12167K, paused 2ms+6ms
07-07 10:38:17.961 10776 10778 D dalvikvm: GC_CONCURRENT freed 446K, 5% free 12077K/12615K, paused 3ms+6ms
07-07 10:38:18.347 10776 10812 D dalvikvm: GC_EXPLICIT freed 41K, 5% free 12068K/12615K, paused 10ms+7ms
07-07 10:38:18.484 10069 10154 D dalvikvm: GC_EXPLICIT freed 259K, 7% free 9755K/10439K, paused 3ms+4ms
07-07 10:38:18.675 10776 10776 D dalvikvm: GC_FOR_ALLOC freed 124K, 4% free 12163K/12615K, paused 28ms
07-07 10:38:18.679 10776 10776 I dalvikvm-heap: Grow heap (frag case) to 12.684MB for 768016-byte allocation
07-07 10:38:18.707 10776 10776 D dalvikvm: GC_FOR_ALLOC freed 4K, 4% free 12908K/13383K, paused 29ms
07-07 10:38:19.175 10776 10778 D dalvikvm: GC_CONCURRENT freed 837K, 7% free 13410K/14343K, paused 2ms+5ms
07-07 10:38:20.000    82   129 D AudioHardware: AudioHardware pcm playback is going to standby.
07-07 10:38:20.000    82   129 D AudioHardware: closePcmOut_l() mPcmOpenCnt: 1
07-07 10:38:25.250   145   161 D dalvikvm: GC_EXPLICIT freed 1104K, 19% free 15888K/19399K, paused 13ms+8ms
07-07 10:38:30.265   353   353 D dalvikvm: GC_EXPLICIT freed 214K, 11% free 11922K/13255K, paused 25ms+3ms
07-07 10:38:31.215   145   180 I ActivityManager: START {act=android.intent.action.MAIN cat=[android.intent.category.HOME] flg=0x10200000 cmp=com.android.launcher/com.android.launcher2.Launcher} from pid 145
07-07 10:38:31.484 10776 10776 D OpenGLRenderer: Flushing caches (mode 0)
07-07 10:38:31.535   145   364 I ActivityManager: Process android.process.acore (pid 10069) has died.
07-07 10:38:31.539 10776 10776 D OpenGLRenderer: Flushing caches (mode 1)
07-07 10:38:31.539   145   156 D CountryDetector: No listener is left
07-07 10:38:32.168 10776 10776 D OpenGLRenderer: Flushing caches (mode 2)
07-07 10:38:32.175 10776 10776 D OpenGLRenderer: Flushing caches (mode 0)
07-07 10:38:32.179 10776 10776 D OpenGLRenderer: Flushing caches (mode 0)
07-07 10:38:32.179 10776 10776 W ManagedEGLContext: doTerminate failed: EGL count is 2 but managed count is 1
07-07 10:38:37.082   413   413 D dalvikvm: GC_EXPLICIT freed 5K, 4% free 9037K/9347K, paused 10ms+2ms
07-07 10:38:39.433   145  1120 I ActivityManager: START {act=android.intent.action.MAIN cat=[android.intent.category.LAUNCHER] flg=0x10000000 pkg=com.google.android.apps.maps cmp=com.google.android.apps.maps/com.google.android.maps.MapsActivity bnds=[0,254][120,404]} from pid 381
07-07 10:38:39.445    82   129 D AudioHardware: AudioHardware pcm playback is exiting standby.
07-07 10:38:39.445    82   129 D AudioHardware: openPcmOut_l() mPcmOpenCnt: 0
07-07 10:38:39.664   381   381 D OpenGLRenderer: Flushing caches (mode 1)
07-07 10:38:39.672   381   381 D OpenGLRenderer: Flushing caches (mode 0)
07-07 10:38:39.773  9546  9546 D Maps    : Build: 6090014
07-07 10:38:40.023  9546  9549 D dalvikvm: GC_CONCURRENT freed 172K, 3% free 10993K/11271K, paused 6ms+17ms
07-07 10:38:40.043   145   161 I Process : Sending signal. PID: 9546 SIG: 3
07-07 10:38:40.043  9546  9551 I dalvikvm: threadid=3: reacting to signal 3
