07-06 13:44:05.273    82   129 D AudioHardware: AudioHardware pcm playback is exiting standby.
07-06 13:44:05.273    82   129 D AudioHardware: openPcmOut_l() mPcmOpenCnt: 0
07-06 13:44:05.308   145   673 W KeyguardViewMediator: verifyUnlock called when not externally disabled
07-06 13:44:05.465  1981  1981 W GoogleVoice: PhoneCallListActivity: unknown action, threading as Intent.ACTION_MAIN: null
07-06 13:44:05.480  1981  1998 I System.out: [INFO:8738686]: LogSource: Running flush
07-06 13:44:05.480  1981  2001 I System.out: [INFO:8738687]: LogSource: Sending payload [bytes=430]
07-06 13:44:05.558   381   381 D OpenGLRenderer: Flushing caches (mode 1)
07-06 13:44:05.593  1981  1984 D dalvikvm: GC_CONCURRENT freed 499K, 11% free 10882K/12167K, paused 15ms+4ms
07-06 13:44:05.660   145  1114 W AppWidgetService: updateAppWidgetProvider: provider doesn't exist: ComponentInfo{com.google.android.apps.googlevoice/com.google.android.apps.googlevoice.widget.WidgetSettingsProvider}
07-06 13:44:05.664   145   157 W AppWidgetService: updateAppWidgetProvider: provider doesn't exist: ComponentInfo{com.google.android.apps.googlevoice/com.google.android.apps.googlevoice.widget.WidgetInboxProvider}
07-06 13:44:05.715  1981  1998 I System.out: [INFO:8738921]: LogSource: Running flush
07-06 13:44:05.715  1981  2000 I System.out: [INFO:8738922]: LogSource: Sending payload [bytes=430]
07-06 13:44:05.730  1981  1998 I System.out: [INFO:8738938]: LogSource: Running flush
07-06 13:44:05.734  1981  1999 I System.out: [INFO:8738940]: LogSource: Sending payload [bytes=479]
07-06 13:44:05.793   214   214 D dalvikvm: GC_FOR_ALLOC freed 446K, 11% free 9682K/10823K, paused 39ms
07-06 13:44:05.797   145   161 I Process : Sending signal. PID: 1981 SIG: 3
07-06 13:44:05.797  1981  1986 I dalvikvm: threadid=3: reacting to signal 3
07-06 13:44:05.820  1981  1986 I dalvikvm: Wrote stack traces to '/data/anr/traces.txt'
07-06 13:44:05.937   214   217 D dalvikvm: GC_CONCURRENT freed 412K, 10% free 9771K/10823K, paused 3ms+2ms
07-06 13:44:06.011  1981  2001 I System.out: [INFO:8739217]: LogSource: Response [http=200,length=318]
07-06 13:44:06.011  1981  1998 I System.out: [INFO:8739218]: LogSource: Read id 34, status code 200
07-06 13:44:06.082   145   175 I ActivityManager: Displayed com.google.android.apps.googlevoice/.PhoneCallListActivity: +785ms
07-06 13:44:06.117  1981  2000 I System.out: [INFO:8739324]: LogSource: Response [http=200,length=318]
07-06 13:44:06.117  1981  1998 I System.out: [INFO:8739325]: LogSource: Read id 35, status code 200
07-06 13:44:06.203  2437  2439 D dalvikvm: GC_CONCURRENT freed 326K, 5% free 9727K/10183K, paused 2ms+13ms
07-06 13:44:06.242   381   381 D OpenGLRenderer: Flushing caches (mode 0)
07-06 13:44:06.547  1981  1999 I System.out: [INFO:8739753]: LogSource: Response [http=200,length=22]
07-06 13:44:06.547  1981  1998 I System.out: [INFO:8739755]: LogSource: Read id 36, status code 200
07-06 13:44:06.601  1981  1998 I System.out: [INFO:8739810]: LogSource: Running flush
07-06 13:44:06.605  1981  2001 I System.out: [INFO:8739811]: LogSource: Sending payload [bytes=429]
07-06 13:44:06.910  1981  2001 I System.out: [INFO:8740116]: LogSource: Response [http=200,length=319]
07-06 13:44:06.918  1981  1998 I System.out: [INFO:8740126]: LogSource: Read id 37, status code 200
07-06 13:44:07.019  1981  1998 I System.out: [INFO:8740227]: LogSource: Running flush
07-06 13:44:07.019  1981  1998 I System.out: [INFO:8740228]: LogSource: Running flush
07-06 13:44:07.023  1981  2001 I System.out: [INFO:8740230]: LogSource: Sending payload [bytes=1554]
07-06 13:44:07.097  1981  1984 D dalvikvm: GC_CONCURRENT freed 433K, 10% free 10994K/12167K, paused 23ms+5ms
07-06 13:44:07.484  1981  2001 I System.out: [INFO:8740688]: LogSource: Response [http=200,length=28557]
07-06 13:44:07.504  1981  1998 I System.out: [INFO:8740705]: LogSource: Read id 38, status code 200
07-06 13:44:07.523  1981  1998 I System.out: [INFO:8740731]: LogSource: Read id 39, status code 200
07-06 13:44:07.609  1981  1998 I System.out: [INFO:8740817]: LogSource: Read id 40, status code 200
07-06 13:44:07.668  1981  1998 I System.out: [INFO:8740875]: LogSource: Read id 41, status code 200
07-06 13:44:07.804   145   364 W AppWidgetService: updateAppWidgetProvider: provider doesn't exist: ComponentInfo{com.google.android.apps.googlevoice/com.google.android.apps.googlevoice.widget.WidgetSettingsProvider}
07-06 13:44:07.808   145   673 W AppWidgetService: updateAppWidgetProvider: provider doesn't exist: ComponentInfo{com.google.android.apps.googlevoice/com.google.android.apps.googlevoice.widget.WidgetInboxProvider}
07-06 13:44:07.847  1981  1984 D dalvikvm: GC_CONCURRENT freed 695K, 10% free 10957K/12167K, paused 2ms+10ms
07-06 13:44:08.090   145  1120 D dalvikvm: GC_EXPLICIT freed 379K, 17% free 13761K/16455K, paused 6ms+18ms
07-06 13:44:08.156  1981  1998 I System.out: [INFO:8741363]: LogSource: Running flush
07-06 13:44:08.156  1981  2000 I System.out: [INFO:8741365]: LogSource: Sending payload [bytes=598]
07-06 13:44:08.168   145   157 W AppWidgetService: updateAppWidgetProvider: provider doesn't exist: ComponentInfo{com.google.android.apps.googlevoice/com.google.android.apps.googlevoice.widget.WidgetSettingsProvider}
07-06 13:44:08.187   145   305 W AppWidgetService: updateAppWidgetProvider: provider doesn't exist: ComponentInfo{com.google.android.apps.googlevoice/com.google.android.apps.googlevoice.widget.WidgetInboxProvider}
07-06 13:44:08.332  1981  1984 D dalvikvm: GC_CONCURRENT freed 532K, 10% free 11044K/12167K, paused 2ms+4ms
07-06 13:44:08.363    82   129 D AudioHardware: AudioHardware pcm playback is going to standby.
07-06 13:44:08.363    82   129 D AudioHardware: closePcmOut_l() mPcmOpenCnt: 1
07-06 13:44:08.390  1981  1981 D GoogleVoice: com.google.android.apps.googlevoice.vvm.service.GvVvmService$Handler Handling message 1001
07-06 13:44:08.394   145   305 W AppWidgetService: updateAppWidgetProvider: provider doesn't exist: ComponentInfo{com.google.android.apps.googlevoice/com.google.android.apps.googlevoice.widget.WidgetSettingsProvider}
07-06 13:44:08.398   145  1120 W AppWidgetService: updateAppWidgetProvider: provider doesn't exist: ComponentInfo{com.google.android.apps.googlevoice/com.google.android.apps.googlevoice.widget.WidgetInboxProvider}
07-06 13:44:08.410  1981  1981 D GoogleVoice: com.google.android.apps.googlevoice.vvm.service.GvVvmService$Handler Handling message 1011
07-06 13:44:08.425  1981  2627 I GoogleVoice: Deleting all voicemails
07-06 13:44:08.500  1981  2000 I System.out: [INFO:8741707]: LogSource: Response [http=200,length=147]
07-06 13:44:08.500  1981  1998 I System.out: [INFO:8741709]: LogSource: Read id 46, status code 200
07-06 13:44:08.511  1981  1998 I System.out: [INFO:8741720]: LogSource: Read id 44, status code 200
07-06 13:44:08.515  1981  1998 I System.out: [INFO:8741721]: LogSource: Read id 42, status code 200
07-06 13:44:08.515  1981  1998 I System.out: [INFO:8741722]: LogSource: Read id 45, status code 200
07-06 13:44:08.515  1981  1998 I System.out: [INFO:8741724]: LogSource: Read id 43, status code 200
07-06 13:44:08.742   318   318 D dalvikvm: GC_FOR_ALLOC freed 926K, 13% free 10595K/12039K, paused 89ms
07-06 13:44:08.746   318   318 I dalvikvm-heap: Grow heap (frag case) to 11.005MB for 622096-byte allocation
07-06 13:44:08.812   318   321 D dalvikvm: GC_CONCURRENT freed 5K, 8% free 11196K/12039K, paused 2ms+3ms
07-06 13:44:08.843   214   217 D dalvikvm: GC_CONCURRENT freed 436K, 10% free 9801K/10823K, paused 1ms+5ms
07-06 13:44:11.340   318   318 D dalvikvm: GC_FOR_ALLOC freed 239K, 7% free 11210K/12039K, paused 58ms
07-06 13:44:11.340   318   318 I dalvikvm-heap: Grow heap (frag case) to 11.084MB for 75184-byte allocation
07-06 13:44:11.363   318   318 D dalvikvm: GC_FOR_ALLOC freed 6K, 8% free 11277K/12167K, paused 22ms
07-06 13:44:20.820    82   129 D AudioHardware: AudioHardware pcm playback is exiting standby.
07-06 13:44:20.820    82   129 D AudioHardware: openPcmOut_l() mPcmOpenCnt: 0
07-06 13:44:20.871  1981  1998 I System.out: [INFO:8754079]: LogSource: Running flush
07-06 13:44:20.906  1981  1999 I System.out: [INFO:8754112]: LogSource: Sending payload [bytes=476]
07-06 13:44:20.961  1981  1998 I System.out: [INFO:8754168]: LogSource: Running flush
07-06 13:44:20.968  1981  1998 I System.out: [INFO:8754175]: LogSource: Running flush
07-06 13:44:20.968  1981  2001 I System.out: [INFO:8754176]: LogSource: Sending payload [bytes=842]
07-06 13:44:21.152  1981  1984 D dalvikvm: GC_CONCURRENT freed 645K, 10% free 10968K/12167K, paused 4ms+5ms
07-06 13:44:21.273   318   318 D dalvikvm: GC_FOR_ALLOC freed 1012K, 13% free 10598K/12167K, paused 35ms
07-06 13:44:21.273   318   318 I dalvikvm-heap: Grow heap (frag case) to 11.008MB for 622096-byte allocation
07-06 13:44:21.308   318   321 D dalvikvm: GC_CONCURRENT freed 8K, 8% free 11197K/12167K, paused 2ms+2ms
07-06 13:44:21.390  1981  1999 I System.out: [INFO:8754597]: LogSource: Response [http=200,length=96]
07-06 13:44:21.390  1981  1998 I System.out: [INFO:8754598]: LogSource: Read id 48, status code 200
07-06 13:44:21.390  1981  1998 I System.out: [INFO:8754599]: LogSource: Read id 47, status code 200
07-06 13:44:21.765  1981  2001 I System.out: [INFO:8754972]: LogSource: Response [http=200,length=401]
07-06 13:44:21.765  1981  1998 I System.out: [INFO:8754974]: LogSource: Read id 49, status code 200
07-06 13:44:21.808  1981  1998 I System.out: [INFO:8755014]: LogSource: Read id 50, status code 200
07-06 13:44:21.836  1981  1998 I System.out: [INFO:8755043]: LogSource: Running flush
07-06 13:44:21.840  1981  2000 I System.out: [INFO:8755044]: LogSource: Sending payload [bytes=429]
07-06 13:44:22.011  1981  2000 I System.out: [INFO:8755220]: LogSource: Response [http=200,length=324]
07-06 13:44:22.015  1981  1998 I System.out: [INFO:8755223]: LogSource: Read id 51, status code 200
07-06 13:44:22.054  1981  1998 I System.out: [INFO:8755260]: LogSource: Running flush
07-06 13:44:22.058  1981  1998 I System.out: [INFO:8755264]: LogSource: Running flush
07-06 13:44:22.070  1981  1999 I System.out: [INFO:8755276]: LogSource: Sending payload [bytes=1181]
07-06 13:44:22.886   145   181 I InputReader: Reconfiguring input devices.  changes=0x00000004
07-06 13:44:22.894   145   181 I InputReader: Device reconfigured: id=7, name='mxt224_ts_input', surface size is now 480x800, mode is 1
07-06 13:44:22.941  1981  1999 I System.out: [INFO:8756147]: LogSource: Response [http=200,length=21135]
07-06 13:44:22.941  1981  1998 I System.out: [INFO:8756150]: LogSource: Read id 52, status code 200
07-06 13:44:22.984   145   161 I ActivityManager: Config changed: {1.0 310mcc120mnc en_US layoutdir=0 sw320dp w533dp h294dp nrml long land finger -keyb/v/h -nav/h s.5}
07-06 13:44:23.058  1981  1998 I System.out: [INFO:8756267]: LogSource: Read id 53, status code 200
07-06 13:44:23.105   214   217 D dalvikvm: GC_CONCURRENT freed 314K, 9% free 9874K/10823K, paused 2ms+5ms
07-06 13:44:23.121  1981  1998 I System.out: [INFO:8756328]: LogSource: Read id 54, status code 200
07-06 13:44:23.242  1981  1984 D dalvikvm: GC_CONCURRENT freed 544K, 9% free 11073K/12167K, paused 2ms+4ms
07-06 13:44:23.425   145   145 W AppWidgetService: updateAppWidgetProvider: provider doesn't exist: ComponentInfo{com.google.android.apps.googlevoice/com.google.android.apps.googlevoice.widget.WidgetSettingsProvider}
07-06 13:44:23.429   145  1114 W AppWidgetService: updateAppWidgetProvider: provider doesn't exist: ComponentInfo{com.google.android.apps.googlevoice/com.google.android.apps.googlevoice.widget.WidgetInboxProvider}
07-06 13:44:23.480   214   214 D dalvikvm: GC_FOR_ALLOC freed 212K, 11% free 9673K/10823K, paused 34ms
07-06 13:44:23.679  1981  1984 D dalvikvm: GC_CONCURRENT freed 680K, 10% free 11022K/12167K, paused 8ms+4ms
07-06 13:44:23.730  2437  2449 D dalvikvm: GC_EXPLICIT freed 311K, 6% free 9646K/10183K, paused 4ms+5ms
07-06 13:44:23.773  1981  1981 D GoogleVoice: com.google.android.apps.googlevoice.vvm.service.GvVvmService$Handler Handling message 1001
07-06 13:44:23.804   145   364 W AppWidgetService: updateAppWidgetProvider: provider doesn't exist: ComponentInfo{com.google.android.apps.googlevoice/com.google.android.apps.googlevoice.widget.WidgetSettingsProvider}
07-06 13:44:23.816   145   157 W AppWidgetService: updateAppWidgetProvider: provider doesn't exist: ComponentInfo{com.google.android.apps.googlevoice/com.google.android.apps.googlevoice.widget.WidgetInboxProvider}
07-06 13:44:23.828  1981  1981 D GoogleVoice: com.google.android.apps.googlevoice.vvm.service.GvVvmService$Handler Handling message 1011
07-06 13:44:23.840  1981  2633 I GoogleVoice: Deleting all voicemails
07-06 13:44:23.859   145   305 W AppWidgetService: updateAppWidgetProvider: provider doesn't exist: ComponentInfo{com.google.android.apps.googlevoice/com.google.android.apps.googlevoice.widget.WidgetSettingsProvider}
07-06 13:44:23.871   145   673 W AppWidgetService: updateAppWidgetProvider: provider doesn't exist: ComponentInfo{com.google.android.apps.googlevoice/com.google.android.apps.googlevoice.widget.WidgetInboxProvider}
07-06 13:44:23.910    82   129 D AudioHardware: AudioHardware pcm playback is going to standby.
07-06 13:44:23.910    82   129 D AudioHardware: closePcmOut_l() mPcmOpenCnt: 1
07-06 13:44:23.988   214   214 D dalvikvm: GC_FOR_ALLOC freed 321K, 11% free 9665K/10823K, paused 27ms
07-06 13:44:24.027   214   214 D dalvikvm: GC_FOR_ALLOC freed 301K, 11% free 9661K/10823K, paused 21ms
07-06 13:44:24.093   214   217 D dalvikvm: GC_CONCURRENT freed 253K, 10% free 9842K/10823K, paused 2ms+2ms
07-06 13:44:24.367   214   217 D dalvikvm: GC_CONCURRENT freed 575K, 11% free 9683K/10823K, paused 2ms+3ms
07-06 13:44:24.543   214   214 D dalvikvm: GC_FOR_ALLOC freed 299K, 11% free 9680K/10823K, paused 49ms
07-06 13:44:24.547   318   318 D dalvikvm: GC_FOR_ALLOC freed 997K, 13% free 10624K/12167K, paused 83ms
07-06 13:44:24.547   318   318 I dalvikvm-heap: Grow heap (frag case) to 11.295MB for 896016-byte allocation
07-06 13:44:24.629   318   343 D dalvikvm: GC_FOR_ALLOC freed <1K, 12% free 11499K/13063K, paused 70ms
07-06 13:44:24.636   214   217 D dalvikvm: GC_CONCURRENT freed 369K, 10% free 9758K/10823K, paused 3ms+3ms
07-06 13:44:24.715   318   321 D dalvikvm: GC_CONCURRENT freed 36K, 13% free 11484K/13063K, paused 2ms+4ms
07-06 13:44:26.968   145   175 D dalvikvm: GC_EXPLICIT freed 377K, 17% free 13747K/16455K, paused 27ms+7ms
07-06 13:44:48.117   818  1271 I PhoneLab-: Service Running
07-06 13:44:48.199   818  1271 I PhoneLab-LoggerService: app_36    1275  818   1440   1004  c00f181c 400107b4 S logcat
07-06 13:44:48.199   818  1271 I PhoneLab-LoggerService: Logcat pid from database 1275
07-06 13:44:48.199   818  1271 I PhoneLab-LoggerService: Logcat process found 1275
07-06 13:44:48.199   818  1271 I PhoneLab-LoggerService: Checking Threshold
07-06 13:44:48.199   818  1271 I PhoneLab-LoggerService: Starting to rename files
07-06 13:44:48.215   818  1271 I PhoneLab-LoggerService: Files found .. 2
07-06 13:44:48.215   818  1271 I PhoneLab-LoggerService: File 1 log.out.1
07-06 13:44:48.222   818  1271 I PhoneLab-LoggerService: Renamed successfully
07-06 13:44:48.234   818   820 D dalvikvm: GC_CONCURRENT freed 388K, 19% free 9114K/11143K, paused 2ms+2ms
07-06 13:44:52.824   919  2636 I Gmail   : MainSyncRequestProto: lowestBkwdConvoId: 0, highestHandledServerOp: 1867372, normalSync: true
07-06 13:44:54.347   919  2636 D dalvikvm: GC_EXPLICIT freed 1065K, 23% free 13694K/17735K, paused 2ms+5ms
07-06 13:44:54.351   919  2636 I Gmail   : MainSyncRequestProto: lowestBkwdConvoId: 0, highestHandledServerOp: 1867383, normalSync: true
07-06 13:44:54.355   919  2636 I Gmail   : lowestBackward conversation id 0
07-06 13:44:54.367   919  2636 W Gmail   : Scheduling index for 300000 ms from now
07-06 13:45:21.234   145   172 I power   : *** set_screen_state 0
07-06 13:45:21.273    79   121 D SurfaceFlinger: About to give-up screen, flinger = 0x131b918
07-06 13:45:21.441   369  1473 D NfcService: NFC-C OFF, disconnect
07-06 13:45:21.445   214   214 D dalvikvm: GC_FOR_ALLOC freed 412K, 11% free 9665K/10823K, paused 15ms
07-06 13:45:21.476   214   214 D dalvikvm: GC_FOR_ALLOC freed 289K, 11% free 9663K/10823K, paused 22ms
07-06 13:45:26.343   145   176 V TransportControlView: Create TCV com.android.internal.widget.TransportControlView@417f6038
07-06 13:45:26.386   214   214 D PhoneStatusBar: disable: < expand icons alerts ticker system_info back home RECENT* clock >
07-06 13:45:50.035   145   147 D dalvikvm: GC_CONCURRENT freed 355K, 12% free 14575K/16455K, paused 3ms+7ms
07-06 13:45:50.046   145   176 D android.widget.GridLayout: horizontal constraints: x1 - x0 > 214, x2 - x1 > 96, x3 - x2 > 300, x3 - x0 < 480 are inconsistent; permanently removing: x3 - x0 < 480. 
07-06 13:45:50.050   145   181 I InputReader: Reconfiguring input devices.  changes=0x00000004
07-06 13:45:50.050   145   181 I InputReader: Device reconfigured: id=7, name='mxt224_ts_input', surface size is now 480x800, mode is 1
07-06 13:45:50.066   145   176 I ActivityManager: Config changed: {1.0 310mcc120mnc en_US layoutdir=0 sw320dp w320dp h508dp nrml long port finger -keyb/v/h -nav/h s.6}
07-06 13:45:50.168   145   176 V TransportControlView: Create TCV com.android.internal.widget.TransportControlView@4195dd78
07-06 13:45:50.207  1981  1981 W IInputConnectionWrapper: getExtractedText on inactive InputConnection
07-06 13:45:50.254  1981  1981 W IInputConnectionWrapper: getExtractedText on inactive InputConnection
07-06 13:45:50.289  1981  1981 W IInputConnectionWrapper: getExtractedText on inactive InputConnection
07-06 13:45:50.289  1981  1981 W IInputConnectionWrapper: getTextBeforeCursor on inactive InputConnection
07-06 13:45:50.289  1981  1981 W IInputConnectionWrapper: getTextAfterCursor on inactive InputConnection
07-06 13:45:50.289  1981  1981 W IInputConnectionWrapper: getExtractedText on inactive InputConnection
07-06 13:45:50.293  1981  1981 W IInputConnectionWrapper: getTextBeforeCursor on inactive InputConnection
07-06 13:45:50.293  1981  1981 W IInputConnectionWrapper: getTextAfterCursor on inactive InputConnection
07-06 13:45:50.296  1981  1981 W IInputConnectionWrapper: beginBatchEdit on inactive InputConnection
07-06 13:45:50.296  1981  1981 W IInputConnectionWrapper: endBatchEdit on inactive InputConnection
07-06 13:45:50.296  1981  1981 W IInputConnectionWrapper: getExtractedText on inactive InputConnection
07-06 13:45:50.300  1981  1981 W IInputConnectionWrapper: getTextBeforeCursor on inactive InputConnection
07-06 13:45:50.300  1981  1981 W IInputConnectionWrapper: getTextAfterCursor on inactive InputConnection
07-06 13:45:50.300  1981  1981 W IInputConnectionWrapper: beginBatchEdit on inactive InputConnection
07-06 13:45:50.300  1981  1981 W IInputConnectionWrapper: endBatchEdit on inactive InputConnection
07-06 13:45:50.308  1981  1981 W IInputConnectionWrapper: getExtractedText on inactive InputConnection
07-06 13:45:50.312  1981  1981 W IInputConnectionWrapper: showStatusIcon on inactive InputConnection
07-06 13:45:50.316   214   214 D PhoneStatusBar: disable: < expand icons alerts ticker system_info BACK* HOME* RECENT CLOCK* >
07-06 13:45:50.386  1981  1981 W IInputConnectionWrapper: getExtractedText on inactive InputConnection
07-06 13:45:50.386  1981  1981 W IInputConnectionWrapper: getTextBeforeCursor on inactive InputConnection
07-06 13:45:50.386  1981  1981 W IInputConnectionWrapper: getTextAfterCursor on inactive InputConnection
07-06 13:45:50.386  1981  1981 W IInputConnectionWrapper: getExtractedText on inactive InputConnection
07-06 13:45:50.390  1981  1981 W IInputConnectionWrapper: getTextBeforeCursor on inactive InputConnection
07-06 13:45:50.390  1981  1981 W IInputConnectionWrapper: getTextAfterCursor on inactive InputConnection
07-06 13:45:50.390  1981  1981 W IInputConnectionWrapper: beginBatchEdit on inactive InputConnection
07-06 13:45:50.390  1981  1981 W IInputConnectionWrapper: endBatchEdit on inactive InputConnection
07-06 13:45:50.425  1981  1981 W IInputConnectionWrapper: getExtractedText on inactive InputConnection
07-06 13:45:50.425  1981  1981 W IInputConnectionWrapper: getTextBeforeCursor on inactive InputConnection
07-06 13:45:50.425  1981  1981 W IInputConnectionWrapper: getTextAfterCursor on inactive InputConnection
07-06 13:45:50.519   318   318 D dalvikvm: GC_FOR_ALLOC freed 1217K, 19% free 10609K/13063K, paused 50ms
07-06 13:45:50.519   318   318 I dalvikvm-heap: Grow heap (frag case) to 11.019MB for 622096-byte allocation
07-06 13:45:50.543   214   214 D dalvikvm: GC_FOR_ALLOC freed 331K, 11% free 9695K/10823K, paused 24ms
07-06 13:45:50.562   318   343 D dalvikvm: GC_FOR_ALLOC freed 0K, 15% free 11216K/13063K, paused 34ms
07-06 13:45:50.632   214   217 D dalvikvm: GC_CONCURRENT freed 491K, 11% free 9671K/10823K, paused 2ms+14ms
07-06 13:45:50.664   318   321 D dalvikvm: GC_CONCURRENT freed 57K, 15% free 11203K/13063K, paused 2ms+5ms
07-06 13:48:41.011   145   176 I power   : *** set_screen_state 1
07-06 13:48:41.027  1981  1981 W GoogleVoice: PhoneCallListActivity: unknown action, threading as Intent.ACTION_MAIN: null
07-06 13:48:41.117   145   176 I WindowManager: Lock screen displayed!
07-06 13:48:41.254    79   121 D SurfaceFlinger: Screen about to return, flinger = 0x131b918
07-06 13:48:41.449  1981  1998 I System.out: [INFO:9014655]: LogSource: Running flush
07-06 13:48:41.449  1981  2001 I System.out: [INFO:9014657]: LogSource: Sending payload [bytes=547]
07-06 13:48:41.468   270  2602 W Smack/Packet: notify conn break (IOEx), close connection
07-06 13:48:41.589  1981  2001 I System.out: [SEVERE:9014795]: LogSource: AsyncHttpRequestImpl.run(): exception thrown : Read error: ssl=0x1ac52c8: I/O error during system call, Connection reset by peer: javax.net.ssl.SSLException
07-06 13:48:41.589  1981  1998 I System.out: [INFO:9014795]: LogSource: Resending com.google.android.apps.googlevoice.net.masf.MASFPlainRequest@4151a938
07-06 13:48:41.589  1981  1998 I System.out: [INFO:9014795]: LogSource: Resending com.googlex.masf.protocol.PlainRequest@41586930
07-06 13:48:41.589  1981  1998 I System.out: [INFO:9014796]: LogSource: Resending com.googlex.masf.protocol.PlainRequest@4142a1d0
07-06 13:48:41.589  1981  1998 I System.out: [INFO:9014796]: LogSource: Resending com.googlex.masf.protocol.PlainRequest@41502bc8
07-06 13:48:41.625   270  2602 I qtaguid : Failed write_ctrl(u 73) res=-1 errno=22
07-06 13:48:41.625   270  2602 I qtaguid : Untagging socket 73 failed errno=-22
07-06 13:48:41.625   270  2602 W NetworkManagementSocketTagger: untagSocket(73) failed with errno -22
07-06 13:48:41.968   214   214 D PhoneStatusBar: disable: < expand icons alerts ticker system_info BACK HOME recent* CLOCK >
07-06 13:48:41.972   369   410 D NfcService: NFC-C ON
07-06 13:48:41.996   214   214 D PhoneStatusBar: disable: < expand icons alerts ticker system_info back* home* recent clock* >
07-06 13:48:42.101   145  1114 W InputManagerService: Window already focused, ignoring focus gain of: com.android.internal.view.IInputMethodClient$Stub$Proxy@41776b58
07-06 13:48:42.386   318   321 D dalvikvm: GC_CONCURRENT freed 729K, 15% free 11200K/13063K, paused 2ms+5ms
07-06 13:48:43.129   145   180 I ActivityManager: START {act=android.intent.action.MAIN cat=[android.intent.category.HOME] flg=0x10200000 cmp=com.android.launcher/com.android.launcher2.Launcher} from pid 145
07-06 13:48:43.230   145   180 D dalvikvm: GC_FOR_ALLOC freed 876K, 13% free 14471K/16455K, paused 64ms
07-06 13:48:43.375   214   217 D dalvikvm: GC_CONCURRENT freed 328K, 9% free 9855K/10823K, paused 1ms+12ms
07-06 13:48:43.500   145   145 W InputManagerService: Starting input on non-focused client com.android.internal.view.IInputMethodClient$Stub$Proxy@415beaa8 (uid=10056 pid=1981)
07-06 13:48:43.589  1981  1998 I System.out: [INFO:9016795]: LogSource: Running delayed flush
07-06 13:48:43.597  1981  1998 I System.out: [INFO:9016805]: LogSource: Running flush
07-06 13:48:43.601  1981  2000 I System.out: [INFO:9016807]: LogSource: Sending payload [bytes=547]
07-06 13:48:43.793  1981  2000 I System.out: [SEVERE:9017001]: LogSource: AsyncHttpRequestImpl.run(): exception thrown : Read error: ssl=0x1acb220: I/O error during system call, Connection reset by peer: javax.net.ssl.SSLException
07-06 13:48:43.843  1981  1998 I System.out: [INFO:9017049]: LogSource: Resending com.googlex.masf.protocol.PlainRequest@41586930
07-06 13:48:43.843  1981  1998 I System.out: [INFO:9017050]: LogSource: Resending com.googlex.masf.protocol.PlainRequest@4142a1d0
07-06 13:48:43.843  1981  1998 I System.out: [INFO:9017051]: LogSource: Resending com.google.android.apps.googlevoice.net.masf.MASFPlainRequest@4151a938
07-06 13:48:43.851  1981  1998 I System.out: [INFO:9017060]: LogSource: Resending com.googlex.masf.protocol.PlainRequest@41502bc8
07-06 13:48:44.632   145   201 D ConnectivityService: handleInetConditionHoldEnd: net=6, condition=0, published condition=100
07-06 13:48:44.726   381   381 D dalvikvm: GC_FOR_ALLOC freed 402K, 8% free 10766K/11591K, paused 26ms
07-06 13:48:44.871   145   156 I ActivityManager: START {act=android.intent.action.MAIN cat=[android.intent.category.LAUNCHER] flg=0x10200000 cmp=com.sportstracklive.stopwatch/.StandardStopWatchActivity bnds=[120,405][240,555]} from pid 381
07-06 13:48:44.882    82   129 D AudioHardware: AudioHardware pcm playback is exiting standby.
07-06 13:48:44.882    82   129 D AudioHardware: openPcmOut_l() mPcmOpenCnt: 0
07-06 13:48:45.004   145   156 D dalvikvm: GC_FOR_ALLOC freed 957K, 17% free 13757K/16455K, paused 84ms
07-06 13:48:45.082   145   157 I ActivityManager: Start proc com.sportstracklive.stopwatch for activity com.sportstracklive.stopwatch/.StandardStopWatchActivity: pid=2649 uid=10062 gids={}
07-06 13:48:45.144   381   381 D OpenGLRenderer: Flushing caches (mode 1)
07-06 13:48:45.175   381   381 D OpenGLRenderer: Flushing caches (mode 0)
07-06 13:48:45.281  2649  2649 I Store   : restoreState
07-06 13:48:45.296  2649  2649 I Store   : CountUpTimer.start 52161822
07-06 13:48:45.296  2649  2649 I Store   : restore took total 16
07-06 13:48:45.371  2649  2651 D dalvikvm: GC_CONCURRENT freed 190K, 3% free 9346K/9607K, paused 5ms+3ms
07-06 13:48:45.433  2649  2649 D libEGL  : loaded /system/lib/egl/libGLES_android.so
07-06 13:48:45.441  2649  2649 D libEGL  : loaded /vendor/lib/egl/libEGL_POWERVR_SGX540_120.so
07-06 13:48:45.472  2649  2649 D libEGL  : loaded /vendor/lib/egl/libGLESv1_CM_POWERVR_SGX540_120.so
07-06 13:48:45.480  2649  2649 D libEGL  : loaded /vendor/lib/egl/libGLESv2_POWERVR_SGX540_120.so
07-06 13:48:45.570  2649  2649 D OpenGLRenderer: Enabling debug mode 0
07-06 13:48:45.613   145   161 I Process : Sending signal. PID: 2649 SIG: 3
07-06 13:48:45.613  2649  2653 I dalvikvm: threadid=3: reacting to signal 3
07-06 13:48:45.644  2649  2653 I dalvikvm: Wrote stack traces to '/data/anr/traces.txt'
07-06 13:48:45.828   145   175 I ActivityManager: Displayed com.sportstracklive.stopwatch/.StandardStopWatchActivity: +776ms
07-06 13:48:47.808  1981  1998 I System.out: [INFO:9021015]: LogSource: Running delayed flush
07-06 13:48:47.820  1981  1998 I System.out: [INFO:9021029]: LogSource: Running flush
07-06 13:48:47.839  1981  1999 I System.out: [INFO:9021047]: LogSource: Sending payload [bytes=547]
07-06 13:48:47.972    82   129 D AudioHardware: AudioHardware pcm playback is going to standby.
07-06 13:48:47.972    82   129 D AudioHardware: closePcmOut_l() mPcmOpenCnt: 1
07-06 13:48:48.019  2649  2649 I StopWatch: Reset - countUp true
07-06 13:48:48.019  2649  2649 I StopWatch: Reset - countUp true
07-06 13:48:48.027  2649  2649 I StopWatch: CountUp reset
07-06 13:48:48.031    82   129 D AudioHardware: AudioHardware pcm playback is exiting standby.
07-06 13:48:48.031    82   129 D AudioHardware: openPcmOut_l() mPcmOpenCnt: 0
07-06 13:48:48.316  1981  1984 D dalvikvm: GC_CONCURRENT freed 650K, 11% free 10944K/12167K, paused 18ms+13ms
07-06 13:48:48.859  1981  1999 I System.out: [INFO:9022063]: LogSource: Response [http=200,length=369]
07-06 13:48:48.879  1981  1998 I System.out: [INFO:9022084]: LogSource: Read id 57, status code 200
07-06 13:48:48.886  1981  1998 I System.out: [INFO:9022094]: LogSource: Read id 55, status code 200
07-06 13:48:48.898  1981  1998 I System.out: [INFO:9022104]: LogSource: Read id 58, status code 200
07-06 13:48:48.937  1981  1998 I System.out: [INFO:9022143]: LogSource: Read id 56, status code 200
07-06 13:48:51.121    82   129 D AudioHardware: AudioHardware pcm playback is going to standby.
07-06 13:48:51.121    82   129 D AudioHardware: closePcmOut_l() mPcmOpenCnt: 1
07-06 13:48:51.863   270   270 I GTalkService/c: [AndroidEndpoint@1094863744] connect: acct=1000000, state=CONNECTING
07-06 13:48:53.160   919  2671 I Gmail   : MainSyncRequestProto: lowestBkwdConvoId: 0, highestHandledServerOp: 1867383, normalSync: true
07-06 13:48:53.550   145   201 D ConnectivityService: handleInetConditionHoldEnd: net=6, condition=100, published condition=0
07-06 13:48:53.746   919  2671 D dalvikvm: GC_EXPLICIT freed 222K, 24% free 13610K/17735K, paused 3ms+5ms
07-06 13:48:53.754   919  2671 I Gmail   : MainSyncRequestProto: lowestBkwdConvoId: 0, highestHandledServerOp: 1867383, normalSync: true
07-06 13:48:53.757   919  2671 I Gmail   : lowestBackward conversation id 0
07-06 13:48:53.765   919  2671 W Gmail   : Scheduling index for 300000 ms from now
07-06 13:49:00.343  2649  2649 I StopWatch: Started count up - true
07-06 13:49:00.351    82   129 D AudioHardware: AudioHardware pcm playback is exiting standby.
07-06 13:49:00.351    82   129 D AudioHardware: openPcmOut_l() mPcmOpenCnt: 0
07-06 13:49:00.355  2649  2673 I Store   : saveState
07-06 13:49:00.355  2649  2673 I Store   : CountUpTimer.start 17104357
07-06 13:49:00.355  2649  2673 I Store   : save took 1 0
07-06 13:49:00.390  2649  2673 I Store   : save took total 34
07-06 13:49:00.449   145   162 I ActivityManager: Start proc com.sportstracklive.stopwatch:remote for broadcast com.sportstracklive.stopwatch/.CountUpdate: pid=2674 uid=10062 gids={}
07-06 13:49:00.511  2674  2674 I Store   : restoreState
07-06 13:49:00.519  2674  2674 I Store   : CountUpTimer.start 17104357
07-06 13:49:00.519  2674  2674 I Store   : restore took total 6
07-06 13:49:00.519  2674  2674 I CountUpdate: createUpNotification
07-06 13:49:00.519  2674  2674 I CountUpdate: createUpNotification < 1 minute elapsed Stopwatch
07-06 13:49:00.613   214   217 D dalvikvm: GC_CONCURRENT freed 543K, 10% free 9820K/10823K, paused 5ms+5ms
07-06 13:49:00.757   214   217 D dalvikvm: GC_CONCURRENT freed 208K, 7% free 10117K/10823K, paused 2ms+4ms
07-06 13:49:00.816   214   214 D dalvikvm: GC_FOR_ALLOC freed 457K, 9% free 9932K/10823K, paused 28ms
07-06 13:49:00.961   214   217 D dalvikvm: GC_CONCURRENT freed 324K, 7% free 10113K/10823K, paused 2ms+2ms
07-06 13:49:03.441    82   129 D AudioHardware: AudioHardware pcm playback is going to standby.
07-06 13:49:03.441    82   129 D AudioHardware: closePcmOut_l() mPcmOpenCnt: 1
07-06 13:49:15.351  2674  2674 I Store   : restoreState
07-06 13:49:15.351  2674  2674 I Store   : CountUpTimer.start 17104357
07-06 13:49:15.351  2674  2674 I Store   : restore took total 0
07-06 13:49:15.351  2674  2674 I CountUpdate: createUpNotification
07-06 13:49:15.351  2674  2674 I CountUpdate: createUpNotification < 1 minute elapsed Stopwatch
07-06 13:49:30.355  2674  2674 I Store   : restoreState
07-06 13:49:30.359  2674  2674 I Store   : CountUpTimer.start 17104357
07-06 13:49:30.359  2674  2674 I Store   : restore took total 3
07-06 13:49:30.359  2674  2674 I CountUpdate: createUpNotification
07-06 13:49:30.359  2674  2674 I CountUpdate: createUpNotification < 1 minute elapsed Stopwatch
07-06 13:49:45.371  2674  2674 I Store   : restoreState
07-06 13:49:45.375  2674  2674 I Store   : CountUpTimer.start 17104357
07-06 13:49:45.375  2674  2674 I Store   : restore took total 2
07-06 13:49:45.375  2674  2674 I CountUpdate: createUpNotification
07-06 13:49:45.375  2674  2674 I CountUpdate: createUpNotification < 1 minute elapsed Stopwatch
07-06 13:50:00.257   818  1271 I PhoneLab-: Service Running
07-06 13:50:00.328   818  1271 I PhoneLab-LoggerService: app_36    1275  818   1440   1004  c00f181c 400107b4 S logcat
07-06 13:50:00.328   818  1271 I PhoneLab-LoggerService: Logcat pid from database 1275
07-06 13:50:00.328   818  1271 I PhoneLab-LoggerService: Logcat process found 1275
07-06 13:50:00.328   818  1271 I PhoneLab-LoggerService: Checking Threshold
07-06 13:50:00.328   818  1271 I PhoneLab-LoggerService: Starting to rename files
07-06 13:50:00.328   818  1271 I PhoneLab-LoggerService: Files found .. 2
07-06 13:50:00.332   818  1271 I PhoneLab-: Service Running
07-06 13:50:00.347  2674  2674 I Store   : restoreState
07-06 13:50:00.347  2674  2674 I Store   : CountUpTimer.start 17104357
07-06 13:50:00.347  2674  2674 I Store   : restore took total 0
07-06 13:50:00.347  2674  2674 I CountUpdate: createUpNotification
07-06 13:50:00.347  2674  2674 I CountUpdate: createUpNotification 1 minute elapsed Stopwatch
07-06 13:50:00.453   818  1271 I PhoneLab-LoggerService: app_36    1275  818   1440   1004  c00f181c 400107b4 S logcat
07-06 13:50:00.457   818  1271 I PhoneLab-LoggerService: Logcat pid from database 1275
07-06 13:50:00.457   818  1271 I PhoneLab-LoggerService: Logcat process found 1275
07-06 13:50:00.457   818  1271 I PhoneLab-LoggerService: Checking Threshold
07-06 13:50:00.457   818  1271 I PhoneLab-LoggerService: Starting to rename files
07-06 13:50:00.464   818  1271 I PhoneLab-LoggerService: Files found .. 2
07-06 13:50:15.359  2674  2674 I Store   : restoreState
07-06 13:50:15.359  2674  2674 I Store   : CountUpTimer.start 17104357
07-06 13:50:15.359  2674  2674 I Store   : restore took total 1
07-06 13:50:15.359  2674  2674 I CountUpdate: createUpNotification
07-06 13:50:15.359  2674  2674 I CountUpdate: createUpNotification 1 minute elapsed Stopwatch
07-06 13:50:30.359  2674  2674 I Store   : restoreState
07-06 13:50:30.363  2674  2674 I Store   : CountUpTimer.start 17104357
07-06 13:50:30.363  2674  2674 I Store   : restore took total 2
07-06 13:50:30.363  2674  2674 I CountUpdate: createUpNotification
07-06 13:50:30.363  2674  2674 I CountUpdate: createUpNotification 1 minute elapsed Stopwatch
07-06 13:50:45.367  2674  2674 I Store   : restoreState
07-06 13:50:45.371  2674  2674 I Store   : CountUpTimer.start 17104357
07-06 13:50:45.371  2674  2674 I Store   : restore took total 2
07-06 13:50:45.371  2674  2674 I CountUpdate: createUpNotification
07-06 13:50:45.371  2674  2674 I CountUpdate: createUpNotification 1 minute elapsed Stopwatch
07-06 13:50:48.117   818  1271 I PhoneLab-: Service Running
07-06 13:50:48.171   818  1271 I PhoneLab-LoggerService: app_36    1275  818   1440   1004  c00f181c 400107b4 S logcat
07-06 13:50:48.171   818  1271 I PhoneLab-LoggerService: Logcat pid from database 1275
07-06 13:50:48.171   818  1271 I PhoneLab-LoggerService: Logcat process found 1275
07-06 13:50:48.171   818  1271 I PhoneLab-LoggerService: Checking Threshold
07-06 13:50:48.171   818  1271 I PhoneLab-LoggerService: Starting to rename files
07-06 13:50:48.171   818  1271 I PhoneLab-LoggerService: Files found .. 2
07-06 13:51:00.355  2674  2674 I Store   : restoreState
07-06 13:51:00.359  2674  2674 I Store   : CountUpTimer.start 17104357
07-06 13:51:00.359  2674  2674 I Store   : restore took total 1
07-06 13:51:00.359  2674  2674 I CountUpdate: createUpNotification
07-06 13:51:00.363  2674  2674 I CountUpdate: createUpNotification 0:02 Stopwatch
07-06 13:51:15.355  2674  2674 I Store   : restoreState
07-06 13:51:15.359  2674  2674 I Store   : CountUpTimer.start 17104357
07-06 13:51:15.359  2674  2674 I Store   : restore took total 1
07-06 13:51:15.359  2674  2674 I CountUpdate: createUpNotification
07-06 13:51:15.363  2674  2674 I CountUpdate: createUpNotification 0:02 Stopwatch
07-06 13:51:30.363  2674  2674 I Store   : restoreState
07-06 13:51:30.367  2674  2674 I Store   : CountUpTimer.start 17104357
07-06 13:51:30.367  2674  2674 I Store   : restore took total 3
07-06 13:51:30.367  2674  2674 I CountUpdate: createUpNotification
07-06 13:51:30.367  2674  2674 I CountUpdate: createUpNotification 0:02 Stopwatch
07-06 13:51:45.371  2674  2674 I Store   : restoreState
07-06 13:51:45.371  2674  2674 I Store   : CountUpTimer.start 17104357
07-06 13:51:45.375  2674  2674 I Store   : restore took total 5
07-06 13:51:45.375  2674  2674 I CountUpdate: createUpNotification
07-06 13:51:45.375  2674  2674 I CountUpdate: createUpNotification 0:02 Stopwatch
07-06 13:52:00.363  2674  2674 I Store   : restoreState
07-06 13:52:00.363  2674  2674 I Store   : CountUpTimer.start 17104357
07-06 13:52:00.363  2674  2674 I Store   : restore took total 3
07-06 13:52:00.363  2674  2674 I CountUpdate: createUpNotification
07-06 13:52:00.367  2674  2674 I CountUpdate: createUpNotification 0:03 Stopwatch
07-06 13:52:15.355  2674  2674 I Store   : restoreState
07-06 13:52:15.355  2674  2674 I Store   : CountUpTimer.start 17104357
07-06 13:52:15.355  2674  2674 I Store   : restore took total 1
07-06 13:52:15.355  2674  2674 I CountUpdate: createUpNotification
07-06 13:52:15.355  2674  2674 I CountUpdate: createUpNotification 0:03 Stopwatch
07-06 13:52:30.355  2674  2674 I Store   : restoreState
07-06 13:52:30.359  2674  2674 I Store   : CountUpTimer.start 17104357
07-06 13:52:30.359  2674  2674 I Store   : restore took total 2
07-06 13:52:30.359  2674  2674 I CountUpdate: createUpNotification
07-06 13:52:30.363  2674  2674 I CountUpdate: createUpNotification 0:03 Stopwatch
07-06 13:52:45.359  2674  2674 I Store   : restoreState
07-06 13:52:45.359  2674  2674 I Store   : CountUpTimer.start 17104357
07-06 13:52:45.363  2674  2674 I Store   : restore took total 1
07-06 13:52:45.363  2674  2674 I CountUpdate: createUpNotification
07-06 13:52:45.363  2674  2674 I CountUpdate: createUpNotification 0:03 Stopwatch
07-06 13:52:48.121   818  1271 I PhoneLab-: Service Running
07-06 13:52:48.179   818  1271 I PhoneLab-LoggerService: app_36    1275  818   1440   1004  c00f181c 400107b4 S logcat
07-06 13:52:48.179   818  1271 I PhoneLab-LoggerService: Logcat pid from database 1275
07-06 13:52:48.179   818  1271 I PhoneLab-LoggerService: Logcat process found 1275
07-06 13:52:48.179   818  1271 I PhoneLab-LoggerService: Checking Threshold
07-06 13:52:48.179   818  1271 I PhoneLab-LoggerService: Starting to rename files
07-06 13:52:48.179   818  1271 I PhoneLab-LoggerService: Files found .. 2
07-06 13:53:00.355  2674  2674 I Store   : restoreState
07-06 13:53:00.355  2674  2674 I Store   : CountUpTimer.start 17104357
07-06 13:53:00.359  2674  2674 I Store   : restore took total 1
07-06 13:53:00.359  2674  2674 I CountUpdate: createUpNotification
07-06 13:53:00.359  2674  2674 I CountUpdate: createUpNotification 0:04 Stopwatch
07-06 13:53:05.574  2649  2651 D dalvikvm: GC_CONCURRENT freed 415K, 6% free 9377K/9927K, paused 4ms+4ms
07-06 13:53:15.359  2674  2674 I Store   : restoreState
07-06 13:53:15.359  2674  2674 I Store   : CountUpTimer.start 17104357
07-06 13:53:15.359  2674  2674 I Store   : restore took total 1
07-06 13:53:15.359  2674  2674 I CountUpdate: createUpNotification
07-06 13:53:15.363  2674  2674 I CountUpdate: createUpNotification 0:04 Stopwatch
07-06 13:53:15.519   214   217 D dalvikvm: GC_CONCURRENT freed 249K, 6% free 10249K/10823K, paused 3ms+5ms
07-06 13:53:30.355  2674  2674 I Store   : restoreState
07-06 13:53:30.359  2674  2674 I Store   : CountUpTimer.start 17104357
07-06 13:53:30.359  2674  2674 I Store   : restore took total 2
07-06 13:53:30.359  2674  2674 I CountUpdate: createUpNotification
07-06 13:53:30.363  2674  2674 I CountUpdate: createUpNotification 0:04 Stopwatch
07-06 13:53:45.371  2674  2674 I Store   : restoreState
07-06 13:53:45.375  2674  2674 I Store   : CountUpTimer.start 17104357
07-06 13:53:45.375  2674  2674 I Store   : restore took total 4
07-06 13:53:45.375  2674  2674 I CountUpdate: createUpNotification
07-06 13:53:45.375  2674  2674 I CountUpdate: createUpNotification 0:04 Stopwatch
07-06 13:54:00.156   145   147 D dalvikvm: GC_CONCURRENT freed 906K, 16% free 13919K/16455K, paused 7ms+8ms
07-06 13:54:00.363  2674  2674 I Store   : restoreState
07-06 13:54:00.367  2674  2674 I Store   : CountUpTimer.start 17104357
07-06 13:54:00.367  2674  2674 I Store   : restore took total 3
07-06 13:54:00.367  2674  2674 I CountUpdate: createUpNotification
07-06 13:54:00.371  2674  2674 I CountUpdate: createUpNotification 0:05 Stopwatch
07-06 13:54:15.355  2674  2674 I Store   : restoreState
07-06 13:54:15.355  2674  2674 I Store   : CountUpTimer.start 17104357
07-06 13:54:15.355  2674  2674 I Store   : restore took total 1
07-06 13:54:15.355  2674  2674 I CountUpdate: createUpNotification
07-06 13:54:15.355  2674  2674 I CountUpdate: createUpNotification 0:05 Stopwatch
07-06 13:54:30.359  2674  2674 I Store   : restoreState
07-06 13:54:30.359  2674  2674 I Store   : CountUpTimer.start 17104357
07-06 13:54:30.359  2674  2674 I Store   : restore took total 0
07-06 13:54:30.359  2674  2674 I CountUpdate: createUpNotification
07-06 13:54:30.363  2674  2674 I CountUpdate: createUpNotification 0:05 Stopwatch
07-06 13:54:45.371  2674  2674 I Store   : restoreState
07-06 13:54:45.371  2674  2674 I Store   : CountUpTimer.start 17104357
07-06 13:54:45.371  2674  2674 I Store   : restore took total 1
07-06 13:54:45.371  2674  2674 I CountUpdate: createUpNotification
07-06 13:54:45.371  2674  2674 I CountUpdate: createUpNotification 0:05 Stopwatch
07-06 13:54:48.113   818  1271 I PhoneLab-: Service Running
07-06 13:54:48.203   818  1271 I PhoneLab-LoggerService: app_36    1275  818   1440   1004  c00f181c 400107b4 S logcat
07-06 13:54:48.203   818  1271 I PhoneLab-LoggerService: Logcat pid from database 1275
07-06 13:54:48.203   818  1271 I PhoneLab-LoggerService: Logcat process found 1275
07-06 13:54:48.203   818  1271 I PhoneLab-LoggerService: Checking Threshold
07-06 13:54:48.203   818  1271 I PhoneLab-LoggerService: Starting to rename files
07-06 13:54:48.203   818  1271 I PhoneLab-LoggerService: Files found .. 2
07-06 13:55:00.355  2674  2674 I Store   : restoreState
07-06 13:55:00.355  2674  2674 I Store   : CountUpTimer.start 17104357
07-06 13:55:00.355  2674  2674 I Store   : restore took total 1
07-06 13:55:00.355  2674  2674 I CountUpdate: createUpNotification
07-06 13:55:00.359  2674  2674 I CountUpdate: createUpNotification 0:06 Stopwatch
07-06 13:55:15.355  2674  2674 I Store   : restoreState
07-06 13:55:15.355  2674  2674 I Store   : CountUpTimer.start 17104357
07-06 13:55:15.355  2674  2674 I Store   : restore took total 0
07-06 13:55:15.359  2674  2674 I CountUpdate: createUpNotification
07-06 13:55:15.359  2674  2674 I CountUpdate: createUpNotification 0:06 Stopwatch
07-06 13:55:30.355  2674  2674 I Store   : restoreState
07-06 13:55:30.359  2674  2674 I Store   : CountUpTimer.start 17104357
07-06 13:55:30.359  2674  2674 I Store   : restore took total 2
07-06 13:55:30.359  2674  2674 I CountUpdate: createUpNotification
07-06 13:55:30.363  2674  2674 I CountUpdate: createUpNotification 0:06 Stopwatch
07-06 13:55:45.371  2674  2674 I Store   : restoreState
07-06 13:55:45.371  2674  2674 I Store   : CountUpTimer.start 17104357
07-06 13:55:45.371  2674  2674 I Store   : restore took total 1
07-06 13:55:45.371  2674  2674 I CountUpdate: createUpNotification
07-06 13:55:45.375  2674  2674 I CountUpdate: createUpNotification 0:06 Stopwatch
07-06 13:56:00.355  2674  2674 I Store   : restoreState
07-06 13:56:00.359  2674  2674 I Store   : CountUpTimer.start 17104357
07-06 13:56:00.359  2674  2674 I Store   : restore took total 1
07-06 13:56:00.359  2674  2674 I CountUpdate: createUpNotification
07-06 13:56:00.359  2674  2674 I CountUpdate: createUpNotification 0:07 Stopwatch
07-06 13:56:15.359  2674  2674 I Store   : restoreState
07-06 13:56:15.359  2674  2674 I Store   : CountUpTimer.start 17104357
07-06 13:56:15.359  2674  2674 I Store   : restore took total 1
07-06 13:56:15.359  2674  2674 I CountUpdate: createUpNotification
07-06 13:56:15.363  2674  2674 I CountUpdate: createUpNotification 0:07 Stopwatch
07-06 13:56:30.363  2674  2674 I Store   : restoreState
07-06 13:56:30.363  2674  2674 I Store   : CountUpTimer.start 17104357
07-06 13:56:30.363  2674  2674 I Store   : restore took total 1
07-06 13:56:30.363  2674  2674 I CountUpdate: createUpNotification
07-06 13:56:30.363  2674  2674 I CountUpdate: createUpNotification 0:07 Stopwatch
07-06 13:56:45.371  2674  2674 I Store   : restoreState
07-06 13:56:45.371  2674  2674 I Store   : CountUpTimer.start 17104357
07-06 13:56:45.371  2674  2674 I Store   : restore took total 1
07-06 13:56:45.371  2674  2674 I CountUpdate: createUpNotification
07-06 13:56:45.371  2674  2674 I CountUpdate: createUpNotification 0:07 Stopwatch
07-06 13:56:48.117   818  1271 I PhoneLab-: Service Running
07-06 13:56:48.183   818  1271 I PhoneLab-LoggerService: app_36    1275  818   1440   1004  c00f181c 400107b4 S logcat
07-06 13:56:48.183   818  1271 I PhoneLab-LoggerService: Logcat pid from database 1275
07-06 13:56:48.183   818  1271 I PhoneLab-LoggerService: Logcat process found 1275
07-06 13:56:48.183   818  1271 I PhoneLab-LoggerService: Checking Threshold
07-06 13:56:48.187   818  1271 I PhoneLab-LoggerService: Starting to rename files
07-06 13:56:48.187   818  1271 I PhoneLab-LoggerService: Files found .. 2
07-06 13:57:00.359  2674  2674 I Store   : restoreState
07-06 13:57:00.359  2674  2674 I Store   : CountUpTimer.start 17104357
07-06 13:57:00.359  2674  2674 I Store   : restore took total 1
07-06 13:57:00.359  2674  2674 I CountUpdate: createUpNotification
07-06 13:57:00.359  2674  2674 I CountUpdate: createUpNotification 0:08 Stopwatch
07-06 13:57:15.359  2674  2674 I Store   : restoreState
07-06 13:57:15.363  2674  2674 I Store   : CountUpTimer.start 17104357
07-06 13:57:15.363  2674  2674 I Store   : restore took total 1
07-06 13:57:15.363  2674  2674 I CountUpdate: createUpNotification
07-06 13:57:15.363  2674  2674 I CountUpdate: createUpNotification 0:08 Stopwatch
07-06 13:57:30.355  2674  2674 I Store   : restoreState
07-06 13:57:30.359  2674  2674 I Store   : CountUpTimer.start 17104357
07-06 13:57:30.359  2674  2674 I Store   : restore took total 2
07-06 13:57:30.359  2674  2674 I CountUpdate: createUpNotification
07-06 13:57:30.386  2674  2674 I CountUpdate: createUpNotification 0:08 Stopwatch
07-06 13:57:30.527  2674  2676 D dalvikvm: GC_CONCURRENT freed 319K, 5% free 9152K/9543K, paused 10ms+2ms
07-06 13:57:45.371  2674  2674 I Store   : restoreState
07-06 13:57:45.375  2674  2674 I Store   : CountUpTimer.start 17104357
07-06 13:57:45.375  2674  2674 I Store   : restore took total 2
07-06 13:57:45.375  2674  2674 I CountUpdate: createUpNotification
07-06 13:57:45.375  2674  2674 I CountUpdate: createUpNotification 0:08 Stopwatch
07-06 13:58:00.355  2674  2674 I Store   : restoreState
07-06 13:58:00.359  2674  2674 I Store   : CountUpTimer.start 17104357
07-06 13:58:00.359  2674  2674 I Store   : restore took total 1
07-06 13:58:00.359  2674  2674 I CountUpdate: createUpNotification
07-06 13:58:00.359  2674  2674 I CountUpdate: createUpNotification 0:09 Stopwatch
07-06 13:58:08.566  2649  2651 D dalvikvm: GC_CONCURRENT freed 418K, 6% free 9375K/9927K, paused 3ms+4ms
07-06 13:58:15.359  2674  2674 I Store   : restoreState
07-06 13:58:15.359  2674  2674 I Store   : CountUpTimer.start 17104357
07-06 13:58:15.359  2674  2674 I Store   : restore took total 0
07-06 13:58:15.359  2674  2674 I CountUpdate: createUpNotification
07-06 13:58:15.359  2674  2674 I CountUpdate: createUpNotification 0:09 Stopwatch
07-06 13:58:15.531   214   217 D dalvikvm: GC_CONCURRENT freed 423K, 6% free 10274K/10823K, paused 2ms+4ms
07-06 13:58:30.355  2674  2674 I Store   : restoreState
07-06 13:58:30.359  2674  2674 I Store   : CountUpTimer.start 17104357
07-06 13:58:30.359  2674  2674 I Store   : restore took total 2
07-06 13:58:30.359  2674  2674 I CountUpdate: createUpNotification
07-06 13:58:30.363  2674  2674 I CountUpdate: createUpNotification 0:09 Stopwatch
07-06 13:58:44.281  2649  2649 I StopWatch: Started count up - false
07-06 13:58:44.316    82   129 D AudioHardware: AudioHardware pcm playback is exiting standby.
07-06 13:58:44.316    82   129 D AudioHardware: openPcmOut_l() mPcmOpenCnt: 0
07-06 13:58:44.355   214   214 D dalvikvm: GC_FOR_ALLOC freed 366K, 9% free 9931K/10823K, paused 37ms
07-06 13:58:44.421   214   214 D dalvikvm: GC_FOR_ALLOC freed 186K, 9% free 9923K/10823K, paused 56ms
07-06 13:58:44.500   214   217 D dalvikvm: GC_CONCURRENT freed 349K, 8% free 10012K/10823K, paused 2ms+2ms
07-06 13:58:47.410    82   129 D AudioHardware: AudioHardware pcm playback is going to standby.
07-06 13:58:47.410    82   129 D AudioHardware: closePcmOut_l() mPcmOpenCnt: 1
07-06 13:58:48.113   818  1271 I PhoneLab-: Service Running
07-06 13:58:48.222   818  1271 I PhoneLab-LoggerService: app_36    1275  818   1440   1004  c00f181c 400107b4 S logcat
07-06 13:58:48.222   818  1271 I PhoneLab-LoggerService: Logcat pid from database 1275
07-06 13:58:48.222   818  1271 I PhoneLab-LoggerService: Logcat process found 1275
07-06 13:58:48.222   818  1271 I PhoneLab-LoggerService: Checking Threshold
07-06 13:58:48.222   818  1271 I PhoneLab-LoggerService: Starting to rename files
07-06 13:58:48.222   818  1271 I PhoneLab-LoggerService: Files found .. 2
07-06 13:58:48.242   818   820 D dalvikvm: GC_CONCURRENT freed 385K, 19% free 9114K/11143K, paused 2ms+2ms
07-06 13:58:51.601  2649  2649 I StopWatch: Reset - countUp true
07-06 13:58:51.609  2649  2649 I StopWatch: CountUp reset
07-06 13:58:51.621    82   129 D AudioHardware: AudioHardware pcm playback is exiting standby.
07-06 13:58:51.621    82   129 D AudioHardware: openPcmOut_l() mPcmOpenCnt: 0
