07-02 17:07:48.976   155   487 W InputManagerService: Window already focused, ignoring focus gain of: com.android.internal.view.IInputMethodClient$Stub$Proxy@415b79d0
07-02 17:07:48.984   390   390 D PhoneStatusBar: disable: < expand icons alerts ticker system_info back* home* recent clock* >
07-02 17:07:49.050  3551  3551 W IInputConnectionWrapper: showStatusIcon on inactive InputConnection
07-02 17:07:49.050   155   507 W InputManagerService: Starting input on non-focused client com.android.internal.view.IInputMethodClient$Stub$Proxy@41531cb0 (uid=10056 pid=3551)
07-02 17:07:52.121    83   131 D AudioHardware: AudioHardware pcm playback is going to standby.
07-02 17:07:52.121    83   131 D AudioHardware: closePcmOut_l() mPcmOpenCnt: 1
07-02 17:07:52.359   155   201 I power   : *** set_screen_state 0
07-02 17:07:52.418    80   123 D SurfaceFlinger: About to give-up screen, flinger = 0x1dbd918
07-02 17:07:52.496   155   205 V TransportControlView: Create TCV com.android.internal.widget.TransportControlView@418bc6b0
07-02 17:07:52.570   155   157 D dalvikvm: GC_CONCURRENT freed 891K, 25% free 16063K/21191K, paused 2ms+9ms
07-02 17:07:52.636   492  1582 D NfcService: NFC-C OFF, disconnect
07-02 17:07:52.648   589   589 D OpenGLRenderer: Flushing caches (mode 1)
07-02 17:07:52.648   390   390 D PhoneStatusBar: disable: < expand icons alerts ticker system_info back home RECENT* clock >
07-02 17:07:52.668    83   131 D AudioHardware: AudioHardware pcm playback is exiting standby.
07-02 17:07:52.668    83   131 D AudioHardware: openPcmOut_l() mPcmOpenCnt: 0
07-02 17:07:52.672   390   390 D PhoneStatusBar: disable: < expand icons alerts ticker system_info BACK* HOME* RECENT CLOCK* >
07-02 17:07:55.828    83   131 D AudioHardware: AudioHardware pcm playback is going to standby.
07-02 17:07:55.828    83   131 D AudioHardware: closePcmOut_l() mPcmOpenCnt: 1
07-02 17:15:23.441  1057  1057 I PhoneLab-Locks: wake lock acquired
07-02 17:15:23.468  1057  4029 I PhoneLab-PeriodicCheckService: User info is synched
07-02 17:15:23.480  1057  4029 I PhoneLab-PeriodicCheckService: Logger Service is running
07-02 17:15:23.496  1057  1057 I PhoneLab-Locks: wake lock acquired
07-02 17:15:23.507  1057  4029 I PhoneLab-Locks: wake lock acquired
07-02 17:15:23.507  1057  1057 I PhoneLab-StatusMonitor: Status Monitoring is started
07-02 17:15:23.511  1057  4029 I PhoneLab-PeriodicCheckService: Rescheduling periodic checking...
07-02 17:15:23.523  1057  4029 I PhoneLab-Locks: wake lock released
07-02 17:15:23.531  1057  1057 E PhoneLab-PhoneLabManifest: java.io.FileNotFoundException: /data/data/edu.buffalo.cse.phonelab.phonelabservices/files/manifest.xml: open failed: ENOENT (No such file or directory)
07-02 17:15:23.547  1057  1057 I PhoneLab-Locks: wake lock released
07-02 17:15:23.550  1057  1057 I PhoneLab-UploadLogs: Transfering log files now
07-02 17:15:23.609  1057  1059 D dalvikvm: GC_CONCURRENT freed 415K, 18% free 9211K/11143K, paused 2ms+2ms
07-02 17:15:23.636  1057  1059 D dalvikvm: GC_CONCURRENT freed 240K, 16% free 9430K/11143K, paused 2ms+2ms
07-02 17:15:23.640  1057  1057 I PhoneLab-UploadLogs: OnStartCommand
07-02 17:15:23.672  1057  1059 D dalvikvm: GC_CONCURRENT freed 304K, 14% free 9638K/11143K, paused 5ms+6ms
07-02 17:15:25.547  1057  4031 D dalvikvm: GC_FOR_ALLOC freed 302K, 14% free 9662K/11143K, paused 70ms
07-02 17:15:25.562  1057  4031 D dalvikvm: GC_FOR_ALLOC freed 301K, 14% free 9663K/11143K, paused 12ms
07-02 17:15:25.574  1057  4031 D dalvikvm: GC_FOR_ALLOC freed 301K, 14% free 9664K/11143K, paused 12ms
07-02 17:15:31.246  1057  1057 I PhoneLab-: 1341262219675.log is deleted
07-02 17:15:31.246  1057  1057 I PhoneLab-: Response: {"data": "done", "err": ""}
07-02 17:15:31.250  1057  1057 I PhoneLab-UploadLogs: No log files to transfer
07-02 17:15:31.250  1057  1057 I PhoneLab-Locks: wake lock released
07-02 17:16:56.043   155   172 I ActivityManager: Start proc com.google.android.talk for broadcast com.google.android.talk/.videochat.XmppReceiver: pid=4032 uid=10044 gids={3003, 1015, 1006, 3002}
07-02 17:16:56.293  4032  4032 I ActivityThread: Pub com.google.android.talk.SuggestionProvider: com.google.android.talk.SuggestionsProvider
07-02 17:16:56.461  4032  4032 D vclib:CallStateClient: startListening
07-02 17:16:56.531  4032  4035 D dalvikvm: GC_CONCURRENT freed 179K, 3% free 9357K/9607K, paused 23ms+3ms
07-02 17:17:02.043   471   471 D SAN_SERVICE: *******************************************
07-02 17:17:02.043   471   471 D SAN_SERVICE: DM App Phone Call State - 1
07-02 17:17:02.043   471   471 D SAN_SERVICE: *******************************************
07-02 17:17:02.043   471   471 D CallNotifier: RINGING... (new)
07-02 17:17:02.043   471   471 D CallNotifier: onNewRingingConnection(): state = RINGING, conn = {  incoming: true state: INCOMING post dial state: NOT_STARTED }
07-02 17:17:02.074   471  4053 D CallNotifier: SignalInfoTonePlayer.run(toneId = 98)...
07-02 17:17:02.121    83   131 D AudioHardware: AudioStreamOutALSA::setParameters() routing=1
07-02 17:17:02.132    83   131 D AudioHardware: AudioHardware pcm playback is exiting standby.
07-02 17:17:02.132    83   131 D AudioHardware: openPcmOut_l() mPcmOpenCnt: 0
07-02 17:17:02.168   471   471 D Bluetooth HS/HF: CDMA call state: IDLE prev state:IDLE
07-02 17:17:02.171   390   390 D PhoneStatusBar: disable: < expand icons ALERTS* ticker system_info BACK HOME RECENT CLOCK >
07-02 17:17:02.175   471   471 D AccelerometerListener: enable(false)
07-02 17:17:02.222   155  4055 I AudioService:  AudioFocus  abandonAudioFocus() from android.media.AudioManager@4136ef60
07-02 17:17:02.316   471   471 D CallNotifier: showIncomingCall()...  phone state = RINGING
07-02 17:17:02.324   155   155 I power   : *** set_screen_state 0
07-02 17:17:02.355   155   205 I WindowManager: Lock screen displayed!
07-02 17:17:02.527   390   390 D PhoneStatusBar: Notification has fullScreenIntent; sending fullScreenIntent
07-02 17:17:02.527   155   647 I ActivityManager: START {act=android.intent.action.MAIN flg=0x10840000 cmp=com.android.phone/.InCallScreen} from pid -1
07-02 17:17:02.578   471   471 D InCallScreen: onNewIntent: intent = Intent { act=android.intent.action.MAIN flg=0x10c40000 cmp=com.android.phone/.InCallScreen }, phone state = RINGING
07-02 17:17:02.648  2790  2801 D dalvikvm: GC_EXPLICIT freed 330K, 7% free 9330K/9991K, paused 33ms+32ms
07-02 17:17:02.664   390   390 D PhoneStatusBar: disable: < EXPAND* icons ALERTS ticker system_info BACK HOME RECENT CLOCK >
07-02 17:17:02.679   155   485 I power   : *** set_screen_state 1
07-02 17:17:02.796    83   132 D AudioHardwareInterface: setMode(RINGTONE)
07-02 17:17:02.800   155   649 I AudioService:  AudioFocus  requestAudioFocus() from AudioFocus_For_Phone_Ring_And_Calls
07-02 17:17:02.808    83   131 D AudioHardware: AudioStreamOutALSA::setParameters() routing=2
07-02 17:17:02.808    83   131 D AudioHardware: AudioHardware pcm playback is going to standby.
07-02 17:17:02.808    83   131 D AudioHardware: closePcmOut_l() mPcmOpenCnt: 1
07-02 17:17:02.808    83   131 D AudioHardware: AudioHardware pcm playback is exiting standby.
07-02 17:17:02.808    83   131 D AudioHardware: openPcmOut_l() mPcmOpenCnt: 0
07-02 17:17:02.824   390   392 D dalvikvm: GC_CONCURRENT freed 269K, 16% free 10384K/12295K, paused 4ms+9ms
07-02 17:17:02.847  1464  1464 D OpenGLRenderer: Flushing caches (mode 1)
07-02 17:17:02.855   155   507 I ActivityManager: Process com.google.android.gallery3d (pid 3662) has died.
07-02 17:17:02.875    80   123 D SurfaceFlinger: Screen about to return, flinger = 0x1dbd918
