07-09 21:54:05.589   144   200 E ConnectivityService: Exception trying to remove a route: java.lang.IllegalStateException: Unable to communicate with native dameon to add routes - com.android.server.NativeDaemonConnectorException: Cmd {interface route remove wlan0 default 192.168.1.1 32 0.0.0.0} failed with code 400 : {Failed to remove route from default table (No such process)}
07-09 21:54:05.589   144   200 E ConnectivityService: Exception trying to remove a route: java.lang.IllegalStateException: Unable to communicate with native dameon to add routes - com.android.server.NativeDaemonConnectorException: Cmd {interface route remove wlan0 default 0.0.0.0 0 192.168.1.1} failed with code 400 : {Failed to remove route from default table (No such process)}
07-09 21:54:05.589   144   200 D ConnectivityService: resetConnections(wlan0, 3)
07-09 21:54:06.746   285   285 I wpa_supplicant: wlan0: Trying to associate with 00:14:d1:c4:4d:13 (SSID='linksys' freq=2437 MHz)
07-09 21:54:06.808   285   285 I wpa_supplicant: wlan0: Associated with 00:14:d1:c4:4d:13
07-09 21:54:06.820   285   285 I wpa_supplicant: wlan0: WPA: Key negotiation completed with 00:14:d1:c4:4d:13 [PTK=CCMP GTK=TKIP]
07-09 21:54:06.820   285   285 I wpa_supplicant: wlan0: CTRL-EVENT-CONNECTED - Connection to 00:14:d1:c4:4d:13 completed (reauth) [id=1 id_str=]
07-09 21:54:07.453   144   198 D DhcpInfoInternal: makeLinkProperties with empty dns2!
07-09 21:54:07.457   144   198 D DhcpInfoInternal: makeLinkProperties with empty dns2!
07-09 21:54:07.468   144   200 D ConnectivityService: ConnectivityChange for WIFI: CONNECTED/CONNECTED
07-09 21:54:07.492   482   482 I PhoneLab-WiFiReceiver: Wi-Fi is connected!
07-09 21:54:07.492   482   482 I PhoneLab-WiFiReceiver: SSID: linksys BSSID: 00:14:d1:c4:4d:13 RSSI: -200 LinkSpeed: -1
07-09 21:54:07.492   482   482 I PhoneLab-Locks: wake lock acquired
07-09 21:54:07.496   482   482 I PhoneLab-UploadLogs: Transfering log files now
07-09 21:54:07.496   482   482 I PhoneLab-UploadLogs: No log files to transfer
07-09 21:54:07.496   482   482 I PhoneLab-Locks: wake lock released
07-09 21:54:07.500   482   482 I PhoneLab-UploadLogs: OnStartCommand
07-09 21:54:07.507   144   195 W NetworkStats: dropping UID delta from unknown iface: iface=wlan0 uid=0 set=DEFAULT tag=0x0 rxBytes=328 rxPackets=1 txBytes=140 txPackets=2 operations=0
07-09 21:54:07.519   144   200 D ConnectivityService: handleInetConditionHoldEnd: net=1, condition=0, published condition=0
07-09 21:54:07.519   144   200 D ConnectivityService: handleInetConditionHoldEnd: event hold for obsolete network - ignoring
07-09 21:54:08.472   144   200 D ConnectivityService: NetTransition Wakelock for WifiStateMachine released by timeout
07-09 21:54:08.703   144   204 D Tethering: MasterInitialState.processMessage what=3
07-09 21:54:08.730   275   275 I GTalkService/c: [AndroidEndpoint@1094468456] connect: acct=1000000, state=CONNECTING
07-09 21:54:08.773  1047  1047 I MediaUploader: No need to wake up
07-09 21:54:08.777   482   482 I PhoneLab-WiFiReceiver: Wi-Fi is disconnected!
07-09 21:54:08.781  1161  1161 I NetworkMonitor: Network changed: type(1) name(WIFI) isConnected : false noData: true bitrate:512
07-09 21:54:08.781  1029  1043 D PicasaSyncManager: active network: NetworkInfo: type: WIFI[], state: CONNECTED/CONNECTED, reason: (unspecified), extra: (none), roaming: false, failover: false, isAvailable: true
07-09 21:54:08.781  1161  1192 I NetworkMonitor: Connectivity status changed to (NOT CONNECTED) wifi: false mobile: falseethernet: false
07-09 21:54:08.785  1029  1043 D PicasaSyncManager: background data: true
07-09 21:54:08.808  1063  1063 W ContextScopeImpl: thread=1 tried to enter the scope of the application context. Ignored.
07-09 21:54:08.824  1161  1192 I MusicRingtones: Predictive scheduler turned off
07-09 21:54:08.847  1161  1192 I KeepOnScheduler: Predictive scheduler turned off
07-09 21:54:10.539   144   204 D Tethering: MasterInitialState.processMessage what=3
07-09 21:54:10.617  1047  1047 I MediaUploader: No need to wake up
07-09 21:54:10.632  1063  1063 W ContextScopeImpl: thread=1 tried to enter the scope of the application context. Ignored.
07-09 21:54:10.711  1161  1161 I NetworkMonitor: Network changed: type(1) name(WIFI) isConnected : true noData: false bitrate:96
07-09 21:54:10.711  1029  1043 D PicasaSyncManager: active network: NetworkInfo: type: WIFI[], state: CONNECTED/CONNECTED, reason: (unspecified), extra: (none), roaming: false, failover: false, isAvailable: true
07-09 21:54:10.711  1029  1043 D PicasaSyncManager: background data: true
07-09 21:54:10.711  1161  1192 I NetworkMonitor: Connectivity status changed to (CONNTECTED) wifi: true mobile: falseethernet: false
07-09 21:54:10.734  1161  1192 I MusicRingtones: Predictive scheduler turned on
07-09 21:54:10.761  1161  1192 I KeepOnScheduler: Not doing predictive downloading because KeepOnScheduler is disabled
07-09 21:54:10.761  1161  1192 I MusicDL : The download queue is empty.
07-09 21:54:10.765  1161  1192 I KeepOnScheduler: Predictive scheduler turned on
07-09 21:54:10.773  1161  1192 I MusicDL : The download queue is empty.
07-09 21:54:10.843   144   155 D dalvikvm: GC_EXPLICIT freed 1157K, 14% free 14449K/16711K, paused 3ms+6ms
07-09 21:54:11.019  1161  1293 D dalvikvm: GC_EXPLICIT freed 235K, 11% free 10357K/11591K, paused 2ms+4ms
07-09 21:54:11.078   275   278 D dalvikvm: GC_CONCURRENT freed 427K, 5% free 10161K/10695K, paused 2ms+3ms
07-09 21:54:12.379  1161  2604 V MusicSyncAdapter: Commencing sync for geoffrey.challen@gmail.com; com.google
07-09 21:54:12.445   275   290 D dalvikvm: GC_EXPLICIT freed 175K, 6% free 10138K/10695K, paused 21ms+4ms
07-09 21:54:12.457  1161  2604 V MusicSyncAdapter: Downstream loop 1
07-09 21:54:12.949   144   200 D ConnectivityService: handleInetConditionHoldEnd: net=1, condition=100, published condition=0
07-09 21:54:15.379  1161  1163 D dalvikvm: GC_CONCURRENT freed 386K, 11% free 10362K/11591K, paused 2ms+4ms
07-09 21:54:16.269  1161  1163 D dalvikvm: GC_CONCURRENT freed 221K, 9% free 10652K/11591K, paused 2ms+3ms
07-09 21:54:16.402  1161  1163 D dalvikvm: GC_CONCURRENT freed 244K, 6% free 10924K/11591K, paused 2ms+5ms
07-09 21:54:16.425  1161  2604 V MusicSyncAdapter: Waiting on downstream reader thread to finish...
07-09 21:54:16.629  1161  1163 D dalvikvm: GC_CONCURRENT freed 776K, 8% free 10726K/11591K, paused 2ms+3ms
07-09 21:54:17.125  1161  1163 D dalvikvm: GC_CONCURRENT freed 498K, 8% free 10771K/11591K, paused 1ms+4ms
07-09 21:54:17.187  1161  2604 V MusicSyncAdapter: Waiting on downstream merger thread to finish merging...
07-09 21:54:17.297  1161  1163 D dalvikvm: GC_CONCURRENT freed 557K, 8% free 10703K/11591K, paused 1ms+4ms
07-09 21:54:17.687  1161  2604 V MusicSyncAdapter: Downstream sync complete.
07-09 21:54:17.687  1161  2604 V MusicSyncAdapter: Commencing upstream sync.
07-09 21:54:17.699  1161  2604 V MusicSyncAdapter: Waiting on upstream reader thread to finish...
07-09 21:54:17.839  1161  1163 D dalvikvm: GC_CONCURRENT freed 820K, 11% free 10327K/11591K, paused 2ms+3ms
07-09 21:54:18.004  1161  2604 V MusicSyncAdapter: Waiting on upstream merger thread to finish merging...
07-09 21:54:18.004  1161  2604 V MusicSyncAdapter: Upstream sync done.
07-09 21:54:18.023  1161  2605 I KeepOnUpdater: Updating SHOULDKEEPON
07-09 21:54:18.035  1161  2605 I KeepOnUpdater: Update of SHOULDKEEPON complete
07-09 21:54:18.156  1161  1163 D dalvikvm: GC_CONCURRENT freed 318K, 11% free 10417K/11591K, paused 2ms+2ms
07-09 21:54:18.191  1161  1192 I MusicDL : The download queue is empty.
07-09 21:54:27.754  1161  1163 D dalvikvm: GC_CONCURRENT freed 423K, 11% free 10389K/11591K, paused 14ms+3ms
07-09 21:54:43.035   144   200 D NetUtils: android_net_utils_resetConnections in env=0x7913f0 clazz=0x86700001 iface=rmnet0 mask=0x3
07-09 21:54:43.035   144   200 D ConnectivityService: ConnectivityChange for mobile: DISCONNECTED/DISCONNECTED
07-09 21:54:43.035   144   200 D ConnectivityService: Attempting to switch to WIFI
07-09 21:54:43.035   144   200 D ConnectivityService: Attempting to switch to WIMAX
07-09 21:54:43.035   144   200 D ConnectivityService: Attempting to switch to BLUETOOTH_TETHER
07-09 21:54:43.035   144   200 D ConnectivityService: resetConnections(rmnet0, 3)
07-09 21:54:43.222   358   361 D dalvikvm: GC_CONCURRENT freed 382K, 7% free 9481K/10119K, paused 2ms+6ms
07-09 21:54:45.375   144   155 W ActivityManager: finishReceiver called but no pending broadcasts
07-09 21:54:45.437  2405  2408 D dalvikvm: GC_CONCURRENT freed 521K, 6% free 10193K/10823K, paused 2ms+3ms
07-09 21:54:45.531  1161  1163 D dalvikvm: GC_CONCURRENT freed 446K, 11% free 10329K/11591K, paused 2ms+3ms
07-09 21:54:46.070   144   204 D Tethering: MasterInitialState.processMessage what=3
07-09 21:54:46.136   144   204 D Tethering: MasterInitialState.processMessage what=3
07-09 21:54:46.175  1047  1047 I MediaUploader: No need to wake up
07-09 21:54:46.195  1063  1063 W ContextScopeImpl: thread=1 tried to enter the scope of the application context. Ignored.
07-09 21:54:46.254  1047  1047 I MediaUploader: No need to wake up
07-09 21:54:46.273  1063  1063 W ContextScopeImpl: thread=1 tried to enter the scope of the application context. Ignored.
07-09 21:54:46.297  1161  1161 I NetworkMonitor: Network changed: type(0) name(mobile) isConnected : false noData: false bitrate:512
07-09 21:54:46.300  1029  1043 D PicasaSyncManager: active network: NetworkInfo: type: WIFI[], state: CONNECTED/CONNECTED, reason: (unspecified), extra: (none), roaming: false, failover: false, isAvailable: true
07-09 21:54:46.300  1161  1161 I NetworkMonitor: Network changed: type(1) name(WIFI) isConnected : true noData: false bitrate:192
07-09 21:54:46.300  1029  1043 D PicasaSyncManager: background data: true
07-09 21:54:46.320  1029  1043 D PicasaSyncManager: active network: NetworkInfo: type: WIFI[], state: CONNECTED/CONNECTED, reason: (unspecified), extra: (none), roaming: false, failover: false, isAvailable: true
07-09 21:54:46.324  1029  1043 D PicasaSyncManager: background data: true
07-09 21:54:46.347  1096  1099 D dalvikvm: GC_CONCURRENT freed 395K, 6% free 10778K/11399K, paused 2ms+3ms
07-09 21:54:46.648   144   200 D ConnectivityService: handleInetConditionHoldEnd: net=1, condition=100, published condition=100
07-09 21:54:47.418   144   200 D ConnectivityService: ConnectivityChange for mobile: CONNECTED/CONNECTED
07-09 21:54:47.445   144   200 D NetUtils: android_net_utils_resetConnections in env=0x7913f0 clazz=0x92a00001 iface=rmnet0 mask=0x3
07-09 21:54:47.445   144   200 D ConnectivityService: ConnectivityChange for mobile: DISCONNECTED/DISCONNECTED
07-09 21:54:47.445   144   200 D ConnectivityService: Attempting to switch to WIFI
07-09 21:54:47.445   144   200 D ConnectivityService: Attempting to switch to WIMAX
07-09 21:54:47.445   144   200 D ConnectivityService: Attempting to switch to BLUETOOTH_TETHER
07-09 21:54:47.445   144   200 D ConnectivityService: resetConnections(rmnet0, 3)
07-09 21:54:47.609   144   146 D dalvikvm: GC_CONCURRENT freed 1330K, 14% free 14478K/16711K, paused 2ms+6ms
07-09 21:54:47.953   482  1284 I PhoneLab-: Service Running
07-09 21:54:48.023   482  1284 I PhoneLab-LoggerService: app_36    1287  482   1444   1072  c00f181c 400107b4 S logcat
07-09 21:54:48.023   482  1284 I PhoneLab-LoggerService: Logcat pid from database 1287
07-09 21:54:48.023   482  1284 I PhoneLab-LoggerService: Logcat process found 1287
07-09 21:54:48.023   482  1284 I PhoneLab-LoggerService: Checking Threshold
07-09 21:54:48.023   482  1284 I PhoneLab-: Service Running
07-09 21:54:48.050   482  1284 I PhoneLab-LoggerService: app_36    1287  482   1444   1072  c00f181c 400107b4 S logcat
07-09 21:54:48.050   482  1284 I PhoneLab-LoggerService: Logcat pid from database 1287
07-09 21:54:48.050   482  1284 I PhoneLab-LoggerService: Logcat process found 1287
07-09 21:54:48.050   482  1284 I PhoneLab-LoggerService: Checking Threshold
07-09 21:54:48.050   482  1284 I PhoneLab-: Service Running
07-09 21:54:48.078   482  1284 I PhoneLab-LoggerService: app_36    1287  482   1444   1072  c00f181c 400107b4 S logcat
07-09 21:54:48.078   482  1284 I PhoneLab-LoggerService: Logcat pid from database 1287
07-09 21:54:48.078   482  1284 I PhoneLab-LoggerService: Logcat process found 1287
07-09 21:54:48.078   482  1284 I PhoneLab-LoggerService: Checking Threshold
07-09 21:54:48.082   482  1284 I PhoneLab-: Service Running
07-09 21:54:48.140   482  1284 I PhoneLab-LoggerService: app_36    1287  482   1444   1072  c00f181c 400107b4 S logcat
07-09 21:54:48.140   482  1284 I PhoneLab-LoggerService: Logcat pid from database 1287
07-09 21:54:48.140   482  1284 I PhoneLab-LoggerService: Logcat process found 1287
07-09 21:54:48.140   482  1284 I PhoneLab-LoggerService: Checking Threshold
07-09 21:54:48.140   482  1284 I PhoneLab-: Service Running
07-09 21:54:48.168   482  1284 I PhoneLab-LoggerService: app_36    1287  482   1444   1072  c00f181c 400107b4 S logcat
07-09 21:54:48.168   482  1284 I PhoneLab-LoggerService: Logcat pid from database 1287
07-09 21:54:48.168   482  1284 I PhoneLab-LoggerService: Logcat process found 1287
07-09 21:54:48.168   482  1284 I PhoneLab-LoggerService: Checking Threshold
07-09 21:54:48.168   482  1284 I PhoneLab-: Service Running
07-09 21:54:48.195   482  1284 I PhoneLab-LoggerService: app_36    1287  482   1444   1072  c00f181c 400107b4 S logcat
07-09 21:54:48.195   482  1284 I PhoneLab-LoggerService: Logcat pid from database 1287
07-09 21:54:48.195   482  1284 I PhoneLab-LoggerService: Logcat process found 1287
07-09 21:54:48.195   482  1284 I PhoneLab-LoggerService: Checking Threshold
07-09 21:54:52.808   144   204 D Tethering: MasterInitialState.processMessage what=3
07-09 21:54:52.859  1161  1161 I NetworkMonitor: Network changed: type(0) name(mobile) isConnected : false noData: false bitrate:512
07-09 21:54:52.859  1161  1192 I KeepOnScheduler: Predictive scheduler turned off
07-09 21:54:52.863   144   204 D Tethering: MasterInitialState.processMessage what=3
07-09 21:54:52.890  1029  1043 D PicasaSyncManager: active network: NetworkInfo: type: WIFI[], state: CONNECTED/CONNECTED, reason: (unspecified), extra: (none), roaming: false, failover: false, isAvailable: true
07-09 21:54:52.914  1047  1047 I MediaUploader: No need to wake up
07-09 21:54:52.933  1063  1063 W ContextScopeImpl: thread=1 tried to enter the scope of the application context. Ignored.
07-09 21:54:52.964  1161  1161 I NetworkMonitor: Network changed: type(1) name(WIFI) isConnected : true noData: false bitrate:192
07-09 21:54:52.976  1029  1043 D PicasaSyncManager: background data: true
07-09 21:54:52.992  1047  1047 I MediaUploader: No need to wake up
07-09 21:54:53.004  1029  1043 D PicasaSyncManager: active network: NetworkInfo: type: WIFI[], state: CONNECTED/CONNECTED, reason: (unspecified), extra: (none), roaming: false, failover: false, isAvailable: true
07-09 21:54:53.004  1029  1043 D PicasaSyncManager: background data: true
07-09 21:54:53.019  1063  1063 W ContextScopeImpl: thread=1 tried to enter the scope of the application context. Ignored.
07-09 21:54:53.058   482   484 D dalvikvm: GC_CONCURRENT freed 435K, 19% free 9129K/11143K, paused 2ms+2ms
07-09 21:54:53.078  1161  1192 I KeepOnScheduler: Predictive scheduler turned on
07-09 21:54:53.097  1161  1192 I MusicDL : The download queue is empty.
07-09 21:54:53.390   144   200 D ConnectivityService: handleInetConditionHoldEnd: net=1, condition=100, published condition=100
07-09 21:55:13.945   482   482 I PhoneLab-Locks: wake lock acquired
07-09 21:55:13.976   144   344 D AlarmManagerService: Kernel timezone updated to 240 minutes west of GMT
07-09 21:55:13.980   358   358 D SystemClock: Setting time of day to sec=1341885313
07-09 21:55:13.075   482  2640 I PhoneLab-PeriodicCheckService: User info is synched
07-09 21:55:13.075  1720  1746 V AlarmClock: AlarmInitReceiver finished
07-09 21:55:13.079   482  2640 I PhoneLab-PeriodicCheckService: Logger Service is running
07-09 21:55:13.087   482   482 I PhoneLab-Locks: wake lock acquired
07-09 21:55:13.091   482   482 I PhoneLab-StatusMonitor: Status Monitoring is started
07-09 21:55:13.094   482   482 E PhoneLab-PhoneLabManifest: java.io.FileNotFoundException: /data/data/edu.buffalo.cse.phonelab.phonelabservices/files/manifest.xml: open failed: ENOENT (No such file or directory)
07-09 21:55:13.094   482   482 I PhoneLab-Locks: wake lock released
07-09 21:55:13.094   482  2640 I PhoneLab-Locks: wake lock acquired
07-09 21:55:13.098   482   482 I PhoneLab-UploadLogs: Transfering log files now
07-09 21:55:13.098   482   482 I PhoneLab-UploadLogs: No log files to transfer
07-09 21:55:13.098   482   482 I PhoneLab-Locks: wake lock released
07-09 21:55:13.098   482  2640 I PhoneLab-PeriodicCheckService: Rescheduling periodic checking...
07-09 21:55:13.098   482   482 I PhoneLab-UploadLogs: OnStartCommand
07-09 21:55:13.102   482  2640 I PhoneLab-Locks: wake lock released
07-09 21:55:18.183  1733  1735 D dalvikvm: GC_CONCURRENT freed 359K, 5% free 9267K/9735K, paused 1ms+6ms
07-09 21:57:18.027   285   285 I wpa_supplicant: wlan0: WPA: Group rekeying completed with 00:14:d1:c4:4d:13 [GTK=TKIP]
07-09 21:57:48.015  2405  2408 D dalvikvm: GC_CONCURRENT freed 487K, 7% free 10090K/10823K, paused 2ms+2ms
07-09 21:57:48.214   144   844 W ActivityManager: finishReceiver called but no pending broadcasts
07-09 21:58:11.070  2405  2408 D dalvikvm: GC_CONCURRENT freed 425K, 7% free 10155K/10823K, paused 1ms+3ms
07-09 22:00:40.058   144   175 I power   : *** set_screen_state 1
07-09 22:00:40.101   144   175 I WindowManager: Lock screen displayed!
07-09 22:00:40.261    78   121 D SurfaceFlinger: Screen about to return, flinger = 0x1e16918
07-09 22:00:41.148   371  1474 D NfcService: NFC-C ON
07-09 22:00:41.148   214   214 D PhoneStatusBar: disable: < expand icons alerts ticker system_info BACK HOME recent* CLOCK >
07-09 22:00:41.171   214   214 D PhoneStatusBar: disable: < expand icons alerts ticker system_info back* home* recent clock* >
07-09 22:00:41.214   144   379 W InputManagerService: Window already focused, ignoring focus gain of: com.android.internal.view.IInputMethodClient$Stub$Proxy@416e85c0
07-09 22:00:42.711   144   308 I ActivityManager: START {act=android.intent.action.MAIN cat=[android.intent.category.LAUNCHER] flg=0x10000000 pkg=com.google.android.gm cmp=com.google.android.gm/.ConversationListActivityGmail bnds=[96,706][192,802]} from pid 390
07-09 22:00:42.722   390   393 D dalvikvm: GC_CONCURRENT freed 606K, 9% free 10882K/11847K, paused 18ms+3ms
07-09 22:00:42.746    81   128 D AudioHardware: AudioHardware pcm playback is exiting standby.
07-09 22:00:42.746    81   128 D AudioHardware: openPcmOut_l() mPcmOpenCnt: 0
07-09 22:00:42.863   390   390 D OpenGLRenderer: Flushing caches (mode 1)
07-09 22:00:43.164   144   366 D dalvikvm: GC_EXPLICIT freed 1183K, 14% free 14453K/16711K, paused 3ms+10ms
07-09 22:00:43.269   144   160 I Process : Sending signal. PID: 929 SIG: 3
07-09 22:00:43.269   929   934 I dalvikvm: threadid=3: reacting to signal 3
07-09 22:00:43.336   929   934 I dalvikvm: Wrote stack traces to '/data/anr/traces.txt'
07-09 22:00:43.402   144   174 I ActivityManager: Displayed com.google.android.gm/.ConversationListActivityGmail: +646ms
07-09 22:00:43.425   390   390 D OpenGLRenderer: Flushing caches (mode 0)
07-09 22:00:45.843    81   128 D AudioHardware: AudioHardware pcm playback is going to standby.
07-09 22:00:45.843    81   128 D AudioHardware: closePcmOut_l() mPcmOpenCnt: 1
07-09 22:00:46.101    81   128 D AudioHardware: AudioHardware pcm playback is exiting standby.
07-09 22:00:46.101    81   128 D AudioHardware: openPcmOut_l() mPcmOpenCnt: 0
07-09 22:00:46.312   929   931 D dalvikvm: GC_CONCURRENT freed 395K, 24% free 11428K/14983K, paused 5ms+14ms
07-09 22:00:47.574   144   308 D AlarmManagerService: Kernel timezone updated to 240 minutes west of GMT
07-09 22:00:47.711   482  1284 I PhoneLab-: Service Running
07-09 22:00:47.886   482  1284 I PhoneLab-LoggerService: app_36    1287  482   1444   1072  c00f181c 400107b4 S logcat
07-09 22:00:47.886   482  1284 I PhoneLab-LoggerService: Logcat pid from database 1287
07-09 22:00:47.890   482  1284 I PhoneLab-LoggerService: Logcat process found 1287
07-09 22:00:47.890   482  1284 I PhoneLab-LoggerService: Checking Threshold
07-09 22:00:47.890   482  1284 I PhoneLab-: Service Running
07-09 22:00:47.953   482  1284 I PhoneLab-LoggerService: app_36    1287  482   1444   1072  c00f181c 400107b4 S logcat
07-09 22:00:47.953   482  1284 I PhoneLab-LoggerService: Logcat pid from database 1287
07-09 22:00:47.953   482  1284 I PhoneLab-LoggerService: Logcat process found 1287
07-09 22:00:47.953   482  1284 I PhoneLab-LoggerService: Checking Threshold
07-09 22:00:47.957   482  1284 I PhoneLab-: Service Running
07-09 22:00:48.019   482  1284 I PhoneLab-LoggerService: app_36    1287  482   1444   1072  c00f181c 400107b4 S logcat
07-09 22:00:48.019   482  1284 I PhoneLab-LoggerService: Logcat pid from database 1287
07-09 22:00:48.019   482  1284 I PhoneLab-LoggerService: Logcat process found 1287
07-09 22:00:48.019   482  1284 I PhoneLab-LoggerService: Checking Threshold
07-09 22:00:50.773    81   128 D AudioHardware: AudioHardware pcm playback is going to standby.
07-09 22:00:50.773    81   128 D AudioHardware: closePcmOut_l() mPcmOpenCnt: 1
07-09 22:00:52.613    81   128 D AudioHardware: AudioHardware pcm playback is exiting standby.
07-09 22:00:52.613    81   128 D AudioHardware: openPcmOut_l() mPcmOpenCnt: 0
07-09 22:00:52.796   929   931 D dalvikvm: GC_CONCURRENT freed 593K, 23% free 11565K/14983K, paused 39ms+7ms
07-09 22:00:56.816   929   931 D dalvikvm: GC_CONCURRENT freed 649K, 22% free 11703K/14983K, paused 6ms+7ms
07-09 22:00:57.242   929   937 I dalvikvm: Jit: resizing JitTable from 8192 to 16384
07-09 22:01:00.601    81   128 D AudioHardware: AudioHardware pcm playback is going to standby.
07-09 22:01:00.601    81   128 D AudioHardware: closePcmOut_l() mPcmOpenCnt: 1
07-09 22:01:00.894    81   128 D AudioHardware: AudioHardware pcm playback is exiting standby.
07-09 22:01:00.898    81   128 D AudioHardware: openPcmOut_l() mPcmOpenCnt: 0
07-09 22:01:01.136   929   931 D dalvikvm: GC_CONCURRENT freed 808K, 22% free 11689K/14983K, paused 2ms+10ms
07-09 22:01:03.804   929  2660 I Gmail   : MainSyncRequestProto: lowestBkwdConvoId: 0, highestHandledServerOp: 1873527, normalSync: true
07-09 22:01:03.808   929  2660 I Gmail   : lowestBackward conversation id 0
07-09 22:01:03.832   929  2660 W Gmail   : Scheduling index for 300000 ms from now
07-09 22:01:04.289   929   931 D dalvikvm: GC_CONCURRENT freed 785K, 22% free 11780K/14983K, paused 11ms+5ms
07-09 22:01:04.332   929  2662 I Gmail   : MainSyncRequestProto: lowestBkwdConvoId: 0, highestHandledServerOp: 1873527, normalSync: true
07-09 22:01:04.332   929  2662 I Gmail   : lowestBackward conversation id 0
07-09 22:01:04.351   929  2662 W Gmail   : Scheduling index for 300000 ms from now
07-09 22:01:06.726    81   128 D AudioHardware: AudioHardware pcm playback is going to standby.
07-09 22:01:06.726    81   128 D AudioHardware: closePcmOut_l() mPcmOpenCnt: 1
07-09 22:01:07.632   929   931 D dalvikvm: GC_CONCURRENT freed 809K, 22% free 11772K/14983K, paused 10ms+4ms
07-09 22:01:10.269   144   179 I ActivityManager: START {act=android.intent.action.MAIN cat=[android.intent.category.HOME] flg=0x10200000 cmp=com.android.launcher/com.android.launcher2.Launcher} from pid 144
07-09 22:01:10.437   929   929 D OpenGLRenderer: Flushing caches (mode 0)
07-09 22:01:10.472   144   427 W InputManagerService: Starting input on non-focused client com.android.internal.view.IInputMethodClient$Stub$Proxy@41863358 (uid=10058 pid=929)
07-09 22:01:10.480   929   929 D OpenGLRenderer: Flushing caches (mode 1)
07-09 22:01:12.949   482  1284 I PhoneLab-: Service Running
07-09 22:01:13.046   482  1284 I PhoneLab-LoggerService: app_36    1287  482   1444   1072  c00f181c 400107b4 S logcat
07-09 22:01:13.046   482  1284 I PhoneLab-LoggerService: Logcat pid from database 1287
07-09 22:01:13.046   482  1284 I PhoneLab-LoggerService: Logcat process found 1287
07-09 22:01:13.046   482  1284 I PhoneLab-LoggerService: Checking Threshold
07-09 22:02:10.613   144   171 I power   : *** set_screen_state 0
07-09 22:02:10.683    78   121 D SurfaceFlinger: About to give-up screen, flinger = 0x1e16918
07-09 22:02:10.746   371  1508 D NfcService: NFC-C OFF, disconnect
07-09 22:02:15.777   144   175 D dalvikvm: GC_FOR_ALLOC freed 1295K, 17% free 13953K/16711K, paused 54ms
07-09 22:02:15.800   144   175 V TransportControlView: Create TCV com.android.internal.widget.TransportControlView@41844ce0
07-09 22:02:15.839   214   214 D PhoneStatusBar: disable: < expand icons alerts ticker system_info back home RECENT* clock >
07-09 22:02:15.855   214   214 D PhoneStatusBar: disable: < expand icons alerts ticker system_info BACK* HOME* RECENT CLOCK* >
07-09 22:02:16.414   144   427 W ActivityManager: finishReceiver called but no pending broadcasts
07-09 22:02:16.511  2405  2408 D dalvikvm: GC_CONCURRENT freed 497K, 7% free 10170K/10823K, paused 2ms+3ms
07-09 22:02:28.035   285   285 I wpa_supplicant: wlan0: WPA: Group rekeying completed with 00:14:d1:c4:4d:13 [GTK=TKIP]
07-09 22:05:20.687   144   844 W ActivityManager: finishReceiver called but no pending broadcasts
07-09 22:05:20.757  2405  2408 D dalvikvm: GC_CONCURRENT freed 512K, 7% free 10169K/10823K, paused 2ms+2ms
07-09 22:05:30.277   275  1283 I EventLogService: Aggregate from 1341884130032 (log), 1341884130032 (data)
07-09 22:07:42.035   285   285 I wpa_supplicant: wlan0: WPA: Group rekeying completed with 00:14:d1:c4:4d:13 [GTK=TKIP]
07-09 22:08:24.507   144   844 W ActivityManager: finishReceiver called but no pending broadcasts
07-09 22:08:24.578  2405  2408 D dalvikvm: GC_CONCURRENT freed 516K, 7% free 10165K/10823K, paused 2ms+2ms
07-09 22:09:21.148   144   146 D dalvikvm: GC_CONCURRENT freed 632K, 13% free 14543K/16711K, paused 2ms+6ms
07-09 22:09:21.527   929  2676 W Gmail   : Successful index run, cancel next scheduled index run
07-09 22:11:28.714   144   379 W ActivityManager: finishReceiver called but no pending broadcasts
07-09 22:11:28.781  2405  2408 D dalvikvm: GC_CONCURRENT freed 517K, 7% free 10159K/10823K, paused 2ms+3ms
07-09 22:12:53.027   285   285 I wpa_supplicant: wlan0: WPA: Group rekeying completed with 00:14:d1:c4:4d:13 [GTK=TKIP]
07-09 22:14:28.918   144   844 D dalvikvm: GC_EXPLICIT freed 242K, 14% free 14528K/16711K, paused 3ms+6ms
07-09 22:14:32.523   144   379 W ActivityManager: finishReceiver called but no pending broadcasts
07-09 22:14:32.586  2405  2408 D dalvikvm: GC_CONCURRENT freed 467K, 6% free 10204K/10823K, paused 2ms+3ms
07-09 22:17:36.675   144   385 W ActivityManager: finishReceiver called but no pending broadcasts
07-09 22:17:36.738  2405  2408 D dalvikvm: GC_CONCURRENT freed 514K, 6% free 10201K/10823K, paused 2ms+3ms
07-09 22:20:40.457   144   385 W ActivityManager: finishReceiver called but no pending broadcasts
07-09 22:20:40.515  2405  2408 D dalvikvm: GC_CONCURRENT freed 518K, 6% free 10194K/10823K, paused 2ms+3ms
07-09 22:21:18.043   285   285 I wpa_supplicant: wlan0: CTRL-EVENT-DISCONNECTED bssid=00:14:d1:c4:4d:13 reason=0
07-09 22:21:18.047    75   117 D CommandListener: Clearing all IP addresses on wlan0
07-09 22:21:18.058   144   200 D ConnectivityService: ConnectivityChange for WIFI: DISCONNECTED/DISCONNECTED
07-09 22:21:18.066   144   200 D ConnectivityService: Attempting to switch to mobile
07-09 22:21:18.066   144   200 D ConnectivityService: Attempting to switch to WIMAX
07-09 22:21:18.066   144   200 D ConnectivityService: Attempting to switch to BLUETOOTH_TETHER
07-09 22:21:18.070   144   200 E ConnectivityService: Exception trying to remove a route: java.lang.IllegalStateException: Unable to communicate with native dameon to add routes - com.android.server.NativeDaemonConnectorException: Cmd {interface route remove wlan0 default 192.168.1.1 32 0.0.0.0} failed with code 400 : {Failed to remove route from default table (No such process)}
07-09 22:21:18.078   144   200 D NetUtils: android_net_utils_resetConnections in env=0x7913f0 clazz=0xa7f00001 iface=wlan0 mask=0x3
07-09 22:21:18.078   144   200 E ConnectivityService: Exception trying to remove a route: java.lang.IllegalStateException: Unable to communicate with native dameon to add routes - com.android.server.NativeDaemonConnectorException: Cmd {interface route remove wlan0 default 0.0.0.0 0 192.168.1.1} failed with code 400 : {Failed to remove route from default table (No such process)}
07-09 22:21:18.078   144   200 D ConnectivityService: resetConnections(wlan0, 3)
07-09 22:21:18.164   275  2600 W Smack/Packet: notify conn break (IOEx), close connection
07-09 22:21:18.320   275  2600 I qtaguid : Failed write_ctrl(u 70) res=-1 errno=22
07-09 22:21:18.320   275  2600 I qtaguid : Untagging socket 70 failed errno=-22
07-09 22:21:18.320   275  2600 W NetworkManagementSocketTagger: untagSocket(70) failed with errno -22
07-09 22:21:18.343   144   200 D ConnectivityService: handleInetConditionChange: no active default network - ignore
07-09 22:21:19.316   285   285 I wpa_supplicant: wlan0: Trying to associate with 00:14:d1:c4:4d:13 (SSID='linksys' freq=2437 MHz)
07-09 22:21:19.363   285   285 I wpa_supplicant: wlan0: Associated with 00:14:d1:c4:4d:13
07-09 22:21:19.375   285   285 I wpa_supplicant: wlan0: WPA: Key negotiation completed with 00:14:d1:c4:4d:13 [PTK=CCMP GTK=TKIP]
07-09 22:21:19.375   285   285 I wpa_supplicant: wlan0: CTRL-EVENT-CONNECTED - Connection to 00:14:d1:c4:4d:13 completed (reauth) [id=1 id_str=]
07-09 22:21:20.000   144   198 D DhcpInfoInternal: makeLinkProperties with empty dns2!
07-09 22:21:20.004   144   198 D DhcpInfoInternal: makeLinkProperties with empty dns2!
07-09 22:21:20.015   144   200 D ConnectivityService: ConnectivityChange for WIFI: CONNECTED/CONNECTED
07-09 22:21:20.039   482   482 I PhoneLab-WiFiReceiver: Wi-Fi is connected!
07-09 22:21:20.039   482   482 I PhoneLab-WiFiReceiver: SSID: linksys BSSID: 00:14:d1:c4:4d:13 RSSI: -200 LinkSpeed: -1
07-09 22:21:20.039   482   482 I PhoneLab-Locks: wake lock acquired
07-09 22:21:20.043   482   482 I PhoneLab-UploadLogs: Transfering log files now
07-09 22:21:20.043   482   482 I PhoneLab-UploadLogs: No log files to transfer
07-09 22:21:20.043   482   482 I PhoneLab-Locks: wake lock released
07-09 22:21:20.047   482   482 I PhoneLab-UploadLogs: OnStartCommand
07-09 22:21:20.054   144   195 W NetworkStats: dropping UID delta from unknown iface: iface=wlan0 uid=0 set=DEFAULT tag=0x0 rxBytes=328 rxPackets=1 txBytes=140 txPackets=2 operations=0
07-09 22:21:21.019   144   200 D ConnectivityService: NetTransition Wakelock for WifiStateMachine released by timeout
07-09 22:21:21.238   144   204 D Tethering: MasterInitialState.processMessage what=3
07-09 22:21:21.261   275   275 I GTalkService/c: [AndroidEndpoint@1094468456] connect: acct=1000000, state=CONNECTING
07-09 22:21:21.308  1047  1047 I MediaUploader: No need to wake up
07-09 22:21:21.312   482   482 I PhoneLab-WiFiReceiver: Wi-Fi is disconnected!
07-09 22:21:21.328  1063  1063 W ContextScopeImpl: thread=1 tried to enter the scope of the application context. Ignored.
07-09 22:21:21.355  1161  1161 I NetworkMonitor: Network changed: type(1) name(WIFI) isConnected : false noData: true bitrate:512
07-09 22:21:21.355  1029  1043 D PicasaSyncManager: active network: NetworkInfo: type: WIFI[], state: CONNECTED/CONNECTED, reason: (unspecified), extra: (none), roaming: false, failover: false, isAvailable: true
07-09 22:21:21.355  1029  1043 D PicasaSyncManager: background data: true
07-09 22:21:21.355  1161  1192 I NetworkMonitor: Connectivity status changed to (NOT CONNECTED) wifi: false mobile: falseethernet: false
07-09 22:21:21.367  1161  1192 I MusicRingtones: Predictive scheduler turned off
07-09 22:21:21.382   275   278 D dalvikvm: GC_CONCURRENT freed 476K, 6% free 10134K/10695K, paused 1ms+3ms
07-09 22:21:21.410  1161  1192 I KeepOnScheduler: Predictive scheduler turned off
07-09 22:21:21.660  1263  1486 D dalvikvm: GC_EXPLICIT freed 149K, 11% free 13099K/14663K, paused 2ms+5ms
07-09 22:21:23.082   144   204 D Tethering: MasterInitialState.processMessage what=3
07-09 22:21:23.125  1161  1161 I NetworkMonitor: Network changed: type(1) name(WIFI) isConnected : true noData: false bitrate:96
07-09 22:21:23.125  1161  1192 I NetworkMonitor: Connectivity status changed to (CONNTECTED) wifi: true mobile: falseethernet: false
07-09 22:21:23.144  1029  1043 D PicasaSyncManager: active network: NetworkInfo: type: WIFI[], state: CONNECTED/CONNECTED, reason: (unspecified), extra: (none), roaming: false, failover: false, isAvailable: true
07-09 22:21:23.172  1047  1047 I MediaUploader: No need to wake up
07-09 22:21:23.187  1063  1063 W ContextScopeImpl: thread=1 tried to enter the scope of the application context. Ignored.
07-09 22:21:23.254  1029  1043 D PicasaSyncManager: background data: true
07-09 22:21:23.285  1161  1192 I MusicRingtones: Predictive scheduler turned on
07-09 22:21:23.312  1161  1192 I KeepOnScheduler: Not doing predictive downloading because KeepOnScheduler is disabled
07-09 22:21:23.316  1161  1192 I MusicDL : The download queue is empty.
07-09 22:21:23.324  1161  1192 I KeepOnScheduler: Predictive scheduler turned on
07-09 22:21:23.340  1161  1192 I MusicDL : The download queue is empty.
07-09 22:21:23.343  1263  1270 I dalvikvm: Jit: resizing JitTable from 4096 to 8192
07-09 22:21:25.363  1161  2722 V MusicSyncAdapter: Commencing sync for geoffrey.challen@gmail.com; com.google
07-09 22:21:25.375  1161  2722 V MusicSyncAdapter: Downstream loop 1
07-09 22:21:25.461   144   146 D dalvikvm: GC_CONCURRENT freed 1188K, 13% free 14596K/16711K, paused 3ms+6ms
07-09 22:21:25.769   144   200 D ConnectivityService: handleInetConditionHoldEnd: net=1, condition=100, published condition=0
07-09 22:21:29.129  1161  1163 D dalvikvm: GC_CONCURRENT freed 314K, 11% free 10406K/11591K, paused 13ms+4ms
07-09 22:21:29.129  1161  1170 E NetworkMonitorServiceConn: NetworkMonitorServiceConnection not unbinded cleanly
07-09 22:21:29.129  1161  1170 E NetworkMonitorServiceConn: java.lang.Throwable
07-09 22:21:29.129  1161  1170 E NetworkMonitorServiceConn: 	at com.google.android.music.NetworkMonitorServiceConnection.finalize(NetworkMonitorServiceConnection.java:142)
07-09 22:21:29.129  1161  1170 E NetworkMonitorServiceConn: 	at java.lang.Daemons$FinalizerDaemon.doFinalize(Daemons.java:182)
07-09 22:21:29.129  1161  1170 E NetworkMonitorServiceConn: 	at java.lang.Daemons$FinalizerDaemon.run(Daemons.java:168)
07-09 22:21:29.129  1161  1170 E NetworkMonitorServiceConn: 	at java.lang.Thread.run(Thread.java:856)
07-09 22:21:29.761  1161  1163 D dalvikvm: GC_CONCURRENT freed 311K, 10% free 10487K/11591K, paused 2ms+2ms
07-09 22:21:29.781   482  1284 I PhoneLab-: Service Running
07-09 22:21:29.816   482  1284 I PhoneLab-LoggerService: app_36    1287  482   1444   1072  c00f181c 400107b4 S logcat
07-09 22:21:29.816   482  1284 I PhoneLab-LoggerService: Logcat pid from database 1287
07-09 22:21:29.816   482  1284 I PhoneLab-LoggerService: Logcat process found 1287
07-09 22:21:29.816   482  1284 I PhoneLab-LoggerService: Checking Threshold
07-09 22:21:29.816   482  1284 I PhoneLab-: Service Running
07-09 22:21:29.855   482   484 D dalvikvm: GC_CONCURRENT freed 363K, 18% free 9152K/11143K, paused 2ms+2ms
07-09 22:21:29.859   482  1284 I PhoneLab-LoggerService: app_36    1287  482   1444   1072  c00f181c 400107b4 S logcat
07-09 22:21:29.859   482  1284 I PhoneLab-LoggerService: Logcat pid from database 1287
07-09 22:21:29.859   482  1284 I PhoneLab-LoggerService: Logcat process found 1287
07-09 22:21:29.863   482  1284 I PhoneLab-LoggerService: Checking Threshold
07-09 22:21:29.863   482  1284 I PhoneLab-: Service Running
07-09 22:21:29.898   482  1284 I PhoneLab-LoggerService: app_36    1287  482   1444   1072  c00f181c 400107b4 S logcat
07-09 22:21:29.898   482  1284 I PhoneLab-LoggerService: Logcat pid from database 1287
07-09 22:21:29.898   482  1284 I PhoneLab-LoggerService: Logcat process found 1287
07-09 22:21:29.898   482  1284 I PhoneLab-LoggerService: Checking Threshold
07-09 22:21:29.898   482  1284 I PhoneLab-: Service Running
07-09 22:21:29.945   482  1284 I PhoneLab-LoggerService: app_36    1287  482   1444   1072  c00f181c 400107b4 S logcat
07-09 22:21:29.945   482  1284 I PhoneLab-LoggerService: Logcat pid from database 1287
07-09 22:21:29.945   482  1284 I PhoneLab-LoggerService: Logcat process found 1287
07-09 22:21:29.945   482  1284 I PhoneLab-LoggerService: Checking Threshold
07-09 22:21:29.945   482  1284 I PhoneLab-: Service Running
07-09 22:21:29.996   482  1284 I PhoneLab-LoggerService: app_36    1287  482   1444   1072  c00f181c 400107b4 S logcat
07-09 22:21:29.996   482  1284 I PhoneLab-LoggerService: Logcat pid from database 1287
07-09 22:21:29.996   482  1284 I PhoneLab-LoggerService: Logcat process found 1287
07-09 22:21:29.996   482  1284 I PhoneLab-LoggerService: Checking Threshold
07-09 22:21:29.996   482  1284 I PhoneLab-: Service Running
07-09 22:21:30.050   482  1284 I PhoneLab-LoggerService: app_36    1287  482   1444   1072  c00f181c 400107b4 S logcat
07-09 22:21:30.050   482  1284 I PhoneLab-LoggerService: Logcat pid from database 1287
07-09 22:21:30.050   482  1284 I PhoneLab-LoggerService: Logcat process found 1287
07-09 22:21:30.050   482  1284 I PhoneLab-LoggerService: Checking Threshold
07-09 22:21:30.050   482  1284 I PhoneLab-: Service Running
07-09 22:21:30.070  1161  2722 V MusicSyncAdapter: Waiting on downstream reader thread to finish...
07-09 22:21:30.121   482  1284 I PhoneLab-LoggerService: app_36    1287  482   1444   1072  c00f181c 400107b4 S logcat
07-09 22:21:30.121   482  1284 I PhoneLab-LoggerService: Logcat pid from database 1287
07-09 22:21:30.121   482  1284 I PhoneLab-LoggerService: Logcat process found 1287
07-09 22:21:30.121   482  1284 I PhoneLab-LoggerService: Checking Threshold
07-09 22:21:30.121   482  1284 I PhoneLab-: Service Running
07-09 22:21:30.136  1161  1163 D dalvikvm: GC_CONCURRENT freed 167K, 7% free 10832K/11591K, paused 2ms+4ms
07-09 22:21:30.191   482  1284 I PhoneLab-LoggerService: app_36    1287  482   1444   1072  c00f181c 400107b4 S logcat
07-09 22:21:30.191   482  1284 I PhoneLab-LoggerService: Logcat pid from database 1287
07-09 22:21:30.191   482  1284 I PhoneLab-LoggerService: Logcat process found 1287
07-09 22:21:30.191   482  1284 I PhoneLab-LoggerService: Checking Threshold
07-09 22:21:30.191   482  1284 I PhoneLab-: Service Running
07-09 22:21:30.250   482  1284 I PhoneLab-LoggerService: app_36    1287  482   1444   1072  c00f181c 400107b4 S logcat
07-09 22:21:30.250   482  1284 I PhoneLab-LoggerService: Logcat pid from database 1287
07-09 22:21:30.250   482  1284 I PhoneLab-LoggerService: Logcat process found 1287
07-09 22:21:30.250   482  1284 I PhoneLab-LoggerService: Checking Threshold
07-09 22:21:30.254   482  1284 I PhoneLab-: Service Running
07-09 22:21:30.285   482   484 D dalvikvm: GC_CONCURRENT freed 392K, 18% free 9179K/11143K, paused 1ms+10ms
07-09 22:21:30.324   482  1284 I PhoneLab-LoggerService: app_36    1287  482   1444   1072  c00f181c 400107b4 S logcat
07-09 22:21:30.324   482  1284 I PhoneLab-LoggerService: Logcat pid from database 1287
07-09 22:21:30.324   482  1284 I PhoneLab-LoggerService: Logcat process found 1287
07-09 22:21:30.324   482  1284 I PhoneLab-LoggerService: Checking Threshold
07-09 22:21:30.406  1161  1163 D dalvikvm: GC_CONCURRENT freed 506K, 7% free 10844K/11591K, paused 2ms+4ms
07-09 22:21:31.379  1161  1163 D dalvikvm: GC_CONCURRENT freed 829K, 9% free 10603K/11591K, paused 2ms+3ms
07-09 22:21:31.410  1161  2722 V MusicSyncAdapter: Waiting on downstream merger thread to finish merging...
07-09 22:21:31.812  1161  2722 V MusicSyncAdapter: Downstream sync complete.
07-09 22:21:31.812  1161  2722 V MusicSyncAdapter: Commencing upstream sync.
07-09 22:21:31.843  1161  2722 V MusicSyncAdapter: Waiting on upstream reader thread to finish...
07-09 22:21:31.968  1161  1163 D dalvikvm: GC_CONCURRENT freed 574K, 10% free 10440K/11591K, paused 2ms+3ms
07-09 22:21:32.109  1161  2722 V MusicSyncAdapter: Waiting on upstream merger thread to finish merging...
07-09 22:21:32.109  1161  2722 V MusicSyncAdapter: Upstream sync done.
07-09 22:21:32.129  1161  2733 I KeepOnUpdater: Updating SHOULDKEEPON
07-09 22:21:32.168  1161  1161 D dalvikvm: GC_EXPLICIT freed 278K, 11% free 10331K/11591K, paused 8ms+3ms
07-09 22:21:32.191  1161  2733 I KeepOnUpdater: Update of SHOULDKEEPON complete
07-09 22:21:32.351  1161  1163 D dalvikvm: GC_CONCURRENT freed 311K, 11% free 10422K/11591K, paused 2ms+3ms
07-09 22:21:32.410  1161  1192 I MusicDL : The download queue is empty.
07-09 22:21:37.882   144   200 D ConnectivityService: ConnectivityChange for mobile: CONNECTED/CONNECTED
07-09 22:21:37.933   144   200 D NetUtils: android_net_utils_resetConnections in env=0x7913f0 clazz=0xbd500001 iface=rmnet0 mask=0x3
07-09 22:21:37.933   144   200 D ConnectivityService: ConnectivityChange for mobile: DISCONNECTED/DISCONNECTED
07-09 22:21:37.933   144   200 D ConnectivityService: Attempting to switch to WIFI
07-09 22:21:37.933   144   200 D ConnectivityService: Attempting to switch to WIMAX
07-09 22:21:37.933   144   200 D ConnectivityService: Attempting to switch to BLUETOOTH_TETHER
07-09 22:21:37.933   144   200 D ConnectivityService: resetConnections(rmnet0, 3)
07-09 22:21:38.011   358   361 D dalvikvm: GC_CONCURRENT freed 423K, 7% free 9495K/10119K, paused 6ms+11ms
07-09 22:21:40.988   144   204 D Tethering: MasterInitialState.processMessage what=3
07-09 22:21:40.996   144   204 D Tethering: MasterInitialState.processMessage what=3
07-09 22:21:41.058  1047  1047 I MediaUploader: No need to wake up
07-09 22:21:41.082  1063  1063 W ContextScopeImpl: thread=1 tried to enter the scope of the application context. Ignored.
07-09 22:21:41.132  1047  1047 I MediaUploader: No need to wake up
07-09 22:21:41.148  1161  1161 I NetworkMonitor: Network changed: type(0) name(mobile) isConnected : false noData: false bitrate:512
07-09 22:21:41.148  1063  1063 W ContextScopeImpl: thread=1 tried to enter the scope of the application context. Ignored.
07-09 22:21:41.168  1161  1161 I NetworkMonitor: Network changed: type(1) name(WIFI) isConnected : true noData: false bitrate:192
07-09 22:21:41.168  1029  1043 D PicasaSyncManager: active network: NetworkInfo: type: WIFI[], state: CONNECTED/CONNECTED, reason: (unspecified), extra: (none), roaming: false, failover: false, isAvailable: true
07-09 22:21:41.172  1029  1043 D PicasaSyncManager: background data: true
07-09 22:21:41.175  1029  1043 D PicasaSyncManager: active network: NetworkInfo: type: WIFI[], state: CONNECTED/CONNECTED, reason: (unspecified), extra: (none), roaming: false, failover: false, isAvailable: true
07-09 22:21:41.175  1029  1043 D PicasaSyncManager: background data: true
07-09 22:21:41.523   144   200 D ConnectivityService: handleInetConditionHoldEnd: net=1, condition=100, published condition=100
07-09 22:21:41.730  1161  1163 D dalvikvm: GC_CONCURRENT freed 421K, 11% free 10409K/11591K, paused 14ms+3ms
07-09 22:21:58.789  1161  1163 D dalvikvm: GC_CONCURRENT freed 432K, 11% free 10371K/11591K, paused 15ms+3ms
07-09 22:22:55.019   285   285 I wpa_supplicant: wlan0: WPA: Group rekeying completed with 00:14:d1:c4:4d:13 [GTK=TKIP]
07-09 22:23:40.668   144   366 D dalvikvm: GC_EXPLICIT freed 1000K, 13% free 14579K/16711K, paused 2ms+6ms
07-09 22:23:42.621  2405  2408 D dalvikvm: GC_CONCURRENT freed 503K, 7% free 10076K/10823K, paused 17ms+2ms
07-09 22:23:44.324   144   144 W ActivityManager: finishReceiver called but no pending broadcasts
07-09 22:24:20.066  2405  2408 D dalvikvm: GC_CONCURRENT freed 432K, 7% free 10155K/10823K, paused 2ms+3ms
07-09 22:25:13.148   482   482 I PhoneLab-Locks: wake lock acquired
07-09 22:25:13.168   482  2757 I PhoneLab-PeriodicCheckService: User info is synched
07-09 22:25:13.171   482  2757 I PhoneLab-PeriodicCheckService: Logger Service is running
07-09 22:25:13.175   482   482 I PhoneLab-Locks: wake lock acquired
07-09 22:25:13.175   482   482 I PhoneLab-StatusMonitor: Status Monitoring is started
07-09 22:25:13.179   482   482 E PhoneLab-PhoneLabManifest: java.io.FileNotFoundException: /data/data/edu.buffalo.cse.phonelab.phonelabservices/files/manifest.xml: open failed: ENOENT (No such file or directory)
07-09 22:25:13.179   482   482 I PhoneLab-Locks: wake lock released
07-09 22:25:13.183   482  2757 I PhoneLab-Locks: wake lock acquired
07-09 22:25:13.187   482   482 I PhoneLab-UploadLogs: Transfering log files now
07-09 22:25:13.187   482   482 I PhoneLab-UploadLogs: No log files to transfer
07-09 22:25:13.187   482   482 I PhoneLab-Locks: wake lock released
07-09 22:25:13.187   482   482 I PhoneLab-UploadLogs: OnStartCommand
07-09 22:25:13.191   482  2757 I PhoneLab-PeriodicCheckService: Rescheduling periodic checking...
07-09 22:25:13.191   482  2757 I PhoneLab-Locks: wake lock released
07-09 22:26:48.699   144   385 W ActivityManager: finishReceiver called but no pending broadcasts
07-09 22:26:48.773  2405  2408 D dalvikvm: GC_CONCURRENT freed 488K, 6% free 10178K/10823K, paused 1ms+2ms
07-09 22:28:06.050   285   285 I wpa_supplicant: wlan0: WPA: Group rekeying completed with 00:14:d1:c4:4d:13 [GTK=TKIP]
07-09 22:29:52.488   144   844 W ActivityManager: finishReceiver called but no pending broadcasts
07-09 22:29:52.562  2405  2408 D dalvikvm: GC_CONCURRENT freed 514K, 6% free 10175K/10823K, paused 2ms+2ms
07-09 22:30:49.113   275   278 D dalvikvm: GC_CONCURRENT freed 402K, 6% free 10160K/10695K, paused 4ms+3ms
07-09 22:30:49.304   929  2764 I Gmail   : MainSyncRequestProto: lowestBkwdConvoId: 0, highestHandledServerOp: 1873527, normalSync: true
07-09 22:30:51.929   929  2764 D dalvikvm: GC_EXPLICIT freed 622K, 22% free 11784K/14983K, paused 2ms+4ms
07-09 22:30:51.941   929  2764 I Gmail   : MainSyncRequestProto: lowestBkwdConvoId: 0, highestHandledServerOp: 1873661, normalSync: true
07-09 22:30:53.961   929  2764 D dalvikvm: GC_EXPLICIT freed 416K, 22% free 11787K/14983K, paused 9ms+4ms
07-09 22:30:53.965   929  2764 I Gmail   : MainSyncRequestProto: lowestBkwdConvoId: 0, highestHandledServerOp: 1873661, normalSync: true
07-09 22:30:53.968   929  2764 I Gmail   : lowestBackward conversation id 0
07-09 22:30:53.976   929  2764 W Gmail   : Scheduling index for 300000 ms from now
07-09 22:30:54.000   929  2764 I Gmail   : Sending notification intent: Intent { act=android.intent.action.PROVIDER_CHANGED dat=content://gmail-ls/unread/^i (has extras) }
07-09 22:32:04.043   214   216 D dalvikvm: GC_CONCURRENT freed 385K, 9% free 9658K/10503K, paused 2ms+2ms
07-09 22:32:56.316   144   844 W ActivityManager: finishReceiver called but no pending broadcasts
07-09 22:32:56.386  2405  2408 D dalvikvm: GC_CONCURRENT freed 516K, 7% free 10171K/10823K, paused 1ms+2ms
07-09 22:33:17.043   285   285 I wpa_supplicant: wlan0: WPA: Group rekeying completed with 00:14:d1:c4:4d:13 [GTK=TKIP]
07-09 22:35:30.371   275  1283 I EventLogService: Aggregate from 1341885930278 (log), 1341885930278 (data)
07-09 22:35:49.007   144   175 I power   : *** set_screen_state 1
07-09 22:35:49.086   144   175 I WindowManager: Lock screen displayed!
07-09 22:35:49.246    78   121 D SurfaceFlinger: Screen about to return, flinger = 0x1e16918
07-09 22:35:50.191   214   214 D PhoneStatusBar: disable: < expand icons alerts ticker system_info BACK HOME recent* CLOCK >
07-09 22:35:50.195   371  1027 D NfcService: NFC-C ON
07-09 22:35:50.211   144   379 W InputManagerService: Window already focused, ignoring focus gain of: com.android.internal.view.IInputMethodClient$Stub$Proxy@41786518
07-09 22:35:50.226   214   214 D PhoneStatusBar: disable: < expand icons alerts ticker system_info back* home* recent clock* >
07-09 22:35:56.824   144   156 I ActivityManager: START {act=android.intent.action.MAIN cat=[android.intent.category.LAUNCHER] flg=0x10000000 pkg=com.google.android.music cmp=com.google.android.music/com.android.music.activitymanagement.TopLevelActivity bnds=[360,103][480,253]} from pid 390
07-09 22:35:56.832    81   128 D AudioHardware: AudioHardware pcm playback is exiting standby.
07-09 22:35:56.832    81   128 D AudioHardware: openPcmOut_l() mPcmOpenCnt: 0
07-09 22:35:56.879  1263  1263 D TopLevelActivity: onNewIntent: Intent { act=android.intent.action.MAIN cat=[android.intent.category.LAUNCHER] flg=0x10400000 pkg=com.google.android.music cmp=com.google.android.music/com.android.music.activitymanagement.TopLevelActivity bnds=[360,103][480,253] }
07-09 22:35:56.882  1263  1263 D TopLevelActivity: initialize Intent { act=android.intent.action.MAIN cat=[android.intent.category.LAUNCHER] flg=0x10400000 pkg=com.google.android.music cmp=com.google.android.music/com.android.music.activitymanagement.TopLevelActivity bnds=[360,103][480,253] } allowPlayback: true orientationChange: false
07-09 22:35:56.925  1263  1263 D TopLevelActivity: action android.intent.action.MAIN
07-09 22:35:56.937  1263  1263 D TopLevelActivity: onResume
07-09 22:35:56.937  1263  1263 D TabbedLists: onResume()...
07-09 22:35:56.941  1263  1263 D TrackBrowser: onResume()...
07-09 22:35:56.941  1263  1263 D TrackBrowser: - onResume: refreshed mIsNowPlaying: false
07-09 22:35:56.949  1161  1161 D MediaStoreImportService: Handle action: MediaStoreImportService.status
07-09 22:35:56.961   390   390 D OpenGLRenderer: Flushing caches (mode 1)
07-09 22:35:56.984   144   379 I AudioService:   Remote Control   registerMediaButtonIntent() for PendingIntent{415d7d28: PendingIntentRecord{416f9130 com.google.android.music broadcastIntent}}
07-09 22:35:57.007  1263  2769 I CheckMusicStoreAvail: Starting account signup check
