07-16 07:27:30.027  9590  9590 I CountUpdate: createDownNotification
07-16 07:27:30.027  9590  9590 I CountUpdate: createDownNotification < 1 minute left Timer
07-16 07:27:45.015  9590  9590 I Store   : restoreState
07-16 07:27:45.015  9590  9590 I Store   : CountUpTimer.start 107621689
07-16 07:27:45.015  9590  9590 I Store   : restore took total 1
07-16 07:27:45.015  9590  9590 I CountUpdate: createDownNotification
07-16 07:27:45.015  9590  9590 I CountUpdate: createDownNotification < 1 minute left Timer
07-16 07:27:53.566   271   675 I EventLogService: Aggregate from 1342436272957 (log), 1342436272957 (data)
07-16 07:28:00.062  9590  9590 I Store   : restoreState
07-16 07:28:00.062  9590  9590 I Store   : CountUpTimer.start 107621689
07-16 07:28:00.062  9590  9590 I Store   : restore took total 0
07-16 07:28:00.062  9590  9590 I CountUpdate: createDownNotification
07-16 07:28:00.062  9590  9590 I CountUpdate: createDownNotification < 1 minute left Timer
07-16 07:28:15.011  9590  9590 I Store   : restoreState
07-16 07:28:15.011  9590  9590 I Store   : CountUpTimer.start 107621689
07-16 07:28:15.011  9590  9590 I Store   : restore took total 0
07-16 07:28:15.011  9590  9590 I CountUpdate: createDownNotification
07-16 07:28:15.011  9590  9590 E StopWatch: Due to update again before now!
07-16 07:28:15.011  9590  9590 I CountUpdate: createDownNotification < 1 minute left Timer
07-16 07:28:15.042  9571  9571 I StopWatch: Reset - countUp false
07-16 07:28:15.238   144  9667 I AudioService:  AudioFocus  requestAudioFocus() from android.media.AudioManager@41605b30
07-16 07:28:15.277    81   124 D AudioHardware: AudioHardware pcm playback is exiting standby.
07-16 07:28:15.277    81   124 D AudioHardware: openPcmOut_l() mPcmOpenCnt: 0
07-16 07:28:15.405   214   216 D dalvikvm: GC_CONCURRENT freed 458K, 10% free 10452K/11527K, paused 2ms+3ms
07-16 07:28:15.554   214   214 D dalvikvm: GC_FOR_ALLOC freed 693K, 14% free 9939K/11527K, paused 18ms
07-16 07:28:20.300  9571  9571 I StopWatch: Reset - countUp false
07-16 07:28:20.359   144  9673 I AudioService:  AudioFocus  abandonAudioFocus() from android.media.AudioManager@41605b30
07-16 07:28:20.386   214   214 D dalvikvm: GC_FOR_ALLOC freed 378K, 14% free 9925K/11527K, paused 32ms
07-16 07:28:20.445   214   216 D dalvikvm: GC_CONCURRENT freed 311K, 13% free 10054K/11527K, paused 1ms+2ms
07-16 07:28:20.562   214   216 D dalvikvm: GC_CONCURRENT freed 497K, 14% free 9957K/11527K, paused 2ms+4ms
07-16 07:28:23.261  3594  3608 I PhoneLab-: Service Running
07-16 07:28:23.335  3594  3608 I PhoneLab-LoggerService: app_36    1066  1     1444   1056  c00f181c 400107b4 S logcat
07-16 07:28:23.335  3594  3608 I PhoneLab-LoggerService: Logcat pid from database 1066
07-16 07:28:23.335  3594  3608 I PhoneLab-LoggerService: Logcat process found 1066
07-16 07:28:23.339  3594  3608 I PhoneLab-LoggerService: Checking Threshold
07-16 07:28:23.386    81   124 D AudioHardware: AudioHardware pcm playback is going to standby.
07-16 07:28:23.386    81   124 D AudioHardware: closePcmOut_l() mPcmOpenCnt: 1
07-16 07:29:16.132   144   160 V BackupManagerService: Running a backup pass
07-16 07:29:16.152   144   213 V BackupManagerService: Backup requested but nothing pending
07-16 07:29:44.769   144   180 I ActivityManager: START {act=android.intent.action.MAIN cat=[android.intent.category.HOME] flg=0x10200000 cmp=com.android.launcher/com.android.launcher2.Launcher} from pid 144
07-16 07:29:44.792  9571  9571 I Store   : saveState
07-16 07:29:44.792  9571  9571 I Store   : CountUpTimer.start 107621689
07-16 07:29:44.792  9571  9571 I Store   : save took 1 0
07-16 07:29:44.808  9571  9571 I Store   : save took total 16
07-16 07:29:44.945  9571  9571 D OpenGLRenderer: Flushing caches (mode 0)
07-16 07:29:44.991  9571  9571 D OpenGLRenderer: Flushing caches (mode 1)
07-16 07:29:47.155   144   172 I power   : *** set_screen_state 0
07-16 07:29:47.210    78   120 D SurfaceFlinger: About to give-up screen, flinger = 0x1d1f918
07-16 07:29:47.265   144   176 V TransportControlView: Create TCV com.android.internal.widget.TransportControlView@41713ba0
07-16 07:29:47.320   365  1627 D NfcService: NFC-C OFF, disconnect
07-16 07:29:47.355   214   214 D PhoneStatusBar: disable: < expand icons alerts ticker system_info back home RECENT* clock >
07-16 07:29:47.386   214   214 D PhoneStatusBar: disable: < expand icons alerts ticker system_info BACK* HOME* RECENT CLOCK* >
07-16 07:29:47.488   144   147 D dalvikvm: GC_CONCURRENT freed 742K, 19% free 16177K/19783K, paused 3ms+10ms
07-16 07:29:54.027   144   176 I power   : *** set_screen_state 1
07-16 07:29:54.128   144   176 I WindowManager: Lock screen displayed!
07-16 07:29:54.226    78   120 D SurfaceFlinger: Screen about to return, flinger = 0x1d1f918
07-16 07:30:04.597   144   172 I power   : *** set_screen_state 0
07-16 07:30:04.655    78   120 D SurfaceFlinger: About to give-up screen, flinger = 0x1d1f918
07-16 07:30:04.718   144   176 V TransportControlView: Create TCV com.android.internal.widget.TransportControlView@41816ce8
07-16 07:30:23.261  3594  3608 I PhoneLab-: Service Running
07-16 07:30:23.312   144   395 I ActivityManager: Process com.android.providers.calendar (pid 5180) has died.
07-16 07:30:23.363  3594  3608 I PhoneLab-LoggerService: app_36    1066  1     1444   1056  c00f181c 400107b4 S logcat
07-16 07:30:23.363  3594  3608 I PhoneLab-LoggerService: Logcat pid from database 1066
07-16 07:30:23.366  3594  3608 I PhoneLab-LoggerService: Logcat process found 1066
07-16 07:30:23.366  3594  3608 I PhoneLab-LoggerService: Checking Threshold
07-16 07:31:46.968  5401  5401 I wpa_supplicant: wlan0: CTRL-EVENT-DISCONNECTED bssid=00:14:d1:c4:4d:13 reason=0
07-16 07:31:46.976    75   117 D CommandListener: Clearing all IP addresses on wlan0
07-16 07:31:47.038   144   201 D ConnectivityService: ConnectivityChange for WIFI: DISCONNECTED/DISCONNECTED
07-16 07:31:47.038   144   201 D ConnectivityService: Attempting to switch to mobile
07-16 07:31:47.038   144   201 D ConnectivityService: Attempting to switch to WIMAX
07-16 07:31:47.038   144   201 D ConnectivityService: Attempting to switch to BLUETOOTH_TETHER
07-16 07:31:47.073   144   201 E ConnectivityService: Exception trying to remove a route: java.lang.IllegalStateException: Unable to communicate with native dameon to add routes - com.android.server.NativeDaemonConnectorException: Cmd {interface route remove wlan0 default 192.168.1.1 32 0.0.0.0} failed with code 400 : {Failed to remove route from default table (No such process)}
07-16 07:31:47.077   144   201 D NetUtils: android_net_utils_resetConnections in env=0x9ff080 clazz=0x78e00001 iface=wlan0 mask=0x3
07-16 07:31:47.077   144   201 E ConnectivityService: Exception trying to remove a route: java.lang.IllegalStateException: Unable to communicate with native dameon to add routes - com.android.server.NativeDaemonConnectorException: Cmd {interface route remove wlan0 default 0.0.0.0 0 192.168.1.1} failed with code 400 : {Failed to remove route from default table (No such process)}
07-16 07:31:47.077   144   201 D ConnectivityService: resetConnections(wlan0, 3)
07-16 07:31:47.109   271  9643 W Smack/Packet: notify conn break (IOEx), close connection
07-16 07:31:47.284   271  9643 I qtaguid : Failed write_ctrl(u 73) res=-1 errno=22
07-16 07:31:47.284   271  9643 I qtaguid : Untagging socket 73 failed errno=-22
07-16 07:31:47.284   271  9643 W NetworkManagementSocketTagger: untagSocket(73) failed with errno -22
07-16 07:31:47.288   144   201 D ConnectivityService: handleInetConditionChange: no active default network - ignore
07-16 07:31:48.241  5401  5401 I wpa_supplicant: wlan0: Trying to associate with 00:14:d1:c4:4d:13 (SSID='linksys' freq=2437 MHz)
