07-09 12:43:49.789   288   288 D wpa_supplicant: Wireless event: cmd=0x8b19 len=8
07-09 12:43:49.789   288   288 D wpa_supplicant: Received 2921 bytes of scan results (16 BSSes)
07-09 12:43:49.839   288   288 D wpa_supplicant: WPS: Building WPS IE for Probe Request
07-09 12:43:49.839   288   288 D wpa_supplicant: WPS:  * Version (hardcoded 0x10)
07-09 12:43:49.839   288   288 D wpa_supplicant: WPS:  * Request Type
07-09 12:43:49.839   288   288 D wpa_supplicant: WPS:  * Config Methods (2388)
07-09 12:43:49.839   288   288 D wpa_supplicant: WPS:  * UUID-E
07-09 12:43:49.839   288   288 D wpa_supplicant: WPS:  * Primary Device Type
07-09 12:43:49.839   288   288 D wpa_supplicant: WPS:  * RF Bands (3)
07-09 12:43:49.839   288   288 D wpa_supplicant: WPS:  * Association State
07-09 12:43:49.839   288   288 D wpa_supplicant: WPS:  * Configuration Error (0)
07-09 12:43:49.839   288   288 D wpa_supplicant: WPS:  * Device Password ID (0)
07-09 12:43:49.839   288   288 D wpa_supplicant: WPS:  * Manufacturer
07-09 12:43:49.839   288   288 D wpa_supplicant: WPS:  * Model Name
07-09 12:43:49.839   288   288 D wpa_supplicant: WPS:  * Model Number
07-09 12:43:49.839   288   288 D wpa_supplicant: WPS:  * Device Name
07-09 12:43:49.839   288   288 D wpa_supplicant: WPS:  * Version2 (0x20)
07-09 12:43:49.839   288   288 D wpa_supplicant: wpa_driver_wext_combo_scan: Start
07-09 12:43:49.839   288   288 D wpa_supplicant: For Scan: (null)
07-09 12:43:49.839   288   288 D wpa_supplicant: Scan requested (ret=0) - scan timeout 30 seconds
07-09 12:43:50.480  9565  9566 D dalvikvm: GC_CONCURRENT freed 118K, 9% free 10655K/11591K, paused 19ms+3ms
07-09 12:43:51.019   288   288 D wpa_supplicant: RTM_NEWLINK: operstate=1 ifi_flags=0x11043 ([UP][RUNNING][LOWER_UP])
07-09 12:43:51.019   288   288 D wpa_supplicant: RTM_NEWLINK, IFLA_IFNAME: Interface 'wlan0' added
07-09 12:43:51.019   288   288 D wpa_supplicant: Wireless event: cmd=0x8b19 len=8
07-09 12:43:51.027   288   288 D wpa_supplicant: Received 2142 bytes of scan results (12 BSSes)
07-09 12:43:51.078   288   288 D wpa_supplicant: WPS: Building WPS IE for Probe Request
07-09 12:43:51.078   288   288 D wpa_supplicant: WPS:  * Version (hardcoded 0x10)
07-09 12:43:51.078   288   288 D wpa_supplicant: WPS:  * Request Type
07-09 12:43:51.078   288   288 D wpa_supplicant: WPS:  * Config Methods (2388)
07-09 12:43:51.078   288   288 D wpa_supplicant: WPS:  * UUID-E
07-09 12:43:51.078   288   288 D wpa_supplicant: WPS:  * Primary Device Type
07-09 12:43:51.078   288   288 D wpa_supplicant: WPS:  * RF Bands (3)
07-09 12:43:51.078   288   288 D wpa_supplicant: WPS:  * Association State
07-09 12:43:51.078   288   288 D wpa_supplicant: WPS:  * Configuration Error (0)
07-09 12:43:51.078   288   288 D wpa_supplicant: WPS:  * Device Password ID (0)
07-09 12:43:51.078   288   288 D wpa_supplicant: WPS:  * Manufacturer
07-09 12:43:51.078   288   288 D wpa_supplicant: WPS:  * Model Name
07-09 12:43:51.078   288   288 D wpa_supplicant: WPS:  * Model Number
07-09 12:43:51.078   288   288 D wpa_supplicant: WPS:  * Device Name
07-09 12:43:51.078   288   288 D wpa_supplicant: WPS:  * Version2 (0x20)
07-09 12:43:51.078   288   288 D wpa_supplicant: wpa_driver_wext_combo_scan: Start
07-09 12:43:51.078   288   288 D wpa_supplicant: For Scan: (null)
07-09 12:43:51.082   288   288 D wpa_supplicant: Scan requested (ret=0) - scan timeout 30 seconds
07-09 12:43:52.281   288   288 D wpa_supplicant: RTM_NEWLINK: operstate=1 ifi_flags=0x11043 ([UP][RUNNING][LOWER_UP])
07-09 12:43:52.281   288   288 D wpa_supplicant: RTM_NEWLINK, IFLA_IFNAME: Interface 'wlan0' added
07-09 12:43:52.281   288   288 D wpa_supplicant: Wireless event: cmd=0x8b19 len=8
07-09 12:43:52.281   288   288 D wpa_supplicant: Received 2533 bytes of scan results (14 BSSes)
07-09 12:43:52.332   288   288 D wpa_supplicant: WPS: Building WPS IE for Probe Request
07-09 12:43:52.332   288   288 D wpa_supplicant: WPS:  * Version (hardcoded 0x10)
07-09 12:43:52.332   288   288 D wpa_supplicant: WPS:  * Request Type
07-09 12:43:52.332   288   288 D wpa_supplicant: WPS:  * Config Methods (2388)
07-09 12:43:52.332   288   288 D wpa_supplicant: WPS:  * UUID-E
07-09 12:43:52.332   288   288 D wpa_supplicant: WPS:  * Primary Device Type
07-09 12:43:52.332   288   288 D wpa_supplicant: WPS:  * RF Bands (3)
07-09 12:43:52.332   288   288 D wpa_supplicant: WPS:  * Association State
07-09 12:43:52.332   288   288 D wpa_supplicant: WPS:  * Configuration Error (0)
07-09 12:43:52.332   288   288 D wpa_supplicant: WPS:  * Device Password ID (0)
07-09 12:43:52.332   288   288 D wpa_supplicant: WPS:  * Manufacturer
07-09 12:43:52.332   288   288 D wpa_supplicant: WPS:  * Model Name
07-09 12:43:52.332   288   288 D wpa_supplicant: WPS:  * Model Number
07-09 12:43:52.332   288   288 D wpa_supplicant: WPS:  * Device Name
07-09 12:43:52.332   288   288 D wpa_supplicant: WPS:  * Version2 (0x20)
07-09 12:43:52.332   288   288 D wpa_supplicant: wpa_driver_wext_combo_scan: Start
07-09 12:43:52.332   288   288 D wpa_supplicant: For Scan: (null)
07-09 12:43:52.336   288   288 D wpa_supplicant: Scan requested (ret=0) - scan timeout 30 seconds
07-09 12:43:53.515   288   288 D wpa_supplicant: RTM_NEWLINK: operstate=1 ifi_flags=0x11043 ([UP][RUNNING][LOWER_UP])
07-09 12:43:53.515   288   288 D wpa_supplicant: RTM_NEWLINK, IFLA_IFNAME: Interface 'wlan0' added
07-09 12:43:53.515   288   288 D wpa_supplicant: Wireless event: cmd=0x8b19 len=8
07-09 12:43:53.515   288   288 D wpa_supplicant: Received 2177 bytes of scan results (12 BSSes)
07-09 12:43:53.566   288   288 D wpa_supplicant: WPS: Building WPS IE for Probe Request
07-09 12:43:53.566   288   288 D wpa_supplicant: WPS:  * Version (hardcoded 0x10)
07-09 12:43:53.566   288   288 D wpa_supplicant: WPS:  * Request Type
07-09 12:43:53.566   288   288 D wpa_supplicant: WPS:  * Config Methods (2388)
07-09 12:43:53.566   288   288 D wpa_supplicant: WPS:  * UUID-E
07-09 12:43:53.566   288   288 D wpa_supplicant: WPS:  * Primary Device Type
07-09 12:43:53.566   288   288 D wpa_supplicant: WPS:  * RF Bands (3)
07-09 12:43:53.566   288   288 D wpa_supplicant: WPS:  * Association State
07-09 12:43:53.566   288   288 D wpa_supplicant: WPS:  * Configuration Error (0)
07-09 12:43:53.566   288   288 D wpa_supplicant: WPS:  * Device Password ID (0)
07-09 12:43:53.566   288   288 D wpa_supplicant: WPS:  * Manufacturer
07-09 12:43:53.566   288   288 D wpa_supplicant: WPS:  * Model Name
07-09 12:43:53.566   288   288 D wpa_supplicant: WPS:  * Model Number
07-09 12:43:53.566   288   288 D wpa_supplicant: WPS:  * Device Name
07-09 12:43:53.566   288   288 D wpa_supplicant: WPS:  * Version2 (0x20)
07-09 12:43:53.566   288   288 D wpa_supplicant: wpa_driver_wext_combo_scan: Start
07-09 12:43:53.566   288   288 D wpa_supplicant: For Scan: (null)
07-09 12:43:53.570   288   288 D wpa_supplicant: Scan requested (ret=0) - scan timeout 30 seconds
07-09 12:43:53.910  9565  9566 D dalvikvm: GC_CONCURRENT freed 311K, 7% free 10861K/11591K, paused 1ms+3ms
07-09 12:43:54.750   288   288 D wpa_supplicant: RTM_NEWLINK: operstate=1 ifi_flags=0x11043 ([UP][RUNNING][LOWER_UP])
07-09 12:43:54.750   288   288 D wpa_supplicant: RTM_NEWLINK, IFLA_IFNAME: Interface 'wlan0' added
07-09 12:43:54.750   288   288 D wpa_supplicant: Wireless event: cmd=0x8b19 len=8
07-09 12:43:54.750   288   288 D wpa_supplicant: Received 2285 bytes of scan results (12 BSSes)
07-09 12:43:54.808   288   288 D wpa_supplicant: WPS: Building WPS IE for Probe Request
07-09 12:43:54.808   288   288 D wpa_supplicant: WPS:  * Version (hardcoded 0x10)
07-09 12:43:54.808   288   288 D wpa_supplicant: WPS:  * Request Type
07-09 12:43:54.808   288   288 D wpa_supplicant: WPS:  * Config Methods (2388)
07-09 12:43:54.808   288   288 D wpa_supplicant: WPS:  * UUID-E
07-09 12:43:54.808   288   288 D wpa_supplicant: WPS:  * Primary Device Type
07-09 12:43:54.808   288   288 D wpa_supplicant: WPS:  * RF Bands (3)
07-09 12:43:54.808   288   288 D wpa_supplicant: WPS:  * Association State
07-09 12:43:54.808   288   288 D wpa_supplicant: WPS:  * Configuration Error (0)
07-09 12:43:54.808   288   288 D wpa_supplicant: WPS:  * Device Password ID (0)
07-09 12:43:54.808   288   288 D wpa_supplicant: WPS:  * Manufacturer
07-09 12:43:54.808   288   288 D wpa_supplicant: WPS:  * Model Name
07-09 12:43:54.808   288   288 D wpa_supplicant: WPS:  * Model Number
07-09 12:43:54.808   288   288 D wpa_supplicant: WPS:  * Device Name
07-09 12:43:54.808   288   288 D wpa_supplicant: WPS:  * Version2 (0x20)
07-09 12:43:54.808   288   288 D wpa_supplicant: wpa_driver_wext_combo_scan: Start
07-09 12:43:54.808   288   288 D wpa_supplicant: For Scan: (null)
07-09 12:43:54.812   288   288 D wpa_supplicant: Scan requested (ret=0) - scan timeout 30 seconds
07-09 12:43:55.988   288   288 D wpa_supplicant: RTM_NEWLINK: operstate=1 ifi_flags=0x11043 ([UP][RUNNING][LOWER_UP])
07-09 12:43:55.988   288   288 D wpa_supplicant: RTM_NEWLINK, IFLA_IFNAME: Interface 'wlan0' added
07-09 12:43:55.988   288   288 D wpa_supplicant: Wireless event: cmd=0x8b19 len=8
07-09 12:43:55.992   288   288 D wpa_supplicant: Received 1894 bytes of scan results (10 BSSes)
07-09 12:43:56.074   288   288 D wpa_supplicant: WPS: Building WPS IE for Probe Request
07-09 12:43:56.074   288   288 D wpa_supplicant: WPS:  * Version (hardcoded 0x10)
07-09 12:43:56.074   288   288 D wpa_supplicant: WPS:  * Request Type
07-09 12:43:56.074   288   288 D wpa_supplicant: WPS:  * Config Methods (2388)
07-09 12:43:56.074   288   288 D wpa_supplicant: WPS:  * UUID-E
07-09 12:43:56.074   288   288 D wpa_supplicant: WPS:  * Primary Device Type
07-09 12:43:56.074   288   288 D wpa_supplicant: WPS:  * RF Bands (3)
07-09 12:43:56.074   288   288 D wpa_supplicant: WPS:  * Association State
07-09 12:43:56.074   288   288 D wpa_supplicant: WPS:  * Configuration Error (0)
07-09 12:43:56.074   288   288 D wpa_supplicant: WPS:  * Device Password ID (0)
07-09 12:43:56.074   288   288 D wpa_supplicant: WPS:  * Manufacturer
07-09 12:43:56.074   288   288 D wpa_supplicant: WPS:  * Model Name
07-09 12:43:56.074   288   288 D wpa_supplicant: WPS:  * Model Number
07-09 12:43:56.074   288   288 D wpa_supplicant: WPS:  * Device Name
07-09 12:43:56.074   288   288 D wpa_supplicant: WPS:  * Version2 (0x20)
07-09 12:43:56.074   288   288 D wpa_supplicant: wpa_driver_wext_combo_scan: Start
07-09 12:43:56.074   288   288 D wpa_supplicant: For Scan: (null)
07-09 12:43:56.074   288   288 D wpa_supplicant: Scan requested (ret=0) - scan timeout 30 seconds
07-09 12:43:56.359  9565  9566 D dalvikvm: GC_CONCURRENT freed 885K, 10% free 10465K/11591K, paused 6ms+3ms
07-09 12:43:57.261   288   288 D wpa_supplicant: RTM_NEWLINK: operstate=1 ifi_flags=0x11043 ([UP][RUNNING][LOWER_UP])
07-09 12:43:57.261   288   288 D wpa_supplicant: RTM_NEWLINK, IFLA_IFNAME: Interface 'wlan0' added
07-09 12:43:57.261   288   288 D wpa_supplicant: Wireless event: cmd=0x8b19 len=8
07-09 12:43:57.273   288   288 D wpa_supplicant: Received 1932 bytes of scan results (10 BSSes)
07-09 12:43:57.312   288   288 D wpa_supplicant: WPS: Building WPS IE for Probe Request
07-09 12:43:57.312   288   288 D wpa_supplicant: WPS:  * Version (hardcoded 0x10)
07-09 12:43:57.312   288   288 D wpa_supplicant: WPS:  * Request Type
07-09 12:43:57.312   288   288 D wpa_supplicant: WPS:  * Config Methods (2388)
07-09 12:43:57.312   288   288 D wpa_supplicant: WPS:  * UUID-E
07-09 12:43:57.312   288   288 D wpa_supplicant: WPS:  * Primary Device Type
07-09 12:43:57.312   288   288 D wpa_supplicant: WPS:  * RF Bands (3)
07-09 12:43:57.312   288   288 D wpa_supplicant: WPS:  * Association State
07-09 12:43:57.312   288   288 D wpa_supplicant: WPS:  * Configuration Error (0)
07-09 12:43:57.312   288   288 D wpa_supplicant: WPS:  * Device Password ID (0)
07-09 12:43:57.312   288   288 D wpa_supplicant: WPS:  * Manufacturer
07-09 12:43:57.312   288   288 D wpa_supplicant: WPS:  * Model Name
07-09 12:43:57.312   288   288 D wpa_supplicant: WPS:  * Model Number
07-09 12:43:57.312   288   288 D wpa_supplicant: WPS:  * Device Name
07-09 12:43:57.312   288   288 D wpa_supplicant: WPS:  * Version2 (0x20)
07-09 12:43:57.312   288   288 D wpa_supplicant: wpa_driver_wext_combo_scan: Start
07-09 12:43:57.312   288   288 D wpa_supplicant: For Scan: (null)
07-09 12:43:57.312   288   288 D wpa_supplicant: Scan requested (ret=0) - scan timeout 30 seconds
07-09 12:43:58.496   288   288 D wpa_supplicant: RTM_NEWLINK: operstate=1 ifi_flags=0x11043 ([UP][RUNNING][LOWER_UP])
07-09 12:43:58.496   288   288 D wpa_supplicant: RTM_NEWLINK, IFLA_IFNAME: Interface 'wlan0' added
07-09 12:43:58.496   288   288 D wpa_supplicant: Wireless event: cmd=0x8b19 len=8
07-09 12:43:58.507   288   288 D wpa_supplicant: Received 2212 bytes of scan results (12 BSSes)
07-09 12:43:58.535   288   288 D wpa_supplicant: WPS: Building WPS IE for Probe Request
07-09 12:43:58.535   288   288 D wpa_supplicant: WPS:  * Version (hardcoded 0x10)
07-09 12:43:58.535   288   288 D wpa_supplicant: WPS:  * Request Type
07-09 12:43:58.535   288   288 D wpa_supplicant: WPS:  * Config Methods (2388)
07-09 12:43:58.535   288   288 D wpa_supplicant: WPS:  * UUID-E
07-09 12:43:58.535   288   288 D wpa_supplicant: WPS:  * Primary Device Type
07-09 12:43:58.535   288   288 D wpa_supplicant: WPS:  * RF Bands (3)
07-09 12:43:58.535   288   288 D wpa_supplicant: WPS:  * Association State
07-09 12:43:58.535   288   288 D wpa_supplicant: WPS:  * Configuration Error (0)
07-09 12:43:58.535   288   288 D wpa_supplicant: WPS:  * Device Password ID (0)
07-09 12:43:58.535   288   288 D wpa_supplicant: WPS:  * Manufacturer
07-09 12:43:58.535   288   288 D wpa_supplicant: WPS:  * Model Name
07-09 12:43:58.535   288   288 D wpa_supplicant: WPS:  * Model Number
07-09 12:43:58.535   288   288 D wpa_supplicant: WPS:  * Device Name
07-09 12:43:58.535   288   288 D wpa_supplicant: WPS:  * Version2 (0x20)
07-09 12:43:58.535   288   288 D wpa_supplicant: wpa_driver_wext_combo_scan: Start
07-09 12:43:58.535   288   288 D wpa_supplicant: For Scan: (null)
07-09 12:43:58.539   288   288 D wpa_supplicant: Scan requested (ret=0) - scan timeout 30 seconds
07-09 12:43:59.757   288   288 D wpa_supplicant: RTM_NEWLINK: operstate=1 ifi_flags=0x11043 ([UP][RUNNING][LOWER_UP])
07-09 12:43:59.757   288   288 D wpa_supplicant: RTM_NEWLINK, IFLA_IFNAME: Interface 'wlan0' added
07-09 12:43:59.757   288   288 D wpa_supplicant: Wireless event: cmd=0x8b19 len=8
07-09 12:43:59.757   288   288 D wpa_supplicant: Received 2390 bytes of scan results (13 BSSes)
07-09 12:43:59.804   288   288 D wpa_supplicant: WPS: Building WPS IE for Probe Request
07-09 12:43:59.804   288   288 D wpa_supplicant: WPS:  * Version (hardcoded 0x10)
07-09 12:43:59.804   288   288 D wpa_supplicant: WPS:  * Request Type
07-09 12:43:59.804   288   288 D wpa_supplicant: WPS:  * Config Methods (2388)
07-09 12:43:59.804   288   288 D wpa_supplicant: WPS:  * UUID-E
07-09 12:43:59.804   288   288 D wpa_supplicant: WPS:  * Primary Device Type
07-09 12:43:59.804   288   288 D wpa_supplicant: WPS:  * RF Bands (3)
07-09 12:43:59.804   288   288 D wpa_supplicant: WPS:  * Association State
07-09 12:43:59.804   288   288 D wpa_supplicant: WPS:  * Configuration Error (0)
07-09 12:43:59.804   288   288 D wpa_supplicant: WPS:  * Device Password ID (0)
07-09 12:43:59.804   288   288 D wpa_supplicant: WPS:  * Manufacturer
07-09 12:43:59.804   288   288 D wpa_supplicant: WPS:  * Model Name
07-09 12:43:59.804   288   288 D wpa_supplicant: WPS:  * Model Number
07-09 12:43:59.804   288   288 D wpa_supplicant: WPS:  * Device Name
07-09 12:43:59.804   288   288 D wpa_supplicant: WPS:  * Version2 (0x20)
07-09 12:43:59.804   288   288 D wpa_supplicant: wpa_driver_wext_combo_scan: Start
07-09 12:43:59.804   288   288 D wpa_supplicant: For Scan: (null)
07-09 12:43:59.808   288   288 D wpa_supplicant: Scan requested (ret=0) - scan timeout 30 seconds
07-09 12:44:00.156  9499  9499 D dalvikvm: GC_EXPLICIT freed 9K, 4% free 9062K/9347K, paused 2ms+5ms
07-09 12:44:00.222   140   142 D dalvikvm: GC_CONCURRENT freed 1304K, 12% free 15902K/18055K, paused 17ms+12ms
07-09 12:44:00.988   288   288 D wpa_supplicant: RTM_NEWLINK: operstate=1 ifi_flags=0x11043 ([UP][RUNNING][LOWER_UP])
07-09 12:44:00.988   288   288 D wpa_supplicant: RTM_NEWLINK, IFLA_IFNAME: Interface 'wlan0' added
07-09 12:44:00.988   288   288 D wpa_supplicant: Wireless event: cmd=0x8b19 len=8
07-09 12:44:01.000   288   288 D wpa_supplicant: Received 2390 bytes of scan results (13 BSSes)
07-09 12:44:01.039   288   288 D wpa_supplicant: WPS: Building WPS IE for Probe Request
07-09 12:44:01.039   288   288 D wpa_supplicant: WPS:  * Version (hardcoded 0x10)
07-09 12:44:01.043   288   288 D wpa_supplicant: WPS:  * Request Type
07-09 12:44:01.043   288   288 D wpa_supplicant: WPS:  * Config Methods (2388)
07-09 12:44:01.043   288   288 D wpa_supplicant: WPS:  * UUID-E
07-09 12:44:01.043   288   288 D wpa_supplicant: WPS:  * Primary Device Type
07-09 12:44:01.043   288   288 D wpa_supplicant: WPS:  * RF Bands (3)
07-09 12:44:01.043   288   288 D wpa_supplicant: WPS:  * Association State
07-09 12:44:01.043   288   288 D wpa_supplicant: WPS:  * Configuration Error (0)
07-09 12:44:01.043   288   288 D wpa_supplicant: WPS:  * Device Password ID (0)
07-09 12:44:01.043   288   288 D wpa_supplicant: WPS:  * Manufacturer
07-09 12:44:01.043   288   288 D wpa_supplicant: WPS:  * Model Name
07-09 12:44:01.043   288   288 D wpa_supplicant: WPS:  * Model Number
07-09 12:44:01.043   288   288 D wpa_supplicant: WPS:  * Device Name
07-09 12:44:01.043   288   288 D wpa_supplicant: WPS:  * Version2 (0x20)
07-09 12:44:01.043   288   288 D wpa_supplicant: wpa_driver_wext_combo_scan: Start
07-09 12:44:01.043   288   288 D wpa_supplicant: For Scan: (null)
07-09 12:44:01.043   288   288 D wpa_supplicant: Scan requested (ret=0) - scan timeout 30 seconds
07-09 12:44:01.535  9565  9566 D dalvikvm: GC_CONCURRENT freed 141K, 8% free 10712K/11591K, paused 20ms+4ms
07-09 12:44:02.300   288   288 D wpa_supplicant: RTM_NEWLINK: operstate=1 ifi_flags=0x11043 ([UP][RUNNING][LOWER_UP])
07-09 12:44:02.300   288   288 D wpa_supplicant: RTM_NEWLINK, IFLA_IFNAME: Interface 'wlan0' added
07-09 12:44:02.300   288   288 D wpa_supplicant: Wireless event: cmd=0x8b19 len=8
07-09 12:44:02.320   288   288 D wpa_supplicant: Received 2459 bytes of scan results (13 BSSes)
07-09 12:44:02.347   288   288 D wpa_supplicant: WPS: Building WPS IE for Probe Request
07-09 12:44:02.347   288   288 D wpa_supplicant: WPS:  * Version (hardcoded 0x10)
07-09 12:44:02.347   288   288 D wpa_supplicant: WPS:  * Request Type
07-09 12:44:02.347   288   288 D wpa_supplicant: WPS:  * Config Methods (2388)
07-09 12:44:02.347   288   288 D wpa_supplicant: WPS:  * UUID-E
07-09 12:44:02.347   288   288 D wpa_supplicant: WPS:  * Primary Device Type
07-09 12:44:02.347   288   288 D wpa_supplicant: WPS:  * RF Bands (3)
07-09 12:44:02.347   288   288 D wpa_supplicant: WPS:  * Association State
07-09 12:44:02.347   288   288 D wpa_supplicant: WPS:  * Configuration Error (0)
07-09 12:44:02.347   288   288 D wpa_supplicant: WPS:  * Device Password ID (0)
07-09 12:44:02.347   288   288 D wpa_supplicant: WPS:  * Manufacturer
07-09 12:44:02.347   288   288 D wpa_supplicant: WPS:  * Model Name
07-09 12:44:02.347   288   288 D wpa_supplicant: WPS:  * Model Number
07-09 12:44:02.347   288   288 D wpa_supplicant: WPS:  * Device Name
07-09 12:44:02.347   288   288 D wpa_supplicant: WPS:  * Version2 (0x20)
07-09 12:44:02.347   288   288 D wpa_supplicant: wpa_driver_wext_combo_scan: Start
07-09 12:44:02.347   288   288 D wpa_supplicant: For Scan: (null)
07-09 12:44:02.351   288   288 D wpa_supplicant: Scan requested (ret=0) - scan timeout 30 seconds
07-09 12:44:03.574   288   288 D wpa_supplicant: RTM_NEWLINK: operstate=1 ifi_flags=0x11043 ([UP][RUNNING][LOWER_UP])
07-09 12:44:03.574   288   288 D wpa_supplicant: RTM_NEWLINK, IFLA_IFNAME: Interface 'wlan0' added
07-09 12:44:03.574   288   288 D wpa_supplicant: Wireless event: cmd=0x8b19 len=8
07-09 12:44:03.582   288   288 D wpa_supplicant: Received 2072 bytes of scan results (11 BSSes)
07-09 12:44:03.636   288   288 D wpa_supplicant: WPS: Building WPS IE for Probe Request
07-09 12:44:03.636   288   288 D wpa_supplicant: WPS:  * Version (hardcoded 0x10)
07-09 12:44:03.636   288   288 D wpa_supplicant: WPS:  * Request Type
07-09 12:44:03.636   288   288 D wpa_supplicant: WPS:  * Config Methods (2388)
07-09 12:44:03.636   288   288 D wpa_supplicant: WPS:  * UUID-E
07-09 12:44:03.636   288   288 D wpa_supplicant: WPS:  * Primary Device Type
07-09 12:44:03.636   288   288 D wpa_supplicant: WPS:  * RF Bands (3)
07-09 12:44:03.636   288   288 D wpa_supplicant: WPS:  * Association State
07-09 12:44:03.636   288   288 D wpa_supplicant: WPS:  * Configuration Error (0)
07-09 12:44:03.636   288   288 D wpa_supplicant: WPS:  * Device Password ID (0)
07-09 12:44:03.636   288   288 D wpa_supplicant: WPS:  * Manufacturer
07-09 12:44:03.636   288   288 D wpa_supplicant: WPS:  * Model Name
07-09 12:44:03.636   288   288 D wpa_supplicant: WPS:  * Model Number
07-09 12:44:03.636   288   288 D wpa_supplicant: WPS:  * Device Name
07-09 12:44:03.636   288   288 D wpa_supplicant: WPS:  * Version2 (0x20)
07-09 12:44:03.636   288   288 D wpa_supplicant: wpa_driver_wext_combo_scan: Start
07-09 12:44:03.636   288   288 D wpa_supplicant: For Scan: (null)
07-09 12:44:03.636   288   288 D wpa_supplicant: Scan requested (ret=0) - scan timeout 30 seconds
07-09 12:44:03.804  9565  9566 D dalvikvm: GC_CONCURRENT freed 364K, 7% free 10893K/11591K, paused 2ms+3ms
07-09 12:44:04.796   288   288 D wpa_supplicant: RTM_NEWLINK: operstate=1 ifi_flags=0x11043 ([UP][RUNNING][LOWER_UP])
07-09 12:44:04.796   288   288 D wpa_supplicant: RTM_NEWLINK, IFLA_IFNAME: Interface 'wlan0' added
07-09 12:44:04.796   288   288 D wpa_supplicant: Wireless event: cmd=0x8b19 len=8
07-09 12:44:04.796   288   288 D wpa_supplicant: Received 1999 bytes of scan results (11 BSSes)
07-09 12:44:04.820   288   288 D wpa_supplicant: WPS: Building WPS IE for Probe Request
07-09 12:44:04.820   288   288 D wpa_supplicant: WPS:  * Version (hardcoded 0x10)
07-09 12:44:04.820   288   288 D wpa_supplicant: WPS:  * Request Type
07-09 12:44:04.820   288   288 D wpa_supplicant: WPS:  * Config Methods (2388)
07-09 12:44:04.820   288   288 D wpa_supplicant: WPS:  * UUID-E
07-09 12:44:04.820   288   288 D wpa_supplicant: WPS:  * Primary Device Type
07-09 12:44:04.820   288   288 D wpa_supplicant: WPS:  * RF Bands (3)
07-09 12:44:04.820   288   288 D wpa_supplicant: WPS:  * Association State
07-09 12:44:04.820   288   288 D wpa_supplicant: WPS:  * Configuration Error (0)
07-09 12:44:04.820   288   288 D wpa_supplicant: WPS:  * Device Password ID (0)
07-09 12:44:04.820   288   288 D wpa_supplicant: WPS:  * Manufacturer
07-09 12:44:04.820   288   288 D wpa_supplicant: WPS:  * Model Name
07-09 12:44:04.820   288   288 D wpa_supplicant: WPS:  * Model Number
07-09 12:44:04.820   288   288 D wpa_supplicant: WPS:  * Device Name
07-09 12:44:04.820   288   288 D wpa_supplicant: WPS:  * Version2 (0x20)
07-09 12:44:04.820   288   288 D wpa_supplicant: wpa_driver_wext_combo_scan: Start
07-09 12:44:04.820   288   288 D wpa_supplicant: For Scan: (null)
07-09 12:44:04.820   288   288 D wpa_supplicant: Scan requested (ret=0) - scan timeout 30 seconds
07-09 12:44:06.004   288   288 D wpa_supplicant: RTM_NEWLINK: operstate=1 ifi_flags=0x11043 ([UP][RUNNING][LOWER_UP])
07-09 12:44:06.004   288   288 D wpa_supplicant: RTM_NEWLINK, IFLA_IFNAME: Interface 'wlan0' added
07-09 12:44:06.004   288   288 D wpa_supplicant: Wireless event: cmd=0x8b19 len=8
07-09 12:44:06.004   288   288 D wpa_supplicant: Received 2921 bytes of scan results (16 BSSes)
07-09 12:44:06.054   288   288 D wpa_supplicant: WPS: Building WPS IE for Probe Request
07-09 12:44:06.054   288   288 D wpa_supplicant: WPS:  * Version (hardcoded 0x10)
07-09 12:44:06.054   288   288 D wpa_supplicant: WPS:  * Request Type
07-09 12:44:06.054   288   288 D wpa_supplicant: WPS:  * Config Methods (2388)
07-09 12:44:06.054   288   288 D wpa_supplicant: WPS:  * UUID-E
07-09 12:44:06.054   288   288 D wpa_supplicant: WPS:  * Primary Device Type
07-09 12:44:06.054   288   288 D wpa_supplicant: WPS:  * RF Bands (3)
07-09 12:44:06.054   288   288 D wpa_supplicant: WPS:  * Association State
07-09 12:44:06.054   288   288 D wpa_supplicant: WPS:  * Configuration Error (0)
07-09 12:44:06.054   288   288 D wpa_supplicant: WPS:  * Device Password ID (0)
07-09 12:44:06.054   288   288 D wpa_supplicant: WPS:  * Manufacturer
07-09 12:44:06.054   288   288 D wpa_supplicant: WPS:  * Model Name
07-09 12:44:06.054   288   288 D wpa_supplicant: WPS:  * Model Number
07-09 12:44:06.054   288   288 D wpa_supplicant: WPS:  * Device Name
07-09 12:44:06.054   288   288 D wpa_supplicant: WPS:  * Version2 (0x20)
07-09 12:44:06.054   288   288 D wpa_supplicant: wpa_driver_wext_combo_scan: Start
07-09 12:44:06.054   288   288 D wpa_supplicant: For Scan: (null)
07-09 12:44:06.054   288   288 D wpa_supplicant: Scan requested (ret=0) - scan timeout 30 seconds
07-09 12:44:07.234   288   288 D wpa_supplicant: RTM_NEWLINK: operstate=1 ifi_flags=0x11043 ([UP][RUNNING][LOWER_UP])
07-09 12:44:07.234   288   288 D wpa_supplicant: RTM_NEWLINK, IFLA_IFNAME: Interface 'wlan0' added
07-09 12:44:07.234   288   288 D wpa_supplicant: Wireless event: cmd=0x8b19 len=8
07-09 12:44:07.246   288   288 D wpa_supplicant: Received 2107 bytes of scan results (11 BSSes)
07-09 12:44:07.289   288   288 D wpa_supplicant: WPS: Building WPS IE for Probe Request
07-09 12:44:07.289   288   288 D wpa_supplicant: WPS:  * Version (hardcoded 0x10)
07-09 12:44:07.289   288   288 D wpa_supplicant: WPS:  * Request Type
07-09 12:44:07.289   288   288 D wpa_supplicant: WPS:  * Config Methods (2388)
07-09 12:44:07.289   288   288 D wpa_supplicant: WPS:  * UUID-E
07-09 12:44:07.289   288   288 D wpa_supplicant: WPS:  * Primary Device Type
07-09 12:44:07.289   288   288 D wpa_supplicant: WPS:  * RF Bands (3)
07-09 12:44:07.289   288   288 D wpa_supplicant: WPS:  * Association State
07-09 12:44:07.289   288   288 D wpa_supplicant: WPS:  * Configuration Error (0)
07-09 12:44:07.289   288   288 D wpa_supplicant: WPS:  * Device Password ID (0)
07-09 12:44:07.289   288   288 D wpa_supplicant: WPS:  * Manufacturer
07-09 12:44:07.289   288   288 D wpa_supplicant: WPS:  * Model Name
07-09 12:44:07.289   288   288 D wpa_supplicant: WPS:  * Model Number
07-09 12:44:07.289   288   288 D wpa_supplicant: WPS:  * Device Name
07-09 12:44:07.289   288   288 D wpa_supplicant: WPS:  * Version2 (0x20)
07-09 12:44:07.289   288   288 D wpa_supplicant: wpa_driver_wext_combo_scan: Start
07-09 12:44:07.289   288   288 D wpa_supplicant: For Scan: (null)
07-09 12:44:07.293   288   288 D wpa_supplicant: Scan requested (ret=0) - scan timeout 30 seconds
07-09 12:44:08.453   288   288 D wpa_supplicant: RTM_NEWLINK: operstate=1 ifi_flags=0x11043 ([UP][RUNNING][LOWER_UP])
07-09 12:44:08.453   288   288 D wpa_supplicant: RTM_NEWLINK, IFLA_IFNAME: Interface 'wlan0' added
07-09 12:44:08.453   288   288 D wpa_supplicant: Wireless event: cmd=0x8b19 len=8
07-09 12:44:08.453   288   288 D wpa_supplicant: Received 2037 bytes of scan results (11 BSSes)
07-09 12:44:08.550   288   288 D wpa_supplicant: wpa_driver_wext_driver_cmd SETSUSPENDOPT 0 len = 4096
07-09 12:44:08.550   288   288 D wpa_supplicant: wpa_driver_wext_driver_cmd SETSUSPENDOPT 0 len = 0, 15
07-09 12:44:08.550   288   288 D wpa_supplicant: wpa_driver_wext_driver_cmd POWERMODE 0 len = 4096
07-09 12:44:08.554   288   288 D wpa_supplicant: wpa_driver_wext_driver_cmd OK len = 0, 2
07-09 12:44:08.586   288   288 D wpa_supplicant: WPS: Building WPS IE for Probe Request
07-09 12:44:08.586   288   288 D wpa_supplicant: WPS:  * Version (hardcoded 0x10)
07-09 12:44:08.586   288   288 D wpa_supplicant: WPS:  * Request Type
07-09 12:44:08.586   288   288 D wpa_supplicant: WPS:  * Config Methods (2388)
07-09 12:44:08.586   288   288 D wpa_supplicant: WPS:  * UUID-E
07-09 12:44:08.586   288   288 D wpa_supplicant: WPS:  * Primary Device Type
07-09 12:44:08.586   288   288 D wpa_supplicant: WPS:  * RF Bands (3)
07-09 12:44:08.586   288   288 D wpa_supplicant: WPS:  * Association State
07-09 12:44:08.586   288   288 D wpa_supplicant: WPS:  * Configuration Error (0)
07-09 12:44:08.586   288   288 D wpa_supplicant: WPS:  * Device Password ID (0)
07-09 12:44:08.586   288   288 D wpa_supplicant: WPS:  * Manufacturer
07-09 12:44:08.586   288   288 D wpa_supplicant: WPS:  * Model Name
07-09 12:44:08.586   288   288 D wpa_supplicant: WPS:  * Model Number
07-09 12:44:08.586   288   288 D wpa_supplicant: WPS:  * Device Name
07-09 12:44:08.586   288   288 D wpa_supplicant: WPS:  * Version2 (0x20)
07-09 12:44:08.586   288   288 D wpa_supplicant: wpa_driver_wext_combo_scan: Start
07-09 12:44:08.586   288   288 D wpa_supplicant: For Scan: (null)
07-09 12:44:08.593   288   288 D wpa_supplicant: Scan requested (ret=0) - scan timeout 30 seconds
07-09 12:44:08.699   288   288 D wpa_supplicant: wpa_driver_wext_driver_cmd SETSUSPENDOPT 0 len = 4096
07-09 12:44:08.699   288   288 D wpa_supplicant: wpa_driver_wext_driver_cmd SETSUSPENDOPT 0 len = 0, 15
07-09 12:44:08.699   288   288 D wpa_supplicant: wpa_driver_wext_driver_cmd POWERMODE 0 len = 4096
07-09 12:44:08.703   288   288 D wpa_supplicant: wpa_driver_wext_driver_cmd OK len = 0, 2
07-09 12:44:08.730  9565  9566 D dalvikvm: GC_CONCURRENT freed 854K, 9% free 10606K/11591K, paused 2ms+6ms
07-09 12:44:08.796  7499 10125 I LocationUtil: lbs-scheduleTargetingUpdate start
07-09 12:44:08.796  7499 10125 W LocationUtil: lbs-scheduleTargetingUpdate: user has NOT allowed use of lbs, skip
07-09 12:44:08.796  7499 10125 I LocatorService: lbs-onHandleIntent -- passive repeat
07-09 12:44:08.796  7499 10125 W LocationUtil: lbs-requestPassiveUpdates start
07-09 12:44:09.656   288   288 D wpa_supplicant: RTM_NEWLINK: operstate=1 ifi_flags=0x11043 ([UP][RUNNING][LOWER_UP])
07-09 12:44:09.656   288   288 D wpa_supplicant: RTM_NEWLINK, IFLA_IFNAME: Interface 'wlan0' added
07-09 12:44:09.656   288   288 D wpa_supplicant: Wireless event: cmd=0x8b19 len=8
07-09 12:44:09.668   288   288 D wpa_supplicant: Received 3416 bytes of scan results (19 BSSes)
07-09 12:44:09.734   288   288 D wpa_supplicant: WPS: Building WPS IE for Probe Request
07-09 12:44:09.734   288   288 D wpa_supplicant: WPS:  * Version (hardcoded 0x10)
07-09 12:44:09.734   288   288 D wpa_supplicant: WPS:  * Request Type
07-09 12:44:09.734   288   288 D wpa_supplicant: WPS:  * Config Methods (2388)
07-09 12:44:09.734   288   288 D wpa_supplicant: WPS:  * UUID-E
07-09 12:44:09.734   288   288 D wpa_supplicant: WPS:  * Primary Device Type
07-09 12:44:09.734   288   288 D wpa_supplicant: WPS:  * RF Bands (3)
07-09 12:44:09.734   288   288 D wpa_supplicant: WPS:  * Association State
07-09 12:44:09.734   288   288 D wpa_supplicant: WPS:  * Configuration Error (0)
07-09 12:44:09.734   288   288 D wpa_supplicant: WPS:  * Device Password ID (0)
07-09 12:44:09.734   288   288 D wpa_supplicant: WPS:  * Manufacturer
07-09 12:44:09.734   288   288 D wpa_supplicant: WPS:  * Model Name
07-09 12:44:09.734   288   288 D wpa_supplicant: WPS:  * Model Number
07-09 12:44:09.734   288   288 D wpa_supplicant: WPS:  * Device Name
07-09 12:44:09.734   288   288 D wpa_supplicant: WPS:  * Version2 (0x20)
07-09 12:44:09.734   288   288 D wpa_supplicant: wpa_driver_wext_combo_scan: Start
07-09 12:44:09.734   288   288 D wpa_supplicant: For Scan: (null)
07-09 12:44:09.738   288   288 D wpa_supplicant: Scan requested (ret=0) - scan timeout 30 seconds
07-09 12:44:10.836   288   288 D wpa_supplicant: RTM_NEWLINK: operstate=1 ifi_flags=0x11043 ([UP][RUNNING][LOWER_UP])
07-09 12:44:10.836   288   288 D wpa_supplicant: RTM_NEWLINK, IFLA_IFNAME: Interface 'wlan0' added
07-09 12:44:10.836   288   288 D wpa_supplicant: Wireless event: cmd=0x8b19 len=8
07-09 12:44:10.836   288   288 D wpa_supplicant: Received 3064 bytes of scan results (17 BSSes)
07-09 12:44:10.871   288   288 D wpa_supplicant: WPS: Building WPS IE for Probe Request
07-09 12:44:10.875   288   288 D wpa_supplicant: WPS:  * Version (hardcoded 0x10)
07-09 12:44:10.875   288   288 D wpa_supplicant: WPS:  * Request Type
07-09 12:44:10.875   288   288 D wpa_supplicant: WPS:  * Config Methods (2388)
07-09 12:44:10.875   288   288 D wpa_supplicant: WPS:  * UUID-E
07-09 12:44:10.875   288   288 D wpa_supplicant: WPS:  * Primary Device Type
07-09 12:44:10.875   288   288 D wpa_supplicant: WPS:  * RF Bands (3)
07-09 12:44:10.875   288   288 D wpa_supplicant: WPS:  * Association State
07-09 12:44:10.875   288   288 D wpa_supplicant: WPS:  * Configuration Error (0)
07-09 12:44:10.875   288   288 D wpa_supplicant: WPS:  * Device Password ID (0)
07-09 12:44:10.875   288   288 D wpa_supplicant: WPS:  * Manufacturer
07-09 12:44:10.875   288   288 D wpa_supplicant: WPS:  * Model Name
07-09 12:44:10.875   288   288 D wpa_supplicant: WPS:  * Model Number
07-09 12:44:10.875   288   288 D wpa_supplicant: WPS:  * Device Name
07-09 12:44:10.875   288   288 D wpa_supplicant: WPS:  * Version2 (0x20)
07-09 12:44:10.875   288   288 D wpa_supplicant: wpa_driver_wext_combo_scan: Start
07-09 12:44:10.875   288   288 D wpa_supplicant: For Scan: (null)
07-09 12:44:10.875   288   288 D wpa_supplicant: Scan requested (ret=0) - scan timeout 30 seconds
07-09 12:44:11.972   288   288 D wpa_supplicant: RTM_NEWLINK: operstate=1 ifi_flags=0x11043 ([UP][RUNNING][LOWER_UP])
07-09 12:44:11.972   288   288 D wpa_supplicant: RTM_NEWLINK, IFLA_IFNAME: Interface 'wlan0' added
07-09 12:44:11.972   288   288 D wpa_supplicant: Wireless event: cmd=0x8b19 len=8
07-09 12:44:11.992   288   288 D wpa_supplicant: Received 3385 bytes of scan results (19 BSSes)
07-09 12:44:12.046   288   288 D wpa_supplicant: WPS: Building WPS IE for Probe Request
07-09 12:44:12.046   288   288 D wpa_supplicant: WPS:  * Version (hardcoded 0x10)
07-09 12:44:12.046   288   288 D wpa_supplicant: WPS:  * Request Type
07-09 12:44:12.046   288   288 D wpa_supplicant: WPS:  * Config Methods (2388)
07-09 12:44:12.046   288   288 D wpa_supplicant: WPS:  * UUID-E
07-09 12:44:12.046   288   288 D wpa_supplicant: WPS:  * Primary Device Type
07-09 12:44:12.046   288   288 D wpa_supplicant: WPS:  * RF Bands (3)
07-09 12:44:12.046   288   288 D wpa_supplicant: WPS:  * Association State
07-09 12:44:12.046   288   288 D wpa_supplicant: WPS:  * Configuration Error (0)
07-09 12:44:12.046   288   288 D wpa_supplicant: WPS:  * Device Password ID (0)
07-09 12:44:12.046   288   288 D wpa_supplicant: WPS:  * Manufacturer
07-09 12:44:12.046   288   288 D wpa_supplicant: WPS:  * Model Name
07-09 12:44:12.046   288   288 D wpa_supplicant: WPS:  * Model Number
07-09 12:44:12.046   288   288 D wpa_supplicant: WPS:  * Device Name
07-09 12:44:12.046   288   288 D wpa_supplicant: WPS:  * Version2 (0x20)
07-09 12:44:12.046   288   288 D wpa_supplicant: wpa_driver_wext_combo_scan: Start
07-09 12:44:12.046   288   288 D wpa_supplicant: For Scan: (null)
07-09 12:44:12.050   288   288 D wpa_supplicant: Scan requested (ret=0) - scan timeout 30 seconds
07-09 12:44:13.273   288   288 D wpa_supplicant: RTM_NEWLINK: operstate=1 ifi_flags=0x11043 ([UP][RUNNING][LOWER_UP])
07-09 12:44:13.273   288   288 D wpa_supplicant: RTM_NEWLINK, IFLA_IFNAME: Interface 'wlan0' added
07-09 12:44:13.273   288   288 D wpa_supplicant: Wireless event: cmd=0x8b19 len=8
07-09 12:44:13.285   288   288 D wpa_supplicant: Scan results did not fit - trying larger buffer (8192 bytes)
07-09 12:44:13.300   288   288 D wpa_supplicant: Received 5120 bytes of scan results (29 BSSes)
07-09 12:44:13.398   288   288 D wpa_supplicant: WPS: Building WPS IE for Probe Request
07-09 12:44:13.398   288   288 D wpa_supplicant: WPS:  * Version (hardcoded 0x10)
07-09 12:44:13.398   288   288 D wpa_supplicant: WPS:  * Request Type
07-09 12:44:13.398   288   288 D wpa_supplicant: WPS:  * Config Methods (2388)
07-09 12:44:13.398   288   288 D wpa_supplicant: WPS:  * UUID-E
07-09 12:44:13.398   288   288 D wpa_supplicant: WPS:  * Primary Device Type
07-09 12:44:13.398   288   288 D wpa_supplicant: WPS:  * RF Bands (3)
07-09 12:44:13.398   288   288 D wpa_supplicant: WPS:  * Association State
07-09 12:44:13.398   288   288 D wpa_supplicant: WPS:  * Configuration Error (0)
07-09 12:44:13.398   288   288 D wpa_supplicant: WPS:  * Device Password ID (0)
07-09 12:44:13.398   288   288 D wpa_supplicant: WPS:  * Manufacturer
07-09 12:44:13.398   288   288 D wpa_supplicant: WPS:  * Model Name
07-09 12:44:13.398   288   288 D wpa_supplicant: WPS:  * Model Number
07-09 12:44:13.398   288   288 D wpa_supplicant: WPS:  * Device Name
07-09 12:44:13.398   288   288 D wpa_supplicant: WPS:  * Version2 (0x20)
07-09 12:44:13.398   288   288 D wpa_supplicant: wpa_driver_wext_combo_scan: Start
07-09 12:44:13.398   288   288 D wpa_supplicant: For Scan: (null)
07-09 12:44:13.402   288   288 D wpa_supplicant: Scan requested (ret=0) - scan timeout 30 seconds
07-09 12:44:13.492   267   269 D dalvikvm: GC_CONCURRENT freed 563K, 7% free 10952K/11655K, paused 3ms+5ms
07-09 12:44:13.500  9565  9566 D dalvikvm: GC_CONCURRENT freed 228K, 7% free 10852K/11591K, paused 2ms+4ms
07-09 12:44:13.656  9565 10123 D dalvikvm: GC_FOR_ALLOC freed 404K, 7% free 10844K/11591K, paused 26ms
07-09 12:44:13.656  9565 10123 I dalvikvm-heap: Grow heap (frag case) to 10.724MB for 64482-byte allocation
07-09 12:44:13.691  9565 10120 D dalvikvm: GC_FOR_ALLOC freed 31K, 7% free 10876K/11655K, paused 24ms
07-09 12:44:14.453   288   288 D wpa_supplicant: RTM_NEWLINK: operstate=1 ifi_flags=0x11043 ([UP][RUNNING][LOWER_UP])
07-09 12:44:14.453   288   288 D wpa_supplicant: RTM_NEWLINK, IFLA_IFNAME: Interface 'wlan0' added
07-09 12:44:14.453   288   288 D wpa_supplicant: Wireless event: cmd=0x8b19 len=8
07-09 12:44:14.461   288   288 D wpa_supplicant: Received 3651 bytes of scan results (20 BSSes)
07-09 12:44:14.570   288   288 D wpa_supplicant: WPS: Building WPS IE for Probe Request
07-09 12:44:14.570   288   288 D wpa_supplicant: WPS:  * Version (hardcoded 0x10)
07-09 12:44:14.570   288   288 D wpa_supplicant: WPS:  * Request Type
07-09 12:44:14.570   288   288 D wpa_supplicant: WPS:  * Config Methods (2388)
07-09 12:44:14.570   288   288 D wpa_supplicant: WPS:  * UUID-E
07-09 12:44:14.570   288   288 D wpa_supplicant: WPS:  * Primary Device Type
07-09 12:44:14.570   288   288 D wpa_supplicant: WPS:  * RF Bands (3)
07-09 12:44:14.570   288   288 D wpa_supplicant: WPS:  * Association State
07-09 12:44:14.570   288   288 D wpa_supplicant: WPS:  * Configuration Error (0)
07-09 12:44:14.570   288   288 D wpa_supplicant: WPS:  * Device Password ID (0)
07-09 12:44:14.570   288   288 D wpa_supplicant: WPS:  * Manufacturer
07-09 12:44:14.570   288   288 D wpa_supplicant: WPS:  * Model Name
07-09 12:44:14.570   288   288 D wpa_supplicant: WPS:  * Model Number
07-09 12:44:14.570   288   288 D wpa_supplicant: WPS:  * Device Name
07-09 12:44:14.570   288   288 D wpa_supplicant: WPS:  * Version2 (0x20)
07-09 12:44:14.570   288   288 D wpa_supplicant: wpa_driver_wext_combo_scan: Start
07-09 12:44:14.570   288   288 D wpa_supplicant: For Scan: (null)
07-09 12:44:14.574   288   288 D wpa_supplicant: Scan requested (ret=0) - scan timeout 30 seconds
07-09 12:44:15.644   288   288 D wpa_supplicant: RTM_NEWLINK: operstate=1 ifi_flags=0x11043 ([UP][RUNNING][LOWER_UP])
07-09 12:44:15.644   288   288 D wpa_supplicant: RTM_NEWLINK, IFLA_IFNAME: Interface 'wlan0' added
07-09 12:44:15.644   288   288 D wpa_supplicant: Wireless event: cmd=0x8b19 len=8
07-09 12:44:15.644   288   288 D wpa_supplicant: Received 2707 bytes of scan results (16 BSSes)
07-09 12:44:15.738   288   288 D wpa_supplicant: WPS: Building WPS IE for Probe Request
07-09 12:44:15.738   288   288 D wpa_supplicant: WPS:  * Version (hardcoded 0x10)
07-09 12:44:15.738   288   288 D wpa_supplicant: WPS:  * Request Type
07-09 12:44:15.738   288   288 D wpa_supplicant: WPS:  * Config Methods (2388)
07-09 12:44:15.738   288   288 D wpa_supplicant: WPS:  * UUID-E
07-09 12:44:15.738   288   288 D wpa_supplicant: WPS:  * Primary Device Type
07-09 12:44:15.738   288   288 D wpa_supplicant: WPS:  * RF Bands (3)
07-09 12:44:15.738   288   288 D wpa_supplicant: WPS:  * Association State
07-09 12:44:15.738   288   288 D wpa_supplicant: WPS:  * Configuration Error (0)
07-09 12:44:15.738   288   288 D wpa_supplicant: WPS:  * Device Password ID (0)
07-09 12:44:15.738   288   288 D wpa_supplicant: WPS:  * Manufacturer
07-09 12:44:15.738   288   288 D wpa_supplicant: WPS:  * Model Name
07-09 12:44:15.738   288   288 D wpa_supplicant: WPS:  * Model Number
07-09 12:44:15.738   288   288 D wpa_supplicant: WPS:  * Device Name
07-09 12:44:15.738   288   288 D wpa_supplicant: WPS:  * Version2 (0x20)
07-09 12:44:15.738   288   288 D wpa_supplicant: wpa_driver_wext_combo_scan: Start
07-09 12:44:15.738   288   288 D wpa_supplicant: For Scan: (null)
07-09 12:44:15.738   288   288 D wpa_supplicant: Scan requested (ret=0) - scan timeout 30 seconds
07-09 12:44:16.828   288   288 D wpa_supplicant: RTM_NEWLINK: operstate=1 ifi_flags=0x11043 ([UP][RUNNING][LOWER_UP])
07-09 12:44:16.828   288   288 D wpa_supplicant: RTM_NEWLINK, IFLA_IFNAME: Interface 'wlan0' added
07-09 12:44:16.828   288   288 D wpa_supplicant: Wireless event: cmd=0x8b19 len=8
07-09 12:44:16.836   288   288 D wpa_supplicant: Scan results did not fit - trying larger buffer (8192 bytes)
07-09 12:44:16.847   288   288 D wpa_supplicant: Received 4481 bytes of scan results (25 BSSes)
07-09 12:44:16.902   288   288 D wpa_supplicant: WPS: Building WPS IE for Probe Request
07-09 12:44:16.902   288   288 D wpa_supplicant: WPS:  * Version (hardcoded 0x10)
07-09 12:44:16.902   288   288 D wpa_supplicant: WPS:  * Request Type
07-09 12:44:16.902   288   288 D wpa_supplicant: WPS:  * Config Methods (2388)
07-09 12:44:16.902   288   288 D wpa_supplicant: WPS:  * UUID-E
07-09 12:44:16.902   288   288 D wpa_supplicant: WPS:  * Primary Device Type
07-09 12:44:16.902   288   288 D wpa_supplicant: WPS:  * RF Bands (3)
07-09 12:44:16.902   288   288 D wpa_supplicant: WPS:  * Association State
07-09 12:44:16.902   288   288 D wpa_supplicant: WPS:  * Configuration Error (0)
07-09 12:44:16.902   288   288 D wpa_supplicant: WPS:  * Device Password ID (0)
07-09 12:44:16.902   288   288 D wpa_supplicant: WPS:  * Manufacturer
07-09 12:44:16.902   288   288 D wpa_supplicant: WPS:  * Model Name
07-09 12:44:16.902   288   288 D wpa_supplicant: WPS:  * Model Number
07-09 12:44:16.902   288   288 D wpa_supplicant: WPS:  * Device Name
07-09 12:44:16.902   288   288 D wpa_supplicant: WPS:  * Version2 (0x20)
07-09 12:44:16.902   288   288 D wpa_supplicant: wpa_driver_wext_combo_scan: Start
07-09 12:44:16.902   288   288 D wpa_supplicant: For Scan: (null)
07-09 12:44:16.906   288   288 D wpa_supplicant: Scan requested (ret=0) - scan timeout 30 seconds
07-09 12:44:17.062  9565  9566 D dalvikvm: GC_CONCURRENT freed 803K, 10% free 10566K/11655K, paused 2ms+3ms
07-09 12:44:18.113   288   288 D wpa_supplicant: RTM_NEWLINK: operstate=1 ifi_flags=0x11043 ([UP][RUNNING][LOWER_UP])
07-09 12:44:18.113   288   288 D wpa_supplicant: RTM_NEWLINK, IFLA_IFNAME: Interface 'wlan0' added
07-09 12:44:18.113   288   288 D wpa_supplicant: Wireless event: cmd=0x8b19 len=8
07-09 12:44:18.129   288   288 D wpa_supplicant: Received 3583 bytes of scan results (20 BSSes)
07-09 12:44:18.222   288   288 D wpa_supplicant: WPS: Building WPS IE for Probe Request
07-09 12:44:18.222   288   288 D wpa_supplicant: WPS:  * Version (hardcoded 0x10)
07-09 12:44:18.222   288   288 D wpa_supplicant: WPS:  * Request Type
07-09 12:44:18.222   288   288 D wpa_supplicant: WPS:  * Config Methods (2388)
07-09 12:44:18.222   288   288 D wpa_supplicant: WPS:  * UUID-E
07-09 12:44:18.222   288   288 D wpa_supplicant: WPS:  * Primary Device Type
07-09 12:44:18.222   288   288 D wpa_supplicant: WPS:  * RF Bands (3)
07-09 12:44:18.222   288   288 D wpa_supplicant: WPS:  * Association State
07-09 12:44:18.222   288   288 D wpa_supplicant: WPS:  * Configuration Error (0)
07-09 12:44:18.222   288   288 D wpa_supplicant: WPS:  * Device Password ID (0)
07-09 12:44:18.222   288   288 D wpa_supplicant: WPS:  * Manufacturer
07-09 12:44:18.222   288   288 D wpa_supplicant: WPS:  * Model Name
07-09 12:44:18.222   288   288 D wpa_supplicant: WPS:  * Model Number
07-09 12:44:18.222   288   288 D wpa_supplicant: WPS:  * Device Name
07-09 12:44:18.222   288   288 D wpa_supplicant: WPS:  * Version2 (0x20)
07-09 12:44:18.222   288   288 D wpa_supplicant: wpa_driver_wext_combo_scan: Start
07-09 12:44:18.222   288   288 D wpa_supplicant: For Scan: (null)
07-09 12:44:18.222   288   288 D wpa_supplicant: Scan requested (ret=0) - scan timeout 30 seconds
07-09 12:44:19.308   288   288 D wpa_supplicant: RTM_NEWLINK: operstate=1 ifi_flags=0x11043 ([UP][RUNNING][LOWER_UP])
07-09 12:44:19.308   288   288 D wpa_supplicant: RTM_NEWLINK, IFLA_IFNAME: Interface 'wlan0' added
07-09 12:44:19.308   288   288 D wpa_supplicant: Wireless event: cmd=0x8b19 len=8
07-09 12:44:19.324   288   288 D wpa_supplicant: Received 3629 bytes of scan results (21 BSSes)
07-09 12:44:19.414   288   288 D wpa_supplicant: WPS: Building WPS IE for Probe Request
07-09 12:44:19.414   288   288 D wpa_supplicant: WPS:  * Version (hardcoded 0x10)
07-09 12:44:19.414   288   288 D wpa_supplicant: WPS:  * Request Type
07-09 12:44:19.414   288   288 D wpa_supplicant: WPS:  * Config Methods (2388)
07-09 12:44:19.414   288   288 D wpa_supplicant: WPS:  * UUID-E
07-09 12:44:19.414   288   288 D wpa_supplicant: WPS:  * Primary Device Type
07-09 12:44:19.414   288   288 D wpa_supplicant: WPS:  * RF Bands (3)
07-09 12:44:19.414   288   288 D wpa_supplicant: WPS:  * Association State
07-09 12:44:19.414   288   288 D wpa_supplicant: WPS:  * Configuration Error (0)
07-09 12:44:19.414   288   288 D wpa_supplicant: WPS:  * Device Password ID (0)
07-09 12:44:19.414   288   288 D wpa_supplicant: WPS:  * Manufacturer
07-09 12:44:19.414   288   288 D wpa_supplicant: WPS:  * Model Name
07-09 12:44:19.414   288   288 D wpa_supplicant: WPS:  * Model Number
07-09 12:44:19.414   288   288 D wpa_supplicant: WPS:  * Device Name
07-09 12:44:19.414   288   288 D wpa_supplicant: WPS:  * Version2 (0x20)
07-09 12:44:19.414   288   288 D wpa_supplicant: wpa_driver_wext_combo_scan: Start
07-09 12:44:19.414   288   288 D wpa_supplicant: For Scan: (null)
07-09 12:44:19.414   288   288 D wpa_supplicant: Scan requested (ret=0) - scan timeout 30 seconds
07-09 12:44:20.636   288   288 D wpa_supplicant: RTM_NEWLINK: operstate=1 ifi_flags=0x11043 ([UP][RUNNING][LOWER_UP])
07-09 12:44:20.636   288   288 D wpa_supplicant: RTM_NEWLINK, IFLA_IFNAME: Interface 'wlan0' added
07-09 12:44:20.636   288   288 D wpa_supplicant: Wireless event: cmd=0x8b19 len=8
07-09 12:44:20.644   288   288 D wpa_supplicant: Received 2943 bytes of scan results (17 BSSes)
07-09 12:44:20.718   288   288 D wpa_supplicant: WPS: Building WPS IE for Probe Request
07-09 12:44:20.718   288   288 D wpa_supplicant: WPS:  * Version (hardcoded 0x10)
07-09 12:44:20.718   288   288 D wpa_supplicant: WPS:  * Request Type
07-09 12:44:20.718   288   288 D wpa_supplicant: WPS:  * Config Methods (2388)
07-09 12:44:20.718   288   288 D wpa_supplicant: WPS:  * UUID-E
07-09 12:44:20.718   288   288 D wpa_supplicant: WPS:  * Primary Device Type
07-09 12:44:20.718   288   288 D wpa_supplicant: WPS:  * RF Bands (3)
07-09 12:44:20.718   288   288 D wpa_supplicant: WPS:  * Association State
07-09 12:44:20.718   288   288 D wpa_supplicant: WPS:  * Configuration Error (0)
07-09 12:44:20.718   288   288 D wpa_supplicant: WPS:  * Device Password ID (0)
07-09 12:44:20.718   288   288 D wpa_supplicant: WPS:  * Manufacturer
07-09 12:44:20.718   288   288 D wpa_supplicant: WPS:  * Model Name
07-09 12:44:20.718   288   288 D wpa_supplicant: WPS:  * Model Number
07-09 12:44:20.718   288   288 D wpa_supplicant: WPS:  * Device Name
07-09 12:44:20.718   288   288 D wpa_supplicant: WPS:  * Version2 (0x20)
07-09 12:44:20.718   288   288 D wpa_supplicant: wpa_driver_wext_combo_scan: Start
07-09 12:44:20.718   288   288 D wpa_supplicant: For Scan: (null)
07-09 12:44:20.718   288   288 D wpa_supplicant: Scan requested (ret=0) - scan timeout 30 seconds
07-09 12:44:21.683  9565  9566 D dalvikvm: GC_CONCURRENT freed 202K, 8% free 10756K/11655K, paused 11ms+4ms
07-09 12:44:21.773   288   288 D wpa_supplicant: RTM_NEWLINK: operstate=1 ifi_flags=0x11043 ([UP][RUNNING][LOWER_UP])
07-09 12:44:21.773   288   288 D wpa_supplicant: RTM_NEWLINK, IFLA_IFNAME: Interface 'wlan0' added
07-09 12:44:21.773   288   288 D wpa_supplicant: Wireless event: cmd=0x8b19 len=8
07-09 12:44:21.777   288   288 D wpa_supplicant: Received 2661 bytes of scan results (16 BSSes)
07-09 12:44:21.843   288   288 D wpa_supplicant: WPS: Building WPS IE for Probe Request
07-09 12:44:21.843   288   288 D wpa_supplicant: WPS:  * Version (hardcoded 0x10)
07-09 12:44:21.843   288   288 D wpa_supplicant: WPS:  * Request Type
07-09 12:44:21.843   288   288 D wpa_supplicant: WPS:  * Config Methods (2388)
07-09 12:44:21.843   288   288 D wpa_supplicant: WPS:  * UUID-E
07-09 12:44:21.843   288   288 D wpa_supplicant: WPS:  * Primary Device Type
07-09 12:44:21.843   288   288 D wpa_supplicant: WPS:  * RF Bands (3)
07-09 12:44:21.843   288   288 D wpa_supplicant: WPS:  * Association State
07-09 12:44:21.843   288   288 D wpa_supplicant: WPS:  * Configuration Error (0)
07-09 12:44:21.843   288   288 D wpa_supplicant: WPS:  * Device Password ID (0)
07-09 12:44:21.843   288   288 D wpa_supplicant: WPS:  * Manufacturer
07-09 12:44:21.843   288   288 D wpa_supplicant: WPS:  * Model Name
07-09 12:44:21.843   288   288 D wpa_supplicant: WPS:  * Model Number
07-09 12:44:21.843   288   288 D wpa_supplicant: WPS:  * Device Name
07-09 12:44:21.843   288   288 D wpa_supplicant: WPS:  * Version2 (0x20)
