07-08 07:36:10.839   151   151 I ActivityManager: Process android.process.acore (pid 24999) has died.
07-08 07:36:10.902   151   705 I ActivityManager: Start proc android.process.acore for content provider com.android.providers.contacts/.ContactsProvider2: pid=25074 uid=10000 gids={3003, 1015}
07-08 07:36:10.918 24815 24927 D dalvikvm: GC_EXPLICIT freed 147K, 5% free 9879K/10375K, paused 40ms+4ms
07-08 07:36:15.058 25074 25074 I ActivityThread: Pub call_log: com.android.providers.contacts.CallLogProvider
07-08 07:36:15.066 25074 25074 I ActivityThread: Pub com.android.voicemail: com.android.providers.contacts.VoicemailContentProvider
07-08 07:36:15.070 25074 25074 I ActivityThread: Pub user_dictionary: com.android.providers.userdictionary.UserDictionaryProvider
07-08 07:36:15.086 25074 25074 I ActivityThread: Pub com.android.social: com.android.providers.contacts.SocialProvider
07-08 07:36:15.086 25074 25074 I ActivityThread: Pub applications: com.android.providers.applications.ApplicationsProvider
07-08 07:36:15.144 25074 25074 I ActivityThread: Pub contacts;com.android.contacts: com.android.providers.contacts.ContactsProvider2
07-08 07:36:15.156 25074 25076 D dalvikvm: GC_CONCURRENT freed 359K, 5% free 9177K/9607K, paused 2ms+3ms
07-08 07:36:34.789 25074 25076 D dalvikvm: GC_CONCURRENT freed 191K, 3% free 9462K/9735K, paused 391ms+3ms
07-08 07:36:35.363   151   168 I ActivityManager: Start proc com.google.android.apps.maps:NetworkLocationService for service com.google.android.apps.maps/com.google.android.location.internal.server.NetworkLocationService: pid=25094 uid=10069 gids={3003, 1015}
07-08 07:36:35.394    80    80 D dalvikvm: GC_EXPLICIT freed 38K, 4% free 9031K/9347K, paused 2ms+11ms
07-08 07:36:35.429    80    80 D dalvikvm: GC_EXPLICIT freed <1K, 4% free 9031K/9347K, paused 1ms+2ms
07-08 07:36:35.480    80    80 D dalvikvm: GC_EXPLICIT freed <1K, 4% free 9031K/9347K, paused 2ms+14ms
07-08 07:36:35.578 25094 25096 D dalvikvm: GC_CONCURRENT freed 178K, 3% free 9357K/9607K, paused 19ms+2ms
07-08 07:36:35.660   151   162 I ActivityManager: Process com.google.android.talk (pid 25050) has died.
07-08 07:36:43.007   151   162 I ActivityManager: Process android.process.media (pid 25036) has died.
07-08 07:41:15.043   151   151 I ActivityManager: Start proc twc.provider for content provider com.weather.Weather/com.weather.dal.LocationListProvider: pid=25109 uid=10057 gids={1015, 3003}
07-08 07:41:15.054 25109 25109 I dalvikvm: Turning on JNI app bug workarounds for target SDK version 13...
07-08 07:41:15.340 25109 25111 D dalvikvm: GC_CONCURRENT freed 152K, 3% free 9383K/9607K, paused 2ms+3ms
07-08 07:41:15.347 25109 25109 I ActivityThread: Pub com.weather.Weather.ads.DynamicConfigProvider: com.weather.Weather.ads.DynamicConfigProvider
07-08 07:41:15.461 25109 25109 I ActivityThread: Pub com.weather.dal.LocationListProvider: com.weather.dal.LocationListProvider
07-08 07:41:15.539 24636 24636 D WeatherGadgetConfigurePreferences: LOC_KEY + 6: null
07-08 07:41:15.554 25094 25096 D dalvikvm: GC_CONCURRENT freed 167K, 3% free 9685K/9927K, paused 2ms+141ms
07-08 07:41:15.586 24815 24832 D androidNetworkLocationListeners: Still have listener com.google.android.location.internal.client.NetworkLocationClient$1@4138c868
07-08 07:41:15.590 24815 24832 D androidNetworkLocationListeners: Still have listener com.google.android.location.internal.client.NetworkLocationClient$1@4138c868
07-08 07:41:15.609  9770  9770 D wpa_supplicant: wpa_driver_wext_driver_cmd SETSUSPENDOPT 0 len = 4096
07-08 07:41:15.609  9770  9770 D wpa_supplicant: wpa_driver_wext_driver_cmd SETSUSPENDOPT 0 len = 0, 15
07-08 07:41:15.609  9770  9770 D wpa_supplicant: wpa_driver_wext_driver_cmd POWERMODE 0 len = 4096
07-08 07:41:15.625  9770  9770 D wpa_supplicant: wpa_driver_wext_driver_cmd OK len = 0, 2
07-08 07:41:15.629  9770  9770 D wpa_supplicant: WPS: Building WPS IE for Probe Request
07-08 07:41:15.629  9770  9770 D wpa_supplicant: WPS:  * Version (hardcoded 0x10)
07-08 07:41:15.629  9770  9770 D wpa_supplicant: WPS:  * Request Type
07-08 07:41:15.629  9770  9770 D wpa_supplicant: WPS:  * Config Methods (2388)
07-08 07:41:15.629  9770  9770 D wpa_supplicant: WPS:  * UUID-E
07-08 07:41:15.629  9770  9770 D wpa_supplicant: WPS:  * Primary Device Type
07-08 07:41:15.629  9770  9770 D wpa_supplicant: WPS:  * RF Bands (3)
07-08 07:41:15.629  9770  9770 D wpa_supplicant: WPS:  * Association State
07-08 07:41:15.629  9770  9770 D wpa_supplicant: WPS:  * Configuration Error (0)
07-08 07:41:15.629  9770  9770 D wpa_supplicant: WPS:  * Device Password ID (0)
07-08 07:41:15.629  9770  9770 D wpa_supplicant: WPS:  * Manufacturer
07-08 07:41:15.629  9770  9770 D wpa_supplicant: WPS:  * Model Name
07-08 07:41:15.629  9770  9770 D wpa_supplicant: WPS:  * Model Number
07-08 07:41:15.629  9770  9770 D wpa_supplicant: WPS:  * Device Name
07-08 07:41:15.629  9770  9770 D wpa_supplicant: WPS:  * Version2 (0x20)
07-08 07:41:15.629  9770  9770 D wpa_supplicant: wpa_driver_wext_combo_scan: Start
07-08 07:41:15.629  9770  9770 D wpa_supplicant: For Scan: (null)
07-08 07:41:15.629  9770  9770 D wpa_supplicant: Scan requested (ret=0) - scan timeout 30 seconds
07-08 07:41:15.632  9770  9770 D wpa_supplicant: Ongoing scan action - reject new request
07-08 07:41:15.648 24636 25127 I ControllerImpl: GET:http://wxdata.weather.com/wxdata/loc/get.js?lat=43.1346374&lng=-77.4284931&locale=en_US&key=e88d42ec-a740-102c-bafd-001321203584
07-08 07:41:15.648 24636 25127 I DAL     : GET:http://wxdata.weather.com/wxdata/loc/get.js?lat=43.1346374&lng=-77.4284931&locale=en_US&key=e88d42ec-a740-102c-bafd-001321203584
07-08 07:41:15.918   151   700 I ActivityManager: Process twc.provider (pid 25109) has died.
07-08 07:41:16.105 25094 25096 D dalvikvm: GC_CONCURRENT freed 171K, 3% free 10067K/10311K, paused 2ms+7ms
07-08 07:41:16.218   151   429 I ActivityManager: Start proc twc.provider for content provider com.weather.Weather/com.weather.dal.LocationListProvider: pid=25133 uid=10057 gids={1015, 3003}
07-08 07:41:16.230 25133 25133 I dalvikvm: Turning on JNI app bug workarounds for target SDK version 13...
07-08 07:41:16.351 25133 25134 D dalvikvm: GC_CONCURRENT freed 155K, 3% free 9381K/9607K, paused 1ms+7ms
07-08 07:41:16.355 25133 25133 I ActivityThread: Pub com.weather.Weather.ads.DynamicConfigProvider: com.weather.Weather.ads.DynamicConfigProvider
07-08 07:41:16.367 25133 25133 I ActivityThread: Pub com.weather.dal.LocationListProvider: com.weather.dal.LocationListProvider
07-08 07:41:16.382 24636 24636 D chris   : 7:41
07-08 07:41:16.386 24636 24636 D WeatherGadgetConfigurePreferences: LOC_KEY + 6: null
07-08 07:41:16.394 24636 24636 D WeatherGadgetService: WeatherGadetService.getWeatherData:Penfield, NY (14526), **FOLLOW_ME**
07-08 07:41:16.394 24636 24636 D DAL     : WeatherDataConnection request:Penfield, NY (14526), CC
07-08 07:41:16.457 24636 24636 D DAL     : WeatherDataConnection request:Penfield, NY (14526), WA
07-08 07:41:16.461 24636 24636 D WeatherGadgetConfigurePreferences: LOC_KEY + 6: null
07-08 07:41:16.465 24636 24636 D WeatherGadgetConfigurePreferences: LOC_KEY + 6: null
07-08 07:41:16.507   151   705 I ActivityManager: Process twc.provider (pid 25133) has died.
07-08 07:41:16.582 25094 25096 D dalvikvm: GC_CONCURRENT freed 662K, 8% free 9886K/10631K, paused 2ms+2ms
07-08 07:41:16.738   151   168 I ActivityManager: Start proc com.google.android.apps.maps:FriendService for broadcast com.google.android.apps.maps/com.google.googlenav.friend.android.ServiceReceiver: pid=25147 uid=10069 gids={3003, 1015}
07-08 07:41:16.793  9770  9770 D wpa_supplicant: RTM_NEWLINK: operstate=1 ifi_flags=0x11043 ([UP][RUNNING][LOWER_UP])
07-08 07:41:16.793  9770  9770 D wpa_supplicant: RTM_NEWLINK, IFLA_IFNAME: Interface 'wlan0' added
07-08 07:41:16.793  9770  9770 D wpa_supplicant: Wireless event: cmd=0x8b19 len=8
07-08 07:41:16.793  9770  9770 D wpa_supplicant: Received 563 bytes of scan results (2 BSSes)
07-08 07:41:17.023 25147 25150 D dalvikvm: GC_CONCURRENT freed 158K, 3% free 9378K/9607K, paused 2ms+2ms
07-08 07:41:17.152  9770  9770 D wpa_supplicant: wpa_driver_wext_driver_cmd SETSUSPENDOPT 0 len = 4096
07-08 07:41:17.152  9770  9770 D wpa_supplicant: wpa_driver_wext_driver_cmd SETSUSPENDOPT 0 len = 0, 15
07-08 07:41:17.156  9770  9770 D wpa_supplicant: wpa_driver_wext_driver_cmd POWERMODE 0 len = 4096
07-08 07:41:17.168  9770  9770 D wpa_supplicant: wpa_driver_wext_driver_cmd OK len = 0, 2
07-08 07:41:17.254 25147 25150 D dalvikvm: GC_CONCURRENT freed 206K, 4% free 9661K/9991K, paused 4ms+5ms
07-08 07:41:17.359 25160 25160 I dalvikvm: Turning on JNI app bug workarounds for target SDK version 13...
07-08 07:41:17.429   151   386 I ActivityManager: Start proc com.weather.Weather for service com.weather.Weather/.lbs.LocatorService: pid=25160 uid=10057 gids={1015, 3003}
07-08 07:41:17.445   151   418 I ActivityManager: Process com.jim2 (pid 24770) has died.
07-08 07:41:17.445   151   418 W ActivityManager: Scheduling restart of crashed service com.jim2/.UpdateService in 80000ms
07-08 07:41:17.597 25160 25163 D dalvikvm: GC_CONCURRENT freed 160K, 3% free 9375K/9607K, paused 2ms+3ms
07-08 07:41:17.832   151   153 D dalvikvm: GC_CONCURRENT freed 1834K, 39% free 17105K/27847K, paused 7ms+8ms
07-08 07:41:17.836   151   151 I ActivityManager: Start proc com.google.android.apps.maps:LocationFriendService for broadcast com.google.android.apps.maps/com.google.googlenav.friend.reporting.LocationReportingIntentReceiver: pid=25174 uid=10069 gids={3003, 1015}
07-08 07:41:17.980 25094 25101 I dalvikvm: Total arena pages for JIT: 11
07-08 07:41:17.984 25174 25176 D dalvikvm: GC_CONCURRENT freed 163K, 3% free 9373K/9607K, paused 2ms+2ms
07-08 07:41:18.066   151  1214 I ActivityManager: Process com.google.android.apps.maps:FriendService (pid 25147) has died.
07-08 07:41:18.086 25094 25101 I dalvikvm: Total arena pages for JIT: 12
07-08 07:41:18.164 25094 25101 I dalvikvm: Total arena pages for JIT: 13
07-08 07:41:18.168 25094 25101 I dalvikvm: Total arena pages for JIT: 14
07-08 07:41:18.168 25094 25101 I dalvikvm: Total arena pages for JIT: 15
07-08 07:41:18.207 25094 25101 I dalvikvm: Total arena pages for JIT: 16
07-08 07:41:18.207 25094 25101 I dalvikvm: Total arena pages for JIT: 17
07-08 07:41:18.230 25160 25173 I LocatorService: lbs-onHandleIntent ------ lat/long/acc unchanged, skip
07-08 07:41:18.230 25160 25173 I LocatorService: lbs-onHandleIntent -- passive repeat
07-08 07:41:18.230 25160 25173 W LocationUtil: lbs-requestPassiveUpdates start
07-08 07:41:18.304 25094 25096 D dalvikvm: GC_CONCURRENT freed 225K, 5% free 10130K/10631K, paused 2ms+2ms
07-08 07:41:18.332  9770  9770 D wpa_supplicant: wpa_driver_wext_driver_cmd SETSUSPENDOPT 0 len = 4096
07-08 07:41:18.332  9770  9770 D wpa_supplicant: wpa_driver_wext_driver_cmd SETSUSPENDOPT 0 len = 0, 15
07-08 07:41:18.332  9770  9770 D wpa_supplicant: wpa_driver_wext_driver_cmd POWERMODE 0 len = 4096
07-08 07:41:18.347  9770  9770 D wpa_supplicant: wpa_driver_wext_driver_cmd OK len = 0, 2
07-08 07:41:18.390  9770  9770 D wpa_supplicant: WPS: Building WPS IE for Probe Request
07-08 07:41:18.390  9770  9770 D wpa_supplicant: WPS:  * Version (hardcoded 0x10)
07-08 07:41:18.390  9770  9770 D wpa_supplicant: WPS:  * Request Type
07-08 07:41:18.390  9770  9770 D wpa_supplicant: WPS:  * Config Methods (2388)
07-08 07:41:18.390  9770  9770 D wpa_supplicant: WPS:  * UUID-E
07-08 07:41:18.390  9770  9770 D wpa_supplicant: WPS:  * Primary Device Type
07-08 07:41:18.390  9770  9770 D wpa_supplicant: WPS:  * RF Bands (3)
07-08 07:41:18.390  9770  9770 D wpa_supplicant: WPS:  * Association State
07-08 07:41:18.390  9770  9770 D wpa_supplicant: WPS:  * Configuration Error (0)
07-08 07:41:18.390  9770  9770 D wpa_supplicant: WPS:  * Device Password ID (0)
07-08 07:41:18.390  9770  9770 D wpa_supplicant: WPS:  * Manufacturer
07-08 07:41:18.390  9770  9770 D wpa_supplicant: WPS:  * Model Name
07-08 07:41:18.390  9770  9770 D wpa_supplicant: WPS:  * Model Number
07-08 07:41:18.390  9770  9770 D wpa_supplicant: WPS:  * Device Name
07-08 07:41:18.390  9770  9770 D wpa_supplicant: WPS:  * Version2 (0x20)
07-08 07:41:18.390  9770  9770 D wpa_supplicant: wpa_driver_wext_combo_scan: Start
07-08 07:41:18.390  9770  9770 D wpa_supplicant: For Scan: (null)
07-08 07:41:18.402  9770  9770 D wpa_supplicant: Scan requested (ret=0) - scan timeout 30 seconds
07-08 07:41:18.402 25174 25176 D dalvikvm: GC_CONCURRENT freed 250K, 4% free 9662K/9991K, paused 6ms+2ms
07-08 07:41:18.652   151   418 D dalvikvm: GC_EXPLICIT freed 194K, 39% free 17069K/27847K, paused 3ms+7ms
07-08 07:41:18.675   151   705 I ActivityManager: Process com.weather.Weather (pid 25160) has died.
07-08 07:41:18.808 24815 24832 D androidNetworkLocationListeners: Still have listener com.google.android.location.internal.client.NetworkLocationClient$1@4138c868
07-08 07:41:18.812  9770  9770 D wpa_supplicant: wpa_driver_wext_driver_cmd SETSUSPENDOPT 0 len = 4096
07-08 07:41:18.812  9770  9770 D wpa_supplicant: wpa_driver_wext_driver_cmd SETSUSPENDOPT 0 len = 0, 15
07-08 07:41:18.812  9770  9770 D wpa_supplicant: wpa_driver_wext_driver_cmd POWERMODE 0 len = 4096
07-08 07:41:18.816  9770  9770 D wpa_supplicant: wpa_driver_wext_driver_cmd OK len = 0, 2
07-08 07:41:18.816  9770  9770 D wpa_supplicant: Ongoing scan action - reject new request
07-08 07:41:18.820 25174 25176 D dalvikvm: GC_CONCURRENT freed 214K, 3% free 9957K/10247K, paused 2ms+5ms
07-08 07:41:18.875 24636 25195 I ControllerImpl: GET:http://wxdata.weather.com/wxdata/loc/get.js?lat=43.1346537&lng=-77.4284789&locale=en_US&key=e88d42ec-a740-102c-bafd-001321203584
07-08 07:41:18.875 24636 25195 I DAL     : GET:http://wxdata.weather.com/wxdata/loc/get.js?lat=43.1346537&lng=-77.4284789&locale=en_US&key=e88d42ec-a740-102c-bafd-001321203584
07-08 07:41:18.922  9770  9770 D wpa_supplicant: Ongoing scan action - reject new request
07-08 07:41:19.316   151   151 I ActivityManager: Start proc twc.provider for content provider com.weather.Weather/com.weather.dal.LocationListProvider: pid=25196 uid=10057 gids={1015, 3003}
07-08 07:41:19.320 25196 25196 I dalvikvm: Turning on JNI app bug workarounds for target SDK version 13...
07-08 07:41:19.429 25196 25198 D dalvikvm: GC_CONCURRENT freed 165K, 3% free 9371K/9607K, paused 2ms+2ms
07-08 07:41:19.437 25196 25196 I ActivityThread: Pub com.weather.Weather.ads.DynamicConfigProvider: com.weather.Weather.ads.DynamicConfigProvider
07-08 07:41:19.441 25196 25196 I ActivityThread: Pub com.weather.dal.LocationListProvider: com.weather.dal.LocationListProvider
07-08 07:41:19.476 24636 24636 D chris   : 7:41
07-08 07:41:19.480 24636 24636 D WeatherGadgetConfigurePreferences: LOC_KEY + 6: null
07-08 07:41:19.488 24636 24636 D WeatherGadgetService: WeatherGadetService.getWeatherData:Penfield, NY (14526), **FOLLOW_ME**
07-08 07:41:19.488 24636 24636 D DAL     : WeatherDataConnection request:Penfield, NY (14526), CC
07-08 07:41:19.511 24636 24636 D DAL     : WeatherDataConnection request:Penfield, NY (14526), WA
07-08 07:41:19.515 24636 24636 D WeatherGadgetConfigurePreferences: LOC_KEY + 6: null
07-08 07:41:19.523 24636 24636 D WeatherGadgetConfigurePreferences: LOC_KEY + 6: null
07-08 07:41:19.562  9770  9770 D wpa_supplicant: RTM_NEWLINK: operstate=1 ifi_flags=0x11043 ([UP][RUNNING][LOWER_UP])
07-08 07:41:19.562  9770  9770 D wpa_supplicant: RTM_NEWLINK, IFLA_IFNAME: Interface 'wlan0' added
07-08 07:41:19.562  9770  9770 D wpa_supplicant: Wireless event: cmd=0x8b19 len=8
07-08 07:41:19.562  9770  9770 D wpa_supplicant: Received 563 bytes of scan results (2 BSSes)
07-08 07:41:19.718  9770  9770 D wpa_supplicant: wpa_driver_wext_driver_cmd SETSUSPENDOPT 0 len = 4096
07-08 07:41:19.718  9770  9770 D wpa_supplicant: wpa_driver_wext_driver_cmd SETSUSPENDOPT 0 len = 0, 15
07-08 07:41:19.722  9770  9770 D wpa_supplicant: wpa_driver_wext_driver_cmd POWERMODE 0 len = 4096
07-08 07:41:19.722  9770  9770 D wpa_supplicant: wpa_driver_wext_driver_cmd OK len = 0, 2
07-08 07:41:19.781  9770  9770 D wpa_supplicant: wpa_driver_wext_driver_cmd SETSUSPENDOPT 0 len = 4096
07-08 07:41:19.781  9770  9770 D wpa_supplicant: wpa_driver_wext_driver_cmd SETSUSPENDOPT 0 len = 0, 15
07-08 07:41:19.781  9770  9770 D wpa_supplicant: wpa_driver_wext_driver_cmd POWERMODE 0 len = 4096
07-08 07:41:19.789  9770  9770 D wpa_supplicant: wpa_driver_wext_driver_cmd OK len = 0, 2
07-08 07:41:19.808 24815 24818 D dalvikvm: GC_CONCURRENT freed 526K, 6% free 9904K/10503K, paused 5ms+31ms
07-08 07:41:19.836 25209 25209 I dalvikvm: Turning on JNI app bug workarounds for target SDK version 13...
07-08 07:41:19.855   151   386 I ActivityManager: Start proc com.weather.Weather for service com.weather.Weather/.lbs.LocatorService: pid=25209 uid=10057 gids={1015, 3003}
07-08 07:41:19.929 25094 25096 D dalvikvm: GC_CONCURRENT freed 455K, 6% free 10152K/10695K, paused 1ms+69ms
07-08 07:41:19.965 25209 25212 D dalvikvm: GC_CONCURRENT freed 168K, 3% free 9368K/9607K, paused 2ms+2ms
07-08 07:41:20.074 25209 25222 I LocationUtil: lbs-scheduleTargetingUpdate start
07-08 07:41:20.093 25209 25222 W LocationUtil: lbs-scheduleTargetingUpdate: user has NOT allowed use of lbs, skip
07-08 07:41:20.097 25209 25222 I LocatorService: lbs-onHandleIntent -- passive repeat
07-08 07:41:20.097 25209 25222 W LocationUtil: lbs-requestPassiveUpdates start
07-08 07:41:20.293   151   418 I ActivityManager: Process com.google.android.apps.maps:LocationFriendService (pid 25174) has died.
07-08 07:41:20.472   151   705 I ActivityManager: Process android.process.acore (pid 25074) has died.
07-08 07:43:35.074 24555 24555 I PhoneLab-Locks: wake lock acquired
07-08 07:43:35.082 24555 24555 I PhoneLab-StatusMonitor: Status Monitoring is started
07-08 07:43:35.156 24555 24557 D dalvikvm: GC_CONCURRENT freed 528K, 7% free 9199K/9799K, paused 1ms+3ms
07-08 07:43:35.211 24555 24555 I PhoneLab-StatusMonitor: Value: 10 - unit: min
07-08 07:43:35.211 24555 24555 I PhoneLab-StatusMonitor: Running interval: 600000
07-08 07:43:35.222 24555 24555 I PhoneLab-StatusMonitor: Rescheduling status monitoring...
07-08 07:43:35.222 24555 24555 I PhoneLab-Locks: wake lock released
07-08 07:43:35.230 24555 24555 I PhoneLab-StatusMonitorLocation: Learning Location
07-08 07:43:35.230 24555 24555 I PhoneLab-Locks: wake lock acquired
07-08 07:43:35.234 24555 24555 I PhoneLab-Locks: wake lock acquired
07-08 07:43:35.234 24815 24832 D androidNetworkLocationListeners: Still have listener com.google.android.location.internal.client.NetworkLocationClient$1@4138c868
07-08 07:43:35.242 24555 24555 I PhoneLab-StatusMonitorLocation: Learning Signal Strgth
07-08 07:43:35.242 24555 24555 I PhoneLab-Locks: wake lock acquired
07-08 07:43:35.242  9770  9770 D wpa_supplicant: wpa_driver_wext_driver_cmd SETSUSPENDOPT 0 len = 4096
07-08 07:43:35.242  9770  9770 D wpa_supplicant: wpa_driver_wext_driver_cmd SETSUSPENDOPT 0 len = 0, 15
07-08 07:43:35.242  9770  9770 D wpa_supplicant: wpa_driver_wext_driver_cmd POWERMODE 0 len = 4096
07-08 07:43:35.246 24815 24832 D androidNetworkLocationListeners: Still have listener com.google.android.location.internal.client.NetworkLocationClient$1@4138c868
07-08 07:43:35.257  9770  9770 D wpa_supplicant: wpa_driver_wext_driver_cmd OK len = 0, 2
07-08 07:43:35.257  9770  9770 D wpa_supplicant: WPS: Building WPS IE for Probe Request
07-08 07:43:35.257  9770  9770 D wpa_supplicant: WPS:  * Version (hardcoded 0x10)
07-08 07:43:35.257  9770  9770 D wpa_supplicant: WPS:  * Request Type
07-08 07:43:35.257  9770  9770 D wpa_supplicant: WPS:  * Config Methods (2388)
07-08 07:43:35.257  9770  9770 D wpa_supplicant: WPS:  * UUID-E
07-08 07:43:35.257  9770  9770 D wpa_supplicant: WPS:  * Primary Device Type
07-08 07:43:35.257  9770  9770 D wpa_supplicant: WPS:  * RF Bands (3)
07-08 07:43:35.257  9770  9770 D wpa_supplicant: WPS:  * Association State
07-08 07:43:35.257  9770  9770 D wpa_supplicant: WPS:  * Configuration Error (0)
07-08 07:43:35.257  9770  9770 D wpa_supplicant: WPS:  * Device Password ID (0)
07-08 07:43:35.257  9770  9770 D wpa_supplicant: WPS:  * Manufacturer
07-08 07:43:35.257  9770  9770 D wpa_supplicant: WPS:  * Model Name
07-08 07:43:35.257  9770  9770 D wpa_supplicant: WPS:  * Model Number
07-08 07:43:35.257  9770  9770 D wpa_supplicant: WPS:  * Device Name
07-08 07:43:35.257  9770  9770 D wpa_supplicant: WPS:  * Version2 (0x20)
07-08 07:43:35.257  9770  9770 D wpa_supplicant: wpa_driver_wext_combo_scan: Start
07-08 07:43:35.257  9770  9770 D wpa_supplicant: For Scan: (null)
07-08 07:43:35.261  9770  9770 D wpa_supplicant: Scan requested (ret=0) - scan timeout 30 seconds
07-08 07:43:35.261  9770  9770 D wpa_supplicant: Ongoing scan action - reject new request
07-08 07:43:35.285 24555 24555 I PhoneLab-StatusMonitorBattery: Battery_level: 16
07-08 07:43:35.285 24555 24555 I PhoneLab-Locks: wake lock released
07-08 07:43:35.289 24555 24555 I PhoneLab-StatusMonitorSignal: Signal_Strength: -86 asu: 14
07-08 07:43:35.289 24555 24555 I PhoneLab-Locks: wake lock released
07-08 07:43:36.421  9770  9770 D wpa_supplicant: RTM_NEWLINK: operstate=1 ifi_flags=0x11043 ([UP][RUNNING][LOWER_UP])
07-08 07:43:36.421  9770  9770 D wpa_supplicant: RTM_NEWLINK, IFLA_IFNAME: Interface 'wlan0' added
07-08 07:43:36.421  9770  9770 D wpa_supplicant: Wireless event: cmd=0x8b19 len=8
07-08 07:43:36.421  9770  9770 D wpa_supplicant: Received 563 bytes of scan results (2 BSSes)
07-08 07:43:36.496  9770  9770 D wpa_supplicant: wpa_driver_wext_driver_cmd SETSUSPENDOPT 0 len = 4096
07-08 07:43:36.496  9770  9770 D wpa_supplicant: wpa_driver_wext_driver_cmd SETSUSPENDOPT 0 len = 0, 15
07-08 07:43:36.500  9770  9770 D wpa_supplicant: wpa_driver_wext_driver_cmd POWERMODE 0 len = 4096
07-08 07:43:36.500  9770  9770 D wpa_supplicant: wpa_driver_wext_driver_cmd OK len = 0, 2
07-08 07:43:36.507 24555 24555 I PhoneLab-StatusMonitorLocation: Location_Latitude: 43.1346377 Longitude: -77.4284916 Accuracy: 25.0
07-08 07:43:36.507 24815 24832 D androidNetworkLocationListeners: Still have listener com.google.android.location.internal.client.NetworkLocationClient$1@4138c868
07-08 07:43:36.511 24555 24555 I PhoneLab-Locks: wake lock released
07-08 07:43:36.511  9770  9770 D wpa_supplicant: wpa_driver_wext_driver_cmd SETSUSPENDOPT 0 len = 4096
07-08 07:43:36.511  9770  9770 D wpa_supplicant: wpa_driver_wext_driver_cmd SETSUSPENDOPT 0 len = 0, 15
07-08 07:43:36.511  9770  9770 D wpa_supplicant: wpa_driver_wext_driver_cmd POWERMODE 0 len = 4096
07-08 07:43:36.519  9770  9770 D wpa_supplicant: wpa_driver_wext_driver_cmd OK len = 0, 2
07-08 07:43:36.523  9770  9770 D wpa_supplicant: WPS: Building WPS IE for Probe Request
07-08 07:43:36.523  9770  9770 D wpa_supplicant: WPS:  * Version (hardcoded 0x10)
07-08 07:43:36.523  9770  9770 D wpa_supplicant: WPS:  * Request Type
07-08 07:43:36.523  9770  9770 D wpa_supplicant: WPS:  * Config Methods (2388)
07-08 07:43:36.523  9770  9770 D wpa_supplicant: WPS:  * UUID-E
07-08 07:43:36.523  9770  9770 D wpa_supplicant: WPS:  * Primary Device Type
07-08 07:43:36.523  9770  9770 D wpa_supplicant: WPS:  * RF Bands (3)
07-08 07:43:36.523  9770  9770 D wpa_supplicant: WPS:  * Association State
07-08 07:43:36.523  9770  9770 D wpa_supplicant: WPS:  * Configuration Error (0)
07-08 07:43:36.523  9770  9770 D wpa_supplicant: WPS:  * Device Password ID (0)
07-08 07:43:36.523  9770  9770 D wpa_supplicant: WPS:  * Manufacturer
07-08 07:43:36.523  9770  9770 D wpa_supplicant: WPS:  * Model Name
07-08 07:43:36.523  9770  9770 D wpa_supplicant: WPS:  * Model Number
07-08 07:43:36.523  9770  9770 D wpa_supplicant: WPS:  * Device Name
07-08 07:43:36.523  9770  9770 D wpa_supplicant: WPS:  * Version2 (0x20)
07-08 07:43:36.523  9770  9770 D wpa_supplicant: wpa_driver_wext_combo_scan: Start
07-08 07:43:36.523  9770  9770 D wpa_supplicant: For Scan: (null)
07-08 07:43:36.523  9770  9770 D wpa_supplicant: Scan requested (ret=0) - scan timeout 30 seconds
07-08 07:43:36.582 25209 25229 I LocationUtil: lbs-scheduleTargetingUpdate start
07-08 07:43:36.582 25209 25229 W LocationUtil: lbs-scheduleTargetingUpdate: user has NOT allowed use of lbs, skip
07-08 07:43:36.586 25209 25229 I LocatorService: lbs-onHandleIntent -- passive repeat
07-08 07:43:36.586 25209 25229 W LocationUtil: lbs-requestPassiveUpdates start
07-08 07:43:37.687  9770  9770 D wpa_supplicant: RTM_NEWLINK: operstate=1 ifi_flags=0x11043 ([UP][RUNNING][LOWER_UP])
07-08 07:43:37.687  9770  9770 D wpa_supplicant: RTM_NEWLINK, IFLA_IFNAME: Interface 'wlan0' added
07-08 07:43:37.687  9770  9770 D wpa_supplicant: Wireless event: cmd=0x8b19 len=8
07-08 07:43:37.687  9770  9770 D wpa_supplicant: Received 563 bytes of scan results (2 BSSes)
07-08 07:43:37.765  9770  9770 D wpa_supplicant: wpa_driver_wext_driver_cmd SETSUSPENDOPT 0 len = 4096
07-08 07:43:37.765  9770  9770 D wpa_supplicant: wpa_driver_wext_driver_cmd SETSUSPENDOPT 0 len = 0, 15
07-08 07:43:37.765  9770  9770 D wpa_supplicant: wpa_driver_wext_driver_cmd POWERMODE 0 len = 4096
07-08 07:43:37.769  9770  9770 D wpa_supplicant: wpa_driver_wext_driver_cmd OK len = 0, 2
07-08 07:43:37.804 24815 24818 D dalvikvm: GC_CONCURRENT freed 475K, 6% free 9884K/10503K, paused 2ms+7ms
07-08 07:43:37.832 25209 25230 I LocatorService: lbs-onHandleIntent ------ timestamp too recent, skip
07-08 07:43:37.832 25209 25230 I LocatorService: lbs-onHandleIntent -- passive repeat
07-08 07:43:37.832 25209 25230 W LocationUtil: lbs-requestPassiveUpdates start
07-08 07:44:51.011 24555 24555 I PhoneLab-Locks: wake lock acquired
07-08 07:44:51.047 24555 25232 I PhoneLab-PeriodicCheckService: User info is synched
07-08 07:44:51.089 24555 25232 I PhoneLab-PeriodicCheckService: Logger Service is running
07-08 07:44:51.109 24555 25232 I PhoneLab-Locks: wake lock acquired
07-08 07:44:51.113 24555 24555 I PhoneLab-UploadLogs: Transfering log files now
07-08 07:44:51.113 24555 25232 I PhoneLab-PeriodicCheckService: Rescheduling periodic checking...
07-08 07:44:51.113 24555 25232 I PhoneLab-Locks: wake lock released
07-08 07:44:51.117 24555 24555 I PhoneLab-UploadLogs: No log files to transfer
07-08 07:44:51.117 24555 24555 I PhoneLab-Locks: wake lock released
07-08 07:44:51.117 24555 24555 I PhoneLab-UploadLogs: OnStartCommand
07-08 07:51:15.031 24636 24636 D WeatherGadgetConfigurePreferences: LOC_KEY + 6: null
07-08 07:51:15.089 24815 24832 D androidNetworkLocationListeners: Still have listener com.google.android.location.internal.client.NetworkLocationClient$1@4138c868
07-08 07:51:15.089  9770  9770 D wpa_supplicant: wpa_driver_wext_driver_cmd SETSUSPENDOPT 0 len = 4096
07-08 07:51:15.089  9770  9770 D wpa_supplicant: wpa_driver_wext_driver_cmd SETSUSPENDOPT 0 len = 0, 15
07-08 07:51:15.093  9770  9770 D wpa_supplicant: wpa_driver_wext_driver_cmd POWERMODE 0 len = 4096
07-08 07:51:15.097 24815 24832 D androidNetworkLocationListeners: Still have listener com.google.android.location.internal.client.NetworkLocationClient$1@4138c868
07-08 07:51:15.101  9770  9770 D wpa_supplicant: wpa_driver_wext_driver_cmd OK len = 0, 2
07-08 07:51:15.105  9770  9770 D wpa_supplicant: WPS: Building WPS IE for Probe Request
07-08 07:51:15.105  9770  9770 D wpa_supplicant: WPS:  * Version (hardcoded 0x10)
07-08 07:51:15.105  9770  9770 D wpa_supplicant: WPS:  * Request Type
07-08 07:51:15.105  9770  9770 D wpa_supplicant: WPS:  * Config Methods (2388)
07-08 07:51:15.105  9770  9770 D wpa_supplicant: WPS:  * UUID-E
07-08 07:51:15.105  9770  9770 D wpa_supplicant: WPS:  * Primary Device Type
07-08 07:51:15.105  9770  9770 D wpa_supplicant: WPS:  * RF Bands (3)
07-08 07:51:15.105  9770  9770 D wpa_supplicant: WPS:  * Association State
07-08 07:51:15.105  9770  9770 D wpa_supplicant: WPS:  * Configuration Error (0)
07-08 07:51:15.105  9770  9770 D wpa_supplicant: WPS:  * Device Password ID (0)
07-08 07:51:15.105  9770  9770 D wpa_supplicant: WPS:  * Manufacturer
07-08 07:51:15.105  9770  9770 D wpa_supplicant: WPS:  * Model Name
07-08 07:51:15.105  9770  9770 D wpa_supplicant: WPS:  * Model Number
07-08 07:51:15.105  9770  9770 D wpa_supplicant: WPS:  * Device Name
07-08 07:51:15.105  9770  9770 D wpa_supplicant: WPS:  * Version2 (0x20)
07-08 07:51:15.105  9770  9770 D wpa_supplicant: wpa_driver_wext_combo_scan: Start
07-08 07:51:15.105  9770  9770 D wpa_supplicant: For Scan: (null)
07-08 07:51:15.109  9770  9770 D wpa_supplicant: Scan requested (ret=0) - scan timeout 30 seconds
07-08 07:51:15.109  9770  9770 D wpa_supplicant: Ongoing scan action - reject new request
07-08 07:51:15.125 24636 25234 I ControllerImpl: GET:http://wxdata.weather.com/wxdata/loc/get.js?lat=43.1346316&lng=-77.4284966&locale=en_US&key=e88d42ec-a740-102c-bafd-001321203584
07-08 07:51:15.125 24636 25234 I DAL     : GET:http://wxdata.weather.com/wxdata/loc/get.js?lat=43.1346316&lng=-77.4284966&locale=en_US&key=e88d42ec-a740-102c-bafd-001321203584
07-08 07:51:15.207 24636 24638 D dalvikvm: GC_CONCURRENT freed 394K, 7% free 9635K/10311K, paused 14ms+3ms
07-08 07:51:16.277  9770  9770 D wpa_supplicant: RTM_NEWLINK: operstate=1 ifi_flags=0x11043 ([UP][RUNNING][LOWER_UP])
07-08 07:51:16.277  9770  9770 D wpa_supplicant: RTM_NEWLINK, IFLA_IFNAME: Interface 'wlan0' added
07-08 07:51:16.277  9770  9770 D wpa_supplicant: Wireless event: cmd=0x8b19 len=8
07-08 07:51:16.277  9770  9770 D wpa_supplicant: Received 563 bytes of scan results (2 BSSes)
07-08 07:51:16.347  9770  9770 D wpa_supplicant: wpa_driver_wext_driver_cmd SETSUSPENDOPT 0 len = 4096
07-08 07:51:16.347  9770  9770 D wpa_supplicant: wpa_driver_wext_driver_cmd SETSUSPENDOPT 0 len = 0, 15
07-08 07:51:16.347  9770  9770 D wpa_supplicant: wpa_driver_wext_driver_cmd POWERMODE 0 len = 4096
07-08 07:51:16.351  9770  9770 D wpa_supplicant: wpa_driver_wext_driver_cmd OK len = 0, 2
07-08 07:51:16.375 24815 24832 D androidNetworkLocationListeners: Still have listener com.google.android.location.internal.client.NetworkLocationClient$1@4138c868
07-08 07:51:16.378  9770  9770 D wpa_supplicant: wpa_driver_wext_driver_cmd SETSUSPENDOPT 0 len = 4096
07-08 07:51:16.378  9770  9770 D wpa_supplicant: wpa_driver_wext_driver_cmd SETSUSPENDOPT 0 len = 0, 15
07-08 07:51:16.378  9770  9770 D wpa_supplicant: wpa_driver_wext_driver_cmd POWERMODE 0 len = 4096
07-08 07:51:16.386  9770  9770 D wpa_supplicant: wpa_driver_wext_driver_cmd OK len = 0, 2
07-08 07:51:16.386  9770  9770 D wpa_supplicant: WPS: Building WPS IE for Probe Request
07-08 07:51:16.386  9770  9770 D wpa_supplicant: WPS:  * Version (hardcoded 0x10)
07-08 07:51:16.386  9770  9770 D wpa_supplicant: WPS:  * Request Type
07-08 07:51:16.386  9770  9770 D wpa_supplicant: WPS:  * Config Methods (2388)
07-08 07:51:16.386  9770  9770 D wpa_supplicant: WPS:  * UUID-E
07-08 07:51:16.386  9770  9770 D wpa_supplicant: WPS:  * Primary Device Type
07-08 07:51:16.386  9770  9770 D wpa_supplicant: WPS:  * RF Bands (3)
07-08 07:51:16.386  9770  9770 D wpa_supplicant: WPS:  * Association State
07-08 07:51:16.386  9770  9770 D wpa_supplicant: WPS:  * Configuration Error (0)
07-08 07:51:16.386  9770  9770 D wpa_supplicant: WPS:  * Device Password ID (0)
07-08 07:51:16.386  9770  9770 D wpa_supplicant: WPS:  * Manufacturer
07-08 07:51:16.386  9770  9770 D wpa_supplicant: WPS:  * Model Name
07-08 07:51:16.386  9770  9770 D wpa_supplicant: WPS:  * Model Number
07-08 07:51:16.386  9770  9770 D wpa_supplicant: WPS:  * Device Name
07-08 07:51:16.386  9770  9770 D wpa_supplicant: WPS:  * Version2 (0x20)
07-08 07:51:16.386  9770  9770 D wpa_supplicant: wpa_driver_wext_combo_scan: Start
07-08 07:51:16.386  9770  9770 D wpa_supplicant: For Scan: (null)
07-08 07:51:16.390  9770  9770 D wpa_supplicant: Scan requested (ret=0) - scan timeout 30 seconds
07-08 07:51:16.390 24636 25236 I ControllerImpl: GET:http://wxdata.weather.com/wxdata/loc/get.js?lat=43.1346391&lng=-77.4284938&locale=en_US&key=e88d42ec-a740-102c-bafd-001321203584
07-08 07:51:16.390 24636 25236 I DAL     : GET:http://wxdata.weather.com/wxdata/loc/get.js?lat=43.1346391&lng=-77.4284938&locale=en_US&key=e88d42ec-a740-102c-bafd-001321203584
07-08 07:51:16.441 25209 25237 I LocationUtil: lbs-scheduleTargetingUpdate start
07-08 07:51:16.441 25209 25237 W LocationUtil: lbs-scheduleTargetingUpdate: user has NOT allowed use of lbs, skip
07-08 07:51:16.441 25209 25237 I LocatorService: lbs-onHandleIntent -- passive repeat
07-08 07:51:16.441 25209 25237 W LocationUtil: lbs-requestPassiveUpdates start
07-08 07:51:17.550  9770  9770 D wpa_supplicant: RTM_NEWLINK: operstate=1 ifi_flags=0x11043 ([UP][RUNNING][LOWER_UP])
07-08 07:51:17.550  9770  9770 D wpa_supplicant: RTM_NEWLINK, IFLA_IFNAME: Interface 'wlan0' added
07-08 07:51:17.550  9770  9770 D wpa_supplicant: Wireless event: cmd=0x8b19 len=8
07-08 07:51:17.550  9770  9770 D wpa_supplicant: Received 563 bytes of scan results (2 BSSes)
07-08 07:51:17.593 24636 24636 D chris   : 7:51
07-08 07:51:17.597 24636 24636 D WeatherGadgetConfigurePreferences: LOC_KEY + 6: null
07-08 07:51:17.605 24636 24636 D WeatherGadgetService: WeatherGadetService.getWeatherData:Penfield, NY (14526), **FOLLOW_ME**
07-08 07:51:17.605 24636 24636 D DAL     : WeatherDataConnection request:Penfield, NY (14526), CC
07-08 07:51:17.609 24636 24636 D DAL     : WeatherDataConnection request:Penfield, NY (14526), WA
07-08 07:51:17.613 24636 24636 D WeatherGadgetConfigurePreferences: LOC_KEY + 6: null
07-08 07:51:17.621 24636 24636 D WeatherGadgetConfigurePreferences: LOC_KEY + 6: null
07-08 07:51:17.664  9770  9770 D wpa_supplicant: wpa_driver_wext_driver_cmd SETSUSPENDOPT 0 len = 4096
07-08 07:51:17.664  9770  9770 D wpa_supplicant: wpa_driver_wext_driver_cmd SETSUSPENDOPT 0 len = 0, 15
07-08 07:51:17.668  9770  9770 D wpa_supplicant: wpa_driver_wext_driver_cmd POWERMODE 0 len = 4096
07-08 07:51:17.668  9770  9770 D wpa_supplicant: wpa_driver_wext_driver_cmd OK len = 0, 2
07-08 07:51:17.711 24815 24818 D dalvikvm: GC_CONCURRENT freed 459K, 6% free 9888K/10503K, paused 2ms+8ms
07-08 07:51:17.734 25209 25238 I LocatorService: lbs-onHandleIntent ------ timestamp too recent, skip
07-08 07:51:17.734 25209 25238 I LocatorService: lbs-onHandleIntent -- passive repeat
07-08 07:51:17.734 25209 25238 W LocationUtil: lbs-requestPassiveUpdates start
07-08 07:51:18.500 24636 24636 D chris   : 7:51
07-08 07:51:18.503 24636 24636 D WeatherGadgetConfigurePreferences: LOC_KEY + 6: null
07-08 07:51:18.507 24636 24636 D WeatherGadgetService: WeatherGadetService.getWeatherData:Penfield, NY (14526), **FOLLOW_ME**
07-08 07:51:18.507 24636 24636 D DAL     : WeatherDataConnection request:Penfield, NY (14526), CC
07-08 07:51:18.511 24636 24636 D DAL     : WeatherDataConnection request:Penfield, NY (14526), WA
07-08 07:51:18.515 24636 24636 D WeatherGadgetConfigurePreferences: LOC_KEY + 6: null
07-08 07:51:18.523 24636 24636 D WeatherGadgetConfigurePreferences: LOC_KEY + 6: null
07-08 07:53:10.691   151   168 I ActivityManager: Start proc com.laurencedawson.reddit_sync:remote for broadcast com.laurencedawson.reddit_sync/.RedditMessageReceiver: pid=25239 uid=10078 gids={3003, 1015}
07-08 07:53:10.863   151   429 I ActivityManager: Process twc.provider (pid 25196) has died.
07-08 07:53:10.988   151  1215 I ActivityManager: Start proc com.laurencedawson.reddit_sync for service com.laurencedawson.reddit_sync/.ui.RedditMailService: pid=25259 uid=10078 gids={3003, 1015}
07-08 07:53:11.019 25259 25259 I ActivityThread: Pub com.laurencedawson.reddit_sync.provider.RedditProvider: com.laurencedawson.reddit_sync.provider.RedditProvider
07-08 07:53:34.242   151   151 I ActivityManager: Process com.laurencedawson.reddit_sync:remote (pid 25239) has died.
07-08 07:53:35.097 25259 25261 D dalvikvm: GC_CONCURRENT freed 275K, 4% free 9225K/9607K, paused 1ms+2ms
07-08 07:53:35.226 24555 24555 I PhoneLab-Locks: wake lock acquired
07-08 07:53:35.242 24555 24555 I PhoneLab-StatusMonitor: Status Monitoring is started
07-08 07:53:35.265 24555 24557 D dalvikvm: GC_CONCURRENT freed 519K, 7% free 9190K/9799K, paused 8ms+4ms
07-08 07:53:35.300 24555 24555 I PhoneLab-StatusMonitor: Value: 10 - unit: min
07-08 07:53:35.300 24555 24555 I PhoneLab-StatusMonitor: Running interval: 600000
07-08 07:53:35.316 24555 24555 I PhoneLab-StatusMonitor: Rescheduling status monitoring...
07-08 07:53:35.320 24555 24555 I PhoneLab-Locks: wake lock released
07-08 07:53:35.328 24555 24555 I PhoneLab-StatusMonitorLocation: Learning Location
07-08 07:53:35.328 24555 24555 I PhoneLab-Locks: wake lock acquired
07-08 07:53:35.339 24555 24557 D dalvikvm: GC_CONCURRENT freed 421K, 7% free 9161K/9799K, paused 2ms+6ms
07-08 07:53:35.343 24555 24555 I PhoneLab-Locks: wake lock acquired
07-08 07:53:35.355 24555 24555 I PhoneLab-StatusMonitorLocation: Learning Signal Strgth
07-08 07:53:35.355 24555 24555 I PhoneLab-Locks: wake lock acquired
07-08 07:53:35.363 24815 24832 D androidNetworkLocationListeners: Still have listener com.google.android.location.internal.client.NetworkLocationClient$1@4138c868
07-08 07:53:35.363  9770  9770 D wpa_supplicant: wpa_driver_wext_driver_cmd SETSUSPENDOPT 0 len = 4096
07-08 07:53:35.363  9770  9770 D wpa_supplicant: wpa_driver_wext_driver_cmd SETSUSPENDOPT 0 len = 0, 15
07-08 07:53:35.363  9770  9770 D wpa_supplicant: wpa_driver_wext_driver_cmd POWERMODE 0 len = 4096
07-08 07:53:35.367  9770  9770 D wpa_supplicant: wpa_driver_wext_driver_cmd OK len = 0, 2
07-08 07:53:35.367  9770  9770 D wpa_supplicant: WPS: Building WPS IE for Probe Request
07-08 07:53:35.367  9770  9770 D wpa_supplicant: WPS:  * Version (hardcoded 0x10)
07-08 07:53:35.367  9770  9770 D wpa_supplicant: WPS:  * Request Type
07-08 07:53:35.367  9770  9770 D wpa_supplicant: WPS:  * Config Methods (2388)
07-08 07:53:35.367  9770  9770 D wpa_supplicant: WPS:  * UUID-E
07-08 07:53:35.367  9770  9770 D wpa_supplicant: WPS:  * Primary Device Type
07-08 07:53:35.367  9770  9770 D wpa_supplicant: WPS:  * RF Bands (3)
07-08 07:53:35.367  9770  9770 D wpa_supplicant: WPS:  * Association State
07-08 07:53:35.367  9770  9770 D wpa_supplicant: WPS:  * Configuration Error (0)
07-08 07:53:35.367  9770  9770 D wpa_supplicant: WPS:  * Device Password ID (0)
07-08 07:53:35.367  9770  9770 D wpa_supplicant: WPS:  * Manufacturer
07-08 07:53:35.367  9770  9770 D wpa_supplicant: WPS:  * Model Name
07-08 07:53:35.367  9770  9770 D wpa_supplicant: WPS:  * Model Number
07-08 07:53:35.367  9770  9770 D wpa_supplicant: WPS:  * Device Name
07-08 07:53:35.367  9770  9770 D wpa_supplicant: WPS:  * Version2 (0x20)
07-08 07:53:35.367  9770  9770 D wpa_supplicant: wpa_driver_wext_combo_scan: Start
07-08 07:53:35.367  9770  9770 D wpa_supplicant: For Scan: (null)
07-08 07:53:35.371  9770  9770 D wpa_supplicant: Scan requested (ret=0) - scan timeout 30 seconds
07-08 07:53:35.371 24815 24832 D androidNetworkLocationListeners: Still have listener com.google.android.location.internal.client.NetworkLocationClient$1@4138c868
07-08 07:53:35.371 24555 24555 I PhoneLab-StatusMonitorBattery: Battery_level: 15
07-08 07:53:35.375 24555 24555 I PhoneLab-Locks: wake lock released
07-08 07:53:35.375  9770  9770 D wpa_supplicant: Ongoing scan action - reject new request
07-08 07:53:35.378 24555 24555 I PhoneLab-StatusMonitorSignal: Signal_Strength: -86 asu: 14
07-08 07:53:35.378 24555 24555 I PhoneLab-Locks: wake lock released
07-08 07:53:35.390   151   162 I ActivityManager: Process com.weather.Weather (pid 25209) has died.
07-08 07:53:36.535  9770  9770 D wpa_supplicant: RTM_NEWLINK: operstate=1 ifi_flags=0x11043 ([UP][RUNNING][LOWER_UP])
07-08 07:53:36.535  9770  9770 D wpa_supplicant: RTM_NEWLINK, IFLA_IFNAME: Interface 'wlan0' added
07-08 07:53:36.535  9770  9770 D wpa_supplicant: Wireless event: cmd=0x8b19 len=8
07-08 07:53:36.535  9770  9770 D wpa_supplicant: Received 563 bytes of scan results (2 BSSes)
07-08 07:53:36.601  9770  9770 D wpa_supplicant: wpa_driver_wext_driver_cmd SETSUSPENDOPT 0 len = 4096
07-08 07:53:36.601  9770  9770 D wpa_supplicant: wpa_driver_wext_driver_cmd SETSUSPENDOPT 0 len = 0, 15
07-08 07:53:36.601  9770  9770 D wpa_supplicant: wpa_driver_wext_driver_cmd POWERMODE 0 len = 4096
07-08 07:53:36.605  9770  9770 D wpa_supplicant: wpa_driver_wext_driver_cmd OK len = 0, 2
07-08 07:53:36.617 24555 24555 I PhoneLab-StatusMonitorLocation: Location_Latitude: 43.1346391 Longitude: -77.4284938 Accuracy: 27.0
07-08 07:53:36.617 24815 24832 D androidNetworkLocationListeners: Still have listener com.google.android.location.internal.client.NetworkLocationClient$1@4138c868
07-08 07:53:36.621  9770  9770 D wpa_supplicant: wpa_driver_wext_driver_cmd SETSUSPENDOPT 0 len = 4096
07-08 07:53:36.621  9770  9770 D wpa_supplicant: wpa_driver_wext_driver_cmd SETSUSPENDOPT 0 len = 0, 15
07-08 07:53:36.621  9770  9770 D wpa_supplicant: wpa_driver_wext_driver_cmd POWERMODE 0 len = 4096
07-08 07:53:36.621 24555 24555 I PhoneLab-Locks: wake lock released
07-08 07:53:36.628  9770  9770 D wpa_supplicant: wpa_driver_wext_driver_cmd OK len = 0, 2
07-08 07:53:36.632  9770  9770 D wpa_supplicant: WPS: Building WPS IE for Probe Request
07-08 07:53:36.632  9770  9770 D wpa_supplicant: WPS:  * Version (hardcoded 0x10)
07-08 07:53:36.632  9770  9770 D wpa_supplicant: WPS:  * Request Type
07-08 07:53:36.632  9770  9770 D wpa_supplicant: WPS:  * Config Methods (2388)
07-08 07:53:36.632  9770  9770 D wpa_supplicant: WPS:  * UUID-E
07-08 07:53:36.632  9770  9770 D wpa_supplicant: WPS:  * Primary Device Type
07-08 07:53:36.632  9770  9770 D wpa_supplicant: WPS:  * RF Bands (3)
07-08 07:53:36.632  9770  9770 D wpa_supplicant: WPS:  * Association State
07-08 07:53:36.632  9770  9770 D wpa_supplicant: WPS:  * Configuration Error (0)
07-08 07:53:36.632  9770  9770 D wpa_supplicant: WPS:  * Device Password ID (0)
07-08 07:53:36.632  9770  9770 D wpa_supplicant: WPS:  * Manufacturer
07-08 07:53:36.632  9770  9770 D wpa_supplicant: WPS:  * Model Name
07-08 07:53:36.632  9770  9770 D wpa_supplicant: WPS:  * Model Number
07-08 07:53:36.632  9770  9770 D wpa_supplicant: WPS:  * Device Name
07-08 07:53:36.632  9770  9770 D wpa_supplicant: WPS:  * Version2 (0x20)
07-08 07:53:36.632  9770  9770 D wpa_supplicant: wpa_driver_wext_combo_scan: Start
07-08 07:53:36.632  9770  9770 D wpa_supplicant: For Scan: (null)
07-08 07:53:36.632  9770  9770 D wpa_supplicant: Scan requested (ret=0) - scan timeout 30 seconds
07-08 07:53:36.656 25283 25283 I dalvikvm: Turning on JNI app bug workarounds for target SDK version 13...
07-08 07:53:36.668   151   386 I ActivityManager: Start proc com.weather.Weather for service com.weather.Weather/.lbs.LocatorService: pid=25283 uid=10057 gids={1015, 3003}
07-08 07:53:36.769 25283 25286 D dalvikvm: GC_CONCURRENT freed 175K, 3% free 9360K/9607K, paused 2ms+2ms
07-08 07:53:36.820 25283 25296 I LocatorService: lbs-onHandleIntent ------ lat/long/acc unchanged, skip
07-08 07:53:36.820 25283 25296 I LocatorService: lbs-onHandleIntent -- passive repeat
07-08 07:53:36.824 25283 25296 W LocationUtil: lbs-requestPassiveUpdates start
07-08 07:53:36.855   151   580 I ActivityManager: Process com.laurencedawson.reddit_sync (pid 25259) has died.
07-08 07:53:37.796  9770  9770 D wpa_supplicant: RTM_NEWLINK: operstate=1 ifi_flags=0x11043 ([UP][RUNNING][LOWER_UP])
07-08 07:53:37.796  9770  9770 D wpa_supplicant: RTM_NEWLINK, IFLA_IFNAME: Interface 'wlan0' added
07-08 07:53:37.796  9770  9770 D wpa_supplicant: Wireless event: cmd=0x8b19 len=8
07-08 07:53:37.796  9770  9770 D wpa_supplicant: Received 563 bytes of scan results (2 BSSes)
07-08 07:53:37.875  9770  9770 D wpa_supplicant: wpa_driver_wext_driver_cmd SETSUSPENDOPT 0 len = 4096
07-08 07:53:37.875  9770  9770 D wpa_supplicant: wpa_driver_wext_driver_cmd SETSUSPENDOPT 0 len = 0, 15
07-08 07:53:37.875  9770  9770 D wpa_supplicant: wpa_driver_wext_driver_cmd POWERMODE 0 len = 4096
07-08 07:53:37.875  9770  9770 D wpa_supplicant: wpa_driver_wext_driver_cmd OK len = 0, 2
07-08 07:53:37.918 24815 24818 D dalvikvm: GC_CONCURRENT freed 470K, 6% free 9890K/10503K, paused 2ms+6ms
07-08 07:53:37.941 25283 25298 I LocatorService: lbs-onHandleIntent ------ lat/long/acc unchanged, skip
07-08 07:53:37.941 25283 25298 I LocatorService: lbs-onHandleIntent -- passive repeat
07-08 07:53:37.941 25283 25298 W LocationUtil: lbs-requestPassiveUpdates start
07-08 07:58:32.031   151   151 I ActivityManager: Start proc twc.provider for content provider com.weather.Weather/com.weather.dal.LocationListProvider: pid=25299 uid=10057 gids={1015, 3003}
07-08 07:58:32.093 25299 25299 I dalvikvm: Turning on JNI app bug workarounds for target SDK version 13...
07-08 07:58:32.101    80    80 D dalvikvm: GC_EXPLICIT freed 37K, 4% free 9031K/9347K, paused 2ms+4ms
07-08 07:58:32.125    80    80 D dalvikvm: GC_EXPLICIT freed <1K, 4% free 9031K/9347K, paused 2ms+2ms
07-08 07:58:32.144    80    80 D dalvikvm: GC_EXPLICIT freed <1K, 4% free 9031K/9347K, paused 2ms+2ms
07-08 07:58:32.152   151   195 I ActivityManager: Start proc com.google.android.gm for service com.google.android.gm/.provider.MailIndexerService: pid=25312 uid=10019 gids={3003, 1015}
07-08 07:58:32.191   151   195 I ActivityManager: Start proc com.google.android.apps.maps for service com.google.android.apps.maps/com.google.googlenav.prefetch.android.PrefetcherService: pid=25320 uid=10069 gids={3003, 1015}
07-08 07:58:32.531 25299 25301 D dalvikvm: GC_CONCURRENT freed 177K, 3% free 9358K/9607K, paused 2ms+11ms
07-08 07:58:32.566 25312 25312 I ActivityThread: Pub gmail-ls: com.google.android.gm.provider.MailProvider
07-08 07:58:32.664 25320 25325 D dalvikvm: GC_CONCURRENT freed 151K, 3% free 9384K/9607K, paused 2ms+6ms
07-08 07:58:32.742 25299 25299 I ActivityThread: Pub com.weather.Weather.ads.DynamicConfigProvider: com.weather.Weather.ads.DynamicConfigProvider
07-08 07:58:32.742   151   599 I ActivityManager: Process com.weather.Weather (pid 25283) has died.
07-08 07:58:32.769 25299 25299 I ActivityThread: Pub com.weather.dal.LocationListProvider: com.weather.dal.LocationListProvider
07-08 07:58:32.797   151   153 D dalvikvm: GC_CONCURRENT freed 1909K, 38% free 17318K/27847K, paused 8ms+16ms
07-08 07:58:32.804 25312 25312 I ActivityThread: Pub com.google.android.gm: com.google.android.gm.provider.PublicContentProvider
07-08 07:58:32.812 25312 25312 I ActivityThread: Pub com.google.android.gmail.SuggestionProvider: com.google.android.gm.SuggestionsProvider
07-08 07:58:32.851 25320 25320 I ActivityThread: Pub com.google.android.maps.SearchHistoryProvider: com.google.googlenav.provider.SearchHistoryProvider
07-08 07:58:32.890 25320 25320 I ActivityThread: Pub com.google.android.maps.SuggestionProvider: com.google.googlenav.suggest.android.SuggestContentProvider
07-08 07:58:32.941 25320 25320 I ActivityThread: Pub com.google.android.maps.LayerInfoProvider: com.google.googlenav.layer.LayerInfoProvider
07-08 07:58:32.945 24636 24636 D WeatherGadgetConfigurePreferences: LOC_KEY + 6: null
07-08 07:58:32.964 25320 25320 I ActivityThread: Pub com.google.android.maps.TrafficAppWidgetProvider: com.google.googlenav.appwidget.traffic.TrafficAppWidgetProvider
07-08 07:58:32.972 24815 24832 D androidNetworkLocationListeners: Still have listener com.google.android.location.internal.client.NetworkLocationClient$1@4138c868
07-08 07:58:32.972  9770  9770 D wpa_supplicant: wpa_driver_wext_driver_cmd SETSUSPENDOPT 0 len = 4096
07-08 07:58:32.972  9770  9770 D wpa_supplicant: wpa_driver_wext_driver_cmd SETSUSPENDOPT 0 len = 0, 15
07-08 07:58:32.972  9770  9770 D wpa_supplicant: wpa_driver_wext_driver_cmd POWERMODE 0 len = 4096
07-08 07:58:32.976 24815 24832 D androidNetworkLocationListeners: Still have listener com.google.android.location.internal.client.NetworkLocationClient$1@4138c868
07-08 07:58:32.988  9770  9770 D wpa_supplicant: wpa_driver_wext_driver_cmd OK len = 0, 2
07-08 07:58:32.988  9770  9770 D wpa_supplicant: WPS: Building WPS IE for Probe Request
07-08 07:58:32.988  9770  9770 D wpa_supplicant: WPS:  * Version (hardcoded 0x10)
07-08 07:58:32.988  9770  9770 D wpa_supplicant: WPS:  * Request Type
07-08 07:58:32.988  9770  9770 D wpa_supplicant: WPS:  * Config Methods (2388)
07-08 07:58:32.988  9770  9770 D wpa_supplicant: WPS:  * UUID-E
07-08 07:58:32.988  9770  9770 D wpa_supplicant: WPS:  * Primary Device Type
07-08 07:58:32.988  9770  9770 D wpa_supplicant: WPS:  * RF Bands (3)
07-08 07:58:32.988  9770  9770 D wpa_supplicant: WPS:  * Association State
07-08 07:58:32.988  9770  9770 D wpa_supplicant: WPS:  * Configuration Error (0)
07-08 07:58:32.988  9770  9770 D wpa_supplicant: WPS:  * Device Password ID (0)
07-08 07:58:32.988  9770  9770 D wpa_supplicant: WPS:  * Manufacturer
07-08 07:58:32.988  9770  9770 D wpa_supplicant: WPS:  * Model Name
07-08 07:58:32.988  9770  9770 D wpa_supplicant: WPS:  * Model Number
07-08 07:58:32.988  9770  9770 D wpa_supplicant: WPS:  * Device Name
07-08 07:58:32.988  9770  9770 D wpa_supplicant: WPS:  * Version2 (0x20)
07-08 07:58:32.988  9770  9770 D wpa_supplicant: wpa_driver_wext_combo_scan: Start
07-08 07:58:32.988  9770  9770 D wpa_supplicant: For Scan: (null)
07-08 07:58:32.992  9770  9770 D wpa_supplicant: Scan requested (ret=0) - scan timeout 30 seconds
07-08 07:58:32.992  9770  9770 D wpa_supplicant: Ongoing scan action - reject new request
07-08 07:58:32.992 24636 25343 I ControllerImpl: GET:http://wxdata.weather.com/wxdata/loc/get.js?lat=43.1346403&lng=-77.4284931&locale=en_US&key=e88d42ec-a740-102c-bafd-001321203584
07-08 07:58:32.992 24636 25343 I DAL     : GET:http://wxdata.weather.com/wxdata/loc/get.js?lat=43.1346403&lng=-77.4284931&locale=en_US&key=e88d42ec-a740-102c-bafd-001321203584
07-08 07:58:33.289 25320 25320 I ActivityThread: Pub com.google.android.maps.LocalActivePlacesProvider: com.google.googlenav.provider.LocalActivePlacesProvider
07-08 07:58:33.293 25320 25320 I ActivityThread: Pub com.google.android.maps.StarredItemProvider: com.google.googlenav.provider.StarredItemProvider
07-08 07:58:33.355 25320 25325 D dalvikvm: GC_CONCURRENT freed 155K, 3% free 9654K/9927K, paused 1ms+2ms
07-08 07:58:33.359 24636 24636 D chris   : 7:58
