06-30 05:09:40.836 13053 13053 D wpa_supplicant: WPS:  * Model Number
06-30 05:09:40.836 13053 13053 D wpa_supplicant: WPS:  * Device Name
06-30 05:09:40.836 13053 13053 D wpa_supplicant: WPS:  * Version2 (0x20)
06-30 05:09:40.836 13053 13053 D wpa_supplicant: wpa_driver_wext_combo_scan: Start
06-30 05:09:40.836 13053 13053 D wpa_supplicant: For Scan: (null)
06-30 05:09:40.855 20686 20686 I PhoneLab-StatusMonitorLocation: Location_Latitude: 42.8880613 Longitude: -78.8724679 Accuracy: 36.0
06-30 05:09:40.855 19962 20046 D androidNetworkLocationListeners: Still have listener com.google.android.location.internal.client.NetworkLocationClient$1@413e54c8
06-30 05:09:40.859 20686 20686 I PhoneLab-Locks: wake lock released
06-30 05:09:40.882 19896 19898 D dalvikvm: GC_CONCURRENT freed 413K, 6% free 9637K/10183K, paused 1ms+3ms
06-30 05:09:40.882 13053 13053 D wpa_supplicant: Scan requested (ret=0) - scan timeout 30 seconds
06-30 05:09:40.882 13053 13053 D wpa_supplicant: Ongoing scan action - reject new request
06-30 05:09:41.375 13053 13053 D wpa_supplicant: RTM_NEWLINK: operstate=0 ifi_flags=0x11003 ([UP][LOWER_UP])
06-30 05:09:41.375 13053 13053 D wpa_supplicant: RTM_NEWLINK, IFLA_IFNAME: Interface 'wlan0' added
06-30 05:09:41.375 13053 13053 D wpa_supplicant: Wireless event: cmd=0x8b19 len=8
06-30 05:09:41.386 13053 13053 D wpa_supplicant: Received 2526 bytes of scan results (9 BSSes)
06-30 05:09:41.500 13053 13053 D wpa_supplicant: wpa_driver_wext_driver_cmd SETSUSPENDOPT 0 len = 4096
06-30 05:09:41.500 13053 13053 D wpa_supplicant: wpa_driver_wext_driver_cmd SETSUSPENDOPT 0 len = 0, 15
06-30 05:09:41.500 13053 13053 D wpa_supplicant: wpa_driver_wext_driver_cmd POWERMODE 0 len = 4096
06-30 05:09:41.504 13053 13053 D wpa_supplicant: wpa_driver_wext_driver_cmd OK len = 0, 2
06-30 05:09:41.523 19962 19964 D dalvikvm: GC_CONCURRENT freed 481K, 6% free 9935K/10567K, paused 2ms+3ms
06-30 05:10:25.339 21123 21123 D dalvikvm: GC_EXPLICIT freed 9K, 3% free 9068K/9347K, paused 2ms+3ms
06-30 05:10:25.398   151   153 D dalvikvm: GC_CONCURRENT freed 1789K, 35% free 18151K/27847K, paused 2ms+10ms
06-30 05:10:25.906 13053 13053 D wpa_supplicant: wpa_driver_wext_driver_cmd SETSUSPENDOPT 0 len = 4096
06-30 05:10:25.906 13053 13053 D wpa_supplicant: wpa_driver_wext_driver_cmd SETSUSPENDOPT 0 len = 0, 15
06-30 05:10:25.906 13053 13053 D wpa_supplicant: WPS: Building WPS IE for Probe Request
06-30 05:10:25.906 13053 13053 D wpa_supplicant: WPS:  * Version (hardcoded 0x10)
06-30 05:10:25.906 13053 13053 D wpa_supplicant: WPS:  * Request Type
06-30 05:10:25.906 13053 13053 D wpa_supplicant: WPS:  * Config Methods (2388)
06-30 05:10:25.906 13053 13053 D wpa_supplicant: WPS:  * UUID-E
06-30 05:10:25.906 13053 13053 D wpa_supplicant: WPS:  * Primary Device Type
06-30 05:10:25.906 13053 13053 D wpa_supplicant: WPS:  * RF Bands (3)
06-30 05:10:25.906 13053 13053 D wpa_supplicant: WPS:  * Association State
06-30 05:10:25.906 13053 13053 D wpa_supplicant: WPS:  * Configuration Error (0)
06-30 05:10:25.906 13053 13053 D wpa_supplicant: WPS:  * Device Password ID (0)
06-30 05:10:25.906 13053 13053 D wpa_supplicant: WPS:  * Manufacturer
06-30 05:10:25.906 13053 13053 D wpa_supplicant: WPS:  * Model Name
06-30 05:10:25.906 13053 13053 D wpa_supplicant: WPS:  * Model Number
06-30 05:10:25.906 13053 13053 D wpa_supplicant: WPS:  * Device Name
06-30 05:10:25.906 13053 13053 D wpa_supplicant: WPS:  * Version2 (0x20)
06-30 05:10:25.914 13053 13053 D wpa_supplicant: wpa_driver_wext_combo_scan: Start
06-30 05:10:25.914 13053 13053 D wpa_supplicant: For Scan: (null)
06-30 05:10:25.976 13053 13053 D wpa_supplicant: Scan requested (ret=0) - scan timeout 30 seconds
06-30 05:10:25.976 13053 13053 D wpa_supplicant: wpa_driver_wext_driver_cmd POWERMODE 0 len = 4096
06-30 05:10:25.980 13053 13053 D wpa_supplicant: wpa_driver_wext_driver_cmd OK len = 0, 2
06-30 05:10:25.980 13053 13053 D wpa_supplicant: Ongoing scan action - reject new request
06-30 05:10:26.468 13053 13053 D wpa_supplicant: RTM_NEWLINK: operstate=0 ifi_flags=0x11003 ([UP][LOWER_UP])
06-30 05:10:26.468 13053 13053 D wpa_supplicant: RTM_NEWLINK, IFLA_IFNAME: Interface 'wlan0' added
06-30 05:10:26.468 13053 13053 D wpa_supplicant: Wireless event: cmd=0x8b19 len=8
06-30 05:10:26.480 13053 13053 D wpa_supplicant: Received 2142 bytes of scan results (7 BSSes)
06-30 05:10:26.589 13053 13053 D wpa_supplicant: wpa_driver_wext_driver_cmd SETSUSPENDOPT 0 len = 4096
06-30 05:10:26.589 13053 13053 D wpa_supplicant: wpa_driver_wext_driver_cmd SETSUSPENDOPT 0 len = 0, 15
06-30 05:10:26.589 13053 13053 D wpa_supplicant: wpa_driver_wext_driver_cmd POWERMODE 0 len = 4096
06-30 05:10:26.589 13053 13053 D wpa_supplicant: wpa_driver_wext_driver_cmd OK len = 0, 2
06-30 05:11:11.027   151   151 I ActivityManager: Start proc twc.provider for content provider com.weather.Weather/com.weather.dal.LocationListProvider: pid=21454 uid=10057 gids={1015, 3003, 1006}
06-30 05:11:11.031 13053 13053 D wpa_supplicant: wpa_driver_wext_driver_cmd SETSUSPENDOPT 0 len = 4096
06-30 05:11:11.031 13053 13053 D wpa_supplicant: wpa_driver_wext_driver_cmd SETSUSPENDOPT 0 len = 0, 15
06-30 05:11:11.031 13053 13053 D wpa_supplicant: WPS: Building WPS IE for Probe Request
06-30 05:11:11.031 13053 13053 D wpa_supplicant: WPS:  * Version (hardcoded 0x10)
06-30 05:11:11.031 13053 13053 D wpa_supplicant: WPS:  * Request Type
06-30 05:11:11.031 13053 13053 D wpa_supplicant: WPS:  * Config Methods (2388)
06-30 05:11:11.031 13053 13053 D wpa_supplicant: WPS:  * UUID-E
06-30 05:11:11.031 13053 13053 D wpa_supplicant: WPS:  * Primary Device Type
06-30 05:11:11.031 13053 13053 D wpa_supplicant: WPS:  * RF Bands (3)
06-30 05:11:11.031 13053 13053 D wpa_supplicant: WPS:  * Association State
06-30 05:11:11.031 13053 13053 D wpa_supplicant: WPS:  * Configuration Error (0)
06-30 05:11:11.031 13053 13053 D wpa_supplicant: WPS:  * Device Password ID (0)
06-30 05:11:11.031 13053 13053 D wpa_supplicant: WPS:  * Manufacturer
06-30 05:11:11.031 13053 13053 D wpa_supplicant: WPS:  * Model Name
06-30 05:11:11.031 13053 13053 D wpa_supplicant: WPS:  * Model Number
06-30 05:11:11.031 13053 13053 D wpa_supplicant: WPS:  * Device Name
06-30 05:11:11.031 13053 13053 D wpa_supplicant: WPS:  * Version2 (0x20)
06-30 05:11:11.031 13053 13053 D wpa_supplicant: wpa_driver_wext_combo_scan: Start
06-30 05:11:11.031 13053 13053 D wpa_supplicant: For Scan: (null)
06-30 05:11:11.093 21454 21454 I dalvikvm: Turning on JNI app bug workarounds for target SDK version 13...
06-30 05:11:11.101 13053 13053 D wpa_supplicant: Scan requested (ret=0) - scan timeout 30 seconds
06-30 05:11:11.101 13053 13053 D wpa_supplicant: wpa_driver_wext_driver_cmd POWERMODE 0 len = 4096
06-30 05:11:11.101 13053 13053 D wpa_supplicant: wpa_driver_wext_driver_cmd OK len = 0, 2
06-30 05:11:11.101 13053 13053 D wpa_supplicant: Ongoing scan action - reject new request
06-30 05:11:11.195 21123 21123 D dalvikvm: GC_EXPLICIT freed 9K, 3% free 9068K/9347K, paused 2ms+6ms
06-30 05:11:11.269 21454 21456 D dalvikvm: GC_CONCURRENT freed 155K, 3% free 9381K/9607K, paused 2ms+2ms
06-30 05:11:11.277 21454 21454 I ActivityThread: Pub com.weather.Weather.ads.DynamicConfigProvider: com.weather.Weather.ads.DynamicConfigProvider
06-30 05:11:11.277 21454 21454 I ActivityThread: Pub com.weather.dal.LocationListProvider: com.weather.dal.LocationListProvider
06-30 05:11:11.304 19962 20046 D androidNetworkLocationListeners: Still have listener com.google.android.location.internal.client.NetworkLocationClient$1@413e54c8
06-30 05:11:11.304 19962 20046 D androidNetworkLocationListeners: Still have listener com.google.android.location.internal.client.NetworkLocationClient$1@413e54c8
06-30 05:11:11.304 13053 13053 D wpa_supplicant: Ongoing scan action - reject new request
06-30 05:11:11.312 13053 13053 D wpa_supplicant: Ongoing scan action - reject new request
06-30 05:11:11.589 13053 13053 D wpa_supplicant: RTM_NEWLINK: operstate=0 ifi_flags=0x11003 ([UP][LOWER_UP])
06-30 05:11:11.589 13053 13053 D wpa_supplicant: RTM_NEWLINK, IFLA_IFNAME: Interface 'wlan0' added
06-30 05:11:11.589 13053 13053 D wpa_supplicant: Wireless event: cmd=0x8b19 len=8
06-30 05:11:11.589 13053 13053 D wpa_supplicant: Received 2669 bytes of scan results (10 BSSes)
06-30 05:11:11.711 13053 13053 D wpa_supplicant: wpa_driver_wext_driver_cmd SETSUSPENDOPT 0 len = 4096
06-30 05:11:11.711 13053 13053 D wpa_supplicant: wpa_driver_wext_driver_cmd SETSUSPENDOPT 0 len = 0, 15
06-30 05:11:11.711 13053 13053 D wpa_supplicant: wpa_driver_wext_driver_cmd POWERMODE 0 len = 4096
06-30 05:11:11.714 13053 13053 D wpa_supplicant: wpa_driver_wext_driver_cmd OK len = 0, 2
06-30 05:11:11.734 19962 19964 D dalvikvm: GC_CONCURRENT freed 476K, 7% free 9929K/10567K, paused 2ms+9ms
06-30 05:11:56.347 13053 13053 D wpa_supplicant: wpa_driver_wext_driver_cmd SETSUSPENDOPT 0 len = 4096
06-30 05:11:56.347 13053 13053 D wpa_supplicant: wpa_driver_wext_driver_cmd SETSUSPENDOPT 0 len = 0, 15
06-30 05:11:56.347 13053 13053 D wpa_supplicant: WPS: Building WPS IE for Probe Request
06-30 05:11:56.347 13053 13053 D wpa_supplicant: WPS:  * Version (hardcoded 0x10)
06-30 05:11:56.347 13053 13053 D wpa_supplicant: WPS:  * Request Type
06-30 05:11:56.347 13053 13053 D wpa_supplicant: WPS:  * Config Methods (2388)
06-30 05:11:56.347 13053 13053 D wpa_supplicant: WPS:  * UUID-E
06-30 05:11:56.347 13053 13053 D wpa_supplicant: WPS:  * Primary Device Type
06-30 05:11:56.347 13053 13053 D wpa_supplicant: WPS:  * RF Bands (3)
06-30 05:11:56.347 13053 13053 D wpa_supplicant: WPS:  * Association State
06-30 05:11:56.347 13053 13053 D wpa_supplicant: WPS:  * Configuration Error (0)
06-30 05:11:56.347 13053 13053 D wpa_supplicant: WPS:  * Device Password ID (0)
06-30 05:11:56.347 13053 13053 D wpa_supplicant: WPS:  * Manufacturer
06-30 05:11:56.347 13053 13053 D wpa_supplicant: WPS:  * Model Name
06-30 05:11:56.347 13053 13053 D wpa_supplicant: WPS:  * Model Number
06-30 05:11:56.347 13053 13053 D wpa_supplicant: WPS:  * Device Name
06-30 05:11:56.347 13053 13053 D wpa_supplicant: WPS:  * Version2 (0x20)
06-30 05:11:56.347 13053 13053 D wpa_supplicant: wpa_driver_wext_combo_scan: Start
06-30 05:11:56.347 13053 13053 D wpa_supplicant: For Scan: (null)
06-30 05:11:56.410 13053 13053 D wpa_supplicant: Scan requested (ret=0) - scan timeout 30 seconds
06-30 05:11:56.410 13053 13053 D wpa_supplicant: wpa_driver_wext_driver_cmd POWERMODE 0 len = 4096
06-30 05:11:56.414 13053 13053 D wpa_supplicant: wpa_driver_wext_driver_cmd OK len = 0, 2
06-30 05:11:56.414 13053 13053 D wpa_supplicant: Ongoing scan action - reject new request
06-30 05:11:56.898 13053 13053 D wpa_supplicant: RTM_NEWLINK: operstate=0 ifi_flags=0x11003 ([UP][LOWER_UP])
06-30 05:11:56.898 13053 13053 D wpa_supplicant: RTM_NEWLINK, IFLA_IFNAME: Interface 'wlan0' added
06-30 05:11:56.898 13053 13053 D wpa_supplicant: Wireless event: cmd=0x8b19 len=8
06-30 05:11:56.910 13053 13053 D wpa_supplicant: Received 2691 bytes of scan results (9 BSSes)
06-30 05:11:57.043 13053 13053 D wpa_supplicant: wpa_driver_wext_driver_cmd SETSUSPENDOPT 0 len = 4096
06-30 05:11:57.043 13053 13053 D wpa_supplicant: wpa_driver_wext_driver_cmd SETSUSPENDOPT 0 len = 0, 15
06-30 05:11:57.043 13053 13053 D wpa_supplicant: wpa_driver_wext_driver_cmd POWERMODE 0 len = 4096
06-30 05:11:57.043 13053 13053 D wpa_supplicant: wpa_driver_wext_driver_cmd OK len = 0, 2
06-30 05:12:41.382   327   329 D dalvikvm: GC_CONCURRENT freed 386K, 62% free 10568K/27719K, paused 2ms+11ms
06-30 05:12:41.402 21123 21123 D dalvikvm: GC_EXPLICIT freed 9K, 3% free 9068K/9347K, paused 2ms+1ms
06-30 05:12:41.418 20051 20052 D dalvikvm: GC_CONCURRENT freed 1459K, 11% free 13966K/15559K, paused 2ms+13ms
06-30 05:12:41.422 13053 13053 D wpa_supplicant: wpa_driver_wext_driver_cmd SETSUSPENDOPT 0 len = 4096
06-30 05:12:41.422 13053 13053 D wpa_supplicant: wpa_driver_wext_driver_cmd SETSUSPENDOPT 0 len = 0, 15
06-30 05:12:41.422 13053 13053 D wpa_supplicant: WPS: Building WPS IE for Probe Request
06-30 05:12:41.422 13053 13053 D wpa_supplicant: WPS:  * Version (hardcoded 0x10)
06-30 05:12:41.422 13053 13053 D wpa_supplicant: WPS:  * Request Type
06-30 05:12:41.422 13053 13053 D wpa_supplicant: WPS:  * Config Methods (2388)
06-30 05:12:41.422 13053 13053 D wpa_supplicant: WPS:  * UUID-E
06-30 05:12:41.422 13053 13053 D wpa_supplicant: WPS:  * Primary Device Type
06-30 05:12:41.422 13053 13053 D wpa_supplicant: WPS:  * RF Bands (3)
06-30 05:12:41.422 13053 13053 D wpa_supplicant: WPS:  * Association State
06-30 05:12:41.422 13053 13053 D wpa_supplicant: WPS:  * Configuration Error (0)
06-30 05:12:41.422 13053 13053 D wpa_supplicant: WPS:  * Device Password ID (0)
06-30 05:12:41.422 13053 13053 D wpa_supplicant: WPS:  * Manufacturer
06-30 05:12:41.422 13053 13053 D wpa_supplicant: WPS:  * Model Name
06-30 05:12:41.422 13053 13053 D wpa_supplicant: WPS:  * Model Number
06-30 05:12:41.422 13053 13053 D wpa_supplicant: WPS:  * Device Name
06-30 05:12:41.422 13053 13053 D wpa_supplicant: WPS:  * Version2 (0x20)
06-30 05:12:41.422 13053 13053 D wpa_supplicant: wpa_driver_wext_combo_scan: Start
06-30 05:12:41.422 13053 13053 D wpa_supplicant: For Scan: (null)
06-30 05:12:41.484 13053 13053 D wpa_supplicant: Scan requested (ret=0) - scan timeout 30 seconds
06-30 05:12:41.484 13053 13053 D wpa_supplicant: wpa_driver_wext_driver_cmd POWERMODE 0 len = 4096
06-30 05:12:41.484 13053 13053 D wpa_supplicant: wpa_driver_wext_driver_cmd OK len = 0, 2
06-30 05:12:41.484 13053 13053 D wpa_supplicant: Ongoing scan action - reject new request
06-30 05:12:41.976 13053 13053 D wpa_supplicant: RTM_NEWLINK: operstate=0 ifi_flags=0x11003 ([UP][LOWER_UP])
06-30 05:12:41.976 13053 13053 D wpa_supplicant: RTM_NEWLINK, IFLA_IFNAME: Interface 'wlan0' added
06-30 05:12:41.976 13053 13053 D wpa_supplicant: Wireless event: cmd=0x8b19 len=8
06-30 05:12:41.988 13053 13053 D wpa_supplicant: Received 3200 bytes of scan results (11 BSSes)
06-30 05:12:42.101 13053 13053 D wpa_supplicant: wpa_driver_wext_driver_cmd SETSUSPENDOPT 0 len = 4096
06-30 05:12:42.105 13053 13053 D wpa_supplicant: wpa_driver_wext_driver_cmd SETSUSPENDOPT 0 len = 0, 15
06-30 05:12:42.105 13053 13053 D wpa_supplicant: wpa_driver_wext_driver_cmd POWERMODE 0 len = 4096
06-30 05:12:42.105 13053 13053 D wpa_supplicant: wpa_driver_wext_driver_cmd OK len = 0, 2
06-30 05:12:42.125 19962 19964 D dalvikvm: GC_CONCURRENT freed 503K, 7% free 9929K/10567K, paused 2ms+4ms
06-30 05:13:03.316 21123 21123 D dalvikvm: GC_EXPLICIT freed 9K, 3% free 9068K/9347K, paused 6ms+3ms
06-30 05:13:26.468 13053 13053 D wpa_supplicant: wpa_driver_wext_driver_cmd SETSUSPENDOPT 0 len = 4096
06-30 05:13:26.468 13053 13053 D wpa_supplicant: wpa_driver_wext_driver_cmd SETSUSPENDOPT 0 len = 0, 15
06-30 05:13:26.468 13053 13053 D wpa_supplicant: WPS: Building WPS IE for Probe Request
06-30 05:13:26.468 13053 13053 D wpa_supplicant: WPS:  * Version (hardcoded 0x10)
06-30 05:13:26.468 13053 13053 D wpa_supplicant: WPS:  * Request Type
06-30 05:13:26.468 13053 13053 D wpa_supplicant: WPS:  * Config Methods (2388)
06-30 05:13:26.468 13053 13053 D wpa_supplicant: WPS:  * UUID-E
06-30 05:13:26.468 13053 13053 D wpa_supplicant: WPS:  * Primary Device Type
06-30 05:13:26.468 13053 13053 D wpa_supplicant: WPS:  * RF Bands (3)
06-30 05:13:26.468 13053 13053 D wpa_supplicant: WPS:  * Association State
06-30 05:13:26.468 13053 13053 D wpa_supplicant: WPS:  * Configuration Error (0)
06-30 05:13:26.468 13053 13053 D wpa_supplicant: WPS:  * Device Password ID (0)
06-30 05:13:26.468 13053 13053 D wpa_supplicant: WPS:  * Manufacturer
06-30 05:13:26.468 13053 13053 D wpa_supplicant: WPS:  * Model Name
06-30 05:13:26.468 13053 13053 D wpa_supplicant: WPS:  * Model Number
06-30 05:13:26.468 13053 13053 D wpa_supplicant: WPS:  * Device Name
06-30 05:13:26.468 13053 13053 D wpa_supplicant: WPS:  * Version2 (0x20)
06-30 05:13:26.468 13053 13053 D wpa_supplicant: wpa_driver_wext_combo_scan: Start
06-30 05:13:26.468 13053 13053 D wpa_supplicant: For Scan: (null)
06-30 05:13:26.535 13053 13053 D wpa_supplicant: Scan requested (ret=0) - scan timeout 30 seconds
06-30 05:13:26.539 13053 13053 D wpa_supplicant: wpa_driver_wext_driver_cmd POWERMODE 0 len = 4096
06-30 05:13:26.543 13053 13053 D wpa_supplicant: wpa_driver_wext_driver_cmd OK len = 0, 2
06-30 05:13:26.543 13053 13053 D wpa_supplicant: Ongoing scan action - reject new request
06-30 05:13:27.031 13053 13053 D wpa_supplicant: RTM_NEWLINK: operstate=0 ifi_flags=0x11003 ([UP][LOWER_UP])
06-30 05:13:27.031 13053 13053 D wpa_supplicant: RTM_NEWLINK, IFLA_IFNAME: Interface 'wlan0' added
06-30 05:13:27.031 13053 13053 D wpa_supplicant: Wireless event: cmd=0x8b19 len=8
06-30 05:13:27.043 13053 13053 D wpa_supplicant: Received 2983 bytes of scan results (11 BSSes)
06-30 05:13:27.136 13053 13053 D wpa_supplicant: wpa_driver_wext_driver_cmd SETSUSPENDOPT 0 len = 4096
06-30 05:13:27.136 13053 13053 D wpa_supplicant: wpa_driver_wext_driver_cmd SETSUSPENDOPT 0 len = 0, 15
06-30 05:13:27.136 13053 13053 D wpa_supplicant: wpa_driver_wext_driver_cmd POWERMODE 0 len = 4096
06-30 05:13:27.140 13053 13053 D wpa_supplicant: wpa_driver_wext_driver_cmd OK len = 0, 2
06-30 05:13:43.050 13053 13053 D wpa_supplicant: WPS: Building WPS IE for Probe Request
06-30 05:13:43.050 13053 13053 D wpa_supplicant: WPS:  * Version (hardcoded 0x10)
06-30 05:13:43.050 13053 13053 D wpa_supplicant: WPS:  * Request Type
06-30 05:13:43.050 13053 13053 D wpa_supplicant: WPS:  * Config Methods (2388)
06-30 05:13:43.050 13053 13053 D wpa_supplicant: WPS:  * UUID-E
06-30 05:13:43.050 13053 13053 D wpa_supplicant: WPS:  * Primary Device Type
06-30 05:13:43.050 13053 13053 D wpa_supplicant: WPS:  * RF Bands (3)
06-30 05:13:43.050 13053 13053 D wpa_supplicant: WPS:  * Association State
06-30 05:13:43.050 13053 13053 D wpa_supplicant: WPS:  * Configuration Error (0)
06-30 05:13:43.050 13053 13053 D wpa_supplicant: WPS:  * Device Password ID (0)
06-30 05:13:43.050 13053 13053 D wpa_supplicant: WPS:  * Manufacturer
06-30 05:13:43.050 13053 13053 D wpa_supplicant: WPS:  * Model Name
06-30 05:13:43.050 13053 13053 D wpa_supplicant: WPS:  * Model Number
06-30 05:13:43.050 13053 13053 D wpa_supplicant: WPS:  * Device Name
06-30 05:13:43.050 13053 13053 D wpa_supplicant: WPS:  * Version2 (0x20)
06-30 05:13:43.050 13053 13053 D wpa_supplicant: wpa_driver_wext_combo_scan: Start
06-30 05:13:43.050 13053 13053 D wpa_supplicant: For Scan: (null)
06-30 05:13:43.113 13053 13053 D wpa_supplicant: Scan requested (ret=0) - scan timeout 30 seconds
06-30 05:13:44.011 13053 13053 D wpa_supplicant: RTM_NEWLINK: operstate=0 ifi_flags=0x11003 ([UP][LOWER_UP])
06-30 05:13:44.011 13053 13053 D wpa_supplicant: RTM_NEWLINK, IFLA_IFNAME: Interface 'wlan0' added
06-30 05:13:44.011 13053 13053 D wpa_supplicant: Wireless event: cmd=0x8b19 len=8
06-30 05:13:44.011 13053 13053 D wpa_supplicant: Received 2546 bytes of scan results (9 BSSes)
06-30 05:14:11.312 21123 21123 D dalvikvm: GC_EXPLICIT freed 9K, 3% free 9068K/9347K, paused 2ms+2ms
06-30 05:14:11.500 13053 13053 D wpa_supplicant: wpa_driver_wext_driver_cmd SETSUSPENDOPT 0 len = 4096
06-30 05:14:11.500 13053 13053 D wpa_supplicant: wpa_driver_wext_driver_cmd SETSUSPENDOPT 0 len = 0, 15
06-30 05:14:11.500 13053 13053 D wpa_supplicant: WPS: Building WPS IE for Probe Request
06-30 05:14:11.500 13053 13053 D wpa_supplicant: WPS:  * Version (hardcoded 0x10)
06-30 05:14:11.500 13053 13053 D wpa_supplicant: WPS:  * Request Type
06-30 05:14:11.500 13053 13053 D wpa_supplicant: WPS:  * Config Methods (2388)
06-30 05:14:11.500 13053 13053 D wpa_supplicant: WPS:  * UUID-E
06-30 05:14:11.500 13053 13053 D wpa_supplicant: WPS:  * Primary Device Type
06-30 05:14:11.500 13053 13053 D wpa_supplicant: WPS:  * RF Bands (3)
06-30 05:14:11.500 13053 13053 D wpa_supplicant: WPS:  * Association State
06-30 05:14:11.500 13053 13053 D wpa_supplicant: WPS:  * Configuration Error (0)
06-30 05:14:11.500 13053 13053 D wpa_supplicant: WPS:  * Device Password ID (0)
06-30 05:14:11.500 13053 13053 D wpa_supplicant: WPS:  * Manufacturer
06-30 05:14:11.500 13053 13053 D wpa_supplicant: WPS:  * Model Name
06-30 05:14:11.500 13053 13053 D wpa_supplicant: WPS:  * Model Number
06-30 05:14:11.500 13053 13053 D wpa_supplicant: WPS:  * Device Name
06-30 05:14:11.500 13053 13053 D wpa_supplicant: WPS:  * Version2 (0x20)
06-30 05:14:11.500 13053 13053 D wpa_supplicant: wpa_driver_wext_combo_scan: Start
06-30 05:14:11.500 13053 13053 D wpa_supplicant: For Scan: (null)
06-30 05:14:11.570 13053 13053 D wpa_supplicant: Scan requested (ret=0) - scan timeout 30 seconds
06-30 05:14:11.570 13053 13053 D wpa_supplicant: wpa_driver_wext_driver_cmd POWERMODE 0 len = 4096
06-30 05:14:11.574 13053 13053 D wpa_supplicant: wpa_driver_wext_driver_cmd OK len = 0, 2
06-30 05:14:11.648 13053 13053 D wpa_supplicant: wpa_driver_wext_driver_cmd SETSUSPENDOPT 0 len = 4096
06-30 05:14:11.648 13053 13053 D wpa_supplicant: wpa_driver_wext_driver_cmd SETSUSPENDOPT 0 len = 0, 15
06-30 05:14:11.648 13053 13053 D wpa_supplicant: wpa_driver_wext_driver_cmd POWERMODE 0 len = 4096
06-30 05:14:11.648 13053 13053 D wpa_supplicant: wpa_driver_wext_driver_cmd OK len = 0, 2
06-30 05:14:12.166 13053 13053 D wpa_supplicant: RTM_NEWLINK: operstate=0 ifi_flags=0x11003 ([UP][LOWER_UP])
06-30 05:14:12.166 13053 13053 D wpa_supplicant: RTM_NEWLINK, IFLA_IFNAME: Interface 'wlan0' added
06-30 05:14:12.166 13053 13053 D wpa_supplicant: Wireless event: cmd=0x8b19 len=8
06-30 05:14:12.166 13053 13053 D wpa_supplicant: Received 2869 bytes of scan results (10 BSSes)
06-30 05:14:12.189 19962 19964 D dalvikvm: GC_CONCURRENT freed 467K, 6% free 9939K/10567K, paused 2ms+505ms
06-30 05:14:57.031 13053 13053 D wpa_supplicant: wpa_driver_wext_driver_cmd SETSUSPENDOPT 0 len = 4096
06-30 05:14:57.031 13053 13053 D wpa_supplicant: wpa_driver_wext_driver_cmd SETSUSPENDOPT 0 len = 0, 15
06-30 05:14:57.031 13053 13053 D wpa_supplicant: WPS: Building WPS IE for Probe Request
06-30 05:14:57.031 13053 13053 D wpa_supplicant: WPS:  * Version (hardcoded 0x10)
06-30 05:14:57.031 13053 13053 D wpa_supplicant: WPS:  * Request Type
06-30 05:14:57.031 13053 13053 D wpa_supplicant: WPS:  * Config Methods (2388)
06-30 05:14:57.031 13053 13053 D wpa_supplicant: WPS:  * UUID-E
06-30 05:14:57.031 13053 13053 D wpa_supplicant: WPS:  * Primary Device Type
06-30 05:14:57.031 13053 13053 D wpa_supplicant: WPS:  * RF Bands (3)
06-30 05:14:57.031 13053 13053 D wpa_supplicant: WPS:  * Association State
06-30 05:14:57.031 13053 13053 D wpa_supplicant: WPS:  * Configuration Error (0)
06-30 05:14:57.031 13053 13053 D wpa_supplicant: WPS:  * Device Password ID (0)
06-30 05:14:57.031 13053 13053 D wpa_supplicant: WPS:  * Manufacturer
06-30 05:14:57.031 13053 13053 D wpa_supplicant: WPS:  * Model Name
06-30 05:14:57.031 13053 13053 D wpa_supplicant: WPS:  * Model Number
06-30 05:14:57.031 13053 13053 D wpa_supplicant: WPS:  * Device Name
06-30 05:14:57.031 13053 13053 D wpa_supplicant: WPS:  * Version2 (0x20)
06-30 05:14:57.031 13053 13053 D wpa_supplicant: wpa_driver_wext_combo_scan: Start
06-30 05:14:57.031 13053 13053 D wpa_supplicant: For Scan: (null)
06-30 05:14:57.101 13053 13053 D wpa_supplicant: Scan requested (ret=0) - scan timeout 30 seconds
06-30 05:14:57.101 13053 13053 D wpa_supplicant: wpa_driver_wext_driver_cmd POWERMODE 0 len = 4096
06-30 05:14:57.109 13053 13053 D wpa_supplicant: wpa_driver_wext_driver_cmd OK len = 0, 2
06-30 05:14:57.109 13053 13053 D wpa_supplicant: Ongoing scan action - reject new request
06-30 05:14:57.597 13053 13053 D wpa_supplicant: RTM_NEWLINK: operstate=0 ifi_flags=0x11003 ([UP][LOWER_UP])
06-30 05:14:57.597 13053 13053 D wpa_supplicant: RTM_NEWLINK, IFLA_IFNAME: Interface 'wlan0' added
06-30 05:14:57.597 13053 13053 D wpa_supplicant: Wireless event: cmd=0x8b19 len=8
06-30 05:14:57.609 13053 13053 D wpa_supplicant: Received 2999 bytes of scan results (10 BSSes)
06-30 05:14:57.699 13053 13053 D wpa_supplicant: wpa_driver_wext_driver_cmd SETSUSPENDOPT 0 len = 4096
06-30 05:14:57.699 13053 13053 D wpa_supplicant: wpa_driver_wext_driver_cmd SETSUSPENDOPT 0 len = 0, 15
06-30 05:14:57.699 13053 13053 D wpa_supplicant: wpa_driver_wext_driver_cmd POWERMODE 0 len = 4096
06-30 05:14:57.699 13053 13053 D wpa_supplicant: wpa_driver_wext_driver_cmd OK len = 0, 2
06-30 05:15:42.086 19962 20046 D androidNetworkLocationListeners: Still have listener com.google.android.location.internal.client.NetworkLocationClient$1@413e54c8
06-30 05:15:42.101 13053 13053 D wpa_supplicant: wpa_driver_wext_driver_cmd SETSUSPENDOPT 0 len = 4096
06-30 05:15:42.101 13053 13053 D wpa_supplicant: wpa_driver_wext_driver_cmd SETSUSPENDOPT 0 len = 0, 15
06-30 05:15:42.101 13053 13053 D wpa_supplicant: WPS: Building WPS IE for Probe Request
06-30 05:15:42.101 13053 13053 D wpa_supplicant: WPS:  * Version (hardcoded 0x10)
06-30 05:15:42.101 13053 13053 D wpa_supplicant: WPS:  * Request Type
06-30 05:15:42.101 13053 13053 D wpa_supplicant: WPS:  * Config Methods (2388)
06-30 05:15:42.101 13053 13053 D wpa_supplicant: WPS:  * UUID-E
06-30 05:15:42.101 13053 13053 D wpa_supplicant: WPS:  * Primary Device Type
06-30 05:15:42.101 13053 13053 D wpa_supplicant: WPS:  * RF Bands (3)
06-30 05:15:42.101 13053 13053 D wpa_supplicant: WPS:  * Association State
06-30 05:15:42.101 13053 13053 D wpa_supplicant: WPS:  * Configuration Error (0)
06-30 05:15:42.101 13053 13053 D wpa_supplicant: WPS:  * Device Password ID (0)
06-30 05:15:42.101 13053 13053 D wpa_supplicant: WPS:  * Manufacturer
06-30 05:15:42.101 13053 13053 D wpa_supplicant: WPS:  * Model Name
06-30 05:15:42.101 13053 13053 D wpa_supplicant: WPS:  * Model Number
06-30 05:15:42.101 13053 13053 D wpa_supplicant: WPS:  * Device Name
06-30 05:15:42.101 13053 13053 D wpa_supplicant: WPS:  * Version2 (0x20)
06-30 05:15:42.101 13053 13053 D wpa_supplicant: wpa_driver_wext_combo_scan: Start
06-30 05:15:42.101 13053 13053 D wpa_supplicant: For Scan: (null)
06-30 05:15:42.105 19962 20046 D androidNetworkLocationListeners: Still have listener com.google.android.location.internal.client.NetworkLocationClient$1@413e54c8
06-30 05:15:42.160 21123 21123 D dalvikvm: GC_EXPLICIT freed 9K, 3% free 9068K/9347K, paused 1ms+2ms
06-30 05:15:42.160 13053 13053 D wpa_supplicant: Scan requested (ret=0) - scan timeout 30 seconds
06-30 05:15:42.160 13053 13053 D wpa_supplicant: wpa_driver_wext_driver_cmd POWERMODE 0 len = 4096
06-30 05:15:42.164 13053 13053 D wpa_supplicant: wpa_driver_wext_driver_cmd OK len = 0, 2
06-30 05:15:42.164 13053 13053 D wpa_supplicant: Ongoing scan action - reject new request
06-30 05:15:42.164 13053 13053 D wpa_supplicant: Ongoing scan action - reject new request
06-30 05:15:42.648 13053 13053 D wpa_supplicant: RTM_NEWLINK: operstate=0 ifi_flags=0x11003 ([UP][LOWER_UP])
06-30 05:15:42.648 13053 13053 D wpa_supplicant: RTM_NEWLINK, IFLA_IFNAME: Interface 'wlan0' added
06-30 05:15:42.648 13053 13053 D wpa_supplicant: Wireless event: cmd=0x8b19 len=8
06-30 05:15:42.660 13053 13053 D wpa_supplicant: Received 2304 bytes of scan results (8 BSSes)
06-30 05:15:42.777 13053 13053 D wpa_supplicant: wpa_driver_wext_driver_cmd SETSUSPENDOPT 0 len = 4096
06-30 05:15:42.777 13053 13053 D wpa_supplicant: wpa_driver_wext_driver_cmd SETSUSPENDOPT 0 len = 0, 15
06-30 05:15:42.777 13053 13053 D wpa_supplicant: wpa_driver_wext_driver_cmd POWERMODE 0 len = 4096
06-30 05:15:42.777 13053 13053 D wpa_supplicant: wpa_driver_wext_driver_cmd OK len = 0, 2
06-30 05:15:42.800 19962 19964 D dalvikvm: GC_CONCURRENT freed 479K, 6% free 9934K/10567K, paused 2ms+3ms
06-30 05:16:27.160 21123 21123 D dalvikvm: GC_EXPLICIT freed 9K, 3% free 9068K/9347K, paused 2ms+2ms
06-30 05:16:27.164 13053 13053 D wpa_supplicant: wpa_driver_wext_driver_cmd SETSUSPENDOPT 0 len = 4096
06-30 05:16:27.164 13053 13053 D wpa_supplicant: wpa_driver_wext_driver_cmd SETSUSPENDOPT 0 len = 0, 15
06-30 05:16:27.164 13053 13053 D wpa_supplicant: WPS: Building WPS IE for Probe Request
06-30 05:16:27.164 13053 13053 D wpa_supplicant: WPS:  * Version (hardcoded 0x10)
06-30 05:16:27.164 13053 13053 D wpa_supplicant: WPS:  * Request Type
06-30 05:16:27.164 13053 13053 D wpa_supplicant: WPS:  * Config Methods (2388)
06-30 05:16:27.164 13053 13053 D wpa_supplicant: WPS:  * UUID-E
06-30 05:16:27.164 13053 13053 D wpa_supplicant: WPS:  * Primary Device Type
06-30 05:16:27.164 13053 13053 D wpa_supplicant: WPS:  * RF Bands (3)
06-30 05:16:27.164 13053 13053 D wpa_supplicant: WPS:  * Association State
06-30 05:16:27.164 13053 13053 D wpa_supplicant: WPS:  * Configuration Error (0)
06-30 05:16:27.164 13053 13053 D wpa_supplicant: WPS:  * Device Password ID (0)
06-30 05:16:27.164 13053 13053 D wpa_supplicant: WPS:  * Manufacturer
06-30 05:16:27.164 13053 13053 D wpa_supplicant: WPS:  * Model Name
06-30 05:16:27.164 13053 13053 D wpa_supplicant: WPS:  * Model Number
06-30 05:16:27.164 13053 13053 D wpa_supplicant: WPS:  * Device Name
06-30 05:16:27.164 13053 13053 D wpa_supplicant: WPS:  * Version2 (0x20)
06-30 05:16:27.164 13053 13053 D wpa_supplicant: wpa_driver_wext_combo_scan: Start
06-30 05:16:27.164 13053 13053 D wpa_supplicant: For Scan: (null)
06-30 05:16:27.218 13053 13053 D wpa_supplicant: Scan requested (ret=0) - scan timeout 30 seconds
06-30 05:16:27.218 13053 13053 D wpa_supplicant: wpa_driver_wext_driver_cmd POWERMODE 0 len = 4096
06-30 05:16:27.222 13053 13053 D wpa_supplicant: wpa_driver_wext_driver_cmd OK len = 0, 2
06-30 05:16:27.222 13053 13053 D wpa_supplicant: Ongoing scan action - reject new request
06-30 05:16:27.714 13053 13053 D wpa_supplicant: RTM_NEWLINK: operstate=0 ifi_flags=0x11003 ([UP][LOWER_UP])
06-30 05:16:27.714 13053 13053 D wpa_supplicant: RTM_NEWLINK, IFLA_IFNAME: Interface 'wlan0' added
06-30 05:16:27.714 13053 13053 D wpa_supplicant: Wireless event: cmd=0x8b19 len=8
06-30 05:16:27.722 13053 13053 D wpa_supplicant: Received 2791 bytes of scan results (9 BSSes)
06-30 05:16:27.812 13053 13053 D wpa_supplicant: wpa_driver_wext_driver_cmd SETSUSPENDOPT 0 len = 4096
06-30 05:16:27.812 13053 13053 D wpa_supplicant: wpa_driver_wext_driver_cmd SETSUSPENDOPT 0 len = 0, 15
06-30 05:16:27.812 13053 13053 D wpa_supplicant: wpa_driver_wext_driver_cmd POWERMODE 0 len = 4096
06-30 05:16:27.816 13053 13053 D wpa_supplicant: wpa_driver_wext_driver_cmd OK len = 0, 2
06-30 05:17:12.386 21123 21123 D dalvikvm: GC_EXPLICIT freed 9K, 3% free 9068K/9347K, paused 1ms+3ms
06-30 05:17:12.394 13053 13053 D wpa_supplicant: wpa_driver_wext_driver_cmd SETSUSPENDOPT 0 len = 4096
06-30 05:17:12.394 13053 13053 D wpa_supplicant: wpa_driver_wext_driver_cmd SETSUSPENDOPT 0 len = 0, 15
06-30 05:17:12.394 13053 13053 D wpa_supplicant: WPS: Building WPS IE for Probe Request
06-30 05:17:12.394 13053 13053 D wpa_supplicant: WPS:  * Version (hardcoded 0x10)
06-30 05:17:12.394 13053 13053 D wpa_supplicant: WPS:  * Request Type
06-30 05:17:12.394 13053 13053 D wpa_supplicant: WPS:  * Config Methods (2388)
06-30 05:17:12.394 13053 13053 D wpa_supplicant: WPS:  * UUID-E
06-30 05:17:12.394 13053 13053 D wpa_supplicant: WPS:  * Primary Device Type
06-30 05:17:12.394 13053 13053 D wpa_supplicant: WPS:  * RF Bands (3)
06-30 05:17:12.394 13053 13053 D wpa_supplicant: WPS:  * Association State
06-30 05:17:12.394 13053 13053 D wpa_supplicant: WPS:  * Configuration Error (0)
06-30 05:17:12.394 13053 13053 D wpa_supplicant: WPS:  * Device Password ID (0)
06-30 05:17:12.394 13053 13053 D wpa_supplicant: WPS:  * Manufacturer
06-30 05:17:12.394 13053 13053 D wpa_supplicant: WPS:  * Model Name
06-30 05:17:12.394 13053 13053 D wpa_supplicant: WPS:  * Model Number
06-30 05:17:12.394 13053 13053 D wpa_supplicant: WPS:  * Device Name
06-30 05:17:12.394 13053 13053 D wpa_supplicant: WPS:  * Version2 (0x20)
06-30 05:17:12.394 13053 13053 D wpa_supplicant: wpa_driver_wext_combo_scan: Start
06-30 05:17:12.394 13053 13053 D wpa_supplicant: For Scan: (null)
06-30 05:17:12.449 13053 13053 D wpa_supplicant: Scan requested (ret=0) - scan timeout 30 seconds
06-30 05:17:12.449 13053 13053 D wpa_supplicant: wpa_driver_wext_driver_cmd POWERMODE 0 len = 4096
06-30 05:17:12.449 13053 13053 D wpa_supplicant: wpa_driver_wext_driver_cmd OK len = 0, 2
06-30 05:17:12.453 13053 13053 D wpa_supplicant: Ongoing scan action - reject new request
06-30 05:17:12.941 13053 13053 D wpa_supplicant: RTM_NEWLINK: operstate=0 ifi_flags=0x11003 ([UP][LOWER_UP])
06-30 05:17:12.941 13053 13053 D wpa_supplicant: RTM_NEWLINK, IFLA_IFNAME: Interface 'wlan0' added
06-30 05:17:12.941 13053 13053 D wpa_supplicant: Wireless event: cmd=0x8b19 len=8
06-30 05:17:12.953 13053 13053 D wpa_supplicant: Received 2633 bytes of scan results (9 BSSes)
06-30 05:17:13.066 13053 13053 D wpa_supplicant: wpa_driver_wext_driver_cmd SETSUSPENDOPT 0 len = 4096
06-30 05:17:13.066 13053 13053 D wpa_supplicant: wpa_driver_wext_driver_cmd SETSUSPENDOPT 0 len = 0, 15
06-30 05:17:13.066 13053 13053 D wpa_supplicant: wpa_driver_wext_driver_cmd POWERMODE 0 len = 4096
06-30 05:17:13.066 13053 13053 D wpa_supplicant: wpa_driver_wext_driver_cmd OK len = 0, 2
06-30 05:17:13.086 19962 19964 D dalvikvm: GC_CONCURRENT freed 473K, 7% free 9927K/10567K, paused 2ms+2ms
06-30 05:17:57.429 13053 13053 D wpa_supplicant: wpa_driver_wext_driver_cmd SETSUSPENDOPT 0 len = 4096
06-30 05:17:57.429 13053 13053 D wpa_supplicant: wpa_driver_wext_driver_cmd SETSUSPENDOPT 0 len = 0, 15
06-30 05:17:57.429 13053 13053 D wpa_supplicant: WPS: Building WPS IE for Probe Request
06-30 05:17:57.429 13053 13053 D wpa_supplicant: WPS:  * Version (hardcoded 0x10)
06-30 05:17:57.429 13053 13053 D wpa_supplicant: WPS:  * Request Type
06-30 05:17:57.429 13053 13053 D wpa_supplicant: WPS:  * Config Methods (2388)
06-30 05:17:57.429 13053 13053 D wpa_supplicant: WPS:  * UUID-E
06-30 05:17:57.429 13053 13053 D wpa_supplicant: WPS:  * Primary Device Type
06-30 05:17:57.429 13053 13053 D wpa_supplicant: WPS:  * RF Bands (3)
06-30 05:17:57.429 13053 13053 D wpa_supplicant: WPS:  * Association State
06-30 05:17:57.429 13053 13053 D wpa_supplicant: WPS:  * Configuration Error (0)
06-30 05:17:57.429 13053 13053 D wpa_supplicant: WPS:  * Device Password ID (0)
06-30 05:17:57.429 13053 13053 D wpa_supplicant: WPS:  * Manufacturer
06-30 05:17:57.429 13053 13053 D wpa_supplicant: WPS:  * Model Name
06-30 05:17:57.429 13053 13053 D wpa_supplicant: WPS:  * Model Number
06-30 05:17:57.429 13053 13053 D wpa_supplicant: WPS:  * Device Name
06-30 05:17:57.429 13053 13053 D wpa_supplicant: WPS:  * Version2 (0x20)
06-30 05:17:57.429 13053 13053 D wpa_supplicant: wpa_driver_wext_combo_scan: Start
06-30 05:17:57.429 13053 13053 D wpa_supplicant: For Scan: (null)
06-30 05:17:57.515 13053 13053 D wpa_supplicant: Scan requested (ret=0) - scan timeout 30 seconds
06-30 05:17:57.515 13053 13053 D wpa_supplicant: wpa_driver_wext_driver_cmd POWERMODE 0 len = 4096
06-30 05:17:57.515 13053 13053 D wpa_supplicant: wpa_driver_wext_driver_cmd OK len = 0, 2
06-30 05:17:57.515 13053 13053 D wpa_supplicant: Ongoing scan action - reject new request
06-30 05:17:58.000 13053 13053 D wpa_supplicant: RTM_NEWLINK: operstate=0 ifi_flags=0x11003 ([UP][LOWER_UP])
06-30 05:17:58.000 13053 13053 D wpa_supplicant: RTM_NEWLINK, IFLA_IFNAME: Interface 'wlan0' added
06-30 05:17:58.000 13053 13053 D wpa_supplicant: Wireless event: cmd=0x8b19 len=8
06-30 05:17:58.011 13053 13053 D wpa_supplicant: Received 2404 bytes of scan results (8 BSSes)
06-30 05:17:58.105 13053 13053 D wpa_supplicant: wpa_driver_wext_driver_cmd SETSUSPENDOPT 0 len = 4096
06-30 05:17:58.105 13053 13053 D wpa_supplicant: wpa_driver_wext_driver_cmd SETSUSPENDOPT 0 len = 0, 15
06-30 05:17:58.105 13053 13053 D wpa_supplicant: wpa_driver_wext_driver_cmd POWERMODE 0 len = 4096
06-30 05:17:58.109 13053 13053 D wpa_supplicant: wpa_driver_wext_driver_cmd OK len = 0, 2
06-30 05:18:02.304 21123 21123 D dalvikvm: GC_EXPLICIT freed 9K, 3% free 9068K/9347K, paused 2ms+2ms
06-30 05:18:13.363 20686 20686 I PhoneLab-Locks: wake lock acquired
06-30 05:18:13.394 20686 21470 I PhoneLab-PeriodicCheckService: User info is synched
06-30 05:18:13.398 20686 21470 I PhoneLab-PeriodicCheckService: Logger Service is running
06-30 05:18:13.398 20686 21470 I PhoneLab-Locks: wake lock acquired
06-30 05:18:13.402 20686 20686 I PhoneLab-UploadLogs: Transfering log files now
06-30 05:18:13.402 20686 20686 I PhoneLab-UploadLogs: No log files to transfer
06-30 05:18:13.402 20686 20686 I PhoneLab-Locks: wake lock released
06-30 05:18:13.402 20686 20686 I PhoneLab-UploadLogs: OnStartCommand
06-30 05:18:13.406 20686 21470 I PhoneLab-PeriodicCheckService: Rescheduling periodic checking...
06-30 05:18:13.406 20686 21470 I PhoneLab-Locks: wake lock released
06-30 05:18:42.468 13053 13053 D wpa_supplicant: wpa_driver_wext_driver_cmd SETSUSPENDOPT 0 len = 4096
06-30 05:18:42.468 13053 13053 D wpa_supplicant: wpa_driver_wext_driver_cmd SETSUSPENDOPT 0 len = 0, 15
06-30 05:18:42.472 13053 13053 D wpa_supplicant: WPS: Building WPS IE for Probe Request
06-30 05:18:42.472 13053 13053 D wpa_supplicant: WPS:  * Version (hardcoded 0x10)
06-30 05:18:42.472 13053 13053 D wpa_supplicant: WPS:  * Request Type
06-30 05:18:42.472 13053 13053 D wpa_supplicant: WPS:  * Config Methods (2388)
06-30 05:18:42.472 13053 13053 D wpa_supplicant: WPS:  * UUID-E
06-30 05:18:42.472 13053 13053 D wpa_supplicant: WPS:  * Primary Device Type
06-30 05:18:42.472 13053 13053 D wpa_supplicant: WPS:  * RF Bands (3)
06-30 05:18:42.472 13053 13053 D wpa_supplicant: WPS:  * Association State
06-30 05:18:42.472 13053 13053 D wpa_supplicant: WPS:  * Configuration Error (0)
06-30 05:18:42.472 13053 13053 D wpa_supplicant: WPS:  * Device Password ID (0)
06-30 05:18:42.472 13053 13053 D wpa_supplicant: WPS:  * Manufacturer
06-30 05:18:42.472 13053 13053 D wpa_supplicant: WPS:  * Model Name
06-30 05:18:42.472 13053 13053 D wpa_supplicant: WPS:  * Model Number
06-30 05:18:42.472 13053 13053 D wpa_supplicant: WPS:  * Device Name
06-30 05:18:42.472 13053 13053 D wpa_supplicant: WPS:  * Version2 (0x20)
06-30 05:18:42.472 13053 13053 D wpa_supplicant: wpa_driver_wext_combo_scan: Start
06-30 05:18:42.472 13053 13053 D wpa_supplicant: For Scan: (null)
06-30 05:18:42.539 13053 13053 D wpa_supplicant: Scan requested (ret=0) - scan timeout 30 seconds
06-30 05:18:42.539 13053 13053 D wpa_supplicant: wpa_driver_wext_driver_cmd POWERMODE 0 len = 4096
06-30 05:18:42.543 13053 13053 D wpa_supplicant: wpa_driver_wext_driver_cmd OK len = 0, 2
06-30 05:18:42.543 13053 13053 D wpa_supplicant: Ongoing scan action - reject new request
06-30 05:18:43.031 13053 13053 D wpa_supplicant: RTM_NEWLINK: operstate=0 ifi_flags=0x11003 ([UP][LOWER_UP])
06-30 05:18:43.031 13053 13053 D wpa_supplicant: RTM_NEWLINK, IFLA_IFNAME: Interface 'wlan0' added
06-30 05:18:43.031 13053 13053 D wpa_supplicant: Wireless event: cmd=0x8b19 len=8
06-30 05:18:43.050 13053 13053 D wpa_supplicant: Received 2766 bytes of scan results (9 BSSes)
06-30 05:18:43.070 13053 13053 D wpa_supplicant: WPS: Building WPS IE for Probe Request
06-30 05:18:43.070 13053 13053 D wpa_supplicant: WPS:  * Version (hardcoded 0x10)
06-30 05:18:43.070 13053 13053 D wpa_supplicant: WPS:  * Request Type
06-30 05:18:43.070 13053 13053 D wpa_supplicant: WPS:  * Config Methods (2388)
06-30 05:18:43.070 13053 13053 D wpa_supplicant: WPS:  * UUID-E
06-30 05:18:43.070 13053 13053 D wpa_supplicant: WPS:  * Primary Device Type
06-30 05:18:43.070 13053 13053 D wpa_supplicant: WPS:  * RF Bands (3)
06-30 05:18:43.070 13053 13053 D wpa_supplicant: WPS:  * Association State
06-30 05:18:43.070 13053 13053 D wpa_supplicant: WPS:  * Configuration Error (0)
06-30 05:18:43.070 13053 13053 D wpa_supplicant: WPS:  * Device Password ID (0)
06-30 05:18:43.070 13053 13053 D wpa_supplicant: WPS:  * Manufacturer
06-30 05:18:43.070 13053 13053 D wpa_supplicant: WPS:  * Model Name
06-30 05:18:43.070 13053 13053 D wpa_supplicant: WPS:  * Model Number
06-30 05:18:43.070 13053 13053 D wpa_supplicant: WPS:  * Device Name
06-30 05:18:43.070 13053 13053 D wpa_supplicant: WPS:  * Version2 (0x20)
06-30 05:18:43.070 13053 13053 D wpa_supplicant: wpa_driver_wext_combo_scan: Start
06-30 05:18:43.070 13053 13053 D wpa_supplicant: For Scan: (null)
06-30 05:18:43.070 13053 13053 D wpa_supplicant: Scan requested (ret=0) - scan timeout 30 seconds
06-30 05:18:43.168 13053 13053 D wpa_supplicant: wpa_driver_wext_driver_cmd SETSUSPENDOPT 0 len = 4096
06-30 05:18:43.168 13053 13053 D wpa_supplicant: wpa_driver_wext_driver_cmd SETSUSPENDOPT 0 len = 0, 15
06-30 05:18:43.168 13053 13053 D wpa_supplicant: wpa_driver_wext_driver_cmd POWERMODE 0 len = 4096
06-30 05:18:43.171 13053 13053 D wpa_supplicant: wpa_driver_wext_driver_cmd OK len = 0, 2
06-30 05:18:43.171 21194 21196 D dalvikvm: GC_CONCURRENT freed 438K, 6% free 10316K/10887K, paused 2ms+5ms
06-30 05:18:43.207 19962 19964 D dalvikvm: GC_CONCURRENT freed 464K, 7% free 9925K/10567K, paused 2ms+7ms
06-30 05:18:43.550 13053 13053 D wpa_supplicant: RTM_NEWLINK: operstate=0 ifi_flags=0x11003 ([UP][LOWER_UP])
06-30 05:18:43.550 13053 13053 D wpa_supplicant: RTM_NEWLINK, IFLA_IFNAME: Interface 'wlan0' added
06-30 05:18:43.550 13053 13053 D wpa_supplicant: Wireless event: cmd=0x8b19 len=8
06-30 05:18:43.550 13053 13053 D wpa_supplicant: Received 2855 bytes of scan results (10 BSSes)
06-30 05:18:43.691   327   329 D dalvikvm: GC_CONCURRENT freed 288K, 62% free 10742K/27719K, paused 2ms+4ms
06-30 05:18:43.769   327   329 D dalvikvm: GC_CONCURRENT freed 585K, 62% free 10796K/27719K, paused 2ms+4ms
06-30 05:19:27.156 21123 21123 D dalvikvm: GC_EXPLICIT freed 9K, 3% free 9068K/9347K, paused 1ms+2ms
06-30 05:19:27.492 13053 13053 D wpa_supplicant: wpa_driver_wext_driver_cmd SETSUSPENDOPT 0 len = 4096
06-30 05:19:27.492 13053 13053 D wpa_supplicant: wpa_driver_wext_driver_cmd SETSUSPENDOPT 0 len = 0, 15
06-30 05:19:27.492 13053 13053 D wpa_supplicant: WPS: Building WPS IE for Probe Request
06-30 05:19:27.492 13053 13053 D wpa_supplicant: WPS:  * Version (hardcoded 0x10)
06-30 05:19:27.492 13053 13053 D wpa_supplicant: WPS:  * Request Type
06-30 05:19:27.492 13053 13053 D wpa_supplicant: WPS:  * Config Methods (2388)
06-30 05:19:27.492 13053 13053 D wpa_supplicant: WPS:  * UUID-E
06-30 05:19:27.492 13053 13053 D wpa_supplicant: WPS:  * Primary Device Type
06-30 05:19:27.492 13053 13053 D wpa_supplicant: WPS:  * RF Bands (3)
06-30 05:19:27.492 13053 13053 D wpa_supplicant: WPS:  * Association State
06-30 05:19:27.492 13053 13053 D wpa_supplicant: WPS:  * Configuration Error (0)
06-30 05:19:27.492 13053 13053 D wpa_supplicant: WPS:  * Device Password ID (0)
06-30 05:19:27.492 13053 13053 D wpa_supplicant: WPS:  * Manufacturer
06-30 05:19:27.492 13053 13053 D wpa_supplicant: WPS:  * Model Name
06-30 05:19:27.492 13053 13053 D wpa_supplicant: WPS:  * Model Number
06-30 05:19:27.492 13053 13053 D wpa_supplicant: WPS:  * Device Name
06-30 05:19:27.492 13053 13053 D wpa_supplicant: WPS:  * Version2 (0x20)
06-30 05:19:27.492 13053 13053 D wpa_supplicant: wpa_driver_wext_combo_scan: Start
06-30 05:19:27.492 13053 13053 D wpa_supplicant: For Scan: (null)
06-30 05:19:27.574 13053 13053 D wpa_supplicant: Scan requested (ret=0) - scan timeout 30 seconds
06-30 05:19:27.574 13053 13053 D wpa_supplicant: wpa_driver_wext_driver_cmd POWERMODE 0 len = 4096
06-30 05:19:27.574 13053 13053 D wpa_supplicant: wpa_driver_wext_driver_cmd OK len = 0, 2
06-30 05:19:27.586 13053 13053 D wpa_supplicant: wpa_driver_wext_driver_cmd SETSUSPENDOPT 0 len = 4096
06-30 05:19:27.586 13053 13053 D wpa_supplicant: wpa_driver_wext_driver_cmd SETSUSPENDOPT 0 len = 0, 15
06-30 05:19:27.586 13053 13053 D wpa_supplicant: wpa_driver_wext_driver_cmd POWERMODE 0 len = 4096
06-30 05:19:27.589 13053 13053 D wpa_supplicant: wpa_driver_wext_driver_cmd OK len = 0, 2
06-30 05:19:28.111 13053 13053 D wpa_supplicant: RTM_NEWLINK: operstate=0 ifi_flags=0x11003 ([UP][LOWER_UP])
06-30 05:19:28.111 13053 13053 D wpa_supplicant: RTM_NEWLINK, IFLA_IFNAME: Interface 'wlan0' added
06-30 05:19:28.111 13053 13053 D wpa_supplicant: Wireless event: cmd=0x8b19 len=8
06-30 05:19:28.111 13053 13053 D wpa_supplicant: Received 3165 bytes of scan results (11 BSSes)
06-30 05:19:41.007 20686 20686 I PhoneLab-Locks: wake lock acquired
06-30 05:19:41.011 20686 20686 I PhoneLab-StatusMonitor: Status Monitoring is started
06-30 05:19:41.074 20686 20688 D dalvikvm: GC_CONCURRENT freed 534K, 18% free 9252K/11271K, paused 2ms+3ms
06-30 05:19:41.082 20686 20686 I PhoneLab-StatusMonitor: Value: 10 - unit: min
06-30 05:19:41.082 20686 20686 I PhoneLab-StatusMonitor: Running interval: 600000
06-30 05:19:41.097 20686 20686 I PhoneLab-StatusMonitor: Rescheduling status monitoring...
06-30 05:19:41.097 20686 20686 I PhoneLab-Locks: wake lock released
06-30 05:19:41.105 20686 20686 I PhoneLab-StatusMonitorLocation: Learning Location
06-30 05:19:41.105 20686 20686 I PhoneLab-Locks: wake lock acquired
06-30 05:19:41.105 20686 20686 I PhoneLab-Locks: wake lock acquired
06-30 05:19:41.109 19962 20046 D androidNetworkLocationListeners: Still have listener com.google.android.location.internal.client.NetworkLocationClient$1@413e54c8
06-30 05:19:41.109 20686 20686 I PhoneLab-StatusMonitorLocation: Learning Signal Strgth
06-30 05:19:41.109 20686 20686 I PhoneLab-Locks: wake lock acquired
06-30 05:19:41.113 13053 13053 D wpa_supplicant: wpa_driver_wext_driver_cmd SETSUSPENDOPT 0 len = 4096
06-30 05:19:41.113 13053 13053 D wpa_supplicant: wpa_driver_wext_driver_cmd SETSUSPENDOPT 0 len = 0, 15
06-30 05:19:41.113 13053 13053 D wpa_supplicant: wpa_driver_wext_driver_cmd POWERMODE 0 len = 4096
06-30 05:19:41.117 19962 20046 D androidNetworkLocationListeners: Still have listener com.google.android.location.internal.client.NetworkLocationClient$1@413e54c8
06-30 05:19:41.121 13053 13053 D wpa_supplicant: wpa_driver_wext_driver_cmd OK len = 0, 2
06-30 05:19:41.125 20686 20686 I PhoneLab-StatusMonitorBattery: Battery_level: 40
06-30 05:19:41.125 20686 20686 I PhoneLab-Locks: wake lock released
06-30 05:19:41.125 20686 20686 I PhoneLab-StatusMonitorSignal: Signal_Strength: -86 asu: 14
06-30 05:19:41.125 20686 20686 I PhoneLab-Locks: wake lock released
06-30 05:19:41.218 13053 13053 D wpa_supplicant: wpa_driver_wext_driver_cmd SETSUSPENDOPT 0 len = 4096
06-30 05:19:41.218 13053 13053 D wpa_supplicant: wpa_driver_wext_driver_cmd SETSUSPENDOPT 0 len = 0, 15
06-30 05:19:41.218 13053 13053 D wpa_supplicant: wpa_driver_wext_driver_cmd POWERMODE 0 len = 4096
06-30 05:19:41.226 13053 13053 D wpa_supplicant: wpa_driver_wext_driver_cmd OK len = 0, 2
06-30 05:19:41.226 13053 13053 D wpa_supplicant: wpa_driver_wext_driver_cmd SETSUSPENDOPT 0 len = 4096
06-30 05:19:41.226 13053 13053 D wpa_supplicant: wpa_driver_wext_driver_cmd SETSUSPENDOPT 0 len = 0, 15
06-30 05:19:41.226 13053 13053 D wpa_supplicant: wpa_driver_wext_driver_cmd POWERMODE 0 len = 4096
06-30 05:19:41.230 13053 13053 D wpa_supplicant: wpa_driver_wext_driver_cmd OK len = 0, 2
06-30 05:19:41.230 13053 13053 D wpa_supplicant: WPS: Building WPS IE for Probe Request
06-30 05:19:41.230 13053 13053 D wpa_supplicant: WPS:  * Version (hardcoded 0x10)
06-30 05:19:41.230 13053 13053 D wpa_supplicant: WPS:  * Request Type
06-30 05:19:41.230 13053 13053 D wpa_supplicant: WPS:  * Config Methods (2388)
06-30 05:19:41.230 13053 13053 D wpa_supplicant: WPS:  * UUID-E
06-30 05:19:41.230 13053 13053 D wpa_supplicant: WPS:  * Primary Device Type
06-30 05:19:41.230 13053 13053 D wpa_supplicant: WPS:  * RF Bands (3)
06-30 05:19:41.230 13053 13053 D wpa_supplicant: WPS:  * Association State
06-30 05:19:41.230 13053 13053 D wpa_supplicant: WPS:  * Configuration Error (0)
06-30 05:19:41.230 13053 13053 D wpa_supplicant: WPS:  * Device Password ID (0)
06-30 05:19:41.230 13053 13053 D wpa_supplicant: WPS:  * Manufacturer
06-30 05:19:41.230 13053 13053 D wpa_supplicant: WPS:  * Model Name
06-30 05:19:41.230 13053 13053 D wpa_supplicant: WPS:  * Model Number
06-30 05:19:41.230 13053 13053 D wpa_supplicant: WPS:  * Device Name
06-30 05:19:41.230 13053 13053 D wpa_supplicant: WPS:  * Version2 (0x20)
06-30 05:19:41.230 13053 13053 D wpa_supplicant: wpa_driver_wext_combo_scan: Start
06-30 05:19:41.230 13053 13053 D wpa_supplicant: For Scan: (null)
06-30 05:19:41.250 19962 19964 D dalvikvm: GC_CONCURRENT freed 468K, 7% free 9928K/10567K, paused 2ms+3ms
06-30 05:19:41.253 20686 20686 I PhoneLab-StatusMonitorLocation: Location_Latitude: 42.8880877 Longitude: -78.8724721 Accuracy: 31.0
06-30 05:19:41.253 19962 20046 D androidNetworkLocationListeners: Still have listener com.google.android.location.internal.client.NetworkLocationClient$1@413e54c8
06-30 05:19:41.253 20686 20686 I PhoneLab-Locks: wake lock released
06-30 05:19:41.277 13053 13053 D wpa_supplicant: Scan requested (ret=0) - scan timeout 30 seconds
06-30 05:19:41.277 13053 13053 D wpa_supplicant: Ongoing scan action - reject new request
06-30 05:19:41.769 13053 13053 D wpa_supplicant: RTM_NEWLINK: operstate=0 ifi_flags=0x11003 ([UP][LOWER_UP])
06-30 05:19:41.769 13053 13053 D wpa_supplicant: RTM_NEWLINK, IFLA_IFNAME: Interface 'wlan0' added
06-30 05:19:41.769 13053 13053 D wpa_supplicant: Wireless event: cmd=0x8b19 len=8
06-30 05:19:41.777 13053 13053 D wpa_supplicant: Received 2978 bytes of scan results (11 BSSes)
06-30 05:19:41.886   327   329 D dalvikvm: GC_CONCURRENT freed 901K, 63% free 10486K/27719K, paused 1ms+4ms
06-30 05:19:41.961   327   329 D dalvikvm: GC_CONCURRENT freed 315K, 62% free 10599K/27719K, paused 1ms+3ms
06-30 05:19:42.031 13053 13053 D wpa_supplicant: wpa_driver_wext_driver_cmd SETSUSPENDOPT 0 len = 4096
06-30 05:19:42.031 13053 13053 D wpa_supplicant: wpa_driver_wext_driver_cmd SETSUSPENDOPT 0 len = 0, 15
06-30 05:19:42.031 13053 13053 D wpa_supplicant: wpa_driver_wext_driver_cmd POWERMODE 0 len = 4096
06-30 05:19:42.035 13053 13053 D wpa_supplicant: wpa_driver_wext_driver_cmd OK len = 0, 2
06-30 05:20:26.316 21123 21123 D dalvikvm: GC_EXPLICIT freed 9K, 3% free 9068K/9347K, paused 2ms+2ms
