07-03 18:01:28.265 25174 25174 D wpa_supplicant: Ongoing scan action - reject new request
07-03 18:01:28.742 25174 25174 D wpa_supplicant: RTM_NEWLINK: operstate=0 ifi_flags=0x11003 ([UP][LOWER_UP])
07-03 18:01:28.754 25174 25174 D wpa_supplicant: RTM_NEWLINK, IFLA_IFNAME: Interface 'wlan0' added
07-03 18:01:28.754 25174 25174 D wpa_supplicant: Wireless event: cmd=0x8b19 len=8
07-03 18:01:28.754 25174 25174 D wpa_supplicant: Received 169 bytes of scan results (1 BSSes)
07-03 18:01:28.843 25174 25174 D wpa_supplicant: wpa_driver_wext_driver_cmd SETSUSPENDOPT 0 len = 4096
07-03 18:01:28.843 25174 25174 D wpa_supplicant: wpa_driver_wext_driver_cmd SETSUSPENDOPT 0 len = 0, 15
07-03 18:01:28.843 25174 25174 D wpa_supplicant: wpa_driver_wext_driver_cmd POWERMODE 0 len = 4096
07-03 18:01:28.847 25174 25174 D wpa_supplicant: wpa_driver_wext_driver_cmd OK len = 0, 2
07-03 18:01:28.859 29465 29465 I PhoneLab-StatusMonitorLocation: Location_Latitude: 43.0105576 Longitude: -78.7785283 Accuracy: 43.0
07-03 18:01:28.859 28351 28556 D androidNetworkLocationListeners: Still have listener com.google.android.location.internal.client.NetworkLocationClient$1@41466838
07-03 18:01:28.859 25174 25174 D wpa_supplicant: wpa_driver_wext_driver_cmd SETSUSPENDOPT 0 len = 4096
07-03 18:01:28.859 25174 25174 D wpa_supplicant: wpa_driver_wext_driver_cmd SETSUSPENDOPT 0 len = 0, 15
07-03 18:01:28.863 25174 25174 D wpa_supplicant: wpa_driver_wext_driver_cmd POWERMODE 0 len = 4096
07-03 18:01:28.863 29465 29465 I PhoneLab-Locks: wake lock released
07-03 18:01:28.863 25174 25174 D wpa_supplicant: wpa_driver_wext_driver_cmd OK len = 0, 2
07-03 18:01:28.863 25174 25174 D wpa_supplicant: WPS: Building WPS IE for Probe Request
07-03 18:01:28.863 25174 25174 D wpa_supplicant: WPS:  * Version (hardcoded 0x10)
07-03 18:01:28.863 25174 25174 D wpa_supplicant: WPS:  * Request Type
07-03 18:01:28.863 25174 25174 D wpa_supplicant: WPS:  * Config Methods (2388)
07-03 18:01:28.863 25174 25174 D wpa_supplicant: WPS:  * UUID-E
07-03 18:01:28.863 25174 25174 D wpa_supplicant: WPS:  * Primary Device Type
07-03 18:01:28.863 25174 25174 D wpa_supplicant: WPS:  * RF Bands (3)
07-03 18:01:28.863 25174 25174 D wpa_supplicant: WPS:  * Association State
07-03 18:01:28.863 25174 25174 D wpa_supplicant: WPS:  * Configuration Error (0)
07-03 18:01:28.863 25174 25174 D wpa_supplicant: WPS:  * Device Password ID (0)
07-03 18:01:28.863 25174 25174 D wpa_supplicant: WPS:  * Manufacturer
07-03 18:01:28.863 25174 25174 D wpa_supplicant: WPS:  * Model Name
07-03 18:01:28.863 25174 25174 D wpa_supplicant: WPS:  * Model Number
07-03 18:01:28.863 25174 25174 D wpa_supplicant: WPS:  * Device Name
07-03 18:01:28.863 25174 25174 D wpa_supplicant: WPS:  * Version2 (0x20)
07-03 18:01:28.863 25174 25174 D wpa_supplicant: wpa_driver_wext_combo_scan: Start
07-03 18:01:28.863 25174 25174 D wpa_supplicant: For Scan: (null)
07-03 18:01:28.867 25174 25174 D wpa_supplicant: Scan requested (ret=0) - scan timeout 30 seconds
07-03 18:01:29.347 25174 25174 D wpa_supplicant: RTM_NEWLINK: operstate=0 ifi_flags=0x11003 ([UP][LOWER_UP])
07-03 18:01:29.347 25174 25174 D wpa_supplicant: RTM_NEWLINK, IFLA_IFNAME: Interface 'wlan0' added
07-03 18:01:29.347 25174 25174 D wpa_supplicant: Wireless event: cmd=0x8b19 len=8
07-03 18:01:29.347 25174 25174 D wpa_supplicant: Received 0 bytes of scan results (0 BSSes)
07-03 18:01:29.433 28351 28489 D WifiLocator: Too many cache  misses. Need server request. hasLocation=0 noLocation=0 cacheMiss=1
07-03 18:01:29.433 28351 28489 D NetworkLocator: Not reporting location since the new location has worse accuracy than the previous one.
07-03 18:01:29.449 28351 28483 I System.out: [INFO:5515338]: LogSource: Running flush
07-03 18:01:29.449 28351 28486 I System.out: [INFO:5515342]: LogSource: Sending payload [bytes=428]
07-03 18:01:30.269 28351 28486 I System.out: [INFO:5516160]: LogSource: Response [http=200,length=133]
07-03 18:01:30.281 28351 28483 I System.out: [INFO:5516172]: LogSource: Read id 10, status code 200
07-03 18:01:30.375 28351 28354 D dalvikvm: GC_CONCURRENT freed 512K, 6% free 10269K/10887K, paused 5ms+3ms
07-03 18:01:30.382 25174 25174 D wpa_supplicant: wpa_driver_wext_driver_cmd SETSUSPENDOPT 0 len = 4096
07-03 18:01:30.382 25174 25174 D wpa_supplicant: wpa_driver_wext_driver_cmd SETSUSPENDOPT 0 len = 0, 15
07-03 18:01:30.382 25174 25174 D wpa_supplicant: wpa_driver_wext_driver_cmd POWERMODE 0 len = 4096
07-03 18:01:30.394 25174 25174 D wpa_supplicant: wpa_driver_wext_driver_cmd OK len = 0, 2
07-03 18:01:40.406 25174 25174 D wpa_supplicant: WPS: Building WPS IE for Probe Request
07-03 18:01:40.406 25174 25174 D wpa_supplicant: WPS:  * Version (hardcoded 0x10)
07-03 18:01:40.406 25174 25174 D wpa_supplicant: WPS:  * Request Type
07-03 18:01:40.406 25174 25174 D wpa_supplicant: WPS:  * Config Methods (2388)
07-03 18:01:40.406 25174 25174 D wpa_supplicant: WPS:  * UUID-E
07-03 18:01:40.414 25174 25174 D wpa_supplicant: WPS:  * Primary Device Type
07-03 18:01:40.414 25174 25174 D wpa_supplicant: WPS:  * RF Bands (3)
07-03 18:01:40.414 25174 25174 D wpa_supplicant: WPS:  * Association State
07-03 18:01:40.414 25174 25174 D wpa_supplicant: WPS:  * Configuration Error (0)
07-03 18:01:40.414 25174 25174 D wpa_supplicant: WPS:  * Device Password ID (0)
07-03 18:01:40.414 25174 25174 D wpa_supplicant: WPS:  * Manufacturer
07-03 18:01:40.414 25174 25174 D wpa_supplicant: WPS:  * Model Name
07-03 18:01:40.414 25174 25174 D wpa_supplicant: WPS:  * Model Number
07-03 18:01:40.414 25174 25174 D wpa_supplicant: WPS:  * Device Name
07-03 18:01:40.414 25174 25174 D wpa_supplicant: WPS:  * Version2 (0x20)
07-03 18:01:40.414 25174 25174 D wpa_supplicant: wpa_driver_wext_combo_scan: Start
07-03 18:01:40.414 25174 25174 D wpa_supplicant: For Scan: (null)
07-03 18:01:40.472 25174 25174 D wpa_supplicant: Scan requested (ret=0) - scan timeout 30 seconds
07-03 18:01:41.025 25174 25174 D wpa_supplicant: RTM_NEWLINK: operstate=0 ifi_flags=0x11003 ([UP][LOWER_UP])
07-03 18:01:41.025 25174 25174 D wpa_supplicant: RTM_NEWLINK, IFLA_IFNAME: Interface 'wlan0' added
07-03 18:01:41.025 25174 25174 D wpa_supplicant: Wireless event: cmd=0x8b19 len=8
07-03 18:01:41.025 25174 25174 D wpa_supplicant: Received 142 bytes of scan results (1 BSSes)
07-03 18:01:43.847 29465 29663 I PhoneLab-: Service Running
07-03 18:01:43.929   151  1214 I ActivityManager: Process com.google.android.talk (pid 30373) has died.
07-03 18:01:43.996 29465 29663 I PhoneLab-LoggerService: app_38    1593  1     1064   616   c00f181c 400107b4 S logcat
07-03 18:01:43.996 29465 29663 I PhoneLab-LoggerService: Logcat pid from database 1593
07-03 18:01:43.996 29465 29663 I PhoneLab-LoggerService: Logcat process found 1593
07-03 18:01:43.996 29465 29663 I PhoneLab-LoggerService: Checking Threshold
07-03 18:01:43.996 29465 29663 I PhoneLab-LoggerService: Starting to rename files
07-03 18:01:43.996 29465 29663 I PhoneLab-LoggerService: Files found .. 2
07-03 18:01:43.996 29465 29663 I PhoneLab-LoggerService: File 1 log.out.1
07-03 18:01:44.004 29465 29663 I PhoneLab-LoggerService: Renamed successfully
07-03 18:01:44.004 29465 29663 I PhoneLab-: Service Running
07-03 18:02:13.132 29648 29648 D dalvikvm: GC_EXPLICIT freed 9K, 4% free 9064K/9347K, paused 2ms+1ms
07-03 18:02:13.164 29465 29663 I PhoneLab-LoggerService: app_38    1593  1     1064   616   c00f181c 400107b4 S logcat
07-03 18:02:13.164 29465 29663 I PhoneLab-LoggerService: Logcat pid from database 1593
07-03 18:02:13.164 29465 29663 I PhoneLab-LoggerService: Logcat process found 1593
07-03 18:02:13.164 29465 29663 I PhoneLab-LoggerService: Checking Threshold
07-03 18:02:13.164 29465 29663 I PhoneLab-LoggerService: Starting to rename files
07-03 18:02:13.164 29465 29663 I PhoneLab-LoggerService: Files found .. 2
07-03 18:02:13.164 29465 29663 I PhoneLab-: Service Running
07-03 18:02:13.211 29465 29467 D dalvikvm: GC_CONCURRENT freed 436K, 13% free 9231K/10567K, paused 2ms+6ms
07-03 18:02:13.214 29465 29663 I PhoneLab-LoggerService: app_38    1593  1     1064   616   c00f181c 400107b4 S logcat
07-03 18:02:13.214 29465 29663 I PhoneLab-LoggerService: Logcat pid from database 1593
07-03 18:02:13.214 29465 29663 I PhoneLab-LoggerService: Logcat process found 1593
07-03 18:02:13.214 29465 29663 I PhoneLab-LoggerService: Checking Threshold
07-03 18:02:13.226 29465 29663 I PhoneLab-LoggerService: Starting to rename files
07-03 18:02:13.226 29465 29663 I PhoneLab-LoggerService: Files found .. 2
07-03 18:02:13.226 29465 29663 I PhoneLab-: Service Running
07-03 18:02:13.254 29465 29663 I PhoneLab-LoggerService: app_38    1593  1     1064   616   c00f181c 400107b4 S logcat
07-03 18:02:13.254 29465 29663 I PhoneLab-LoggerService: Logcat pid from database 1593
07-03 18:02:13.257 29465 29663 I PhoneLab-LoggerService: Logcat process found 1593
07-03 18:02:13.257 29465 29663 I PhoneLab-LoggerService: Checking Threshold
07-03 18:02:13.257 29465 29663 I PhoneLab-LoggerService: Starting to rename files
07-03 18:02:13.257 29465 29663 I PhoneLab-LoggerService: Files found .. 2
07-03 18:02:13.902 25174 25174 D wpa_supplicant: wpa_driver_wext_driver_cmd SETSUSPENDOPT 0 len = 4096
07-03 18:02:13.902 25174 25174 D wpa_supplicant: wpa_driver_wext_driver_cmd SETSUSPENDOPT 0 len = 0, 15
07-03 18:02:13.902 25174 25174 D wpa_supplicant: WPS: Building WPS IE for Probe Request
07-03 18:02:13.902 25174 25174 D wpa_supplicant: WPS:  * Version (hardcoded 0x10)
07-03 18:02:13.902 25174 25174 D wpa_supplicant: WPS:  * Request Type
07-03 18:02:13.902 25174 25174 D wpa_supplicant: WPS:  * Config Methods (2388)
07-03 18:02:13.902 25174 25174 D wpa_supplicant: WPS:  * UUID-E
07-03 18:02:13.902 25174 25174 D wpa_supplicant: WPS:  * Primary Device Type
07-03 18:02:13.902 25174 25174 D wpa_supplicant: WPS:  * RF Bands (3)
07-03 18:02:13.902 25174 25174 D wpa_supplicant: WPS:  * Association State
07-03 18:02:13.902 25174 25174 D wpa_supplicant: WPS:  * Configuration Error (0)
07-03 18:02:13.902 25174 25174 D wpa_supplicant: WPS:  * Device Password ID (0)
07-03 18:02:13.902 25174 25174 D wpa_supplicant: WPS:  * Manufacturer
07-03 18:02:13.902 25174 25174 D wpa_supplicant: WPS:  * Model Name
07-03 18:02:13.902 25174 25174 D wpa_supplicant: WPS:  * Model Number
07-03 18:02:13.902 25174 25174 D wpa_supplicant: WPS:  * Device Name
07-03 18:02:13.902 25174 25174 D wpa_supplicant: WPS:  * Version2 (0x20)
07-03 18:02:13.902 25174 25174 D wpa_supplicant: wpa_driver_wext_combo_scan: Start
07-03 18:02:13.902 25174 25174 D wpa_supplicant: For Scan: (null)
07-03 18:02:13.918 28351 28489 D WifiLocator: Too many cache  misses. Need server request. hasLocation=0 noLocation=0 cacheMiss=1
07-03 18:02:13.918 28351 28489 D NetworkLocator: Not reporting location since the new location has worse accuracy than the previous one.
07-03 18:02:13.933 28351 28483 I System.out: [INFO:5559824]: LogSource: Running flush
07-03 18:02:13.933 28351 28485 I System.out: [INFO:5559825]: LogSource: Sending payload [bytes=441]
07-03 18:02:13.968 25174 25174 D wpa_supplicant: Scan requested (ret=0) - scan timeout 30 seconds
07-03 18:02:13.968 25174 25174 D wpa_supplicant: wpa_driver_wext_driver_cmd POWERMODE 0 len = 4096
07-03 18:02:13.972 25174 25174 D wpa_supplicant: wpa_driver_wext_driver_cmd OK len = 0, 2
07-03 18:02:14.449 25174 25174 D wpa_supplicant: RTM_NEWLINK: operstate=0 ifi_flags=0x11003 ([UP][LOWER_UP])
07-03 18:02:14.449 25174 25174 D wpa_supplicant: RTM_NEWLINK, IFLA_IFNAME: Interface 'wlan0' added
07-03 18:02:14.449 25174 25174 D wpa_supplicant: Wireless event: cmd=0x8b19 len=8
07-03 18:02:14.449 25174 25174 D wpa_supplicant: Received 0 bytes of scan results (0 BSSes)
07-03 18:02:14.867 28491 28493 D dalvikvm: GC_CONCURRENT freed 1950K, 25% free 18137K/23943K, paused 2ms+8ms
07-03 18:02:15.679 28351 28485 I System.out: [INFO:5561570]: LogSource: Response [http=200,length=131]
07-03 18:02:15.687 28351 28483 I System.out: [INFO:5561576]: LogSource: Read id 11, status code 200
07-03 18:02:15.754 25174 25174 D wpa_supplicant: wpa_driver_wext_driver_cmd SETSUSPENDOPT 0 len = 4096
07-03 18:02:15.754 25174 25174 D wpa_supplicant: wpa_driver_wext_driver_cmd SETSUSPENDOPT 0 len = 0, 15
07-03 18:02:15.754 25174 25174 D wpa_supplicant: wpa_driver_wext_driver_cmd POWERMODE 0 len = 4096
07-03 18:02:15.754 25174 25174 D wpa_supplicant: wpa_driver_wext_driver_cmd OK len = 0, 2
07-03 18:02:59.058 25174 25174 D wpa_supplicant: wpa_driver_wext_driver_cmd SETSUSPENDOPT 0 len = 4096
07-03 18:02:59.058 25174 25174 D wpa_supplicant: wpa_driver_wext_driver_cmd SETSUSPENDOPT 0 len = 0, 15
07-03 18:02:59.058 25174 25174 D wpa_supplicant: WPS: Building WPS IE for Probe Request
07-03 18:02:59.058 25174 25174 D wpa_supplicant: WPS:  * Version (hardcoded 0x10)
07-03 18:02:59.058 25174 25174 D wpa_supplicant: WPS:  * Request Type
07-03 18:02:59.058 25174 25174 D wpa_supplicant: WPS:  * Config Methods (2388)
07-03 18:02:59.058 25174 25174 D wpa_supplicant: WPS:  * UUID-E
07-03 18:02:59.058 25174 25174 D wpa_supplicant: WPS:  * Primary Device Type
07-03 18:02:59.058 25174 25174 D wpa_supplicant: WPS:  * RF Bands (3)
07-03 18:02:59.058 25174 25174 D wpa_supplicant: WPS:  * Association State
07-03 18:02:59.058 25174 25174 D wpa_supplicant: WPS:  * Configuration Error (0)
07-03 18:02:59.058 25174 25174 D wpa_supplicant: WPS:  * Device Password ID (0)
07-03 18:02:59.058 25174 25174 D wpa_supplicant: WPS:  * Manufacturer
07-03 18:02:59.058 25174 25174 D wpa_supplicant: WPS:  * Model Name
07-03 18:02:59.058 25174 25174 D wpa_supplicant: WPS:  * Model Number
07-03 18:02:59.058 25174 25174 D wpa_supplicant: WPS:  * Device Name
07-03 18:02:59.058 25174 25174 D wpa_supplicant: WPS:  * Version2 (0x20)
07-03 18:02:59.058 25174 25174 D wpa_supplicant: wpa_driver_wext_combo_scan: Start
07-03 18:02:59.058 25174 25174 D wpa_supplicant: For Scan: (null)
07-03 18:02:59.113 25174 25174 D wpa_supplicant: Scan requested (ret=0) - scan timeout 30 seconds
07-03 18:02:59.113 25174 25174 D wpa_supplicant: wpa_driver_wext_driver_cmd POWERMODE 0 len = 4096
07-03 18:02:59.117 25174 25174 D wpa_supplicant: wpa_driver_wext_driver_cmd OK len = 0, 2
07-03 18:02:59.117 25174 25174 D wpa_supplicant: Ongoing scan action - reject new request
07-03 18:02:59.593 25174 25174 D wpa_supplicant: RTM_NEWLINK: operstate=0 ifi_flags=0x11003 ([UP][LOWER_UP])
07-03 18:02:59.593 25174 25174 D wpa_supplicant: RTM_NEWLINK, IFLA_IFNAME: Interface 'wlan0' added
07-03 18:02:59.593 25174 25174 D wpa_supplicant: Wireless event: cmd=0x8b19 len=8
07-03 18:02:59.601 25174 25174 D wpa_supplicant: Received 0 bytes of scan results (0 BSSes)
07-03 18:02:59.652 28351 28489 D WifiLocator: Too many no-location APs. Will not compute a location nor go to the server. hasLocation=0 noLocation=0 cacheMiss=0
07-03 18:02:59.656 25174 25174 D wpa_supplicant: wpa_driver_wext_driver_cmd SETSUSPENDOPT 0 len = 4096
07-03 18:02:59.656 25174 25174 D wpa_supplicant: wpa_driver_wext_driver_cmd SETSUSPENDOPT 0 len = 0, 15
07-03 18:02:59.660 25174 25174 D wpa_supplicant: wpa_driver_wext_driver_cmd POWERMODE 0 len = 4096
07-03 18:02:59.660 25174 25174 D wpa_supplicant: wpa_driver_wext_driver_cmd OK len = 0, 2
07-03 18:03:00.148 29648 29648 D dalvikvm: GC_EXPLICIT freed 9K, 4% free 9064K/9347K, paused 2ms+3ms
07-03 18:03:00.207 28369 28371 D dalvikvm: GC_CONCURRENT freed 1535K, 11% free 13890K/15559K, paused 2ms+6ms
07-03 18:03:44.082 25174 25174 D wpa_supplicant: wpa_driver_wext_driver_cmd SETSUSPENDOPT 0 len = 4096
07-03 18:03:44.082 25174 25174 D wpa_supplicant: wpa_driver_wext_driver_cmd SETSUSPENDOPT 0 len = 0, 15
07-03 18:03:44.082 25174 25174 D wpa_supplicant: WPS: Building WPS IE for Probe Request
07-03 18:03:44.082 25174 25174 D wpa_supplicant: WPS:  * Version (hardcoded 0x10)
07-03 18:03:44.082 25174 25174 D wpa_supplicant: WPS:  * Request Type
07-03 18:03:44.082 25174 25174 D wpa_supplicant: WPS:  * Config Methods (2388)
07-03 18:03:44.082 25174 25174 D wpa_supplicant: WPS:  * UUID-E
07-03 18:03:44.082 25174 25174 D wpa_supplicant: WPS:  * Primary Device Type
07-03 18:03:44.082 25174 25174 D wpa_supplicant: WPS:  * RF Bands (3)
07-03 18:03:44.082 25174 25174 D wpa_supplicant: WPS:  * Association State
07-03 18:03:44.082 25174 25174 D wpa_supplicant: WPS:  * Configuration Error (0)
07-03 18:03:44.082 25174 25174 D wpa_supplicant: WPS:  * Device Password ID (0)
07-03 18:03:44.082 25174 25174 D wpa_supplicant: WPS:  * Manufacturer
07-03 18:03:44.082 25174 25174 D wpa_supplicant: WPS:  * Model Name
07-03 18:03:44.082 25174 25174 D wpa_supplicant: WPS:  * Model Number
07-03 18:03:44.082 25174 25174 D wpa_supplicant: WPS:  * Device Name
07-03 18:03:44.082 25174 25174 D wpa_supplicant: WPS:  * Version2 (0x20)
07-03 18:03:44.082 25174 25174 D wpa_supplicant: wpa_driver_wext_combo_scan: Start
07-03 18:03:44.082 25174 25174 D wpa_supplicant: For Scan: (null)
07-03 18:03:44.136 25174 25174 D wpa_supplicant: Scan requested (ret=0) - scan timeout 30 seconds
07-03 18:03:44.136 25174 25174 D wpa_supplicant: wpa_driver_wext_driver_cmd POWERMODE 0 len = 4096
07-03 18:03:44.144 25174 25174 D wpa_supplicant: wpa_driver_wext_driver_cmd OK len = 0, 2
07-03 18:03:44.144 25174 25174 D wpa_supplicant: Ongoing scan action - reject new request
07-03 18:03:44.617 25174 25174 D wpa_supplicant: RTM_NEWLINK: operstate=0 ifi_flags=0x11003 ([UP][LOWER_UP])
07-03 18:03:44.625 25174 25174 D wpa_supplicant: RTM_NEWLINK, IFLA_IFNAME: Interface 'wlan0' added
07-03 18:03:44.625 25174 25174 D wpa_supplicant: Wireless event: cmd=0x8b19 len=8
07-03 18:03:44.625 25174 25174 D wpa_supplicant: Received 169 bytes of scan results (1 BSSes)
07-03 18:03:44.687 28351 28489 D WifiLocator: Too many cache  misses. Need server request. hasLocation=0 noLocation=0 cacheMiss=1
07-03 18:03:44.687 28351 28489 D NetworkLocator: New location significantly newer than previous. Reporting it.
07-03 18:03:44.703 28351 28483 I System.out: [INFO:5650595]: LogSource: Running flush
07-03 18:03:44.707 28351 28484 I System.out: [INFO:5650597]: LogSource: Sending payload [bytes=427]
07-03 18:03:46.132   398   400 D dalvikvm: GC_CONCURRENT freed 850K, 10% free 12033K/13319K, paused 24ms+4ms
07-03 18:03:46.535   151   168 I ActivityManager: Start proc com.pandora.android for service com.pandora.android/.PandoraService: pid=30529 uid=10064 gids={3003, 3002, 3001, 1015}
07-03 18:03:46.539 30529 30529 I dalvikvm: Turning on JNI app bug workarounds for target SDK version 10...
07-03 18:03:46.668 30529 30529 I ActivityThread: Pub com.pandora.provider: com.pandora.android.provider.StationProvider
07-03 18:03:46.961 28351 28484 I System.out: [INFO:5652851]: LogSource: Response [http=200,length=133]
07-03 18:03:46.968 28351 28483 I System.out: [INFO:5652859]: LogSource: Read id 12, status code 200
07-03 18:03:46.972 28351 28489 D WifiLocator: Too many no-location APs. Will not compute a location nor go to the server. hasLocation=0 noLocation=0 cacheMiss=0
07-03 18:03:46.972 25174 25174 D wpa_supplicant: wpa_driver_wext_driver_cmd SETSUSPENDOPT 0 len = 4096
07-03 18:03:46.972 25174 25174 D wpa_supplicant: wpa_driver_wext_driver_cmd SETSUSPENDOPT 0 len = 0, 15
07-03 18:03:46.976 25174 25174 D wpa_supplicant: wpa_driver_wext_driver_cmd POWERMODE 0 len = 4096
07-03 18:03:46.976 25174 25174 D wpa_supplicant: wpa_driver_wext_driver_cmd OK len = 0, 2
07-03 18:04:28.007 29648 29648 D dalvikvm: GC_EXPLICIT freed 9K, 4% free 9064K/9347K, paused 3ms+7ms
07-03 18:04:28.250 28351 28556 D androidNetworkLocationListeners: Still have listener com.google.android.location.internal.client.NetworkLocationClient$1@41466838
07-03 18:04:28.289 28351 28556 D androidNetworkLocationListeners: Still have listener com.google.android.location.internal.client.NetworkLocationClient$1@41466838
07-03 18:04:28.363   151   580 D dalvikvm: GC_EXPLICIT freed 1811K, 36% free 17972K/27847K, paused 4ms+11ms
07-03 18:04:28.367 25174 25174 D wpa_supplicant: wpa_driver_wext_driver_cmd SETSUSPENDOPT 0 len = 4096
07-03 18:04:28.367 25174 25174 D wpa_supplicant: wpa_driver_wext_driver_cmd SETSUSPENDOPT 0 len = 0, 15
07-03 18:04:28.367 25174 25174 D wpa_supplicant: WPS: Building WPS IE for Probe Request
07-03 18:04:28.367 25174 25174 D wpa_supplicant: WPS:  * Version (hardcoded 0x10)
07-03 18:04:28.367 25174 25174 D wpa_supplicant: WPS:  * Request Type
07-03 18:04:28.367 25174 25174 D wpa_supplicant: WPS:  * Config Methods (2388)
07-03 18:04:28.367 25174 25174 D wpa_supplicant: WPS:  * UUID-E
07-03 18:04:28.367 25174 25174 D wpa_supplicant: WPS:  * Primary Device Type
07-03 18:04:28.367 25174 25174 D wpa_supplicant: WPS:  * RF Bands (3)
07-03 18:04:28.367 25174 25174 D wpa_supplicant: WPS:  * Association State
07-03 18:04:28.367 25174 25174 D wpa_supplicant: WPS:  * Configuration Error (0)
07-03 18:04:28.367 25174 25174 D wpa_supplicant: WPS:  * Device Password ID (0)
07-03 18:04:28.367 25174 25174 D wpa_supplicant: WPS:  * Manufacturer
07-03 18:04:28.367 25174 25174 D wpa_supplicant: WPS:  * Model Name
07-03 18:04:28.367 25174 25174 D wpa_supplicant: WPS:  * Model Number
07-03 18:04:28.367 25174 25174 D wpa_supplicant: WPS:  * Device Name
07-03 18:04:28.367 25174 25174 D wpa_supplicant: WPS:  * Version2 (0x20)
07-03 18:04:28.367 25174 25174 D wpa_supplicant: wpa_driver_wext_combo_scan: Start
07-03 18:04:28.367 25174 25174 D wpa_supplicant: For Scan: (null)
07-03 18:04:28.422 25174 25174 D wpa_supplicant: Scan requested (ret=0) - scan timeout 30 seconds
07-03 18:04:28.422 25174 25174 D wpa_supplicant: wpa_driver_wext_driver_cmd POWERMODE 0 len = 4096
07-03 18:04:28.425 25174 25174 D wpa_supplicant: wpa_driver_wext_driver_cmd OK len = 0, 2
07-03 18:04:28.445 28351 28354 D dalvikvm: GC_CONCURRENT freed 514K, 6% free 10267K/10887K, paused 1ms+5ms
07-03 18:04:28.461 25174 25174 D wpa_supplicant: wpa_driver_wext_driver_cmd SETSUSPENDOPT 0 len = 4096
07-03 18:04:28.461 25174 25174 D wpa_supplicant: wpa_driver_wext_driver_cmd SETSUSPENDOPT 0 len = 0, 15
07-03 18:04:28.461 25174 25174 D wpa_supplicant: wpa_driver_wext_driver_cmd POWERMODE 0 len = 4096
07-03 18:04:28.468 25174 25174 D wpa_supplicant: wpa_driver_wext_driver_cmd OK len = 0, 2
07-03 18:04:29.072 25174 25174 D wpa_supplicant: RTM_NEWLINK: operstate=0 ifi_flags=0x11003 ([UP][LOWER_UP])
07-03 18:04:29.072 25174 25174 D wpa_supplicant: RTM_NEWLINK, IFLA_IFNAME: Interface 'wlan0' added
07-03 18:04:29.072 25174 25174 D wpa_supplicant: Wireless event: cmd=0x8b19 len=8
07-03 18:04:29.072 25174 25174 D wpa_supplicant: Received 201 bytes of scan results (1 BSSes)
07-03 18:05:13.129 29648 29648 D dalvikvm: GC_EXPLICIT freed 9K, 4% free 9064K/9347K, paused 2ms+2ms
07-03 18:05:13.410 25174 25174 D wpa_supplicant: wpa_driver_wext_driver_cmd SETSUSPENDOPT 0 len = 4096
07-03 18:05:13.410 25174 25174 D wpa_supplicant: wpa_driver_wext_driver_cmd SETSUSPENDOPT 0 len = 0, 15
07-03 18:05:13.410 25174 25174 D wpa_supplicant: WPS: Building WPS IE for Probe Request
07-03 18:05:13.410 25174 25174 D wpa_supplicant: WPS:  * Version (hardcoded 0x10)
07-03 18:05:13.410 25174 25174 D wpa_supplicant: WPS:  * Request Type
07-03 18:05:13.410 25174 25174 D wpa_supplicant: WPS:  * Config Methods (2388)
07-03 18:05:13.410 25174 25174 D wpa_supplicant: WPS:  * UUID-E
07-03 18:05:13.410 25174 25174 D wpa_supplicant: WPS:  * Primary Device Type
07-03 18:05:13.410 25174 25174 D wpa_supplicant: WPS:  * RF Bands (3)
07-03 18:05:13.410 25174 25174 D wpa_supplicant: WPS:  * Association State
07-03 18:05:13.410 25174 25174 D wpa_supplicant: WPS:  * Configuration Error (0)
07-03 18:05:13.410 25174 25174 D wpa_supplicant: WPS:  * Device Password ID (0)
07-03 18:05:13.410 25174 25174 D wpa_supplicant: WPS:  * Manufacturer
07-03 18:05:13.410 25174 25174 D wpa_supplicant: WPS:  * Model Name
07-03 18:05:13.410 25174 25174 D wpa_supplicant: WPS:  * Model Number
07-03 18:05:13.410 25174 25174 D wpa_supplicant: WPS:  * Device Name
07-03 18:05:13.410 25174 25174 D wpa_supplicant: WPS:  * Version2 (0x20)
07-03 18:05:13.410 25174 25174 D wpa_supplicant: wpa_driver_wext_combo_scan: Start
07-03 18:05:13.410 25174 25174 D wpa_supplicant: For Scan: (null)
07-03 18:05:13.464 25174 25174 D wpa_supplicant: Scan requested (ret=0) - scan timeout 30 seconds
07-03 18:05:13.464 25174 25174 D wpa_supplicant: wpa_driver_wext_driver_cmd POWERMODE 0 len = 4096
07-03 18:05:13.472 25174 25174 D wpa_supplicant: wpa_driver_wext_driver_cmd OK len = 0, 2
07-03 18:05:13.472 25174 25174 D wpa_supplicant: wpa_driver_wext_driver_cmd SETSUSPENDOPT 0 len = 4096
07-03 18:05:13.472 25174 25174 D wpa_supplicant: wpa_driver_wext_driver_cmd SETSUSPENDOPT 0 len = 0, 15
07-03 18:05:13.472 25174 25174 D wpa_supplicant: wpa_driver_wext_driver_cmd POWERMODE 0 len = 4096
07-03 18:05:13.472 25174 25174 D wpa_supplicant: wpa_driver_wext_driver_cmd OK len = 0, 2
07-03 18:05:14.033 25174 25174 D wpa_supplicant: RTM_NEWLINK: operstate=0 ifi_flags=0x11003 ([UP][LOWER_UP])
07-03 18:05:14.033 25174 25174 D wpa_supplicant: RTM_NEWLINK, IFLA_IFNAME: Interface 'wlan0' added
07-03 18:05:14.033 25174 25174 D wpa_supplicant: Wireless event: cmd=0x8b19 len=8
07-03 18:05:14.033 25174 25174 D wpa_supplicant: Received 0 bytes of scan results (0 BSSes)
07-03 18:05:14.092 29315 29318 D dalvikvm: GC_CONCURRENT freed 915K, 13% free 10349K/11783K, paused 2ms+3ms
07-03 18:05:58.449 25174 25174 D wpa_supplicant: wpa_driver_wext_driver_cmd SETSUSPENDOPT 0 len = 4096
07-03 18:05:58.449 25174 25174 D wpa_supplicant: wpa_driver_wext_driver_cmd SETSUSPENDOPT 0 len = 0, 15
07-03 18:05:58.449 25174 25174 D wpa_supplicant: WPS: Building WPS IE for Probe Request
07-03 18:05:58.449 25174 25174 D wpa_supplicant: WPS:  * Version (hardcoded 0x10)
07-03 18:05:58.449 25174 25174 D wpa_supplicant: WPS:  * Request Type
07-03 18:05:58.449 25174 25174 D wpa_supplicant: WPS:  * Config Methods (2388)
07-03 18:05:58.449 25174 25174 D wpa_supplicant: WPS:  * UUID-E
07-03 18:05:58.449 25174 25174 D wpa_supplicant: WPS:  * Primary Device Type
07-03 18:05:58.449 25174 25174 D wpa_supplicant: WPS:  * RF Bands (3)
07-03 18:05:58.449 25174 25174 D wpa_supplicant: WPS:  * Association State
07-03 18:05:58.449 25174 25174 D wpa_supplicant: WPS:  * Configuration Error (0)
07-03 18:05:58.449 25174 25174 D wpa_supplicant: WPS:  * Device Password ID (0)
07-03 18:05:58.449 25174 25174 D wpa_supplicant: WPS:  * Manufacturer
07-03 18:05:58.449 25174 25174 D wpa_supplicant: WPS:  * Model Name
07-03 18:05:58.449 25174 25174 D wpa_supplicant: WPS:  * Model Number
07-03 18:05:58.449 25174 25174 D wpa_supplicant: WPS:  * Device Name
07-03 18:05:58.449 25174 25174 D wpa_supplicant: WPS:  * Version2 (0x20)
07-03 18:05:58.449 25174 25174 D wpa_supplicant: wpa_driver_wext_combo_scan: Start
07-03 18:05:58.449 25174 25174 D wpa_supplicant: For Scan: (null)
07-03 18:05:58.465 28351 28489 D WifiLocator: Too many cache  misses. Need server request. hasLocation=0 noLocation=0 cacheMiss=1
07-03 18:05:58.465 28351 28489 D NetworkLocator: New location significantly newer than previous. Reporting it.
07-03 18:05:58.484 28351 28483 I System.out: [INFO:5784374]: LogSource: Running flush
07-03 18:05:58.488 28351 28486 I System.out: [INFO:5784380]: LogSource: Sending payload [bytes=429]
07-03 18:05:58.515 25174 25174 D wpa_supplicant: Scan requested (ret=0) - scan timeout 30 seconds
07-03 18:05:58.515 25174 25174 D wpa_supplicant: wpa_driver_wext_driver_cmd POWERMODE 0 len = 4096
07-03 18:05:58.515 28351 28354 D dalvikvm: GC_CONCURRENT freed 406K, 6% free 10259K/10887K, paused 1ms+2ms
07-03 18:05:58.519 25174 25174 D wpa_supplicant: wpa_driver_wext_driver_cmd OK len = 0, 2
07-03 18:05:58.996 25174 25174 D wpa_supplicant: RTM_NEWLINK: operstate=0 ifi_flags=0x11003 ([UP][LOWER_UP])
07-03 18:05:58.996 25174 25174 D wpa_supplicant: RTM_NEWLINK, IFLA_IFNAME: Interface 'wlan0' added
07-03 18:05:58.996 25174 25174 D wpa_supplicant: Wireless event: cmd=0x8b19 len=8
07-03 18:05:59.011 25174 25174 D wpa_supplicant: Received 597 bytes of scan results (3 BSSes)
07-03 18:06:00.156 29648 29648 D dalvikvm: GC_EXPLICIT freed 9K, 4% free 9064K/9347K, paused 7ms+13ms
07-03 18:06:01.191 28351 28486 I System.out: [INFO:5787079]: LogSource: Response [http=200,length=133]
07-03 18:06:01.195 28351 28483 I System.out: [INFO:5787085]: LogSource: Read id 13, status code 200
07-03 18:06:01.211 28351 28489 D WifiLocator: Too many cache  misses. Need server request. hasLocation=0 noLocation=0 cacheMiss=2
07-03 18:06:01.215 25174 25174 D wpa_supplicant: wpa_driver_wext_driver_cmd SETSUSPENDOPT 0 len = 4096
07-03 18:06:01.215 25174 25174 D wpa_supplicant: wpa_driver_wext_driver_cmd SETSUSPENDOPT 0 len = 0, 15
07-03 18:06:01.215 25174 25174 D wpa_supplicant: wpa_driver_wext_driver_cmd POWERMODE 0 len = 4096
07-03 18:06:01.230 25174 25174 D wpa_supplicant: wpa_driver_wext_driver_cmd OK len = 0, 2
07-03 18:06:40.410 25174 25174 D wpa_supplicant: WPS: Building WPS IE for Probe Request
07-03 18:06:40.410 25174 25174 D wpa_supplicant: WPS:  * Version (hardcoded 0x10)
07-03 18:06:40.410 25174 25174 D wpa_supplicant: WPS:  * Request Type
07-03 18:06:40.410 25174 25174 D wpa_supplicant: WPS:  * Config Methods (2388)
07-03 18:06:40.410 25174 25174 D wpa_supplicant: WPS:  * UUID-E
07-03 18:06:40.410 25174 25174 D wpa_supplicant: WPS:  * Primary Device Type
07-03 18:06:40.410 25174 25174 D wpa_supplicant: WPS:  * RF Bands (3)
07-03 18:06:40.410 25174 25174 D wpa_supplicant: WPS:  * Association State
07-03 18:06:40.410 25174 25174 D wpa_supplicant: WPS:  * Configuration Error (0)
07-03 18:06:40.410 25174 25174 D wpa_supplicant: WPS:  * Device Password ID (0)
07-03 18:06:40.410 25174 25174 D wpa_supplicant: WPS:  * Manufacturer
07-03 18:06:40.410 25174 25174 D wpa_supplicant: WPS:  * Model Name
07-03 18:06:40.410 25174 25174 D wpa_supplicant: WPS:  * Model Number
07-03 18:06:40.410 25174 25174 D wpa_supplicant: WPS:  * Device Name
07-03 18:06:40.410 25174 25174 D wpa_supplicant: WPS:  * Version2 (0x20)
07-03 18:06:40.410 25174 25174 D wpa_supplicant: wpa_driver_wext_combo_scan: Start
07-03 18:06:40.410 25174 25174 D wpa_supplicant: For Scan: (null)
07-03 18:06:40.476 25174 25174 D wpa_supplicant: Scan requested (ret=0) - scan timeout 30 seconds
07-03 18:06:41.018 25174 25174 D wpa_supplicant: RTM_NEWLINK: operstate=0 ifi_flags=0x11003 ([UP][LOWER_UP])
07-03 18:06:41.018 25174 25174 D wpa_supplicant: RTM_NEWLINK, IFLA_IFNAME: Interface 'wlan0' added
07-03 18:06:41.018 25174 25174 D wpa_supplicant: Wireless event: cmd=0x8b19 len=8
07-03 18:06:41.018 25174 25174 D wpa_supplicant: Received 540 bytes of scan results (2 BSSes)
07-03 18:06:43.494 25174 25174 D wpa_supplicant: wpa_driver_wext_driver_cmd SETSUSPENDOPT 0 len = 4096
07-03 18:06:43.494 25174 25174 D wpa_supplicant: wpa_driver_wext_driver_cmd SETSUSPENDOPT 0 len = 0, 15
07-03 18:06:43.510 25174 25174 D wpa_supplicant: wpa_driver_wext_driver_cmd POWERMODE 0 len = 4096
07-03 18:06:43.514 28351 28489 D WifiLocator: Too many cache  misses. Need server request. hasLocation=0 noLocation=0 cacheMiss=4
07-03 18:06:43.518 25174 25174 D wpa_supplicant: wpa_driver_wext_driver_cmd OK len = 0, 2
07-03 18:06:43.537 28351 28483 I System.out: [INFO:5829429]: LogSource: Running flush
07-03 18:06:43.541 28351 28485 I System.out: [INFO:5829432]: LogSource: Sending payload [bytes=501]
07-03 18:06:44.783 28351 28485 I System.out: [INFO:5830675]: LogSource: Response [http=200,length=149]
07-03 18:06:44.799 28351 28483 I System.out: [INFO:5830690]: LogSource: Read id 14, status code 200
07-03 18:06:44.811 28351 28489 D WifiLocator: Too many no-location APs. Will not compute a location nor go to the server. hasLocation=0 noLocation=0 cacheMiss=0
07-03 18:06:44.814 25174 25174 D wpa_supplicant: wpa_driver_wext_driver_cmd SETSUSPENDOPT 0 len = 4096
07-03 18:06:44.814 25174 25174 D wpa_supplicant: wpa_driver_wext_driver_cmd SETSUSPENDOPT 0 len = 0, 15
07-03 18:06:44.814 25174 25174 D wpa_supplicant: wpa_driver_wext_driver_cmd POWERMODE 0 len = 4096
07-03 18:06:44.822 25174 25174 D wpa_supplicant: wpa_driver_wext_driver_cmd OK len = 0, 2
07-03 18:07:28.132 29648 29648 D dalvikvm: GC_EXPLICIT freed 9K, 4% free 9064K/9347K, paused 2ms+2ms
07-03 18:07:28.507 25174 25174 D wpa_supplicant: wpa_driver_wext_driver_cmd SETSUSPENDOPT 0 len = 4096
07-03 18:07:28.507 25174 25174 D wpa_supplicant: wpa_driver_wext_driver_cmd SETSUSPENDOPT 0 len = 0, 15
07-03 18:07:28.507 25174 25174 D wpa_supplicant: WPS: Building WPS IE for Probe Request
07-03 18:07:28.507 25174 25174 D wpa_supplicant: WPS:  * Version (hardcoded 0x10)
07-03 18:07:28.507 25174 25174 D wpa_supplicant: WPS:  * Request Type
07-03 18:07:28.507 25174 25174 D wpa_supplicant: WPS:  * Config Methods (2388)
07-03 18:07:28.507 25174 25174 D wpa_supplicant: WPS:  * UUID-E
07-03 18:07:28.507 25174 25174 D wpa_supplicant: WPS:  * Primary Device Type
07-03 18:07:28.507 25174 25174 D wpa_supplicant: WPS:  * RF Bands (3)
07-03 18:07:28.507 25174 25174 D wpa_supplicant: WPS:  * Association State
07-03 18:07:28.507 25174 25174 D wpa_supplicant: WPS:  * Configuration Error (0)
07-03 18:07:28.507 25174 25174 D wpa_supplicant: WPS:  * Device Password ID (0)
07-03 18:07:28.507 25174 25174 D wpa_supplicant: WPS:  * Manufacturer
07-03 18:07:28.507 25174 25174 D wpa_supplicant: WPS:  * Model Name
07-03 18:07:28.507 25174 25174 D wpa_supplicant: WPS:  * Model Number
07-03 18:07:28.507 25174 25174 D wpa_supplicant: WPS:  * Device Name
07-03 18:07:28.507 25174 25174 D wpa_supplicant: WPS:  * Version2 (0x20)
07-03 18:07:28.507 25174 25174 D wpa_supplicant: wpa_driver_wext_combo_scan: Start
07-03 18:07:28.507 25174 25174 D wpa_supplicant: For Scan: (null)
07-03 18:07:28.539 25174 25174 E wpa_supplicant: ioctl[SIOCSIWPRIV] (cscan): -1
07-03 18:07:28.539 25174 25174 D wpa_supplicant: Scan requested (ret=-1) - scan timeout 30 seconds
07-03 18:07:28.539 25174 25174 W wpa_supplicant: wlan0: Failed to initiate AP scan
07-03 18:07:28.543 25174 25174 D wpa_supplicant: wpa_driver_wext_driver_cmd POWERMODE 0 len = 4096
07-03 18:07:28.586 25174 25174 D wpa_supplicant: wpa_driver_wext_driver_cmd OK len = 0, 2
07-03 18:07:28.589 25174 25174 D wpa_supplicant: WPS: Building WPS IE for Probe Request
07-03 18:07:28.589 25174 25174 D wpa_supplicant: WPS:  * Version (hardcoded 0x10)
07-03 18:07:28.589 25174 25174 D wpa_supplicant: WPS:  * Request Type
07-03 18:07:28.589 25174 25174 D wpa_supplicant: WPS:  * Config Methods (2388)
07-03 18:07:28.589 25174 25174 D wpa_supplicant: WPS:  * UUID-E
07-03 18:07:28.589 25174 25174 D wpa_supplicant: WPS:  * Primary Device Type
07-03 18:07:28.589 25174 25174 D wpa_supplicant: WPS:  * RF Bands (3)
07-03 18:07:28.589 25174 25174 D wpa_supplicant: WPS:  * Association State
07-03 18:07:28.589 25174 25174 D wpa_supplicant: WPS:  * Configuration Error (0)
07-03 18:07:28.589 25174 25174 D wpa_supplicant: WPS:  * Device Password ID (0)
07-03 18:07:28.589 25174 25174 D wpa_supplicant: WPS:  * Manufacturer
07-03 18:07:28.589 25174 25174 D wpa_supplicant: WPS:  * Model Name
07-03 18:07:28.589 25174 25174 D wpa_supplicant: WPS:  * Model Number
07-03 18:07:28.589 25174 25174 D wpa_supplicant: WPS:  * Device Name
07-03 18:07:28.589 25174 25174 D wpa_supplicant: WPS:  * Version2 (0x20)
07-03 18:07:28.589 25174 25174 D wpa_supplicant: wpa_driver_wext_combo_scan: Start
07-03 18:07:28.589 25174 25174 D wpa_supplicant: For Scan: (null)
07-03 18:07:28.589 25174 25174 D wpa_supplicant: Scan requested (ret=0) - scan timeout 30 seconds
07-03 18:07:29.086 25174 25174 D wpa_supplicant: RTM_NEWLINK: operstate=0 ifi_flags=0x11003 ([UP][LOWER_UP])
07-03 18:07:29.086 25174 25174 D wpa_supplicant: RTM_NEWLINK, IFLA_IFNAME: Interface 'wlan0' added
07-03 18:07:29.093 25174 25174 D wpa_supplicant: Wireless event: cmd=0x8b19 len=8
07-03 18:07:29.093 25174 25174 D wpa_supplicant: Received 491 bytes of scan results (2 BSSes)
07-03 18:07:29.199 25174 25174 D wpa_supplicant: wpa_driver_wext_driver_cmd SETSUSPENDOPT 0 len = 4096
07-03 18:07:29.199 25174 25174 D wpa_supplicant: wpa_driver_wext_driver_cmd SETSUSPENDOPT 0 len = 0, 15
07-03 18:07:29.199 25174 25174 D wpa_supplicant: wpa_driver_wext_driver_cmd POWERMODE 0 len = 4096
07-03 18:07:29.203 25174 25174 D wpa_supplicant: wpa_driver_wext_driver_cmd OK len = 0, 2
07-03 18:08:13.277 29648 29648 D dalvikvm: GC_EXPLICIT freed 9K, 4% free 9064K/9347K, paused 3ms+3ms
07-03 18:08:13.554 25174 25174 D wpa_supplicant: wpa_driver_wext_driver_cmd SETSUSPENDOPT 0 len = 4096
07-03 18:08:13.554 25174 25174 D wpa_supplicant: wpa_driver_wext_driver_cmd SETSUSPENDOPT 0 len = 0, 15
07-03 18:08:13.554 25174 25174 D wpa_supplicant: WPS: Building WPS IE for Probe Request
07-03 18:08:13.554 25174 25174 D wpa_supplicant: WPS:  * Version (hardcoded 0x10)
07-03 18:08:13.554 25174 25174 D wpa_supplicant: WPS:  * Request Type
07-03 18:08:13.554 25174 25174 D wpa_supplicant: WPS:  * Config Methods (2388)
07-03 18:08:13.554 25174 25174 D wpa_supplicant: WPS:  * UUID-E
07-03 18:08:13.554 25174 25174 D wpa_supplicant: WPS:  * Primary Device Type
07-03 18:08:13.554 25174 25174 D wpa_supplicant: WPS:  * RF Bands (3)
07-03 18:08:13.554 25174 25174 D wpa_supplicant: WPS:  * Association State
07-03 18:08:13.554 25174 25174 D wpa_supplicant: WPS:  * Configuration Error (0)
07-03 18:08:13.554 25174 25174 D wpa_supplicant: WPS:  * Device Password ID (0)
07-03 18:08:13.554 25174 25174 D wpa_supplicant: WPS:  * Manufacturer
07-03 18:08:13.554 25174 25174 D wpa_supplicant: WPS:  * Model Name
07-03 18:08:13.554 25174 25174 D wpa_supplicant: WPS:  * Model Number
07-03 18:08:13.554 25174 25174 D wpa_supplicant: WPS:  * Device Name
07-03 18:08:13.554 25174 25174 D wpa_supplicant: WPS:  * Version2 (0x20)
07-03 18:08:13.554 25174 25174 D wpa_supplicant: wpa_driver_wext_combo_scan: Start
07-03 18:08:13.554 25174 25174 D wpa_supplicant: For Scan: (null)
07-03 18:08:13.632 25174 25174 D wpa_supplicant: Scan requested (ret=0) - scan timeout 30 seconds
07-03 18:08:13.632 25174 25174 D wpa_supplicant: wpa_driver_wext_driver_cmd POWERMODE 0 len = 4096
07-03 18:08:13.640 25174 25174 D wpa_supplicant: wpa_driver_wext_driver_cmd OK len = 0, 2
07-03 18:08:13.640 25174 25174 D wpa_supplicant: Ongoing scan action - reject new request
07-03 18:08:14.113 25174 25174 D wpa_supplicant: RTM_NEWLINK: operstate=0 ifi_flags=0x11003 ([UP][LOWER_UP])
07-03 18:08:14.125 25174 25174 D wpa_supplicant: RTM_NEWLINK, IFLA_IFNAME: Interface 'wlan0' added
07-03 18:08:14.125 25174 25174 D wpa_supplicant: Wireless event: cmd=0x8b19 len=8
07-03 18:08:14.125 25174 25174 D wpa_supplicant: Received 0 bytes of scan results (0 BSSes)
07-03 18:08:14.152 28351 28489 D WifiLocator: Too many cache  misses. Need server request. hasLocation=0 noLocation=0 cacheMiss=1
07-03 18:08:14.152 28351 28489 D NetworkLocator: Not reporting location since the new location has worse accuracy than the previous one.
07-03 18:08:14.168 28351 28483 I System.out: [INFO:5920058]: LogSource: Running flush
07-03 18:08:14.168 28351 28484 I System.out: [INFO:5920060]: LogSource: Sending payload [bytes=430]
07-03 18:08:15.222 28351 28484 I System.out: [INFO:5921111]: LogSource: Response [http=200,length=133]
07-03 18:08:15.226 28351 28483 I System.out: [INFO:5921116]: LogSource: Read id 15, status code 200
07-03 18:08:15.293 28351 28354 D dalvikvm: GC_CONCURRENT freed 503K, 6% free 10267K/10887K, paused 2ms+2ms
07-03 18:08:15.308 25174 25174 D wpa_supplicant: wpa_driver_wext_driver_cmd SETSUSPENDOPT 0 len = 4096
07-03 18:08:15.308 25174 25174 D wpa_supplicant: wpa_driver_wext_driver_cmd SETSUSPENDOPT 0 len = 0, 15
07-03 18:08:15.308 25174 25174 D wpa_supplicant: wpa_driver_wext_driver_cmd POWERMODE 0 len = 4096
07-03 18:08:15.312 25174 25174 D wpa_supplicant: wpa_driver_wext_driver_cmd OK len = 0, 2
07-03 18:08:56.964 29465 29465 I PhoneLab-Locks: wake lock acquired
07-03 18:08:57.015 29465 30558 I PhoneLab-PeriodicCheckService: User info is synched
07-03 18:08:57.023 29465 30558 I PhoneLab-PeriodicCheckService: Logger Service is running
07-03 18:08:57.023 29465 30558 I PhoneLab-Locks: wake lock acquired
07-03 18:08:57.027 29465 29465 I PhoneLab-UploadLogs: Transfering log files now
07-03 18:08:57.027 29465 30558 I PhoneLab-PeriodicCheckService: Rescheduling periodic checking...
07-03 18:08:57.027 29465 30558 I PhoneLab-Locks: wake lock released
07-03 18:08:57.082 29465 29467 D dalvikvm: GC_CONCURRENT freed 424K, 12% free 9319K/10567K, paused 2ms+2ms
07-03 18:08:57.109 29465 29465 D dalvikvm: GC_FOR_ALLOC freed 219K, 11% free 9494K/10567K, paused 12ms
07-03 18:08:57.109 29465 29465 I dalvikvm-heap: Grow heap (frag case) to 9.833MB for 516692-byte allocation
07-03 18:08:57.136 29465 29467 D dalvikvm: GC_CONCURRENT freed 248K, 12% free 9750K/11079K, paused 1ms+2ms
07-03 18:08:57.156 29465 29465 I PhoneLab-UploadLogs: OnStartCommand
07-03 18:08:58.160 29465 30560 D dalvikvm: GC_FOR_ALLOC freed 357K, 13% free 9726K/11079K, paused 35ms
07-03 18:08:58.172 29465 30560 D dalvikvm: GC_FOR_ALLOC freed 301K, 13% free 9726K/11079K, paused 13ms
07-03 18:08:58.191 29465 30560 D dalvikvm: GC_FOR_ALLOC freed 301K, 13% free 9727K/11079K, paused 13ms
07-03 18:08:58.601 25174 25174 D wpa_supplicant: wpa_driver_wext_driver_cmd SETSUSPENDOPT 0 len = 4096
07-03 18:08:58.601 25174 25174 D wpa_supplicant: wpa_driver_wext_driver_cmd SETSUSPENDOPT 0 len = 0, 15
07-03 18:08:58.601 25174 25174 D wpa_supplicant: WPS: Building WPS IE for Probe Request
07-03 18:08:58.601 25174 25174 D wpa_supplicant: WPS:  * Version (hardcoded 0x10)
07-03 18:08:58.601 25174 25174 D wpa_supplicant: WPS:  * Request Type
07-03 18:08:58.601 25174 25174 D wpa_supplicant: WPS:  * Config Methods (2388)
07-03 18:08:58.601 25174 25174 D wpa_supplicant: WPS:  * UUID-E
07-03 18:08:58.601 25174 25174 D wpa_supplicant: WPS:  * Primary Device Type
07-03 18:08:58.601 25174 25174 D wpa_supplicant: WPS:  * RF Bands (3)
07-03 18:08:58.601 25174 25174 D wpa_supplicant: WPS:  * Association State
07-03 18:08:58.601 25174 25174 D wpa_supplicant: WPS:  * Configuration Error (0)
07-03 18:08:58.601 25174 25174 D wpa_supplicant: WPS:  * Device Password ID (0)
07-03 18:08:58.601 25174 25174 D wpa_supplicant: WPS:  * Manufacturer
07-03 18:08:58.601 25174 25174 D wpa_supplicant: WPS:  * Model Name
07-03 18:08:58.601 25174 25174 D wpa_supplicant: WPS:  * Model Number
07-03 18:08:58.601 25174 25174 D wpa_supplicant: WPS:  * Device Name
07-03 18:08:58.601 25174 25174 D wpa_supplicant: WPS:  * Version2 (0x20)
07-03 18:08:58.613 25174 25174 D wpa_supplicant: wpa_driver_wext_combo_scan: Start
07-03 18:08:58.613 25174 25174 D wpa_supplicant: For Scan: (null)
07-03 18:08:58.672 25174 25174 D wpa_supplicant: Scan requested (ret=0) - scan timeout 30 seconds
07-03 18:08:58.672 25174 25174 D wpa_supplicant: wpa_driver_wext_driver_cmd POWERMODE 0 len = 4096
07-03 18:08:58.672 25174 25174 D wpa_supplicant: wpa_driver_wext_driver_cmd OK len = 0, 2
07-03 18:08:58.672 25174 25174 D wpa_supplicant: Ongoing scan action - reject new request
07-03 18:08:59.043   151  1213 I ActivityManager: Process android.process.media (pid 30405) has died.
07-03 18:08:59.148 25174 25174 D wpa_supplicant: RTM_NEWLINK: operstate=0 ifi_flags=0x11003 ([UP][LOWER_UP])
07-03 18:08:59.148 25174 25174 D wpa_supplicant: RTM_NEWLINK, IFLA_IFNAME: Interface 'wlan0' added
07-03 18:08:59.156 25174 25174 D wpa_supplicant: Wireless event: cmd=0x8b19 len=8
07-03 18:08:59.156 25174 25174 D wpa_supplicant: Received 169 bytes of scan results (1 BSSes)
07-03 18:08:59.203 28351 28489 D WifiLocator: Too many cache  misses. Need server request. hasLocation=0 noLocation=0 cacheMiss=1
07-03 18:08:59.203 28351 28489 D NetworkLocator: Not reporting location since the new location has worse accuracy than the previous one.
07-03 18:08:59.234 28351 28483 I System.out: [INFO:5965126]: LogSource: Running flush
07-03 18:08:59.238 28351 28486 I System.out: [INFO:5965128]: LogSource: Sending payload [bytes=426]
07-03 18:09:00.109 29648 29648 D dalvikvm: GC_EXPLICIT freed 9K, 4% free 9064K/9347K, paused 2ms+1ms
07-03 18:09:00.418 28351 28486 I System.out: [INFO:5966308]: LogSource: Response [http=200,length=134]
07-03 18:09:00.425 28351 28483 I System.out: [INFO:5966315]: LogSource: Read id 16, status code 200
07-03 18:09:00.492 25174 25174 D wpa_supplicant: wpa_driver_wext_driver_cmd SETSUSPENDOPT 0 len = 4096
07-03 18:09:00.492 25174 25174 D wpa_supplicant: wpa_driver_wext_driver_cmd SETSUSPENDOPT 0 len = 0, 15
07-03 18:09:00.492 25174 25174 D wpa_supplicant: wpa_driver_wext_driver_cmd POWERMODE 0 len = 4096
07-03 18:09:00.492 25174 25174 D wpa_supplicant: wpa_driver_wext_driver_cmd OK len = 0, 2
07-03 18:09:00.519 28351 28354 D dalvikvm: GC_CONCURRENT freed 421K, 6% free 10257K/10887K, paused 2ms+5ms
07-03 18:09:14.160 25174 25174 D wpa_supplicant: WPS: Building WPS IE for Probe Request
07-03 18:09:14.160 25174 25174 D wpa_supplicant: WPS:  * Version (hardcoded 0x10)
07-03 18:09:14.160 25174 25174 D wpa_supplicant: WPS:  * Request Type
07-03 18:09:14.160 25174 25174 D wpa_supplicant: WPS:  * Config Methods (2388)
07-03 18:09:14.160 25174 25174 D wpa_supplicant: WPS:  * UUID-E
07-03 18:09:14.160 25174 25174 D wpa_supplicant: WPS:  * Primary Device Type
07-03 18:09:14.160 25174 25174 D wpa_supplicant: WPS:  * RF Bands (3)
07-03 18:09:14.160 25174 25174 D wpa_supplicant: WPS:  * Association State
07-03 18:09:14.160 25174 25174 D wpa_supplicant: WPS:  * Configuration Error (0)
07-03 18:09:14.160 25174 25174 D wpa_supplicant: WPS:  * Device Password ID (0)
07-03 18:09:14.160 25174 25174 D wpa_supplicant: WPS:  * Manufacturer
07-03 18:09:14.160 25174 25174 D wpa_supplicant: WPS:  * Model Name
07-03 18:09:14.160 25174 25174 D wpa_supplicant: WPS:  * Model Number
07-03 18:09:14.160 25174 25174 D wpa_supplicant: WPS:  * Device Name
07-03 18:09:14.160 25174 25174 D wpa_supplicant: WPS:  * Version2 (0x20)
07-03 18:09:14.160 25174 25174 D wpa_supplicant: wpa_driver_wext_combo_scan: Start
07-03 18:09:14.160 25174 25174 D wpa_supplicant: For Scan: (null)
07-03 18:09:14.218 25174 25174 D wpa_supplicant: Scan requested (ret=0) - scan timeout 30 seconds
07-03 18:09:14.699 25174 25174 D wpa_supplicant: RTM_NEWLINK: operstate=0 ifi_flags=0x11003 ([UP][LOWER_UP])
07-03 18:09:14.699 25174 25174 D wpa_supplicant: RTM_NEWLINK, IFLA_IFNAME: Interface 'wlan0' added
07-03 18:09:14.699 25174 25174 D wpa_supplicant: Wireless event: cmd=0x8b19 len=8
07-03 18:09:14.699 25174 25174 D wpa_supplicant: Received 0 bytes of scan results (0 BSSes)
07-03 18:09:14.941 29465 29465 I PhoneLab-: 1341352903998.log is deleted
07-03 18:09:14.941 29465 29465 I PhoneLab-: Response: {"data": "done", "err": ""}
07-03 18:09:14.941 29465 29465 I PhoneLab-UploadLogs: No log files to transfer
07-03 18:09:14.941 29465 29465 I PhoneLab-Locks: wake lock released
07-03 18:09:43.230 28351 28556 D androidNetworkLocationListeners: Still have listener com.google.android.location.internal.client.NetworkLocationClient$1@41466838
07-03 18:09:43.230 25174 25174 D wpa_supplicant: wpa_driver_wext_driver_cmd SETSUSPENDOPT 0 len = 4096
07-03 18:09:43.230 25174 25174 D wpa_supplicant: wpa_driver_wext_driver_cmd SETSUSPENDOPT 0 len = 0, 15
07-03 18:09:43.230 25174 25174 D wpa_supplicant: WPS: Building WPS IE for Probe Request
07-03 18:09:43.230 25174 25174 D wpa_supplicant: WPS:  * Version (hardcoded 0x10)
07-03 18:09:43.230 25174 25174 D wpa_supplicant: WPS:  * Request Type
07-03 18:09:43.230 25174 25174 D wpa_supplicant: WPS:  * Config Methods (2388)
07-03 18:09:43.230 25174 25174 D wpa_supplicant: WPS:  * UUID-E
07-03 18:09:43.230 25174 25174 D wpa_supplicant: WPS:  * Primary Device Type
07-03 18:09:43.230 25174 25174 D wpa_supplicant: WPS:  * RF Bands (3)
07-03 18:09:43.230 25174 25174 D wpa_supplicant: WPS:  * Association State
07-03 18:09:43.230 25174 25174 D wpa_supplicant: WPS:  * Configuration Error (0)
07-03 18:09:43.230 25174 25174 D wpa_supplicant: WPS:  * Device Password ID (0)
07-03 18:09:43.230 25174 25174 D wpa_supplicant: WPS:  * Manufacturer
07-03 18:09:43.230 25174 25174 D wpa_supplicant: WPS:  * Model Name
07-03 18:09:43.230 25174 25174 D wpa_supplicant: WPS:  * Model Number
07-03 18:09:43.230 25174 25174 D wpa_supplicant: WPS:  * Device Name
07-03 18:09:43.230 25174 25174 D wpa_supplicant: WPS:  * Version2 (0x20)
07-03 18:09:43.230 25174 25174 D wpa_supplicant: wpa_driver_wext_combo_scan: Start
07-03 18:09:43.230 25174 25174 D wpa_supplicant: For Scan: (null)
07-03 18:09:43.238 28351 28556 D androidNetworkLocationListeners: Still have listener com.google.android.location.internal.client.NetworkLocationClient$1@41466838
07-03 18:09:43.285 25174 25174 D wpa_supplicant: Scan requested (ret=0) - scan timeout 30 seconds
07-03 18:09:43.285 25174 25174 D wpa_supplicant: wpa_driver_wext_driver_cmd POWERMODE 0 len = 4096
07-03 18:09:43.289 25174 25174 D wpa_supplicant: wpa_driver_wext_driver_cmd OK len = 0, 2
07-03 18:09:43.297 25174 25174 D wpa_supplicant: wpa_driver_wext_driver_cmd SETSUSPENDOPT 0 len = 4096
07-03 18:09:43.297 25174 25174 D wpa_supplicant: wpa_driver_wext_driver_cmd SETSUSPENDOPT 0 len = 0, 15
07-03 18:09:43.297 25174 25174 D wpa_supplicant: wpa_driver_wext_driver_cmd POWERMODE 0 len = 4096
07-03 18:09:43.300 25174 25174 D wpa_supplicant: wpa_driver_wext_driver_cmd OK len = 0, 2
07-03 18:09:43.300 25174 25174 D wpa_supplicant: wpa_driver_wext_driver_cmd SETSUSPENDOPT 0 len = 4096
07-03 18:09:43.300 25174 25174 D wpa_supplicant: wpa_driver_wext_driver_cmd SETSUSPENDOPT 0 len = 0, 15
07-03 18:09:43.300 25174 25174 D wpa_supplicant: wpa_driver_wext_driver_cmd POWERMODE 0 len = 4096
07-03 18:09:43.300 25174 25174 D wpa_supplicant: wpa_driver_wext_driver_cmd OK len = 0, 2
07-03 18:09:43.304 25174 25174 D wpa_supplicant: Ongoing scan action - reject new request
07-03 18:09:43.765 25174 25174 D wpa_supplicant: RTM_NEWLINK: operstate=0 ifi_flags=0x11003 ([UP][LOWER_UP])
07-03 18:09:43.777 25174 25174 D wpa_supplicant: RTM_NEWLINK, IFLA_IFNAME: Interface 'wlan0' added
07-03 18:09:43.777 25174 25174 D wpa_supplicant: Wireless event: cmd=0x8b19 len=8
07-03 18:09:43.777 25174 25174 D wpa_supplicant: Received 0 bytes of scan results (0 BSSes)
