07-10 01:45:51.109   288   288 D wpa_supplicant: WPS: Building WPS IE for Probe Request
07-10 01:45:51.109   288   288 D wpa_supplicant: WPS:  * Version (hardcoded 0x10)
07-10 01:45:51.109   288   288 D wpa_supplicant: WPS:  * Request Type
07-10 01:45:51.109   288   288 D wpa_supplicant: WPS:  * Config Methods (2388)
07-10 01:45:51.109   288   288 D wpa_supplicant: WPS:  * UUID-E
07-10 01:45:51.109   288   288 D wpa_supplicant: WPS:  * Primary Device Type
07-10 01:45:51.109   288   288 D wpa_supplicant: WPS:  * RF Bands (3)
07-10 01:45:51.109   288   288 D wpa_supplicant: WPS:  * Association State
07-10 01:45:51.109   288   288 D wpa_supplicant: WPS:  * Configuration Error (0)
07-10 01:45:51.109   288   288 D wpa_supplicant: WPS:  * Device Password ID (0)
07-10 01:45:51.109   288   288 D wpa_supplicant: WPS:  * Manufacturer
07-10 01:45:51.109   288   288 D wpa_supplicant: WPS:  * Model Name
07-10 01:45:51.109   288   288 D wpa_supplicant: WPS:  * Model Number
07-10 01:45:51.109   288   288 D wpa_supplicant: WPS:  * Device Name
07-10 01:45:51.109   288   288 D wpa_supplicant: WPS:  * Version2 (0x20)
07-10 01:45:51.109   288   288 D wpa_supplicant: wpa_driver_wext_combo_scan: Start
07-10 01:45:51.109   288   288 D wpa_supplicant: For Scan: (null)
07-10 01:45:51.172   288   288 D wpa_supplicant: Scan requested (ret=0) - scan timeout 30 seconds
07-10 01:45:51.656   288   288 D wpa_supplicant: RTM_NEWLINK: operstate=0 ifi_flags=0x11003 ([UP][LOWER_UP])
07-10 01:45:51.656   288   288 D wpa_supplicant: RTM_NEWLINK, IFLA_IFNAME: Interface 'wlan0' added
07-10 01:45:51.656   288   288 D wpa_supplicant: Wireless event: cmd=0x8b19 len=8
07-10 01:45:51.668   288   288 D wpa_supplicant: Received 2568 bytes of scan results (8 BSSes)
07-10 01:46:06.679   288   288 D wpa_supplicant: WPS: Building WPS IE for Probe Request
07-10 01:46:06.679   288   288 D wpa_supplicant: WPS:  * Version (hardcoded 0x10)
07-10 01:46:06.679   288   288 D wpa_supplicant: WPS:  * Request Type
07-10 01:46:06.679   288   288 D wpa_supplicant: WPS:  * Config Methods (2388)
07-10 01:46:06.679   288   288 D wpa_supplicant: WPS:  * UUID-E
07-10 01:46:06.679   288   288 D wpa_supplicant: WPS:  * Primary Device Type
07-10 01:46:06.679   288   288 D wpa_supplicant: WPS:  * RF Bands (3)
07-10 01:46:06.679   288   288 D wpa_supplicant: WPS:  * Association State
07-10 01:46:06.679   288   288 D wpa_supplicant: WPS:  * Configuration Error (0)
07-10 01:46:06.679   288   288 D wpa_supplicant: WPS:  * Device Password ID (0)
07-10 01:46:06.679   288   288 D wpa_supplicant: WPS:  * Manufacturer
07-10 01:46:06.679   288   288 D wpa_supplicant: WPS:  * Model Name
07-10 01:46:06.679   288   288 D wpa_supplicant: WPS:  * Model Number
07-10 01:46:06.679   288   288 D wpa_supplicant: WPS:  * Device Name
07-10 01:46:06.679   288   288 D wpa_supplicant: WPS:  * Version2 (0x20)
07-10 01:46:06.679   288   288 D wpa_supplicant: wpa_driver_wext_combo_scan: Start
07-10 01:46:06.679   288   288 D wpa_supplicant: For Scan: (null)
07-10 01:46:06.738   288   288 D wpa_supplicant: Scan requested (ret=0) - scan timeout 30 seconds
07-10 01:46:07.226   288   288 D wpa_supplicant: RTM_NEWLINK: operstate=0 ifi_flags=0x11003 ([UP][LOWER_UP])
07-10 01:46:07.226   288   288 D wpa_supplicant: RTM_NEWLINK, IFLA_IFNAME: Interface 'wlan0' added
07-10 01:46:07.226   288   288 D wpa_supplicant: Wireless event: cmd=0x8b19 len=8
07-10 01:46:07.226   288   288 D wpa_supplicant: Received 2580 bytes of scan results (9 BSSes)
07-10 01:46:07.359   211   213 D dalvikvm: GC_CONCURRENT freed 549K, 48% free 9798K/18759K, paused 2ms+3ms
07-10 01:46:07.406   211   213 D dalvikvm: GC_CONCURRENT freed 505K, 48% free 9774K/18759K, paused 2ms+3ms
07-10 01:46:07.504   211   213 D dalvikvm: GC_CONCURRENT freed 364K, 48% free 9911K/18759K, paused 2ms+4ms
07-10 01:46:10.476 14076 14090 I PhoneLab-: Service Running
07-10 01:46:10.558 14076 14090 I PhoneLab-LoggerService: app_38    1541  1     1432   992   c00f181c 400107b4 S logcat
07-10 01:46:10.558 14076 14090 I PhoneLab-LoggerService: Logcat pid from database 1541
07-10 01:46:10.558 14076 14090 I PhoneLab-LoggerService: Logcat process found 1541
07-10 01:46:10.558 14076 14090 I PhoneLab-LoggerService: Checking Threshold
07-10 01:46:10.562 14076 14090 I PhoneLab-LoggerService: Starting to rename files
07-10 01:46:10.562 14076 14090 I PhoneLab-LoggerService: Files found .. 9
07-10 01:46:22.246   288   288 D wpa_supplicant: WPS: Building WPS IE for Probe Request
07-10 01:46:22.246   288   288 D wpa_supplicant: WPS:  * Version (hardcoded 0x10)
07-10 01:46:22.246   288   288 D wpa_supplicant: WPS:  * Request Type
07-10 01:46:22.246   288   288 D wpa_supplicant: WPS:  * Config Methods (2388)
07-10 01:46:22.246   288   288 D wpa_supplicant: WPS:  * UUID-E
07-10 01:46:22.246   288   288 D wpa_supplicant: WPS:  * Primary Device Type
07-10 01:46:22.246   288   288 D wpa_supplicant: WPS:  * RF Bands (3)
07-10 01:46:22.246   288   288 D wpa_supplicant: WPS:  * Association State
07-10 01:46:22.246   288   288 D wpa_supplicant: WPS:  * Configuration Error (0)
07-10 01:46:22.246   288   288 D wpa_supplicant: WPS:  * Device Password ID (0)
07-10 01:46:22.246   288   288 D wpa_supplicant: WPS:  * Manufacturer
07-10 01:46:22.246   288   288 D wpa_supplicant: WPS:  * Model Name
07-10 01:46:22.246   288   288 D wpa_supplicant: WPS:  * Model Number
07-10 01:46:22.246   288   288 D wpa_supplicant: WPS:  * Device Name
07-10 01:46:22.246   288   288 D wpa_supplicant: WPS:  * Version2 (0x20)
07-10 01:46:22.246   288   288 D wpa_supplicant: wpa_driver_wext_combo_scan: Start
07-10 01:46:22.246   288   288 D wpa_supplicant: For Scan: (null)
07-10 01:46:22.308   288   288 D wpa_supplicant: Scan requested (ret=0) - scan timeout 30 seconds
07-10 01:46:22.804   288   288 D wpa_supplicant: RTM_NEWLINK: operstate=0 ifi_flags=0x11003 ([UP][LOWER_UP])
07-10 01:46:22.804   288   288 D wpa_supplicant: RTM_NEWLINK, IFLA_IFNAME: Interface 'wlan0' added
07-10 01:46:22.804   288   288 D wpa_supplicant: Wireless event: cmd=0x8b19 len=8
07-10 01:46:22.804   288   288 D wpa_supplicant: Received 3311 bytes of scan results (12 BSSes)
07-10 01:46:37.824   288   288 D wpa_supplicant: WPS: Building WPS IE for Probe Request
07-10 01:46:37.824   288   288 D wpa_supplicant: WPS:  * Version (hardcoded 0x10)
07-10 01:46:37.824   288   288 D wpa_supplicant: WPS:  * Request Type
07-10 01:46:37.824   288   288 D wpa_supplicant: WPS:  * Config Methods (2388)
07-10 01:46:37.824   288   288 D wpa_supplicant: WPS:  * UUID-E
07-10 01:46:37.824   288   288 D wpa_supplicant: WPS:  * Primary Device Type
07-10 01:46:37.824   288   288 D wpa_supplicant: WPS:  * RF Bands (3)
07-10 01:46:37.824   288   288 D wpa_supplicant: WPS:  * Association State
07-10 01:46:37.824   288   288 D wpa_supplicant: WPS:  * Configuration Error (0)
07-10 01:46:37.824   288   288 D wpa_supplicant: WPS:  * Device Password ID (0)
07-10 01:46:37.824   288   288 D wpa_supplicant: WPS:  * Manufacturer
07-10 01:46:37.824   288   288 D wpa_supplicant: WPS:  * Model Name
07-10 01:46:37.824   288   288 D wpa_supplicant: WPS:  * Model Number
07-10 01:46:37.824   288   288 D wpa_supplicant: WPS:  * Device Name
07-10 01:46:37.824   288   288 D wpa_supplicant: WPS:  * Version2 (0x20)
07-10 01:46:37.824   288   288 D wpa_supplicant: wpa_driver_wext_combo_scan: Start
07-10 01:46:37.824   288   288 D wpa_supplicant: For Scan: (null)
07-10 01:46:37.882   288   288 D wpa_supplicant: Scan requested (ret=0) - scan timeout 30 seconds
07-10 01:46:38.375   288   288 D wpa_supplicant: RTM_NEWLINK: operstate=0 ifi_flags=0x11003 ([UP][LOWER_UP])
07-10 01:46:38.375   288   288 D wpa_supplicant: RTM_NEWLINK, IFLA_IFNAME: Interface 'wlan0' added
07-10 01:46:38.375   288   288 D wpa_supplicant: Wireless event: cmd=0x8b19 len=8
07-10 01:46:38.375   288   288 D wpa_supplicant: Received 2814 bytes of scan results (10 BSSes)
07-10 01:46:53.402   288   288 D wpa_supplicant: WPS: Building WPS IE for Probe Request
07-10 01:46:53.402   288   288 D wpa_supplicant: WPS:  * Version (hardcoded 0x10)
07-10 01:46:53.402   288   288 D wpa_supplicant: WPS:  * Request Type
07-10 01:46:53.402   288   288 D wpa_supplicant: WPS:  * Config Methods (2388)
07-10 01:46:53.402   288   288 D wpa_supplicant: WPS:  * UUID-E
07-10 01:46:53.402   288   288 D wpa_supplicant: WPS:  * Primary Device Type
07-10 01:46:53.402   288   288 D wpa_supplicant: WPS:  * RF Bands (3)
07-10 01:46:53.402   288   288 D wpa_supplicant: WPS:  * Association State
07-10 01:46:53.402   288   288 D wpa_supplicant: WPS:  * Configuration Error (0)
07-10 01:46:53.402   288   288 D wpa_supplicant: WPS:  * Device Password ID (0)
07-10 01:46:53.402   288   288 D wpa_supplicant: WPS:  * Manufacturer
07-10 01:46:53.402   288   288 D wpa_supplicant: WPS:  * Model Name
07-10 01:46:53.402   288   288 D wpa_supplicant: WPS:  * Model Number
07-10 01:46:53.402   288   288 D wpa_supplicant: WPS:  * Device Name
07-10 01:46:53.402   288   288 D wpa_supplicant: WPS:  * Version2 (0x20)
07-10 01:46:53.402   288   288 D wpa_supplicant: wpa_driver_wext_combo_scan: Start
07-10 01:46:53.402   288   288 D wpa_supplicant: For Scan: (null)
07-10 01:46:53.464   288   288 D wpa_supplicant: Scan requested (ret=0) - scan timeout 30 seconds
07-10 01:46:53.953   288   288 D wpa_supplicant: RTM_NEWLINK: operstate=0 ifi_flags=0x11003 ([UP][LOWER_UP])
07-10 01:46:53.953   288   288 D wpa_supplicant: RTM_NEWLINK, IFLA_IFNAME: Interface 'wlan0' added
07-10 01:46:53.953   288   288 D wpa_supplicant: Wireless event: cmd=0x8b19 len=8
07-10 01:46:53.953   288   288 D wpa_supplicant: Received 2649 bytes of scan results (9 BSSes)
07-10 01:46:54.074   211   213 D dalvikvm: GC_CONCURRENT freed 399K, 47% free 9947K/18759K, paused 1ms+3ms
07-10 01:46:54.136   211   213 D dalvikvm: GC_CONCURRENT freed 479K, 48% free 9895K/18759K, paused 2ms+3ms
07-10 01:47:02.894   140   142 D dalvikvm: GC_CONCURRENT freed 1832K, 13% free 16111K/18439K, paused 3ms+8ms
07-10 01:47:08.968   288   288 D wpa_supplicant: WPS: Building WPS IE for Probe Request
07-10 01:47:08.968   288   288 D wpa_supplicant: WPS:  * Version (hardcoded 0x10)
07-10 01:47:08.968   288   288 D wpa_supplicant: WPS:  * Request Type
07-10 01:47:08.968   288   288 D wpa_supplicant: WPS:  * Config Methods (2388)
07-10 01:47:08.968   288   288 D wpa_supplicant: WPS:  * UUID-E
07-10 01:47:08.968   288   288 D wpa_supplicant: WPS:  * Primary Device Type
07-10 01:47:08.968   288   288 D wpa_supplicant: WPS:  * RF Bands (3)
07-10 01:47:08.968   288   288 D wpa_supplicant: WPS:  * Association State
07-10 01:47:08.968   288   288 D wpa_supplicant: WPS:  * Configuration Error (0)
07-10 01:47:08.968   288   288 D wpa_supplicant: WPS:  * Device Password ID (0)
07-10 01:47:08.968   288   288 D wpa_supplicant: WPS:  * Manufacturer
07-10 01:47:08.968   288   288 D wpa_supplicant: WPS:  * Model Name
07-10 01:47:08.968   288   288 D wpa_supplicant: WPS:  * Model Number
07-10 01:47:08.968   288   288 D wpa_supplicant: WPS:  * Device Name
07-10 01:47:08.968   288   288 D wpa_supplicant: WPS:  * Version2 (0x20)
07-10 01:47:08.968   288   288 D wpa_supplicant: wpa_driver_wext_combo_scan: Start
07-10 01:47:08.968   288   288 D wpa_supplicant: For Scan: (null)
07-10 01:47:09.031   288   288 D wpa_supplicant: Scan requested (ret=0) - scan timeout 30 seconds
07-10 01:47:09.527   288   288 D wpa_supplicant: RTM_NEWLINK: operstate=0 ifi_flags=0x11003 ([UP][LOWER_UP])
07-10 01:47:09.527   288   288 D wpa_supplicant: RTM_NEWLINK, IFLA_IFNAME: Interface 'wlan0' added
07-10 01:47:09.527   288   288 D wpa_supplicant: Wireless event: cmd=0x8b19 len=8
07-10 01:47:09.527   288   288 D wpa_supplicant: Received 3235 bytes of scan results (11 BSSes)
07-10 01:47:12.804 17609 17609 D WeatherGadgetConfigurePreferences: LOC_KEY + 6: null
07-10 01:47:12.808   267   529 D androidNetworkLocationListeners: Still have listener com.google.android.location.internal.client.NetworkLocationClient$1@41379218
07-10 01:47:12.812   288   288 D wpa_supplicant: wpa_driver_wext_driver_cmd SETSUSPENDOPT 0 len = 4096
07-10 01:47:12.812   288   288 D wpa_supplicant: wpa_driver_wext_driver_cmd SETSUSPENDOPT 0 len = 0, 15
07-10 01:47:12.812   288   288 D wpa_supplicant: wpa_driver_wext_driver_cmd POWERMODE 0 len = 4096
07-10 01:47:12.816   267   529 D androidNetworkLocationListeners: Still have listener com.google.android.location.internal.client.NetworkLocationClient$1@41379218
07-10 01:47:12.820   288   288 D wpa_supplicant: wpa_driver_wext_driver_cmd OK len = 0, 2
07-10 01:47:12.882   288   288 D wpa_supplicant: wpa_driver_wext_driver_cmd SETSUSPENDOPT 0 len = 4096
07-10 01:47:12.882   288   288 D wpa_supplicant: wpa_driver_wext_driver_cmd SETSUSPENDOPT 0 len = 0, 15
07-10 01:47:12.882   288   288 D wpa_supplicant: wpa_driver_wext_driver_cmd POWERMODE 0 len = 4096
07-10 01:47:12.890   288   288 D wpa_supplicant: wpa_driver_wext_driver_cmd OK len = 0, 2
07-10 01:47:12.894   288   288 D wpa_supplicant: wpa_driver_wext_driver_cmd SETSUSPENDOPT 0 len = 4096
07-10 01:47:12.894   288   288 D wpa_supplicant: wpa_driver_wext_driver_cmd SETSUSPENDOPT 0 len = 0, 15
07-10 01:47:12.894   288   288 D wpa_supplicant: wpa_driver_wext_driver_cmd POWERMODE 0 len = 4096
07-10 01:47:12.894   288   288 D wpa_supplicant: wpa_driver_wext_driver_cmd OK len = 0, 2
07-10 01:47:12.894   288   288 D wpa_supplicant: WPS: Building WPS IE for Probe Request
07-10 01:47:12.894   288   288 D wpa_supplicant: WPS:  * Version (hardcoded 0x10)
07-10 01:47:12.894   288   288 D wpa_supplicant: WPS:  * Request Type
07-10 01:47:12.894   288   288 D wpa_supplicant: WPS:  * Config Methods (2388)
07-10 01:47:12.894   288   288 D wpa_supplicant: WPS:  * UUID-E
07-10 01:47:12.894   288   288 D wpa_supplicant: WPS:  * Primary Device Type
07-10 01:47:12.894   288   288 D wpa_supplicant: WPS:  * RF Bands (3)
07-10 01:47:12.894   288   288 D wpa_supplicant: WPS:  * Association State
07-10 01:47:12.894   288   288 D wpa_supplicant: WPS:  * Configuration Error (0)
07-10 01:47:12.894   288   288 D wpa_supplicant: WPS:  * Device Password ID (0)
07-10 01:47:12.894   288   288 D wpa_supplicant: WPS:  * Manufacturer
07-10 01:47:12.894   288   288 D wpa_supplicant: WPS:  * Model Name
07-10 01:47:12.894   288   288 D wpa_supplicant: WPS:  * Model Number
07-10 01:47:12.894   288   288 D wpa_supplicant: WPS:  * Device Name
07-10 01:47:12.894   288   288 D wpa_supplicant: WPS:  * Version2 (0x20)
07-10 01:47:12.894   288   288 D wpa_supplicant: wpa_driver_wext_combo_scan: Start
07-10 01:47:12.894   288   288 D wpa_supplicant: For Scan: (null)
07-10 01:47:12.949   288   288 D wpa_supplicant: Scan requested (ret=0) - scan timeout 30 seconds
07-10 01:47:13.019 17645 18064 I LocationUtil: lbs-scheduleTargetingUpdate start
07-10 01:47:13.019 17645 18064 W LocationUtil: lbs-scheduleTargetingUpdate: user has NOT allowed use of lbs, skip
07-10 01:47:13.019 17645 18064 I LocatorService: lbs-onHandleIntent -- passive repeat
07-10 01:47:13.019 17645 18064 W LocationUtil: lbs-requestPassiveUpdates start
07-10 01:47:13.441   288   288 D wpa_supplicant: RTM_NEWLINK: operstate=0 ifi_flags=0x11003 ([UP][LOWER_UP])
07-10 01:47:13.441   288   288 D wpa_supplicant: RTM_NEWLINK, IFLA_IFNAME: Interface 'wlan0' added
07-10 01:47:13.441   288   288 D wpa_supplicant: Wireless event: cmd=0x8b19 len=8
07-10 01:47:13.441   288   288 D wpa_supplicant: Received 2995 bytes of scan results (10 BSSes)
07-10 01:47:13.570   288   288 D wpa_supplicant: wpa_driver_wext_driver_cmd SETSUSPENDOPT 0 len = 4096
07-10 01:47:13.570   288   288 D wpa_supplicant: wpa_driver_wext_driver_cmd SETSUSPENDOPT 0 len = 0, 15
07-10 01:47:13.570   288   288 D wpa_supplicant: wpa_driver_wext_driver_cmd POWERMODE 0 len = 4096
07-10 01:47:13.586   288   288 D wpa_supplicant: wpa_driver_wext_driver_cmd OK len = 0, 2
07-10 01:47:13.629   267   269 D dalvikvm: GC_CONCURRENT freed 556K, 8% free 10920K/11847K, paused 2ms+6ms
07-10 01:47:13.632 17645 18065 I LocatorService: lbs-onHandleIntent ------ timestamp too recent, skip
07-10 01:47:13.632 17645 18065 I LocatorService: lbs-onHandleIntent -- passive repeat
07-10 01:47:13.632 17645 18065 W LocationUtil: lbs-requestPassiveUpdates start
07-10 01:47:28.457   288   288 D wpa_supplicant: WPS: Building WPS IE for Probe Request
07-10 01:47:28.457   288   288 D wpa_supplicant: WPS:  * Version (hardcoded 0x10)
07-10 01:47:28.457   288   288 D wpa_supplicant: WPS:  * Request Type
07-10 01:47:28.457   288   288 D wpa_supplicant: WPS:  * Config Methods (2388)
07-10 01:47:28.457   288   288 D wpa_supplicant: WPS:  * UUID-E
07-10 01:47:28.457   288   288 D wpa_supplicant: WPS:  * Primary Device Type
07-10 01:47:28.457   288   288 D wpa_supplicant: WPS:  * RF Bands (3)
07-10 01:47:28.457   288   288 D wpa_supplicant: WPS:  * Association State
07-10 01:47:28.457   288   288 D wpa_supplicant: WPS:  * Configuration Error (0)
07-10 01:47:28.457   288   288 D wpa_supplicant: WPS:  * Device Password ID (0)
07-10 01:47:28.457   288   288 D wpa_supplicant: WPS:  * Manufacturer
07-10 01:47:28.457   288   288 D wpa_supplicant: WPS:  * Model Name
07-10 01:47:28.457   288   288 D wpa_supplicant: WPS:  * Model Number
07-10 01:47:28.457   288   288 D wpa_supplicant: WPS:  * Device Name
07-10 01:47:28.457   288   288 D wpa_supplicant: WPS:  * Version2 (0x20)
07-10 01:47:28.457   288   288 D wpa_supplicant: wpa_driver_wext_combo_scan: Start
07-10 01:47:28.457   288   288 D wpa_supplicant: For Scan: (null)
07-10 01:47:28.515   288   288 D wpa_supplicant: Scan requested (ret=0) - scan timeout 30 seconds
07-10 01:47:29.007   288   288 D wpa_supplicant: RTM_NEWLINK: operstate=0 ifi_flags=0x11003 ([UP][LOWER_UP])
07-10 01:47:29.007   288   288 D wpa_supplicant: RTM_NEWLINK, IFLA_IFNAME: Interface 'wlan0' added
07-10 01:47:29.007   288   288 D wpa_supplicant: Wireless event: cmd=0x8b19 len=8
07-10 01:47:29.007   288   288 D wpa_supplicant: Received 2105 bytes of scan results (7 BSSes)
07-10 01:47:29.101 17155 17157 D dalvikvm: GC_CONCURRENT freed 430K, 6% free 10515K/11079K, paused 2ms+3ms
07-10 01:47:31.582   288   288 D wpa_supplicant: RSN: expired PMKSA cache entry for d0:c2:82:66:6b:f1
07-10 01:47:44.027   288   288 D wpa_supplicant: WPS: Building WPS IE for Probe Request
07-10 01:47:44.027   288   288 D wpa_supplicant: WPS:  * Version (hardcoded 0x10)
07-10 01:47:44.027   288   288 D wpa_supplicant: WPS:  * Request Type
07-10 01:47:44.027   288   288 D wpa_supplicant: WPS:  * Config Methods (2388)
07-10 01:47:44.027   288   288 D wpa_supplicant: WPS:  * UUID-E
07-10 01:47:44.027   288   288 D wpa_supplicant: WPS:  * Primary Device Type
07-10 01:47:44.027   288   288 D wpa_supplicant: WPS:  * RF Bands (3)
07-10 01:47:44.027   288   288 D wpa_supplicant: WPS:  * Association State
07-10 01:47:44.027   288   288 D wpa_supplicant: WPS:  * Configuration Error (0)
07-10 01:47:44.027   288   288 D wpa_supplicant: WPS:  * Device Password ID (0)
07-10 01:47:44.027   288   288 D wpa_supplicant: WPS:  * Manufacturer
07-10 01:47:44.027   288   288 D wpa_supplicant: WPS:  * Model Name
07-10 01:47:44.027   288   288 D wpa_supplicant: WPS:  * Model Number
07-10 01:47:44.027   288   288 D wpa_supplicant: WPS:  * Device Name
07-10 01:47:44.027   288   288 D wpa_supplicant: WPS:  * Version2 (0x20)
07-10 01:47:44.027   288   288 D wpa_supplicant: wpa_driver_wext_combo_scan: Start
07-10 01:47:44.027   288   288 D wpa_supplicant: For Scan: (null)
07-10 01:47:44.089   288   288 D wpa_supplicant: Scan requested (ret=0) - scan timeout 30 seconds
07-10 01:47:44.586   288   288 D wpa_supplicant: RTM_NEWLINK: operstate=0 ifi_flags=0x11003 ([UP][LOWER_UP])
07-10 01:47:44.586   288   288 D wpa_supplicant: RTM_NEWLINK, IFLA_IFNAME: Interface 'wlan0' added
07-10 01:47:44.586   288   288 D wpa_supplicant: Wireless event: cmd=0x8b19 len=8
07-10 01:47:44.586   288   288 D wpa_supplicant: Received 2205 bytes of scan results (8 BSSes)
07-10 01:47:55.590   288   288 D wpa_supplicant: RSN: expired PMKSA cache entry for d0:c2:82:66:69:d1
07-10 01:47:57.922   288   288 D wpa_supplicant: wpa_driver_wext_driver_cmd SETSUSPENDOPT 0 len = 4096
07-10 01:47:57.922   288   288 D wpa_supplicant: wpa_driver_wext_driver_cmd SETSUSPENDOPT 0 len = 0, 15
07-10 01:47:57.929   288   288 D wpa_supplicant: wpa_driver_wext_driver_cmd POWERMODE 0 len = 4096
07-10 01:47:57.941   288   288 D wpa_supplicant: wpa_driver_wext_driver_cmd OK len = 0, 2
07-10 01:47:57.992   288   288 D wpa_supplicant: wpa_driver_wext_driver_cmd SETSUSPENDOPT 0 len = 4096
07-10 01:47:57.992   288   288 D wpa_supplicant: wpa_driver_wext_driver_cmd SETSUSPENDOPT 0 len = 0, 15
07-10 01:47:57.992   288   288 D wpa_supplicant: wpa_driver_wext_driver_cmd POWERMODE 0 len = 4096
07-10 01:47:58.004   288   288 D wpa_supplicant: wpa_driver_wext_driver_cmd OK len = 0, 2
07-10 01:47:58.039 17645 18066 I LocationUtil: lbs-scheduleTargetingUpdate start
07-10 01:47:58.039 17645 18066 W LocationUtil: lbs-scheduleTargetingUpdate: user has NOT allowed use of lbs, skip
07-10 01:47:58.039 17645 18066 I LocatorService: lbs-onHandleIntent -- passive repeat
07-10 01:47:58.039 17645 18066 W LocationUtil: lbs-requestPassiveUpdates start
07-10 01:47:59.597   288   288 D wpa_supplicant: WPS: Building WPS IE for Probe Request
07-10 01:47:59.597   288   288 D wpa_supplicant: WPS:  * Version (hardcoded 0x10)
07-10 01:47:59.597   288   288 D wpa_supplicant: WPS:  * Request Type
07-10 01:47:59.597   288   288 D wpa_supplicant: WPS:  * Config Methods (2388)
07-10 01:47:59.597   288   288 D wpa_supplicant: WPS:  * UUID-E
07-10 01:47:59.597   288   288 D wpa_supplicant: WPS:  * Primary Device Type
07-10 01:47:59.597   288   288 D wpa_supplicant: WPS:  * RF Bands (3)
07-10 01:47:59.597   288   288 D wpa_supplicant: WPS:  * Association State
07-10 01:47:59.601   288   288 D wpa_supplicant: WPS:  * Configuration Error (0)
07-10 01:47:59.601   288   288 D wpa_supplicant: WPS:  * Device Password ID (0)
07-10 01:47:59.601   288   288 D wpa_supplicant: WPS:  * Manufacturer
07-10 01:47:59.601   288   288 D wpa_supplicant: WPS:  * Model Name
07-10 01:47:59.601   288   288 D wpa_supplicant: WPS:  * Model Number
07-10 01:47:59.605   288   288 D wpa_supplicant: WPS:  * Device Name
07-10 01:47:59.605   288   288 D wpa_supplicant: WPS:  * Version2 (0x20)
07-10 01:47:59.605   288   288 D wpa_supplicant: wpa_driver_wext_combo_scan: Start
07-10 01:47:59.605   288   288 D wpa_supplicant: For Scan: (null)
07-10 01:47:59.664   288   288 D wpa_supplicant: Scan requested (ret=0) - scan timeout 30 seconds
07-10 01:48:00.144   288   288 D wpa_supplicant: RTM_NEWLINK: operstate=0 ifi_flags=0x11003 ([UP][LOWER_UP])
07-10 01:48:00.144   288   288 D wpa_supplicant: RTM_NEWLINK, IFLA_IFNAME: Interface 'wlan0' added
07-10 01:48:00.144   288   288 D wpa_supplicant: Wireless event: cmd=0x8b19 len=8
07-10 01:48:00.144   288   288 D wpa_supplicant: Received 2376 bytes of scan results (9 BSSes)
07-10 01:48:10.476 14076 14090 I PhoneLab-: Service Running
07-10 01:48:10.547 14076 14090 I PhoneLab-LoggerService: app_38    1541  1     1432   992   c00f181c 400107b4 S logcat
07-10 01:48:10.547 14076 14090 I PhoneLab-LoggerService: Logcat pid from database 1541
07-10 01:48:10.547 14076 14090 I PhoneLab-LoggerService: Logcat process found 1541
07-10 01:48:10.547 14076 14090 I PhoneLab-LoggerService: Checking Threshold
07-10 01:48:10.547 14076 14090 I PhoneLab-LoggerService: Starting to rename files
07-10 01:48:10.547 14076 14090 I PhoneLab-LoggerService: Files found .. 9
07-10 01:48:15.156   288   288 D wpa_supplicant: WPS: Building WPS IE for Probe Request
07-10 01:48:15.156   288   288 D wpa_supplicant: WPS:  * Version (hardcoded 0x10)
07-10 01:48:15.156   288   288 D wpa_supplicant: WPS:  * Request Type
07-10 01:48:15.156   288   288 D wpa_supplicant: WPS:  * Config Methods (2388)
07-10 01:48:15.156   288   288 D wpa_supplicant: WPS:  * UUID-E
07-10 01:48:15.156   288   288 D wpa_supplicant: WPS:  * Primary Device Type
07-10 01:48:15.156   288   288 D wpa_supplicant: WPS:  * RF Bands (3)
07-10 01:48:15.156   288   288 D wpa_supplicant: WPS:  * Association State
07-10 01:48:15.156   288   288 D wpa_supplicant: WPS:  * Configuration Error (0)
07-10 01:48:15.156   288   288 D wpa_supplicant: WPS:  * Device Password ID (0)
07-10 01:48:15.156   288   288 D wpa_supplicant: WPS:  * Manufacturer
07-10 01:48:15.156   288   288 D wpa_supplicant: WPS:  * Model Name
07-10 01:48:15.156   288   288 D wpa_supplicant: WPS:  * Model Number
07-10 01:48:15.156   288   288 D wpa_supplicant: WPS:  * Device Name
07-10 01:48:15.156   288   288 D wpa_supplicant: WPS:  * Version2 (0x20)
07-10 01:48:15.156   288   288 D wpa_supplicant: wpa_driver_wext_combo_scan: Start
07-10 01:48:15.156   288   288 D wpa_supplicant: For Scan: (null)
07-10 01:48:15.214   288   288 D wpa_supplicant: Scan requested (ret=0) - scan timeout 30 seconds
07-10 01:48:15.703   288   288 D wpa_supplicant: RTM_NEWLINK: operstate=0 ifi_flags=0x11003 ([UP][LOWER_UP])
07-10 01:48:15.703   288   288 D wpa_supplicant: RTM_NEWLINK, IFLA_IFNAME: Interface 'wlan0' added
07-10 01:48:15.703   288   288 D wpa_supplicant: Wireless event: cmd=0x8b19 len=8
07-10 01:48:15.703   288   288 D wpa_supplicant: Received 2403 bytes of scan results (9 BSSes)
07-10 01:48:30.718   288   288 D wpa_supplicant: WPS: Building WPS IE for Probe Request
07-10 01:48:30.718   288   288 D wpa_supplicant: WPS:  * Version (hardcoded 0x10)
07-10 01:48:30.718   288   288 D wpa_supplicant: WPS:  * Request Type
07-10 01:48:30.718   288   288 D wpa_supplicant: WPS:  * Config Methods (2388)
07-10 01:48:30.718   288   288 D wpa_supplicant: WPS:  * UUID-E
07-10 01:48:30.718   288   288 D wpa_supplicant: WPS:  * Primary Device Type
07-10 01:48:30.718   288   288 D wpa_supplicant: WPS:  * RF Bands (3)
07-10 01:48:30.718   288   288 D wpa_supplicant: WPS:  * Association State
07-10 01:48:30.718   288   288 D wpa_supplicant: WPS:  * Configuration Error (0)
07-10 01:48:30.718   288   288 D wpa_supplicant: WPS:  * Device Password ID (0)
07-10 01:48:30.718   288   288 D wpa_supplicant: WPS:  * Manufacturer
07-10 01:48:30.718   288   288 D wpa_supplicant: WPS:  * Model Name
07-10 01:48:30.718   288   288 D wpa_supplicant: WPS:  * Model Number
07-10 01:48:30.718   288   288 D wpa_supplicant: WPS:  * Device Name
07-10 01:48:30.718   288   288 D wpa_supplicant: WPS:  * Version2 (0x20)
07-10 01:48:30.718   288   288 D wpa_supplicant: wpa_driver_wext_combo_scan: Start
07-10 01:48:30.718   288   288 D wpa_supplicant: For Scan: (null)
07-10 01:48:30.781   288   288 D wpa_supplicant: Scan requested (ret=0) - scan timeout 30 seconds
07-10 01:48:31.265   288   288 D wpa_supplicant: RTM_NEWLINK: operstate=0 ifi_flags=0x11003 ([UP][LOWER_UP])
07-10 01:48:31.265   288   288 D wpa_supplicant: RTM_NEWLINK, IFLA_IFNAME: Interface 'wlan0' added
07-10 01:48:31.273   288   288 D wpa_supplicant: Wireless event: cmd=0x8b19 len=8
07-10 01:48:31.273   288   288 D wpa_supplicant: Received 1758 bytes of scan results (6 BSSes)
07-10 01:48:42.961   288   288 D wpa_supplicant: wpa_driver_wext_driver_cmd SETSUSPENDOPT 0 len = 4096
07-10 01:48:42.961   288   288 D wpa_supplicant: wpa_driver_wext_driver_cmd SETSUSPENDOPT 0 len = 0, 15
07-10 01:48:42.964   288   288 D wpa_supplicant: wpa_driver_wext_driver_cmd POWERMODE 0 len = 4096
07-10 01:48:42.992   288   288 D wpa_supplicant: wpa_driver_wext_driver_cmd OK len = 0, 2
07-10 01:48:43.035   288   288 D wpa_supplicant: wpa_driver_wext_driver_cmd SETSUSPENDOPT 0 len = 4096
07-10 01:48:43.035   288   288 D wpa_supplicant: wpa_driver_wext_driver_cmd SETSUSPENDOPT 0 len = 0, 15
07-10 01:48:43.035   288   288 D wpa_supplicant: wpa_driver_wext_driver_cmd POWERMODE 0 len = 4096
07-10 01:48:43.047   288   288 D wpa_supplicant: wpa_driver_wext_driver_cmd OK len = 0, 2
07-10 01:48:43.093 17645 17648 D dalvikvm: GC_CONCURRENT freed 416K, 6% free 9446K/9991K, paused 7ms+2ms
07-10 01:48:43.191 17645 18068 I LocationUtil: lbs-scheduleTargetingUpdate start
07-10 01:48:43.191 17645 18068 W LocationUtil: lbs-scheduleTargetingUpdate: user has NOT allowed use of lbs, skip
07-10 01:48:43.191 17645 18068 I LocatorService: lbs-onHandleIntent -- passive repeat
07-10 01:48:43.191 17645 18068 W LocationUtil: lbs-requestPassiveUpdates start
07-10 01:48:46.281   288   288 D wpa_supplicant: WPS: Building WPS IE for Probe Request
07-10 01:48:46.285   288   288 D wpa_supplicant: WPS:  * Version (hardcoded 0x10)
07-10 01:48:46.285   288   288 D wpa_supplicant: WPS:  * Request Type
07-10 01:48:46.285   288   288 D wpa_supplicant: WPS:  * Config Methods (2388)
07-10 01:48:46.285   288   288 D wpa_supplicant: WPS:  * UUID-E
07-10 01:48:46.285   288   288 D wpa_supplicant: WPS:  * Primary Device Type
07-10 01:48:46.285   288   288 D wpa_supplicant: WPS:  * RF Bands (3)
07-10 01:48:46.285   288   288 D wpa_supplicant: WPS:  * Association State
07-10 01:48:46.285   288   288 D wpa_supplicant: WPS:  * Configuration Error (0)
07-10 01:48:46.285   288   288 D wpa_supplicant: WPS:  * Device Password ID (0)
07-10 01:48:46.285   288   288 D wpa_supplicant: WPS:  * Manufacturer
07-10 01:48:46.285   288   288 D wpa_supplicant: WPS:  * Model Name
07-10 01:48:46.285   288   288 D wpa_supplicant: WPS:  * Model Number
07-10 01:48:46.285   288   288 D wpa_supplicant: WPS:  * Device Name
07-10 01:48:46.285   288   288 D wpa_supplicant: WPS:  * Version2 (0x20)
07-10 01:48:46.285   288   288 D wpa_supplicant: wpa_driver_wext_combo_scan: Start
07-10 01:48:46.285   288   288 D wpa_supplicant: For Scan: (null)
07-10 01:48:46.359   288   288 D wpa_supplicant: Scan requested (ret=0) - scan timeout 30 seconds
07-10 01:48:46.500   288   288 D wpa_supplicant: Ongoing scan action - reject new request
07-10 01:48:46.847   288   288 D wpa_supplicant: RTM_NEWLINK: operstate=0 ifi_flags=0x11003 ([UP][LOWER_UP])
07-10 01:48:46.847   288   288 D wpa_supplicant: RTM_NEWLINK, IFLA_IFNAME: Interface 'wlan0' added
07-10 01:48:46.847   288   288 D wpa_supplicant: Wireless event: cmd=0x8b19 len=8
07-10 01:48:46.847   288   288 D wpa_supplicant: Received 1649 bytes of scan results (6 BSSes)
07-10 01:48:57.593   288   288 D wpa_supplicant: RSN: expired PMKSA cache entry for e8:40:40:ac:23:41
07-10 01:49:01.863   288   288 D wpa_supplicant: WPS: Building WPS IE for Probe Request
07-10 01:49:01.863   288   288 D wpa_supplicant: WPS:  * Version (hardcoded 0x10)
07-10 01:49:01.863   288   288 D wpa_supplicant: WPS:  * Request Type
07-10 01:49:01.863   288   288 D wpa_supplicant: WPS:  * Config Methods (2388)
07-10 01:49:01.863   288   288 D wpa_supplicant: WPS:  * UUID-E
07-10 01:49:01.863   288   288 D wpa_supplicant: WPS:  * Primary Device Type
07-10 01:49:01.863   288   288 D wpa_supplicant: WPS:  * RF Bands (3)
07-10 01:49:01.863   288   288 D wpa_supplicant: WPS:  * Association State
07-10 01:49:01.863   288   288 D wpa_supplicant: WPS:  * Configuration Error (0)
07-10 01:49:01.863   288   288 D wpa_supplicant: WPS:  * Device Password ID (0)
07-10 01:49:01.863   288   288 D wpa_supplicant: WPS:  * Manufacturer
07-10 01:49:01.871   288   288 D wpa_supplicant: WPS:  * Model Name
07-10 01:49:01.871   288   288 D wpa_supplicant: WPS:  * Model Number
07-10 01:49:01.871   288   288 D wpa_supplicant: WPS:  * Device Name
07-10 01:49:01.871   288   288 D wpa_supplicant: WPS:  * Version2 (0x20)
07-10 01:49:01.871   288   288 D wpa_supplicant: wpa_driver_wext_combo_scan: Start
07-10 01:49:01.871   288   288 D wpa_supplicant: For Scan: (null)
07-10 01:49:01.937   288   288 D wpa_supplicant: Scan requested (ret=0) - scan timeout 30 seconds
07-10 01:49:02.425   288   288 D wpa_supplicant: RTM_NEWLINK: operstate=0 ifi_flags=0x11003 ([UP][LOWER_UP])
07-10 01:49:02.425   288   288 D wpa_supplicant: RTM_NEWLINK, IFLA_IFNAME: Interface 'wlan0' added
07-10 01:49:02.425   288   288 D wpa_supplicant: Wireless event: cmd=0x8b19 len=8
07-10 01:49:02.425   288   288 D wpa_supplicant: Received 2302 bytes of scan results (8 BSSes)
07-10 01:49:12.824   267   529 D androidNetworkLocationListeners: Still have listener com.google.android.location.internal.client.NetworkLocationClient$1@41379218
07-10 01:49:12.867   288   288 D wpa_supplicant: wpa_driver_wext_driver_cmd SETSUSPENDOPT 0 len = 4096
07-10 01:49:12.867   288   288 D wpa_supplicant: wpa_driver_wext_driver_cmd SETSUSPENDOPT 0 len = 0, 15
07-10 01:49:12.871   288   288 D wpa_supplicant: wpa_driver_wext_driver_cmd POWERMODE 0 len = 4096
07-10 01:49:12.886   288   288 D wpa_supplicant: wpa_driver_wext_driver_cmd OK len = 0, 2
07-10 01:49:12.972   267   269 D dalvikvm: GC_CONCURRENT freed 658K, 9% free 10896K/11847K, paused 15ms+3ms
07-10 01:49:12.984   288   288 D wpa_supplicant: wpa_driver_wext_driver_cmd SETSUSPENDOPT 0 len = 4096
07-10 01:49:12.984   288   288 D wpa_supplicant: wpa_driver_wext_driver_cmd SETSUSPENDOPT 0 len = 0, 15
07-10 01:49:12.984   288   288 D wpa_supplicant: wpa_driver_wext_driver_cmd POWERMODE 0 len = 4096
07-10 01:49:13.000   288   288 D wpa_supplicant: wpa_driver_wext_driver_cmd OK len = 0, 2
07-10 01:49:13.023 17645 18069 I LocationUtil: lbs-scheduleTargetingUpdate start
07-10 01:49:13.027 17645 18069 W LocationUtil: lbs-scheduleTargetingUpdate: user has NOT allowed use of lbs, skip
07-10 01:49:13.027 17645 18069 I LocatorService: lbs-onHandleIntent -- passive repeat
07-10 01:49:13.027 17645 18069 W LocationUtil: lbs-requestPassiveUpdates start
07-10 01:49:17.453   288   288 D wpa_supplicant: WPS: Building WPS IE for Probe Request
07-10 01:49:17.453   288   288 D wpa_supplicant: WPS:  * Version (hardcoded 0x10)
07-10 01:49:17.453   288   288 D wpa_supplicant: WPS:  * Request Type
07-10 01:49:17.453   288   288 D wpa_supplicant: WPS:  * Config Methods (2388)
07-10 01:49:17.453   288   288 D wpa_supplicant: WPS:  * UUID-E
07-10 01:49:17.453   288   288 D wpa_supplicant: WPS:  * Primary Device Type
07-10 01:49:17.453   288   288 D wpa_supplicant: WPS:  * RF Bands (3)
07-10 01:49:17.453   288   288 D wpa_supplicant: WPS:  * Association State
07-10 01:49:17.453   288   288 D wpa_supplicant: WPS:  * Configuration Error (0)
07-10 01:49:17.453   288   288 D wpa_supplicant: WPS:  * Device Password ID (0)
07-10 01:49:17.453   288   288 D wpa_supplicant: WPS:  * Manufacturer
07-10 01:49:17.453   288   288 D wpa_supplicant: WPS:  * Model Name
07-10 01:49:17.453   288   288 D wpa_supplicant: WPS:  * Model Number
07-10 01:49:17.453   288   288 D wpa_supplicant: WPS:  * Device Name
07-10 01:49:17.453   288   288 D wpa_supplicant: WPS:  * Version2 (0x20)
07-10 01:49:17.453   288   288 D wpa_supplicant: wpa_driver_wext_combo_scan: Start
07-10 01:49:17.453   288   288 D wpa_supplicant: For Scan: (null)
07-10 01:49:17.511   288   288 D wpa_supplicant: Scan requested (ret=0) - scan timeout 30 seconds
07-10 01:49:17.992   288   288 D wpa_supplicant: RTM_NEWLINK: operstate=0 ifi_flags=0x11003 ([UP][LOWER_UP])
07-10 01:49:17.992   288   288 D wpa_supplicant: RTM_NEWLINK, IFLA_IFNAME: Interface 'wlan0' added
07-10 01:49:17.992   288   288 D wpa_supplicant: Wireless event: cmd=0x8b19 len=8
07-10 01:49:17.992   288   288 D wpa_supplicant: Received 3086 bytes of scan results (10 BSSes)
07-10 01:49:33.000   288   288 D wpa_supplicant: WPS: Building WPS IE for Probe Request
07-10 01:49:33.000   288   288 D wpa_supplicant: WPS:  * Version (hardcoded 0x10)
07-10 01:49:33.000   288   288 D wpa_supplicant: WPS:  * Request Type
07-10 01:49:33.000   288   288 D wpa_supplicant: WPS:  * Config Methods (2388)
07-10 01:49:33.000   288   288 D wpa_supplicant: WPS:  * UUID-E
07-10 01:49:33.000   288   288 D wpa_supplicant: WPS:  * Primary Device Type
07-10 01:49:33.000   288   288 D wpa_supplicant: WPS:  * RF Bands (3)
07-10 01:49:33.000   288   288 D wpa_supplicant: WPS:  * Association State
07-10 01:49:33.000   288   288 D wpa_supplicant: WPS:  * Configuration Error (0)
07-10 01:49:33.000   288   288 D wpa_supplicant: WPS:  * Device Password ID (0)
07-10 01:49:33.000   288   288 D wpa_supplicant: WPS:  * Manufacturer
07-10 01:49:33.000   288   288 D wpa_supplicant: WPS:  * Model Name
07-10 01:49:33.000   288   288 D wpa_supplicant: WPS:  * Model Number
07-10 01:49:33.000   288   288 D wpa_supplicant: WPS:  * Device Name
07-10 01:49:33.000   288   288 D wpa_supplicant: WPS:  * Version2 (0x20)
07-10 01:49:33.000   288   288 D wpa_supplicant: wpa_driver_wext_combo_scan: Start
07-10 01:49:33.000   288   288 D wpa_supplicant: For Scan: (null)
07-10 01:49:33.054   288   288 D wpa_supplicant: Scan requested (ret=0) - scan timeout 30 seconds
07-10 01:49:33.543   288   288 D wpa_supplicant: RTM_NEWLINK: operstate=0 ifi_flags=0x11003 ([UP][LOWER_UP])
07-10 01:49:33.543   288   288 D wpa_supplicant: RTM_NEWLINK, IFLA_IFNAME: Interface 'wlan0' added
07-10 01:49:33.543   288   288 D wpa_supplicant: Wireless event: cmd=0x8b19 len=8
07-10 01:49:33.543   288   288 D wpa_supplicant: Received 2716 bytes of scan results (10 BSSes)
07-10 01:49:43.965   211   213 D dalvikvm: GC_CONCURRENT freed 540K, 49% free 9740K/18759K, paused 1ms+5ms
07-10 01:49:48.562   288   288 D wpa_supplicant: WPS: Building WPS IE for Probe Request
07-10 01:49:48.566   288   288 D wpa_supplicant: WPS:  * Version (hardcoded 0x10)
07-10 01:49:48.566   288   288 D wpa_supplicant: WPS:  * Request Type
07-10 01:49:48.566   288   288 D wpa_supplicant: WPS:  * Config Methods (2388)
07-10 01:49:48.566   288   288 D wpa_supplicant: WPS:  * UUID-E
07-10 01:49:48.566   288   288 D wpa_supplicant: WPS:  * Primary Device Type
07-10 01:49:48.566   288   288 D wpa_supplicant: WPS:  * RF Bands (3)
07-10 01:49:48.566   288   288 D wpa_supplicant: WPS:  * Association State
07-10 01:49:48.566   288   288 D wpa_supplicant: WPS:  * Configuration Error (0)
07-10 01:49:48.566   288   288 D wpa_supplicant: WPS:  * Device Password ID (0)
07-10 01:49:48.566   288   288 D wpa_supplicant: WPS:  * Manufacturer
07-10 01:49:48.566   288   288 D wpa_supplicant: WPS:  * Model Name
07-10 01:49:48.566   288   288 D wpa_supplicant: WPS:  * Model Number
07-10 01:49:48.566   288   288 D wpa_supplicant: WPS:  * Device Name
07-10 01:49:48.566   288   288 D wpa_supplicant: WPS:  * Version2 (0x20)
07-10 01:49:48.566   288   288 D wpa_supplicant: wpa_driver_wext_combo_scan: Start
07-10 01:49:48.566   288   288 D wpa_supplicant: For Scan: (null)
07-10 01:49:48.625   288   288 D wpa_supplicant: Scan requested (ret=0) - scan timeout 30 seconds
07-10 01:49:49.113   288   288 D wpa_supplicant: RTM_NEWLINK: operstate=0 ifi_flags=0x11003 ([UP][LOWER_UP])
07-10 01:49:49.113   288   288 D wpa_supplicant: RTM_NEWLINK, IFLA_IFNAME: Interface 'wlan0' added
07-10 01:49:49.113   288   288 D wpa_supplicant: Wireless event: cmd=0x8b19 len=8
07-10 01:49:49.113   288   288 D wpa_supplicant: Received 1466 bytes of scan results (5 BSSes)
07-10 01:50:04.136   288   288 D wpa_supplicant: WPS: Building WPS IE for Probe Request
07-10 01:50:04.140   288   288 D wpa_supplicant: WPS:  * Version (hardcoded 0x10)
07-10 01:50:04.140   288   288 D wpa_supplicant: WPS:  * Request Type
07-10 01:50:04.140   288   288 D wpa_supplicant: WPS:  * Config Methods (2388)
07-10 01:50:04.140   288   288 D wpa_supplicant: WPS:  * UUID-E
07-10 01:50:04.140   288   288 D wpa_supplicant: WPS:  * Primary Device Type
07-10 01:50:04.140   288   288 D wpa_supplicant: WPS:  * RF Bands (3)
07-10 01:50:04.140   288   288 D wpa_supplicant: WPS:  * Association State
07-10 01:50:04.140   288   288 D wpa_supplicant: WPS:  * Configuration Error (0)
07-10 01:50:04.140   288   288 D wpa_supplicant: WPS:  * Device Password ID (0)
07-10 01:50:04.140   288   288 D wpa_supplicant: WPS:  * Manufacturer
07-10 01:50:04.140   288   288 D wpa_supplicant: WPS:  * Model Name
07-10 01:50:04.140   288   288 D wpa_supplicant: WPS:  * Model Number
07-10 01:50:04.140   288   288 D wpa_supplicant: WPS:  * Device Name
07-10 01:50:04.140   288   288 D wpa_supplicant: WPS:  * Version2 (0x20)
07-10 01:50:04.140   288   288 D wpa_supplicant: wpa_driver_wext_combo_scan: Start
07-10 01:50:04.140   288   288 D wpa_supplicant: For Scan: (null)
07-10 01:50:04.199   288   288 D wpa_supplicant: Scan requested (ret=0) - scan timeout 30 seconds
07-10 01:50:04.691   288   288 D wpa_supplicant: RTM_NEWLINK: operstate=0 ifi_flags=0x11003 ([UP][LOWER_UP])
07-10 01:50:04.691   288   288 D wpa_supplicant: RTM_NEWLINK, IFLA_IFNAME: Interface 'wlan0' added
07-10 01:50:04.691   288   288 D wpa_supplicant: Wireless event: cmd=0x8b19 len=8
07-10 01:50:04.691   288   288 D wpa_supplicant: Received 2639 bytes of scan results (9 BSSes)
07-10 01:50:10.476 14076 14090 I PhoneLab-: Service Running
07-10 01:50:10.547 14076 14090 I PhoneLab-LoggerService: app_38    1541  1     1432   992   c00f181c 400107b4 S logcat
07-10 01:50:10.547 14076 14090 I PhoneLab-LoggerService: Logcat pid from database 1541
07-10 01:50:10.547 14076 14090 I PhoneLab-LoggerService: Logcat process found 1541
07-10 01:50:10.547 14076 14090 I PhoneLab-LoggerService: Checking Threshold
07-10 01:50:10.547 14076 14090 I PhoneLab-LoggerService: Starting to rename files
07-10 01:50:10.547 14076 14090 I PhoneLab-LoggerService: Files found .. 9
07-10 01:50:19.711   288   288 D wpa_supplicant: WPS: Building WPS IE for Probe Request
07-10 01:50:19.711   288   288 D wpa_supplicant: WPS:  * Version (hardcoded 0x10)
07-10 01:50:19.711   288   288 D wpa_supplicant: WPS:  * Request Type
07-10 01:50:19.711   288   288 D wpa_supplicant: WPS:  * Config Methods (2388)
07-10 01:50:19.711   288   288 D wpa_supplicant: WPS:  * UUID-E
07-10 01:50:19.711   288   288 D wpa_supplicant: WPS:  * Primary Device Type
07-10 01:50:19.711   288   288 D wpa_supplicant: WPS:  * RF Bands (3)
07-10 01:50:19.711   288   288 D wpa_supplicant: WPS:  * Association State
07-10 01:50:19.711   288   288 D wpa_supplicant: WPS:  * Configuration Error (0)
07-10 01:50:19.711   288   288 D wpa_supplicant: WPS:  * Device Password ID (0)
07-10 01:50:19.711   288   288 D wpa_supplicant: WPS:  * Manufacturer
07-10 01:50:19.711   288   288 D wpa_supplicant: WPS:  * Model Name
07-10 01:50:19.711   288   288 D wpa_supplicant: WPS:  * Model Number
07-10 01:50:19.711   288   288 D wpa_supplicant: WPS:  * Device Name
07-10 01:50:19.711   288   288 D wpa_supplicant: WPS:  * Version2 (0x20)
07-10 01:50:19.711   288   288 D wpa_supplicant: wpa_driver_wext_combo_scan: Start
07-10 01:50:19.711   288   288 D wpa_supplicant: For Scan: (null)
07-10 01:50:19.765   288   288 D wpa_supplicant: Scan requested (ret=0) - scan timeout 30 seconds
07-10 01:50:20.265   288   288 D wpa_supplicant: RTM_NEWLINK: operstate=0 ifi_flags=0x11003 ([UP][LOWER_UP])
07-10 01:50:20.265   288   288 D wpa_supplicant: RTM_NEWLINK, IFLA_IFNAME: Interface 'wlan0' added
07-10 01:50:20.265   288   288 D wpa_supplicant: Wireless event: cmd=0x8b19 len=8
07-10 01:50:20.265   288   288 D wpa_supplicant: Received 2536 bytes of scan results (9 BSSes)
07-10 01:50:35.281   288   288 D wpa_supplicant: WPS: Building WPS IE for Probe Request
07-10 01:50:35.281   288   288 D wpa_supplicant: WPS:  * Version (hardcoded 0x10)
07-10 01:50:35.281   288   288 D wpa_supplicant: WPS:  * Request Type
07-10 01:50:35.281   288   288 D wpa_supplicant: WPS:  * Config Methods (2388)
07-10 01:50:35.281   288   288 D wpa_supplicant: WPS:  * UUID-E
07-10 01:50:35.281   288   288 D wpa_supplicant: WPS:  * Primary Device Type
07-10 01:50:35.281   288   288 D wpa_supplicant: WPS:  * RF Bands (3)
07-10 01:50:35.281   288   288 D wpa_supplicant: WPS:  * Association State
07-10 01:50:35.281   288   288 D wpa_supplicant: WPS:  * Configuration Error (0)
07-10 01:50:35.281   288   288 D wpa_supplicant: WPS:  * Device Password ID (0)
07-10 01:50:35.281   288   288 D wpa_supplicant: WPS:  * Manufacturer
07-10 01:50:35.281   288   288 D wpa_supplicant: WPS:  * Model Name
07-10 01:50:35.281   288   288 D wpa_supplicant: WPS:  * Model Number
07-10 01:50:35.281   288   288 D wpa_supplicant: WPS:  * Device Name
07-10 01:50:35.281   288   288 D wpa_supplicant: WPS:  * Version2 (0x20)
07-10 01:50:35.281   288   288 D wpa_supplicant: wpa_driver_wext_combo_scan: Start
07-10 01:50:35.281   288   288 D wpa_supplicant: For Scan: (null)
07-10 01:50:35.340   288   288 D wpa_supplicant: Scan requested (ret=0) - scan timeout 30 seconds
07-10 01:50:35.828   288   288 D wpa_supplicant: RTM_NEWLINK: operstate=0 ifi_flags=0x11003 ([UP][LOWER_UP])
07-10 01:50:35.828   288   288 D wpa_supplicant: RTM_NEWLINK, IFLA_IFNAME: Interface 'wlan0' added
07-10 01:50:35.828   288   288 D wpa_supplicant: Wireless event: cmd=0x8b19 len=8
07-10 01:50:35.828   288   288 D wpa_supplicant: Received 2062 bytes of scan results (7 BSSes)
07-10 01:50:50.843   288   288 D wpa_supplicant: WPS: Building WPS IE for Probe Request
07-10 01:50:50.843   288   288 D wpa_supplicant: WPS:  * Version (hardcoded 0x10)
07-10 01:50:50.843   288   288 D wpa_supplicant: WPS:  * Request Type
07-10 01:50:50.843   288   288 D wpa_supplicant: WPS:  * Config Methods (2388)
07-10 01:50:50.843   288   288 D wpa_supplicant: WPS:  * UUID-E
07-10 01:50:50.843   288   288 D wpa_supplicant: WPS:  * Primary Device Type
07-10 01:50:50.843   288   288 D wpa_supplicant: WPS:  * RF Bands (3)
07-10 01:50:50.843   288   288 D wpa_supplicant: WPS:  * Association State
07-10 01:50:50.843   288   288 D wpa_supplicant: WPS:  * Configuration Error (0)
07-10 01:50:50.843   288   288 D wpa_supplicant: WPS:  * Device Password ID (0)
07-10 01:50:50.843   288   288 D wpa_supplicant: WPS:  * Manufacturer
07-10 01:50:50.843   288   288 D wpa_supplicant: WPS:  * Model Name
07-10 01:50:50.843   288   288 D wpa_supplicant: WPS:  * Model Number
07-10 01:50:50.851   288   288 D wpa_supplicant: WPS:  * Device Name
07-10 01:50:50.851   288   288 D wpa_supplicant: WPS:  * Version2 (0x20)
07-10 01:50:50.851   288   288 D wpa_supplicant: wpa_driver_wext_combo_scan: Start
07-10 01:50:50.851   288   288 D wpa_supplicant: For Scan: (null)
07-10 01:50:50.906   288   288 D wpa_supplicant: Scan requested (ret=0) - scan timeout 30 seconds
07-10 01:50:51.394   288   288 D wpa_supplicant: RTM_NEWLINK: operstate=0 ifi_flags=0x11003 ([UP][LOWER_UP])
07-10 01:50:51.394   288   288 D wpa_supplicant: RTM_NEWLINK, IFLA_IFNAME: Interface 'wlan0' added
07-10 01:50:51.394   288   288 D wpa_supplicant: Wireless event: cmd=0x8b19 len=8
07-10 01:50:51.406   288   288 D wpa_supplicant: Received 2536 bytes of scan results (9 BSSes)
07-10 01:51:06.410   288   288 D wpa_supplicant: WPS: Building WPS IE for Probe Request
07-10 01:51:06.410   288   288 D wpa_supplicant: WPS:  * Version (hardcoded 0x10)
07-10 01:51:06.410   288   288 D wpa_supplicant: WPS:  * Request Type
07-10 01:51:06.410   288   288 D wpa_supplicant: WPS:  * Config Methods (2388)
07-10 01:51:06.410   288   288 D wpa_supplicant: WPS:  * UUID-E
07-10 01:51:06.410   288   288 D wpa_supplicant: WPS:  * Primary Device Type
07-10 01:51:06.410   288   288 D wpa_supplicant: WPS:  * RF Bands (3)
07-10 01:51:06.410   288   288 D wpa_supplicant: WPS:  * Association State
07-10 01:51:06.410   288   288 D wpa_supplicant: WPS:  * Configuration Error (0)
07-10 01:51:06.410   288   288 D wpa_supplicant: WPS:  * Device Password ID (0)
07-10 01:51:06.410   288   288 D wpa_supplicant: WPS:  * Manufacturer
07-10 01:51:06.410   288   288 D wpa_supplicant: WPS:  * Model Name
07-10 01:51:06.410   288   288 D wpa_supplicant: WPS:  * Model Number
07-10 01:51:06.410   288   288 D wpa_supplicant: WPS:  * Device Name
07-10 01:51:06.410   288   288 D wpa_supplicant: WPS:  * Version2 (0x20)
07-10 01:51:06.410   288   288 D wpa_supplicant: wpa_driver_wext_combo_scan: Start
07-10 01:51:06.410   288   288 D wpa_supplicant: For Scan: (null)
07-10 01:51:06.472   288   288 D wpa_supplicant: Scan requested (ret=0) - scan timeout 30 seconds
07-10 01:51:06.961   288   288 D wpa_supplicant: RTM_NEWLINK: operstate=0 ifi_flags=0x11003 ([UP][LOWER_UP])
07-10 01:51:06.961   288   288 D wpa_supplicant: RTM_NEWLINK, IFLA_IFNAME: Interface 'wlan0' added
07-10 01:51:06.961   288   288 D wpa_supplicant: Wireless event: cmd=0x8b19 len=8
07-10 01:51:06.961   288   288 D wpa_supplicant: Received 2095 bytes of scan results (7 BSSes)
07-10 01:51:21.976   288   288 D wpa_supplicant: WPS: Building WPS IE for Probe Request
07-10 01:51:21.980   288   288 D wpa_supplicant: WPS:  * Version (hardcoded 0x10)
07-10 01:51:21.980   288   288 D wpa_supplicant: WPS:  * Request Type
07-10 01:51:21.980   288   288 D wpa_supplicant: WPS:  * Config Methods (2388)
07-10 01:51:21.980   288   288 D wpa_supplicant: WPS:  * UUID-E
07-10 01:51:21.980   288   288 D wpa_supplicant: WPS:  * Primary Device Type
07-10 01:51:21.980   288   288 D wpa_supplicant: WPS:  * RF Bands (3)
07-10 01:51:21.980   288   288 D wpa_supplicant: WPS:  * Association State
07-10 01:51:21.980   288   288 D wpa_supplicant: WPS:  * Configuration Error (0)
07-10 01:51:21.980   288   288 D wpa_supplicant: WPS:  * Device Password ID (0)
07-10 01:51:21.980   288   288 D wpa_supplicant: WPS:  * Manufacturer
07-10 01:51:21.980   288   288 D wpa_supplicant: WPS:  * Model Name
07-10 01:51:21.980   288   288 D wpa_supplicant: WPS:  * Model Number
07-10 01:51:21.980   288   288 D wpa_supplicant: WPS:  * Device Name
07-10 01:51:21.980   288   288 D wpa_supplicant: WPS:  * Version2 (0x20)
07-10 01:51:21.980   288   288 D wpa_supplicant: wpa_driver_wext_combo_scan: Start
07-10 01:51:21.980   288   288 D wpa_supplicant: For Scan: (null)
07-10 01:51:22.039   288   288 D wpa_supplicant: Scan requested (ret=0) - scan timeout 30 seconds
07-10 01:51:22.531   288   288 D wpa_supplicant: RTM_NEWLINK: operstate=0 ifi_flags=0x11003 ([UP][LOWER_UP])
07-10 01:51:22.531   288   288 D wpa_supplicant: RTM_NEWLINK, IFLA_IFNAME: Interface 'wlan0' added
07-10 01:51:22.531   288   288 D wpa_supplicant: Wireless event: cmd=0x8b19 len=8
07-10 01:51:22.531   288   288 D wpa_supplicant: Received 2402 bytes of scan results (8 BSSes)
07-10 01:51:37.546   288   288 D wpa_supplicant: WPS: Building WPS IE for Probe Request
07-10 01:51:37.546   288   288 D wpa_supplicant: WPS:  * Version (hardcoded 0x10)
