07-14 00:02:43.312  2683  3875 I LocatorService: lbs-onHandleIntent -- passive repeat
07-14 00:02:43.312  2683  3875 W LocationUtil: lbs-requestPassiveUpdates start
07-14 00:03:22.109 22770 24528 I EventLogService: Aggregate from 1342236801540 (log), 1342236801540 (data)
07-14 00:03:28.289 22770 22791 D WifiLocator: Too many no-location APs. Will not compute a location nor go to the server. hasLocation=0 noLocation=0 cacheMiss=0
07-14 00:04:12.117  2683  3876 I LocatorService: lbs-onHandleIntent ------ accuracy bad, skip
07-14 00:04:12.117  2683  3876 I LocatorService: lbs-onHandleIntent -- passive repeat
07-14 00:04:12.117  2683  3876 W LocationUtil: lbs-requestPassiveUpdates start
07-14 00:04:13.343 22770 22791 D WifiLocator: Too many no-location APs. Will not compute a location nor go to the server. hasLocation=0 noLocation=0 cacheMiss=0
07-14 00:04:17.203  2683  3877 I LocatorService: lbs-onHandleIntent ------ accuracy bad, skip
07-14 00:04:17.203  2683  3877 I LocatorService: lbs-onHandleIntent -- passive repeat
07-14 00:04:17.203  2683  3877 W LocationUtil: lbs-requestPassiveUpdates start
07-14 00:04:49.062 22770 22772 D dalvikvm: GC_CONCURRENT freed 381K, 6% free 10476K/11143K, paused 2ms+3ms
07-14 00:04:49.332   347   350 D dalvikvm: GC_CONCURRENT freed 384K, 7% free 9502K/10183K, paused 33ms+2ms
07-14 00:04:57.914  1840  1840 I PhoneLab-Locks: wake lock acquired
07-14 00:04:57.918  1840  1840 I PhoneLab-StatusMonitor: Status Monitoring is started
07-14 00:04:57.957  1840  1843 D dalvikvm: GC_CONCURRENT freed 979K, 18% free 9245K/11143K, paused 2ms+2ms
07-14 00:04:57.980  1840  1840 I PhoneLab-StatusMonitor: Value: 10 - unit: min
07-14 00:04:57.980  1840  1840 I PhoneLab-StatusMonitor: Running interval: 600000
07-14 00:04:58.074   140   983 D dalvikvm: GC_EXPLICIT freed 1104K, 22% free 17570K/22407K, paused 4ms+10ms
07-14 00:04:58.082  1840  1840 I PhoneLab-StatusMonitor: Rescheduling status monitoring...
07-14 00:04:58.082  1840  1840 I PhoneLab-Locks: wake lock released
07-14 00:04:58.089  1840  1840 I PhoneLab-StatusMonitorLocation: Learning Location
07-14 00:04:58.089  1840  1840 I PhoneLab-Locks: wake lock acquired
07-14 00:04:58.089  1840  1840 I PhoneLab-Locks: wake lock acquired
07-14 00:04:58.093  1840  1840 I PhoneLab-StatusMonitorLocation: Learning Signal Strgth
07-14 00:04:58.097  1840  1840 I PhoneLab-Locks: wake lock acquired
07-14 00:04:58.097 22770 23068 D androidNetworkLocationListeners: Still have listener com.google.android.location.internal.client.NetworkLocationClient$1@4132f748
07-14 00:04:58.105 22770 23068 D androidNetworkLocationListeners: Still have listener com.google.android.location.internal.client.NetworkLocationClient$1@4132f748
07-14 00:04:58.105  1840  1840 I PhoneLab-StatusMonitorBattery: Battery_level: 14
07-14 00:04:58.109 22770 22791 D WifiLocator: Too many no-location APs. Will not compute a location nor go to the server. hasLocation=0 noLocation=0 cacheMiss=0
07-14 00:04:58.109  1840  1840 I PhoneLab-Locks: wake lock released
07-14 00:04:58.113  1840  1840 I PhoneLab-StatusMonitorSignal: Signal_Strength: -76 asu: 19
07-14 00:04:58.113  1840  1840 I PhoneLab-Locks: wake lock released
07-14 00:04:58.195  1840  1840 I PhoneLab-StatusMonitorLocation: Location_Latitude: 43.1282773 Longitude: -77.4339799 Accuracy: 2100.0
07-14 00:04:58.195 22770 23068 D androidNetworkLocationListeners: Still have listener com.google.android.location.internal.client.NetworkLocationClient$1@4132f748
07-14 00:04:58.195  1840  1840 I PhoneLab-Locks: wake lock released
07-14 00:04:58.285 22770 22791 D WifiLocator: Too many no-location APs. Will not compute a location nor go to the server. hasLocation=0 noLocation=0 cacheMiss=0
07-14 00:04:58.296  2683  3882 I LocatorService: lbs-onHandleIntent ------ accuracy bad, skip
07-14 00:04:58.296  2683  3882 I LocatorService: lbs-onHandleIntent -- passive repeat
07-14 00:04:58.296  2683  3882 W LocationUtil: lbs-requestPassiveUpdates start
07-14 00:04:58.316  2683  3883 I LocatorService: lbs-onHandleIntent ------ accuracy bad, skip
07-14 00:04:58.316  2683  3883 I LocatorService: lbs-onHandleIntent -- passive repeat
07-14 00:04:58.316  2683  3883 W LocationUtil: lbs-requestPassiveUpdates start
07-14 00:05:43.328 22770 22791 D WifiLocator: Too many no-location APs. Will not compute a location nor go to the server. hasLocation=0 noLocation=0 cacheMiss=0
07-14 00:06:27.109  2683  3884 I LocatorService: lbs-onHandleIntent ------ accuracy bad, skip
07-14 00:06:27.109  2683  3884 I LocatorService: lbs-onHandleIntent -- passive repeat
07-14 00:06:27.109  2683  3884 W LocationUtil: lbs-requestPassiveUpdates start
07-14 00:06:28.367 22770 22791 D WifiLocator: Too many no-location APs. Will not compute a location nor go to the server. hasLocation=0 noLocation=0 cacheMiss=0
07-14 00:06:38.058  2683  3885 I LocatorService: lbs-onHandleIntent ------ accuracy bad, skip
07-14 00:06:38.058  2683  3885 I LocatorService: lbs-onHandleIntent -- passive repeat
07-14 00:06:38.058  2683  3885 W LocationUtil: lbs-requestPassiveUpdates start
07-14 00:06:38.753   140   156 V BackupManagerService: Running a backup pass
07-14 00:06:38.753   140   209 V BackupManagerService: clearing pending backups
07-14 00:06:38.757   140   209 V PerformBackupTask: Beginning backup of 1 targets
07-14 00:06:38.871   140   209 D PerformBackupTask: processOneBackup doBackup() on @pm@
07-14 00:06:38.875   140   209 V BackupServiceBinder: doBackup() invoked
07-14 00:06:38.886   140   209 I PerformBackupTask: no backup data written; not calling transport
07-14 00:06:38.886   140   209 D PerformBackupTask: starting agent for backup of BackupRequest{pkg=com.android.providers.settings}
07-14 00:06:38.890   140   156 D SettingsBackupAgent: onCreate() invoked
07-14 00:06:38.890   140   209 V BackupServiceBinder: doBackup() invoked
07-14 00:06:38.890   140   156 V ActivityThread: handleCreateBackupAgent: CreateBackupAgentData{appInfo=ApplicationInfo{4149d998 com.android.providers.settings} backupAgent=com.android.providers.settings.SettingsBackupAgent mode=0}
07-14 00:06:38.890   140   156 V ActivityThread: Initializing agent class com.android.providers.settings.SettingsBackupAgent
07-14 00:06:38.890   140   209 D BackupManagerService: awaiting agent for ApplicationInfo{4149d998 com.android.providers.settings}
07-14 00:06:38.890   140   156 D BackupManagerService: agentConnected pkg=com.android.providers.settings agent=android.app.backup.BackupAgent$BackupServiceBinder@41777198
07-14 00:06:38.890   140   209 D PerformBackupTask: processOneBackup doBackup() on com.android.providers.settings
07-14 00:06:38.921   140   156 V ActivityThread: handleDestroyBackupAgent: CreateBackupAgentData{appInfo=ApplicationInfo{4149d998 com.android.providers.settings} backupAgent=com.android.providers.settings.SettingsBackupAgent mode=0}
07-14 00:06:38.925   140   209 I PerformBackupTask: no backup data written; not calling transport
07-14 00:06:38.925   140   209 I PerformBackupTask: Backup pass finished.
07-14 00:07:13.019  1735  1735 D WeatherGadgetConfigurePreferences: LOC_KEY + 6: null
07-14 00:07:13.297 22770 23068 D androidNetworkLocationListeners: Still have listener com.google.android.location.internal.client.NetworkLocationClient$1@4132f748
07-14 00:07:13.304 22770 23068 D androidNetworkLocationListeners: Still have listener com.google.android.location.internal.client.NetworkLocationClient$1@4132f748
07-14 00:07:13.308 22770 22791 D WifiLocator: Too many no-location APs. Will not compute a location nor go to the server. hasLocation=0 noLocation=0 cacheMiss=0
07-14 00:07:13.339 22770 22791 D WifiLocator: Too many no-location APs. Will not compute a location nor go to the server. hasLocation=0 noLocation=0 cacheMiss=0
07-14 00:07:57.066  2683  3887 I LocatorService: lbs-onHandleIntent ------ accuracy bad, skip
07-14 00:07:57.066  2683  3887 I LocatorService: lbs-onHandleIntent -- passive repeat
07-14 00:07:57.066  2683  3887 W LocationUtil: lbs-requestPassiveUpdates start
07-14 00:07:57.078  2683  3888 I LocatorService: lbs-onHandleIntent ------ accuracy bad, skip
07-14 00:07:57.078  2683  3888 I LocatorService: lbs-onHandleIntent -- passive repeat
07-14 00:07:57.078  2683  3888 W LocationUtil: lbs-requestPassiveUpdates start
07-14 00:07:58.367 22770 22791 D WifiLocator: Too many no-location APs. Will not compute a location nor go to the server. hasLocation=0 noLocation=0 cacheMiss=0
07-14 00:07:58.390  2683  3889 I LocatorService: lbs-onHandleIntent ------ accuracy bad, skip
07-14 00:07:58.390  2683  3889 I LocatorService: lbs-onHandleIntent -- passive repeat
07-14 00:07:58.390  2683  3889 W LocationUtil: lbs-requestPassiveUpdates start
07-14 00:08:43.398 22770 22791 D WifiLocator: Too many no-location APs. Will not compute a location nor go to the server. hasLocation=0 noLocation=0 cacheMiss=0
07-14 00:09:27.125  2683  3890 I LocatorService: lbs-onHandleIntent ------ accuracy bad, skip
07-14 00:09:27.125  2683  3890 I LocatorService: lbs-onHandleIntent -- passive repeat
07-14 00:09:27.125  2683  3890 W LocationUtil: lbs-requestPassiveUpdates start
07-14 00:09:28.433 22770 22791 D WifiLocator: Too many no-location APs. Will not compute a location nor go to the server. hasLocation=0 noLocation=0 cacheMiss=0
07-14 00:10:13.316   211   213 D dalvikvm: GC_CONCURRENT freed 331K, 58% free 10588K/24711K, paused 9ms+6ms
07-14 00:10:13.336  2683  3891 I LocatorService: lbs-onHandleIntent ------ accuracy bad, skip
07-14 00:10:13.336  2683  3891 I LocatorService: lbs-onHandleIntent -- passive repeat
07-14 00:10:13.336  2683  3891 W LocationUtil: lbs-requestPassiveUpdates start
07-14 00:10:13.449 22770 22791 D WifiLocator: Too many no-location APs. Will not compute a location nor go to the server. hasLocation=0 noLocation=0 cacheMiss=0
07-14 00:10:58.062  2683  3892 I LocatorService: lbs-onHandleIntent ------ accuracy bad, skip
07-14 00:10:58.062  2683  3892 I LocatorService: lbs-onHandleIntent -- passive repeat
07-14 00:10:58.062  2683  3892 W LocationUtil: lbs-requestPassiveUpdates start
07-14 00:10:58.484 22770 22791 D WifiLocator: Too many no-location APs. Will not compute a location nor go to the server. hasLocation=0 noLocation=0 cacheMiss=0
07-14 00:10:58.507  2683  3893 I LocatorService: lbs-onHandleIntent ------ accuracy bad, skip
07-14 00:10:58.507  2683  3893 I LocatorService: lbs-onHandleIntent -- passive repeat
07-14 00:10:58.507  2683  3893 W LocationUtil: lbs-requestPassiveUpdates start
07-14 00:11:43.519 22770 22791 D WifiLocator: Too many no-location APs. Will not compute a location nor go to the server. hasLocation=0 noLocation=0 cacheMiss=0
07-14 00:11:43.539  2683  3894 I LocatorService: lbs-onHandleIntent ------ accuracy bad, skip
07-14 00:11:43.539  2683  3894 I LocatorService: lbs-onHandleIntent -- passive repeat
07-14 00:11:43.539  2683  3894 W LocationUtil: lbs-requestPassiveUpdates start
07-14 00:12:28.019  1735  1735 D WeatherGadgetConfigurePreferences: LOC_KEY + 6: null
07-14 00:12:28.117 22770 23068 D androidNetworkLocationListeners: Still have listener com.google.android.location.internal.client.NetworkLocationClient$1@4132f748
07-14 00:12:28.129 22770 22791 D WifiLocator: Too many no-location APs. Will not compute a location nor go to the server. hasLocation=0 noLocation=0 cacheMiss=0
07-14 00:12:28.129 22770 23068 D androidNetworkLocationListeners: Still have listener com.google.android.location.internal.client.NetworkLocationClient$1@4132f748
07-14 00:12:28.136 22770 22791 D WifiLocator: Too many no-location APs. Will not compute a location nor go to the server. hasLocation=0 noLocation=0 cacheMiss=0
07-14 00:12:28.156  2683  3896 I LocatorService: lbs-onHandleIntent ------ accuracy bad, skip
07-14 00:12:28.156  2683  3896 I LocatorService: lbs-onHandleIntent -- passive repeat
07-14 00:12:28.156  2683  3896 W LocationUtil: lbs-requestPassiveUpdates start
07-14 00:12:28.175  2683  3897 I LocatorService: lbs-onHandleIntent ------ accuracy bad, skip
07-14 00:12:28.175  2683  3897 I LocatorService: lbs-onHandleIntent -- passive repeat
07-14 00:12:28.175  2683  3897 W LocationUtil: lbs-requestPassiveUpdates start
07-14 00:13:13.363 22770 22791 D WifiLocator: Too many no-location APs. Will not compute a location nor go to the server. hasLocation=0 noLocation=0 cacheMiss=0
07-14 00:13:42.054  2683  3898 I LocatorService: lbs-onHandleIntent ------ accuracy bad, skip
07-14 00:13:42.054  2683  3898 I LocatorService: lbs-onHandleIntent -- passive repeat
07-14 00:13:42.054  2683  3898 W LocationUtil: lbs-requestPassiveUpdates start
07-14 00:13:58.414 22770 22791 D WifiLocator: Too many no-location APs. Will not compute a location nor go to the server. hasLocation=0 noLocation=0 cacheMiss=0
07-14 00:13:58.437  2683  3900 I LocatorService: lbs-onHandleIntent ------ accuracy bad, skip
07-14 00:13:58.437  2683  3900 I LocatorService: lbs-onHandleIntent -- passive repeat
07-14 00:13:58.437  2683  3900 W LocationUtil: lbs-requestPassiveUpdates start
07-14 00:14:43.277  1840  1894 I PhoneLab-: Service Running
07-14 00:14:43.324  1840  1894 I PhoneLab-LoggerService: app_38    1541  1     1432   992   c00f181c 400107b4 S logcat
07-14 00:14:43.324  1840  1894 I PhoneLab-LoggerService: Logcat pid from database 1541
07-14 00:14:43.324  1840  1894 I PhoneLab-LoggerService: Logcat process found 1541
07-14 00:14:43.324  1840  1894 I PhoneLab-LoggerService: Checking Threshold
07-14 00:14:43.324  1840  1894 I PhoneLab-: Service Running
07-14 00:14:43.343  1840  1843 D dalvikvm: GC_CONCURRENT freed 437K, 18% free 9209K/11143K, paused 2ms+2ms
07-14 00:14:43.386  1840  1894 I PhoneLab-LoggerService: app_38    1541  1     1432   992   c00f181c 400107b4 S logcat
07-14 00:14:43.386  1840  1894 I PhoneLab-LoggerService: Logcat pid from database 1541
07-14 00:14:43.386  1840  1894 I PhoneLab-LoggerService: Logcat process found 1541
07-14 00:14:43.386  1840  1894 I PhoneLab-LoggerService: Checking Threshold
07-14 00:14:43.386  1840  1894 I PhoneLab-: Service Running
07-14 00:14:43.422 22770 22791 D WifiLocator: Too many no-location APs. Will not compute a location nor go to the server. hasLocation=0 noLocation=0 cacheMiss=0
07-14 00:14:43.461  1840  1894 I PhoneLab-LoggerService: app_38    1541  1     1432   992   c00f181c 400107b4 S logcat
07-14 00:14:43.461  1840  1894 I PhoneLab-LoggerService: Logcat pid from database 1541
07-14 00:14:43.461  1840  1894 I PhoneLab-LoggerService: Logcat process found 1541
07-14 00:14:43.461  1840  1894 I PhoneLab-LoggerService: Checking Threshold
07-14 00:14:43.461  1840  1894 I PhoneLab-: Service Running
07-14 00:14:43.484  2683  3905 I LocatorService: lbs-onHandleIntent ------ accuracy bad, skip
07-14 00:14:43.484  2683  3905 I LocatorService: lbs-onHandleIntent -- passive repeat
07-14 00:14:43.484  2683  3905 W LocationUtil: lbs-requestPassiveUpdates start
07-14 00:14:43.496  1840  1894 I PhoneLab-LoggerService: app_38    1541  1     1432   992   c00f181c 400107b4 S logcat
07-14 00:14:43.496  1840  1894 I PhoneLab-LoggerService: Logcat pid from database 1541
07-14 00:14:43.500  1840  1894 I PhoneLab-LoggerService: Logcat process found 1541
07-14 00:14:43.500  1840  1894 I PhoneLab-LoggerService: Checking Threshold
07-14 00:14:43.500  1840  1894 I PhoneLab-: Service Running
07-14 00:14:43.523  1840  1894 I PhoneLab-LoggerService: app_38    1541  1     1432   992   c00f181c 400107b4 S logcat
07-14 00:14:43.527  1840  1894 I PhoneLab-LoggerService: Logcat pid from database 1541
07-14 00:14:43.527  1840  1894 I PhoneLab-LoggerService: Logcat process found 1541
07-14 00:14:43.527  1840  1894 I PhoneLab-LoggerService: Checking Threshold
07-14 00:14:43.527  1840  1894 I PhoneLab-: Service Running
07-14 00:14:43.554  1840  1894 I PhoneLab-LoggerService: app_38    1541  1     1432   992   c00f181c 400107b4 S logcat
07-14 00:14:43.554  1840  1894 I PhoneLab-LoggerService: Logcat pid from database 1541
07-14 00:14:43.554  1840  1894 I PhoneLab-LoggerService: Logcat process found 1541
07-14 00:14:43.554  1840  1894 I PhoneLab-LoggerService: Checking Threshold
07-14 00:14:43.554  1840  1894 I PhoneLab-: Service Running
07-14 00:14:43.582  1840  1894 I PhoneLab-LoggerService: app_38    1541  1     1432   992   c00f181c 400107b4 S logcat
07-14 00:14:43.582  1840  1894 I PhoneLab-LoggerService: Logcat pid from database 1541
07-14 00:14:43.582  1840  1894 I PhoneLab-LoggerService: Logcat process found 1541
07-14 00:14:43.582  1840  1894 I PhoneLab-LoggerService: Checking Threshold
07-14 00:14:43.582  1840  1894 I PhoneLab-: Service Running
07-14 00:14:43.609  1840  1894 I PhoneLab-LoggerService: app_38    1541  1     1432   992   c00f181c 400107b4 S logcat
07-14 00:14:43.609  1840  1894 I PhoneLab-LoggerService: Logcat pid from database 1541
07-14 00:14:43.609  1840  1894 I PhoneLab-LoggerService: Logcat process found 1541
07-14 00:14:43.609  1840  1894 I PhoneLab-LoggerService: Checking Threshold
07-14 00:14:43.609  1840  1894 I PhoneLab-: Service Running
07-14 00:14:43.648  1840  1894 I PhoneLab-LoggerService: app_38    1541  1     1432   992   c00f181c 400107b4 S logcat
07-14 00:14:43.652  1840  1894 I PhoneLab-LoggerService: Logcat pid from database 1541
07-14 00:14:43.652  1840  1894 I PhoneLab-LoggerService: Logcat process found 1541
07-14 00:14:43.652  1840  1894 I PhoneLab-LoggerService: Checking Threshold
07-14 00:14:43.652  1840  1894 I PhoneLab-: Service Running
07-14 00:14:43.668  1840  1843 D dalvikvm: GC_CONCURRENT freed 403K, 18% free 9213K/11143K, paused 2ms+2ms
07-14 00:14:43.691  1840  1894 I PhoneLab-LoggerService: app_38    1541  1     1432   992   c00f181c 400107b4 S logcat
07-14 00:14:43.691  1840  1894 I PhoneLab-LoggerService: Logcat pid from database 1541
07-14 00:14:43.691  1840  1894 I PhoneLab-LoggerService: Logcat process found 1541
07-14 00:14:43.691  1840  1894 I PhoneLab-LoggerService: Checking Threshold
07-14 00:14:43.695  1840  1894 I PhoneLab-: Service Running
07-14 00:14:43.718  1840  1894 I PhoneLab-LoggerService: app_38    1541  1     1432   992   c00f181c 400107b4 S logcat
07-14 00:14:43.718  1840  1894 I PhoneLab-LoggerService: Logcat pid from database 1541
07-14 00:14:43.722  1840  1894 I PhoneLab-LoggerService: Logcat process found 1541
07-14 00:14:43.722  1840  1894 I PhoneLab-LoggerService: Checking Threshold
07-14 00:14:43.722  1840  1894 I PhoneLab-: Service Running
07-14 00:14:43.769  1840  1894 I PhoneLab-LoggerService: app_38    1541  1     1432   992   c00f181c 400107b4 S logcat
07-14 00:14:43.769  1840  1894 I PhoneLab-LoggerService: Logcat pid from database 1541
07-14 00:14:43.769  1840  1894 I PhoneLab-LoggerService: Logcat process found 1541
07-14 00:14:43.769  1840  1894 I PhoneLab-LoggerService: Checking Threshold
07-14 00:14:43.769  1840  1894 I PhoneLab-: Service Running
07-14 00:14:43.797  1840  1894 I PhoneLab-LoggerService: app_38    1541  1     1432   992   c00f181c 400107b4 S logcat
07-14 00:14:43.797  1840  1894 I PhoneLab-LoggerService: Logcat pid from database 1541
07-14 00:14:43.797  1840  1894 I PhoneLab-LoggerService: Logcat process found 1541
07-14 00:14:43.797  1840  1894 I PhoneLab-LoggerService: Checking Threshold
07-14 00:14:43.797  1840  1894 I PhoneLab-: Service Running
07-14 00:14:43.824  1840  1894 I PhoneLab-LoggerService: app_38    1541  1     1432   992   c00f181c 400107b4 S logcat
07-14 00:14:43.824  1840  1894 I PhoneLab-LoggerService: Logcat pid from database 1541
07-14 00:14:43.824  1840  1894 I PhoneLab-LoggerService: Logcat process found 1541
07-14 00:14:43.824  1840  1894 I PhoneLab-LoggerService: Checking Threshold
07-14 00:14:43.824  1840  1894 I PhoneLab-: Service Running
07-14 00:14:43.851  1840  1894 I PhoneLab-LoggerService: app_38    1541  1     1432   992   c00f181c 400107b4 S logcat
07-14 00:14:43.851  1840  1894 I PhoneLab-LoggerService: Logcat pid from database 1541
07-14 00:14:43.851  1840  1894 I PhoneLab-LoggerService: Logcat process found 1541
07-14 00:14:43.851  1840  1894 I PhoneLab-LoggerService: Checking Threshold
07-14 00:14:43.851  1840  1894 I PhoneLab-: Service Running
07-14 00:14:43.879  1840  1894 I PhoneLab-LoggerService: app_38    1541  1     1432   992   c00f181c 400107b4 S logcat
07-14 00:14:43.879  1840  1894 I PhoneLab-LoggerService: Logcat pid from database 1541
07-14 00:14:43.879  1840  1894 I PhoneLab-LoggerService: Logcat process found 1541
07-14 00:14:43.879  1840  1894 I PhoneLab-LoggerService: Checking Threshold
07-14 00:14:43.882  1840  1894 I PhoneLab-: Service Running
07-14 00:14:43.922  1840  1843 D dalvikvm: GC_CONCURRENT freed 386K, 18% free 9211K/11143K, paused 2ms+6ms
07-14 00:14:43.925  1840  1894 I PhoneLab-LoggerService: app_38    1541  1     1432   992   c00f181c 400107b4 S logcat
07-14 00:14:43.925  1840  1894 I PhoneLab-LoggerService: Logcat pid from database 1541
07-14 00:14:43.925  1840  1894 I PhoneLab-LoggerService: Logcat process found 1541
07-14 00:14:43.925  1840  1894 I PhoneLab-LoggerService: Checking Threshold
07-14 00:14:58.105  1840  1840 I PhoneLab-Locks: wake lock acquired
07-14 00:14:58.132  1840  1840 I PhoneLab-StatusMonitor: Status Monitoring is started
07-14 00:14:58.195  1840  1843 D dalvikvm: GC_CONCURRENT freed 386K, 17% free 9324K/11143K, paused 2ms+5ms
07-14 00:14:58.199  1840  1840 I PhoneLab-StatusMonitor: Value: 10 - unit: min
07-14 00:14:58.199  1840  1840 I PhoneLab-StatusMonitor: Running interval: 600000
07-14 00:14:58.207  1840  1840 I PhoneLab-StatusMonitor: Rescheduling status monitoring...
07-14 00:14:58.207  1840  1840 I PhoneLab-Locks: wake lock released
07-14 00:14:58.214  1840  1840 I PhoneLab-StatusMonitorLocation: Learning Location
07-14 00:14:58.214  1840  1840 I PhoneLab-Locks: wake lock acquired
07-14 00:14:58.250  1840  1840 I PhoneLab-Locks: wake lock acquired
07-14 00:14:58.254  1840  1840 I PhoneLab-StatusMonitorLocation: Learning Signal Strgth
07-14 00:14:58.254  1840  1840 I PhoneLab-Locks: wake lock acquired
07-14 00:14:58.261 22770 23068 D androidNetworkLocationListeners: Still have listener com.google.android.location.internal.client.NetworkLocationClient$1@4132f748
07-14 00:14:58.269 22770 22791 D WifiLocator: Too many no-location APs. Will not compute a location nor go to the server. hasLocation=0 noLocation=0 cacheMiss=0
07-14 00:14:58.273 22770 23068 D androidNetworkLocationListeners: Still have listener com.google.android.location.internal.client.NetworkLocationClient$1@4132f748
07-14 00:14:58.273  1840  1840 I PhoneLab-StatusMonitorBattery: Battery_level: 13
07-14 00:14:58.277  1840  1840 I PhoneLab-Locks: wake lock released
07-14 00:14:58.277  1840  1840 I PhoneLab-StatusMonitorSignal: Signal_Strength: -76 asu: 19
07-14 00:14:58.281  1840  1840 I PhoneLab-Locks: wake lock released
07-14 00:14:58.289 22770 22791 D WifiLocator: Too many no-location APs. Will not compute a location nor go to the server. hasLocation=0 noLocation=0 cacheMiss=0
07-14 00:14:58.300  1840  1840 I PhoneLab-StatusMonitorLocation: Location_Latitude: 43.1282773 Longitude: -77.4339799 Accuracy: 2100.0
07-14 00:14:58.300 22770 23068 D androidNetworkLocationListeners: Still have listener com.google.android.location.internal.client.NetworkLocationClient$1@4132f748
07-14 00:14:58.304  1840  1840 I PhoneLab-Locks: wake lock released
07-14 00:14:58.308 22770 22791 D WifiLocator: Too many no-location APs. Will not compute a location nor go to the server. hasLocation=0 noLocation=0 cacheMiss=0
07-14 00:14:58.328  2683  3922 I LocatorService: lbs-onHandleIntent ------ accuracy bad, skip
07-14 00:14:58.328  2683  3922 I LocatorService: lbs-onHandleIntent -- passive repeat
07-14 00:14:58.328  2683  3922 W LocationUtil: lbs-requestPassiveUpdates start
07-14 00:14:58.347  2683  3923 I LocatorService: lbs-onHandleIntent ------ accuracy bad, skip
07-14 00:14:58.347  2683  3923 I LocatorService: lbs-onHandleIntent -- passive repeat
07-14 00:14:58.347  2683  3923 W LocationUtil: lbs-requestPassiveUpdates start
07-14 00:14:58.355  2683  3924 I LocatorService: lbs-onHandleIntent ------ accuracy bad, skip
07-14 00:14:58.355  2683  3924 I LocatorService: lbs-onHandleIntent -- passive repeat
07-14 00:14:58.355  2683  3924 W LocationUtil: lbs-requestPassiveUpdates start
07-14 00:15:43.379 22770 22791 D WifiLocator: Too many no-location APs. Will not compute a location nor go to the server. hasLocation=0 noLocation=0 cacheMiss=0
07-14 00:15:43.398  2683  3925 I LocatorService: lbs-onHandleIntent ------ accuracy bad, skip
07-14 00:15:43.398  2683  3925 I LocatorService: lbs-onHandleIntent -- passive repeat
07-14 00:15:43.398  2683  3925 W LocationUtil: lbs-requestPassiveUpdates start
07-14 00:16:28.398 22770 22791 D WifiLocator: Too many no-location APs. Will not compute a location nor go to the server. hasLocation=0 noLocation=0 cacheMiss=0
07-14 00:16:33.207  1735  1738 D dalvikvm: GC_CONCURRENT freed 390K, 7% free 9671K/10375K, paused 3ms+3ms
07-14 00:16:33.222  2683  3926 I LocatorService: lbs-onHandleIntent ------ accuracy bad, skip
07-14 00:16:33.222  2683  3926 I LocatorService: lbs-onHandleIntent -- passive repeat
07-14 00:16:33.222  2683  3926 W LocationUtil: lbs-requestPassiveUpdates start
07-14 00:16:59.019  1735  1735 D WeatherGadgetConfigurePreferences: LOC_KEY + 6: null
07-14 00:16:59.218 22770 23068 D androidNetworkLocationListeners: Still have listener com.google.android.location.internal.client.NetworkLocationClient$1@4132f748
07-14 00:16:59.226 22770 23068 D androidNetworkLocationListeners: Still have listener com.google.android.location.internal.client.NetworkLocationClient$1@4132f748
07-14 00:16:59.230 22770 22791 D WifiLocator: Too many no-location APs. Will not compute a location nor go to the server. hasLocation=0 noLocation=0 cacheMiss=0
07-14 00:16:59.242 22770 22791 D WifiLocator: Too many no-location APs. Will not compute a location nor go to the server. hasLocation=0 noLocation=0 cacheMiss=0
07-14 00:16:59.269  2683  3929 I LocatorService: lbs-onHandleIntent ------ accuracy bad, skip
07-14 00:16:59.269  2683  3929 I LocatorService: lbs-onHandleIntent -- passive repeat
07-14 00:16:59.269  2683  3929 W LocationUtil: lbs-requestPassiveUpdates start
07-14 00:16:59.281  2683  3930 I LocatorService: lbs-onHandleIntent ------ accuracy bad, skip
07-14 00:16:59.281  2683  3930 I LocatorService: lbs-onHandleIntent -- passive repeat
07-14 00:16:59.281  2683  3930 W LocationUtil: lbs-requestPassiveUpdates start
07-14 00:16:59.339  1840  1894 I PhoneLab-: Service Running
07-14 00:16:59.406  1840  1894 I PhoneLab-LoggerService: app_38    1541  1     1432   992   c00f181c 400107b4 S logcat
07-14 00:16:59.406  1840  1894 I PhoneLab-LoggerService: Logcat pid from database 1541
07-14 00:16:59.406  1840  1894 I PhoneLab-LoggerService: Logcat process found 1541
07-14 00:16:59.406  1840  1894 I PhoneLab-LoggerService: Checking Threshold
07-14 00:16:59.406  1840  1894 I PhoneLab-: Service Running
07-14 00:16:59.433  1840  1894 I PhoneLab-LoggerService: app_38    1541  1     1432   992   c00f181c 400107b4 S logcat
07-14 00:16:59.433  1840  1894 I PhoneLab-LoggerService: Logcat pid from database 1541
07-14 00:16:59.433  1840  1894 I PhoneLab-LoggerService: Logcat process found 1541
07-14 00:16:59.433  1840  1894 I PhoneLab-LoggerService: Checking Threshold
07-14 00:16:59.789   140   142 D dalvikvm: GC_CONCURRENT freed 1974K, 22% free 17644K/22407K, paused 3ms+9ms
07-14 00:17:44.285 22770 22791 D WifiLocator: Too many no-location APs. Will not compute a location nor go to the server. hasLocation=0 noLocation=0 cacheMiss=0
07-14 00:17:44.320  2683  3936 I LocatorService: lbs-onHandleIntent ------ accuracy bad, skip
07-14 00:17:44.320  2683  3936 I LocatorService: lbs-onHandleIntent -- passive repeat
07-14 00:17:44.320  2683  3936 W LocationUtil: lbs-requestPassiveUpdates start
07-14 00:18:29.336 22770 22791 D WifiLocator: Too many no-location APs. Will not compute a location nor go to the server. hasLocation=0 noLocation=0 cacheMiss=0
07-14 00:19:04.144  2683  3937 I LocatorService: lbs-onHandleIntent ------ accuracy bad, skip
07-14 00:19:04.144  2683  3937 I LocatorService: lbs-onHandleIntent -- passive repeat
07-14 00:19:04.144  2683  3937 W LocationUtil: lbs-requestPassiveUpdates start
07-14 00:19:14.351 22770 22791 D WifiLocator: Too many no-location APs. Will not compute a location nor go to the server. hasLocation=0 noLocation=0 cacheMiss=0
07-14 00:19:14.394  2683  3938 I LocatorService: lbs-onHandleIntent ------ accuracy bad, skip
07-14 00:19:14.394  2683  3938 I LocatorService: lbs-onHandleIntent -- passive repeat
07-14 00:19:14.394  2683  3938 W LocationUtil: lbs-requestPassiveUpdates start
07-14 00:19:59.394 22770 22791 D WifiLocator: Too many no-location APs. Will not compute a location nor go to the server. hasLocation=0 noLocation=0 cacheMiss=0
07-14 00:19:59.429  2683  3939 I LocatorService: lbs-onHandleIntent ------ accuracy bad, skip
07-14 00:19:59.429  2683  3939 I LocatorService: lbs-onHandleIntent -- passive repeat
07-14 00:19:59.429  2683  3939 W LocationUtil: lbs-requestPassiveUpdates start
07-14 00:20:44.449 22770 22791 D WifiLocator: Too many no-location APs. Will not compute a location nor go to the server. hasLocation=0 noLocation=0 cacheMiss=0
07-14 00:21:10.140  2683  3940 I LocatorService: lbs-onHandleIntent ------ accuracy bad, skip
07-14 00:21:10.140  2683  3940 I LocatorService: lbs-onHandleIntent -- passive repeat
07-14 00:21:10.140  2683  3940 W LocationUtil: lbs-requestPassiveUpdates start
07-14 00:21:29.472 22770 22791 D WifiLocator: Too many no-location APs. Will not compute a location nor go to the server. hasLocation=0 noLocation=0 cacheMiss=0
07-14 00:22:14.027  1735  1735 D WeatherGadgetConfigurePreferences: LOC_KEY + 6: null
07-14 00:22:14.101 22770 23068 D androidNetworkLocationListeners: Still have listener com.google.android.location.internal.client.NetworkLocationClient$1@4132f748
07-14 00:22:14.113 22770 22791 D WifiLocator: Too many no-location APs. Will not compute a location nor go to the server. hasLocation=0 noLocation=0 cacheMiss=0
07-14 00:22:14.136 22770 23068 D androidNetworkLocationListeners: Still have listener com.google.android.location.internal.client.NetworkLocationClient$1@4132f748
07-14 00:22:14.144 22770 22791 D WifiLocator: Too many no-location APs. Will not compute a location nor go to the server. hasLocation=0 noLocation=0 cacheMiss=0
07-14 00:22:14.172  2683  3942 I LocatorService: lbs-onHandleIntent ------ accuracy bad, skip
07-14 00:22:14.172  2683  3942 I LocatorService: lbs-onHandleIntent -- passive repeat
07-14 00:22:14.172  2683  3942 W LocationUtil: lbs-requestPassiveUpdates start
07-14 00:22:14.187  2683  3943 I LocatorService: lbs-onHandleIntent ------ accuracy bad, skip
07-14 00:22:14.187  2683  3943 I LocatorService: lbs-onHandleIntent -- passive repeat
07-14 00:22:14.187  2683  3943 W LocationUtil: lbs-requestPassiveUpdates start
07-14 00:22:14.199  2683  3944 I LocatorService: lbs-onHandleIntent ------ accuracy bad, skip
07-14 00:22:14.199  2683  3944 I LocatorService: lbs-onHandleIntent -- passive repeat
07-14 00:22:14.199  2683  3944 W LocationUtil: lbs-requestPassiveUpdates start
07-14 00:22:59.273 22770 22791 D WifiLocator: Too many no-location APs. Will not compute a location nor go to the server. hasLocation=0 noLocation=0 cacheMiss=0
07-14 00:23:43.090  2683  3945 I LocatorService: lbs-onHandleIntent ------ accuracy bad, skip
07-14 00:23:43.090  2683  3945 I LocatorService: lbs-onHandleIntent -- passive repeat
07-14 00:23:43.090  2683  3945 W LocationUtil: lbs-requestPassiveUpdates start
07-14 00:23:43.164   211   213 D dalvikvm: GC_CONCURRENT freed 396K, 58% free 10605K/24711K, paused 2ms+8ms
07-14 00:23:44.332 22770 22791 D WifiLocator: Too many no-location APs. Will not compute a location nor go to the server. hasLocation=0 noLocation=0 cacheMiss=0
07-14 00:23:44.351  2683  3946 I LocatorService: lbs-onHandleIntent ------ accuracy bad, skip
07-14 00:23:44.351  2683  3946 I LocatorService: lbs-onHandleIntent -- passive repeat
07-14 00:23:44.351  2683  3946 W LocationUtil: lbs-requestPassiveUpdates start
07-14 00:24:29.308 22770 22791 D WifiLocator: Too many no-location APs. Will not compute a location nor go to the server. hasLocation=0 noLocation=0 cacheMiss=0
07-14 00:24:33.199  2683  3947 I LocatorService: lbs-onHandleIntent ------ accuracy bad, skip
07-14 00:24:33.199  2683  3947 I LocatorService: lbs-onHandleIntent -- passive repeat
07-14 00:24:33.199  2683  3947 W LocationUtil: lbs-requestPassiveUpdates start
07-14 00:24:58.211  1840  1840 I PhoneLab-Locks: wake lock acquired
07-14 00:24:58.214  1840  1840 I PhoneLab-StatusMonitor: Status Monitoring is started
07-14 00:24:58.277  1840  1843 D dalvikvm: GC_CONCURRENT freed 575K, 17% free 9258K/11143K, paused 2ms+2ms
07-14 00:24:58.296  1840  1840 I PhoneLab-StatusMonitor: Value: 10 - unit: min
07-14 00:24:58.296  1840  1840 I PhoneLab-StatusMonitor: Running interval: 600000
07-14 00:24:58.304  1840  1840 I PhoneLab-StatusMonitor: Rescheduling status monitoring...
07-14 00:24:58.308  1840  1840 I PhoneLab-Locks: wake lock released
07-14 00:25:13.015  1840  1840 I PhoneLab-StatusMonitorLocation: Learning Location
07-14 00:25:13.015  1840  1840 I PhoneLab-Locks: wake lock acquired
07-14 00:25:13.035  1840  1840 I PhoneLab-Locks: wake lock acquired
07-14 00:25:13.039  1840  1840 I PhoneLab-StatusMonitorLocation: Learning Signal Strgth
07-14 00:25:13.039  1840  1840 I PhoneLab-Locks: wake lock acquired
07-14 00:25:13.101 22770 23068 D androidNetworkLocationListeners: Still have listener com.google.android.location.internal.client.NetworkLocationClient$1@4132f748
07-14 00:25:13.117 22770 22791 D WifiLocator: Too many no-location APs. Will not compute a location nor go to the server. hasLocation=0 noLocation=0 cacheMiss=0
07-14 00:25:13.117 22770 23068 D androidNetworkLocationListeners: Still have listener com.google.android.location.internal.client.NetworkLocationClient$1@4132f748
07-14 00:25:13.117  1840  1840 I PhoneLab-StatusMonitorBattery: Battery_level: 13
07-14 00:25:13.117  1840  1840 I PhoneLab-Locks: wake lock released
07-14 00:25:13.125  1840  1840 I PhoneLab-StatusMonitorSignal: Signal_Strength: -86 asu: 14
07-14 00:25:13.125  1840  1840 I PhoneLab-Locks: wake lock released
07-14 00:25:13.128 22770 22791 D WifiLocator: Too many no-location APs. Will not compute a location nor go to the server. hasLocation=0 noLocation=0 cacheMiss=0
07-14 00:25:13.144  1840  1840 I PhoneLab-StatusMonitorLocation: Location_Latitude: 43.1282773 Longitude: -77.4339799 Accuracy: 2100.0
07-14 00:25:13.144 22770 23068 D androidNetworkLocationListeners: Still have listener com.google.android.location.internal.client.NetworkLocationClient$1@4132f748
07-14 00:25:13.144  1840  1840 I PhoneLab-Locks: wake lock released
07-14 00:25:13.152 22770 22791 D WifiLocator: Too many no-location APs. Will not compute a location nor go to the server. hasLocation=0 noLocation=0 cacheMiss=0
07-14 00:25:13.168  2683  3951 I LocatorService: lbs-onHandleIntent ------ accuracy bad, skip
07-14 00:25:13.171  2683  3951 I LocatorService: lbs-onHandleIntent -- passive repeat
07-14 00:25:13.171  2683  3951 W LocationUtil: lbs-requestPassiveUpdates start
07-14 00:25:13.187  2683  3952 I LocatorService: lbs-onHandleIntent ------ accuracy bad, skip
07-14 00:25:13.187  2683  3952 I LocatorService: lbs-onHandleIntent -- passive repeat
07-14 00:25:13.187  2683  3952 W LocationUtil: lbs-requestPassiveUpdates start
07-14 00:25:13.199  2683  3953 I LocatorService: lbs-onHandleIntent ------ accuracy bad, skip
07-14 00:25:13.199  2683  3953 I LocatorService: lbs-onHandleIntent -- passive repeat
07-14 00:25:13.199  2683  3953 W LocationUtil: lbs-requestPassiveUpdates start
07-14 00:25:58.211 22770 22791 D WifiLocator: Too many no-location APs. Will not compute a location nor go to the server. hasLocation=0 noLocation=0 cacheMiss=0
07-14 00:26:42.086  2683  3954 I LocatorService: lbs-onHandleIntent ------ accuracy bad, skip
07-14 00:26:42.086  2683  3954 I LocatorService: lbs-onHandleIntent -- passive repeat
07-14 00:26:42.086  2683  3954 W LocationUtil: lbs-requestPassiveUpdates start
07-14 00:26:43.234 22770 22791 D WifiLocator: Too many no-location APs. Will not compute a location nor go to the server. hasLocation=0 noLocation=0 cacheMiss=0
07-14 00:26:47.015  1735  1735 D WeatherGadgetConfigurePreferences: LOC_KEY + 6: null
07-14 00:26:47.207 22770 23068 D androidNetworkLocationListeners: Still have listener com.google.android.location.internal.client.NetworkLocationClient$1@4132f748
07-14 00:26:47.211 22770 23068 D androidNetworkLocationListeners: Still have listener com.google.android.location.internal.client.NetworkLocationClient$1@4132f748
07-14 00:26:47.214 22770 22791 D WifiLocator: Too many no-location APs. Will not compute a location nor go to the server. hasLocation=0 noLocation=0 cacheMiss=0
07-14 00:26:47.246 22770 22791 D WifiLocator: Too many no-location APs. Will not compute a location nor go to the server. hasLocation=0 noLocation=0 cacheMiss=0
07-14 00:26:51.214  2683  3956 I LocatorService: lbs-onHandleIntent ------ accuracy bad, skip
07-14 00:26:51.214  2683  3956 I LocatorService: lbs-onHandleIntent -- passive repeat
07-14 00:26:51.214  2683  3956 W LocationUtil: lbs-requestPassiveUpdates start
07-14 00:26:51.234  2683  3957 I LocatorService: lbs-onHandleIntent ------ accuracy bad, skip
07-14 00:26:51.234  2683  3957 I LocatorService: lbs-onHandleIntent -- passive repeat
07-14 00:26:51.234  2683  3957 W LocationUtil: lbs-requestPassiveUpdates start
07-14 00:26:51.242  2683  3958 I LocatorService: lbs-onHandleIntent ------ accuracy bad, skip
07-14 00:26:51.242  2683  3958 I LocatorService: lbs-onHandleIntent -- passive repeat
07-14 00:26:51.242  2683  3958 W LocationUtil: lbs-requestPassiveUpdates start
07-14 00:27:07.351  1840  1840 I PhoneLab-Locks: wake lock acquired
07-14 00:27:07.375  1840  3959 I PhoneLab-PeriodicCheckService: User info is synched
07-14 00:27:07.375  1840  3959 I PhoneLab-PeriodicCheckService: Logger Service is running
07-14 00:27:07.379  1840  3959 I PhoneLab-Locks: wake lock acquired
07-14 00:27:07.379  1840  1840 I PhoneLab-UploadLogs: Transfering log files now
07-14 00:27:07.379  1840  1840 I PhoneLab-UploadLogs: No log files to transfer
07-14 00:27:07.379  1840  1840 I PhoneLab-Locks: wake lock released
07-14 00:27:07.382  1840  1840 I PhoneLab-UploadLogs: OnStartCommand
07-14 00:27:07.382  1840  3959 I PhoneLab-PeriodicCheckService: Rescheduling periodic checking...
07-14 00:27:07.382  1840  3959 I PhoneLab-Locks: wake lock released
07-14 00:27:32.363   140   140 D dalvikvm: GC_EXPLICIT freed 1397K, 22% free 17583K/22407K, paused 25ms+9ms
07-14 00:27:32.371 22770 22791 D WifiLocator: Too many no-location APs. Will not compute a location nor go to the server. hasLocation=0 noLocation=0 cacheMiss=0
07-14 00:28:16.117  2683  3960 I LocatorService: lbs-onHandleIntent ------ accuracy bad, skip
07-14 00:28:16.117  2683  3960 I LocatorService: lbs-onHandleIntent -- passive repeat
07-14 00:28:16.117  2683  3960 W LocationUtil: lbs-requestPassiveUpdates start
07-14 00:28:17.421 22770 22791 D WifiLocator: Too many no-location APs. Will not compute a location nor go to the server. hasLocation=0 noLocation=0 cacheMiss=0
07-14 00:29:01.289  2683  3961 I LocatorService: lbs-onHandleIntent ------ accuracy bad, skip
07-14 00:29:01.289  2683  3961 I LocatorService: lbs-onHandleIntent -- passive repeat
07-14 00:29:01.289  2683  3961 W LocationUtil: lbs-requestPassiveUpdates start
07-14 00:29:02.461 22770 22791 D WifiLocator: Too many no-location APs. Will not compute a location nor go to the server. hasLocation=0 noLocation=0 cacheMiss=0
07-14 00:29:47.031  2683  3962 I LocatorService: lbs-onHandleIntent ------ accuracy bad, skip
07-14 00:29:47.031  2683  3962 I LocatorService: lbs-onHandleIntent -- passive repeat
07-14 00:29:47.031  2683  3962 W LocationUtil: lbs-requestPassiveUpdates start
07-14 00:29:47.504 22770 22791 D WifiLocator: Too many no-location APs. Will not compute a location nor go to the server. hasLocation=0 noLocation=0 cacheMiss=0
07-14 00:29:47.523  2683  3963 I LocatorService: lbs-onHandleIntent ------ accuracy bad, skip
07-14 00:29:47.523  2683  3963 I LocatorService: lbs-onHandleIntent -- passive repeat
07-14 00:29:47.523  2683  3963 W LocationUtil: lbs-requestPassiveUpdates start
07-14 00:30:32.527 22770 22791 D WifiLocator: Too many no-location APs. Will not compute a location nor go to the server. hasLocation=0 noLocation=0 cacheMiss=0
07-14 00:31:17.113  2683  3964 I LocatorService: lbs-onHandleIntent ------ accuracy bad, skip
07-14 00:31:17.113  2683  3964 I LocatorService: lbs-onHandleIntent -- passive repeat
07-14 00:31:17.113  2683  3964 W LocationUtil: lbs-requestPassiveUpdates start
07-14 00:31:17.566 22770 22791 D WifiLocator: Too many no-location APs. Will not compute a location nor go to the server. hasLocation=0 noLocation=0 cacheMiss=0
07-14 00:31:22.203  2683  3965 I LocatorService: lbs-onHandleIntent ------ accuracy bad, skip
07-14 00:31:22.203  2683  3965 I LocatorService: lbs-onHandleIntent -- passive repeat
07-14 00:31:22.203  2683  3965 W LocationUtil: lbs-requestPassiveUpdates start
07-14 00:31:52.015  1735  1735 D WeatherGadgetConfigurePreferences: LOC_KEY + 6: null
07-14 00:31:59.199 22770 23068 D androidNetworkLocationListeners: Still have listener com.google.android.location.internal.client.NetworkLocationClient$1@4132f748
07-14 00:31:59.203 22770 23068 D androidNetworkLocationListeners: Still have listener com.google.android.location.internal.client.NetworkLocationClient$1@4132f748
07-14 00:31:59.207 22770 22791 D WifiLocator: Too many no-location APs. Will not compute a location nor go to the server. hasLocation=0 noLocation=0 cacheMiss=0
07-14 00:31:59.218 22770 22791 D WifiLocator: Too many no-location APs. Will not compute a location nor go to the server. hasLocation=0 noLocation=0 cacheMiss=0
07-14 00:31:59.246  2683  3967 I LocatorService: lbs-onHandleIntent ------ accuracy bad, skip
07-14 00:31:59.246  2683  3967 I LocatorService: lbs-onHandleIntent -- passive repeat
07-14 00:31:59.246  2683  3967 W LocationUtil: lbs-requestPassiveUpdates start
07-14 00:31:59.257  2683  3968 I LocatorService: lbs-onHandleIntent ------ accuracy bad, skip
07-14 00:31:59.257  2683  3968 I LocatorService: lbs-onHandleIntent -- passive repeat
07-14 00:31:59.257  2683  3968 W LocationUtil: lbs-requestPassiveUpdates start
07-14 00:32:44.293 22770 22791 D WifiLocator: Too many no-location APs. Will not compute a location nor go to the server. hasLocation=0 noLocation=0 cacheMiss=0
07-14 00:32:44.308  2683  3969 I LocatorService: lbs-onHandleIntent ------ accuracy bad, skip
07-14 00:32:44.308  2683  3969 I LocatorService: lbs-onHandleIntent -- passive repeat
07-14 00:32:44.308  2683  3969 W LocationUtil: lbs-requestPassiveUpdates start
07-14 00:33:22.375 22770 23653 I EventLogService: Aggregate from 1342238602117 (log), 1342238602117 (data)
07-14 00:33:22.488 22770 22772 D dalvikvm: GC_CONCURRENT freed 400K, 6% free 10476K/11143K, paused 11ms+4ms
07-14 00:33:29.269 22770 22791 D WifiLocator: Too many no-location APs. Will not compute a location nor go to the server. hasLocation=0 noLocation=0 cacheMiss=0
07-14 00:34:14.136  2683  3971 I LocatorService: lbs-onHandleIntent ------ accuracy bad, skip
07-14 00:34:14.136  2683  3971 I LocatorService: lbs-onHandleIntent -- passive repeat
07-14 00:34:14.136  2683  3971 W LocationUtil: lbs-requestPassiveUpdates start
07-14 00:34:14.324 22770 22791 D WifiLocator: Too many no-location APs. Will not compute a location nor go to the server. hasLocation=0 noLocation=0 cacheMiss=0
07-14 00:34:14.343  2683  3972 I LocatorService: lbs-onHandleIntent ------ accuracy bad, skip
07-14 00:34:14.343  2683  3972 I LocatorService: lbs-onHandleIntent -- passive repeat
07-14 00:34:14.343  2683  3972 W LocationUtil: lbs-requestPassiveUpdates start
07-14 00:34:58.332  1840  1840 I PhoneLab-Locks: wake lock acquired
07-14 00:34:58.359  1840  1840 I PhoneLab-StatusMonitor: Status Monitoring is started
07-14 00:34:58.402  1840  1843 D dalvikvm: GC_CONCURRENT freed 523K, 18% free 9245K/11143K, paused 2ms+2ms
07-14 00:34:58.418  1840  1840 I PhoneLab-StatusMonitor: Value: 10 - unit: min
07-14 00:34:58.418  1840  1840 I PhoneLab-StatusMonitor: Running interval: 600000
07-14 00:34:58.425  1840  1840 I PhoneLab-StatusMonitor: Rescheduling status monitoring...
07-14 00:34:58.429  1840  1840 I PhoneLab-Locks: wake lock released
07-14 00:34:58.433  1840  1840 I PhoneLab-StatusMonitorLocation: Learning Location
07-14 00:34:58.433  1840  1840 I PhoneLab-Locks: wake lock acquired
07-14 00:34:58.437  1840  1840 I PhoneLab-Locks: wake lock acquired
07-14 00:34:58.445 22770 23068 D androidNetworkLocationListeners: Still have listener com.google.android.location.internal.client.NetworkLocationClient$1@4132f748
07-14 00:34:58.453  1840  1840 I PhoneLab-StatusMonitorLocation: Learning Signal Strgth
07-14 00:34:58.453  1840  1840 I PhoneLab-Locks: wake lock acquired
07-14 00:34:58.484 22770 23068 D androidNetworkLocationListeners: Still have listener com.google.android.location.internal.client.NetworkLocationClient$1@4132f748
07-14 00:34:58.484  1840  1840 I PhoneLab-StatusMonitorBattery: Battery_level: 13
07-14 00:34:58.488 22770 22791 D WifiLocator: Too many no-location APs. Will not compute a location nor go to the server. hasLocation=0 noLocation=0 cacheMiss=0
07-14 00:34:58.488  1840  1840 I PhoneLab-Locks: wake lock released
07-14 00:34:58.488  1840  1840 I PhoneLab-StatusMonitorSignal: Signal_Strength: -86 asu: 14
07-14 00:34:58.488  1840  1840 I PhoneLab-Locks: wake lock released
07-14 00:34:58.500 22770 22791 D WifiLocator: Too many no-location APs. Will not compute a location nor go to the server. hasLocation=0 noLocation=0 cacheMiss=0
07-14 00:34:58.511  1840  1840 I PhoneLab-StatusMonitorLocation: Location_Latitude: 43.1282773 Longitude: -77.4339799 Accuracy: 2100.0
07-14 00:34:58.515 22770 23068 D androidNetworkLocationListeners: Still have listener com.google.android.location.internal.client.NetworkLocationClient$1@4132f748
07-14 00:34:58.515  1840  1840 I PhoneLab-Locks: wake lock released
07-14 00:34:58.523 22770 22791 D WifiLocator: Too many no-location APs. Will not compute a location nor go to the server. hasLocation=0 noLocation=0 cacheMiss=0
07-14 00:34:58.539  2683  3978 I LocatorService: lbs-onHandleIntent ------ accuracy bad, skip
07-14 00:34:58.539  2683  3978 I LocatorService: lbs-onHandleIntent -- passive repeat
07-14 00:34:58.539  2683  3978 W LocationUtil: lbs-requestPassiveUpdates start
07-14 00:34:58.558  2683  3979 I LocatorService: lbs-onHandleIntent ------ accuracy bad, skip
07-14 00:34:58.558  2683  3979 I LocatorService: lbs-onHandleIntent -- passive repeat
07-14 00:34:58.558  2683  3979 W LocationUtil: lbs-requestPassiveUpdates start
07-14 00:34:58.570  2683  3980 I LocatorService: lbs-onHandleIntent ------ accuracy bad, skip
07-14 00:34:58.570  2683  3980 I LocatorService: lbs-onHandleIntent -- passive repeat
07-14 00:34:58.570  2683  3980 W LocationUtil: lbs-requestPassiveUpdates start
07-14 00:35:43.136  1803  1807 D dalvikvm: GC_CONCURRENT freed 442K, 6% free 9282K/9863K, paused 2ms+1ms
07-14 00:35:43.558 22770 22791 D WifiLocator: Too many no-location APs. Will not compute a location nor go to the server. hasLocation=0 noLocation=0 cacheMiss=0
07-14 00:36:28.289  2683  3981 I LocatorService: lbs-onHandleIntent ------ accuracy bad, skip
07-14 00:36:28.289  2683  3981 I LocatorService: lbs-onHandleIntent -- passive repeat
07-14 00:36:28.289  2683  3981 W LocationUtil: lbs-requestPassiveUpdates start
07-14 00:36:28.609 22770 22791 D WifiLocator: Too many no-location APs. Will not compute a location nor go to the server. hasLocation=0 noLocation=0 cacheMiss=0
07-14 00:37:13.031  1735  1735 D WeatherGadgetConfigurePreferences: LOC_KEY + 6: null
07-14 00:37:13.113 22770 23068 D androidNetworkLocationListeners: Still have listener com.google.android.location.internal.client.NetworkLocationClient$1@4132f748
07-14 00:37:13.121 22770 23068 D androidNetworkLocationListeners: Still have listener com.google.android.location.internal.client.NetworkLocationClient$1@4132f748
07-14 00:37:13.121 22770 22791 D WifiLocator: Too many no-location APs. Will not compute a location nor go to the server. hasLocation=0 noLocation=0 cacheMiss=0
07-14 00:37:13.164   211   213 D dalvikvm: GC_CONCURRENT freed 412K, 58% free 10614K/24711K, paused 7ms+5ms
07-14 00:37:13.187 22770 22791 D WifiLocator: Too many no-location APs. Will not compute a location nor go to the server. hasLocation=0 noLocation=0 cacheMiss=0
07-14 00:37:13.211  2683  3983 I LocatorService: lbs-onHandleIntent ------ accuracy bad, skip
07-14 00:37:13.211  2683  3983 I LocatorService: lbs-onHandleIntent -- passive repeat
07-14 00:37:13.211  2683  3983 W LocationUtil: lbs-requestPassiveUpdates start
07-14 00:37:13.222  2683  3984 I LocatorService: lbs-onHandleIntent ------ accuracy bad, skip
07-14 00:37:13.222  2683  3984 I LocatorService: lbs-onHandleIntent -- passive repeat
07-14 00:37:13.222  2683  3984 W LocationUtil: lbs-requestPassiveUpdates start
07-14 00:37:13.234  2683  3985 I LocatorService: lbs-onHandleIntent ------ accuracy bad, skip
07-14 00:37:13.234  2683  3985 I LocatorService: lbs-onHandleIntent -- passive repeat
07-14 00:37:13.234  2683  3985 W LocationUtil: lbs-requestPassiveUpdates start
07-14 00:37:58.199 22770 22791 D WifiLocator: Too many no-location APs. Will not compute a location nor go to the server. hasLocation=0 noLocation=0 cacheMiss=0
07-14 00:38:18.132  2683  3986 I LocatorService: lbs-onHandleIntent ------ accuracy bad, skip
07-14 00:38:18.132  2683  3986 I LocatorService: lbs-onHandleIntent -- passive repeat
07-14 00:38:18.132  2683  3986 W LocationUtil: lbs-requestPassiveUpdates start
