07-16 04:56:14.394 12243 12256 I PhoneLab-LoggerService: Logcat process found 1428
07-16 04:56:14.394 12243 12256 I PhoneLab-LoggerService: Checking Threshold
07-16 04:56:14.398 12243 12256 I PhoneLab-: Service Running
07-16 04:56:14.441 12243 12256 I PhoneLab-LoggerService: app_38    1428  1     1432   1036  c00f181c 400107b4 S logcat
07-16 04:56:14.441 12243 12256 I PhoneLab-LoggerService: Logcat pid from database 1428
07-16 04:56:14.441 12243 12256 I PhoneLab-LoggerService: Logcat process found 1428
07-16 04:56:14.441 12243 12256 I PhoneLab-LoggerService: Checking Threshold
07-16 04:56:14.441 12243 12256 I PhoneLab-: Service Running
07-16 04:56:14.453 12243 12245 D dalvikvm: GC_CONCURRENT freed 519K, 17% free 9207K/11079K, paused 2ms+1ms
07-16 04:56:14.480 12243 12256 I PhoneLab-LoggerService: app_38    1428  1     1432   1036  c00f181c 400107b4 S logcat
07-16 04:56:14.480 12243 12256 I PhoneLab-LoggerService: Logcat pid from database 1428
07-16 04:56:14.480 12243 12256 I PhoneLab-LoggerService: Logcat process found 1428
07-16 04:56:14.480 12243 12256 I PhoneLab-LoggerService: Checking Threshold
07-16 04:56:14.480 12243 12256 I PhoneLab-: Service Running
07-16 04:56:26.050 12243 12256 I PhoneLab-LoggerService: app_38    1428  1     1432   1036  c00f181c 400107b4 S logcat
07-16 04:56:26.050 12243 12256 I PhoneLab-LoggerService: Logcat pid from database 1428
07-16 04:56:26.050 12243 12256 I PhoneLab-LoggerService: Logcat process found 1428
07-16 04:56:26.050 12243 12256 I PhoneLab-LoggerService: Checking Threshold
07-16 04:56:26.050 12243 12256 I PhoneLab-: Service Running
07-16 04:56:26.078 12243 12256 I PhoneLab-LoggerService: app_38    1428  1     1432   1036  c00f181c 400107b4 S logcat
07-16 04:56:26.078 12243 12256 I PhoneLab-LoggerService: Logcat pid from database 1428
07-16 04:56:26.078 12243 12256 I PhoneLab-LoggerService: Logcat process found 1428
07-16 04:56:26.078 12243 12256 I PhoneLab-LoggerService: Checking Threshold
07-16 04:56:26.078 12243 12256 I PhoneLab-: Service Running
07-16 04:56:26.109 12243 12256 I PhoneLab-LoggerService: app_38    1428  1     1432   1036  c00f181c 400107b4 S logcat
07-16 04:56:26.109 12243 12256 I PhoneLab-LoggerService: Logcat pid from database 1428
07-16 04:56:26.109 12243 12256 I PhoneLab-LoggerService: Logcat process found 1428
07-16 04:56:26.109 12243 12256 I PhoneLab-LoggerService: Checking Threshold
07-16 04:56:26.109 12243 12256 I PhoneLab-: Service Running
07-16 04:56:26.136 12243 12256 I PhoneLab-LoggerService: app_38    1428  1     1432   1036  c00f181c 400107b4 S logcat
07-16 04:56:26.136 12243 12256 I PhoneLab-LoggerService: Logcat pid from database 1428
07-16 04:56:26.136 12243 12256 I PhoneLab-LoggerService: Logcat process found 1428
07-16 04:56:26.136 12243 12256 I PhoneLab-LoggerService: Checking Threshold
07-16 04:56:26.340   141   157 V BackupManagerService: Running a backup pass
07-16 04:56:26.340   141   208 V BackupManagerService: Backup requested but nothing pending
07-16 04:56:59.211   257   569 D WifiLocator: Too many no-location APs. Will not compute a location nor go to the server. hasLocation=0 noLocation=0 cacheMiss=0
07-16 04:56:59.230 12425 14605 I LocatorService: lbs-onHandleIntent ------ accuracy bad, skip
07-16 04:56:59.230 12425 14605 I LocatorService: lbs-onHandleIntent -- passive repeat
07-16 04:56:59.230 12425 14605 W LocationUtil: lbs-requestPassiveUpdates start
07-16 04:57:44.254   257   569 D WifiLocator: Too many no-location APs. Will not compute a location nor go to the server. hasLocation=0 noLocation=0 cacheMiss=0
07-16 04:57:44.269 12425 14607 I LocatorService: lbs-onHandleIntent ------ accuracy bad, skip
07-16 04:57:44.269 12425 14607 I LocatorService: lbs-onHandleIntent -- passive repeat
07-16 04:57:44.269 12425 14607 W LocationUtil: lbs-requestPassiveUpdates start
07-16 04:58:04.113   257   879 I EventLogService: Aggregate from 1342427284050 (log), 1342427284050 (data)
07-16 04:58:04.191   257   260 D dalvikvm: GC_CONCURRENT freed 403K, 8% free 10374K/11271K, paused 2ms+2ms
07-16 04:58:29.351   141   152 D dalvikvm: GC_EXPLICIT freed 482K, 20% free 15643K/19399K, paused 23ms+6ms
07-16 04:58:29.359   257   569 D WifiLocator: Too many no-location APs. Will not compute a location nor go to the server. hasLocation=0 noLocation=0 cacheMiss=0
07-16 04:58:29.375 12425 14609 I LocatorService: lbs-onHandleIntent ------ accuracy bad, skip
07-16 04:58:29.375 12425 14609 I LocatorService: lbs-onHandleIntent -- passive repeat
07-16 04:58:29.375 12425 14609 W LocationUtil: lbs-requestPassiveUpdates start
07-16 04:58:46.011 12243 12243 I PhoneLab-Locks: wake lock acquired
07-16 04:58:46.019 12243 12243 I PhoneLab-StatusMonitor: Status Monitoring is started
07-16 04:58:46.074 12243 12245 D dalvikvm: GC_CONCURRENT freed 485K, 17% free 9234K/11079K, paused 2ms+2ms
07-16 04:58:46.093 12243 12243 I PhoneLab-StatusMonitor: Value: 10 - unit: min
07-16 04:58:46.093 12243 12243 I PhoneLab-StatusMonitor: Running interval: 600000
07-16 04:58:46.101 12243 12243 I PhoneLab-StatusMonitor: Rescheduling status monitoring...
07-16 04:58:46.101 12243 12243 I PhoneLab-Locks: wake lock released
07-16 04:58:46.105 12243 12243 I PhoneLab-StatusMonitorLocation: Learning Location
07-16 04:58:46.105 12243 12243 I PhoneLab-Locks: wake lock acquired
07-16 04:58:46.109 12243 12243 I PhoneLab-Locks: wake lock acquired
07-16 04:58:46.113 12243 12243 I PhoneLab-StatusMonitorLocation: Learning Signal Strgth
07-16 04:58:46.113 12243 12243 I PhoneLab-Locks: wake lock acquired
07-16 04:58:46.113   257   483 D androidNetworkLocationListeners: Still have listener com.google.android.location.internal.client.NetworkLocationClient$1@41393a88
07-16 04:58:46.121   257   483 D androidNetworkLocationListeners: Still have listener com.google.android.location.internal.client.NetworkLocationClient$1@41393a88
07-16 04:58:46.121   257   569 D WifiLocator: Too many no-location APs. Will not compute a location nor go to the server. hasLocation=0 noLocation=0 cacheMiss=0
07-16 04:58:46.125 12243 12243 I PhoneLab-StatusMonitorBattery: Battery_level: 95
07-16 04:58:46.125 12243 12243 I PhoneLab-Locks: wake lock released
07-16 04:58:46.125 12243 12243 I PhoneLab-StatusMonitorSignal: Signal_Strength: -76 asu: 19
07-16 04:58:46.125 12243 12243 I PhoneLab-Locks: wake lock released
07-16 04:58:46.136   257   569 D WifiLocator: Too many no-location APs. Will not compute a location nor go to the server. hasLocation=0 noLocation=0 cacheMiss=0
07-16 04:58:46.156 12243 12243 I PhoneLab-StatusMonitorLocation: Location_Latitude: 43.2000339 Longitude: -77.4972015 Accuracy: 2251.0
07-16 04:58:46.156 12243 12243 I PhoneLab-Locks: wake lock released
07-16 04:58:46.160   257   483 D androidNetworkLocationListeners: Still have listener com.google.android.location.internal.client.NetworkLocationClient$1@41393a88
07-16 04:58:46.168   257   569 D WifiLocator: Too many no-location APs. Will not compute a location nor go to the server. hasLocation=0 noLocation=0 cacheMiss=0
07-16 04:58:46.183 12425 14613 I LocatorService: lbs-onHandleIntent ------ accuracy bad, skip
07-16 04:58:46.183 12425 14613 I LocatorService: lbs-onHandleIntent -- passive repeat
07-16 04:58:46.183 12425 14613 W LocationUtil: lbs-requestPassiveUpdates start
07-16 04:58:46.199 12425 14614 I LocatorService: lbs-onHandleIntent ------ accuracy bad, skip
07-16 04:58:46.199 12425 14614 I LocatorService: lbs-onHandleIntent -- passive repeat
07-16 04:58:46.199 12425 14614 W LocationUtil: lbs-requestPassiveUpdates start
07-16 04:58:46.211 12425 14615 I LocatorService: lbs-onHandleIntent ------ accuracy bad, skip
07-16 04:58:46.211 12425 14615 I LocatorService: lbs-onHandleIntent -- passive repeat
07-16 04:58:46.211 12425 14615 W LocationUtil: lbs-requestPassiveUpdates start
07-16 04:59:30.015  1092  1092 D WeatherGadgetConfigurePreferences: LOC_KEY + 6: null
07-16 04:59:30.117   257   483 D androidNetworkLocationListeners: Still have listener com.google.android.location.internal.client.NetworkLocationClient$1@41393a88
07-16 04:59:30.121   257   483 D androidNetworkLocationListeners: Still have listener com.google.android.location.internal.client.NetworkLocationClient$1@41393a88
07-16 04:59:30.121   257   569 D WifiLocator: Too many no-location APs. Will not compute a location nor go to the server. hasLocation=0 noLocation=0 cacheMiss=0
07-16 04:59:30.132   257   569 D WifiLocator: Too many no-location APs. Will not compute a location nor go to the server. hasLocation=0 noLocation=0 cacheMiss=0
07-16 04:59:30.168 13626 13628 D dalvikvm: GC_CONCURRENT freed 383K, 13% free 10185K/11655K, paused 3ms+2ms
07-16 04:59:30.175 12425 14617 I LocatorService: lbs-onHandleIntent ------ accuracy bad, skip
07-16 04:59:30.175 12425 14617 I LocatorService: lbs-onHandleIntent -- passive repeat
07-16 04:59:30.175 12425 14617 W LocationUtil: lbs-requestPassiveUpdates start
07-16 04:59:30.199 12425 14618 I LocatorService: lbs-onHandleIntent ------ accuracy bad, skip
07-16 04:59:30.199 12425 14618 I LocatorService: lbs-onHandleIntent -- passive repeat
07-16 04:59:30.199 12425 14618 W LocationUtil: lbs-requestPassiveUpdates start
07-16 05:00:15.140   257   569 D WifiLocator: Too many no-location APs. Will not compute a location nor go to the server. hasLocation=0 noLocation=0 cacheMiss=0
07-16 05:00:15.160 12425 14619 I LocatorService: lbs-onHandleIntent ------ accuracy bad, skip
07-16 05:00:15.160 12425 14619 I LocatorService: lbs-onHandleIntent -- passive repeat
07-16 05:00:15.160 12425 14619 W LocationUtil: lbs-requestPassiveUpdates start
07-16 05:01:00.148   257   569 D WifiLocator: Too many no-location APs. Will not compute a location nor go to the server. hasLocation=0 noLocation=0 cacheMiss=0
07-16 05:01:00.168 12425 14620 I LocatorService: lbs-onHandleIntent ------ accuracy bad, skip
07-16 05:01:00.168 12425 14620 I LocatorService: lbs-onHandleIntent -- passive repeat
07-16 05:01:00.168 12425 14620 W LocationUtil: lbs-requestPassiveUpdates start
07-16 05:01:45.195   257   569 D WifiLocator: Too many no-location APs. Will not compute a location nor go to the server. hasLocation=0 noLocation=0 cacheMiss=0
07-16 05:01:45.214 12425 14623 I LocatorService: lbs-onHandleIntent ------ accuracy bad, skip
07-16 05:01:45.218 12425 14623 I LocatorService: lbs-onHandleIntent -- passive repeat
07-16 05:01:45.218 12425 14623 W LocationUtil: lbs-requestPassiveUpdates start
07-16 05:01:45.273 13768 13770 D dalvikvm: GC_CONCURRENT freed 448K, 6% free 10818K/11399K, paused 2ms+3ms
07-16 05:02:30.242   257   569 D WifiLocator: Too many no-location APs. Will not compute a location nor go to the server. hasLocation=0 noLocation=0 cacheMiss=0
07-16 05:02:30.257 12425 14624 I LocatorService: lbs-onHandleIntent ------ accuracy bad, skip
07-16 05:02:30.257 12425 14624 I LocatorService: lbs-onHandleIntent -- passive repeat
07-16 05:02:30.257 12425 14624 W LocationUtil: lbs-requestPassiveUpdates start
07-16 05:03:15.257   257   569 D WifiLocator: Too many no-location APs. Will not compute a location nor go to the server. hasLocation=0 noLocation=0 cacheMiss=0
07-16 05:03:15.277 12425 14625 I LocatorService: lbs-onHandleIntent ------ accuracy bad, skip
07-16 05:03:15.277 12425 14625 I LocatorService: lbs-onHandleIntent -- passive repeat
07-16 05:03:15.277 12425 14625 W LocationUtil: lbs-requestPassiveUpdates start
07-16 05:04:00.035  1092  1092 D WeatherGadgetConfigurePreferences: LOC_KEY + 6: null
07-16 05:04:00.113   257   483 D androidNetworkLocationListeners: Still have listener com.google.android.location.internal.client.NetworkLocationClient$1@41393a88
07-16 05:04:00.121   257   483 D androidNetworkLocationListeners: Still have listener com.google.android.location.internal.client.NetworkLocationClient$1@41393a88
07-16 05:04:00.121   257   569 D WifiLocator: Too many no-location APs. Will not compute a location nor go to the server. hasLocation=0 noLocation=0 cacheMiss=0
07-16 05:04:00.129   257   569 D WifiLocator: Too many no-location APs. Will not compute a location nor go to the server. hasLocation=0 noLocation=0 cacheMiss=0
07-16 05:04:00.148 12425 14627 I LocatorService: lbs-onHandleIntent ------ accuracy bad, skip
07-16 05:04:00.152 12425 14627 I LocatorService: lbs-onHandleIntent -- passive repeat
07-16 05:04:00.152 12425 14627 W LocationUtil: lbs-requestPassiveUpdates start
07-16 05:04:00.160 12425 14628 I LocatorService: lbs-onHandleIntent ------ accuracy bad, skip
07-16 05:04:00.160 12425 14628 I LocatorService: lbs-onHandleIntent -- passive repeat
07-16 05:04:00.160 12425 14628 W LocationUtil: lbs-requestPassiveUpdates start
07-16 05:04:45.191   257   569 D WifiLocator: Too many no-location APs. Will not compute a location nor go to the server. hasLocation=0 noLocation=0 cacheMiss=0
07-16 05:04:45.207 12425 14629 I LocatorService: lbs-onHandleIntent ------ accuracy bad, skip
07-16 05:04:45.207 12425 14629 I LocatorService: lbs-onHandleIntent -- passive repeat
07-16 05:04:45.207 12425 14629 W LocationUtil: lbs-requestPassiveUpdates start
07-16 05:05:30.101 12243 12256 I PhoneLab-: Service Running
07-16 05:05:30.129 12243 12256 I PhoneLab-LoggerService: app_38    1428  1     1432   1036  c00f181c 400107b4 S logcat
07-16 05:05:30.129 12243 12256 I PhoneLab-LoggerService: Logcat pid from database 1428
07-16 05:05:30.129 12243 12256 I PhoneLab-LoggerService: Logcat process found 1428
07-16 05:05:30.129 12243 12256 I PhoneLab-LoggerService: Checking Threshold
07-16 05:05:30.129 12243 12256 I PhoneLab-: Service Running
07-16 05:05:30.160 12243 12256 I PhoneLab-LoggerService: app_38    1428  1     1432   1036  c00f181c 400107b4 S logcat
07-16 05:05:30.168   257   569 D WifiLocator: Too many no-location APs. Will not compute a location nor go to the server. hasLocation=0 noLocation=0 cacheMiss=0
07-16 05:05:30.172 12243 12256 I PhoneLab-LoggerService: Logcat pid from database 1428
07-16 05:05:30.172 12243 12256 I PhoneLab-LoggerService: Logcat process found 1428
07-16 05:05:30.172 12243 12256 I PhoneLab-LoggerService: Checking Threshold
07-16 05:05:30.172 12243 12256 I PhoneLab-: Service Running
07-16 05:05:30.226 12243 12245 D dalvikvm: GC_CONCURRENT freed 450K, 17% free 9199K/11079K, paused 2ms+1ms
07-16 05:05:30.226 12243 12256 I PhoneLab-LoggerService: app_38    1428  1     1432   1036  c00f181c 400107b4 S logcat
07-16 05:05:30.226 12243 12256 I PhoneLab-LoggerService: Logcat pid from database 1428
07-16 05:05:30.226 12243 12256 I PhoneLab-LoggerService: Logcat process found 1428
07-16 05:05:30.230 12243 12256 I PhoneLab-LoggerService: Checking Threshold
07-16 05:05:30.230 12243 12256 I PhoneLab-: Service Running
07-16 05:05:30.250 12425 14634 I LocatorService: lbs-onHandleIntent ------ accuracy bad, skip
07-16 05:05:30.250 12425 14634 I LocatorService: lbs-onHandleIntent -- passive repeat
07-16 05:05:30.250 12425 14634 W LocationUtil: lbs-requestPassiveUpdates start
07-16 05:05:30.269 12243 12256 I PhoneLab-LoggerService: app_38    1428  1     1432   1036  c00f181c 400107b4 S logcat
07-16 05:05:30.269 12243 12256 I PhoneLab-LoggerService: Logcat pid from database 1428
07-16 05:05:30.269 12243 12256 I PhoneLab-LoggerService: Logcat process found 1428
07-16 05:05:30.269 12243 12256 I PhoneLab-LoggerService: Checking Threshold
07-16 05:05:30.269 12243 12256 I PhoneLab-: Service Running
07-16 05:05:30.300 12243 12256 I PhoneLab-LoggerService: app_38    1428  1     1432   1036  c00f181c 400107b4 S logcat
07-16 05:05:30.300 12243 12256 I PhoneLab-LoggerService: Logcat pid from database 1428
07-16 05:05:30.300 12243 12256 I PhoneLab-LoggerService: Logcat process found 1428
07-16 05:05:30.300 12243 12256 I PhoneLab-LoggerService: Checking Threshold
07-16 05:06:15.211   257   569 D WifiLocator: Too many no-location APs. Will not compute a location nor go to the server. hasLocation=0 noLocation=0 cacheMiss=0
07-16 05:06:15.250  1092  1094 D dalvikvm: GC_CONCURRENT freed 383K, 8% free 9695K/10503K, paused 2ms+2ms
07-16 05:06:15.254 12425 14636 I LocatorService: lbs-onHandleIntent ------ accuracy bad, skip
07-16 05:06:15.254 12425 14636 I LocatorService: lbs-onHandleIntent -- passive repeat
07-16 05:06:15.254 12425 14636 W LocationUtil: lbs-requestPassiveUpdates start
07-16 05:06:47.187 12243 12243 I PhoneLab-Locks: wake lock acquired
07-16 05:06:47.214 12243 14637 I PhoneLab-PeriodicCheckService: User info is synched
07-16 05:06:47.214 12243 14637 I PhoneLab-PeriodicCheckService: Logger Service is running
07-16 05:06:47.214 12243 14637 I PhoneLab-Locks: wake lock acquired
07-16 05:06:47.218 12243 12243 I PhoneLab-UploadLogs: Transfering log files now
07-16 05:06:47.218 12243 12243 I PhoneLab-UploadLogs: No log files to transfer
07-16 05:06:47.218 12243 12243 I PhoneLab-Locks: wake lock released
07-16 05:06:47.218 12243 12243 I PhoneLab-UploadLogs: OnStartCommand
07-16 05:06:47.218 12243 14637 I PhoneLab-PeriodicCheckService: Rescheduling periodic checking...
07-16 05:06:47.226 12243 14637 I PhoneLab-Locks: wake lock released
07-16 05:07:00.246   257   569 D WifiLocator: Too many no-location APs. Will not compute a location nor go to the server. hasLocation=0 noLocation=0 cacheMiss=0
07-16 05:07:44.066 12425 14638 I LocatorService: lbs-onHandleIntent ------ accuracy bad, skip
07-16 05:07:44.066 12425 14638 I LocatorService: lbs-onHandleIntent -- passive repeat
07-16 05:07:44.066 12425 14638 W LocationUtil: lbs-requestPassiveUpdates start
07-16 05:07:45.265   257   569 D WifiLocator: Too many no-location APs. Will not compute a location nor go to the server. hasLocation=0 noLocation=0 cacheMiss=0
07-16 05:08:29.101 12425 14639 I LocatorService: lbs-onHandleIntent ------ accuracy bad, skip
07-16 05:08:29.101 12425 14639 I LocatorService: lbs-onHandleIntent -- passive repeat
07-16 05:08:29.101 12425 14639 W LocationUtil: lbs-requestPassiveUpdates start
07-16 05:08:29.136   210   212 D dalvikvm: GC_CONCURRENT freed 384K, 41% free 10385K/17479K, paused 1ms+3ms
07-16 05:08:30.300   257   569 D WifiLocator: Too many no-location APs. Will not compute a location nor go to the server. hasLocation=0 noLocation=0 cacheMiss=0
07-16 05:08:34.058 12425 14640 I LocatorService: lbs-onHandleIntent ------ accuracy bad, skip
07-16 05:08:34.058 12425 14640 I LocatorService: lbs-onHandleIntent -- passive repeat
07-16 05:08:34.058 12425 14640 W LocationUtil: lbs-requestPassiveUpdates start
07-16 05:08:46.121 12243 12243 I PhoneLab-Locks: wake lock acquired
07-16 05:08:46.148 12243 12243 I PhoneLab-StatusMonitor: Status Monitoring is started
07-16 05:08:46.203 12243 12245 D dalvikvm: GC_CONCURRENT freed 462K, 17% free 9248K/11079K, paused 2ms+2ms
07-16 05:08:46.211 12243 12243 I PhoneLab-StatusMonitor: Value: 10 - unit: min
07-16 05:08:46.211 12243 12243 I PhoneLab-StatusMonitor: Running interval: 600000
07-16 05:08:46.230 12243 12243 I PhoneLab-StatusMonitor: Rescheduling status monitoring...
07-16 05:08:46.230 12243 12243 I PhoneLab-Locks: wake lock released
07-16 05:09:14.011 12243 12243 I PhoneLab-StatusMonitorLocation: Learning Location
07-16 05:09:14.011 12243 12243 I PhoneLab-Locks: wake lock acquired
07-16 05:09:14.031  1092  1092 D WeatherGadgetConfigurePreferences: LOC_KEY + 6: null
07-16 05:09:14.062 12243 12243 I PhoneLab-Locks: wake lock acquired
07-16 05:09:14.074 12243 12243 I PhoneLab-StatusMonitorLocation: Learning Signal Strgth
07-16 05:09:14.074 12243 12243 I PhoneLab-Locks: wake lock acquired
07-16 05:09:14.129   141   143 D dalvikvm: GC_CONCURRENT freed 1479K, 19% free 15762K/19399K, paused 3ms+6ms
07-16 05:09:14.214   257   483 D androidNetworkLocationListeners: Still have listener com.google.android.location.internal.client.NetworkLocationClient$1@41393a88
07-16 05:09:14.218 13602 13604 D dalvikvm: GC_CONCURRENT freed 451K, 6% free 9278K/9863K, paused 2ms+2ms
07-16 05:09:14.234   257   569 D WifiLocator: Too many no-location APs. Will not compute a location nor go to the server. hasLocation=0 noLocation=0 cacheMiss=0
07-16 05:09:14.234 12243 12243 I PhoneLab-StatusMonitorBattery: Battery_level: 94
07-16 05:09:14.234 12243 12243 I PhoneLab-Locks: wake lock released
07-16 05:09:14.234   257   483 D androidNetworkLocationListeners: Still have listener com.google.android.location.internal.client.NetworkLocationClient$1@41393a88
07-16 05:09:14.242 12243 12243 I PhoneLab-StatusMonitorSignal: Signal_Strength: -86 asu: 14
07-16 05:09:14.242 12243 12243 I PhoneLab-Locks: wake lock released
07-16 05:09:14.242   257   483 D androidNetworkLocationListeners: Still have listener com.google.android.location.internal.client.NetworkLocationClient$1@41393a88
07-16 05:09:14.246   257   483 D androidNetworkLocationListeners: Still have listener com.google.android.location.internal.client.NetworkLocationClient$1@41393a88
07-16 05:09:14.250   257   569 D WifiLocator: Too many no-location APs. Will not compute a location nor go to the server. hasLocation=0 noLocation=0 cacheMiss=0
07-16 05:09:14.273 12243 12243 I PhoneLab-StatusMonitorLocation: Location_Latitude: 43.2000339 Longitude: -77.4972015 Accuracy: 2251.0
07-16 05:09:14.273 12243 12243 I PhoneLab-Locks: wake lock released
07-16 05:09:14.273   257   483 D androidNetworkLocationListeners: Still have listener com.google.android.location.internal.client.NetworkLocationClient$1@41393a88
07-16 05:09:14.281   257   569 D WifiLocator: Too many no-location APs. Will not compute a location nor go to the server. hasLocation=0 noLocation=0 cacheMiss=0
07-16 05:09:14.296 12425 14646 I LocatorService: lbs-onHandleIntent ------ accuracy bad, skip
07-16 05:09:14.296 12425 14646 I LocatorService: lbs-onHandleIntent -- passive repeat
07-16 05:09:14.296 12425 14646 W LocationUtil: lbs-requestPassiveUpdates start
07-16 05:09:14.316 12425 14647 I LocatorService: lbs-onHandleIntent ------ accuracy bad, skip
07-16 05:09:14.316 12425 14647 I LocatorService: lbs-onHandleIntent -- passive repeat
07-16 05:09:14.316 12425 14647 W LocationUtil: lbs-requestPassiveUpdates start
07-16 05:09:14.324 12425 14648 I LocatorService: lbs-onHandleIntent ------ accuracy bad, skip
07-16 05:09:14.324 12425 14648 I LocatorService: lbs-onHandleIntent -- passive repeat
07-16 05:09:14.324 12425 14648 W LocationUtil: lbs-requestPassiveUpdates start
07-16 05:09:59.328   257   569 D WifiLocator: Too many no-location APs. Will not compute a location nor go to the server. hasLocation=0 noLocation=0 cacheMiss=0
07-16 05:09:59.347 12425 14649 I LocatorService: lbs-onHandleIntent ------ accuracy bad, skip
07-16 05:09:59.347 12425 14649 I LocatorService: lbs-onHandleIntent -- passive repeat
07-16 05:09:59.347 12425 14649 W LocationUtil: lbs-requestPassiveUpdates start
07-16 05:10:44.367   257   569 D WifiLocator: Too many no-location APs. Will not compute a location nor go to the server. hasLocation=0 noLocation=0 cacheMiss=0
07-16 05:10:44.382 12425 14651 I LocatorService: lbs-onHandleIntent ------ accuracy bad, skip
07-16 05:10:44.382 12425 14651 I LocatorService: lbs-onHandleIntent -- passive repeat
07-16 05:10:44.382 12425 14651 W LocationUtil: lbs-requestPassiveUpdates start
07-16 05:11:29.398   257   569 D WifiLocator: Too many no-location APs. Will not compute a location nor go to the server. hasLocation=0 noLocation=0 cacheMiss=0
07-16 05:11:29.414 12425 14652 I LocatorService: lbs-onHandleIntent ------ accuracy bad, skip
07-16 05:11:29.414 12425 14652 I LocatorService: lbs-onHandleIntent -- passive repeat
07-16 05:11:29.414 12425 14652 W LocationUtil: lbs-requestPassiveUpdates start
07-16 05:12:14.410   257   569 D WifiLocator: Too many no-location APs. Will not compute a location nor go to the server. hasLocation=0 noLocation=0 cacheMiss=0
07-16 05:12:14.429 12425 14653 I LocatorService: lbs-onHandleIntent ------ accuracy bad, skip
07-16 05:12:14.429 12425 14653 I LocatorService: lbs-onHandleIntent -- passive repeat
07-16 05:12:14.429 12425 14653 W LocationUtil: lbs-requestPassiveUpdates start
07-16 05:12:59.461   257   569 D WifiLocator: Too many no-location APs. Will not compute a location nor go to the server. hasLocation=0 noLocation=0 cacheMiss=0
07-16 05:12:59.484 12425 14654 I LocatorService: lbs-onHandleIntent ------ accuracy bad, skip
07-16 05:12:59.484 12425 14654 I LocatorService: lbs-onHandleIntent -- passive repeat
07-16 05:12:59.484 12425 14654 W LocationUtil: lbs-requestPassiveUpdates start
07-16 05:13:44.488   257   569 D WifiLocator: Too many no-location APs. Will not compute a location nor go to the server. hasLocation=0 noLocation=0 cacheMiss=0
07-16 05:13:44.504 12425 14655 I LocatorService: lbs-onHandleIntent ------ accuracy bad, skip
07-16 05:13:44.504 12425 14655 I LocatorService: lbs-onHandleIntent -- passive repeat
07-16 05:13:44.504 12425 14655 W LocationUtil: lbs-requestPassiveUpdates start
07-16 05:14:29.027  1092  1092 D WeatherGadgetConfigurePreferences: LOC_KEY + 6: null
07-16 05:14:29.113   257   483 D androidNetworkLocationListeners: Still have listener com.google.android.location.internal.client.NetworkLocationClient$1@41393a88
07-16 05:14:29.121   257   569 D WifiLocator: Too many no-location APs. Will not compute a location nor go to the server. hasLocation=0 noLocation=0 cacheMiss=0
07-16 05:14:29.125   257   483 D androidNetworkLocationListeners: Still have listener com.google.android.location.internal.client.NetworkLocationClient$1@41393a88
07-16 05:14:29.132   257   569 D WifiLocator: Too many no-location APs. Will not compute a location nor go to the server. hasLocation=0 noLocation=0 cacheMiss=0
07-16 05:14:29.148 12425 14657 I LocatorService: lbs-onHandleIntent ------ accuracy bad, skip
07-16 05:14:29.148 12425 14657 I LocatorService: lbs-onHandleIntent -- passive repeat
07-16 05:14:29.148 12425 14657 W LocationUtil: lbs-requestPassiveUpdates start
07-16 05:14:29.164 12425 14658 I LocatorService: lbs-onHandleIntent ------ accuracy bad, skip
07-16 05:14:29.164 12425 14658 I LocatorService: lbs-onHandleIntent -- passive repeat
07-16 05:14:29.164 12425 14658 W LocationUtil: lbs-requestPassiveUpdates start
07-16 05:15:14.175   257   569 D WifiLocator: Too many no-location APs. Will not compute a location nor go to the server. hasLocation=0 noLocation=0 cacheMiss=0
07-16 05:15:14.195 12425 14659 I LocatorService: lbs-onHandleIntent ------ accuracy bad, skip
07-16 05:15:14.195 12425 14659 I LocatorService: lbs-onHandleIntent -- passive repeat
07-16 05:15:14.195 12425 14659 W LocationUtil: lbs-requestPassiveUpdates start
07-16 05:15:59.215   257   569 D WifiLocator: Too many no-location APs. Will not compute a location nor go to the server. hasLocation=0 noLocation=0 cacheMiss=0
07-16 05:15:59.230 12425 14660 I LocatorService: lbs-onHandleIntent ------ accuracy bad, skip
07-16 05:15:59.230 12425 14660 I LocatorService: lbs-onHandleIntent -- passive repeat
07-16 05:15:59.230 12425 14660 W LocationUtil: lbs-requestPassiveUpdates start
07-16 05:16:44.207   257   569 D WifiLocator: Too many no-location APs. Will not compute a location nor go to the server. hasLocation=0 noLocation=0 cacheMiss=0
07-16 05:16:44.234 12425 14661 I LocatorService: lbs-onHandleIntent ------ accuracy bad, skip
07-16 05:16:44.234 12425 14661 I LocatorService: lbs-onHandleIntent -- passive repeat
07-16 05:16:44.234 12425 14661 W LocationUtil: lbs-requestPassiveUpdates start
07-16 05:17:29.215   257   569 D WifiLocator: Too many no-location APs. Will not compute a location nor go to the server. hasLocation=0 noLocation=0 cacheMiss=0
07-16 05:17:29.242 12425 14662 I LocatorService: lbs-onHandleIntent ------ accuracy bad, skip
07-16 05:17:29.242 12425 14662 I LocatorService: lbs-onHandleIntent -- passive repeat
07-16 05:17:29.242 12425 14662 W LocationUtil: lbs-requestPassiveUpdates start
07-16 05:18:14.226   257   569 D WifiLocator: Too many no-location APs. Will not compute a location nor go to the server. hasLocation=0 noLocation=0 cacheMiss=0
07-16 05:18:14.254 12425 14663 I LocatorService: lbs-onHandleIntent ------ accuracy bad, skip
07-16 05:18:14.254 12425 14663 I LocatorService: lbs-onHandleIntent -- passive repeat
07-16 05:18:14.254 12425 14663 W LocationUtil: lbs-requestPassiveUpdates start
07-16 05:18:46.238 12243 12243 I PhoneLab-Locks: wake lock acquired
07-16 05:18:46.277 12243 12243 I PhoneLab-StatusMonitor: Status Monitoring is started
07-16 05:18:46.320 12243 12245 D dalvikvm: GC_CONCURRENT freed 509K, 17% free 9249K/11079K, paused 2ms+2ms
07-16 05:18:46.332 12243 12243 I PhoneLab-StatusMonitor: Value: 10 - unit: min
07-16 05:18:46.332 12243 12243 I PhoneLab-StatusMonitor: Running interval: 600000
07-16 05:18:46.343 12243 12243 I PhoneLab-StatusMonitor: Rescheduling status monitoring...
07-16 05:18:46.343 12243 12243 I PhoneLab-Locks: wake lock released
07-16 05:18:46.347 12243 12243 I PhoneLab-StatusMonitorLocation: Learning Location
07-16 05:18:46.347 12243 12243 I PhoneLab-Locks: wake lock acquired
07-16 05:18:46.351 12243 12243 I PhoneLab-Locks: wake lock acquired
07-16 05:18:46.355 12243 12243 I PhoneLab-StatusMonitorLocation: Learning Signal Strgth
07-16 05:18:46.355 12243 12243 I PhoneLab-Locks: wake lock acquired
07-16 05:18:46.355   257   483 D androidNetworkLocationListeners: Still have listener com.google.android.location.internal.client.NetworkLocationClient$1@41393a88
07-16 05:18:46.363   257   483 D androidNetworkLocationListeners: Still have listener com.google.android.location.internal.client.NetworkLocationClient$1@41393a88
07-16 05:18:46.363 12243 12243 I PhoneLab-StatusMonitorBattery: Battery_level: 95
07-16 05:18:46.363 12243 12243 I PhoneLab-Locks: wake lock released
07-16 05:18:46.363 12243 12243 I PhoneLab-StatusMonitorSignal: Signal_Strength: -86 asu: 14
07-16 05:18:46.363 12243 12243 I PhoneLab-Locks: wake lock released
07-16 05:18:46.367   257   569 D WifiLocator: Too many no-location APs. Will not compute a location nor go to the server. hasLocation=0 noLocation=0 cacheMiss=0
07-16 05:18:46.375   257   569 D WifiLocator: Too many no-location APs. Will not compute a location nor go to the server. hasLocation=0 noLocation=0 cacheMiss=0
07-16 05:18:46.386 12243 12243 I PhoneLab-StatusMonitorLocation: Location_Latitude: 43.2000339 Longitude: -77.4972015 Accuracy: 2251.0
07-16 05:18:46.386 12243 12243 I PhoneLab-Locks: wake lock released
07-16 05:18:46.390   257   483 D androidNetworkLocationListeners: Still have listener com.google.android.location.internal.client.NetworkLocationClient$1@41393a88
07-16 05:18:46.398   257   569 D WifiLocator: Too many no-location APs. Will not compute a location nor go to the server. hasLocation=0 noLocation=0 cacheMiss=0
07-16 05:18:46.410 12425 14667 I LocatorService: lbs-onHandleIntent ------ accuracy bad, skip
07-16 05:18:46.410 12425 14667 I LocatorService: lbs-onHandleIntent -- passive repeat
07-16 05:18:46.410 12425 14667 W LocationUtil: lbs-requestPassiveUpdates start
07-16 05:18:46.429 12425 14668 I LocatorService: lbs-onHandleIntent ------ accuracy bad, skip
07-16 05:18:46.429 12425 14668 I LocatorService: lbs-onHandleIntent -- passive repeat
07-16 05:18:46.429 12425 14668 W LocationUtil: lbs-requestPassiveUpdates start
07-16 05:18:46.437 12425 14669 I LocatorService: lbs-onHandleIntent ------ accuracy bad, skip
07-16 05:18:46.437 12425 14669 I LocatorService: lbs-onHandleIntent -- passive repeat
07-16 05:18:46.437 12425 14669 W LocationUtil: lbs-requestPassiveUpdates start
07-16 05:18:46.519   141   143 D dalvikvm: GC_CONCURRENT freed 1561K, 19% free 15764K/19399K, paused 3ms+8ms
07-16 05:19:31.035  1092  1092 D WeatherGadgetConfigurePreferences: LOC_KEY + 6: null
07-16 05:19:31.121   257   483 D androidNetworkLocationListeners: Still have listener com.google.android.location.internal.client.NetworkLocationClient$1@41393a88
07-16 05:19:31.125   257   483 D androidNetworkLocationListeners: Still have listener com.google.android.location.internal.client.NetworkLocationClient$1@41393a88
07-16 05:19:31.129   257   569 D WifiLocator: Too many no-location APs. Will not compute a location nor go to the server. hasLocation=0 noLocation=0 cacheMiss=0
07-16 05:19:31.136   257   569 D WifiLocator: Too many no-location APs. Will not compute a location nor go to the server. hasLocation=0 noLocation=0 cacheMiss=0
07-16 05:19:31.152 12425 14671 I LocatorService: lbs-onHandleIntent ------ accuracy bad, skip
07-16 05:19:31.152 12425 14671 I LocatorService: lbs-onHandleIntent -- passive repeat
07-16 05:19:31.152 12425 14671 W LocationUtil: lbs-requestPassiveUpdates start
07-16 05:19:31.168 12425 14672 I LocatorService: lbs-onHandleIntent ------ accuracy bad, skip
07-16 05:19:31.168 12425 14672 I LocatorService: lbs-onHandleIntent -- passive repeat
07-16 05:19:31.168 12425 14672 W LocationUtil: lbs-requestPassiveUpdates start
07-16 05:20:16.211   141   141 D dalvikvm: GC_EXPLICIT freed 260K, 20% free 15671K/19399K, paused 3ms+6ms
07-16 05:20:16.218   257   569 D WifiLocator: Too many no-location APs. Will not compute a location nor go to the server. hasLocation=0 noLocation=0 cacheMiss=0
07-16 05:20:16.234 12425 14673 I LocatorService: lbs-onHandleIntent ------ accuracy bad, skip
07-16 05:20:16.234 12425 14673 I LocatorService: lbs-onHandleIntent -- passive repeat
07-16 05:20:16.234 12425 14673 W LocationUtil: lbs-requestPassiveUpdates start
07-16 05:21:01.230   257   569 D WifiLocator: Too many no-location APs. Will not compute a location nor go to the server. hasLocation=0 noLocation=0 cacheMiss=0
07-16 05:21:01.265 12425 14674 I LocatorService: lbs-onHandleIntent ------ accuracy bad, skip
07-16 05:21:01.265 12425 14674 I LocatorService: lbs-onHandleIntent -- passive repeat
07-16 05:21:01.265 12425 14674 W LocationUtil: lbs-requestPassiveUpdates start
07-16 05:21:46.234   257   569 D WifiLocator: Too many no-location APs. Will not compute a location nor go to the server. hasLocation=0 noLocation=0 cacheMiss=0
07-16 05:21:46.273 12425 14677 I LocatorService: lbs-onHandleIntent ------ accuracy bad, skip
07-16 05:21:46.273 12425 14677 I LocatorService: lbs-onHandleIntent -- passive repeat
07-16 05:21:46.273 12425 14677 W LocationUtil: lbs-requestPassiveUpdates start
07-16 05:21:46.824   210   210 D dalvikvm: GC_FOR_ALLOC freed 325K, 41% free 10405K/17479K, paused 19ms
07-16 05:21:46.863   210   210 D dalvikvm: GC_FOR_ALLOC freed 429K, 41% free 10335K/17479K, paused 17ms
07-16 05:21:46.906   210   212 D dalvikvm: GC_CONCURRENT freed 499K, 42% free 10291K/17479K, paused 2ms+3ms
07-16 05:21:46.980   210   212 D dalvikvm: GC_CONCURRENT freed 454K, 41% free 10345K/17479K, paused 2ms+3ms
07-16 05:22:31.277   257   569 D WifiLocator: Too many no-location APs. Will not compute a location nor go to the server. hasLocation=0 noLocation=0 cacheMiss=0
07-16 05:22:31.296 12425 14678 I LocatorService: lbs-onHandleIntent ------ accuracy bad, skip
07-16 05:22:31.296 12425 14678 I LocatorService: lbs-onHandleIntent -- passive repeat
07-16 05:22:31.296 12425 14678 W LocationUtil: lbs-requestPassiveUpdates start
07-16 05:23:16.336   257   569 D WifiLocator: Too many no-location APs. Will not compute a location nor go to the server. hasLocation=0 noLocation=0 cacheMiss=0
07-16 05:23:16.355 12425 14679 I LocatorService: lbs-onHandleIntent ------ accuracy bad, skip
07-16 05:23:16.355 12425 14679 I LocatorService: lbs-onHandleIntent -- passive repeat
07-16 05:23:16.355 12425 14679 W LocationUtil: lbs-requestPassiveUpdates start
07-16 05:24:01.023  1092  1092 D WeatherGadgetConfigurePreferences: LOC_KEY + 6: null
07-16 05:24:01.121   257   483 D androidNetworkLocationListeners: Still have listener com.google.android.location.internal.client.NetworkLocationClient$1@41393a88
07-16 05:24:01.125   257   483 D androidNetworkLocationListeners: Still have listener com.google.android.location.internal.client.NetworkLocationClient$1@41393a88
07-16 05:24:01.125   257   569 D WifiLocator: Too many no-location APs. Will not compute a location nor go to the server. hasLocation=0 noLocation=0 cacheMiss=0
07-16 05:24:01.136   257   569 D WifiLocator: Too many no-location APs. Will not compute a location nor go to the server. hasLocation=0 noLocation=0 cacheMiss=0
07-16 05:24:01.160 12425 14681 I LocatorService: lbs-onHandleIntent ------ accuracy bad, skip
07-16 05:24:01.160 12425 14681 I LocatorService: lbs-onHandleIntent -- passive repeat
07-16 05:24:01.160 12425 14681 W LocationUtil: lbs-requestPassiveUpdates start
07-16 05:24:01.168 12425 14682 I LocatorService: lbs-onHandleIntent ------ accuracy bad, skip
07-16 05:24:01.168 12425 14682 I LocatorService: lbs-onHandleIntent -- passive repeat
07-16 05:24:01.168 12425 14682 W LocationUtil: lbs-requestPassiveUpdates start
07-16 05:24:46.164   257   569 D WifiLocator: Too many no-location APs. Will not compute a location nor go to the server. hasLocation=0 noLocation=0 cacheMiss=0
07-16 05:24:46.195 12425 14683 I LocatorService: lbs-onHandleIntent ------ accuracy bad, skip
07-16 05:24:46.195 12425 14683 I LocatorService: lbs-onHandleIntent -- passive repeat
07-16 05:24:46.195 12425 14683 W LocationUtil: lbs-requestPassiveUpdates start
07-16 05:25:31.222   257   569 D WifiLocator: Too many no-location APs. Will not compute a location nor go to the server. hasLocation=0 noLocation=0 cacheMiss=0
07-16 05:25:31.238 12425 14684 I LocatorService: lbs-onHandleIntent ------ accuracy bad, skip
07-16 05:25:31.238 12425 14684 I LocatorService: lbs-onHandleIntent -- passive repeat
07-16 05:25:31.238 12425 14684 W LocationUtil: lbs-requestPassiveUpdates start
07-16 05:26:16.062   334   337 D dalvikvm: GC_CONCURRENT freed 385K, 7% free 9446K/10055K, paused 3ms+3ms
07-16 05:26:16.191   257   569 D WifiLocator: Too many no-location APs. Will not compute a location nor go to the server. hasLocation=0 noLocation=0 cacheMiss=0
07-16 05:26:16.230 12425 14685 I LocatorService: lbs-onHandleIntent ------ accuracy bad, skip
07-16 05:26:16.230 12425 14685 I LocatorService: lbs-onHandleIntent -- passive repeat
07-16 05:26:16.230 12425 14685 W LocationUtil: lbs-requestPassiveUpdates start
07-16 05:26:16.246 12425 12428 D dalvikvm: GC_CONCURRENT freed 424K, 6% free 9430K/9991K, paused 1ms+3ms
07-16 05:27:01.136   210   212 D dalvikvm: GC_CONCURRENT freed 399K, 41% free 10337K/17479K, paused 1ms+7ms
07-16 05:27:01.211   257   569 D WifiLocator: Too many no-location APs. Will not compute a location nor go to the server. hasLocation=0 noLocation=0 cacheMiss=0
07-16 05:27:01.234 12425 14686 I LocatorService: lbs-onHandleIntent ------ accuracy bad, skip
07-16 05:27:01.234 12425 14686 I LocatorService: lbs-onHandleIntent -- passive repeat
07-16 05:27:01.234 12425 14686 W LocationUtil: lbs-requestPassiveUpdates start
07-16 05:27:46.269   257   569 D WifiLocator: Too many no-location APs. Will not compute a location nor go to the server. hasLocation=0 noLocation=0 cacheMiss=0
07-16 05:27:46.285 12425 14687 I LocatorService: lbs-onHandleIntent ------ accuracy bad, skip
07-16 05:27:46.285 12425 14687 I LocatorService: lbs-onHandleIntent -- passive repeat
07-16 05:27:46.285 12425 14687 W LocationUtil: lbs-requestPassiveUpdates start
07-16 05:28:04.222   257   565 I EventLogService: Aggregate from 1342429084116 (log), 1342429084116 (data)
07-16 05:28:04.316   257   260 D dalvikvm: GC_CONCURRENT freed 436K, 9% free 10357K/11271K, paused 2ms+2ms
07-16 05:28:31.277   257   569 D WifiLocator: Too many no-location APs. Will not compute a location nor go to the server. hasLocation=0 noLocation=0 cacheMiss=0
07-16 05:28:31.293 12425 14688 I LocatorService: lbs-onHandleIntent ------ accuracy bad, skip
07-16 05:28:31.293 12425 14688 I LocatorService: lbs-onHandleIntent -- passive repeat
07-16 05:28:31.293 12425 14688 W LocationUtil: lbs-requestPassiveUpdates start
07-16 05:28:46.347 12243 12243 I PhoneLab-Locks: wake lock acquired
07-16 05:28:46.371 12243 12243 I PhoneLab-StatusMonitor: Status Monitoring is started
07-16 05:28:46.437 12243 12245 D dalvikvm: GC_CONCURRENT freed 514K, 17% free 9247K/11079K, paused 2ms+2ms
07-16 05:28:46.453 12243 12243 I PhoneLab-StatusMonitor: Value: 10 - unit: min
07-16 05:28:46.453 12243 12243 I PhoneLab-StatusMonitor: Running interval: 600000
07-16 05:28:46.461 12243 12243 I PhoneLab-StatusMonitor: Rescheduling status monitoring...
07-16 05:28:46.461 12243 12243 I PhoneLab-Locks: wake lock released
07-16 05:28:46.468 12243 12243 I PhoneLab-StatusMonitorLocation: Learning Location
07-16 05:28:46.468 12243 12243 I PhoneLab-Locks: wake lock acquired
07-16 05:28:46.468 12243 12243 I PhoneLab-Locks: wake lock acquired
07-16 05:28:46.472 12243 12243 I PhoneLab-StatusMonitorLocation: Learning Signal Strgth
07-16 05:28:46.472 12243 12243 I PhoneLab-Locks: wake lock acquired
07-16 05:28:46.472   257   483 D androidNetworkLocationListeners: Still have listener com.google.android.location.internal.client.NetworkLocationClient$1@41393a88
07-16 05:28:46.480   257   483 D androidNetworkLocationListeners: Still have listener com.google.android.location.internal.client.NetworkLocationClient$1@41393a88
07-16 05:28:46.484 12243 12243 I PhoneLab-StatusMonitorBattery: Battery_level: 95
07-16 05:28:46.484 12243 12243 I PhoneLab-Locks: wake lock released
07-16 05:28:46.484   257   569 D WifiLocator: Too many no-location APs. Will not compute a location nor go to the server. hasLocation=0 noLocation=0 cacheMiss=0
07-16 05:28:46.484 12243 12243 I PhoneLab-StatusMonitorSignal: Signal_Strength: -65 asu: 24
07-16 05:28:46.484 12243 12243 I PhoneLab-Locks: wake lock released
07-16 05:28:46.496   257   569 D WifiLocator: Too many no-location APs. Will not compute a location nor go to the server. hasLocation=0 noLocation=0 cacheMiss=0
07-16 05:28:46.507 12243 12243 I PhoneLab-StatusMonitorLocation: Location_Latitude: 43.2000339 Longitude: -77.4972015 Accuracy: 2251.0
07-16 05:28:46.507 12243 12243 I PhoneLab-Locks: wake lock released
07-16 05:28:46.507   257   483 D androidNetworkLocationListeners: Still have listener com.google.android.location.internal.client.NetworkLocationClient$1@41393a88
07-16 05:28:46.519   257   569 D WifiLocator: Too many no-location APs. Will not compute a location nor go to the server. hasLocation=0 noLocation=0 cacheMiss=0
07-16 05:28:46.535 12425 14692 I LocatorService: lbs-onHandleIntent ------ accuracy bad, skip
07-16 05:28:46.535 12425 14692 I LocatorService: lbs-onHandleIntent -- passive repeat
07-16 05:28:46.535 12425 14692 W LocationUtil: lbs-requestPassiveUpdates start
07-16 05:28:46.550 12425 14693 I LocatorService: lbs-onHandleIntent ------ accuracy bad, skip
07-16 05:28:46.550 12425 14693 I LocatorService: lbs-onHandleIntent -- passive repeat
07-16 05:28:46.550 12425 14693 W LocationUtil: lbs-requestPassiveUpdates start
07-16 05:28:46.558 12425 14694 I LocatorService: lbs-onHandleIntent ------ accuracy bad, skip
07-16 05:28:46.558 12425 14694 I LocatorService: lbs-onHandleIntent -- passive repeat
07-16 05:28:46.558 12425 14694 W LocationUtil: lbs-requestPassiveUpdates start
07-16 05:29:31.027  1092  1092 D WeatherGadgetConfigurePreferences: LOC_KEY + 6: null
07-16 05:29:31.117   257   483 D androidNetworkLocationListeners: Still have listener com.google.android.location.internal.client.NetworkLocationClient$1@41393a88
07-16 05:29:31.129   257   483 D androidNetworkLocationListeners: Still have listener com.google.android.location.internal.client.NetworkLocationClient$1@41393a88
07-16 05:29:31.132   257   569 D WifiLocator: Too many no-location APs. Will not compute a location nor go to the server. hasLocation=0 noLocation=0 cacheMiss=0
07-16 05:29:31.140   257   569 D WifiLocator: Too many no-location APs. Will not compute a location nor go to the server. hasLocation=0 noLocation=0 cacheMiss=0
07-16 05:29:31.164 12425 14696 I LocatorService: lbs-onHandleIntent ------ accuracy bad, skip
07-16 05:29:31.164 12425 14696 I LocatorService: lbs-onHandleIntent -- passive repeat
07-16 05:29:31.164 12425 14696 W LocationUtil: lbs-requestPassiveUpdates start
07-16 05:29:31.172 12425 14697 I LocatorService: lbs-onHandleIntent ------ accuracy bad, skip
07-16 05:29:31.172 12425 14697 I LocatorService: lbs-onHandleIntent -- passive repeat
07-16 05:29:31.172 12425 14697 W LocationUtil: lbs-requestPassiveUpdates start
07-16 05:30:16.148   257   569 D WifiLocator: Too many no-location APs. Will not compute a location nor go to the server. hasLocation=0 noLocation=0 cacheMiss=0
07-16 05:30:16.168 12425 14698 I LocatorService: lbs-onHandleIntent ------ accuracy bad, skip
07-16 05:30:16.168 12425 14698 I LocatorService: lbs-onHandleIntent -- passive repeat
07-16 05:30:16.168 12425 14698 W LocationUtil: lbs-requestPassiveUpdates start
07-16 05:31:01.156   257   569 D WifiLocator: Too many no-location APs. Will not compute a location nor go to the server. hasLocation=0 noLocation=0 cacheMiss=0
07-16 05:31:01.175 12425 14699 I LocatorService: lbs-onHandleIntent ------ accuracy bad, skip
07-16 05:31:01.175 12425 14699 I LocatorService: lbs-onHandleIntent -- passive repeat
07-16 05:31:01.175 12425 14699 W LocationUtil: lbs-requestPassiveUpdates start
07-16 05:31:46.207   257   569 D WifiLocator: Too many no-location APs. Will not compute a location nor go to the server. hasLocation=0 noLocation=0 cacheMiss=0
07-16 05:31:46.222 12425 14700 I LocatorService: lbs-onHandleIntent ------ accuracy bad, skip
07-16 05:31:46.226 12425 14700 I LocatorService: lbs-onHandleIntent -- passive repeat
07-16 05:31:46.226 12425 14700 W LocationUtil: lbs-requestPassiveUpdates start
07-16 05:32:17.175   141   143 D dalvikvm: GC_CONCURRENT freed 1413K, 19% free 15802K/19399K, paused 3ms+7ms
07-16 05:32:31.234   257   569 D WifiLocator: Too many no-location APs. Will not compute a location nor go to the server. hasLocation=0 noLocation=0 cacheMiss=0
07-16 05:32:31.281 12425 12437 D dalvikvm: GC_EXPLICIT freed 80K, 6% free 9398K/9991K, paused 2ms+2ms
07-16 05:32:31.281 12425 14701 I LocatorService: lbs-onHandleIntent ------ accuracy bad, skip
07-16 05:32:31.281 12425 14701 I LocatorService: lbs-onHandleIntent -- passive repeat
07-16 05:32:31.281 12425 14701 W LocationUtil: lbs-requestPassiveUpdates start
07-16 05:33:16.234   257   569 D WifiLocator: Too many no-location APs. Will not compute a location nor go to the server. hasLocation=0 noLocation=0 cacheMiss=0
07-16 05:33:16.261 12425 14702 I LocatorService: lbs-onHandleIntent ------ accuracy bad, skip
07-16 05:33:16.261 12425 14702 I LocatorService: lbs-onHandleIntent -- passive repeat
07-16 05:33:16.261 12425 14702 W LocationUtil: lbs-requestPassiveUpdates start
07-16 05:34:01.019  1092  1092 D WeatherGadgetConfigurePreferences: LOC_KEY + 6: null
07-16 05:34:01.113   257   483 D androidNetworkLocationListeners: Still have listener com.google.android.location.internal.client.NetworkLocationClient$1@41393a88
07-16 05:34:01.117   257   483 D androidNetworkLocationListeners: Still have listener com.google.android.location.internal.client.NetworkLocationClient$1@41393a88
07-16 05:34:01.121   257   569 D WifiLocator: Too many no-location APs. Will not compute a location nor go to the server. hasLocation=0 noLocation=0 cacheMiss=0
07-16 05:34:01.129   257   569 D WifiLocator: Too many no-location APs. Will not compute a location nor go to the server. hasLocation=0 noLocation=0 cacheMiss=0
07-16 05:34:01.144 12425 14704 I LocatorService: lbs-onHandleIntent ------ accuracy bad, skip
07-16 05:34:01.144 12425 14704 I LocatorService: lbs-onHandleIntent -- passive repeat
07-16 05:34:01.144 12425 14704 W LocationUtil: lbs-requestPassiveUpdates start
07-16 05:34:01.160 12425 14705 I LocatorService: lbs-onHandleIntent ------ accuracy bad, skip
07-16 05:34:01.160 12425 14705 I LocatorService: lbs-onHandleIntent -- passive repeat
07-16 05:34:01.160 12425 14705 W LocationUtil: lbs-requestPassiveUpdates start
07-16 05:34:46.156   257   569 D WifiLocator: Too many no-location APs. Will not compute a location nor go to the server. hasLocation=0 noLocation=0 cacheMiss=0
07-16 05:34:46.199 12425 14706 I LocatorService: lbs-onHandleIntent ------ accuracy bad, skip
07-16 05:34:46.199 12425 14706 I LocatorService: lbs-onHandleIntent -- passive repeat
07-16 05:34:46.199 12425 14706 W LocationUtil: lbs-requestPassiveUpdates start
07-16 05:35:31.156   257   569 D WifiLocator: Too many no-location APs. Will not compute a location nor go to the server. hasLocation=0 noLocation=0 cacheMiss=0
07-16 05:35:31.171 12425 14707 I LocatorService: lbs-onHandleIntent ------ accuracy bad, skip
07-16 05:35:31.171 12425 14707 I LocatorService: lbs-onHandleIntent -- passive repeat
07-16 05:35:31.171 12425 14707 W LocationUtil: lbs-requestPassiveUpdates start
07-16 05:36:16.132 13626 13628 D dalvikvm: GC_CONCURRENT freed 389K, 13% free 10184K/11655K, paused 2ms+2ms
07-16 05:36:16.160   257   569 D WifiLocator: Too many no-location APs. Will not compute a location nor go to the server. hasLocation=0 noLocation=0 cacheMiss=0
07-16 05:36:16.175 12425 14708 I LocatorService: lbs-onHandleIntent ------ accuracy bad, skip
07-16 05:36:16.175 12425 14708 I LocatorService: lbs-onHandleIntent -- passive repeat
07-16 05:36:16.175 12425 14708 W LocationUtil: lbs-requestPassiveUpdates start
07-16 05:36:47.246 12243 12243 I PhoneLab-Locks: wake lock acquired
07-16 05:36:47.281 12243 14709 I PhoneLab-PeriodicCheckService: User info is synched
07-16 05:36:47.281 12243 14709 I PhoneLab-PeriodicCheckService: Logger Service is running
07-16 05:36:47.285 12243 14709 I PhoneLab-Locks: wake lock acquired
07-16 05:36:47.285 12243 12243 I PhoneLab-UploadLogs: Transfering log files now
07-16 05:36:47.285 12243 12243 I PhoneLab-UploadLogs: No log files to transfer
07-16 05:36:47.285 12243 12243 I PhoneLab-Locks: wake lock released
07-16 05:36:47.289 12243 12243 I PhoneLab-UploadLogs: OnStartCommand
07-16 05:36:47.289 12243 14709 I PhoneLab-PeriodicCheckService: Rescheduling periodic checking...
07-16 05:36:47.289 12243 14709 I PhoneLab-Locks: wake lock released
07-16 05:37:01.168   257   569 D WifiLocator: Too many no-location APs. Will not compute a location nor go to the server. hasLocation=0 noLocation=0 cacheMiss=0
