07-05 14:16:11.241   545 11329 I DownloadManager: deleting spurious file /data/data/com.android.providers.downloads/cache/metadata-31.htm
07-05 14:16:11.241   545 11329 I DownloadManager: deleting spurious file /data/data/com.android.providers.downloads/cache/metadata-168.htm
07-05 14:16:11.241   545 11329 I DownloadManager: deleting spurious file /data/data/com.android.providers.downloads/cache/metadata-163.htm
07-05 14:16:11.241   545 11329 I DownloadManager: deleting spurious file /data/data/com.android.providers.downloads/cache/metadata-64.htm
07-05 14:16:11.241   545 11329 I DownloadManager: deleting spurious file /data/data/com.android.providers.downloads/cache/metadata-158.htm
07-05 14:16:11.241   545 11329 I DownloadManager: deleting spurious file /data/data/com.android.providers.downloads/cache/metadata-206.htm
07-05 14:16:11.241   545 11329 I DownloadManager: deleting spurious file /data/data/com.android.providers.downloads/cache/metadata-60.htm
07-05 14:16:11.241   545 11329 I DownloadManager: deleting spurious file /data/data/com.android.providers.downloads/cache/metadata-102.htm
07-05 14:16:11.241   545 11329 I DownloadManager: deleting spurious file /data/data/com.android.providers.downloads/cache/metadata-140.htm
07-05 14:16:11.241   545 11329 I DownloadManager: deleting spurious file /data/data/com.android.providers.downloads/cache/metadata-550.htm
07-05 14:16:11.241   545 11329 I DownloadManager: deleting spurious file /data/data/com.android.providers.downloads/cache/metadata-462.htm
07-05 14:16:11.241   545 11329 I DownloadManager: deleting spurious file /data/data/com.android.providers.downloads/cache/metadata-76.htm
07-05 14:16:11.241   545 11329 I DownloadManager: deleting spurious file /data/data/com.android.providers.downloads/cache/metadata-1504.htm
07-05 14:16:11.241   545 11329 I DownloadManager: deleting spurious file /data/data/com.android.providers.downloads/cache/metadata-104.htm
07-05 14:16:11.241   545 11329 I DownloadManager: deleting spurious file /data/data/com.android.providers.downloads/cache/metadata-255.htm
07-05 14:16:11.241   545 11329 I DownloadManager: deleting spurious file /data/data/com.android.providers.downloads/cache/metadata-294.htm
07-05 14:16:11.241   545 11329 I DownloadManager: deleting spurious file /data/data/com.android.providers.downloads/cache/metadata-428.htm
07-05 14:16:11.241   545 11329 I DownloadManager: deleting spurious file /data/data/com.android.providers.downloads/cache/metadata-353.htm
07-05 14:16:11.241   545 11329 I DownloadManager: deleting spurious file /data/data/com.android.providers.downloads/cache/metadata-156.htm
07-05 14:16:11.241   545 11329 I DownloadManager: deleting spurious file /data/data/com.android.providers.downloads/cache/metadata-180.htm
07-05 14:16:11.296   545 11329 D dalvikvm: GC_FOR_ALLOC freed 749K, 8% free 10801K/11719K, paused 24ms
07-05 14:16:11.296   545 11329 I DownloadManager: deleting spurious file /data/data/com.android.providers.downloads/cache/metadata-1364.htm
07-05 14:16:11.300   545 11329 I DownloadManager: deleting spurious file /data/data/com.android.providers.downloads/cache/metadata-229.htm
07-05 14:16:11.300   545 11329 I DownloadManager: deleting spurious file /data/data/com.android.providers.downloads/cache/metadata-149.htm
07-05 14:16:11.300   545 11329 I DownloadManager: deleting spurious file /data/data/com.android.providers.downloads/cache/metadata-1193.htm
07-05 14:16:11.300   545 11329 I DownloadManager: deleting spurious file /data/data/com.android.providers.downloads/cache/metadata-546.htm
07-05 14:16:11.300   545 11329 I DownloadManager: deleting spurious file /data/data/com.android.providers.downloads/cache/metadata-1103.htm
07-05 14:16:11.300   545 11329 I DownloadManager: deleting spurious file /data/data/com.android.providers.downloads/cache/metadata-888.htm
07-05 14:16:11.300   545 11329 I DownloadManager: deleting spurious file /data/data/com.android.providers.downloads/cache/metadata-605.htm
07-05 14:16:11.300   545 11329 I DownloadManager: deleting spurious file /data/data/com.android.providers.downloads/cache/metadata-2383.htm
07-05 14:16:11.300   545 11329 I DownloadManager: deleting spurious file /data/data/com.android.providers.downloads/cache/metadata-1343.htm
07-05 14:16:11.300   545 11329 I DownloadManager: deleting spurious file /data/data/com.android.providers.downloads/cache/metadata-636.htm
07-05 14:16:11.300   545 11329 I DownloadManager: deleting spurious file /data/data/com.android.providers.downloads/cache/metadata-224.htm
07-05 14:16:11.300   545 11329 I DownloadManager: deleting spurious file /data/data/com.android.providers.downloads/cache/metadata-301.htm
07-05 14:16:11.300   545 11329 I DownloadManager: deleting spurious file /data/data/com.android.providers.downloads/cache/metadata-192.htm
07-05 14:16:11.300   545 11329 I DownloadManager: deleting spurious file /data/data/com.android.providers.downloads/cache/metadata-232.htm
07-05 14:16:11.300   545 11329 I DownloadManager: deleting spurious file /data/data/com.android.providers.downloads/cache/metadata-1106.htm
07-05 14:16:11.300   545 11329 I DownloadManager: deleting spurious file /data/data/com.android.providers.downloads/cache/metadata-126.htm
07-05 14:16:11.300   545 11329 I DownloadManager: deleting spurious file /data/data/com.android.providers.downloads/cache/metadata-475.htm
07-05 14:16:11.300   545 11329 I DownloadManager: deleting spurious file /data/data/com.android.providers.downloads/cache/metadata-567.htm
07-05 14:16:11.300   545 11329 I DownloadManager: deleting spurious file /data/data/com.android.providers.downloads/cache/metadata-336.htm
07-05 14:16:11.300   545 11329 I DownloadManager: deleting spurious file /data/data/com.android.providers.downloads/cache/metadata-606.htm
07-05 14:16:11.300   545 11329 I DownloadManager: deleting spurious file /data/data/com.android.providers.downloads/cache/metadata-73.htm
07-05 14:16:11.300   545 11329 I DownloadManager: deleting spurious file /data/data/com.android.providers.downloads/cache/metadata-562.htm
07-05 14:16:11.300   545 11329 I DownloadManager: deleting spurious file /data/data/com.android.providers.downloads/cache/metadata-75.htm
07-05 14:16:11.300   545 11329 I DownloadManager: deleting spurious file /data/data/com.android.providers.downloads/cache/metadata-1149.htm
07-05 14:16:11.300   545 11329 I DownloadManager: deleting spurious file /data/data/com.android.providers.downloads/cache/metadata-116.htm
07-05 14:16:11.303   545 11329 I DownloadManager: deleting spurious file /data/data/com.android.providers.downloads/cache/metadata-556.htm
07-05 14:16:11.303   545 11329 I DownloadManager: deleting spurious file /data/data/com.android.providers.downloads/cache/metadata-528.htm
07-05 14:16:11.303   545 11329 I DownloadManager: deleting spurious file /data/data/com.android.providers.downloads/cache/metadata-1352.htm
07-05 14:16:11.303   545 11329 I DownloadManager: deleting spurious file /data/data/com.android.providers.downloads/cache/metadata-1321.htm
07-05 14:16:11.303   545 11329 I DownloadManager: deleting spurious file /data/data/com.android.providers.downloads/cache/metadata-1507.htm
07-05 14:16:11.303   545 11329 I DownloadManager: deleting spurious file /data/data/com.android.providers.downloads/cache/metadata-383.htm
07-05 14:16:11.303   545 11329 I DownloadManager: deleting spurious file /data/data/com.android.providers.downloads/cache/metadata-113.htm
07-05 14:16:11.303   545 11329 I DownloadManager: deleting spurious file /data/data/com.android.providers.downloads/cache/metadata-1701.htm
07-05 14:16:11.303   545 11329 I DownloadManager: deleting spurious file /data/data/com.android.providers.downloads/cache/metadata-995.htm
07-05 14:16:11.303   545 11329 I DownloadManager: deleting spurious file /data/data/com.android.providers.downloads/cache/metadata-506.htm
07-05 14:16:11.303   545 11329 I DownloadManager: deleting spurious file /data/data/com.android.providers.downloads/cache/metadata-844.htm
07-05 14:16:11.303   545 11329 I DownloadManager: deleting spurious file /data/data/com.android.providers.downloads/cache/metadata-972.htm
07-05 14:16:11.303   545 11329 I DownloadManager: deleting spurious file /data/data/com.android.providers.downloads/cache/metadata-233.htm
07-05 14:16:11.303   545 11329 I DownloadManager: deleting spurious file /data/data/com.android.providers.downloads/cache/metadata-1128.htm
07-05 14:16:11.303   545 11329 I DownloadManager: deleting spurious file /data/data/com.android.providers.downloads/cache/metadata-634.htm
07-05 14:16:11.303   545 11329 I DownloadManager: deleting spurious file /data/data/com.android.providers.downloads/cache/metadata-1480.htm
07-05 14:16:11.303   545 11329 I DownloadManager: deleting spurious file /data/data/com.android.providers.downloads/cache/metadata-1073.htm
07-05 14:16:11.303   545 11329 I DownloadManager: deleting spurious file /data/data/com.android.providers.downloads/cache/metadata-871.htm
07-05 14:16:11.307   545 11329 I DownloadManager: deleting spurious file /data/data/com.android.providers.downloads/cache/metadata-1175.htm
07-05 14:16:11.307   545 11329 I DownloadManager: deleting spurious file /data/data/com.android.providers.downloads/cache/metadata-747.htm
07-05 14:16:11.307   545 11329 I DownloadManager: deleting spurious file /data/data/com.android.providers.downloads/cache/metadata-1159.htm
07-05 14:16:11.307   545 11329 I DownloadManager: deleting spurious file /data/data/com.android.providers.downloads/cache/metadata-1873.htm
07-05 14:16:11.307   545 11329 I DownloadManager: deleting spurious file /data/data/com.android.providers.downloads/cache/metadata-638.htm
07-05 14:16:11.307   545 11329 I DownloadManager: deleting spurious file /data/data/com.android.providers.downloads/cache/metadata-1772.htm
07-05 14:16:11.307   545 11329 I DownloadManager: deleting spurious file /data/data/com.android.providers.downloads/cache/metadata-1473.htm
07-05 14:16:11.307   545 11329 I DownloadManager: deleting spurious file /data/data/com.android.providers.downloads/cache/metadata-943.htm
07-05 14:16:11.307   545 11329 I DownloadManager: deleting spurious file /data/data/com.android.providers.downloads/cache/metadata-1883.htm
07-05 14:16:11.307   545 11329 I DownloadManager: deleting spurious file /data/data/com.android.providers.downloads/cache/metadata-1319.htm
07-05 14:16:11.307   545 11329 I DownloadManager: deleting spurious file /data/data/com.android.providers.downloads/cache/metadata-975.htm
07-05 14:16:11.307   545 11329 I DownloadManager: deleting spurious file /data/data/com.android.providers.downloads/cache/metadata-873.htm
07-05 14:16:11.307   545 11329 I DownloadManager: deleting spurious file /data/data/com.android.providers.downloads/cache/metadata-731.htm
07-05 14:16:11.307   545 11329 I DownloadManager: deleting spurious file /data/data/com.android.providers.downloads/cache/metadata-1890.htm
07-05 14:16:11.307   545 11329 I DownloadManager: deleting spurious file /data/data/com.android.providers.downloads/cache/metadata-2240.htm
07-05 14:16:11.307   545 11329 I DownloadManager: deleting spurious file /data/data/com.android.providers.downloads/cache/metadata-1262.htm
07-05 14:16:11.307   545 11329 I DownloadManager: deleting spurious file /data/data/com.android.providers.downloads/cache/metadata-1118.htm
07-05 14:16:11.307   545 11329 I DownloadManager: deleting spurious file /data/data/com.android.providers.downloads/cache/metadata-374.htm
07-05 14:16:11.307   545 11329 I DownloadManager: deleting spurious file /data/data/com.android.providers.downloads/cache/metadata-1170.htm
07-05 14:16:11.307   545 11329 I DownloadManager: deleting spurious file /data/data/com.android.providers.downloads/cache/metadata-1649.htm
07-05 14:16:11.307   545 11329 I DownloadManager: deleting spurious file /data/data/com.android.providers.downloads/cache/metadata-1272.htm
07-05 14:16:11.307   545 11329 I DownloadManager: deleting spurious file /data/data/com.android.providers.downloads/cache/metadata-1315.htm
07-05 14:16:11.307   545 11329 I DownloadManager: deleting spurious file /data/data/com.android.providers.downloads/cache/metadata-1867.htm
07-05 14:16:11.307   545 11329 I DownloadManager: deleting spurious file /data/data/com.android.providers.downloads/cache/metadata-277.htm
07-05 14:16:11.307   545 11329 I DownloadManager: deleting spurious file /data/data/com.android.providers.downloads/cache/metadata-1171.htm
07-05 14:16:11.307   545 11329 I DownloadManager: deleting spurious file /data/data/com.android.providers.downloads/cache/metadata-587.htm
07-05 14:16:11.311   545 11329 I DownloadManager: deleting spurious file /data/data/com.android.providers.downloads/cache/metadata-183.htm
07-05 14:16:11.311   545 11329 I DownloadManager: deleting spurious file /data/data/com.android.providers.downloads/cache/metadata-1529.htm
07-05 14:16:11.311   545 11329 I DownloadManager: deleting spurious file /data/data/com.android.providers.downloads/cache/metadata-851.htm
07-05 14:16:11.311   545 11329 I DownloadManager: deleting spurious file /data/data/com.android.providers.downloads/cache/metadata-2075.htm
07-05 14:16:11.311   545 11329 I DownloadManager: deleting spurious file /data/data/com.android.providers.downloads/cache/metadata-738.htm
07-05 14:16:11.311   545 11329 I DownloadManager: deleting spurious file /data/data/com.android.providers.downloads/cache/metadata-721.htm
07-05 14:16:11.311   545 11329 I DownloadManager: deleting spurious file /data/data/com.android.providers.downloads/cache/metadata-1354.htm
07-05 14:16:11.311   545 11329 I DownloadManager: deleting spurious file /data/data/com.android.providers.downloads/cache/metadata-707.htm
07-05 14:16:11.311   545 11329 I DownloadManager: deleting spurious file /data/data/com.android.providers.downloads/cache/metadata-1445.htm
07-05 14:16:11.311   545 11329 I DownloadManager: deleting spurious file /data/data/com.android.providers.downloads/cache/metadata-1574.htm
07-05 14:16:11.311   545 11329 I DownloadManager: deleting spurious file /data/data/com.android.providers.downloads/cache/metadata-1820.htm
07-05 14:16:11.311   545 11329 I DownloadManager: deleting spurious file /data/data/com.android.providers.downloads/cache/metadata-2098.htm
07-05 14:16:11.311   545 11329 I DownloadManager: deleting spurious file /data/data/com.android.providers.downloads/cache/metadata-2093.htm
07-05 14:16:11.311   545 11329 I DownloadManager: deleting spurious file /data/data/com.android.providers.downloads/cache/metadata-1653.htm
07-05 14:16:11.311   545 11329 I DownloadManager: deleting spurious file /data/data/com.android.providers.downloads/cache/metadata-2119.htm
07-05 14:16:11.311   545 11329 I DownloadManager: deleting spurious file /data/data/com.android.providers.downloads/cache/metadata-785.htm
07-05 14:16:11.311   545 11329 I DownloadManager: deleting spurious file /data/data/com.android.providers.downloads/cache/metadata-1015.htm
07-05 14:16:11.311   545 11329 I DownloadManager: deleting spurious file /data/data/com.android.providers.downloads/cache/metadata-770.htm
07-05 14:16:11.311   545 11329 I DownloadManager: deleting spurious file /data/data/com.android.providers.downloads/cache/metadata-2052.htm
07-05 14:16:11.311   545 11329 I DownloadManager: deleting spurious file /data/data/com.android.providers.downloads/cache/metadata-1042.htm
07-05 14:16:11.311   545 11329 I DownloadManager: deleting spurious file /data/data/com.android.providers.downloads/cache/metadata-1371.htm
07-05 14:16:11.311   545 11329 I DownloadManager: deleting spurious file /data/data/com.android.providers.downloads/cache/metadata-929.htm
07-05 14:16:11.311   545 11329 I DownloadManager: deleting spurious file /data/data/com.android.providers.downloads/cache/metadata-1069.htm
07-05 14:16:11.311   545 11329 I DownloadManager: deleting spurious file /data/data/com.android.providers.downloads/cache/metadata-2303.htm
07-05 14:16:11.311   545 11329 I DownloadManager: deleting spurious file /data/data/com.android.providers.downloads/cache/metadata-2248.htm
07-05 14:16:11.667   545   548 D dalvikvm: GC_CONCURRENT freed 743K, 11% free 10545K/11719K, paused 3ms+3ms
07-05 14:16:11.983   545   548 D dalvikvm: GC_CONCURRENT freed 414K, 11% free 10535K/11719K, paused 2ms+3ms
07-05 14:16:13.839   545 11330 I DownloadManager: Initiating request for download 5174
07-05 14:16:13.913   545   548 D dalvikvm: GC_CONCURRENT freed 282K, 9% free 10702K/11719K, paused 2ms+3ms
07-05 14:16:14.011   545   548 D dalvikvm: GC_CONCURRENT freed 321K, 8% free 10868K/11719K, paused 2ms+3ms
07-05 14:16:14.546   545   548 D dalvikvm: GC_CONCURRENT freed 794K, 10% free 10589K/11719K, paused 2ms+3ms
07-05 14:16:14.882   545   548 D dalvikvm: GC_CONCURRENT freed 435K, 10% free 10580K/11719K, paused 2ms+2ms
07-05 14:16:15.202  1370 11333 E DictionaryProvider:UpdateHandler: Can't read a file : android.util.MalformedJsonException: Use JsonReader.setLenient(true) to accept malformed JSON at line 1 column 20
07-05 14:16:15.245   545   548 D dalvikvm: GC_CONCURRENT freed 452K, 11% free 10546K/11719K, paused 2ms+3ms
07-05 14:16:15.374   545 11335 I DownloadManager: Initiating request for download 5174
07-05 14:16:15.456   545   548 D dalvikvm: GC_CONCURRENT freed 311K, 10% free 10654K/11719K, paused 2ms+3ms
07-05 14:16:15.550   545   548 D dalvikvm: GC_CONCURRENT freed 290K, 8% free 10834K/11719K, paused 2ms+3ms
07-05 14:16:17.421  1370  1372 D dalvikvm: GC_CONCURRENT freed 337K, 6% free 9152K/9735K, paused 2ms+2ms
07-05 14:16:17.835   545   548 D dalvikvm: GC_CONCURRENT freed 781K, 10% free 10558K/11719K, paused 2ms+3ms
07-05 14:16:18.143   545   548 D dalvikvm: GC_CONCURRENT freed 441K, 11% free 10508K/11719K, paused 1ms+3ms
07-05 14:16:18.432   545   548 D dalvikvm: GC_CONCURRENT freed 420K, 11% free 10490K/11719K, paused 2ms+2ms
07-05 14:16:18.628   545 11339 I DownloadManager: Initiating request for download 5175
07-05 14:16:18.776   545   548 D dalvikvm: GC_CONCURRENT freed 288K, 10% free 10663K/11719K, paused 2ms+3ms
07-05 14:16:18.886   545   548 D dalvikvm: GC_CONCURRENT freed 309K, 8% free 10827K/11719K, paused 2ms+3ms
07-05 14:16:19.858   545   548 D dalvikvm: GC_CONCURRENT freed 806K, 11% free 10522K/11719K, paused 2ms+3ms
07-05 14:16:19.975  1370 11341 E DictionaryProvider:UpdateHandler: Can't read a file : android.util.MalformedJsonException: Use JsonReader.setLenient(true) to accept malformed JSON at line 1 column 20
07-05 14:16:20.206   545   548 D dalvikvm: GC_CONCURRENT freed 428K, 11% free 10494K/11719K, paused 2ms+2ms
07-05 14:16:20.534   545   548 D dalvikvm: GC_CONCURRENT freed 423K, 11% free 10474K/11719K, paused 1ms+2ms
07-05 14:16:20.636   545 11344 I DownloadManager: Initiating request for download 5175
07-05 14:16:20.753   545   548 D dalvikvm: GC_CONCURRENT freed 281K, 10% free 10617K/11719K, paused 2ms+4ms
07-05 14:16:20.878   545   548 D dalvikvm: GC_CONCURRENT freed 287K, 8% free 10785K/11719K, paused 2ms+3ms
07-05 14:16:21.167   545   548 D dalvikvm: GC_CONCURRENT freed 803K, 11% free 10449K/11719K, paused 2ms+3ms
07-05 14:16:21.428   545   548 D dalvikvm: GC_CONCURRENT freed 412K, 12% free 10428K/11719K, paused 1ms+2ms
07-05 14:16:21.636   545 11347 I DownloadManager: Initiating request for download 5176
07-05 14:16:21.710   545   548 D dalvikvm: GC_CONCURRENT freed 367K, 11% free 10519K/11719K, paused 2ms+3ms
07-05 14:16:21.843   545   548 D dalvikvm: GC_CONCURRENT freed 261K, 9% free 10690K/11719K, paused 2ms+3ms
07-05 14:16:22.038   545   548 D dalvikvm: GC_CONCURRENT freed 717K, 12% free 10413K/11719K, paused 2ms+2ms
07-05 14:16:22.104  1370 11349 E DictionaryProvider:UpdateHandler: Can't read a file : android.util.MalformedJsonException: Use JsonReader.setLenient(true) to accept malformed JSON at line 1 column 20
07-05 14:16:22.350   545   548 D dalvikvm: GC_CONCURRENT freed 400K, 12% free 10408K/11719K, paused 1ms+3ms
07-05 14:16:22.624   545   548 D dalvikvm: GC_CONCURRENT freed 419K, 12% free 10378K/11719K, paused 2ms+2ms
07-05 14:16:22.667   545 11352 I DownloadManager: Initiating request for download 5176
07-05 14:16:22.772   545   548 D dalvikvm: GC_CONCURRENT freed 195K, 10% free 10622K/11719K, paused 1ms+2ms
07-05 14:16:22.897   545   548 D dalvikvm: GC_CONCURRENT freed 398K, 10% free 10658K/11719K, paused 2ms+3ms
07-05 14:16:23.178   545   548 D dalvikvm: GC_CONCURRENT freed 680K, 12% free 10402K/11719K, paused 2ms+3ms
07-05 14:16:23.436   545   548 D dalvikvm: GC_CONCURRENT freed 408K, 12% free 10385K/11719K, paused 2ms+2ms
07-05 14:16:23.596   545 11355 I DownloadManager: Initiating request for download 5177
07-05 14:16:23.694   545   548 D dalvikvm: GC_CONCURRENT freed 252K, 10% free 10566K/11719K, paused 1ms+3ms
07-05 14:16:23.807   545   548 D dalvikvm: GC_CONCURRENT freed 295K, 9% free 10719K/11719K, paused 2ms+4ms
07-05 14:16:23.995  1370 11357 E DictionaryProvider:UpdateHandler: Can't read a file : android.util.MalformedJsonException: Use JsonReader.setLenient(true) to accept malformed JSON at line 1 column 20
07-05 14:16:24.073   545   548 D dalvikvm: GC_CONCURRENT freed 738K, 12% free 10421K/11719K, paused 2ms+2ms
07-05 14:16:24.331   545   548 D dalvikvm: GC_CONCURRENT freed 417K, 12% free 10392K/11719K, paused 2ms+2ms
07-05 14:16:24.534   545 11360 I DownloadManager: Initiating request for download 5177
07-05 14:16:24.596   545   548 D dalvikvm: GC_CONCURRENT freed 371K, 11% free 10450K/11719K, paused 2ms+3ms
07-05 14:16:24.714   545   548 D dalvikvm: GC_CONCURRENT freed 221K, 9% free 10675K/11719K, paused 2ms+3ms
07-05 14:16:24.874   545   548 D dalvikvm: GC_CONCURRENT freed 655K, 11% free 10452K/11719K, paused 2ms+2ms
07-05 14:16:25.155   545   548 D dalvikvm: GC_CONCURRENT freed 440K, 12% free 10403K/11719K, paused 2ms+2ms
07-05 14:16:25.421   545   548 D dalvikvm: GC_CONCURRENT freed 410K, 12% free 10384K/11719K, paused 1ms+2ms
07-05 14:16:25.526   545 11363 I DownloadManager: Initiating request for download 5178
07-05 14:16:25.632   545   548 D dalvikvm: GC_CONCURRENT freed 212K, 10% free 10609K/11719K, paused 2ms+3ms
07-05 14:16:25.757   545   548 D dalvikvm: GC_CONCURRENT freed 305K, 9% free 10754K/11719K, paused 2ms+2ms
07-05 14:16:26.030   545   548 D dalvikvm: GC_CONCURRENT freed 800K, 12% free 10410K/11719K, paused 2ms+3ms
07-05 14:16:26.296   545   548 D dalvikvm: GC_CONCURRENT freed 403K, 12% free 10393K/11719K, paused 2ms+3ms
07-05 14:16:27.940  1370 11365 E DictionaryProvider:UpdateHandler: Can't read a file : android.util.MalformedJsonException: Use JsonReader.setLenient(true) to accept malformed JSON at line 1 column 20
07-05 14:16:27.983   465 11366 D dalvikvm: GC_EXPLICIT freed 278K, 8% free 10307K/11143K, paused 2ms+3ms
07-05 14:16:28.112  1370  1372 D dalvikvm: GC_CONCURRENT freed 413K, 7% free 9126K/9735K, paused 1ms+2ms
07-05 14:16:28.194   545   548 D dalvikvm: GC_CONCURRENT freed 356K, 12% free 10430K/11719K, paused 1ms+3ms
07-05 14:16:28.460   545   548 D dalvikvm: GC_CONCURRENT freed 421K, 12% free 10400K/11719K, paused 2ms+2ms
07-05 14:16:28.714   545   548 D dalvikvm: GC_CONCURRENT freed 405K, 12% free 10385K/11719K, paused 1ms+3ms
07-05 14:16:29.011   545   548 D dalvikvm: GC_CONCURRENT freed 364K, 12% free 10411K/11719K, paused 2ms+2ms
07-05 14:16:29.276   545   548 D dalvikvm: GC_CONCURRENT freed 409K, 12% free 10392K/11719K, paused 2ms+2ms
07-05 14:16:29.499   545 11368 I DownloadManager: Initiating request for download 5179
07-05 14:16:29.620   545   548 D dalvikvm: GC_CONCURRENT freed 315K, 11% free 10538K/11719K, paused 2ms+3ms
07-05 14:16:29.725   545   548 D dalvikvm: GC_CONCURRENT freed 292K, 9% free 10691K/11719K, paused 2ms+2ms
07-05 14:16:29.901   545   548 D dalvikvm: GC_CONCURRENT freed 679K, 11% free 10453K/11719K, paused 2ms+3ms
07-05 14:16:29.983  1370 11370 E DictionaryProvider:UpdateHandler: Can't read a file : android.util.MalformedJsonException: Use JsonReader.setLenient(true) to accept malformed JSON at line 1 column 20
07-05 14:16:30.214   545   548 D dalvikvm: GC_CONCURRENT freed 433K, 12% free 10410K/11719K, paused 1ms+2ms
07-05 14:16:30.487   545   548 D dalvikvm: GC_CONCURRENT freed 414K, 12% free 10387K/11719K, paused 2ms+2ms
07-05 14:16:30.518   545 11373 I DownloadManager: Initiating request for download 5179
07-05 14:16:30.624   545   548 D dalvikvm: GC_CONCURRENT freed 171K, 10% free 10636K/11719K, paused 1ms+2ms
07-05 14:16:30.753   545   548 D dalvikvm: GC_CONCURRENT freed 406K, 9% free 10669K/11719K, paused 1ms+2ms
07-05 14:16:31.038   545   548 D dalvikvm: GC_CONCURRENT freed 686K, 12% free 10411K/11719K, paused 2ms+3ms
07-05 14:16:31.311   545   548 D dalvikvm: GC_CONCURRENT freed 410K, 12% free 10391K/11719K, paused 2ms+2ms
07-05 14:16:31.483   545 11376 I DownloadManager: Initiating request for download 5180
07-05 14:16:31.589   545   548 D dalvikvm: GC_CONCURRENT freed 250K, 10% free 10578K/11719K, paused 2ms+3ms
07-05 14:16:31.710   545   548 D dalvikvm: GC_CONCURRENT freed 285K, 9% free 10749K/11719K, paused 1ms+3ms
07-05 14:16:31.897  1370 11378 E DictionaryProvider:UpdateHandler: Can't read a file : android.util.MalformedJsonException: Use JsonReader.setLenient(true) to accept malformed JSON at line 1 column 20
07-05 14:16:31.995   545   548 D dalvikvm: GC_CONCURRENT freed 776K, 12% free 10427K/11719K, paused 2ms+3ms
07-05 14:16:32.264   545   548 D dalvikvm: GC_CONCURRENT freed 411K, 12% free 10409K/11719K, paused 2ms+2ms
07-05 14:16:32.452   545 11381 I DownloadManager: Initiating request for download 5180
07-05 14:16:32.518   545   548 D dalvikvm: GC_CONCURRENT freed 351K, 11% free 10464K/11719K, paused 2ms+2ms
07-05 14:16:32.632   545   548 D dalvikvm: GC_CONCURRENT freed 221K, 9% free 10685K/11719K, paused 2ms+3ms
07-05 14:16:32.788   545   548 D dalvikvm: GC_CONCURRENT freed 663K, 11% free 10460K/11719K, paused 2ms+2ms
07-05 14:16:33.077   545   548 D dalvikvm: GC_CONCURRENT freed 441K, 12% free 10410K/11719K, paused 2ms+3ms
07-05 14:16:33.339   545   548 D dalvikvm: GC_CONCURRENT freed 408K, 12% free 10392K/11719K, paused 2ms+2ms
07-05 14:16:33.436   545 11384 I DownloadManager: Initiating request for download 5181
07-05 14:16:33.546   545   548 D dalvikvm: GC_CONCURRENT freed 209K, 10% free 10621K/11719K, paused 2ms+2ms
07-05 14:16:33.659   545   548 D dalvikvm: GC_CONCURRENT freed 296K, 9% free 10765K/11719K, paused 2ms+2ms
07-05 14:16:33.882   545 20266 D dalvikvm: GC_EXPLICIT freed 646K, 11% free 10437K/11719K, paused 2ms+3ms
07-05 14:16:33.889  1370 11386 E DictionaryProvider:UpdateHandler: Can't read a file : android.util.MalformedJsonException: Use JsonReader.setLenient(true) to accept malformed JSON at line 1 column 20
07-05 14:16:34.151   545   548 D dalvikvm: GC_CONCURRENT freed 421K, 12% free 10407K/11719K, paused 2ms+2ms
07-05 14:16:34.378   545 11389 I DownloadManager: Initiating request for download 5181
07-05 14:16:34.428   545   548 D dalvikvm: GC_CONCURRENT freed 396K, 12% free 10421K/11719K, paused 2ms+2ms
07-05 14:16:34.553   545   548 D dalvikvm: GC_CONCURRENT freed 185K, 10% free 10664K/11719K, paused 2ms+3ms
07-05 14:16:34.682   545   548 D dalvikvm: GC_CONCURRENT freed 425K, 9% free 10677K/11719K, paused 2ms+2ms
07-05 14:16:34.987   545   548 D dalvikvm: GC_CONCURRENT freed 693K, 12% free 10415K/11719K, paused 1ms+2ms
07-05 14:16:35.253   545   548 D dalvikvm: GC_CONCURRENT freed 410K, 12% free 10396K/11719K, paused 2ms+2ms
07-05 14:16:35.378   545 11392 I DownloadManager: Initiating request for download 5182
07-05 14:16:35.468   156   530 D dalvikvm: GC_EXPLICIT freed 714K, 12% free 14097K/16007K, paused 4ms+6ms
07-05 14:16:35.546   545   548 D dalvikvm: GC_CONCURRENT freed 211K, 10% free 10603K/11719K, paused 1ms+2ms
07-05 14:16:35.663   545   548 D dalvikvm: GC_CONCURRENT freed 310K, 9% free 10752K/11719K, paused 2ms+2ms
07-05 14:16:35.839  1370 11394 E DictionaryProvider:UpdateHandler: Can't read a file : android.util.MalformedJsonException: Use JsonReader.setLenient(true) to accept malformed JSON at line 1 column 20
07-05 14:16:35.917  1370  1372 D dalvikvm: GC_CONCURRENT freed 361K, 7% free 9148K/9735K, paused 1ms+2ms
07-05 14:16:35.991   545   548 D dalvikvm: GC_CONCURRENT freed 795K, 12% free 10413K/11719K, paused 2ms+2ms
07-05 14:16:36.261   545   548 D dalvikvm: GC_CONCURRENT freed 410K, 12% free 10389K/11719K, paused 2ms+2ms
07-05 14:16:36.432   545 11397 I DownloadManager: Initiating request for download 5182
07-05 14:16:36.518   545   548 D dalvikvm: GC_CONCURRENT freed 300K, 11% free 10547K/11719K, paused 2ms+3ms
07-05 14:16:36.628   545   548 D dalvikvm: GC_CONCURRENT freed 267K, 9% free 10696K/11719K, paused 1ms+3ms
07-05 14:16:36.815   545   548 D dalvikvm: GC_CONCURRENT freed 689K, 11% free 10449K/11719K, paused 2ms+3ms
07-05 14:16:37.104   545   548 D dalvikvm: GC_CONCURRENT freed 441K, 12% free 10398K/11719K, paused 2ms+2ms
07-05 14:16:37.366   545   548 D dalvikvm: GC_CONCURRENT freed 408K, 12% free 10381K/11719K, paused 2ms+2ms
07-05 14:16:37.428   545 11400 I DownloadManager: Initiating request for download 5183
07-05 14:16:37.546   545   548 D dalvikvm: GC_CONCURRENT freed 169K, 10% free 10630K/11719K, paused 2ms+3ms
07-05 14:16:37.667   545   548 D dalvikvm: GC_CONCURRENT freed 401K, 9% free 10665K/11719K, paused 2ms+2ms
07-05 14:16:37.839  1370 11402 E DictionaryProvider:UpdateHandler: Can't read a file : android.util.MalformedJsonException: Use JsonReader.setLenient(true) to accept malformed JSON at line 1 column 20
07-05 14:16:37.975   545   548 D dalvikvm: GC_CONCURRENT freed 679K, 12% free 10413K/11719K, paused 1ms+2ms
07-05 14:16:38.237   545   548 D dalvikvm: GC_CONCURRENT freed 410K, 12% free 10393K/11719K, paused 2ms+2ms
07-05 14:16:38.386   545 11405 I DownloadManager: Initiating request for download 5183
07-05 14:16:38.475   545   548 D dalvikvm: GC_CONCURRENT freed 261K, 10% free 10608K/11719K, paused 2ms+3ms
07-05 14:16:38.593   545   548 D dalvikvm: GC_CONCURRENT freed 316K, 9% free 10735K/11719K, paused 2ms+3ms
07-05 14:16:38.862   545   548 D dalvikvm: GC_CONCURRENT freed 770K, 12% free 10421K/11719K, paused 2ms+3ms
07-05 14:16:39.124   545   548 D dalvikvm: GC_CONCURRENT freed 417K, 12% free 10395K/11719K, paused 2ms+2ms
07-05 14:16:39.339   545 11408 I DownloadManager: Initiating request for download 5184
07-05 14:16:39.401   545   548 D dalvikvm: GC_CONCURRENT freed 341K, 11% free 10455K/11719K, paused 2ms+3ms
07-05 14:16:39.530   545   548 D dalvikvm: GC_CONCURRENT freed 214K, 9% free 10677K/11719K, paused 2ms+3ms
07-05 14:16:39.671   545   548 D dalvikvm: GC_CONCURRENT freed 650K, 11% free 10456K/11719K, paused 2ms+2ms
07-05 14:16:39.768  1370 11410 E DictionaryProvider:UpdateHandler: Can't read a file : android.util.MalformedJsonException: Use JsonReader.setLenient(true) to accept malformed JSON at line 1 column 20
07-05 14:16:39.983   545   548 D dalvikvm: GC_CONCURRENT freed 429K, 12% free 10420K/11719K, paused 2ms+2ms
07-05 14:16:40.245   545   548 D dalvikvm: GC_CONCURRENT freed 419K, 12% free 10391K/11719K, paused 2ms+3ms
07-05 14:16:40.346   545 11413 I DownloadManager: Initiating request for download 5184
07-05 14:16:40.436   545   548 D dalvikvm: GC_CONCURRENT freed 222K, 10% free 10583K/11719K, paused 2ms+2ms
07-05 14:16:40.550   545   548 D dalvikvm: GC_CONCURRENT freed 268K, 9% free 10734K/11719K, paused 2ms+3ms
07-05 14:16:40.776   545   548 D dalvikvm: GC_CONCURRENT freed 736K, 11% free 10448K/11719K, paused 2ms+2ms
07-05 14:16:41.038   545   548 D dalvikvm: GC_CONCURRENT freed 405K, 11% free 10434K/11719K, paused 1ms+2ms
07-05 14:16:41.530   545 11415 I DownloadManager: Initiating request for download 5185
07-05 14:16:41.596   545   548 D dalvikvm: GC_CONCURRENT freed 381K, 11% free 10484K/11719K, paused 2ms+3ms
07-05 14:16:41.721   545   548 D dalvikvm: GC_CONCURRENT freed 234K, 9% free 10691K/11719K, paused 2ms+3ms
07-05 14:16:41.889   545   548 D dalvikvm: GC_CONCURRENT freed 672K, 11% free 10457K/11719K, paused 1ms+2ms
07-05 14:16:41.991  1370 11418 E DictionaryProvider:UpdateHandler: Can't read a file : android.util.MalformedJsonException: Use JsonReader.setLenient(true) to accept malformed JSON at line 1 column 20
07-05 14:16:42.194   545   548 D dalvikvm: GC_CONCURRENT freed 431K, 12% free 10416K/11719K, paused 1ms+2ms
07-05 14:16:42.460   545   548 D dalvikvm: GC_CONCURRENT freed 412K, 12% free 10390K/11719K, paused 2ms+2ms
07-05 14:16:42.546   545 11421 I DownloadManager: Initiating request for download 5185
07-05 14:16:42.639   545   548 D dalvikvm: GC_CONCURRENT freed 210K, 10% free 10594K/11719K, paused 2ms+3ms
07-05 14:16:42.757   545   548 D dalvikvm: GC_CONCURRENT freed 295K, 9% free 10758K/11719K, paused 2ms+3ms
07-05 14:16:43.034   545   548 D dalvikvm: GC_CONCURRENT freed 798K, 12% free 10417K/11719K, paused 2ms+3ms
07-05 14:16:43.303   545   548 D dalvikvm: GC_CONCURRENT freed 409K, 12% free 10398K/11719K, paused 2ms+3ms
07-05 14:16:43.530   545 11424 I DownloadManager: Initiating request for download 5186
07-05 14:16:43.620   545   548 D dalvikvm: GC_CONCURRENT freed 294K, 10% free 10562K/11719K, paused 2ms+3ms
07-05 14:16:43.737   545   548 D dalvikvm: GC_CONCURRENT freed 280K, 9% free 10724K/11719K, paused 2ms+3ms
07-05 14:16:43.971  1370 11426 E DictionaryProvider:UpdateHandler: Can't read a file : android.util.MalformedJsonException: Use JsonReader.setLenient(true) to accept malformed JSON at line 1 column 20
07-05 14:16:43.995   545   548 D dalvikvm: GC_CONCURRENT freed 757K, 11% free 10441K/11719K, paused 2ms+3ms
07-05 14:16:44.050  1370  1372 D dalvikvm: GC_CONCURRENT freed 413K, 7% free 9126K/9735K, paused 2ms+2ms
07-05 14:16:44.300   545   548 D dalvikvm: GC_CONCURRENT freed 421K, 12% free 10411K/11719K, paused 2ms+3ms
07-05 14:16:44.530   545 11429 I DownloadManager: Initiating request for download 5186
07-05 14:16:44.585   545   548 D dalvikvm: GC_CONCURRENT freed 404K, 12% free 10426K/11719K, paused 2ms+2ms
07-05 14:16:44.593   362   362 I wpa_supplicant: wlan0: CTRL-EVENT-DISCONNECTED bssid=d0:c2:82:84:8d:50 reason=0
07-05 14:16:44.596    77   117 D CommandListener: Clearing all IP addresses on wlan0
07-05 14:16:44.604   156   330 D ConnectivityService: ConnectivityChange for WIFI: DISCONNECTED/DISCONNECTED
07-05 14:16:44.608   156   330 D ConnectivityService: Attempting to switch to mobile
07-05 14:16:44.608   156   330 D ConnectivityService: Attempting to switch to WIMAX
07-05 14:16:44.608   156   330 D ConnectivityService: Attempting to switch to BLUETOOTH_TETHER
07-05 14:16:44.616   156   330 E ConnectivityService: Exception trying to remove a route: java.lang.IllegalStateException: Unable to communicate with native dameon to add routes - com.android.server.NativeDaemonConnectorException: Cmd {interface route remove wlan0 default 128.205.59.254 32 0.0.0.0} failed with code 400 : {Failed to remove route from default table (No such process)}
07-05 14:16:44.620   156   330 D NetUtils: android_net_utils_resetConnections in env=0x6b2b60 clazz=0xe4b00001 iface=wlan0 mask=0x3
07-05 14:16:44.620   156   330 E ConnectivityService: Exception trying to remove a route: java.lang.IllegalStateException: Unable to communicate with native dameon to add routes - com.android.server.NativeDaemonConnectorException: Cmd {interface route remove wlan0 default 0.0.0.0 0 128.205.59.254} failed with code 400 : {Failed to remove route from default table (No such process)}
07-05 14:16:44.620   156   330 D ConnectivityService: resetConnections(wlan0, 3)
07-05 14:16:44.729   682  1055 E GTalkService: connectionClosed: no XMPPConnection - That's strange!
07-05 14:16:44.733   156   330 D ConnectivityService: handleInetConditionChange: no active default network - ignore
07-05 14:16:44.737   545 11429 W DownloadManager: Aborting request for download 5186: while trying to execute request: org.apache.http.conn.ConnectTimeoutException: Connect to /74.125.228.79:80 timed out
07-05 14:16:44.772   414   416 D dalvikvm: GC_CONCURRENT freed 479K, 37% free 10315K/16263K, paused 2ms+3ms
07-05 14:16:44.858   414   416 D dalvikvm: GC_CONCURRENT freed 487K, 37% free 10336K/16263K, paused 2ms+2ms
07-05 14:16:45.190   545   548 D dalvikvm: GC_CONCURRENT freed 396K, 12% free 10421K/11719K, paused 1ms+2ms
07-05 14:16:45.452   545   548 D dalvikvm: GC_CONCURRENT freed 412K, 12% free 10400K/11719K, paused 2ms+3ms
07-05 14:16:45.624   545 11431 I DownloadManager: Initiating request for download 5187
07-05 14:16:45.624   545 11431 W DownloadManager: Aborting request for download 5187: no network connection available
07-05 14:16:45.846   545   548 D dalvikvm: GC_CONCURRENT freed 360K, 12% free 10430K/11719K, paused 1ms+2ms
07-05 14:16:45.854   362   362 I wpa_supplicant: wlan0: Trying to associate with d0:c2:82:84:8d:50 (SSID='UB_Wireless' freq=2462 MHz)
07-05 14:16:46.136   545   548 D dalvikvm: GC_CONCURRENT freed 413K, 12% free 10408K/11719K, paused 2ms+2ms
07-05 14:16:46.401   545   548 D dalvikvm: GC_CONCURRENT freed 397K, 12% free 10398K/11719K, paused 1ms+3ms
07-05 14:16:46.721   545   548 D dalvikvm: GC_CONCURRENT freed 361K, 12% free 10423K/11719K, paused 2ms+3ms
07-05 14:16:46.987   545   548 D dalvikvm: GC_CONCURRENT freed 411K, 12% free 10403K/11719K, paused 2ms+2ms
07-05 14:16:47.671   156   333 D Tethering: MasterInitialState.processMessage what=3
07-05 14:16:47.780  1190  1190 I MediaUploader: No need to wake up
07-05 14:16:47.784   993   993 I PhoneLab-WiFiReceiver: Wi-Fi is disconnected!
07-05 14:16:47.788  1086  1105 D PicasaSyncManager: active network: null
07-05 14:16:47.788  1086  1105 D PicasaSyncManager: background data: true
07-05 14:16:47.823   682   685 D dalvikvm: GC_CONCURRENT freed 414K, 9% free 10129K/11079K, paused 2ms+3ms
07-05 14:16:50.686   362   362 I wpa_supplicant: wlan0: CTRL-EVENT-DISCONNECTED bssid=d0:c2:82:84:8d:50 reason=0
07-05 14:16:51.694   362   362 I wpa_supplicant: wlan0: Trying to associate with 64:a0:e7:5d:18:30 (SSID='UB_Wireless' freq=2412 MHz)
07-05 14:16:51.921   362   362 I wpa_supplicant: wlan0: Associated with 64:a0:e7:5d:18:30
07-05 14:16:51.921   362   362 I wpa_supplicant: wlan0: CTRL-EVENT-CONNECTED - Connection to 64:a0:e7:5d:18:30 completed (reauth) [id=5 id_str=]
07-05 14:16:54.827   156   330 D ConnectivityService: ConnectivityChange for mobile: CONNECTED/CONNECTED
07-05 14:16:54.854   156   325 W NetworkStats: dropping UID delta from unknown iface: iface=wlan0 uid=0 set=DEFAULT tag=0x0 rxBytes=0 rxPackets=0 txBytes=264 txPackets=4 operations=0
07-05 14:16:54.870   156   326 D NetworkPolicy: applying policy NetworkPolicy[NetworkTemplate: matchRule=MOBILE_ALL, subscriberId=valid]: cycleDay=5, warningBytes=2147483648, limitBytes=-1, lastSnooze=-1 to ifaces [rmnet0]
07-05 14:16:55.831   156   330 D ConnectivityService: NetTransition Wakelock for WifiStateMachine released by timeout
07-05 14:16:57.202   156   330 D ConnectivityService: ConnectivityChange for WIFI: CONNECTED/CONNECTED
07-05 14:16:57.210   156   330 D ConnectivityService: Policy requires mobile teardown
07-05 14:16:57.253   993   993 I PhoneLab-WiFiReceiver: Wi-Fi is connected!
07-05 14:16:57.253   993   993 I PhoneLab-WiFiReceiver: SSID: UB_Wireless BSSID: 64:a0:e7:5d:18:30 RSSI: -200 LinkSpeed: -1
07-05 14:16:57.253   993   993 I PhoneLab-Locks: wake lock acquired
07-05 14:16:57.257   993   993 I PhoneLab-UploadLogs: Transfering log files now
07-05 14:16:57.315   156   325 W NetworkStats: dropping UID delta from unknown iface: iface=wlan0 uid=0 set=DEFAULT tag=0x0 rxBytes=72 rxPackets=1 txBytes=56 txPackets=1 operations=0
07-05 14:16:57.323   156   330 D ConnectivityService: ConnectivityChange for mobile: DISCONNECTED/DISCONNECTED
07-05 14:16:57.323   156   330 D ConnectivityService: Attempting to switch to WIFI
07-05 14:16:57.323   156   330 D ConnectivityService: Attempting to switch to WIMAX
07-05 14:16:57.323   156   330 D ConnectivityService: Attempting to switch to BLUETOOTH_TETHER
07-05 14:16:57.335   156   330 D NetUtils: android_net_utils_resetConnections in env=0x6b2b60 clazz=0x5100001 iface=rmnet0 mask=0x3
07-05 14:16:57.335   156   330 D ConnectivityService: resetConnections(rmnet0, 3)
07-05 14:16:57.421   993   995 D dalvikvm: GC_CONCURRENT freed 452K, 18% free 9214K/11207K, paused 2ms+20ms
07-05 14:16:57.452   993   993 D dalvikvm: GC_FOR_ALLOC freed 198K, 18% free 9302K/11207K, paused 24ms
07-05 14:16:57.487   993   993 D dalvikvm: GC_FOR_ALLOC freed 120K, 16% free 9430K/11207K, paused 23ms
07-05 14:16:57.507   156   158 D dalvikvm: GC_CONCURRENT freed 1188K, 12% free 14179K/16007K, paused 2ms+15ms
07-05 14:16:57.526   993   993 I PhoneLab-UploadLogs: OnStartCommand
07-05 14:16:57.542   993   995 D dalvikvm: GC_CONCURRENT freed 251K, 14% free 9690K/11207K, paused 2ms+2ms
07-05 14:16:57.573   993 11463 D dalvikvm: GC_FOR_ALLOC freed 317K, 14% free 9699K/11207K, paused 30ms
07-05 14:16:57.593   993 11463 D dalvikvm: GC_FOR_ALLOC freed 344K, 14% free 9657K/11207K, paused 12ms
07-05 14:16:57.604   993 11463 D dalvikvm: GC_FOR_ALLOC freed 301K, 14% free 9658K/11207K, paused 12ms
07-05 14:16:57.866   156   333 D Tethering: MasterInitialState.processMessage what=3
07-05 14:16:57.928   682   682 I GTalkService/c: [AndroidEndpoint@1095403848] connect: acct=1000001, state=CONNECTING
07-05 14:16:57.956  1190  1190 I MediaUploader: No need to wake up
07-05 14:16:57.968  1086  1105 D PicasaSyncManager: active network: NetworkInfo: type: WIFI[], state: CONNECTED/CONNECTED, reason: (unspecified), extra: (none), roaming: false, failover: false, isAvailable: true
07-05 14:16:57.968  1086  1105 D PicasaSyncManager: background data: true
07-05 14:16:58.112   545   548 D dalvikvm: GC_CONCURRENT freed 363K, 12% free 10430K/11719K, paused 2ms+2ms
07-05 14:16:58.374   545   548 D dalvikvm: GC_CONCURRENT freed 418K, 12% free 10402K/11719K, paused 2ms+2ms
07-05 14:16:58.639   545   548 D dalvikvm: GC_CONCURRENT freed 400K, 12% free 10393K/11719K, paused 2ms+2ms
07-05 14:16:58.792   545 11466 I DownloadManager: Initiating request for download 5186
07-05 14:16:58.796   545 11466 I DownloadManager: Skipping initiating request for download 5186; already completed
07-05 14:16:58.843   545 11468 I DownloadManager: Initiating request for download 5187
07-05 14:16:58.968   545   548 D dalvikvm: GC_CONCURRENT freed 246K, 10% free 10566K/11719K, paused 2ms+2ms
07-05 14:16:59.089   545   548 D dalvikvm: GC_CONCURRENT freed 281K, 9% free 10726K/11719K, paused 2ms+3ms
07-05 14:16:59.116   993 11463 W System.err: org.apache.http.client.ClientProtocolException
07-05 14:16:59.116   993 11463 W System.err: 	at org.apache.http.impl.client.AbstractHttpClient.execute(AbstractHttpClient.java:557)
07-05 14:16:59.116   993 11463 W System.err: 	at org.apache.http.impl.client.AbstractHttpClient.execute(AbstractHttpClient.java:487)
07-05 14:16:59.116   993 11463 W System.err: 	at com.loopj.android.http.AsyncHttpRequest.makeRequest(Unknown Source)
07-05 14:16:59.116   993 11463 W System.err: 	at com.loopj.android.http.AsyncHttpRequest.makeRequestWithRetries(Unknown Source)
07-05 14:16:59.116   993 11463 W System.err: 	at com.loopj.android.http.AsyncHttpRequest.run(Unknown Source)
07-05 14:16:59.116   993 11463 W System.err: 	at java.util.concurrent.Executors$RunnableAdapter.call(Executors.java:442)
07-05 14:16:59.116   993 11463 W System.err: 	at java.util.concurrent.FutureTask$Sync.innerRun(FutureTask.java:305)
07-05 14:16:59.116   993 11463 W System.err: 	at java.util.concurrent.FutureTask.run(FutureTask.java:137)
07-05 14:16:59.120   993 11463 W System.err: 	at java.util.concurrent.ThreadPoolExecutor.runWorker(ThreadPoolExecutor.java:1076)
07-05 14:16:59.120   993 11463 W System.err: 	at java.util.concurrent.ThreadPoolExecutor$Worker.run(ThreadPoolExecutor.java:569)
07-05 14:16:59.120   993 11463 W System.err: 	at java.lang.Thread.run(Thread.java:856)
07-05 14:16:59.120   993 11463 W System.err: Caused by: org.apache.http.client.NonRepeatableRequestException: Cannot retry request with a non-repeatable request entity
07-05 14:16:59.120   993 11463 W System.err: 	at org.apache.http.impl.client.DefaultRequestDirector.execute(DefaultRequestDirector.java:420)
07-05 14:16:59.120   993 11463 W System.err: 	at org.apache.http.impl.client.AbstractHttpClient.execute(AbstractHttpClient.java:555)
07-05 14:16:59.120   993 11463 W System.err: 	... 10 more
07-05 14:16:59.120   993   993 E PhoneLab-: Transfering 1341502082478.log failed
07-05 14:16:59.120   993   993 I PhoneLab-Locks: wake lock released
07-05 14:16:59.288  1370 11472 E DictionaryProvider:UpdateHandler: Can't read a file : android.util.MalformedJsonException: Use JsonReader.setLenient(true) to accept malformed JSON at line 1 column 20
07-05 14:16:59.354   545   548 D dalvikvm: GC_CONCURRENT freed 742K, 12% free 10429K/11719K, paused 1ms+2ms
07-05 14:16:59.616   545   548 D dalvikvm: GC_CONCURRENT freed 422K, 12% free 10398K/11719K, paused 2ms+2ms
07-05 14:16:59.850   545 11475 I DownloadManager: Initiating request for download 5187
07-05 14:16:59.905   545   548 D dalvikvm: GC_CONCURRENT freed 396K, 12% free 10416K/11719K, paused 2ms+3ms
07-05 14:17:00.061   545   548 D dalvikvm: GC_CONCURRENT freed 177K, 10% free 10656K/11719K, paused 20ms+3ms
07-05 14:17:00.253   545   548 D dalvikvm: GC_CONCURRENT freed 424K, 9% free 10671K/11719K, paused 2ms+4ms
07-05 14:17:00.296   414   414 D dalvikvm: GC_FOR_ALLOC freed 458K, 38% free 10220K/16263K, paused 17ms
07-05 14:17:00.331   156   333 D Tethering: MasterInitialState.processMessage what=3
07-05 14:17:00.362   156   333 D Tethering: MasterInitialState.processMessage what=3
07-05 14:17:00.386  1190  1190 I MediaUploader: No need to wake up
07-05 14:17:00.436  1190  1190 I MediaUploader: No need to wake up
07-05 14:17:00.464   156   333 D Tethering: MasterInitialState.processMessage what=3
07-05 14:17:00.471   414   416 D dalvikvm: GC_CONCURRENT freed 371K, 37% free 10280K/16263K, paused 1ms+2ms
07-05 14:17:00.471  1086  1105 D PicasaSyncManager: active network: NetworkInfo: type: WIFI[], state: CONNECTED/CONNECTED, reason: (unspecified), extra: (none), roaming: false, failover: false, isAvailable: true
07-05 14:17:00.503  1190  1190 I MediaUploader: No need to wake up
07-05 14:17:00.518  1086  1105 D PicasaSyncManager: background data: true
07-05 14:17:00.526  1086  1105 D PicasaSyncManager: active network: NetworkInfo: type: WIFI[], state: CONNECTED/CONNECTED, reason: (unspecified), extra: (none), roaming: false, failover: false, isAvailable: true
07-05 14:17:00.561  1086  1105 D PicasaSyncManager: background data: true
07-05 14:17:00.616   156   594 D dalvikvm: GC_EXPLICIT freed 526K, 12% free 14097K/16007K, paused 3ms+4ms
07-05 14:17:00.936   545   548 D dalvikvm: GC_CONCURRENT freed 690K, 12% free 10411K/11719K, paused 2ms+3ms
07-05 14:17:01.202   545   548 D dalvikvm: GC_CONCURRENT freed 412K, 12% free 10389K/11719K, paused 2ms+2ms
07-05 14:17:01.339   545 11479 I DownloadManager: Initiating request for download 5188
07-05 14:17:01.428   545   548 D dalvikvm: GC_CONCURRENT freed 231K, 10% free 10580K/11719K, paused 2ms+2ms
07-05 14:17:01.550   545   548 D dalvikvm: GC_CONCURRENT freed 290K, 9% free 10745K/11719K, paused 2ms+2ms
07-05 14:17:01.733  1370 11481 E DictionaryProvider:UpdateHandler: Can't read a file : android.util.MalformedJsonException: Use JsonReader.setLenient(true) to accept malformed JSON at line 1 column 20
07-05 14:17:01.827   545   548 D dalvikvm: GC_CONCURRENT freed 772K, 11% free 10431K/11719K, paused 2ms+2ms
07-05 14:17:02.085   545   548 D dalvikvm: GC_CONCURRENT freed 423K, 12% free 10399K/11719K, paused 2ms+2ms
07-05 14:17:02.276   545 11484 I DownloadManager: Initiating request for download 5188
07-05 14:17:02.350   545   548 D dalvikvm: GC_CONCURRENT freed 349K, 11% free 10477K/11719K, paused 2ms+2ms
07-05 14:17:02.464   545   548 D dalvikvm: GC_CONCURRENT freed 229K, 9% free 10690K/11719K, paused 2ms+3ms
07-05 14:17:02.628   545   548 D dalvikvm: GC_CONCURRENT freed 669K, 11% free 10464K/11719K, paused 2ms+7ms
07-05 14:17:02.913   545   548 D dalvikvm: GC_CONCURRENT freed 443K, 12% free 10407K/11719K, paused 1ms+3ms
07-05 14:17:03.178   545   548 D dalvikvm: GC_CONCURRENT freed 404K, 12% free 10396K/11719K, paused 2ms+3ms
07-05 14:17:03.300   545 11487 I DownloadManager: Initiating request for download 5189
07-05 14:17:03.425   545   548 D dalvikvm: GC_CONCURRENT freed 216K, 10% free 10660K/11719K, paused 2ms+3ms
07-05 14:17:03.569   545   548 D dalvikvm: GC_CONCURRENT freed 435K, 9% free 10674K/11719K, paused 1ms+2ms
07-05 14:17:03.749  1370 11489 E DictionaryProvider:UpdateHandler: Can't read a file : android.util.MalformedJsonException: Use JsonReader.setLenient(true) to accept malformed JSON at line 1 column 20
07-05 14:17:03.913   545   548 D dalvikvm: GC_CONCURRENT freed 683K, 12% free 10428K/11719K, paused 2ms+2ms
07-05 14:17:04.175   545   548 D dalvikvm: GC_CONCURRENT freed 425K, 12% free 10394K/11719K, paused 2ms+2ms
07-05 14:17:04.327   545 11492 I DownloadManager: Initiating request for download 5189
07-05 14:17:04.409   545   548 D dalvikvm: GC_CONCURRENT freed 269K, 10% free 10570K/11719K, paused 2ms+3ms
07-05 14:17:04.526   545   548 D dalvikvm: GC_CONCURRENT freed 286K, 9% free 10732K/11719K, paused 2ms+2ms
07-05 14:17:04.768   545   548 D dalvikvm: GC_CONCURRENT freed 755K, 12% free 10423K/11719K, paused 1ms+2ms
07-05 14:17:05.038   545   548 D dalvikvm: GC_CONCURRENT freed 404K, 12% free 10404K/11719K, paused 1ms+2ms
07-05 14:17:05.210   482   486 D dalvikvm: GC_CONCURRENT freed 403K, 7% free 9493K/10119K, paused 2ms+3ms
07-05 14:17:05.362   545 11495 I DownloadManager: Initiating request for download 5190
07-05 14:17:05.417   545   548 D dalvikvm: GC_CONCURRENT freed 390K, 12% free 10423K/11719K, paused 2ms+3ms
07-05 14:17:05.546   545   548 D dalvikvm: GC_CONCURRENT freed 191K, 9% free 10669K/11719K, paused 2ms+3ms
07-05 14:17:05.678   545   548 D dalvikvm: GC_CONCURRENT freed 427K, 9% free 10682K/11719K, paused 2ms+2ms
07-05 14:17:05.815  1370 11497 E DictionaryProvider:UpdateHandler: Can't read a file : android.util.MalformedJsonException: Use JsonReader.setLenient(true) to accept malformed JSON at line 1 column 20
07-05 14:17:05.886  1370  1372 D dalvikvm: GC_CONCURRENT freed 391K, 7% free 9126K/9735K, paused 2ms+1ms
07-05 14:17:06.030   545   548 D dalvikvm: GC_CONCURRENT freed 688K, 12% free 10422K/11719K, paused 2ms+2ms
07-05 14:17:06.300   545   548 D dalvikvm: GC_CONCURRENT freed 415K, 12% free 10397K/11719K, paused 1ms+3ms
07-05 14:17:06.413   545 11500 I DownloadManager: Initiating request for download 5190
07-05 14:17:06.514   545   548 D dalvikvm: GC_CONCURRENT freed 235K, 10% free 10594K/11719K, paused 2ms+2ms
07-05 14:17:06.620   545   548 D dalvikvm: GC_CONCURRENT freed 297K, 9% free 10758K/11719K, paused 1ms+3ms
07-05 14:17:06.870   545   548 D dalvikvm: GC_CONCURRENT freed 756K, 11% free 10454K/11719K, paused 2ms+3ms
07-05 14:17:07.132   545   548 D dalvikvm: GC_CONCURRENT freed 399K, 11% free 10442K/11719K, paused 2ms+2ms
07-05 14:17:08.218   545 11502 I DownloadManager: Initiating request for download 5191
07-05 14:17:08.311   545   548 D dalvikvm: GC_CONCURRENT freed 355K, 11% free 10516K/11719K, paused 1ms+3ms
07-05 14:17:08.428   545   548 D dalvikvm: GC_CONCURRENT freed 246K, 9% free 10705K/11719K, paused 2ms+3ms
07-05 14:17:08.596   545   548 D dalvikvm: GC_CONCURRENT freed 687K, 11% free 10464K/11719K, paused 1ms+3ms
07-05 14:17:08.667  1370 11505 E DictionaryProvider:UpdateHandler: Can't read a file : android.util.MalformedJsonException: Use JsonReader.setLenient(true) to accept malformed JSON at line 1 column 20
07-05 14:17:08.909   545   548 D dalvikvm: GC_CONCURRENT freed 429K, 12% free 10422K/11719K, paused 2ms+3ms
07-05 14:17:09.186   545   548 D dalvikvm: GC_CONCURRENT freed 408K, 12% free 10399K/11719K, paused 2ms+2ms
07-05 14:17:09.272   545 11508 I DownloadManager: Initiating request for download 5191
07-05 14:17:09.374   545   548 D dalvikvm: GC_CONCURRENT freed 216K, 10% free 10619K/11719K, paused 2ms+3ms
07-05 14:17:09.491   545   548 D dalvikvm: GC_CONCURRENT freed 313K, 9% free 10771K/11719K, paused 2ms+3ms
07-05 14:17:09.776   545   548 D dalvikvm: GC_CONCURRENT freed 806K, 12% free 10428K/11719K, paused 1ms+3ms
07-05 14:17:10.046   545   548 D dalvikvm: GC_CONCURRENT freed 415K, 12% free 10403K/11719K, paused 1ms+2ms
07-05 14:17:10.221   545 11511 I DownloadManager: Initiating request for download 5192
07-05 14:17:10.315   545   548 D dalvikvm: GC_CONCURRENT freed 270K, 10% free 10580K/11719K, paused 2ms+3ms
07-05 14:17:10.428   545   548 D dalvikvm: GC_CONCURRENT freed 302K, 9% free 10730K/11719K, paused 2ms+3ms
07-05 14:17:10.647  1370 11513 E DictionaryProvider:UpdateHandler: Can't read a file : android.util.MalformedJsonException: Use JsonReader.setLenient(true) to accept malformed JSON at line 1 column 20
07-05 14:17:10.671   545   548 D dalvikvm: GC_CONCURRENT freed 752K, 11% free 10449K/11719K, paused 2ms+2ms
07-05 14:17:10.952   545   548 D dalvikvm: GC_CONCURRENT freed 428K, 12% free 10412K/11719K, paused 2ms+3ms
07-05 14:17:11.167   545 11516 I DownloadManager: Initiating request for download 5192
07-05 14:17:11.225   545   548 D dalvikvm: GC_CONCURRENT freed 395K, 11% free 10446K/11719K, paused 2ms+3ms
07-05 14:17:11.339   545   548 D dalvikvm: GC_CONCURRENT freed 200K, 9% free 10682K/11719K, paused 1ms+3ms
07-05 14:17:11.479   545   548 D dalvikvm: GC_CONCURRENT freed 650K, 11% free 10468K/11719K, paused 2ms+3ms
07-05 14:17:11.764   545   548 D dalvikvm: GC_CONCURRENT freed 437K, 12% free 10422K/11719K, paused 2ms+2ms
07-05 14:17:12.030   545   548 D dalvikvm: GC_CONCURRENT freed 409K, 12% free 10403K/11719K, paused 2ms+2ms
07-05 14:17:12.163   545 11519 I DownloadManager: Initiating request for download 5193
07-05 14:17:12.272   545   548 D dalvikvm: GC_CONCURRENT freed 236K, 10% free 10600K/11719K, paused 2ms+3ms
07-05 14:17:12.386   545   548 D dalvikvm: GC_CONCURRENT freed 306K, 9% free 10753K/11719K, paused 2ms+2ms
07-05 14:17:12.557  1370 11521 E DictionaryProvider:UpdateHandler: Can't read a file : android.util.MalformedJsonException: Use JsonReader.setLenient(true) to accept malformed JSON at line 1 column 20
07-05 14:17:12.659   545   548 D dalvikvm: GC_CONCURRENT freed 774K, 11% free 10438K/11719K, paused 1ms+2ms
07-05 14:17:12.925   545   548 D dalvikvm: GC_CONCURRENT freed 412K, 12% free 10412K/11719K, paused 2ms+2ms
07-05 14:17:13.120   545 11526 I DownloadManager: Initiating request for download 5193
07-05 14:17:13.194   545   548 D dalvikvm: GC_CONCURRENT freed 344K, 10% free 10569K/11719K, paused 2ms+2ms
07-05 14:17:13.315   545   548 D dalvikvm: GC_CONCURRENT freed 282K, 9% free 10735K/11719K, paused 2ms+3ms
07-05 14:17:13.526   545   548 D dalvikvm: GC_CONCURRENT freed 750K, 11% free 10436K/11719K, paused 2ms+2ms
07-05 14:17:13.788   545   548 D dalvikvm: GC_CONCURRENT freed 413K, 12% free 10414K/11719K, paused 2ms+2ms
07-05 14:17:14.053   545   548 D dalvikvm: GC_CONCURRENT freed 402K, 12% free 10402K/11719K, paused 2ms+2ms
07-05 14:17:14.112   545 11537 I DownloadManager: Initiating request for download 5194
07-05 14:17:14.225   545   548 D dalvikvm: GC_CONCURRENT freed 175K, 10% free 10663K/11719K, paused 2ms+3ms
07-05 14:17:14.354   545   548 D dalvikvm: GC_CONCURRENT freed 419K, 9% free 10714K/11719K, paused 2ms+2ms
07-05 14:17:14.495  1370 11539 E DictionaryProvider:UpdateHandler: Can't read a file : android.util.MalformedJsonException: Use JsonReader.setLenient(true) to accept malformed JSON at line 1 column 20
07-05 14:17:14.675   545   548 D dalvikvm: GC_CONCURRENT freed 720K, 11% free 10437K/11719K, paused 1ms+2ms
07-05 14:17:14.948   545   548 D dalvikvm: GC_CONCURRENT freed 416K, 12% free 10412K/11719K, paused 2ms+2ms
07-05 14:17:15.116   545 11542 D dalvikvm: GC_EXPLICIT freed 178K, 11% free 10449K/11719K, paused 2ms+4ms
07-05 14:17:15.116   545 11542 I DownloadManager: Initiating request for download 5194
07-05 14:17:15.206   545   548 D dalvikvm: GC_CONCURRENT freed 199K, 9% free 10686K/11719K, paused 1ms+3ms
07-05 14:17:16.124  1370  1372 D dalvikvm: GC_CONCURRENT freed 362K, 6% free 9152K/9735K, paused 14ms+2ms
07-05 14:17:16.264   545   548 D dalvikvm: GC_CONCURRENT freed 645K, 11% free 10476K/11719K, paused 2ms+2ms
07-05 14:17:16.542   545   548 D dalvikvm: GC_CONCURRENT freed 437K, 12% free 10429K/11719K, paused 2ms+2ms
07-05 14:17:16.800   545   548 D dalvikvm: GC_CONCURRENT freed 406K, 12% free 10414K/11719K, paused 2ms+2ms
07-05 14:17:16.956   545 11555 I DownloadManager: Initiating request for download 5195
07-05 14:17:17.046   545   548 D dalvikvm: GC_CONCURRENT freed 252K, 10% free 10596K/11719K, paused 3ms+3ms
07-05 14:17:17.171   545   548 D dalvikvm: GC_CONCURRENT freed 287K, 9% free 10760K/11719K, paused 2ms+2ms
07-05 14:17:17.389  1370 11560 E DictionaryProvider:UpdateHandler: Can't read a file : android.util.MalformedJsonException: Use JsonReader.setLenient(true) to accept malformed JSON at line 1 column 20
07-05 14:17:17.456   545   548 D dalvikvm: GC_CONCURRENT freed 785K, 11% free 10454K/11719K, paused 1ms+3ms
07-05 14:17:17.721   545   548 D dalvikvm: GC_CONCURRENT freed 424K, 12% free 10421K/11719K, paused 2ms+3ms
07-05 14:17:17.940   545 11564 I DownloadManager: Initiating request for download 5195
07-05 14:17:17.991   545   548 D dalvikvm: GC_CONCURRENT freed 370K, 11% free 10438K/11719K, paused 2ms+2ms
07-05 14:17:18.100   545   548 D dalvikvm: GC_CONCURRENT freed 188K, 9% free 10687K/11719K, paused 2ms+3ms
07-05 14:17:18.241   545   548 D dalvikvm: GC_CONCURRENT freed 445K, 9% free 10699K/11719K, paused 2ms+2ms
07-05 14:17:18.553   545   548 D dalvikvm: GC_CONCURRENT freed 708K, 12% free 10430K/11719K, paused 2ms+2ms
07-05 14:17:18.819   545   548 D dalvikvm: GC_CONCURRENT freed 410K, 12% free 10410K/11719K, paused 1ms+2ms
07-05 14:17:18.999   156   403 D dalvikvm: GC_EXPLICIT freed 533K, 12% free 14109K/16007K, paused 2ms+6ms
07-05 14:17:19.003   545 11567 I DownloadManager: Initiating request for download 5196
07-05 14:17:19.100   545   548 D dalvikvm: GC_CONCURRENT freed 211K, 10% free 10622K/11719K, paused 2ms+2ms
07-05 14:17:19.221   545   548 D dalvikvm: GC_CONCURRENT freed 306K, 9% free 10766K/11719K, paused 2ms+3ms
07-05 14:17:19.401  1370 11569 E DictionaryProvider:UpdateHandler: Can't read a file : android.util.MalformedJsonException: Use JsonReader.setLenient(true) to accept malformed JSON at line 1 column 20
07-05 14:17:19.511   545   548 D dalvikvm: GC_CONCURRENT freed 799K, 12% free 10428K/11719K, paused 1ms+2ms
07-05 14:17:19.776   545   548 D dalvikvm: GC_CONCURRENT freed 414K, 12% free 10405K/11719K, paused 1ms+3ms
07-05 14:17:19.964   545 11572 I DownloadManager: Initiating request for download 5196
07-05 14:17:20.038   545   548 D dalvikvm: GC_CONCURRENT freed 330K, 10% free 10586K/11719K, paused 2ms+3ms
07-05 14:17:20.159   545   548 D dalvikvm: GC_CONCURRENT freed 296K, 9% free 10737K/11719K, paused 1ms+3ms
07-05 14:17:20.393   545   548 D dalvikvm: GC_CONCURRENT freed 761K, 11% free 10432K/11719K, paused 2ms+3ms
07-05 14:17:20.659   545   548 D dalvikvm: GC_CONCURRENT freed 416K, 12% free 10407K/11719K, paused 2ms+3ms
07-05 14:17:20.917   545   548 D dalvikvm: GC_CONCURRENT freed 392K, 12% free 10400K/11719K, paused 1ms+3ms
07-05 14:17:20.948   545 11575 I DownloadManager: Initiating request for download 5197
07-05 14:17:21.065   545   548 D dalvikvm: GC_CONCURRENT freed 167K, 10% free 10658K/11719K, paused 2ms+3ms
07-05 14:17:21.032   156   403 I ActivityManager: Start proc com.android.deskclock for broadcast com.android.deskclock/.AlarmInitReceiver: pid=11577 uid=10080 gids={}
07-05 14:17:21.175   156   628 D AlarmManagerService: Kernel timezone updated to 240 minutes west of GMT
07-05 14:17:21.178   482   482 D SystemClock: Setting time of day to sec=1341512241
07-05 14:17:21.067 11577 11577 I ActivityThread: Pub com.android.deskclock: com.android.deskclock.AlarmProvider
07-05 14:17:21.083 11577 11590 E SQLiteOpenHelper: Couldn't open alarms.db for writing (will try read-only):
07-05 14:17:21.083 11577 11590 E SQLiteOpenHelper: android.database.sqlite.SQLiteException: Can't downgrade database from version 7 to 5
07-05 14:17:21.083 11577 11590 E SQLiteOpenHelper: 	at android.database.sqlite.SQLiteOpenHelper.onDowngrade(SQLiteOpenHelper.java:307)
07-05 14:17:21.083 11577 11590 E SQLiteOpenHelper: 	at android.database.sqlite.SQLiteOpenHelper.getWritableDatabase(SQLiteOpenHelper.java:168)
07-05 14:17:21.083 11577 11590 E SQLiteOpenHelper: 	at android.database.sqlite.SQLiteOpenHelper.getReadableDatabase(SQLiteOpenHelper.java:231)
07-05 14:17:21.083 11577 11590 E SQLiteOpenHelper: 	at com.android.deskclock.AlarmProvider.query(AlarmProvider.java:72)
07-05 14:17:21.083 11577 11590 E SQLiteOpenHelper: 	at android.content.ContentProvider$Transport.query(ContentProvider.java:178)
07-05 14:17:21.083 11577 11590 E SQLiteOpenHelper: 	at android.content.ContentResolver.query(ContentResolver.java:311)
07-05 14:17:21.083 11577 11590 E SQLiteOpenHelper: 	at com.android.deskclock.Alarms.getFilteredAlarmsCursor(Alarms.java:143)
07-05 14:17:21.083 11577 11590 E SQLiteOpenHelper: 	at com.android.deskclock.Alarms.disableExpiredAlarms(Alarms.java:352)
07-05 14:17:21.083 11577 11590 E SQLiteOpenHelper: 	at com.android.deskclock.AlarmInitReceiver$1.run(AlarmInitReceiver.java:45)
07-05 14:17:21.083 11577 11590 E SQLiteOpenHelper: 	at android.os.Handler.handleCallback(Handler.java:605)
07-05 14:17:21.083 11577 11590 E SQLiteOpenHelper: 	at android.os.Handler.dispatchMessage(Handler.java:92)
07-05 14:17:21.083 11577 11590 E SQLiteOpenHelper: 	at android.os.Looper.loop(Looper.java:137)
07-05 14:17:21.083 11577 11590 E SQLiteOpenHelper: 	at android.os.HandlerThread.run(HandlerThread.java:60)
07-05 14:17:21.087 11577 11590 W dalvikvm: threadid=11: thread exiting with uncaught exception (group=0x40a5c1f8)
07-05 14:17:21.087 11577 11590 E AndroidRuntime: FATAL EXCEPTION: AsyncHandler
07-05 14:17:21.087 11577 11590 E AndroidRuntime: android.database.sqlite.SQLiteException: Can't upgrade read-only database from version 7 to 5: /data/data/com.android.deskclock/databases/alarms.db
07-05 14:17:21.087 11577 11590 E AndroidRuntime: 	at android.database.sqlite.SQLiteOpenHelper.getReadableDatabase(SQLiteOpenHelper.java:244)
07-05 14:17:21.087 11577 11590 E AndroidRuntime: 	at com.android.deskclock.AlarmProvider.query(AlarmProvider.java:72)
07-05 14:17:21.087 11577 11590 E AndroidRuntime: 	at android.content.ContentProvider$Transport.query(ContentProvider.java:178)
07-05 14:17:21.087 11577 11590 E AndroidRuntime: 	at android.content.ContentResolver.query(ContentResolver.java:311)
07-05 14:17:21.087 11577 11590 E AndroidRuntime: 	at com.android.deskclock.Alarms.getFilteredAlarmsCursor(Alarms.java:143)
07-05 14:17:21.087 11577 11590 E AndroidRuntime: 	at com.android.deskclock.Alarms.disableExpiredAlarms(Alarms.java:352)
07-05 14:17:21.087 11577 11590 E AndroidRuntime: 	at com.android.deskclock.AlarmInitReceiver$1.run(AlarmInitReceiver.java:45)
07-05 14:17:21.087 11577 11590 E AndroidRuntime: 	at android.os.Handler.handleCallback(Handler.java:605)
07-05 14:17:21.087 11577 11590 E AndroidRuntime: 	at android.os.Handler.dispatchMessage(Handler.java:92)
07-05 14:17:21.087 11577 11590 E AndroidRuntime: 	at android.os.Looper.loop(Looper.java:137)
07-05 14:17:21.087 11577 11590 E AndroidRuntime: 	at android.os.HandlerThread.run(HandlerThread.java:60)
07-05 14:17:21.122 11577 11590 I Process : Sending signal. PID: 11577 SIG: 9
07-05 14:17:21.130   156   167 I ActivityManager: Process com.android.deskclock (pid 11577) has died.
07-05 14:17:21.184   545   548 D dalvikvm: GC_CONCURRENT freed 412K, 9% free 10687K/11719K, paused 2ms+2ms
07-05 14:17:21.341  1370 11592 E DictionaryProvider:UpdateHandler: Can't read a file : android.util.MalformedJsonException: Use JsonReader.setLenient(true) to accept malformed JSON at line 1 column 20
07-05 14:17:21.501   545   548 D dalvikvm: GC_CONCURRENT freed 694K, 12% free 10428K/11719K, paused 2ms+2ms
07-05 14:17:21.774   545   548 D dalvikvm: GC_CONCURRENT freed 415K, 12% free 10404K/11719K, paused 1ms+3ms
07-05 14:17:21.923   545 11595 I DownloadManager: Initiating request for download 5197
07-05 14:17:22.001   545   548 D dalvikvm: GC_CONCURRENT freed 268K, 10% free 10579K/11719K, paused 2ms+3ms
07-05 14:17:22.118   545   548 D dalvikvm: GC_CONCURRENT freed 281K, 9% free 10744K/11719K, paused 2ms+2ms
07-05 14:17:22.341   545   548 D dalvikvm: GC_CONCURRENT freed 762K, 11% free 10431K/11719K, paused 2ms+7ms
07-05 14:17:22.602   545   548 D dalvikvm: GC_CONCURRENT freed 410K, 12% free 10411K/11719K, paused 2ms+2ms
07-05 14:17:22.895   545 11598 I DownloadManager: Initiating request for download 5198
07-05 14:17:22.934   545   548 D dalvikvm: GC_CONCURRENT freed 398K, 12% free 10410K/11719K, paused 2ms+3ms
07-05 14:17:23.063   545   548 D dalvikvm: GC_CONCURRENT freed 173K, 9% free 10678K/11719K, paused 2ms+3ms
07-05 14:17:23.192   545   548 D dalvikvm: GC_CONCURRENT freed 425K, 9% free 10699K/11719K, paused 2ms+2ms
07-05 14:17:23.372  1370 11600 E DictionaryProvider:UpdateHandler: Can't read a file : android.util.MalformedJsonException: Use JsonReader.setLenient(true) to accept malformed JSON at line 1 column 20
07-05 14:17:23.403   465   467 D dalvikvm: GC_CONCURRENT freed 200K, 6% free 10491K/11143K, paused 2ms+2ms
07-05 14:17:23.551   545   548 D dalvikvm: GC_CONCURRENT freed 698K, 11% free 10438K/11719K, paused 2ms+3ms
07-05 14:17:23.829   545   548 D dalvikvm: GC_CONCURRENT freed 416K, 12% free 10413K/11719K, paused 2ms+2ms
07-05 14:17:23.958   545 11603 I DownloadManager: Initiating request for download 5198
07-05 14:17:24.051   545   548 D dalvikvm: GC_CONCURRENT freed 254K, 10% free 10597K/11719K, paused 2ms+2ms
07-05 14:17:24.169   545   548 D dalvikvm: GC_CONCURRENT freed 303K, 9% free 10750K/11719K, paused 2ms+2ms
07-05 14:17:24.387   545   548 D dalvikvm: GC_CONCURRENT freed 765K, 11% free 10441K/11719K, paused 3ms+3ms
07-05 14:17:24.649   545   548 D dalvikvm: GC_CONCURRENT freed 411K, 12% free 10421K/11719K, paused 2ms+2ms
07-05 14:17:24.884   545 11606 I DownloadManager: Initiating request for download 5199
07-05 14:17:24.950   545   548 D dalvikvm: GC_CONCURRENT freed 386K, 11% free 10459K/11719K, paused 2ms+3ms
07-05 14:17:25.071   545   548 D dalvikvm: GC_CONCURRENT freed 203K, 9% free 10696K/11719K, paused 1ms+2ms
07-05 14:17:25.204   545   548 D dalvikvm: GC_CONCURRENT freed 653K, 11% free 10481K/11719K, paused 2ms+3ms
07-05 14:17:25.321  1370 11608 E DictionaryProvider:UpdateHandler: Can't read a file : android.util.MalformedJsonException: Use JsonReader.setLenient(true) to accept malformed JSON at line 1 column 20
07-05 14:17:25.352  1370  1372 D dalvikvm: GC_CONCURRENT freed 466K, 7% free 9142K/9735K, paused 2ms+2ms
07-05 14:17:25.540   545   548 D dalvikvm: GC_CONCURRENT freed 431K, 11% free 10441K/11719K, paused 2ms+2ms
07-05 14:17:25.801   545   548 D dalvikvm: GC_CONCURRENT freed 416K, 12% free 10416K/11719K, paused 2ms+2ms
07-05 14:17:25.923   545 11611 I DownloadManager: Initiating request for download 5199
07-05 14:17:26.012   545   548 D dalvikvm: GC_CONCURRENT freed 260K, 10% free 10604K/11719K, paused 2ms+3ms
07-05 14:17:26.157   545   548 D dalvikvm: GC_CONCURRENT freed 293K, 9% free 10778K/11719K, paused 2ms+2ms
07-05 14:17:26.415   545   548 D dalvikvm: GC_CONCURRENT freed 801K, 11% free 10441K/11719K, paused 2ms+3ms
07-05 14:17:26.676   545   548 D dalvikvm: GC_CONCURRENT freed 411K, 12% free 10421K/11719K, paused 2ms+2ms
07-05 14:17:26.919   545 11615 I DownloadManager: Initiating request for download 5200
07-05 14:17:26.997   545   548 D dalvikvm: GC_CONCURRENT freed 353K, 11% free 10467K/11719K, paused 2ms+3ms
07-05 14:17:27.122   545   548 D dalvikvm: GC_CONCURRENT freed 203K, 9% free 10700K/11719K, paused 2ms+3ms
07-05 14:17:27.266   545   548 D dalvikvm: GC_CONCURRENT freed 657K, 11% free 10489K/11719K, paused 2ms+3ms
07-05 14:17:27.376  1370 11617 E DictionaryProvider:UpdateHandler: Can't read a file : android.util.MalformedJsonException: Use JsonReader.setLenient(true) to accept malformed JSON at line 1 column 20
07-05 14:17:27.583   545   548 D dalvikvm: GC_CONCURRENT freed 436K, 11% free 10443K/11719K, paused 1ms+3ms
07-05 14:17:27.852   545   548 D dalvikvm: GC_CONCURRENT freed 415K, 12% free 10423K/11719K, paused 2ms+3ms
07-05 14:17:27.973   545 11620 I DownloadManager: Initiating request for download 5200
07-05 14:17:28.067   545   548 D dalvikvm: GC_CONCURRENT freed 252K, 10% free 10608K/11719K, paused 2ms+2ms
07-05 14:17:28.184   545   548 D dalvikvm: GC_CONCURRENT freed 301K, 9% free 10768K/11719K, paused 2ms+3ms
07-05 14:17:28.419   545   548 D dalvikvm: GC_CONCURRENT freed 785K, 11% free 10443K/11719K, paused 2ms+2ms
07-05 14:17:28.680   545   548 D dalvikvm: GC_CONCURRENT freed 409K, 12% free 10424K/11719K, paused 2ms+3ms
07-05 14:17:28.903   545 11623 I DownloadManager: Initiating request for download 5201
07-05 14:17:28.966   545   548 D dalvikvm: GC_CONCURRENT freed 364K, 11% free 10464K/11719K, paused 3ms+3ms
07-05 14:17:29.083   545   548 D dalvikvm: GC_CONCURRENT freed 201K, 9% free 10702K/11719K, paused 2ms+3ms
07-05 14:17:29.227   545   548 D dalvikvm: GC_CONCURRENT freed 657K, 11% free 10488K/11719K, paused 2ms+2ms
07-05 14:17:29.384  1370 11625 E DictionaryProvider:UpdateHandler: Can't read a file : android.util.MalformedJsonException: Use JsonReader.setLenient(true) to accept malformed JSON at line 1 column 20
07-05 14:17:29.528   545   548 D dalvikvm: GC_CONCURRENT freed 426K, 11% free 10451K/11719K, paused 2ms+3ms
07-05 14:17:29.798   545   548 D dalvikvm: GC_CONCURRENT freed 413K, 12% free 10426K/11719K, paused 2ms+2ms
07-05 14:17:29.923   545 11627 I DownloadManager: Initiating request for download 5201
07-05 14:17:29.997   545   548 D dalvikvm: GC_CONCURRENT freed 255K, 10% free 10607K/11719K, paused 2ms+3ms
07-05 14:17:30.083   545   548 D dalvikvm: GC_CONCURRENT freed 266K, 9% free 10761K/11719K, paused 2ms+2ms
07-05 14:17:31.415   545   548 D dalvikvm: GC_CONCURRENT freed 773K, 11% free 10447K/11719K, paused 2ms+2ms
07-05 14:17:31.676   545   548 D dalvikvm: GC_CONCURRENT freed 409K, 12% free 10428K/11719K, paused 1ms+2ms
07-05 14:17:31.950   545   548 D dalvikvm: GC_CONCURRENT freed 397K, 12% free 10420K/11719K, paused 2ms+3ms
07-05 14:17:32.001   545 11631 I DownloadManager: Initiating request for download 5202
07-05 14:17:32.118   545   548 D dalvikvm: GC_CONCURRENT freed 178K, 9% free 10679K/11719K, paused 2ms+2ms
07-05 14:17:32.243   545   548 D dalvikvm: GC_CONCURRENT freed 424K, 9% free 10710K/11719K, paused 2ms+2ms
07-05 14:17:32.395  1370 11633 E DictionaryProvider:UpdateHandler: Can't read a file : android.util.MalformedJsonException: Use JsonReader.setLenient(true) to accept malformed JSON at line 1 column 20
07-05 14:17:32.559   545   548 D dalvikvm: GC_CONCURRENT freed 703K, 11% free 10448K/11719K, paused 2ms+3ms
07-05 14:17:32.829   545   548 D dalvikvm: GC_CONCURRENT freed 414K, 12% free 10425K/11719K, paused 2ms+2ms
07-05 14:17:32.962   545 11636 I DownloadManager: Initiating request for download 5202
07-05 14:17:33.055   545   548 D dalvikvm: GC_CONCURRENT freed 255K, 10% free 10599K/11719K, paused 2ms+3ms
07-05 14:17:33.173   545   548 D dalvikvm: GC_CONCURRENT freed 298K, 9% free 10762K/11719K, paused 2ms+3ms
07-05 14:17:33.403   545   548 D dalvikvm: GC_CONCURRENT freed 770K, 11% free 10452K/11719K, paused 1ms+2ms
07-05 14:17:33.673   545   548 D dalvikvm: GC_CONCURRENT freed 410K, 11% free 10433K/11719K, paused 2ms+3ms
07-05 14:17:33.958   545 11639 I DownloadManager: Initiating request for download 5203
07-05 14:17:34.005   545   548 D dalvikvm: GC_CONCURRENT freed 406K, 11% free 10459K/11719K, paused 2ms+3ms
07-05 14:17:34.141   545   548 D dalvikvm: GC_CONCURRENT freed 193K, 9% free 10702K/11719K, paused 2ms+3ms
07-05 14:17:34.274   545   548 D dalvikvm: GC_CONCURRENT freed 447K, 9% free 10716K/11719K, paused 2ms+4ms
07-05 14:17:34.477   156   530 D dalvikvm: GC_EXPLICIT freed 677K, 12% free 14104K/16007K, paused 2ms+6ms
07-05 14:17:34.485  1370 11641 E DictionaryProvider:UpdateHandler: Can't read a file : android.util.MalformedJsonException: Use JsonReader.setLenient(true) to accept malformed JSON at line 1 column 20
07-05 14:17:34.528  1370  1372 D dalvikvm: GC_CONCURRENT freed 403K, 7% free 9130K/9735K, paused 1ms+2ms
07-05 14:17:34.712   545   548 D dalvikvm: GC_CONCURRENT freed 709K, 11% free 10450K/11719K, paused 2ms+3ms
07-05 14:17:34.989   545   548 D dalvikvm: GC_CONCURRENT freed 426K, 12% free 10413K/11719K, paused 2ms+2ms
07-05 14:17:35.087   545 11644 I DownloadManager: Initiating request for download 5203
07-05 14:17:35.176   545   548 D dalvikvm: GC_CONCURRENT freed 233K, 10% free 10615K/11719K, paused 2ms+3ms
07-05 14:17:35.301   545   548 D dalvikvm: GC_CONCURRENT freed 297K, 8% free 10783K/11719K, paused 2ms+3ms
07-05 14:17:35.567   545   548 D dalvikvm: GC_CONCURRENT freed 811K, 11% free 10438K/11719K, paused 2ms+2ms
07-05 14:17:35.833   545   548 D dalvikvm: GC_CONCURRENT freed 409K, 12% free 10419K/11719K, paused 2ms+4ms
07-05 14:17:36.262   545 11647 I DownloadManager: Initiating request for download 5204
07-05 14:17:36.348   545   548 D dalvikvm: GC_CONCURRENT freed 336K, 10% free 10578K/11719K, paused 1ms+4ms
07-05 14:17:36.466   545   548 D dalvikvm: GC_CONCURRENT freed 279K, 9% free 10743K/11719K, paused 2ms+2ms
07-05 14:17:36.657   545   548 D dalvikvm: GC_CONCURRENT freed 718K, 11% free 10477K/11719K, paused 1ms+2ms
07-05 14:17:36.930   545   548 D dalvikvm: GC_CONCURRENT freed 400K, 11% free 10464K/11719K, paused 2ms+3ms
07-05 14:17:37.219   545   548 D dalvikvm: GC_CONCURRENT freed 400K, 11% free 10450K/11719K, paused 2ms+2ms
07-05 14:17:38.212  1370 11650 E DictionaryProvider:UpdateHandler: Can't read a file : android.util.MalformedJsonException: Use JsonReader.setLenient(true) to accept malformed JSON at line 1 column 20
07-05 14:17:38.411   545   548 D dalvikvm: GC_CONCURRENT freed 390K, 11% free 10450K/11719K, paused 2ms+2ms
07-05 14:17:38.665   545   548 D dalvikvm: GC_CONCURRENT freed 420K, 12% free 10421K/11719K, paused 2ms+3ms
07-05 14:17:38.872   545 11653 I DownloadManager: Initiating request for download 5204
07-05 14:17:38.876   545 11653 W DownloadManager: Aborting request for download 5204: Trying to resume a download that can't be resumed
07-05 14:17:38.942   545   548 D dalvikvm: GC_CONCURRENT freed 369K, 11% free 10452K/11719K, paused 2ms+3ms
07-05 14:17:39.266   545   548 D dalvikvm: GC_CONCURRENT freed 411K, 11% free 10431K/11719K, paused 1ms+2ms
07-05 14:17:39.532   545   548 D dalvikvm: GC_CONCURRENT freed 403K, 12% free 10419K/11719K, paused 2ms+3ms
07-05 14:17:39.712   545 11656 I DownloadManager: Initiating request for download 5205
07-05 14:17:39.801   545   548 D dalvikvm: GC_CONCURRENT freed 261K, 10% free 10594K/11719K, paused 2ms+2ms
07-05 14:17:39.919   545   548 D dalvikvm: GC_CONCURRENT freed 292K, 9% free 10759K/11719K, paused 1ms+3ms
07-05 14:17:40.134   545   548 D dalvikvm: GC_CONCURRENT freed 773K, 11% free 10446K/11719K, paused 2ms+2ms
07-05 14:17:40.176  1370 11658 E DictionaryProvider:UpdateHandler: Can't read a file : android.util.MalformedJsonException: Use JsonReader.setLenient(true) to accept malformed JSON at line 1 column 20
07-05 14:17:40.430   545   548 D dalvikvm: GC_CONCURRENT freed 398K, 11% free 10438K/11719K, paused 2ms+2ms
07-05 14:17:40.696   545   548 D dalvikvm: GC_CONCURRENT freed 414K, 12% free 10415K/11719K, paused 1ms+2ms
07-05 14:17:40.723   545 11661 I DownloadManager: Initiating request for download 5205
07-05 14:17:40.833   545   548 D dalvikvm: GC_CONCURRENT freed 178K, 9% free 10672K/11719K, paused 1ms+3ms
07-05 14:17:40.958   545   548 D dalvikvm: GC_CONCURRENT freed 408K, 9% free 10708K/11719K, paused 1ms+2ms
07-05 14:17:41.255   545   548 D dalvikvm: GC_CONCURRENT freed 708K, 11% free 10438K/11719K, paused 1ms+2ms
07-05 14:17:41.516   545   548 D dalvikvm: GC_CONCURRENT freed 409K, 12% free 10419K/11719K, paused 2ms+2ms
07-05 14:17:41.688   545 11664 I DownloadManager: Initiating request for download 5206
07-05 14:17:41.786   545   548 D dalvikvm: GC_CONCURRENT freed 262K, 10% free 10594K/11719K, paused 2ms+4ms
07-05 14:17:41.903   545   548 D dalvikvm: GC_CONCURRENT freed 294K, 9% free 10757K/11719K, paused 2ms+3ms
07-05 14:17:42.130  1370 11666 E DictionaryProvider:UpdateHandler: Can't read a file : android.util.MalformedJsonException: Use JsonReader.setLenient(true) to accept malformed JSON at line 1 column 20
07-05 14:17:42.153   545   548 D dalvikvm: GC_CONCURRENT freed 771K, 11% free 10466K/11719K, paused 2ms+2ms
07-05 14:17:42.426   545   548 D dalvikvm: GC_CONCURRENT freed 425K, 11% free 10432K/11719K, paused 2ms+2ms
07-05 14:17:42.688   545   548 D dalvikvm: GC_CONCURRENT freed 406K, 12% free 10416K/11719K, paused 2ms+2ms
07-05 14:17:42.712   545 11669 I DownloadManager: Initiating request for download 5206
07-05 14:17:42.829   545   548 D dalvikvm: GC_CONCURRENT freed 173K, 9% free 10680K/11719K, paused 2ms+2ms
07-05 14:17:42.954   545   548 D dalvikvm: GC_CONCURRENT freed 413K, 9% free 10712K/11719K, paused 2ms+2ms
07-05 14:17:43.262   545   548 D dalvikvm: GC_CONCURRENT freed 710K, 11% free 10441K/11719K, paused 1ms+3ms
07-05 14:17:43.532   545   548 D dalvikvm: GC_CONCURRENT freed 409K, 12% free 10423K/11719K, paused 2ms+2ms
07-05 14:17:43.688   545 11672 I DownloadManager: Initiating request for download 5207
07-05 14:17:43.786   545   548 D dalvikvm: GC_CONCURRENT freed 264K, 10% free 10603K/11719K, paused 2ms+3ms
07-05 14:17:43.907   545   548 D dalvikvm: GC_CONCURRENT freed 302K, 9% free 10760K/11719K, paused 2ms+3ms
07-05 14:17:44.126  1370 11674 E DictionaryProvider:UpdateHandler: Can't read a file : android.util.MalformedJsonException: Use JsonReader.setLenient(true) to accept malformed JSON at line 1 column 20
07-05 14:17:44.134   545   548 D dalvikvm: GC_CONCURRENT freed 775K, 11% free 10457K/11719K, paused 2ms+2ms
07-05 14:17:44.176  1370  1372 D dalvikvm: GC_CONCURRENT freed 390K, 7% free 9131K/9735K, paused 1ms+10ms
07-05 14:17:44.231  1370  1382 D dalvikvm: GC_EXPLICIT freed 73K, 7% free 9086K/9735K, paused 2ms+2ms
07-05 14:17:44.466   545   548 D dalvikvm: GC_CONCURRENT freed 416K, 11% free 10433K/11719K, paused 2ms+3ms
07-05 14:17:44.739   545   548 D dalvikvm: GC_CONCURRENT freed 398K, 12% free 10419K/11719K, paused 2ms+3ms
07-05 14:17:44.759   545 11677 I DownloadManager: Initiating request for download 5207
07-05 14:17:44.876   545   548 D dalvikvm: GC_CONCURRENT freed 181K, 9% free 10689K/11719K, paused 2ms+3ms
07-05 14:17:45.005   545   548 D dalvikvm: GC_CONCURRENT freed 425K, 9% free 10715K/11719K, paused 1ms+3ms
07-05 14:17:45.298   545   548 D dalvikvm: GC_CONCURRENT freed 711K, 11% free 10449K/11719K, paused 3ms+3ms
07-05 14:17:45.559   545   548 D dalvikvm: GC_CONCURRENT freed 415K, 12% free 10424K/11719K, paused 2ms+3ms
07-05 14:17:45.727   545 11680 I DownloadManager: Initiating request for download 5208
07-05 14:17:45.821   545 11649 D dalvikvm: GC_EXPLICIT freed 293K, 10% free 10642K/11719K, paused 2ms+4ms
07-05 14:17:45.923   545   548 D dalvikvm: GC_CONCURRENT freed 292K, 8% free 10809K/11719K, paused 1ms+3ms
07-05 14:17:46.126  1370 11682 E DictionaryProvider:UpdateHandler: Can't read a file : android.util.MalformedJsonException: Use JsonReader.setLenient(true) to accept malformed JSON at line 1 column 20
07-05 14:17:46.243   545   548 D dalvikvm: GC_CONCURRENT freed 827K, 11% free 10456K/11719K, paused 2ms+2ms
07-05 14:17:46.509   545   548 D dalvikvm: GC_CONCURRENT freed 413K, 11% free 10433K/11719K, paused 2ms+2ms
07-05 14:17:46.684   545 11685 I DownloadManager: Initiating request for download 5208
07-05 14:17:46.755   545   548 D dalvikvm: GC_CONCURRENT freed 328K, 10% free 10575K/11719K, paused 2ms+4ms
07-05 14:17:46.891   545   548 D dalvikvm: GC_CONCURRENT freed 269K, 9% free 10751K/11719K, paused 2ms+3ms
07-05 14:17:47.083   545   548 D dalvikvm: GC_CONCURRENT freed 715K, 11% free 10491K/11719K, paused 2ms+2ms
07-05 14:17:47.364   545   548 D dalvikvm: GC_CONCURRENT freed 439K, 11% free 10442K/11719K, paused 2ms+2ms
07-05 14:17:47.630   545   548 D dalvikvm: GC_CONCURRENT freed 408K, 12% free 10425K/11719K, paused 1ms+2ms
07-05 14:17:47.712   545 11688 I DownloadManager: Initiating request for download 5209
07-05 14:17:47.817   545   548 D dalvikvm: GC_CONCURRENT freed 202K, 9% free 10665K/11719K, paused 2ms+3ms
07-05 14:17:47.938   545   548 D dalvikvm: GC_CONCURRENT freed 314K, 8% free 10813K/11719K, paused 2ms+3ms
07-05 14:17:48.102  1370 11690 E DictionaryProvider:UpdateHandler: Can't read a file : android.util.MalformedJsonException: Use JsonReader.setLenient(true) to accept malformed JSON at line 1 column 20
07-05 14:17:48.255   545   548 D dalvikvm: GC_CONCURRENT freed 833K, 11% free 10457K/11719K, paused 2ms+3ms
07-05 14:17:48.524   545   548 D dalvikvm: GC_CONCURRENT freed 415K, 11% free 10432K/11719K, paused 2ms+3ms
07-05 14:17:48.676   545 11693 I DownloadManager: Initiating request for download 5209
07-05 14:17:48.766   545   548 D dalvikvm: GC_CONCURRENT freed 283K, 10% free 10603K/11719K, paused 2ms+3ms
07-05 14:17:48.891   545   548 D dalvikvm: GC_CONCURRENT freed 277K, 9% free 10772K/11719K, paused 2ms+2ms
07-05 14:17:49.106   545   548 D dalvikvm: GC_CONCURRENT freed 768K, 11% free 10463K/11719K, paused 2ms+2ms
07-05 14:17:49.376   545   548 D dalvikvm: GC_CONCURRENT freed 413K, 11% free 10440K/11719K, paused 2ms+3ms
07-05 14:17:49.653   545   548 D dalvikvm: GC_CONCURRENT freed 406K, 12% free 10424K/11719K, paused 2ms+2ms
07-05 14:17:49.731   545 11696 I DownloadManager: Initiating request for download 5210
07-05 14:17:49.844   545   548 D dalvikvm: GC_CONCURRENT freed 183K, 9% free 10678K/11719K, paused 2ms+2ms
07-05 14:17:49.962   545   548 D dalvikvm: GC_CONCURRENT freed 409K, 9% free 10720K/11719K, paused 2ms+2ms
07-05 14:17:50.130  1370 11698 E DictionaryProvider:UpdateHandler: Can't read a file : android.util.MalformedJsonException: Use JsonReader.setLenient(true) to accept malformed JSON at line 1 column 20
07-05 14:17:50.266   545   548 D dalvikvm: GC_CONCURRENT freed 707K, 11% free 10458K/11719K, paused 1ms+2ms
07-05 14:17:50.528   545   548 D dalvikvm: GC_CONCURRENT freed 413K, 11% free 10435K/11719K, paused 2ms+3ms
07-05 14:17:50.692   545 11701 I DownloadManager: Initiating request for download 5210
07-05 14:17:50.751   545   548 D dalvikvm: GC_CONCURRENT freed 293K, 10% free 10592K/11719K, paused 2ms+3ms
07-05 14:17:50.872   545   548 D dalvikvm: GC_CONCURRENT freed 262K, 9% free 10751K/11719K, paused 2ms+3ms
07-05 14:17:51.063   545   548 D dalvikvm: GC_CONCURRENT freed 714K, 11% free 10497K/11719K, paused 2ms+3ms
07-05 14:17:51.360   545   548 D dalvikvm: GC_CONCURRENT freed 438K, 11% free 10449K/11719K, paused 2ms+2ms
07-05 14:17:51.634   545   548 D dalvikvm: GC_CONCURRENT freed 410K, 12% free 10430K/11719K, paused 2ms+2ms
07-05 14:17:51.723   545 11704 I DownloadManager: Initiating request for download 5211
07-05 14:17:51.848   545   548 D dalvikvm: GC_CONCURRENT freed 201K, 9% free 10665K/11719K, paused 2ms+3ms
07-05 14:17:51.966   545   548 D dalvikvm: GC_CONCURRENT freed 327K, 8% free 10820K/11719K, paused 1ms+2ms
07-05 14:17:52.134  1370 11706 E DictionaryProvider:UpdateHandler: Can't read a file : android.util.MalformedJsonException: Use JsonReader.setLenient(true) to accept malformed JSON at line 1 column 20
07-05 14:17:52.200  1370  1372 D dalvikvm: GC_CONCURRENT freed 350K, 7% free 9127K/9735K, paused 2ms+6ms
07-05 14:17:52.298   545   548 D dalvikvm: GC_CONCURRENT freed 835K, 11% free 10462K/11719K, paused 2ms+3ms
07-05 14:17:52.563   545   548 D dalvikvm: GC_CONCURRENT freed 414K, 11% free 10444K/11719K, paused 1ms+2ms
07-05 14:17:52.712   545 11709 I DownloadManager: Initiating request for download 5211
07-05 14:17:52.805   545   548 D dalvikvm: GC_CONCURRENT freed 286K, 10% free 10609K/11719K, paused 2ms+3ms
07-05 14:17:52.923   545   548 D dalvikvm: GC_CONCURRENT freed 294K, 9% free 10774K/11719K, paused 2ms+3ms
07-05 14:17:53.149   156   168 D dalvikvm: GC_EXPLICIT freed 474K, 12% free 14102K/16007K, paused 2ms+5ms
07-05 14:17:53.208   545   548 D dalvikvm: GC_CONCURRENT freed 773K, 11% free 10465K/11719K, paused 2ms+3ms
07-05 14:17:53.481   545   548 D dalvikvm: GC_CONCURRENT freed 426K, 12% free 10430K/11719K, paused 2ms+2ms
07-05 14:17:53.755   545   548 D dalvikvm: GC_CONCURRENT freed 405K, 12% free 10415K/11719K, paused 2ms+2ms
07-05 14:17:53.813   545 11712 I DownloadManager: Initiating request for download 5212
07-05 14:17:53.946   545   548 D dalvikvm: GC_CONCURRENT freed 172K, 9% free 10672K/11719K, paused 2ms+3ms
07-05 14:17:54.063   545   548 D dalvikvm: GC_CONCURRENT freed 315K, 8% free 10809K/11719K, paused 2ms+3ms
07-05 14:17:54.239  1370 11714 E DictionaryProvider:UpdateHandler: Can't read a file : android.util.MalformedJsonException: Use JsonReader.setLenient(true) to accept malformed JSON at line 1 column 20
07-05 14:17:54.403   545   548 D dalvikvm: GC_CONCURRENT freed 835K, 11% free 10454K/11719K, paused 2ms+3ms
07-05 14:17:54.680   545   548 D dalvikvm: GC_CONCURRENT freed 420K, 12% free 10424K/11719K, paused 2ms+2ms
07-05 14:17:54.825   545 11717 I DownloadManager: Initiating request for download 5212
07-05 14:17:54.911   545   548 D dalvikvm: GC_CONCURRENT freed 264K, 10% free 10599K/11719K, paused 2ms+3ms
07-05 14:17:55.040   545   548 D dalvikvm: GC_CONCURRENT freed 294K, 9% free 10763K/11719K, paused 1ms+3ms
07-05 14:17:55.266   545   548 D dalvikvm: GC_CONCURRENT freed 771K, 11% free 10451K/11719K, paused 2ms+2ms
07-05 14:17:55.528   545   548 D dalvikvm: GC_CONCURRENT freed 410K, 11% free 10432K/11719K, paused 1ms+2ms
07-05 14:17:55.790   545   548 D dalvikvm: GC_CONCURRENT freed 403K, 12% free 10418K/11719K, paused 2ms+2ms
07-05 14:17:55.844   545 11720 I DownloadManager: Initiating request for download 5213
07-05 14:17:55.962   545   548 D dalvikvm: GC_CONCURRENT freed 175K, 9% free 10689K/11719K, paused 2ms+3ms
07-05 14:17:56.091   545   548 D dalvikvm: GC_CONCURRENT freed 428K, 9% free 10718K/11719K, paused 2ms+3ms
07-05 14:17:56.231  1370 11722 E DictionaryProvider:UpdateHandler: Can't read a file : android.util.MalformedJsonException: Use JsonReader.setLenient(true) to accept malformed JSON at line 1 column 20
07-05 14:17:56.395   545   548 D dalvikvm: GC_CONCURRENT freed 708K, 11% free 10454K/11719K, paused 1ms+2ms
07-05 14:17:56.657   545   548 D dalvikvm: GC_CONCURRENT freed 412K, 11% free 10432K/11719K, paused 2ms+2ms
07-05 14:17:56.801   545 11724 I DownloadManager: Initiating request for download 5213
07-05 14:17:56.887   545   548 D dalvikvm: GC_CONCURRENT freed 271K, 10% free 10599K/11719K, paused 2ms+3ms
07-05 14:17:56.985   545   548 D dalvikvm: GC_CONCURRENT freed 284K, 9% free 10765K/11719K, paused 2ms+3ms
07-05 14:17:57.372   545   548 D dalvikvm: GC_CONCURRENT freed 733K, 11% free 10488K/11719K, paused 2ms+2ms
07-05 14:17:57.649   545   548 D dalvikvm: GC_CONCURRENT freed 439K, 11% free 10442K/11719K, paused 2ms+2ms
07-05 14:17:57.942   545   548 D dalvikvm: GC_CONCURRENT freed 408K, 12% free 10424K/11719K, paused 1ms+2ms
07-05 14:17:58.024   545 11728 I DownloadManager: Initiating request for download 5214
07-05 14:17:58.141   545   548 D dalvikvm: GC_CONCURRENT freed 189K, 9% free 10671K/11719K, paused 2ms+3ms
07-05 14:17:58.259   545   548 D dalvikvm: GC_CONCURRENT freed 316K, 8% free 10816K/11719K, paused 1ms+3ms
07-05 14:17:58.442  1370 11730 E DictionaryProvider:UpdateHandler: Can't read a file : android.util.MalformedJsonException: Use JsonReader.setLenient(true) to accept malformed JSON at line 1 column 20
07-05 14:17:58.575   545   548 D dalvikvm: GC_CONCURRENT freed 838K, 11% free 10455K/11719K, paused 2ms+2ms
07-05 14:17:58.841   545   548 D dalvikvm: GC_CONCURRENT freed 416K, 12% free 10430K/11719K, paused 1ms+2ms
07-05 14:17:58.989   545 11733 I DownloadManager: Initiating request for download 5214
07-05 14:17:59.055   545   548 D dalvikvm: GC_CONCURRENT freed 270K, 10% free 10593K/11719K, paused 2ms+3ms
07-05 14:17:59.176   545   548 D dalvikvm: GC_CONCURRENT freed 280K, 9% free 10761K/11719K, paused 2ms+3ms
07-05 14:17:59.372   545   548 D dalvikvm: GC_CONCURRENT freed 729K, 11% free 10492K/11719K, paused 2ms+3ms
07-05 14:17:59.649   545   548 D dalvikvm: GC_CONCURRENT freed 437K, 11% free 10445K/11719K, paused 2ms+2ms
07-05 14:17:59.915   545   548 D dalvikvm: GC_CONCURRENT freed 410K, 12% free 10425K/11719K, paused 2ms+2ms
07-05 14:18:00.032   545 11736 I DownloadManager: Initiating request for download 5215
07-05 14:18:00.145   545   548 D dalvikvm: GC_CONCURRENT freed 194K, 9% free 10668K/11719K, paused 2ms+3ms
07-05 14:18:00.266   545   548 D dalvikvm: GC_CONCURRENT freed 308K, 8% free 10818K/11719K, paused 2ms+3ms
07-05 14:18:00.446  1370 11738 E DictionaryProvider:UpdateHandler: Can't read a file : android.util.MalformedJsonException: Use JsonReader.setLenient(true) to accept malformed JSON at line 1 column 20
07-05 14:18:00.520  1370  1372 D dalvikvm: GC_CONCURRENT freed 387K, 7% free 9127K/9735K, paused 1ms+2ms
07-05 14:18:00.598   545   548 D dalvikvm: GC_CONCURRENT freed 837K, 11% free 10459K/11719K, paused 2ms+3ms
07-05 14:18:00.864   545   548 D dalvikvm: GC_CONCURRENT freed 415K, 11% free 10435K/11719K, paused 2ms+2ms
07-05 14:18:01.024   545 11741 I DownloadManager: Initiating request for download 5215
07-05 14:18:01.106   545   548 D dalvikvm: GC_CONCURRENT freed 289K, 10% free 10641K/11719K, paused 2ms+3ms
07-05 14:18:01.231   545   548 D dalvikvm: GC_CONCURRENT freed 312K, 8% free 10785K/11719K, paused 1ms+3ms
07-05 14:18:01.458   545   548 D dalvikvm: GC_CONCURRENT freed 794K, 11% free 10460K/11719K, paused 2ms+2ms
07-05 14:18:01.716   545   548 D dalvikvm: GC_CONCURRENT freed 411K, 11% free 10439K/11719K, paused 2ms+3ms
07-05 14:18:01.973   545   548 D dalvikvm: GC_CONCURRENT freed 397K, 11% free 10431K/11719K, paused 2ms+3ms
07-05 14:18:02.012   545 11744 I DownloadManager: Initiating request for download 5216
07-05 14:18:02.134   545   548 D dalvikvm: GC_CONCURRENT freed 176K, 9% free 10692K/11719K, paused 2ms+3ms
07-05 14:18:02.255   545   548 D dalvikvm: GC_CONCURRENT freed 423K, 9% free 10726K/11719K, paused 2ms+3ms
07-05 14:18:02.391   993  1240 I PhoneLab-: Service Running
07-05 14:18:02.430  1370 11747 E DictionaryProvider:UpdateHandler: Can't read a file : android.util.MalformedJsonException: Use JsonReader.setLenient(true) to accept malformed JSON at line 1 column 20
07-05 14:18:02.489   993  1240 I PhoneLab-LoggerService: app_49    1247  993   1956   1584  c00f181c 400107b4 S logcat
07-05 14:18:02.489   993  1240 I PhoneLab-LoggerService: Logcat pid from database 1247
07-05 14:18:02.489   993  1240 I PhoneLab-LoggerService: Logcat process found 1247
07-05 14:18:02.489   993  1240 I PhoneLab-LoggerService: Checking Threshold
07-05 14:18:02.489   993  1240 I PhoneLab-LoggerService: Starting to rename files
07-05 14:18:02.493   993  1240 I PhoneLab-LoggerService: Files found .. 47
07-05 14:18:02.493   993  1240 I PhoneLab-LoggerService: File 1 log.out.1
07-05 14:18:02.501   993   995 D dalvikvm: GC_CONCURRENT freed 957K, 19% free 9154K/11207K, paused 2ms+5ms
07-05 14:18:02.505   993  1240 I PhoneLab-LoggerService: Renamed successfully
07-05 14:18:02.630   545   548 D dalvikvm: GC_CONCURRENT freed 713K, 11% free 10460K/11719K, paused 1ms+2ms
07-05 14:18:02.895   545   548 D dalvikvm: GC_CONCURRENT freed 414K, 11% free 10437K/11719K, paused 2ms+2ms
07-05 14:18:03.055   545 11750 I DownloadManager: Initiating request for download 5216
07-05 14:18:03.134   545   548 D dalvikvm: GC_CONCURRENT freed 267K, 10% free 10592K/11719K, paused 1ms+3ms
07-05 14:18:03.255   545   548 D dalvikvm: GC_CONCURRENT freed 273K, 9% free 10766K/11719K, paused 1ms+3ms
07-05 14:18:03.446   545   548 D dalvikvm: GC_CONCURRENT freed 763K, 11% free 10469K/11719K, paused 2ms+3ms
07-05 14:18:03.723   545   548 D dalvikvm: GC_CONCURRENT freed 409K, 11% free 10450K/11719K, paused 2ms+3ms
07-05 14:18:03.993   545   548 D dalvikvm: GC_CONCURRENT freed 409K, 11% free 10432K/11719K, paused 1ms+2ms
07-05 14:18:04.071   545 11753 I DownloadManager: Initiating request for download 5217
07-05 14:18:04.180   545   548 D dalvikvm: GC_CONCURRENT freed 194K, 9% free 10674K/11719K, paused 2ms+3ms
07-05 14:18:04.305   545   548 D dalvikvm: GC_CONCURRENT freed 313K, 8% free 10835K/11719K, paused 2ms+3ms
07-05 14:18:04.466  1370 11755 E DictionaryProvider:UpdateHandler: Can't read a file : android.util.MalformedJsonException: Use JsonReader.setLenient(true) to accept malformed JSON at line 1 column 20
07-05 14:18:04.630   545   548 D dalvikvm: GC_CONCURRENT freed 855K, 11% free 10463K/11719K, paused 2ms+3ms
07-05 14:18:04.903   545   548 D dalvikvm: GC_CONCURRENT freed 408K, 11% free 10441K/11719K, paused 2ms+2ms
07-05 14:18:05.059   545 11758 I DownloadManager: Initiating request for download 5217
07-05 14:18:05.157   545   548 D dalvikvm: GC_CONCURRENT freed 284K, 10% free 10590K/11719K, paused 2ms+2ms
07-05 14:18:05.270   545   548 D dalvikvm: GC_CONCURRENT freed 286K, 9% free 10757K/11719K, paused 2ms+3ms
07-05 14:18:05.450   545   548 D dalvikvm: GC_CONCURRENT freed 720K, 11% free 10501K/11719K, paused 2ms+2ms
07-05 14:18:05.731   545   548 D dalvikvm: GC_CONCURRENT freed 440K, 11% free 10453K/11719K, paused 2ms+2ms
07-05 14:18:05.997   545   548 D dalvikvm: GC_CONCURRENT freed 406K, 11% free 10434K/11719K, paused 2ms+2ms
07-05 14:18:06.087   545 11761 I DownloadManager: Initiating request for download 5218
07-05 14:18:06.196   545   548 D dalvikvm: GC_CONCURRENT freed 211K, 9% free 10682K/11719K, paused 2ms+3ms
07-05 14:18:06.321   545   548 D dalvikvm: GC_CONCURRENT freed 313K, 8% free 10829K/11719K, paused 2ms+3ms
07-05 14:18:06.489  1370 11763 E DictionaryProvider:UpdateHandler: Can't read a file : android.util.MalformedJsonException: Use JsonReader.setLenient(true) to accept malformed JSON at line 1 column 20
07-05 14:18:06.563   465   467 D dalvikvm: GC_CONCURRENT freed 381K, 6% free 10505K/11143K, paused 4ms+2ms
07-05 14:18:06.688   545   548 D dalvikvm: GC_CONCURRENT freed 844K, 11% free 10466K/11719K, paused 2ms+2ms
07-05 14:18:06.954   545   548 D dalvikvm: GC_CONCURRENT freed 413K, 11% free 10442K/11719K, paused 2ms+2ms
07-05 14:18:07.106   545 11766 I DownloadManager: Initiating request for download 5218
07-05 14:18:07.200   545   548 D dalvikvm: GC_CONCURRENT freed 276K, 10% free 10610K/11719K, paused 2ms+3ms
07-05 14:18:07.313   545   548 D dalvikvm: GC_CONCURRENT freed 287K, 9% free 10768K/11719K, paused 2ms+3ms
07-05 14:18:07.505   545   548 D dalvikvm: GC_CONCURRENT freed 729K, 11% free 10504K/11719K, paused 2ms+2ms
07-05 14:18:07.786   545   548 D dalvikvm: GC_CONCURRENT freed 439K, 11% free 10455K/11719K, paused 2ms+2ms
07-05 14:18:08.059   545   548 D dalvikvm: GC_CONCURRENT freed 410K, 11% free 10436K/11719K, paused 1ms+2ms
07-05 14:18:08.134   545 11769 I DownloadManager: Initiating request for download 5219
07-05 14:18:08.247   545   548 D dalvikvm: GC_CONCURRENT freed 192K, 9% free 10681K/11719K, paused 2ms+3ms
07-05 14:18:08.372   545   548 D dalvikvm: GC_CONCURRENT freed 313K, 8% free 10840K/11719K, paused 2ms+2ms
07-05 14:18:08.528  1370 11771 E DictionaryProvider:UpdateHandler: Can't read a file : android.util.MalformedJsonException: Use JsonReader.setLenient(true) to accept malformed JSON at line 1 column 20
07-05 14:18:08.602  1370  1372 D dalvikvm: GC_CONCURRENT freed 391K, 7% free 9127K/9735K, paused 1ms+2ms
07-05 14:18:08.716   545   548 D dalvikvm: GC_CONCURRENT freed 856K, 11% free 10468K/11719K, paused 2ms+2ms
07-05 14:18:08.973   545   548 D dalvikvm: GC_CONCURRENT freed 415K, 11% free 10445K/11719K, paused 2ms+2ms
07-05 14:18:09.122   545 11774 I DownloadManager: Initiating request for download 5219
07-05 14:18:09.204   545   548 D dalvikvm: GC_CONCURRENT freed 275K, 10% free 10612K/11719K, paused 2ms+3ms
07-05 14:18:09.321   545   548 D dalvikvm: GC_CONCURRENT freed 288K, 8% free 10789K/11719K, paused 2ms+3ms
07-05 14:18:09.536   545   548 D dalvikvm: GC_CONCURRENT freed 787K, 11% free 10474K/11719K, paused 2ms+2ms
07-05 14:18:09.813   545   548 D dalvikvm: GC_CONCURRENT freed 404K, 11% free 10457K/11719K, paused 1ms+3ms
07-05 14:18:10.083   545   548 D dalvikvm: GC_CONCURRENT freed 410K, 11% free 10437K/11719K, paused 1ms+2ms
07-05 14:18:10.145   545 11777 I DownloadManager: Initiating request for download 5220
07-05 14:18:10.255   545   548 D dalvikvm: GC_CONCURRENT freed 184K, 9% free 10690K/11719K, paused 2ms+2ms
07-05 14:18:10.380   545   548 D dalvikvm: GC_CONCURRENT freed 408K, 9% free 10739K/11719K, paused 2ms+3ms
07-05 14:18:10.501   156   559 D dalvikvm: GC_EXPLICIT freed 514K, 12% free 14104K/16007K, paused 2ms+6ms
07-05 14:18:10.630  1370 11779 E DictionaryProvider:UpdateHandler: Can't read a file : android.util.MalformedJsonException: Use JsonReader.setLenient(true) to accept malformed JSON at line 1 column 20
07-05 14:18:10.762   545   548 D dalvikvm: GC_CONCURRENT freed 718K, 11% free 10472K/11719K, paused 2ms+3ms
07-05 14:18:11.044   545   548 D dalvikvm: GC_CONCURRENT freed 427K, 11% free 10434K/11719K, paused 2ms+2ms
07-05 14:18:11.216   545 11782 I DownloadManager: Initiating request for download 5220
07-05 14:18:11.278   545   548 D dalvikvm: GC_CONCURRENT freed 316K, 11% free 10542K/11719K, paused 1ms+2ms
07-05 14:18:11.399   545   548 D dalvikvm: GC_CONCURRENT freed 239K, 9% free 10739K/11719K, paused 2ms+3ms
07-05 14:18:11.559   545   548 D dalvikvm: GC_CONCURRENT freed 696K, 11% free 10502K/11719K, paused 1ms+3ms
07-05 14:18:11.844   545   548 D dalvikvm: GC_CONCURRENT freed 445K, 11% free 10447K/11719K, paused 1ms+2ms
07-05 14:18:12.106   545   548 D dalvikvm: GC_CONCURRENT freed 409K, 12% free 10429K/11719K, paused 1ms+2ms
07-05 14:18:12.243   545 11785 I DownloadManager: Initiating request for download 5221
07-05 14:18:12.344   545   548 D dalvikvm: GC_CONCURRENT freed 224K, 10% free 10640K/11719K, paused 2ms+3ms
07-05 14:18:12.469   545   548 D dalvikvm: GC_CONCURRENT freed 305K, 8% free 10805K/11719K, paused 1ms+3ms
07-05 14:18:12.712   545  9638 D dalvikvm: GC_EXPLICIT freed 762K, 11% free 10467K/11719K, paused 2ms+3ms
07-05 14:18:12.719  1370 11787 E DictionaryProvider:UpdateHandler: Can't read a file : android.util.MalformedJsonException: Use JsonReader.setLenient(true) to accept malformed JSON at line 1 column 20
07-05 14:18:12.997   545   548 D dalvikvm: GC_CONCURRENT freed 405K, 11% free 10448K/11719K, paused 2ms+2ms
07-05 14:18:13.270   545   548 D dalvikvm: GC_CONCURRENT freed 404K, 11% free 10430K/11719K, paused 2ms+2ms
07-05 14:18:13.290   545 11790 I DownloadManager: Initiating request for download 5221
07-05 14:18:13.411   545   548 D dalvikvm: GC_CONCURRENT freed 172K, 9% free 10695K/11719K, paused 2ms+2ms
07-05 14:18:13.532   545   548 D dalvikvm: GC_CONCURRENT freed 424K, 9% free 10731K/11719K, paused 2ms+2ms
07-05 14:18:13.821   545   548 D dalvikvm: GC_CONCURRENT freed 725K, 11% free 10454K/11719K, paused 2ms+3ms
07-05 14:18:14.091   545   548 D dalvikvm: GC_CONCURRENT freed 409K, 11% free 10436K/11719K, paused 2ms+2ms
07-05 14:18:14.266   545 11793 I DownloadManager: Initiating request for download 5222
07-05 14:18:14.344   545   548 D dalvikvm: GC_CONCURRENT freed 278K, 10% free 10609K/11719K, paused 2ms+4ms
07-05 14:18:14.481   545   548 D dalvikvm: GC_CONCURRENT freed 288K, 9% free 10780K/11719K, paused 2ms+3ms
07-05 14:18:14.688  1370 11795 E DictionaryProvider:UpdateHandler: Can't read a file : android.util.MalformedJsonException: Use JsonReader.setLenient(true) to accept malformed JSON at line 1 column 20
07-05 14:18:14.751   545   548 D dalvikvm: GC_CONCURRENT freed 777K, 11% free 10478K/11719K, paused 2ms+2ms
07-05 14:18:15.020   545   548 D dalvikvm: GC_CONCURRENT freed 420K, 11% free 10449K/11719K, paused 2ms+2ms
07-05 14:18:15.286   545   548 D dalvikvm: GC_CONCURRENT freed 406K, 11% free 10432K/11719K, paused 2ms+2ms
07-05 14:18:15.337   545 11798 I DownloadManager: Initiating request for download 5222
07-05 14:18:15.442   545   548 D dalvikvm: GC_CONCURRENT freed 189K, 9% free 10681K/11719K, paused 2ms+3ms
07-05 14:18:15.567   545   548 D dalvikvm: GC_CONCURRENT freed 309K, 8% free 10830K/11719K, paused 2ms+3ms
07-05 14:18:15.860   545   548 D dalvikvm: GC_CONCURRENT freed 856K, 11% free 10456K/11719K, paused 2ms+2ms
07-05 14:18:16.126   545   548 D dalvikvm: GC_CONCURRENT freed 408K, 11% free 10439K/11719K, paused 2ms+2ms
07-05 14:18:16.298   545 11801 I DownloadManager: Initiating request for download 5223
07-05 14:18:16.372   545   548 D dalvikvm: GC_CONCURRENT freed 274K, 10% free 10614K/11719K, paused 2ms+3ms
07-05 14:18:16.493   545   548 D dalvikvm: GC_CONCURRENT freed 291K, 8% free 10782K/11719K, paused 2ms+2ms
07-05 14:18:16.700   545   548 D dalvikvm: GC_CONCURRENT freed 780K, 11% free 10476K/11719K, paused 2ms+2ms
07-05 14:18:16.751  1370 11803 E DictionaryProvider:UpdateHandler: Can't read a file : android.util.MalformedJsonException: Use JsonReader.setLenient(true) to accept malformed JSON at line 1 column 20
07-05 14:18:16.817  1370  1372 D dalvikvm: GC_CONCURRENT freed 392K, 7% free 9125K/9735K, paused 1ms+2ms
07-05 14:18:17.020   545   548 D dalvikvm: GC_CONCURRENT freed 405K, 11% free 10458K/11719K, paused 1ms+3ms
07-05 14:18:17.282   545   548 D dalvikvm: GC_CONCURRENT freed 409K, 11% free 10435K/11719K, paused 1ms+2ms
07-05 14:18:17.333   545 11806 I DownloadManager: Initiating request for download 5223
07-05 14:18:17.434   545   548 D dalvikvm: GC_CONCURRENT freed 195K, 9% free 10676K/11719K, paused 2ms+3ms
07-05 14:18:17.559   545   548 D dalvikvm: GC_CONCURRENT freed 305K, 8% free 10833K/11719K, paused 2ms+3ms
07-05 14:18:17.837   545   548 D dalvikvm: GC_CONCURRENT freed 823K, 11% free 10498K/11719K, paused 2ms+3ms
07-05 14:18:18.134   545   548 D dalvikvm: GC_CONCURRENT freed 443K, 11% free 10446K/11719K, paused 2ms+3ms
07-05 14:18:18.325   545 11809 I DownloadManager: Initiating request for download 5224
07-05 14:18:18.407   545   548 D dalvikvm: GC_CONCURRENT freed 282K, 10% free 10616K/11719K, paused 2ms+3ms
07-05 14:18:18.524   545   548 D dalvikvm: GC_CONCURRENT freed 297K, 8% free 10785K/11719K, paused 2ms+4ms
07-05 14:18:18.743   545   548 D dalvikvm: GC_CONCURRENT freed 757K, 11% free 10494K/11719K, paused 1ms+3ms
07-05 14:18:19.020   545   548 D dalvikvm: GC_CONCURRENT freed 430K, 11% free 10457K/11719K, paused 2ms+3ms
07-05 14:18:19.290   545   548 D dalvikvm: GC_CONCURRENT freed 401K, 11% free 10449K/11719K, paused 2ms+2ms
07-05 14:18:20.524  1370 11811 E DictionaryProvider:UpdateHandler: Can't read a file : android.util.MalformedJsonException: Use JsonReader.setLenient(true) to accept malformed JSON at line 1 column 20
07-05 14:18:20.731   545   548 D dalvikvm: GC_CONCURRENT freed 366K, 11% free 10473K/11719K, paused 2ms+2ms
07-05 14:18:21.016   545   548 D dalvikvm: GC_CONCURRENT freed 416K, 11% free 10446K/11719K, paused 2ms+3ms
07-05 14:18:21.344   545   548 D dalvikvm: GC_CONCURRENT freed 359K, 11% free 10473K/11719K, paused 2ms+2ms
07-05 14:18:21.606   545   548 D dalvikvm: GC_CONCURRENT freed 408K, 11% free 10456K/11719K, paused 2ms+3ms
07-05 14:18:21.868   545   548 D dalvikvm: GC_CONCURRENT freed 404K, 11% free 10443K/11719K, paused 2ms+2ms
07-05 14:18:22.067   545 11814 I DownloadManager: Initiating request for download 5225
07-05 14:18:22.161   545   548 D dalvikvm: GC_CONCURRENT freed 270K, 10% free 10623K/11719K, paused 2ms+2ms
07-05 14:18:22.286   545   548 D dalvikvm: GC_CONCURRENT freed 294K, 8% free 10793K/11719K, paused 2ms+3ms
07-05 14:18:22.520  1370 11816 E DictionaryProvider:UpdateHandler: Can't read a file : android.util.MalformedJsonException: Use JsonReader.setLenient(true) to accept malformed JSON at line 1 column 20
07-05 14:18:22.540   545   548 D dalvikvm: GC_CONCURRENT freed 799K, 11% free 10489K/11719K, paused 2ms+3ms
07-05 14:18:22.817   545   548 D dalvikvm: GC_CONCURRENT freed 425K, 11% free 10455K/11719K, paused 2ms+2ms
07-05 14:18:23.083   545   548 D dalvikvm: GC_CONCURRENT freed 401K, 11% free 10439K/11719K, paused 2ms+2ms
07-05 14:18:23.114   545 11819 I DownloadManager: Initiating request for download 5225
07-05 14:18:23.223   545   548 D dalvikvm: GC_CONCURRENT freed 168K, 9% free 10691K/11719K, paused 2ms+3ms
07-05 14:18:23.341   545   548 D dalvikvm: GC_CONCURRENT freed 296K, 8% free 10840K/11719K, paused 2ms+3ms
07-05 14:18:23.637   545   548 D dalvikvm: GC_CONCURRENT freed 861K, 11% free 10465K/11719K, paused 1ms+2ms
07-05 14:18:23.899   545   548 D dalvikvm: GC_CONCURRENT freed 408K, 11% free 10446K/11719K, paused 2ms+2ms
07-05 14:18:24.075   545 11822 I DownloadManager: Initiating request for download 5226
07-05 14:18:24.141   545   548 D dalvikvm: GC_CONCURRENT freed 276K, 10% free 10613K/11719K, paused 2ms+3ms
07-05 14:18:24.266   545   548 D dalvikvm: GC_CONCURRENT freed 289K, 8% free 10783K/11719K, paused 2ms+3ms
07-05 14:18:24.462   545   548 D dalvikvm: GC_CONCURRENT freed 744K, 11% free 10507K/11719K, paused 2ms+3ms
07-05 14:18:24.516  1370 11824 E DictionaryProvider:UpdateHandler: Can't read a file : android.util.MalformedJsonException: Use JsonReader.setLenient(true) to accept malformed JSON at line 1 column 20
07-05 14:18:24.762   545   548 D dalvikvm: GC_CONCURRENT freed 431K, 11% free 10467K/11719K, paused 2ms+2ms
07-05 14:18:25.040   545   548 D dalvikvm: GC_CONCURRENT freed 415K, 11% free 10442K/11719K, paused 2ms+3ms
07-05 14:18:25.106   545 11827 I DownloadManager: Initiating request for download 5226
07-05 14:18:25.216   545   548 D dalvikvm: GC_CONCURRENT freed 196K, 9% free 10716K/11719K, paused 2ms+3ms
07-05 14:18:25.337   545   548 D dalvikvm: GC_CONCURRENT freed 344K, 8% free 10841K/11719K, paused 2ms+2ms
07-05 14:18:25.649   545   548 D dalvikvm: GC_CONCURRENT freed 860K, 11% free 10474K/11719K, paused 1ms+2ms
07-05 14:18:25.911   545   548 D dalvikvm: GC_CONCURRENT freed 415K, 11% free 10449K/11719K, paused 2ms+3ms
07-05 14:18:26.094   545 11830 I DownloadManager: Initiating request for download 5227
07-05 14:18:26.196   545   548 D dalvikvm: GC_CONCURRENT freed 271K, 10% free 10628K/11719K, paused 2ms+3ms
07-05 14:18:26.309   545   548 D dalvikvm: GC_CONCURRENT freed 310K, 8% free 10785K/11719K, paused 2ms+3ms
07-05 14:18:26.497   545   548 D dalvikvm: GC_CONCURRENT freed 740K, 11% free 10515K/11719K, paused 2ms+3ms
07-05 14:18:26.571  1370 11832 E DictionaryProvider:UpdateHandler: Can't read a file : android.util.MalformedJsonException: Use JsonReader.setLenient(true) to accept malformed JSON at line 1 column 20
07-05 14:18:26.805   545   548 D dalvikvm: GC_CONCURRENT freed 438K, 11% free 10468K/11719K, paused 2ms+2ms
07-05 14:18:27.075   545   548 D dalvikvm: GC_CONCURRENT freed 408K, 11% free 10452K/11719K, paused 2ms+2ms
07-05 14:18:27.122   545 11835 I DownloadManager: Initiating request for download 5227
07-05 14:18:27.219   545   548 D dalvikvm: GC_CONCURRENT freed 195K, 9% free 10693K/11719K, paused 2ms+3ms
07-05 14:18:27.341   545   548 D dalvikvm: GC_CONCURRENT freed 395K, 9% free 10748K/11719K, paused 2ms+3ms
07-05 14:18:27.544  1370  1372 D dalvikvm: GC_CONCURRENT freed 385K, 7% free 9129K/9735K, paused 1ms+2ms
07-05 14:18:27.649   545   548 D dalvikvm: GC_CONCURRENT freed 729K, 11% free 10473K/11719K, paused 2ms+3ms
07-05 14:18:27.923   545   548 D dalvikvm: GC_CONCURRENT freed 410K, 11% free 10454K/11719K, paused 2ms+3ms
07-05 14:18:28.141   545 11838 I DownloadManager: Initiating request for download 5228
07-05 14:18:28.227   545   548 D dalvikvm: GC_CONCURRENT freed 316K, 10% free 10600K/11719K, paused 2ms+3ms
07-05 14:18:28.360   545   548 D dalvikvm: GC_CONCURRENT freed 305K, 8% free 10855K/11719K, paused 2ms+4ms
07-05 14:18:28.555  1370 11840 E DictionaryProvider:UpdateHandler: Can't read a file : android.util.MalformedJsonException: Use JsonReader.setLenient(true) to accept malformed JSON at line 1 column 20
07-05 14:18:28.649   545   548 D dalvikvm: GC_CONCURRENT freed 860K, 11% free 10487K/11719K, paused 2ms+3ms
07-05 14:18:28.915   545   548 D dalvikvm: GC_CONCURRENT freed 418K, 11% free 10458K/11719K, paused 2ms+3ms
07-05 14:18:29.149   545 11843 I DownloadManager: Initiating request for download 5228
07-05 14:18:29.208   545   548 D dalvikvm: GC_CONCURRENT freed 403K, 11% free 10499K/11719K, paused 2ms+2ms
07-05 14:18:29.337   545   548 D dalvikvm: GC_CONCURRENT freed 197K, 8% free 10794K/11719K, paused 2ms+2ms
07-05 14:18:29.509   545   548 D dalvikvm: GC_CONCURRENT freed 750K, 11% free 10522K/11719K, paused 2ms+2ms
07-05 14:18:29.606   156   594 D dalvikvm: GC_EXPLICIT freed 482K, 12% free 14100K/16007K, paused 3ms+6ms
07-05 14:18:29.860   545   548 D dalvikvm: GC_CONCURRENT freed 443K, 11% free 10470K/11719K, paused 2ms+3ms
07-05 14:18:30.130   545   548 D dalvikvm: GC_CONCURRENT freed 423K, 11% free 10437K/11719K, paused 2ms+2ms
07-05 14:18:30.255   545 11846 I DownloadManager: Initiating request for download 5229
07-05 14:18:30.348   545   548 D dalvikvm: GC_CONCURRENT freed 229K, 10% free 10644K/11719K, paused 2ms+3ms
07-05 14:18:30.473   545   548 D dalvikvm: GC_CONCURRENT freed 324K, 8% free 10831K/11719K, paused 2ms+3ms
07-05 14:18:30.657  1370 11848 E DictionaryProvider:UpdateHandler: Can't read a file : android.util.MalformedJsonException: Use JsonReader.setLenient(true) to accept malformed JSON at line 1 column 20
07-05 14:18:30.782   545   548 D dalvikvm: GC_CONCURRENT freed 845K, 11% free 10469K/11719K, paused 1ms+2ms
07-05 14:18:31.048   545   548 D dalvikvm: GC_CONCURRENT freed 411K, 11% free 10446K/11719K, paused 2ms+2ms
07-05 14:18:31.243   545 11851 I DownloadManager: Initiating request for download 5229
07-05 14:18:31.309   545   548 D dalvikvm: GC_CONCURRENT freed 361K, 11% free 10511K/11719K, paused 2ms+3ms
07-05 14:18:31.430   545   548 D dalvikvm: GC_CONCURRENT freed 212K, 9% free 10736K/11719K, paused 2ms+3ms
07-05 14:18:31.567   545   548 D dalvikvm: GC_CONCURRENT freed 699K, 11% free 10508K/11719K, paused 2ms+2ms
07-05 14:18:31.852   545   548 D dalvikvm: GC_CONCURRENT freed 438K, 11% free 10460K/11719K, paused 2ms+2ms
07-05 14:18:32.122   545   548 D dalvikvm: GC_CONCURRENT freed 410K, 11% free 10448K/11719K, paused 1ms+2ms
07-05 14:18:32.274   545 11854 I DownloadManager: Initiating request for download 5230
07-05 14:18:32.356   545   548 D dalvikvm: GC_CONCURRENT freed 252K, 10% free 10631K/11719K, paused 2ms+2ms
07-05 14:18:32.477   545   548 D dalvikvm: GC_CONCURRENT freed 293K, 8% free 10800K/11719K, paused 2ms+2ms
07-05 14:18:32.661  1370 11856 E DictionaryProvider:UpdateHandler: Can't read a file : android.util.MalformedJsonException: Use JsonReader.setLenient(true) to accept malformed JSON at line 1 column 20
07-05 14:18:32.731   545   548 D dalvikvm: GC_CONCURRENT freed 791K, 11% free 10480K/11719K, paused 2ms+2ms
07-05 14:18:32.989   545   548 D dalvikvm: GC_CONCURRENT freed 417K, 11% free 10454K/11719K, paused 1ms+2ms
07-05 14:18:33.255   545   548 D dalvikvm: GC_CONCURRENT freed 401K, 11% free 10443K/11719K, paused 2ms+3ms
07-05 14:18:33.305   545 11858 I DownloadManager: Initiating request for download 5230
07-05 14:18:33.387   545   548 D dalvikvm: GC_CONCURRENT freed 185K, 9% free 10695K/11719K, paused 2ms+3ms
07-05 14:18:33.477   545   548 D dalvikvm: GC_CONCURRENT freed 404K, 9% free 10742K/11719K, paused 2ms+2ms
07-05 14:18:33.973   545   548 D dalvikvm: GC_CONCURRENT freed 729K, 11% free 10466K/11719K, paused 1ms+2ms
07-05 14:18:34.235   545   548 D dalvikvm: GC_CONCURRENT freed 410K, 11% free 10446K/11719K, paused 2ms+3ms
07-05 14:18:34.446   545 11862 I DownloadManager: Initiating request for download 5231
07-05 14:18:34.528   545   548 D dalvikvm: GC_CONCURRENT freed 318K, 10% free 10579K/11719K, paused 2ms+4ms
07-05 14:18:34.649   545   548 D dalvikvm: GC_CONCURRENT freed 258K, 9% free 10766K/11719K, paused 2ms+2ms
07-05 14:18:34.817   545   548 D dalvikvm: GC_CONCURRENT freed 719K, 11% free 10509K/11719K, paused 2ms+3ms
07-05 14:18:34.923  1370 11864 E DictionaryProvider:UpdateHandler: Can't read a file : android.util.MalformedJsonException: Use JsonReader.setLenient(true) to accept malformed JSON at line 1 column 20
07-05 14:18:35.130   545   548 D dalvikvm: GC_CONCURRENT freed 424K, 11% free 10471K/11719K, paused 1ms+2ms
07-05 14:18:35.395   545   548 D dalvikvm: GC_CONCURRENT freed 413K, 11% free 10444K/11719K, paused 2ms+2ms
07-05 14:18:35.501   545 11867 I DownloadManager: Initiating request for download 5231
07-05 14:18:35.602   545   548 D dalvikvm: GC_CONCURRENT freed 234K, 9% free 10703K/11719K, paused 2ms+2ms
07-05 14:18:35.735   545   548 D dalvikvm: GC_CONCURRENT freed 360K, 8% free 10836K/11719K, paused 2ms+3ms
07-05 14:18:35.942  1370  1372 D dalvikvm: GC_CONCURRENT freed 393K, 7% free 9127K/9735K, paused 1ms+2ms
07-05 14:18:36.044   545   548 D dalvikvm: GC_CONCURRENT freed 850K, 11% free 10470K/11719K, paused 1ms+2ms
07-05 14:18:36.305   545   548 D dalvikvm: GC_CONCURRENT freed 408K, 11% free 10452K/11719K, paused 2ms+2ms
07-05 14:18:36.509   545 11870 I DownloadManager: Initiating request for download 5232
07-05 14:18:36.583   545   548 D dalvikvm: GC_CONCURRENT freed 313K, 10% free 10589K/11719K, paused 3ms+4ms
07-05 14:18:36.716   545   548 D dalvikvm: GC_CONCURRENT freed 263K, 8% free 10826K/11719K, paused 2ms+3ms
07-05 14:18:36.930  1370 11872 E DictionaryProvider:UpdateHandler: Can't read a file : android.util.MalformedJsonException: Use JsonReader.setLenient(true) to accept malformed JSON at line 1 column 20
07-05 14:18:36.981   545   548 D dalvikvm: GC_CONCURRENT freed 833K, 11% free 10492K/11719K, paused 2ms+2ms
07-05 14:18:37.262   545   548 D dalvikvm: GC_CONCURRENT freed 423K, 11% free 10457K/11719K, paused 1ms+2ms
07-05 14:18:37.528   545   548 D dalvikvm: GC_CONCURRENT freed 403K, 11% free 10445K/11719K, paused 2ms+2ms
07-05 14:18:37.591   545 11875 I DownloadManager: Initiating request for download 5232
07-05 14:18:37.696   545   548 D dalvikvm: GC_CONCURRENT freed 193K, 9% free 10688K/11719K, paused 2ms+3ms
07-05 14:18:37.817   545   548 D dalvikvm: GC_CONCURRENT freed 315K, 8% free 10849K/11719K, paused 2ms+2ms
07-05 14:18:38.106   545   548 D dalvikvm: GC_CONCURRENT freed 866K, 11% free 10470K/11719K, paused 2ms+3ms
07-05 14:18:38.368   545   548 D dalvikvm: GC_CONCURRENT freed 411K, 11% free 10450K/11719K, paused 2ms+2ms
07-05 14:18:38.548   545 11878 I DownloadManager: Initiating request for download 5233
07-05 14:18:38.637   545   548 D dalvikvm: GC_CONCURRENT freed 286K, 10% free 10608K/11719K, paused 3ms+3ms
07-05 14:18:38.755   545   548 D dalvikvm: GC_CONCURRENT freed 280K, 8% free 10791K/11719K, paused 2ms+3ms
07-05 14:18:38.946   545   548 D dalvikvm: GC_CONCURRENT freed 744K, 11% free 10519K/11719K, paused 2ms+2ms
07-05 14:18:38.997  1370 11880 E DictionaryProvider:UpdateHandler: Can't read a file : android.util.MalformedJsonException: Use JsonReader.setLenient(true) to accept malformed JSON at line 1 column 20
07-05 14:18:39.251   545   548 D dalvikvm: GC_CONCURRENT freed 433K, 11% free 10473K/11719K, paused 2ms+3ms
07-05 14:18:39.524   545   548 D dalvikvm: GC_CONCURRENT freed 416K, 11% free 10447K/11719K, paused 2ms+2ms
07-05 14:18:39.602   545 11883 I DownloadManager: Initiating request for download 5233
07-05 14:18:39.708   545   548 D dalvikvm: GC_CONCURRENT freed 213K, 9% free 10671K/11719K, paused 2ms+3ms
07-05 14:18:39.829   545   548 D dalvikvm: GC_CONCURRENT freed 318K, 8% free 10835K/11719K, paused 2ms+3ms
07-05 14:18:40.102   545   548 D dalvikvm: GC_CONCURRENT freed 845K, 11% free 10474K/11719K, paused 2ms+2ms
07-05 14:18:40.364   545   548 D dalvikvm: GC_CONCURRENT freed 408K, 11% free 10456K/11719K, paused 2ms+3ms
07-05 14:18:40.575   545 11886 I DownloadManager: Initiating request for download 5234
07-05 14:18:40.637   545   548 D dalvikvm: GC_CONCURRENT freed 333K, 11% free 10525K/11719K, paused 2ms+2ms
07-05 14:18:40.751   545   548 D dalvikvm: GC_CONCURRENT freed 212K, 9% free 10749K/11719K, paused 2ms+2ms
07-05 14:18:40.891   545   548 D dalvikvm: GC_CONCURRENT freed 468K, 9% free 10754K/11719K, paused 2ms+5ms
07-05 14:18:41.055  1370 11888 E DictionaryProvider:UpdateHandler: Can't read a file : android.util.MalformedJsonException: Use JsonReader.setLenient(true) to accept malformed JSON at line 1 column 20
07-05 14:18:41.235   545   548 D dalvikvm: GC_CONCURRENT freed 728K, 11% free 10478K/11719K, paused 2ms+2ms
07-05 14:18:41.501   545   548 D dalvikvm: GC_CONCURRENT freed 415K, 11% free 10454K/11719K, paused 2ms+3ms
07-05 14:18:41.622   545 11891 I DownloadManager: Initiating request for download 5234
07-05 14:18:41.712   545   548 D dalvikvm: GC_CONCURRENT freed 232K, 10% free 10655K/11719K, paused 2ms+3ms
07-05 14:18:41.833   545   548 D dalvikvm: GC_CONCURRENT freed 311K, 8% free 10828K/11719K, paused 2ms+2ms
07-05 14:18:42.071   545   548 D dalvikvm: GC_CONCURRENT freed 829K, 11% free 10480K/11719K, paused 2ms+2ms
07-05 14:18:42.333   545   548 D dalvikvm: GC_CONCURRENT freed 410K, 11% free 10461K/11719K, paused 1ms+2ms
07-05 14:18:42.567   545 11894 I DownloadManager: Initiating request for download 5235
07-05 14:18:42.630   545   548 D dalvikvm: GC_CONCURRENT freed 387K, 11% free 10484K/11719K, paused 2ms+3ms
07-05 14:18:42.731   545 11649 D dalvikvm: GC_EXPLICIT freed 181K, 9% free 10731K/11719K, paused 3ms+8ms
07-05 14:18:42.876   545   548 D dalvikvm: GC_CONCURRENT freed 444K, 9% free 10762K/11719K, paused 2ms+3ms
07-05 14:18:43.009  1370 11896 E DictionaryProvider:UpdateHandler: Can't read a file : android.util.MalformedJsonException: Use JsonReader.setLenient(true) to accept malformed JSON at line 1 column 20
07-05 14:18:43.231   545   548 D dalvikvm: GC_CONCURRENT freed 735K, 11% free 10482K/11719K, paused 2ms+2ms
07-05 14:18:43.497   545   548 D dalvikvm: GC_CONCURRENT freed 416K, 11% free 10457K/11719K, paused 1ms+2ms
07-05 14:18:43.630   545 11899 I DownloadManager: Initiating request for download 5235
07-05 14:18:43.719   545   548 D dalvikvm: GC_CONCURRENT freed 260K, 10% free 10641K/11719K, paused 2ms+3ms
07-05 14:18:43.837   545   548 D dalvikvm: GC_CONCURRENT freed 301K, 8% free 10812K/11719K, paused 2ms+3ms
07-05 14:18:44.063  1370  1372 D dalvikvm: GC_CONCURRENT freed 390K, 7% free 9127K/9735K, paused 2ms+2ms
07-05 14:18:44.083   545   548 D dalvikvm: GC_CONCURRENT freed 797K, 11% free 10489K/11719K, paused 2ms+2ms
07-05 14:18:44.337   545   548 D dalvikvm: GC_CONCURRENT freed 414K, 11% free 10466K/11719K, paused 2ms+2ms
07-05 14:18:44.594   545   548 D dalvikvm: GC_CONCURRENT freed 405K, 11% free 10451K/11719K, paused 2ms+3ms
07-05 14:18:44.657   545 11902 I DownloadManager: Initiating request for download 5236
07-05 14:18:44.782   545   548 D dalvikvm: GC_CONCURRENT freed 178K, 9% free 10709K/11719K, paused 2ms+3ms
07-05 14:18:44.903   545   548 D dalvikvm: GC_CONCURRENT freed 328K, 8% free 10859K/11719K, paused 2ms+3ms
07-05 14:18:45.087  1370 11904 E DictionaryProvider:UpdateHandler: Can't read a file : android.util.MalformedJsonException: Use JsonReader.setLenient(true) to accept malformed JSON at line 1 column 20
07-05 14:18:45.227   545   548 D dalvikvm: GC_CONCURRENT freed 860K, 11% free 10490K/11719K, paused 1ms+2ms
07-05 14:18:45.497   545   548 D dalvikvm: GC_CONCURRENT freed 414K, 11% free 10466K/11719K, paused 2ms+2ms
07-05 14:18:45.657   545 11906 I DownloadManager: Initiating request for download 5236
07-05 14:18:46.001   545   548 D dalvikvm: GC_CONCURRENT freed 349K, 11% free 10511K/11719K, paused 2ms+2ms
07-05 14:18:46.266   545   548 D dalvikvm: GC_CONCURRENT freed 416K, 11% free 10485K/11719K, paused 2ms+2ms
07-05 14:18:46.536   545   548 D dalvikvm: GC_CONCURRENT freed 406K, 11% free 10497K/11719K, paused 2ms+2ms
07-05 14:18:46.649   545   548 D dalvikvm: GC_CONCURRENT freed 233K, 9% free 10707K/11719K, paused 2ms+3ms
07-05 14:18:46.778   545   548 D dalvikvm: GC_CONCURRENT freed 439K, 9% free 10731K/11719K, paused 1ms+2ms
07-05 14:18:46.934   545 11909 I DownloadManager: Initiating request for download 5237
07-05 14:18:47.067   545   548 D dalvikvm: GC_CONCURRENT freed 523K, 9% free 10701K/11719K, paused 2ms+2ms
07-05 14:18:47.192   545   548 D dalvikvm: GC_CONCURRENT freed 298K, 8% free 10869K/11719K, paused 2ms+3ms
07-05 14:18:47.321   156   593 D dalvikvm: GC_EXPLICIT freed 496K, 12% free 14101K/16007K, paused 2ms+5ms
07-05 14:18:47.462  1370 11912 E DictionaryProvider:UpdateHandler: Can't read a file : android.util.MalformedJsonException: Use JsonReader.setLenient(true) to accept malformed JSON at line 1 column 20
07-05 14:18:47.579   545   548 D dalvikvm: GC_CONCURRENT freed 874K, 11% free 10490K/11719K, paused 2ms+3ms
07-05 14:18:47.844   545   548 D dalvikvm: GC_CONCURRENT freed 429K, 11% free 10453K/11719K, paused 2ms+2ms
07-05 14:18:48.044   545 11915 I DownloadManager: Initiating request for download 5237
07-05 14:18:48.091   545   548 D dalvikvm: GC_CONCURRENT freed 342K, 11% free 10517K/11719K, paused 2ms+3ms
07-05 14:18:48.208   545   548 D dalvikvm: GC_CONCURRENT freed 211K, 9% free 10742K/11719K, paused 2ms+2ms
07-05 14:18:48.344   545   548 D dalvikvm: GC_CONCURRENT freed 454K, 9% free 10749K/11719K, paused 2ms+2ms
07-05 14:18:48.657   545   548 D dalvikvm: GC_CONCURRENT freed 738K, 11% free 10466K/11719K, paused 2ms+3ms
07-05 14:18:48.934   545   548 D dalvikvm: GC_CONCURRENT freed 410K, 11% free 10448K/11719K, paused 2ms+2ms
07-05 14:18:49.079   545 11918 I DownloadManager: Initiating request for download 5238
07-05 14:18:49.176   545   548 D dalvikvm: GC_CONCURRENT freed 225K, 10% free 10649K/11719K, paused 2ms+3ms
07-05 14:18:49.298   545   548 D dalvikvm: GC_CONCURRENT freed 290K, 8% free 10811K/11719K, paused 2ms+3ms
07-05 14:18:49.520   545   548 D dalvikvm: GC_CONCURRENT freed 809K, 11% free 10479K/11719K, paused 1ms+2ms
07-05 14:18:49.563  1370 11920 E DictionaryProvider:UpdateHandler: Can't read a file : android.util.MalformedJsonException: Use JsonReader.setLenient(true) to accept malformed JSON at line 1 column 20
07-05 14:18:49.817   545   548 D dalvikvm: GC_CONCURRENT freed 399K, 11% free 10470K/11719K, paused 1ms+2ms
07-05 14:18:50.075   545   548 D dalvikvm: GC_CONCURRENT freed 416K, 11% free 10445K/11719K, paused 2ms+2ms
07-05 14:18:50.114   545 11923 I DownloadManager: Initiating request for download 5238
07-05 14:18:50.219   545   548 D dalvikvm: GC_CONCURRENT freed 182K, 9% free 10699K/11719K, paused 2ms+2ms
07-05 14:18:50.344   545   548 D dalvikvm: GC_CONCURRENT freed 315K, 8% free 10854K/11719K, paused 1ms+2ms
07-05 14:18:50.645   545   548 D dalvikvm: GC_CONCURRENT freed 874K, 11% free 10470K/11719K, paused 1ms+2ms
07-05 14:18:50.907   545   548 D dalvikvm: GC_CONCURRENT freed 408K, 11% free 10453K/11719K, paused 2ms+2ms
07-05 14:18:51.087   545 11926 I DownloadManager: Initiating request for download 5239
07-05 14:18:51.180   545   548 D dalvikvm: GC_CONCURRENT freed 278K, 10% free 10618K/11719K, paused 1ms+3ms
07-05 14:18:51.294   545   548 D dalvikvm: GC_CONCURRENT freed 278K, 8% free 10786K/11719K, paused 2ms+2ms
07-05 14:18:51.481   545   548 D dalvikvm: GC_CONCURRENT freed 736K, 11% free 10516K/11719K, paused 2ms+3ms
07-05 14:18:51.551  1370 11928 E DictionaryProvider:UpdateHandler: Can't read a file : android.util.MalformedJsonException: Use JsonReader.setLenient(true) to accept malformed JSON at line 1 column 20
07-05 14:18:51.634   465   467 D dalvikvm: GC_CONCURRENT freed 397K, 6% free 10505K/11143K, paused 4ms+2ms
07-05 14:18:51.833   545   548 D dalvikvm: GC_CONCURRENT freed 431K, 11% free 10476K/11719K, paused 2ms+2ms
07-05 14:18:52.102   545   548 D dalvikvm: GC_CONCURRENT freed 411K, 11% free 10452K/11719K, paused 2ms+2ms
07-05 14:18:52.196   545 11931 I DownloadManager: Initiating request for download 5239
07-05 14:18:52.286   545   548 D dalvikvm: GC_CONCURRENT freed 223K, 10% free 10661K/11719K, paused 2ms+2ms
07-05 14:18:52.407   545   548 D dalvikvm: GC_CONCURRENT freed 304K, 8% free 10836K/11719K, paused 2ms+3ms
07-05 14:18:52.598  1370  1372 D dalvikvm: GC_CONCURRENT freed 385K, 7% free 9130K/9735K, paused 1ms+2ms
07-05 14:18:52.696   545   548 D dalvikvm: GC_CONCURRENT freed 842K, 11% free 10477K/11719K, paused 2ms+2ms
07-05 14:18:52.946   545   548 D dalvikvm: GC_CONCURRENT freed 405K, 11% free 10459K/11719K, paused 2ms+2ms
07-05 14:18:53.204   545 11934 I DownloadManager: Initiating request for download 5240
07-05 14:18:53.313   545   548 D dalvikvm: GC_CONCURRENT freed 372K, 11% free 10508K/11719K, paused 4ms+6ms
07-05 14:18:53.450   545   548 D dalvikvm: GC_CONCURRENT freed 204K, 9% free 10745K/11719K, paused 2ms+3ms
07-05 14:18:53.591   545   548 D dalvikvm: GC_CONCURRENT freed 460K, 9% free 10760K/11719K, paused 1ms+2ms
07-05 14:18:53.735  1370 11936 E DictionaryProvider:UpdateHandler: Can't read a file : android.util.MalformedJsonException: Use JsonReader.setLenient(true) to accept malformed JSON at line 1 column 20
07-05 14:18:53.934   545   548 D dalvikvm: GC_CONCURRENT freed 739K, 11% free 10479K/11719K, paused 2ms+3ms
07-05 14:18:54.204   545   548 D dalvikvm: GC_CONCURRENT freed 415K, 11% free 10455K/11719K, paused 2ms+3ms
07-05 14:18:54.329   545 11939 I DownloadManager: Initiating request for download 5240
07-05 14:18:54.407   545   548 D dalvikvm: GC_CONCURRENT freed 251K, 10% free 10645K/11719K, paused 2ms+3ms
07-05 14:18:54.532   545   548 D dalvikvm: GC_CONCURRENT freed 296K, 8% free 10818K/11719K, paused 1ms+3ms
07-05 14:18:54.755   545   548 D dalvikvm: GC_CONCURRENT freed 811K, 11% free 10487K/11719K, paused 2ms+3ms
07-05 14:18:55.036   545   548 D dalvikvm: GC_CONCURRENT freed 407K, 11% free 10466K/11719K, paused 2ms+3ms
07-05 14:18:55.301   545   548 D dalvikvm: GC_CONCURRENT freed 401K, 11% free 10451K/11719K, paused 2ms+2ms
07-05 14:18:55.372   545 11942 I DownloadManager: Initiating request for download 5241
07-05 14:18:55.505   545   548 D dalvikvm: GC_CONCURRENT freed 181K, 9% free 10706K/11719K, paused 2ms+3ms
07-05 14:18:55.626   545   548 D dalvikvm: GC_CONCURRENT freed 335K, 8% free 10861K/11719K, paused 2ms+3ms
07-05 14:18:55.801  1370 11944 E DictionaryProvider:UpdateHandler: Can't read a file : android.util.MalformedJsonException: Use JsonReader.setLenient(true) to accept malformed JSON at line 1 column 20
07-05 14:18:55.946   545   548 D dalvikvm: GC_CONCURRENT freed 867K, 11% free 10485K/11719K, paused 2ms+2ms
07-05 14:18:56.219   545   548 D dalvikvm: GC_CONCURRENT freed 414K, 11% free 10461K/11719K, paused 2ms+3ms
07-05 14:18:56.395   545 11947 I DownloadManager: Initiating request for download 5241
07-05 14:18:56.477   545   548 D dalvikvm: GC_CONCURRENT freed 285K, 10% free 10633K/11719K, paused 2ms+3ms
07-05 14:18:56.598   545   548 D dalvikvm: GC_CONCURRENT freed 298K, 8% free 10803K/11719K, paused 2ms+3ms
07-05 14:18:56.794   545   548 D dalvikvm: GC_CONCURRENT freed 788K, 11% free 10490K/11719K, paused 1ms+2ms
07-05 14:18:57.075   545   548 D dalvikvm: GC_CONCURRENT freed 402K, 11% free 10475K/11719K, paused 2ms+2ms
07-05 14:18:57.356   545   548 D dalvikvm: GC_CONCURRENT freed 407K, 11% free 10455K/11719K, paused 2ms+2ms
07-05 14:18:57.450   545 11950 I DownloadManager: Initiating request for download 5242
07-05 14:18:57.567   545   548 D dalvikvm: GC_CONCURRENT freed 201K, 9% free 10691K/11719K, paused 2ms+3ms
07-05 14:18:57.688   545   548 D dalvikvm: GC_CONCURRENT freed 322K, 8% free 10858K/11719K, paused 2ms+3ms
07-05 14:18:57.884  1370 11952 E DictionaryProvider:UpdateHandler: Can't read a file : android.util.MalformedJsonException: Use JsonReader.setLenient(true) to accept malformed JSON at line 1 column 20
07-05 14:18:58.001   545   548 D dalvikvm: GC_CONCURRENT freed 861K, 11% free 10488K/11719K, paused 1ms+2ms
07-05 14:18:58.251   545   548 D dalvikvm: GC_CONCURRENT freed 413K, 11% free 10466K/11719K, paused 2ms+2ms
07-05 14:18:58.442   545 11955 I DownloadManager: Initiating request for download 5242
07-05 14:18:58.497   545   548 D dalvikvm: GC_CONCURRENT freed 335K, 11% free 10533K/11719K, paused 1ms+3ms
07-05 14:18:58.610   545   548 D dalvikvm: GC_CONCURRENT freed 210K, 9% free 10759K/11719K, paused 2ms+3ms
07-05 14:18:58.755   545   548 D dalvikvm: GC_CONCURRENT freed 473K, 9% free 10766K/11719K, paused 2ms+4ms
07-05 14:18:59.079   545   548 D dalvikvm: GC_CONCURRENT freed 748K, 11% free 10479K/11719K, paused 2ms+2ms
07-05 14:18:59.344   545   548 D dalvikvm: GC_CONCURRENT freed 405K, 11% free 10466K/11719K, paused 2ms+2ms
07-05 14:18:59.469   545 11958 I DownloadManager: Initiating request for download 5243
07-05 14:18:59.563   545   548 D dalvikvm: GC_CONCURRENT freed 215K, 10% free 10662K/11719K, paused 2ms+2ms
07-05 14:18:59.688   545   548 D dalvikvm: GC_CONCURRENT freed 310K, 8% free 10831K/11719K, paused 2ms+3ms
07-05 14:18:59.876  1370 11960 E DictionaryProvider:UpdateHandler: Can't read a file : android.util.MalformedJsonException: Use JsonReader.setLenient(true) to accept malformed JSON at line 1 column 20
07-05 14:18:59.946   545   548 D dalvikvm: GC_CONCURRENT freed 816K, 11% free 10505K/11719K, paused 2ms+3ms
07-05 14:19:00.231   545   548 D dalvikvm: GC_CONCURRENT freed 423K, 11% free 10473K/11719K, paused 2ms+3ms
07-05 14:19:00.489   545   548 D dalvikvm: GC_CONCURRENT freed 404K, 11% free 10459K/11719K, paused 1ms+2ms
07-05 14:19:00.516   545 11963 I DownloadManager: Initiating request for download 5243
07-05 14:19:00.622   545   548 D dalvikvm: GC_CONCURRENT freed 172K, 9% free 10723K/11719K, paused 2ms+2ms
07-05 14:19:00.747   545   548 D dalvikvm: GC_CONCURRENT freed 420K, 9% free 10771K/11719K, paused 2ms+2ms
07-05 14:19:00.950  1370  1372 D dalvikvm: GC_CONCURRENT freed 395K, 7% free 9126K/9735K, paused 1ms+3ms
07-05 14:19:01.063   545   548 D dalvikvm: GC_CONCURRENT freed 741K, 11% free 10486K/11719K, paused 2ms+2ms
07-05 14:19:01.325   545   548 D dalvikvm: GC_CONCURRENT freed 407K, 11% free 10468K/11719K, paused 2ms+2ms
07-05 14:19:01.551   545 11966 I DownloadManager: Initiating request for download 5244
07-05 14:19:01.665   545   548 D dalvikvm: GC_CONCURRENT freed 314K, 11% free 10538K/11719K, paused 2ms+2ms
07-05 14:19:01.770   545   548 D dalvikvm: GC_CONCURRENT freed 226K, 9% free 10758K/11719K, paused 2ms+3ms
07-05 14:19:01.915   545   548 D dalvikvm: GC_CONCURRENT freed 467K, 9% free 10777K/11719K, paused 2ms+2ms
07-05 14:19:02.071  1370 11968 E DictionaryProvider:UpdateHandler: Can't read a file : android.util.MalformedJsonException: Use JsonReader.setLenient(true) to accept malformed JSON at line 1 column 20
07-05 14:19:02.106  1370  6706 D dalvikvm: GC_EXPLICIT freed 94K, 7% free 9092K/9735K, paused 2ms+2ms
07-05 14:19:02.286   545   548 D dalvikvm: GC_CONCURRENT freed 751K, 11% free 10490K/11719K, paused 2ms+2ms
07-05 14:19:02.567   545   548 D dalvikvm: GC_CONCURRENT freed 417K, 11% free 10464K/11719K, paused 2ms+2ms
07-05 14:19:02.673   545 11971 I DownloadManager: Initiating request for download 5244
07-05 14:19:02.770   545   548 D dalvikvm: GC_CONCURRENT freed 226K, 9% free 10674K/11719K, paused 2ms+3ms
07-05 14:19:02.891   545   548 D dalvikvm: GC_CONCURRENT freed 318K, 8% free 10839K/11719K, paused 2ms+2ms
07-05 14:19:03.141   545   548 D dalvikvm: GC_CONCURRENT freed 828K, 11% free 10492K/11719K, paused 2ms+2ms
07-05 14:19:03.403   545   548 D dalvikvm: GC_CONCURRENT freed 403K, 11% free 10476K/11719K, paused 1ms+2ms
07-05 14:19:03.657   545 11974 I DownloadManager: Initiating request for download 5245
07-05 14:19:03.723   545   548 D dalvikvm: GC_CONCURRENT freed 401K, 11% free 10521K/11719K, paused 2ms+4ms
07-05 14:19:03.841   545   548 D dalvikvm: GC_CONCURRENT freed 200K, 9% free 10758K/11719K, paused 2ms+3ms
07-05 14:19:03.993   156   530 D AlarmManagerService: Kernel timezone updated to 240 minutes west of GMT
07-05 14:19:04.001   545   548 D dalvikvm: GC_CONCURRENT freed 463K, 8% free 10787K/11719K, paused 2ms+10ms
07-05 14:19:04.141  1370 11976 E DictionaryProvider:UpdateHandler: Can't read a file : android.util.MalformedJsonException: Use JsonReader.setLenient(true) to accept malformed JSON at line 1 column 20
07-05 14:19:04.184   465 11977 D dalvikvm: GC_EXPLICIT freed 283K, 8% free 10320K/11143K, paused 2ms+2ms
07-05 14:19:04.387   545   548 D dalvikvm: GC_CONCURRENT freed 762K, 11% free 10493K/11719K, paused 2ms+2ms
07-05 14:19:04.649   545   548 D dalvikvm: GC_CONCURRENT freed 413K, 11% free 10470K/11719K, paused 1ms+2ms
07-05 14:19:04.837   156   594 D dalvikvm: GC_EXPLICIT freed 522K, 12% free 14101K/16007K, paused 2ms+6ms
07-05 14:19:04.844   545 11979 I DownloadManager: Initiating request for download 5245
07-05 14:19:04.942   545   548 D dalvikvm: GC_CONCURRENT freed 239K, 9% free 10668K/11719K, paused 1ms+3ms
07-05 14:19:05.063   545   548 D dalvikvm: GC_CONCURRENT freed 318K, 8% free 10801K/11719K, paused 2ms+3ms
07-05 14:19:05.274   545   548 D dalvikvm: GC_CONCURRENT freed 790K, 11% free 10485K/11719K, paused 2ms+3ms
07-05 14:19:05.567   545   548 D dalvikvm: GC_CONCURRENT freed 406K, 11% free 10477K/11719K, paused 1ms+2ms
07-05 14:19:05.821   545   548 D dalvikvm: GC_CONCURRENT freed 416K, 11% free 10452K/11719K, paused 2ms+2ms
07-05 14:19:05.887   545 11982 I DownloadManager: Initiating request for download 5246
07-05 14:19:06.012   545   548 D dalvikvm: GC_CONCURRENT freed 194K, 9% free 10714K/11719K, paused 2ms+3ms
07-05 14:19:06.130   545   548 D dalvikvm: GC_CONCURRENT freed 323K, 8% free 10866K/11719K, paused 2ms+2ms
07-05 14:19:06.290  1370 11984 E DictionaryProvider:UpdateHandler: Can't read a file : android.util.MalformedJsonException: Use JsonReader.setLenient(true) to accept malformed JSON at line 1 column 20
07-05 14:19:06.454   545   548 D dalvikvm: GC_CONCURRENT freed 877K, 11% free 10483K/11719K, paused 2ms+3ms
07-05 14:19:06.719   545   548 D dalvikvm: GC_CONCURRENT freed 415K, 11% free 10458K/11719K, paused 1ms+2ms
07-05 14:19:06.887   545 11987 I DownloadManager: Initiating request for download 5246
07-05 14:19:06.981   545   548 D dalvikvm: GC_CONCURRENT freed 295K, 9% free 10679K/11719K, paused 1ms+3ms
07-05 14:19:07.102   545   548 D dalvikvm: GC_CONCURRENT freed 332K, 8% free 10825K/11719K, paused 2ms+2ms
07-05 14:19:07.317   545   548 D dalvikvm: GC_CONCURRENT freed 820K, 11% free 10487K/11719K, paused 2ms+2ms
07-05 14:19:07.598   545   548 D dalvikvm: GC_CONCURRENT freed 407K, 11% free 10470K/11719K, paused 2ms+3ms
07-05 14:19:07.880   545   548 D dalvikvm: GC_CONCURRENT freed 410K, 11% free 10451K/11719K, paused 2ms+2ms
07-05 14:19:07.938   545 11990 I DownloadManager: Initiating request for download 5247
07-05 14:19:08.059   545   548 D dalvikvm: GC_CONCURRENT freed 176K, 9% free 10712K/11719K, paused 2ms+3ms
07-05 14:19:08.180   545   548 D dalvikvm: GC_CONCURRENT freed 323K, 8% free 10868K/11719K, paused 2ms+3ms
07-05 14:19:08.454   545   548 D dalvikvm: GC_CONCURRENT freed 850K, 11% free 10511K/11719K, paused 2ms+2ms
07-05 14:19:08.708   545   548 D dalvikvm: GC_CONCURRENT freed 402K, 11% free 10500K/11719K, paused 2ms+3ms
07-05 14:19:09.571  1370 11993 E DictionaryProvider:UpdateHandler: Can't read a file : android.util.MalformedJsonException: Use JsonReader.setLenient(true) to accept malformed JSON at line 1 column 20
07-05 14:19:09.669   545   548 D dalvikvm: GC_CONCURRENT freed 389K, 11% free 10504K/11719K, paused 1ms+2ms
07-05 14:19:09.934   545   548 D dalvikvm: GC_CONCURRENT freed 422K, 11% free 10478K/11719K, paused 2ms+2ms
07-05 14:19:10.204   545   548 D dalvikvm: GC_CONCURRENT freed 410K, 11% free 10459K/11719K, paused 1ms+2ms
07-05 14:19:10.317   545 11996 I DownloadManager: Initiating request for download 5247
07-05 14:19:10.317   545 11996 W DownloadManager: Aborting request for download 5247: Trying to resume a download that can't be resumed
07-05 14:19:10.559   545   548 D dalvikvm: GC_CONCURRENT freed 358K, 11% free 10492K/11719K, paused 2ms+2ms
07-05 14:19:10.821   545   548 D dalvikvm: GC_CONCURRENT freed 413K, 11% free 10470K/11719K, paused 1ms+2ms
07-05 14:19:11.091   545   548 D dalvikvm: GC_CONCURRENT freed 399K, 11% free 10458K/11719K, paused 1ms+2ms
07-05 14:19:11.200   545 11999 I DownloadManager: Initiating request for download 5248
07-05 14:19:11.298   545   548 D dalvikvm: GC_CONCURRENT freed 210K, 9% free 10690K/11719K, paused 2ms+3ms
07-05 14:19:11.423   545   548 D dalvikvm: GC_CONCURRENT freed 317K, 8% free 10852K/11719K, paused 2ms+3ms
07-05 14:19:11.665   545 11113 D dalvikvm: GC_EXPLICIT freed 771K, 11% free 10501K/11719K, paused 2ms+3ms
07-05 14:19:11.673  1370 12001 E DictionaryProvider:UpdateHandler: Can't read a file : android.util.MalformedJsonException: Use JsonReader.setLenient(true) to accept malformed JSON at line 1 column 20
07-05 14:19:11.704  1370  1372 D dalvikvm: GC_CONCURRENT freed 359K, 7% free 9133K/9735K, paused 3ms+2ms
07-05 14:19:11.962   545   548 D dalvikvm: GC_CONCURRENT freed 419K, 11% free 10473K/11719K, paused 2ms+2ms
07-05 14:19:12.227   545   548 D dalvikvm: GC_CONCURRENT freed 407K, 11% free 10457K/11719K, paused 2ms+3ms
07-05 14:19:12.266   545 12004 I DownloadManager: Initiating request for download 5248
07-05 14:19:12.384   545   548 D dalvikvm: GC_CONCURRENT freed 177K, 9% free 10716K/11719K, paused 2ms+3ms
07-05 14:19:12.505   545   548 D dalvikvm: GC_CONCURRENT freed 332K, 8% free 10870K/11719K, paused 2ms+3ms
07-05 14:19:12.805   545   548 D dalvikvm: GC_CONCURRENT freed 883K, 11% free 10489K/11719K, paused 2ms+2ms
07-05 14:19:13.079   545   548 D dalvikvm: GC_CONCURRENT freed 411K, 11% free 10464K/11719K, paused 2ms+3ms
07-05 14:19:13.255   545 12007 I DownloadManager: Initiating request for download 5249
07-05 14:19:13.337   545   548 D dalvikvm: GC_CONCURRENT freed 268K, 10% free 10636K/11719K, paused 2ms+3ms
07-05 14:19:13.458   545   548 D dalvikvm: GC_CONCURRENT freed 296K, 8% free 10811K/11719K, paused 2ms+3ms
07-05 14:19:13.653   545   548 D dalvikvm: GC_CONCURRENT freed 763K, 11% free 10529K/11719K, paused 2ms+2ms
07-05 14:19:13.716  1370 12009 E DictionaryProvider:UpdateHandler: Can't read a file : android.util.MalformedJsonException: Use JsonReader.setLenient(true) to accept malformed JSON at line 1 column 20
07-05 14:19:13.962   545   548 D dalvikvm: GC_CONCURRENT freed 432K, 11% free 10487K/11719K, paused 2ms+2ms
07-05 14:19:14.223   545   548 D dalvikvm: GC_CONCURRENT freed 417K, 11% free 10461K/11719K, paused 2ms+2ms
07-05 14:19:14.313   545 12012 I DownloadManager: Initiating request for download 5249
07-05 14:19:14.415   545   548 D dalvikvm: GC_CONCURRENT freed 209K, 9% free 10685K/11719K, paused 2ms+2ms
07-05 14:19:14.532   545   548 D dalvikvm: GC_CONCURRENT freed 323K, 8% free 10849K/11719K, paused 2ms+3ms
07-05 14:19:14.774   545   548 D dalvikvm: GC_CONCURRENT freed 815K, 11% free 10522K/11719K, paused 2ms+2ms
07-05 14:19:15.036   545   548 D dalvikvm: GC_CONCURRENT freed 404K, 11% free 10508K/11719K, paused 1ms+2ms
07-05 14:19:15.309   545 12014 I DownloadManager: Initiating request for download 5250
07-05 14:19:15.419   545   548 D dalvikvm: GC_CONCURRENT freed 386K, 10% free 10582K/11719K, paused 2ms+3ms
07-05 14:19:15.536   545   548 D dalvikvm: GC_CONCURRENT freed 246K, 9% free 10780K/11719K, paused 2ms+3ms
07-05 14:19:15.684   545   548 D dalvikvm: GC_CONCURRENT freed 713K, 11% free 10533K/11719K, paused 2ms+2ms
07-05 14:19:15.798  1370 12017 E DictionaryProvider:UpdateHandler: Can't read a file : android.util.MalformedJsonException: Use JsonReader.setLenient(true) to accept malformed JSON at line 1 column 20
07-05 14:19:15.989   545   548 D dalvikvm: GC_CONCURRENT freed 425K, 11% free 10494K/11719K, paused 2ms+2ms
07-05 14:19:16.251   545   548 D dalvikvm: GC_CONCURRENT freed 416K, 11% free 10469K/11719K, paused 2ms+2ms
07-05 14:19:16.403   545 12020 I DownloadManager: Initiating request for download 5250
07-05 14:19:16.477   545   548 D dalvikvm: GC_CONCURRENT freed 280K, 10% free 10647K/11719K, paused 2ms+3ms
07-05 14:19:16.598   545   548 D dalvikvm: GC_CONCURRENT freed 296K, 8% free 10819K/11719K, paused 2ms+2ms
07-05 14:19:16.798   545   548 D dalvikvm: GC_CONCURRENT freed 769K, 11% free 10529K/11719K, paused 2ms+3ms
07-05 14:19:17.071   545   548 D dalvikvm: GC_CONCURRENT freed 399K, 11% free 10516K/11719K, paused 2ms+2ms
07-05 14:19:17.356   545   548 D dalvikvm: GC_CONCURRENT freed 431K, 11% free 10471K/11719K, paused 2ms+3ms
07-05 14:19:17.466   545 12023 I DownloadManager: Initiating request for download 5251
07-05 14:19:17.571   545   548 D dalvikvm: GC_CONCURRENT freed 209K, 9% free 10699K/11719K, paused 2ms+3ms
07-05 14:19:17.700   545   548 D dalvikvm: GC_CONCURRENT freed 314K, 8% free 10887K/11719K, paused 2ms+3ms
07-05 14:19:17.887  1370 12025 E DictionaryProvider:UpdateHandler: Can't read a file : android.util.MalformedJsonException: Use JsonReader.setLenient(true) to accept malformed JSON at line 1 column 20
07-05 14:19:18.016   545   548 D dalvikvm: GC_CONCURRENT freed 888K, 11% free 10499K/11719K, paused 2ms+2ms
07-05 14:19:18.290   545   548 D dalvikvm: GC_CONCURRENT freed 415K, 11% free 10475K/11719K, paused 1ms+2ms
07-05 14:19:18.477   545 12028 I DownloadManager: Initiating request for download 5251
07-05 14:19:18.540   545   548 D dalvikvm: GC_CONCURRENT freed 341K, 11% free 10537K/11719K, paused 1ms+3ms
07-05 14:19:18.657   545   548 D dalvikvm: GC_CONCURRENT freed 207K, 9% free 10768K/11719K, paused 1ms+3ms
07-05 14:19:18.798   545   548 D dalvikvm: GC_CONCURRENT freed 470K, 9% free 10781K/11719K, paused 1ms+2ms
07-05 14:19:19.122   545   548 D dalvikvm: GC_CONCURRENT freed 752K, 11% free 10490K/11719K, paused 2ms+3ms
07-05 14:19:19.395   545   548 D dalvikvm: GC_CONCURRENT freed 409K, 11% free 10470K/11719K, paused 1ms+2ms
07-05 14:19:19.532   545 12031 I DownloadManager: Initiating request for download 5252
07-05 14:19:19.645   545   548 D dalvikvm: GC_CONCURRENT freed 233K, 9% free 10674K/11719K, paused 1ms+3ms
07-05 14:19:19.759   545   548 D dalvikvm: GC_CONCURRENT freed 325K, 8% free 10832K/11719K, paused 2ms+3ms
07-05 14:19:19.973   545   548 D dalvikvm: GC_CONCURRENT freed 814K, 11% free 10505K/11719K, paused 2ms+3ms
07-05 14:19:20.009  1370 12033 E DictionaryProvider:UpdateHandler: Can't read a file : android.util.MalformedJsonException: Use JsonReader.setLenient(true) to accept malformed JSON at line 1 column 20
07-05 14:19:20.051  1370  1372 D dalvikvm: GC_CONCURRENT freed 394K, 7% free 9130K/9735K, paused 2ms+2ms
07-05 14:19:20.298   545   548 D dalvikvm: GC_CONCURRENT freed 405K, 11% free 10491K/11719K, paused 2ms+3ms
07-05 14:19:20.563   545   548 D dalvikvm: GC_CONCURRENT freed 413K, 11% free 10468K/11719K, paused 2ms+2ms
07-05 14:19:20.602   545 12036 I DownloadManager: Initiating request for download 5252
07-05 14:19:20.716   545   548 D dalvikvm: GC_CONCURRENT freed 178K, 9% free 10780K/11719K, paused 2ms+3ms
07-05 14:19:20.848   545   548 D dalvikvm: GC_CONCURRENT freed 486K, 9% free 10781K/11719K, paused 2ms+2ms
07-05 14:19:21.153   545   548 D dalvikvm: GC_CONCURRENT freed 751K, 11% free 10492K/11719K, paused 2ms+2ms
07-05 14:19:21.407   545   548 D dalvikvm: GC_CONCURRENT freed 408K, 11% free 10474K/11719K, paused 2ms+2ms
07-05 14:19:21.587   545 12039 I DownloadManager: Initiating request for download 5253
07-05 14:19:21.684   545   548 D dalvikvm: GC_CONCURRENT freed 270K, 9% free 10710K/11719K, paused 1ms+3ms
07-05 14:19:21.805   545   548 D dalvikvm: GC_CONCURRENT freed 353K, 8% free 10854K/11719K, paused 1ms+2ms
07-05 14:19:22.001  1370 12041 E DictionaryProvider:UpdateHandler: Can't read a file : android.util.MalformedJsonException: Use JsonReader.setLenient(true) to accept malformed JSON at line 1 column 20
07-05 14:19:22.087   545   548 D dalvikvm: GC_CONCURRENT freed 831K, 11% free 10511K/11719K, paused 2ms+3ms
07-05 14:19:22.337   545   548 D dalvikvm: GC_CONCURRENT freed 419K, 11% free 10483K/11719K, paused 1ms+2ms
07-05 14:19:22.602   545   548 D dalvikvm: GC_CONCURRENT freed 403K, 11% free 10471K/11719K, paused 2ms+2ms
07-05 14:19:22.630   545 12044 I DownloadManager: Initiating request for download 5253
07-05 14:19:22.735   545   548 D dalvikvm: GC_CONCURRENT freed 169K, 9% free 10737K/11719K, paused 2ms+2ms
07-05 14:19:22.860   545   548 D dalvikvm: GC_CONCURRENT freed 423K, 8% free 10787K/11719K, paused 2ms+2ms
07-05 14:19:23.153   545   548 D dalvikvm: GC_CONCURRENT freed 753K, 11% free 10499K/11719K, paused 2ms+3ms
07-05 14:19:23.415   545   548 D dalvikvm: GC_CONCURRENT freed 405K, 11% free 10481K/11719K, paused 2ms+2ms
07-05 14:19:23.708   156   594 D dalvikvm: GC_EXPLICIT freed 491K, 12% free 14100K/16007K, paused 3ms+5ms
07-05 14:19:23.716   545 12047 I DownloadManager: Initiating request for download 5254
07-05 14:19:23.774   545   548 D dalvikvm: GC_CONCURRENT freed 324K, 10% free 10550K/11719K, paused 1ms+3ms
07-05 14:19:23.887   545   548 D dalvikvm: GC_CONCURRENT freed 227K, 9% free 10760K/11719K, paused 2ms+3ms
07-05 14:19:24.024   545   548 D dalvikvm: GC_CONCURRENT freed 470K, 9% free 10770K/11719K, paused 1ms+3ms
07-05 14:19:24.169  1370 12049 E DictionaryProvider:UpdateHandler: Can't read a file : android.util.MalformedJsonException: Use JsonReader.setLenient(true) to accept malformed JSON at line 1 column 20
07-05 14:19:24.352   545   548 D dalvikvm: GC_CONCURRENT freed 744K, 11% free 10488K/11719K, paused 2ms+2ms
07-05 14:19:24.614   545   548 D dalvikvm: GC_CONCURRENT freed 416K, 11% free 10463K/11719K, paused 2ms+2ms
07-05 14:19:24.743   545 12052 I DownloadManager: Initiating request for download 5254
07-05 14:19:24.829   545   548 D dalvikvm: GC_CONCURRENT freed 246K, 10% free 10656K/11719K, paused 2ms+3ms
07-05 14:19:24.954   545   548 D dalvikvm: GC_CONCURRENT freed 308K, 8% free 10834K/11719K, paused 2ms+3ms
07-05 14:19:25.188   545   548 D dalvikvm: GC_CONCURRENT freed 825K, 11% free 10492K/11719K, paused 1ms+2ms
07-05 14:19:25.458   545   548 D dalvikvm: GC_CONCURRENT freed 403K, 11% free 10475K/11719K, paused 2ms+3ms
07-05 14:19:25.739   545   548 D dalvikvm: GC_CONCURRENT freed 406K, 11% free 10459K/11719K, paused 1ms+2ms
07-05 14:19:25.805   545 12055 I DownloadManager: Initiating request for download 5255
07-05 14:19:25.915   545   548 D dalvikvm: GC_CONCURRENT freed 181K, 9% free 10715K/11719K, paused 1ms+3ms
07-05 14:19:26.036   545   548 D dalvikvm: GC_CONCURRENT freed 315K, 8% free 10880K/11719K, paused 1ms+3ms
07-05 14:19:26.204  1370 12057 E DictionaryProvider:UpdateHandler: Can't read a file : android.util.MalformedJsonException: Use JsonReader.setLenient(true) to accept malformed JSON at line 1 column 20
07-05 14:19:26.360   545   548 D dalvikvm: GC_CONCURRENT freed 885K, 11% free 10494K/11719K, paused 1ms+3ms
07-05 14:19:26.637   545   548 D dalvikvm: GC_CONCURRENT freed 413K, 11% free 10470K/11719K, paused 2ms+2ms
07-05 14:19:26.825   545 12060 I DownloadManager: Initiating request for download 5255
07-05 14:19:26.876   545   548 D dalvikvm: GC_CONCURRENT freed 331K, 11% free 10536K/11719K, paused 2ms+3ms
07-05 14:19:26.989   545   548 D dalvikvm: GC_CONCURRENT freed 192K, 9% free 10754K/11719K, paused 2ms+2ms
07-05 14:19:27.130   545   548 D dalvikvm: GC_CONCURRENT freed 456K, 9% free 10776K/11719K, paused 2ms+3ms
07-05 14:19:27.442   545   548 D dalvikvm: GC_CONCURRENT freed 753K, 11% free 10487K/11719K, paused 2ms+3ms
07-05 14:19:27.712   545   548 D dalvikvm: GC_CONCURRENT freed 409K, 11% free 10468K/11719K, paused 1ms+2ms
07-05 14:19:27.864   545 12063 I DownloadManager: Initiating request for download 5256
07-05 14:19:27.950   545   548 D dalvikvm: GC_CONCURRENT freed 253K, 10% free 10659K/11719K, paused 3ms+2ms
07-05 14:19:28.079   545   548 D dalvikvm: GC_CONCURRENT freed 306K, 8% free 10888K/11719K, paused 2ms+3ms
07-05 14:19:28.321   545   548 D dalvikvm: GC_CONCURRENT freed 867K, 11% free 10521K/11719K, paused 2ms+2ms
07-05 14:19:28.587   545   548 D dalvikvm: GC_CONCURRENT freed 429K, 11% free 10483K/11719K, paused 1ms+2ms
07-05 14:19:28.868   545   548 D dalvikvm: GC_CONCURRENT freed 400K, 11% free 10487K/11719K, paused 2ms+3ms
07-05 14:19:29.821  1370 12065 E DictionaryProvider:UpdateHandler: Can't read a file : android.util.MalformedJsonException: Use JsonReader.setLenient(true) to accept malformed JSON at line 1 column 20
07-05 14:19:29.844  1370  1372 D dalvikvm: GC_CONCURRENT freed 390K, 7% free 9131K/9735K, paused 1ms+2ms
07-05 14:19:30.083   545   548 D dalvikvm: GC_CONCURRENT freed 378K, 11% free 10499K/11719K, paused 1ms+2ms
07-05 14:19:30.360   545   548 D dalvikvm: GC_CONCURRENT freed 417K, 11% free 10472K/11719K, paused 2ms+3ms
07-05 14:19:30.673   545   548 D dalvikvm: GC_CONCURRENT freed 363K, 11% free 10501K/11719K, paused 2ms+3ms
07-05 14:19:30.934   545   548 D dalvikvm: GC_CONCURRENT freed 408K, 11% free 10483K/11719K, paused 1ms+2ms
07-05 14:19:31.200   545   548 D dalvikvm: GC_CONCURRENT freed 402K, 11% free 10471K/11719K, paused 1ms+3ms
07-05 14:19:31.403   545 12068 I DownloadManager: Initiating request for download 5257
07-05 14:19:31.505   545   548 D dalvikvm: GC_CONCURRENT freed 256K, 10% free 10642K/11719K, paused 2ms+3ms
07-05 14:19:31.630   545   548 D dalvikvm: GC_CONCURRENT freed 292K, 8% free 10815K/11719K, paused 2ms+2ms
07-05 14:19:31.821   545   548 D dalvikvm: GC_CONCURRENT freed 765K, 11% free 10533K/11719K, paused 2ms+3ms
07-05 14:19:31.919  1370 12070 E DictionaryProvider:UpdateHandler: Can't read a file : android.util.MalformedJsonException: Use JsonReader.setLenient(true) to accept malformed JSON at line 1 column 20
07-05 14:19:32.134   545   548 D dalvikvm: GC_CONCURRENT freed 431K, 11% free 10493K/11719K, paused 2ms+2ms
07-05 14:19:32.399   545   548 D dalvikvm: GC_CONCURRENT freed 413K, 11% free 10470K/11719K, paused 2ms+2ms
07-05 14:19:32.489   545 12073 I DownloadManager: Initiating request for download 5257
07-05 14:19:32.587   545   548 D dalvikvm: GC_CONCURRENT freed 219K, 9% free 10683K/11719K, paused 2ms+3ms
07-05 14:19:32.708   545   548 D dalvikvm: GC_CONCURRENT freed 312K, 8% free 10861K/11719K, paused 2ms+3ms
07-05 14:19:32.962   545   548 D dalvikvm: GC_CONCURRENT freed 850K, 11% free 10498K/11719K, paused 2ms+2ms
07-05 14:19:33.231   545   548 D dalvikvm: GC_CONCURRENT freed 410K, 11% free 10485K/11719K, paused 2ms+2ms
07-05 14:19:33.489   545 12076 I DownloadManager: Initiating request for download 5258
07-05 14:19:33.548   545   548 D dalvikvm: GC_CONCURRENT freed 395K, 11% free 10525K/11719K, paused 2ms+3ms
07-05 14:19:33.676   545   548 D dalvikvm: GC_CONCURRENT freed 200K, 9% free 10761K/11719K, paused 2ms+2ms
07-05 14:19:33.809   545   548 D dalvikvm: GC_CONCURRENT freed 458K, 8% free 10784K/11719K, paused 1ms+3ms
07-05 14:19:33.977  1370 12078 E DictionaryProvider:UpdateHandler: Can't read a file : android.util.MalformedJsonException: Use JsonReader.setLenient(true) to accept malformed JSON at line 1 column 20
07-05 14:19:34.149   545   548 D dalvikvm: GC_CONCURRENT freed 751K, 11% free 10499K/11719K, paused 2ms+2ms
07-05 14:19:34.415   545   548 D dalvikvm: GC_CONCURRENT freed 415K, 11% free 10474K/11719K, paused 2ms+3ms
07-05 14:19:34.567   545 12081 I DownloadManager: Initiating request for download 5258
07-05 14:19:34.653   545   548 D dalvikvm: GC_CONCURRENT freed 273K, 10% free 10656K/11719K, paused 1ms+3ms
07-05 14:19:34.782   545   548 D dalvikvm: GC_CONCURRENT freed 304K, 8% free 10831K/11719K, paused 1ms+2ms
07-05 14:19:34.989   545   548 D dalvikvm: GC_CONCURRENT freed 808K, 11% free 10506K/11719K, paused 2ms+2ms
07-05 14:19:35.286   545   548 D dalvikvm: GC_CONCURRENT freed 405K, 11% free 10488K/11719K, paused 2ms+2ms
07-05 14:19:35.540   545   548 D dalvikvm: GC_CONCURRENT freed 405K, 11% free 10471K/11719K, paused 2ms+2ms
07-05 14:19:35.649   545 12084 I DownloadManager: Initiating request for download 5259
07-05 14:19:35.747   545   548 D dalvikvm: GC_CONCURRENT freed 197K, 9% free 10710K/11719K, paused 2ms+2ms
07-05 14:19:35.868   545   548 D dalvikvm: GC_CONCURRENT freed 324K, 8% free 10881K/11719K, paused 2ms+3ms
07-05 14:19:36.059  1370 12086 E DictionaryProvider:UpdateHandler: Can't read a file : android.util.MalformedJsonException: Use JsonReader.setLenient(true) to accept malformed JSON at line 1 column 20
07-05 14:19:36.180   545   548 D dalvikvm: GC_CONCURRENT freed 875K, 11% free 10506K/11719K, paused 2ms+2ms
07-05 14:19:36.438   545   548 D dalvikvm: GC_CONCURRENT freed 413K, 11% free 10483K/11719K, paused 2ms+3ms
07-05 14:19:36.637   545 12089 I DownloadManager: Initiating request for download 5259
07-05 14:19:36.700   545   548 D dalvikvm: GC_CONCURRENT freed 363K, 11% free 10541K/11719K, paused 2ms+4ms
07-05 14:19:36.825   545   548 D dalvikvm: GC_CONCURRENT freed 204K, 9% free 10773K/11719K, paused 1ms+3ms
07-05 14:19:36.962   545   548 D dalvikvm: GC_CONCURRENT freed 468K, 8% free 10791K/11719K, paused 2ms+2ms
07-05 14:19:37.298   545   548 D dalvikvm: GC_CONCURRENT freed 759K, 11% free 10496K/11719K, paused 1ms+2ms
07-05 14:19:37.567   545   548 D dalvikvm: GC_CONCURRENT freed 403K, 11% free 10479K/11719K, paused 2ms+3ms
07-05 14:19:37.723   545 12092 I DownloadManager: Initiating request for download 5260
07-05 14:19:37.809   545   548 D dalvikvm: GC_CONCURRENT freed 239K, 9% free 10667K/11719K, paused 2ms+2ms
07-05 14:19:37.934   545   548 D dalvikvm: GC_CONCURRENT freed 309K, 8% free 10843K/11719K, paused 2ms+2ms
07-05 14:19:38.165  1370 12094 E DictionaryProvider:UpdateHandler: Can't read a file : android.util.MalformedJsonException: Use JsonReader.setLenient(true) to accept malformed JSON at line 1 column 20
07-05 14:19:38.173   545   548 D dalvikvm: GC_CONCURRENT freed 820K, 11% free 10519K/11719K, paused 2ms+2ms
07-05 14:19:38.259  1370  1372 D dalvikvm: GC_CONCURRENT freed 416K, 7% free 9126K/9735K, paused 2ms+2ms
07-05 14:19:38.485   545   548 D dalvikvm: GC_CONCURRENT freed 417K, 11% free 10498K/11719K, paused 2ms+2ms
07-05 14:19:38.751   545   548 D dalvikvm: GC_CONCURRENT freed 411K, 11% free 10477K/11719K, paused 2ms+3ms
07-05 14:19:38.809   545 12097 I DownloadManager: Initiating request for download 5260
07-05 14:19:38.911   545   548 D dalvikvm: GC_CONCURRENT freed 193K, 9% free 10719K/11719K, paused 2ms+2ms
07-05 14:19:39.032   545   548 D dalvikvm: GC_CONCURRENT freed 349K, 8% free 10897K/11719K, paused 2ms+3ms
07-05 14:19:39.344   545   548 D dalvikvm: GC_CONCURRENT freed 899K, 11% free 10504K/11719K, paused 2ms+2ms
07-05 14:19:39.614   545   548 D dalvikvm: GC_CONCURRENT freed 413K, 11% free 10482K/11719K, paused 2ms+3ms
07-05 14:19:39.817   545 12100 I DownloadManager: Initiating request for download 5261
07-05 14:19:39.907   545   548 D dalvikvm: GC_CONCURRENT freed 303K, 9% free 10667K/11719K, paused 2ms+4ms
07-05 14:19:40.059   545   548 D dalvikvm: GC_CONCURRENT freed 301K, 8% free 10895K/11719K, paused 2ms+3ms
07-05 14:19:40.255  1370 12102 E DictionaryProvider:UpdateHandler: Can't read a file : android.util.MalformedJsonException: Use JsonReader.setLenient(true) to accept malformed JSON at line 1 column 20
07-05 14:19:40.344   545   548 D dalvikvm: GC_CONCURRENT freed 882K, 11% free 10518K/11719K, paused 2ms+3ms
07-05 14:19:40.610   545   548 D dalvikvm: GC_CONCURRENT freed 418K, 11% free 10490K/11719K, paused 2ms+2ms
07-05 14:19:40.876   545   548 D dalvikvm: GC_CONCURRENT freed 405K, 11% free 10475K/11719K, paused 2ms+2ms
07-05 14:19:40.923   545 12105 I DownloadManager: Initiating request for download 5261
07-05 14:19:41.032   545   548 D dalvikvm: GC_CONCURRENT freed 177K, 9% free 10735K/11719K, paused 2ms+3ms
07-05 14:19:41.157   545   548 D dalvikvm: GC_CONCURRENT freed 315K, 7% free 10919K/11719K, paused 2ms+3ms
07-05 14:19:41.477   545   548 D dalvikvm: GC_CONCURRENT freed 926K, 11% free 10504K/11719K, paused 2ms+3ms
07-05 14:19:41.743   545   548 D dalvikvm: GC_CONCURRENT freed 410K, 11% free 10484K/11719K, paused 1ms+2ms
07-05 14:19:41.923   545 12108 I DownloadManager: Initiating request for download 5262
07-05 14:19:42.024   545   548 D dalvikvm: GC_CONCURRENT freed 279K, 10% free 10662K/11719K, paused 2ms+3ms
07-05 14:19:42.141   545   548 D dalvikvm: GC_CONCURRENT freed 314K, 8% free 10827K/11719K, paused 1ms+3ms
07-05 14:19:42.305   545 12108 D dalvikvm: GC_EXPLICIT freed 716K, 10% free 10563K/11719K, paused 2ms+4ms
07-05 14:19:42.438  1370 12110 E DictionaryProvider:UpdateHandler: Can't read a file : android.util.MalformedJsonException: Use JsonReader.setLenient(true) to accept malformed JSON at line 1 column 20
07-05 14:19:42.614   545   548 D dalvikvm: GC_CONCURRENT freed 445K, 11% free 10510K/11719K, paused 2ms+2ms
07-05 14:19:42.868   545   548 D dalvikvm: GC_CONCURRENT freed 416K, 11% free 10484K/11719K, paused 2ms+2ms
07-05 14:19:43.032   156   512 D dalvikvm: GC_EXPLICIT freed 487K, 12% free 14100K/16007K, paused 2ms+6ms
07-05 14:19:43.040   545 12113 I DownloadManager: Initiating request for download 5262
07-05 14:19:43.134   545   548 D dalvikvm: GC_CONCURRENT freed 216K, 9% free 10684K/11719K, paused 1ms+3ms
07-05 14:19:43.255   545   548 D dalvikvm: GC_CONCURRENT freed 311K, 8% free 10839K/11719K, paused 2ms+3ms
07-05 14:19:43.485   545   548 D dalvikvm: GC_CONCURRENT freed 827K, 11% free 10500K/11719K, paused 1ms+2ms
07-05 14:19:43.751   545   548 D dalvikvm: GC_CONCURRENT freed 410K, 11% free 10481K/11719K, paused 1ms+3ms
07-05 14:19:44.020   545   548 D dalvikvm: GC_CONCURRENT freed 403K, 11% free 10468K/11719K, paused 2ms+2ms
07-05 14:19:44.098   545 12116 I DownloadManager: Initiating request for download 5263
07-05 14:19:44.216   545   548 D dalvikvm: GC_CONCURRENT freed 189K, 9% free 10715K/11719K, paused 2ms+2ms
07-05 14:19:44.337   545   548 D dalvikvm: GC_CONCURRENT freed 334K, 8% free 10895K/11719K, paused 2ms+3ms
07-05 14:19:44.626   545   548 D dalvikvm: GC_CONCURRENT freed 902K, 11% free 10497K/11719K, paused 2ms+2ms
07-05 14:19:44.688  1370 12118 E DictionaryProvider:UpdateHandler: Can't read a file : android.util.MalformedJsonException: Use JsonReader.setLenient(true) to accept malformed JSON at line 1 column 20
07-05 14:19:44.907   545   548 D dalvikvm: GC_CONCURRENT freed 400K, 11% free 10487K/11719K, paused 2ms+4ms
07-05 14:19:45.098   545 12120 I DownloadManager: Initiating request for download 5263
07-05 14:19:45.173   545   548 D dalvikvm: GC_CONCURRENT freed 327K, 11% free 10545K/11719K, paused 2ms+2ms
07-05 14:19:45.270   545   548 D dalvikvm: GC_CONCURRENT freed 208K, 9% free 10772K/11719K, paused 2ms+2ms
07-05 14:19:46.516   545   548 D dalvikvm: GC_CONCURRENT freed 692K, 11% free 10539K/11719K, paused 14ms+2ms
07-05 14:19:46.864   545   548 D dalvikvm: GC_CONCURRENT freed 433K, 11% free 10497K/11719K, paused 1ms+2ms
07-05 14:19:47.118   545   548 D dalvikvm: GC_CONCURRENT freed 407K, 11% free 10477K/11719K, paused 2ms+2ms
07-05 14:19:47.333   545 12124 I DownloadManager: Initiating request for download 5264
07-05 14:19:47.395   545   548 D dalvikvm: GC_CONCURRENT freed 326K, 11% free 10547K/11719K, paused 3ms+3ms
07-05 14:19:47.516   545   548 D dalvikvm: GC_CONCURRENT freed 199K, 9% free 10767K/11719K, paused 2ms+3ms
07-05 14:19:47.653   545   548 D dalvikvm: GC_CONCURRENT freed 462K, 8% free 10789K/11719K, paused 1ms+2ms
07-05 14:19:47.950   545   548 D dalvikvm: GC_CONCURRENT freed 730K, 11% free 10526K/11719K, paused 2ms+3ms
07-05 14:19:48.110  1370 12126 E DictionaryProvider:UpdateHandler: Can't read a file : android.util.MalformedJsonException: Use JsonReader.setLenient(true) to accept malformed JSON at line 1 column 20
07-05 14:19:48.180  1370  1372 D dalvikvm: GC_CONCURRENT freed 387K, 7% free 9127K/9735K, paused 2ms+1ms
07-05 14:19:48.286   545   548 D dalvikvm: GC_CONCURRENT freed 429K, 11% free 10488K/11719K, paused 2ms+2ms
07-05 14:19:48.426   545 12129 I DownloadManager: Initiating request for download 5264
07-05 14:19:48.516   545   548 D dalvikvm: GC_CONCURRENT freed 276K, 10% free 10661K/11719K, paused 2ms+3ms
07-05 14:19:48.637   545   548 D dalvikvm: GC_CONCURRENT freed 305K, 8% free 10844K/11719K, paused 2ms+3ms
07-05 14:19:48.848   545   548 D dalvikvm: GC_CONCURRENT freed 827K, 11% free 10506K/11719K, paused 2ms+2ms
07-05 14:19:49.122   545   548 D dalvikvm: GC_CONCURRENT freed 408K, 11% free 10487K/11719K, paused 1ms+3ms
07-05 14:19:49.395   545   548 D dalvikvm: GC_CONCURRENT freed 400K, 11% free 10477K/11719K, paused 1ms+3ms
07-05 14:19:49.485   545 12132 I DownloadManager: Initiating request for download 5265
07-05 14:19:49.594   545   548 D dalvikvm: GC_CONCURRENT freed 202K, 9% free 10714K/11719K, paused 2ms+2ms
07-05 14:19:49.719   545   548 D dalvikvm: GC_CONCURRENT freed 319K, 8% free 10892K/11719K, paused 2ms+3ms
07-05 14:19:49.899  1370 12134 E DictionaryProvider:UpdateHandler: Can't read a file : android.util.MalformedJsonException: Use JsonReader.setLenient(true) to accept malformed JSON at line 1 column 20
07-05 14:19:49.993   465   467 D dalvikvm: GC_CONCURRENT freed 213K, 6% free 10501K/11143K, paused 2ms+2ms
07-05 14:19:50.075   545   548 D dalvikvm: GC_CONCURRENT freed 885K, 11% free 10509K/11719K, paused 1ms+2ms
07-05 14:19:50.344   545   548 D dalvikvm: GC_CONCURRENT freed 417K, 11% free 10483K/11719K, paused 2ms+2ms
07-05 14:19:50.559   545 12137 I DownloadManager: Initiating request for download 5265
07-05 14:19:50.591   545   548 D dalvikvm: GC_CONCURRENT freed 363K, 11% free 10523K/11719K, paused 2ms+2ms
07-05 14:19:50.716   545   548 D dalvikvm: GC_CONCURRENT freed 192K, 9% free 10767K/11719K, paused 2ms+3ms
07-05 14:19:50.844   545   548 D dalvikvm: GC_CONCURRENT freed 456K, 8% free 10793K/11719K, paused 2ms+2ms
07-05 14:19:51.157   545   548 D dalvikvm: GC_CONCURRENT freed 759K, 11% free 10500K/11719K, paused 1ms+3ms
07-05 14:19:51.438   545   548 D dalvikvm: GC_CONCURRENT freed 405K, 11% free 10487K/11719K, paused 2ms+2ms
07-05 14:19:51.598   545 12140 I DownloadManager: Initiating request for download 5266
07-05 14:19:51.688   545   548 D dalvikvm: GC_CONCURRENT freed 271K, 9% free 10667K/11719K, paused 2ms+2ms
07-05 14:19:51.817   545   548 D dalvikvm: GC_CONCURRENT freed 307K, 8% free 10841K/11719K, paused 2ms+3ms
07-05 14:19:52.020   545   548 D dalvikvm: GC_CONCURRENT freed 792K, 11% free 10538K/11719K, paused 2ms+3ms
07-05 14:19:52.079  1370 12142 E DictionaryProvider:UpdateHandler: Can't read a file : android.util.MalformedJsonException: Use JsonReader.setLenient(true) to accept malformed JSON at line 1 column 20
07-05 14:19:52.341   545   548 D dalvikvm: GC_CONCURRENT freed 423K, 11% free 10506K/11719K, paused 2ms+2ms
07-05 14:19:52.606   545   548 D dalvikvm: GC_CONCURRENT freed 418K, 11% free 10479K/11719K, paused 2ms+2ms
07-05 14:19:52.696   545 12145 I DownloadManager: Initiating request for download 5266
07-05 14:19:52.786   545   548 D dalvikvm: GC_CONCURRENT freed 210K, 9% free 10706K/11719K, paused 2ms+3ms
07-05 14:19:52.915   545   548 D dalvikvm: GC_CONCURRENT freed 329K, 7% free 10903K/11719K, paused 2ms+3ms
07-05 14:19:53.212   545   548 D dalvikvm: GC_CONCURRENT freed 900K, 11% free 10505K/11719K, paused 2ms+3ms
07-05 14:19:53.473   545   548 D dalvikvm: GC_CONCURRENT freed 402K, 11% free 10489K/11719K, paused 2ms+2ms
07-05 14:19:53.723   545 12148 I DownloadManager: Initiating request for download 5267
07-05 14:19:53.790   545   548 D dalvikvm: GC_CONCURRENT freed 361K, 11% free 10539K/11719K, paused 2ms+3ms
07-05 14:19:53.907   545   548 D dalvikvm: GC_CONCURRENT freed 197K, 9% free 10777K/11719K, paused 2ms+2ms
07-05 14:19:54.048   545   548 D dalvikvm: GC_CONCURRENT freed 465K, 8% free 10802K/11719K, paused 2ms+2ms
07-05 14:19:54.227  1370 12150 E DictionaryProvider:UpdateHandler: Can't read a file : android.util.MalformedJsonException: Use JsonReader.setLenient(true) to accept malformed JSON at line 1 column 20
07-05 14:19:54.391   545   548 D dalvikvm: GC_CONCURRENT freed 764K, 11% free 10510K/11719K, paused 1ms+2ms
07-05 14:19:54.653   545   548 D dalvikvm: GC_CONCURRENT freed 414K, 11% free 10487K/11719K, paused 2ms+2ms
07-05 14:19:54.809   545 12153 I DownloadManager: Initiating request for download 5267
07-05 14:19:54.891   545   548 D dalvikvm: GC_CONCURRENT freed 265K, 9% free 10671K/11719K, paused 2ms+3ms
07-05 14:19:55.016   545   548 D dalvikvm: GC_CONCURRENT freed 330K, 8% free 10867K/11719K, paused 2ms+3ms
07-05 14:19:55.259   545   548 D dalvikvm: GC_CONCURRENT freed 848K, 11% free 10513K/11719K, paused 2ms+3ms
07-05 14:19:55.528   545   548 D dalvikvm: GC_CONCURRENT freed 404K, 11% free 10495K/11719K, paused 2ms+3ms
07-05 14:19:55.809   545   548 D dalvikvm: GC_CONCURRENT freed 404K, 11% free 10482K/11719K, paused 2ms+3ms
07-05 14:19:55.880   545 12156 I DownloadManager: Initiating request for download 5268
07-05 14:19:55.997   545   548 D dalvikvm: GC_CONCURRENT freed 182K, 8% free 10790K/11719K, paused 1ms+3ms
07-05 14:19:56.130   545   548 D dalvikvm: GC_CONCURRENT freed 486K, 8% free 10805K/11719K, paused 1ms+2ms
07-05 14:19:56.286  1370 12158 E DictionaryProvider:UpdateHandler: Can't read a file : android.util.MalformedJsonException: Use JsonReader.setLenient(true) to accept malformed JSON at line 1 column 20
07-05 14:19:56.364  1370  1372 D dalvikvm: GC_CONCURRENT freed 366K, 6% free 9151K/9735K, paused 2ms+2ms
07-05 14:19:56.493   545   548 D dalvikvm: GC_CONCURRENT freed 765K, 11% free 10519K/11719K, paused 2ms+3ms
07-05 14:19:56.751   545   548 D dalvikvm: GC_CONCURRENT freed 422K, 11% free 10488K/11719K, paused 2ms+2ms
07-05 14:19:56.926   545 12161 I DownloadManager: Initiating request for download 5268
07-05 14:19:57.001   545   548 D dalvikvm: GC_CONCURRENT freed 307K, 10% free 10639K/11719K, paused 2ms+3ms
07-05 14:19:57.137   545   548 D dalvikvm: GC_CONCURRENT freed 284K, 8% free 10863K/11719K, paused 2ms+3ms
07-05 14:19:57.337   545   548 D dalvikvm: GC_CONCURRENT freed 814K, 10% free 10550K/11719K, paused 1ms+3ms
07-05 14:19:57.614   545   548 D dalvikvm: GC_CONCURRENT freed 432K, 11% free 10504K/11719K, paused 2ms+2ms
07-05 14:19:57.880   545   548 D dalvikvm: GC_CONCURRENT freed 411K, 11% free 10484K/11719K, paused 2ms+2ms
07-05 14:19:57.993   545 12164 I DownloadManager: Initiating request for download 5269
07-05 14:19:58.094   545   548 D dalvikvm: GC_CONCURRENT freed 204K, 9% free 10715K/11719K, paused 2ms+3ms
07-05 14:19:58.216   545   548 D dalvikvm: GC_CONCURRENT freed 323K, 8% free 10891K/11719K, paused 1ms+3ms
07-05 14:19:58.411  1370 12166 E DictionaryProvider:UpdateHandler: Can't read a file : android.util.MalformedJsonException: Use JsonReader.setLenient(true) to accept malformed JSON at line 1 column 20
07-05 14:19:58.516   545   548 D dalvikvm: GC_CONCURRENT freed 873K, 11% free 10520K/11719K, paused 1ms+2ms
07-05 14:19:58.786   545   548 D dalvikvm: GC_CONCURRENT freed 414K, 11% free 10504K/11719K, paused 2ms+2ms
07-05 14:19:59.001   545 12169 I DownloadManager: Initiating request for download 5269
07-05 14:19:59.063   545   548 D dalvikvm: GC_CONCURRENT freed 388K, 10% free 10559K/11719K, paused 2ms+3ms
07-05 14:19:59.180   545   548 D dalvikvm: GC_CONCURRENT freed 221K, 8% free 10799K/11719K, paused 2ms+2ms
07-05 14:19:59.321   545   548 D dalvikvm: GC_CONCURRENT freed 474K, 8% free 10808K/11719K, paused 2ms+2ms
07-05 14:19:59.649   545   548 D dalvikvm: GC_CONCURRENT freed 770K, 11% free 10511K/11719K, paused 2ms+2ms
07-05 14:19:59.911   545   548 D dalvikvm: GC_CONCURRENT freed 411K, 11% free 10490K/11719K, paused 2ms+2ms
07-05 14:20:00.087   545 12172 I DownloadManager: Initiating request for download 5270
07-05 14:20:00.173   545   548 D dalvikvm: GC_CONCURRENT freed 236K, 9% free 10682K/11719K, paused 2ms+3ms
07-05 14:20:00.301   545   548 D dalvikvm: GC_CONCURRENT freed 321K, 8% free 10872K/11719K, paused 1ms+3ms
07-05 14:20:00.505  1370 12174 E DictionaryProvider:UpdateHandler: Can't read a file : android.util.MalformedJsonException: Use JsonReader.setLenient(true) to accept malformed JSON at line 1 column 20
07-05 14:20:00.551   545   548 D dalvikvm: GC_CONCURRENT freed 842K, 11% free 10540K/11719K, paused 2ms+2ms
07-05 14:20:00.813   545   548 D dalvikvm: GC_CONCURRENT freed 425K, 11% free 10506K/11719K, paused 2ms+2ms
07-05 14:20:01.079   545   548 D dalvikvm: GC_CONCURRENT freed 408K, 11% free 10489K/11719K, paused 1ms+2ms
07-05 14:20:01.130   545 12177 I DownloadManager: Initiating request for download 5270
07-05 14:20:01.231   545   548 D dalvikvm: GC_CONCURRENT freed 172K, 9% free 10729K/11719K, paused 2ms+3ms
07-05 14:20:01.360   545   548 D dalvikvm: GC_CONCURRENT freed 314K, 7% free 10914K/11719K, paused 2ms+4ms
07-05 14:20:01.661   545   548 D dalvikvm: GC_CONCURRENT freed 906K, 11% free 10516K/11719K, paused 2ms+3ms
07-05 14:20:01.919   545   548 D dalvikvm: GC_CONCURRENT freed 410K, 11% free 10497K/11719K, paused 2ms+2ms
07-05 14:20:02.204   156   628 D dalvikvm: GC_EXPLICIT freed 514K, 12% free 14101K/16007K, paused 4ms+6ms
07-05 14:20:02.212   545 12180 I DownloadManager: Initiating request for download 5271
07-05 14:20:02.266   545   548 D dalvikvm: GC_CONCURRENT freed 354K, 10% free 10568K/11719K, paused 2ms+3ms
07-05 14:20:02.391   545   548 D dalvikvm: GC_CONCURRENT freed 226K, 8% free 10782K/11719K, paused 2ms+2ms
07-05 14:20:02.391   993  1240 I PhoneLab-: Service Running
07-05 14:20:02.434   993  1240 I PhoneLab-LoggerService: app_49    1247  993   1956   1584  c00f181c 400107b4 S logcat
07-05 14:20:02.434   993  1240 I PhoneLab-LoggerService: Logcat pid from database 1247
07-05 14:20:02.434   993  1240 I PhoneLab-LoggerService: Logcat process found 1247
07-05 14:20:02.434   993  1240 I PhoneLab-LoggerService: Checking Threshold
07-05 14:20:02.434   993  1240 I PhoneLab-LoggerService: Starting to rename files
07-05 14:20:02.438   993  1240 I PhoneLab-LoggerService: Files found .. 47
07-05 14:20:02.563   545   548 D dalvikvm: GC_CONCURRENT freed 471K, 8% free 10798K/11719K, paused 1ms+4ms
07-05 14:20:02.708  1370 12183 E DictionaryProvider:UpdateHandler: Can't read a file : android.util.MalformedJsonException: Use JsonReader.setLenient(true) to accept malformed JSON at line 1 column 20
07-05 14:20:02.915   545   548 D dalvikvm: GC_CONCURRENT freed 761K, 11% free 10507K/11719K, paused 1ms+3ms
07-05 14:20:03.196   545   548 D dalvikvm: GC_CONCURRENT freed 413K, 11% free 10481K/11719K, paused 1ms+2ms
07-05 14:20:03.337   545 12186 I DownloadManager: Initiating request for download 5271
07-05 14:20:03.426   545   548 D dalvikvm: GC_CONCURRENT freed 257K, 9% free 10665K/11719K, paused 2ms+3ms
07-05 14:20:03.548   545   548 D dalvikvm: GC_CONCURRENT freed 294K, 8% free 10835K/11719K, paused 2ms+3ms
07-05 14:20:03.735   545   548 D dalvikvm: GC_CONCURRENT freed 775K, 11% free 10545K/11719K, paused 2ms+3ms
07-05 14:20:04.028   545   548 D dalvikvm: GC_CONCURRENT freed 437K, 11% free 10499K/11719K, paused 2ms+3ms
07-05 14:20:04.301   545   548 D dalvikvm: GC_CONCURRENT freed 411K, 11% free 10479K/11719K, paused 2ms+2ms
07-05 14:20:04.423   545 12189 I DownloadManager: Initiating request for download 5272
07-05 14:20:04.520   545   548 D dalvikvm: GC_CONCURRENT freed 215K, 9% free 10699K/11719K, paused 1ms+3ms
07-05 14:20:04.649   545   548 D dalvikvm: GC_CONCURRENT freed 317K, 8% free 10874K/11719K, paused 2ms+3ms
07-05 14:20:04.837  1370 12191 E DictionaryProvider:UpdateHandler: Can't read a file : android.util.MalformedJsonException: Use JsonReader.setLenient(true) to accept malformed JSON at line 1 column 20
07-05 14:20:04.919   545   548 D dalvikvm: GC_CONCURRENT freed 852K, 11% free 10518K/11719K, paused 2ms+2ms
07-05 14:20:05.079  1370  1372 D dalvikvm: GC_CONCURRENT freed 416K, 7% free 9126K/9735K, paused 2ms+2ms
07-05 14:20:05.216   545   548 D dalvikvm: GC_CONCURRENT freed 415K, 11% free 10491K/11719K, paused 2ms+2ms
07-05 14:20:05.481   545   548 D dalvikvm: GC_CONCURRENT freed 399K, 11% free 10478K/11719K, paused 1ms+2ms
07-05 14:20:05.528   545 12194 I DownloadManager: Initiating request for download 5272
07-05 14:20:05.630   545   548 D dalvikvm: GC_CONCURRENT freed 170K, 9% free 10735K/11719K, paused 2ms+3ms
07-05 14:20:05.755   545   548 D dalvikvm: GC_CONCURRENT freed 317K, 7% free 10909K/11719K, paused 2ms+3ms
07-05 14:20:06.067   545   548 D dalvikvm: GC_CONCURRENT freed 912K, 11% free 10504K/11719K, paused 2ms+3ms
07-05 14:20:06.341   545   548 D dalvikvm: GC_CONCURRENT freed 403K, 11% free 10487K/11719K, paused 2ms+2ms
07-05 14:20:06.555   545 12197 I DownloadManager: Initiating request for download 5273
07-05 14:20:06.618   545   548 D dalvikvm: GC_CONCURRENT freed 332K, 10% free 10556K/11719K, paused 2ms+4ms
07-05 14:20:06.743   545   548 D dalvikvm: GC_CONCURRENT freed 192K, 8% free 10829K/11719K, paused 2ms+2ms
07-05 14:20:06.891   545   548 D dalvikvm: GC_CONCURRENT freed 538K, 8% free 10804K/11719K, paused 2ms+3ms
07-05 14:20:07.028  1370 12199 E DictionaryProvider:UpdateHandler: Can't read a file : android.util.MalformedJsonException: Use JsonReader.setLenient(true) to accept malformed JSON at line 1 column 20
07-05 14:20:07.262   682  1055 E GTalkService: connectionClosed: no XMPPConnection - That's strange!
07-05 14:20:07.266   545   548 D dalvikvm: GC_CONCURRENT freed 768K, 11% free 10511K/11719K, paused 2ms+2ms
07-05 14:20:07.536   545   548 D dalvikvm: GC_CONCURRENT freed 414K, 11% free 10484K/11719K, paused 2ms+3ms
07-05 14:20:07.645   545 12202 I DownloadManager: Initiating request for download 5273
07-05 14:20:07.743   545   548 D dalvikvm: GC_CONCURRENT freed 228K, 9% free 10688K/11719K, paused 2ms+3ms
07-05 14:20:07.868   545   548 D dalvikvm: GC_CONCURRENT freed 305K, 8% free 10872K/11719K, paused 2ms+3ms
07-05 14:20:08.110   545   548 D dalvikvm: GC_CONCURRENT freed 852K, 11% free 10516K/11719K, paused 2ms+2ms
07-05 14:20:08.360   545   548 D dalvikvm: GC_CONCURRENT freed 411K, 11% free 10496K/11719K, paused 2ms+2ms
07-05 14:20:08.630   545   548 D dalvikvm: GC_CONCURRENT freed 404K, 11% free 10488K/11719K, paused 2ms+3ms
07-05 14:20:08.700   545 12205 I DownloadManager: Initiating request for download 5274
07-05 14:20:08.805   545   548 D dalvikvm: GC_CONCURRENT freed 186K, 9% free 10740K/11719K, paused 2ms+3ms
07-05 14:20:08.930   545   548 D dalvikvm: GC_CONCURRENT freed 326K, 7% free 10915K/11719K, paused 2ms+3ms
07-05 14:20:09.114  1370 12207 E DictionaryProvider:UpdateHandler: Can't read a file : android.util.MalformedJsonException: Use JsonReader.setLenient(true) to accept malformed JSON at line 1 column 20
07-05 14:20:09.251   545   548 D dalvikvm: GC_CONCURRENT freed 902K, 11% free 10520K/11719K, paused 1ms+2ms
07-05 14:20:09.516   545   548 D dalvikvm: GC_CONCURRENT freed 413K, 11% free 10500K/11719K, paused 2ms+3ms
07-05 14:20:09.708   545 12210 I DownloadManager: Initiating request for download 5274
07-05 14:20:09.770   545   548 D dalvikvm: GC_CONCURRENT freed 352K, 10% free 10555K/11719K, paused 2ms+3ms
07-05 14:20:09.887   545   548 D dalvikvm: GC_CONCURRENT freed 205K, 8% free 10787K/11719K, paused 2ms+2ms
07-05 14:20:10.024   545   548 D dalvikvm: GC_CONCURRENT freed 470K, 8% free 10807K/11719K, paused 2ms+2ms
07-05 14:20:10.266   156   330 D ConnectivityService: handleInetConditionHoldEnd: net=1, condition=0, published condition=0
07-05 14:20:10.344   545   548 D dalvikvm: GC_CONCURRENT freed 772K, 11% free 10509K/11719K, paused 2ms+3ms
07-05 14:20:10.610   545   548 D dalvikvm: GC_CONCURRENT freed 410K, 11% free 10489K/11719K, paused 2ms+2ms
07-05 14:20:10.778   545 12213 I DownloadManager: Initiating request for download 5275
07-05 14:20:10.872   545   548 D dalvikvm: GC_CONCURRENT freed 240K, 9% free 10718K/11719K, paused 2ms+4ms
07-05 14:20:11.001   545   548 D dalvikvm: GC_CONCURRENT freed 324K, 8% free 10863K/11719K, paused 2ms+3ms
07-05 14:20:11.239   545   548 D dalvikvm: GC_CONCURRENT freed 836K, 11% free 10529K/11719K, paused 2ms+2ms
07-05 14:20:11.282   545  3695 D dalvikvm: GC_EXPLICIT freed 5K, 11% free 10525K/11719K, paused 2ms+3ms
07-05 14:20:11.286  1370 12215 E DictionaryProvider:UpdateHandler: Can't read a file : android.util.MalformedJsonException: Use JsonReader.setLenient(true) to accept malformed JSON at line 1 column 20
07-05 14:20:11.571   545   548 D dalvikvm: GC_CONCURRENT freed 408K, 11% free 10507K/11719K, paused 2ms+2ms
07-05 14:20:11.844   545   548 D dalvikvm: GC_CONCURRENT freed 407K, 11% free 10490K/11719K, paused 2ms+2ms
07-05 14:20:11.919   545 12218 I DownloadManager: Initiating request for download 5275
07-05 14:20:12.012   545   548 D dalvikvm: GC_CONCURRENT freed 204K, 9% free 10722K/11719K, paused 2ms+3ms
07-05 14:20:12.137   545   548 D dalvikvm: GC_CONCURRENT freed 318K, 7% free 10903K/11719K, paused 2ms+3ms
07-05 14:20:12.407   545   548 D dalvikvm: GC_CONCURRENT freed 862K, 11% free 10547K/11719K, paused 2ms+3ms
07-05 14:20:12.684   545   548 D dalvikvm: GC_CONCURRENT freed 402K, 11% free 10537K/11719K, paused 1ms+2ms
07-05 14:20:14.165   545 12220 I DownloadManager: Initiating request for download 5276
07-05 14:20:14.239   545   548 D dalvikvm: GC_CONCURRENT freed 419K, 10% free 10563K/11719K, paused 2ms+3ms
07-05 14:20:14.352   545   548 D dalvikvm: GC_CONCURRENT freed 210K, 8% free 10792K/11719K, paused 1ms+2ms
07-05 14:20:14.493   545   548 D dalvikvm: GC_CONCURRENT freed 470K, 8% free 10813K/11719K, paused 2ms+2ms
07-05 14:20:14.657  1370 12223 E DictionaryProvider:UpdateHandler: Can't read a file : android.util.MalformedJsonException: Use JsonReader.setLenient(true) to accept malformed JSON at line 1 column 20
07-05 14:20:14.731  1370  1372 D dalvikvm: GC_CONCURRENT freed 391K, 7% free 9126K/9735K, paused 2ms+2ms
07-05 14:20:14.860   545   548 D dalvikvm: GC_CONCURRENT freed 771K, 11% free 10519K/11719K, paused 2ms+2ms
07-05 14:20:15.126   545   548 D dalvikvm: GC_CONCURRENT freed 414K, 11% free 10496K/11719K, paused 2ms+3ms
07-05 14:20:15.274   545 12226 I DownloadManager: Initiating request for download 5276
07-05 14:20:15.356   545   548 D dalvikvm: GC_CONCURRENT freed 262K, 9% free 10679K/11719K, paused 2ms+3ms
07-05 14:20:15.481   545   548 D dalvikvm: GC_CONCURRENT freed 292K, 8% free 10848K/11719K, paused 2ms+3ms
07-05 14:20:15.665   545   548 D dalvikvm: GC_CONCURRENT freed 781K, 10% free 10558K/11719K, paused 2ms+3ms
07-05 14:20:15.954   545   548 D dalvikvm: GC_CONCURRENT freed 436K, 11% free 10513K/11719K, paused 2ms+2ms
07-05 14:20:16.219   545   548 D dalvikvm: GC_CONCURRENT freed 411K, 11% free 10493K/11719K, paused 2ms+3ms
07-05 14:20:16.348   545 12229 I DownloadManager: Initiating request for download 5277
07-05 14:20:16.450   545   548 D dalvikvm: GC_CONCURRENT freed 218K, 9% free 10711K/11719K, paused 2ms+3ms
07-05 14:20:16.575   545   548 D dalvikvm: GC_CONCURRENT freed 323K, 8% free 10885K/11719K, paused 2ms+3ms
07-05 14:20:16.774  1370 12231 E DictionaryProvider:UpdateHandler: Can't read a file : android.util.MalformedJsonException: Use JsonReader.setLenient(true) to accept malformed JSON at line 1 column 20
07-05 14:20:16.844   545   548 D dalvikvm: GC_CONCURRENT freed 850K, 11% free 10534K/11719K, paused 2ms+3ms
07-05 14:20:17.114   545   548 D dalvikvm: GC_CONCURRENT freed 415K, 11% free 10509K/11719K, paused 1ms+2ms
07-05 14:20:17.395   545   548 D dalvikvm: GC_CONCURRENT freed 405K, 11% free 10493K/11719K, paused 2ms+2ms
07-05 14:20:17.442   545 12234 I DownloadManager: Initiating request for download 5277
07-05 14:20:17.559   545   548 D dalvikvm: GC_CONCURRENT freed 174K, 9% free 10747K/11719K, paused 2ms+3ms
07-05 14:20:17.688   545   548 D dalvikvm: GC_CONCURRENT freed 343K, 7% free 10926K/11719K, paused 2ms+3ms
07-05 14:20:17.997   545   548 D dalvikvm: GC_CONCURRENT freed 919K, 11% free 10527K/11719K, paused 2ms+2ms
07-05 14:20:18.262   545   548 D dalvikvm: GC_CONCURRENT freed 416K, 11% free 10501K/11719K, paused 2ms+3ms
07-05 14:20:18.462   545 12237 I DownloadManager: Initiating request for download 5278
07-05 14:20:18.548   545   548 D dalvikvm: GC_CONCURRENT freed 309K, 10% free 10635K/11719K, paused 2ms+3ms
07-05 14:20:18.665   545   548 D dalvikvm: GC_CONCURRENT freed 273K, 8% free 10835K/11719K, paused 2ms+3ms
07-05 14:20:18.821   545   548 D dalvikvm: GC_CONCURRENT freed 749K, 10% free 10565K/11719K, paused 2ms+2ms
07-05 14:20:18.915  1370 12239 E DictionaryProvider:UpdateHandler: Can't read a file : android.util.MalformedJsonException: Use JsonReader.setLenient(true) to accept malformed JSON at line 1 column 20
07-05 14:20:19.126   545   548 D dalvikvm: GC_CONCURRENT freed 434K, 11% free 10525K/11719K, paused 2ms+2ms
07-05 14:20:19.403   545   548 D dalvikvm: GC_CONCURRENT freed 415K, 11% free 10500K/11719K, paused 2ms+2ms
07-05 14:20:19.544   545 12242 I DownloadManager: Initiating request for download 5278
07-05 14:20:19.649   545   548 D dalvikvm: GC_CONCURRENT freed 271K, 9% free 10695K/11719K, paused 1ms+3ms
07-05 14:20:19.770   545   548 D dalvikvm: GC_CONCURRENT freed 319K, 8% free 10871K/11719K, paused 2ms+2ms
07-05 14:20:19.985   545   548 D dalvikvm: GC_CONCURRENT freed 817K, 10% free 10553K/11719K, paused 1ms+3ms
07-05 14:20:20.262   545   548 D dalvikvm: GC_CONCURRENT freed 429K, 11% free 10514K/11719K, paused 2ms+3ms
07-05 14:20:20.528   545   548 D dalvikvm: GC_CONCURRENT freed 407K, 11% free 10498K/11719K, paused 2ms+2ms
07-05 14:20:20.614   545 12245 I DownloadManager: Initiating request for download 5279
07-05 14:20:20.727   545   548 D dalvikvm: GC_CONCURRENT freed 191K, 9% free 10743K/11719K, paused 2ms+2ms
07-05 14:20:20.852   545   548 D dalvikvm: GC_CONCURRENT freed 333K, 7% free 10917K/11719K, paused 2ms+3ms
07-05 14:20:21.087   156   168 D dalvikvm: GC_EXPLICIT freed 482K, 12% free 14100K/16007K, paused 2ms+6ms
07-05 14:20:21.130  1370 12247 E DictionaryProvider:UpdateHandler: Can't read a file : android.util.MalformedJsonException: Use JsonReader.setLenient(true) to accept malformed JSON at line 1 column 20
07-05 14:20:21.247   545   548 D dalvikvm: GC_CONCURRENT freed 891K, 11% free 10533K/11719K, paused 2ms+2ms
07-05 14:20:21.512   545   548 D dalvikvm: GC_CONCURRENT freed 429K, 11% free 10493K/11719K, paused 2ms+2ms
07-05 14:20:21.688   682   682 I GTalkService/c: [AndroidEndpoint@1095403848] connect: acct=1000001, state=CONNECTING
07-05 14:20:21.739   682   685 D dalvikvm: GC_CONCURRENT freed 394K, 9% free 10119K/11079K, paused 2ms+2ms
07-05 14:20:21.766   545 12250 I DownloadManager: Initiating request for download 5279
07-05 14:20:21.829   545   548 D dalvikvm: GC_CONCURRENT freed 368K, 10% free 10557K/11719K, paused 2ms+3ms
07-05 14:20:21.938   545   548 D dalvikvm: GC_CONCURRENT freed 206K, 8% free 10787K/11719K, paused 1ms+3ms
07-05 14:20:22.075   545   548 D dalvikvm: GC_CONCURRENT freed 462K, 8% free 10809K/11719K, paused 2ms+2ms
07-05 14:20:22.395   545   548 D dalvikvm: GC_CONCURRENT freed 774K, 11% free 10509K/11719K, paused 2ms+3ms
07-05 14:20:22.665   545   548 D dalvikvm: GC_CONCURRENT freed 411K, 11% free 10489K/11719K, paused 1ms+2ms
07-05 14:20:22.864   545 12253 I DownloadManager: Initiating request for download 5280
07-05 14:20:22.942   545   548 D dalvikvm: GC_CONCURRENT freed 268K, 10% free 10663K/11719K, paused 2ms+3ms
07-05 14:20:23.063   545   548 D dalvikvm: GC_CONCURRENT freed 295K, 8% free 10841K/11719K, paused 1ms+2ms
07-05 14:20:23.235   545   548 D dalvikvm: GC_CONCURRENT freed 773K, 10% free 10556K/11719K, paused 2ms+3ms
07-05 14:20:23.341  1370 12255 E DictionaryProvider:UpdateHandler: Can't read a file : android.util.MalformedJsonException: Use JsonReader.setLenient(true) to accept malformed JSON at line 1 column 20
07-05 14:20:23.415  1370  1372 D dalvikvm: GC_CONCURRENT freed 391K, 7% free 9126K/9735K, paused 2ms+2ms
07-05 14:20:23.563   545   548 D dalvikvm: GC_CONCURRENT freed 427K, 11% free 10516K/11719K, paused 2ms+2ms
07-05 14:20:23.841   545   548 D dalvikvm: GC_CONCURRENT freed 416K, 11% free 10490K/11719K, paused 2ms+2ms
07-05 14:20:23.962   545 12258 I DownloadManager: Initiating request for download 5280
07-05 14:20:24.051   545   548 D dalvikvm: GC_CONCURRENT freed 239K, 9% free 10690K/11719K, paused 2ms+3ms
07-05 14:20:24.173   545   548 D dalvikvm: GC_CONCURRENT freed 316K, 8% free 10864K/11719K, paused 2ms+3ms
07-05 14:20:24.399   545   548 D dalvikvm: GC_CONCURRENT freed 804K, 10% free 10561K/11719K, paused 2ms+3ms
07-05 14:20:24.688   545   548 D dalvikvm: GC_CONCURRENT freed 447K, 11% free 10505K/11719K, paused 2ms+3ms
07-05 14:20:24.969   545   548 D dalvikvm: GC_CONCURRENT freed 404K, 11% free 10501K/11719K, paused 2ms+2ms
07-05 14:20:25.063   545 12261 I DownloadManager: Initiating request for download 5281
07-05 14:20:25.165   545   548 D dalvikvm: GC_CONCURRENT freed 195K, 9% free 10738K/11719K, paused 2ms+2ms
07-05 14:20:25.294   545   548 D dalvikvm: GC_CONCURRENT freed 335K, 7% free 10924K/11719K, paused 2ms+3ms
07-05 14:20:25.493  1370 12263 D dalvikvm: GC_EXPLICIT freed 77K, 7% free 9092K/9735K, paused 2ms+2ms
07-05 14:20:25.505  1370 12263 E DictionaryProvider:UpdateHandler: Can't read a file : android.util.MalformedJsonException: Use JsonReader.setLenient(true) to accept malformed JSON at line 1 column 20
07-05 14:20:25.649   545   548 D dalvikvm: GC_CONCURRENT freed 911K, 11% free 10522K/11719K, paused 2ms+2ms
07-05 14:20:25.930   545   548 D dalvikvm: GC_CONCURRENT freed 411K, 11% free 10498K/11719K, paused 2ms+3ms
07-05 14:20:26.134   545 12266 I DownloadManager: Initiating request for download 5281
07-05 14:20:26.196   545   548 D dalvikvm: GC_CONCURRENT freed 367K, 11% free 10547K/11719K, paused 2ms+3ms
07-05 14:20:26.305   545   548 D dalvikvm: GC_CONCURRENT freed 194K, 8% free 10788K/11719K, paused 2ms+3ms
07-05 14:20:26.442   545   548 D dalvikvm: GC_CONCURRENT freed 462K, 8% free 10817K/11719K, paused 1ms+2ms
07-05 14:20:26.759   545   548 D dalvikvm: GC_CONCURRENT freed 779K, 11% free 10515K/11719K, paused 1ms+2ms
07-05 14:20:27.032   545   548 D dalvikvm: GC_CONCURRENT freed 412K, 11% free 10494K/11719K, paused 2ms+3ms
07-05 14:20:27.216   545 12269 I DownloadManager: Initiating request for download 5282
07-05 14:20:27.305   545   548 D dalvikvm: GC_CONCURRENT freed 280K, 9% free 10710K/11719K, paused 2ms+3ms
07-05 14:20:27.426   545   548 D dalvikvm: GC_CONCURRENT freed 329K, 8% free 10873K/11719K, paused 2ms+3ms
07-05 14:20:27.649  1370 12271 E DictionaryProvider:UpdateHandler: Can't read a file : android.util.MalformedJsonException: Use JsonReader.setLenient(true) to accept malformed JSON at line 1 column 20
07-05 14:20:27.673   545   548 D dalvikvm: GC_CONCURRENT freed 849K, 11% free 10539K/11719K, paused 1ms+2ms
07-05 14:20:27.950   545   548 D dalvikvm: GC_CONCURRENT freed 423K, 11% free 10507K/11719K, paused 1ms+3ms
07-05 14:20:28.216   545   548 D dalvikvm: GC_CONCURRENT freed 405K, 11% free 10493K/11719K, paused 2ms+2ms
07-05 14:20:28.286   545 12274 I DownloadManager: Initiating request for download 5282
07-05 14:20:28.423   545   548 D dalvikvm: GC_CONCURRENT freed 201K, 9% free 10737K/11719K, paused 2ms+2ms
07-05 14:20:28.540   545   548 D dalvikvm: GC_CONCURRENT freed 340K, 7% free 10902K/11719K, paused 1ms+3ms
07-05 14:20:28.809   545   548 D dalvikvm: GC_CONCURRENT freed 884K, 11% free 10520K/11719K, paused 2ms+3ms
07-05 14:20:29.071   545   548 D dalvikvm: GC_CONCURRENT freed 403K, 11% free 10503K/11719K, paused 1ms+2ms
07-05 14:20:29.309   545 12277 I DownloadManager: Initiating request for download 5283
07-05 14:20:29.372   545   548 D dalvikvm: GC_CONCURRENT freed 379K, 10% free 10549K/11719K, paused 2ms+3ms
07-05 14:20:29.501   545   548 D dalvikvm: GC_CONCURRENT freed 194K, 8% free 10792K/11719K, paused 2ms+3ms
07-05 14:20:29.641   545   548 D dalvikvm: GC_CONCURRENT freed 461K, 8% free 10844K/11719K, paused 2ms+2ms
07-05 14:20:29.786  1370 12279 E DictionaryProvider:UpdateHandler: Can't read a file : android.util.MalformedJsonException: Use JsonReader.setLenient(true) to accept malformed JSON at line 1 column 20
07-05 14:20:29.989   545   548 D dalvikvm: GC_CONCURRENT freed 807K, 11% free 10523K/11719K, paused 2ms+2ms
07-05 14:20:30.262   545   548 D dalvikvm: GC_CONCURRENT freed 413K, 11% free 10500K/11719K, paused 2ms+2ms
07-05 14:20:30.411   545 12282 I DownloadManager: Initiating request for download 5283
07-05 14:20:30.501   545   548 D dalvikvm: GC_CONCURRENT freed 267K, 9% free 10686K/11719K, paused 1ms+2ms
07-05 14:20:30.618   545   548 D dalvikvm: GC_CONCURRENT freed 311K, 8% free 10866K/11719K, paused 2ms+3ms
07-05 14:20:30.825   545   548 D dalvikvm: GC_CONCURRENT freed 800K, 10% free 10565K/11719K, paused 2ms+3ms
07-05 14:20:31.118   545   548 D dalvikvm: GC_CONCURRENT freed 442K, 11% free 10517K/11719K, paused 2ms+2ms
07-05 14:20:31.395   545   548 D dalvikvm: GC_CONCURRENT freed 408K, 11% free 10499K/11719K, paused 2ms+2ms
07-05 14:20:31.505   545 12285 I DownloadManager: Initiating request for download 5284
07-05 14:20:31.602   545   548 D dalvikvm: GC_CONCURRENT freed 193K, 9% free 10728K/11719K, paused 2ms+3ms
07-05 14:20:31.735   545   548 D dalvikvm: GC_CONCURRENT freed 339K, 7% free 10921K/11719K, paused 1ms+3ms
07-05 14:20:31.926  1370 12287 E DictionaryProvider:UpdateHandler: Can't read a file : android.util.MalformedJsonException: Use JsonReader.setLenient(true) to accept malformed JSON at line 1 column 20
07-05 14:20:32.048   545   548 D dalvikvm: GC_CONCURRENT freed 901K, 11% free 10540K/11719K, paused 2ms+2ms
07-05 14:20:32.309   545   548 D dalvikvm: GC_CONCURRENT freed 422K, 11% free 10508K/11719K, paused 2ms+3ms
07-05 14:20:32.528   545 12290 I DownloadManager: Initiating request for download 5284
07-05 14:20:32.583   545   548 D dalvikvm: GC_CONCURRENT freed 391K, 11% free 10528K/11719K, paused 2ms+2ms
07-05 14:20:32.708   545   548 D dalvikvm: GC_CONCURRENT freed 179K, 8% free 10786K/11719K, paused 2ms+3ms
07-05 14:20:32.837   545   548 D dalvikvm: GC_CONCURRENT freed 449K, 8% free 10827K/11719K, paused 2ms+2ms
07-05 14:20:33.141   545   548 D dalvikvm: GC_CONCURRENT freed 782K, 11% free 10525K/11719K, paused 2ms+3ms
07-05 14:20:33.407   545   548 D dalvikvm: GC_CONCURRENT freed 408K, 11% free 10503K/11719K, paused 2ms+3ms
07-05 14:20:33.614   545 12293 I DownloadManager: Initiating request for download 5285
07-05 14:20:33.676   545   548 D dalvikvm: GC_CONCURRENT freed 318K, 10% free 10576K/11719K, paused 3ms+3ms
07-05 14:20:33.801   545   548 D dalvikvm: GC_CONCURRENT freed 212K, 8% free 10807K/11719K, paused 2ms+2ms
07-05 14:20:33.938   545   548 D dalvikvm: GC_CONCURRENT freed 477K, 8% free 10826K/11719K, paused 2ms+3ms
07-05 14:20:34.106  1370 12295 E DictionaryProvider:UpdateHandler: Can't read a file : android.util.MalformedJsonException: Use JsonReader.setLenient(true) to accept malformed JSON at line 1 column 20
07-05 14:20:34.134  1370  1372 D dalvikvm: GC_CONCURRENT freed 369K, 7% free 9139K/9735K, paused 2ms+2ms
07-05 14:20:34.305   545   548 D dalvikvm: GC_CONCURRENT freed 775K, 11% free 10531K/11719K, paused 1ms+3ms
07-05 14:20:34.579   545   548 D dalvikvm: GC_CONCURRENT freed 416K, 11% free 10506K/11719K, paused 2ms+2ms
07-05 14:20:34.719   545 12298 I DownloadManager: Initiating request for download 5285
07-05 14:20:34.817   545   548 D dalvikvm: GC_CONCURRENT freed 265K, 9% free 10692K/11719K, paused 2ms+3ms
07-05 14:20:34.934   545   548 D dalvikvm: GC_CONCURRENT freed 315K, 8% free 10868K/11719K, paused 2ms+2ms
07-05 14:20:35.118   545   548 D dalvikvm: GC_CONCURRENT freed 795K, 10% free 10568K/11719K, paused 2ms+2ms
07-05 14:20:35.387   545   548 D dalvikvm: GC_CONCURRENT freed 401K, 10% free 10556K/11719K, paused 2ms+3ms
07-05 14:20:35.692   545   548 D dalvikvm: GC_CONCURRENT freed 434K, 11% free 10510K/11719K, paused 2ms+3ms
07-05 14:20:35.817   545 12301 I DownloadManager: Initiating request for download 5286
07-05 14:20:35.923   545   548 D dalvikvm: GC_CONCURRENT freed 219K, 9% free 10727K/11719K, paused 2ms+3ms
07-05 14:20:36.051   545   548 D dalvikvm: GC_CONCURRENT freed 330K, 8% free 10899K/11719K, paused 2ms+3ms
07-05 14:20:36.290  1370 12303 E DictionaryProvider:UpdateHandler: Can't read a file : android.util.MalformedJsonException: Use JsonReader.setLenient(true) to accept malformed JSON at line 1 column 20
07-05 14:20:36.321   545   548 D dalvikvm: GC_CONCURRENT freed 879K, 11% free 10546K/11719K, paused 2ms+3ms
07-05 14:20:36.587   545   548 D dalvikvm: GC_CONCURRENT freed 418K, 11% free 10519K/11719K, paused 2ms+2ms
07-05 14:20:36.852   545   548 D dalvikvm: GC_CONCURRENT freed 402K, 11% free 10507K/11719K, paused 2ms+2ms
07-05 14:20:36.884   545 12305 I DownloadManager: Initiating request for download 5286
07-05 14:20:36.969   545   548 D dalvikvm: GC_CONCURRENT freed 171K, 9% free 10773K/11719K, paused 2ms+2ms
07-05 14:20:37.067   545   548 D dalvikvm: GC_CONCURRENT freed 311K, 7% free 10942K/11719K, paused 2ms+2ms
07-05 14:20:37.848   465   467 D dalvikvm: GC_CONCURRENT freed 398K, 6% free 10503K/11143K, paused 17ms+3ms
07-05 14:20:38.200   545   548 D dalvikvm: GC_CONCURRENT freed 929K, 11% free 10538K/11719K, paused 2ms+2ms
07-05 14:20:38.450   545   548 D dalvikvm: GC_CONCURRENT freed 417K, 11% free 10512K/11719K, paused 1ms+2ms
07-05 14:20:38.669   545 12309 I DownloadManager: Initiating request for download 5287
07-05 14:20:38.723   545   548 D dalvikvm: GC_CONCURRENT freed 337K, 10% free 10578K/11719K, paused 2ms+4ms
07-05 14:20:38.848   545   548 D dalvikvm: GC_CONCURRENT freed 209K, 8% free 10812K/11719K, paused 2ms+2ms
07-05 14:20:38.989   545   548 D dalvikvm: GC_CONCURRENT freed 484K, 8% free 10833K/11719K, paused 2ms+3ms
07-05 14:20:39.204   156   559 D dalvikvm: GC_EXPLICIT freed 495K, 12% free 14103K/16007K, paused 3ms+5ms
07-05 14:20:39.208  1370 12311 E DictionaryProvider:UpdateHandler: Can't read a file : android.util.MalformedJsonException: Use JsonReader.setLenient(true) to accept malformed JSON at line 1 column 20
07-05 14:20:39.419   545   548 D dalvikvm: GC_CONCURRENT freed 774K, 11% free 10536K/11719K, paused 2ms+3ms
07-05 14:20:39.688   545   548 D dalvikvm: GC_CONCURRENT freed 428K, 11% free 10496K/11719K, paused 2ms+2ms
07-05 14:20:39.833   545 12314 I DownloadManager: Initiating request for download 5287
07-05 14:20:39.954   545   548 D dalvikvm: GC_CONCURRENT freed 268K, 9% free 10736K/11719K, paused 2ms+3ms
07-05 14:20:40.075   545   548 D dalvikvm: GC_CONCURRENT freed 375K, 8% free 10866K/11719K, paused 2ms+2ms
07-05 14:20:40.282   545   548 D dalvikvm: GC_CONCURRENT freed 835K, 11% free 10528K/11719K, paused 2ms+3ms
07-05 14:20:40.555   545   548 D dalvikvm: GC_CONCURRENT freed 411K, 11% free 10508K/11719K, paused 2ms+3ms
07-05 14:20:40.829   545   548 D dalvikvm: GC_CONCURRENT freed 406K, 11% free 10493K/11719K, paused 2ms+2ms
07-05 14:20:40.907   545 12317 I DownloadManager: Initiating request for download 5288
07-05 14:20:41.024   545   548 D dalvikvm: GC_CONCURRENT freed 189K, 8% free 10803K/11719K, paused 2ms+3ms
07-05 14:20:41.145   545   548 D dalvikvm: GC_CONCURRENT freed 371K, 7% free 10933K/11719K, paused 2ms+3ms
07-05 14:20:41.325  1370 12319 E DictionaryProvider:UpdateHandler: Can't read a file : android.util.MalformedJsonException: Use JsonReader.setLenient(true) to accept malformed JSON at line 1 column 20
07-05 14:20:41.489   545   548 D dalvikvm: GC_CONCURRENT freed 918K, 11% free 10526K/11719K, paused 2ms+2ms
07-05 14:20:41.762   545   548 D dalvikvm: GC_CONCURRENT freed 410K, 11% free 10504K/11719K, paused 1ms+2ms
07-05 14:20:41.962   545 12322 I DownloadManager: Initiating request for download 5288
07-05 14:20:42.020   545   548 D dalvikvm: GC_CONCURRENT freed 348K, 9% free 10667K/11719K, paused 1ms+3ms
07-05 14:20:42.145   545   548 D dalvikvm: GC_CONCURRENT freed 288K, 8% free 10854K/11719K, paused 1ms+2ms
07-05 14:20:42.337   545   548 D dalvikvm: GC_CONCURRENT freed 785K, 10% free 10565K/11719K, paused 2ms+3ms
07-05 14:20:42.618   545   548 D dalvikvm: GC_CONCURRENT freed 441K, 11% free 10517K/11719K, paused 2ms+3ms
07-05 14:20:42.891   545   548 D dalvikvm: GC_CONCURRENT freed 410K, 11% free 10497K/11719K, paused 2ms+2ms
07-05 14:20:43.102   545 12325 D dalvikvm: GC_EXPLICIT freed 167K, 10% free 10551K/11719K, paused 1ms+8ms
07-05 14:20:43.114   545 12325 I DownloadManager: Initiating request for download 5289
07-05 14:20:43.235   545   548 D dalvikvm: GC_CONCURRENT freed 208K, 8% free 10788K/11719K, paused 2ms+3ms
07-05 14:20:43.360   545   548 D dalvikvm: GC_CONCURRENT freed 447K, 8% free 10823K/11719K, paused 2ms+2ms
07-05 14:20:43.536  1370 12327 E DictionaryProvider:UpdateHandler: Can't read a file : android.util.MalformedJsonException: Use JsonReader.setLenient(true) to accept malformed JSON at line 1 column 20
07-05 14:20:43.575  1370  1372 D dalvikvm: GC_CONCURRENT freed 397K, 7% free 9132K/9735K, paused 1ms+2ms
07-05 14:20:43.704   545   548 D dalvikvm: GC_CONCURRENT freed 769K, 11% free 10528K/11719K, paused 1ms+3ms
07-05 14:20:43.973   545   548 D dalvikvm: GC_CONCURRENT freed 415K, 11% free 10504K/11719K, paused 2ms+2ms
07-05 14:20:44.161   545 12330 I DownloadManager: Initiating request for download 5289
07-05 14:20:44.219   545   548 D dalvikvm: GC_CONCURRENT freed 326K, 10% free 10572K/11719K, paused 2ms+3ms
07-05 14:20:44.344   545   548 D dalvikvm: GC_CONCURRENT freed 207K, 8% free 10806K/11719K, paused 2ms+2ms
07-05 14:20:44.481   545   548 D dalvikvm: GC_CONCURRENT freed 476K, 8% free 10833K/11719K, paused 2ms+2ms
07-05 14:20:44.794   545   548 D dalvikvm: GC_CONCURRENT freed 795K, 11% free 10520K/11719K, paused 1ms+2ms
07-05 14:20:45.063   545   548 D dalvikvm: GC_CONCURRENT freed 409K, 11% free 10502K/11719K, paused 2ms+2ms
07-05 14:20:45.235   545 12333 I DownloadManager: Initiating request for download 5290
07-05 14:20:45.329   545   548 D dalvikvm: GC_CONCURRENT freed 251K, 9% free 10691K/11719K, paused 3ms+2ms
07-05 14:20:45.458   545   548 D dalvikvm: GC_CONCURRENT freed 328K, 8% free 10885K/11719K, paused 2ms+3ms
07-05 14:20:45.676   545   548 D dalvikvm: GC_CONCURRENT freed 851K, 11% free 10536K/11719K, paused 2ms+3ms
07-05 14:20:45.716  1370 12335 E DictionaryProvider:UpdateHandler: Can't read a file : android.util.MalformedJsonException: Use JsonReader.setLenient(true) to accept malformed JSON at line 1 column 20
07-05 14:20:45.989   545   548 D dalvikvm: GC_CONCURRENT freed 406K, 11% free 10521K/11719K, paused 2ms+3ms
07-05 14:20:46.262   545   548 D dalvikvm: GC_CONCURRENT freed 410K, 11% free 10501K/11719K, paused 2ms+2ms
07-05 14:20:46.344   545 12338 I DownloadManager: Initiating request for download 5290
07-05 14:20:46.426   545   548 D dalvikvm: GC_CONCURRENT freed 207K, 9% free 10727K/11719K, paused 2ms+2ms
07-05 14:20:46.555   545   548 D dalvikvm: GC_CONCURRENT freed 312K, 7% free 10910K/11719K, paused 2ms+2ms
07-05 14:20:46.809   545   548 D dalvikvm: GC_CONCURRENT freed 887K, 11% free 10531K/11719K, paused 2ms+2ms
07-05 14:20:47.087   545   548 D dalvikvm: GC_CONCURRENT freed 411K, 11% free 10510K/11719K, paused 2ms+3ms
07-05 14:20:47.364   545   548 D dalvikvm: GC_CONCURRENT freed 397K, 11% free 10499K/11719K, paused 1ms+2ms
07-05 14:20:47.493   545 12341 I DownloadManager: Initiating request for download 5291
07-05 14:20:47.614   545   548 D dalvikvm: GC_CONCURRENT freed 154K, 9% free 10755K/11719K, paused 2ms+3ms
07-05 14:20:47.743   545   548 D dalvikvm: GC_CONCURRENT freed 323K, 7% free 10941K/11719K, paused 2ms+3ms
07-05 14:20:47.942  1370 12343 E DictionaryProvider:UpdateHandler: Can't read a file : android.util.MalformedJsonException: Use JsonReader.setLenient(true) to accept malformed JSON at line 1 column 20
07-05 14:20:48.079   545   548 D dalvikvm: GC_CONCURRENT freed 924K, 11% free 10537K/11719K, paused 2ms+2ms
07-05 14:20:48.341   545   548 D dalvikvm: GC_CONCURRENT freed 416K, 11% free 10511K/11719K, paused 2ms+2ms
07-05 14:20:48.563   545 12346 I DownloadManager: Initiating request for download 5291
07-05 14:20:48.618   545   548 D dalvikvm: GC_CONCURRENT freed 378K, 11% free 10546K/11719K, paused 2ms+3ms
07-05 14:20:48.739   545   548 D dalvikvm: GC_CONCURRENT freed 186K, 8% free 10796K/11719K, paused 2ms+3ms
07-05 14:20:48.860   545   548 D dalvikvm: GC_CONCURRENT freed 457K, 8% free 10832K/11719K, paused 2ms+2ms
07-05 14:20:49.169   545   548 D dalvikvm: GC_CONCURRENT freed 784K, 11% free 10534K/11719K, paused 2ms+3ms
07-05 14:20:49.442   545   548 D dalvikvm: GC_CONCURRENT freed 414K, 11% free 10510K/11719K, paused 2ms+2ms
07-05 14:20:49.630   545 12349 I DownloadManager: Initiating request for download 5292
07-05 14:20:49.712   545   548 D dalvikvm: GC_CONCURRENT freed 297K, 9% free 10714K/11719K, paused 2ms+4ms
07-05 14:20:49.852   545   548 D dalvikvm: GC_CONCURRENT freed 323K, 8% free 10881K/11719K, paused 2ms+3ms
07-05 14:20:50.051   545   548 D dalvikvm: GC_CONCURRENT freed 844K, 11% free 10540K/11719K, paused 1ms+2ms
07-05 14:20:50.098  1370 12351 E DictionaryProvider:UpdateHandler: Can't read a file : android.util.MalformedJsonException: Use JsonReader.setLenient(true) to accept malformed JSON at line 1 column 20
07-05 14:20:50.356   545   548 D dalvikvm: GC_CONCURRENT freed 404K, 11% free 10526K/11719K, paused 1ms+3ms
07-05 14:20:50.618   545   548 D dalvikvm: GC_CONCURRENT freed 408K, 11% free 10509K/11719K, paused 2ms+2ms
07-05 14:20:50.723   545 12354 I DownloadManager: Initiating request for download 5292
07-05 14:20:50.813   545   548 D dalvikvm: GC_CONCURRENT freed 219K, 9% free 10722K/11719K, paused 1ms+3ms
07-05 14:20:50.942   545   548 D dalvikvm: GC_CONCURRENT freed 322K, 7% free 10956K/11719K, paused 2ms+3ms
07-05 14:20:51.212   545   548 D dalvikvm: GC_CONCURRENT freed 946K, 11% free 10533K/11719K, paused 2ms+2ms
07-05 14:20:51.493   545   548 D dalvikvm: GC_CONCURRENT freed 405K, 11% free 10521K/11719K, paused 2ms+3ms
07-05 14:20:51.743   545 12357 I DownloadManager: Initiating request for download 5293
07-05 14:20:51.801   545   548 D dalvikvm: GC_CONCURRENT freed 390K, 11% free 10517K/11719K, paused 2ms+3ms
07-05 14:20:51.926   545   548 D dalvikvm: GC_CONCURRENT freed 167K, 8% free 10787K/11719K, paused 2ms+2ms
07-05 14:20:52.059   545   548 D dalvikvm: GC_CONCURRENT freed 437K, 8% free 10845K/11719K, paused 1ms+3ms
07-05 14:20:52.231  1370 12359 E DictionaryProvider:UpdateHandler: Can't read a file : android.util.MalformedJsonException: Use JsonReader.setLenient(true) to accept malformed JSON at line 1 column 20
07-05 14:20:52.274  1370  1372 D dalvikvm: GC_CONCURRENT freed 393K, 7% free 9127K/9735K, paused 1ms+3ms
07-05 14:20:52.411   545   548 D dalvikvm: GC_CONCURRENT freed 786K, 11% free 10544K/11719K, paused 2ms+3ms
07-05 14:20:52.680   545   548 D dalvikvm: GC_CONCURRENT freed 413K, 11% free 10517K/11719K, paused 2ms+2ms
07-05 14:20:52.884   545 12362 I DownloadManager: Initiating request for download 5293
07-05 14:20:52.946   545   548 D dalvikvm: GC_CONCURRENT freed 369K, 10% free 10581K/11719K, paused 2ms+3ms
07-05 14:20:53.067   545   548 D dalvikvm: GC_CONCURRENT freed 209K, 8% free 10817K/11719K, paused 2ms+2ms
07-05 14:20:53.208   545   548 D dalvikvm: GC_CONCURRENT freed 478K, 8% free 10838K/11719K, paused 2ms+3ms
07-05 14:20:53.528   545   548 D dalvikvm: GC_CONCURRENT freed 786K, 11% free 10540K/11719K, paused 2ms+2ms
07-05 14:20:53.794   545   548 D dalvikvm: GC_CONCURRENT freed 412K, 11% free 10520K/11719K, paused 2ms+3ms
07-05 14:20:53.958   545 12365 I DownloadManager: Initiating request for download 5294
07-05 14:20:54.044   545   548 D dalvikvm: GC_CONCURRENT freed 268K, 9% free 10705K/11719K, paused 3ms+3ms
07-05 14:20:54.165   545   548 D dalvikvm: GC_CONCURRENT freed 316K, 8% free 10884K/11719K, paused 2ms+2ms
07-05 14:20:54.356   545   548 D dalvikvm: GC_CONCURRENT freed 809K, 10% free 10577K/11719K, paused 1ms+2ms
07-05 14:20:54.423  1370 12367 E DictionaryProvider:UpdateHandler: Can't read a file : android.util.MalformedJsonException: Use JsonReader.setLenient(true) to accept malformed JSON at line 1 column 20
07-05 14:20:54.665   545   548 D dalvikvm: GC_CONCURRENT freed 437K, 11% free 10538K/11719K, paused 2ms+2ms
07-05 14:20:54.930   545   548 D dalvikvm: GC_CONCURRENT freed 415K, 11% free 10514K/11719K, paused 2ms+2ms
07-05 14:20:55.028   545 12370 I DownloadManager: Initiating request for download 5294
07-05 14:20:55.122   545   548 D dalvikvm: GC_CONCURRENT freed 219K, 8% free 10786K/11719K, paused 1ms+2ms
07-05 14:20:55.255   545   548 D dalvikvm: GC_CONCURRENT freed 369K, 7% free 10940K/11719K, paused 2ms+4ms
07-05 14:20:55.551   545   548 D dalvikvm: GC_CONCURRENT freed 917K, 11% free 10539K/11719K, paused 2ms+3ms
07-05 14:20:55.821   545   548 D dalvikvm: GC_CONCURRENT freed 402K, 11% free 10523K/11719K, paused 1ms+2ms
07-05 14:20:56.075   545 12373 I DownloadManager: Initiating request for download 5295
07-05 14:20:56.122   545   548 D dalvikvm: GC_CONCURRENT freed 393K, 10% free 10553K/11719K, paused 2ms+4ms
07-05 14:20:56.255   545   548 D dalvikvm: GC_CONCURRENT freed 183K, 8% free 10806K/11719K, paused 2ms+3ms
07-05 14:20:56.387   545   548 D dalvikvm: GC_CONCURRENT freed 455K, 8% free 10846K/11719K, paused 2ms+2ms
07-05 14:20:56.548  1370 12375 E DictionaryProvider:UpdateHandler: Can't read a file : android.util.MalformedJsonException: Use JsonReader.setLenient(true) to accept malformed JSON at line 1 column 20
07-05 14:20:56.708   545   548 D dalvikvm: GC_CONCURRENT freed 783K, 10% free 10550K/11719K, paused 2ms+2ms
07-05 14:20:56.981   545   548 D dalvikvm: GC_CONCURRENT freed 417K, 11% free 10524K/11719K, paused 2ms+3ms
07-05 14:20:57.173   545 12377 I DownloadManager: Initiating request for download 5295
07-05 14:20:57.247   545   548 D dalvikvm: GC_CONCURRENT freed 320K, 10% free 10589K/11719K, paused 1ms+3ms
07-05 14:20:57.344   545   548 D dalvikvm: GC_CONCURRENT freed 211K, 8% free 10825K/11719K, paused 2ms+3ms
07-05 14:20:57.438   545   548 D dalvikvm: GC_CONCURRENT freed 724K, 10% free 10583K/11719K, paused 2ms+2ms
07-05 14:20:58.337   545   548 D dalvikvm: GC_CONCURRENT freed 407K, 10% free 10575K/11719K, paused 2ms+2ms
07-05 14:20:58.606   545   548 D dalvikvm: GC_CONCURRENT freed 411K, 10% free 10560K/11719K, paused 2ms+2ms
07-05 14:20:58.829   156   403 D dalvikvm: GC_EXPLICIT freed 494K, 12% free 14098K/16007K, paused 2ms+5ms
07-05 14:20:58.930   545 12381 I DownloadManager: Initiating request for download 5296
07-05 14:20:59.001   545   548 D dalvikvm: GC_CONCURRENT freed 389K, 10% free 10578K/11719K, paused 2ms+3ms
07-05 14:20:59.122   545   548 D dalvikvm: GC_CONCURRENT freed 219K, 8% free 10803K/11719K, paused 2ms+3ms
07-05 14:20:59.259   545   548 D dalvikvm: GC_CONCURRENT freed 464K, 8% free 10833K/11719K, paused 2ms+3ms
07-05 14:20:59.419  1370 12383 E DictionaryProvider:UpdateHandler: Can't read a file : android.util.MalformedJsonException: Use JsonReader.setLenient(true) to accept malformed JSON at line 1 column 20
07-05 14:20:59.602   545   548 D dalvikvm: GC_CONCURRENT freed 782K, 11% free 10531K/11719K, paused 2ms+2ms
07-05 14:20:59.868   545   548 D dalvikvm: GC_CONCURRENT freed 414K, 11% free 10507K/11719K, paused 2ms+2ms
07-05 14:21:00.063   545 12386 I DownloadManager: Initiating request for download 5296
07-05 14:21:00.153   545   548 D dalvikvm: GC_CONCURRENT freed 308K, 9% free 10722K/11719K, paused 2ms+3ms
07-05 14:21:00.278   545   548 D dalvikvm: GC_CONCURRENT freed 338K, 8% free 10886K/11719K, paused 2ms+2ms
07-05 14:21:00.497   545   548 D dalvikvm: GC_CONCURRENT freed 847K, 11% free 10536K/11719K, paused 2ms+3ms
07-05 14:21:00.759   545   548 D dalvikvm: GC_CONCURRENT freed 410K, 11% free 10516K/11719K, paused 2ms+3ms
07-05 14:21:01.028   545   548 D dalvikvm: GC_CONCURRENT freed 402K, 11% free 10503K/11719K, paused 2ms+3ms
07-05 14:21:01.137   545 12389 I DownloadManager: Initiating request for download 5297
07-05 14:21:01.239   545   548 D dalvikvm: GC_CONCURRENT freed 191K, 9% free 10722K/11719K, paused 2ms+3ms
07-05 14:21:01.368   545   548 D dalvikvm: GC_CONCURRENT freed 337K, 7% free 10906K/11719K, paused 2ms+2ms
07-05 14:21:01.563  1370 12391 E DictionaryProvider:UpdateHandler: Can't read a file : android.util.MalformedJsonException: Use JsonReader.setLenient(true) to accept malformed JSON at line 1 column 20
07-05 14:21:01.594  1370  1372 D dalvikvm: GC_CONCURRENT freed 384K, 7% free 9134K/9735K, paused 2ms+2ms
07-05 14:21:01.661   545   548 D dalvikvm: GC_CONCURRENT freed 869K, 11% free 10546K/11719K, paused 2ms+3ms
07-05 14:21:01.923   545   548 D dalvikvm: GC_CONCURRENT freed 419K, 11% free 10517K/11719K, paused 2ms+2ms
07-05 14:21:02.188   545   548 D dalvikvm: GC_CONCURRENT freed 405K, 11% free 10503K/11719K, paused 1ms+3ms
07-05 14:21:02.243   545 12394 I DownloadManager: Initiating request for download 5297
07-05 14:21:02.348   545   548 D dalvikvm: GC_CONCURRENT freed 185K, 9% free 10755K/11719K, paused 2ms+2ms
07-05 14:21:02.473   545   548 D dalvikvm: GC_CONCURRENT freed 332K, 7% free 10933K/11719K, paused 2ms+2ms
07-05 14:21:02.759   545   548 D dalvikvm: GC_CONCURRENT freed 917K, 11% free 10531K/11719K, paused 2ms+2ms
07-05 14:21:03.028   545   548 D dalvikvm: GC_CONCURRENT freed 408K, 11% free 10514K/11719K, paused 2ms+2ms
07-05 14:21:03.274   545 12397 I DownloadManager: Initiating request for download 5298
07-05 14:21:03.352   545   548 D dalvikvm: GC_CONCURRENT freed 387K, 10% free 10642K/11719K, paused 2ms+3ms
07-05 14:21:03.481   545   548 D dalvikvm: GC_CONCURRENT freed 261K, 8% free 10847K/11719K, paused 2ms+3ms
07-05 14:21:03.622   545   548 D dalvikvm: GC_CONCURRENT freed 759K, 10% free 10578K/11719K, paused 2ms+2ms
07-05 14:21:03.739  1370 12399 E DictionaryProvider:UpdateHandler: Can't read a file : android.util.MalformedJsonException: Use JsonReader.setLenient(true) to accept malformed JSON at line 1 column 20
07-05 14:21:03.938   545   548 D dalvikvm: GC_CONCURRENT freed 431K, 11% free 10544K/11719K, paused 2ms+3ms
07-05 14:21:04.204   545   548 D dalvikvm: GC_CONCURRENT freed 418K, 11% free 10517K/11719K, paused 2ms+2ms
07-05 14:21:04.368   545 12401 I DownloadManager: Initiating request for download 5298
07-05 14:21:04.438   545   548 D dalvikvm: GC_CONCURRENT freed 296K, 9% free 10679K/11719K, paused 2ms+3ms
07-05 14:21:04.536   545   548 D dalvikvm: GC_CONCURRENT freed 291K, 8% free 10866K/11719K, paused 2ms+2ms
07-05 14:21:04.786   545   548 D dalvikvm: GC_CONCURRENT freed 784K, 10% free 10576K/11719K, paused 2ms+2ms
07-05 14:21:05.051   545   548 D dalvikvm: GC_CONCURRENT freed 409K, 10% free 10563K/11719K, paused 2ms+3ms
07-05 14:21:05.352   545   548 D dalvikvm: GC_CONCURRENT freed 439K, 11% free 10517K/11719K, paused 2ms+3ms
07-05 14:21:05.524   545 12405 I DownloadManager: Initiating request for download 5299
07-05 14:21:05.618   545   548 D dalvikvm: GC_CONCURRENT freed 245K, 9% free 10706K/11719K, paused 2ms+3ms
07-05 14:21:05.747   545   548 D dalvikvm: GC_CONCURRENT freed 316K, 8% free 10887K/11719K, paused 2ms+3ms
07-05 14:21:05.946   545   548 D dalvikvm: GC_CONCURRENT freed 814K, 10% free 10576K/11719K, paused 2ms+3ms
07-05 14:21:06.005  1370 12407 E DictionaryProvider:UpdateHandler: Can't read a file : android.util.MalformedJsonException: Use JsonReader.setLenient(true) to accept malformed JSON at line 1 column 20
07-05 14:21:06.028   545 12409 I DownloadManager: in removeSpuriousFiles
07-05 14:21:06.114   545   548 D dalvikvm: GC_CONCURRENT freed 312K, 9% free 10781K/11719K, paused 2ms+4ms
07-05 14:21:06.165   545 12409 I DownloadManager: in removeSpuriousFiles, preserving file /data/data/com.android.providers.downloads/cache/metadata-409.htm
07-05 14:21:06.165   545 12409 I DownloadManager: in removeSpuriousFiles, preserving file /data/data/com.android.providers.downloads/cache/metadata-307.htm
07-05 14:21:06.165   545 12409 I DownloadManager: in removeSpuriousFiles, preserving file /data/data/com.android.providers.downloads/cache/metadata-1552.htm
07-05 14:21:06.169   545 12409 I DownloadManager: in removeSpuriousFiles, preserving file /data/data/com.android.providers.downloads/cache/metadata-50.htm
07-05 14:21:06.169   545 12409 I DownloadManager: in removeSpuriousFiles, preserving file /data/data/com.android.providers.downloads/cache/metadata-61.htm
07-05 14:21:06.169   545 12409 I DownloadManager: in removeSpuriousFiles, preserving file /data/data/com.android.providers.downloads/cache/metadata-83.htm
07-05 14:21:06.169   545 12409 I DownloadManager: in removeSpuriousFiles, preserving file /data/data/com.android.providers.downloads/cache/metadata-263.htm
07-05 14:21:06.169   545 12409 I DownloadManager: in removeSpuriousFiles, preserving file /data/data/com.android.providers.downloads/cache/metadata-208.htm
07-05 14:21:06.169   545 12409 I DownloadManager: in removeSpuriousFiles, preserving file /data/data/com.android.providers.downloads/cache/metadata-300.htm
07-05 14:21:06.169   545 12409 I DownloadManager: in removeSpuriousFiles, preserving file /data/data/com.android.providers.downloads/cache/metadata-350.htm
07-05 14:21:06.169   545 12409 I DownloadManager: in removeSpuriousFiles, preserving file /data/data/com.android.providers.downloads/cache/metadata-403.htm
07-05 14:21:06.169   545 12409 I DownloadManager: in removeSpuriousFiles, preserving file /data/data/com.android.providers.downloads/cache/metadata-132.htm
07-05 14:21:06.169   545 12409 I DownloadManager: in removeSpuriousFiles, preserving file /data/data/com.android.providers.downloads/cache/metadata-468.htm
07-05 14:21:06.169   545 12409 I DownloadManager: in removeSpuriousFiles, preserving file /data/data/com.android.providers.downloads/cache/metadata-227.htm
07-05 14:21:06.173   545 12409 I DownloadManager: in removeSpuriousFiles, preserving file /data/data/com.android.providers.downloads/cache/metadata-2553.htm
07-05 14:21:06.173   545 12409 I DownloadManager: in removeSpuriousFiles, preserving file /data/data/com.android.providers.downloads/cache/metadata-157.htm
07-05 14:21:06.173   545 12409 I DownloadManager: in removeSpuriousFiles, preserving file /data/data/com.android.providers.downloads/cache/metadata-351.htm
07-05 14:21:06.173   545 12409 I DownloadManager: in removeSpuriousFiles, preserving file /data/data/com.android.providers.downloads/cache/metadata-329.htm
07-05 14:21:06.173   545 12409 I DownloadManager: in removeSpuriousFiles, preserving file /data/data/com.android.providers.downloads/cache/metadata-249.htm
07-05 14:21:06.173   545 12409 I DownloadManager: in removeSpuriousFiles, preserving file /data/data/com.android.providers.downloads/cache/metadata-488.htm
07-05 14:21:06.173   545 12409 I DownloadManager: in removeSpuriousFiles, preserving file /data/data/com.android.providers.downloads/cache/metadata-284.htm
07-05 14:21:06.173   545 12409 I DownloadManager: in removeSpuriousFiles, preserving file /data/data/com.android.providers.downloads/cache/metadata-171.htm
07-05 14:21:06.173   545 12409 I DownloadManager: in removeSpuriousFiles, preserving file /data/data/com.android.providers.downloads/cache/metadata-306.htm
07-05 14:21:06.173   545 12409 I DownloadManager: in removeSpuriousFiles, preserving file /data/data/com.android.providers.downloads/cache/metadata-198.htm
07-05 14:21:06.176   545 12409 I DownloadManager: in removeSpuriousFiles, preserving file /data/data/com.android.providers.downloads/cache/metadata-147.htm
07-05 14:21:06.176   545 12409 I DownloadManager: in removeSpuriousFiles, preserving file /data/data/com.android.providers.downloads/cache/metadata-340.htm
07-05 14:21:06.176   545 12409 I DownloadManager: in removeSpuriousFiles, preserving file /data/data/com.android.providers.downloads/cache/metadata-262.htm
07-05 14:21:06.176   545 12409 I DownloadManager: in removeSpuriousFiles, preserving file /data/data/com.android.providers.downloads/cache/metadata-604.htm
07-05 14:21:06.176   545 12409 I DownloadManager: in removeSpuriousFiles, preserving file /data/data/com.android.providers.downloads/cache/metadata-88.htm
07-05 14:21:06.176   545 12409 I DownloadManager: in removeSpuriousFiles, preserving file /data/data/com.android.providers.downloads/cache/metadata-197.htm
07-05 14:21:06.176   545 12409 I DownloadManager: in removeSpuriousFiles, preserving file /data/data/com.android.providers.downloads/cache/metadata-359.htm
07-05 14:21:06.176   545 12409 I DownloadManager: in removeSpuriousFiles, preserving file /data/data/com.android.providers.downloads/cache/metadata-1355.htm
07-05 14:21:06.176   545 12409 I DownloadManager: in removeSpuriousFiles, preserving file /data/data/com.android.providers.downloads/cache/metadata-101.htm
07-05 14:21:06.176   545 12409 I DownloadManager: in removeSpuriousFiles, preserving file /data/data/com.android.providers.downloads/cache/metadata-268.htm
07-05 14:21:06.180   545 12409 I DownloadManager: in removeSpuriousFiles, preserving file /data/data/com.android.providers.downloads/cache/metadata-331.htm
07-05 14:21:06.180   545 12409 I DownloadManager: in removeSpuriousFiles, preserving file /data/data/com.android.providers.downloads/cache/metadata-159.htm
07-05 14:21:06.180   545 12409 I DownloadManager: in removeSpuriousFiles, preserving file /data/data/com.android.providers.downloads/cache/metadata-87.htm
07-05 14:21:06.180   545 12409 I DownloadManager: in removeSpuriousFiles, preserving file /data/data/com.android.providers.downloads/cache/metadata-1225.htm
07-05 14:21:06.180   545 12409 I DownloadManager: in removeSpuriousFiles, preserving file /data/data/com.android.providers.downloads/cache/metadata-80.htm
07-05 14:21:06.180   545 12409 I DownloadManager: in removeSpuriousFiles, preserving file /data/data/com.android.providers.downloads/cache/metadata-573.htm
07-05 14:21:06.180   545 12409 I DownloadManager: in removeSpuriousFiles, preserving file /data/data/com.android.providers.downloads/cache/metadata-261.htm
07-05 14:21:06.180   545 12409 I DownloadManager: in removeSpuriousFiles, preserving file /data/data/com.android.providers.downloads/cache/metadata-344.htm
07-05 14:21:06.184   545 12409 I DownloadManager: in removeSpuriousFiles, preserving file /data/data/com.android.providers.downloads/cache/metadata-347.htm
07-05 14:21:06.184   545 12409 I DownloadManager: in removeSpuriousFiles, preserving file /data/data/com.android.providers.downloads/cache/metadata-1298.htm
07-05 14:21:06.184   545 12409 I DownloadManager: in removeSpuriousFiles, preserving file /data/data/com.android.providers.downloads/cache/metadata-1629.htm
07-05 14:21:06.184   545 12409 I DownloadManager: in removeSpuriousFiles, preserving file /data/data/com.android.providers.downloads/cache/metadata-103.htm
07-05 14:21:06.184   545 12409 I DownloadManager: in removeSpuriousFiles, preserving file /data/data/com.android.providers.downloads/cache/metadata-483.htm
07-05 14:21:06.184   545 12409 I DownloadManager: in removeSpuriousFiles, preserving file /data/data/com.android.providers.downloads/cache/metadata-332.htm
07-05 14:21:06.184   545 12409 I DownloadManager: in removeSpuriousFiles, preserving file /data/data/com.android.providers.downloads/cache/metadata-250.htm
07-05 14:21:06.184   545 12409 I DownloadManager: in removeSpuriousFiles, preserving file /data/data/com.android.providers.downloads/cache/metadata-856.htm
07-05 14:21:06.192   545 12409 I DownloadManager: in removeSpuriousFiles, preserving file /data/data/com.android.providers.downloads/cache/metadata-176.htm
07-05 14:21:06.192   545 12409 I DownloadManager: in removeSpuriousFiles, preserving file /data/data/com.android.providers.downloads/cache/metadata-96.htm
07-05 14:21:06.192   545 12409 I DownloadManager: in removeSpuriousFiles, preserving file /data/data/com.android.providers.downloads/cache/metadata-578.htm
07-05 14:21:06.192   545 12409 I DownloadManager: in removeSpuriousFiles, preserving file /data/data/com.android.providers.downloads/cache/metadata-982.htm
07-05 14:21:06.192   545 12409 I DownloadManager: in removeSpuriousFiles, preserving file /data/data/com.android.providers.downloads/cache/metadata-310.htm
07-05 14:21:06.192   545 12409 I DownloadManager: in removeSpuriousFiles, preserving file /data/data/com.android.providers.downloads/cache/metadata-1515.htm
07-05 14:21:06.192   545 12409 I DownloadManager: in removeSpuriousFiles, preserving file /data/data/com.android.providers.downloads/cache/metadata-482.htm
07-05 14:21:06.196   545 12409 I DownloadManager: in removeSpuriousFiles, preserving file /data/data/com.android.providers.downloads/cache/metadata-1508.htm
07-05 14:21:06.196   545 12409 I DownloadManager: in removeSpuriousFiles, preserving file /data/data/com.android.providers.downloads/cache/metadata-660.htm
07-05 14:21:06.196   545 12409 I DownloadManager: in removeSpuriousFiles, preserving file /data/data/com.android.providers.downloads/cache/metadata-303.htm
07-05 14:21:06.196   545 12409 I DownloadManager: in removeSpuriousFiles, preserving file /data/data/com.android.providers.downloads/cache/metadata-635.htm
07-05 14:21:06.196   545 12409 I DownloadManager: in removeSpuriousFiles, preserving file /data/data/com.android.providers.downloads/cache/metadata-1375.htm
07-05 14:21:06.196   545 12409 I DownloadManager: in removeSpuriousFiles, preserving file /data/data/com.android.providers.downloads/cache/metadata-1074.htm
07-05 14:21:06.200   545 12409 I DownloadManager: in removeSpuriousFiles, preserving file /data/data/com.android.providers.downloads/cache/metadata-1258.htm
07-05 14:21:06.216   545 12409 I DownloadManager: in removeSpuriousFiles, preserving file /data/data/com.android.providers.downloads/cache/metadata-220.htm
07-05 14:21:06.216   545 12409 I DownloadManager: in removeSpuriousFiles, preserving file /data/data/com.android.providers.downloads/cache/metadata-1802.htm
07-05 14:21:06.216   545 12409 I DownloadManager: in removeSpuriousFiles, preserving file /data/data/com.android.providers.downloads/cache/metadata-387.htm
07-05 14:21:06.216   545 12409 I DownloadManager: in removeSpuriousFiles, preserving file /data/data/com.android.providers.downloads/cache/metadata-298.htm
07-05 14:21:06.216   545 12409 I DownloadManager: in removeSpuriousFiles, preserving file /data/data/com.android.providers.downloads/cache/metadata-1514.htm
07-05 14:21:06.216   545 12409 I DownloadManager: in removeSpuriousFiles, preserving file /data/data/com.android.providers.downloads/cache/metadata-806.htm
07-05 14:21:06.216   545 12409 I DownloadManager: in removeSpuriousFiles, preserving file /data/data/com.android.providers.downloads/cache/metadata-1241.htm
07-05 14:21:06.219   545 12409 I DownloadManager: in removeSpuriousFiles, preserving file /data/data/com.android.providers.downloads/cache/metadata-322.htm
07-05 14:21:06.219   545 12409 I DownloadManager: in removeSpuriousFiles, preserving file /data/data/com.android.providers.downloads/cache/metadata-1367.htm
07-05 14:21:06.223   545 12409 I DownloadManager: in removeSpuriousFiles, preserving file /data/data/com.android.providers.downloads/cache/metadata-1505.htm
07-05 14:21:06.227   545 12409 I DownloadManager: in removeSpuriousFiles, preserving file /data/data/com.android.providers.downloads/cache/metadata-108.htm
07-05 14:21:06.227   545 12409 I DownloadManager: in removeSpuriousFiles, preserving file /data/data/com.android.providers.downloads/cache/metadata-544.htm
07-05 14:21:06.227   545 12409 I DownloadManager: in removeSpuriousFiles, preserving file /data/data/com.android.providers.downloads/cache/metadata-937.htm
07-05 14:21:06.231   545 12409 I DownloadManager: in removeSpuriousFiles, preserving file /data/data/com.android.providers.downloads/cache/metadata-2787.htm
07-05 14:21:06.231   545 12409 I DownloadManager: in removeSpuriousFiles, preserving file /data/data/com.android.providers.downloads/cache/metadata-288.htm
07-05 14:21:06.235   545 12409 I DownloadManager: in removeSpuriousFiles, preserving file /data/data/com.android.providers.downloads/cache/metadata-883.htm
07-05 14:21:06.235   545 12409 I DownloadManager: in removeSpuriousFiles, preserving file /data/data/com.android.providers.downloads/cache/metadata-502.htm
07-05 14:21:06.235   545 12409 I DownloadManager: in removeSpuriousFiles, preserving file /data/data/com.android.providers.downloads/cache/metadata-516.htm
07-05 14:21:06.239   545 12409 I DownloadManager: in removeSpuriousFiles, preserving file /data/data/com.android.providers.downloads/cache/metadata-2058.htm
07-05 14:21:06.243   545 12409 I DownloadManager: in removeSpuriousFiles, preserving file /data/data/com.android.providers.downloads/cache/metadata-686.htm
07-05 14:21:06.243   545 12409 I DownloadManager: in removeSpuriousFiles, preserving file /data/data/com.android.providers.downloads/cache/metadata-906.htm
07-05 14:21:06.243   545 12409 I DownloadManager: in removeSpuriousFiles, preserving file /data/data/com.android.providers.downloads/cache/metadata-367.htm
07-05 14:21:06.243   545 12409 I DownloadManager: in removeSpuriousFiles, preserving file /data/data/com.android.providers.downloads/cache/metadata-92.htm
07-05 14:21:06.251   545 12409 I DownloadManager: in removeSpuriousFiles, preserving file /data/data/com.android.providers.downloads/cache/metadata-1020.htm
07-05 14:21:06.251   545 12409 I DownloadManager: in removeSpuriousFiles, preserving file /data/data/com.android.providers.downloads/cache/metadata-1040.htm
07-05 14:21:06.251   545 12409 I DownloadManager: in removeSpuriousFiles, preserving file /data/data/com.android.providers.downloads/cache/metadata-985.htm
07-05 14:21:06.266   545 12409 I DownloadManager: in removeSpuriousFiles, preserving file /data/data/com.android.providers.downloads/cache/metadata-1472.htm
07-05 14:21:06.270   545 12409 I DownloadManager: in removeSpuriousFiles, preserving file /data/data/com.android.providers.downloads/cache/metadata-704.htm
07-05 14:21:06.270   545 12409 I DownloadManager: in removeSpuriousFiles, preserving file /data/data/com.android.providers.downloads/cache/metadata-2080.htm
07-05 14:21:06.270   545 12409 I DownloadManager: in removeSpuriousFiles, preserving file /data/data/com.android.providers.downloads/cache/metadata-2185.htm
07-05 14:21:06.270   545 12409 I DownloadManager: in removeSpuriousFiles, preserving file /data/data/com.android.providers.downloads/cache/metadata-1187.htm
07-05 14:21:06.274   545   548 D dalvikvm: GC_CONCURRENT freed 457K, 8% free 10812K/11719K, paused 2ms+2ms
07-05 14:21:06.278   545 12409 I DownloadManager: in removeSpuriousFiles, preserving file /data/data/com.android.providers.downloads/cache/metadata-1249.htm
07-05 14:21:06.278   545 12409 I DownloadManager: in removeSpuriousFiles, preserving file /data/data/com.android.providers.downloads/cache/metadata-552.htm
07-05 14:21:06.278   545 12409 I DownloadManager: in removeSpuriousFiles, preserving file /data/data/com.android.providers.downloads/cache/metadata-684.htm
07-05 14:21:06.294   545 12409 I DownloadManager: in removeSpuriousFiles, preserving file /data/data/com.android.providers.downloads/cache/metadata-1947.htm
07-05 14:21:06.294   545 12409 I DownloadManager: in removeSpuriousFiles, preserving file /data/data/com.android.providers.downloads/cache/metadata-963.htm
07-05 14:21:06.294   545 12409 I DownloadManager: in removeSpuriousFiles, preserving file /data/data/com.android.providers.downloads/cache/metadata-1332.htm
07-05 14:21:06.298   545 12409 I DownloadManager: in removeSpuriousFiles, preserving file /data/data/com.android.providers.downloads/cache/metadata-1634.htm
07-05 14:21:06.298   545 12409 I DownloadManager: in removeSpuriousFiles, preserving file /data/data/com.android.providers.downloads/cache/metadata-984.htm
07-05 14:21:06.298   545 12409 I DownloadManager: in removeSpuriousFiles, preserving file /data/data/com.android.providers.downloads/cache/metadata-745.htm
07-05 14:21:06.301   545 12409 I DownloadManager: in removeSpuriousFiles, preserving file /data/data/com.android.providers.downloads/cache/metadata-620.htm
07-05 14:21:06.305   545 12409 I DownloadManager: in removeSpuriousFiles, preserving file /data/data/com.android.providers.downloads/cache/metadata-716.htm
07-05 14:21:06.305   545 12409 I DownloadManager: in removeSpuriousFiles, preserving file /data/data/com.android.providers.downloads/cache/metadata-243.htm
07-05 14:21:06.309   545 12409 I DownloadManager: in removeSpuriousFiles, preserving file /data/data/com.android.providers.downloads/cache/metadata-1754.htm
07-05 14:21:06.309   545 12409 I DownloadManager: in removeSpuriousFiles, preserving file /data/data/com.android.providers.downloads/cache/metadata-1270.htm
07-05 14:21:06.309   545 12409 I DownloadManager: in removeSpuriousFiles, preserving file /data/data/com.android.providers.downloads/cache/metadata-766.htm
07-05 14:21:06.313   545 12409 I DownloadManager: in removeSpuriousFiles, preserving file /data/data/com.android.providers.downloads/cache/metadata-323.htm
07-05 14:21:06.313   545 12409 I DownloadManager: in removeSpuriousFiles, preserving file /data/data/com.android.providers.downloads/cache/metadata-33.htm
07-05 14:21:06.313   545 12409 I DownloadManager: in removeSpuriousFiles, preserving file /data/data/com.android.providers.downloads/cache/metadata-3.htm
07-05 14:21:06.313   545 12409 I DownloadManager: in removeSpuriousFiles, preserving file /data/data/com.android.providers.downloads/cache/metadata-27.htm
07-05 14:21:06.313   545 12409 I DownloadManager: in removeSpuriousFiles, preserving file /data/data/com.android.providers.downloads/cache/metadata-14.htm
07-05 14:21:06.313   545 12409 I DownloadManager: in removeSpuriousFiles, preserving file /data/data/com.android.providers.downloads/cache/metadata-274.htm
07-05 14:21:06.313   545 12409 I DownloadManager: in removeSpuriousFiles, preserving file /data/data/com.android.providers.downloads/cache/metadata-238.htm
07-05 14:21:06.313   545 12409 I DownloadManager: in removeSpuriousFiles, preserving file /data/data/com.android.providers.downloads/cache/metadata-30.htm
07-05 14:21:06.313   545 12409 I DownloadManager: in removeSpuriousFiles, preserving file /data/data/com.android.providers.downloads/cache/metadata-155.htm
07-05 14:21:06.313   545 12409 I DownloadManager: in removeSpuriousFiles, preserving file /data/data/com.android.providers.downloads/cache/metadata-304.htm
07-05 14:21:06.313   545 12409 I DownloadManager: in removeSpuriousFiles, preserving file /data/data/com.android.providers.downloads/cache/metadata-373.htm
07-05 14:21:06.313   545 12409 I DownloadManager: in removeSpuriousFiles, preserving file /data/data/com.android.providers.downloads/cache/metadata-137.htm
07-05 14:21:06.313   545 12409 I DownloadManager: in removeSpuriousFiles, preserving file /data/data/com.android.providers.downloads/cache/metadata-318.htm
07-05 14:21:06.313   545 12409 I DownloadManager: in removeSpuriousFiles, preserving file /data/data/com.android.providers.downloads/cache/metadata-65.htm
07-05 14:21:06.313   545 12409 I DownloadManager: in removeSpuriousFiles, preserving file /data/data/com.android.providers.downloads/cache/metadata-369.htm
07-05 14:21:06.317   545 12409 I DownloadManager: in removeSpuriousFiles, preserving file /data/data/com.android.providers.downloads/cache/metadata-66.htm
07-05 14:21:06.317   545 12409 I DownloadManager: in removeSpuriousFiles, preserving file /data/data/com.android.providers.downloads/cache/metadata-162.htm
07-05 14:21:06.317   545 12409 I DownloadManager: in removeSpuriousFiles, preserving file /data/data/com.android.providers.downloads/cache/metadata-424.htm
07-05 14:21:06.317   545 12409 I DownloadManager: in removeSpuriousFiles, preserving file /data/data/com.android.providers.downloads/cache/metadata-242.htm
07-05 14:21:06.317   545 12409 I DownloadManager: in removeSpuriousFiles, preserving file /data/data/com.android.providers.downloads/cache/metadata-1519.htm
07-05 14:21:06.317   545 12409 I DownloadManager: in removeSpuriousFiles, preserving file /data/data/com.android.providers.downloads/cache/metadata-266.htm
07-05 14:21:06.317   545 12409 I DownloadManager: in removeSpuriousFiles, preserving file /data/data/com.android.providers.downloads/cache/metadata-191.htm
07-05 14:21:06.317   545 12409 I DownloadManager: in removeSpuriousFiles, preserving file /data/data/com.android.providers.downloads/cache/metadata-152.htm
07-05 14:21:06.317   545 12409 I DownloadManager: in removeSpuriousFiles, preserving file /data/data/com.android.providers.downloads/cache/metadata-275.htm
07-05 14:21:06.317   545 12409 I DownloadManager: in removeSpuriousFiles, preserving file /data/data/com.android.providers.downloads/cache/metadata-392.htm
07-05 14:21:06.317   545 12409 I DownloadManager: in removeSpuriousFiles, preserving file /data/data/com.android.providers.downloads/cache/metadata-451.htm
07-05 14:21:06.321   545 12409 I DownloadManager: in removeSpuriousFiles, preserving file /data/data/com.android.providers.downloads/cache/metadata-128.htm
07-05 14:21:06.321   545 12409 I DownloadManager: in removeSpuriousFiles, preserving file /data/data/com.android.providers.downloads/cache/metadata-2251.htm
07-05 14:21:06.321   545 12409 I DownloadManager: in removeSpuriousFiles, preserving file /data/data/com.android.providers.downloads/cache/metadata-321.htm
07-05 14:21:06.321   545 12409 I DownloadManager: in removeSpuriousFiles, preserving file /data/data/com.android.providers.downloads/cache/metadata-404.htm
07-05 14:21:06.321   545 12409 I DownloadManager: in removeSpuriousFiles, preserving file /data/data/com.android.providers.downloads/cache/metadata-333.htm
07-05 14:21:06.321   545 12409 I DownloadManager: in removeSpuriousFiles, preserving file /data/data/com.android.providers.downloads/cache/metadata-1123.htm
07-05 14:21:06.321   545 12409 I DownloadManager: in removeSpuriousFiles, preserving file /data/data/com.android.providers.downloads/cache/metadata-271.htm
07-05 14:21:06.321   545 12409 I DownloadManager: in removeSpuriousFiles, preserving file /data/data/com.android.providers.downloads/cache/metadata-381.htm
07-05 14:21:06.321   545 12409 I DownloadManager: in removeSpuriousFiles, preserving file /data/data/com.android.providers.downloads/cache/metadata-357.htm
07-05 14:21:06.321   545 12409 I DownloadManager: in removeSpuriousFiles, preserving file /data/data/com.android.providers.downloads/cache/metadata-465.htm
07-05 14:21:06.325   545 12409 I DownloadManager: in removeSpuriousFiles, preserving file /data/data/com.android.providers.downloads/cache/metadata-390.htm
07-05 14:21:06.325   545 12409 I DownloadManager: in removeSpuriousFiles, preserving file /data/data/com.android.providers.downloads/cache/metadata-1614.htm
07-05 14:21:06.325   545 12409 I DownloadManager: in removeSpuriousFiles, preserving file /data/data/com.android.providers.downloads/cache/metadata-1186.htm
07-05 14:21:06.325   545 12409 I DownloadManager: in removeSpuriousFiles, preserving file /data/data/com.android.providers.downloads/cache/metadata-313.htm
07-05 14:21:06.325   545 12409 I DownloadManager: in removeSpuriousFiles, preserving file /data/data/com.android.providers.downloads/cache/metadata-429.htm
07-05 14:21:06.325   545 12409 I DownloadManager: in removeSpuriousFiles, preserving file /data/data/com.android.providers.downloads/cache/metadata-618.htm
07-05 14:21:06.325   545 12409 I DownloadManager: in removeSpuriousFiles, preserving file /data/data/com.android.providers.downloads/cache/metadata-380.htm
07-05 14:21:06.325   545 12409 I DownloadManager: in removeSpuriousFiles, preserving file /data/data/com.android.providers.downloads/cache/metadata-1190.htm
07-05 14:21:06.329   545 12409 I DownloadManager: in removeSpuriousFiles, preserving file /data/data/com.android.providers.downloads/cache/metadata-1795.htm
07-05 14:21:06.329   545 12409 I DownloadManager: in removeSpuriousFiles, preserving file /data/data/com.android.providers.downloads/cache/metadata-343.htm
07-05 14:21:06.329   545 12409 I DownloadManager: in removeSpuriousFiles, preserving file /data/data/com.android.providers.downloads/cache/metadata-500.htm
07-05 14:21:06.329   545 12409 I DownloadManager: in removeSpuriousFiles, preserving file /data/data/com.android.providers.downloads/cache/metadata-459.htm
07-05 14:21:06.329   545 12409 I DownloadManager: in removeSpuriousFiles, preserving file /data/data/com.android.providers.downloads/cache/metadata-411.htm
07-05 14:21:06.329   545 12409 I DownloadManager: in removeSpuriousFiles, preserving file /data/data/com.android.providers.downloads/cache/metadata-461.htm
07-05 14:21:06.329   545 12409 I DownloadManager: in removeSpuriousFiles, preserving file /data/data/com.android.providers.downloads/cache/metadata-239.htm
07-05 14:21:06.329   545 12409 I DownloadManager: in removeSpuriousFiles, preserving file /data/data/com.android.providers.downloads/cache/metadata-798.htm
07-05 14:21:06.333   545 12409 I DownloadManager: in removeSpuriousFiles, preserving file /data/data/com.android.providers.downloads/cache/metadata-203.htm
07-05 14:21:06.333   545 12409 I DownloadManager: in removeSpuriousFiles, preserving file /data/data/com.android.providers.downloads/cache/metadata-296.htm
07-05 14:21:06.333   545 12409 I DownloadManager: in removeSpuriousFiles, preserving file /data/data/com.android.providers.downloads/cache/metadata-441.htm
07-05 14:21:06.333   545 12409 I DownloadManager: in removeSpuriousFiles, preserving file /data/data/com.android.providers.downloads/cache/metadata-311.htm
07-05 14:21:06.333   545 12409 I DownloadManager: in removeSpuriousFiles, preserving file /data/data/com.android.providers.downloads/cache/metadata-494.htm
07-05 14:21:06.333   545 12409 I DownloadManager: in removeSpuriousFiles, preserving file /data/data/com.android.providers.downloads/cache/metadata-401.htm
07-05 14:21:06.333   545 12409 I DownloadManager: in removeSpuriousFiles, preserving file /data/data/com.android.providers.downloads/cache/metadata-354.htm
07-05 14:21:06.333   545 12409 I DownloadManager: in removeSpuriousFiles, preserving file /data/data/com.android.providers.downloads/cache/metadata-1975.htm
07-05 14:21:06.337   545 12409 I DownloadManager: in removeSpuriousFiles, preserving file /data/data/com.android.providers.downloads/cache/metadata-979.htm
07-05 14:21:06.337   545 12409 I DownloadManager: in removeSpuriousFiles, preserving file /data/data/com.android.providers.downloads/cache/metadata-408.htm
07-05 14:21:06.337   545 12409 I DownloadManager: in removeSpuriousFiles, preserving file /data/data/com.android.providers.downloads/cache/metadata-1921.htm
07-05 14:21:06.337   545 12409 I DownloadManager: in removeSpuriousFiles, preserving file /data/data/com.android.providers.downloads/cache/metadata-486.htm
07-05 14:21:06.337   545 12409 I DownloadManager: in removeSpuriousFiles, preserving file /data/data/com.android.providers.downloads/cache/metadata-440.htm
07-05 14:21:06.337   545 12409 I DownloadManager: in removeSpuriousFiles, preserving file /data/data/com.android.providers.downloads/cache/metadata-517.htm
07-05 14:21:06.337   545 12409 I DownloadManager: in removeSpuriousFiles, preserving file /data/data/com.android.providers.downloads/cache/metadata-548.htm
07-05 14:21:06.341   545 12409 I DownloadManager: in removeSpuriousFiles, preserving file /data/data/com.android.providers.downloads/cache/metadata-1373.htm
07-05 14:21:06.341   545 12409 I DownloadManager: in removeSpuriousFiles, preserving file /data/data/com.android.providers.downloads/cache/metadata-1174.htm
07-05 14:21:06.341   545 12409 I DownloadManager: in removeSpuriousFiles, preserving file /data/data/com.android.providers.downloads/cache/metadata-286.htm
07-05 14:21:06.341   545 12409 I DownloadManager: in removeSpuriousFiles, preserving file /data/data/com.android.providers.downloads/cache/metadata-1261.htm
07-05 14:21:06.341   545 12409 I DownloadManager: in removeSpuriousFiles, preserving file /data/data/com.android.providers.downloads/cache/metadata-700.htm
07-05 14:21:06.344   545 12409 I DownloadManager: in removeSpuriousFiles, preserving file /data/data/com.android.providers.downloads/cache/metadata-426.htm
07-05 14:21:06.344   545 12409 I DownloadManager: in removeSpuriousFiles, preserving file /data/data/com.android.providers.downloads/cache/metadata-1256.htm
07-05 14:21:06.344   545 12409 I DownloadManager: in removeSpuriousFiles, preserving file /data/data/com.android.providers.downloads/cache/metadata-1773.htm
07-05 14:21:06.344   545 12409 I DownloadManager: in removeSpuriousFiles, preserving file /data/data/com.android.providers.downloads/cache/metadata-589.htm
07-05 14:21:06.344   545 12409 I DownloadManager: in removeSpuriousFiles, preserving file /data/data/com.android.providers.downloads/cache/metadata-1446.htm
07-05 14:21:06.348   545 12409 I DownloadManager: in removeSpuriousFiles, preserving file /data/data/com.android.providers.downloads/cache/metadata-655.htm
07-05 14:21:06.348   545 12409 I DownloadManager: in removeSpuriousFiles, preserving file /data/data/com.android.providers.downloads/cache/metadata-860.htm
07-05 14:21:06.348   545 12409 I DownloadManager: in removeSpuriousFiles, preserving file /data/data/com.android.providers.downloads/cache/metadata-1513.htm
07-05 14:21:06.348   545 12409 I DownloadManager: in removeSpuriousFiles, preserving file /data/data/com.android.providers.downloads/cache/metadata-777.htm
07-05 14:21:06.348   545 12409 I DownloadManager: in removeSpuriousFiles, preserving file /data/data/com.android.providers.downloads/cache/metadata-453.htm
07-05 14:21:06.348   545 12409 I DownloadManager: in removeSpuriousFiles, preserving file /data/data/com.android.providers.downloads/cache/metadata-432.htm
07-05 14:21:06.352   545 12409 I DownloadManager: in removeSpuriousFiles, preserving file /data/data/com.android.providers.downloads/cache/metadata-613.htm
07-05 14:21:06.352   545 12409 I DownloadManager: in removeSpuriousFiles, preserving file /data/data/com.android.providers.downloads/cache/metadata-1464.htm
07-05 14:21:06.352   545 12409 I DownloadManager: in removeSpuriousFiles, preserving file /data/data/com.android.providers.downloads/cache/metadata-717.htm
07-05 14:21:06.352   545 12409 I DownloadManager: in removeSpuriousFiles, preserving file /data/data/com.android.providers.downloads/cache/metadata-508.htm
07-05 14:21:06.352   545 12409 I DownloadManager: in removeSpuriousFiles, preserving file /data/data/com.android.providers.downloads/cache/metadata-1120.htm
07-05 14:21:06.352   545 12409 I DownloadManager: in removeSpuriousFiles, preserving file /data/data/com.android.providers.downloads/cache/metadata-1410.htm
07-05 14:21:06.356   545 12409 I DownloadManager: in removeSpuriousFiles, preserving file /data/data/com.android.providers.downloads/cache/metadata-518.htm
07-05 14:21:06.356   545 12409 I DownloadManager: in removeSpuriousFiles, preserving file /data/data/com.android.providers.downloads/cache/metadata-272.htm
07-05 14:21:06.356   545 12409 I DownloadManager: in removeSpuriousFiles, preserving file /data/data/com.android.providers.downloads/cache/metadata-370.htm
07-05 14:21:06.356   545 12409 I DownloadManager: in removeSpuriousFiles, preserving file /data/data/com.android.providers.downloads/cache/metadata-146.htm
07-05 14:21:06.360   545 12409 I DownloadManager: in removeSpuriousFiles, preserving file /data/data/com.android.providers.downloads/cache/metadata-356.htm
07-05 14:21:06.360   545 12409 I DownloadManager: in removeSpuriousFiles, preserving file /data/data/com.android.providers.downloads/cache/metadata-998.htm
07-05 14:21:06.360   545 12409 I DownloadManager: in removeSpuriousFiles, preserving file /data/data/com.android.providers.downloads/cache/metadata-1611.htm
07-05 14:21:06.360   545 12409 I DownloadManager: in removeSpuriousFiles, preserving file /data/data/com.android.providers.downloads/cache/metadata-627.htm
07-05 14:21:06.360   545 12409 I DownloadManager: in removeSpuriousFiles, preserving file /data/data/com.android.providers.downloads/cache/metadata-1165.htm
07-05 14:21:06.364   545 12409 I DownloadManager: in removeSpuriousFiles, preserving file /data/data/com.android.providers.downloads/cache/metadata-1268.htm
07-05 14:21:06.364   545 12409 I DownloadManager: in removeSpuriousFiles, preserving file /data/data/com.android.providers.downloads/cache/metadata-1084.htm
07-05 14:21:06.364   545 12409 I DownloadManager: in removeSpuriousFiles, preserving file /data/data/com.android.providers.downloads/cache/metadata-119.htm
07-05 14:21:06.364   545 12409 I DownloadManager: in removeSpuriousFiles, preserving file /data/data/com.android.providers.downloads/cache/metadata-1213.htm
07-05 14:21:06.364   545 12409 I DownloadManager: in removeSpuriousFiles, preserving file /data/data/com.android.providers.downloads/cache/metadata-1404.htm
07-05 14:21:06.368   545 12409 I DownloadManager: in removeSpuriousFiles, preserving file /data/data/com.android.providers.downloads/cache/metadata-1459.htm
07-05 14:21:06.368   545 12409 I DownloadManager: in removeSpuriousFiles, preserving file /data/data/com.android.providers.downloads/cache/metadata-977.htm
07-05 14:21:06.368   545 12409 I DownloadManager: in removeSpuriousFiles, preserving file /data/data/com.android.providers.downloads/cache/metadata-2089.htm
07-05 14:21:06.368   545 12409 I DownloadManager: in removeSpuriousFiles, preserving file /data/data/com.android.providers.downloads/cache/metadata-537.htm
07-05 14:21:06.372   545 12409 I DownloadManager: in removeSpuriousFiles, preserving file /data/data/com.android.providers.downloads/cache/metadata-1413.htm
07-05 14:21:06.372   545 12409 I DownloadManager: in removeSpuriousFiles, preserving file /data/data/com.android.providers.downloads/cache/metadata-870.htm
07-05 14:21:06.372   545 12409 I DownloadManager: in removeSpuriousFiles, preserving file /data/data/com.android.providers.downloads/cache/metadata-1131.htm
07-05 14:21:06.376   545 12409 I DownloadManager: in removeSpuriousFiles, preserving file /data/data/com.android.providers.downloads/cache/metadata-1762.htm
07-05 14:21:06.376   545 12409 I DownloadManager: in removeSpuriousFiles, preserving file /data/data/com.android.providers.downloads/cache/metadata-460.htm
07-05 14:21:06.376   545 12409 I DownloadManager: in removeSpuriousFiles, preserving file /data/data/com.android.providers.downloads/cache/metadata-463.htm
07-05 14:21:06.376   545 12409 I DownloadManager: in removeSpuriousFiles, preserving file /data/data/com.android.providers.downloads/cache/metadata-1299.htm
07-05 14:21:06.384   545 12409 I DownloadManager: in removeSpuriousFiles, preserving file /data/data/com.android.providers.downloads/cache/metadata-853.htm
07-05 14:21:06.384   545 12409 I DownloadManager: in removeSpuriousFiles, preserving file /data/data/com.android.providers.downloads/cache/metadata-504.htm
07-05 14:21:06.384   545 12409 I DownloadManager: in removeSpuriousFiles, preserving file /data/data/com.android.providers.downloads/cache/metadata-617.htm
07-05 14:21:06.387   545 12409 I DownloadManager: in removeSpuriousFiles, preserving file /data/data/com.android.providers.downloads/cache/metadata-1161.htm
07-05 14:21:06.387   545 12409 I DownloadManager: in removeSpuriousFiles, preserving file /data/data/com.android.providers.downloads/cache/metadata-2086.htm
07-05 14:21:06.387   545 12409 I DownloadManager: in removeSpuriousFiles, preserving file /data/data/com.android.providers.downloads/cache/metadata-819.htm
07-05 14:21:06.387   545 12409 I DownloadManager: in removeSpuriousFiles, preserving file /data/data/com.android.providers.downloads/cache/metadata-621.htm
07-05 14:21:06.391   545 12409 I DownloadManager: in removeSpuriousFiles, preserving file /data/data/com.android.providers.downloads/cache/metadata-1671.htm
07-05 14:21:06.391   545 12409 I DownloadManager: in removeSpuriousFiles, preserving file /data/data/com.android.providers.downloads/cache/metadata-364.htm
07-05 14:21:06.391   545 12409 I DownloadManager: in removeSpuriousFiles, preserving file /data/data/com.android.providers.downloads/cache/metadata-478.htm
07-05 14:21:06.395   545 12409 I DownloadManager: in removeSpuriousFiles, preserving file /data/data/com.android.providers.downloads/cache/metadata.htm
07-05 14:21:06.395   545 12409 I DownloadManager: in removeSpuriousFiles, preserving file /data/data/com.android.providers.downloads/cache/metadata-178.htm
07-05 14:21:06.395   545 12409 I DownloadManager: in removeSpuriousFiles, preserving file /data/data/com.android.providers.downloads/cache/metadata-1428.htm
07-05 14:21:06.395   545 12409 I DownloadManager: in removeSpuriousFiles, preserving file /data/data/com.android.providers.downloads/cache/metadata-6.htm
07-05 14:21:06.395   545 12409 I DownloadManager: in removeSpuriousFiles, preserving file /data/data/com.android.providers.downloads/cache/metadata-167.htm
07-05 14:21:06.395   545 12409 I DownloadManager: in removeSpuriousFiles, preserving file /data/data/com.android.providers.downloads/cache/metadata-18.htm
07-05 14:21:06.395   545 12409 I DownloadManager: in removeSpuriousFiles, preserving file /data/data/com.android.providers.downloads/cache/metadata-213.htm
07-05 14:21:06.395   545 12409 I DownloadManager: in removeSpuriousFiles, preserving file /data/data/com.android.providers.downloads/cache/metadata-29.htm
07-05 14:21:06.395   545 12409 I DownloadManager: in removeSpuriousFiles, preserving file /data/data/com.android.providers.downloads/cache/metadata-438.htm
07-05 14:21:06.395   545 12409 I DownloadManager: in removeSpuriousFiles, preserving file /data/data/com.android.providers.downloads/cache/metadata-165.htm
07-05 14:21:06.395   545 12409 I DownloadManager: in removeSpuriousFiles, preserving file /data/data/com.android.providers.downloads/cache/metadata-338.htm
07-05 14:21:06.395   545 12409 I DownloadManager: in removeSpuriousFiles, preserving file /data/data/com.android.providers.downloads/cache/metadata-179.htm
07-05 14:21:06.395   545 12409 I DownloadManager: in removeSpuriousFiles, preserving file /data/data/com.android.providers.downloads/cache/metadata-204.htm
07-05 14:21:06.399   545 12409 I DownloadManager: in removeSpuriousFiles, preserving file /data/data/com.android.providers.downloads/cache/metadata-316.htm
07-05 14:21:06.399   545 12409 I DownloadManager: in removeSpuriousFiles, preserving file /data/data/com.android.providers.downloads/cache/metadata-287.htm
07-05 14:21:06.399   545 12409 I DownloadManager: in removeSpuriousFiles, preserving file /data/data/com.android.providers.downloads/cache/metadata-377.htm
07-05 14:21:06.399   545 12409 I DownloadManager: in removeSpuriousFiles, preserving file /data/data/com.android.providers.downloads/cache/metadata-86.htm
07-05 14:21:06.399   545 12409 I DownloadManager: in removeSpuriousFiles, preserving file /data/data/com.android.providers.downloads/cache/metadata-106.htm
07-05 14:21:06.399   545 12409 I DownloadManager: in removeSpuriousFiles, preserving file /data/data/com.android.providers.downloads/cache/metadata-330.htm
07-05 14:21:06.399   545 12409 I DownloadManager: in removeSpuriousFiles, preserving file /data/data/com.android.providers.downloads/cache/metadata-435.htm
07-05 14:21:06.399   545 12409 I DownloadManager: in removeSpuriousFiles, preserving file /data/data/com.android.providers.downloads/cache/metadata-396.htm
07-05 14:21:06.399   545 12409 I DownloadManager: in removeSpuriousFiles, preserving file /data/data/com.android.providers.downloads/cache/metadata-2141.htm
07-05 14:21:06.399   545 12409 I DownloadManager: in removeSpuriousFiles, preserving file /data/data/com.android.providers.downloads/cache/metadata-568.htm
07-05 14:21:06.399   545 12409 I DownloadManager: in removeSpuriousFiles, preserving file /data/data/com.android.providers.downloads/cache/metadata-189.htm
07-05 14:21:06.403   545 12409 I DownloadManager: in removeSpuriousFiles, preserving file /data/data/com.android.providers.downloads/cache/metadata-498.htm
07-05 14:21:06.403   545 12409 I DownloadManager: in removeSpuriousFiles, preserving file /data/data/com.android.providers.downloads/cache/metadata-228.htm
07-05 14:21:06.403   545 12409 I DownloadManager: in removeSpuriousFiles, preserving file /data/data/com.android.providers.downloads/cache/metadata-246.htm
07-05 14:21:06.403   545 12409 I DownloadManager: in removeSpuriousFiles, preserving file /data/data/com.android.providers.downloads/cache/metadata-173.htm
07-05 14:21:06.403   545 12409 I DownloadManager: in removeSpuriousFiles, preserving file /data/data/com.android.providers.downloads/cache/metadata-236.htm
07-05 14:21:06.403   545 12409 I DownloadManager: in removeSpuriousFiles, preserving file /data/data/com.android.providers.downloads/cache/metadata-346.htm
07-05 14:21:06.403   545 12409 I DownloadManager: in removeSpuriousFiles, preserving file /data/data/com.android.providers.downloads/cache/metadata-1835.htm
07-05 14:21:06.403   545 12409 I DownloadManager: in removeSpuriousFiles, preserving file /data/data/com.android.providers.downloads/cache/metadata-256.htm
07-05 14:21:06.403   545 12409 I DownloadManager: in removeSpuriousFiles, preserving file /data/data/com.android.providers.downloads/cache/metadata-1509.htm
07-05 14:21:06.407   545 12409 I DownloadManager: in removeSpuriousFiles, preserving file /data/data/com.android.providers.downloads/cache/metadata-472.htm
07-05 14:21:06.407   545 12409 I DownloadManager: in removeSpuriousFiles, preserving file /data/data/com.android.providers.downloads/cache/metadata-1144.htm
07-05 14:21:06.407   545 12409 I DownloadManager: in removeSpuriousFiles, preserving file /data/data/com.android.providers.downloads/cache/metadata-422.htm
07-05 14:21:06.407   545 12409 I DownloadManager: in removeSpuriousFiles, preserving file /data/data/com.android.providers.downloads/cache/metadata-1286.htm
07-05 14:21:06.407   545 12409 I DownloadManager: in removeSpuriousFiles, preserving file /data/data/com.android.providers.downloads/cache/metadata-382.htm
07-05 14:21:06.407   545 12409 I DownloadManager: in removeSpuriousFiles, preserving file /data/data/com.android.providers.downloads/cache/metadata-835.htm
07-05 14:21:06.407   545 12409 I DownloadManager: in removeSpuriousFiles, preserving file /data/data/com.android.providers.downloads/cache/metadata-154.htm
07-05 14:21:06.407   545 12409 I DownloadManager: in removeSpuriousFiles, preserving file /data/data/com.android.providers.downloads/cache/metadata-509.htm
07-05 14:21:06.407   545 12409 I DownloadManager: in removeSpuriousFiles, preserving file /data/data/com.android.providers.downloads/cache/metadata-473.htm
07-05 14:21:06.411   545 12409 I DownloadManager: in removeSpuriousFiles, preserving file /data/data/com.android.providers.downloads/cache/metadata-1531.htm
07-05 14:21:06.411   545 12409 I DownloadManager: in removeSpuriousFiles, preserving file /data/data/com.android.providers.downloads/cache/metadata-592.htm
07-05 14:21:06.411   545 12409 I DownloadManager: in removeSpuriousFiles, preserving file /data/data/com.android.providers.downloads/cache/metadata-358.htm
07-05 14:21:06.411   545 12409 I DownloadManager: in removeSpuriousFiles, preserving file /data/data/com.android.providers.downloads/cache/metadata-417.htm
07-05 14:21:06.411   545 12409 I DownloadManager: in removeSpuriousFiles, preserving file /data/data/com.android.providers.downloads/cache/metadata-190.htm
07-05 14:21:06.411   545 12409 I DownloadManager: in removeSpuriousFiles, preserving file /data/data/com.android.providers.downloads/cache/metadata-1018.htm
07-05 14:21:06.411   545 12409 I DownloadManager: in removeSpuriousFiles, preserving file /data/data/com.android.providers.downloads/cache/metadata-603.htm
07-05 14:21:06.411   545 12409 I DownloadManager: in removeSpuriousFiles, preserving file /data/data/com.android.providers.downloads/cache/metadata-264.htm
07-05 14:21:06.415   545 12409 I DownloadManager: in removeSpuriousFiles, preserving file /data/data/com.android.providers.downloads/cache/metadata-582.htm
07-05 14:21:06.415   545 12409 I DownloadManager: in removeSpuriousFiles, preserving file /data/data/com.android.providers.downloads/cache/metadata-1080.htm
07-05 14:21:06.415   545 12409 I DownloadManager: in removeSpuriousFiles, preserving file /data/data/com.android.providers.downloads/cache/metadata-406.htm
07-05 14:21:06.415   545 12409 I DownloadManager: in removeSpuriousFiles, preserving file /data/data/com.android.providers.downloads/cache/metadata-485.htm
07-05 14:21:06.415   545 12409 I DownloadManager: in removeSpuriousFiles, preserving file /data/data/com.android.providers.downloads/cache/metadata-1377.htm
07-05 14:21:06.415   545 12409 I DownloadManager: in removeSpuriousFiles, preserving file /data/data/com.android.providers.downloads/cache/metadata-469.htm
07-05 14:21:06.415   545 12409 I DownloadManager: in removeSpuriousFiles, preserving file /data/data/com.android.providers.downloads/cache/metadata-1524.htm
07-05 14:21:06.415   545 12409 I DownloadManager: in removeSpuriousFiles, preserving file /data/data/com.android.providers.downloads/cache/metadata-492.htm
07-05 14:21:06.419   545 12409 I DownloadManager: in removeSpuriousFiles, preserving file /data/data/com.android.providers.downloads/cache/metadata-622.htm
07-05 14:21:06.419   545 12409 I DownloadManager: in removeSpuriousFiles, preserving file /data/data/com.android.providers.downloads/cache/metadata-1045.htm
07-05 14:21:06.419   545 12409 I DownloadManager: in removeSpuriousFiles, preserving file /data/data/com.android.providers.downloads/cache/metadata-2226.htm
07-05 14:21:06.419   545 12409 I DownloadManager: in removeSpuriousFiles, preserving file /data/data/com.android.providers.downloads/cache/metadata-479.htm
07-05 14:21:06.419   545 12409 I DownloadManager: in removeSpuriousFiles, preserving file /data/data/com.android.providers.downloads/cache/metadata-677.htm
07-05 14:21:06.419   545 12409 I DownloadManager: in removeSpuriousFiles, preserving file /data/data/com.android.providers.downloads/cache/metadata-1720.htm
07-05 14:21:06.419   545 12409 I DownloadManager: in removeSpuriousFiles, preserving file /data/data/com.android.providers.downloads/cache/metadata-2155.htm
07-05 14:21:06.419   545 12409 I DownloadManager: in removeSpuriousFiles, preserving file /data/data/com.android.providers.downloads/cache/metadata-361.htm
07-05 14:21:06.423   545 12409 I DownloadManager: in removeSpuriousFiles, preserving file /data/data/com.android.providers.downloads/cache/metadata-410.htm
07-05 14:21:06.423   545 12409 I DownloadManager: in removeSpuriousFiles, preserving file /data/data/com.android.providers.downloads/cache/metadata-484.htm
07-05 14:21:06.423   545 12409 I DownloadManager: in removeSpuriousFiles, preserving file /data/data/com.android.providers.downloads/cache/metadata-476.htm
07-05 14:21:06.423   545 12409 I DownloadManager: in removeSpuriousFiles, preserving file /data/data/com.android.providers.downloads/cache/metadata-457.htm
07-05 14:21:06.426   545 12409 I DownloadManager: in removeSpuriousFiles, preserving file /data/data/com.android.providers.downloads/cache/metadata-753.htm
07-05 14:21:06.426   545 12409 I DownloadManager: in removeSpuriousFiles, preserving file /data/data/com.android.providers.downloads/cache/metadata-293.htm
07-05 14:21:06.426   545 12409 I DownloadManager: in removeSpuriousFiles, preserving file /data/data/com.android.providers.downloads/cache/metadata-895.htm
07-05 14:21:06.426   545 12409 I DownloadManager: in removeSpuriousFiles, preserving file /data/data/com.android.providers.downloads/cache/metadata-558.htm
07-05 14:21:06.426   545 12409 I DownloadManager: in removeSpuriousFiles, preserving file /data/data/com.android.providers.downloads/cache/metadata-536.htm
07-05 14:21:06.426   545 12409 I DownloadManager: in removeSpuriousFiles, preserving file /data/data/com.android.providers.downloads/cache/metadata-1308.htm
07-05 14:21:06.430   545 12409 I DownloadManager: in removeSpuriousFiles, preserving file /data/data/com.android.providers.downloads/cache/metadata-402.htm
07-05 14:21:06.430   545 12409 I DownloadManager: in removeSpuriousFiles, preserving file /data/data/com.android.providers.downloads/cache/metadata-507.htm
07-05 14:21:06.430   545 12409 I DownloadManager: in removeSpuriousFiles, preserving file /data/data/com.android.providers.downloads/cache/metadata-1337.htm
07-05 14:21:06.430   545 12409 I DownloadManager: in removeSpuriousFiles, preserving file /data/data/com.android.providers.downloads/cache/metadata-510.htm
07-05 14:21:06.430   545 12409 I DownloadManager: in removeSpuriousFiles, preserving file /data/data/com.android.providers.downloads/cache/metadata-363.htm
07-05 14:21:06.430   545 12409 I DownloadManager: in removeSpuriousFiles, preserving file /data/data/com.android.providers.downloads/cache/metadata-570.htm
07-05 14:21:06.430   545 12409 I DownloadManager: in removeSpuriousFiles, preserving file /data/data/com.android.providers.downloads/cache/metadata-2318.htm
07-05 14:21:06.434   545 12409 I DownloadManager: in removeSpuriousFiles, preserving file /data/data/com.android.providers.downloads/cache/metadata-524.htm
07-05 14:21:06.434   545 12409 I DownloadManager: in removeSpuriousFiles, preserving file /data/data/com.android.providers.downloads/cache/metadata-1994.htm
07-05 14:21:06.434   545 12409 I DownloadManager: in removeSpuriousFiles, preserving file /data/data/com.android.providers.downloads/cache/metadata-1277.htm
07-05 14:21:06.434   545 12409 I DownloadManager: in removeSpuriousFiles, preserving file /data/data/com.android.providers.downloads/cache/metadata-1923.htm
07-05 14:21:06.434   545 12409 I DownloadManager: in removeSpuriousFiles, preserving file /data/data/com.android.providers.downloads/cache/metadata-1195.htm
07-05 14:21:06.434   545 12409 I DownloadManager: in removeSpuriousFiles, preserving file /data/data/com.android.providers.downloads/cache/metadata-1501.htm
07-05 14:21:06.438   545 12409 I DownloadManager: in removeSpuriousFiles, preserving file /data/data/com.android.providers.downloads/cache/metadata-514.htm
07-05 14:21:06.438   545 12409 I DownloadManager: in removeSpuriousFiles, preserving file /data/data/com.android.providers.downloads/cache/metadata-3040.htm
07-05 14:21:06.438   545 12409 I DownloadManager: in removeSpuriousFiles, preserving file /data/data/com.android.providers.downloads/cache/metadata-2035.htm
07-05 14:21:06.438   545 12409 I DownloadManager: in removeSpuriousFiles, preserving file /data/data/com.android.providers.downloads/cache/metadata-535.htm
07-05 14:21:06.438   545 12409 I DownloadManager: in removeSpuriousFiles, preserving file /data/data/com.android.providers.downloads/cache/metadata-1874.htm
07-05 14:21:06.438   545 12409 I DownloadManager: in removeSpuriousFiles, preserving file /data/data/com.android.providers.downloads/cache/metadata-2048.htm
07-05 14:21:06.442   545 12409 I DownloadManager: in removeSpuriousFiles, preserving file /data/data/com.android.providers.downloads/cache/metadata-1583.htm
07-05 14:21:06.446   545 12409 I DownloadManager: in removeSpuriousFiles, preserving file /data/data/com.android.providers.downloads/cache/metadata-490.htm
07-05 14:21:06.446   545 12409 I DownloadManager: in removeSpuriousFiles, preserving file /data/data/com.android.providers.downloads/cache/metadata-720.htm
07-05 14:21:06.446   545 12409 I DownloadManager: in removeSpuriousFiles, preserving file /data/data/com.android.providers.downloads/cache/metadata-84.htm
07-05 14:21:06.446   545 12409 I DownloadManager: in removeSpuriousFiles, preserving file /data/data/com.android.providers.downloads/cache/metadata-523.htm
07-05 14:21:06.446   545 12409 I DownloadManager: in removeSpuriousFiles, preserving file /data/data/com.android.providers.downloads/cache/metadata-280.htm
07-05 14:21:06.450   545 12409 I DownloadManager: in removeSpuriousFiles, preserving file /data/data/com.android.providers.downloads/cache/metadata-1555.htm
07-05 14:21:06.450   545 12409 I DownloadManager: in removeSpuriousFiles, preserving file /data/data/com.android.providers.downloads/cache/metadata-859.htm
07-05 14:21:06.450   545 12409 I DownloadManager: in removeSpuriousFiles, preserving file /data/data/com.android.providers.downloads/cache/metadata-1167.htm
07-05 14:21:06.450   545 12409 I DownloadManager: in removeSpuriousFiles, preserving file /data/data/com.android.providers.downloads/cache/metadata-2379.htm
07-05 14:21:06.450   545 12409 I DownloadManager: in removeSpuriousFiles, preserving file /data/data/com.android.providers.downloads/cache/metadata-493.htm
07-05 14:21:06.454   545 12409 I DownloadManager: in removeSpuriousFiles, preserving file /data/data/com.android.providers.downloads/cache/metadata-405.htm
07-05 14:21:06.454   545 12409 I DownloadManager: in removeSpuriousFiles, preserving file /data/data/com.android.providers.downloads/cache/metadata-632.htm
07-05 14:21:06.454   545 12409 I DownloadManager: in removeSpuriousFiles, preserving file /data/data/com.android.providers.downloads/cache/metadata-270.htm
07-05 14:21:06.454   545 12409 I DownloadManager: in removeSpuriousFiles, preserving file /data/data/com.android.providers.downloads/cache/metadata-1904.htm
07-05 14:21:06.454   545 12409 I DownloadManager: in removeSpuriousFiles, preserving file /data/data/com.android.providers.downloads/cache/metadata-477.htm
07-05 14:21:06.458   545 12409 I DownloadManager: in removeSpuriousFiles, preserving file /data/data/com.android.providers.downloads/cache/metadata-579.htm
07-05 14:21:06.458   545 12409 I DownloadManager: in removeSpuriousFiles, preserving file /data/data/com.android.providers.downloads/cache/metadata-952.htm
07-05 14:21:06.458   545 12409 I DownloadManager: in removeSpuriousFiles, preserving file /data/data/com.android.providers.downloads/cache/metadata-1333.htm
07-05 14:21:06.458   545 12409 I DownloadManager: in removeSpuriousFiles, preserving file /data/data/com.android.providers.downloads/cache/metadata-966.htm
07-05 14:21:06.462   545 12409 I DownloadManager: in removeSpuriousFiles, preserving file /data/data/com.android.providers.downloads/cache/metadata-648.htm
07-05 14:21:06.462   545 12409 I DownloadManager: in removeSpuriousFiles, preserving file /data/data/com.android.providers.downloads/cache/metadata-1469.htm
07-05 14:21:06.462   545 12409 I DownloadManager: in removeSpuriousFiles, preserving file /data/data/com.android.providers.downloads/cache/metadata-808.htm
07-05 14:21:06.466   545 12409 I DownloadManager: in removeSpuriousFiles, preserving file /data/data/com.android.providers.downloads/cache/metadata-1041.htm
07-05 14:21:06.466   545 12409 I DownloadManager: in removeSpuriousFiles, preserving file /data/data/com.android.providers.downloads/cache/metadata-1543.htm
07-05 14:21:06.466   545 12409 I DownloadManager: in removeSpuriousFiles, preserving file /data/data/com.android.providers.downloads/cache/metadata-1784.htm
07-05 14:21:06.466   545 12409 I DownloadManager: in removeSpuriousFiles, preserving file /data/data/com.android.providers.downloads/cache/metadata-1255.htm
07-05 14:21:06.469   545 12409 I DownloadManager: in removeSpuriousFiles, preserving file /data/data/com.android.providers.downloads/cache/metadata-909.htm
07-05 14:21:06.469   545 12409 I DownloadManager: in removeSpuriousFiles, preserving file /data/data/com.android.providers.downloads/cache/metadata-953.htm
07-05 14:21:06.469   545 12409 I DownloadManager: in removeSpuriousFiles, preserving file /data/data/com.android.providers.downloads/cache/metadata-4.htm
07-05 14:21:06.469   545 12409 I DownloadManager: in removeSpuriousFiles, preserving file /data/data/com.android.providers.downloads/cache/metadata-19.htm
07-05 14:21:06.469   545 12409 I DownloadManager: in removeSpuriousFiles, preserving file /data/data/com.android.providers.downloads/cache/metadata-308.htm
07-05 14:21:06.469   545 12409 I DownloadManager: in removeSpuriousFiles, preserving file /data/data/com.android.providers.downloads/cache/metadata-2.htm
07-05 14:21:06.469   545 12409 I DownloadManager: in removeSpuriousFiles, preserving file /data/data/com.android.providers.downloads/cache/metadata-13.htm
07-05 14:21:06.469   545 12409 I DownloadManager: in removeSpuriousFiles, preserving file /data/data/com.android.providers.downloads/cache/metadata-28.htm
07-05 14:21:06.469   545 12409 I DownloadManager: in removeSpuriousFiles, preserving file /data/data/com.android.providers.downloads/cache/metadata-23.htm
07-05 14:21:06.469   545 12409 I DownloadManager: in removeSpuriousFiles, preserving file /data/data/com.android.providers.downloads/cache/metadata-35.htm
07-05 14:21:06.469   545 12409 I DownloadManager: in removeSpuriousFiles, preserving file /data/data/com.android.providers.downloads/cache/metadata-46.htm
07-05 14:21:06.473   545 12409 I DownloadManager: in removeSpuriousFiles, preserving file /data/data/com.android.providers.downloads/cache/metadata-69.htm
07-05 14:21:06.473   545 12409 I DownloadManager: in removeSpuriousFiles, preserving file /data/data/com.android.providers.downloads/cache/metadata-285.htm
07-05 14:21:06.473   545 12409 I DownloadManager: in removeSpuriousFiles, preserving file /data/data/com.android.providers.downloads/cache/metadata-49.htm
07-05 14:21:06.473   545 12409 I DownloadManager: in removeSpuriousFiles, preserving file /data/data/com.android.providers.downloads/cache/metadata-267.htm
07-05 14:21:06.473   545 12409 I DownloadManager: in removeSpuriousFiles, preserving file /data/data/com.android.providers.downloads/cache/metadata-290.htm
07-05 14:21:06.473   545 12409 I DownloadManager: in removeSpuriousFiles, preserving file /data/data/com.android.providers.downloads/cache/metadata-607.htm
07-05 14:21:06.473   545 12409 I DownloadManager: in removeSpuriousFiles, preserving file /data/data/com.android.providers.downloads/cache/metadata-534.htm
07-05 14:21:06.473   545 12409 I DownloadManager: in removeSpuriousFiles, preserving file /data/data/com.android.providers.downloads/cache/metadata-56.htm
07-05 14:21:06.473   545 12409 I DownloadManager: in removeSpuriousFiles, preserving file /data/data/com.android.providers.downloads/cache/metadata-471.htm
07-05 14:21:06.473   545 12409 I DownloadManager: in removeSpuriousFiles, preserving file /data/data/com.android.providers.downloads/cache/metadata-1142.htm
07-05 14:21:06.473   545 12409 I DownloadManager: in removeSpuriousFiles, preserving file /data/data/com.android.providers.downloads/cache/metadata-309.htm
07-05 14:21:06.473   545 12409 I DownloadManager: in removeSpuriousFiles, preserving file /data/data/com.android.providers.downloads/cache/metadata-253.htm
07-05 14:21:06.477   545 12409 I DownloadManager: in removeSpuriousFiles, preserving file /data/data/com.android.providers.downloads/cache/metadata-1388.htm
07-05 14:21:06.477   545 12409 I DownloadManager: in removeSpuriousFiles, preserving file /data/data/com.android.providers.downloads/cache/metadata-962.htm
07-05 14:21:06.477   545 12409 I DownloadManager: in removeSpuriousFiles, preserving file /data/data/com.android.providers.downloads/cache/metadata-134.htm
07-05 14:21:06.477   545 12409 I DownloadManager: in removeSpuriousFiles, preserving file /data/data/com.android.providers.downloads/cache/metadata-449.htm
07-05 14:21:06.477   545 12409 I DownloadManager: in removeSpuriousFiles, preserving file /data/data/com.android.providers.downloads/cache/metadata-258.htm
07-05 14:21:06.477   545 12409 I DownloadManager: in removeSpuriousFiles, preserving file /data/data/com.android.providers.downloads/cache/metadata-200.htm
07-05 14:21:06.477   545 12409 I DownloadManager: in removeSpuriousFiles, preserving file /data/data/com.android.providers.downloads/cache/metadata-2170.htm
07-05 14:21:06.477   545 12409 I DownloadManager: in removeSpuriousFiles, preserving file /data/data/com.android.providers.downloads/cache/metadata-95.htm
07-05 14:21:06.477   545 12409 I DownloadManager: in removeSpuriousFiles, preserving file /data/data/com.android.providers.downloads/cache/metadata-223.htm
07-05 14:21:06.477   545 12409 I DownloadManager: in removeSpuriousFiles, preserving file /data/data/com.android.providers.downloads/cache/metadata-936.htm
07-05 14:21:06.481   545 12409 I DownloadManager: in removeSpuriousFiles, preserving file /data/data/com.android.providers.downloads/cache/metadata-110.htm
07-05 14:21:06.481   545 12409 I DownloadManager: in removeSpuriousFiles, preserving file /data/data/com.android.providers.downloads/cache/metadata-389.htm
07-05 14:21:06.481   545 12409 I DownloadManager: in removeSpuriousFiles, preserving file /data/data/com.android.providers.downloads/cache/metadata-279.htm
07-05 14:21:06.481   545 12409 I DownloadManager: in removeSpuriousFiles, preserving file /data/data/com.android.providers.downloads/cache/metadata-2055.htm
07-05 14:21:06.481   545 12409 I DownloadManager: in removeSpuriousFiles, preserving file /data/data/com.android.providers.downloads/cache/metadata-553.htm
07-05 14:21:06.481   545 12409 I DownloadManager: in removeSpuriousFiles, preserving file /data/data/com.android.providers.downloads/cache/metadata-444.htm
07-05 14:21:06.485   545 12409 I DownloadManager: in removeSpuriousFiles, preserving file /data/data/com.android.providers.downloads/cache/metadata-520.htm
07-05 14:21:06.485   545 12409 I DownloadManager: in removeSpuriousFiles, preserving file /data/data/com.android.providers.downloads/cache/metadata-384.htm
07-05 14:21:06.485   545 12409 I DownloadManager: in removeSpuriousFiles, preserving file /data/data/com.android.providers.downloads/cache/metadata-456.htm
07-05 14:21:06.485   545 12409 I DownloadManager: in removeSpuriousFiles, preserving file /data/data/com.android.providers.downloads/cache/metadata-448.htm
07-05 14:21:06.485   545 12409 I DownloadManager: in removeSpuriousFiles, preserving file /data/data/com.android.providers.downloads/cache/metadata-122.htm
07-05 14:21:06.485   545 12409 I DownloadManager: in removeSpuriousFiles, preserving file /data/data/com.android.providers.downloads/cache/metadata-195.htm
07-05 14:21:06.485   545 12409 I DownloadManager: in removeSpuriousFiles, preserving file /data/data/com.android.providers.downloads/cache/metadata-452.htm
07-05 14:21:06.485   545 12409 I DownloadManager: in removeSpuriousFiles, preserving file /data/data/com.android.providers.downloads/cache/metadata-454.htm
07-05 14:21:06.489   545 12409 I DownloadManager: in removeSpuriousFiles, preserving file /data/data/com.android.providers.downloads/cache/metadata-433.htm
07-05 14:21:06.489   545 12409 I DownloadManager: in removeSpuriousFiles, preserving file /data/data/com.android.providers.downloads/cache/metadata-98.htm
07-05 14:21:06.489   545 12409 I DownloadManager: in removeSpuriousFiles, preserving file /data/data/com.android.providers.downloads/cache/metadata-337.htm
07-05 14:21:06.489   545 12409 I DownloadManager: in removeSpuriousFiles, preserving file /data/data/com.android.providers.downloads/cache/metadata-1061.htm
07-05 14:21:06.489   545 12409 I DownloadManager: in removeSpuriousFiles, preserving file /data/data/com.android.providers.downloads/cache/metadata-282.htm
07-05 14:21:06.489   545 12409 I DownloadManager: in removeSpuriousFiles, preserving file /data/data/com.android.providers.downloads/cache/metadata-74.htm
07-05 14:21:06.489   545 12409 I DownloadManager: in removeSpuriousFiles, preserving file /data/data/com.android.providers.downloads/cache/metadata-697.htm
07-05 14:21:06.489   545 12409 I DownloadManager: in removeSpuriousFiles, preserving file /data/data/com.android.providers.downloads/cache/metadata-685.htm
07-05 14:21:06.493   545 12409 I DownloadManager: in removeSpuriousFiles, preserving file /data/data/com.android.providers.downloads/cache/metadata-2020.htm
07-05 14:21:06.493   545 12409 I DownloadManager: in removeSpuriousFiles, preserving file /data/data/com.android.providers.downloads/cache/metadata-1597.htm
07-05 14:21:06.493   545 12409 I DownloadManager: in removeSpuriousFiles, preserving file /data/data/com.android.providers.downloads/cache/metadata-628.htm
07-05 14:21:06.493   545 12409 I DownloadManager: in removeSpuriousFiles, preserving file /data/data/com.android.providers.downloads/cache/metadata-2484.htm
07-05 14:21:06.493   545 12409 I DownloadManager: in removeSpuriousFiles, preserving file /data/data/com.android.providers.downloads/cache/metadata-1442.htm
07-05 14:21:06.493   545 12409 I DownloadManager: in removeSpuriousFiles, preserving file /data/data/com.android.providers.downloads/cache/metadata-807.htm
07-05 14:21:06.493   545 12409 I DownloadManager: in removeSpuriousFiles, preserving file /data/data/com.android.providers.downloads/cache/metadata-260.htm
07-05 14:21:06.493   545 12409 I DownloadManager: in removeSpuriousFiles, preserving file /data/data/com.android.providers.downloads/cache/metadata-378.htm
07-05 14:21:06.497   545 12409 I DownloadManager: in removeSpuriousFiles, preserving file /data/data/com.android.providers.downloads/cache/metadata-1350.htm
07-05 14:21:06.497   545 12409 I DownloadManager: in removeSpuriousFiles, preserving file /data/data/com.android.providers.downloads/cache/metadata-2337.htm
07-05 14:21:06.497   545 12409 I DownloadManager: in removeSpuriousFiles, preserving file /data/data/com.android.providers.downloads/cache/metadata-571.htm
07-05 14:21:06.497   545 12409 I DownloadManager: in removeSpuriousFiles, preserving file /data/data/com.android.providers.downloads/cache/metadata-693.htm
07-05 14:21:06.497   545 12409 I DownloadManager: in removeSpuriousFiles, preserving file /data/data/com.android.providers.downloads/cache/metadata-554.htm
07-05 14:21:06.497   545 12409 I DownloadManager: in removeSpuriousFiles, preserving file /data/data/com.android.providers.downloads/cache/metadata-244.htm
07-05 14:21:06.501   545 12409 I DownloadManager: in removeSpuriousFiles, preserving file /data/data/com.android.providers.downloads/cache/metadata-1318.htm
07-05 14:21:06.501   545 12409 I DownloadManager: in removeSpuriousFiles, preserving file /data/data/com.android.providers.downloads/cache/metadata-679.htm
07-05 14:21:06.501   545 12409 I DownloadManager: in removeSpuriousFiles, preserving file /data/data/com.android.providers.downloads/cache/metadata-355.htm
07-05 14:21:06.501   545 12409 I DownloadManager: in removeSpuriousFiles, preserving file /data/data/com.android.providers.downloads/cache/metadata-1189.htm
07-05 14:21:06.501   545 12409 I DownloadManager: in removeSpuriousFiles, preserving file /data/data/com.android.providers.downloads/cache/metadata-391.htm
07-05 14:21:06.501   545 12409 I DownloadManager: in removeSpuriousFiles, preserving file /data/data/com.android.providers.downloads/cache/metadata-533.htm
07-05 14:21:06.501   545 12409 I DownloadManager: in removeSpuriousFiles, preserving file /data/data/com.android.providers.downloads/cache/metadata-2024.htm
07-05 14:21:06.505   545 12409 I DownloadManager: in removeSpuriousFiles, preserving file /data/data/com.android.providers.downloads/cache/metadata-563.htm
07-05 14:21:06.505   545 12409 I DownloadManager: in removeSpuriousFiles, preserving file /data/data/com.android.providers.downloads/cache/metadata-423.htm
07-05 14:21:06.505   545 12409 I DownloadManager: in removeSpuriousFiles, preserving file /data/data/com.android.providers.downloads/cache/metadata-588.htm
07-05 14:21:06.505   545 12409 I DownloadManager: in removeSpuriousFiles, preserving file /data/data/com.android.providers.downloads/cache/metadata-2022.htm
07-05 14:21:06.505   545 12409 I DownloadManager: in removeSpuriousFiles, preserving file /data/data/com.android.providers.downloads/cache/metadata-1454.htm
07-05 14:21:06.505   545 12409 I DownloadManager: in removeSpuriousFiles, preserving file /data/data/com.android.providers.downloads/cache/metadata-577.htm
07-05 14:21:06.505   545 12409 I DownloadManager: in removeSpuriousFiles, preserving file /data/data/com.android.providers.downloads/cache/metadata-111.htm
07-05 14:21:06.509   545 12409 I DownloadManager: in removeSpuriousFiles, preserving file /data/data/com.android.providers.downloads/cache/metadata-1929.htm
07-05 14:21:06.509   545 12409 I DownloadManager: in removeSpuriousFiles, preserving file /data/data/com.android.providers.downloads/cache/metadata-2322.htm
07-05 14:21:06.509   545 12409 I DownloadManager: in removeSpuriousFiles, preserving file /data/data/com.android.providers.downloads/cache/metadata-302.htm
07-05 14:21:06.509   545 12409 I DownloadManager: in removeSpuriousFiles, preserving file /data/data/com.android.providers.downloads/cache/metadata-1284.htm
07-05 14:21:06.509   545 12409 I DownloadManager: in removeSpuriousFiles, preserving file /data/data/com.android.providers.downloads/cache/metadata-974.htm
07-05 14:21:06.509   545 12409 I DownloadManager: in removeSpuriousFiles, preserving file /data/data/com.android.providers.downloads/cache/metadata-1517.htm
07-05 14:21:06.509   545 12409 I DownloadManager: in removeSpuriousFiles, preserving file /data/data/com.android.providers.downloads/cache/metadata-1162.htm
07-05 14:21:06.512   545 12409 I DownloadManager: in removeSpuriousFiles, preserving file /data/data/com.android.providers.downloads/cache/metadata-1179.htm
07-05 14:21:06.512   545 12409 I DownloadManager: in removeSpuriousFiles, preserving file /data/data/com.android.providers.downloads/cache/metadata-662.htm
07-05 14:21:06.512   545 12409 I DownloadManager: in removeSpuriousFiles, preserving file /data/data/com.android.providers.downloads/cache/metadata-689.htm
07-05 14:21:06.516   545 12409 I DownloadManager: in removeSpuriousFiles, preserving file /data/data/com.android.providers.downloads/cache/metadata-339.htm
07-05 14:21:06.516   545 12409 I DownloadManager: in removeSpuriousFiles, preserving file /data/data/com.android.providers.downloads/cache/metadata-591.htm
07-05 14:21:06.516   545 12409 I DownloadManager: in removeSpuriousFiles, preserving file /data/data/com.android.providers.downloads/cache/metadata-487.htm
07-05 14:21:06.516   545 12409 I DownloadManager: in removeSpuriousFiles, preserving file /data/data/com.android.providers.downloads/cache/metadata-1054.htm
07-05 14:21:06.516   545 12409 I DownloadManager: in removeSpuriousFiles, preserving file /data/data/com.android.providers.downloads/cache/metadata-833.htm
07-05 14:21:06.516   545 12409 I DownloadManager: in removeSpuriousFiles, preserving file /data/data/com.android.providers.downloads/cache/metadata-595.htm
07-05 14:21:06.520   545 12409 I DownloadManager: in removeSpuriousFiles, preserving file /data/data/com.android.providers.downloads/cache/metadata-566.htm
07-05 14:21:06.520   545 12409 I DownloadManager: in removeSpuriousFiles, preserving file /data/data/com.android.providers.downloads/cache/metadata-728.htm
07-05 14:21:06.520   545 12409 I DownloadManager: in removeSpuriousFiles, preserving file /data/data/com.android.providers.downloads/cache/metadata-1269.htm
07-05 14:21:06.520   545 12409 I DownloadManager: in removeSpuriousFiles, preserving file /data/data/com.android.providers.downloads/cache/metadata-1744.htm
07-05 14:21:06.520   545 12409 I DownloadManager: in removeSpuriousFiles, preserving file /data/data/com.android.providers.downloads/cache/metadata-3026.htm
07-05 14:21:06.520   545 12409 I DownloadManager: in removeSpuriousFiles, preserving file /data/data/com.android.providers.downloads/cache/metadata-740.htm
07-05 14:21:06.524   545 12409 I DownloadManager: in removeSpuriousFiles, preserving file /data/data/com.android.providers.downloads/cache/metadata-968.htm
07-05 14:21:06.524   545 12409 I DownloadManager: in removeSpuriousFiles, preserving file /data/data/com.android.providers.downloads/cache/metadata-458.htm
07-05 14:21:06.524   545 12409 I DownloadManager: in removeSpuriousFiles, preserving file /data/data/com.android.providers.downloads/cache/metadata-1273.htm
07-05 14:21:06.524   545 12409 I DownloadManager: in removeSpuriousFiles, preserving file /data/data/com.android.providers.downloads/cache/metadata-1586.htm
07-05 14:21:06.524   545 12409 I DownloadManager: in removeSpuriousFiles, preserving file /data/data/com.android.providers.downloads/cache/metadata-2291.htm
07-05 14:21:06.528   545 12409 I DownloadManager: in removeSpuriousFiles, preserving file /data/data/com.android.providers.downloads/cache/metadata-1010.htm
07-05 14:21:06.528   545 12409 I DownloadManager: in removeSpuriousFiles, preserving file /data/data/com.android.providers.downloads/cache/metadata-1172.htm
07-05 14:21:06.528   545 12409 I DownloadManager: in removeSpuriousFiles, preserving file /data/data/com.android.providers.downloads/cache/metadata-1450.htm
07-05 14:21:06.528   545 12409 I DownloadManager: in removeSpuriousFiles, preserving file /data/data/com.android.providers.downloads/cache/metadata-1857.htm
07-05 14:21:06.528   545 12409 I DownloadManager: in removeSpuriousFiles, preserving file /data/data/com.android.providers.downloads/cache/metadata-1209.htm
07-05 14:21:06.528   545 12409 I DownloadManager: in removeSpuriousFiles, preserving file /data/data/com.android.providers.downloads/cache/metadata-2801.htm
07-05 14:21:06.532   545 12409 I DownloadManager: in removeSpuriousFiles, preserving file /data/data/com.android.providers.downloads/cache/metadata-813.htm
07-05 14:21:06.532   545 12409 I DownloadManager: in removeSpuriousFiles, preserving file /data/data/com.android.providers.downloads/cache/metadata-1083.htm
07-05 14:21:06.532   545 12409 I DownloadManager: in removeSpuriousFiles, preserving file /data/data/com.android.providers.downloads/cache/metadata-574.htm
07-05 14:21:06.532   545 12409 I DownloadManager: in removeSpuriousFiles, preserving file /data/data/com.android.providers.downloads/cache/metadata-1390.htm
07-05 14:21:06.536   545 12409 I DownloadManager: in removeSpuriousFiles, preserving file /data/data/com.android.providers.downloads/cache/metadata-2266.htm
07-05 14:21:06.536   545 12409 I DownloadManager: in removeSpuriousFiles, preserving file /data/data/com.android.providers.downloads/cache/metadata-512.htm
07-05 14:21:06.536   545 12409 I DownloadManager: in removeSpuriousFiles, preserving file /data/data/com.android.providers.downloads/cache/metadata-1896.htm
07-05 14:21:06.540   545 12409 I DownloadManager: in removeSpuriousFiles, preserving file /data/data/com.android.providers.downloads/cache/metadata-855.htm
07-05 14:21:06.540   545 12409 I DownloadManager: in removeSpuriousFiles, preserving file /data/data/com.android.providers.downloads/cache/metadata-9.htm
07-05 14:21:06.540   545 12409 I DownloadManager: in removeSpuriousFiles, preserving file /data/data/com.android.providers.downloads/cache/metadata-34.htm
07-05 14:21:06.540   545 12409 I DownloadManager: in removeSpuriousFiles, preserving file /data/data/com.android.providers.downloads/cache/metadata-8.htm
07-05 14:21:06.540   545 12409 I DownloadManager: in removeSpuriousFiles, preserving file /data/data/com.android.providers.downloads/cache/metadata-15.htm
07-05 14:21:06.540   545 12409 I DownloadManager: in removeSpuriousFiles, preserving file /data/data/com.android.providers.downloads/cache/metadata-36.htm
07-05 14:21:06.540   545 12409 I DownloadManager: in removeSpuriousFiles, preserving file /data/data/com.android.providers.downloads/cache/metadata-47.htm
07-05 14:21:06.540   545 12409 I DownloadManager: in removeSpuriousFiles, preserving file /data/data/com.android.providers.downloads/cache/metadata-420.htm
07-05 14:21:06.540   545 12409 I DownloadManager: in removeSpuriousFiles, preserving file /data/data/com.android.providers.downloads/cache/metadata-55.htm
07-05 14:21:06.540   545 12409 I DownloadManager: in removeSpuriousFiles, preserving file /data/data/com.android.providers.downloads/cache/metadata-431.htm
07-05 14:21:06.540   545 12409 I DownloadManager: in removeSpuriousFiles, preserving file /data/data/com.android.providers.downloads/cache/metadata-496.htm
07-05 14:21:06.540   545 12409 I DownloadManager: in removeSpuriousFiles, preserving file /data/data/com.android.providers.downloads/cache/metadata-41.htm
07-05 14:21:06.540   545 12409 I DownloadManager: in removeSpuriousFiles, preserving file /data/data/com.android.providers.downloads/cache/metadata-559.htm
07-05 14:21:06.544   545 12409 I DownloadManager: in removeSpuriousFiles, preserving file /data/data/com.android.providers.downloads/cache/metadata-624.htm
07-05 14:21:06.544   545 12409 I DownloadManager: in removeSpuriousFiles, preserving file /data/data/com.android.providers.downloads/cache/metadata-58.htm
07-05 14:21:06.544   545 12409 I DownloadManager: in removeSpuriousFiles, preserving file /data/data/com.android.providers.downloads/cache/metadata-1290.htm
07-05 14:21:06.544   545 12409 I DownloadManager: in removeSpuriousFiles, preserving file /data/data/com.android.providers.downloads/cache/metadata-1901.htm
07-05 14:21:06.544   545 12409 I DownloadManager: in removeSpuriousFiles, preserving file /data/data/com.android.providers.downloads/cache/metadata-823.htm
07-05 14:21:06.544   545 12409 I DownloadManager: in removeSpuriousFiles, preserving file /data/data/com.android.providers.downloads/cache/metadata-575.htm
07-05 14:21:06.544   545 12409 I DownloadManager: in removeSpuriousFiles, preserving file /data/data/com.android.providers.downloads/cache/metadata-1177.htm
07-05 14:21:06.544   545 12409 I DownloadManager: in removeSpuriousFiles, preserving file /data/data/com.android.providers.downloads/cache/metadata-341.htm
07-05 14:21:06.544   545 12409 I DownloadManager: in removeSpuriousFiles, preserving file /data/data/com.android.providers.downloads/cache/metadata-564.htm
07-05 14:21:06.544   545 12409 I DownloadManager: in removeSpuriousFiles, preserving file /data/data/com.android.providers.downloads/cache/metadata-581.htm
07-05 14:21:06.544   545 12409 I DownloadManager: in removeSpuriousFiles, preserving file /data/data/com.android.providers.downloads/cache/metadata-549.htm
07-05 14:21:06.548   545 12409 I DownloadManager: in removeSpuriousFiles, preserving file /data/data/com.android.providers.downloads/cache/metadata-1115.htm
07-05 14:21:06.548   545 12409 I DownloadManager: in removeSpuriousFiles, preserving file /data/data/com.android.providers.downloads/cache/metadata-543.htm
07-05 14:21:06.548   545 12409 I DownloadManager: in removeSpuriousFiles, preserving file /data/data/com.android.providers.downloads/cache/metadata-1254.htm
07-05 14:21:06.548   545 12409 I DownloadManager: in removeSpuriousFiles, preserving file /data/data/com.android.providers.downloads/cache/metadata-214.htm
07-05 14:21:06.548   545 12409 I DownloadManager: in removeSpuriousFiles, preserving file /data/data/com.android.providers.downloads/cache/metadata-1248.htm
07-05 14:21:06.548   545 12409 I DownloadManager: in removeSpuriousFiles, preserving file /data/data/com.android.providers.downloads/cache/metadata-816.htm
07-05 14:21:06.548   545 12409 I DownloadManager: in removeSpuriousFiles, preserving file /data/data/com.android.providers.downloads/cache/metadata-464.htm
07-05 14:21:06.548   545 12409 I DownloadManager: in removeSpuriousFiles, preserving file /data/data/com.android.providers.downloads/cache/metadata-425.htm
07-05 14:21:06.548   545 12409 I DownloadManager: in removeSpuriousFiles, preserving file /data/data/com.android.providers.downloads/cache/metadata-376.htm
07-05 14:21:06.548   545 12409 I DownloadManager: in removeSpuriousFiles, preserving file /data/data/com.android.providers.downloads/cache/metadata-414.htm
07-05 14:21:06.551   545 12409 I DownloadManager: in removeSpuriousFiles, preserving file /data/data/com.android.providers.downloads/cache/metadata-1295.htm
07-05 14:21:06.551   545 12409 I DownloadManager: in removeSpuriousFiles, preserving file /data/data/com.android.providers.downloads/cache/metadata-928.htm
07-05 14:21:06.551   545 12409 I DownloadManager: in removeSpuriousFiles, preserving file /data/data/com.android.providers.downloads/cache/metadata-674.htm
07-05 14:21:06.551   545 12409 I DownloadManager: in removeSpuriousFiles, preserving file /data/data/com.android.providers.downloads/cache/metadata-964.htm
07-05 14:21:06.551   545 12409 I DownloadManager: in removeSpuriousFiles, preserving file /data/data/com.android.providers.downloads/cache/metadata-222.htm
07-05 14:21:06.551   545 12409 I DownloadManager: in removeSpuriousFiles, preserving file /data/data/com.android.providers.downloads/cache/metadata-545.htm
07-05 14:21:06.551   545 12409 I DownloadManager: in removeSpuriousFiles, preserving file /data/data/com.android.providers.downloads/cache/metadata-443.htm
07-05 14:21:06.551   545 12409 I DownloadManager: in removeSpuriousFiles, preserving file /data/data/com.android.providers.downloads/cache/metadata-342.htm
07-05 14:21:06.551   545 12409 I DownloadManager: in removeSpuriousFiles, preserving file /data/data/com.android.providers.downloads/cache/metadata-2310.htm
07-05 14:21:06.555   545 12409 I DownloadManager: in removeSpuriousFiles, preserving file /data/data/com.android.providers.downloads/cache/metadata-1199.htm
07-05 14:21:06.555   545 12409 I DownloadManager: in removeSpuriousFiles, preserving file /data/data/com.android.providers.downloads/cache/metadata-2476.htm
07-05 14:21:06.555   545 12409 I DownloadManager: in removeSpuriousFiles, preserving file /data/data/com.android.providers.downloads/cache/metadata-407.htm
07-05 14:21:06.555   545 12409 I DownloadManager: in removeSpuriousFiles, preserving file /data/data/com.android.providers.downloads/cache/metadata-631.htm
07-05 14:21:06.555   545 12409 I DownloadManager: in removeSpuriousFiles, preserving file /data/data/com.android.providers.downloads/cache/metadata-1006.htm
07-05 14:21:06.555   545 12409 I DownloadManager: in removeSpuriousFiles, preserving file /data/data/com.android.providers.downloads/cache/metadata-1349.htm
07-05 14:21:06.555   545 12409 I DownloadManager: in removeSpuriousFiles, preserving file /data/data/com.android.providers.downloads/cache/metadata-1686.htm
07-05 14:21:06.555   545 12409 I DownloadManager: in removeSpuriousFiles, preserving file /data/data/com.android.providers.downloads/cache/metadata-854.htm
07-05 14:21:06.559   545 12409 I DownloadManager: in removeSpuriousFiles, preserving file /data/data/com.android.providers.downloads/cache/metadata-131.htm
07-05 14:21:06.559   545 12409 I DownloadManager: in removeSpuriousFiles, preserving file /data/data/com.android.providers.downloads/cache/metadata-352.htm
07-05 14:21:06.559   545 12409 I DownloadManager: in removeSpuriousFiles, preserving file /data/data/com.android.providers.downloads/cache/metadata-630.htm
07-05 14:21:06.559   545 12409 I DownloadManager: in removeSpuriousFiles, preserving file /data/data/com.android.providers.downloads/cache/metadata-971.htm
07-05 14:21:06.559   545 12409 I DownloadManager: in removeSpuriousFiles, preserving file /data/data/com.android.providers.downloads/cache/metadata-1228.htm
07-05 14:21:06.563   545 12409 I DownloadManager: in removeSpuriousFiles, preserving file /data/data/com.android.providers.downloads/cache/metadata-278.htm
07-05 14:21:06.563   545 12409 I DownloadManager: in removeSpuriousFiles, preserving file /data/data/com.android.providers.downloads/cache/metadata-858.htm
07-05 14:21:06.563   545 12409 I DownloadManager: in removeSpuriousFiles, preserving file /data/data/com.android.providers.downloads/cache/metadata-826.htm
07-05 14:21:06.563   545 12409 I DownloadManager: in removeSpuriousFiles, preserving file /data/data/com.android.providers.downloads/cache/metadata-614.htm
07-05 14:21:06.563   545 12409 I DownloadManager: in removeSpuriousFiles, preserving file /data/data/com.android.providers.downloads/cache/metadata-434.htm
07-05 14:21:06.563   545 12409 I DownloadManager: in removeSpuriousFiles, preserving file /data/data/com.android.providers.downloads/cache/metadata-1022.htm
07-05 14:21:06.563   545 12409 I DownloadManager: in removeSpuriousFiles, preserving file /data/data/com.android.providers.downloads/cache/metadata-597.htm
07-05 14:21:06.567   545 12409 I DownloadManager: in removeSpuriousFiles, preserving file /data/data/com.android.providers.downloads/cache/metadata-166.htm
07-05 14:21:06.567   545 12409 I DownloadManager: in removeSpuriousFiles, preserving file /data/data/com.android.providers.downloads/cache/metadata-450.htm
07-05 14:21:06.567   545 12409 I DownloadManager: in removeSpuriousFiles, preserving file /data/data/com.android.providers.downloads/cache/metadata-1230.htm
07-05 14:21:06.567   545 12409 I DownloadManager: in removeSpuriousFiles, preserving file /data/data/com.android.providers.downloads/cache/metadata-1107.htm
07-05 14:21:06.567   545 12409 I DownloadManager: in removeSpuriousFiles, preserving file /data/data/com.android.providers.downloads/cache/metadata-1303.htm
07-05 14:21:06.567   545 12409 I DownloadManager: in removeSpuriousFiles, preserving file /data/data/com.android.providers.downloads/cache/metadata-393.htm
07-05 14:21:06.567   545 12409 I DownloadManager: in removeSpuriousFiles, preserving file /data/data/com.android.providers.downloads/cache/metadata-1058.htm
07-05 14:21:06.567   545 12409 I DownloadManager: in removeSpuriousFiles, preserving file /data/data/com.android.providers.downloads/cache/metadata-100.htm
07-05 14:21:06.571   545 12409 I DownloadManager: in removeSpuriousFiles, preserving file /data/data/com.android.providers.downloads/cache/metadata-530.htm
07-05 14:21:06.571   545 12409 I DownloadManager: in removeSpuriousFiles, preserving file /data/data/com.android.providers.downloads/cache/metadata-221.htm
07-05 14:21:06.571   545 12409 I DownloadManager: in removeSpuriousFiles, preserving file /data/data/com.android.providers.downloads/cache/metadata-455.htm
07-05 14:21:06.571   545 12409 I DownloadManager: in removeSpuriousFiles, preserving file /data/data/com.android.providers.downloads/cache/metadata-547.htm
07-05 14:21:06.571   545 12409 I DownloadManager: in removeSpuriousFiles, preserving file /data/data/com.android.providers.downloads/cache/metadata-1363.htm
07-05 14:21:06.571   545 12409 I DownloadManager: in removeSpuriousFiles, preserving file /data/data/com.android.providers.downloads/cache/metadata-1719.htm
07-05 14:21:06.571   545 12409 I DownloadManager: in removeSpuriousFiles, preserving file /data/data/com.android.providers.downloads/cache/metadata-1341.htm
07-05 14:21:06.571   545 12409 I DownloadManager: in removeSpuriousFiles, preserving file /data/data/com.android.providers.downloads/cache/metadata-1134.htm
07-05 14:21:06.575   545 12409 I DownloadManager: in removeSpuriousFiles, preserving file /data/data/com.android.providers.downloads/cache/metadata-1681.htm
07-05 14:21:06.575   545 12409 I DownloadManager: in removeSpuriousFiles, preserving file /data/data/com.android.providers.downloads/cache/metadata-542.htm
07-05 14:21:06.575   545 12409 I DownloadManager: in removeSpuriousFiles, preserving file /data/data/com.android.providers.downloads/cache/metadata-1905.htm
07-05 14:21:06.575   545 12409 I DownloadManager: in removeSpuriousFiles, preserving file /data/data/com.android.providers.downloads/cache/metadata-948.htm
07-05 14:21:06.575   545 12409 I DownloadManager: in removeSpuriousFiles, preserving file /data/data/com.android.providers.downloads/cache/metadata-668.htm
07-05 14:21:06.575   545 12409 I DownloadManager: in removeSpuriousFiles, preserving file /data/data/com.android.providers.downloads/cache/metadata-1062.htm
07-05 14:21:06.575   545 12409 I DownloadManager: in removeSpuriousFiles, preserving file /data/data/com.android.providers.downloads/cache/metadata-1546.htm
07-05 14:21:06.579   545 12409 I DownloadManager: in removeSpuriousFiles, preserving file /data/data/com.android.providers.downloads/cache/metadata-129.htm
07-05 14:21:06.579   545 12409 I DownloadManager: in removeSpuriousFiles, preserving file /data/data/com.android.providers.downloads/cache/metadata-981.htm
07-05 14:21:06.579   545 12409 I DownloadManager: in removeSpuriousFiles, preserving file /data/data/com.android.providers.downloads/cache/metadata-912.htm
07-05 14:21:06.579   545 12409 I DownloadManager: in removeSpuriousFiles, preserving file /data/data/com.android.providers.downloads/cache/metadata-1085.htm
07-05 14:21:06.579   545 12409 I DownloadManager: in removeSpuriousFiles, preserving file /data/data/com.android.providers.downloads/cache/metadata-942.htm
07-05 14:21:06.579   545 12409 I DownloadManager: in removeSpuriousFiles, preserving file /data/data/com.android.providers.downloads/cache/metadata-1076.htm
07-05 14:21:06.579   545 12409 I DownloadManager: in removeSpuriousFiles, preserving file /data/data/com.android.providers.downloads/cache/metadata-1237.htm
07-05 14:21:06.583   545 12409 I DownloadManager: in removeSpuriousFiles, preserving file /data/data/com.android.providers.downloads/cache/metadata-1418.htm
07-05 14:21:06.583   545 12409 I DownloadManager: in removeSpuriousFiles, preserving file /data/data/com.android.providers.downloads/cache/metadata-1310.htm
07-05 14:21:06.587   545 12409 I DownloadManager: in removeSpuriousFiles, preserving file /data/data/com.android.providers.downloads/cache/metadata-2162.htm
07-05 14:21:06.587   545 12409 I DownloadManager: in removeSpuriousFiles, preserving file /data/data/com.android.providers.downloads/cache/metadata-1402.htm
07-05 14:21:06.587   545 12409 I DownloadManager: in removeSpuriousFiles, preserving file /data/data/com.android.providers.downloads/cache/metadata-2900.htm
07-05 14:21:06.587   545 12409 I DownloadManager: in removeSpuriousFiles, preserving file /data/data/com.android.providers.downloads/cache/metadata-1108.htm
07-05 14:21:06.587   545 12409 I DownloadManager: in removeSpuriousFiles, preserving file /data/data/com.android.providers.downloads/cache/metadata-2225.htm
07-05 14:21:06.587   545 12409 I DownloadManager: in removeSpuriousFiles, preserving file /data/data/com.android.providers.downloads/cache/metadata-1366.htm
07-05 14:21:06.591   545 12409 I DownloadManager: in removeSpuriousFiles, preserving file /data/data/com.android.providers.downloads/cache/metadata-1264.htm
07-05 14:21:06.591   545 12409 I DownloadManager: in removeSpuriousFiles, preserving file /data/data/com.android.providers.downloads/cache/metadata-519.htm
07-05 14:21:06.591   545 12409 I DownloadManager: in removeSpuriousFiles, preserving file /data/data/com.android.providers.downloads/cache/metadata-596.htm
07-05 14:21:06.591   545 12409 I DownloadManager: in removeSpuriousFiles, preserving file /data/data/com.android.providers.downloads/cache/metadata-1345.htm
07-05 14:21:06.591   545 12409 I DownloadManager: in removeSpuriousFiles, preserving file /data/data/com.android.providers.downloads/cache/metadata-1285.htm
07-05 14:21:06.591   545 12409 I DownloadManager: in removeSpuriousFiles, preserving file /data/data/com.android.providers.downloads/cache/metadata-1624.htm
07-05 14:21:06.594   545 12409 I DownloadManager: in removeSpuriousFiles, preserving file /data/data/com.android.providers.downloads/cache/metadata-1092.htm
07-05 14:21:06.594   545 12409 I DownloadManager: in removeSpuriousFiles, preserving file /data/data/com.android.providers.downloads/cache/metadata-1417.htm
07-05 14:21:06.594   545 12409 I DownloadManager: in removeSpuriousFiles, preserving file /data/data/com.android.providers.downloads/cache/metadata-1257.htm
07-05 14:21:06.594   545 12409 I DownloadManager: in removeSpuriousFiles, preserving file /data/data/com.android.providers.downloads/cache/metadata-2700.htm
07-05 14:21:06.594   545 12409 I DownloadManager: in removeSpuriousFiles, preserving file /data/data/com.android.providers.downloads/cache/metadata-1043.htm
07-05 14:21:06.594   545 12409 I DownloadManager: in removeSpuriousFiles, preserving file /data/data/com.android.providers.downloads/cache/metadata-1576.htm
07-05 14:21:06.598   545 12409 I DownloadManager: in removeSpuriousFiles, preserving file /data/data/com.android.providers.downloads/cache/metadata-2785.htm
07-05 14:21:06.598   545 12409 I DownloadManager: in removeSpuriousFiles, preserving file /data/data/com.android.providers.downloads/cache/metadata-515.htm
07-05 14:21:06.598   545 12409 I DownloadManager: in removeSpuriousFiles, preserving file /data/data/com.android.providers.downloads/cache/metadata-2164.htm
07-05 14:21:06.598   545 12409 I DownloadManager: in removeSpuriousFiles, preserving file /data/data/com.android.providers.downloads/cache/metadata-584.htm
07-05 14:21:06.598   545 12409 I DownloadManager: in removeSpuriousFiles, preserving file /data/data/com.android.providers.downloads/cache/metadata-541.htm
07-05 14:21:06.602   545 12409 I DownloadManager: in removeSpuriousFiles, preserving file /data/data/com.android.providers.downloads/cache/metadata-1859.htm
07-05 14:21:06.602   545 12409 I DownloadManager: in removeSpuriousFiles, preserving file /data/data/com.android.providers.downloads/cache/metadata-1439.htm
07-05 14:21:06.602   545 12409 I DownloadManager: in removeSpuriousFiles, preserving file /data/data/com.android.providers.downloads/cache/metadata-2326.htm
07-05 14:21:06.602   545 12409 I DownloadManager: in removeSpuriousFiles, preserving file /data/data/com.android.providers.downloads/cache/metadata-778.htm
07-05 14:21:06.602   545 12409 I DownloadManager: in removeSpuriousFiles, preserving file /data/data/com.android.providers.downloads/cache/metadata-1278.htm
07-05 14:21:06.602   545 12409 I DownloadManager: in removeSpuriousFiles, preserving file /data/data/com.android.providers.downloads/cache/metadata-2860.htm
07-05 14:21:06.606   545 12409 I DownloadManager: in removeSpuriousFiles, preserving file /data/data/com.android.providers.downloads/cache/metadata-1389.htm
07-05 14:21:06.606   545 12409 I DownloadManager: in removeSpuriousFiles, preserving file /data/data/com.android.providers.downloads/cache/metadata-24.htm
07-05 14:21:06.606   545 12409 I DownloadManager: in removeSpuriousFiles, preserving file /data/data/com.android.providers.downloads/cache/metadata-54.htm
07-05 14:21:06.606   545 12409 I DownloadManager: in removeSpuriousFiles, preserving file /data/data/com.android.providers.downloads/cache/metadata-5.htm
07-05 14:21:06.606   545 12409 I DownloadManager: in removeSpuriousFiles, preserving file /data/data/com.android.providers.downloads/cache/metadata-16.htm
07-05 14:21:06.606   545 12409 I DownloadManager: in removeSpuriousFiles, preserving file /data/data/com.android.providers.downloads/cache/metadata-59.htm
07-05 14:21:06.606   545 12409 I DownloadManager: in removeSpuriousFiles, preserving file /data/data/com.android.providers.downloads/cache/metadata-21.htm
07-05 14:21:06.606   545 12409 I DownloadManager: in removeSpuriousFiles, preserving file /data/data/com.android.providers.downloads/cache/metadata-12.htm
07-05 14:21:06.606   545 12409 I DownloadManager: in removeSpuriousFiles, preserving file /data/data/com.android.providers.downloads/cache/metadata-1518.htm
07-05 14:21:06.606   545 12409 I DownloadManager: in removeSpuriousFiles, preserving file /data/data/com.android.providers.downloads/cache/metadata-511.htm
07-05 14:21:06.606   545 12409 I DownloadManager: in removeSpuriousFiles, preserving file /data/data/com.android.providers.downloads/cache/metadata-415.htm
07-05 14:21:06.606   545 12409 I DownloadManager: in removeSpuriousFiles, preserving file /data/data/com.android.providers.downloads/cache/metadata-22.htm
