07-05 13:57:07.316   545  7086 I DownloadManager: in removeSpuriousFiles, preserving file /data/data/com.android.providers.downloads/cache/metadata-1045.htm
07-05 13:57:07.316   545  7086 I DownloadManager: in removeSpuriousFiles, preserving file /data/data/com.android.providers.downloads/cache/metadata-2226.htm
07-05 13:57:07.316   545  7086 I DownloadManager: in removeSpuriousFiles, preserving file /data/data/com.android.providers.downloads/cache/metadata-479.htm
07-05 13:57:07.316   545  7086 I DownloadManager: in removeSpuriousFiles, preserving file /data/data/com.android.providers.downloads/cache/metadata-677.htm
07-05 13:57:07.316   545  7086 I DownloadManager: in removeSpuriousFiles, preserving file /data/data/com.android.providers.downloads/cache/metadata-1720.htm
07-05 13:57:07.316   545  7086 I DownloadManager: in removeSpuriousFiles, preserving file /data/data/com.android.providers.downloads/cache/metadata-2155.htm
07-05 13:57:07.316   545  7086 I DownloadManager: in removeSpuriousFiles, preserving file /data/data/com.android.providers.downloads/cache/metadata-361.htm
07-05 13:57:07.316   545  7086 I DownloadManager: in removeSpuriousFiles, preserving file /data/data/com.android.providers.downloads/cache/metadata-410.htm
07-05 13:57:07.316   545  7086 I DownloadManager: in removeSpuriousFiles, preserving file /data/data/com.android.providers.downloads/cache/metadata-484.htm
07-05 13:57:07.316   545  7086 I DownloadManager: in removeSpuriousFiles, preserving file /data/data/com.android.providers.downloads/cache/metadata-476.htm
07-05 13:57:07.316   545  7086 I DownloadManager: in removeSpuriousFiles, preserving file /data/data/com.android.providers.downloads/cache/metadata-457.htm
07-05 13:57:07.316   545  7086 I DownloadManager: in removeSpuriousFiles, preserving file /data/data/com.android.providers.downloads/cache/metadata-753.htm
07-05 13:57:07.316   545  7086 I DownloadManager: in removeSpuriousFiles, preserving file /data/data/com.android.providers.downloads/cache/metadata-293.htm
07-05 13:57:07.316   545  7086 I DownloadManager: in removeSpuriousFiles, preserving file /data/data/com.android.providers.downloads/cache/metadata-895.htm
07-05 13:57:07.316   545  7086 I DownloadManager: in removeSpuriousFiles, preserving file /data/data/com.android.providers.downloads/cache/metadata-558.htm
07-05 13:57:07.316   545  7086 I DownloadManager: in removeSpuriousFiles, preserving file /data/data/com.android.providers.downloads/cache/metadata-536.htm
07-05 13:57:07.320   545  7086 I DownloadManager: in removeSpuriousFiles, preserving file /data/data/com.android.providers.downloads/cache/metadata-1308.htm
07-05 13:57:07.320   545  7086 I DownloadManager: in removeSpuriousFiles, preserving file /data/data/com.android.providers.downloads/cache/metadata-402.htm
07-05 13:57:07.320   545  7086 I DownloadManager: in removeSpuriousFiles, preserving file /data/data/com.android.providers.downloads/cache/metadata-507.htm
07-05 13:57:07.320   545  7086 I DownloadManager: in removeSpuriousFiles, preserving file /data/data/com.android.providers.downloads/cache/metadata-1337.htm
07-05 13:57:07.320   545  7086 I DownloadManager: in removeSpuriousFiles, preserving file /data/data/com.android.providers.downloads/cache/metadata-510.htm
07-05 13:57:07.320   545  7086 I DownloadManager: in removeSpuriousFiles, preserving file /data/data/com.android.providers.downloads/cache/metadata-363.htm
07-05 13:57:07.320   545  7086 I DownloadManager: in removeSpuriousFiles, preserving file /data/data/com.android.providers.downloads/cache/metadata-570.htm
07-05 13:57:07.320   545  7086 I DownloadManager: in removeSpuriousFiles, preserving file /data/data/com.android.providers.downloads/cache/metadata-2318.htm
07-05 13:57:07.320   545  7086 I DownloadManager: in removeSpuriousFiles, preserving file /data/data/com.android.providers.downloads/cache/metadata-524.htm
07-05 13:57:07.320   545  7086 I DownloadManager: in removeSpuriousFiles, preserving file /data/data/com.android.providers.downloads/cache/metadata-1994.htm
07-05 13:57:07.320   545  7086 I DownloadManager: in removeSpuriousFiles, preserving file /data/data/com.android.providers.downloads/cache/metadata-1277.htm
07-05 13:57:07.320   545  7086 I DownloadManager: in removeSpuriousFiles, preserving file /data/data/com.android.providers.downloads/cache/metadata-1923.htm
07-05 13:57:07.320   545  7086 I DownloadManager: in removeSpuriousFiles, preserving file /data/data/com.android.providers.downloads/cache/metadata-1195.htm
07-05 13:57:07.320   545  7086 I DownloadManager: in removeSpuriousFiles, preserving file /data/data/com.android.providers.downloads/cache/metadata-1501.htm
07-05 13:57:07.320   545  7086 I DownloadManager: in removeSpuriousFiles, preserving file /data/data/com.android.providers.downloads/cache/metadata-514.htm
07-05 13:57:07.320   545  7086 I DownloadManager: in removeSpuriousFiles, preserving file /data/data/com.android.providers.downloads/cache/metadata-3040.htm
07-05 13:57:07.320   545  7086 I DownloadManager: in removeSpuriousFiles, preserving file /data/data/com.android.providers.downloads/cache/metadata-2035.htm
07-05 13:57:07.320   545  7086 I DownloadManager: in removeSpuriousFiles, preserving file /data/data/com.android.providers.downloads/cache/metadata-535.htm
07-05 13:57:07.324   545  7086 I DownloadManager: in removeSpuriousFiles, preserving file /data/data/com.android.providers.downloads/cache/metadata-1874.htm
07-05 13:57:07.324   545  7086 I DownloadManager: in removeSpuriousFiles, preserving file /data/data/com.android.providers.downloads/cache/metadata-2048.htm
07-05 13:57:07.324   545  7086 I DownloadManager: in removeSpuriousFiles, preserving file /data/data/com.android.providers.downloads/cache/metadata-1583.htm
07-05 13:57:07.324   545  7086 I DownloadManager: in removeSpuriousFiles, preserving file /data/data/com.android.providers.downloads/cache/metadata-490.htm
07-05 13:57:07.324   545  7086 I DownloadManager: in removeSpuriousFiles, preserving file /data/data/com.android.providers.downloads/cache/metadata-720.htm
07-05 13:57:07.324   545  7086 I DownloadManager: in removeSpuriousFiles, preserving file /data/data/com.android.providers.downloads/cache/metadata-84.htm
07-05 13:57:07.324   545  7086 I DownloadManager: in removeSpuriousFiles, preserving file /data/data/com.android.providers.downloads/cache/metadata-523.htm
07-05 13:57:07.324   545  7086 I DownloadManager: in removeSpuriousFiles, preserving file /data/data/com.android.providers.downloads/cache/metadata-280.htm
07-05 13:57:07.324   545  7086 I DownloadManager: in removeSpuriousFiles, preserving file /data/data/com.android.providers.downloads/cache/metadata-1555.htm
07-05 13:57:07.324   545  7086 I DownloadManager: in removeSpuriousFiles, preserving file /data/data/com.android.providers.downloads/cache/metadata-859.htm
07-05 13:57:07.324   545  7086 I DownloadManager: in removeSpuriousFiles, preserving file /data/data/com.android.providers.downloads/cache/metadata-1167.htm
07-05 13:57:07.324   545  7086 I DownloadManager: in removeSpuriousFiles, preserving file /data/data/com.android.providers.downloads/cache/metadata-2379.htm
07-05 13:57:07.324   545  7086 I DownloadManager: in removeSpuriousFiles, preserving file /data/data/com.android.providers.downloads/cache/metadata-493.htm
07-05 13:57:07.324   545  7086 I DownloadManager: in removeSpuriousFiles, preserving file /data/data/com.android.providers.downloads/cache/metadata-405.htm
07-05 13:57:07.328   545  7086 I DownloadManager: in removeSpuriousFiles, preserving file /data/data/com.android.providers.downloads/cache/metadata-632.htm
07-05 13:57:07.328   545  7086 I DownloadManager: in removeSpuriousFiles, preserving file /data/data/com.android.providers.downloads/cache/metadata-270.htm
07-05 13:57:07.328   545  7086 I DownloadManager: in removeSpuriousFiles, preserving file /data/data/com.android.providers.downloads/cache/metadata-1904.htm
07-05 13:57:07.328   545  7086 I DownloadManager: in removeSpuriousFiles, preserving file /data/data/com.android.providers.downloads/cache/metadata-477.htm
07-05 13:57:07.328   545  7086 I DownloadManager: in removeSpuriousFiles, preserving file /data/data/com.android.providers.downloads/cache/metadata-579.htm
07-05 13:57:07.328   545  7086 I DownloadManager: in removeSpuriousFiles, preserving file /data/data/com.android.providers.downloads/cache/metadata-952.htm
07-05 13:57:07.328   545  7086 I DownloadManager: in removeSpuriousFiles, preserving file /data/data/com.android.providers.downloads/cache/metadata-1333.htm
07-05 13:57:07.328   545  7086 I DownloadManager: in removeSpuriousFiles, preserving file /data/data/com.android.providers.downloads/cache/metadata-966.htm
07-05 13:57:07.328   545  7086 I DownloadManager: in removeSpuriousFiles, preserving file /data/data/com.android.providers.downloads/cache/metadata-648.htm
07-05 13:57:07.328   545  7086 I DownloadManager: in removeSpuriousFiles, preserving file /data/data/com.android.providers.downloads/cache/metadata-1469.htm
07-05 13:57:07.328   545  7086 I DownloadManager: in removeSpuriousFiles, preserving file /data/data/com.android.providers.downloads/cache/metadata-808.htm
07-05 13:57:07.328   545  7086 I DownloadManager: in removeSpuriousFiles, preserving file /data/data/com.android.providers.downloads/cache/metadata-1041.htm
07-05 13:57:07.336   545  7086 I DownloadManager: in removeSpuriousFiles, preserving file /data/data/com.android.providers.downloads/cache/metadata-1543.htm
07-05 13:57:07.336   545  7086 I DownloadManager: in removeSpuriousFiles, preserving file /data/data/com.android.providers.downloads/cache/metadata-1784.htm
07-05 13:57:07.336   545  7086 I DownloadManager: in removeSpuriousFiles, preserving file /data/data/com.android.providers.downloads/cache/metadata-1255.htm
07-05 13:57:07.336   545  7086 I DownloadManager: in removeSpuriousFiles, preserving file /data/data/com.android.providers.downloads/cache/metadata-909.htm
07-05 13:57:07.336   545  7086 I DownloadManager: in removeSpuriousFiles, preserving file /data/data/com.android.providers.downloads/cache/metadata-953.htm
07-05 13:57:07.336   545  7086 I DownloadManager: in removeSpuriousFiles, preserving file /data/data/com.android.providers.downloads/cache/metadata-4.htm
07-05 13:57:07.336   545  7086 I DownloadManager: in removeSpuriousFiles, preserving file /data/data/com.android.providers.downloads/cache/metadata-19.htm
07-05 13:57:07.336   545  7086 I DownloadManager: in removeSpuriousFiles, preserving file /data/data/com.android.providers.downloads/cache/metadata-308.htm
07-05 13:57:07.336   545  7086 I DownloadManager: in removeSpuriousFiles, preserving file /data/data/com.android.providers.downloads/cache/metadata-2.htm
07-05 13:57:07.336   545  7086 I DownloadManager: in removeSpuriousFiles, preserving file /data/data/com.android.providers.downloads/cache/metadata-13.htm
07-05 13:57:07.336   545  7086 I DownloadManager: in removeSpuriousFiles, preserving file /data/data/com.android.providers.downloads/cache/metadata-28.htm
07-05 13:57:07.336   545  7086 I DownloadManager: in removeSpuriousFiles, preserving file /data/data/com.android.providers.downloads/cache/metadata-23.htm
07-05 13:57:07.336   545  7086 I DownloadManager: in removeSpuriousFiles, preserving file /data/data/com.android.providers.downloads/cache/metadata-35.htm
07-05 13:57:07.336   545  7086 I DownloadManager: in removeSpuriousFiles, preserving file /data/data/com.android.providers.downloads/cache/metadata-46.htm
07-05 13:57:07.336   545  7086 I DownloadManager: in removeSpuriousFiles, preserving file /data/data/com.android.providers.downloads/cache/metadata-69.htm
07-05 13:57:07.336   545  7086 I DownloadManager: in removeSpuriousFiles, preserving file /data/data/com.android.providers.downloads/cache/metadata-285.htm
07-05 13:57:07.336   545  7086 I DownloadManager: in removeSpuriousFiles, preserving file /data/data/com.android.providers.downloads/cache/metadata-49.htm
07-05 13:57:07.336   545  7086 I DownloadManager: in removeSpuriousFiles, preserving file /data/data/com.android.providers.downloads/cache/metadata-267.htm
07-05 13:57:07.336   545  7086 I DownloadManager: in removeSpuriousFiles, preserving file /data/data/com.android.providers.downloads/cache/metadata-290.htm
07-05 13:57:07.336   545  7086 I DownloadManager: in removeSpuriousFiles, preserving file /data/data/com.android.providers.downloads/cache/metadata-607.htm
07-05 13:57:07.336   545  7086 I DownloadManager: in removeSpuriousFiles, preserving file /data/data/com.android.providers.downloads/cache/metadata-534.htm
07-05 13:57:07.336   545  7086 I DownloadManager: in removeSpuriousFiles, preserving file /data/data/com.android.providers.downloads/cache/metadata-56.htm
07-05 13:57:07.336   545  7086 I DownloadManager: in removeSpuriousFiles, preserving file /data/data/com.android.providers.downloads/cache/metadata-471.htm
07-05 13:57:07.336   545  7086 I DownloadManager: in removeSpuriousFiles, preserving file /data/data/com.android.providers.downloads/cache/metadata-1142.htm
07-05 13:57:07.336   545  7086 I DownloadManager: in removeSpuriousFiles, preserving file /data/data/com.android.providers.downloads/cache/metadata-309.htm
07-05 13:57:07.336   545  7086 I DownloadManager: in removeSpuriousFiles, preserving file /data/data/com.android.providers.downloads/cache/metadata-253.htm
07-05 13:57:07.336   545  7086 I DownloadManager: in removeSpuriousFiles, preserving file /data/data/com.android.providers.downloads/cache/metadata-1388.htm
07-05 13:57:07.336   545  7086 I DownloadManager: in removeSpuriousFiles, preserving file /data/data/com.android.providers.downloads/cache/metadata-962.htm
07-05 13:57:07.336   545  7086 I DownloadManager: in removeSpuriousFiles, preserving file /data/data/com.android.providers.downloads/cache/metadata-134.htm
07-05 13:57:07.340   545  7086 I DownloadManager: in removeSpuriousFiles, preserving file /data/data/com.android.providers.downloads/cache/metadata-449.htm
07-05 13:57:07.340   545  7086 I DownloadManager: in removeSpuriousFiles, preserving file /data/data/com.android.providers.downloads/cache/metadata-258.htm
07-05 13:57:07.340   545  7086 I DownloadManager: in removeSpuriousFiles, preserving file /data/data/com.android.providers.downloads/cache/metadata-200.htm
07-05 13:57:07.340   545  7086 I DownloadManager: in removeSpuriousFiles, preserving file /data/data/com.android.providers.downloads/cache/metadata-2170.htm
07-05 13:57:07.340   545  7086 I DownloadManager: in removeSpuriousFiles, preserving file /data/data/com.android.providers.downloads/cache/metadata-95.htm
07-05 13:57:07.340   545  7086 I DownloadManager: in removeSpuriousFiles, preserving file /data/data/com.android.providers.downloads/cache/metadata-223.htm
07-05 13:57:07.340   545  7086 I DownloadManager: in removeSpuriousFiles, preserving file /data/data/com.android.providers.downloads/cache/metadata-936.htm
07-05 13:57:07.340   545  7086 I DownloadManager: in removeSpuriousFiles, preserving file /data/data/com.android.providers.downloads/cache/metadata-110.htm
07-05 13:57:07.340   545  7086 I DownloadManager: in removeSpuriousFiles, preserving file /data/data/com.android.providers.downloads/cache/metadata-389.htm
07-05 13:57:07.340   545  7086 I DownloadManager: in removeSpuriousFiles, preserving file /data/data/com.android.providers.downloads/cache/metadata-279.htm
07-05 13:57:07.340   545  7086 I DownloadManager: in removeSpuriousFiles, preserving file /data/data/com.android.providers.downloads/cache/metadata-2055.htm
07-05 13:57:07.340   545  7086 I DownloadManager: in removeSpuriousFiles, preserving file /data/data/com.android.providers.downloads/cache/metadata-553.htm
07-05 13:57:07.340   545  7086 I DownloadManager: in removeSpuriousFiles, preserving file /data/data/com.android.providers.downloads/cache/metadata-444.htm
07-05 13:57:07.340   545  7086 I DownloadManager: in removeSpuriousFiles, preserving file /data/data/com.android.providers.downloads/cache/metadata-520.htm
07-05 13:57:07.340   545  7086 I DownloadManager: in removeSpuriousFiles, preserving file /data/data/com.android.providers.downloads/cache/metadata-384.htm
07-05 13:57:07.340   545  7086 I DownloadManager: in removeSpuriousFiles, preserving file /data/data/com.android.providers.downloads/cache/metadata-456.htm
07-05 13:57:07.340   545  7086 I DownloadManager: in removeSpuriousFiles, preserving file /data/data/com.android.providers.downloads/cache/metadata-448.htm
07-05 13:57:07.340   545  7086 I DownloadManager: in removeSpuriousFiles, preserving file /data/data/com.android.providers.downloads/cache/metadata-122.htm
07-05 13:57:07.340   545  7086 I DownloadManager: in removeSpuriousFiles, preserving file /data/data/com.android.providers.downloads/cache/metadata-195.htm
07-05 13:57:07.340   545  7086 I DownloadManager: in removeSpuriousFiles, preserving file /data/data/com.android.providers.downloads/cache/metadata-452.htm
07-05 13:57:07.340   545  7086 I DownloadManager: in removeSpuriousFiles, preserving file /data/data/com.android.providers.downloads/cache/metadata-454.htm
07-05 13:57:07.340   545  7086 I DownloadManager: in removeSpuriousFiles, preserving file /data/data/com.android.providers.downloads/cache/metadata-433.htm
07-05 13:57:07.340   545  7086 I DownloadManager: in removeSpuriousFiles, preserving file /data/data/com.android.providers.downloads/cache/metadata-98.htm
07-05 13:57:07.340   545  7086 I DownloadManager: in removeSpuriousFiles, preserving file /data/data/com.android.providers.downloads/cache/metadata-337.htm
07-05 13:57:07.340   545  7086 I DownloadManager: in removeSpuriousFiles, preserving file /data/data/com.android.providers.downloads/cache/metadata-1061.htm
07-05 13:57:07.340   545  7086 I DownloadManager: in removeSpuriousFiles, preserving file /data/data/com.android.providers.downloads/cache/metadata-282.htm
07-05 13:57:07.340   545  7086 I DownloadManager: in removeSpuriousFiles, preserving file /data/data/com.android.providers.downloads/cache/metadata-74.htm
07-05 13:57:07.340   545  7086 I DownloadManager: in removeSpuriousFiles, preserving file /data/data/com.android.providers.downloads/cache/metadata-697.htm
07-05 13:57:07.340   545  7086 I DownloadManager: in removeSpuriousFiles, preserving file /data/data/com.android.providers.downloads/cache/metadata-685.htm
07-05 13:57:07.340   545  7086 I DownloadManager: in removeSpuriousFiles, preserving file /data/data/com.android.providers.downloads/cache/metadata-2020.htm
07-05 13:57:07.340   545  7086 I DownloadManager: in removeSpuriousFiles, preserving file /data/data/com.android.providers.downloads/cache/metadata-1597.htm
07-05 13:57:07.340   545  7086 I DownloadManager: in removeSpuriousFiles, preserving file /data/data/com.android.providers.downloads/cache/metadata-628.htm
07-05 13:57:07.343   545  7086 I DownloadManager: in removeSpuriousFiles, preserving file /data/data/com.android.providers.downloads/cache/metadata-2484.htm
07-05 13:57:07.343   545  7086 I DownloadManager: in removeSpuriousFiles, preserving file /data/data/com.android.providers.downloads/cache/metadata-1442.htm
07-05 13:57:07.343   545  7086 I DownloadManager: in removeSpuriousFiles, preserving file /data/data/com.android.providers.downloads/cache/metadata-807.htm
07-05 13:57:07.343   545  7086 I DownloadManager: in removeSpuriousFiles, preserving file /data/data/com.android.providers.downloads/cache/metadata-260.htm
07-05 13:57:07.343   545  7086 I DownloadManager: in removeSpuriousFiles, preserving file /data/data/com.android.providers.downloads/cache/metadata-378.htm
07-05 13:57:07.343   545  7086 I DownloadManager: in removeSpuriousFiles, preserving file /data/data/com.android.providers.downloads/cache/metadata-1350.htm
07-05 13:57:07.343   545  7086 I DownloadManager: in removeSpuriousFiles, preserving file /data/data/com.android.providers.downloads/cache/metadata-2337.htm
07-05 13:57:07.343   545  7086 I DownloadManager: in removeSpuriousFiles, preserving file /data/data/com.android.providers.downloads/cache/metadata-571.htm
07-05 13:57:07.343   545  7086 I DownloadManager: in removeSpuriousFiles, preserving file /data/data/com.android.providers.downloads/cache/metadata-693.htm
07-05 13:57:07.343   545  7086 I DownloadManager: in removeSpuriousFiles, preserving file /data/data/com.android.providers.downloads/cache/metadata-554.htm
07-05 13:57:07.343   545  7086 I DownloadManager: in removeSpuriousFiles, preserving file /data/data/com.android.providers.downloads/cache/metadata-244.htm
07-05 13:57:07.343   545  7086 I DownloadManager: in removeSpuriousFiles, preserving file /data/data/com.android.providers.downloads/cache/metadata-1318.htm
07-05 13:57:07.343   545  7086 I DownloadManager: in removeSpuriousFiles, preserving file /data/data/com.android.providers.downloads/cache/metadata-679.htm
07-05 13:57:07.343   545  7086 I DownloadManager: in removeSpuriousFiles, preserving file /data/data/com.android.providers.downloads/cache/metadata-355.htm
07-05 13:57:07.343   545  7086 I DownloadManager: in removeSpuriousFiles, preserving file /data/data/com.android.providers.downloads/cache/metadata-1189.htm
07-05 13:57:07.343   545  7086 I DownloadManager: in removeSpuriousFiles, preserving file /data/data/com.android.providers.downloads/cache/metadata-391.htm
07-05 13:57:07.343   545  7086 I DownloadManager: in removeSpuriousFiles, preserving file /data/data/com.android.providers.downloads/cache/metadata-533.htm
07-05 13:57:07.343   545  7086 I DownloadManager: in removeSpuriousFiles, preserving file /data/data/com.android.providers.downloads/cache/metadata-2024.htm
07-05 13:57:07.343   545  7086 I DownloadManager: in removeSpuriousFiles, preserving file /data/data/com.android.providers.downloads/cache/metadata-563.htm
07-05 13:57:07.343   545  7086 I DownloadManager: in removeSpuriousFiles, preserving file /data/data/com.android.providers.downloads/cache/metadata-423.htm
07-05 13:57:07.343   545  7086 I DownloadManager: in removeSpuriousFiles, preserving file /data/data/com.android.providers.downloads/cache/metadata-588.htm
07-05 13:57:07.343   545  7086 I DownloadManager: in removeSpuriousFiles, preserving file /data/data/com.android.providers.downloads/cache/metadata-2022.htm
07-05 13:57:07.343   545  7086 I DownloadManager: in removeSpuriousFiles, preserving file /data/data/com.android.providers.downloads/cache/metadata-1454.htm
07-05 13:57:07.343   545  7086 I DownloadManager: in removeSpuriousFiles, preserving file /data/data/com.android.providers.downloads/cache/metadata-577.htm
07-05 13:57:07.343   545  7086 I DownloadManager: in removeSpuriousFiles, preserving file /data/data/com.android.providers.downloads/cache/metadata-111.htm
07-05 13:57:07.343   545  7086 I DownloadManager: in removeSpuriousFiles, preserving file /data/data/com.android.providers.downloads/cache/metadata-1929.htm
07-05 13:57:07.343   545  7086 I DownloadManager: in removeSpuriousFiles, preserving file /data/data/com.android.providers.downloads/cache/metadata-2322.htm
07-05 13:57:07.347   545  7086 I DownloadManager: in removeSpuriousFiles, preserving file /data/data/com.android.providers.downloads/cache/metadata-302.htm
07-05 13:57:07.347   545  7086 I DownloadManager: in removeSpuriousFiles, preserving file /data/data/com.android.providers.downloads/cache/metadata-1284.htm
07-05 13:57:07.347   545  7086 I DownloadManager: in removeSpuriousFiles, preserving file /data/data/com.android.providers.downloads/cache/metadata-974.htm
07-05 13:57:07.347   545  7086 I DownloadManager: in removeSpuriousFiles, preserving file /data/data/com.android.providers.downloads/cache/metadata-1517.htm
07-05 13:57:07.347   545  7086 I DownloadManager: in removeSpuriousFiles, preserving file /data/data/com.android.providers.downloads/cache/metadata-1162.htm
07-05 13:57:07.347   545  7086 I DownloadManager: in removeSpuriousFiles, preserving file /data/data/com.android.providers.downloads/cache/metadata-1179.htm
07-05 13:57:07.347   545  7086 I DownloadManager: in removeSpuriousFiles, preserving file /data/data/com.android.providers.downloads/cache/metadata-662.htm
07-05 13:57:07.347   545  7086 I DownloadManager: in removeSpuriousFiles, preserving file /data/data/com.android.providers.downloads/cache/metadata-689.htm
07-05 13:57:07.347   545  7086 I DownloadManager: in removeSpuriousFiles, preserving file /data/data/com.android.providers.downloads/cache/metadata-339.htm
07-05 13:57:07.347   545  7086 I DownloadManager: in removeSpuriousFiles, preserving file /data/data/com.android.providers.downloads/cache/metadata-591.htm
07-05 13:57:07.347   545  7086 I DownloadManager: in removeSpuriousFiles, preserving file /data/data/com.android.providers.downloads/cache/metadata-487.htm
07-05 13:57:07.347   545  7086 I DownloadManager: in removeSpuriousFiles, preserving file /data/data/com.android.providers.downloads/cache/metadata-1054.htm
07-05 13:57:07.347   545  7086 I DownloadManager: in removeSpuriousFiles, preserving file /data/data/com.android.providers.downloads/cache/metadata-833.htm
07-05 13:57:07.347   545  7086 I DownloadManager: in removeSpuriousFiles, preserving file /data/data/com.android.providers.downloads/cache/metadata-595.htm
07-05 13:57:07.347   545  7086 I DownloadManager: in removeSpuriousFiles, preserving file /data/data/com.android.providers.downloads/cache/metadata-566.htm
07-05 13:57:07.347   545  7086 I DownloadManager: in removeSpuriousFiles, preserving file /data/data/com.android.providers.downloads/cache/metadata-728.htm
07-05 13:57:07.347   545  7086 I DownloadManager: in removeSpuriousFiles, preserving file /data/data/com.android.providers.downloads/cache/metadata-1269.htm
07-05 13:57:07.347   545  7086 I DownloadManager: in removeSpuriousFiles, preserving file /data/data/com.android.providers.downloads/cache/metadata-1744.htm
07-05 13:57:07.347   545  7086 I DownloadManager: in removeSpuriousFiles, preserving file /data/data/com.android.providers.downloads/cache/metadata-3026.htm
07-05 13:57:07.347   545  7086 I DownloadManager: in removeSpuriousFiles, preserving file /data/data/com.android.providers.downloads/cache/metadata-740.htm
07-05 13:57:07.347   545  7086 I DownloadManager: in removeSpuriousFiles, preserving file /data/data/com.android.providers.downloads/cache/metadata-968.htm
07-05 13:57:07.347   545  7086 I DownloadManager: in removeSpuriousFiles, preserving file /data/data/com.android.providers.downloads/cache/metadata-458.htm
07-05 13:57:07.351   545  7086 I DownloadManager: in removeSpuriousFiles, preserving file /data/data/com.android.providers.downloads/cache/metadata-1273.htm
07-05 13:57:07.351   545  7086 I DownloadManager: in removeSpuriousFiles, preserving file /data/data/com.android.providers.downloads/cache/metadata-1586.htm
07-05 13:57:07.351   545  7086 I DownloadManager: in removeSpuriousFiles, preserving file /data/data/com.android.providers.downloads/cache/metadata-2291.htm
07-05 13:57:07.351   545  7086 I DownloadManager: in removeSpuriousFiles, preserving file /data/data/com.android.providers.downloads/cache/metadata-1010.htm
07-05 13:57:07.351   545  7086 I DownloadManager: in removeSpuriousFiles, preserving file /data/data/com.android.providers.downloads/cache/metadata-1172.htm
07-05 13:57:07.351   545  7086 I DownloadManager: in removeSpuriousFiles, preserving file /data/data/com.android.providers.downloads/cache/metadata-1450.htm
07-05 13:57:07.351   545  7086 I DownloadManager: in removeSpuriousFiles, preserving file /data/data/com.android.providers.downloads/cache/metadata-1857.htm
07-05 13:57:07.351   545  7086 I DownloadManager: in removeSpuriousFiles, preserving file /data/data/com.android.providers.downloads/cache/metadata-1209.htm
07-05 13:57:07.351   545  7086 I DownloadManager: in removeSpuriousFiles, preserving file /data/data/com.android.providers.downloads/cache/metadata-2801.htm
07-05 13:57:07.351   545  7086 I DownloadManager: in removeSpuriousFiles, preserving file /data/data/com.android.providers.downloads/cache/metadata-813.htm
07-05 13:57:07.351   545  7086 I DownloadManager: in removeSpuriousFiles, preserving file /data/data/com.android.providers.downloads/cache/metadata-1083.htm
07-05 13:57:07.351   545  7086 I DownloadManager: in removeSpuriousFiles, preserving file /data/data/com.android.providers.downloads/cache/metadata-574.htm
07-05 13:57:07.351   545  7086 I DownloadManager: in removeSpuriousFiles, preserving file /data/data/com.android.providers.downloads/cache/metadata-1390.htm
07-05 13:57:07.351   545  7086 I DownloadManager: in removeSpuriousFiles, preserving file /data/data/com.android.providers.downloads/cache/metadata-2266.htm
07-05 13:57:07.351   545  7086 I DownloadManager: in removeSpuriousFiles, preserving file /data/data/com.android.providers.downloads/cache/metadata-512.htm
07-05 13:57:07.351   545  7086 I DownloadManager: in removeSpuriousFiles, preserving file /data/data/com.android.providers.downloads/cache/metadata-1896.htm
07-05 13:57:07.351   545  7086 I DownloadManager: in removeSpuriousFiles, preserving file /data/data/com.android.providers.downloads/cache/metadata-855.htm
07-05 13:57:07.351   545  7086 I DownloadManager: deleting spurious file /cache/dalvik-cache
07-05 13:57:07.351   545  7086 I DownloadManager: deleting spurious file /data/data/com.android.providers.downloads/cache/metadata-1.htm
07-05 13:57:07.351   545  7086 I DownloadManager: deleting spurious file /data/data/com.android.providers.downloads/cache/metadata-9.htm
07-05 13:57:07.351   545  7086 I DownloadManager: deleting spurious file /data/data/com.android.providers.downloads/cache/metadata-51.htm
07-05 13:57:07.351   545  7086 I DownloadManager: deleting spurious file /data/data/com.android.providers.downloads/cache/metadata-53.htm
07-05 13:57:07.351   545  7086 I DownloadManager: deleting spurious file /data/data/com.android.providers.downloads/cache/metadata-22.htm
07-05 13:57:07.351   545  7086 I DownloadManager: deleting spurious file /data/data/com.android.providers.downloads/cache/metadata-41.htm
07-05 13:57:07.351   545  7086 I DownloadManager: deleting spurious file /data/data/com.android.providers.downloads/cache/metadata-34.htm
07-05 13:57:07.351   545  7086 I DownloadManager: deleting spurious file /data/data/com.android.providers.downloads/cache/metadata-442.htm
07-05 13:57:07.351   545  7086 I DownloadManager: deleting spurious file /data/data/com.android.providers.downloads/cache/metadata-12.htm
07-05 13:57:07.351   545  7086 I DownloadManager: deleting spurious file /data/data/com.android.providers.downloads/cache/metadata-278.htm
07-05 13:57:07.351   545  7086 I DownloadManager: deleting spurious file /data/data/com.android.providers.downloads/cache/metadata-47.htm
07-05 13:57:07.351   545  7086 I DownloadManager: deleting spurious file /data/data/com.android.providers.downloads/cache/metadata-415.htm
07-05 13:57:07.351   545  7086 I DownloadManager: deleting spurious file /data/data/com.android.providers.downloads/cache/metadata-131.htm
07-05 13:57:07.351   545  7086 I DownloadManager: deleting spurious file /data/data/com.android.providers.downloads/cache/metadata-129.htm
07-05 13:57:07.351   545  7086 I DownloadManager: deleting spurious file /data/data/com.android.providers.downloads/cache/metadata-1426.htm
07-05 13:57:07.351   545  7086 I DownloadManager: deleting spurious file /data/data/com.android.providers.downloads/cache/metadata-1522.htm
07-05 13:57:07.351   545  7086 I DownloadManager: deleting spurious file /data/data/com.android.providers.downloads/cache/metadata-100.htm
07-05 13:57:07.351   545  7086 I DownloadManager: deleting spurious file /data/data/com.android.providers.downloads/cache/metadata-225.htm
07-05 13:57:07.351   545  7086 I DownloadManager: deleting spurious file /data/data/com.android.providers.downloads/cache/metadata-1157.htm
07-05 13:57:07.351   545  7086 I DownloadManager: deleting spurious file /data/data/com.android.providers.downloads/cache/metadata-352.htm
07-05 13:57:07.351   545  7086 I DownloadManager: deleting spurious file /data/data/com.android.providers.downloads/cache/metadata-462.htm
07-05 13:57:07.351   545  7086 I DownloadManager: deleting spurious file /data/data/com.android.providers.downloads/cache/metadata-342.htm
07-05 13:57:07.355   545  7086 I DownloadManager: deleting spurious file /data/data/com.android.providers.downloads/cache/metadata-214.htm
07-05 13:57:07.355   545  7086 I DownloadManager: deleting spurious file /data/data/com.android.providers.downloads/cache/metadata-414.htm
07-05 13:57:07.355   545  7086 I DownloadManager: deleting spurious file /data/data/com.android.providers.downloads/cache/metadata-437.htm
07-05 13:57:07.355   545  7086 I DownloadManager: deleting spurious file /data/data/com.android.providers.downloads/cache/metadata-421.htm
07-05 13:57:07.355   545  7086 I DownloadManager: deleting spurious file /data/data/com.android.providers.downloads/cache/metadata-376.htm
07-05 13:57:07.355   545  7086 I DownloadManager: deleting spurious file /data/data/com.android.providers.downloads/cache/metadata-2018.htm
07-05 13:57:07.355   545  7086 I DownloadManager: deleting spurious file /data/data/com.android.providers.downloads/cache/metadata-2371.htm
07-05 13:57:07.355   545  7086 I DownloadManager: deleting spurious file /data/data/com.android.providers.downloads/cache/metadata-222.htm
07-05 13:57:07.355   545  7086 I DownloadManager: deleting spurious file /data/data/com.android.providers.downloads/cache/metadata-1766.htm
07-05 13:57:07.355   545  7086 I DownloadManager: deleting spurious file /data/data/com.android.providers.downloads/cache/metadata-1046.htm
07-05 13:57:07.355   545  7086 I DownloadManager: deleting spurious file /data/data/com.android.providers.downloads/cache/metadata-1169.htm
07-05 13:57:07.355   545  7086 I DownloadManager: deleting spurious file /data/data/com.android.providers.downloads/cache/metadata-431.htm
07-05 13:57:07.355   545  7086 I DownloadManager: deleting spurious file /data/data/com.android.providers.downloads/cache/metadata-393.htm
07-05 13:57:07.355   545  7086 I DownloadManager: deleting spurious file /data/data/com.android.providers.downloads/cache/metadata-1121.htm
07-05 13:57:07.355   545  7086 I DownloadManager: deleting spurious file /data/data/com.android.providers.downloads/cache/metadata-455.htm
07-05 13:57:07.355   545  7086 I DownloadManager: deleting spurious file /data/data/com.android.providers.downloads/cache/metadata-450.htm
07-05 13:57:07.355   545  7086 I DownloadManager: deleting spurious file /data/data/com.android.providers.downloads/cache/metadata-532.htm
07-05 13:57:07.355   545  7086 I DownloadManager: deleting spurious file /data/data/com.android.providers.downloads/cache/metadata-177.htm
07-05 13:57:07.355   545  7086 I DownloadManager: deleting spurious file /data/data/com.android.providers.downloads/cache/metadata-1646.htm
07-05 13:57:07.355   545  7086 I DownloadManager: deleting spurious file /data/data/com.android.providers.downloads/cache/metadata-371.htm
07-05 13:57:07.355   545  7086 I DownloadManager: deleting spurious file /data/data/com.android.providers.downloads/cache/metadata-597.htm
07-05 13:57:07.355   545  7086 I DownloadManager: deleting spurious file /data/data/com.android.providers.downloads/cache/metadata-425.htm
07-05 13:57:07.355   545  7086 I DownloadManager: deleting spurious file /data/data/com.android.providers.downloads/cache/metadata-379.htm
07-05 13:57:07.355   545  7086 I DownloadManager: deleting spurious file /data/data/com.android.providers.downloads/cache/metadata-1032.htm
07-05 13:57:07.355   545  7086 I DownloadManager: deleting spurious file /data/data/com.android.providers.downloads/cache/metadata-221.htm
07-05 13:57:07.355   545  7086 I DownloadManager: deleting spurious file /data/data/com.android.providers.downloads/cache/metadata-1265.htm
07-05 13:57:07.359   545  7086 I DownloadManager: deleting spurious file /data/data/com.android.providers.downloads/cache/metadata-341.htm
07-05 13:57:07.359   545  7086 I DownloadManager: deleting spurious file /data/data/com.android.providers.downloads/cache/metadata-412.htm
07-05 13:57:07.359   545  7086 I DownloadManager: deleting spurious file /data/data/com.android.providers.downloads/cache/metadata-366.htm
07-05 13:57:07.359   545  7086 I DownloadManager: deleting spurious file /data/data/com.android.providers.downloads/cache/metadata-967.htm
07-05 13:57:07.359   545  7086 I DownloadManager: deleting spurious file /data/data/com.android.providers.downloads/cache/metadata-1408.htm
07-05 13:57:07.359   545  7086 I DownloadManager: deleting spurious file /data/data/com.android.providers.downloads/cache/metadata-470.htm
07-05 13:57:07.359   545  7086 I DownloadManager: deleting spurious file /data/data/com.android.providers.downloads/cache/metadata-546.htm
07-05 13:57:07.359   545  7086 I DownloadManager: deleting spurious file /data/data/com.android.providers.downloads/cache/metadata-1380.htm
07-05 13:57:07.359   545  7086 I DownloadManager: deleting spurious file /data/data/com.android.providers.downloads/cache/metadata-499.htm
07-05 13:57:07.359   545  7086 I DownloadManager: deleting spurious file /data/data/com.android.providers.downloads/cache/metadata-1211.htm
07-05 13:57:07.359   545  7086 I DownloadManager: deleting spurious file /data/data/com.android.providers.downloads/cache/metadata-850.htm
07-05 13:57:07.359   545  7086 I DownloadManager: deleting spurious file /data/data/com.android.providers.downloads/cache/metadata-960.htm
07-05 13:57:07.359   545  7086 I DownloadManager: deleting spurious file /data/data/com.android.providers.downloads/cache/metadata-529.htm
07-05 13:57:07.359   545  7086 I DownloadManager: deleting spurious file /data/data/com.android.providers.downloads/cache/metadata-1097.htm
07-05 13:57:07.359   545  7086 I DownloadManager: deleting spurious file /data/data/com.android.providers.downloads/cache/metadata-1628.htm
07-05 13:57:07.359   545  7086 I DownloadManager: deleting spurious file /data/data/com.android.providers.downloads/cache/metadata-898.htm
07-05 13:57:07.359   545  7086 I DownloadManager: deleting spurious file /data/data/com.android.providers.downloads/cache/metadata-447.htm
07-05 13:57:07.359   545  7086 I DownloadManager: deleting spurious file /data/data/com.android.providers.downloads/cache/metadata-466.htm
07-05 13:57:07.359   545  7086 I DownloadManager: deleting spurious file /data/data/com.android.providers.downloads/cache/metadata-547.htm
07-05 13:57:07.359   545  7086 I DownloadManager: deleting spurious file /data/data/com.android.providers.downloads/cache/metadata-3193.htm
07-05 13:57:07.359   545  7086 I DownloadManager: deleting spurious file /data/data/com.android.providers.downloads/cache/metadata-407.htm
07-05 13:57:07.359   545  7086 I DownloadManager: deleting spurious file /data/data/com.android.providers.downloads/cache/metadata-528.htm
07-05 13:57:07.359   545  7086 I DownloadManager: deleting spurious file /data/data/com.android.providers.downloads/cache/metadata-718.htm
07-05 13:57:07.359   545  7086 I DownloadManager: deleting spurious file /data/data/com.android.providers.downloads/cache/metadata-1106.htm
07-05 13:57:07.359   545  7086 I DownloadManager: deleting spurious file /data/data/com.android.providers.downloads/cache/metadata-816.htm
07-05 13:57:07.359   545  7086 I DownloadManager: deleting spurious file /data/data/com.android.providers.downloads/cache/metadata-786.htm
07-05 13:57:07.363   545  7086 I DownloadManager: deleting spurious file /data/data/com.android.providers.downloads/cache/metadata-1208.htm
07-05 13:57:07.363   545  7086 I DownloadManager: deleting spurious file /data/data/com.android.providers.downloads/cache/metadata-805.htm
07-05 13:57:07.363   545  7086 I DownloadManager: deleting spurious file /data/data/com.android.providers.downloads/cache/metadata-1829.htm
07-05 13:57:07.363   545  7086 I DownloadManager: deleting spurious file /data/data/com.android.providers.downloads/cache/metadata-1103.htm
07-05 13:57:07.363   545  7086 I DownloadManager: deleting spurious file /data/data/com.android.providers.downloads/cache/metadata-1439.htm
07-05 13:57:07.363   545  7086 I DownloadManager: deleting spurious file /data/data/com.android.providers.downloads/cache/metadata-836.htm
07-05 13:57:07.363   545  7086 I DownloadManager: deleting spurious file /data/data/com.android.providers.downloads/cache/metadata-899.htm
07-05 13:57:07.363   545  7086 I DownloadManager: deleting spurious file /data/data/com.android.providers.downloads/cache/metadata-825.htm
07-05 13:57:07.363   545  7086 I DownloadManager: deleting spurious file /data/data/com.android.providers.downloads/cache/metadata-708.htm
07-05 13:57:07.363   545  7086 I DownloadManager: deleting spurious file /data/data/com.android.providers.downloads/cache/metadata-949.htm
07-05 13:57:07.363   545  7086 I DownloadManager: deleting spurious file /data/data/com.android.providers.downloads/cache/metadata-891.htm
07-05 13:57:07.363   545  7086 I DownloadManager: deleting spurious file /data/data/com.android.providers.downloads/cache/metadata-736.htm
07-05 13:57:07.363   545  7086 I DownloadManager: deleting spurious file /data/data/com.android.providers.downloads/cache/metadata-420.htm
07-05 13:57:07.363   545  7086 I DownloadManager: deleting spurious file /data/data/com.android.providers.downloads/cache/metadata-1089.htm
07-05 13:57:07.363   545  7086 I DownloadManager: deleting spurious file /data/data/com.android.providers.downloads/cache/metadata-1433.htm
07-05 13:57:07.363   545  7086 I DownloadManager: deleting spurious file /data/data/com.android.providers.downloads/cache/metadata-542.htm
07-05 13:57:07.363   545  7086 I DownloadManager: deleting spurious file /data/data/com.android.providers.downloads/cache/metadata-1740.htm
07-05 13:57:07.363   545  7086 I DownloadManager: deleting spurious file /data/data/com.android.providers.downloads/cache/metadata-1248.htm
07-05 13:57:07.363   545  7086 I DownloadManager: deleting spurious file /data/data/com.android.providers.downloads/cache/metadata-731.htm
07-05 13:57:07.363   545  7086 I DownloadManager: deleting spurious file /data/data/com.android.providers.downloads/cache/metadata-605.htm
07-05 13:57:07.363   545  7086 I DownloadManager: deleting spurious file /data/data/com.android.providers.downloads/cache/metadata-515.htm
07-05 13:57:07.363   545  7086 I DownloadManager: deleting spurious file /data/data/com.android.providers.downloads/cache/metadata-1279.htm
07-05 13:57:07.363   545  7086 I DownloadManager: deleting spurious file /data/data/com.android.providers.downloads/cache/metadata-2299.htm
07-05 13:57:07.363   545  7086 I DownloadManager: deleting spurious file /data/data/com.android.providers.downloads/cache/metadata-1266.htm
07-05 13:57:07.363   545  7086 I DownloadManager: deleting spurious file /data/data/com.android.providers.downloads/cache/metadata-497.htm
07-05 13:57:07.363   545  7086 I DownloadManager: deleting spurious file /data/data/com.android.providers.downloads/cache/metadata-1323.htm
07-05 13:57:07.363   545  7086 I DownloadManager: deleting spurious file /data/data/com.android.providers.downloads/cache/metadata-1803.htm
07-05 13:57:07.367   545  7086 I DownloadManager: deleting spurious file /data/data/com.android.providers.downloads/cache/metadata-1000.htm
07-05 13:57:07.367   545  7086 I DownloadManager: deleting spurious file /data/data/com.android.providers.downloads/cache/metadata-754.htm
07-05 13:57:07.367   545  7086 I DownloadManager: deleting spurious file /data/data/com.android.providers.downloads/cache/metadata-1070.htm
07-05 13:57:07.367   545  7086 I DownloadManager: deleting spurious file /data/data/com.android.providers.downloads/cache/metadata-1453.htm
07-05 13:57:07.367   545  7086 I DownloadManager: deleting spurious file /data/data/com.android.providers.downloads/cache/metadata-1602.htm
07-05 13:57:07.367   545  7086 I DownloadManager: deleting spurious file /data/data/com.android.providers.downloads/cache/metadata-1945.htm
07-05 13:57:07.367   545  7086 I DownloadManager: deleting spurious file /data/data/com.android.providers.downloads/cache/metadata-647.htm
07-05 13:57:07.367   545  7086 I DownloadManager: deleting spurious file /data/data/com.android.providers.downloads/cache/metadata-1435.htm
07-05 13:57:07.367   545  7086 I DownloadManager: deleting spurious file /data/data/com.android.providers.downloads/cache/metadata-1088.htm
07-05 13:57:07.367   545  7086 I DownloadManager: deleting spurious file /data/data/com.android.providers.downloads/cache/metadata-1059.htm
07-05 13:57:07.367   545  7086 I DownloadManager: deleting spurious file /data/data/com.android.providers.downloads/cache/metadata-1412.htm
07-05 13:57:07.367   545  7086 I DownloadManager: deleting spurious file /data/data/com.android.providers.downloads/cache/metadata-669.htm
07-05 13:57:07.367   545  7086 I DownloadManager: deleting spurious file /data/data/com.android.providers.downloads/cache/metadata-712.htm
07-05 13:57:07.367   545  7086 I DownloadManager: deleting spurious file /data/data/com.android.providers.downloads/cache/metadata-1788.htm
07-05 13:57:07.367   545  7086 I DownloadManager: deleting spurious file /data/data/com.android.providers.downloads/cache/metadata-2454.htm
07-05 13:57:07.367   545  7086 I DownloadManager: deleting spurious file /data/data/com.android.providers.downloads/cache/metadata-1542.htm
07-05 13:57:07.367   545  7086 I DownloadManager: deleting spurious file /data/data/com.android.providers.downloads/cache/metadata-882.htm
07-05 13:57:07.429   545   548 D dalvikvm: GC_CONCURRENT freed 302K, 8% free 10814K/11719K, paused 2ms+4ms
07-05 13:57:07.777   545   548 D dalvikvm: GC_CONCURRENT freed 757K, 11% free 10532K/11719K, paused 2ms+2ms
07-05 13:57:08.047   545   548 D dalvikvm: GC_CONCURRENT freed 409K, 11% free 10513K/11719K, paused 2ms+2ms
07-05 13:57:09.031   545  7087 I DownloadManager: Initiating request for download 4671
07-05 13:57:09.133   545   548 D dalvikvm: GC_CONCURRENT freed 278K, 9% free 10694K/11719K, paused 2ms+3ms
07-05 13:57:09.258   545   548 D dalvikvm: GC_CONCURRENT freed 312K, 8% free 10864K/11719K, paused 2ms+3ms
07-05 13:57:09.550   545   548 D dalvikvm: GC_CONCURRENT freed 785K, 10% free 10594K/11719K, paused 2ms+3ms
07-05 13:57:09.883   545   548 D dalvikvm: GC_CONCURRENT freed 456K, 10% free 10556K/11719K, paused 2ms+3ms
07-05 13:57:10.152   545   548 D dalvikvm: GC_CONCURRENT freed 425K, 11% free 10522K/11719K, paused 2ms+2ms
07-05 13:57:10.269   545  7090 D dalvikvm: GC_EXPLICIT freed 140K, 11% free 10512K/11719K, paused 2ms+3ms
07-05 13:57:10.269   545  7090 I DownloadManager: Initiating request for download 4671
07-05 13:57:10.355   545   548 D dalvikvm: GC_CONCURRENT freed 187K, 9% free 10760K/11719K, paused 2ms+3ms
07-05 13:57:10.398  1370  7089 E DictionaryProvider:UpdateHandler: Can't read a file : android.util.MalformedJsonException: Use JsonReader.setLenient(true) to accept malformed JSON at line 1 column 20
07-05 13:57:10.543   545   548 D dalvikvm: GC_CONCURRENT freed 434K, 8% free 10818K/11719K, paused 2ms+4ms
07-05 13:57:11.086   545   548 D dalvikvm: GC_CONCURRENT freed 762K, 10% free 10553K/11719K, paused 2ms+3ms
07-05 13:57:11.398   545   548 D dalvikvm: GC_CONCURRENT freed 422K, 11% free 10537K/11719K, paused 2ms+3ms
07-05 13:57:11.695   545   548 D dalvikvm: GC_CONCURRENT freed 417K, 11% free 10511K/11719K, paused 2ms+3ms
07-05 13:57:13.136   545  7095 I DownloadManager: Initiating request for download 4672
07-05 13:57:13.281   545   548 D dalvikvm: GC_CONCURRENT freed 226K, 9% free 10777K/11719K, paused 2ms+3ms
07-05 13:57:13.394   545   548 D dalvikvm: GC_CONCURRENT freed 467K, 8% free 10789K/11719K, paused 2ms+2ms
07-05 13:57:14.082   545   548 D dalvikvm: GC_CONCURRENT freed 740K, 11% free 10527K/11719K, paused 2ms+3ms
07-05 13:57:14.238  1370  7097 E DictionaryProvider:UpdateHandler: Can't read a file : android.util.MalformedJsonException: Use JsonReader.setLenient(true) to accept malformed JSON at line 1 column 20
07-05 13:57:14.429   545   548 D dalvikvm: GC_CONCURRENT freed 409K, 11% free 10522K/11719K, paused 1ms+2ms
07-05 13:57:14.715   156   594 D dalvikvm: GC_EXPLICIT freed 651K, 12% free 14099K/16007K, paused 2ms+6ms
07-05 13:57:14.718   545  7100 I DownloadManager: Initiating request for download 4672
07-05 13:57:14.777   545   548 D dalvikvm: GC_CONCURRENT freed 423K, 11% free 10528K/11719K, paused 2ms+3ms
07-05 13:57:14.894   545   548 D dalvikvm: GC_CONCURRENT freed 249K, 9% free 10715K/11719K, paused 2ms+2ms
07-05 13:57:15.328   545   548 D dalvikvm: GC_CONCURRENT freed 649K, 11% free 10511K/11719K, paused 2ms+2ms
07-05 13:57:15.656   545   548 D dalvikvm: GC_CONCURRENT freed 435K, 11% free 10485K/11719K, paused 2ms+4ms
07-05 13:57:15.980   545   548 D dalvikvm: GC_CONCURRENT freed 425K, 11% free 10466K/11719K, paused 2ms+2ms
07-05 13:57:17.234   545  7103 I DownloadManager: Initiating request for download 4673
07-05 13:57:17.289   545   548 D dalvikvm: GC_CONCURRENT freed 417K, 11% free 10452K/11719K, paused 2ms+4ms
07-05 13:57:17.437   545   548 D dalvikvm: GC_CONCURRENT freed 242K, 9% free 10688K/11719K, paused 2ms+4ms
07-05 13:57:17.609   545   548 D dalvikvm: GC_CONCURRENT freed 636K, 11% free 10495K/11719K, paused 2ms+3ms
07-05 13:57:17.816  1370  7105 E DictionaryProvider:UpdateHandler: Can't read a file : android.util.MalformedJsonException: Use JsonReader.setLenient(true) to accept malformed JSON at line 1 column 20
07-05 13:57:17.937   545   548 D dalvikvm: GC_CONCURRENT freed 434K, 11% free 10451K/11719K, paused 2ms+2ms
07-05 13:57:18.203   545   548 D dalvikvm: GC_CONCURRENT freed 423K, 12% free 10418K/11719K, paused 2ms+3ms
07-05 13:57:18.347   545  7108 I DownloadManager: Initiating request for download 4673
07-05 13:57:18.433   545   548 D dalvikvm: GC_CONCURRENT freed 339K, 11% free 10544K/11719K, paused 2ms+4ms
07-05 13:57:18.558   545   548 D dalvikvm: GC_CONCURRENT freed 267K, 9% free 10714K/11719K, paused 1ms+3ms
07-05 13:57:18.824   545   548 D dalvikvm: GC_CONCURRENT freed 756K, 12% free 10401K/11719K, paused 2ms+2ms
07-05 13:57:19.093   545   548 D dalvikvm: GC_CONCURRENT freed 409K, 12% free 10382K/11719K, paused 2ms+2ms
07-05 13:57:19.308   545  7111 I DownloadManager: Initiating request for download 4674
07-05 13:57:19.390   545   548 D dalvikvm: GC_CONCURRENT freed 353K, 10% free 10554K/11719K, paused 2ms+4ms
07-05 13:57:19.511   545   548 D dalvikvm: GC_CONCURRENT freed 284K, 9% free 10707K/11719K, paused 1ms+3ms
07-05 13:57:19.691  1370  7113 E DictionaryProvider:UpdateHandler: Can't read a file : android.util.MalformedJsonException: Use JsonReader.setLenient(true) to accept malformed JSON at line 1 column 20
07-05 13:57:19.789  1370  1372 D dalvikvm: GC_CONCURRENT freed 394K, 7% free 9126K/9735K, paused 1ms+6ms
07-05 13:57:19.812   545   548 D dalvikvm: GC_CONCURRENT freed 736K, 12% free 10410K/11719K, paused 2ms+3ms
07-05 13:57:20.074   545   548 D dalvikvm: GC_CONCURRENT freed 416K, 12% free 10383K/11719K, paused 2ms+2ms
07-05 13:57:20.293   545  7116 I DownloadManager: Initiating request for download 4674
07-05 13:57:20.355   545   548 D dalvikvm: GC_CONCURRENT freed 371K, 12% free 10429K/11719K, paused 2ms+3ms
07-05 13:57:20.461   545   548 D dalvikvm: GC_CONCURRENT freed 207K, 10% free 10658K/11719K, paused 2ms+3ms
07-05 13:57:20.621   545   548 D dalvikvm: GC_CONCURRENT freed 643K, 11% free 10439K/11719K, paused 2ms+2ms
07-05 13:57:20.914   545   548 D dalvikvm: GC_CONCURRENT freed 439K, 12% free 10391K/11719K, paused 2ms+2ms
07-05 13:57:21.179   545   548 D dalvikvm: GC_CONCURRENT freed 408K, 12% free 10373K/11719K, paused 2ms+2ms
07-05 13:57:21.289   545  7119 I DownloadManager: Initiating request for download 4675
07-05 13:57:21.390   545   548 D dalvikvm: GC_CONCURRENT freed 216K, 10% free 10592K/11719K, paused 2ms+3ms
07-05 13:57:21.508   545   548 D dalvikvm: GC_CONCURRENT freed 292K, 9% free 10736K/11719K, paused 2ms+2ms
07-05 13:57:21.672  1370  7121 E DictionaryProvider:UpdateHandler: Can't read a file : android.util.MalformedJsonException: Use JsonReader.setLenient(true) to accept malformed JSON at line 1 column 20
07-05 13:57:21.824   545   548 D dalvikvm: GC_CONCURRENT freed 781K, 12% free 10404K/11719K, paused 2ms+2ms
07-05 13:57:22.090   545   548 D dalvikvm: GC_CONCURRENT freed 411K, 12% free 10379K/11719K, paused 2ms+2ms
07-05 13:57:22.234   545  7124 I DownloadManager: Initiating request for download 4675
07-05 13:57:22.320   545   548 D dalvikvm: GC_CONCURRENT freed 278K, 11% free 10547K/11719K, paused 1ms+3ms
07-05 13:57:22.433   545   548 D dalvikvm: GC_CONCURRENT freed 285K, 9% free 10709K/11719K, paused 2ms+3ms
07-05 13:57:22.648   545   548 D dalvikvm: GC_CONCURRENT freed 710K, 11% free 10437K/11719K, paused 1ms+2ms
07-05 13:57:22.910   545   548 D dalvikvm: GC_CONCURRENT freed 405K, 12% free 10423K/11719K, paused 1ms+2ms
07-05 13:57:23.418   545  7126 I DownloadManager: Initiating request for download 4676
07-05 13:57:23.500   545   548 D dalvikvm: GC_CONCURRENT freed 388K, 11% free 10546K/11719K, paused 2ms+3ms
07-05 13:57:23.621   545   548 D dalvikvm: GC_CONCURRENT freed 279K, 9% free 10696K/11719K, paused 2ms+3ms
07-05 13:57:23.832  1370  7129 E DictionaryProvider:UpdateHandler: Can't read a file : android.util.MalformedJsonException: Use JsonReader.setLenient(true) to accept malformed JSON at line 1 column 20
07-05 13:57:23.875   545   548 D dalvikvm: GC_CONCURRENT freed 726K, 12% free 10424K/11719K, paused 2ms+2ms
07-05 13:57:24.156   545   548 D dalvikvm: GC_CONCURRENT freed 423K, 12% free 10392K/11719K, paused 2ms+3ms
07-05 13:57:24.418   545  7132 I DownloadManager: Initiating request for download 4676
07-05 13:57:24.437   545   548 D dalvikvm: GC_CONCURRENT freed 402K, 12% free 10383K/11719K, paused 2ms+2ms
07-05 13:57:24.554   545   548 D dalvikvm: GC_CONCURRENT freed 177K, 10% free 10644K/11719K, paused 1ms+2ms
07-05 13:57:24.675   545   548 D dalvikvm: GC_CONCURRENT freed 419K, 10% free 10655K/11719K, paused 1ms+2ms
07-05 13:57:24.980   545   548 D dalvikvm: GC_CONCURRENT freed 680K, 12% free 10398K/11719K, paused 2ms+3ms
07-05 13:57:25.246   545   548 D dalvikvm: GC_CONCURRENT freed 409K, 12% free 10379K/11719K, paused 1ms+2ms
07-05 13:57:25.359   545  7135 I DownloadManager: Initiating request for download 4677
07-05 13:57:25.457   545   548 D dalvikvm: GC_CONCURRENT freed 225K, 10% free 10589K/11719K, paused 2ms+3ms
07-05 13:57:25.578   545   548 D dalvikvm: GC_CONCURRENT freed 294K, 9% free 10745K/11719K, paused 2ms+6ms
07-05 13:57:25.746  1370  7137 E DictionaryProvider:UpdateHandler: Can't read a file : android.util.MalformedJsonException: Use JsonReader.setLenient(true) to accept malformed JSON at line 1 column 20
07-05 13:57:25.890   545   548 D dalvikvm: GC_CONCURRENT freed 783K, 12% free 10415K/11719K, paused 2ms+3ms
07-05 13:57:26.152   545   548 D dalvikvm: GC_CONCURRENT freed 419K, 12% free 10386K/11719K, paused 2ms+2ms
07-05 13:57:26.304   545  7140 I DownloadManager: Initiating request for download 4677
07-05 13:57:26.386   545   548 D dalvikvm: GC_CONCURRENT freed 281K, 10% free 10553K/11719K, paused 2ms+2ms
07-05 13:57:26.500   545   548 D dalvikvm: GC_CONCURRENT freed 284K, 9% free 10714K/11719K, paused 2ms+3ms
07-05 13:57:26.738   545   548 D dalvikvm: GC_CONCURRENT freed 746K, 12% free 10410K/11719K, paused 1ms+2ms
07-05 13:57:27.000   545   548 D dalvikvm: GC_CONCURRENT freed 410K, 12% free 10390K/11719K, paused 1ms+3ms
07-05 13:57:27.238   545  7143 I DownloadManager: Initiating request for download 4678
07-05 13:57:27.308   545   548 D dalvikvm: GC_CONCURRENT freed 367K, 11% free 10453K/11719K, paused 2ms+4ms
07-05 13:57:27.429   545   548 D dalvikvm: GC_CONCURRENT freed 219K, 9% free 10672K/11719K, paused 2ms+3ms
07-05 13:57:27.590   545   548 D dalvikvm: GC_CONCURRENT freed 653K, 11% free 10455K/11719K, paused 2ms+2ms
07-05 13:57:27.675  1370  7145 E DictionaryProvider:UpdateHandler: Can't read a file : android.util.MalformedJsonException: Use JsonReader.setLenient(true) to accept malformed JSON at line 1 column 20
07-05 13:57:27.761  1370  1372 D dalvikvm: GC_CONCURRENT freed 390K, 7% free 9126K/9735K, paused 1ms+2ms
07-05 13:57:27.922   545   548 D dalvikvm: GC_CONCURRENT freed 438K, 12% free 10408K/11719K, paused 1ms+3ms
07-05 13:57:28.179   545   548 D dalvikvm: GC_CONCURRENT freed 414K, 12% free 10385K/11719K, paused 2ms+2ms
07-05 13:57:28.258   545  7148 I DownloadManager: Initiating request for download 4678
07-05 13:57:28.355   545   548 D dalvikvm: GC_CONCURRENT freed 218K, 10% free 10602K/11719K, paused 1ms+3ms
07-05 13:57:28.468   545   548 D dalvikvm: GC_CONCURRENT freed 288K, 9% free 10747K/11719K, paused 1ms+3ms
07-05 13:57:28.773   545   548 D dalvikvm: GC_CONCURRENT freed 795K, 12% free 10407K/11719K, paused 2ms+2ms
07-05 13:57:29.039   545   548 D dalvikvm: GC_CONCURRENT freed 410K, 12% free 10388K/11719K, paused 2ms+2ms
07-05 13:57:29.207   545  7151 I DownloadManager: Initiating request for download 4679
07-05 13:57:29.300   545   548 D dalvikvm: GC_CONCURRENT freed 264K, 10% free 10565K/11719K, paused 2ms+3ms
07-05 13:57:29.410   545   548 D dalvikvm: GC_CONCURRENT freed 288K, 9% free 10725K/11719K, paused 2ms+3ms
07-05 13:57:29.629  1370  7153 E DictionaryProvider:UpdateHandler: Can't read a file : android.util.MalformedJsonException: Use JsonReader.setLenient(true) to accept malformed JSON at line 1 column 20
07-05 13:57:29.683   545   548 D dalvikvm: GC_CONCURRENT freed 758K, 11% free 10432K/11719K, paused 2ms+2ms
07-05 13:57:29.949   545   548 D dalvikvm: GC_CONCURRENT freed 423K, 12% free 10399K/11719K, paused 2ms+3ms
07-05 13:57:30.140   545  7156 I DownloadManager: Initiating request for download 4679
07-05 13:57:30.211   545   548 D dalvikvm: GC_CONCURRENT freed 351K, 11% free 10457K/11719K, paused 1ms+3ms
07-05 13:57:30.320   545   548 D dalvikvm: GC_CONCURRENT freed 222K, 9% free 10678K/11719K, paused 2ms+2ms
07-05 13:57:30.468   545   548 D dalvikvm: GC_CONCURRENT freed 660K, 11% free 10454K/11719K, paused 2ms+2ms
07-05 13:57:30.519   414   416 D dalvikvm: GC_CONCURRENT freed 397K, 37% free 10320K/16263K, paused 1ms+2ms
07-05 13:57:30.800   545   548 D dalvikvm: GC_CONCURRENT freed 439K, 12% free 10405K/11719K, paused 2ms+2ms
07-05 13:57:31.058   545   548 D dalvikvm: GC_CONCURRENT freed 409K, 12% free 10387K/11719K, paused 2ms+2ms
07-05 13:57:31.168   545  7159 I DownloadManager: Initiating request for download 4680
07-05 13:57:31.277   545   548 D dalvikvm: GC_CONCURRENT freed 207K, 10% free 10616K/11719K, paused 2ms+3ms
07-05 13:57:31.398   545   548 D dalvikvm: GC_CONCURRENT freed 386K, 9% free 10667K/11719K, paused 2ms+2ms
07-05 13:57:31.570  1370  7161 E DictionaryProvider:UpdateHandler: Can't read a file : android.util.MalformedJsonException: Use JsonReader.setLenient(true) to accept malformed JSON at line 1 column 20
07-05 13:57:31.707   545   548 D dalvikvm: GC_CONCURRENT freed 672K, 12% free 10418K/11719K, paused 2ms+2ms
07-05 13:57:31.980   545   548 D dalvikvm: GC_CONCURRENT freed 411K, 12% free 10393K/11719K, paused 2ms+3ms
07-05 13:57:32.144   545  7164 I DownloadManager: Initiating request for download 4680
07-05 13:57:32.230   545   548 D dalvikvm: GC_CONCURRENT freed 282K, 10% free 10560K/11719K, paused 1ms+2ms
07-05 13:57:32.343   545   548 D dalvikvm: GC_CONCURRENT freed 283K, 9% free 10729K/11719K, paused 2ms+3ms
07-05 13:57:32.586   545   548 D dalvikvm: GC_CONCURRENT freed 759K, 12% free 10418K/11719K, paused 1ms+3ms
07-05 13:57:32.851   545   548 D dalvikvm: GC_CONCURRENT freed 409K, 12% free 10399K/11719K, paused 2ms+2ms
07-05 13:57:33.164   156   512 D dalvikvm: GC_EXPLICIT freed 594K, 12% free 14099K/16007K, paused 2ms+5ms
07-05 13:57:33.183   545  7167 I DownloadManager: Initiating request for download 4681
07-05 13:57:33.218   545   548 D dalvikvm: GC_CONCURRENT freed 363K, 11% free 10436K/11719K, paused 2ms+8ms
07-05 13:57:33.340   545   548 D dalvikvm: GC_CONCURRENT freed 220K, 10% free 10653K/11719K, paused 2ms+2ms
07-05 13:57:33.472   545   548 D dalvikvm: GC_CONCURRENT freed 635K, 11% free 10442K/11719K, paused 2ms+2ms
07-05 13:57:33.578  1370  7169 E DictionaryProvider:UpdateHandler: Can't read a file : android.util.MalformedJsonException: Use JsonReader.setLenient(true) to accept malformed JSON at line 1 column 20
07-05 13:57:33.793   545   548 D dalvikvm: GC_CONCURRENT freed 425K, 12% free 10408K/11719K, paused 2ms+3ms
07-05 13:57:34.062   545   548 D dalvikvm: GC_CONCURRENT freed 418K, 12% free 10379K/11719K, paused 2ms+2ms
07-05 13:57:34.172   545  7172 I DownloadManager: Initiating request for download 4681
07-05 13:57:34.265   545   548 D dalvikvm: GC_CONCURRENT freed 234K, 10% free 10577K/11719K, paused 2ms+2ms
07-05 13:57:34.379   545   548 D dalvikvm: GC_CONCURRENT freed 311K, 9% free 10748K/11719K, paused 2ms+3ms
07-05 13:57:34.660   545   548 D dalvikvm: GC_CONCURRENT freed 799K, 12% free 10402K/11719K, paused 2ms+2ms
07-05 13:57:34.929   545   548 D dalvikvm: GC_CONCURRENT freed 411K, 12% free 10390K/11719K, paused 1ms+2ms
07-05 13:57:35.090   545  7175 I DownloadManager: Initiating request for download 4682
07-05 13:57:35.179   545   548 D dalvikvm: GC_CONCURRENT freed 273K, 10% free 10559K/11719K, paused 2ms+3ms
07-05 13:57:35.300   545   548 D dalvikvm: GC_CONCURRENT freed 286K, 9% free 10719K/11719K, paused 2ms+4ms
07-05 13:57:35.484  1370  7177 E DictionaryProvider:UpdateHandler: Can't read a file : android.util.MalformedJsonException: Use JsonReader.setLenient(true) to accept malformed JSON at line 1 column 20
07-05 13:57:35.570  1370  1372 D dalvikvm: GC_CONCURRENT freed 364K, 7% free 9151K/9735K, paused 1ms+2ms
07-05 13:57:35.593   545   548 D dalvikvm: GC_CONCURRENT freed 749K, 12% free 10420K/11719K, paused 2ms+3ms
07-05 13:57:35.863   545   548 D dalvikvm: GC_CONCURRENT freed 421K, 12% free 10390K/11719K, paused 2ms+2ms
07-05 13:57:36.066   545  7180 I DownloadManager: Initiating request for download 4682
07-05 13:57:36.129   545   548 D dalvikvm: GC_CONCURRENT freed 375K, 11% free 10435K/11719K, paused 2ms+4ms
07-05 13:57:36.261   545   548 D dalvikvm: GC_CONCURRENT freed 208K, 10% free 10663K/11719K, paused 2ms+3ms
07-05 13:57:36.406   545   548 D dalvikvm: GC_CONCURRENT freed 639K, 11% free 10448K/11719K, paused 2ms+3ms
07-05 13:57:36.691   545   548 D dalvikvm: GC_CONCURRENT freed 436K, 12% free 10399K/11719K, paused 1ms+3ms
07-05 13:57:36.957   545   548 D dalvikvm: GC_CONCURRENT freed 408K, 12% free 10381K/11719K, paused 2ms+2ms
07-05 13:57:37.090   545  7183 I DownloadManager: Initiating request for download 4683
07-05 13:57:37.175   545   548 D dalvikvm: GC_CONCURRENT freed 228K, 10% free 10592K/11719K, paused 2ms+3ms
07-05 13:57:37.300   545   548 D dalvikvm: GC_CONCURRENT freed 281K, 9% free 10750K/11719K, paused 1ms+2ms
07-05 13:57:37.476  1370  7185 E DictionaryProvider:UpdateHandler: Can't read a file : android.util.MalformedJsonException: Use JsonReader.setLenient(true) to accept malformed JSON at line 1 column 20
07-05 13:57:37.613   545   548 D dalvikvm: GC_CONCURRENT freed 793K, 12% free 10412K/11719K, paused 2ms+3ms
07-05 13:57:37.875   545   548 D dalvikvm: GC_CONCURRENT freed 410K, 12% free 10388K/11719K, paused 2ms+2ms
07-05 13:57:38.047   545  7188 I DownloadManager: Initiating request for download 4683
07-05 13:57:38.133   545   548 D dalvikvm: GC_CONCURRENT freed 295K, 10% free 10588K/11719K, paused 2ms+2ms
07-05 13:57:38.250   545   548 D dalvikvm: GC_CONCURRENT freed 324K, 9% free 10718K/11719K, paused 2ms+2ms
07-05 13:57:38.488   545   548 D dalvikvm: GC_CONCURRENT freed 751K, 12% free 10412K/11719K, paused 2ms+2ms
07-05 13:57:38.750   545   548 D dalvikvm: GC_CONCURRENT freed 411K, 12% free 10392K/11719K, paused 2ms+2ms
07-05 13:57:38.980   545  7191 I DownloadManager: Initiating request for download 4684
07-05 13:57:39.047   545   548 D dalvikvm: GC_CONCURRENT freed 354K, 11% free 10444K/11719K, paused 2ms+3ms
07-05 13:57:39.175   545   548 D dalvikvm: GC_CONCURRENT freed 211K, 9% free 10669K/11719K, paused 2ms+3ms
07-05 13:57:39.320   545   548 D dalvikvm: GC_CONCURRENT freed 640K, 11% free 10453K/11719K, paused 2ms+2ms
07-05 13:57:39.414  1370  7193 E DictionaryProvider:UpdateHandler: Can't read a file : android.util.MalformedJsonException: Use JsonReader.setLenient(true) to accept malformed JSON at line 1 column 20
07-05 13:57:39.629   545   548 D dalvikvm: GC_CONCURRENT freed 434K, 12% free 10410K/11719K, paused 2ms+3ms
07-05 13:57:39.898   545   548 D dalvikvm: GC_CONCURRENT freed 408K, 12% free 10388K/11719K, paused 2ms+2ms
07-05 13:57:40.004   545  7196 I DownloadManager: Initiating request for download 4684
07-05 13:57:40.090   545   548 D dalvikvm: GC_CONCURRENT freed 248K, 10% free 10594K/11719K, paused 3ms+3ms
07-05 13:57:40.211   545   548 D dalvikvm: GC_CONCURRENT freed 294K, 9% free 10751K/11719K, paused 2ms+3ms
07-05 13:57:40.328   545  7196 D dalvikvm: GC_EXPLICIT freed 474K, 11% free 10468K/11719K, paused 2ms+4ms
07-05 13:57:40.605   545   548 D dalvikvm: GC_CONCURRENT freed 447K, 12% free 10408K/11719K, paused 2ms+2ms
07-05 13:57:40.875   545   548 D dalvikvm: GC_CONCURRENT freed 410K, 12% free 10388K/11719K, paused 1ms+3ms
07-05 13:57:40.984   545  7199 I DownloadManager: Initiating request for download 4685
07-05 13:57:41.090   545   548 D dalvikvm: GC_CONCURRENT freed 220K, 10% free 10605K/11719K, paused 2ms+2ms
07-05 13:57:41.207   545   548 D dalvikvm: GC_CONCURRENT freed 304K, 9% free 10755K/11719K, paused 2ms+3ms
07-05 13:57:41.379  1370  7201 E DictionaryProvider:UpdateHandler: Can't read a file : android.util.MalformedJsonException: Use JsonReader.setLenient(true) to accept malformed JSON at line 1 column 20
07-05 13:57:41.511   545   548 D dalvikvm: GC_CONCURRENT freed 791K, 12% free 10422K/11719K, paused 2ms+3ms
07-05 13:57:41.781   545   548 D dalvikvm: GC_CONCURRENT freed 412K, 12% free 10400K/11719K, paused 2ms+2ms
07-05 13:57:41.945   545  7203 I DownloadManager: Initiating request for download 4685
07-05 13:57:42.015   545   548 D dalvikvm: GC_CONCURRENT freed 284K, 10% free 10563K/11719K, paused 2ms+3ms
07-05 13:57:42.097   545   548 D dalvikvm: GC_CONCURRENT freed 277K, 9% free 10724K/11719K, paused 2ms+3ms
07-05 13:57:43.273   545   548 D dalvikvm: GC_CONCURRENT freed 722K, 11% free 10454K/11719K, paused 2ms+2ms
07-05 13:57:43.558   545   548 D dalvikvm: GC_CONCURRENT freed 441K, 12% free 10404K/11719K, paused 2ms+3ms
07-05 13:57:43.843   545  7207 I DownloadManager: Initiating request for download 4686
07-05 13:57:43.961   545   548 D dalvikvm: GC_CONCURRENT freed 396K, 11% free 10446K/11719K, paused 4ms+5ms
07-05 13:57:44.086   545   548 D dalvikvm: GC_CONCURRENT freed 220K, 9% free 10680K/11719K, paused 2ms+3ms
07-05 13:57:44.258   545   548 D dalvikvm: GC_CONCURRENT freed 654K, 11% free 10467K/11719K, paused 2ms+3ms
07-05 13:57:44.328  1370  7209 E DictionaryProvider:UpdateHandler: Can't read a file : android.util.MalformedJsonException: Use JsonReader.setLenient(true) to accept malformed JSON at line 1 column 20
07-05 13:57:44.406  1370  1372 D dalvikvm: GC_CONCURRENT freed 415K, 7% free 9127K/9735K, paused 1ms+2ms
07-05 13:57:44.593   545   548 D dalvikvm: GC_CONCURRENT freed 442K, 12% free 10415K/11719K, paused 2ms+3ms
07-05 13:57:44.863   545   548 D dalvikvm: GC_CONCURRENT freed 414K, 12% free 10391K/11719K, paused 2ms+3ms
07-05 13:57:44.961   545  7212 I DownloadManager: Initiating request for download 4686
07-05 13:57:45.062   545   548 D dalvikvm: GC_CONCURRENT freed 225K, 10% free 10602K/11719K, paused 2ms+2ms
07-05 13:57:45.175   545   548 D dalvikvm: GC_CONCURRENT freed 308K, 9% free 10755K/11719K, paused 2ms+3ms
07-05 13:57:45.453   545   548 D dalvikvm: GC_CONCURRENT freed 795K, 12% free 10416K/11719K, paused 2ms+2ms
07-05 13:57:45.715   545   548 D dalvikvm: GC_CONCURRENT freed 408K, 12% free 10396K/11719K, paused 2ms+2ms
07-05 13:57:45.886   545  7215 I DownloadManager: Initiating request for download 4687
07-05 13:57:45.972   545   548 D dalvikvm: GC_CONCURRENT freed 272K, 10% free 10568K/11719K, paused 2ms+3ms
07-05 13:57:46.093   545   548 D dalvikvm: GC_CONCURRENT freed 282K, 9% free 10728K/11719K, paused 2ms+3ms
07-05 13:57:46.297  1370  7217 E DictionaryProvider:UpdateHandler: Can't read a file : android.util.MalformedJsonException: Use JsonReader.setLenient(true) to accept malformed JSON at line 1 column 20
07-05 13:57:46.343   545   548 D dalvikvm: GC_CONCURRENT freed 747K, 11% free 10436K/11719K, paused 2ms+2ms
07-05 13:57:46.398  1370  1382 D dalvikvm: GC_EXPLICIT freed 133K, 7% free 9096K/9735K, paused 2ms+2ms
07-05 13:57:46.644   545   548 D dalvikvm: GC_CONCURRENT freed 422K, 12% free 10405K/11719K, paused 1ms+2ms
07-05 13:57:46.871   545  7220 I DownloadManager: Initiating request for download 4687
07-05 13:57:46.933   545   548 D dalvikvm: GC_CONCURRENT freed 392K, 11% free 10471K/11719K, paused 1ms+3ms
07-05 13:57:47.047   545   548 D dalvikvm: GC_CONCURRENT freed 207K, 9% free 10679K/11719K, paused 2ms+3ms
07-05 13:57:47.195   545   548 D dalvikvm: GC_CONCURRENT freed 648K, 11% free 10459K/11719K, paused 2ms+3ms
07-05 13:57:47.480   545   548 D dalvikvm: GC_CONCURRENT freed 436K, 12% free 10414K/11719K, paused 2ms+3ms
07-05 13:57:47.746   545   548 D dalvikvm: GC_CONCURRENT freed 405K, 12% free 10396K/11719K, paused 2ms+2ms
07-05 13:57:47.883   545  7223 I DownloadManager: Initiating request for download 4688
07-05 13:57:47.972   545   548 D dalvikvm: GC_CONCURRENT freed 222K, 10% free 10593K/11719K, paused 2ms+3ms
07-05 13:57:48.090   545   548 D dalvikvm: GC_CONCURRENT freed 285K, 9% free 10751K/11719K, paused 2ms+3ms
07-05 13:57:48.273  1370  7225 E DictionaryProvider:UpdateHandler: Can't read a file : android.util.MalformedJsonException: Use JsonReader.setLenient(true) to accept malformed JSON at line 1 column 20
07-05 13:57:48.355   465   467 D dalvikvm: GC_CONCURRENT freed 394K, 6% free 10505K/11143K, paused 4ms+2ms
07-05 13:57:48.414   545   548 D dalvikvm: GC_CONCURRENT freed 778K, 11% free 10435K/11719K, paused 1ms+2ms
07-05 13:57:48.672   545   548 D dalvikvm: GC_CONCURRENT freed 422K, 12% free 10404K/11719K, paused 2ms+2ms
07-05 13:57:48.859   545  7228 I DownloadManager: Initiating request for download 4688
07-05 13:57:48.922   545   548 D dalvikvm: GC_CONCURRENT freed 331K, 11% free 10470K/11719K, paused 2ms+6ms
07-05 13:57:49.031   545   548 D dalvikvm: GC_CONCURRENT freed 218K, 9% free 10689K/11719K, paused 2ms+3ms
07-05 13:57:49.187   545   548 D dalvikvm: GC_CONCURRENT freed 661K, 11% free 10468K/11719K, paused 2ms+3ms
07-05 13:57:49.468   545   548 D dalvikvm: GC_CONCURRENT freed 442K, 12% free 10417K/11719K, paused 2ms+3ms
07-05 13:57:49.742   545   548 D dalvikvm: GC_CONCURRENT freed 405K, 12% free 10398K/11719K, paused 2ms+3ms
07-05 13:57:49.871   545  7231 I DownloadManager: Initiating request for download 4689
07-05 13:57:49.972   545   548 D dalvikvm: GC_CONCURRENT freed 217K, 10% free 10615K/11719K, paused 2ms+3ms
07-05 13:57:50.090   545   548 D dalvikvm: GC_CONCURRENT freed 295K, 9% free 10768K/11719K, paused 2ms+3ms
07-05 13:57:50.320   156   514 D dalvikvm: GC_EXPLICIT freed 491K, 12% free 14098K/16007K, paused 3ms+6ms
07-05 13:57:50.328  1370  7233 E DictionaryProvider:UpdateHandler: Can't read a file : android.util.MalformedJsonException: Use JsonReader.setLenient(true) to accept malformed JSON at line 1 column 20
07-05 13:57:50.476   545   548 D dalvikvm: GC_CONCURRENT freed 799K, 12% free 10429K/11719K, paused 2ms+3ms
07-05 13:57:50.746   545   548 D dalvikvm: GC_CONCURRENT freed 427K, 12% free 10391K/11719K, paused 2ms+2ms
07-05 13:57:50.906   545  7236 I DownloadManager: Initiating request for download 4689
07-05 13:57:50.988   545   548 D dalvikvm: GC_CONCURRENT freed 292K, 10% free 10553K/11719K, paused 2ms+3ms
07-05 13:57:51.101   545   548 D dalvikvm: GC_CONCURRENT freed 280K, 9% free 10714K/11719K, paused 2ms+2ms
07-05 13:57:51.328   545   548 D dalvikvm: GC_CONCURRENT freed 744K, 12% free 10414K/11719K, paused 2ms+2ms
07-05 13:57:51.597   545   548 D dalvikvm: GC_CONCURRENT freed 409K, 12% free 10395K/11719K, paused 2ms+3ms
07-05 13:57:51.902   545  7240 I DownloadManager: Initiating request for download 4690
07-05 13:57:51.902   545   548 D dalvikvm: GC_CONCURRENT freed 396K, 12% free 10388K/11719K, paused 2ms+2ms
07-05 13:57:52.039   545   548 D dalvikvm: GC_CONCURRENT freed 171K, 10% free 10646K/11719K, paused 2ms+3ms
07-05 13:57:52.168   545   548 D dalvikvm: GC_CONCURRENT freed 414K, 9% free 10667K/11719K, paused 1ms+2ms
07-05 13:57:52.328  1370  7242 E DictionaryProvider:UpdateHandler: Can't read a file : android.util.MalformedJsonException: Use JsonReader.setLenient(true) to accept malformed JSON at line 1 column 20
07-05 13:57:52.480   545   548 D dalvikvm: GC_CONCURRENT freed 681K, 12% free 10413K/11719K, paused 2ms+2ms
07-05 13:57:52.746   545   548 D dalvikvm: GC_CONCURRENT freed 413K, 12% free 10390K/11719K, paused 1ms+3ms
07-05 13:57:52.871   545  7245 I DownloadManager: Initiating request for download 4690
07-05 13:57:52.957   545   548 D dalvikvm: GC_CONCURRENT freed 254K, 10% free 10573K/11719K, paused 2ms+3ms
07-05 13:57:53.078   545   548 D dalvikvm: GC_CONCURRENT freed 264K, 9% free 10778K/11719K, paused 2ms+3ms
07-05 13:57:53.340   545   548 D dalvikvm: GC_CONCURRENT freed 829K, 12% free 10413K/11719K, paused 2ms+2ms
07-05 13:57:53.601   545   548 D dalvikvm: GC_CONCURRENT freed 409K, 12% free 10394K/11719K, paused 2ms+2ms
07-05 13:57:53.804   545  7248 I DownloadManager: Initiating request for download 4691
07-05 13:57:53.894   545   548 D dalvikvm: GC_CONCURRENT freed 316K, 10% free 10559K/11719K, paused 2ms+3ms
07-05 13:57:54.011   545   548 D dalvikvm: GC_CONCURRENT freed 290K, 9% free 10704K/11719K, paused 2ms+3ms
07-05 13:57:54.215   545   548 D dalvikvm: GC_CONCURRENT freed 691K, 11% free 10455K/11719K, paused 2ms+2ms
07-05 13:57:54.265  1370  7250 E DictionaryProvider:UpdateHandler: Can't read a file : android.util.MalformedJsonException: Use JsonReader.setLenient(true) to accept malformed JSON at line 1 column 20
07-05 13:57:54.500   545   548 D dalvikvm: GC_CONCURRENT freed 429K, 12% free 10417K/11719K, paused 1ms+2ms
07-05 13:57:54.765   545   548 D dalvikvm: GC_CONCURRENT freed 414K, 12% free 10393K/11719K, paused 2ms+2ms
07-05 13:57:54.804   545  7252 I DownloadManager: Initiating request for download 4691
07-05 13:57:54.910   545   548 D dalvikvm: GC_CONCURRENT freed 164K, 10% free 10632K/11719K, paused 2ms+2ms
07-05 13:57:54.941  1370  1372 D dalvikvm: GC_CONCURRENT freed 360K, 7% free 9127K/9735K, paused 2ms+2ms
07-05 13:57:55.066   545   548 D dalvikvm: GC_CONCURRENT freed 390K, 9% free 10671K/11719K, paused 2ms+2ms
07-05 13:57:55.347   545   548 D dalvikvm: GC_CONCURRENT freed 687K, 12% free 10413K/11719K, paused 2ms+3ms
07-05 13:57:55.613   545   548 D dalvikvm: GC_CONCURRENT freed 408K, 12% free 10395K/11719K, paused 2ms+2ms
07-05 13:57:55.789   545  7256 I DownloadManager: Initiating request for download 4692
07-05 13:57:55.883   545   548 D dalvikvm: GC_CONCURRENT freed 272K, 10% free 10600K/11719K, paused 2ms+2ms
07-05 13:57:56.004   545   548 D dalvikvm: GC_CONCURRENT freed 307K, 9% free 10781K/11719K, paused 2ms+3ms
07-05 13:57:56.258   545   548 D dalvikvm: GC_CONCURRENT freed 794K, 11% free 10453K/11719K, paused 2ms+2ms
07-05 13:57:56.461  1370  7258 E DictionaryProvider:UpdateHandler: Can't read a file : android.util.MalformedJsonException: Use JsonReader.setLenient(true) to accept malformed JSON at line 1 column 20
07-05 13:57:56.562   545   548 D dalvikvm: GC_CONCURRENT freed 427K, 12% free 10415K/11719K, paused 1ms+2ms
07-05 13:57:56.758   545  7261 I DownloadManager: Initiating request for download 4692
07-05 13:57:56.808   545   548 D dalvikvm: GC_CONCURRENT freed 352K, 11% free 10464K/11719K, paused 2ms+2ms
07-05 13:57:56.922   545   548 D dalvikvm: GC_CONCURRENT freed 216K, 9% free 10684K/11719K, paused 1ms+2ms
07-05 13:57:57.074   545   548 D dalvikvm: GC_CONCURRENT freed 657K, 11% free 10459K/11719K, paused 2ms+3ms
07-05 13:57:57.363   545   548 D dalvikvm: GC_CONCURRENT freed 438K, 12% free 10412K/11719K, paused 2ms+2ms
07-05 13:57:57.625   545   548 D dalvikvm: GC_CONCURRENT freed 408K, 12% free 10395K/11719K, paused 1ms+2ms
07-05 13:57:57.765   545  7264 I DownloadManager: Initiating request for download 4693
07-05 13:57:57.871   545   548 D dalvikvm: GC_CONCURRENT freed 208K, 10% free 10599K/11719K, paused 2ms+3ms
07-05 13:57:57.988   545   548 D dalvikvm: GC_CONCURRENT freed 280K, 9% free 10759K/11719K, paused 2ms+3ms
07-05 13:57:58.246   545   548 D dalvikvm: GC_CONCURRENT freed 788K, 12% free 10429K/11719K, paused 2ms+3ms
07-05 13:57:58.504   545   548 D dalvikvm: GC_CONCURRENT freed 416K, 12% free 10404K/11719K, paused 2ms+2ms
07-05 13:57:59.465  1370  7266 E DictionaryProvider:UpdateHandler: Can't read a file : android.util.MalformedJsonException: Use JsonReader.setLenient(true) to accept malformed JSON at line 1 column 20
07-05 13:57:59.558   545   548 D dalvikvm: GC_CONCURRENT freed 354K, 11% free 10440K/11719K, paused 2ms+2ms
07-05 13:57:59.820   545   548 D dalvikvm: GC_CONCURRENT freed 414K, 12% free 10412K/11719K, paused 2ms+2ms
07-05 13:58:00.097   545   548 D dalvikvm: GC_CONCURRENT freed 400K, 12% free 10398K/11719K, paused 1ms+2ms
07-05 13:58:00.410   545   548 D dalvikvm: GC_CONCURRENT freed 364K, 12% free 10425K/11719K, paused 2ms+3ms
07-05 13:58:00.675   545   548 D dalvikvm: GC_CONCURRENT freed 409K, 12% free 10406K/11719K, paused 1ms+2ms
07-05 13:58:00.937   545   548 D dalvikvm: GC_CONCURRENT freed 404K, 12% free 10393K/11719K, paused 1ms+2ms
07-05 13:58:01.008   545  7269 I DownloadManager: Initiating request for download 4694
07-05 13:58:01.121   545   548 D dalvikvm: GC_CONCURRENT freed 178K, 10% free 10652K/11719K, paused 2ms+3ms
07-05 13:58:01.246   545   548 D dalvikvm: GC_CONCURRENT freed 418K, 9% free 10678K/11719K, paused 1ms+3ms
07-05 13:58:01.402  1370  7271 E DictionaryProvider:UpdateHandler: Can't read a file : android.util.MalformedJsonException: Use JsonReader.setLenient(true) to accept malformed JSON at line 1 column 20
07-05 13:58:01.566   545   548 D dalvikvm: GC_CONCURRENT freed 685K, 12% free 10424K/11719K, paused 1ms+3ms
07-05 13:58:01.836   545   548 D dalvikvm: GC_CONCURRENT freed 411K, 12% free 10400K/11719K, paused 2ms+2ms
07-05 13:58:01.972   545  7274 I DownloadManager: Initiating request for download 4694
07-05 13:58:02.074   545   548 D dalvikvm: GC_CONCURRENT freed 258K, 10% free 10581K/11719K, paused 2ms+3ms
07-05 13:58:02.183   545   548 D dalvikvm: GC_CONCURRENT freed 287K, 9% free 10723K/11719K, paused 2ms+3ms
07-05 13:58:02.394   545   548 D dalvikvm: GC_CONCURRENT freed 738K, 11% free 10434K/11719K, paused 2ms+2ms
07-05 13:58:02.394   993  1240 I PhoneLab-: Service Running
07-05 13:58:02.437   993  1240 I PhoneLab-LoggerService: app_49    1247  993   1956   1584  c00f181c 400107b4 S logcat
07-05 13:58:02.437   993  1240 I PhoneLab-LoggerService: Logcat pid from database 1247
07-05 13:58:02.441   993  1240 I PhoneLab-LoggerService: Logcat process found 1247
07-05 13:58:02.441   993  1240 I PhoneLab-LoggerService: Checking Threshold
07-05 13:58:02.441   993  1240 I PhoneLab-LoggerService: Starting to rename files
07-05 13:58:02.445   993  1240 I PhoneLab-LoggerService: Files found .. 42
07-05 13:58:02.449   993  1240 I PhoneLab-LoggerService: File 1 log.out.1
07-05 13:58:02.468   993  1240 I PhoneLab-LoggerService: Renamed successfully
07-05 13:58:02.715   545   548 D dalvikvm: GC_CONCURRENT freed 414K, 12% free 10410K/11719K, paused 2ms+2ms
07-05 13:58:02.984   545  7278 I DownloadManager: Initiating request for download 4695
07-05 13:58:03.019   545   548 D dalvikvm: GC_CONCURRENT freed 393K, 11% free 10436K/11719K, paused 2ms+3ms
07-05 13:58:03.152   545   548 D dalvikvm: GC_CONCURRENT freed 192K, 9% free 10681K/11719K, paused 2ms+2ms
07-05 13:58:03.281   545   548 D dalvikvm: GC_CONCURRENT freed 659K, 11% free 10475K/11719K, paused 2ms+3ms
07-05 13:58:03.414  1370  7280 E DictionaryProvider:UpdateHandler: Can't read a file : android.util.MalformedJsonException: Use JsonReader.setLenient(true) to accept malformed JSON at line 1 column 20
07-05 13:58:03.484  1370  1372 D dalvikvm: GC_CONCURRENT freed 388K, 7% free 9124K/9735K, paused 1ms+2ms
07-05 13:58:03.617   545   548 D dalvikvm: GC_CONCURRENT freed 428K, 11% free 10437K/11719K, paused 2ms+2ms
07-05 13:58:03.886   545   548 D dalvikvm: GC_CONCURRENT freed 413K, 12% free 10412K/11719K, paused 2ms+2ms
07-05 13:58:04.008   545  7283 I DownloadManager: Initiating request for download 4695
07-05 13:58:04.097   545   548 D dalvikvm: GC_CONCURRENT freed 262K, 10% free 10633K/11719K, paused 2ms+3ms
07-05 13:58:04.218   545   548 D dalvikvm: GC_CONCURRENT freed 307K, 9% free 10776K/11719K, paused 2ms+2ms
07-05 13:58:04.488   545   548 D dalvikvm: GC_CONCURRENT freed 805K, 11% free 10435K/11719K, paused 2ms+3ms
07-05 13:58:04.750   545   548 D dalvikvm: GC_CONCURRENT freed 408K, 12% free 10418K/11719K, paused 2ms+3ms
07-05 13:58:04.957   545  7286 I DownloadManager: Initiating request for download 4696
07-05 13:58:05.039   545   548 D dalvikvm: GC_CONCURRENT freed 310K, 10% free 10552K/11719K, paused 2ms+4ms
07-05 13:58:05.156   545   548 D dalvikvm: GC_CONCURRENT freed 261K, 9% free 10729K/11719K, paused 2ms+2ms
07-05 13:58:05.343   545   548 D dalvikvm: GC_CONCURRENT freed 707K, 11% free 10476K/11719K, paused 2ms+2ms
07-05 13:58:05.433  1370  7288 E DictionaryProvider:UpdateHandler: Can't read a file : android.util.MalformedJsonException: Use JsonReader.setLenient(true) to accept malformed JSON at line 1 column 20
07-05 13:58:05.656   545   548 D dalvikvm: GC_CONCURRENT freed 433K, 11% free 10433K/11719K, paused 2ms+2ms
07-05 13:58:05.929   545   548 D dalvikvm: GC_CONCURRENT freed 410K, 12% free 10409K/11719K, paused 2ms+2ms
07-05 13:58:05.988   545  7291 I DownloadManager: Initiating request for download 4696
07-05 13:58:06.086   545   548 D dalvikvm: GC_CONCURRENT freed 196K, 10% free 10642K/11719K, paused 2ms+3ms
07-05 13:58:06.203   545   548 D dalvikvm: GC_CONCURRENT freed 376K, 9% free 10695K/11719K, paused 2ms+2ms
07-05 13:58:06.476   545   548 D dalvikvm: GC_CONCURRENT freed 694K, 11% free 10437K/11719K, paused 2ms+2ms
07-05 13:58:06.746   545   548 D dalvikvm: GC_CONCURRENT freed 409K, 12% free 10418K/11719K, paused 2ms+3ms
07-05 13:58:06.953   545  7294 I DownloadManager: Initiating request for download 4697
07-05 13:58:07.035   545   548 D dalvikvm: GC_CONCURRENT freed 297K, 10% free 10565K/11719K, paused 2ms+3ms
07-05 13:58:07.148   545   548 D dalvikvm: GC_CONCURRENT freed 276K, 9% free 10737K/11719K, paused 2ms+3ms
07-05 13:58:07.347   545   548 D dalvikvm: GC_CONCURRENT freed 745K, 11% free 10446K/11719K, paused 1ms+2ms
07-05 13:58:07.394  1370  7296 E DictionaryProvider:UpdateHandler: Can't read a file : android.util.MalformedJsonException: Use JsonReader.setLenient(true) to accept malformed JSON at line 1 column 20
07-05 13:58:07.660   545   548 D dalvikvm: GC_CONCURRENT freed 400K, 11% free 10437K/11719K, paused 1ms+3ms
07-05 13:58:07.933   545   548 D dalvikvm: GC_CONCURRENT freed 411K, 12% free 10417K/11719K, paused 2ms+2ms
07-05 13:58:07.984   545  7299 I DownloadManager: Initiating request for download 4697
07-05 13:58:08.086   545   548 D dalvikvm: GC_CONCURRENT freed 198K, 9% free 10671K/11719K, paused 2ms+2ms
07-05 13:58:08.215   545   548 D dalvikvm: GC_CONCURRENT freed 419K, 9% free 10699K/11719K, paused 2ms+4ms
07-05 13:58:08.519   545   548 D dalvikvm: GC_CONCURRENT freed 701K, 11% free 10436K/11719K, paused 2ms+3ms
07-05 13:58:08.793   545   548 D dalvikvm: GC_CONCURRENT freed 409K, 12% free 10417K/11719K, paused 2ms+2ms
07-05 13:58:09.023   156   512 D dalvikvm: GC_EXPLICIT freed 512K, 12% free 14100K/16007K, paused 3ms+6ms
07-05 13:58:09.027   545  7302 I DownloadManager: Initiating request for download 4698
07-05 13:58:09.113   545   548 D dalvikvm: GC_CONCURRENT freed 255K, 10% free 10601K/11719K, paused 2ms+3ms
07-05 13:58:09.230   545   548 D dalvikvm: GC_CONCURRENT freed 314K, 9% free 10742K/11719K, paused 1ms+3ms
07-05 13:58:09.468   545  9639 D dalvikvm: GC_EXPLICIT freed 739K, 11% free 10450K/11719K, paused 2ms+2ms
07-05 13:58:09.472  1370  7304 E DictionaryProvider:UpdateHandler: Can't read a file : android.util.MalformedJsonException: Use JsonReader.setLenient(true) to accept malformed JSON at line 1 column 20
07-05 13:58:09.750   545   548 D dalvikvm: GC_CONCURRENT freed 423K, 12% free 10418K/11719K, paused 1ms+3ms
07-05 13:58:09.972   545  7307 I DownloadManager: Initiating request for download 4698
07-05 13:58:10.031   545   548 D dalvikvm: GC_CONCURRENT freed 394K, 11% free 10463K/11719K, paused 2ms+3ms
07-05 13:58:10.156   545   548 D dalvikvm: GC_CONCURRENT freed 199K, 9% free 10704K/11719K, paused 2ms+2ms
07-05 13:58:10.304   545   548 D dalvikvm: GC_CONCURRENT freed 670K, 11% free 10472K/11719K, paused 2ms+2ms
07-05 13:58:10.590   545   548 D dalvikvm: GC_CONCURRENT freed 439K, 12% free 10423K/11719K, paused 1ms+3ms
07-05 13:58:10.859   545   548 D dalvikvm: GC_CONCURRENT freed 410K, 12% free 10404K/11719K, paused 2ms+2ms
07-05 13:58:10.992   545  7310 I DownloadManager: Initiating request for download 4699
07-05 13:58:11.074   545   548 D dalvikvm: GC_CONCURRENT freed 240K, 10% free 10601K/11719K, paused 2ms+3ms
07-05 13:58:11.195   545   548 D dalvikvm: GC_CONCURRENT freed 319K, 8% free 10785K/11719K, paused 2ms+3ms
07-05 13:58:11.375  1370  7312 E DictionaryProvider:UpdateHandler: Can't read a file : android.util.MalformedJsonException: Use JsonReader.setLenient(true) to accept malformed JSON at line 1 column 20
07-05 13:58:11.441  1370  1372 D dalvikvm: GC_CONCURRENT freed 364K, 7% free 9151K/9735K, paused 1ms+2ms
07-05 13:58:11.531   545   548 D dalvikvm: GC_CONCURRENT freed 816K, 11% free 10435K/11719K, paused 2ms+2ms
07-05 13:58:11.800   545   548 D dalvikvm: GC_CONCURRENT freed 411K, 12% free 10410K/11719K, paused 2ms+2ms
07-05 13:58:11.968   545  7315 I DownloadManager: Initiating request for download 4699
07-05 13:58:12.043   545   548 D dalvikvm: GC_CONCURRENT freed 310K, 10% free 10567K/11719K, paused 2ms+4ms
07-05 13:58:12.164   545   548 D dalvikvm: GC_CONCURRENT freed 271K, 9% free 10728K/11719K, paused 2ms+3ms
07-05 13:58:12.375   545   548 D dalvikvm: GC_CONCURRENT freed 736K, 11% free 10443K/11719K, paused 2ms+2ms
07-05 13:58:12.636   545   548 D dalvikvm: GC_CONCURRENT freed 416K, 12% free 10417K/11719K, paused 2ms+3ms
07-05 13:58:12.898   545   548 D dalvikvm: GC_CONCURRENT freed 405K, 12% free 10403K/11719K, paused 1ms+2ms
07-05 13:58:12.968   545  7318 I DownloadManager: Initiating request for download 4700
07-05 13:58:13.082   545   548 D dalvikvm: GC_CONCURRENT freed 197K, 10% free 10658K/11719K, paused 2ms+3ms
07-05 13:58:13.215   545   548 D dalvikvm: GC_CONCURRENT freed 413K, 9% free 10713K/11719K, paused 2ms+3ms
07-05 13:58:13.359  1370  7320 E DictionaryProvider:UpdateHandler: Can't read a file : android.util.MalformedJsonException: Use JsonReader.setLenient(true) to accept malformed JSON at line 1 column 20
07-05 13:58:13.543   545   548 D dalvikvm: GC_CONCURRENT freed 723K, 11% free 10433K/11719K, paused 2ms+3ms
07-05 13:58:13.808   545   548 D dalvikvm: GC_CONCURRENT freed 410K, 12% free 10410K/11719K, paused 2ms+2ms
07-05 13:58:13.933   545  7323 I DownloadManager: Initiating request for download 4700
07-05 13:58:14.019   545   548 D dalvikvm: GC_CONCURRENT freed 256K, 10% free 10593K/11719K, paused 1ms+3ms
07-05 13:58:14.136   545   548 D dalvikvm: GC_CONCURRENT freed 272K, 9% free 10754K/11719K, paused 2ms+3ms
07-05 13:58:14.383   545   548 D dalvikvm: GC_CONCURRENT freed 774K, 11% free 10443K/11719K, paused 1ms+2ms
07-05 13:58:14.644   545   548 D dalvikvm: GC_CONCURRENT freed 416K, 12% free 10417K/11719K, paused 2ms+2ms
07-05 13:58:14.894   545  7326 I DownloadManager: Initiating request for download 4701
07-05 13:58:14.957   545   548 D dalvikvm: GC_CONCURRENT freed 389K, 11% free 10440K/11719K, paused 2ms+3ms
07-05 13:58:15.078   545   548 D dalvikvm: GC_CONCURRENT freed 193K, 9% free 10685K/11719K, paused 2ms+3ms
07-05 13:58:15.215   545   548 D dalvikvm: GC_CONCURRENT freed 447K, 9% free 10696K/11719K, paused 2ms+3ms
07-05 13:58:15.343  1370  7328 E DictionaryProvider:UpdateHandler: Can't read a file : android.util.MalformedJsonException: Use JsonReader.setLenient(true) to accept malformed JSON at line 1 column 20
07-05 13:58:15.547   545   548 D dalvikvm: GC_CONCURRENT freed 694K, 11% free 10439K/11719K, paused 2ms+3ms
07-05 13:58:15.820   545   548 D dalvikvm: GC_CONCURRENT freed 414K, 12% free 10415K/11719K, paused 2ms+3ms
07-05 13:58:15.918   545  7330 I DownloadManager: Initiating request for download 4701
07-05 13:58:15.996   545   548 D dalvikvm: GC_CONCURRENT freed 231K, 10% free 10620K/11719K, paused 1ms+2ms
07-05 13:58:16.082   545   548 D dalvikvm: GC_CONCURRENT freed 288K, 8% free 10787K/11719K, paused 1ms+2ms
07-05 13:58:16.746   545   548 D dalvikvm: GC_CONCURRENT freed 817K, 11% free 10437K/11719K, paused 1ms+2ms
07-05 13:58:17.015   545   548 D dalvikvm: GC_CONCURRENT freed 410K, 12% free 10418K/11719K, paused 2ms+3ms
07-05 13:58:17.226   545  7334 I DownloadManager: Initiating request for download 4702
07-05 13:58:17.308   545   548 D dalvikvm: GC_CONCURRENT freed 315K, 10% free 10563K/11719K, paused 1ms+3ms
07-05 13:58:17.425   545   548 D dalvikvm: GC_CONCURRENT freed 275K, 9% free 10736K/11719K, paused 2ms+3ms
07-05 13:58:17.621   545   548 D dalvikvm: GC_CONCURRENT freed 711K, 11% free 10479K/11719K, paused 2ms+2ms
07-05 13:58:17.683  1370  7337 E DictionaryProvider:UpdateHandler: Can't read a file : android.util.MalformedJsonException: Use JsonReader.setLenient(true) to accept malformed JSON at line 1 column 20
07-05 13:58:17.925   545   548 D dalvikvm: GC_CONCURRENT freed 428K, 11% free 10437K/11719K, paused 1ms+2ms
07-05 13:58:18.191   545   548 D dalvikvm: GC_CONCURRENT freed 410K, 12% free 10415K/11719K, paused 1ms+2ms
07-05 13:58:18.246   545  7340 I DownloadManager: Initiating request for download 4702
07-05 13:58:18.343   545   548 D dalvikvm: GC_CONCURRENT freed 202K, 10% free 10650K/11719K, paused 1ms+3ms
07-05 13:58:18.476   545   548 D dalvikvm: GC_CONCURRENT freed 395K, 9% free 10699K/11719K, paused 1ms+3ms
07-05 13:58:18.777   545   548 D dalvikvm: GC_CONCURRENT freed 700K, 11% free 10437K/11719K, paused 2ms+3ms
07-05 13:58:19.054   545   548 D dalvikvm: GC_CONCURRENT freed 409K, 12% free 10425K/11719K, paused 1ms+2ms
07-05 13:58:19.230   545  7343 I DownloadManager: Initiating request for download 4703
07-05 13:58:19.308   545   548 D dalvikvm: GC_CONCURRENT freed 286K, 10% free 10588K/11719K, paused 2ms+3ms
07-05 13:58:19.441   545   548 D dalvikvm: GC_CONCURRENT freed 289K, 9% free 10755K/11719K, paused 2ms+3ms
07-05 13:58:19.621  1370  7345 E DictionaryProvider:UpdateHandler: Can't read a file : android.util.MalformedJsonException: Use JsonReader.setLenient(true) to accept malformed JSON at line 1 column 20
07-05 13:58:19.703  1370  1372 D dalvikvm: GC_CONCURRENT freed 412K, 7% free 9127K/9735K, paused 1ms+2ms
07-05 13:58:19.718   545   548 D dalvikvm: GC_CONCURRENT freed 754K, 11% free 10462K/11719K, paused 1ms+2ms
07-05 13:58:19.988   545   548 D dalvikvm: GC_CONCURRENT freed 422K, 12% free 10428K/11719K, paused 1ms+2ms
07-05 13:58:20.258   545   548 D dalvikvm: GC_CONCURRENT freed 400K, 12% free 10414K/11719K, paused 2ms+2ms
07-05 13:58:20.289   545  7348 I DownloadManager: Initiating request for download 4703
07-05 13:58:20.390   545   548 D dalvikvm: GC_CONCURRENT freed 181K, 9% free 10670K/11719K, paused 2ms+2ms
07-05 13:58:20.531   545   548 D dalvikvm: GC_CONCURRENT freed 417K, 9% free 10702K/11719K, paused 2ms+2ms
07-05 13:58:20.824   545   548 D dalvikvm: GC_CONCURRENT freed 705K, 11% free 10436K/11719K, paused 2ms+2ms
07-05 13:58:21.086   545   548 D dalvikvm: GC_CONCURRENT freed 408K, 12% free 10419K/11719K, paused 1ms+2ms
07-05 13:58:21.246   545  7351 I DownloadManager: Initiating request for download 4704
07-05 13:58:21.336   545   548 D dalvikvm: GC_CONCURRENT freed 258K, 10% free 10601K/11719K, paused 2ms+3ms
07-05 13:58:21.457   545   548 D dalvikvm: GC_CONCURRENT freed 298K, 9% free 10763K/11719K, paused 1ms+3ms
07-05 13:58:21.683  1370  7353 E DictionaryProvider:UpdateHandler: Can't read a file : android.util.MalformedJsonException: Use JsonReader.setLenient(true) to accept malformed JSON at line 1 column 20
07-05 13:58:21.722   545   548 D dalvikvm: GC_CONCURRENT freed 789K, 11% free 10457K/11719K, paused 2ms+2ms
07-05 13:58:22.000   545   548 D dalvikvm: GC_CONCURRENT freed 417K, 12% free 10427K/11719K, paused 2ms+2ms
07-05 13:58:22.222   545  7356 I DownloadManager: Initiating request for download 4704
07-05 13:58:22.281   545   548 D dalvikvm: GC_CONCURRENT freed 383K, 11% free 10462K/11719K, paused 2ms+3ms
07-05 13:58:22.390   545   548 D dalvikvm: GC_CONCURRENT freed 199K, 9% free 10700K/11719K, paused 1ms+3ms
07-05 13:58:22.527   545   548 D dalvikvm: GC_CONCURRENT freed 653K, 11% free 10488K/11719K, paused 1ms+4ms
07-05 13:58:22.812   545   548 D dalvikvm: GC_CONCURRENT freed 436K, 11% free 10442K/11719K, paused 2ms+2ms
07-05 13:58:23.066   545   548 D dalvikvm: GC_CONCURRENT freed 411K, 12% free 10422K/11719K, paused 2ms+2ms
07-05 13:58:23.250   545  7359 I DownloadManager: Initiating request for download 4705
07-05 13:58:23.343   545   548 D dalvikvm: GC_CONCURRENT freed 247K, 10% free 10611K/11719K, paused 2ms+3ms
07-05 13:58:23.465   545   548 D dalvikvm: GC_CONCURRENT freed 296K, 9% free 10779K/11719K, paused 2ms+3ms
07-05 13:58:23.648  1370  7361 E DictionaryProvider:UpdateHandler: Can't read a file : android.util.MalformedJsonException: Use JsonReader.setLenient(true) to accept malformed JSON at line 1 column 20
07-05 13:58:23.754   545   548 D dalvikvm: GC_CONCURRENT freed 783K, 11% free 10458K/11719K, paused 1ms+2ms
07-05 13:58:24.015   545   548 D dalvikvm: GC_CONCURRENT freed 415K, 11% free 10431K/11719K, paused 2ms+2ms
07-05 13:58:24.230   545  7364 I DownloadManager: Initiating request for download 4705
07-05 13:58:24.285   545   548 D dalvikvm: GC_CONCURRENT freed 385K, 11% free 10468K/11719K, paused 2ms+3ms
07-05 13:58:24.398   545   548 D dalvikvm: GC_CONCURRENT freed 199K, 9% free 10706K/11719K, paused 1ms+3ms
07-05 13:58:24.539   545   548 D dalvikvm: GC_CONCURRENT freed 659K, 11% free 10491K/11719K, paused 2ms+2ms
07-05 13:58:24.824   545   548 D dalvikvm: GC_CONCURRENT freed 436K, 11% free 10445K/11719K, paused 1ms+2ms
07-05 13:58:25.093   545   548 D dalvikvm: GC_CONCURRENT freed 410K, 11% free 10433K/11719K, paused 2ms+3ms
07-05 13:58:25.234   545  7367 I DownloadManager: Initiating request for download 4706
07-05 13:58:25.328   545   548 D dalvikvm: GC_CONCURRENT freed 247K, 10% free 10618K/11719K, paused 2ms+3ms
07-05 13:58:25.449   545   548 D dalvikvm: GC_CONCURRENT freed 300K, 8% free 10783K/11719K, paused 2ms+3ms
07-05 13:58:25.687   545   548 D dalvikvm: GC_CONCURRENT freed 761K, 11% free 10489K/11719K, paused 2ms+3ms
07-05 13:58:25.953   156   594 D dalvikvm: GC_EXPLICIT freed 503K, 12% free 14099K/16007K, paused 3ms+6ms
07-05 13:58:25.965  1370  7369 E DictionaryProvider:UpdateHandler: Can't read a file : android.util.MalformedJsonException: Use JsonReader.setLenient(true) to accept malformed JSON at line 1 column 20
07-05 13:58:26.054   545   548 D dalvikvm: GC_CONCURRENT freed 432K, 11% free 10447K/11719K, paused 2ms+3ms
07-05 13:58:26.261   545  7372 I DownloadManager: Initiating request for download 4706
07-05 13:58:26.324   545   548 D dalvikvm: GC_CONCURRENT freed 400K, 11% free 10473K/11719K, paused 1ms+3ms
07-05 13:58:26.441   545   548 D dalvikvm: GC_CONCURRENT freed 211K, 9% free 10700K/11719K, paused 2ms+3ms
07-05 13:58:26.582   545   548 D dalvikvm: GC_CONCURRENT freed 660K, 11% free 10478K/11719K, paused 1ms+2ms
07-05 13:58:26.867   545   548 D dalvikvm: GC_CONCURRENT freed 438K, 11% free 10431K/11719K, paused 2ms+2ms
07-05 13:58:27.140   545   548 D dalvikvm: GC_CONCURRENT freed 408K, 12% free 10413K/11719K, paused 2ms+2ms
07-05 13:58:27.285   545  7375 I DownloadManager: Initiating request for download 4707
07-05 13:58:27.371   545   548 D dalvikvm: GC_CONCURRENT freed 231K, 10% free 10603K/11719K, paused 2ms+3ms
07-05 13:58:27.394   682  1055 E GTalkService: connectionClosed: no XMPPConnection - That's strange!
07-05 13:58:27.500   545   548 D dalvikvm: GC_CONCURRENT freed 288K, 9% free 10768K/11719K, paused 2ms+2ms
07-05 13:58:27.683  1370  7377 E DictionaryProvider:UpdateHandler: Can't read a file : android.util.MalformedJsonException: Use JsonReader.setLenient(true) to accept malformed JSON at line 1 column 20
07-05 13:58:27.781  1370  1372 D dalvikvm: GC_CONCURRENT freed 388K, 7% free 9127K/9735K, paused 2ms+1ms
07-05 13:58:27.800   545   548 D dalvikvm: GC_CONCURRENT freed 788K, 11% free 10450K/11719K, paused 1ms+3ms
07-05 13:58:28.066   545   548 D dalvikvm: GC_CONCURRENT freed 417K, 12% free 10421K/11719K, paused 2ms+3ms
07-05 13:58:28.285   545  7380 I DownloadManager: Initiating request for download 4707
07-05 13:58:28.343   545   548 D dalvikvm: GC_CONCURRENT freed 381K, 11% free 10472K/11719K, paused 1ms+3ms
07-05 13:58:28.468   545   548 D dalvikvm: GC_CONCURRENT freed 209K, 9% free 10700K/11719K, paused 2ms+3ms
07-05 13:58:28.613   545   548 D dalvikvm: GC_CONCURRENT freed 662K, 11% free 10492K/11719K, paused 1ms+2ms
07-05 13:58:28.898   545   548 D dalvikvm: GC_CONCURRENT freed 449K, 11% free 10434K/11719K, paused 2ms+3ms
07-05 13:58:29.172   545   548 D dalvikvm: GC_CONCURRENT freed 410K, 12% free 10414K/11719K, paused 1ms+3ms
07-05 13:58:29.316   545  7383 I DownloadManager: Initiating request for download 4708
07-05 13:58:29.414   545   548 D dalvikvm: GC_CONCURRENT freed 238K, 10% free 10607K/11719K, paused 2ms+3ms
07-05 13:58:29.531   545   548 D dalvikvm: GC_CONCURRENT freed 301K, 9% free 10766K/11719K, paused 1ms+3ms
07-05 13:58:29.715  1370  7385 E DictionaryProvider:UpdateHandler: Can't read a file : android.util.MalformedJsonException: Use JsonReader.setLenient(true) to accept malformed JSON at line 1 column 20
07-05 13:58:29.804   545   548 D dalvikvm: GC_CONCURRENT freed 773K, 11% free 10452K/11719K, paused 2ms+3ms
07-05 13:58:30.070   545   548 D dalvikvm: GC_CONCURRENT freed 418K, 12% free 10424K/11719K, paused 1ms+2ms
07-05 13:58:30.297   545  7388 I DownloadManager: Initiating request for download 4708
07-05 13:58:30.359   545   548 D dalvikvm: GC_CONCURRENT freed 393K, 11% free 10469K/11719K, paused 1ms+3ms
07-05 13:58:30.398   156   330 D ConnectivityService: handleInetConditionHoldEnd: net=1, condition=0, published condition=0
07-05 13:58:30.476   545   548 D dalvikvm: GC_CONCURRENT freed 205K, 9% free 10701K/11719K, paused 1ms+3ms
07-05 13:58:30.621   545   548 D dalvikvm: GC_CONCURRENT freed 665K, 11% free 10484K/11719K, paused 2ms+2ms
07-05 13:58:30.914   545   548 D dalvikvm: GC_CONCURRENT freed 438K, 11% free 10436K/11719K, paused 2ms+3ms
07-05 13:58:31.179   545   548 D dalvikvm: GC_CONCURRENT freed 410K, 12% free 10417K/11719K, paused 1ms+2ms
07-05 13:58:31.340   545  7391 I DownloadManager: Initiating request for download 4709
07-05 13:58:31.425   545   548 D dalvikvm: GC_CONCURRENT freed 241K, 10% free 10615K/11719K, paused 2ms+3ms
07-05 13:58:31.554   545   548 D dalvikvm: GC_CONCURRENT freed 291K, 9% free 10781K/11719K, paused 2ms+3ms
07-05 13:58:31.750  1370  7393 E DictionaryProvider:UpdateHandler: Can't read a file : android.util.MalformedJsonException: Use JsonReader.setLenient(true) to accept malformed JSON at line 1 column 20
07-05 13:58:31.855   465   467 D dalvikvm: GC_CONCURRENT freed 399K, 6% free 10502K/11143K, paused 2ms+3ms
07-05 13:58:31.886   545   548 D dalvikvm: GC_CONCURRENT freed 790K, 11% free 10463K/11719K, paused 2ms+2ms
07-05 13:58:32.152   545   548 D dalvikvm: GC_CONCURRENT freed 428K, 12% free 10426K/11719K, paused 2ms+2ms
07-05 13:58:32.359   545  7396 I DownloadManager: Initiating request for download 4709
07-05 13:58:32.418   545   548 D dalvikvm: GC_CONCURRENT freed 373K, 11% free 10473K/11719K, paused 2ms+3ms
07-05 13:58:32.531   545   548 D dalvikvm: GC_CONCURRENT freed 205K, 9% free 10706K/11719K, paused 2ms+2ms
07-05 13:58:32.672   545   548 D dalvikvm: GC_CONCURRENT freed 663K, 11% free 10487K/11719K, paused 2ms+2ms
07-05 13:58:32.965   545   548 D dalvikvm: GC_CONCURRENT freed 437K, 11% free 10446K/11719K, paused 2ms+3ms
07-05 13:58:33.238   545   548 D dalvikvm: GC_CONCURRENT freed 416K, 12% free 10420K/11719K, paused 2ms+2ms
07-05 13:58:33.383   545  7399 I DownloadManager: Initiating request for download 4710
07-05 13:58:33.468   545   548 D dalvikvm: GC_CONCURRENT freed 237K, 10% free 10615K/11719K, paused 2ms+3ms
07-05 13:58:33.590   545   548 D dalvikvm: GC_CONCURRENT freed 300K, 9% free 10779K/11719K, paused 1ms+3ms
07-05 13:58:33.769  1370  7401 E DictionaryProvider:UpdateHandler: Can't read a file : android.util.MalformedJsonException: Use JsonReader.setLenient(true) to accept malformed JSON at line 1 column 20
07-05 13:58:33.867   545   548 D dalvikvm: GC_CONCURRENT freed 782K, 11% free 10462K/11719K, paused 2ms+2ms
07-05 13:58:34.133   545   548 D dalvikvm: GC_CONCURRENT freed 423K, 12% free 10430K/11719K, paused 2ms+3ms
07-05 13:58:34.355   545  7404 I DownloadManager: Initiating request for download 4710
07-05 13:58:34.406   545   548 D dalvikvm: GC_CONCURRENT freed 382K, 11% free 10461K/11719K, paused 2ms+3ms
07-05 13:58:34.527   545   548 D dalvikvm: GC_CONCURRENT freed 196K, 9% free 10702K/11719K, paused 2ms+3ms
07-05 13:58:34.664   545   548 D dalvikvm: GC_CONCURRENT freed 443K, 9% free 10710K/11719K, paused 2ms+3ms
07-05 13:58:34.972   545   548 D dalvikvm: GC_CONCURRENT freed 710K, 11% free 10441K/11719K, paused 1ms+2ms
07-05 13:58:35.242   545   548 D dalvikvm: GC_CONCURRENT freed 409K, 12% free 10427K/11719K, paused 2ms+3ms
07-05 13:58:35.383   545  7407 I DownloadManager: Initiating request for download 4711
07-05 13:58:35.468   545   548 D dalvikvm: GC_CONCURRENT freed 231K, 10% free 10632K/11719K, paused 2ms+3ms
07-05 13:58:35.590   545   548 D dalvikvm: GC_CONCURRENT freed 302K, 8% free 10800K/11719K, paused 2ms+3ms
07-05 13:58:35.761  1370  7409 E DictionaryProvider:UpdateHandler: Can't read a file : android.util.MalformedJsonException: Use JsonReader.setLenient(true) to accept malformed JSON at line 1 column 20
07-05 13:58:35.836  1370  1372 D dalvikvm: GC_CONCURRENT freed 387K, 7% free 9127K/9735K, paused 1ms+2ms
07-05 13:58:35.925   545   548 D dalvikvm: GC_CONCURRENT freed 813K, 11% free 10461K/11719K, paused 1ms+2ms
07-05 13:58:36.195   545   548 D dalvikvm: GC_CONCURRENT freed 420K, 12% free 10430K/11719K, paused 1ms+2ms
07-05 13:58:36.379   545  7412 I DownloadManager: Initiating request for download 4711
07-05 13:58:36.445   545   548 D dalvikvm: GC_CONCURRENT freed 333K, 10% free 10557K/11719K, paused 2ms+3ms
07-05 13:58:36.570   545   548 D dalvikvm: GC_CONCURRENT freed 255K, 9% free 10739K/11719K, paused 2ms+3ms
07-05 13:58:36.726   545  7412 D dalvikvm: GC_EXPLICIT freed 633K, 11% free 10521K/11719K, paused 2ms+4ms
07-05 13:58:37.004   545   548 D dalvikvm: GC_CONCURRENT freed 467K, 11% free 10445K/11719K, paused 1ms+2ms
07-05 13:58:37.273   545   548 D dalvikvm: GC_CONCURRENT freed 410K, 12% free 10425K/11719K, paused 2ms+2ms
07-05 13:58:37.406   545  7415 I DownloadManager: Initiating request for download 4712
07-05 13:58:37.508   545   548 D dalvikvm: GC_CONCURRENT freed 224K, 10% free 10638K/11719K, paused 3ms+3ms
07-05 13:58:37.629   545   548 D dalvikvm: GC_CONCURRENT freed 302K, 8% free 10808K/11719K, paused 2ms+3ms
07-05 13:58:37.800  1370  7417 E DictionaryProvider:UpdateHandler: Can't read a file : android.util.MalformedJsonException: Use JsonReader.setLenient(true) to accept malformed JSON at line 1 column 20
07-05 13:58:37.941   545   548 D dalvikvm: GC_CONCURRENT freed 820K, 11% free 10457K/11719K, paused 2ms+2ms
07-05 13:58:38.203   545   548 D dalvikvm: GC_CONCURRENT freed 414K, 11% free 10434K/11719K, paused 2ms+2ms
07-05 13:58:38.394   545  7420 I DownloadManager: Initiating request for download 4712
07-05 13:58:38.445   545   548 D dalvikvm: GC_CONCURRENT freed 333K, 11% free 10499K/11719K, paused 2ms+3ms
07-05 13:58:38.570   545   548 D dalvikvm: GC_CONCURRENT freed 239K, 9% free 10743K/11719K, paused 2ms+4ms
07-05 13:58:38.738   545   548 D dalvikvm: GC_CONCURRENT freed 707K, 11% free 10495K/11719K, paused 2ms+3ms
07-05 13:58:39.023   545   548 D dalvikvm: GC_CONCURRENT freed 440K, 11% free 10445K/11719K, paused 2ms+2ms
07-05 13:58:39.285   545   548 D dalvikvm: GC_CONCURRENT freed 408K, 12% free 10427K/11719K, paused 2ms+2ms
07-05 13:58:39.406   545  7423 I DownloadManager: Initiating request for download 4713
07-05 13:58:39.492   545   548 D dalvikvm: GC_CONCURRENT freed 215K, 10% free 10649K/11719K, paused 2ms+3ms
07-05 13:58:39.617   545   548 D dalvikvm: GC_CONCURRENT freed 302K, 8% free 10820K/11719K, paused 2ms+2ms
07-05 13:58:39.664   682   682 I GTalkService/c: [AndroidEndpoint@1095403848] connect: acct=1000001, state=CONNECTING
07-05 13:58:39.785  1370  7425 E DictionaryProvider:UpdateHandler: Can't read a file : android.util.MalformedJsonException: Use JsonReader.setLenient(true) to accept malformed JSON at line 1 column 20
07-05 13:58:39.855   465  7426 D dalvikvm: GC_EXPLICIT freed 270K, 8% free 10295K/11143K, paused 2ms+3ms
07-05 13:58:39.976   545   548 D dalvikvm: GC_CONCURRENT freed 837K, 11% free 10458K/11719K, paused 1ms+2ms
07-05 13:58:40.250   545   548 D dalvikvm: GC_CONCURRENT freed 410K, 11% free 10434K/11719K, paused 2ms+3ms
07-05 13:58:40.441   545  7428 I DownloadManager: Initiating request for download 4713
07-05 13:58:40.515   545   548 D dalvikvm: GC_CONCURRENT freed 310K, 10% free 10582K/11719K, paused 2ms+3ms
07-05 13:58:40.633   545   548 D dalvikvm: GC_CONCURRENT freed 278K, 9% free 10757K/11719K, paused 2ms+3ms
07-05 13:58:40.828   545   548 D dalvikvm: GC_CONCURRENT freed 723K, 11% free 10494K/11719K, paused 2ms+2ms
07-05 13:58:41.105   545   548 D dalvikvm: GC_CONCURRENT freed 438K, 11% free 10446K/11719K, paused 2ms+2ms
07-05 13:58:41.371   545   548 D dalvikvm: GC_CONCURRENT freed 410K, 12% free 10426K/11719K, paused 2ms+3ms
07-05 13:58:41.449   545  7431 I DownloadManager: Initiating request for download 4714
07-05 13:58:41.547   545   548 D dalvikvm: GC_CONCURRENT freed 191K, 9% free 10672K/11719K, paused 2ms+3ms
07-05 13:58:41.672   545   548 D dalvikvm: GC_CONCURRENT freed 311K, 8% free 10838K/11719K, paused 2ms+2ms
07-05 13:58:41.836  1370  7433 E DictionaryProvider:UpdateHandler: Can't read a file : android.util.MalformedJsonException: Use JsonReader.setLenient(true) to accept malformed JSON at line 1 column 20
07-05 13:58:41.992   545   548 D dalvikvm: GC_CONCURRENT freed 852K, 11% free 10464K/11719K, paused 2ms+2ms
07-05 13:58:42.261   545   548 D dalvikvm: GC_CONCURRENT freed 415K, 11% free 10440K/11719K, paused 1ms+2ms
07-05 13:58:42.461   156   514 D dalvikvm: GC_EXPLICIT freed 486K, 12% free 14100K/16007K, paused 2ms+6ms
07-05 13:58:42.465   545  7435 I DownloadManager: Initiating request for download 4714
07-05 13:58:42.547   545   548 D dalvikvm: GC_CONCURRENT freed 267K, 10% free 10659K/11719K, paused 1ms+4ms
07-05 13:58:42.648   545   548 D dalvikvm: GC_CONCURRENT freed 339K, 8% free 10791K/11719K, paused 2ms+3ms
07-05 13:58:43.683   545   548 D dalvikvm: GC_CONCURRENT freed 780K, 11% free 10476K/11719K, paused 2ms+2ms
07-05 13:58:43.984   545   548 D dalvikvm: GC_CONCURRENT freed 436K, 11% free 10431K/11719K, paused 2ms+3ms
07-05 13:58:44.226   545  7439 I DownloadManager: Initiating request for download 4715
07-05 13:58:44.293   545   548 D dalvikvm: GC_CONCURRENT freed 369K, 11% free 10483K/11719K, paused 2ms+3ms
07-05 13:58:44.429   545   548 D dalvikvm: GC_CONCURRENT freed 209K, 9% free 10710K/11719K, paused 2ms+3ms
07-05 13:58:44.566   545   548 D dalvikvm: GC_CONCURRENT freed 668K, 11% free 10489K/11719K, paused 2ms+2ms
07-05 13:58:44.715  1370  7442 E DictionaryProvider:UpdateHandler: Can't read a file : android.util.MalformedJsonException: Use JsonReader.setLenient(true) to accept malformed JSON at line 1 column 20
07-05 13:58:44.793  1370  1372 D dalvikvm: GC_CONCURRENT freed 389K, 7% free 9126K/9735K, paused 1ms+1ms
07-05 13:58:44.902   545   548 D dalvikvm: GC_CONCURRENT freed 432K, 11% free 10448K/11719K, paused 2ms+2ms
07-05 13:58:45.156   545   548 D dalvikvm: GC_CONCURRENT freed 415K, 12% free 10423K/11719K, paused 2ms+2ms
07-05 13:58:45.285   545  7445 I DownloadManager: Initiating request for download 4715
07-05 13:58:45.359   545   548 D dalvikvm: GC_CONCURRENT freed 271K, 10% free 10609K/11719K, paused 2ms+3ms
07-05 13:58:45.484   545   548 D dalvikvm: GC_CONCURRENT freed 284K, 9% free 10779K/11719K, paused 1ms+3ms
07-05 13:58:45.734   545   548 D dalvikvm: GC_CONCURRENT freed 795K, 11% free 10448K/11719K, paused 1ms+2ms
07-05 13:58:46.000   545   548 D dalvikvm: GC_CONCURRENT freed 406K, 12% free 10429K/11719K, paused 2ms+2ms
07-05 13:58:46.246   545  7448 I DownloadManager: Initiating request for download 4716
07-05 13:58:46.316   545   548 D dalvikvm: GC_CONCURRENT freed 398K, 11% free 10474K/11719K, paused 2ms+3ms
07-05 13:58:46.437   545   548 D dalvikvm: GC_CONCURRENT freed 190K, 9% free 10699K/11719K, paused 2ms+2ms
07-05 13:58:46.562   545   548 D dalvikvm: GC_CONCURRENT freed 446K, 9% free 10715K/11719K, paused 2ms+2ms
07-05 13:58:46.695  1370  7450 E DictionaryProvider:UpdateHandler: Can't read a file : android.util.MalformedJsonException: Use JsonReader.setLenient(true) to accept malformed JSON at line 1 column 20
07-05 13:58:46.898   545   548 D dalvikvm: GC_CONCURRENT freed 710K, 11% free 10448K/11719K, paused 1ms+2ms
07-05 13:58:47.160   545   548 D dalvikvm: GC_CONCURRENT freed 416K, 12% free 10423K/11719K, paused 1ms+2ms
07-05 13:58:47.281   545  7453 I DownloadManager: Initiating request for download 4716
07-05 13:58:47.363   545   548 D dalvikvm: GC_CONCURRENT freed 235K, 10% free 10619K/11719K, paused 2ms+3ms
07-05 13:58:47.484   545   548 D dalvikvm: GC_CONCURRENT freed 297K, 8% free 10788K/11719K, paused 2ms+3ms
07-05 13:58:47.734   545   548 D dalvikvm: GC_CONCURRENT freed 804K, 11% free 10451K/11719K, paused 2ms+2ms
07-05 13:58:47.984   545   548 D dalvikvm: GC_CONCURRENT freed 405K, 11% free 10432K/11719K, paused 2ms+3ms
07-05 13:58:48.222   545  7456 I DownloadManager: Initiating request for download 4717
07-05 13:58:48.289   545   548 D dalvikvm: GC_CONCURRENT freed 377K, 11% free 10480K/11719K, paused 3ms+3ms
07-05 13:58:48.410   545   548 D dalvikvm: GC_CONCURRENT freed 200K, 9% free 10709K/11719K, paused 2ms+2ms
07-05 13:58:48.558   545   548 D dalvikvm: GC_CONCURRENT freed 675K, 11% free 10504K/11719K, paused 2ms+3ms
07-05 13:58:48.675  1370  7458 E DictionaryProvider:UpdateHandler: Can't read a file : android.util.MalformedJsonException: Use JsonReader.setLenient(true) to accept malformed JSON at line 1 column 20
07-05 13:58:48.875   545   548 D dalvikvm: GC_CONCURRENT freed 442K, 11% free 10452K/11719K, paused 2ms+2ms
07-05 13:58:49.144   545   548 D dalvikvm: GC_CONCURRENT freed 415K, 12% free 10428K/11719K, paused 2ms+2ms
07-05 13:58:49.265   545  7461 I DownloadManager: Initiating request for download 4717
07-05 13:58:49.347   545   548 D dalvikvm: GC_CONCURRENT freed 255K, 10% free 10612K/11719K, paused 2ms+3ms
07-05 13:58:49.468   545   548 D dalvikvm: GC_CONCURRENT freed 295K, 9% free 10779K/11719K, paused 1ms+3ms
07-05 13:58:49.711   545   548 D dalvikvm: GC_CONCURRENT freed 792K, 11% free 10453K/11719K, paused 1ms+2ms
07-05 13:58:49.984   545   548 D dalvikvm: GC_CONCURRENT freed 404K, 11% free 10435K/11719K, paused 2ms+2ms
07-05 13:58:50.250   545  7464 I DownloadManager: Initiating request for download 4718
07-05 13:58:50.297   545   548 D dalvikvm: GC_CONCURRENT freed 406K, 11% free 10462K/11719K, paused 3ms+3ms
07-05 13:58:50.433   545   548 D dalvikvm: GC_CONCURRENT freed 202K, 9% free 10712K/11719K, paused 2ms+2ms
07-05 13:58:50.570   545   548 D dalvikvm: GC_CONCURRENT freed 458K, 9% free 10723K/11719K, paused 2ms+2ms
07-05 13:58:50.695  1370  7466 E DictionaryProvider:UpdateHandler: Can't read a file : android.util.MalformedJsonException: Use JsonReader.setLenient(true) to accept malformed JSON at line 1 column 20
07-05 13:58:50.914   545   548 D dalvikvm: GC_CONCURRENT freed 717K, 11% free 10452K/11719K, paused 2ms+2ms
07-05 13:58:51.179   545   548 D dalvikvm: GC_CONCURRENT freed 414K, 12% free 10428K/11719K, paused 1ms+2ms
07-05 13:58:51.285   545  7469 I DownloadManager: Initiating request for download 4718
07-05 13:58:51.375   545   548 D dalvikvm: GC_CONCURRENT freed 228K, 10% free 10632K/11719K, paused 2ms+3ms
07-05 13:58:51.492   545   548 D dalvikvm: GC_CONCURRENT freed 323K, 8% free 10821K/11719K, paused 2ms+3ms
07-05 13:58:51.777   545   548 D dalvikvm: GC_CONCURRENT freed 846K, 11% free 10455K/11719K, paused 2ms+2ms
07-05 13:58:52.043   545   548 D dalvikvm: GC_CONCURRENT freed 404K, 11% free 10437K/11719K, paused 1ms+2ms
07-05 13:58:52.250   545  7472 I DownloadManager: Initiating request for download 4719
07-05 13:58:52.340   545   548 D dalvikvm: GC_CONCURRENT freed 307K, 10% free 10658K/11719K, paused 2ms+3ms
07-05 13:58:52.465   545   548 D dalvikvm: GC_CONCURRENT freed 322K, 8% free 10789K/11719K, paused 2ms+2ms
07-05 13:58:52.711  1370  7474 E DictionaryProvider:UpdateHandler: Can't read a file : android.util.MalformedJsonException: Use JsonReader.setLenient(true) to accept malformed JSON at line 1 column 20
07-05 13:58:52.730   545   548 D dalvikvm: GC_CONCURRENT freed 798K, 11% free 10479K/11719K, paused 2ms+3ms
07-05 13:58:52.793  1370  1372 D dalvikvm: GC_CONCURRENT freed 388K, 7% free 9126K/9735K, paused 1ms+2ms
07-05 13:58:53.031   545   548 D dalvikvm: GC_CONCURRENT freed 428K, 11% free 10442K/11719K, paused 1ms+2ms
07-05 13:58:53.265   545  7477 I DownloadManager: Initiating request for download 4719
07-05 13:58:53.320   545   548 D dalvikvm: GC_CONCURRENT freed 390K, 11% free 10490K/11719K, paused 1ms+2ms
07-05 13:58:53.425   545   548 D dalvikvm: GC_CONCURRENT freed 207K, 9% free 10719K/11719K, paused 2ms+3ms
07-05 13:58:53.570   545   548 D dalvikvm: GC_CONCURRENT freed 680K, 11% free 10504K/11719K, paused 2ms+3ms
07-05 13:58:53.855   545   548 D dalvikvm: GC_CONCURRENT freed 440K, 11% free 10455K/11719K, paused 2ms+3ms
07-05 13:58:54.129   545   548 D dalvikvm: GC_CONCURRENT freed 408K, 11% free 10435K/11719K, paused 2ms+2ms
07-05 13:58:54.277   545  7480 I DownloadManager: Initiating request for download 4720
07-05 13:58:54.363   545   548 D dalvikvm: GC_CONCURRENT freed 240K, 10% free 10613K/11719K, paused 2ms+3ms
07-05 13:58:54.484   545   548 D dalvikvm: GC_CONCURRENT freed 302K, 8% free 10787K/11719K, paused 1ms+3ms
07-05 13:58:54.695  1370  7482 E DictionaryProvider:UpdateHandler: Can't read a file : android.util.MalformedJsonException: Use JsonReader.setLenient(true) to accept malformed JSON at line 1 column 20
07-05 13:58:54.746   545   548 D dalvikvm: GC_CONCURRENT freed 785K, 11% free 10474K/11719K, paused 2ms+2ms
07-05 13:58:55.023   545   548 D dalvikvm: GC_CONCURRENT freed 415K, 11% free 10451K/11719K, paused 1ms+2ms
07-05 13:58:55.297   545   548 D dalvikvm: GC_CONCURRENT freed 411K, 11% free 10431K/11719K, paused 2ms+2ms
07-05 13:58:55.324   545  7485 I DownloadManager: Initiating request for download 4720
07-05 13:58:55.425   545   548 D dalvikvm: GC_CONCURRENT freed 173K, 9% free 10693K/11719K, paused 2ms+3ms
07-05 13:58:55.558   545   548 D dalvikvm: GC_CONCURRENT freed 423K, 9% free 10728K/11719K, paused 2ms+2ms
07-05 13:58:55.851   545   548 D dalvikvm: GC_CONCURRENT freed 720K, 11% free 10455K/11719K, paused 2ms+2ms
07-05 13:58:56.117   545   548 D dalvikvm: GC_CONCURRENT freed 402K, 11% free 10439K/11719K, paused 1ms+2ms
07-05 13:58:56.297   545  7488 I DownloadManager: Initiating request for download 4721
07-05 13:58:56.379   545   548 D dalvikvm: GC_CONCURRENT freed 274K, 10% free 10617K/11719K, paused 3ms+3ms
07-05 13:58:56.500   545   548 D dalvikvm: GC_CONCURRENT freed 297K, 8% free 10786K/11719K, paused 2ms+3ms
07-05 13:58:56.687  1370  7490 E DictionaryProvider:UpdateHandler: Can't read a file : android.util.MalformedJsonException: Use JsonReader.setLenient(true) to accept malformed JSON at line 1 column 20
07-05 13:58:56.761   545   548 D dalvikvm: GC_CONCURRENT freed 778K, 11% free 10479K/11719K, paused 1ms+2ms
07-05 13:58:57.027   545   548 D dalvikvm: GC_CONCURRENT freed 422K, 11% free 10447K/11719K, paused 2ms+2ms
07-05 13:58:57.285   545   548 D dalvikvm: GC_CONCURRENT freed 398K, 11% free 10437K/11719K, paused 2ms+2ms
07-05 13:58:57.320   545  7493 I DownloadManager: Initiating request for download 4721
07-05 13:58:57.425   545   548 D dalvikvm: GC_CONCURRENT freed 180K, 9% free 10692K/11719K, paused 2ms+3ms
07-05 13:58:57.547   545   548 D dalvikvm: GC_CONCURRENT freed 418K, 9% free 10732K/11719K, paused 2ms+3ms
07-05 13:58:57.836   545   548 D dalvikvm: GC_CONCURRENT freed 722K, 11% free 10459K/11719K, paused 1ms+2ms
07-05 13:58:58.093   545   548 D dalvikvm: GC_CONCURRENT freed 405K, 11% free 10441K/11719K, paused 2ms+2ms
07-05 13:58:58.265   545  7496 I DownloadManager: Initiating request for download 4722
07-05 13:58:58.347   545   548 D dalvikvm: GC_CONCURRENT freed 265K, 10% free 10612K/11719K, paused 2ms+2ms
07-05 13:58:58.465   545   548 D dalvikvm: GC_CONCURRENT freed 281K, 9% free 10771K/11719K, paused 2ms+3ms
07-05 13:58:58.672   545   548 D dalvikvm: GC_CONCURRENT freed 731K, 11% free 10512K/11719K, paused 1ms+2ms
07-05 13:58:58.711  1370  7498 E DictionaryProvider:UpdateHandler: Can't read a file : android.util.MalformedJsonException: Use JsonReader.setLenient(true) to accept malformed JSON at line 1 column 20
07-05 13:58:58.972   545   548 D dalvikvm: GC_CONCURRENT freed 439K, 11% free 10463K/11719K, paused 2ms+2ms
07-05 13:58:59.238   545   548 D dalvikvm: GC_CONCURRENT freed 415K, 11% free 10439K/11719K, paused 2ms+3ms
07-05 13:58:59.297   545  7501 I DownloadManager: Initiating request for download 4722
07-05 13:58:59.390   545   548 D dalvikvm: GC_CONCURRENT freed 200K, 9% free 10675K/11719K, paused 2ms+2ms
07-05 13:58:59.515   545   548 D dalvikvm: GC_CONCURRENT freed 303K, 8% free 10832K/11719K, paused 2ms+3ms
07-05 13:58:59.715   156   167 D dalvikvm: GC_EXPLICIT freed 481K, 12% free 14097K/16007K, paused 2ms+6ms
07-05 13:58:59.871   545   548 D dalvikvm: GC_CONCURRENT freed 847K, 11% free 10463K/11719K, paused 2ms+3ms
07-05 13:59:00.164   545   548 D dalvikvm: GC_CONCURRENT freed 421K, 11% free 10431K/11719K, paused 2ms+2ms
07-05 13:59:00.371   545  7504 I DownloadManager: Initiating request for download 4723
07-05 13:59:00.441   545   548 D dalvikvm: GC_CONCURRENT freed 284K, 10% free 10579K/11719K, paused 1ms+2ms
07-05 13:59:00.562   545   548 D dalvikvm: GC_CONCURRENT freed 268K, 9% free 10755K/11719K, paused 1ms+3ms
07-05 13:59:00.746   545   548 D dalvikvm: GC_CONCURRENT freed 717K, 11% free 10496K/11719K, paused 2ms+3ms
07-05 13:59:00.800  1370  7506 E DictionaryProvider:UpdateHandler: Can't read a file : android.util.MalformedJsonException: Use JsonReader.setLenient(true) to accept malformed JSON at line 1 column 20
07-05 13:59:00.886  1370  1372 D dalvikvm: GC_CONCURRENT freed 366K, 7% free 9150K/9735K, paused 1ms+2ms
07-05 13:59:01.074   545   548 D dalvikvm: GC_CONCURRENT freed 435K, 11% free 10452K/11719K, paused 2ms+3ms
07-05 13:59:01.343   545   548 D dalvikvm: GC_CONCURRENT freed 415K, 12% free 10428K/11719K, paused 2ms+2ms
07-05 13:59:01.422   545  7509 I DownloadManager: Initiating request for download 4723
07-05 13:59:01.508   545   548 D dalvikvm: GC_CONCURRENT freed 216K, 10% free 10647K/11719K, paused 2ms+3ms
07-05 13:59:01.629   545   548 D dalvikvm: GC_CONCURRENT freed 301K, 8% free 10819K/11719K, paused 2ms+3ms
07-05 13:59:01.906   545   548 D dalvikvm: GC_CONCURRENT freed 846K, 11% free 10451K/11719K, paused 1ms+2ms
07-05 13:59:02.172   545   548 D dalvikvm: GC_CONCURRENT freed 409K, 11% free 10433K/11719K, paused 2ms+3ms
07-05 13:59:02.383   545  7512 I DownloadManager: Initiating request for download 4724
07-05 13:59:02.465   545   548 D dalvikvm: GC_CONCURRENT freed 310K, 10% free 10638K/11719K, paused 2ms+3ms
07-05 13:59:02.597   545   548 D dalvikvm: GC_CONCURRENT freed 317K, 8% free 10785K/11719K, paused 2ms+3ms
07-05 13:59:02.789  1370  7514 E DictionaryProvider:UpdateHandler: Can't read a file : android.util.MalformedJsonException: Use JsonReader.setLenient(true) to accept malformed JSON at line 1 column 20
07-05 13:59:02.851   545   548 D dalvikvm: GC_CONCURRENT freed 780K, 11% free 10476K/11719K, paused 1ms+2ms
07-05 13:59:03.117   545   548 D dalvikvm: GC_CONCURRENT freed 421K, 11% free 10445K/11719K, paused 2ms+2ms
07-05 13:59:03.386   545   548 D dalvikvm: GC_CONCURRENT freed 404K, 11% free 10432K/11719K, paused 2ms+3ms
07-05 13:59:03.422   545  7516 I DownloadManager: Initiating request for download 4724
07-05 13:59:03.508   545   548 D dalvikvm: GC_CONCURRENT freed 178K, 9% free 10687K/11719K, paused 1ms+2ms
07-05 13:59:03.601   545   548 D dalvikvm: GC_CONCURRENT freed 410K, 9% free 10726K/11719K, paused 2ms+3ms
07-05 13:59:04.683   545   548 D dalvikvm: GC_CONCURRENT freed 719K, 11% free 10454K/11719K, paused 2ms+2ms
07-05 13:59:04.953   545   548 D dalvikvm: GC_CONCURRENT freed 410K, 11% free 10434K/11719K, paused 1ms+2ms
07-05 13:59:05.152   545  7520 I DownloadManager: Initiating request for download 4725
07-05 13:59:05.222   545   548 D dalvikvm: GC_CONCURRENT freed 285K, 10% free 10592K/11719K, paused 2ms+3ms
07-05 13:59:05.343   545   548 D dalvikvm: GC_CONCURRENT freed 282K, 9% free 10765K/11719K, paused 2ms+3ms
07-05 13:59:05.547   545   548 D dalvikvm: GC_CONCURRENT freed 731K, 11% free 10499K/11719K, paused 1ms+2ms
07-05 13:59:05.625   545  7520 D dalvikvm: GC_EXPLICIT freed 63K, 11% free 10494K/11719K, paused 2ms+4ms
07-05 13:59:05.699  1370  7522 D dalvikvm: GC_EXPLICIT freed 187K, 7% free 9102K/9735K, paused 2ms+3ms
07-05 13:59:05.715  1370  7522 E DictionaryProvider:UpdateHandler: Can't read a file : android.util.MalformedJsonException: Use JsonReader.setLenient(true) to accept malformed JSON at line 1 column 20
07-05 13:59:05.957   545   548 D dalvikvm: GC_CONCURRENT freed 434K, 11% free 10451K/11719K, paused 1ms+2ms
07-05 13:59:06.222   545   548 D dalvikvm: GC_CONCURRENT freed 406K, 11% free 10430K/11719K, paused 2ms+2ms
07-05 13:59:06.265   545  7525 I DownloadManager: Initiating request for download 4725
07-05 13:59:06.367   545   548 D dalvikvm: GC_CONCURRENT freed 169K, 9% free 10677K/11719K, paused 2ms+2ms
07-05 13:59:06.488   545   548 D dalvikvm: GC_CONCURRENT freed 302K, 8% free 10827K/11719K, paused 2ms+2ms
07-05 13:59:06.781   545   548 D dalvikvm: GC_CONCURRENT freed 851K, 11% free 10457K/11719K, paused 1ms+2ms
07-05 13:59:07.043   545   548 D dalvikvm: GC_CONCURRENT freed 405K, 11% free 10439K/11719K, paused 2ms+2ms
07-05 13:59:07.222   545  7528 I DownloadManager: Initiating request for download 4726
07-05 13:59:07.312   545   548 D dalvikvm: GC_CONCURRENT freed 282K, 10% free 10589K/11719K, paused 2ms+2ms
07-05 13:59:07.429   545   548 D dalvikvm: GC_CONCURRENT freed 255K, 9% free 10758K/11719K, paused 1ms+3ms
07-05 13:59:07.597   545   548 D dalvikvm: GC_CONCURRENT freed 720K, 11% free 10501K/11719K, paused 1ms+3ms
07-05 13:59:07.668  1370  7530 E DictionaryProvider:UpdateHandler: Can't read a file : android.util.MalformedJsonException: Use JsonReader.setLenient(true) to accept malformed JSON at line 1 column 20
07-05 13:59:07.902   545   548 D dalvikvm: GC_CONCURRENT freed 432K, 11% free 10460K/11719K, paused 2ms+2ms
07-05 13:59:08.172   545   548 D dalvikvm: GC_CONCURRENT freed 413K, 11% free 10437K/11719K, paused 2ms+2ms
07-05 13:59:08.273   545  7533 I DownloadManager: Initiating request for download 4726
07-05 13:59:08.367   545   548 D dalvikvm: GC_CONCURRENT freed 226K, 10% free 10650K/11719K, paused 2ms+3ms
07-05 13:59:08.484   545   548 D dalvikvm: GC_CONCURRENT freed 287K, 8% free 10807K/11719K, paused 2ms+2ms
07-05 13:59:08.746   545   548 D dalvikvm: GC_CONCURRENT freed 820K, 11% free 10462K/11719K, paused 2ms+2ms
07-05 13:59:09.008   545   548 D dalvikvm: GC_CONCURRENT freed 409K, 11% free 10443K/11719K, paused 1ms+2ms
07-05 13:59:09.258   545  7536 I DownloadManager: Initiating request for download 4727
07-05 13:59:09.285   545   548 D dalvikvm: GC_CONCURRENT freed 360K, 11% free 10481K/11719K, paused 2ms+4ms
07-05 13:59:09.418   545   548 D dalvikvm: GC_CONCURRENT freed 197K, 9% free 10720K/11719K, paused 2ms+3ms
07-05 13:59:09.550   545   548 D dalvikvm: GC_CONCURRENT freed 446K, 9% free 10735K/11719K, paused 2ms+3ms
07-05 13:59:09.695  1370  7538 E DictionaryProvider:UpdateHandler: Can't read a file : android.util.MalformedJsonException: Use JsonReader.setLenient(true) to accept malformed JSON at line 1 column 20
07-05 13:59:09.883   545   548 D dalvikvm: GC_CONCURRENT freed 719K, 11% free 10465K/11719K, paused 2ms+3ms
07-05 13:59:10.144   545   548 D dalvikvm: GC_CONCURRENT freed 410K, 11% free 10441K/11719K, paused 2ms+2ms
07-05 13:59:10.261   545  7541 I DownloadManager: Initiating request for download 4727
07-05 13:59:10.343   545   548 D dalvikvm: GC_CONCURRENT freed 228K, 10% free 10620K/11719K, paused 2ms+2ms
07-05 13:59:10.461   545   548 D dalvikvm: GC_CONCURRENT freed 283K, 8% free 10784K/11719K, paused 2ms+3ms
07-05 13:59:10.699   545   548 D dalvikvm: GC_CONCURRENT freed 747K, 11% free 10503K/11719K, paused 2ms+13ms
07-05 13:59:10.968   545   548 D dalvikvm: GC_CONCURRENT freed 404K, 11% free 10489K/11719K, paused 2ms+3ms
07-05 13:59:11.242   545   548 D dalvikvm: GC_CONCURRENT freed 406K, 11% free 10475K/11719K, paused 2ms+3ms
07-05 13:59:11.340   545  7544 I DownloadManager: Initiating request for download 4728
07-05 13:59:11.441   545   548 D dalvikvm: GC_CONCURRENT freed 205K, 9% free 10686K/11719K, paused 2ms+3ms
07-05 13:59:11.566   545   548 D dalvikvm: GC_CONCURRENT freed 311K, 8% free 10836K/11719K, paused 2ms+3ms
07-05 13:59:11.746  1370  7546 E DictionaryProvider:UpdateHandler: Can't read a file : android.util.MalformedJsonException: Use JsonReader.setLenient(true) to accept malformed JSON at line 1 column 20
07-05 13:59:11.890   545   548 D dalvikvm: GC_CONCURRENT freed 848K, 11% free 10472K/11719K, paused 1ms+2ms
07-05 13:59:12.152   545   548 D dalvikvm: GC_CONCURRENT freed 410K, 11% free 10448K/11719K, paused 1ms+3ms
07-05 13:59:12.336   545  7549 I DownloadManager: Initiating request for download 4728
07-05 13:59:12.402   545   548 D dalvikvm: GC_CONCURRENT freed 307K, 10% free 10587K/11719K, paused 2ms+3ms
07-05 13:59:12.519   545   548 D dalvikvm: GC_CONCURRENT freed 280K, 9% free 10779K/11719K, paused 2ms+3ms
07-05 13:59:12.726   545   548 D dalvikvm: GC_CONCURRENT freed 772K, 11% free 10483K/11719K, paused 1ms+2ms
07-05 13:59:12.996   545   548 D dalvikvm: GC_CONCURRENT freed 413K, 11% free 10460K/11719K, paused 2ms+2ms
07-05 13:59:13.258   545   548 D dalvikvm: GC_CONCURRENT freed 410K, 11% free 10440K/11719K, paused 2ms+3ms
07-05 13:59:13.340   545  7552 I DownloadManager: Initiating request for download 4729
07-05 13:59:13.445   545   548 D dalvikvm: GC_CONCURRENT freed 194K, 9% free 10683K/11719K, paused 1ms+3ms
07-05 13:59:13.570   545   548 D dalvikvm: GC_CONCURRENT freed 304K, 8% free 10839K/11719K, paused 2ms+3ms
07-05 13:59:13.750  1370  7554 E DictionaryProvider:UpdateHandler: Can't read a file : android.util.MalformedJsonException: Use JsonReader.setLenient(true) to accept malformed JSON at line 1 column 20
07-05 13:59:13.777  1370  1372 D dalvikvm: GC_CONCURRENT freed 380K, 7% free 9139K/9735K, paused 1ms+2ms
07-05 13:59:13.914   545   548 D dalvikvm: GC_CONCURRENT freed 852K, 11% free 10473K/11719K, paused 2ms+3ms
07-05 13:59:14.191   545   548 D dalvikvm: GC_CONCURRENT freed 409K, 11% free 10451K/11719K, paused 2ms+2ms
07-05 13:59:14.359   545  7557 I DownloadManager: Initiating request for download 4729
07-05 13:59:14.429   545   548 D dalvikvm: GC_CONCURRENT freed 309K, 10% free 10575K/11719K, paused 2ms+3ms
07-05 13:59:14.550   545   548 D dalvikvm: GC_CONCURRENT freed 253K, 9% free 10765K/11719K, paused 2ms+2ms
07-05 13:59:14.726   545   548 D dalvikvm: GC_CONCURRENT freed 719K, 11% free 10512K/11719K, paused 2ms+3ms
07-05 13:59:15.008   545   548 D dalvikvm: GC_CONCURRENT freed 439K, 11% free 10464K/11719K, paused 2ms+2ms
07-05 13:59:15.269   545   548 D dalvikvm: GC_CONCURRENT freed 407K, 11% free 10447K/11719K, paused 2ms+2ms
07-05 13:59:15.383   545  7560 I DownloadManager: Initiating request for download 4730
07-05 13:59:15.480   545   548 D dalvikvm: GC_CONCURRENT freed 218K, 9% free 10665K/11719K, paused 2ms+2ms
07-05 13:59:15.605   545   548 D dalvikvm: GC_CONCURRENT freed 295K, 8% free 10824K/11719K, paused 2ms+3ms
07-05 13:59:15.820  1370  7562 E DictionaryProvider:UpdateHandler: Can't read a file : android.util.MalformedJsonException: Use JsonReader.setLenient(true) to accept malformed JSON at line 1 column 20
07-05 13:59:15.906   545   548 D dalvikvm: GC_CONCURRENT freed 816K, 11% free 10492K/11719K, paused 2ms+3ms
07-05 13:59:16.172   545   548 D dalvikvm: GC_CONCURRENT freed 422K, 11% free 10461K/11719K, paused 2ms+3ms
07-05 13:59:16.398   545  7565 I DownloadManager: Initiating request for download 4730
07-05 13:59:16.465   545   548 D dalvikvm: GC_CONCURRENT freed 378K, 11% free 10522K/11719K, paused 2ms+2ms
07-05 13:59:16.590   545   548 D dalvikvm: GC_CONCURRENT freed 214K, 9% free 10746K/11719K, paused 2ms+2ms
07-05 13:59:16.722   545   548 D dalvikvm: GC_CONCURRENT freed 692K, 11% free 10518K/11719K, paused 2ms+2ms
07-05 13:59:17.011   545   548 D dalvikvm: GC_CONCURRENT freed 438K, 11% free 10471K/11719K, paused 2ms+3ms
07-05 13:59:17.273   545   548 D dalvikvm: GC_CONCURRENT freed 411K, 11% free 10450K/11719K, paused 2ms+3ms
07-05 13:59:17.422   545  7568 I DownloadManager: Initiating request for download 4731
07-05 13:59:17.508   545   548 D dalvikvm: GC_CONCURRENT freed 246K, 10% free 10642K/11719K, paused 2ms+3ms
07-05 13:59:17.629   545   548 D dalvikvm: GC_CONCURRENT freed 303K, 8% free 10814K/11719K, paused 2ms+3ms
07-05 13:59:17.859   156   167 D dalvikvm: GC_EXPLICIT freed 532K, 12% free 14101K/16007K, paused 2ms+6ms
07-05 13:59:17.918  1370  7570 E DictionaryProvider:UpdateHandler: Can't read a file : android.util.MalformedJsonException: Use JsonReader.setLenient(true) to accept malformed JSON at line 1 column 20
07-05 13:59:17.957   545   548 D dalvikvm: GC_CONCURRENT freed 812K, 11% free 10493K/11719K, paused 1ms+3ms
07-05 13:59:18.242   545   548 D dalvikvm: GC_CONCURRENT freed 438K, 11% free 10452K/11719K, paused 2ms+3ms
07-05 13:59:18.465   545  7573 I DownloadManager: Initiating request for download 4731
07-05 13:59:18.519   545   548 D dalvikvm: GC_CONCURRENT freed 398K, 11% free 10501K/11719K, paused 2ms+2ms
07-05 13:59:18.636   545   548 D dalvikvm: GC_CONCURRENT freed 210K, 9% free 10728K/11719K, paused 2ms+3ms
07-05 13:59:18.773   545   548 D dalvikvm: GC_CONCURRENT freed 454K, 9% free 10733K/11719K, paused 2ms+2ms
07-05 13:59:19.078   545   548 D dalvikvm: GC_CONCURRENT freed 728K, 11% free 10455K/11719K, paused 2ms+2ms
07-05 13:59:19.340   545   548 D dalvikvm: GC_CONCURRENT freed 410K, 11% free 10436K/11719K, paused 2ms+2ms
07-05 13:59:19.488   545  7576 I DownloadManager: Initiating request for download 4732
07-05 13:59:19.578   545   548 D dalvikvm: GC_CONCURRENT freed 234K, 10% free 10638K/11719K, paused 2ms+2ms
07-05 13:59:19.707   545   548 D dalvikvm: GC_CONCURRENT freed 302K, 8% free 10816K/11719K, paused 2ms+2ms
07-05 13:59:19.925  1370  7578 E DictionaryProvider:UpdateHandler: Can't read a file : android.util.MalformedJsonException: Use JsonReader.setLenient(true) to accept malformed JSON at line 1 column 20
07-05 13:59:19.976   545   548 D dalvikvm: GC_CONCURRENT freed 824K, 11% free 10478K/11719K, paused 1ms+3ms
07-05 13:59:20.254   545   548 D dalvikvm: GC_CONCURRENT freed 414K, 11% free 10450K/11719K, paused 2ms+2ms
07-05 13:59:20.476   545  7581 I DownloadManager: Initiating request for download 4732
07-05 13:59:20.535   545   548 D dalvikvm: GC_CONCURRENT freed 400K, 11% free 10498K/11719K, paused 2ms+3ms
07-05 13:59:20.660   545   548 D dalvikvm: GC_CONCURRENT freed 205K, 9% free 10730K/11719K, paused 2ms+2ms
07-05 13:59:20.800   545   548 D dalvikvm: GC_CONCURRENT freed 463K, 9% free 10739K/11719K, paused 2ms+3ms
07-05 13:59:21.125   545   548 D dalvikvm: GC_CONCURRENT freed 733K, 11% free 10456K/11719K, paused 2ms+2ms
07-05 13:59:21.406   545   548 D dalvikvm: GC_CONCURRENT freed 409K, 11% free 10438K/11719K, paused 2ms+2ms
07-05 13:59:21.527   545  7584 I DownloadManager: Initiating request for download 4733
07-05 13:59:21.625   545   548 D dalvikvm: GC_CONCURRENT freed 223K, 10% free 10648K/11719K, paused 2ms+3ms
07-05 13:59:21.746   545   548 D dalvikvm: GC_CONCURRENT freed 309K, 8% free 10814K/11719K, paused 2ms+2ms
07-05 13:59:21.933  1370  7586 E DictionaryProvider:UpdateHandler: Can't read a file : android.util.MalformedJsonException: Use JsonReader.setLenient(true) to accept malformed JSON at line 1 column 20
07-05 13:59:21.972  1370  1372 D dalvikvm: GC_CONCURRENT freed 397K, 7% free 9132K/9735K, paused 2ms+2ms
07-05 13:59:22.039   465   467 D dalvikvm: GC_CONCURRENT freed 188K, 6% free 10502K/11143K, paused 2ms+3ms
07-05 13:59:22.074   545   548 D dalvikvm: GC_CONCURRENT freed 812K, 11% free 10473K/11719K, paused 2ms+2ms
07-05 13:59:22.336   545   548 D dalvikvm: GC_CONCURRENT freed 415K, 11% free 10449K/11719K, paused 2ms+2ms
07-05 13:59:22.566   545  7589 I DownloadManager: Initiating request for download 4733
07-05 13:59:22.625   545   548 D dalvikvm: GC_CONCURRENT freed 397K, 11% free 10495K/11719K, paused 2ms+2ms
07-05 13:59:22.734   545   548 D dalvikvm: GC_CONCURRENT freed 201K, 9% free 10730K/11719K, paused 2ms+2ms
07-05 13:59:22.879   545   548 D dalvikvm: GC_CONCURRENT freed 457K, 9% free 10743K/11719K, paused 2ms+2ms
07-05 13:59:23.195   545   548 D dalvikvm: GC_CONCURRENT freed 736K, 11% free 10460K/11719K, paused 2ms+3ms
07-05 13:59:23.449   545   548 D dalvikvm: GC_CONCURRENT freed 410K, 11% free 10440K/11719K, paused 2ms+2ms
07-05 13:59:23.578   545  7592 I DownloadManager: Initiating request for download 4734
07-05 13:59:23.675   545   548 D dalvikvm: GC_CONCURRENT freed 227K, 10% free 10649K/11719K, paused 2ms+3ms
07-05 13:59:23.789   545   548 D dalvikvm: GC_CONCURRENT freed 304K, 8% free 10821K/11719K, paused 2ms+3ms
07-05 13:59:23.976  1370  7594 E DictionaryProvider:UpdateHandler: Can't read a file : android.util.MalformedJsonException: Use JsonReader.setLenient(true) to accept malformed JSON at line 1 column 20
07-05 13:59:24.090   545   548 D dalvikvm: GC_CONCURRENT freed 821K, 11% free 10479K/11719K, paused 1ms+2ms
07-05 13:59:24.355   545   548 D dalvikvm: GC_CONCURRENT freed 416K, 11% free 10452K/11719K, paused 2ms+2ms
07-05 13:59:24.605   545  7597 I DownloadManager: Initiating request for download 4734
07-05 13:59:24.636   545   548 D dalvikvm: GC_CONCURRENT freed 390K, 11% free 10478K/11719K, paused 1ms+3ms
07-05 13:59:24.758   545   548 D dalvikvm: GC_CONCURRENT freed 190K, 9% free 10724K/11719K, paused 2ms+2ms
07-05 13:59:24.894   545   548 D dalvikvm: GC_CONCURRENT freed 450K, 9% free 10742K/11719K, paused 1ms+2ms
07-05 13:59:25.191   545   548 D dalvikvm: GC_CONCURRENT freed 730K, 11% free 10464K/11719K, paused 1ms+2ms
07-05 13:59:25.457   545   548 D dalvikvm: GC_CONCURRENT freed 409K, 11% free 10445K/11719K, paused 2ms+2ms
07-05 13:59:25.629   545  7600 I DownloadManager: Initiating request for download 4735
07-05 13:59:25.722   545   548 D dalvikvm: GC_CONCURRENT freed 249K, 10% free 10646K/11719K, paused 2ms+3ms
07-05 13:59:25.851   545   548 D dalvikvm: GC_CONCURRENT freed 297K, 8% free 10817K/11719K, paused 2ms+3ms
07-05 13:59:26.035  1370  7602 E DictionaryProvider:UpdateHandler: Can't read a file : android.util.MalformedJsonException: Use JsonReader.setLenient(true) to accept malformed JSON at line 1 column 20
07-05 13:59:26.136   545   548 D dalvikvm: GC_CONCURRENT freed 809K, 11% free 10481K/11719K, paused 2ms+2ms
07-05 13:59:26.398   545   548 D dalvikvm: GC_CONCURRENT freed 410K, 11% free 10458K/11719K, paused 2ms+2ms
07-05 13:59:26.672   545   548 D dalvikvm: GC_CONCURRENT freed 405K, 11% free 10443K/11719K, paused 2ms+2ms
07-05 13:59:26.695   545  7605 I DownloadManager: Initiating request for download 4735
07-05 13:59:26.808   545   548 D dalvikvm: GC_CONCURRENT freed 171K, 9% free 10709K/11719K, paused 2ms+3ms
07-05 13:59:26.933   545   548 D dalvikvm: GC_CONCURRENT freed 416K, 9% free 10748K/11719K, paused 2ms+2ms
07-05 13:59:27.222   545   548 D dalvikvm: GC_CONCURRENT freed 733K, 11% free 10470K/11719K, paused 2ms+2ms
07-05 13:59:27.484   545   548 D dalvikvm: GC_CONCURRENT freed 409K, 11% free 10451K/11719K, paused 2ms+2ms
07-05 13:59:27.672   545  7608 I DownloadManager: Initiating request for download 4736
07-05 13:59:27.761   545   548 D dalvikvm: GC_CONCURRENT freed 285K, 10% free 10623K/11719K, paused 2ms+3ms
07-05 13:59:27.875   545   548 D dalvikvm: GC_CONCURRENT freed 299K, 8% free 10793K/11719K, paused 2ms+2ms
07-05 13:59:28.082   545   548 D dalvikvm: GC_CONCURRENT freed 783K, 11% free 10481K/11719K, paused 2ms+2ms
07-05 13:59:28.125  1370  7610 E DictionaryProvider:UpdateHandler: Can't read a file : android.util.MalformedJsonException: Use JsonReader.setLenient(true) to accept malformed JSON at line 1 column 20
07-05 13:59:28.367   545   548 D dalvikvm: GC_CONCURRENT freed 395K, 11% free 10477K/11719K, paused 2ms+3ms
07-05 13:59:28.652   545   548 D dalvikvm: GC_CONCURRENT freed 415K, 11% free 10453K/11719K, paused 2ms+2ms
07-05 13:59:28.711   545  7612 I DownloadManager: Initiating request for download 4736
07-05 13:59:28.793   545   548 D dalvikvm: GC_CONCURRENT freed 202K, 9% free 10688K/11719K, paused 2ms+3ms
07-05 13:59:28.879   545   548 D dalvikvm: GC_CONCURRENT freed 280K, 8% free 10850K/11719K, paused 2ms+2ms
07-05 13:59:30.410   545   548 D dalvikvm: GC_CONCURRENT freed 859K, 11% free 10476K/11719K, paused 2ms+2ms
07-05 13:59:30.679   545   548 D dalvikvm: GC_CONCURRENT freed 410K, 11% free 10456K/11719K, paused 2ms+2ms
07-05 13:59:30.890   545  7616 I DownloadManager: Initiating request for download 4737
07-05 13:59:30.945   545   548 D dalvikvm: GC_CONCURRENT freed 335K, 11% free 10525K/11719K, paused 2ms+3ms
07-05 13:59:31.070   545   548 D dalvikvm: GC_CONCURRENT freed 214K, 9% free 10748K/11719K, paused 2ms+3ms
07-05 13:59:31.211   545   548 D dalvikvm: GC_CONCURRENT freed 703K, 11% free 10519K/11719K, paused 1ms+4ms
07-05 13:59:31.347  1370  7618 E DictionaryProvider:UpdateHandler: Can't read a file : android.util.MalformedJsonException: Use JsonReader.setLenient(true) to accept malformed JSON at line 1 column 20
07-05 13:59:31.390  1370  1372 D dalvikvm: GC_CONCURRENT freed 392K, 7% free 9133K/9735K, paused 1ms+2ms
07-05 13:59:31.562   545   548 D dalvikvm: GC_CONCURRENT freed 429K, 11% free 10486K/11719K, paused 2ms+4ms
07-05 13:59:31.840   545   548 D dalvikvm: GC_CONCURRENT freed 422K, 11% free 10455K/11719K, paused 2ms+3ms
07-05 13:59:31.976   545  7621 I DownloadManager: Initiating request for download 4737
07-05 13:59:32.058   545   548 D dalvikvm: GC_CONCURRENT freed 258K, 10% free 10640K/11719K, paused 1ms+3ms
07-05 13:59:32.183   545   548 D dalvikvm: GC_CONCURRENT freed 285K, 8% free 10803K/11719K, paused 2ms+2ms
07-05 13:59:32.390   545   548 D dalvikvm: GC_CONCURRENT freed 762K, 11% free 10515K/11719K, paused 1ms+3ms
07-05 13:59:32.668   545   548 D dalvikvm: GC_CONCURRENT freed 437K, 11% free 10468K/11719K, paused 2ms+3ms
07-05 13:59:32.941   545   548 D dalvikvm: GC_CONCURRENT freed 407K, 11% free 10452K/11719K, paused 2ms+3ms
07-05 13:59:33.039   545  7624 I DownloadManager: Initiating request for download 4738
07-05 13:59:33.152   545   548 D dalvikvm: GC_CONCURRENT freed 185K, 9% free 10703K/11719K, paused 2ms+3ms
07-05 13:59:33.273   545   548 D dalvikvm: GC_CONCURRENT freed 408K, 9% free 10757K/11719K, paused 2ms+2ms
07-05 13:59:33.480  1370  7626 E DictionaryProvider:UpdateHandler: Can't read a file : android.util.MalformedJsonException: Use JsonReader.setLenient(true) to accept malformed JSON at line 1 column 20
07-05 13:59:33.582   545   548 D dalvikvm: GC_CONCURRENT freed 728K, 11% free 10488K/11719K, paused 2ms+2ms
07-05 13:59:33.847   545   548 D dalvikvm: GC_CONCURRENT freed 412K, 11% free 10462K/11719K, paused 2ms+3ms
07-05 13:59:34.117   545  7629 D dalvikvm: GC_EXPLICIT freed 318K, 11% free 10506K/11719K, paused 2ms+11ms
07-05 13:59:34.121   545  7629 I DownloadManager: Initiating request for download 4738
07-05 13:59:34.242   545   548 D dalvikvm: GC_CONCURRENT freed 210K, 9% free 10742K/11719K, paused 2ms+2ms
07-05 13:59:34.375   545   548 D dalvikvm: GC_CONCURRENT freed 460K, 9% free 10756K/11719K, paused 2ms+2ms
07-05 13:59:34.687   545   548 D dalvikvm: GC_CONCURRENT freed 737K, 11% free 10475K/11719K, paused 2ms+2ms
07-05 13:59:34.945   545   548 D dalvikvm: GC_CONCURRENT freed 410K, 11% free 10455K/11719K, paused 1ms+2ms
07-05 13:59:35.090   545  7632 I DownloadManager: Initiating request for download 4739
07-05 13:59:35.179   545   548 D dalvikvm: GC_CONCURRENT freed 236K, 10% free 10656K/11719K, paused 2ms+2ms
07-05 13:59:35.308   545   548 D dalvikvm: GC_CONCURRENT freed 307K, 8% free 10881K/11719K, paused 2ms+3ms
07-05 13:59:35.500  1370  7634 E DictionaryProvider:UpdateHandler: Can't read a file : android.util.MalformedJsonException: Use JsonReader.setLenient(true) to accept malformed JSON at line 1 column 20
07-05 13:59:35.609   545   548 D dalvikvm: GC_CONCURRENT freed 887K, 11% free 10493K/11719K, paused 2ms+3ms
07-05 13:59:35.875   545   548 D dalvikvm: GC_CONCURRENT freed 420K, 11% free 10464K/11719K, paused 2ms+3ms
07-05 13:59:36.136   156   559 D dalvikvm: GC_EXPLICIT freed 494K, 12% free 14098K/16007K, paused 2ms+6ms
07-05 13:59:36.148   545  7637 I DownloadManager: Initiating request for download 4739
07-05 13:59:36.207   545   548 D dalvikvm: GC_CONCURRENT freed 349K, 11% free 10526K/11719K, paused 1ms+2ms
07-05 13:59:36.336   545   548 D dalvikvm: GC_CONCURRENT freed 226K, 8% free 10789K/11719K, paused 1ms+2ms
07-05 13:59:36.484   545   548 D dalvikvm: GC_CONCURRENT freed 748K, 11% free 10507K/11719K, paused 2ms+3ms
07-05 13:59:36.758   545   548 D dalvikvm: GC_CONCURRENT freed 436K, 11% free 10462K/11719K, paused 2ms+3ms
07-05 13:59:37.031   545   548 D dalvikvm: GC_CONCURRENT freed 408K, 11% free 10444K/11719K, paused 2ms+3ms
07-05 13:59:37.172   545  7640 I DownloadManager: Initiating request for download 4740
07-05 13:59:37.265   545   548 D dalvikvm: GC_CONCURRENT freed 232K, 10% free 10645K/11719K, paused 2ms+3ms
07-05 13:59:37.386   545   548 D dalvikvm: GC_CONCURRENT freed 308K, 8% free 10811K/11719K, paused 2ms+3ms
07-05 13:59:37.597  1370  7642 E DictionaryProvider:UpdateHandler: Can't read a file : android.util.MalformedJsonException: Use JsonReader.setLenient(true) to accept malformed JSON at line 1 column 20
07-05 13:59:37.664   545   548 D dalvikvm: GC_CONCURRENT freed 811K, 11% free 10488K/11719K, paused 2ms+3ms
07-05 13:59:37.925   545   548 D dalvikvm: GC_CONCURRENT freed 424K, 11% free 10455K/11719K, paused 2ms+2ms
07-05 13:59:38.199   545   548 D dalvikvm: GC_CONCURRENT freed 397K, 11% free 10442K/11719K, paused 2ms+3ms
07-05 13:59:38.215   545  7645 I DownloadManager: Initiating request for download 4740
07-05 13:59:38.336   545   548 D dalvikvm: GC_CONCURRENT freed 171K, 9% free 10710K/11719K, paused 2ms+3ms
07-05 13:59:38.457   545   548 D dalvikvm: GC_CONCURRENT freed 414K, 9% free 10749K/11719K, paused 2ms+2ms
07-05 13:59:38.777   545   548 D dalvikvm: GC_CONCURRENT freed 735K, 11% free 10476K/11719K, paused 2ms+2ms
07-05 13:59:39.035   545   548 D dalvikvm: GC_CONCURRENT freed 416K, 11% free 10450K/11719K, paused 2ms+2ms
07-05 13:59:39.211   545  7648 I DownloadManager: Initiating request for download 4741
07-05 13:59:39.289   545   548 D dalvikvm: GC_CONCURRENT freed 282K, 10% free 10623K/11719K, paused 2ms+4ms
07-05 13:59:39.425   545   548 D dalvikvm: GC_CONCURRENT freed 291K, 8% free 10791K/11719K, paused 2ms+3ms
07-05 13:59:39.617   545   548 D dalvikvm: GC_CONCURRENT freed 782K, 11% free 10482K/11719K, paused 2ms+2ms
07-05 13:59:39.660  1370  7650 E DictionaryProvider:UpdateHandler: Can't read a file : android.util.MalformedJsonException: Use JsonReader.setLenient(true) to accept malformed JSON at line 1 column 20
07-05 13:59:39.703  1370  1372 D dalvikvm: GC_CONCURRENT freed 388K, 7% free 9132K/9735K, paused 1ms+2ms
07-05 13:59:39.945   545   548 D dalvikvm: GC_CONCURRENT freed 401K, 11% free 10472K/11719K, paused 2ms+2ms
07-05 13:59:40.211   545   548 D dalvikvm: GC_CONCURRENT freed 411K, 11% free 10448K/11719K, paused 1ms+2ms
07-05 13:59:40.297   545  7653 I DownloadManager: Initiating request for download 4741
07-05 13:59:40.394   545   548 D dalvikvm: GC_CONCURRENT freed 195K, 9% free 10665K/11719K, paused 1ms+2ms
07-05 13:59:40.511   545   548 D dalvikvm: GC_CONCURRENT freed 293K, 8% free 10824K/11719K, paused 2ms+2ms
07-05 13:59:40.773   545   548 D dalvikvm: GC_CONCURRENT freed 831K, 11% free 10474K/11719K, paused 1ms+2ms
07-05 13:59:41.031   545   548 D dalvikvm: GC_CONCURRENT freed 410K, 11% free 10455K/11719K, paused 2ms+2ms
07-05 13:59:41.312   545  7656 I DownloadManager: Initiating request for download 4742
07-05 13:59:41.336   545   548 D dalvikvm: GC_CONCURRENT freed 382K, 11% free 10479K/11719K, paused 1ms+3ms
07-05 13:59:41.468   545   548 D dalvikvm: GC_CONCURRENT freed 188K, 9% free 10728K/11719K, paused 2ms+3ms
07-05 13:59:41.601   545   548 D dalvikvm: GC_CONCURRENT freed 445K, 9% free 10752K/11719K, paused 2ms+2ms
07-05 13:59:41.769  1370  7658 E DictionaryProvider:UpdateHandler: Can't read a file : android.util.MalformedJsonException: Use JsonReader.setLenient(true) to accept malformed JSON at line 1 column 20
07-05 13:59:41.941   545   548 D dalvikvm: GC_CONCURRENT freed 731K, 11% free 10477K/11719K, paused 1ms+2ms
07-05 13:59:42.215   545   548 D dalvikvm: GC_CONCURRENT freed 411K, 11% free 10452K/11719K, paused 2ms+3ms
07-05 13:59:42.355   545  7661 I DownloadManager: Initiating request for download 4742
07-05 13:59:42.433   545   548 D dalvikvm: GC_CONCURRENT freed 270K, 10% free 10634K/11719K, paused 2ms+4ms
07-05 13:59:42.570   545   548 D dalvikvm: GC_CONCURRENT freed 293K, 8% free 10808K/11719K, paused 2ms+2ms
07-05 13:59:42.812   545   548 D dalvikvm: GC_CONCURRENT freed 800K, 11% free 10481K/11719K, paused 1ms+3ms
07-05 13:59:43.086   545   548 D dalvikvm: GC_CONCURRENT freed 409K, 11% free 10463K/11719K, paused 2ms+3ms
07-05 13:59:43.355   545   548 D dalvikvm: GC_CONCURRENT freed 406K, 11% free 10448K/11719K, paused 2ms+3ms
07-05 13:59:43.422   545  7664 I DownloadManager: Initiating request for download 4743
07-05 13:59:43.539   545   548 D dalvikvm: GC_CONCURRENT freed 181K, 9% free 10703K/11719K, paused 2ms+2ms
07-05 13:59:43.656   545   548 D dalvikvm: GC_CONCURRENT freed 319K, 8% free 10857K/11719K, paused 2ms+3ms
07-05 13:59:43.828  1370  7666 E DictionaryProvider:UpdateHandler: Can't read a file : android.util.MalformedJsonException: Use JsonReader.setLenient(true) to accept malformed JSON at line 1 column 20
07-05 13:59:43.968   545   548 D dalvikvm: GC_CONCURRENT freed 861K, 11% free 10487K/11719K, paused 2ms+2ms
07-05 13:59:44.238   545   548 D dalvikvm: GC_CONCURRENT freed 415K, 11% free 10462K/11719K, paused 1ms+2ms
07-05 13:59:44.402   545  7668 I DownloadManager: Initiating request for download 4743
07-05 13:59:44.476   545   548 D dalvikvm: GC_CONCURRENT freed 300K, 10% free 10619K/11719K, paused 2ms+3ms
07-05 13:59:44.566   545   548 D dalvikvm: GC_CONCURRENT freed 283K, 8% free 10793K/11719K, paused 2ms+2ms
07-05 13:59:44.965   545   548 D dalvikvm: GC_CONCURRENT freed 745K, 11% free 10518K/11719K, paused 2ms+2ms
07-05 13:59:45.226   545   548 D dalvikvm: GC_CONCURRENT freed 404K, 11% free 10504K/11719K, paused 1ms+2ms
07-05 13:59:45.500   545   548 D dalvikvm: GC_CONCURRENT freed 404K, 11% free 10491K/11719K, paused 2ms+3ms
07-05 13:59:45.640   545  7672 I DownloadManager: Initiating request for download 4744
07-05 13:59:45.734   545   548 D dalvikvm: GC_CONCURRENT freed 244K, 9% free 10684K/11719K, paused 2ms+3ms
07-05 13:59:45.859   545   548 D dalvikvm: GC_CONCURRENT freed 320K, 8% free 10851K/11719K, paused 1ms+2ms
07-05 13:59:46.054  1370  7674 E DictionaryProvider:UpdateHandler: Can't read a file : android.util.MalformedJsonException: Use JsonReader.setLenient(true) to accept malformed JSON at line 1 column 20
07-05 13:59:46.164   545   548 D dalvikvm: GC_CONCURRENT freed 848K, 11% free 10490K/11719K, paused 2ms+2ms
07-05 13:59:46.425   545   548 D dalvikvm: GC_CONCURRENT freed 413K, 11% free 10463K/11719K, paused 2ms+2ms
07-05 13:59:46.629   545  7677 I DownloadManager: Initiating request for download 4744
07-05 13:59:46.683   545   548 D dalvikvm: GC_CONCURRENT freed 363K, 11% free 10529K/11719K, paused 2ms+3ms
07-05 13:59:46.800   545   548 D dalvikvm: GC_CONCURRENT freed 212K, 9% free 10754K/11719K, paused 2ms+3ms
07-05 13:59:46.941   545   548 D dalvikvm: GC_CONCURRENT freed 477K, 9% free 10763K/11719K, paused 2ms+2ms
07-05 13:59:47.273   545   548 D dalvikvm: GC_CONCURRENT freed 748K, 11% free 10475K/11719K, paused 2ms+3ms
07-05 13:59:47.558   545   548 D dalvikvm: GC_CONCURRENT freed 409K, 11% free 10456K/11719K, paused 2ms+3ms
07-05 13:59:47.695   545  7680 I DownloadManager: Initiating request for download 4745
07-05 13:59:47.789   545   548 D dalvikvm: GC_CONCURRENT freed 221K, 9% free 10672K/11719K, paused 2ms+3ms
07-05 13:59:47.910   545   548 D dalvikvm: GC_CONCURRENT freed 313K, 8% free 10842K/11719K, paused 1ms+2ms
07-05 13:59:48.105  1370  7682 E DictionaryProvider:UpdateHandler: Can't read a file : android.util.MalformedJsonException: Use JsonReader.setLenient(true) to accept malformed JSON at line 1 column 20
07-05 13:59:48.136  1370  1372 D dalvikvm: GC_CONCURRENT freed 392K, 7% free 9131K/9735K, paused 2ms+2ms
07-05 13:59:48.230   545   548 D dalvikvm: GC_CONCURRENT freed 830K, 11% free 10496K/11719K, paused 1ms+2ms
07-05 13:59:48.504   545   548 D dalvikvm: GC_CONCURRENT freed 419K, 11% free 10468K/11719K, paused 1ms+2ms
07-05 13:59:48.718   545  7685 I DownloadManager: Initiating request for download 4745
07-05 13:59:48.777   545   548 D dalvikvm: GC_CONCURRENT freed 379K, 11% free 10526K/11719K, paused 2ms+3ms
07-05 13:59:48.894   545   548 D dalvikvm: GC_CONCURRENT freed 209K, 9% free 10754K/11719K, paused 2ms+3ms
07-05 13:59:49.031   545   548 D dalvikvm: GC_CONCURRENT freed 462K, 9% free 10765K/11719K, paused 2ms+2ms
07-05 13:59:49.347   545   548 D dalvikvm: GC_CONCURRENT freed 747K, 11% free 10479K/11719K, paused 2ms+3ms
07-05 13:59:49.625   545   548 D dalvikvm: GC_CONCURRENT freed 409K, 11% free 10467K/11719K, paused 2ms+2ms
07-05 13:59:49.769   545  7688 I DownloadManager: Initiating request for download 4746
07-05 13:59:49.851   545   548 D dalvikvm: GC_CONCURRENT freed 234K, 10% free 10659K/11719K, paused 2ms+2ms
07-05 13:59:49.976   545   548 D dalvikvm: GC_CONCURRENT freed 308K, 8% free 10833K/11719K, paused 2ms+3ms
07-05 13:59:50.172  1370  7690 E DictionaryProvider:UpdateHandler: Can't read a file : android.util.MalformedJsonException: Use JsonReader.setLenient(true) to accept malformed JSON at line 1 column 20
07-05 13:59:50.258   545   548 D dalvikvm: GC_CONCURRENT freed 816K, 11% free 10500K/11719K, paused 2ms+2ms
07-05 13:59:50.515   545   548 D dalvikvm: GC_CONCURRENT freed 413K, 11% free 10472K/11719K, paused 2ms+2ms
07-05 13:59:50.781   545   548 D dalvikvm: GC_CONCURRENT freed 406K, 11% free 10457K/11719K, paused 2ms+2ms
07-05 13:59:50.812   545  7693 I DownloadManager: Initiating request for download 4746
07-05 13:59:50.914   545   548 D dalvikvm: GC_CONCURRENT freed 175K, 9% free 10718K/11719K, paused 2ms+2ms
07-05 13:59:51.047   545   548 D dalvikvm: GC_CONCURRENT freed 445K, 9% free 10767K/11719K, paused 2ms+2ms
07-05 13:59:51.343   545   548 D dalvikvm: GC_CONCURRENT freed 742K, 11% free 10485K/11719K, paused 2ms+3ms
07-05 13:59:51.609   545   548 D dalvikvm: GC_CONCURRENT freed 411K, 11% free 10465K/11719K, paused 2ms+3ms
07-05 13:59:51.800   545  7696 I DownloadManager: Initiating request for download 4747
07-05 13:59:51.875   545   548 D dalvikvm: GC_CONCURRENT freed 280K, 10% free 10614K/11719K, paused 2ms+4ms
07-05 13:59:51.996   545   548 D dalvikvm: GC_CONCURRENT freed 273K, 8% free 10797K/11719K, paused 2ms+3ms
07-05 13:59:52.179   545   548 D dalvikvm: GC_CONCURRENT freed 736K, 11% free 10530K/11719K, paused 2ms+3ms
07-05 13:59:52.441   545   548 D dalvikvm: GC_CONCURRENT freed 431K, 11% free 10485K/11719K, paused 2ms+2ms
07-05 13:59:52.496  1370  7698 E DictionaryProvider:UpdateHandler: Can't read a file : android.util.MalformedJsonException: Use JsonReader.setLenient(true) to accept malformed JSON at line 1 column 20
07-05 13:59:52.761   545   548 D dalvikvm: GC_CONCURRENT freed 405K, 11% free 10472K/11719K, paused 2ms+3ms
07-05 13:59:52.867   545  7701 I DownloadManager: Initiating request for download 4747
07-05 13:59:52.965   545   548 D dalvikvm: GC_CONCURRENT freed 233K, 9% free 10671K/11719K, paused 2ms+3ms
07-05 13:59:53.082   545   548 D dalvikvm: GC_CONCURRENT freed 312K, 8% free 10844K/11719K, paused 2ms+3ms
07-05 13:59:53.343   545   548 D dalvikvm: GC_CONCURRENT freed 838K, 11% free 10492K/11719K, paused 2ms+2ms
07-05 13:59:53.605   545   548 D dalvikvm: GC_CONCURRENT freed 409K, 11% free 10473K/11719K, paused 2ms+3ms
07-05 13:59:53.929   156   594 D dalvikvm: GC_EXPLICIT freed 497K, 12% free 14098K/16007K, paused 2ms+7ms
07-05 13:59:53.961   545  7704 I DownloadManager: Initiating request for download 4748
07-05 13:59:53.984   545   548 D dalvikvm: GC_CONCURRENT freed 392K, 11% free 10493K/11719K, paused 2ms+3ms
07-05 13:59:54.105   545   548 D dalvikvm: GC_CONCURRENT freed 200K, 9% free 10730K/11719K, paused 2ms+3ms
07-05 13:59:54.246   545   548 D dalvikvm: GC_CONCURRENT freed 440K, 9% free 10780K/11719K, paused 1ms+2ms
07-05 13:59:54.390  1370  7706 E DictionaryProvider:UpdateHandler: Can't read a file : android.util.MalformedJsonException: Use JsonReader.setLenient(true) to accept malformed JSON at line 1 column 20
07-05 13:59:54.582   545   548 D dalvikvm: GC_CONCURRENT freed 762K, 11% free 10479K/11719K, paused 2ms+2ms
07-05 13:59:54.847   545   548 D dalvikvm: GC_CONCURRENT freed 416K, 11% free 10454K/11719K, paused 1ms+2ms
07-05 13:59:54.984   545  7709 I DownloadManager: Initiating request for download 4748
07-05 13:59:55.070   545   548 D dalvikvm: GC_CONCURRENT freed 260K, 10% free 10640K/11719K, paused 2ms+3ms
07-05 13:59:55.187   545   548 D dalvikvm: GC_CONCURRENT freed 301K, 8% free 10811K/11719K, paused 2ms+2ms
07-05 13:59:55.410   545   548 D dalvikvm: GC_CONCURRENT freed 803K, 11% free 10484K/11719K, paused 1ms+2ms
07-05 13:59:55.668   545   548 D dalvikvm: GC_CONCURRENT freed 410K, 11% free 10465K/11719K, paused 2ms+2ms
07-05 13:59:55.933   545   548 D dalvikvm: GC_CONCURRENT freed 406K, 11% free 10449K/11719K, paused 2ms+2ms
07-05 13:59:56.015   545  7712 I DownloadManager: Initiating request for download 4749
07-05 13:59:56.129   545   548 D dalvikvm: GC_CONCURRENT freed 184K, 9% free 10702K/11719K, paused 2ms+3ms
07-05 13:59:56.250   545   548 D dalvikvm: GC_CONCURRENT freed 315K, 8% free 10862K/11719K, paused 2ms+3ms
07-05 13:59:56.433  1370  7714 E DictionaryProvider:UpdateHandler: Can't read a file : android.util.MalformedJsonException: Use JsonReader.setLenient(true) to accept malformed JSON at line 1 column 20
07-05 13:59:56.465  1370  1372 D dalvikvm: GC_CONCURRENT freed 390K, 7% free 9131K/9735K, paused 2ms+2ms
07-05 13:59:56.605   545   548 D dalvikvm: GC_CONCURRENT freed 865K, 11% free 10485K/11719K, paused 2ms+3ms
07-05 13:59:56.879   545   548 D dalvikvm: GC_CONCURRENT freed 415K, 11% free 10461K/11719K, paused 2ms+2ms
07-05 13:59:57.058   545  7717 I DownloadManager: Initiating request for download 4749
07-05 13:59:57.113   545   548 D dalvikvm: GC_CONCURRENT freed 323K, 11% free 10527K/11719K, paused 2ms+2ms
07-05 13:59:57.226   545   548 D dalvikvm: GC_CONCURRENT freed 211K, 9% free 10753K/11719K, paused 1ms+3ms
07-05 13:59:57.359   545   548 D dalvikvm: GC_CONCURRENT freed 467K, 9% free 10761K/11719K, paused 2ms+2ms
07-05 13:59:57.672   545   548 D dalvikvm: GC_CONCURRENT freed 744K, 11% free 10475K/11719K, paused 2ms+3ms
07-05 13:59:57.945   545   548 D dalvikvm: GC_CONCURRENT freed 409K, 11% free 10456K/11719K, paused 2ms+3ms
07-05 13:59:58.086   545  7720 I DownloadManager: Initiating request for download 4750
07-05 13:59:58.183   545   548 D dalvikvm: GC_CONCURRENT freed 231K, 10% free 10662K/11719K, paused 2ms+2ms
07-05 13:59:58.308   545   548 D dalvikvm: GC_CONCURRENT freed 307K, 8% free 10838K/11719K, paused 2ms+3ms
07-05 13:59:58.496  1370  7722 E DictionaryProvider:UpdateHandler: Can't read a file : android.util.MalformedJsonException: Use JsonReader.setLenient(true) to accept malformed JSON at line 1 column 20
07-05 13:59:58.570   545   548 D dalvikvm: GC_CONCURRENT freed 827K, 11% free 10495K/11719K, paused 2ms+2ms
07-05 13:59:58.843   545   548 D dalvikvm: GC_CONCURRENT freed 414K, 11% free 10479K/11719K, paused 2ms+2ms
07-05 13:59:59.097   545   548 D dalvikvm: GC_CONCURRENT freed 405K, 11% free 10460K/11719K, paused 2ms+2ms
07-05 13:59:59.117   545  7724 I DownloadManager: Initiating request for download 4750
07-05 13:59:59.203   545   548 D dalvikvm: GC_CONCURRENT freed 170K, 9% free 10726K/11719K, paused 2ms+3ms
07-05 13:59:59.300   545   548 D dalvikvm: GC_CONCURRENT freed 421K, 9% free 10766K/11719K, paused 2ms+2ms
07-05 14:00:00.199   545   548 D dalvikvm: GC_CONCURRENT freed 745K, 11% free 10481K/11719K, paused 2ms+3ms
07-05 14:00:00.468   545   548 D dalvikvm: GC_CONCURRENT freed 408K, 11% free 10463K/11719K, paused 2ms+2ms
07-05 14:00:00.679   545  7728 I DownloadManager: Initiating request for download 4751
07-05 14:00:00.754   545   548 D dalvikvm: GC_CONCURRENT freed 309K, 10% free 10591K/11719K, paused 2ms+3ms
07-05 14:00:00.883   545   548 D dalvikvm: GC_CONCURRENT freed 256K, 8% free 10783K/11719K, paused 2ms+2ms
07-05 14:00:01.054   545   548 D dalvikvm: GC_CONCURRENT freed 725K, 11% free 10527K/11719K, paused 1ms+3ms
07-05 14:00:01.133  1370  7730 E DictionaryProvider:UpdateHandler: Can't read a file : android.util.MalformedJsonException: Use JsonReader.setLenient(true) to accept malformed JSON at line 1 column 20
07-05 14:00:01.359   545   548 D dalvikvm: GC_CONCURRENT freed 430K, 11% free 10488K/11719K, paused 1ms+2ms
07-05 14:00:01.621   545   548 D dalvikvm: GC_CONCURRENT freed 415K, 11% free 10463K/11719K, paused 2ms+2ms
07-05 14:00:01.738   545  7733 I DownloadManager: Initiating request for download 4751
07-05 14:00:01.820   545   548 D dalvikvm: GC_CONCURRENT freed 245K, 10% free 10658K/11719K, paused 1ms+2ms
07-05 14:00:01.945   545   548 D dalvikvm: GC_CONCURRENT freed 297K, 8% free 10833K/11719K, paused 2ms+2ms
07-05 14:00:02.187   545   548 D dalvikvm: GC_CONCURRENT freed 826K, 11% free 10489K/11719K, paused 2ms+2ms
07-05 14:00:02.394   993  1240 I PhoneLab-: Service Running
07-05 14:00:02.418   993  1240 I PhoneLab-LoggerService: app_49    1247  993   1956   1584  c00f181c 400107b4 S logcat
07-05 14:00:02.422   993  1240 I PhoneLab-LoggerService: Logcat pid from database 1247
07-05 14:00:02.422   993  1240 I PhoneLab-LoggerService: Logcat process found 1247
07-05 14:00:02.422   993  1240 I PhoneLab-LoggerService: Checking Threshold
07-05 14:00:02.422   993  1240 I PhoneLab-LoggerService: Starting to rename files
07-05 14:00:02.425   993  1240 I PhoneLab-LoggerService: Files found .. 42
07-05 14:00:02.484   545   548 D dalvikvm: GC_CONCURRENT freed 403K, 11% free 10471K/11719K, paused 2ms+2ms
07-05 14:00:02.750   545   548 D dalvikvm: GC_CONCURRENT freed 398K, 11% free 10459K/11719K, paused 2ms+2ms
07-05 14:00:02.902   545  7737 D dalvikvm: GC_EXPLICIT freed 36K, 11% free 10515K/11719K, paused 3ms+9ms
07-05 14:00:02.906   545  7737 I DownloadManager: Initiating request for download 4752
07-05 14:00:03.027   545   548 D dalvikvm: GC_CONCURRENT freed 207K, 9% free 10757K/11719K, paused 2ms+3ms
07-05 14:00:03.164   545   548 D dalvikvm: GC_CONCURRENT freed 467K, 9% free 10769K/11719K, paused 1ms+3ms
07-05 14:00:03.316  1370  7739 E DictionaryProvider:UpdateHandler: Can't read a file : android.util.MalformedJsonException: Use JsonReader.setLenient(true) to accept malformed JSON at line 1 column 20
07-05 14:00:03.500   545   548 D dalvikvm: GC_CONCURRENT freed 743K, 11% free 10488K/11719K, paused 2ms+3ms
07-05 14:00:03.769   545   548 D dalvikvm: GC_CONCURRENT freed 415K, 11% free 10464K/11719K, paused 2ms+2ms
07-05 14:00:03.902   545  7742 I DownloadManager: Initiating request for download 4752
07-05 14:00:03.988   545   548 D dalvikvm: GC_CONCURRENT freed 257K, 10% free 10653K/11719K, paused 2ms+3ms
07-05 14:00:04.109   545   548 D dalvikvm: GC_CONCURRENT freed 304K, 8% free 10828K/11719K, paused 2ms+2ms
07-05 14:00:04.351   545   548 D dalvikvm: GC_CONCURRENT freed 811K, 11% free 10495K/11719K, paused 2ms+2ms
07-05 14:00:04.605   545   548 D dalvikvm: GC_CONCURRENT freed 406K, 11% free 10475K/11719K, paused 2ms+2ms
07-05 14:00:04.871   545   548 D dalvikvm: GC_CONCURRENT freed 405K, 11% free 10461K/11719K, paused 1ms+2ms
07-05 14:00:04.941   545  7745 I DownloadManager: Initiating request for download 4753
07-05 14:00:05.039   545   548 D dalvikvm: GC_CONCURRENT freed 185K, 9% free 10713K/11719K, paused 2ms+3ms
07-05 14:00:05.164   545   548 D dalvikvm: GC_CONCURRENT freed 319K, 8% free 10876K/11719K, paused 1ms+2ms
07-05 14:00:05.449   545   548 D dalvikvm: GC_CONCURRENT freed 881K, 11% free 10491K/11719K, paused 2ms+2ms
07-05 14:00:05.715   545   548 D dalvikvm: GC_CONCURRENT freed 409K, 11% free 10472K/11719K, paused 2ms+3ms
07-05 14:00:06.633  1370  7747 E DictionaryProvider:UpdateHandler: Can't read a file : android.util.MalformedJsonException: Use JsonReader.setLenient(true) to accept malformed JSON at line 1 column 20
07-05 14:00:06.668  1370  1372 D dalvikvm: GC_CONCURRENT freed 391K, 7% free 9128K/9735K, paused 2ms+6ms
07-05 14:00:06.742   465   467 D dalvikvm: GC_CONCURRENT freed 396K, 6% free 10490K/11143K, paused 2ms+2ms
07-05 14:00:06.789   545   548 D dalvikvm: GC_CONCURRENT freed 352K, 11% free 10513K/11719K, paused 1ms+3ms
07-05 14:00:07.047   545   548 D dalvikvm: GC_CONCURRENT freed 422K, 11% free 10482K/11719K, paused 2ms+2ms
07-05 14:00:07.312   545   548 D dalvikvm: GC_CONCURRENT freed 405K, 11% free 10468K/11719K, paused 2ms+3ms
07-05 14:00:07.613   545   548 D dalvikvm: GC_CONCURRENT freed 361K, 11% free 10497K/11719K, paused 2ms+2ms
07-05 14:00:07.875   545   548 D dalvikvm: GC_CONCURRENT freed 408K, 11% free 10479K/11719K, paused 1ms+2ms
07-05 14:00:08.136   545   548 D dalvikvm: GC_CONCURRENT freed 404K, 11% free 10466K/11719K, paused 2ms+2ms
07-05 14:00:08.265   545  7750 I DownloadManager: Initiating request for download 4754
07-05 14:00:08.379   545   548 D dalvikvm: GC_CONCURRENT freed 215K, 9% free 10687K/11719K, paused 1ms+3ms
07-05 14:00:08.500   545   548 D dalvikvm: GC_CONCURRENT freed 302K, 8% free 10866K/11719K, paused 1ms+3ms
07-05 14:00:08.691  1370  7752 E DictionaryProvider:UpdateHandler: Can't read a file : android.util.MalformedJsonException: Use JsonReader.setLenient(true) to accept malformed JSON at line 1 column 20
07-05 14:00:08.789   545   548 D dalvikvm: GC_CONCURRENT freed 851K, 11% free 10509K/11719K, paused 2ms+3ms
07-05 14:00:09.050   545   548 D dalvikvm: GC_CONCURRENT freed 425K, 11% free 10475K/11719K, paused 2ms+2ms
07-05 14:00:09.269   545  7755 I DownloadManager: Initiating request for download 4754
07-05 14:00:09.328   545   548 D dalvikvm: GC_CONCURRENT freed 396K, 11% free 10539K/11719K, paused 1ms+3ms
07-05 14:00:09.445   545   548 D dalvikvm: GC_CONCURRENT freed 226K, 9% free 10777K/11719K, paused 2ms+3ms
07-05 14:00:09.597   545   548 D dalvikvm: GC_CONCURRENT freed 716K, 11% free 10545K/11719K, paused 2ms+2ms
07-05 14:00:09.886   545   548 D dalvikvm: GC_CONCURRENT freed 445K, 11% free 10490K/11719K, paused 1ms+3ms
07-05 14:00:10.144   545   548 D dalvikvm: GC_CONCURRENT freed 410K, 11% free 10471K/11719K, paused 2ms+2ms
07-05 14:00:10.324   545  7758 I DownloadManager: Initiating request for download 4755
07-05 14:00:10.422   545   548 D dalvikvm: GC_CONCURRENT freed 257K, 10% free 10661K/11719K, paused 1ms+3ms
07-05 14:00:10.547   545   548 D dalvikvm: GC_CONCURRENT freed 295K, 8% free 10829K/11719K, paused 2ms+2ms
07-05 14:00:10.761   545   548 D dalvikvm: GC_CONCURRENT freed 808K, 11% free 10502K/11719K, paused 2ms+2ms
07-05 14:00:10.812  1370  7760 E DictionaryProvider:UpdateHandler: Can't read a file : android.util.MalformedJsonException: Use JsonReader.setLenient(true) to accept malformed JSON at line 1 column 20
07-05 14:00:11.062   545   548 D dalvikvm: GC_CONCURRENT freed 401K, 11% free 10492K/11719K, paused 2ms+2ms
07-05 14:00:11.328   545   548 D dalvikvm: GC_CONCURRENT freed 414K, 11% free 10468K/11719K, paused 1ms+2ms
07-05 14:00:11.398   545  7763 I DownloadManager: Initiating request for download 4755
07-05 14:00:11.500   545   548 D dalvikvm: GC_CONCURRENT freed 196K, 9% free 10708K/11719K, paused 2ms+2ms
07-05 14:00:11.617   545   548 D dalvikvm: GC_CONCURRENT freed 325K, 8% free 10877K/11719K, paused 2ms+3ms
07-05 14:00:11.910   545   548 D dalvikvm: GC_CONCURRENT freed 877K, 11% free 10496K/11719K, paused 2ms+3ms
07-05 14:00:12.179   545   548 D dalvikvm: GC_CONCURRENT freed 409K, 11% free 10477K/11719K, paused 2ms+2ms
07-05 14:00:12.383   545  7766 I DownloadManager: Initiating request for download 4756
07-05 14:00:12.449   545   548 D dalvikvm: GC_CONCURRENT freed 319K, 11% free 10547K/11719K, paused 2ms+3ms
07-05 14:00:12.570   545   548 D dalvikvm: GC_CONCURRENT freed 211K, 9% free 10773K/11719K, paused 2ms+3ms
07-05 14:00:12.711   545   548 D dalvikvm: GC_CONCURRENT freed 464K, 8% free 10791K/11719K, paused 1ms+2ms
07-05 14:00:12.851  1370  7768 E DictionaryProvider:UpdateHandler: Can't read a file : android.util.MalformedJsonException: Use JsonReader.setLenient(true) to accept malformed JSON at line 1 column 20
07-05 14:00:13.047   545   548 D dalvikvm: GC_CONCURRENT freed 759K, 11% free 10500K/11719K, paused 1ms+2ms
07-05 14:00:13.308   545   548 D dalvikvm: GC_CONCURRENT freed 414K, 11% free 10476K/11719K, paused 2ms+2ms
07-05 14:00:13.484   156   568 D dalvikvm: GC_EXPLICIT freed 515K, 12% free 14098K/16007K, paused 2ms+5ms
07-05 14:00:13.496   545  7771 I DownloadManager: Initiating request for download 4756
07-05 14:00:13.586   545   548 D dalvikvm: GC_CONCURRENT freed 240K, 9% free 10672K/11719K, paused 2ms+3ms
07-05 14:00:13.718   545   548 D dalvikvm: GC_CONCURRENT freed 324K, 8% free 10833K/11719K, paused 2ms+2ms
07-05 14:00:13.933   545   548 D dalvikvm: GC_CONCURRENT freed 829K, 11% free 10489K/11719K, paused 2ms+2ms
07-05 14:00:14.215   545   548 D dalvikvm: GC_CONCURRENT freed 406K, 11% free 10474K/11719K, paused 2ms+3ms
07-05 14:00:14.480   545   548 D dalvikvm: GC_CONCURRENT freed 403K, 11% free 10457K/11719K, paused 2ms+2ms
07-05 14:00:14.543   545  7774 I DownloadManager: Initiating request for download 4757
07-05 14:00:14.660   545   548 D dalvikvm: GC_CONCURRENT freed 172K, 9% free 10720K/11719K, paused 2ms+3ms
07-05 14:00:14.773   545   548 D dalvikvm: GC_CONCURRENT freed 306K, 8% free 10876K/11719K, paused 2ms+3ms
07-05 14:00:14.945  1370  7776 E DictionaryProvider:UpdateHandler: Can't read a file : android.util.MalformedJsonException: Use JsonReader.setLenient(true) to accept malformed JSON at line 1 column 20
07-05 14:00:15.019  1370  1372 D dalvikvm: GC_CONCURRENT freed 408K, 7% free 9129K/9735K, paused 2ms+2ms
07-05 14:00:15.121   545   548 D dalvikvm: GC_CONCURRENT freed 883K, 11% free 10490K/11719K, paused 1ms+2ms
07-05 14:00:15.386   545   548 D dalvikvm: GC_CONCURRENT freed 415K, 11% free 10466K/11719K, paused 2ms+2ms
07-05 14:00:15.566   545  7779 I DownloadManager: Initiating request for download 4757
07-05 14:00:15.633   545   548 D dalvikvm: GC_CONCURRENT freed 318K, 11% free 10534K/11719K, paused 2ms+2ms
07-05 14:00:15.746   545   548 D dalvikvm: GC_CONCURRENT freed 217K, 9% free 10761K/11719K, paused 1ms+3ms
07-05 14:00:15.886   545   548 D dalvikvm: GC_CONCURRENT freed 472K, 9% free 10777K/11719K, paused 2ms+2ms
07-05 14:00:16.203   545   548 D dalvikvm: GC_CONCURRENT freed 760K, 11% free 10481K/11719K, paused 1ms+2ms
07-05 14:00:16.472   545   548 D dalvikvm: GC_CONCURRENT freed 410K, 11% free 10462K/11719K, paused 2ms+2ms
07-05 14:00:16.629   545  7782 I DownloadManager: Initiating request for download 4758
07-05 14:00:16.754   545   548 D dalvikvm: GC_CONCURRENT freed 219K, 9% free 10671K/11719K, paused 2ms+3ms
07-05 14:00:16.879   545   548 D dalvikvm: GC_CONCURRENT freed 308K, 8% free 10847K/11719K, paused 2ms+3ms
07-05 14:00:17.082  1370  7784 E DictionaryProvider:UpdateHandler: Can't read a file : android.util.MalformedJsonException: Use JsonReader.setLenient(true) to accept malformed JSON at line 1 column 20
07-05 14:00:17.168   545   548 D dalvikvm: GC_CONCURRENT freed 836K, 11% free 10508K/11719K, paused 2ms+2ms
07-05 14:00:17.429   545   548 D dalvikvm: GC_CONCURRENT freed 424K, 11% free 10475K/11719K, paused 2ms+3ms
07-05 14:00:17.703   545   548 D dalvikvm: GC_CONCURRENT freed 406K, 11% free 10460K/11719K, paused 2ms+2ms
07-05 14:00:17.726   545  7787 I DownloadManager: Initiating request for download 4758
07-05 14:00:17.828   545   548 D dalvikvm: GC_CONCURRENT freed 167K, 9% free 10726K/11719K, paused 1ms+2ms
07-05 14:00:17.957   545   548 D dalvikvm: GC_CONCURRENT freed 422K, 9% free 10774K/11719K, paused 2ms+2ms
07-05 14:00:18.250   545   548 D dalvikvm: GC_CONCURRENT freed 746K, 11% free 10490K/11719K, paused 2ms+3ms
07-05 14:00:18.527   545   548 D dalvikvm: GC_CONCURRENT freed 409K, 11% free 10478K/11719K, paused 2ms+2ms
07-05 14:00:18.738   545  7790 I DownloadManager: Initiating request for download 4759
07-05 14:00:18.812   545   548 D dalvikvm: GC_CONCURRENT freed 327K, 11% free 10542K/11719K, paused 2ms+3ms
07-05 14:00:18.929   545   548 D dalvikvm: GC_CONCURRENT freed 218K, 9% free 10769K/11719K, paused 2ms+2ms
07-05 14:00:19.074   545   548 D dalvikvm: GC_CONCURRENT freed 476K, 9% free 10782K/11719K, paused 2ms+3ms
07-05 14:00:19.215  1370  7792 E DictionaryProvider:UpdateHandler: Can't read a file : android.util.MalformedJsonException: Use JsonReader.setLenient(true) to accept malformed JSON at line 1 column 20
07-05 14:00:19.422   545   548 D dalvikvm: GC_CONCURRENT freed 755K, 11% free 10492K/11719K, paused 1ms+2ms
07-05 14:00:19.683   545   548 D dalvikvm: GC_CONCURRENT freed 414K, 11% free 10468K/11719K, paused 2ms+2ms
07-05 14:00:19.816   545  7795 I DownloadManager: Initiating request for download 4759
07-05 14:00:19.890   545   548 D dalvikvm: GC_CONCURRENT freed 235K, 9% free 10670K/11719K, paused 2ms+3ms
07-05 14:00:20.015   545   548 D dalvikvm: GC_CONCURRENT freed 311K, 8% free 10842K/11719K, paused 2ms+2ms
07-05 14:00:20.261   545   548 D dalvikvm: GC_CONCURRENT freed 831K, 11% free 10497K/11719K, paused 2ms+2ms
07-05 14:00:20.523   545   548 D dalvikvm: GC_CONCURRENT freed 405K, 11% free 10479K/11719K, paused 2ms+3ms
07-05 14:00:20.789   545   548 D dalvikvm: GC_CONCURRENT freed 399K, 11% free 10465K/11719K, paused 2ms+3ms
07-05 14:00:20.847   545  7798 I DownloadManager: Initiating request for download 4760
07-05 14:00:20.965   545   548 D dalvikvm: GC_CONCURRENT freed 174K, 9% free 10727K/11719K, paused 2ms+3ms
07-05 14:00:21.090   545   548 D dalvikvm: GC_CONCURRENT freed 326K, 8% free 10884K/11719K, paused 2ms+3ms
07-05 14:00:21.273  1370  7800 E DictionaryProvider:UpdateHandler: Can't read a file : android.util.MalformedJsonException: Use JsonReader.setLenient(true) to accept malformed JSON at line 1 column 20
07-05 14:00:21.422   545   548 D dalvikvm: GC_CONCURRENT freed 885K, 11% free 10499K/11719K, paused 2ms+3ms
07-05 14:00:21.679   545   548 D dalvikvm: GC_CONCURRENT freed 416K, 11% free 10474K/11719K, paused 2ms+2ms
07-05 14:00:21.851   545  7803 I DownloadManager: Initiating request for download 4760
07-05 14:00:21.922   545   548 D dalvikvm: GC_CONCURRENT freed 302K, 9% free 10667K/11719K, paused 1ms+3ms
07-05 14:00:22.047   545   548 D dalvikvm: GC_CONCURRENT freed 310K, 8% free 10830K/11719K, paused 2ms+3ms
07-05 14:00:22.261   545   548 D dalvikvm: GC_CONCURRENT freed 780K, 11% free 10534K/11719K, paused 2ms+3ms
07-05 14:00:22.543   545   548 D dalvikvm: GC_CONCURRENT freed 433K, 11% free 10494K/11719K, paused 2ms+3ms
07-05 14:00:22.812   545   548 D dalvikvm: GC_CONCURRENT freed 418K, 11% free 10467K/11719K, paused 2ms+3ms
07-05 14:00:22.898   545  7806 I DownloadManager: Initiating request for download 4761
07-05 14:00:23.008   545   548 D dalvikvm: GC_CONCURRENT freed 194K, 9% free 10709K/11719K, paused 2ms+3ms
07-05 14:00:23.129   545   548 D dalvikvm: GC_CONCURRENT freed 324K, 8% free 10881K/11719K, paused 2ms+3ms
07-05 14:00:23.308  1370  7808 E DictionaryProvider:UpdateHandler: Can't read a file : android.util.MalformedJsonException: Use JsonReader.setLenient(true) to accept malformed JSON at line 1 column 20
07-05 14:00:23.386  1370  1372 D dalvikvm: GC_CONCURRENT freed 394K, 7% free 9126K/9735K, paused 1ms+1ms
07-05 14:00:23.468   545   548 D dalvikvm: GC_CONCURRENT freed 876K, 11% free 10504K/11719K, paused 2ms+3ms
07-05 14:00:23.730   545   548 D dalvikvm: GC_CONCURRENT freed 414K, 11% free 10479K/11719K, paused 2ms+2ms
07-05 14:00:23.925   545  7811 I DownloadManager: Initiating request for download 4761
07-05 14:00:23.988   545   548 D dalvikvm: GC_CONCURRENT freed 350K, 10% free 10612K/11719K, paused 2ms+3ms
07-05 14:00:24.109   545   548 D dalvikvm: GC_CONCURRENT freed 263K, 8% free 10805K/11719K, paused 2ms+2ms
07-05 14:00:24.297   545   548 D dalvikvm: GC_CONCURRENT freed 735K, 11% free 10547K/11719K, paused 2ms+2ms
07-05 14:00:24.574   545   548 D dalvikvm: GC_CONCURRENT freed 441K, 11% free 10493K/11719K, paused 1ms+2ms
07-05 14:00:24.843   545   548 D dalvikvm: GC_CONCURRENT freed 410K, 11% free 10476K/11719K, paused 2ms+2ms
07-05 14:00:24.984   545  7814 I DownloadManager: Initiating request for download 4762
07-05 14:00:25.078   545   548 D dalvikvm: GC_CONCURRENT freed 234K, 9% free 10733K/11719K, paused 2ms+3ms
07-05 14:00:25.207   545   548 D dalvikvm: GC_CONCURRENT freed 356K, 8% free 10880K/11719K, paused 2ms+4ms
07-05 14:00:25.418  1370  7816 D dalvikvm: GC_EXPLICIT freed 77K, 7% free 9091K/9735K, paused 2ms+2ms
07-05 14:00:25.425  1370  7816 E DictionaryProvider:UpdateHandler: Can't read a file : android.util.MalformedJsonException: Use JsonReader.setLenient(true) to accept malformed JSON at line 1 column 20
07-05 14:00:25.547   545   548 D dalvikvm: GC_CONCURRENT freed 871K, 11% free 10508K/11719K, paused 2ms+3ms
07-05 14:00:25.808   545   548 D dalvikvm: GC_CONCURRENT freed 414K, 11% free 10484K/11719K, paused 1ms+3ms
07-05 14:00:26.027   545  7819 I DownloadManager: Initiating request for download 4762
07-05 14:00:26.086   545   548 D dalvikvm: GC_CONCURRENT freed 384K, 11% free 10531K/11719K, paused 1ms+3ms
07-05 14:00:26.215   545   548 D dalvikvm: GC_CONCURRENT freed 198K, 9% free 10770K/11719K, paused 2ms+3ms
07-05 14:00:26.351   545   548 D dalvikvm: GC_CONCURRENT freed 455K, 8% free 10790K/11719K, paused 2ms+3ms
07-05 14:00:26.668   545   548 D dalvikvm: GC_CONCURRENT freed 755K, 11% free 10498K/11719K, paused 1ms+2ms
07-05 14:00:26.933   545   548 D dalvikvm: GC_CONCURRENT freed 410K, 11% free 10478K/11719K, paused 2ms+2ms
07-05 14:00:27.105   545  7822 I DownloadManager: Initiating request for download 4763
07-05 14:00:27.187   545   548 D dalvikvm: GC_CONCURRENT freed 250K, 9% free 10665K/11719K, paused 2ms+2ms
07-05 14:00:27.312   545   548 D dalvikvm: GC_CONCURRENT freed 309K, 8% free 10837K/11719K, paused 2ms+3ms
07-05 14:00:27.523   545   548 D dalvikvm: GC_CONCURRENT freed 812K, 11% free 10511K/11719K, paused 2ms+2ms
07-05 14:00:27.574  1370  7824 E DictionaryProvider:UpdateHandler: Can't read a file : android.util.MalformedJsonException: Use JsonReader.setLenient(true) to accept malformed JSON at line 1 column 20
07-05 14:00:27.812   545   548 D dalvikvm: GC_CONCURRENT freed 395K, 11% free 10507K/11719K, paused 2ms+2ms
07-05 14:00:28.078   545   548 D dalvikvm: GC_CONCURRENT freed 415K, 11% free 10481K/11719K, paused 2ms+2ms
07-05 14:00:28.148   545  7826 I DownloadManager: Initiating request for download 4763
07-05 14:00:28.230   545   548 D dalvikvm: GC_CONCURRENT freed 204K, 9% free 10713K/11719K, paused 2ms+4ms
07-05 14:00:28.328   545   548 D dalvikvm: GC_CONCURRENT freed 308K, 8% free 10894K/11719K, paused 2ms+3ms
07-05 14:00:29.222   545   548 D dalvikvm: GC_CONCURRENT freed 860K, 11% free 10536K/11719K, paused 2ms+3ms
07-05 14:00:29.531   545   548 D dalvikvm: GC_CONCURRENT freed 433K, 11% free 10491K/11719K, paused 2ms+3ms
07-05 14:00:29.761   545  7830 I DownloadManager: Initiating request for download 4764
07-05 14:00:29.820   545   548 D dalvikvm: GC_CONCURRENT freed 362K, 10% free 10556K/11719K, paused 2ms+3ms
07-05 14:00:29.937   545   548 D dalvikvm: GC_CONCURRENT freed 211K, 9% free 10782K/11719K, paused 2ms+3ms
07-05 14:00:30.078   545   548 D dalvikvm: GC_CONCURRENT freed 472K, 8% free 10794K/11719K, paused 2ms+2ms
07-05 14:00:30.218  1370  7832 E DictionaryProvider:UpdateHandler: Can't read a file : android.util.MalformedJsonException: Use JsonReader.setLenient(true) to accept malformed JSON at line 1 column 20
07-05 14:00:30.425   545   548 D dalvikvm: GC_CONCURRENT freed 751K, 11% free 10509K/11719K, paused 1ms+2ms
07-05 14:00:30.703   545   548 D dalvikvm: GC_CONCURRENT freed 416K, 11% free 10484K/11719K, paused 1ms+2ms
07-05 14:00:30.836   545  7835 I DownloadManager: Initiating request for download 4764
07-05 14:00:30.918   545   548 D dalvikvm: GC_CONCURRENT freed 250K, 9% free 10676K/11719K, paused 2ms+3ms
07-05 14:00:31.039   545   548 D dalvikvm: GC_CONCURRENT freed 309K, 8% free 10854K/11719K, paused 2ms+3ms
07-05 14:00:31.285   545   548 D dalvikvm: GC_CONCURRENT freed 832K, 11% free 10512K/11719K, paused 2ms+2ms
07-05 14:00:31.547   545   548 D dalvikvm: GC_CONCURRENT freed 409K, 11% free 10493K/11719K, paused 2ms+2ms
07-05 14:00:31.812   545   548 D dalvikvm: GC_CONCURRENT freed 404K, 11% free 10480K/11719K, paused 2ms+2ms
07-05 14:00:31.976   156   514 D dalvikvm: GC_EXPLICIT freed 499K, 12% free 14097K/16007K, paused 3ms+6ms
07-05 14:00:31.980   545  7838 I DownloadManager: Initiating request for download 4765
07-05 14:00:31.992   362   362 I wpa_supplicant: wlan0: CTRL-EVENT-DISCONNECTED bssid=d0:c2:82:84:8d:50 reason=0
07-05 14:00:31.996    77   117 D CommandListener: Clearing all IP addresses on wlan0
07-05 14:00:32.008   156   330 D ConnectivityService: ConnectivityChange for WIFI: DISCONNECTED/DISCONNECTED
07-05 14:00:32.011   156   330 D ConnectivityService: Attempting to switch to mobile
07-05 14:00:32.011   156   330 D ConnectivityService: Attempting to switch to WIMAX
07-05 14:00:32.011   156   330 D ConnectivityService: Attempting to switch to BLUETOOTH_TETHER
07-05 14:00:32.015   156   330 E ConnectivityService: Exception trying to remove a route: java.lang.IllegalStateException: Unable to communicate with native dameon to add routes - com.android.server.NativeDaemonConnectorException: Cmd {interface route remove wlan0 default 128.205.59.254 32 0.0.0.0} failed with code 400 : {Failed to remove route from default table (No such process)}
07-05 14:00:32.019   156   330 D NetUtils: android_net_utils_resetConnections in env=0x6b2b60 clazz=0x71700001 iface=wlan0 mask=0x3
07-05 14:00:32.019   156   330 E ConnectivityService: Exception trying to remove a route: java.lang.IllegalStateException: Unable to communicate with native dameon to add routes - com.android.server.NativeDaemonConnectorException: Cmd {interface route remove wlan0 default 0.0.0.0 0 128.205.59.254} failed with code 400 : {Failed to remove route from default table (No such process)}
07-05 14:00:32.019   156   330 D ConnectivityService: resetConnections(wlan0, 3)
07-05 14:00:32.136   682  1055 E GTalkService: connectionClosed: no XMPPConnection - That's strange!
07-05 14:00:32.136   545  7838 W DownloadManager: Aborting request for download 4765: while trying to execute request: org.apache.http.conn.HttpHostConnectException: Connection to http://www.gstatic.com refused
07-05 14:00:32.136   156   330 D ConnectivityService: handleInetConditionChange: no active default network - ignore
07-05 14:00:32.168   414   416 D dalvikvm: GC_CONCURRENT freed 409K, 37% free 10296K/16263K, paused 2ms+3ms
07-05 14:00:32.238   414   416 D dalvikvm: GC_CONCURRENT freed 637K, 38% free 10126K/16263K, paused 1ms+3ms
07-05 14:00:32.535   545   548 D dalvikvm: GC_CONCURRENT freed 350K, 11% free 10518K/11719K, paused 2ms+3ms
07-05 14:00:32.797   545   548 D dalvikvm: GC_CONCURRENT freed 430K, 11% free 10476K/11719K, paused 2ms+2ms
07-05 14:00:33.050   545   548 D dalvikvm: GC_CONCURRENT freed 402K, 11% free 10464K/11719K, paused 2ms+2ms
07-05 14:00:33.078   545  7840 I DownloadManager: Initiating request for download 4765
07-05 14:00:33.078   545  7840 W DownloadManager: Aborting request for download 4765: no network connection available
07-05 14:00:33.254   362   362 I wpa_supplicant: wlan0: Trying to associate with d0:c2:82:84:8d:50 (SSID='UB_Wireless' freq=2462 MHz)
07-05 14:00:33.285   362   362 I wpa_supplicant: wlan0: Associated with d0:c2:82:84:8d:50
07-05 14:00:33.285   362   362 I wpa_supplicant: wlan0: CTRL-EVENT-CONNECTED - Connection to d0:c2:82:84:8d:50 completed (reauth) [id=5 id_str=]
07-05 14:00:33.429   545   548 D dalvikvm: GC_CONCURRENT freed 356K, 11% free 10498K/11719K, paused 2ms+2ms
07-05 14:00:33.726   545   548 D dalvikvm: GC_CONCURRENT freed 411K, 11% free 10477K/11719K, paused 2ms+2ms
07-05 14:00:33.972   545   548 D dalvikvm: GC_CONCURRENT freed 372K, 11% free 10500K/11719K, paused 1ms+2ms
07-05 14:00:34.293   545   548 D dalvikvm: GC_CONCURRENT freed 405K, 11% free 10486K/11719K, paused 2ms+2ms
07-05 14:00:34.570   545   548 D dalvikvm: GC_CONCURRENT freed 405K, 11% free 10474K/11719K, paused 2ms+2ms
07-05 14:00:35.078   156   333 D Tethering: MasterInitialState.processMessage what=3
07-05 14:00:35.164  1190  1190 I MediaUploader: No need to wake up
07-05 14:00:35.168   993   993 I PhoneLab-WiFiReceiver: Wi-Fi is disconnected!
07-05 14:00:35.172  1086  1105 D PicasaSyncManager: active network: null
07-05 14:00:35.172  1086  1105 D PicasaSyncManager: background data: true
07-05 14:00:36.652   156   330 D ConnectivityService: ConnectivityChange for WIFI: CONNECTED/CONNECTED
07-05 14:00:36.660   993   993 I PhoneLab-WiFiReceiver: Wi-Fi is connected!
07-05 14:00:36.668   993   993 I PhoneLab-WiFiReceiver: SSID: UB_Wireless BSSID: d0:c2:82:84:8d:50 RSSI: -200 LinkSpeed: -1
07-05 14:00:36.668   993   993 I PhoneLab-Locks: wake lock acquired
07-05 14:00:36.672   993   993 I PhoneLab-UploadLogs: Transfering log files now
07-05 14:00:36.683   156   325 W NetworkStats: dropping UID delta from unknown iface: iface=wlan0 uid=0 set=DEFAULT tag=0x0 rxBytes=72 rxPackets=1 txBytes=264 txPackets=4 operations=0
07-05 14:00:36.742   993   995 D dalvikvm: GC_CONCURRENT freed 455K, 18% free 9204K/11207K, paused 2ms+2ms
07-05 14:00:36.761   993   993 D dalvikvm: GC_FOR_ALLOC freed 179K, 18% free 9301K/11207K, paused 13ms
07-05 14:00:36.781   993   993 D dalvikvm: GC_FOR_ALLOC freed 120K, 16% free 9429K/11207K, paused 12ms
07-05 14:00:36.808   993   993 I PhoneLab-UploadLogs: OnStartCommand
07-05 14:00:36.812   993   995 D dalvikvm: GC_CONCURRENT freed 294K, 14% free 9646K/11207K, paused 1ms+2ms
07-05 14:00:36.828   993  7871 D dalvikvm: GC_FOR_ALLOC freed 316K, 14% free 9656K/11207K, paused 12ms
07-05 14:00:36.847   993  7871 D dalvikvm: GC_FOR_ALLOC freed 301K, 14% free 9657K/11207K, paused 12ms
07-05 14:00:36.863   993  7871 D dalvikvm: GC_FOR_ALLOC freed 301K, 14% free 9658K/11207K, paused 12ms
07-05 14:00:37.656   156   330 D ConnectivityService: NetTransition Wakelock for WifiStateMachine released by timeout
07-05 14:00:38.398   993  7871 W System.err: org.apache.http.client.ClientProtocolException
07-05 14:00:38.410   993  7871 W System.err: 	at org.apache.http.impl.client.AbstractHttpClient.execute(AbstractHttpClient.java:557)
07-05 14:00:38.410   993  7871 W System.err: 	at org.apache.http.impl.client.AbstractHttpClient.execute(AbstractHttpClient.java:487)
07-05 14:00:38.414   993  7871 W System.err: 	at com.loopj.android.http.AsyncHttpRequest.makeRequest(Unknown Source)
07-05 14:00:38.418   993  7871 W System.err: 	at com.loopj.android.http.AsyncHttpRequest.makeRequestWithRetries(Unknown Source)
07-05 14:00:38.418   993  7871 W System.err: 	at com.loopj.android.http.AsyncHttpRequest.run(Unknown Source)
07-05 14:00:38.418   993  7871 W System.err: 	at java.util.concurrent.Executors$RunnableAdapter.call(Executors.java:442)
07-05 14:00:38.422   993  7871 W System.err: 	at java.util.concurrent.FutureTask$Sync.innerRun(FutureTask.java:305)
07-05 14:00:38.422   993  7871 W System.err: 	at java.util.concurrent.FutureTask.run(FutureTask.java:137)
07-05 14:00:38.422   993  7871 W System.err: 	at java.util.concurrent.ThreadPoolExecutor.runWorker(ThreadPoolExecutor.java:1076)
07-05 14:00:38.422   993  7871 W System.err: 	at java.util.concurrent.ThreadPoolExecutor$Worker.run(ThreadPoolExecutor.java:569)
07-05 14:00:38.422   993  7871 W System.err: 	at java.lang.Thread.run(Thread.java:856)
07-05 14:00:38.425   993  7871 W System.err: Caused by: org.apache.http.client.NonRepeatableRequestException: Cannot retry request with a non-repeatable request entity
07-05 14:00:38.429   993  7871 W System.err: 	at org.apache.http.impl.client.DefaultRequestDirector.execute(DefaultRequestDirector.java:420)
07-05 14:00:38.429   993  7871 W System.err: 	at org.apache.http.impl.client.AbstractHttpClient.execute(AbstractHttpClient.java:555)
07-05 14:00:38.429   993  7871 W System.err: 	... 10 more
07-05 14:00:38.433   993   993 E PhoneLab-: Transfering 1341502082478.log failed
07-05 14:00:38.433   993   993 I PhoneLab-Locks: wake lock released
07-05 14:00:39.715   156   333 D Tethering: MasterInitialState.processMessage what=3
07-05 14:00:39.761   682   682 I GTalkService/c: [AndroidEndpoint@1095403848] connect: acct=1000001, state=CONNECTING
07-05 14:00:39.804  1190  1190 I MediaUploader: No need to wake up
07-05 14:00:39.840  1086  1105 D PicasaSyncManager: active network: NetworkInfo: type: WIFI[], state: CONNECTED/CONNECTED, reason: (unspecified), extra: (none), roaming: false, failover: false, isAvailable: true
07-05 14:00:39.840  1086  1105 D PicasaSyncManager: background data: true
07-05 14:00:39.875   414   414 D dalvikvm: GC_FOR_ALLOC freed 253K, 38% free 10219K/16263K, paused 18ms
07-05 14:00:39.933   682   685 D dalvikvm: GC_CONCURRENT freed 491K, 9% free 10152K/11079K, paused 2ms+24ms
07-05 14:00:39.972   414   416 D dalvikvm: GC_CONCURRENT freed 360K, 37% free 10337K/16263K, paused 2ms+3ms
07-05 14:00:40.211   545   548 D dalvikvm: GC_CONCURRENT freed 359K, 11% free 10503K/11719K, paused 2ms+3ms
07-05 14:00:40.492   545   548 D dalvikvm: GC_CONCURRENT freed 407K, 11% free 10482K/11719K, paused 2ms+2ms
07-05 14:00:40.758   545   548 D dalvikvm: GC_CONCURRENT freed 396K, 11% free 10472K/11719K, paused 2ms+2ms
07-05 14:00:40.925   545  7875 I DownloadManager: Initiating request for download 4765
07-05 14:00:41.008   545   548 D dalvikvm: GC_CONCURRENT freed 264K, 10% free 10654K/11719K, paused 2ms+4ms
07-05 14:00:41.117   545  7873 D dalvikvm: GC_EXPLICIT freed 230K, 8% free 10846K/11719K, paused 2ms+6ms
07-05 14:00:41.375  1370  7877 E DictionaryProvider:UpdateHandler: Can't read a file : android.util.MalformedJsonException: Use JsonReader.setLenient(true) to accept malformed JSON at line 1 column 20
07-05 14:00:41.390   545   548 D dalvikvm: GC_CONCURRENT freed 838K, 11% free 10512K/11719K, paused 2ms+2ms
07-05 14:00:41.668   545   548 D dalvikvm: GC_CONCURRENT freed 416K, 11% free 10486K/11719K, paused 2ms+2ms
07-05 14:00:41.929   545   548 D dalvikvm: GC_CONCURRENT freed 408K, 11% free 10469K/11719K, paused 2ms+2ms
07-05 14:00:42.019   545  7880 I DownloadManager: Initiating request for download 4765
07-05 14:00:42.105   545   548 D dalvikvm: GC_CONCURRENT freed 217K, 9% free 10688K/11719K, paused 2ms+3ms
07-05 14:00:42.230   545   548 D dalvikvm: GC_CONCURRENT freed 310K, 8% free 10869K/11719K, paused 2ms+2ms
07-05 14:00:42.504   545   548 D dalvikvm: GC_CONCURRENT freed 865K, 11% free 10498K/11719K, paused 2ms+3ms
07-05 14:00:42.773   545   548 D dalvikvm: GC_CONCURRENT freed 406K, 11% free 10479K/11719K, paused 1ms+2ms
07-05 14:00:42.859   414   416 D dalvikvm: GC_CONCURRENT freed 378K, 37% free 10387K/16263K, paused 1ms+3ms
07-05 14:00:43.082   545  7883 I DownloadManager: Initiating request for download 4766
07-05 14:00:43.152   545   548 D dalvikvm: GC_CONCURRENT freed 392K, 11% free 10506K/11719K, paused 2ms+6ms
07-05 14:00:43.293   545   548 D dalvikvm: GC_CONCURRENT freed 186K, 9% free 10755K/11719K, paused 2ms+3ms
07-05 14:00:43.433   545   548 D dalvikvm: GC_CONCURRENT freed 442K, 8% free 10791K/11719K, paused 2ms+2ms
07-05 14:00:43.715   545   548 D dalvikvm: GC_CONCURRENT freed 735K, 11% free 10526K/11719K, paused 2ms+3ms
07-05 14:00:43.984   545   548 D dalvikvm: GC_CONCURRENT freed 402K, 11% free 10514K/11719K, paused 2ms+2ms
07-05 14:00:44.246   482   482 D SAN_SERVICE: *******************************************
07-05 14:00:44.246   482   482 D SAN_SERVICE: DM App Phone Service State - 0
07-05 14:00:44.246   482   482 D SAN_SERVICE: *******************************************
07-05 14:00:44.863   482   482 D SAN_SERVICE: *******************************************
07-05 14:00:44.863   482   482 D SAN_SERVICE: DM App Phone Service State - 0
07-05 14:00:44.863   482   482 D SAN_SERVICE: *******************************************
07-05 14:00:44.945  1370  7886 E DictionaryProvider:UpdateHandler: Can't read a file : android.util.MalformedJsonException: Use JsonReader.setLenient(true) to accept malformed JSON at line 1 column 20
07-05 14:00:44.972  1370  1372 D dalvikvm: GC_CONCURRENT freed 369K, 7% free 9138K/9735K, paused 2ms+2ms
07-05 14:00:45.054   545   548 D dalvikvm: GC_CONCURRENT freed 386K, 11% free 10520K/11719K, paused 2ms+3ms
07-05 14:00:45.332   545   548 D dalvikvm: GC_CONCURRENT freed 420K, 11% free 10490K/11719K, paused 2ms+2ms
07-05 14:00:45.605   545   548 D dalvikvm: GC_CONCURRENT freed 406K, 11% free 10474K/11719K, paused 2ms+2ms
07-05 14:00:45.734   545  7889 I DownloadManager: Initiating request for download 4766
07-05 14:00:45.734   545  7889 W DownloadManager: Aborting request for download 4766: Trying to resume a download that can't be resumed
07-05 14:00:45.992   545   548 D dalvikvm: GC_CONCURRENT freed 357K, 11% free 10508K/11719K, paused 2ms+3ms
07-05 14:00:46.265   545   548 D dalvikvm: GC_CONCURRENT freed 410K, 11% free 10488K/11719K, paused 2ms+2ms
07-05 14:00:46.543   545   548 D dalvikvm: GC_CONCURRENT freed 399K, 11% free 10476K/11719K, paused 1ms+2ms
07-05 14:00:46.691   545  7892 I DownloadManager: Initiating request for download 4767
07-05 14:00:46.789   545   548 D dalvikvm: GC_CONCURRENT freed 212K, 9% free 10682K/11719K, paused 1ms+2ms
07-05 14:00:46.914   545   548 D dalvikvm: GC_CONCURRENT freed 303K, 8% free 10857K/11719K, paused 2ms+3ms
07-05 14:00:47.129  1370  7894 E DictionaryProvider:UpdateHandler: Can't read a file : android.util.MalformedJsonException: Use JsonReader.setLenient(true) to accept malformed JSON at line 1 column 20
07-05 14:00:47.175   545   548 D dalvikvm: GC_CONCURRENT freed 835K, 11% free 10521K/11719K, paused 2ms+3ms
07-05 14:00:47.445   545   548 D dalvikvm: GC_CONCURRENT freed 423K, 11% free 10489K/11719K, paused 2ms+2ms
07-05 14:00:47.703   545   548 D dalvikvm: GC_CONCURRENT freed 405K, 11% free 10474K/11719K, paused 2ms+2ms
07-05 14:00:47.746   545  7897 I DownloadManager: Initiating request for download 4767
07-05 14:00:47.851   545   548 D dalvikvm: GC_CONCURRENT freed 180K, 9% free 10727K/11719K, paused 2ms+2ms
07-05 14:00:47.976   545   548 D dalvikvm: GC_CONCURRENT freed 317K, 8% free 10896K/11719K, paused 2ms+4ms
07-05 14:00:48.293   545   548 D dalvikvm: GC_CONCURRENT freed 896K, 11% free 10502K/11719K, paused 2ms+3ms
07-05 14:00:48.562   545   548 D dalvikvm: GC_CONCURRENT freed 410K, 11% free 10482K/11719K, paused 2ms+2ms
07-05 14:00:48.730   156   330 D ConnectivityService: ConnectivityChange for mobile: CONNECTED/CONNECTED
07-05 14:00:48.758   156   330 D NetUtils: android_net_utils_resetConnections in env=0x6b2b60 clazz=0x86600001 iface=rmnet0 mask=0x3
07-05 14:00:48.758   156   330 D ConnectivityService: ConnectivityChange for mobile: DISCONNECTED/DISCONNECTED
07-05 14:00:48.758   156   330 D ConnectivityService: Attempting to switch to WIFI
07-05 14:00:48.758   156   330 D ConnectivityService: Attempting to switch to WIMAX
07-05 14:00:48.758   156   330 D ConnectivityService: Attempting to switch to BLUETOOTH_TETHER
07-05 14:00:48.758   156   330 D ConnectivityService: resetConnections(rmnet0, 3)
07-05 14:00:48.906   156   158 D dalvikvm: GC_CONCURRENT freed 1163K, 12% free 14162K/16007K, paused 2ms+6ms
07-05 14:00:48.980   545  7901 I DownloadManager: Initiating request for download 4768
07-05 14:00:49.058   545   548 D dalvikvm: GC_CONCURRENT freed 320K, 10% free 10605K/11719K, paused 2ms+4ms
07-05 14:00:49.183   545   548 D dalvikvm: GC_CONCURRENT freed 259K, 8% free 10798K/11719K, paused 2ms+2ms
07-05 14:00:49.347   545   548 D dalvikvm: GC_CONCURRENT freed 733K, 11% free 10542K/11719K, paused 2ms+2ms
07-05 14:00:49.422  1370  7903 E DictionaryProvider:UpdateHandler: Can't read a file : android.util.MalformedJsonException: Use JsonReader.setLenient(true) to accept malformed JSON at line 1 column 20
07-05 14:00:49.648   482   486 D dalvikvm: GC_CONCURRENT freed 409K, 7% free 9489K/10119K, paused 2ms+2ms
07-05 14:00:49.718   545   548 D dalvikvm: GC_CONCURRENT freed 431K, 11% free 10501K/11719K, paused 2ms+2ms
07-05 14:00:49.984   545   548 D dalvikvm: GC_CONCURRENT freed 416K, 11% free 10476K/11719K, paused 2ms+2ms
07-05 14:00:50.117   545  7906 I DownloadManager: Initiating request for download 4768
07-05 14:00:50.199   545   548 D dalvikvm: GC_CONCURRENT freed 263K, 10% free 10661K/11719K, paused 2ms+3ms
07-05 14:00:50.324   545   548 D dalvikvm: GC_CONCURRENT freed 305K, 8% free 10837K/11719K, paused 2ms+3ms
07-05 14:00:50.550   545   548 D dalvikvm: GC_CONCURRENT freed 813K, 11% free 10505K/11719K, paused 1ms+3ms
07-05 14:00:50.812   545   548 D dalvikvm: GC_CONCURRENT freed 404K, 11% free 10488K/11719K, paused 2ms+3ms
07-05 14:00:50.953   156   530 D AlarmManagerService: Kernel timezone updated to 240 minutes west of GMT
07-05 14:00:50.957   482   482 D SystemClock: Setting time of day to sec=1341511251
07-05 14:00:51.038   156   167 I ActivityManager: Start proc com.android.deskclock for broadcast com.android.deskclock/.AlarmInitReceiver: pid=7909 uid=10080 gids={}
07-05 14:00:51.065  7909  7909 I ActivityThread: Pub com.android.deskclock: com.android.deskclock.AlarmProvider
07-05 14:00:51.081  7909  7922 E SQLiteOpenHelper: Couldn't open alarms.db for writing (will try read-only):
07-05 14:00:51.081  7909  7922 E SQLiteOpenHelper: android.database.sqlite.SQLiteException: Can't downgrade database from version 7 to 5
07-05 14:00:51.081  7909  7922 E SQLiteOpenHelper: 	at android.database.sqlite.SQLiteOpenHelper.onDowngrade(SQLiteOpenHelper.java:307)
07-05 14:00:51.081  7909  7922 E SQLiteOpenHelper: 	at android.database.sqlite.SQLiteOpenHelper.getWritableDatabase(SQLiteOpenHelper.java:168)
07-05 14:00:51.081  7909  7922 E SQLiteOpenHelper: 	at android.database.sqlite.SQLiteOpenHelper.getReadableDatabase(SQLiteOpenHelper.java:231)
07-05 14:00:51.081  7909  7922 E SQLiteOpenHelper: 	at com.android.deskclock.AlarmProvider.query(AlarmProvider.java:72)
07-05 14:00:51.081  7909  7922 E SQLiteOpenHelper: 	at android.content.ContentProvider$Transport.query(ContentProvider.java:178)
07-05 14:00:51.081  7909  7922 E SQLiteOpenHelper: 	at android.content.ContentResolver.query(ContentResolver.java:311)
07-05 14:00:51.081  7909  7922 E SQLiteOpenHelper: 	at com.android.deskclock.Alarms.getFilteredAlarmsCursor(Alarms.java:143)
07-05 14:00:51.081  7909  7922 E SQLiteOpenHelper: 	at com.android.deskclock.Alarms.disableExpiredAlarms(Alarms.java:352)
07-05 14:00:51.081  7909  7922 E SQLiteOpenHelper: 	at com.android.deskclock.AlarmInitReceiver$1.run(AlarmInitReceiver.java:45)
07-05 14:00:51.081  7909  7922 E SQLiteOpenHelper: 	at android.os.Handler.handleCallback(Handler.java:605)
07-05 14:00:51.081  7909  7922 E SQLiteOpenHelper: 	at android.os.Handler.dispatchMessage(Handler.java:92)
07-05 14:00:51.081  7909  7922 E SQLiteOpenHelper: 	at android.os.Looper.loop(Looper.java:137)
07-05 14:00:51.081  7909  7922 E SQLiteOpenHelper: 	at android.os.HandlerThread.run(HandlerThread.java:60)
07-05 14:00:51.085  7909  7922 W dalvikvm: threadid=11: thread exiting with uncaught exception (group=0x40a5c1f8)
07-05 14:00:51.085  7909  7922 E AndroidRuntime: FATAL EXCEPTION: AsyncHandler
07-05 14:00:51.085  7909  7922 E AndroidRuntime: android.database.sqlite.SQLiteException: Can't upgrade read-only database from version 7 to 5: /data/data/com.android.deskclock/databases/alarms.db
07-05 14:00:51.085  7909  7922 E AndroidRuntime: 	at android.database.sqlite.SQLiteOpenHelper.getReadableDatabase(SQLiteOpenHelper.java:244)
07-05 14:00:51.085  7909  7922 E AndroidRuntime: 	at com.android.deskclock.AlarmProvider.query(AlarmProvider.java:72)
07-05 14:00:51.085  7909  7922 E AndroidRuntime: 	at android.content.ContentProvider$Transport.query(ContentProvider.java:178)
07-05 14:00:51.085  7909  7922 E AndroidRuntime: 	at android.content.ContentResolver.query(ContentResolver.java:311)
07-05 14:00:51.085  7909  7922 E AndroidRuntime: 	at com.android.deskclock.Alarms.getFilteredAlarmsCursor(Alarms.java:143)
07-05 14:00:51.085  7909  7922 E AndroidRuntime: 	at com.android.deskclock.Alarms.disableExpiredAlarms(Alarms.java:352)
07-05 14:00:51.085  7909  7922 E AndroidRuntime: 	at com.android.deskclock.AlarmInitReceiver$1.run(AlarmInitReceiver.java:45)
07-05 14:00:51.085  7909  7922 E AndroidRuntime: 	at android.os.Handler.handleCallback(Handler.java:605)
07-05 14:00:51.085  7909  7922 E AndroidRuntime: 	at android.os.Handler.dispatchMessage(Handler.java:92)
07-05 14:00:51.085  7909  7922 E AndroidRuntime: 	at android.os.Looper.loop(Looper.java:137)
07-05 14:00:51.085  7909  7922 E AndroidRuntime: 	at android.os.HandlerThread.run(HandlerThread.java:60)
07-05 14:00:51.116   156   559 I ActivityManager: No longer want com.android.vending (pid 1106): hidden #16
07-05 14:00:51.132  7909  7922 I Process : Sending signal. PID: 7909 SIG: 9
07-05 14:00:51.136   156   168 I ActivityManager: Process com.android.deskclock (pid 7909) has died.
07-05 14:00:51.221 11541 11543 D dalvikvm: GC_CONCURRENT freed 323K, 5% free 9148K/9543K, paused 3ms+2ms
07-05 14:00:51.366   545   548 D dalvikvm: GC_CONCURRENT freed 404K, 11% free 10473K/11719K, paused 2ms+2ms
07-05 14:00:51.464   545  7925 I DownloadManager: Initiating request for download 4769
07-05 14:00:51.561   545   548 D dalvikvm: GC_CONCURRENT freed 203K, 9% free 10707K/11719K, paused 2ms+3ms
07-05 14:00:51.690   545   548 D dalvikvm: GC_CONCURRENT freed 317K, 8% free 10893K/11719K, paused 2ms+2ms
07-05 14:00:51.823   156   333 D Tethering: MasterInitialState.processMessage what=3
07-05 14:00:51.846   156   333 D Tethering: MasterInitialState.processMessage what=3
07-05 14:00:51.874  1190  1190 I MediaUploader: No need to wake up
07-05 14:00:51.893  1086  1105 D PicasaSyncManager: active network: NetworkInfo: type: WIFI[], state: CONNECTED/CONNECTED, reason: (unspecified), extra: (none), roaming: false, failover: false, isAvailable: true
07-05 14:00:51.893  1086  1105 D PicasaSyncManager: background data: true
07-05 14:00:51.905  1086  1105 D PicasaSyncManager: active network: NetworkInfo: type: WIFI[], state: CONNECTED/CONNECTED, reason: (unspecified), extra: (none), roaming: false, failover: false, isAvailable: true
07-05 14:00:51.917  1190  1190 I MediaUploader: No need to wake up
07-05 14:00:51.925  1086  1105 D PicasaSyncManager: background data: true
07-05 14:00:52.003  1370  7927 E DictionaryProvider:UpdateHandler: Can't read a file : android.util.MalformedJsonException: Use JsonReader.setLenient(true) to accept malformed JSON at line 1 column 20
07-05 14:00:52.128   545   548 D dalvikvm: GC_CONCURRENT freed 889K, 11% free 10506K/11719K, paused 2ms+3ms
07-05 14:00:52.397   545   548 D dalvikvm: GC_CONCURRENT freed 414K, 11% free 10483K/11719K, paused 2ms+2ms
07-05 14:00:52.604   545  7930 I DownloadManager: Initiating request for download 4769
07-05 14:00:52.663   545   548 D dalvikvm: GC_CONCURRENT freed 366K, 11% free 10530K/11719K, paused 2ms+2ms
07-05 14:00:52.776   545   548 D dalvikvm: GC_CONCURRENT freed 198K, 9% free 10768K/11719K, paused 2ms+3ms
07-05 14:00:52.917   545   548 D dalvikvm: GC_CONCURRENT freed 455K, 8% free 10792K/11719K, paused 2ms+3ms
07-05 14:00:53.011   156   594 D dalvikvm: GC_EXPLICIT freed 721K, 12% free 14098K/16007K, paused 2ms+5ms
07-05 14:00:53.280   545   548 D dalvikvm: GC_CONCURRENT freed 730K, 11% free 10537K/11719K, paused 2ms+2ms
07-05 14:00:53.546   545   548 D dalvikvm: GC_CONCURRENT freed 414K, 11% free 10514K/11719K, paused 2ms+3ms
07-05 14:00:55.155   545  7932 I DownloadManager: Initiating request for download 4770
07-05 14:00:55.245   545   548 D dalvikvm: GC_CONCURRENT freed 285K, 9% free 10666K/11719K, paused 2ms+4ms
07-05 14:00:55.382   545   548 D dalvikvm: GC_CONCURRENT freed 307K, 8% free 10832K/11719K, paused 2ms+2ms
07-05 14:00:55.573   545   548 D dalvikvm: GC_CONCURRENT freed 769K, 11% free 10543K/11719K, paused 2ms+2ms
07-05 14:00:55.620   482   482 D SAN_SERVICE: *******************************************
07-05 14:00:55.620   482   482 D SAN_SERVICE: DM App Phone Service State - 0
07-05 14:00:55.620   482   482 D SAN_SERVICE: *******************************************
07-05 14:00:55.659  1370  7935 E DictionaryProvider:UpdateHandler: Can't read a file : android.util.MalformedJsonException: Use JsonReader.setLenient(true) to accept malformed JSON at line 1 column 20
07-05 14:00:55.702  1370  1372 D dalvikvm: GC_CONCURRENT freed 398K, 7% free 9128K/9735K, paused 1ms+3ms
07-05 14:00:55.928   545   548 D dalvikvm: GC_CONCURRENT freed 433K, 11% free 10501K/11719K, paused 2ms+3ms
07-05 14:00:55.991   156   403 D AlarmManagerService: Kernel timezone updated to 240 minutes west of GMT
07-05 14:00:56.241   545   548 D dalvikvm: GC_CONCURRENT freed 416K, 11% free 10475K/11719K, paused 2ms+2ms
07-05 14:00:56.335   545  7939 I DownloadManager: Initiating request for download 4770
07-05 14:00:56.436   545   548 D dalvikvm: GC_CONCURRENT freed 218K, 9% free 10748K/11719K, paused 2ms+3ms
07-05 14:00:56.557   545   548 D dalvikvm: GC_CONCURRENT freed 361K, 8% free 10895K/11719K, paused 2ms+3ms
07-05 14:00:56.874   545   548 D dalvikvm: GC_CONCURRENT freed 893K, 11% free 10502K/11719K, paused 1ms+2ms
07-05 14:00:57.124   545   548 D dalvikvm: GC_CONCURRENT freed 404K, 11% free 10484K/11719K, paused 2ms+2ms
07-05 14:00:57.350   545  7942 I DownloadManager: Initiating request for download 4771
07-05 14:00:57.409   545   548 D dalvikvm: GC_CONCURRENT freed 347K, 10% free 10553K/11719K, paused 2ms+3ms
07-05 14:00:57.530   545   548 D dalvikvm: GC_CONCURRENT freed 209K, 9% free 10780K/11719K, paused 1ms+3ms
07-05 14:00:57.675   545   548 D dalvikvm: GC_CONCURRENT freed 473K, 8% free 10802K/11719K, paused 2ms+2ms
07-05 14:00:57.811  1370  7944 E DictionaryProvider:UpdateHandler: Can't read a file : android.util.MalformedJsonException: Use JsonReader.setLenient(true) to accept malformed JSON at line 1 column 20
07-05 14:00:58.018   545   548 D dalvikvm: GC_CONCURRENT freed 767K, 11% free 10506K/11719K, paused 1ms+2ms
07-05 14:00:58.280   545   548 D dalvikvm: GC_CONCURRENT freed 415K, 11% free 10482K/11719K, paused 2ms+2ms
07-05 14:00:58.409   545  7947 I DownloadManager: Initiating request for download 4771
07-05 14:00:58.491   545   548 D dalvikvm: GC_CONCURRENT freed 254K, 9% free 10676K/11719K, paused 2ms+3ms
07-05 14:00:58.612   545   548 D dalvikvm: GC_CONCURRENT freed 301K, 8% free 10852K/11719K, paused 1ms+3ms
07-05 14:00:58.850   545   548 D dalvikvm: GC_CONCURRENT freed 828K, 11% free 10510K/11719K, paused 2ms+2ms
07-05 14:00:59.128   545   548 D dalvikvm: GC_CONCURRENT freed 405K, 11% free 10497K/11719K, paused 2ms+3ms
07-05 14:00:59.405   545   548 D dalvikvm: GC_CONCURRENT freed 411K, 11% free 10477K/11719K, paused 2ms+3ms
07-05 14:00:59.487   545  7950 I DownloadManager: Initiating request for download 4772
07-05 14:00:59.596   545   548 D dalvikvm: GC_CONCURRENT freed 192K, 9% free 10721K/11719K, paused 2ms+3ms
07-05 14:00:59.721   545   548 D dalvikvm: GC_CONCURRENT freed 328K, 8% free 10892K/11719K, paused 2ms+3ms
07-05 14:01:00.022   545   548 D dalvikvm: GC_CONCURRENT freed 856K, 11% free 10538K/11719K, paused 1ms+2ms
07-05 14:01:00.167  1370  7952 E DictionaryProvider:UpdateHandler: Can't read a file : android.util.MalformedJsonException: Use JsonReader.setLenient(true) to accept malformed JSON at line 1 column 20
07-05 14:01:00.331   545   548 D dalvikvm: GC_CONCURRENT freed 430K, 11% free 10498K/11719K, paused 2ms+3ms
07-05 14:01:00.538   545  7955 I DownloadManager: Initiating request for download 4772
07-05 14:01:00.589   545   548 D dalvikvm: GC_CONCURRENT freed 373K, 10% free 10555K/11719K, paused 2ms+3ms
07-05 14:01:00.706   545   548 D dalvikvm: GC_CONCURRENT freed 198K, 9% free 10776K/11719K, paused 1ms+2ms
07-05 14:01:00.843   545   548 D dalvikvm: GC_CONCURRENT freed 460K, 8% free 10798K/11719K, paused 2ms+2ms
07-05 14:01:01.163   545   548 D dalvikvm: GC_CONCURRENT freed 765K, 11% free 10504K/11719K, paused 2ms+3ms
07-05 14:01:01.417   545   548 D dalvikvm: GC_CONCURRENT freed 409K, 11% free 10485K/11719K, paused 2ms+3ms
07-05 14:01:01.577   545  7958 I DownloadManager: Initiating request for download 4773
07-05 14:01:01.675   545   548 D dalvikvm: GC_CONCURRENT freed 259K, 9% free 10674K/11719K, paused 2ms+3ms
07-05 14:01:01.788   545   548 D dalvikvm: GC_CONCURRENT freed 310K, 8% free 10850K/11719K, paused 2ms+3ms
07-05 14:01:01.999   545   548 D dalvikvm: GC_CONCURRENT freed 823K, 11% free 10521K/11719K, paused 2ms+2ms
07-05 14:01:02.042  1370  7960 E DictionaryProvider:UpdateHandler: Can't read a file : android.util.MalformedJsonException: Use JsonReader.setLenient(true) to accept malformed JSON at line 1 column 20
07-05 14:01:02.143   465   467 D dalvikvm: GC_CONCURRENT freed 385K, 6% free 10490K/11143K, paused 1ms+2ms
07-05 14:01:02.339   545   548 D dalvikvm: GC_CONCURRENT freed 404K, 11% free 10515K/11719K, paused 2ms+3ms
07-05 14:01:02.612   545   548 D dalvikvm: GC_CONCURRENT freed 423K, 11% free 10482K/11719K, paused 2ms+2ms
07-05 14:01:02.698   545  7963 I DownloadManager: Initiating request for download 4773
07-05 14:01:02.788   545   548 D dalvikvm: GC_CONCURRENT freed 191K, 9% free 10712K/11719K, paused 2ms+3ms
07-05 14:01:02.913   545   548 D dalvikvm: GC_CONCURRENT freed 318K, 8% free 10891K/11719K, paused 2ms+4ms
07-05 14:01:03.206   545   548 D dalvikvm: GC_CONCURRENT freed 878K, 11% free 10517K/11719K, paused 2ms+3ms
07-05 14:01:03.468   545   548 D dalvikvm: GC_CONCURRENT freed 416K, 11% free 10492K/11719K, paused 2ms+2ms
07-05 14:01:03.714   545  7966 I DownloadManager: Initiating request for download 4774
07-05 14:01:03.776   545   548 D dalvikvm: GC_CONCURRENT freed 381K, 11% free 10536K/11719K, paused 2ms+3ms
07-05 14:01:03.901   545   548 D dalvikvm: GC_CONCURRENT freed 195K, 9% free 10778K/11719K, paused 2ms+3ms
07-05 14:01:04.038   545   548 D dalvikvm: GC_CONCURRENT freed 462K, 8% free 10803K/11719K, paused 1ms+3ms
07-05 14:01:04.214  1370  7968 E DictionaryProvider:UpdateHandler: Can't read a file : android.util.MalformedJsonException: Use JsonReader.setLenient(true) to accept malformed JSON at line 1 column 20
07-05 14:01:04.249  1370  1372 D dalvikvm: GC_CONCURRENT freed 385K, 7% free 9131K/9735K, paused 2ms+2ms
07-05 14:01:04.401   545   548 D dalvikvm: GC_CONCURRENT freed 762K, 11% free 10514K/11719K, paused 2ms+2ms
07-05 14:01:04.663   545   548 D dalvikvm: GC_CONCURRENT freed 416K, 11% free 10489K/11719K, paused 2ms+2ms
07-05 14:01:04.811   545  7971 I DownloadManager: Initiating request for download 4774
07-05 14:01:04.889   545   548 D dalvikvm: GC_CONCURRENT freed 263K, 10% free 10647K/11719K, paused 2ms+2ms
07-05 14:01:05.014   545   548 D dalvikvm: GC_CONCURRENT freed 278K, 8% free 10830K/11719K, paused 2ms+2ms
07-05 14:01:05.190   545   548 D dalvikvm: GC_CONCURRENT freed 760K, 10% free 10555K/11719K, paused 2ms+2ms
07-05 14:01:05.471   545   548 D dalvikvm: GC_CONCURRENT freed 437K, 11% free 10509K/11719K, paused 2ms+3ms
07-05 14:01:05.753   545   548 D dalvikvm: GC_CONCURRENT freed 408K, 11% free 10489K/11719K, paused 2ms+2ms
07-05 14:01:05.882   545  7974 I DownloadManager: Initiating request for download 4775
07-05 14:01:05.971   545   548 D dalvikvm: GC_CONCURRENT freed 224K, 9% free 10692K/11719K, paused 2ms+3ms
07-05 14:01:06.096   545   548 D dalvikvm: GC_CONCURRENT freed 313K, 8% free 10870K/11719K, paused 2ms+2ms
07-05 14:01:06.288  1370  7976 E DictionaryProvider:UpdateHandler: Can't read a file : android.util.MalformedJsonException: Use JsonReader.setLenient(true) to accept malformed JSON at line 1 column 20
07-05 14:01:06.374   545   548 D dalvikvm: GC_CONCURRENT freed 835K, 11% free 10533K/11719K, paused 2ms+2ms
07-05 14:01:06.636   545   548 D dalvikvm: GC_CONCURRENT freed 423K, 11% free 10501K/11719K, paused 2ms+3ms
07-05 14:01:06.905   545   548 D dalvikvm: GC_CONCURRENT freed 402K, 11% free 10489K/11719K, paused 2ms+2ms
07-05 14:01:06.960   545  7979 I DownloadManager: Initiating request for download 4775
07-05 14:01:07.057   545   548 D dalvikvm: GC_CONCURRENT freed 188K, 9% free 10737K/11719K, paused 2ms+3ms
07-05 14:01:07.182   545   548 D dalvikvm: GC_CONCURRENT freed 320K, 7% free 10916K/11719K, paused 2ms+2ms
07-05 14:01:07.491   545   548 D dalvikvm: GC_CONCURRENT freed 913K, 11% free 10518K/11719K, paused 2ms+3ms
07-05 14:01:07.768   545   548 D dalvikvm: GC_CONCURRENT freed 413K, 11% free 10496K/11719K, paused 2ms+2ms
07-05 14:01:07.983   545  7982 I DownloadManager: Initiating request for download 4776
07-05 14:01:08.053   545   548 D dalvikvm: GC_CONCURRENT freed 328K, 10% free 10648K/11719K, paused 2ms+3ms
07-05 14:01:08.182   545   548 D dalvikvm: GC_CONCURRENT freed 280K, 8% free 10835K/11719K, paused 2ms+2ms
07-05 14:01:08.366   545   548 D dalvikvm: GC_CONCURRENT freed 764K, 10% free 10559K/11719K, paused 2ms+3ms
07-05 14:01:08.425  1370  7984 E DictionaryProvider:UpdateHandler: Can't read a file : android.util.MalformedJsonException: Use JsonReader.setLenient(true) to accept malformed JSON at line 1 column 20
07-05 14:01:08.671   545   548 D dalvikvm: GC_CONCURRENT freed 433K, 11% free 10518K/11719K, paused 1ms+3ms
07-05 14:01:08.940   545   548 D dalvikvm: GC_CONCURRENT freed 415K, 11% free 10493K/11719K, paused 2ms+3ms
07-05 14:01:09.061   545  7987 I DownloadManager: Initiating request for download 4776
07-05 14:01:09.143   545   548 D dalvikvm: GC_CONCURRENT freed 240K, 9% free 10691K/11719K, paused 2ms+2ms
07-05 14:01:09.276   545   548 D dalvikvm: GC_CONCURRENT freed 312K, 7% free 10925K/11719K, paused 2ms+3ms
07-05 14:01:09.550   545   548 D dalvikvm: GC_CONCURRENT freed 919K, 11% free 10519K/11719K, paused 1ms+2ms
07-05 14:01:09.819   545   548 D dalvikvm: GC_CONCURRENT freed 409K, 11% free 10500K/11719K, paused 2ms+2ms
07-05 14:01:10.077   545  7990 I DownloadManager: Initiating request for download 4777
07-05 14:01:10.139   545   548 D dalvikvm: GC_CONCURRENT freed 388K, 10% free 10565K/11719K, paused 2ms+3ms
07-05 14:01:10.272   545   548 D dalvikvm: GC_CONCURRENT freed 209K, 8% free 10795K/11719K, paused 2ms+2ms
07-05 14:01:10.417   545   548 D dalvikvm: GC_CONCURRENT freed 474K, 8% free 10835K/11719K, paused 2ms+2ms
07-05 14:01:10.573  1370  7992 E DictionaryProvider:UpdateHandler: Can't read a file : android.util.MalformedJsonException: Use JsonReader.setLenient(true) to accept malformed JSON at line 1 column 20
07-05 14:01:10.772   545   548 D dalvikvm: GC_CONCURRENT freed 793K, 11% free 10522K/11719K, paused 2ms+2ms
07-05 14:01:11.050   545   548 D dalvikvm: GC_CONCURRENT freed 412K, 11% free 10497K/11719K, paused 2ms+2ms
07-05 14:01:11.249   156   514 D dalvikvm: GC_EXPLICIT freed 625K, 12% free 14114K/16007K, paused 2ms+6ms
07-05 14:01:11.257   545  7995 I DownloadManager: Initiating request for download 4777
07-05 14:01:11.346   545   548 D dalvikvm: GC_CONCURRENT freed 254K, 9% free 10729K/11719K, paused 2ms+3ms
07-05 14:01:11.468   545   548 D dalvikvm: GC_CONCURRENT freed 360K, 8% free 10873K/11719K, paused 1ms+3ms
07-05 14:01:11.725   545   548 D dalvikvm: GC_CONCURRENT freed 859K, 11% free 10510K/11719K, paused 2ms+2ms
07-05 14:01:11.987   545   548 D dalvikvm: GC_CONCURRENT freed 409K, 11% free 10492K/11719K, paused 2ms+2ms
07-05 14:01:12.253   545   548 D dalvikvm: GC_CONCURRENT freed 404K, 11% free 10478K/11719K, paused 2ms+3ms
07-05 14:01:12.311   545  7998 I DownloadManager: Initiating request for download 4778
07-05 14:01:12.421   545   548 D dalvikvm: GC_CONCURRENT freed 169K, 9% free 10746K/11719K, paused 2ms+2ms
07-05 14:01:12.546   545   548 D dalvikvm: GC_CONCURRENT freed 336K, 7% free 10916K/11719K, paused 2ms+3ms
07-05 14:01:12.761   545  3695 D dalvikvm: GC_EXPLICIT freed 708K, 11% free 10528K/11719K, paused 2ms+3ms
07-05 14:01:12.764  1370  8000 E DictionaryProvider:UpdateHandler: Can't read a file : android.util.MalformedJsonException: Use JsonReader.setLenient(true) to accept malformed JSON at line 1 column 20
07-05 14:01:12.796  1370  1372 D dalvikvm: GC_CONCURRENT freed 394K, 7% free 9127K/9735K, paused 2ms+2ms
07-05 14:01:13.073   545   548 D dalvikvm: GC_CONCURRENT freed 417K, 11% free 10501K/11719K, paused 1ms+2ms
07-05 14:01:13.331   545   548 D dalvikvm: GC_CONCURRENT freed 409K, 11% free 10482K/11719K, paused 2ms+3ms
07-05 14:01:13.397   545  8003 I DownloadManager: Initiating request for download 4778
07-05 14:01:13.491   545   548 D dalvikvm: GC_CONCURRENT freed 196K, 9% free 10722K/11719K, paused 2ms+3ms
07-05 14:01:13.616   545   548 D dalvikvm: GC_CONCURRENT freed 320K, 7% free 10902K/11719K, paused 2ms+3ms
07-05 14:01:13.909   545   548 D dalvikvm: GC_CONCURRENT freed 899K, 11% free 10516K/11719K, paused 2ms+2ms
07-05 14:01:14.171   545   548 D dalvikvm: GC_CONCURRENT freed 416K, 11% free 10490K/11719K, paused 2ms+2ms
07-05 14:01:14.413   545  8006 I DownloadManager: Initiating request for download 4779
07-05 14:01:14.479   545   548 D dalvikvm: GC_CONCURRENT freed 359K, 10% free 10549K/11719K, paused 2ms+3ms
07-05 14:01:14.600   545   548 D dalvikvm: GC_CONCURRENT freed 202K, 8% free 10782K/11719K, paused 2ms+2ms
07-05 14:01:14.741   545   548 D dalvikvm: GC_CONCURRENT freed 461K, 8% free 10805K/11719K, paused 1ms+3ms
07-05 14:01:14.889  1370  8008 E DictionaryProvider:UpdateHandler: Can't read a file : android.util.MalformedJsonException: Use JsonReader.setLenient(true) to accept malformed JSON at line 1 column 20
07-05 14:01:15.077   545   548 D dalvikvm: GC_CONCURRENT freed 760K, 11% free 10518K/11719K, paused 2ms+2ms
07-05 14:01:15.354   545   548 D dalvikvm: GC_CONCURRENT freed 415K, 11% free 10494K/11719K, paused 2ms+2ms
07-05 14:01:15.503   545  8010 I DownloadManager: Initiating request for download 4779
07-05 14:01:15.573   545   548 D dalvikvm: GC_CONCURRENT freed 271K, 9% free 10672K/11719K, paused 2ms+4ms
07-05 14:01:15.651   465  8009 D dalvikvm: GC_EXPLICIT freed 274K, 8% free 10319K/11143K, paused 2ms+2ms
07-05 14:01:15.729   545   548 D dalvikvm: GC_CONCURRENT freed 301K, 7% free 10900K/11719K, paused 1ms+3ms
07-05 14:01:15.999   545   548 D dalvikvm: GC_CONCURRENT freed 883K, 11% free 10522K/11719K, paused 2ms+3ms
07-05 14:01:16.280   545   548 D dalvikvm: GC_CONCURRENT freed 415K, 11% free 10498K/11719K, paused 2ms+2ms
07-05 14:01:16.534   545   548 D dalvikvm: GC_CONCURRENT freed 403K, 11% free 10485K/11719K, paused 2ms+2ms
07-05 14:01:16.628   545  8014 I DownloadManager: Initiating request for download 4780
07-05 14:01:16.741   545   548 D dalvikvm: GC_CONCURRENT freed 179K, 9% free 10731K/11719K, paused 1ms+2ms
07-05 14:01:16.870   545   548 D dalvikvm: GC_CONCURRENT freed 310K, 7% free 10942K/11719K, paused 2ms+3ms
07-05 14:01:17.081  1370  8016 E DictionaryProvider:UpdateHandler: Can't read a file : android.util.MalformedJsonException: Use JsonReader.setLenient(true) to accept malformed JSON at line 1 column 20
07-05 14:01:17.198   545   548 D dalvikvm: GC_CONCURRENT freed 939K, 11% free 10523K/11719K, paused 2ms+3ms
07-05 14:01:17.464   545   548 D dalvikvm: GC_CONCURRENT freed 415K, 11% free 10498K/11719K, paused 2ms+3ms
07-05 14:01:17.655   545  8018 I DownloadManager: Initiating request for download 4780
07-05 14:01:17.706   545   548 D dalvikvm: GC_CONCURRENT freed 337K, 10% free 10548K/11719K, paused 1ms+3ms
07-05 14:01:17.796   545   548 D dalvikvm: GC_CONCURRENT freed 198K, 8% free 10786K/11719K, paused 2ms+2ms
07-05 14:01:17.913   545   548 D dalvikvm: GC_CONCURRENT freed 446K, 8% free 10816K/11719K, paused 2ms+3ms
07-05 14:01:18.315   545   548 D dalvikvm: GC_CONCURRENT freed 781K, 11% free 10512K/11719K, paused 1ms+3ms
07-05 14:01:18.589   545   548 D dalvikvm: GC_CONCURRENT freed 410K, 11% free 10493K/11719K, paused 2ms+2ms
07-05 14:01:18.772   545  8022 I DownloadManager: Initiating request for download 4781
07-05 14:01:18.854   545   548 D dalvikvm: GC_CONCURRENT freed 272K, 9% free 10675K/11719K, paused 2ms+4ms
07-05 14:01:18.983   545   548 D dalvikvm: GC_CONCURRENT freed 292K, 8% free 10848K/11719K, paused 2ms+3ms
07-05 14:01:19.186   545   548 D dalvikvm: GC_CONCURRENT freed 776K, 10% free 10560K/11719K, paused 2ms+2ms
07-05 14:01:19.241  1370  8024 E DictionaryProvider:UpdateHandler: Can't read a file : android.util.MalformedJsonException: Use JsonReader.setLenient(true) to accept malformed JSON at line 1 column 20
07-05 14:01:19.487   545   548 D dalvikvm: GC_CONCURRENT freed 429K, 11% free 10519K/11719K, paused 2ms+3ms
07-05 14:01:19.753   545   548 D dalvikvm: GC_CONCURRENT freed 415K, 11% free 10494K/11719K, paused 2ms+2ms
07-05 14:01:19.870   545  8027 I DownloadManager: Initiating request for download 4781
07-05 14:01:19.960   545   548 D dalvikvm: GC_CONCURRENT freed 229K, 9% free 10698K/11719K, paused 2ms+3ms
07-05 14:01:20.081   545   548 D dalvikvm: GC_CONCURRENT freed 312K, 8% free 10879K/11719K, paused 2ms+3ms
07-05 14:01:20.331   545   548 D dalvikvm: GC_CONCURRENT freed 855K, 11% free 10522K/11719K, paused 1ms+2ms
07-05 14:01:20.596   545   548 D dalvikvm: GC_CONCURRENT freed 410K, 11% free 10504K/11719K, paused 2ms+2ms
07-05 14:01:20.866   545   548 D dalvikvm: GC_CONCURRENT freed 400K, 11% free 10492K/11719K, paused 2ms+2ms
07-05 14:01:20.940   545  8030 I DownloadManager: Initiating request for download 4782
07-05 14:01:21.038   545   548 D dalvikvm: GC_CONCURRENT freed 168K, 9% free 10735K/11719K, paused 2ms+2ms
07-05 14:01:21.163   545   548 D dalvikvm: GC_CONCURRENT freed 302K, 7% free 10913K/11719K, paused 2ms+3ms
07-05 14:01:21.339  1370  8032 E DictionaryProvider:UpdateHandler: Can't read a file : android.util.MalformedJsonException: Use JsonReader.setLenient(true) to accept malformed JSON at line 1 column 20
07-05 14:01:21.370  1370  1372 D dalvikvm: GC_CONCURRENT freed 388K, 7% free 9127K/9735K, paused 2ms+3ms
07-05 14:01:21.499   545   548 D dalvikvm: GC_CONCURRENT freed 894K, 11% free 10528K/11719K, paused 1ms+3ms
07-05 14:01:21.772   545   548 D dalvikvm: GC_CONCURRENT freed 416K, 11% free 10502K/11719K, paused 2ms+3ms
07-05 14:01:21.999   545  8035 I DownloadManager: Initiating request for download 4782
07-05 14:01:22.053   545   548 D dalvikvm: GC_CONCURRENT freed 391K, 11% free 10538K/11719K, paused 2ms+3ms
07-05 14:01:22.186   545   548 D dalvikvm: GC_CONCURRENT freed 189K, 8% free 10784K/11719K, paused 2ms+2ms
07-05 14:01:22.319   545   548 D dalvikvm: GC_CONCURRENT freed 456K, 8% free 10816K/11719K, paused 2ms+2ms
07-05 14:01:22.600   545   548 D dalvikvm: GC_CONCURRENT freed 742K, 10% free 10551K/11719K, paused 2ms+2ms
07-05 14:01:22.882   545   548 D dalvikvm: GC_CONCURRENT freed 404K, 11% free 10536K/11719K, paused 2ms+2ms
07-05 14:01:23.593   545  8037 I DownloadManager: Initiating request for download 4783
07-05 14:01:23.671   545   548 D dalvikvm: GC_CONCURRENT freed 348K, 9% free 10699K/11719K, paused 2ms+3ms
07-05 14:01:23.815   545   548 D dalvikvm: GC_CONCURRENT freed 312K, 8% free 10871K/11719K, paused 2ms+3ms
07-05 14:01:24.053   545   548 D dalvikvm: GC_CONCURRENT freed 840K, 11% free 10529K/11719K, paused 2ms+2ms
07-05 14:01:24.100  1370  8040 E DictionaryProvider:UpdateHandler: Can't read a file : android.util.MalformedJsonException: Use JsonReader.setLenient(true) to accept malformed JSON at line 1 column 20
07-05 14:01:24.366   545   548 D dalvikvm: GC_CONCURRENT freed 398K, 11% free 10522K/11719K, paused 2ms+4ms
07-05 14:01:24.639   545   548 D dalvikvm: GC_CONCURRENT freed 416K, 11% free 10496K/11719K, paused 2ms+2ms
07-05 14:01:24.718   545  8043 I DownloadManager: Initiating request for download 4783
07-05 14:01:24.823   545   548 D dalvikvm: GC_CONCURRENT freed 203K, 9% free 10727K/11719K, paused 2ms+3ms
07-05 14:01:24.944   545   548 D dalvikvm: GC_CONCURRENT freed 317K, 7% free 10902K/11719K, paused 1ms+3ms
07-05 14:01:25.218   545   548 D dalvikvm: GC_CONCURRENT freed 879K, 11% free 10526K/11719K, paused 2ms+2ms
07-05 14:01:25.479   545   548 D dalvikvm: GC_CONCURRENT freed 412K, 11% free 10505K/11719K, paused 2ms+2ms
07-05 14:01:25.733   545  8046 I DownloadManager: Initiating request for download 4784
07-05 14:01:25.784   545   548 D dalvikvm: GC_CONCURRENT freed 409K, 11% free 10528K/11719K, paused 2ms+3ms
07-05 14:01:25.913   545   548 D dalvikvm: GC_CONCURRENT freed 181K, 8% free 10783K/11719K, paused 2ms+3ms
07-05 14:01:26.042   545   548 D dalvikvm: GC_CONCURRENT freed 451K, 8% free 10820K/11719K, paused 2ms+2ms
07-05 14:01:26.233  1370  8048 E DictionaryProvider:UpdateHandler: Can't read a file : android.util.MalformedJsonException: Use JsonReader.setLenient(true) to accept malformed JSON at line 1 column 20
07-05 14:01:26.374   545   548 D dalvikvm: GC_CONCURRENT freed 770K, 11% free 10528K/11719K, paused 2ms+2ms
07-05 14:01:26.647   545   548 D dalvikvm: GC_CONCURRENT freed 414K, 11% free 10512K/11719K, paused 2ms+2ms
07-05 14:01:26.819   545  8051 I DownloadManager: Initiating request for download 4784
07-05 14:01:26.878   545   548 D dalvikvm: GC_CONCURRENT freed 308K, 10% free 10643K/11719K, paused 2ms+3ms
07-05 14:01:26.999   545   548 D dalvikvm: GC_CONCURRENT freed 274K, 8% free 10842K/11719K, paused 2ms+3ms
07-05 14:01:27.178   545   548 D dalvikvm: GC_CONCURRENT freed 765K, 10% free 10569K/11719K, paused 1ms+3ms
07-05 14:01:27.471   545   548 D dalvikvm: GC_CONCURRENT freed 440K, 11% free 10527K/11719K, paused 1ms+3ms
07-05 14:01:27.745   545   548 D dalvikvm: GC_CONCURRENT freed 416K, 11% free 10502K/11719K, paused 2ms+2ms
07-05 14:01:27.886   545  8054 I DownloadManager: Initiating request for download 4785
07-05 14:01:27.979   545   548 D dalvikvm: GC_CONCURRENT freed 230K, 9% free 10701K/11719K, paused 2ms+2ms
07-05 14:01:28.104   545   548 D dalvikvm: GC_CONCURRENT freed 317K, 8% free 10875K/11719K, paused 2ms+3ms
07-05 14:01:28.335  1370  8056 E DictionaryProvider:UpdateHandler: Can't read a file : android.util.MalformedJsonException: Use JsonReader.setLenient(true) to accept malformed JSON at line 1 column 20
07-05 14:01:28.350   545   548 D dalvikvm: GC_CONCURRENT freed 846K, 11% free 10543K/11719K, paused 2ms+2ms
07-05 14:01:28.616   545   548 D dalvikvm: GC_CONCURRENT freed 418K, 11% free 10516K/11719K, paused 2ms+2ms
07-05 14:01:28.886   545   548 D dalvikvm: GC_CONCURRENT freed 403K, 11% free 10502K/11719K, paused 2ms+3ms
07-05 14:01:28.960   545  8059 I DownloadManager: Initiating request for download 4785
07-05 14:01:29.065   545   548 D dalvikvm: GC_CONCURRENT freed 192K, 8% free 10782K/11719K, paused 2ms+3ms
07-05 14:01:29.202   545   548 D dalvikvm: GC_CONCURRENT freed 353K, 7% free 10933K/11719K, paused 2ms+2ms
07-05 14:01:29.483   545   548 D dalvikvm: GC_CONCURRENT freed 888K, 10% free 10560K/11719K, paused 2ms+2ms
07-05 14:01:29.768   545   548 D dalvikvm: GC_CONCURRENT freed 437K, 11% free 10515K/11719K, paused 2ms+2ms
07-05 14:01:30.065   156   568 D dalvikvm: GC_EXPLICIT freed 507K, 12% free 14100K/16007K, paused 2ms+7ms
07-05 14:01:30.073   545  8062 I DownloadManager: Initiating request for download 4786
07-05 14:01:30.128   545   548 D dalvikvm: GC_CONCURRENT freed 340K, 10% free 10579K/11719K, paused 2ms+3ms
07-05 14:01:30.253   545   548 D dalvikvm: GC_CONCURRENT freed 234K, 8% free 10797K/11719K, paused 1ms+3ms
07-05 14:01:30.386   545   548 D dalvikvm: GC_CONCURRENT freed 478K, 8% free 10812K/11719K, paused 2ms+2ms
07-05 14:01:30.557  1370  8064 E DictionaryProvider:UpdateHandler: Can't read a file : android.util.MalformedJsonException: Use JsonReader.setLenient(true) to accept malformed JSON at line 1 column 20
07-05 14:01:30.589  1370  1372 D dalvikvm: GC_CONCURRENT freed 390K, 7% free 9127K/9735K, paused 1ms+2ms
07-05 14:01:30.737   545   548 D dalvikvm: GC_CONCURRENT freed 769K, 11% free 10518K/11719K, paused 1ms+2ms
07-05 14:01:31.007   545   548 D dalvikvm: GC_CONCURRENT freed 411K, 11% free 10494K/11719K, paused 2ms+2ms
07-05 14:01:31.167   545  8067 I DownloadManager: Initiating request for download 4786
07-05 14:01:31.241   545   548 D dalvikvm: GC_CONCURRENT freed 253K, 9% free 10721K/11719K, paused 1ms+3ms
07-05 14:01:31.374   545   548 D dalvikvm: GC_CONCURRENT freed 343K, 8% free 10875K/11719K, paused 2ms+2ms
07-05 14:01:31.596   545   548 D dalvikvm: GC_CONCURRENT freed 849K, 11% free 10524K/11719K, paused 1ms+2ms
07-05 14:01:31.874   545   548 D dalvikvm: GC_CONCURRENT freed 407K, 11% free 10508K/11719K, paused 2ms+2ms
07-05 14:01:32.136   545   548 D dalvikvm: GC_CONCURRENT freed 410K, 11% free 10488K/11719K, paused 2ms+2ms
07-05 14:01:32.237   545  8070 I DownloadManager: Initiating request for download 4787
07-05 14:01:32.346   545   548 D dalvikvm: GC_CONCURRENT freed 191K, 9% free 10734K/11719K, paused 2ms+2ms
07-05 14:01:32.471   545   548 D dalvikvm: GC_CONCURRENT freed 328K, 7% free 10909K/11719K, paused 2ms+3ms
07-05 14:01:32.682  1370  8072 E DictionaryProvider:UpdateHandler: Can't read a file : android.util.MalformedJsonException: Use JsonReader.setLenient(true) to accept malformed JSON at line 1 column 20
07-05 14:01:32.792   545   548 D dalvikvm: GC_CONCURRENT freed 893K, 11% free 10524K/11719K, paused 2ms+2ms
07-05 14:01:33.053   545   548 D dalvikvm: GC_CONCURRENT freed 409K, 11% free 10501K/11719K, paused 2ms+2ms
07-05 14:01:33.280   545  8075 I DownloadManager: Initiating request for download 4787
07-05 14:01:33.339   545   548 D dalvikvm: GC_CONCURRENT freed 383K, 10% free 10551K/11719K, paused 2ms+3ms
07-05 14:01:33.448   545   548 D dalvikvm: GC_CONCURRENT freed 198K, 8% free 10791K/11719K, paused 2ms+3ms
07-05 14:01:33.596   545   548 D dalvikvm: GC_CONCURRENT freed 464K, 8% free 10840K/11719K, paused 2ms+3ms
07-05 14:01:33.913   545   548 D dalvikvm: GC_CONCURRENT freed 811K, 11% free 10514K/11719K, paused 2ms+2ms
07-05 14:01:34.178   545   548 D dalvikvm: GC_CONCURRENT freed 410K, 11% free 10495K/11719K, paused 2ms+3ms
07-05 14:01:34.339   545  8078 I DownloadManager: Initiating request for download 4788
07-05 14:01:34.428   545   548 D dalvikvm: GC_CONCURRENT freed 251K, 9% free 10683K/11719K, paused 2ms+3ms
07-05 14:01:34.553   545   548 D dalvikvm: GC_CONCURRENT freed 311K, 8% free 10860K/11719K, paused 2ms+3ms
07-05 14:01:34.768   545   548 D dalvikvm: GC_CONCURRENT freed 792K, 10% free 10560K/11719K, paused 2ms+2ms
07-05 14:01:34.819  1370  8080 E DictionaryProvider:UpdateHandler: Can't read a file : android.util.MalformedJsonException: Use JsonReader.setLenient(true) to accept malformed JSON at line 1 column 20
07-05 14:01:35.077   545   548 D dalvikvm: GC_CONCURRENT freed 430K, 11% free 10521K/11719K, paused 2ms+2ms
07-05 14:01:35.343   545   548 D dalvikvm: GC_CONCURRENT freed 415K, 11% free 10497K/11719K, paused 2ms+2ms
07-05 14:01:35.436   545  8083 I DownloadManager: Initiating request for download 4788
07-05 14:01:35.518   545   548 D dalvikvm: GC_CONCURRENT freed 228K, 9% free 10719K/11719K, paused 2ms+3ms
07-05 14:01:35.647   545   548 D dalvikvm: GC_CONCURRENT freed 310K, 7% free 10902K/11719K, paused 2ms+3ms
07-05 14:01:35.921   545   548 D dalvikvm: GC_CONCURRENT freed 884K, 11% free 10524K/11719K, paused 2ms+2ms
07-05 14:01:36.198   545   548 D dalvikvm: GC_CONCURRENT freed 409K, 11% free 10505K/11719K, paused 2ms+2ms
07-05 14:01:36.464   545   548 D dalvikvm: GC_CONCURRENT freed 403K, 11% free 10493K/11719K, paused 2ms+2ms
07-05 14:01:36.530   545  8086 I DownloadManager: Initiating request for download 4789
07-05 14:01:36.643   545   548 D dalvikvm: GC_CONCURRENT freed 167K, 9% free 10763K/11719K, paused 2ms+2ms
07-05 14:01:36.768   545   548 D dalvikvm: GC_CONCURRENT freed 330K, 7% free 10931K/11719K, paused 2ms+3ms
07-05 14:01:36.936  1370  8088 E DictionaryProvider:UpdateHandler: Can't read a file : android.util.MalformedJsonException: Use JsonReader.setLenient(true) to accept malformed JSON at line 1 column 20
07-05 14:01:37.100   545   548 D dalvikvm: GC_CONCURRENT freed 912K, 11% free 10530K/11719K, paused 2ms+2ms
07-05 14:01:37.374   545   548 D dalvikvm: GC_CONCURRENT freed 417K, 11% free 10504K/11719K, paused 2ms+3ms
07-05 14:01:37.565   545  8091 I DownloadManager: Initiating request for download 4789
07-05 14:01:37.639   545   548 D dalvikvm: GC_CONCURRENT freed 346K, 10% free 10584K/11719K, paused 1ms+2ms
07-05 14:01:37.753   545   548 D dalvikvm: GC_CONCURRENT freed 220K, 8% free 10810K/11719K, paused 2ms+3ms
07-05 14:01:37.889   545   548 D dalvikvm: GC_CONCURRENT freed 487K, 8% free 10821K/11719K, paused 2ms+2ms
07-05 14:01:38.214   545   548 D dalvikvm: GC_CONCURRENT freed 781K, 11% free 10519K/11719K, paused 2ms+3ms
07-05 14:01:38.479   545   548 D dalvikvm: GC_CONCURRENT freed 409K, 11% free 10501K/11719K, paused 2ms+2ms
07-05 14:01:38.624   545  8094 I DownloadManager: Initiating request for download 4790
07-05 14:01:38.714   545   548 D dalvikvm: GC_CONCURRENT freed 239K, 9% free 10699K/11719K, paused 2ms+3ms
07-05 14:01:38.843   545   548 D dalvikvm: GC_CONCURRENT freed 309K, 8% free 10877K/11719K, paused 2ms+2ms
07-05 14:01:39.057   545   548 D dalvikvm: GC_CONCURRENT freed 838K, 11% free 10535K/11719K, paused 2ms+2ms
07-05 14:01:39.089  1370  8096 E DictionaryProvider:UpdateHandler: Can't read a file : android.util.MalformedJsonException: Use JsonReader.setLenient(true) to accept malformed JSON at line 1 column 20
07-05 14:01:39.132  1370  1372 D dalvikvm: GC_CONCURRENT freed 387K, 7% free 9132K/9735K, paused 1ms+2ms
07-05 14:01:39.389   545   548 D dalvikvm: GC_CONCURRENT freed 403K, 11% free 10530K/11719K, paused 1ms+3ms
07-05 14:01:39.522   482   482 D SAN_SERVICE: *******************************************
07-05 14:01:39.522   482   482 D SAN_SERVICE: DM App Phone Service State - 0
07-05 14:01:39.522   482   482 D SAN_SERVICE: *******************************************
07-05 14:01:39.678   545   548 D dalvikvm: GC_CONCURRENT freed 419K, 11% free 10501K/11719K, paused 2ms+2ms
07-05 14:01:39.757   545  8099 I DownloadManager: Initiating request for download 4790
07-05 14:01:39.878   545   548 D dalvikvm: GC_CONCURRENT freed 200K, 9% free 10723K/11719K, paused 2ms+2ms
07-05 14:01:40.007   545   548 D dalvikvm: GC_CONCURRENT freed 316K, 7% free 10913K/11719K, paused 2ms+3ms
07-05 14:01:40.272   545   548 D dalvikvm: GC_CONCURRENT freed 895K, 11% free 10527K/11719K, paused 2ms+3ms
07-05 14:01:40.561   545   548 D dalvikvm: GC_CONCURRENT freed 406K, 11% free 10510K/11719K, paused 2ms+2ms
07-05 14:01:40.815   545   548 D dalvikvm: GC_CONCURRENT freed 399K, 11% free 10499K/11719K, paused 2ms+3ms
07-05 14:01:40.866   545  8102 I DownloadManager: Initiating request for download 4791
07-05 14:01:40.987   545   548 D dalvikvm: GC_CONCURRENT freed 168K, 9% free 10771K/11719K, paused 2ms+3ms
07-05 14:01:41.112   545   548 D dalvikvm: GC_CONCURRENT freed 332K, 7% free 10937K/11719K, paused 2ms+3ms
07-05 14:01:41.292  1370  8104 E DictionaryProvider:UpdateHandler: Can't read a file : android.util.MalformedJsonException: Use JsonReader.setLenient(true) to accept malformed JSON at line 1 column 20
07-05 14:01:41.456   545   548 D dalvikvm: GC_CONCURRENT freed 919K, 11% free 10535K/11719K, paused 2ms+2ms
07-05 14:01:41.721   545   548 D dalvikvm: GC_CONCURRENT freed 417K, 11% free 10510K/11719K, paused 2ms+2ms
07-05 14:01:41.913   545  8107 I DownloadManager: Initiating request for download 4791
07-05 14:01:41.968   545   548 D dalvikvm: GC_CONCURRENT freed 336K, 10% free 10578K/11719K, paused 2ms+3ms
07-05 14:01:42.093   545   548 D dalvikvm: GC_CONCURRENT freed 211K, 8% free 10865K/11719K, paused 2ms+3ms
07-05 14:01:42.245   545   548 D dalvikvm: GC_CONCURRENT freed 557K, 8% free 10831K/11719K, paused 2ms+3ms
07-05 14:01:42.585   545   548 D dalvikvm: GC_CONCURRENT freed 789K, 11% free 10523K/11719K, paused 2ms+2ms
07-05 14:01:42.854   545   548 D dalvikvm: GC_CONCURRENT freed 404K, 11% free 10509K/11719K, paused 2ms+3ms
07-05 14:01:43.057   545  8110 D dalvikvm: GC_EXPLICIT freed 132K, 10% free 10558K/11719K, paused 2ms+8ms
07-05 14:01:43.061   545  8110 I DownloadManager: Initiating request for download 4792
07-05 14:01:43.190   545   548 D dalvikvm: GC_CONCURRENT freed 204K, 8% free 10796K/11719K, paused 2ms+3ms
07-05 14:01:43.315   545   548 D dalvikvm: GC_CONCURRENT freed 450K, 8% free 10829K/11719K, paused 1ms+2ms
07-05 14:01:43.507  1370  8112 E DictionaryProvider:UpdateHandler: Can't read a file : android.util.MalformedJsonException: Use JsonReader.setLenient(true) to accept malformed JSON at line 1 column 20
07-05 14:01:43.624   545   548 D dalvikvm: GC_CONCURRENT freed 769K, 11% free 10540K/11719K, paused 2ms+3ms
07-05 14:01:43.889   545   548 D dalvikvm: GC_CONCURRENT freed 414K, 11% free 10516K/11719K, paused 2ms+2ms
07-05 14:01:44.065   545  8114 I DownloadManager: Initiating request for download 4792
07-05 14:01:44.132   545   548 D dalvikvm: GC_CONCURRENT freed 315K, 10% free 10658K/11719K, paused 2ms+3ms
07-05 14:01:44.221   545   548 D dalvikvm: GC_CONCURRENT freed 276K, 8% free 10854K/11719K, paused 2ms+3ms
07-05 14:01:44.788   482   482 D SAN_SERVICE: *******************************************
07-05 14:01:44.788   482   482 D SAN_SERVICE: DM App Phone Service State - 0
07-05 14:01:44.788   482   482 D SAN_SERVICE: *******************************************
07-05 14:01:45.585   545   548 D dalvikvm: GC_CONCURRENT freed 768K, 10% free 10575K/11719K, paused 2ms+3ms
07-05 14:01:45.874   545   548 D dalvikvm: GC_CONCURRENT freed 443K, 11% free 10529K/11719K, paused 1ms+3ms
07-05 14:01:46.139   545   548 D dalvikvm: GC_CONCURRENT freed 410K, 11% free 10509K/11719K, paused 2ms+3ms
07-05 14:01:46.296   545  8118 I DownloadManager: Initiating request for download 4793
07-05 14:01:46.393   545   548 D dalvikvm: GC_CONCURRENT freed 245K, 9% free 10701K/11719K, paused 2ms+3ms
07-05 14:01:46.518   545   548 D dalvikvm: GC_CONCURRENT freed 314K, 8% free 10879K/11719K, paused 2ms+2ms
07-05 14:01:46.721   545   548 D dalvikvm: GC_CONCURRENT freed 807K, 10% free 10576K/11719K, paused 2ms+2ms
07-05 14:01:46.776  1370  8120 E DictionaryProvider:UpdateHandler: Can't read a file : android.util.MalformedJsonException: Use JsonReader.setLenient(true) to accept malformed JSON at line 1 column 20
07-05 14:01:47.022   545   548 D dalvikvm: GC_CONCURRENT freed 434K, 11% free 10534K/11719K, paused 2ms+2ms
07-05 14:01:47.288   545   548 D dalvikvm: GC_CONCURRENT freed 411K, 11% free 10511K/11719K, paused 2ms+3ms
07-05 14:01:47.382   545  8123 I DownloadManager: Initiating request for download 4793
07-05 14:01:47.464   545   548 D dalvikvm: GC_CONCURRENT freed 218K, 9% free 10731K/11719K, paused 2ms+3ms
07-05 14:01:47.593   545   548 D dalvikvm: GC_CONCURRENT freed 312K, 7% free 10915K/11719K, paused 2ms+2ms
07-05 14:01:47.846   545   548 D dalvikvm: GC_CONCURRENT freed 886K, 11% free 10539K/11719K, paused 2ms+2ms
07-05 14:01:48.108   545   548 D dalvikvm: GC_CONCURRENT freed 410K, 11% free 10519K/11719K, paused 2ms+2ms
07-05 14:01:48.374   545   548 D dalvikvm: GC_CONCURRENT freed 403K, 11% free 10506K/11719K, paused 2ms+3ms
07-05 14:01:48.448   545  8126 I DownloadManager: Initiating request for download 4794
07-05 14:01:48.565   545   548 D dalvikvm: GC_CONCURRENT freed 172K, 9% free 10770K/11719K, paused 2ms+2ms
07-05 14:01:48.694   545   548 D dalvikvm: GC_CONCURRENT freed 335K, 7% free 10946K/11719K, paused 2ms+4ms
07-05 14:01:48.831   156   156 D dalvikvm: GC_EXPLICIT freed 662K, 12% free 14108K/16007K, paused 3ms+6ms
07-05 14:01:48.948  1370  8128 E DictionaryProvider:UpdateHandler: Can't read a file : android.util.MalformedJsonException: Use JsonReader.setLenient(true) to accept malformed JSON at line 1 column 20
07-05 14:01:48.979  1370  1372 D dalvikvm: GC_CONCURRENT freed 391K, 7% free 9131K/9735K, paused 2ms+2ms
07-05 14:01:49.136   545   548 D dalvikvm: GC_CONCURRENT freed 922K, 11% free 10545K/11719K, paused 1ms+3ms
07-05 14:01:49.409   545   548 D dalvikvm: GC_CONCURRENT freed 429K, 11% free 10508K/11719K, paused 2ms+2ms
07-05 14:01:49.596   545  8131 I DownloadManager: Initiating request for download 4794
07-05 14:01:49.655   545   548 D dalvikvm: GC_CONCURRENT freed 349K, 10% free 10571K/11719K, paused 2ms+2ms
07-05 14:01:49.772   545   548 D dalvikvm: GC_CONCURRENT freed 208K, 8% free 10803K/11719K, paused 2ms+2ms
07-05 14:01:49.897   545   548 D dalvikvm: GC_CONCURRENT freed 474K, 8% free 10825K/11719K, paused 2ms+2ms
07-05 14:01:50.221   545   548 D dalvikvm: GC_CONCURRENT freed 783K, 11% free 10526K/11719K, paused 2ms+2ms
07-05 14:01:50.491   545   548 D dalvikvm: GC_CONCURRENT freed 415K, 11% free 10502K/11719K, paused 2ms+2ms
07-05 14:01:50.655   545  8134 I DownloadManager: Initiating request for download 4795
07-05 14:01:50.753   545   548 D dalvikvm: GC_CONCURRENT freed 261K, 9% free 10691K/11719K, paused 2ms+3ms
07-05 14:01:50.878   545   548 D dalvikvm: GC_CONCURRENT freed 310K, 8% free 10870K/11719K, paused 2ms+3ms
07-05 14:01:51.081   545   548 D dalvikvm: GC_CONCURRENT freed 808K, 10% free 10560K/11719K, paused 2ms+2ms
07-05 14:01:51.143  1370  8136 E DictionaryProvider:UpdateHandler: Can't read a file : android.util.MalformedJsonException: Use JsonReader.setLenient(true) to accept malformed JSON at line 1 column 20
07-05 14:01:51.374   545   548 D dalvikvm: GC_CONCURRENT freed 419K, 11% free 10532K/11719K, paused 2ms+2ms
07-05 14:01:51.639   545   548 D dalvikvm: GC_CONCURRENT freed 416K, 11% free 10506K/11719K, paused 2ms+2ms
07-05 14:01:51.749   545  8138 I DownloadManager: Initiating request for download 4795
07-05 14:01:51.827   545   548 D dalvikvm: GC_CONCURRENT freed 225K, 9% free 10718K/11719K, paused 2ms+3ms
07-05 14:01:51.917   545   548 D dalvikvm: GC_CONCURRENT freed 310K, 7% free 10899K/11719K, paused 2ms+3ms
07-05 14:01:52.659   545  8142 I DownloadManager: in removeSpuriousFiles
07-05 14:01:52.706   545  8142 D dalvikvm: GC_FOR_ALLOC freed 864K, 10% free 10662K/11719K, paused 24ms
07-05 14:01:52.784   545   548 D dalvikvm: GC_CONCURRENT freed 343K, 8% free 10865K/11719K, paused 2ms+6ms
07-05 14:01:52.803   545  8142 I DownloadManager: in removeSpuriousFiles, preserving file /data/data/com.android.providers.downloads/cache/metadata-11.htm
07-05 14:01:52.803   545  8142 I DownloadManager: in removeSpuriousFiles, preserving file /data/data/com.android.providers.downloads/cache/metadata-561.htm
07-05 14:01:52.803   545  8142 I DownloadManager: in removeSpuriousFiles, preserving file /data/data/com.android.providers.downloads/cache/metadata-556.htm
07-05 14:01:52.803   545  8142 I DownloadManager: in removeSpuriousFiles, preserving file /data/data/com.android.providers.downloads/cache/metadata-475.htm
07-05 14:01:52.803   545  8142 I DownloadManager: in removeSpuriousFiles, preserving file /data/data/com.android.providers.downloads/cache/metadata-60.htm
07-05 14:01:52.803   545  8142 I DownloadManager: in removeSpuriousFiles, preserving file /data/data/com.android.providers.downloads/cache/metadata-539.htm
07-05 14:01:52.803   545  8142 I DownloadManager: in removeSpuriousFiles, preserving file /data/data/com.android.providers.downloads/cache/metadata-153.htm
07-05 14:01:52.803   545  8142 I DownloadManager: in removeSpuriousFiles, preserving file /data/data/com.android.providers.downloads/cache/metadata-1471.htm
07-05 14:01:52.803   545  8142 I DownloadManager: in removeSpuriousFiles, preserving file /data/data/com.android.providers.downloads/cache/metadata-526.htm
07-05 14:01:52.803   545  8142 I DownloadManager: in removeSpuriousFiles, preserving file /data/data/com.android.providers.downloads/cache/metadata-845.htm
07-05 14:01:52.807   545  8142 I DownloadManager: in removeSpuriousFiles, preserving file /data/data/com.android.providers.downloads/cache/metadata-1052.htm
07-05 14:01:52.807   545  8142 I DownloadManager: in removeSpuriousFiles, preserving file /data/data/com.android.providers.downloads/cache/metadata-1794.htm
07-05 14:01:52.807   545  8142 I DownloadManager: in removeSpuriousFiles, preserving file /data/data/com.android.providers.downloads/cache/metadata-511.htm
07-05 14:01:52.807   545  8142 I DownloadManager: in removeSpuriousFiles, preserving file /data/data/com.android.providers.downloads/cache/metadata-230.htm
07-05 14:01:52.807   545  8142 I DownloadManager: in removeSpuriousFiles, preserving file /data/data/com.android.providers.downloads/cache/metadata-245.htm
07-05 14:01:52.807   545  8142 I DownloadManager: in removeSpuriousFiles, preserving file /data/data/com.android.providers.downloads/cache/metadata-1093.htm
07-05 14:01:52.807   545  8142 I DownloadManager: in removeSpuriousFiles, preserving file /data/data/com.android.providers.downloads/cache/metadata-1140.htm
07-05 14:01:52.807   545  8142 I DownloadManager: in removeSpuriousFiles, preserving file /data/data/com.android.providers.downloads/cache/metadata-580.htm
07-05 14:01:52.807   545  8142 I DownloadManager: in removeSpuriousFiles, preserving file /data/data/com.android.providers.downloads/cache/metadata-789.htm
07-05 14:01:52.811   545  8142 I DownloadManager: in removeSpuriousFiles, preserving file /data/data/com.android.providers.downloads/cache/metadata-130.htm
07-05 14:01:52.811   545  8142 I DownloadManager: in removeSpuriousFiles, preserving file /data/data/com.android.providers.downloads/cache/metadata-143.htm
07-05 14:01:52.811   545  8142 I DownloadManager: in removeSpuriousFiles, preserving file /data/data/com.android.providers.downloads/cache/metadata-1406.htm
07-05 14:01:52.811   545  8142 I DownloadManager: in removeSpuriousFiles, preserving file /data/data/com.android.providers.downloads/cache/metadata-1950.htm
07-05 14:01:52.811   545  8142 I DownloadManager: in removeSpuriousFiles, preserving file /data/data/com.android.providers.downloads/cache/metadata-199.htm
07-05 14:01:52.815   545  8142 I DownloadManager: in removeSpuriousFiles, preserving file /data/data/com.android.providers.downloads/cache/metadata-395.htm
07-05 14:01:52.815   545  8142 I DownloadManager: in removeSpuriousFiles, preserving file /data/data/com.android.providers.downloads/cache/metadata-1476.htm
07-05 14:01:52.815   545  8142 I DownloadManager: in removeSpuriousFiles, preserving file /data/data/com.android.providers.downloads/cache/metadata-586.htm
07-05 14:01:52.815   545  8142 I DownloadManager: in removeSpuriousFiles, preserving file /data/data/com.android.providers.downloads/cache/metadata-201.htm
07-05 14:01:52.815   545  8142 I DownloadManager: in removeSpuriousFiles, preserving file /data/data/com.android.providers.downloads/cache/metadata-1066.htm
07-05 14:01:52.815   545  8142 I DownloadManager: in removeSpuriousFiles, preserving file /data/data/com.android.providers.downloads/cache/metadata-413.htm
07-05 14:01:52.819   545  8142 I DownloadManager: in removeSpuriousFiles, preserving file /data/data/com.android.providers.downloads/cache/metadata-505.htm
07-05 14:01:52.819   545  8142 I DownloadManager: in removeSpuriousFiles, preserving file /data/data/com.android.providers.downloads/cache/metadata-652.htm
07-05 14:01:52.819   545  8142 I DownloadManager: in removeSpuriousFiles, preserving file /data/data/com.android.providers.downloads/cache/metadata-641.htm
07-05 14:01:52.819   545  8142 I DownloadManager: in removeSpuriousFiles, preserving file /data/data/com.android.providers.downloads/cache/metadata-690.htm
07-05 14:01:52.819   545  8142 I DownloadManager: in removeSpuriousFiles, preserving file /data/data/com.android.providers.downloads/cache/metadata-2028.htm
07-05 14:01:52.823   545  8142 I DownloadManager: in removeSpuriousFiles, preserving file /data/data/com.android.providers.downloads/cache/metadata-1384.htm
07-05 14:01:52.823   545  8142 I DownloadManager: in removeSpuriousFiles, preserving file /data/data/com.android.providers.downloads/cache/metadata-1348.htm
07-05 14:01:52.823   545  8142 I DownloadManager: in removeSpuriousFiles, preserving file /data/data/com.android.providers.downloads/cache/metadata-365.htm
07-05 14:01:52.823   545  8142 I DownloadManager: in removeSpuriousFiles, preserving file /data/data/com.android.providers.downloads/cache/metadata-416.htm
07-05 14:01:52.823   545  8142 I DownloadManager: in removeSpuriousFiles, preserving file /data/data/com.android.providers.downloads/cache/metadata-594.htm
07-05 14:01:52.827   545  8142 I DownloadManager: in removeSpuriousFiles, preserving file /data/data/com.android.providers.downloads/cache/metadata-608.htm
07-05 14:01:52.827   545  8142 I DownloadManager: in removeSpuriousFiles, preserving file /data/data/com.android.providers.downloads/cache/metadata-1223.htm
07-05 14:01:52.827   545  8142 I DownloadManager: in removeSpuriousFiles, preserving file /data/data/com.android.providers.downloads/cache/metadata-583.htm
07-05 14:01:52.827   545  8142 I DownloadManager: in removeSpuriousFiles, preserving file /data/data/com.android.providers.downloads/cache/metadata-324.htm
07-05 14:01:52.831   545  8142 I DownloadManager: in removeSpuriousFiles, preserving file /data/data/com.android.providers.downloads/cache/metadata-1327.htm
07-05 14:01:52.831   545  8142 I DownloadManager: in removeSpuriousFiles, preserving file /data/data/com.android.providers.downloads/cache/metadata-2522.htm
07-05 14:01:52.831   545  8142 I DownloadManager: in removeSpuriousFiles, preserving file /data/data/com.android.providers.downloads/cache/metadata-918.htm
07-05 14:01:52.831   545  8142 I DownloadManager: in removeSpuriousFiles, preserving file /data/data/com.android.providers.downloads/cache/metadata-797.htm
07-05 14:01:52.831   545  8142 I DownloadManager: in removeSpuriousFiles, preserving file /data/data/com.android.providers.downloads/cache/metadata-2300.htm
07-05 14:01:52.835   545  8142 I DownloadManager: in removeSpuriousFiles, preserving file /data/data/com.android.providers.downloads/cache/metadata-1117.htm
07-05 14:01:52.835   545  8142 I DownloadManager: in removeSpuriousFiles, preserving file /data/data/com.android.providers.downloads/cache/metadata-2798.htm
07-05 14:01:52.835   545  8142 I DownloadManager: in removeSpuriousFiles, preserving file /data/data/com.android.providers.downloads/cache/metadata-1013.htm
07-05 14:01:52.835   545  8142 I DownloadManager: in removeSpuriousFiles, preserving file /data/data/com.android.providers.downloads/cache/metadata-615.htm
07-05 14:01:52.839   545  8142 I DownloadManager: in removeSpuriousFiles, preserving file /data/data/com.android.providers.downloads/cache/metadata-1119.htm
07-05 14:01:52.839   545  8142 I DownloadManager: in removeSpuriousFiles, preserving file /data/data/com.android.providers.downloads/cache/metadata-315.htm
07-05 14:01:52.839   545  8142 I DownloadManager: in removeSpuriousFiles, preserving file /data/data/com.android.providers.downloads/cache/metadata-1443.htm
07-05 14:01:52.839   545  8142 I DownloadManager: in removeSpuriousFiles, preserving file /data/data/com.android.providers.downloads/cache/metadata-89.htm
07-05 14:01:52.843   545  8142 I DownloadManager: in removeSpuriousFiles, preserving file /data/data/com.android.providers.downloads/cache/metadata-196.htm
07-05 14:01:52.843   545  8142 I DownloadManager: in removeSpuriousFiles, preserving file /data/data/com.android.providers.downloads/cache/metadata-522.htm
07-05 14:01:52.843   545  8142 I DownloadManager: in removeSpuriousFiles, preserving file /data/data/com.android.providers.downloads/cache/metadata-540.htm
07-05 14:01:52.843   545  8142 I DownloadManager: in removeSpuriousFiles, preserving file /data/data/com.android.providers.downloads/cache/metadata-947.htm
07-05 14:01:52.846   545  8142 I DownloadManager: in removeSpuriousFiles, preserving file /data/data/com.android.providers.downloads/cache/metadata-299.htm
07-05 14:01:52.846   545  8142 I DownloadManager: in removeSpuriousFiles, preserving file /data/data/com.android.providers.downloads/cache/metadata-986.htm
07-05 14:01:52.846   545  8142 I DownloadManager: in removeSpuriousFiles, preserving file /data/data/com.android.providers.downloads/cache/metadata-525.htm
07-05 14:01:52.846   545  8142 I DownloadManager: in removeSpuriousFiles, preserving file /data/data/com.android.providers.downloads/cache/metadata-1862.htm
07-05 14:01:52.846   545  8142 I DownloadManager: in removeSpuriousFiles, preserving file /data/data/com.android.providers.downloads/cache/metadata-1588.htm
07-05 14:01:52.850   545  8142 I DownloadManager: in removeSpuriousFiles, preserving file /data/data/com.android.providers.downloads/cache/metadata-1607.htm
07-05 14:01:52.850   545  8142 I DownloadManager: in removeSpuriousFiles, preserving file /data/data/com.android.providers.downloads/cache/metadata-959.htm
07-05 14:01:52.850   545  8142 I DownloadManager: in removeSpuriousFiles, preserving file /data/data/com.android.providers.downloads/cache/metadata-1587.htm
07-05 14:01:52.850   545  8142 I DownloadManager: in removeSpuriousFiles, preserving file /data/data/com.android.providers.downloads/cache/metadata-1411.htm
07-05 14:01:52.854   545  8142 I DownloadManager: in removeSpuriousFiles, preserving file /data/data/com.android.providers.downloads/cache/metadata-1456.htm
07-05 14:01:52.854   545  8142 I DownloadManager: in removeSpuriousFiles, preserving file /data/data/com.android.providers.downloads/cache/metadata-1214.htm
07-05 14:01:52.854   545  8142 I DownloadManager: in removeSpuriousFiles, preserving file /data/data/com.android.providers.downloads/cache/metadata-1234.htm
07-05 14:01:52.854   545  8142 I DownloadManager: in removeSpuriousFiles, preserving file /data/data/com.android.providers.downloads/cache/metadata-560.htm
07-05 14:01:52.858   545  8142 I DownloadManager: in removeSpuriousFiles, preserving file /data/data/com.android.providers.downloads/cache/metadata-1894.htm
07-05 14:01:52.858   545  8142 I DownloadManager: in removeSpuriousFiles, preserving file /data/data/com.android.providers.downloads/cache/metadata-2172.htm
07-05 14:01:52.858   545  8142 I DownloadManager: in removeSpuriousFiles, preserving file /data/data/com.android.providers.downloads/cache/metadata-884.htm
07-05 14:01:52.858   545  8142 I DownloadManager: in removeSpuriousFiles, preserving file /data/data/com.android.providers.downloads/cache/metadata-911.htm
07-05 14:01:52.862   545  8142 I DownloadManager: in removeSpuriousFiles, preserving file /data/data/com.android.providers.downloads/cache/metadata-1811.htm
07-05 14:01:52.862   545  8142 I DownloadManager: in removeSpuriousFiles, preserving file /data/data/com.android.providers.downloads/cache/metadata-601.htm
07-05 14:01:52.862   545  8142 I DownloadManager: in removeSpuriousFiles, preserving file /data/data/com.android.providers.downloads/cache/metadata-658.htm
07-05 14:01:52.866   545  8142 I DownloadManager: in removeSpuriousFiles, preserving file /data/data/com.android.providers.downloads/cache/metadata-1034.htm
07-05 14:01:52.866   545  8142 I DownloadManager: in removeSpuriousFiles, preserving file /data/data/com.android.providers.downloads/cache/metadata-828.htm
07-05 14:01:52.866   545  8142 I DownloadManager: in removeSpuriousFiles, preserving file /data/data/com.android.providers.downloads/cache/metadata-569.htm
07-05 14:01:52.866   545  8142 I DownloadManager: in removeSpuriousFiles, preserving file /data/data/com.android.providers.downloads/cache/metadata-2085.htm
07-05 14:01:52.870   545  8142 I DownloadManager: in removeSpuriousFiles, preserving file /data/data/com.android.providers.downloads/cache/metadata-2003.htm
07-05 14:01:52.870   545  8142 I DownloadManager: in removeSpuriousFiles, preserving file /data/data/com.android.providers.downloads/cache/metadata-2442.htm
07-05 14:01:52.870   545  8142 I DownloadManager: in removeSpuriousFiles, preserving file /data/data/com.android.providers.downloads/cache/metadata-1235.htm
07-05 14:01:52.870   545  8142 I DownloadManager: in removeSpuriousFiles, preserving file /data/data/com.android.providers.downloads/cache/metadata-815.htm
07-05 14:01:52.874   545  8142 I DownloadManager: in removeSpuriousFiles, preserving file /data/data/com.android.providers.downloads/cache/metadata-1470.htm
07-05 14:01:52.878   545  8142 I DownloadManager: in removeSpuriousFiles, preserving file /data/data/com.android.providers.downloads/cache/metadata-751.htm
07-05 14:01:52.878   545  8142 I DownloadManager: in removeSpuriousFiles, preserving file /data/data/com.android.providers.downloads/cache/metadata-599.htm
07-05 14:01:52.878   545  8142 I DownloadManager: in removeSpuriousFiles, preserving file /data/data/com.android.providers.downloads/cache/metadata-1538.htm
07-05 14:01:52.882   545  8142 I DownloadManager: in removeSpuriousFiles, preserving file /data/data/com.android.providers.downloads/cache/metadata-1534.htm
07-05 14:01:52.882   545  8142 I DownloadManager: in removeSpuriousFiles, preserving file /data/data/com.android.providers.downloads/cache/metadata-774.htm
07-05 14:01:52.882   545  8142 I DownloadManager: in removeSpuriousFiles, preserving file /data/data/com.android.providers.downloads/cache/metadata-1861.htm
07-05 14:01:52.886   545  8142 I DownloadManager: in removeSpuriousFiles, preserving file /data/data/com.android.providers.downloads/cache/metadata-1592.htm
07-05 14:01:52.886   545  8142 I DownloadManager: in removeSpuriousFiles, preserving file /data/data/com.android.providers.downloads/cache/metadata-1781.htm
07-05 14:01:52.886   545  8142 I DownloadManager: in removeSpuriousFiles, preserving file /data/data/com.android.providers.downloads/cache/metadata-1197.htm
07-05 14:01:52.886   545  8142 I DownloadManager: in removeSpuriousFiles, preserving file /data/data/com.android.providers.downloads/cache/metadata-645.htm
07-05 14:01:52.889   545  8142 I DownloadManager: in removeSpuriousFiles, preserving file /data/data/com.android.providers.downloads/cache/metadata-1215.htm
07-05 14:01:52.889   545  8142 I DownloadManager: in removeSpuriousFiles, preserving file /data/data/com.android.providers.downloads/cache/metadata-735.htm
07-05 14:01:52.889   545  8142 I DownloadManager: in removeSpuriousFiles, preserving file /data/data/com.android.providers.downloads/cache/metadata-1313.htm
07-05 14:01:52.889   545  8142 I DownloadManager: in removeSpuriousFiles, preserving file /data/data/com.android.providers.downloads/cache/metadata-10.htm
07-05 14:01:52.893   545  8142 I DownloadManager: in removeSpuriousFiles, preserving file /data/data/com.android.providers.downloads/cache/metadata-5.htm
07-05 14:01:52.893   545  8142 I DownloadManager: in removeSpuriousFiles, preserving file /data/data/com.android.providers.downloads/cache/metadata-17.htm
07-05 14:01:52.893   545  8142 I DownloadManager: in removeSpuriousFiles, preserving file /data/data/com.android.providers.downloads/cache/metadata-16.htm
07-05 14:01:52.893   545  8142 I DownloadManager: in removeSpuriousFiles, preserving file /data/data/com.android.providers.downloads/cache/metadata-32.htm
07-05 14:01:52.893   545  8142 I DownloadManager: in removeSpuriousFiles, preserving file /data/data/com.android.providers.downloads/cache/metadata-259.htm
07-05 14:01:52.893   545  8142 I DownloadManager: in removeSpuriousFiles, preserving file /data/data/com.android.providers.downloads/cache/metadata-21.htm
07-05 14:01:52.893   545  8142 I DownloadManager: in removeSpuriousFiles, preserving file /data/data/com.android.providers.downloads/cache/metadata-555.htm
07-05 14:01:52.893   545  8142 I DownloadManager: in removeSpuriousFiles, preserving file /data/data/com.android.providers.downloads/cache/metadata-59.htm
07-05 14:01:52.893   545  8142 I DownloadManager: in removeSpuriousFiles, preserving file /data/data/com.android.providers.downloads/cache/metadata-40.htm
07-05 14:01:52.893   545  8142 I DownloadManager: in removeSpuriousFiles, preserving file /data/data/com.android.providers.downloads/cache/metadata-37.htm
07-05 14:01:52.893   545  8142 I DownloadManager: in removeSpuriousFiles, preserving file /data/data/com.android.providers.downloads/cache/metadata-114.htm
07-05 14:01:52.893   545  8142 I DownloadManager: in removeSpuriousFiles, preserving file /data/data/com.android.providers.downloads/cache/metadata-42.htm
07-05 14:01:52.893   545  8142 I DownloadManager: in removeSpuriousFiles, preserving file /data/data/com.android.providers.downloads/cache/metadata-64.htm
07-05 14:01:52.893   545  8142 I DownloadManager: in removeSpuriousFiles, preserving file /data/data/com.android.providers.downloads/cache/metadata-44.htm
07-05 14:01:52.893   545  8142 I DownloadManager: in removeSpuriousFiles, preserving file /data/data/com.android.providers.downloads/cache/metadata-145.htm
07-05 14:01:52.893   545  8142 I DownloadManager: in removeSpuriousFiles, preserving file /data/data/com.android.providers.downloads/cache/metadata-79.htm
07-05 14:01:52.893   545  8142 I DownloadManager: in removeSpuriousFiles, preserving file /data/data/com.android.providers.downloads/cache/metadata-72.htm
07-05 14:01:52.893   545  8142 I DownloadManager: in removeSpuriousFiles, preserving file /data/data/com.android.providers.downloads/cache/metadata-124.htm
07-05 14:01:52.893   545  8142 I DownloadManager: in removeSpuriousFiles, preserving file /data/data/com.android.providers.downloads/cache/metadata-104.htm
07-05 14:01:52.893   545  8142 I DownloadManager: in removeSpuriousFiles, preserving file /data/data/com.android.providers.downloads/cache/metadata-965.htm
07-05 14:01:52.893   545  8142 I DownloadManager: in removeSpuriousFiles, preserving file /data/data/com.android.providers.downloads/cache/metadata-68.htm
07-05 14:01:52.893   545  8142 I DownloadManager: in removeSpuriousFiles, preserving file /data/data/com.android.providers.downloads/cache/metadata-233.htm
07-05 14:01:52.893   545  8142 I DownloadManager: in removeSpuriousFiles, preserving file /data/data/com.android.providers.downloads/cache/metadata-181.htm
07-05 14:01:52.893   545  8142 I DownloadManager: in removeSpuriousFiles, preserving file /data/data/com.android.providers.downloads/cache/metadata-135.htm
07-05 14:01:52.893   545  8142 I DownloadManager: in removeSpuriousFiles, preserving file /data/data/com.android.providers.downloads/cache/metadata-148.htm
07-05 14:01:52.893   545  8142 I DownloadManager: in removeSpuriousFiles, preserving file /data/data/com.android.providers.downloads/cache/metadata-102.htm
07-05 14:01:52.897   545  8142 I DownloadManager: in removeSpuriousFiles, preserving file /data/data/com.android.providers.downloads/cache/metadata-1487.htm
07-05 14:01:52.897   545  8142 I DownloadManager: in removeSpuriousFiles, preserving file /data/data/com.android.providers.downloads/cache/metadata-70.htm
07-05 14:01:52.897   545  8142 I DownloadManager: in removeSpuriousFiles, preserving file /data/data/com.android.providers.downloads/cache/metadata-585.htm
07-05 14:01:52.897   545  8142 I DownloadManager: in removeSpuriousFiles, preserving file /data/data/com.android.providers.downloads/cache/metadata-120.htm
07-05 14:01:52.897   545  8142 I DownloadManager: in removeSpuriousFiles, preserving file /data/data/com.android.providers.downloads/cache/metadata-787.htm
07-05 14:01:52.897   545  8142 I DownloadManager: in removeSpuriousFiles, preserving file /data/data/com.android.providers.downloads/cache/metadata-703.htm
07-05 14:01:52.897   545  8142 I DownloadManager: in removeSpuriousFiles, preserving file /data/data/com.android.providers.downloads/cache/metadata-292.htm
07-05 14:01:52.897   545  8142 I DownloadManager: in removeSpuriousFiles, preserving file /data/data/com.android.providers.downloads/cache/metadata-312.htm
07-05 14:01:52.897   545  8142 I DownloadManager: in removeSpuriousFiles, preserving file /data/data/com.android.providers.downloads/cache/metadata-1539.htm
07-05 14:01:52.897   545  8142 I DownloadManager: in removeSpuriousFiles, preserving file /data/data/com.android.providers.downloads/cache/metadata-151.htm
07-05 14:01:52.897   545  8142 I DownloadManager: in removeSpuriousFiles, preserving file /data/data/com.android.providers.downloads/cache/metadata-1149.htm
07-05 14:01:52.897   545  8142 I DownloadManager: in removeSpuriousFiles, preserving file /data/data/com.android.providers.downloads/cache/metadata-301.htm
07-05 14:01:52.897   545  8142 I DownloadManager: in removeSpuriousFiles, preserving file /data/data/com.android.providers.downloads/cache/metadata-691.htm
07-05 14:01:52.897   545  8142 I DownloadManager: in removeSpuriousFiles, preserving file /data/data/com.android.providers.downloads/cache/metadata-161.htm
07-05 14:01:52.897   545  8142 I DownloadManager: in removeSpuriousFiles, preserving file /data/data/com.android.providers.downloads/cache/metadata-1630.htm
07-05 14:01:52.897   545  8142 I DownloadManager: in removeSpuriousFiles, preserving file /data/data/com.android.providers.downloads/cache/metadata-158.htm
07-05 14:01:52.901   545  8142 I DownloadManager: in removeSpuriousFiles, preserving file /data/data/com.android.providers.downloads/cache/metadata-109.htm
07-05 14:01:52.901   545  8142 I DownloadManager: in removeSpuriousFiles, preserving file /data/data/com.android.providers.downloads/cache/metadata-958.htm
07-05 14:01:52.901   545  8142 I DownloadManager: in removeSpuriousFiles, preserving file /data/data/com.android.providers.downloads/cache/metadata-219.htm
07-05 14:01:52.901   545  8142 I DownloadManager: in removeSpuriousFiles, preserving file /data/data/com.android.providers.downloads/cache/metadata-319.htm
07-05 14:01:52.901   545  8142 I DownloadManager: in removeSpuriousFiles, preserving file /data/data/com.android.providers.downloads/cache/metadata-252.htm
07-05 14:01:52.901   545  8142 I DownloadManager: in removeSpuriousFiles, preserving file /data/data/com.android.providers.downloads/cache/metadata-123.htm
07-05 14:01:52.901   545  8142 I DownloadManager: in removeSpuriousFiles, preserving file /data/data/com.android.providers.downloads/cache/metadata-1320.htm
07-05 14:01:52.901   545  8142 I DownloadManager: in removeSpuriousFiles, preserving file /data/data/com.android.providers.downloads/cache/metadata-657.htm
07-05 14:01:52.901   545  8142 I DownloadManager: in removeSpuriousFiles, preserving file /data/data/com.android.providers.downloads/cache/metadata-1033.htm
07-05 14:01:52.905   545  8142 I DownloadManager: in removeSpuriousFiles, preserving file /data/data/com.android.providers.downloads/cache/metadata-90.htm
07-05 14:01:52.905   545  8142 I DownloadManager: in removeSpuriousFiles, preserving file /data/data/com.android.providers.downloads/cache/metadata-192.htm
07-05 14:01:52.905   545  8142 I DownloadManager: in removeSpuriousFiles, preserving file /data/data/com.android.providers.downloads/cache/metadata-1307.htm
07-05 14:01:52.905   545  8142 I DownloadManager: in removeSpuriousFiles, preserving file /data/data/com.android.providers.downloads/cache/metadata-398.htm
07-05 14:01:52.905   545  8142 I DownloadManager: in removeSpuriousFiles, preserving file /data/data/com.android.providers.downloads/cache/metadata-206.htm
07-05 14:01:52.905   545  8142 I DownloadManager: in removeSpuriousFiles, preserving file /data/data/com.android.providers.downloads/cache/metadata-116.htm
07-05 14:01:52.909   545  8142 I DownloadManager: in removeSpuriousFiles, preserving file /data/data/com.android.providers.downloads/cache/metadata-886.htm
07-05 14:01:52.909   545  8142 I DownloadManager: in removeSpuriousFiles, preserving file /data/data/com.android.providers.downloads/cache/metadata-1252.htm
07-05 14:01:52.909   545  8142 I DownloadManager: in removeSpuriousFiles, preserving file /data/data/com.android.providers.downloads/cache/metadata-739.htm
07-05 14:01:52.909   545  8142 I DownloadManager: in removeSpuriousFiles, preserving file /data/data/com.android.providers.downloads/cache/metadata-1125.htm
07-05 14:01:52.909   545  8142 I DownloadManager: in removeSpuriousFiles, preserving file /data/data/com.android.providers.downloads/cache/metadata-846.htm
07-05 14:01:52.909   545  8142 I DownloadManager: in removeSpuriousFiles, preserving file /data/data/com.android.providers.downloads/cache/metadata-862.htm
07-05 14:01:52.913   545  8142 I DownloadManager: in removeSpuriousFiles, preserving file /data/data/com.android.providers.downloads/cache/metadata-224.htm
07-05 14:01:52.913   545  8142 I DownloadManager: in removeSpuriousFiles, preserving file /data/data/com.android.providers.downloads/cache/metadata-1272.htm
07-05 14:01:52.913   545  8142 I DownloadManager: in removeSpuriousFiles, preserving file /data/data/com.android.providers.downloads/cache/metadata-939.htm
07-05 14:01:52.913   545  8142 I DownloadManager: in removeSpuriousFiles, preserving file /data/data/com.android.providers.downloads/cache/metadata-1376.htm
07-05 14:01:52.913   545  8142 I DownloadManager: in removeSpuriousFiles, preserving file /data/data/com.android.providers.downloads/cache/metadata-598.htm
07-05 14:01:52.917   545  8142 I DownloadManager: in removeSpuriousFiles, preserving file /data/data/com.android.providers.downloads/cache/metadata-1489.htm
07-05 14:01:52.917   545  8142 I DownloadManager: in removeSpuriousFiles, preserving file /data/data/com.android.providers.downloads/cache/metadata-606.htm
07-05 14:01:52.917   545  8142 I DownloadManager: in removeSpuriousFiles, preserving file /data/data/com.android.providers.downloads/cache/metadata-562.htm
07-05 14:01:52.917   545  8142 I DownloadManager: in removeSpuriousFiles, preserving file /data/data/com.android.providers.downloads/cache/metadata-1609.htm
07-05 14:01:52.917   545  8142 I DownloadManager: in removeSpuriousFiles, preserving file /data/data/com.android.providers.downloads/cache/metadata-1504.htm
07-05 14:01:52.921   545  8142 I DownloadManager: in removeSpuriousFiles, preserving file /data/data/com.android.providers.downloads/cache/metadata-1137.htm
07-05 14:01:52.921   545  8142 I DownloadManager: in removeSpuriousFiles, preserving file /data/data/com.android.providers.downloads/cache/metadata-1769.htm
07-05 14:01:52.921   545  8142 I DownloadManager: in removeSpuriousFiles, preserving file /data/data/com.android.providers.downloads/cache/metadata-565.htm
07-05 14:01:52.921   545  8142 I DownloadManager: in removeSpuriousFiles, preserving file /data/data/com.android.providers.downloads/cache/metadata-1178.htm
07-05 14:01:52.921   545  8142 I DownloadManager: in removeSpuriousFiles, preserving file /data/data/com.android.providers.downloads/cache/metadata-1415.htm
07-05 14:01:52.925   545  8142 I DownloadManager: in removeSpuriousFiles, preserving file /data/data/com.android.providers.downloads/cache/metadata-182.htm
07-05 14:01:52.925   545  8142 I DownloadManager: in removeSpuriousFiles, preserving file /data/data/com.android.providers.downloads/cache/metadata-345.htm
07-05 14:01:52.925   545  8142 I DownloadManager: in removeSpuriousFiles, preserving file /data/data/com.android.providers.downloads/cache/metadata-2091.htm
07-05 14:01:52.925   545  8142 I DownloadManager: in removeSpuriousFiles, preserving file /data/data/com.android.providers.downloads/cache/metadata-1815.htm
07-05 14:01:52.928   545  8142 I DownloadManager: in removeSpuriousFiles, preserving file /data/data/com.android.providers.downloads/cache/metadata-940.htm
07-05 14:01:52.928   545  8142 I DownloadManager: in removeSpuriousFiles, preserving file /data/data/com.android.providers.downloads/cache/metadata-609.htm
07-05 14:01:52.928   545  8142 I DownloadManager: in removeSpuriousFiles, preserving file /data/data/com.android.providers.downloads/cache/metadata-1139.htm
07-05 14:01:52.928   545  8142 I DownloadManager: in removeSpuriousFiles, preserving file /data/data/com.android.providers.downloads/cache/metadata-1212.htm
07-05 14:01:52.936   545  8142 I DownloadManager: in removeSpuriousFiles, preserving file /data/data/com.android.providers.downloads/cache/metadata-1458.htm
07-05 14:01:52.936   545  8142 I DownloadManager: in removeSpuriousFiles, preserving file /data/data/com.android.providers.downloads/cache/metadata-77.htm
07-05 14:01:52.936   545  8142 I DownloadManager: in removeSpuriousFiles, preserving file /data/data/com.android.providers.downloads/cache/metadata-1280.htm
07-05 14:01:52.936   545  8142 I DownloadManager: in removeSpuriousFiles, preserving file /data/data/com.android.providers.downloads/cache/metadata-1218.htm
07-05 14:01:52.936   545  8142 I DownloadManager: in removeSpuriousFiles, preserving file /data/data/com.android.providers.downloads/cache/metadata-661.htm
07-05 14:01:52.940   545  8142 I DownloadManager: in removeSpuriousFiles, preserving file /data/data/com.android.providers.downloads/cache/metadata-317.htm
07-05 14:01:52.940   545  8142 I DownloadManager: in removeSpuriousFiles, preserving file /data/data/com.android.providers.downloads/cache/metadata-1039.htm
07-05 14:01:52.940   545  8142 I DownloadManager: in removeSpuriousFiles, preserving file /data/data/com.android.providers.downloads/cache/metadata-1393.htm
07-05 14:01:52.940   545  8142 I DownloadManager: in removeSpuriousFiles, preserving file /data/data/com.android.providers.downloads/cache/metadata-926.htm
07-05 14:01:52.944   545  8142 I DownloadManager: in removeSpuriousFiles, preserving file /data/data/com.android.providers.downloads/cache/metadata-696.htm
07-05 14:01:52.944   545  8142 I DownloadManager: in removeSpuriousFiles, preserving file /data/data/com.android.providers.downloads/cache/metadata-763.htm
07-05 14:01:52.944   545  8142 I DownloadManager: in removeSpuriousFiles, preserving file /data/data/com.android.providers.downloads/cache/metadata-1521.htm
07-05 14:01:52.944   545  8142 I DownloadManager: in removeSpuriousFiles, preserving file /data/data/com.android.providers.downloads/cache/metadata-663.htm
07-05 14:01:52.948   545  8142 I DownloadManager: in removeSpuriousFiles, preserving file /data/data/com.android.providers.downloads/cache/metadata-1126.htm
07-05 14:01:52.948   545  8142 I DownloadManager: in removeSpuriousFiles, preserving file /data/data/com.android.providers.downloads/cache/metadata-567.htm
07-05 14:01:52.948   545  8142 I DownloadManager: in removeSpuriousFiles, preserving file /data/data/com.android.providers.downloads/cache/metadata-1401.htm
07-05 14:01:52.948   545  8142 I DownloadManager: in removeSpuriousFiles, preserving file /data/data/com.android.providers.downloads/cache/metadata-209.htm
07-05 14:01:52.952   545  8142 I DownloadManager: in removeSpuriousFiles, preserving file /data/data/com.android.providers.downloads/cache/metadata-1091.htm
07-05 14:01:52.952   545  8142 I DownloadManager: in removeSpuriousFiles, preserving file /data/data/com.android.providers.downloads/cache/metadata-1890.htm
07-05 14:01:52.952   545  8142 I DownloadManager: in removeSpuriousFiles, preserving file /data/data/com.android.providers.downloads/cache/metadata-1110.htm
07-05 14:01:52.952   545  8142 I DownloadManager: in removeSpuriousFiles, preserving file /data/data/com.android.providers.downloads/cache/metadata-2224.htm
07-05 14:01:52.956   545  8142 I DownloadManager: in removeSpuriousFiles, preserving file /data/data/com.android.providers.downloads/cache/metadata-207.htm
07-05 14:01:52.956   545  8142 I DownloadManager: in removeSpuriousFiles, preserving file /data/data/com.android.providers.downloads/cache/metadata-430.htm
07-05 14:01:52.956   545  8142 I DownloadManager: in removeSpuriousFiles, preserving file /data/data/com.android.providers.downloads/cache/metadata-2026.htm
07-05 14:01:52.956   545  8142 I DownloadManager: in removeSpuriousFiles, preserving file /data/data/com.android.providers.downloads/cache/metadata-1663.htm
07-05 14:01:52.960   545  8142 I DownloadManager: in removeSpuriousFiles, preserving file /data/data/com.android.providers.downloads/cache/metadata-1082.htm
07-05 14:01:52.960   545  8142 I DownloadManager: in removeSpuriousFiles, preserving file /data/data/com.android.providers.downloads/cache/metadata-1692.htm
07-05 14:01:52.960   545  8142 I DownloadManager: in removeSpuriousFiles, preserving file /data/data/com.android.providers.downloads/cache/metadata-1372.htm
07-05 14:01:52.960   545  8142 I DownloadManager: in removeSpuriousFiles, preserving file /data/data/com.android.providers.downloads/cache/metadata-843.htm
07-05 14:01:52.964   545  8142 I DownloadManager: in removeSpuriousFiles, preserving file /data/data/com.android.providers.downloads/cache/metadata-1369.htm
07-05 14:01:52.964   545  8142 I DownloadManager: in removeSpuriousFiles, preserving file /data/data/com.android.providers.downloads/cache/metadata-699.htm
07-05 14:01:52.964   545  8142 I DownloadManager: in removeSpuriousFiles, preserving file /data/data/com.android.providers.downloads/cache/metadata-1096.htm
07-05 14:01:52.964   545  8142 I DownloadManager: in removeSpuriousFiles, preserving file /data/data/com.android.providers.downloads/cache/metadata-1204.htm
07-05 14:01:52.968   545  8142 I DownloadManager: in removeSpuriousFiles, preserving file /data/data/com.android.providers.downloads/cache/metadata-25.htm
07-05 14:01:52.968   545  8142 I DownloadManager: in removeSpuriousFiles, preserving file /data/data/com.android.providers.downloads/cache/metadata-48.htm
07-05 14:01:52.968   545  8142 I DownloadManager: in removeSpuriousFiles, preserving file /data/data/com.android.providers.downloads/cache/metadata-26.htm
07-05 14:01:52.968   545  8142 I DownloadManager: in removeSpuriousFiles, preserving file /data/data/com.android.providers.downloads/cache/metadata-39.htm
07-05 14:01:52.968   545  8142 I DownloadManager: in removeSpuriousFiles, preserving file /data/data/com.android.providers.downloads/cache/metadata-139.htm
07-05 14:01:52.968   545  8142 I DownloadManager: in removeSpuriousFiles, preserving file /data/data/com.android.providers.downloads/cache/metadata-125.htm
07-05 14:01:52.968   545  8142 I DownloadManager: in removeSpuriousFiles, preserving file /data/data/com.android.providers.downloads/cache/metadata-205.htm
07-05 14:01:52.968   545  8142 I DownloadManager: in removeSpuriousFiles, preserving file /data/data/com.android.providers.downloads/cache/metadata-57.htm
07-05 14:01:52.968   545  8142 I DownloadManager: in removeSpuriousFiles, preserving file /data/data/com.android.providers.downloads/cache/metadata-185.htm
07-05 14:01:52.968   545  8142 I DownloadManager: in removeSpuriousFiles, preserving file /data/data/com.android.providers.downloads/cache/metadata-71.htm
07-05 14:01:52.968   545  8142 I DownloadManager: in removeSpuriousFiles, preserving file /data/data/com.android.providers.downloads/cache/metadata-248.htm
07-05 14:01:52.968   545  8142 I DownloadManager: in removeSpuriousFiles, preserving file /data/data/com.android.providers.downloads/cache/metadata-215.htm
07-05 14:01:52.968   545  8142 I DownloadManager: in removeSpuriousFiles, preserving file /data/data/com.android.providers.downloads/cache/metadata-149.htm
07-05 14:01:52.968   545  8142 I DownloadManager: in removeSpuriousFiles, preserving file /data/data/com.android.providers.downloads/cache/metadata-327.htm
07-05 14:01:52.968   545  8142 I DownloadManager: in removeSpuriousFiles, preserving file /data/data/com.android.providers.downloads/cache/metadata-76.htm
07-05 14:01:52.968   545  8142 I DownloadManager: in removeSpuriousFiles, preserving file /data/data/com.android.providers.downloads/cache/metadata-183.htm
07-05 14:01:52.968   545  8142 I DownloadManager: in removeSpuriousFiles, preserving file /data/data/com.android.providers.downloads/cache/metadata-649.htm
07-05 14:01:52.968   545  8142 I DownloadManager: in removeSpuriousFiles, preserving file /data/data/com.android.providers.downloads/cache/metadata-295.htm
07-05 14:01:52.968   545  8142 I DownloadManager: in removeSpuriousFiles, preserving file /data/data/com.android.providers.downloads/cache/metadata-277.htm
07-05 14:01:52.968   545  8142 I DownloadManager: in removeSpuriousFiles, preserving file /data/data/com.android.providers.downloads/cache/metadata-383.htm
07-05 14:01:52.968   545  8142 I DownloadManager: in removeSpuriousFiles, preserving file /data/data/com.android.providers.downloads/cache/metadata-142.htm
07-05 14:01:52.968   545  8142 I DownloadManager: in removeSpuriousFiles, preserving file /data/data/com.android.providers.downloads/cache/metadata-257.htm
07-05 14:01:52.968   545  8142 I DownloadManager: in removeSpuriousFiles, preserving file /data/data/com.android.providers.downloads/cache/metadata-141.htm
07-05 14:01:52.968   545  8142 I DownloadManager: in removeSpuriousFiles, preserving file /data/data/com.android.providers.downloads/cache/metadata-194.htm
07-05 14:01:52.971   545  8142 I DownloadManager: in removeSpuriousFiles, preserving file /data/data/com.android.providers.downloads/cache/metadata-226.htm
07-05 14:01:52.971   545  8142 I DownloadManager: in removeSpuriousFiles, preserving file /data/data/com.android.providers.downloads/cache/metadata-353.htm
07-05 14:01:52.971   545  8142 I DownloadManager: in removeSpuriousFiles, preserving file /data/data/com.android.providers.downloads/cache/metadata-2118.htm
07-05 14:01:52.971   545  8142 I DownloadManager: in removeSpuriousFiles, preserving file /data/data/com.android.providers.downloads/cache/metadata-94.htm
07-05 14:01:52.971   545  8142 I DownloadManager: in removeSpuriousFiles, preserving file /data/data/com.android.providers.downloads/cache/metadata-216.htm
07-05 14:01:52.971   545  8142 I DownloadManager: in removeSpuriousFiles, preserving file /data/data/com.android.providers.downloads/cache/metadata-638.htm
07-05 14:01:52.971   545  8142 I DownloadManager: in removeSpuriousFiles, preserving file /data/data/com.android.providers.downloads/cache/metadata-297.htm
07-05 14:01:52.971   545  8142 I DownloadManager: in removeSpuriousFiles, preserving file /data/data/com.android.providers.downloads/cache/metadata-78.htm
07-05 14:01:52.971   545  8142 I DownloadManager: in removeSpuriousFiles, preserving file /data/data/com.android.providers.downloads/cache/metadata-75.htm
07-05 14:01:52.971   545  8142 I DownloadManager: in removeSpuriousFiles, preserving file /data/data/com.android.providers.downloads/cache/metadata-126.htm
07-05 14:01:52.971   545  8142 I DownloadManager: in removeSpuriousFiles, preserving file /data/data/com.android.providers.downloads/cache/metadata-73.htm
07-05 14:01:52.971   545  8142 I DownloadManager: in removeSpuriousFiles, preserving file /data/data/com.android.providers.downloads/cache/metadata-374.htm
07-05 14:01:52.971   545  8142 I DownloadManager: in removeSpuriousFiles, preserving file /data/data/com.android.providers.downloads/cache/metadata-616.htm
07-05 14:01:52.971   545  8142 I DownloadManager: in removeSpuriousFiles, preserving file /data/data/com.android.providers.downloads/cache/metadata-1397.htm
07-05 14:01:52.971   545  8142 I DownloadManager: in removeSpuriousFiles, preserving file /data/data/com.android.providers.downloads/cache/metadata-255.htm
07-05 14:01:52.971   545  8142 I DownloadManager: in removeSpuriousFiles, preserving file /data/data/com.android.providers.downloads/cache/metadata-348.htm
07-05 14:01:52.971   545  8142 I DownloadManager: in removeSpuriousFiles, preserving file /data/data/com.android.providers.downloads/cache/metadata-251.htm
07-05 14:01:52.971   545  8142 I DownloadManager: in removeSpuriousFiles, preserving file /data/data/com.android.providers.downloads/cache/metadata-1374.htm
07-05 14:01:52.971   545  8142 I DownloadManager: in removeSpuriousFiles, preserving file /data/data/com.android.providers.downloads/cache/metadata-640.htm
07-05 14:01:52.971   545  8142 I DownloadManager: in removeSpuriousFiles, preserving file /data/data/com.android.providers.downloads/cache/metadata-291.htm
07-05 14:01:52.975   545  8142 I DownloadManager: in removeSpuriousFiles, preserving file /data/data/com.android.providers.downloads/cache/metadata-163.htm
07-05 14:01:52.975   545  8142 I DownloadManager: in removeSpuriousFiles, preserving file /data/data/com.android.providers.downloads/cache/metadata-428.htm
07-05 14:01:52.975   545  8142 I DownloadManager: in removeSpuriousFiles, preserving file /data/data/com.android.providers.downloads/cache/metadata-156.htm
07-05 14:01:52.975   545  8142 I DownloadManager: in removeSpuriousFiles, preserving file /data/data/com.android.providers.downloads/cache/metadata-336.htm
07-05 14:01:52.975   545  8142 I DownloadManager: in removeSpuriousFiles, preserving file /data/data/com.android.providers.downloads/cache/metadata-140.htm
07-05 14:01:52.975   545  8142 I DownloadManager: in removeSpuriousFiles, preserving file /data/data/com.android.providers.downloads/cache/metadata-320.htm
07-05 14:01:52.975   545  8142 I DownloadManager: in removeSpuriousFiles, preserving file /data/data/com.android.providers.downloads/cache/metadata-993.htm
07-05 14:01:52.975   545  8142 I DownloadManager: in removeSpuriousFiles, preserving file /data/data/com.android.providers.downloads/cache/metadata-636.htm
07-05 14:01:52.975   545  8142 I DownloadManager: in removeSpuriousFiles, preserving file /data/data/com.android.providers.downloads/cache/metadata-241.htm
07-05 14:01:52.975   545  8142 I DownloadManager: in removeSpuriousFiles, preserving file /data/data/com.android.providers.downloads/cache/metadata-1379.htm
07-05 14:01:52.975   545  8142 I DownloadManager: in removeSpuriousFiles, preserving file /data/data/com.android.providers.downloads/cache/metadata-531.htm
07-05 14:01:52.975   545  8142 I DownloadManager: in removeSpuriousFiles, preserving file /data/data/com.android.providers.downloads/cache/metadata-1038.htm
07-05 14:01:52.975   545  8142 I DownloadManager: in removeSpuriousFiles, preserving file /data/data/com.android.providers.downloads/cache/metadata-184.htm
07-05 14:01:52.975   545  8142 I DownloadManager: in removeSpuriousFiles, preserving file /data/data/com.android.providers.downloads/cache/metadata-550.htm
07-05 14:01:52.979   545  8142 I DownloadManager: in removeSpuriousFiles, preserving file /data/data/com.android.providers.downloads/cache/metadata-385.htm
07-05 14:01:52.979   545  8142 I DownloadManager: in removeSpuriousFiles, preserving file /data/data/com.android.providers.downloads/cache/metadata-1314.htm
07-05 14:01:52.979   545  8142 I DownloadManager: in removeSpuriousFiles, preserving file /data/data/com.android.providers.downloads/cache/metadata-294.htm
07-05 14:01:52.979   545  8142 I DownloadManager: in removeSpuriousFiles, preserving file /data/data/com.android.providers.downloads/cache/metadata-113.htm
07-05 14:01:52.979   545  8142 I DownloadManager: in removeSpuriousFiles, preserving file /data/data/com.android.providers.downloads/cache/metadata-975.htm
07-05 14:01:52.979   545  8142 I DownloadManager: in removeSpuriousFiles, preserving file /data/data/com.android.providers.downloads/cache/metadata-362.htm
07-05 14:01:52.979   545  8142 I DownloadManager: in removeSpuriousFiles, preserving file /data/data/com.android.providers.downloads/cache/metadata-864.htm
07-05 14:01:52.979   545  8142 I DownloadManager: in removeSpuriousFiles, preserving file /data/data/com.android.providers.downloads/cache/metadata-2064.htm
07-05 14:01:52.979   545  8142 I DownloadManager: in removeSpuriousFiles, preserving file /data/data/com.android.providers.downloads/cache/metadata-150.htm
07-05 14:01:52.979   545  8142 I DownloadManager: in removeSpuriousFiles, preserving file /data/data/com.android.providers.downloads/cache/metadata-82.htm
07-05 14:01:52.979   545  8142 I DownloadManager: in removeSpuriousFiles, preserving file /data/data/com.android.providers.downloads/cache/metadata-834.htm
07-05 14:01:52.983   545  8142 I DownloadManager: in removeSpuriousFiles, preserving file /data/data/com.android.providers.downloads/cache/metadata-943.htm
07-05 14:01:52.983   545  8142 I DownloadManager: in removeSpuriousFiles, preserving file /data/data/com.android.providers.downloads/cache/metadata-445.htm
07-05 14:01:52.983   545  8142 I DownloadManager: in removeSpuriousFiles, preserving file /data/data/com.android.providers.downloads/cache/metadata-1490.htm
07-05 14:01:52.983   545  8142 I DownloadManager: in removeSpuriousFiles, preserving file /data/data/com.android.providers.downloads/cache/metadata-1240.htm
07-05 14:01:52.983   545  8142 I DownloadManager: in removeSpuriousFiles, preserving file /data/data/com.android.providers.downloads/cache/metadata-1818.htm
07-05 14:01:52.983   545  8142 I DownloadManager: in removeSpuriousFiles, preserving file /data/data/com.android.providers.downloads/cache/metadata-372.htm
07-05 14:01:52.983   545  8142 I DownloadManager: in removeSpuriousFiles, preserving file /data/data/com.android.providers.downloads/cache/metadata-1419.htm
07-05 14:01:52.987   545  8142 I DownloadManager: in removeSpuriousFiles, preserving file /data/data/com.android.providers.downloads/cache/metadata-874.htm
07-05 14:01:52.987   545  8142 I DownloadManager: in removeSpuriousFiles, preserving file /data/data/com.android.providers.downloads/cache/metadata-2148.htm
07-05 14:01:52.987   545  8142 I DownloadManager: in removeSpuriousFiles, preserving file /data/data/com.android.providers.downloads/cache/metadata-1287.htm
07-05 14:01:52.987   545  8142 I DownloadManager: in removeSpuriousFiles, preserving file /data/data/com.android.providers.downloads/cache/metadata-1031.htm
07-05 14:01:52.987   545  8142 I DownloadManager: in removeSpuriousFiles, preserving file /data/data/com.android.providers.downloads/cache/metadata-2296.htm
07-05 14:01:52.991   545  8142 I DownloadManager: in removeSpuriousFiles, preserving file /data/data/com.android.providers.downloads/cache/metadata-1029.htm
07-05 14:01:52.991   545  8142 I DownloadManager: in removeSpuriousFiles, preserving file /data/data/com.android.providers.downloads/cache/metadata-1853.htm
07-05 14:01:52.991   545  8142 I DownloadManager: in removeSpuriousFiles, preserving file /data/data/com.android.providers.downloads/cache/metadata-1564.htm
07-05 14:01:52.991   545  8142 I DownloadManager: in removeSpuriousFiles, preserving file /data/data/com.android.providers.downloads/cache/metadata-2255.htm
07-05 14:01:52.991   545  8142 I DownloadManager: in removeSpuriousFiles, preserving file /data/data/com.android.providers.downloads/cache/metadata-180.htm
07-05 14:01:52.991   545  8142 I DownloadManager: in removeSpuriousFiles, preserving file /data/data/com.android.providers.downloads/cache/metadata-629.htm
07-05 14:01:52.995   545  8142 I DownloadManager: in removeSpuriousFiles, preserving file /data/data/com.android.providers.downloads/cache/metadata-602.htm
07-05 14:01:52.995   545  8142 I DownloadManager: in removeSpuriousFiles, preserving file /data/data/com.android.providers.downloads/cache/metadata-637.htm
07-05 14:01:52.995   545  8142 I DownloadManager: in removeSpuriousFiles, preserving file /data/data/com.android.providers.downloads/cache/metadata-229.htm
07-05 14:01:52.995   545  8142 I DownloadManager: in removeSpuriousFiles, preserving file /data/data/com.android.providers.downloads/cache/metadata-506.htm
07-05 14:01:52.995   545  8142 I DownloadManager: in removeSpuriousFiles, preserving file /data/data/com.android.providers.downloads/cache/metadata-1305.htm
07-05 14:01:52.999   545  8142 I DownloadManager: in removeSpuriousFiles, preserving file /data/data/com.android.providers.downloads/cache/metadata-756.htm
07-05 14:01:52.999   545  8142 I DownloadManager: in removeSpuriousFiles, preserving file /data/data/com.android.providers.downloads/cache/metadata-2315.htm
07-05 14:01:52.999   545  8142 I DownloadManager: in removeSpuriousFiles, preserving file /data/data/com.android.providers.downloads/cache/metadata-725.htm
07-05 14:01:52.999   545  8142 I DownloadManager: in removeSpuriousFiles, preserving file /data/data/com.android.providers.downloads/cache/metadata-656.htm
07-05 14:01:52.999   545  8142 I DownloadManager: in removeSpuriousFiles, preserving file /data/data/com.android.providers.downloads/cache/metadata-2019.htm
07-05 14:01:53.003   545  8142 I DownloadManager: in removeSpuriousFiles, preserving file /data/data/com.android.providers.downloads/cache/metadata-1701.htm
07-05 14:01:53.003   545  8142 I DownloadManager: in removeSpuriousFiles, preserving file /data/data/com.android.providers.downloads/cache/metadata-1481.htm
07-05 14:01:53.003   545  8142 I DownloadManager: in removeSpuriousFiles, preserving file /data/data/com.android.providers.downloads/cache/metadata-590.htm
07-05 14:01:53.003   545  8142 I DownloadManager: in removeSpuriousFiles, preserving file /data/data/com.android.providers.downloads/cache/metadata-1104.htm
07-05 14:01:53.007   545  8142 I DownloadManager: in removeSpuriousFiles, preserving file /data/data/com.android.providers.downloads/cache/metadata-1127.htm
07-05 14:01:53.007   545  8142 I DownloadManager: in removeSpuriousFiles, preserving file /data/data/com.android.providers.downloads/cache/metadata-1296.htm
07-05 14:01:53.007   545  8142 I DownloadManager: in removeSpuriousFiles, preserving file /data/data/com.android.providers.downloads/cache/metadata-1511.htm
07-05 14:01:53.007   545  8142 I DownloadManager: in removeSpuriousFiles, preserving file /data/data/com.android.providers.downloads/cache/metadata-626.htm
07-05 14:01:53.007   545  8142 I DownloadManager: in removeSpuriousFiles, preserving file /data/data/com.android.providers.downloads/cache/metadata-439.htm
07-05 14:01:53.011   545  8142 I DownloadManager: in removeSpuriousFiles, preserving file /data/data/com.android.providers.downloads/cache/metadata-625.htm
07-05 14:01:53.011   545  8142 I DownloadManager: in removeSpuriousFiles, preserving file /data/data/com.android.providers.downloads/cache/metadata-2219.htm
07-05 14:01:53.011   545  8142 I DownloadManager: in removeSpuriousFiles, preserving file /data/data/com.android.providers.downloads/cache/metadata-1474.htm
07-05 14:01:53.011   545  8142 I DownloadManager: in removeSpuriousFiles, preserving file /data/data/com.android.providers.downloads/cache/metadata-2063.htm
07-05 14:01:53.011   545  8142 I DownloadManager: in removeSpuriousFiles, preserving file /data/data/com.android.providers.downloads/cache/metadata-1492.htm
07-05 14:01:53.014   545  8142 I DownloadManager: in removeSpuriousFiles, preserving file /data/data/com.android.providers.downloads/cache/metadata-2193.htm
07-05 14:01:53.014   545  8142 I DownloadManager: in removeSpuriousFiles, preserving file /data/data/com.android.providers.downloads/cache/metadata-919.htm
07-05 14:01:53.014   545  8142 I DownloadManager: in removeSpuriousFiles, preserving file /data/data/com.android.providers.downloads/cache/metadata-2227.htm
07-05 14:01:53.014   545  8142 I DownloadManager: in removeSpuriousFiles, preserving file /data/data/com.android.providers.downloads/cache/metadata-232.htm
07-05 14:01:53.018   545  8142 I DownloadManager: in removeSpuriousFiles, preserving file /data/data/com.android.providers.downloads/cache/metadata-551.htm
07-05 14:01:53.018   545  8142 I DownloadManager: in removeSpuriousFiles, preserving file /data/data/com.android.providers.downloads/cache/metadata-999.htm
07-05 14:01:53.018   545  8142 I DownloadManager: in removeSpuriousFiles, preserving file /data/data/com.android.providers.downloads/cache/metadata-1336.htm
07-05 14:01:53.022   545  8142 I DownloadManager: in removeSpuriousFiles, preserving file /data/data/com.android.providers.downloads/cache/metadata-1751.htm
07-05 14:01:53.022   545  8142 I DownloadManager: in removeSpuriousFiles, preserving file /data/data/com.android.providers.downloads/cache/metadata-1940.htm
07-05 14:01:53.022   545  8142 I DownloadManager: in removeSpuriousFiles, preserving file /data/data/com.android.providers.downloads/cache/metadata-810.htm
07-05 14:01:53.022   545  8142 I DownloadManager: in removeSpuriousFiles, preserving file /data/data/com.android.providers.downloads/cache/metadata-2781.htm
07-05 14:01:53.026   545  8142 I DownloadManager: in removeSpuriousFiles, preserving file /data/data/com.android.providers.downloads/cache/metadata-1382.htm
07-05 14:01:53.026   545  8142 I DownloadManager: in removeSpuriousFiles, preserving file /data/data/com.android.providers.downloads/cache/metadata-1601.htm
07-05 14:01:53.026   545  8142 I DownloadManager: in removeSpuriousFiles, preserving file /data/data/com.android.providers.downloads/cache/metadata-989.htm
07-05 14:01:53.026   545  8142 I DownloadManager: in removeSpuriousFiles, preserving file /data/data/com.android.providers.downloads/cache/metadata-653.htm
07-05 14:01:53.026   545  8142 I DownloadManager: in removeSpuriousFiles, preserving file /data/data/com.android.providers.downloads/cache/metadata-31.htm
07-05 14:01:53.026   545  8142 I DownloadManager: in removeSpuriousFiles, preserving file /data/data/com.android.providers.downloads/cache/metadata-168.htm
07-05 14:01:53.026   545  8142 I DownloadManager: in removeSpuriousFiles, preserving file /data/data/com.android.providers.downloads/cache/metadata-45.htm
07-05 14:01:53.026   545  8142 I DownloadManager: in removeSpuriousFiles, preserving file /data/data/com.android.providers.downloads/cache/metadata-1147.htm
07-05 14:01:53.026   545  8142 I DownloadManager: in removeSpuriousFiles, preserving file /data/data/com.android.providers.downloads/cache/metadata-394.htm
07-05 14:01:53.026   545  8142 I DownloadManager: in removeSpuriousFiles, preserving file /data/data/com.android.providers.downloads/cache/metadata-164.htm
07-05 14:01:53.030   545  8142 I DownloadManager: in removeSpuriousFiles, preserving file /data/data/com.android.providers.downloads/cache/metadata-63.htm
07-05 14:01:53.030   545  8142 I DownloadManager: in removeSpuriousFiles, preserving file /data/data/com.android.providers.downloads/cache/metadata-334.htm
07-05 14:01:53.030   545  8142 I DownloadManager: in removeSpuriousFiles, preserving file /data/data/com.android.providers.downloads/cache/metadata-107.htm
07-05 14:01:53.030   545  8142 I DownloadManager: in removeSpuriousFiles, preserving file /data/data/com.android.providers.downloads/cache/metadata-160.htm
07-05 14:01:53.030   545  8142 I DownloadManager: in removeSpuriousFiles, preserving file /data/data/com.android.providers.downloads/cache/metadata-2280.htm
07-05 14:01:53.030   545  8142 I DownloadManager: in removeSpuriousFiles, preserving file /data/data/com.android.providers.downloads/cache/metadata-117.htm
07-05 14:01:53.030   545  8142 I DownloadManager: in removeSpuriousFiles, preserving file /data/data/com.android.providers.downloads/cache/metadata-118.htm
07-05 14:01:53.030   545  8142 I DownloadManager: in removeSpuriousFiles, preserving file /data/data/com.android.providers.downloads/cache/metadata-169.htm
07-05 14:01:53.030   545  8142 I DownloadManager: in removeSpuriousFiles, preserving file /data/data/com.android.providers.downloads/cache/metadata-210.htm
07-05 14:01:53.030   545  8142 I DownloadManager: in removeSpuriousFiles, preserving file /data/data/com.android.providers.downloads/cache/metadata-265.htm
07-05 14:01:53.030   545  8142 I DownloadManager: in removeSpuriousFiles, preserving file /data/data/com.android.providers.downloads/cache/metadata-85.htm
07-05 14:01:53.030   545  8142 I DownloadManager: in removeSpuriousFiles, preserving file /data/data/com.android.providers.downloads/cache/metadata-172.htm
07-05 14:01:53.030   545  8142 I DownloadManager: in removeSpuriousFiles, preserving file /data/data/com.android.providers.downloads/cache/metadata-1394.htm
07-05 14:01:53.030   545  8142 I DownloadManager: in removeSpuriousFiles, preserving file /data/data/com.android.providers.downloads/cache/metadata-138.htm
07-05 14:01:53.030   545  8142 I DownloadManager: in removeSpuriousFiles, preserving file /data/data/com.android.providers.downloads/cache/metadata-1267.htm
07-05 14:01:53.030   545  8142 I DownloadManager: in removeSpuriousFiles, preserving file /data/data/com.android.providers.downloads/cache/metadata-273.htm
07-05 14:01:53.030   545  8142 I DownloadManager: in removeSpuriousFiles, preserving file /data/data/com.android.providers.downloads/cache/metadata-247.htm
07-05 14:01:53.030   545  8142 I DownloadManager: in removeSpuriousFiles, preserving file /data/data/com.android.providers.downloads/cache/metadata-646.htm
07-05 14:01:53.030   545  8142 I DownloadManager: in removeSpuriousFiles, preserving file /data/data/com.android.providers.downloads/cache/metadata-335.htm
07-05 14:01:53.030   545  8142 I DownloadManager: in removeSpuriousFiles, preserving file /data/data/com.android.providers.downloads/cache/metadata-193.htm
07-05 14:01:53.030   545  8142 I DownloadManager: in removeSpuriousFiles, preserving file /data/data/com.android.providers.downloads/cache/metadata-276.htm
07-05 14:01:53.030   545  8142 I DownloadManager: in removeSpuriousFiles, preserving file /data/data/com.android.providers.downloads/cache/metadata-97.htm
07-05 14:01:53.030   545  8142 I DownloadManager: in removeSpuriousFiles, preserving file /data/data/com.android.providers.downloads/cache/metadata-305.htm
07-05 14:01:53.030   545  8142 I DownloadManager: in removeSpuriousFiles, preserving file /data/data/com.android.providers.downloads/cache/metadata-188.htm
07-05 14:01:53.030   545  8142 I DownloadManager: in removeSpuriousFiles, preserving file /data/data/com.android.providers.downloads/cache/metadata-218.htm
07-05 14:01:53.030   545  8142 I DownloadManager: in removeSpuriousFiles, preserving file /data/data/com.android.providers.downloads/cache/metadata-480.htm
07-05 14:01:53.030   545  8142 I DownloadManager: in removeSpuriousFiles, preserving file /data/data/com.android.providers.downloads/cache/metadata-133.htm
07-05 14:01:53.034   545  8142 I DownloadManager: in removeSpuriousFiles, preserving file /data/data/com.android.providers.downloads/cache/metadata-2803.htm
07-05 14:01:53.034   545  8142 I DownloadManager: in removeSpuriousFiles, preserving file /data/data/com.android.providers.downloads/cache/metadata-326.htm
07-05 14:01:53.034   545  8142 I DownloadManager: in removeSpuriousFiles, preserving file /data/data/com.android.providers.downloads/cache/metadata-281.htm
07-05 14:01:53.034   545  8142 I DownloadManager: in removeSpuriousFiles, preserving file /data/data/com.android.providers.downloads/cache/metadata-136.htm
07-05 14:01:53.034   545  8142 I DownloadManager: in removeSpuriousFiles, preserving file /data/data/com.android.providers.downloads/cache/metadata-368.htm
07-05 14:01:53.034   545  8142 I DownloadManager: in removeSpuriousFiles, preserving file /data/data/com.android.providers.downloads/cache/metadata-170.htm
07-05 14:01:53.034   545  8142 I DownloadManager: in removeSpuriousFiles, preserving file /data/data/com.android.providers.downloads/cache/metadata-314.htm
07-05 14:01:53.034   545  8142 I DownloadManager: in removeSpuriousFiles, preserving file /data/data/com.android.providers.downloads/cache/metadata-2053.htm
07-05 14:01:53.034   545  8142 I DownloadManager: in removeSpuriousFiles, preserving file /data/data/com.android.providers.downloads/cache/metadata-144.htm
07-05 14:01:53.034   545  8142 I DownloadManager: in removeSpuriousFiles, preserving file /data/data/com.android.providers.downloads/cache/metadata-427.htm
07-05 14:01:53.034   545  8142 I DownloadManager: in removeSpuriousFiles, preserving file /data/data/com.android.providers.downloads/cache/metadata-1560.htm
07-05 14:01:53.034   545  8142 I DownloadManager: in removeSpuriousFiles, preserving file /data/data/com.android.providers.downloads/cache/metadata-237.htm
07-05 14:01:53.034   545  8142 I DownloadManager: in removeSpuriousFiles, preserving file /data/data/com.android.providers.downloads/cache/metadata-1409.htm
07-05 14:01:53.034   545  8142 I DownloadManager: in removeSpuriousFiles, preserving file /data/data/com.android.providers.downloads/cache/metadata-1893.htm
07-05 14:01:53.034   545  8142 I DownloadManager: in removeSpuriousFiles, preserving file /data/data/com.android.providers.downloads/cache/metadata-1232.htm
07-05 14:01:53.034   545  8142 I DownloadManager: in removeSpuriousFiles, preserving file /data/data/com.android.providers.downloads/cache/metadata-1903.htm
07-05 14:01:53.034   545  8142 I DownloadManager: in removeSpuriousFiles, preserving file /data/data/com.android.providers.downloads/cache/metadata-360.htm
07-05 14:01:53.034   545  8142 I DownloadManager: in removeSpuriousFiles, preserving file /data/data/com.android.providers.downloads/cache/metadata-418.htm
07-05 14:01:53.034   545  8142 I DownloadManager: in removeSpuriousFiles, preserving file /data/data/com.android.providers.downloads/cache/metadata-115.htm
07-05 14:01:53.038   545  8142 I DownloadManager: in removeSpuriousFiles, preserving file /data/data/com.android.providers.downloads/cache/metadata-121.htm
07-05 14:01:53.038   545  8142 I DownloadManager: in removeSpuriousFiles, preserving file /data/data/com.android.providers.downloads/cache/metadata-375.htm
07-05 14:01:53.038   545  8142 I DownloadManager: in removeSpuriousFiles, preserving file /data/data/com.android.providers.downloads/cache/metadata-1621.htm
07-05 14:01:53.038   545  8142 I DownloadManager: in removeSpuriousFiles, preserving file /data/data/com.android.providers.downloads/cache/metadata-234.htm
07-05 14:01:53.038   545  8142 I DownloadManager: in removeSpuriousFiles, preserving file /data/data/com.android.providers.downloads/cache/metadata-127.htm
07-05 14:01:53.038   545  8142 I DownloadManager: in removeSpuriousFiles, preserving file /data/data/com.android.providers.downloads/cache/metadata-1351.htm
07-05 14:01:53.038   545  8142 I DownloadManager: in removeSpuriousFiles, preserving file /data/data/com.android.providers.downloads/cache/metadata-446.htm
07-05 14:01:53.038   545  8142 I DownloadManager: in removeSpuriousFiles, preserving file /data/data/com.android.providers.downloads/cache/metadata-289.htm
07-05 14:01:53.038   545  8142 I DownloadManager: in removeSpuriousFiles, preserving file /data/data/com.android.providers.downloads/cache/metadata-1437.htm
07-05 14:01:53.038   545  8142 I DownloadManager: in removeSpuriousFiles, preserving file /data/data/com.android.providers.downloads/cache/metadata-388.htm
07-05 14:01:53.038   545  8142 I DownloadManager: in removeSpuriousFiles, preserving file /data/data/com.android.providers.downloads/cache/metadata-386.htm
07-05 14:01:53.038   545  8142 I DownloadManager: in removeSpuriousFiles, preserving file /data/data/com.android.providers.downloads/cache/metadata-1512.htm
07-05 14:01:53.038   545  8142 I DownloadManager: in removeSpuriousFiles, preserving file /data/data/com.android.providers.downloads/cache/metadata-1667.htm
07-05 14:01:53.038   545  8142 I DownloadManager: in removeSpuriousFiles, preserving file /data/data/com.android.providers.downloads/cache/metadata-593.htm
07-05 14:01:53.042   545  8142 I DownloadManager: in removeSpuriousFiles, preserving file /data/data/com.android.providers.downloads/cache/metadata-240.htm
07-05 14:01:53.042   545  8142 I DownloadManager: in removeSpuriousFiles, preserving file /data/data/com.android.providers.downloads/cache/metadata-397.htm
07-05 14:01:53.042   545  8142 I DownloadManager: in removeSpuriousFiles, preserving file /data/data/com.android.providers.downloads/cache/metadata-212.htm
07-05 14:01:53.042   545  8142 I DownloadManager: in removeSpuriousFiles, preserving file /data/data/com.android.providers.downloads/cache/metadata-211.htm
07-05 14:01:53.042   545  8142 I DownloadManager: in removeSpuriousFiles, preserving file /data/data/com.android.providers.downloads/cache/metadata-269.htm
07-05 14:01:53.042   545  8142 I DownloadManager: in removeSpuriousFiles, preserving file /data/data/com.android.providers.downloads/cache/metadata-187.htm
07-05 14:01:53.042   545  8142 I DownloadManager: in removeSpuriousFiles, preserving file /data/data/com.android.providers.downloads/cache/metadata-349.htm
07-05 14:01:53.042   545  8142 I DownloadManager: in removeSpuriousFiles, preserving file /data/data/com.android.providers.downloads/cache/metadata-1150.htm
07-05 14:01:53.046   545  8142 I DownloadManager: in removeSpuriousFiles, preserving file /data/data/com.android.providers.downloads/cache/metadata-283.htm
07-05 14:01:53.046   545  8142 I DownloadManager: in removeSpuriousFiles, preserving file /data/data/com.android.providers.downloads/cache/metadata-419.htm
07-05 14:01:53.046   545  8142 I DownloadManager: in removeSpuriousFiles, preserving file /data/data/com.android.providers.downloads/cache/metadata-202.htm
07-05 14:01:53.046   545  8142 I DownloadManager: in removeSpuriousFiles, preserving file /data/data/com.android.providers.downloads/cache/metadata-399.htm
07-05 14:01:53.046   545  8142 I DownloadManager: in removeSpuriousFiles, preserving file /data/data/com.android.providers.downloads/cache/metadata-612.htm
