07-05 14:50:47.051   156   514 D dalvikvm: GC_EXPLICIT freed 677K, 12% free 14099K/16007K, paused 3ms+6ms
07-05 14:50:47.059   545 18390 I DownloadManager: Initiating request for download 6011
07-05 14:50:47.134   545   548 D dalvikvm: GC_CONCURRENT freed 314K, 10% free 10629K/11719K, paused 2ms+3ms
07-05 14:50:47.255   545   548 D dalvikvm: GC_CONCURRENT freed 292K, 8% free 10806K/11719K, paused 2ms+3ms
07-05 14:50:47.423   545   548 D dalvikvm: GC_CONCURRENT freed 746K, 11% free 10533K/11719K, paused 1ms+2ms
07-05 14:50:47.712   545   548 D dalvikvm: GC_CONCURRENT freed 437K, 11% free 10492K/11719K, paused 2ms+2ms
07-05 14:50:47.977   545   548 D dalvikvm: GC_CONCURRENT freed 410K, 11% free 10470K/11719K, paused 1ms+2ms
07-05 14:50:48.118   545 18393 I DownloadManager: Initiating request for download 6012
07-05 14:50:48.212   545   548 D dalvikvm: GC_CONCURRENT freed 221K, 9% free 10672K/11719K, paused 2ms+3ms
07-05 14:50:48.341   545   548 D dalvikvm: GC_CONCURRENT freed 308K, 8% free 10848K/11719K, paused 1ms+2ms
07-05 14:50:48.591  1370 18395 E DictionaryProvider:UpdateHandler: Can't read a file : android.util.MalformedJsonException: Use JsonReader.setLenient(true) to accept malformed JSON at line 1 column 20
07-05 14:50:48.610   545   548 D dalvikvm: GC_CONCURRENT freed 843K, 11% free 10518K/11719K, paused 2ms+3ms
07-05 14:50:48.887   545   548 D dalvikvm: GC_CONCURRENT freed 428K, 11% free 10481K/11719K, paused 2ms+2ms
07-05 14:50:49.153   545   548 D dalvikvm: GC_CONCURRENT freed 405K, 11% free 10467K/11719K, paused 2ms+2ms
07-05 14:50:49.192   545 18398 I DownloadManager: Initiating request for download 6012
07-05 14:50:49.274   545 17765 D dalvikvm: GC_EXPLICIT freed 144K, 9% free 10768K/11719K, paused 2ms+6ms
07-05 14:50:49.403   545   548 D dalvikvm: GC_CONCURRENT freed 459K, 8% free 10784K/11719K, paused 2ms+2ms
07-05 14:50:49.696   545   548 D dalvikvm: GC_CONCURRENT freed 757K, 11% free 10493K/11719K, paused 2ms+2ms
07-05 14:50:49.973   545   548 D dalvikvm: GC_CONCURRENT freed 404K, 11% free 10475K/11719K, paused 2ms+2ms
07-05 14:50:50.180   545 18401 I DownloadManager: Initiating request for download 6013
07-05 14:50:50.247   545   548 D dalvikvm: GC_CONCURRENT freed 336K, 11% free 10539K/11719K, paused 2ms+3ms
07-05 14:50:50.376   545   548 D dalvikvm: GC_CONCURRENT freed 207K, 9% free 10768K/11719K, paused 2ms+2ms
07-05 14:50:50.512   545   548 D dalvikvm: GC_CONCURRENT freed 466K, 8% free 10785K/11719K, paused 2ms+3ms
07-05 14:50:50.661  1370 18403 E DictionaryProvider:UpdateHandler: Can't read a file : android.util.MalformedJsonException: Use JsonReader.setLenient(true) to accept malformed JSON at line 1 column 20
07-05 14:50:50.856   545   548 D dalvikvm: GC_CONCURRENT freed 753K, 11% free 10498K/11719K, paused 2ms+3ms
07-05 14:50:51.134   545   548 D dalvikvm: GC_CONCURRENT freed 415K, 11% free 10473K/11719K, paused 2ms+3ms
07-05 14:50:51.270   545 18406 I DownloadManager: Initiating request for download 6013
07-05 14:50:51.368   545   548 D dalvikvm: GC_CONCURRENT freed 263K, 9% free 10720K/11719K, paused 2ms+3ms
07-05 14:50:51.493   545   548 D dalvikvm: GC_CONCURRENT freed 357K, 8% free 10862K/11719K, paused 2ms+2ms
07-05 14:50:51.751   545   548 D dalvikvm: GC_CONCURRENT freed 855K, 11% free 10499K/11719K, paused 1ms+2ms
07-05 14:50:52.020   545   548 D dalvikvm: GC_CONCURRENT freed 403K, 11% free 10482K/11719K, paused 2ms+3ms
07-05 14:50:52.270   545 18409 I DownloadManager: Initiating request for download 6014
07-05 14:50:52.325   545   548 D dalvikvm: GC_CONCURRENT freed 392K, 11% free 10483K/11719K, paused 2ms+3ms
07-05 14:50:52.458   545   548 D dalvikvm: GC_CONCURRENT freed 171K, 9% free 10748K/11719K, paused 2ms+3ms
07-05 14:50:52.591   545   548 D dalvikvm: GC_CONCURRENT freed 434K, 8% free 10809K/11719K, paused 2ms+3ms
07-05 14:50:52.751  1370 18411 E DictionaryProvider:UpdateHandler: Can't read a file : android.util.MalformedJsonException: Use JsonReader.setLenient(true) to accept malformed JSON at line 1 column 20
07-05 14:50:52.938   545   548 D dalvikvm: GC_CONCURRENT freed 780K, 11% free 10509K/11719K, paused 2ms+3ms
07-05 14:50:53.196   545   548 D dalvikvm: GC_CONCURRENT freed 421K, 11% free 10478K/11719K, paused 2ms+2ms
07-05 14:50:53.364   545 18414 I DownloadManager: Initiating request for download 6014
07-05 14:50:53.446   545   548 D dalvikvm: GC_CONCURRENT freed 293K, 10% free 10641K/11719K, paused 1ms+3ms
07-05 14:50:53.563   545   548 D dalvikvm: GC_CONCURRENT freed 292K, 8% free 10822K/11719K, paused 2ms+3ms
07-05 14:50:53.743   545   548 D dalvikvm: GC_CONCURRENT freed 765K, 11% free 10541K/11719K, paused 2ms+2ms
07-05 14:50:53.825  1370  1372 D dalvikvm: GC_CONCURRENT freed 394K, 7% free 9126K/9735K, paused 1ms+3ms
07-05 14:50:54.055   545   548 D dalvikvm: GC_CONCURRENT freed 437K, 11% free 10495K/11719K, paused 1ms+3ms
07-05 14:50:54.341   545   548 D dalvikvm: GC_CONCURRENT freed 410K, 11% free 10475K/11719K, paused 2ms+2ms
07-05 14:50:54.450   545 18417 I DownloadManager: Initiating request for download 6015
07-05 14:50:54.548   545   548 D dalvikvm: GC_CONCURRENT freed 214K, 9% free 10748K/11719K, paused 2ms+3ms
07-05 14:50:54.676   545   548 D dalvikvm: GC_CONCURRENT freed 366K, 8% free 10890K/11719K, paused 2ms+2ms
07-05 14:50:54.868  1370 18419 E DictionaryProvider:UpdateHandler: Can't read a file : android.util.MalformedJsonException: Use JsonReader.setLenient(true) to accept malformed JSON at line 1 column 20
07-05 14:50:54.997   545   548 D dalvikvm: GC_CONCURRENT freed 884K, 11% free 10508K/11719K, paused 1ms+2ms
07-05 14:50:55.274   545   548 D dalvikvm: GC_CONCURRENT freed 414K, 11% free 10484K/11719K, paused 2ms+3ms
07-05 14:50:55.473   545 18422 I DownloadManager: Initiating request for download 6015
07-05 14:50:55.524   545   548 D dalvikvm: GC_CONCURRENT freed 354K, 10% free 10551K/11719K, paused 2ms+3ms
07-05 14:50:55.645   545   548 D dalvikvm: GC_CONCURRENT freed 208K, 9% free 10780K/11719K, paused 2ms+3ms
07-05 14:50:55.786   545   548 D dalvikvm: GC_CONCURRENT freed 472K, 8% free 10795K/11719K, paused 2ms+2ms
07-05 14:50:56.106   545   548 D dalvikvm: GC_CONCURRENT freed 762K, 11% free 10505K/11719K, paused 2ms+2ms
07-05 14:50:56.360   545   548 D dalvikvm: GC_CONCURRENT freed 415K, 11% free 10481K/11719K, paused 1ms+2ms
07-05 14:50:56.505   545 18425 I DownloadManager: Initiating request for download 6016
07-05 14:50:56.602   545   548 D dalvikvm: GC_CONCURRENT freed 238K, 9% free 10678K/11719K, paused 2ms+2ms
07-05 14:50:56.727   545   548 D dalvikvm: GC_CONCURRENT freed 314K, 8% free 10849K/11719K, paused 2ms+2ms
07-05 14:50:56.930  1370 18427 E DictionaryProvider:UpdateHandler: Can't read a file : android.util.MalformedJsonException: Use JsonReader.setLenient(true) to accept malformed JSON at line 1 column 20
07-05 14:50:56.966   545   548 D dalvikvm: GC_CONCURRENT freed 829K, 11% free 10526K/11719K, paused 2ms+3ms
07-05 14:50:57.247   545   548 D dalvikvm: GC_CONCURRENT freed 424K, 11% free 10492K/11719K, paused 2ms+2ms
07-05 14:50:57.512   545   548 D dalvikvm: GC_CONCURRENT freed 405K, 11% free 10478K/11719K, paused 2ms+3ms
07-05 14:50:57.563   545 18430 I DownloadManager: Initiating request for download 6016
07-05 14:50:57.665   545   548 D dalvikvm: GC_CONCURRENT freed 189K, 9% free 10725K/11719K, paused 2ms+3ms
07-05 14:50:57.794   545   548 D dalvikvm: GC_CONCURRENT freed 321K, 7% free 10903K/11719K, paused 2ms+6ms
07-05 14:50:58.098   545   548 D dalvikvm: GC_CONCURRENT freed 898K, 11% free 10510K/11719K, paused 2ms+3ms
07-05 14:50:58.372   545   548 D dalvikvm: GC_CONCURRENT freed 414K, 11% free 10486K/11719K, paused 1ms+2ms
07-05 14:50:58.591   545 18433 I DownloadManager: Initiating request for download 6017
07-05 14:50:58.661   545   548 D dalvikvm: GC_CONCURRENT freed 326K, 10% free 10557K/11719K, paused 2ms+2ms
07-05 14:50:58.778   545   548 D dalvikvm: GC_CONCURRENT freed 209K, 8% free 10785K/11719K, paused 2ms+3ms
07-05 14:50:58.915   545   548 D dalvikvm: GC_CONCURRENT freed 474K, 8% free 10799K/11719K, paused 1ms+3ms
07-05 14:50:59.212   545   548 D dalvikvm: GC_CONCURRENT freed 741K, 11% free 10531K/11719K, paused 2ms+2ms
07-05 14:50:59.481   545   548 D dalvikvm: GC_CONCURRENT freed 431K, 11% free 10491K/11719K, paused 1ms+3ms
07-05 14:51:00.610  1370 18435 E DictionaryProvider:UpdateHandler: Can't read a file : android.util.MalformedJsonException: Use JsonReader.setLenient(true) to accept malformed JSON at line 1 column 20
07-05 14:51:00.739   545   548 D dalvikvm: GC_CONCURRENT freed 356K, 11% free 10526K/11719K, paused 1ms+3ms
07-05 14:51:00.887   465   467 D dalvikvm: GC_CONCURRENT freed 398K, 6% free 10503K/11143K, paused 2ms+3ms
07-05 14:51:01.059   545   548 D dalvikvm: GC_CONCURRENT freed 418K, 11% free 10498K/11719K, paused 2ms+2ms
07-05 14:51:01.325   545   548 D dalvikvm: GC_CONCURRENT freed 405K, 11% free 10484K/11719K, paused 2ms+2ms
07-05 14:51:01.637   545   548 D dalvikvm: GC_CONCURRENT freed 363K, 11% free 10512K/11719K, paused 2ms+2ms
07-05 14:51:01.895   545   548 D dalvikvm: GC_CONCURRENT freed 405K, 11% free 10496K/11719K, paused 2ms+2ms
07-05 14:51:01.942   156   594 D AlarmManagerService: Kernel timezone updated to 240 minutes west of GMT
07-05 14:51:02.176   545   548 D dalvikvm: GC_CONCURRENT freed 401K, 11% free 10487K/11719K, paused 1ms+3ms
07-05 14:51:02.278   545 18438 I DownloadManager: Initiating request for download 6018
07-05 14:51:02.415   545   548 D dalvikvm: GC_CONCURRENT freed 193K, 9% free 10731K/11719K, paused 2ms+2ms
07-05 14:51:02.540   545   548 D dalvikvm: GC_CONCURRENT freed 321K, 7% free 10908K/11719K, paused 2ms+2ms
07-05 14:51:02.727  1370 18440 E DictionaryProvider:UpdateHandler: Can't read a file : android.util.MalformedJsonException: Use JsonReader.setLenient(true) to accept malformed JSON at line 1 column 20
07-05 14:51:02.868   545   548 D dalvikvm: GC_CONCURRENT freed 900K, 11% free 10515K/11719K, paused 2ms+3ms
07-05 14:51:03.130   545   548 D dalvikvm: GC_CONCURRENT freed 414K, 11% free 10492K/11719K, paused 2ms+3ms
07-05 14:51:03.321   545 18443 I DownloadManager: Initiating request for download 6018
07-05 14:51:03.399   545   548 D dalvikvm: GC_CONCURRENT freed 344K, 10% free 10645K/11719K, paused 2ms+3ms
07-05 14:51:03.524   545   548 D dalvikvm: GC_CONCURRENT freed 287K, 8% free 10833K/11719K, paused 2ms+3ms
07-05 14:51:03.700   545   548 D dalvikvm: GC_CONCURRENT freed 769K, 10% free 10552K/11719K, paused 2ms+2ms
07-05 14:51:03.966   545   548 D dalvikvm: GC_CONCURRENT freed 401K, 11% free 10538K/11719K, paused 1ms+2ms
07-05 14:51:04.255   545   548 D dalvikvm: GC_CONCURRENT freed 434K, 11% free 10491K/11719K, paused 2ms+2ms
07-05 14:51:04.384   545 18446 I DownloadManager: Initiating request for download 6019
07-05 14:51:04.481   545   548 D dalvikvm: GC_CONCURRENT freed 223K, 9% free 10696K/11719K, paused 3ms+2ms
07-05 14:51:04.606   545   548 D dalvikvm: GC_CONCURRENT freed 314K, 8% free 10871K/11719K, paused 2ms+3ms
07-05 14:51:04.848  1370 18448 E DictionaryProvider:UpdateHandler: Can't read a file : android.util.MalformedJsonException: Use JsonReader.setLenient(true) to accept malformed JSON at line 1 column 20
07-05 14:51:04.872  1370  1372 D dalvikvm: GC_CONCURRENT freed 430K, 7% free 9140K/9735K, paused 2ms+2ms
07-05 14:51:04.895   545   548 D dalvikvm: GC_CONCURRENT freed 858K, 11% free 10532K/11719K, paused 2ms+3ms
07-05 14:51:05.169   545   548 D dalvikvm: GC_CONCURRENT freed 424K, 11% free 10498K/11719K, paused 2ms+3ms
07-05 14:51:05.434   545   548 D dalvikvm: GC_CONCURRENT freed 405K, 11% free 10483K/11719K, paused 2ms+2ms
07-05 14:51:05.473   545 18451 I DownloadManager: Initiating request for download 6019
07-05 14:51:05.591   545   548 D dalvikvm: GC_CONCURRENT freed 171K, 9% free 10748K/11719K, paused 1ms+3ms
07-05 14:51:05.712   545   548 D dalvikvm: GC_CONCURRENT freed 326K, 7% free 10913K/11719K, paused 1ms+3ms
07-05 14:51:06.036   545   548 D dalvikvm: GC_CONCURRENT freed 908K, 11% free 10511K/11719K, paused 2ms+3ms
07-05 14:51:06.305   545   548 D dalvikvm: GC_CONCURRENT freed 409K, 11% free 10492K/11719K, paused 1ms+3ms
07-05 14:51:06.583   156   512 D dalvikvm: GC_EXPLICIT freed 516K, 12% free 14097K/16007K, paused 3ms+7ms
07-05 14:51:06.587   545 18454 I DownloadManager: Initiating request for download 6020
07-05 14:51:06.665   545   548 D dalvikvm: GC_CONCURRENT freed 302K, 10% free 10647K/11719K, paused 2ms+3ms
07-05 14:51:06.790   545   548 D dalvikvm: GC_CONCURRENT freed 302K, 8% free 10820K/11719K, paused 2ms+4ms
07-05 14:51:06.973   545   548 D dalvikvm: GC_CONCURRENT freed 763K, 11% free 10540K/11719K, paused 1ms+2ms
07-05 14:51:07.044  1370 18456 E DictionaryProvider:UpdateHandler: Can't read a file : android.util.MalformedJsonException: Use JsonReader.setLenient(true) to accept malformed JSON at line 1 column 20
07-05 14:51:07.286   545   548 D dalvikvm: GC_CONCURRENT freed 430K, 11% free 10501K/11719K, paused 2ms+2ms
07-05 14:51:07.551   545   548 D dalvikvm: GC_CONCURRENT freed 415K, 11% free 10477K/11719K, paused 2ms+2ms
07-05 14:51:07.669   545 18459 I DownloadManager: Initiating request for download 6020
07-05 14:51:07.751   545   548 D dalvikvm: GC_CONCURRENT freed 233K, 9% free 10680K/11719K, paused 2ms+3ms
07-05 14:51:07.876   545   548 D dalvikvm: GC_CONCURRENT freed 308K, 8% free 10857K/11719K, paused 2ms+3ms
07-05 14:51:08.106   545   548 D dalvikvm: GC_CONCURRENT freed 839K, 11% free 10509K/11719K, paused 2ms+3ms
07-05 14:51:08.384   545   548 D dalvikvm: GC_CONCURRENT freed 411K, 11% free 10488K/11719K, paused 2ms+2ms
07-05 14:51:08.649   545   548 D dalvikvm: GC_CONCURRENT freed 401K, 11% free 10477K/11719K, paused 2ms+2ms
07-05 14:51:09.376   545 18462 I DownloadManager: Initiating request for download 6021
07-05 14:51:09.497   545   548 D dalvikvm: GC_CONCURRENT freed 185K, 9% free 10728K/11719K, paused 2ms+3ms
07-05 14:51:09.626   545   548 D dalvikvm: GC_CONCURRENT freed 322K, 7% free 10904K/11719K, paused 2ms+3ms
07-05 14:51:09.747   682  1055 E GTalkService: connectionClosed: no XMPPConnection - That's strange!
07-05 14:51:09.825  1370 18464 E DictionaryProvider:UpdateHandler: Can't read a file : android.util.MalformedJsonException: Use JsonReader.setLenient(true) to accept malformed JSON at line 1 column 20
07-05 14:51:09.973   545   548 D dalvikvm: GC_CONCURRENT freed 899K, 11% free 10509K/11719K, paused 2ms+2ms
07-05 14:51:10.243   545   548 D dalvikvm: GC_CONCURRENT freed 411K, 11% free 10485K/11719K, paused 2ms+2ms
07-05 14:51:10.438   545 18467 I DownloadManager: Initiating request for download 6021
07-05 14:51:10.493   545   548 D dalvikvm: GC_CONCURRENT freed 354K, 10% free 10551K/11719K, paused 1ms+2ms
07-05 14:51:10.610   545   548 D dalvikvm: GC_CONCURRENT freed 206K, 9% free 10779K/11719K, paused 2ms+3ms
07-05 14:51:10.751   545   548 D dalvikvm: GC_CONCURRENT freed 469K, 8% free 10797K/11719K, paused 2ms+2ms
07-05 14:51:11.079   545   548 D dalvikvm: GC_CONCURRENT freed 768K, 11% free 10508K/11719K, paused 2ms+3ms
07-05 14:51:11.341   545   548 D dalvikvm: GC_CONCURRENT freed 419K, 11% free 10480K/11719K, paused 2ms+2ms
07-05 14:51:11.509   545 18470 I DownloadManager: Initiating request for download 6022
07-05 14:51:11.598   545   548 D dalvikvm: GC_CONCURRENT freed 241K, 9% free 10675K/11719K, paused 2ms+3ms
07-05 14:51:11.727   545   548 D dalvikvm: GC_CONCURRENT freed 303K, 8% free 10849K/11719K, paused 2ms+2ms
07-05 14:51:11.938   545   548 D dalvikvm: GC_CONCURRENT freed 823K, 11% free 10514K/11719K, paused 2ms+3ms
07-05 14:51:11.985  1370 18472 E DictionaryProvider:UpdateHandler: Can't read a file : android.util.MalformedJsonException: Use JsonReader.setLenient(true) to accept malformed JSON at line 1 column 20
07-05 14:51:12.235   545   548 D dalvikvm: GC_CONCURRENT freed 395K, 11% free 10507K/11719K, paused 2ms+2ms
07-05 14:51:12.501   545   548 D dalvikvm: GC_CONCURRENT freed 417K, 11% free 10481K/11719K, paused 1ms+2ms
07-05 14:51:12.583   545 18475 I DownloadManager: Initiating request for download 6022
07-05 14:51:12.665   545   548 D dalvikvm: GC_CONCURRENT freed 205K, 9% free 10705K/11719K, paused 2ms+2ms
07-05 14:51:12.751   156   330 D ConnectivityService: handleInetConditionHoldEnd: net=1, condition=0, published condition=0
07-05 14:51:12.794   545   548 D dalvikvm: GC_CONCURRENT freed 305K, 8% free 10884K/11719K, paused 2ms+3ms
07-05 14:51:13.063   545   548 D dalvikvm: GC_CONCURRENT freed 876K, 11% free 10508K/11719K, paused 1ms+2ms
07-05 14:51:13.329   545   548 D dalvikvm: GC_CONCURRENT freed 408K, 11% free 10491K/11719K, paused 2ms+2ms
07-05 14:51:13.591   545   548 D dalvikvm: GC_CONCURRENT freed 393K, 11% free 10483K/11719K, paused 2ms+3ms
07-05 14:51:13.626   545 18478 I DownloadManager: Initiating request for download 6023
07-05 14:51:13.727   545   548 D dalvikvm: GC_CONCURRENT freed 168K, 9% free 10752K/11719K, paused 2ms+2ms
07-05 14:51:13.856   545   548 D dalvikvm: GC_CONCURRENT freed 426K, 8% free 10803K/11719K, paused 2ms+6ms
07-05 14:51:14.024  1370 18480 E DictionaryProvider:UpdateHandler: Can't read a file : android.util.MalformedJsonException: Use JsonReader.setLenient(true) to accept malformed JSON at line 1 column 20
07-05 14:51:14.059  1370  1372 D dalvikvm: GC_CONCURRENT freed 398K, 7% free 9130K/9735K, paused 1ms+2ms
07-05 14:51:14.204   545   548 D dalvikvm: GC_CONCURRENT freed 755K, 11% free 10517K/11719K, paused 2ms+2ms
07-05 14:51:14.477   545   548 D dalvikvm: GC_CONCURRENT freed 417K, 11% free 10491K/11719K, paused 1ms+2ms
07-05 14:51:14.676   545 18483 I DownloadManager: Initiating request for download 6023
07-05 14:51:14.727   545   548 D dalvikvm: GC_CONCURRENT freed 361K, 10% free 10556K/11719K, paused 2ms+2ms
07-05 14:51:14.848   545   548 D dalvikvm: GC_CONCURRENT freed 207K, 8% free 10785K/11719K, paused 2ms+3ms
07-05 14:51:14.985   545   548 D dalvikvm: GC_CONCURRENT freed 471K, 8% free 10804K/11719K, paused 2ms+2ms
07-05 14:51:15.301   545   548 D dalvikvm: GC_CONCURRENT freed 772K, 11% free 10504K/11719K, paused 2ms+3ms
07-05 14:51:15.567   545   548 D dalvikvm: GC_CONCURRENT freed 408K, 11% free 10486K/11719K, paused 2ms+2ms
07-05 14:51:15.719   545 18486 I DownloadManager: Initiating request for download 6024
07-05 14:51:15.809   545   548 D dalvikvm: GC_CONCURRENT freed 250K, 9% free 10681K/11719K, paused 2ms+3ms
07-05 14:51:15.950   545   548 D dalvikvm: GC_CONCURRENT freed 303K, 8% free 10848K/11719K, paused 2ms+3ms
07-05 14:51:16.149   545   548 D dalvikvm: GC_CONCURRENT freed 818K, 11% free 10520K/11719K, paused 2ms+2ms
07-05 14:51:16.192  1370 18488 E DictionaryProvider:UpdateHandler: Can't read a file : android.util.MalformedJsonException: Use JsonReader.setLenient(true) to accept malformed JSON at line 1 column 20
07-05 14:51:16.450   545   548 D dalvikvm: GC_CONCURRENT freed 401K, 11% free 10510K/11719K, paused 2ms+3ms
07-05 14:51:16.716   545   548 D dalvikvm: GC_CONCURRENT freed 415K, 11% free 10486K/11719K, paused 2ms+2ms
07-05 14:51:16.805   545 18491 I DownloadManager: Initiating request for download 6024
07-05 14:51:16.899   545   548 D dalvikvm: GC_CONCURRENT freed 210K, 9% free 10711K/11719K, paused 3ms+3ms
07-05 14:51:17.024   545   548 D dalvikvm: GC_CONCURRENT freed 323K, 8% free 10884K/11719K, paused 1ms+3ms
07-05 14:51:17.286   545   548 D dalvikvm: GC_CONCURRENT freed 871K, 11% free 10514K/11719K, paused 2ms+2ms
07-05 14:51:17.555   545   548 D dalvikvm: GC_CONCURRENT freed 409K, 11% free 10500K/11719K, paused 2ms+2ms
07-05 14:51:17.817   545 18494 I DownloadManager: Initiating request for download 6025
07-05 14:51:17.864   545   548 D dalvikvm: GC_CONCURRENT freed 407K, 11% free 10504K/11719K, paused 2ms+3ms
07-05 14:51:18.005   545   548 D dalvikvm: GC_CONCURRENT freed 187K, 8% free 10791K/11719K, paused 2ms+3ms
07-05 14:51:18.137   545   548 D dalvikvm: GC_CONCURRENT freed 457K, 8% free 10810K/11719K, paused 2ms+2ms
07-05 14:51:18.305  1370 18496 E DictionaryProvider:UpdateHandler: Can't read a file : android.util.MalformedJsonException: Use JsonReader.setLenient(true) to accept malformed JSON at line 1 column 20
07-05 14:51:18.473   545   548 D dalvikvm: GC_CONCURRENT freed 768K, 11% free 10518K/11719K, paused 2ms+3ms
07-05 14:51:18.747   545   548 D dalvikvm: GC_CONCURRENT freed 415K, 11% free 10500K/11719K, paused 2ms+2ms
07-05 14:51:18.907   545 18499 I DownloadManager: Initiating request for download 6025
07-05 14:51:18.989   545   548 D dalvikvm: GC_CONCURRENT freed 288K, 9% free 10671K/11719K, paused 2ms+3ms
07-05 14:51:19.110   545   548 D dalvikvm: GC_CONCURRENT freed 308K, 8% free 10848K/11719K, paused 2ms+3ms
07-05 14:51:19.298   545   548 D dalvikvm: GC_CONCURRENT freed 787K, 10% free 10555K/11719K, paused 2ms+2ms
07-05 14:51:19.403   682   682 I GTalkService/c: [AndroidEndpoint@1095403848] connect: acct=1000001, state=CONNECTING
07-05 14:51:19.598   545   548 D dalvikvm: GC_CONCURRENT freed 436K, 11% free 10510K/11719K, paused 2ms+3ms
07-05 14:51:19.864   545   548 D dalvikvm: GC_CONCURRENT freed 409K, 11% free 10491K/11719K, paused 2ms+3ms
07-05 14:51:19.973   545 18503 I DownloadManager: Initiating request for download 6026
07-05 14:51:20.075   545   548 D dalvikvm: GC_CONCURRENT freed 200K, 9% free 10711K/11719K, paused 3ms+2ms
07-05 14:51:20.204   545   548 D dalvikvm: GC_CONCURRENT freed 302K, 7% free 10914K/11719K, paused 2ms+2ms
07-05 14:51:20.454   545  7239 D dalvikvm: GC_EXPLICIT freed 843K, 11% free 10540K/11719K, paused 2ms+3ms
07-05 14:51:20.462  1370 18505 E DictionaryProvider:UpdateHandler: Can't read a file : android.util.MalformedJsonException: Use JsonReader.setLenient(true) to accept malformed JSON at line 1 column 20
07-05 14:51:20.739   545   548 D dalvikvm: GC_CONCURRENT freed 423K, 11% free 10513K/11719K, paused 2ms+3ms
07-05 14:51:21.012   545   548 D dalvikvm: GC_CONCURRENT freed 414K, 11% free 10490K/11719K, paused 2ms+2ms
07-05 14:51:21.055   545 18508 I DownloadManager: Initiating request for download 6026
07-05 14:51:21.161   545   548 D dalvikvm: GC_CONCURRENT freed 180K, 9% free 10747K/11719K, paused 2ms+3ms
07-05 14:51:21.298   545   548 D dalvikvm: GC_CONCURRENT freed 330K, 7% free 10923K/11719K, paused 2ms+3ms
07-05 14:51:21.591   545   548 D dalvikvm: GC_CONCURRENT freed 920K, 11% free 10516K/11719K, paused 2ms+2ms
07-05 14:51:21.856   545   548 D dalvikvm: GC_CONCURRENT freed 409K, 11% free 10498K/11719K, paused 2ms+3ms
07-05 14:51:22.071   545 18511 I DownloadManager: Initiating request for download 6027
07-05 14:51:22.137   545   548 D dalvikvm: GC_CONCURRENT freed 317K, 10% free 10569K/11719K, paused 2ms+2ms
07-05 14:51:22.255   545   548 D dalvikvm: GC_CONCURRENT freed 204K, 8% free 10794K/11719K, paused 2ms+2ms
07-05 14:51:22.387   545   548 D dalvikvm: GC_CONCURRENT freed 464K, 8% free 10815K/11719K, paused 2ms+3ms
07-05 14:51:22.551  1370 18513 E DictionaryProvider:UpdateHandler: Can't read a file : android.util.MalformedJsonException: Use JsonReader.setLenient(true) to accept malformed JSON at line 1 column 20
07-05 14:51:22.587  1370  1372 D dalvikvm: GC_CONCURRENT freed 390K, 7% free 9127K/9735K, paused 2ms+2ms
07-05 14:51:22.751   545   548 D dalvikvm: GC_CONCURRENT freed 764K, 11% free 10528K/11719K, paused 2ms+2ms
07-05 14:51:23.016   545   548 D dalvikvm: GC_CONCURRENT freed 416K, 11% free 10502K/11719K, paused 2ms+2ms
07-05 14:51:23.157   545 18515 I DownloadManager: Initiating request for download 6027
07-05 14:51:23.227   545   548 D dalvikvm: GC_CONCURRENT freed 267K, 9% free 10684K/11719K, paused 2ms+2ms
07-05 14:51:23.321   545   548 D dalvikvm: GC_CONCURRENT freed 302K, 8% free 10862K/11719K, paused 2ms+3ms
07-05 14:51:23.520  1370  6706 D dalvikvm: GC_EXPLICIT freed 44K, 7% free 9110K/9735K, paused 1ms+3ms
07-05 14:51:23.731   545   548 D dalvikvm: GC_CONCURRENT freed 794K, 10% free 10560K/11719K, paused 1ms+2ms
07-05 14:51:24.024   545   548 D dalvikvm: GC_CONCURRENT freed 437K, 11% free 10514K/11719K, paused 2ms+2ms
07-05 14:51:24.294   545   548 D dalvikvm: GC_CONCURRENT freed 404K, 11% free 10496K/11719K, paused 1ms+2ms
07-05 14:51:24.403   545 18519 I DownloadManager: Initiating request for download 6028
07-05 14:51:24.501   545   548 D dalvikvm: GC_CONCURRENT freed 212K, 9% free 10719K/11719K, paused 2ms+2ms
07-05 14:51:24.630   545   548 D dalvikvm: GC_CONCURRENT freed 319K, 7% free 10901K/11719K, paused 2ms+4ms
07-05 14:51:24.770   156   594 D dalvikvm: GC_EXPLICIT freed 473K, 12% free 14097K/16007K, paused 2ms+5ms
07-05 14:51:24.887  1370 18521 E DictionaryProvider:UpdateHandler: Can't read a file : android.util.MalformedJsonException: Use JsonReader.setLenient(true) to accept malformed JSON at line 1 column 20
07-05 14:51:25.005   545   548 D dalvikvm: GC_CONCURRENT freed 874K, 11% free 10532K/11719K, paused 2ms+2ms
07-05 14:51:25.262   545   548 D dalvikvm: GC_CONCURRENT freed 431K, 11% free 10492K/11719K, paused 2ms+3ms
07-05 14:51:25.532   545   548 D dalvikvm: GC_CONCURRENT freed 402K, 11% free 10480K/11719K, paused 2ms+3ms
07-05 14:51:25.559   545 18524 I DownloadManager: Initiating request for download 6028
07-05 14:51:25.669   545   548 D dalvikvm: GC_CONCURRENT freed 167K, 9% free 10750K/11719K, paused 2ms+3ms
07-05 14:51:25.794   545   548 D dalvikvm: GC_CONCURRENT freed 316K, 7% free 10915K/11719K, paused 1ms+3ms
07-05 14:51:26.114   545   548 D dalvikvm: GC_CONCURRENT freed 911K, 11% free 10517K/11719K, paused 1ms+2ms
07-05 14:51:26.376   545   548 D dalvikvm: GC_CONCURRENT freed 414K, 11% free 10489K/11719K, paused 2ms+2ms
07-05 14:51:26.591   545 18527 I DownloadManager: Initiating request for download 6029
07-05 14:51:26.649   545   548 D dalvikvm: GC_CONCURRENT freed 321K, 10% free 10559K/11719K, paused 2ms+3ms
07-05 14:51:26.766   545   548 D dalvikvm: GC_CONCURRENT freed 208K, 8% free 10789K/11719K, paused 2ms+2ms
07-05 14:51:26.903   545   548 D dalvikvm: GC_CONCURRENT freed 472K, 8% free 10806K/11719K, paused 2ms+2ms
07-05 14:51:27.032  1370 18529 E DictionaryProvider:UpdateHandler: Can't read a file : android.util.MalformedJsonException: Use JsonReader.setLenient(true) to accept malformed JSON at line 1 column 20
07-05 14:51:27.239   545   548 D dalvikvm: GC_CONCURRENT freed 767K, 11% free 10513K/11719K, paused 2ms+2ms
07-05 14:51:27.505   545   548 D dalvikvm: GC_CONCURRENT freed 414K, 11% free 10489K/11719K, paused 2ms+2ms
07-05 14:51:27.657   545 18532 I DownloadManager: Initiating request for download 6029
07-05 14:51:27.743   545   548 D dalvikvm: GC_CONCURRENT freed 266K, 9% free 10673K/11719K, paused 2ms+3ms
07-05 14:51:27.864   545   548 D dalvikvm: GC_CONCURRENT freed 307K, 8% free 10852K/11719K, paused 2ms+3ms
07-05 14:51:28.083   545   548 D dalvikvm: GC_CONCURRENT freed 821K, 11% free 10519K/11719K, paused 2ms+2ms
07-05 14:51:28.403   545   548 D dalvikvm: GC_CONCURRENT freed 404K, 11% free 10503K/11719K, paused 2ms+2ms
07-05 14:51:28.673   545   548 D dalvikvm: GC_CONCURRENT freed 406K, 11% free 10488K/11719K, paused 2ms+3ms
07-05 14:51:28.794   545 18537 I DownloadManager: Initiating request for download 6030
07-05 14:51:28.895   545   548 D dalvikvm: GC_CONCURRENT freed 210K, 9% free 10767K/11719K, paused 2ms+3ms
07-05 14:51:29.020   545   548 D dalvikvm: GC_CONCURRENT freed 367K, 7% free 10916K/11719K, paused 1ms+3ms
07-05 14:51:29.196  1370 18539 E DictionaryProvider:UpdateHandler: Can't read a file : android.util.MalformedJsonException: Use JsonReader.setLenient(true) to accept malformed JSON at line 1 column 20
07-05 14:51:29.325   545   548 D dalvikvm: GC_CONCURRENT freed 903K, 11% free 10523K/11719K, paused 2ms+2ms
07-05 14:51:29.598   545   548 D dalvikvm: GC_CONCURRENT freed 413K, 11% free 10501K/11719K, paused 1ms+2ms
07-05 14:51:29.801   545 18541 I DownloadManager: Initiating request for download 6030
07-05 14:51:29.844   545   548 D dalvikvm: GC_CONCURRENT freed 360K, 11% free 10547K/11719K, paused 1ms+3ms
07-05 14:51:29.923   545   548 D dalvikvm: GC_CONCURRENT freed 162K, 9% free 10768K/11719K, paused 2ms+2ms
07-05 14:51:30.020   545   548 D dalvikvm: GC_CONCURRENT freed 429K, 8% free 10814K/11719K, paused 2ms+3ms
07-05 14:51:30.692   545   548 D dalvikvm: GC_CONCURRENT freed 774K, 11% free 10516K/11719K, paused 2ms+2ms
07-05 14:51:30.962   545   548 D dalvikvm: GC_CONCURRENT freed 411K, 11% free 10495K/11719K, paused 2ms+2ms
07-05 14:51:31.173   545 18545 I DownloadManager: Initiating request for download 6031
07-05 14:51:31.231   545   548 D dalvikvm: GC_CONCURRENT freed 335K, 10% free 10565K/11719K, paused 2ms+3ms
07-05 14:51:31.356   545   548 D dalvikvm: GC_CONCURRENT freed 212K, 8% free 10796K/11719K, paused 2ms+2ms
07-05 14:51:31.497   545   548 D dalvikvm: GC_CONCURRENT freed 475K, 8% free 10813K/11719K, paused 2ms+2ms
07-05 14:51:31.653  1370 18547 E DictionaryProvider:UpdateHandler: Can't read a file : android.util.MalformedJsonException: Use JsonReader.setLenient(true) to accept malformed JSON at line 1 column 20
07-05 14:51:31.735  1370  1372 D dalvikvm: GC_CONCURRENT freed 374K, 7% free 9127K/9735K, paused 2ms+2ms
07-05 14:51:31.872   545   548 D dalvikvm: GC_CONCURRENT freed 771K, 11% free 10519K/11719K, paused 2ms+2ms
07-05 14:51:32.145   545   548 D dalvikvm: GC_CONCURRENT freed 409K, 11% free 10503K/11719K, paused 2ms+2ms
07-05 14:51:32.282   545 18550 I DownloadManager: Initiating request for download 6031
07-05 14:51:32.360   545   548 D dalvikvm: GC_CONCURRENT freed 276K, 9% free 10685K/11719K, paused 2ms+3ms
07-05 14:51:32.485   545   548 D dalvikvm: GC_CONCURRENT freed 302K, 8% free 10863K/11719K, paused 1ms+2ms
07-05 14:51:32.700   545   548 D dalvikvm: GC_CONCURRENT freed 830K, 11% free 10525K/11719K, paused 2ms+2ms
07-05 14:51:32.977   545   548 D dalvikvm: GC_CONCURRENT freed 411K, 11% free 10504K/11719K, paused 1ms+3ms
07-05 14:51:33.251   545   548 D dalvikvm: GC_CONCURRENT freed 403K, 11% free 10492K/11719K, paused 2ms+3ms
07-05 14:51:33.368   545 18553 I DownloadManager: Initiating request for download 6032
07-05 14:51:33.466   545   548 D dalvikvm: GC_CONCURRENT freed 204K, 9% free 10718K/11719K, paused 2ms+2ms
07-05 14:51:33.594   545   548 D dalvikvm: GC_CONCURRENT freed 320K, 8% free 10896K/11719K, paused 2ms+3ms
07-05 14:51:33.786  1370 18555 E DictionaryProvider:UpdateHandler: Can't read a file : android.util.MalformedJsonException: Use JsonReader.setLenient(true) to accept malformed JSON at line 1 column 20
07-05 14:51:33.884   545   548 D dalvikvm: GC_CONCURRENT freed 866K, 11% free 10533K/11719K, paused 2ms+2ms
07-05 14:51:34.149   545   548 D dalvikvm: GC_CONCURRENT freed 417K, 11% free 10503K/11719K, paused 2ms+2ms
07-05 14:51:34.415   545   548 D dalvikvm: GC_CONCURRENT freed 397K, 11% free 10492K/11719K, paused 2ms+3ms
07-05 14:51:34.450   545 18558 I DownloadManager: Initiating request for download 6032
07-05 14:51:34.559   545   548 D dalvikvm: GC_CONCURRENT freed 173K, 9% free 10755K/11719K, paused 2ms+3ms
07-05 14:51:34.684   545   548 D dalvikvm: GC_CONCURRENT freed 328K, 7% free 10929K/11719K, paused 2ms+3ms
07-05 14:51:34.993   545   548 D dalvikvm: GC_CONCURRENT freed 923K, 11% free 10521K/11719K, paused 1ms+2ms
07-05 14:51:35.259   545   548 D dalvikvm: GC_CONCURRENT freed 411K, 11% free 10501K/11719K, paused 2ms+3ms
07-05 14:51:35.473   545 18561 I DownloadManager: Initiating request for download 6033
07-05 14:51:35.548   545   548 D dalvikvm: GC_CONCURRENT freed 322K, 10% free 10635K/11719K, paused 2ms+4ms
07-05 14:51:35.680   545   548 D dalvikvm: GC_CONCURRENT freed 265K, 8% free 10834K/11719K, paused 2ms+2ms
07-05 14:51:35.837   545   548 D dalvikvm: GC_CONCURRENT freed 750K, 10% free 10565K/11719K, paused 1ms+2ms
07-05 14:51:35.930  1370 18563 E DictionaryProvider:UpdateHandler: Can't read a file : android.util.MalformedJsonException: Use JsonReader.setLenient(true) to accept malformed JSON at line 1 column 20
07-05 14:51:36.149   545   548 D dalvikvm: GC_CONCURRENT freed 428K, 11% free 10526K/11719K, paused 2ms+2ms
07-05 14:51:36.426   545   548 D dalvikvm: GC_CONCURRENT freed 409K, 11% free 10503K/11719K, paused 2ms+2ms
07-05 14:51:36.583   545 18566 I DownloadManager: Initiating request for download 6033
07-05 14:51:36.676   545   548 D dalvikvm: GC_CONCURRENT freed 278K, 9% free 10682K/11719K, paused 2ms+3ms
07-05 14:51:36.809   545   548 D dalvikvm: GC_CONCURRENT freed 307K, 7% free 10917K/11719K, paused 1ms+3ms
07-05 14:51:37.028   545   548 D dalvikvm: GC_CONCURRENT freed 868K, 10% free 10559K/11719K, paused 2ms+3ms
07-05 14:51:37.301   545   548 D dalvikvm: GC_CONCURRENT freed 403K, 10% free 10548K/11719K, paused 2ms+2ms
07-05 14:51:37.575   545   548 D dalvikvm: GC_CONCURRENT freed 403K, 11% free 10542K/11719K, paused 2ms+2ms
07-05 14:51:38.434   545 18568 I DownloadManager: Initiating request for download 6034
07-05 14:51:38.559   545   548 D dalvikvm: GC_CONCURRENT freed 207K, 9% free 10746K/11719K, paused 1ms+3ms
07-05 14:51:38.688   545   548 D dalvikvm: GC_CONCURRENT freed 330K, 7% free 10924K/11719K, paused 2ms+2ms
07-05 14:51:38.884  1370 18571 E DictionaryProvider:UpdateHandler: Can't read a file : android.util.MalformedJsonException: Use JsonReader.setLenient(true) to accept malformed JSON at line 1 column 20
07-05 14:51:38.993   545   548 D dalvikvm: GC_CONCURRENT freed 901K, 11% free 10533K/11719K, paused 1ms+2ms
07-05 14:51:39.255   545   548 D dalvikvm: GC_CONCURRENT freed 416K, 11% free 10507K/11719K, paused 1ms+3ms
07-05 14:51:39.473   545 18574 I DownloadManager: Initiating request for download 6034
07-05 14:51:39.532   545   548 D dalvikvm: GC_CONCURRENT freed 395K, 10% free 10551K/11719K, paused 2ms+2ms
07-05 14:51:39.657   545   548 D dalvikvm: GC_CONCURRENT freed 192K, 8% free 10795K/11719K, paused 2ms+3ms
07-05 14:51:39.794   545   548 D dalvikvm: GC_CONCURRENT freed 461K, 8% free 10826K/11719K, paused 2ms+3ms
07-05 14:51:40.118   545   548 D dalvikvm: GC_CONCURRENT freed 782K, 11% free 10526K/11719K, paused 2ms+2ms
07-05 14:51:40.387   545   548 D dalvikvm: GC_CONCURRENT freed 409K, 11% free 10506K/11719K, paused 2ms+3ms
07-05 14:51:40.583   545 18577 I DownloadManager: Initiating request for download 6035
07-05 14:51:40.669   545   548 D dalvikvm: GC_CONCURRENT freed 290K, 9% free 10682K/11719K, paused 2ms+3ms
07-05 14:51:40.794   545   548 D dalvikvm: GC_CONCURRENT freed 293K, 8% free 10868K/11719K, paused 2ms+3ms
07-05 14:51:41.009   545   548 D dalvikvm: GC_CONCURRENT freed 807K, 10% free 10560K/11719K, paused 2ms+4ms
07-05 14:51:41.063  1370 18579 E DictionaryProvider:UpdateHandler: Can't read a file : android.util.MalformedJsonException: Use JsonReader.setLenient(true) to accept malformed JSON at line 1 column 20
07-05 14:51:41.141  1370  1372 D dalvikvm: GC_CONCURRENT freed 391K, 7% free 9127K/9735K, paused 2ms+5ms
07-05 14:51:41.341   545   548 D dalvikvm: GC_CONCURRENT freed 422K, 11% free 10529K/11719K, paused 3ms+2ms
07-05 14:51:41.610   545   548 D dalvikvm: GC_CONCURRENT freed 417K, 11% free 10504K/11719K, paused 2ms+3ms
07-05 14:51:41.716   545 18582 I DownloadManager: Initiating request for download 6035
07-05 14:51:41.809   545   548 D dalvikvm: GC_CONCURRENT freed 219K, 9% free 10716K/11719K, paused 1ms+3ms
07-05 14:51:41.934   545   548 D dalvikvm: GC_CONCURRENT freed 316K, 8% free 10897K/11719K, paused 2ms+3ms
07-05 14:51:42.184   545   548 D dalvikvm: GC_CONCURRENT freed 866K, 11% free 10534K/11719K, paused 2ms+2ms
07-05 14:51:42.446   545   548 D dalvikvm: GC_CONCURRENT freed 408K, 11% free 10515K/11719K, paused 2ms+2ms
07-05 14:51:42.712   545   548 D dalvikvm: GC_CONCURRENT freed 403K, 11% free 10502K/11719K, paused 2ms+2ms
07-05 14:51:42.794   545 18585 I DownloadManager: Initiating request for download 6036
07-05 14:51:42.903   545   548 D dalvikvm: GC_CONCURRENT freed 178K, 9% free 10760K/11719K, paused 2ms+2ms
07-05 14:51:43.032   545   548 D dalvikvm: GC_CONCURRENT freed 330K, 7% free 10940K/11719K, paused 2ms+3ms
07-05 14:51:43.286   156   568 D dalvikvm: GC_EXPLICIT freed 579K, 12% free 14098K/16007K, paused 3ms+6ms
07-05 14:51:43.294  1370 18587 E DictionaryProvider:UpdateHandler: Can't read a file : android.util.MalformedJsonException: Use JsonReader.setLenient(true) to accept malformed JSON at line 1 column 20
07-05 14:51:43.442   545   548 D dalvikvm: GC_CONCURRENT freed 922K, 11% free 10536K/11719K, paused 2ms+3ms
07-05 14:51:43.708   545   548 D dalvikvm: GC_CONCURRENT freed 429K, 11% free 10497K/11719K, paused 2ms+2ms
07-05 14:51:43.903   545 18590 I DownloadManager: Initiating request for download 6036
07-05 14:51:43.969   545   548 D dalvikvm: GC_CONCURRENT freed 357K, 10% free 10622K/11719K, paused 2ms+3ms
07-05 14:51:44.098   545   548 D dalvikvm: GC_CONCURRENT freed 256K, 8% free 10883K/11719K, paused 1ms+2ms
07-05 14:51:44.290   545   548 D dalvikvm: GC_CONCURRENT freed 825K, 10% free 10558K/11719K, paused 2ms+2ms
07-05 14:51:44.579   545   548 D dalvikvm: GC_CONCURRENT freed 438K, 11% free 10511K/11719K, paused 1ms+2ms
07-05 14:51:44.844   545   548 D dalvikvm: GC_CONCURRENT freed 411K, 11% free 10491K/11719K, paused 2ms+2ms
07-05 14:51:45.005   545 18593 I DownloadManager: Initiating request for download 6037
07-05 14:51:45.094   545   548 D dalvikvm: GC_CONCURRENT freed 220K, 9% free 10699K/11719K, paused 2ms+3ms
07-05 14:51:45.223   545   548 D dalvikvm: GC_CONCURRENT freed 314K, 8% free 10878K/11719K, paused 2ms+2ms
07-05 14:51:45.442   545   548 D dalvikvm: GC_CONCURRENT freed 853K, 11% free 10526K/11719K, paused 2ms+2ms
07-05 14:51:45.489  1370 18595 E DictionaryProvider:UpdateHandler: Can't read a file : android.util.MalformedJsonException: Use JsonReader.setLenient(true) to accept malformed JSON at line 1 column 20
07-05 14:51:45.747   545   548 D dalvikvm: GC_CONCURRENT freed 402K, 11% free 10515K/11719K, paused 2ms+3ms
07-05 14:51:46.005   545   548 D dalvikvm: GC_CONCURRENT freed 414K, 11% free 10491K/11719K, paused 2ms+2ms
07-05 14:51:46.075   545 18598 I DownloadManager: Initiating request for download 6037
07-05 14:51:46.157   545   548 D dalvikvm: GC_CONCURRENT freed 188K, 9% free 10722K/11719K, paused 2ms+3ms
07-05 14:51:46.286   545   548 D dalvikvm: GC_CONCURRENT freed 298K, 8% free 10897K/11719K, paused 2ms+3ms
07-05 14:51:46.548   545   548 D dalvikvm: GC_CONCURRENT freed 881K, 11% free 10520K/11719K, paused 2ms+2ms
07-05 14:51:46.813   545   548 D dalvikvm: GC_CONCURRENT freed 408K, 11% free 10502K/11719K, paused 1ms+2ms
07-05 14:51:47.083   545   548 D dalvikvm: GC_CONCURRENT freed 403K, 11% free 10490K/11719K, paused 2ms+3ms
07-05 14:51:47.141   545 18601 I DownloadManager: Initiating request for download 6038
07-05 14:51:47.243   545   548 D dalvikvm: GC_CONCURRENT freed 172K, 9% free 10755K/11719K, paused 2ms+3ms
07-05 14:51:47.372   545   548 D dalvikvm: GC_CONCURRENT freed 321K, 7% free 10932K/11719K, paused 2ms+2ms
07-05 14:51:47.544  1370 18603 E DictionaryProvider:UpdateHandler: Can't read a file : android.util.MalformedJsonException: Use JsonReader.setLenient(true) to accept malformed JSON at line 1 column 20
07-05 14:51:47.610   465   467 D dalvikvm: GC_CONCURRENT freed 395K, 6% free 10497K/11143K, paused 1ms+8ms
07-05 14:51:47.743   545   548 D dalvikvm: GC_CONCURRENT freed 921K, 11% free 10526K/11719K, paused 2ms+3ms
07-05 14:51:48.016   545   548 D dalvikvm: GC_CONCURRENT freed 414K, 11% free 10502K/11719K, paused 2ms+2ms
07-05 14:51:48.212   545 18606 I DownloadManager: Initiating request for download 6038
07-05 14:51:48.274   545   548 D dalvikvm: GC_CONCURRENT freed 360K, 11% free 10541K/11719K, paused 2ms+3ms
07-05 14:51:48.384   545   548 D dalvikvm: GC_CONCURRENT freed 182K, 8% free 10796K/11719K, paused 2ms+3ms
07-05 14:51:48.524   545   548 D dalvikvm: GC_CONCURRENT freed 464K, 8% free 10824K/11719K, paused 2ms+2ms
07-05 14:51:48.837   545   548 D dalvikvm: GC_CONCURRENT freed 783K, 11% free 10520K/11719K, paused 2ms+2ms
07-05 14:51:49.102   545   548 D dalvikvm: GC_CONCURRENT freed 411K, 11% free 10500K/11719K, paused 2ms+2ms
07-05 14:51:49.286   545 18609 I DownloadManager: Initiating request for download 6039
07-05 14:51:49.372   545   548 D dalvikvm: GC_CONCURRENT freed 288K, 9% free 10687K/11719K, paused 2ms+4ms
07-05 14:51:49.493   545   548 D dalvikvm: GC_CONCURRENT freed 305K, 8% free 10862K/11719K, paused 2ms+3ms
07-05 14:51:49.688   545   548 D dalvikvm: GC_CONCURRENT freed 802K, 10% free 10557K/11719K, paused 2ms+2ms
07-05 14:51:49.747  1370 18611 E DictionaryProvider:UpdateHandler: Can't read a file : android.util.MalformedJsonException: Use JsonReader.setLenient(true) to accept malformed JSON at line 1 column 20
07-05 14:51:49.813  1370  1372 D dalvikvm: GC_CONCURRENT freed 387K, 7% free 9127K/9735K, paused 2ms+2ms
07-05 14:51:50.020   545   548 D dalvikvm: GC_CONCURRENT freed 423K, 11% free 10525K/11719K, paused 2ms+2ms
07-05 14:51:50.298   545   548 D dalvikvm: GC_CONCURRENT freed 411K, 11% free 10504K/11719K, paused 2ms+2ms
07-05 14:51:50.407   545 18614 I DownloadManager: Initiating request for download 6039
07-05 14:51:50.485   545   548 D dalvikvm: GC_CONCURRENT freed 230K, 9% free 10707K/11719K, paused 2ms+3ms
07-05 14:51:50.563   545 17765 D dalvikvm: GC_EXPLICIT freed 241K, 8% free 10847K/11719K, paused 2ms+7ms
07-05 14:51:50.782   545   548 D dalvikvm: GC_CONCURRENT freed 773K, 10% free 10567K/11719K, paused 2ms+2ms
07-05 14:51:51.059   545   548 D dalvikvm: GC_CONCURRENT freed 442K, 11% free 10519K/11719K, paused 1ms+4ms
07-05 14:51:51.321   545   548 D dalvikvm: GC_CONCURRENT freed 408K, 11% free 10501K/11719K, paused 1ms+2ms
07-05 14:51:51.469   545 18617 I DownloadManager: Initiating request for download 6040
07-05 14:51:51.548   545   548 D dalvikvm: GC_CONCURRENT freed 246K, 9% free 10700K/11719K, paused 1ms+3ms
07-05 14:51:51.676   545   548 D dalvikvm: GC_CONCURRENT freed 315K, 8% free 10880K/11719K, paused 2ms+2ms
07-05 14:51:51.887  1370 18619 E DictionaryProvider:UpdateHandler: Can't read a file : android.util.MalformedJsonException: Use JsonReader.setLenient(true) to accept malformed JSON at line 1 column 20
07-05 14:51:51.911   545   548 D dalvikvm: GC_CONCURRENT freed 859K, 11% free 10543K/11719K, paused 2ms+2ms
07-05 14:51:52.180   545   548 D dalvikvm: GC_CONCURRENT freed 415K, 11% free 10517K/11719K, paused 2ms+3ms
07-05 14:51:52.454   545   548 D dalvikvm: GC_CONCURRENT freed 403K, 11% free 10505K/11719K, paused 2ms+2ms
07-05 14:51:52.528   545 18621 I DownloadManager: Initiating request for download 6040
07-05 14:51:52.606   545   548 D dalvikvm: GC_CONCURRENT freed 185K, 9% free 10729K/11719K, paused 2ms+2ms
07-05 14:51:52.708   545   548 D dalvikvm: GC_CONCURRENT freed 312K, 7% free 10912K/11719K, paused 2ms+3ms
07-05 14:51:53.587   545   548 D dalvikvm: GC_CONCURRENT freed 890K, 11% free 10530K/11719K, paused 1ms+3ms
07-05 14:51:53.852   545   548 D dalvikvm: GC_CONCURRENT freed 411K, 11% free 10510K/11719K, paused 2ms+2ms
07-05 14:51:54.118   545   548 D dalvikvm: GC_CONCURRENT freed 397K, 11% free 10499K/11719K, paused 2ms+2ms
07-05 14:51:54.208   545 18625 I DownloadManager: Initiating request for download 6041
07-05 14:51:54.333   545   548 D dalvikvm: GC_CONCURRENT freed 157K, 9% free 10752K/11719K, paused 2ms+2ms
07-05 14:51:54.454   545   548 D dalvikvm: GC_CONCURRENT freed 322K, 7% free 10938K/11719K, paused 2ms+3ms
07-05 14:51:54.645  1370 18627 E DictionaryProvider:UpdateHandler: Can't read a file : android.util.MalformedJsonException: Use JsonReader.setLenient(true) to accept malformed JSON at line 1 column 20
07-05 14:51:54.782   545   548 D dalvikvm: GC_CONCURRENT freed 918K, 11% free 10538K/11719K, paused 2ms+2ms
07-05 14:51:55.051   545   548 D dalvikvm: GC_CONCURRENT freed 416K, 11% free 10512K/11719K, paused 2ms+2ms
07-05 14:51:55.262   545 18630 I DownloadManager: Initiating request for download 6041
07-05 14:51:55.325   545   548 D dalvikvm: GC_CONCURRENT freed 384K, 10% free 10561K/11719K, paused 1ms+3ms
07-05 14:51:55.438   545   548 D dalvikvm: GC_CONCURRENT freed 195K, 8% free 10803K/11719K, paused 2ms+3ms
07-05 14:51:55.575   545   548 D dalvikvm: GC_CONCURRENT freed 467K, 8% free 10832K/11719K, paused 2ms+2ms
07-05 14:51:55.891   545   548 D dalvikvm: GC_CONCURRENT freed 786K, 11% free 10528K/11719K, paused 2ms+2ms
07-05 14:51:56.161   545   548 D dalvikvm: GC_CONCURRENT freed 404K, 11% free 10515K/11719K, paused 2ms+3ms
07-05 14:51:56.344   545 18633 I DownloadManager: Initiating request for download 6042
07-05 14:51:56.419   545   548 D dalvikvm: GC_CONCURRENT freed 282K, 10% free 10654K/11719K, paused 2ms+3ms
07-05 14:51:56.540   545   548 D dalvikvm: GC_CONCURRENT freed 271K, 8% free 10850K/11719K, paused 2ms+3ms
07-05 14:51:56.700   545   548 D dalvikvm: GC_CONCURRENT freed 764K, 10% free 10576K/11719K, paused 1ms+3ms
07-05 14:51:56.770  1370 18635 E DictionaryProvider:UpdateHandler: Can't read a file : android.util.MalformedJsonException: Use JsonReader.setLenient(true) to accept malformed JSON at line 1 column 20
07-05 14:51:56.848   465 18636 D dalvikvm: GC_EXPLICIT freed 264K, 8% free 10307K/11143K, paused 2ms+3ms
07-05 14:51:57.044   545   548 D dalvikvm: GC_CONCURRENT freed 436K, 11% free 10534K/11719K, paused 2ms+2ms
07-05 14:51:57.309   545   548 D dalvikvm: GC_CONCURRENT freed 415K, 11% free 10510K/11719K, paused 2ms+2ms
07-05 14:51:57.454   545 18638 I DownloadManager: Initiating request for download 6042
07-05 14:51:57.544   545   548 D dalvikvm: GC_CONCURRENT freed 266K, 9% free 10696K/11719K, paused 2ms+3ms
07-05 14:51:57.665   545   548 D dalvikvm: GC_CONCURRENT freed 310K, 8% free 10876K/11719K, paused 2ms+4ms
07-05 14:51:57.864   545   548 D dalvikvm: GC_CONCURRENT freed 800K, 10% free 10575K/11719K, paused 2ms+2ms
07-05 14:51:58.149   545   548 D dalvikvm: GC_CONCURRENT freed 442K, 11% free 10526K/11719K, paused 2ms+3ms
07-05 14:51:58.423   545   548 D dalvikvm: GC_CONCURRENT freed 402K, 11% free 10510K/11719K, paused 1ms+2ms
07-05 14:51:58.551   545 18641 I DownloadManager: Initiating request for download 6043
07-05 14:51:58.649   545   548 D dalvikvm: GC_CONCURRENT freed 216K, 9% free 10727K/11719K, paused 2ms+3ms
07-05 14:51:58.770   545   548 D dalvikvm: GC_CONCURRENT freed 323K, 7% free 10907K/11719K, paused 2ms+3ms
07-05 14:51:58.966  1370 18643 E DictionaryProvider:UpdateHandler: Can't read a file : android.util.MalformedJsonException: Use JsonReader.setLenient(true) to accept malformed JSON at line 1 column 20
07-05 14:51:59.055   545   548 D dalvikvm: GC_CONCURRENT freed 859K, 10% free 10554K/11719K, paused 2ms+2ms
07-05 14:51:59.075  1370  1372 D dalvikvm: GC_CONCURRENT freed 389K, 7% free 9126K/9735K, paused 1ms+2ms
07-05 14:51:59.333   545   548 D dalvikvm: GC_CONCURRENT freed 423K, 11% free 10521K/11719K, paused 1ms+3ms
07-05 14:51:59.598   545   548 D dalvikvm: GC_CONCURRENT freed 405K, 11% free 10507K/11719K, paused 2ms+2ms
07-05 14:51:59.673   545 18646 I DownloadManager: Initiating request for download 6043
07-05 14:51:59.778   545   548 D dalvikvm: GC_CONCURRENT freed 187K, 9% free 10757K/11719K, paused 2ms+3ms
07-05 14:51:59.903   545   548 D dalvikvm: GC_CONCURRENT freed 354K, 7% free 10938K/11719K, paused 2ms+3ms
07-05 14:52:00.227   545   548 D dalvikvm: GC_CONCURRENT freed 918K, 11% free 10537K/11719K, paused 1ms+2ms
07-05 14:52:00.489   545   548 D dalvikvm: GC_CONCURRENT freed 405K, 11% free 10518K/11719K, paused 1ms+2ms
07-05 14:52:00.712   545 18649 I DownloadManager: Initiating request for download 6044
07-05 14:52:00.774   545   548 D dalvikvm: GC_CONCURRENT freed 357K, 10% free 10571K/11719K, paused 2ms+3ms
07-05 14:52:00.903   545   548 D dalvikvm: GC_CONCURRENT freed 197K, 8% free 10812K/11719K, paused 2ms+3ms
07-05 14:52:01.048   545   548 D dalvikvm: GC_CONCURRENT freed 467K, 8% free 10865K/11719K, paused 2ms+2ms
07-05 14:52:01.196  1370 18651 E DictionaryProvider:UpdateHandler: Can't read a file : android.util.MalformedJsonException: Use JsonReader.setLenient(true) to accept malformed JSON at line 1 column 20
07-05 14:52:01.403   545   548 D dalvikvm: GC_CONCURRENT freed 819K, 11% free 10541K/11719K, paused 2ms+2ms
07-05 14:52:01.673   545   548 D dalvikvm: GC_CONCURRENT freed 415K, 11% free 10516K/11719K, paused 2ms+3ms
07-05 14:52:01.825   545 18654 I DownloadManager: Initiating request for download 6044
07-05 14:52:01.915   156   593 D dalvikvm: GC_EXPLICIT freed 513K, 12% free 14100K/16007K, paused 2ms+6ms
07-05 14:52:01.973   545   548 D dalvikvm: GC_CONCURRENT freed 266K, 9% free 10702K/11719K, paused 2ms+3ms
07-05 14:52:02.102   545   548 D dalvikvm: GC_CONCURRENT freed 317K, 8% free 10863K/11719K, paused 2ms+3ms
07-05 14:52:02.290   545   548 D dalvikvm: GC_CONCURRENT freed 791K, 10% free 10564K/11719K, paused 2ms+3ms
07-05 14:52:02.391   993  1240 I PhoneLab-: Service Running
07-05 14:52:02.423   993  1240 I PhoneLab-LoggerService: app_49    1247  993   1956   1584  c00f181c 400107b4 S logcat
07-05 14:52:02.423   993  1240 I PhoneLab-LoggerService: Logcat pid from database 1247
07-05 14:52:02.423   993  1240 I PhoneLab-LoggerService: Logcat process found 1247
07-05 14:52:02.423   993  1240 I PhoneLab-LoggerService: Checking Threshold
07-05 14:52:02.423   993  1240 I PhoneLab-LoggerService: Starting to rename files
07-05 14:52:02.426   993  1240 I PhoneLab-LoggerService: Files found .. 55
07-05 14:52:02.426   993  1240 I PhoneLab-LoggerService: File 1 log.out.1
07-05 14:52:02.442   993  1240 I PhoneLab-LoggerService: Renamed successfully
07-05 14:52:02.610   545   548 D dalvikvm: GC_CONCURRENT freed 437K, 11% free 10520K/11719K, paused 2ms+2ms
07-05 14:52:02.876   545   548 D dalvikvm: GC_CONCURRENT freed 410K, 11% free 10501K/11719K, paused 2ms+2ms
07-05 14:52:03.016   545 18658 I DownloadManager: Initiating request for download 6045
07-05 14:52:03.114   545   548 D dalvikvm: GC_CONCURRENT freed 223K, 9% free 10710K/11719K, paused 1ms+3ms
07-05 14:52:03.243   545   548 D dalvikvm: GC_CONCURRENT freed 324K, 8% free 10882K/11719K, paused 2ms+2ms
07-05 14:52:03.454   545   548 D dalvikvm: GC_CONCURRENT freed 850K, 11% free 10533K/11719K, paused 2ms+2ms
07-05 14:52:03.501  1370 18660 E DictionaryProvider:UpdateHandler: Can't read a file : android.util.MalformedJsonException: Use JsonReader.setLenient(true) to accept malformed JSON at line 1 column 20
07-05 14:52:03.759   545   548 D dalvikvm: GC_CONCURRENT freed 401K, 11% free 10523K/11719K, paused 2ms+3ms
07-05 14:52:04.012   545   548 D dalvikvm: GC_CONCURRENT freed 412K, 11% free 10501K/11719K, paused 2ms+2ms
07-05 14:52:04.094   545 18663 I DownloadManager: Initiating request for download 6045
07-05 14:52:04.196   545   548 D dalvikvm: GC_CONCURRENT freed 206K, 9% free 10732K/11719K, paused 2ms+3ms
07-05 14:52:04.325   545   548 D dalvikvm: GC_CONCURRENT freed 323K, 7% free 10943K/11719K, paused 1ms+2ms
07-05 14:52:04.614   545   548 D dalvikvm: GC_CONCURRENT freed 936K, 11% free 10527K/11719K, paused 2ms+2ms
07-05 14:52:04.887   545   548 D dalvikvm: GC_CONCURRENT freed 408K, 11% free 10509K/11719K, paused 2ms+2ms
07-05 14:52:05.130   545 18666 I DownloadManager: Initiating request for download 6046
07-05 14:52:05.196   545   548 D dalvikvm: GC_CONCURRENT freed 395K, 10% free 10556K/11719K, paused 2ms+3ms
07-05 14:52:05.317   545   548 D dalvikvm: GC_CONCURRENT freed 194K, 8% free 10799K/11719K, paused 1ms+3ms
07-05 14:52:05.454   545   548 D dalvikvm: GC_CONCURRENT freed 460K, 8% free 10832K/11719K, paused 2ms+2ms
07-05 14:52:05.618  1370 18668 E DictionaryProvider:UpdateHandler: Can't read a file : android.util.MalformedJsonException: Use JsonReader.setLenient(true) to accept malformed JSON at line 1 column 20
07-05 14:52:05.778   545   548 D dalvikvm: GC_CONCURRENT freed 778K, 11% free 10536K/11719K, paused 1ms+2ms
07-05 14:52:06.048   545   548 D dalvikvm: GC_CONCURRENT freed 416K, 11% free 10511K/11719K, paused 2ms+2ms
07-05 14:52:06.216   545 18670 I DownloadManager: Initiating request for download 6046
07-05 14:52:06.301   545   548 D dalvikvm: GC_CONCURRENT freed 305K, 9% free 10715K/11719K, paused 2ms+4ms
07-05 14:52:06.407   545   548 D dalvikvm: GC_CONCURRENT freed 317K, 8% free 10876K/11719K, paused 2ms+3ms
07-05 14:52:07.594   545   548 D dalvikvm: GC_CONCURRENT freed 837K, 11% free 10539K/11719K, paused 2ms+3ms
07-05 14:52:07.876   545   548 D dalvikvm: GC_CONCURRENT freed 409K, 11% free 10520K/11719K, paused 2ms+2ms
07-05 14:52:08.141   545   548 D dalvikvm: GC_CONCURRENT freed 401K, 11% free 10505K/11719K, paused 2ms+2ms
07-05 14:52:08.282   545 18674 I DownloadManager: Initiating request for download 6047
07-05 14:52:08.376   545   548 D dalvikvm: GC_CONCURRENT freed 225K, 9% free 10721K/11719K, paused 2ms+3ms
07-05 14:52:08.505   545   548 D dalvikvm: GC_CONCURRENT freed 317K, 7% free 10904K/11719K, paused 2ms+3ms
07-05 14:52:08.735   545   548 D dalvikvm: GC_CONCURRENT freed 869K, 11% free 10541K/11719K, paused 2ms+3ms
07-05 14:52:08.766  1370 18676 E DictionaryProvider:UpdateHandler: Can't read a file : android.util.MalformedJsonException: Use JsonReader.setLenient(true) to accept malformed JSON at line 1 column 20
07-05 14:52:08.848  1370  1372 D dalvikvm: GC_CONCURRENT freed 391K, 7% free 9125K/9735K, paused 1ms+2ms
07-05 14:52:09.055   545   548 D dalvikvm: GC_CONCURRENT freed 408K, 11% free 10523K/11719K, paused 2ms+3ms
07-05 14:52:09.321   545   548 D dalvikvm: GC_CONCURRENT freed 408K, 11% free 10506K/11719K, paused 1ms+2ms
07-05 14:52:09.399   545 18679 I DownloadManager: Initiating request for download 6047
07-05 14:52:09.501   545   548 D dalvikvm: GC_CONCURRENT freed 196K, 9% free 10747K/11719K, paused 2ms+2ms
07-05 14:52:09.630   545   548 D dalvikvm: GC_CONCURRENT freed 314K, 7% free 10916K/11719K, paused 2ms+4ms
07-05 14:52:09.895   545   548 D dalvikvm: GC_CONCURRENT freed 893K, 11% free 10535K/11719K, paused 2ms+3ms
07-05 14:52:10.173   545   548 D dalvikvm: GC_CONCURRENT freed 410K, 11% free 10516K/11719K, paused 2ms+2ms
07-05 14:52:10.438   545   548 D dalvikvm: GC_CONCURRENT freed 405K, 11% free 10502K/11719K, paused 2ms+2ms
07-05 14:52:10.489   545 18682 I DownloadManager: Initiating request for download 6048
07-05 14:52:10.606   545   548 D dalvikvm: GC_CONCURRENT freed 164K, 9% free 10776K/11719K, paused 2ms+3ms
07-05 14:52:10.719   545   548 D dalvikvm: GC_CONCURRENT freed 332K, 7% free 10952K/11719K, paused 2ms+3ms
07-05 14:52:10.899  1370 18684 E DictionaryProvider:UpdateHandler: Can't read a file : android.util.MalformedJsonException: Use JsonReader.setLenient(true) to accept malformed JSON at line 1 column 20
07-05 14:52:11.059   545   548 D dalvikvm: GC_CONCURRENT freed 933K, 11% free 10540K/11719K, paused 2ms+3ms
07-05 14:52:11.341   545   548 D dalvikvm: GC_CONCURRENT freed 412K, 11% free 10516K/11719K, paused 2ms+2ms
07-05 14:52:11.540   545 18687 I DownloadManager: Initiating request for download 6048
07-05 14:52:11.594   545   548 D dalvikvm: GC_CONCURRENT freed 355K, 10% free 10583K/11719K, paused 2ms+3ms
07-05 14:52:11.716   545   548 D dalvikvm: GC_CONCURRENT freed 209K, 8% free 10818K/11719K, paused 1ms+3ms
07-05 14:52:11.852   545   548 D dalvikvm: GC_CONCURRENT freed 478K, 8% free 10840K/11719K, paused 2ms+3ms
07-05 14:52:12.176   545   548 D dalvikvm: GC_CONCURRENT freed 788K, 11% free 10532K/11719K, paused 2ms+3ms
07-05 14:52:12.446   545   548 D dalvikvm: GC_CONCURRENT freed 406K, 11% free 10512K/11719K, paused 2ms+3ms
07-05 14:52:12.634   545 18690 I DownloadManager: Initiating request for download 6049
07-05 14:52:12.719   545   548 D dalvikvm: GC_CONCURRENT freed 269K, 9% free 10688K/11719K, paused 2ms+3ms
07-05 14:52:12.844   545   548 D dalvikvm: GC_CONCURRENT freed 306K, 8% free 10872K/11719K, paused 2ms+3ms
07-05 14:52:13.020   545   548 D dalvikvm: GC_CONCURRENT freed 795K, 10% free 10577K/11719K, paused 2ms+2ms
07-05 14:52:13.098  1370 18692 E DictionaryProvider:UpdateHandler: Can't read a file : android.util.MalformedJsonException: Use JsonReader.setLenient(true) to accept malformed JSON at line 1 column 20
07-05 14:52:13.333   545   548 D dalvikvm: GC_CONCURRENT freed 436K, 11% free 10538K/11719K, paused 2ms+2ms
07-05 14:52:13.598   545   548 D dalvikvm: GC_CONCURRENT freed 415K, 11% free 10514K/11719K, paused 1ms+2ms
07-05 14:52:13.731   545 18695 I DownloadManager: Initiating request for download 6049
07-05 14:52:13.813   545   548 D dalvikvm: GC_CONCURRENT freed 236K, 9% free 10714K/11719K, paused 2ms+3ms
07-05 14:52:13.942   545   548 D dalvikvm: GC_CONCURRENT freed 318K, 8% free 10894K/11719K, paused 2ms+2ms
07-05 14:52:14.153   545   548 D dalvikvm: GC_CONCURRENT freed 853K, 11% free 10546K/11719K, paused 2ms+3ms
07-05 14:52:14.434   545   548 D dalvikvm: GC_CONCURRENT freed 402K, 11% free 10537K/11719K, paused 2ms+2ms
07-05 14:52:14.704   545   548 D dalvikvm: GC_CONCURRENT freed 415K, 11% free 10512K/11719K, paused 2ms+2ms
07-05 14:52:14.805   545 18698 I DownloadManager: Initiating request for download 6050
07-05 14:52:14.903   545   548 D dalvikvm: GC_CONCURRENT freed 203K, 9% free 10745K/11719K, paused 2ms+3ms
07-05 14:52:15.032   545   548 D dalvikvm: GC_CONCURRENT freed 324K, 7% free 10928K/11719K, paused 1ms+3ms
07-05 14:52:15.216  1370 18700 E DictionaryProvider:UpdateHandler: Can't read a file : android.util.MalformedJsonException: Use JsonReader.setLenient(true) to accept malformed JSON at line 1 column 20
07-05 14:52:15.325   545   548 D dalvikvm: GC_CONCURRENT freed 893K, 10% free 10549K/11719K, paused 2ms+2ms
07-05 14:52:15.602   545   548 D dalvikvm: GC_CONCURRENT freed 417K, 11% free 10522K/11719K, paused 2ms+2ms
07-05 14:52:15.868   545   548 D dalvikvm: GC_CONCURRENT freed 401K, 11% free 10512K/11719K, paused 2ms+2ms
07-05 14:52:15.911   545 18703 I DownloadManager: Initiating request for download 6050
07-05 14:52:16.009   545   548 D dalvikvm: GC_CONCURRENT freed 175K, 9% free 10774K/11719K, paused 2ms+3ms
07-05 14:52:16.145   545   548 D dalvikvm: GC_CONCURRENT freed 324K, 7% free 10955K/11719K, paused 1ms+4ms
07-05 14:52:16.458   545   548 D dalvikvm: GC_CONCURRENT freed 936K, 11% free 10541K/11719K, paused 1ms+3ms
07-05 14:52:16.727   545   548 D dalvikvm: GC_CONCURRENT freed 406K, 11% free 10522K/11719K, paused 2ms+2ms
07-05 14:52:16.973   545 18706 I DownloadManager: Initiating request for download 6051
07-05 14:52:17.059   545   548 D dalvikvm: GC_CONCURRENT freed 367K, 10% free 10650K/11719K, paused 2ms+4ms
07-05 14:52:17.188   545   548 D dalvikvm: GC_CONCURRENT freed 263K, 8% free 10856K/11719K, paused 2ms+2ms
07-05 14:52:17.341   545   548 D dalvikvm: GC_CONCURRENT freed 763K, 10% free 10587K/11719K, paused 2ms+2ms
07-05 14:52:17.466  1370 18708 E DictionaryProvider:UpdateHandler: Can't read a file : android.util.MalformedJsonException: Use JsonReader.setLenient(true) to accept malformed JSON at line 1 column 20
07-05 14:52:17.540  1370  1372 D dalvikvm: GC_CONCURRENT freed 390K, 7% free 9126K/9735K, paused 2ms+2ms
07-05 14:52:17.680   545   548 D dalvikvm: GC_CONCURRENT freed 439K, 10% free 10548K/11719K, paused 1ms+2ms
07-05 14:52:17.946   545   548 D dalvikvm: GC_CONCURRENT freed 417K, 11% free 10522K/11719K, paused 1ms+2ms
07-05 14:52:18.110   545 18711 I DownloadManager: Initiating request for download 6051
07-05 14:52:18.192   545   548 D dalvikvm: GC_CONCURRENT freed 293K, 9% free 10688K/11719K, paused 2ms+3ms
07-05 14:52:18.313   545   548 D dalvikvm: GC_CONCURRENT freed 298K, 8% free 10877K/11719K, paused 2ms+3ms
07-05 14:52:18.481   545   548 D dalvikvm: GC_CONCURRENT freed 792K, 10% free 10590K/11719K, paused 2ms+3ms
07-05 14:52:18.774   545   548 D dalvikvm: GC_CONCURRENT freed 454K, 11% free 10537K/11719K, paused 2ms+2ms
07-05 14:52:19.040   545   548 D dalvikvm: GC_CONCURRENT freed 407K, 11% free 10520K/11719K, paused 2ms+4ms
07-05 14:52:19.192   545 18714 I DownloadManager: Initiating request for download 6052
07-05 14:52:19.290   545   548 D dalvikvm: GC_CONCURRENT freed 230K, 9% free 10728K/11719K, paused 3ms+2ms
07-05 14:52:19.415   545   548 D dalvikvm: GC_CONCURRENT freed 321K, 7% free 10908K/11719K, paused 2ms+3ms
07-05 14:52:19.634  1370 18716 E DictionaryProvider:UpdateHandler: Can't read a file : android.util.MalformedJsonException: Use JsonReader.setLenient(true) to accept malformed JSON at line 1 column 20
07-05 14:52:19.673   545   548 D dalvikvm: GC_CONCURRENT freed 873K, 10% free 10562K/11719K, paused 2ms+3ms
07-05 14:52:19.950   545   548 D dalvikvm: GC_CONCURRENT freed 423K, 11% free 10532K/11719K, paused 2ms+3ms
07-05 14:52:20.235   545   548 D dalvikvm: GC_CONCURRENT freed 403K, 11% free 10519K/11719K, paused 2ms+3ms
07-05 14:52:20.313   545 18719 I DownloadManager: Initiating request for download 6052
07-05 14:52:20.411   545   548 D dalvikvm: GC_CONCURRENT freed 198K, 9% free 10757K/11719K, paused 2ms+3ms
07-05 14:52:20.540   545   548 D dalvikvm: GC_CONCURRENT freed 347K, 7% free 10951K/11719K, paused 2ms+3ms
07-05 14:52:20.813   545   548 D dalvikvm: GC_CONCURRENT freed 925K, 11% free 10547K/11719K, paused 2ms+2ms
07-05 14:52:21.087   545   548 D dalvikvm: GC_CONCURRENT freed 409K, 11% free 10528K/11719K, paused 2ms+3ms
07-05 14:52:21.325   545 18722 I DownloadManager: Initiating request for download 6053
07-05 14:52:21.384   545   548 D dalvikvm: GC_CONCURRENT freed 391K, 10% free 10549K/11719K, paused 2ms+4ms
07-05 14:52:21.485   156   628 D dalvikvm: GC_EXPLICIT freed 492K, 12% free 14097K/16007K, paused 3ms+5ms
07-05 14:52:21.579   545   548 D dalvikvm: GC_CONCURRENT freed 176K, 8% free 10809K/11719K, paused 2ms+3ms
07-05 14:52:21.708   545   548 D dalvikvm: GC_CONCURRENT freed 465K, 8% free 10841K/11719K, paused 2ms+2ms
07-05 14:52:21.829   545 18722 D dalvikvm: GC_EXPLICIT freed 443K, 10% free 10591K/11719K, paused 2ms+4ms
07-05 14:52:21.934  1370 18724 E DictionaryProvider:UpdateHandler: Can't read a file : android.util.MalformedJsonException: Use JsonReader.setLenient(true) to accept malformed JSON at line 1 column 20
07-05 14:52:21.950   545 18725 I DownloadManager: in removeSpuriousFiles
07-05 14:52:22.028   545   548 D dalvikvm: GC_CONCURRENT freed 358K, 9% free 10755K/11719K, paused 2ms+4ms
07-05 14:52:22.110   545 18725 I DownloadManager: in removeSpuriousFiles, preserving file /data/data/com.android.providers.downloads/cache/metadata-71.htm
07-05 14:52:22.114   545 18725 I DownloadManager: in removeSpuriousFiles, preserving file /data/data/com.android.providers.downloads/cache/metadata-437.htm
07-05 14:52:22.114   545 18725 I DownloadManager: in removeSpuriousFiles, preserving file /data/data/com.android.providers.downloads/cache/metadata-53.htm
07-05 14:52:22.114   545 18725 I DownloadManager: in removeSpuriousFiles, preserving file /data/data/com.android.providers.downloads/cache/metadata-739.htm
07-05 14:52:22.114   545 18725 I DownloadManager: in removeSpuriousFiles, preserving file /data/data/com.android.providers.downloads/cache/metadata-205.htm
07-05 14:52:22.114   545 18725 I DownloadManager: in removeSpuriousFiles, preserving file /data/data/com.android.providers.downloads/cache/metadata-114.htm
07-05 14:52:22.114   545 18725 I DownloadManager: in removeSpuriousFiles, preserving file /data/data/com.android.providers.downloads/cache/metadata-151.htm
07-05 14:52:22.114   545 18725 I DownloadManager: in removeSpuriousFiles, preserving file /data/data/com.android.providers.downloads/cache/metadata-120.htm
07-05 14:52:22.114   545 18725 I DownloadManager: in removeSpuriousFiles, preserving file /data/data/com.android.providers.downloads/cache/metadata-319.htm
07-05 14:52:22.118   545 18725 I DownloadManager: in removeSpuriousFiles, preserving file /data/data/com.android.providers.downloads/cache/metadata-1554.htm
07-05 14:52:22.118   545 18725 I DownloadManager: in removeSpuriousFiles, preserving file /data/data/com.android.providers.downloads/cache/metadata-800.htm
07-05 14:52:22.118   545 18725 I DownloadManager: in removeSpuriousFiles, preserving file /data/data/com.android.providers.downloads/cache/metadata-143.htm
07-05 14:52:22.118   545 18725 I DownloadManager: in removeSpuriousFiles, preserving file /data/data/com.android.providers.downloads/cache/metadata-497.htm
07-05 14:52:22.122   545 18725 I DownloadManager: in removeSpuriousFiles, preserving file /data/data/com.android.providers.downloads/cache/metadata-201.htm
07-05 14:52:22.122   545 18725 I DownloadManager: in removeSpuriousFiles, preserving file /data/data/com.android.providers.downloads/cache/metadata-395.htm
07-05 14:52:22.122   545 18725 I DownloadManager: in removeSpuriousFiles, preserving file /data/data/com.android.providers.downloads/cache/metadata-68.htm
07-05 14:52:22.122   545 18725 I DownloadManager: in removeSpuriousFiles, preserving file /data/data/com.android.providers.downloads/cache/metadata-145.htm
07-05 14:52:22.122   545 18725 I DownloadManager: in removeSpuriousFiles, preserving file /data/data/com.android.providers.downloads/cache/metadata-430.htm
07-05 14:52:22.122   545 18725 I DownloadManager: in removeSpuriousFiles, preserving file /data/data/com.android.providers.downloads/cache/metadata-139.htm
07-05 14:52:22.122   545 18725 I DownloadManager: in removeSpuriousFiles, preserving file /data/data/com.android.providers.downloads/cache/metadata-398.htm
07-05 14:52:22.122   545 18725 I DownloadManager: in removeSpuriousFiles, preserving file /data/data/com.android.providers.downloads/cache/metadata-215.htm
07-05 14:52:22.122   545 18725 I DownloadManager: in removeSpuriousFiles, preserving file /data/data/com.android.providers.downloads/cache/metadata-1234.htm
07-05 14:52:22.126   545 18725 I DownloadManager: in removeSpuriousFiles, preserving file /data/data/com.android.providers.downloads/cache/metadata-960.htm
07-05 14:52:22.126   545 18725 I DownloadManager: in removeSpuriousFiles, preserving file /data/data/com.android.providers.downloads/cache/metadata-2120.htm
07-05 14:52:22.130   545 18725 I DownloadManager: in removeSpuriousFiles, preserving file /data/data/com.android.providers.downloads/cache/metadata-161.htm
07-05 14:52:22.130   545 18725 I DownloadManager: in removeSpuriousFiles, preserving file /data/data/com.android.providers.downloads/cache/metadata-225.htm
07-05 14:52:22.130   545 18725 I DownloadManager: in removeSpuriousFiles, preserving file /data/data/com.android.providers.downloads/cache/metadata-703.htm
07-05 14:52:22.130   545 18725 I DownloadManager: in removeSpuriousFiles, preserving file /data/data/com.android.providers.downloads/cache/metadata-1155.htm
07-05 14:52:22.130   545 18725 I DownloadManager: in removeSpuriousFiles, preserving file /data/data/com.android.providers.downloads/cache/metadata-949.htm
07-05 14:52:22.130   545 18725 I DownloadManager: in removeSpuriousFiles, preserving file /data/data/com.android.providers.downloads/cache/metadata-70.htm
07-05 14:52:22.134   545 18725 I DownloadManager: in removeSpuriousFiles, preserving file /data/data/com.android.providers.downloads/cache/metadata-125.htm
07-05 14:52:22.137   545 18725 I DownloadManager: in removeSpuriousFiles, preserving file /data/data/com.android.providers.downloads/cache/metadata-219.htm
07-05 14:52:22.137   545 18725 I DownloadManager: in removeSpuriousFiles, preserving file /data/data/com.android.providers.downloads/cache/metadata-1143.htm
07-05 14:52:22.137   545 18725 I DownloadManager: in removeSpuriousFiles, preserving file /data/data/com.android.providers.downloads/cache/metadata-135.htm
07-05 14:52:22.137   545 18725 I DownloadManager: in removeSpuriousFiles, preserving file /data/data/com.android.providers.downloads/cache/metadata-1077.htm
07-05 14:52:22.153   545 18725 I DownloadManager: in removeSpuriousFiles, preserving file /data/data/com.android.providers.downloads/cache/metadata-1300.htm
07-05 14:52:22.153   545 18725 I DownloadManager: in removeSpuriousFiles, preserving file /data/data/com.android.providers.downloads/cache/metadata-555.htm
07-05 14:52:22.153   545 18725 I DownloadManager: in removeSpuriousFiles, preserving file /data/data/com.android.providers.downloads/cache/metadata-315.htm
07-05 14:52:22.153   545 18725 I DownloadManager: in removeSpuriousFiles, preserving file /data/data/com.android.providers.downloads/cache/metadata-491.htm
07-05 14:52:22.153   545 18725 I DownloadManager: in removeSpuriousFiles, preserving file /data/data/com.android.providers.downloads/cache/metadata-185.htm
07-05 14:52:22.157   545   548 D dalvikvm: GC_CONCURRENT freed 345K, 7% free 10922K/11719K, paused 2ms+3ms
07-05 14:52:22.157   545 18725 I DownloadManager: in removeSpuriousFiles, preserving file /data/data/com.android.providers.downloads/cache/metadata-174.htm
07-05 14:52:22.157   545 18725 I DownloadManager: in removeSpuriousFiles, preserving file /data/data/com.android.providers.downloads/cache/metadata-762.htm
07-05 14:52:22.161   545 18725 I DownloadManager: in removeSpuriousFiles, preserving file /data/data/com.android.providers.downloads/cache/metadata-2249.htm
07-05 14:52:22.161   545 18725 I DownloadManager: in removeSpuriousFiles, preserving file /data/data/com.android.providers.downloads/cache/metadata-124.htm
07-05 14:52:22.173   545 18725 I DownloadManager: in removeSpuriousFiles, preserving file /data/data/com.android.providers.downloads/cache/metadata-1280.htm
07-05 14:52:22.176   545 18725 I DownloadManager: in removeSpuriousFiles, preserving file /data/data/com.android.providers.downloads/cache/metadata-1864.htm
07-05 14:52:22.176   545 18725 I DownloadManager: in removeSpuriousFiles, preserving file /data/data/com.android.providers.downloads/cache/metadata-1146.htm
07-05 14:52:22.176   545 18725 I DownloadManager: in removeSpuriousFiles, preserving file /data/data/com.android.providers.downloads/cache/metadata-1048.htm
07-05 14:52:22.176   545 18725 I DownloadManager: in removeSpuriousFiles, preserving file /data/data/com.android.providers.downloads/cache/metadata-761.htm
07-05 14:52:22.180   545 18725 I DownloadManager: in removeSpuriousFiles, preserving file /data/data/com.android.providers.downloads/cache/metadata-89.htm
07-05 14:52:22.180   545 18725 I DownloadManager: in removeSpuriousFiles, preserving file /data/data/com.android.providers.downloads/cache/metadata-1385.htm
07-05 14:52:22.180   545 18725 I DownloadManager: in removeSpuriousFiles, preserving file /data/data/com.android.providers.downloads/cache/metadata-892.htm
07-05 14:52:22.180   545 18725 I DownloadManager: in removeSpuriousFiles, preserving file /data/data/com.android.providers.downloads/cache/metadata-540.htm
07-05 14:52:22.184   545 18725 I DownloadManager: in removeSpuriousFiles, preserving file /data/data/com.android.providers.downloads/cache/metadata-990.htm
07-05 14:52:22.184   545 18725 I DownloadManager: in removeSpuriousFiles, preserving file /data/data/com.android.providers.downloads/cache/metadata-1173.htm
07-05 14:52:22.184   545 18725 I DownloadManager: in removeSpuriousFiles, preserving file /data/data/com.android.providers.downloads/cache/metadata-252.htm
07-05 14:52:22.184   545 18725 I DownloadManager: in removeSpuriousFiles, preserving file /data/data/com.android.providers.downloads/cache/metadata-769.htm
07-05 14:52:22.188   545 18725 I DownloadManager: in removeSpuriousFiles, preserving file /data/data/com.android.providers.downloads/cache/metadata-601.htm
07-05 14:52:22.188   545 18725 I DownloadManager: in removeSpuriousFiles, preserving file /data/data/com.android.providers.downloads/cache/metadata-1451.htm
07-05 14:52:22.188   545 18725 I DownloadManager: in removeSpuriousFiles, preserving file /data/data/com.android.providers.downloads/cache/metadata-1706.htm
07-05 14:52:22.188   545 18725 I DownloadManager: in removeSpuriousFiles, preserving file /data/data/com.android.providers.downloads/cache/metadata-1412.htm
07-05 14:52:22.192   545 18725 I DownloadManager: in removeSpuriousFiles, preserving file /data/data/com.android.providers.downloads/cache/metadata-1978.htm
07-05 14:52:22.196   545 18725 I DownloadManager: in removeSpuriousFiles, preserving file /data/data/com.android.providers.downloads/cache/metadata-466.htm
07-05 14:52:22.196   545 18725 I DownloadManager: in removeSpuriousFiles, preserving file /data/data/com.android.providers.downloads/cache/metadata-196.htm
07-05 14:52:22.196   545 18725 I DownloadManager: in removeSpuriousFiles, preserving file /data/data/com.android.providers.downloads/cache/metadata-1181.htm
07-05 14:52:22.196   545 18725 I DownloadManager: in removeSpuriousFiles, preserving file /data/data/com.android.providers.downloads/cache/metadata-2283.htm
07-05 14:52:22.200   545 18725 I DownloadManager: in removeSpuriousFiles, preserving file /data/data/com.android.providers.downloads/cache/metadata-2201.htm
07-05 14:52:22.200   545 18725 I DownloadManager: in removeSpuriousFiles, preserving file /data/data/com.android.providers.downloads/cache/metadata-522.htm
07-05 14:52:22.200   545 18725 I DownloadManager: in removeSpuriousFiles, preserving file /data/data/com.android.providers.downloads/cache/metadata-1111.htm
07-05 14:52:22.200   545 18725 I DownloadManager: in removeSpuriousFiles, preserving file /data/data/com.android.providers.downloads/cache/metadata-1829.htm
07-05 14:52:22.204   545 18725 I DownloadManager: in removeSpuriousFiles, preserving file /data/data/com.android.providers.downloads/cache/metadata-1101.htm
07-05 14:52:22.204   545 18725 I DownloadManager: in removeSpuriousFiles, preserving file /data/data/com.android.providers.downloads/cache/metadata-77.htm
07-05 14:52:22.204   545 18725 I DownloadManager: in removeSpuriousFiles, preserving file /data/data/com.android.providers.downloads/cache/metadata-687.htm
07-05 14:52:22.204   545 18725 I DownloadManager: in removeSpuriousFiles, preserving file /data/data/com.android.providers.downloads/cache/metadata-2229.htm
07-05 14:52:22.208   545 18725 I DownloadManager: in removeSpuriousFiles, preserving file /data/data/com.android.providers.downloads/cache/metadata-822.htm
07-05 14:52:22.208   545 18725 I DownloadManager: in removeSpuriousFiles, preserving file /data/data/com.android.providers.downloads/cache/metadata-878.htm
07-05 14:52:22.208   545 18725 I DownloadManager: in removeSpuriousFiles, preserving file /data/data/com.android.providers.downloads/cache/metadata-773.htm
07-05 14:52:22.208   545 18725 I DownloadManager: in removeSpuriousFiles, preserving file /data/data/com.android.providers.downloads/cache/metadata-1769.htm
07-05 14:52:22.212   545 18725 I DownloadManager: in removeSpuriousFiles, preserving file /data/data/com.android.providers.downloads/cache/metadata-1380.htm
07-05 14:52:22.212   545 18725 I DownloadManager: in removeSpuriousFiles, preserving file /data/data/com.android.providers.downloads/cache/metadata-1216.htm
07-05 14:52:22.212   545 18725 I DownloadManager: in removeSpuriousFiles, preserving file /data/data/com.android.providers.downloads/cache/metadata-1909.htm
07-05 14:52:22.216   545 18725 I DownloadManager: in removeSpuriousFiles, preserving file /data/data/com.android.providers.downloads/cache/metadata-1221.htm
07-05 14:52:22.216   545 18725 I DownloadManager: in removeSpuriousFiles, preserving file /data/data/com.android.providers.downloads/cache/metadata-527.htm
07-05 14:52:22.216   545 18725 I DownloadManager: in removeSpuriousFiles, preserving file /data/data/com.android.providers.downloads/cache/metadata-1392.htm
07-05 14:52:22.216   545 18725 I DownloadManager: in removeSpuriousFiles, preserving file /data/data/com.android.providers.downloads/cache/metadata-1021.htm
07-05 14:52:22.219   545 18725 I DownloadManager: in removeSpuriousFiles, preserving file /data/data/com.android.providers.downloads/cache/metadata-786.htm
07-05 14:52:22.219   545 18725 I DownloadManager: in removeSpuriousFiles, preserving file /data/data/com.android.providers.downloads/cache/metadata-609.htm
07-05 14:52:22.219   545 18725 I DownloadManager: in removeSpuriousFiles, preserving file /data/data/com.android.providers.downloads/cache/metadata-1779.htm
07-05 14:52:22.223   545 18725 I DownloadManager: in removeSpuriousFiles, preserving file /data/data/com.android.providers.downloads/cache/metadata-666.htm
07-05 14:52:22.223   545 18725 I DownloadManager: in removeSpuriousFiles, preserving file /data/data/com.android.providers.downloads/cache/metadata-933.htm
07-05 14:52:22.223   545 18725 I DownloadManager: in removeSpuriousFiles, preserving file /data/data/com.android.providers.downloads/cache/metadata-1381.htm
07-05 14:52:22.223   545 18725 I DownloadManager: in removeSpuriousFiles, preserving file /data/data/com.android.providers.downloads/cache/metadata-1203.htm
07-05 14:52:22.231   545 18725 I DownloadManager: in removeSpuriousFiles, preserving file /data/data/com.android.providers.downloads/cache/metadata-734.htm
07-05 14:52:22.231   545 18725 I DownloadManager: in removeSpuriousFiles, preserving file /data/data/com.android.providers.downloads/cache/metadata-207.htm
07-05 14:52:22.231   545 18725 I DownloadManager: in removeSpuriousFiles, preserving file /data/data/com.android.providers.downloads/cache/metadata-181.htm
07-05 14:52:22.235   545 18725 I DownloadManager: in removeSpuriousFiles, preserving file /data/data/com.android.providers.downloads/cache/metadata-712.htm
07-05 14:52:22.235   545 18725 I DownloadManager: in removeSpuriousFiles, preserving file /data/data/com.android.providers.downloads/cache/metadata-1796.htm
07-05 14:52:22.235   545 18725 I DownloadManager: in removeSpuriousFiles, preserving file /data/data/com.android.providers.downloads/cache/metadata-1348.htm
07-05 14:52:22.235   545 18725 I DownloadManager: in removeSpuriousFiles, preserving file /data/data/com.android.providers.downloads/cache/metadata-1606.htm
07-05 14:52:22.239   545 18725 I DownloadManager: in removeSpuriousFiles, preserving file /data/data/com.android.providers.downloads/cache/metadata-317.htm
07-05 14:52:22.239   545 18725 I DownloadManager: in removeSpuriousFiles, preserving file /data/data/com.android.providers.downloads/cache/metadata-1036.htm
07-05 14:52:22.239   545 18725 I DownloadManager: in removeSpuriousFiles, preserving file /data/data/com.android.providers.downloads/cache/metadata-643.htm
07-05 14:52:22.243   545 18725 I DownloadManager: in removeSpuriousFiles, preserving file /data/data/com.android.providers.downloads/cache/metadata-1322.htm
07-05 14:52:22.243   545 18725 I DownloadManager: in removeSpuriousFiles, preserving file /data/data/com.android.providers.downloads/cache/metadata-1477.htm
07-05 14:52:22.243   545 18725 I DownloadManager: in removeSpuriousFiles, preserving file /data/data/com.android.providers.downloads/cache/metadata-1317.htm
07-05 14:52:22.247   545 18725 I DownloadManager: in removeSpuriousFiles, preserving file /data/data/com.android.providers.downloads/cache/metadata-876.htm
07-05 14:52:22.247   545 18725 I DownloadManager: in removeSpuriousFiles, preserving file /data/data/com.android.providers.downloads/cache/metadata-2077.htm
07-05 14:52:22.247   545 18725 I DownloadManager: in removeSpuriousFiles, preserving file /data/data/com.android.providers.downloads/cache/metadata-965.htm
07-05 14:52:22.251   545 18725 I DownloadManager: in removeSpuriousFiles, preserving file /data/data/com.android.providers.downloads/cache/metadata-1880.htm
07-05 14:52:22.251   545 18725 I DownloadManager: in removeSpuriousFiles, preserving file /data/data/com.android.providers.downloads/cache/metadata-1145.htm
07-05 14:52:22.251   545 18725 I DownloadManager: in removeSpuriousFiles, preserving file /data/data/com.android.providers.downloads/cache/metadata-727.htm
07-05 14:52:22.255   545 18725 I DownloadManager: in removeSpuriousFiles, preserving file /data/data/com.android.providers.downloads/cache/metadata-209.htm
07-05 14:52:22.255   545 18725 I DownloadManager: in removeSpuriousFiles, preserving file /data/data/com.android.providers.downloads/cache/metadata-667.htm
07-05 14:52:22.255   545 18725 I DownloadManager: in removeSpuriousFiles, preserving file /data/data/com.android.providers.downloads/cache/metadata-1302.htm
07-05 14:52:22.259   545 18725 I DownloadManager: in removeSpuriousFiles, preserving file /data/data/com.android.providers.downloads/cache/metadata-1071.htm
07-05 14:52:22.259   545 18725 I DownloadManager: in removeSpuriousFiles, preserving file /data/data/com.android.providers.downloads/cache/metadata-495.htm
07-05 14:52:22.259   545 18725 I DownloadManager: in removeSpuriousFiles, preserving file /data/data/com.android.providers.downloads/cache/metadata-664.htm
07-05 14:52:22.262   545 18725 I DownloadManager: in removeSpuriousFiles, preserving file /data/data/com.android.providers.downloads/cache/metadata-25.htm
07-05 14:52:22.262   545 18725 I DownloadManager: in removeSpuriousFiles, preserving file /data/data/com.android.providers.downloads/cache/metadata-142.htm
07-05 14:52:22.262   545 18725 I DownloadManager: in removeSpuriousFiles, preserving file /data/data/com.android.providers.downloads/cache/metadata-32.htm
07-05 14:52:22.262   545 18725 I DownloadManager: in removeSpuriousFiles, preserving file /data/data/com.android.providers.downloads/cache/metadata-17.htm
07-05 14:52:22.262   545 18725 I DownloadManager: in removeSpuriousFiles, preserving file /data/data/com.android.providers.downloads/cache/metadata-216.htm
07-05 14:52:22.262   545 18725 I DownloadManager: in removeSpuriousFiles, preserving file /data/data/com.android.providers.downloads/cache/metadata-372.htm
07-05 14:52:22.262   545 18725 I DownloadManager: in removeSpuriousFiles, preserving file /data/data/com.android.providers.downloads/cache/metadata-297.htm
07-05 14:52:22.262   545 18725 I DownloadManager: in removeSpuriousFiles, preserving file /data/data/com.android.providers.downloads/cache/metadata-45.htm
07-05 14:52:22.262   545 18725 I DownloadManager: in removeSpuriousFiles, preserving file /data/data/com.android.providers.downloads/cache/metadata-51.htm
07-05 14:52:22.262   545 18725 I DownloadManager: in removeSpuriousFiles, preserving file /data/data/com.android.providers.downloads/cache/metadata-153.htm
07-05 14:52:22.262   545 18725 I DownloadManager: in removeSpuriousFiles, preserving file /data/data/com.android.providers.downloads/cache/metadata-164.htm
07-05 14:52:22.262   545 18725 I DownloadManager: in removeSpuriousFiles, preserving file /data/data/com.android.providers.downloads/cache/metadata-82.htm
07-05 14:52:22.262   545 18725 I DownloadManager: in removeSpuriousFiles, preserving file /data/data/com.android.providers.downloads/cache/metadata-63.htm
07-05 14:52:22.262   545 18725 I DownloadManager: in removeSpuriousFiles, preserving file /data/data/com.android.providers.downloads/cache/metadata-1540.htm
07-05 14:52:22.262   545 18725 I DownloadManager: in removeSpuriousFiles, preserving file /data/data/com.android.providers.downloads/cache/metadata-182.htm
07-05 14:52:22.266   545 18725 I DownloadManager: in removeSpuriousFiles, preserving file /data/data/com.android.providers.downloads/cache/metadata-72.htm
07-05 14:52:22.266   545 18725 I DownloadManager: in removeSpuriousFiles, preserving file /data/data/com.android.providers.downloads/cache/metadata-1132.htm
07-05 14:52:22.266   545 18725 I DownloadManager: in removeSpuriousFiles, preserving file /data/data/com.android.providers.downloads/cache/metadata-241.htm
07-05 14:52:22.266   545 18725 I DownloadManager: in removeSpuriousFiles, preserving file /data/data/com.android.providers.downloads/cache/metadata-292.htm
07-05 14:52:22.266   545 18725 I DownloadManager: in removeSpuriousFiles, preserving file /data/data/com.android.providers.downloads/cache/metadata-141.htm
07-05 14:52:22.270   545 18725 I DownloadManager: in removeSpuriousFiles, preserving file /data/data/com.android.providers.downloads/cache/metadata-1007.htm
07-05 14:52:22.270   545 18725 I DownloadManager: in removeSpuriousFiles, preserving file /data/data/com.android.providers.downloads/cache/metadata-1227.htm
07-05 14:52:22.270   545 18725 I DownloadManager: in removeSpuriousFiles, preserving file /data/data/com.android.providers.downloads/cache/metadata-565.htm
07-05 14:52:22.270   545 18725 I DownloadManager: in removeSpuriousFiles, preserving file /data/data/com.android.providers.downloads/cache/metadata-2018.htm
07-05 14:52:22.270   545 18725 I DownloadManager: in removeSpuriousFiles, preserving file /data/data/com.android.providers.downloads/cache/metadata-1360.htm
07-05 14:52:22.270   545 18725 I DownloadManager: in removeSpuriousFiles, preserving file /data/data/com.android.providers.downloads/cache/metadata-90.htm
07-05 14:52:22.270   545 18725 I DownloadManager: in removeSpuriousFiles, preserving file /data/data/com.android.providers.downloads/cache/metadata-1307.htm
07-05 14:52:22.270   545 18725 I DownloadManager: in removeSpuriousFiles, preserving file /data/data/com.android.providers.downloads/cache/metadata-345.htm
07-05 14:52:22.270   545 18725 I DownloadManager: in removeSpuriousFiles, preserving file /data/data/com.android.providers.downloads/cache/metadata-447.htm
07-05 14:52:22.270   545 18725 I DownloadManager: in removeSpuriousFiles, preserving file /data/data/com.android.providers.downloads/cache/metadata-348.htm
07-05 14:52:22.270   545 18725 I DownloadManager: in removeSpuriousFiles, preserving file /data/data/com.android.providers.downloads/cache/metadata-362.htm
07-05 14:52:22.270   545 18725 I DownloadManager: in removeSpuriousFiles, preserving file /data/data/com.android.providers.downloads/cache/metadata-412.htm
07-05 14:52:22.270   545 18725 I DownloadManager: in removeSpuriousFiles, preserving file /data/data/com.android.providers.downloads/cache/metadata-123.htm
07-05 14:52:22.274   545 18725 I DownloadManager: in removeSpuriousFiles, preserving file /data/data/com.android.providers.downloads/cache/metadata-1291.htm
07-05 14:52:22.274   545 18725 I DownloadManager: in removeSpuriousFiles, preserving file /data/data/com.android.providers.downloads/cache/metadata-184.htm
07-05 14:52:22.274   545 18725 I DownloadManager: in removeSpuriousFiles, preserving file /data/data/com.android.providers.downloads/cache/metadata-1023.htm
07-05 14:52:22.274   545 18725 I DownloadManager: in removeSpuriousFiles, preserving file /data/data/com.android.providers.downloads/cache/metadata-295.htm
07-05 14:52:22.274   545 18725 I DownloadManager: in removeSpuriousFiles, preserving file /data/data/com.android.providers.downloads/cache/metadata-251.htm
07-05 14:52:22.274   545 18725 I DownloadManager: in removeSpuriousFiles, preserving file /data/data/com.android.providers.downloads/cache/metadata-702.htm
07-05 14:52:22.274   545 18725 I DownloadManager: in removeSpuriousFiles, preserving file /data/data/com.android.providers.downloads/cache/metadata-291.htm
07-05 14:52:22.274   545 18725 I DownloadManager: in removeSpuriousFiles, preserving file /data/data/com.android.providers.downloads/cache/metadata-1800.htm
07-05 14:52:22.274   545 18725 I DownloadManager: in removeSpuriousFiles, preserving file /data/data/com.android.providers.downloads/cache/metadata-226.htm
07-05 14:52:22.274   545 18725 I DownloadManager: in removeSpuriousFiles, preserving file /data/data/com.android.providers.downloads/cache/metadata-1252.htm
07-05 14:52:22.278   545 18725 I DownloadManager: in removeSpuriousFiles, preserving file /data/data/com.android.providers.downloads/cache/metadata-78.htm
07-05 14:52:22.278   545 18725 I DownloadManager: in removeSpuriousFiles, preserving file /data/data/com.android.providers.downloads/cache/metadata-245.htm
07-05 14:52:22.278   545 18725 I DownloadManager: in removeSpuriousFiles, preserving file /data/data/com.android.providers.downloads/cache/metadata-672.htm
07-05 14:52:22.278   545 18725 I DownloadManager: in removeSpuriousFiles, preserving file /data/data/com.android.providers.downloads/cache/metadata-150.htm
07-05 14:52:22.278   545 18725 I DownloadManager: in removeSpuriousFiles, preserving file /data/data/com.android.providers.downloads/cache/metadata-194.htm
07-05 14:52:22.278   545 18725 I DownloadManager: in removeSpuriousFiles, preserving file /data/data/com.android.providers.downloads/cache/metadata-1231.htm
07-05 14:52:22.278   545 18725 I DownloadManager: in removeSpuriousFiles, preserving file /data/data/com.android.providers.downloads/cache/metadata-248.htm
07-05 14:52:22.278   545 18725 I DownloadManager: in removeSpuriousFiles, preserving file /data/data/com.android.providers.downloads/cache/metadata-445.htm
07-05 14:52:22.282   545 18725 I DownloadManager: in removeSpuriousFiles, preserving file /data/data/com.android.providers.downloads/cache/metadata-531.htm
07-05 14:52:22.282   545 18725 I DownloadManager: in removeSpuriousFiles, preserving file /data/data/com.android.providers.downloads/cache/metadata-598.htm
07-05 14:52:22.282   545 18725 I DownloadManager: in removeSpuriousFiles, preserving file /data/data/com.android.providers.downloads/cache/metadata-366.htm
07-05 14:52:22.282   545 18725 I DownloadManager: in removeSpuriousFiles, preserving file /data/data/com.android.providers.downloads/cache/metadata-1568.htm
07-05 14:52:22.282   545 18725 I DownloadManager: in removeSpuriousFiles, preserving file /data/data/com.android.providers.downloads/cache/metadata-645.htm
07-05 14:52:22.282   545 18725 I DownloadManager: in removeSpuriousFiles, preserving file /data/data/com.android.providers.downloads/cache/metadata-312.htm
07-05 14:52:22.286   545 18725 I DownloadManager: in removeSpuriousFiles, preserving file /data/data/com.android.providers.downloads/cache/metadata-1479.htm
07-05 14:52:22.286   545 18725 I DownloadManager: in removeSpuriousFiles, preserving file /data/data/com.android.providers.downloads/cache/metadata-257.htm
07-05 14:52:22.286   545 18725 I DownloadManager: in removeSpuriousFiles, preserving file /data/data/com.android.providers.downloads/cache/metadata-371.htm
07-05 14:52:22.286   545 18725 I DownloadManager: in removeSpuriousFiles, preserving file /data/data/com.android.providers.downloads/cache/metadata-718.htm
07-05 14:52:22.286   545 18725 I DownloadManager: in removeSpuriousFiles, preserving file /data/data/com.android.providers.downloads/cache/metadata-334.htm
07-05 14:52:22.290   545 18725 I DownloadManager: in removeSpuriousFiles, preserving file /data/data/com.android.providers.downloads/cache/metadata-320.htm
07-05 14:52:22.290   545 18725 I DownloadManager: in removeSpuriousFiles, preserving file /data/data/com.android.providers.downloads/cache/metadata-978.htm
07-05 14:52:22.290   545 18725 I DownloadManager: in removeSpuriousFiles, preserving file /data/data/com.android.providers.downloads/cache/metadata-890.htm
07-05 14:52:22.290   545 18725 I DownloadManager: in removeSpuriousFiles, preserving file /data/data/com.android.providers.downloads/cache/metadata-1882.htm
07-05 14:52:22.290   545 18725 I DownloadManager: in removeSpuriousFiles, preserving file /data/data/com.android.providers.downloads/cache/metadata-1764.htm
07-05 14:52:22.294   545 18725 I DownloadManager: in removeSpuriousFiles, preserving file /data/data/com.android.providers.downloads/cache/metadata-1211.htm
07-05 14:52:22.294   545 18725 I DownloadManager: in removeSpuriousFiles, preserving file /data/data/com.android.providers.downloads/cache/metadata-926.htm
07-05 14:52:22.294   545 18725 I DownloadManager: in removeSpuriousFiles, preserving file /data/data/com.android.providers.downloads/cache/metadata-327.htm
07-05 14:52:22.294   545 18725 I DownloadManager: in removeSpuriousFiles, preserving file /data/data/com.android.providers.downloads/cache/metadata-394.htm
07-05 14:52:22.294   545 18725 I DownloadManager: in removeSpuriousFiles, preserving file /data/data/com.android.providers.downloads/cache/metadata-2253.htm
07-05 14:52:22.298   545 18725 I DownloadManager: in removeSpuriousFiles, preserving file /data/data/com.android.providers.downloads/cache/metadata-1482.htm
07-05 14:52:22.298   545 18725 I DownloadManager: in removeSpuriousFiles, preserving file /data/data/com.android.providers.downloads/cache/metadata-749.htm
07-05 14:52:22.298   545 18725 I DownloadManager: in removeSpuriousFiles, preserving file /data/data/com.android.providers.downloads/cache/metadata-2203.htm
07-05 14:52:22.301   545 18725 I DownloadManager: in removeSpuriousFiles, preserving file /data/data/com.android.providers.downloads/cache/metadata-2312.htm
07-05 14:52:22.301   545 18725 I DownloadManager: in removeSpuriousFiles, preserving file /data/data/com.android.providers.downloads/cache/metadata-576.htm
07-05 14:52:22.301   545 18725 I DownloadManager: in removeSpuriousFiles, preserving file /data/data/com.android.providers.downloads/cache/metadata-2216.htm
07-05 14:52:22.301   545 18725 I DownloadManager: in removeSpuriousFiles, preserving file /data/data/com.android.providers.downloads/cache/metadata-1814.htm
07-05 14:52:22.305   545 18725 I DownloadManager: in removeSpuriousFiles, preserving file /data/data/com.android.providers.downloads/cache/metadata-1121.htm
07-05 14:52:22.305   545 18725 I DownloadManager: in removeSpuriousFiles, preserving file /data/data/com.android.providers.downloads/cache/metadata-148.htm
07-05 14:52:22.305   545 18725 I DownloadManager: in removeSpuriousFiles, preserving file /data/data/com.android.providers.downloads/cache/metadata-1223.htm
07-05 14:52:22.305   545 18725 I DownloadManager: in removeSpuriousFiles, preserving file /data/data/com.android.providers.downloads/cache/metadata-1046.htm
07-05 14:52:22.309   545 18725 I DownloadManager: in removeSpuriousFiles, preserving file /data/data/com.android.providers.downloads/cache/metadata-1113.htm
07-05 14:52:22.309   545 18725 I DownloadManager: in removeSpuriousFiles, preserving file /data/data/com.android.providers.downloads/cache/metadata-109.htm
07-05 14:52:22.309   545 18725 I DownloadManager: in removeSpuriousFiles, preserving file /data/data/com.android.providers.downloads/cache/metadata-650.htm
07-05 14:52:22.309   545 18725 I DownloadManager: in removeSpuriousFiles, preserving file /data/data/com.android.providers.downloads/cache/metadata-1496.htm
07-05 14:52:22.313   545 18725 I DownloadManager: in removeSpuriousFiles, preserving file /data/data/com.android.providers.downloads/cache/metadata-625.htm
07-05 14:52:22.313   545 18725 I DownloadManager: in removeSpuriousFiles, preserving file /data/data/com.android.providers.downloads/cache/metadata-1936.htm
07-05 14:52:22.313   545 18725 I DownloadManager: in removeSpuriousFiles, preserving file /data/data/com.android.providers.downloads/cache/metadata-713.htm
07-05 14:52:22.313   545 18725 I DownloadManager: in removeSpuriousFiles, preserving file /data/data/com.android.providers.downloads/cache/metadata-1735.htm
07-05 14:52:22.317   545 18725 I DownloadManager: in removeSpuriousFiles, preserving file /data/data/com.android.providers.downloads/cache/metadata-1078.htm
07-05 14:52:22.317   545 18725 I DownloadManager: in removeSpuriousFiles, preserving file /data/data/com.android.providers.downloads/cache/metadata-991.htm
07-05 14:52:22.317   545 18725 I DownloadManager: in removeSpuriousFiles, preserving file /data/data/com.android.providers.downloads/cache/metadata-1608.htm
07-05 14:52:22.321   545 18725 I DownloadManager: in removeSpuriousFiles, preserving file /data/data/com.android.providers.downloads/cache/metadata-385.htm
07-05 14:52:22.321   545 18725 I DownloadManager: in removeSpuriousFiles, preserving file /data/data/com.android.providers.downloads/cache/metadata-1304.htm
07-05 14:52:22.321   545 18725 I DownloadManager: in removeSpuriousFiles, preserving file /data/data/com.android.providers.downloads/cache/metadata-758.htm
07-05 14:52:22.325   545 18725 I DownloadManager: in removeSpuriousFiles, preserving file /data/data/com.android.providers.downloads/cache/metadata-1757.htm
07-05 14:52:22.325   545 18725 I DownloadManager: in removeSpuriousFiles, preserving file /data/data/com.android.providers.downloads/cache/metadata-678.htm
07-05 14:52:22.325   545 18725 I DownloadManager: in removeSpuriousFiles, preserving file /data/data/com.android.providers.downloads/cache/metadata-997.htm
07-05 14:52:22.325   545 18725 I DownloadManager: in removeSpuriousFiles, preserving file /data/data/com.android.providers.downloads/cache/metadata-1598.htm
07-05 14:52:22.329   545 18725 I DownloadManager: in removeSpuriousFiles, preserving file /data/data/com.android.providers.downloads/cache/metadata-1218.htm
07-05 14:52:22.329   545 18725 I DownloadManager: in removeSpuriousFiles, preserving file /data/data/com.android.providers.downloads/cache/metadata-1222.htm
07-05 14:52:22.329   545 18725 I DownloadManager: in removeSpuriousFiles, preserving file /data/data/com.android.providers.downloads/cache/metadata-590.htm
07-05 14:52:22.329   545 18725 I DownloadManager: in removeSpuriousFiles, preserving file /data/data/com.android.providers.downloads/cache/metadata-2040.htm
07-05 14:52:22.333   545 18725 I DownloadManager: in removeSpuriousFiles, preserving file /data/data/com.android.providers.downloads/cache/metadata-1094.htm
07-05 14:52:22.333   545 18725 I DownloadManager: in removeSpuriousFiles, preserving file /data/data/com.android.providers.downloads/cache/metadata-1324.htm
07-05 14:52:22.333   545 18725 I DownloadManager: in removeSpuriousFiles, preserving file /data/data/com.android.providers.downloads/cache/metadata-852.htm
07-05 14:52:22.337   545 18725 I DownloadManager: in removeSpuriousFiles, preserving file /data/data/com.android.providers.downloads/cache/metadata-1406.htm
07-05 14:52:22.337   545 18725 I DownloadManager: in removeSpuriousFiles, preserving file /data/data/com.android.providers.downloads/cache/metadata-1289.htm
07-05 14:52:22.337   545 18725 I DownloadManager: in removeSpuriousFiles, preserving file /data/data/com.android.providers.downloads/cache/metadata-656.htm
07-05 14:52:22.341   545 18725 I DownloadManager: in removeSpuriousFiles, preserving file /data/data/com.android.providers.downloads/cache/metadata-1026.htm
07-05 14:52:22.341   545 18725 I DownloadManager: in removeSpuriousFiles, preserving file /data/data/com.android.providers.downloads/cache/metadata-1419.htm
07-05 14:52:22.341   545 18725 I DownloadManager: in removeSpuriousFiles, preserving file /data/data/com.android.providers.downloads/cache/metadata-1906.htm
07-05 14:52:22.341   545 18725 I DownloadManager: in removeSpuriousFiles, preserving file /data/data/com.android.providers.downloads/cache/metadata-439.htm
07-05 14:52:22.344   545 18725 I DownloadManager: in removeSpuriousFiles, preserving file /data/data/com.android.providers.downloads/cache/metadata-1160.htm
07-05 14:52:22.344   545 18725 I DownloadManager: in removeSpuriousFiles, preserving file /data/data/com.android.providers.downloads/cache/metadata-1233.htm
07-05 14:52:22.344   545 18725 I DownloadManager: in removeSpuriousFiles, preserving file /data/data/com.android.providers.downloads/cache/metadata-1212.htm
07-05 14:52:22.348   545 18725 I DownloadManager: in removeSpuriousFiles, preserving file /data/data/com.android.providers.downloads/cache/metadata-1004.htm
07-05 14:52:22.348   545 18725 I DownloadManager: in removeSpuriousFiles, preserving file /data/data/com.android.providers.downloads/cache/metadata-706.htm
07-05 14:52:22.348   545 18725 I DownloadManager: in removeSpuriousFiles, preserving file /data/data/com.android.providers.downloads/cache/metadata-683.htm
07-05 14:52:22.352   545 18725 I DownloadManager: in removeSpuriousFiles, preserving file /data/data/com.android.providers.downloads/cache/metadata-1009.htm
07-05 14:52:22.356   545 18725 I DownloadManager: in removeSpuriousFiles, preserving file /data/data/com.android.providers.downloads/cache/metadata-1613.htm
07-05 14:52:22.356   545 18725 I DownloadManager: in removeSpuriousFiles, preserving file /data/data/com.android.providers.downloads/cache/metadata-1260.htm
07-05 14:52:22.356   545 18725 I DownloadManager: in removeSpuriousFiles, preserving file /data/data/com.android.providers.downloads/cache/metadata-1816.htm
07-05 14:52:22.360   545 18725 I DownloadManager: in removeSpuriousFiles, preserving file /data/data/com.android.providers.downloads/cache/metadata-474.htm
07-05 14:52:22.360   545 18725 I DownloadManager: in removeSpuriousFiles, preserving file /data/data/com.android.providers.downloads/cache/metadata-73.htm
07-05 14:52:22.360   545 18725 I DownloadManager: in removeSpuriousFiles, preserving file /data/data/com.android.providers.downloads/cache/metadata-60.htm
07-05 14:52:22.360   545 18725 I DownloadManager: in removeSpuriousFiles, preserving file /data/data/com.android.providers.downloads/cache/metadata-31.htm
07-05 14:52:22.360   545 18725 I DownloadManager: in removeSpuriousFiles, preserving file /data/data/com.android.providers.downloads/cache/metadata-210.htm
07-05 14:52:22.360   545 18725 I DownloadManager: in removeSpuriousFiles, preserving file /data/data/com.android.providers.downloads/cache/metadata-38.htm
07-05 14:52:22.360   545 18725 I DownloadManager: in removeSpuriousFiles, preserving file /data/data/com.android.providers.downloads/cache/metadata-39.htm
07-05 14:52:22.360   545 18725 I DownloadManager: in removeSpuriousFiles, preserving file /data/data/com.android.providers.downloads/cache/metadata-20.htm
07-05 14:52:22.360   545 18725 I DownloadManager: in removeSpuriousFiles, preserving file /data/data/com.android.providers.downloads/cache/metadata-121.htm
07-05 14:52:22.360   545 18725 I DownloadManager: in removeSpuriousFiles, preserving file /data/data/com.android.providers.downloads/cache/metadata-26.htm
07-05 14:52:22.360   545 18725 I DownloadManager: in removeSpuriousFiles, preserving file /data/data/com.android.providers.downloads/cache/metadata-105.htm
07-05 14:52:22.364   545 18725 I DownloadManager: in removeSpuriousFiles, preserving file /data/data/com.android.providers.downloads/cache/metadata-269.htm
07-05 14:52:22.364   545 18725 I DownloadManager: in removeSpuriousFiles, preserving file /data/data/com.android.providers.downloads/cache/metadata-138.htm
07-05 14:52:22.364   545 18725 I DownloadManager: in removeSpuriousFiles, preserving file /data/data/com.android.providers.downloads/cache/metadata-170.htm
07-05 14:52:22.364   545 18725 I DownloadManager: in removeSpuriousFiles, preserving file /data/data/com.android.providers.downloads/cache/metadata-232.htm
07-05 14:52:22.364   545 18725 I DownloadManager: in removeSpuriousFiles, preserving file /data/data/com.android.providers.downloads/cache/metadata-265.htm
07-05 14:52:22.364   545 18725 I DownloadManager: in removeSpuriousFiles, preserving file /data/data/com.android.providers.downloads/cache/metadata-64.htm
07-05 14:52:22.364   545 18725 I DownloadManager: in removeSpuriousFiles, preserving file /data/data/com.android.providers.downloads/cache/metadata-1623.htm
07-05 14:52:22.364   545 18725 I DownloadManager: in removeSpuriousFiles, preserving file /data/data/com.android.providers.downloads/cache/metadata-187.htm
07-05 14:52:22.364   545 18725 I DownloadManager: in removeSpuriousFiles, preserving file /data/data/com.android.providers.downloads/cache/metadata-180.htm
07-05 14:52:22.364   545 18725 I DownloadManager: in removeSpuriousFiles, preserving file /data/data/com.android.providers.downloads/cache/metadata-399.htm
07-05 14:52:22.364   545 18725 I DownloadManager: in removeSpuriousFiles, preserving file /data/data/com.android.providers.downloads/cache/metadata-202.htm
07-05 14:52:22.364   545 18725 I DownloadManager: in removeSpuriousFiles, preserving file /data/data/com.android.providers.downloads/cache/metadata-156.htm
07-05 14:52:22.364   545 18725 I DownloadManager: in removeSpuriousFiles, preserving file /data/data/com.android.providers.downloads/cache/metadata-81.htm
07-05 14:52:22.364   545 18725 I DownloadManager: in removeSpuriousFiles, preserving file /data/data/com.android.providers.downloads/cache/metadata-1374.htm
07-05 14:52:22.364   545 18725 I DownloadManager: in removeSpuriousFiles, preserving file /data/data/com.android.providers.downloads/cache/metadata-218.htm
07-05 14:52:22.368   545 18725 I DownloadManager: in removeSpuriousFiles, preserving file /data/data/com.android.providers.downloads/cache/metadata-234.htm
07-05 14:52:22.368   545 18725 I DownloadManager: in removeSpuriousFiles, preserving file /data/data/com.android.providers.downloads/cache/metadata-117.htm
07-05 14:52:22.368   545 18725 I DownloadManager: in removeSpuriousFiles, preserving file /data/data/com.android.providers.downloads/cache/metadata-126.htm
07-05 14:52:22.368   545 18725 I DownloadManager: in removeSpuriousFiles, preserving file /data/data/com.android.providers.downloads/cache/metadata-254.htm
07-05 14:52:22.368   545 18725 I DownloadManager: in removeSpuriousFiles, preserving file /data/data/com.android.providers.downloads/cache/metadata-140.htm
07-05 14:52:22.368   545 18725 I DownloadManager: in removeSpuriousFiles, preserving file /data/data/com.android.providers.downloads/cache/metadata-233.htm
07-05 14:52:22.368   545 18725 I DownloadManager: in removeSpuriousFiles, preserving file /data/data/com.android.providers.downloads/cache/metadata-75.htm
07-05 14:52:22.368   545 18725 I DownloadManager: in removeSpuriousFiles, preserving file /data/data/com.android.providers.downloads/cache/metadata-326.htm
07-05 14:52:22.368   545 18725 I DownloadManager: in removeSpuriousFiles, preserving file /data/data/com.android.providers.downloads/cache/metadata-462.htm
07-05 14:52:22.368   545 18725 I DownloadManager: in removeSpuriousFiles, preserving file /data/data/com.android.providers.downloads/cache/metadata-231.htm
07-05 14:52:22.368   545 18725 I DownloadManager: in removeSpuriousFiles, preserving file /data/data/com.android.providers.downloads/cache/metadata-1559.htm
07-05 14:52:22.368   545 18725 I DownloadManager: in removeSpuriousFiles, preserving file /data/data/com.android.providers.downloads/cache/metadata-467.htm
07-05 14:52:22.368   545 18725 I DownloadManager: in removeSpuriousFiles, preserving file /data/data/com.android.providers.downloads/cache/metadata-1193.htm
07-05 14:52:22.368   545 18725 I DownloadManager: in removeSpuriousFiles, preserving file /data/data/com.android.providers.downloads/cache/metadata-633.htm
07-05 14:52:22.372   545 18725 I DownloadManager: in removeSpuriousFiles, preserving file /data/data/com.android.providers.downloads/cache/metadata-2412.htm
07-05 14:52:22.372   545 18725 I DownloadManager: in removeSpuriousFiles, preserving file /data/data/com.android.providers.downloads/cache/metadata-247.htm
07-05 14:52:22.372   545 18725 I DownloadManager: in removeSpuriousFiles, preserving file /data/data/com.android.providers.downloads/cache/metadata-175.htm
07-05 14:52:22.372   545 18725 I DownloadManager: in removeSpuriousFiles, preserving file /data/data/com.android.providers.downloads/cache/metadata-217.htm
07-05 14:52:22.372   545 18725 I DownloadManager: in removeSpuriousFiles, preserving file /data/data/com.android.providers.downloads/cache/metadata-1002.htm
07-05 14:52:22.372   545 18725 I DownloadManager: in removeSpuriousFiles, preserving file /data/data/com.android.providers.downloads/cache/metadata-206.htm
07-05 14:52:22.372   545 18725 I DownloadManager: in removeSpuriousFiles, preserving file /data/data/com.android.providers.downloads/cache/metadata-839.htm
07-05 14:52:22.372   545 18725 I DownloadManager: in removeSpuriousFiles, preserving file /data/data/com.android.providers.downloads/cache/metadata-1320.htm
07-05 14:52:22.372   545 18725 I DownloadManager: in removeSpuriousFiles, preserving file /data/data/com.android.providers.downloads/cache/metadata-237.htm
07-05 14:52:22.372   545 18725 I DownloadManager: in removeSpuriousFiles, preserving file /data/data/com.android.providers.downloads/cache/metadata-273.htm
07-05 14:52:22.372   545 18725 I DownloadManager: in removeSpuriousFiles, preserving file /data/data/com.android.providers.downloads/cache/metadata-107.htm
07-05 14:52:22.376   545 18725 I DownloadManager: in removeSpuriousFiles, preserving file /data/data/com.android.providers.downloads/cache/metadata-2002.htm
07-05 14:52:22.376   545 18725 I DownloadManager: in removeSpuriousFiles, preserving file /data/data/com.android.providers.downloads/cache/metadata-212.htm
07-05 14:52:22.376   545 18725 I DownloadManager: in removeSpuriousFiles, preserving file /data/data/com.android.providers.downloads/cache/metadata-113.htm
07-05 14:52:22.376   545 18725 I DownloadManager: in removeSpuriousFiles, preserving file /data/data/com.android.providers.downloads/cache/metadata-825.htm
07-05 14:52:22.376   545 18725 I DownloadManager: in removeSpuriousFiles, preserving file /data/data/com.android.providers.downloads/cache/metadata-941.htm
07-05 14:52:22.376   545 18725 I DownloadManager: in removeSpuriousFiles, preserving file /data/data/com.android.providers.downloads/cache/metadata-281.htm
07-05 14:52:22.376   545 18725 I DownloadManager: in removeSpuriousFiles, preserving file /data/data/com.android.providers.downloads/cache/metadata-1437.htm
07-05 14:52:22.376   545 18725 I DownloadManager: in removeSpuriousFiles, preserving file /data/data/com.android.providers.downloads/cache/metadata-657.htm
07-05 14:52:22.376   545 18725 I DownloadManager: in removeSpuriousFiles, preserving file /data/data/com.android.providers.downloads/cache/metadata-368.htm
07-05 14:52:22.380   545 18725 I DownloadManager: in removeSpuriousFiles, preserving file /data/data/com.android.providers.downloads/cache/metadata-1465.htm
07-05 14:52:22.380   545 18725 I DownloadManager: in removeSpuriousFiles, preserving file /data/data/com.android.providers.downloads/cache/metadata-690.htm
07-05 14:52:22.380   545 18725 I DownloadManager: in removeSpuriousFiles, preserving file /data/data/com.android.providers.downloads/cache/metadata-606.htm
07-05 14:52:22.380   545 18725 I DownloadManager: in removeSpuriousFiles, preserving file /data/data/com.android.providers.downloads/cache/metadata-276.htm
07-05 14:52:22.380   545 18725 I DownloadManager: in removeSpuriousFiles, preserving file /data/data/com.android.providers.downloads/cache/metadata-983.htm
07-05 14:52:22.380   545 18725 I DownloadManager: in removeSpuriousFiles, preserving file /data/data/com.android.providers.downloads/cache/metadata-1150.htm
07-05 14:52:22.380   545 18725 I DownloadManager: in removeSpuriousFiles, preserving file /data/data/com.android.providers.downloads/cache/metadata-418.htm
07-05 14:52:22.380   545 18725 I DownloadManager: in removeSpuriousFiles, preserving file /data/data/com.android.providers.downloads/cache/metadata-1207.htm
07-05 14:52:22.384   545 18725 I DownloadManager: in removeSpuriousFiles, preserving file /data/data/com.android.providers.downloads/cache/metadata-1581.htm
07-05 14:52:22.384   545 18725 I DownloadManager: in removeSpuriousFiles, preserving file /data/data/com.android.providers.downloads/cache/metadata-144.htm
07-05 14:52:22.384   545 18725 I DownloadManager: in removeSpuriousFiles, preserving file /data/data/com.android.providers.downloads/cache/metadata-1294.htm
07-05 14:52:22.384   545 18725 I DownloadManager: in removeSpuriousFiles, preserving file /data/data/com.android.providers.downloads/cache/metadata-550.htm
07-05 14:52:22.384   545 18725 I DownloadManager: in removeSpuriousFiles, preserving file /data/data/com.android.providers.downloads/cache/metadata-1378.htm
07-05 14:52:22.384   545 18725 I DownloadManager: in removeSpuriousFiles, preserving file /data/data/com.android.providers.downloads/cache/metadata-615.htm
07-05 14:52:22.387   545 18725 I DownloadManager: in removeSpuriousFiles, preserving file /data/data/com.android.providers.downloads/cache/metadata-475.htm
07-05 14:52:22.387   545 18725 I DownloadManager: in removeSpuriousFiles, preserving file /data/data/com.android.providers.downloads/cache/metadata-375.htm
07-05 14:52:22.387   545 18725 I DownloadManager: in removeSpuriousFiles, preserving file /data/data/com.android.providers.downloads/cache/metadata-336.htm
07-05 14:52:22.387   545 18725 I DownloadManager: in removeSpuriousFiles, preserving file /data/data/com.android.providers.downloads/cache/metadata-2115.htm
07-05 14:52:22.387   545 18725 I DownloadManager: in removeSpuriousFiles, preserving file /data/data/com.android.providers.downloads/cache/metadata-651.htm
07-05 14:52:22.391   545 18725 I DownloadManager: in removeSpuriousFiles, preserving file /data/data/com.android.providers.downloads/cache/metadata-505.htm
07-05 14:52:22.391   545 18725 I DownloadManager: in removeSpuriousFiles, preserving file /data/data/com.android.providers.downloads/cache/metadata-2459.htm
07-05 14:52:22.391   545 18725 I DownloadManager: in removeSpuriousFiles, preserving file /data/data/com.android.providers.downloads/cache/metadata-2967.htm
07-05 14:52:22.391   545 18725 I DownloadManager: in removeSpuriousFiles, preserving file /data/data/com.android.providers.downloads/cache/metadata-240.htm
07-05 14:52:22.391   545 18725 I DownloadManager: in removeSpuriousFiles, preserving file /data/data/com.android.providers.downloads/cache/metadata-1175.htm
07-05 14:52:22.395   545 18725 I DownloadManager: in removeSpuriousFiles, preserving file /data/data/com.android.providers.downloads/cache/metadata-2042.htm
07-05 14:52:22.395   545 18725 I DownloadManager: in removeSpuriousFiles, preserving file /data/data/com.android.providers.downloads/cache/metadata-428.htm
07-05 14:52:22.395   545 18725 I DownloadManager: in removeSpuriousFiles, preserving file /data/data/com.android.providers.downloads/cache/metadata-2304.htm
07-05 14:52:22.395   545 18725 I DownloadManager: in removeSpuriousFiles, preserving file /data/data/com.android.providers.downloads/cache/metadata-335.htm
07-05 14:52:22.399   545 18725 I DownloadManager: in removeSpuriousFiles, preserving file /data/data/com.android.providers.downloads/cache/metadata-802.htm
07-05 14:52:22.399   545 18725 I DownloadManager: in removeSpuriousFiles, preserving file /data/data/com.android.providers.downloads/cache/metadata-1372.htm
07-05 14:52:22.399   545 18725 I DownloadManager: in removeSpuriousFiles, preserving file /data/data/com.android.providers.downloads/cache/metadata-1272.htm
07-05 14:52:22.403   545 18725 I DownloadManager: in removeSpuriousFiles, preserving file /data/data/com.android.providers.downloads/cache/metadata-1183.htm
07-05 14:52:22.403   545 18725 I DownloadManager: in removeSpuriousFiles, preserving file /data/data/com.android.providers.downloads/cache/metadata-742.htm
07-05 14:52:22.403   545 18725 I DownloadManager: in removeSpuriousFiles, preserving file /data/data/com.android.providers.downloads/cache/metadata-551.htm
07-05 14:52:22.403   545 18725 I DownloadManager: in removeSpuriousFiles, preserving file /data/data/com.android.providers.downloads/cache/metadata-1003.htm
07-05 14:52:22.407   545 18725 I DownloadManager: in removeSpuriousFiles, preserving file /data/data/com.android.providers.downloads/cache/metadata-314.htm
07-05 14:52:22.407   545 18725 I DownloadManager: in removeSpuriousFiles, preserving file /data/data/com.android.providers.downloads/cache/metadata-301.htm
07-05 14:52:22.407   545 18725 I DownloadManager: in removeSpuriousFiles, preserving file /data/data/com.android.providers.downloads/cache/metadata-528.htm
07-05 14:52:22.407   545 18725 I DownloadManager: in removeSpuriousFiles, preserving file /data/data/com.android.providers.downloads/cache/metadata-1793.htm
07-05 14:52:22.411   545 18725 I DownloadManager: in removeSpuriousFiles, preserving file /data/data/com.android.providers.downloads/cache/metadata-1912.htm
07-05 14:52:22.411   545 18725 I DownloadManager: in removeSpuriousFiles, preserving file /data/data/com.android.providers.downloads/cache/metadata-809.htm
07-05 14:52:22.411   545 18725 I DownloadManager: in removeSpuriousFiles, preserving file /data/data/com.android.providers.downloads/cache/metadata-1478.htm
07-05 14:52:22.411   545 18725 I DownloadManager: in removeSpuriousFiles, preserving file /data/data/com.android.providers.downloads/cache/metadata-585.htm
07-05 14:52:22.411   545 18725 I DownloadManager: in removeSpuriousFiles, preserving file /data/data/com.android.providers.downloads/cache/metadata-896.htm
07-05 14:52:22.415   545 18725 I DownloadManager: in removeSpuriousFiles, preserving file /data/data/com.android.providers.downloads/cache/metadata-188.htm
07-05 14:52:22.415   545 18725 I DownloadManager: in removeSpuriousFiles, preserving file /data/data/com.android.providers.downloads/cache/metadata-2140.htm
07-05 14:52:22.415   545 18725 I DownloadManager: in removeSpuriousFiles, preserving file /data/data/com.android.providers.downloads/cache/metadata-996.htm
07-05 14:52:22.415   545 18725 I DownloadManager: in removeSpuriousFiles, preserving file /data/data/com.android.providers.downloads/cache/metadata-1575.htm
07-05 14:52:22.419   545 18725 I DownloadManager: in removeSpuriousFiles, preserving file /data/data/com.android.providers.downloads/cache/metadata-2016.htm
07-05 14:52:22.419   545 18725 I DownloadManager: in removeSpuriousFiles, preserving file /data/data/com.android.providers.downloads/cache/metadata-1444.htm
07-05 14:52:22.419   545 18725 I DownloadManager: in removeSpuriousFiles, preserving file /data/data/com.android.providers.downloads/cache/metadata-885.htm
07-05 14:52:22.423   545 18725 I DownloadManager: in removeSpuriousFiles, preserving file /data/data/com.android.providers.downloads/cache/metadata-419.htm
07-05 14:52:22.423   545 18725 I DownloadManager: in removeSpuriousFiles, preserving file /data/data/com.android.providers.downloads/cache/metadata-1869.htm
07-05 14:52:22.423   545 18725 I DownloadManager: in removeSpuriousFiles, preserving file /data/data/com.android.providers.downloads/cache/metadata-1112.htm
07-05 14:52:22.423   545 18725 I DownloadManager: in removeSpuriousFiles, preserving file /data/data/com.android.providers.downloads/cache/metadata-744.htm
07-05 14:52:22.426   545 18725 I DownloadManager: in removeSpuriousFiles, preserving file /data/data/com.android.providers.downloads/cache/metadata-1473.htm
07-05 14:52:22.430   545 18725 I DownloadManager: in removeSpuriousFiles, preserving file /data/data/com.android.providers.downloads/cache/metadata-1343.htm
07-05 14:52:22.430   545 18725 I DownloadManager: in removeSpuriousFiles, preserving file /data/data/com.android.providers.downloads/cache/metadata-1587.htm
07-05 14:52:22.430   545 18725 I DownloadManager: in removeSpuriousFiles, preserving file /data/data/com.android.providers.downloads/cache/metadata-1405.htm
07-05 14:52:22.434   545 18725 I DownloadManager: in removeSpuriousFiles, preserving file /data/data/com.android.providers.downloads/cache/metadata-2059.htm
07-05 14:52:22.434   545 18725 I DownloadManager: in removeSpuriousFiles, preserving file /data/data/com.android.providers.downloads/cache/metadata-1449.htm
07-05 14:52:22.434   545 18725 I DownloadManager: in removeSpuriousFiles, preserving file /data/data/com.android.providers.downloads/cache/metadata-2038.htm
07-05 14:52:22.434   545 18725 I DownloadManager: in removeSpuriousFiles, preserving file /data/data/com.android.providers.downloads/cache/metadata-661.htm
07-05 14:52:22.438   545 18725 I DownloadManager: in removeSpuriousFiles, preserving file /data/data/com.android.providers.downloads/cache/metadata-7.htm
07-05 14:52:22.438   545 18725 I DownloadManager: in removeSpuriousFiles, preserving file /data/data/com.android.providers.downloads/cache/metadata-3.htm
07-05 14:52:22.438   545 18725 I DownloadManager: in removeSpuriousFiles, preserving file /data/data/com.android.providers.downloads/cache/metadata-27.htm
07-05 14:52:22.438   545 18725 I DownloadManager: in removeSpuriousFiles, preserving file /data/data/com.android.providers.downloads/cache/metadata-197.htm
07-05 14:52:22.438   545 18725 I DownloadManager: in removeSpuriousFiles, preserving file /data/data/com.android.providers.downloads/cache/metadata-52.htm
07-05 14:52:22.438   545 18725 I DownloadManager: in removeSpuriousFiles, preserving file /data/data/com.android.providers.downloads/cache/metadata-103.htm
07-05 14:52:22.438   545 18725 I DownloadManager: in removeSpuriousFiles, preserving file /data/data/com.android.providers.downloads/cache/metadata-50.htm
07-05 14:52:22.438   545 18725 I DownloadManager: in removeSpuriousFiles, preserving file /data/data/com.android.providers.downloads/cache/metadata-116.htm
07-05 14:52:22.438   545 18725 I DownloadManager: in removeSpuriousFiles, preserving file /data/data/com.android.providers.downloads/cache/metadata-149.htm
07-05 14:52:22.438   545 18725 I DownloadManager: in removeSpuriousFiles, preserving file /data/data/com.android.providers.downloads/cache/metadata-323.htm
07-05 14:52:22.438   545 18725 I DownloadManager: in removeSpuriousFiles, preserving file /data/data/com.android.providers.downloads/cache/metadata-294.htm
07-05 14:52:22.438   545 18725 I DownloadManager: in removeSpuriousFiles, preserving file /data/data/com.android.providers.downloads/cache/metadata-351.htm
07-05 14:52:22.438   545 18725 I DownloadManager: in removeSpuriousFiles, preserving file /data/data/com.android.providers.downloads/cache/metadata-1484.htm
07-05 14:52:22.438   545 18725 I DownloadManager: in removeSpuriousFiles, preserving file /data/data/com.android.providers.downloads/cache/metadata-79.htm
07-05 14:52:22.438   545 18725 I DownloadManager: in removeSpuriousFiles, preserving file /data/data/com.android.providers.downloads/cache/metadata-365.htm
07-05 14:52:22.438   545 18725 I DownloadManager: in removeSpuriousFiles, preserving file /data/data/com.android.providers.downloads/cache/metadata-160.htm
07-05 14:52:22.438   545 18725 I DownloadManager: in removeSpuriousFiles, preserving file /data/data/com.android.providers.downloads/cache/metadata-249.htm
07-05 14:52:22.442   545 18725 I DownloadManager: in removeSpuriousFiles, preserving file /data/data/com.android.providers.downloads/cache/metadata-186.htm
07-05 14:52:22.442   545 18725 I DownloadManager: in removeSpuriousFiles, preserving file /data/data/com.android.providers.downloads/cache/metadata-263.htm
07-05 14:52:22.442   545 18725 I DownloadManager: in removeSpuriousFiles, preserving file /data/data/com.android.providers.downloads/cache/metadata-277.htm
07-05 14:52:22.442   545 18725 I DownloadManager: in removeSpuriousFiles, preserving file /data/data/com.android.providers.downloads/cache/metadata-168.htm
07-05 14:52:22.442   545 18725 I DownloadManager: in removeSpuriousFiles, preserving file /data/data/com.android.providers.downloads/cache/metadata-102.htm
07-05 14:52:22.442   545 18725 I DownloadManager: in removeSpuriousFiles, preserving file /data/data/com.android.providers.downloads/cache/metadata-85.htm
07-05 14:52:22.442   545 18725 I DownloadManager: in removeSpuriousFiles, preserving file /data/data/com.android.providers.downloads/cache/metadata-87.htm
07-05 14:52:22.442   545 18725 I DownloadManager: in removeSpuriousFiles, preserving file /data/data/com.android.providers.downloads/cache/metadata-147.htm
07-05 14:52:22.442   545 18725 I DownloadManager: in removeSpuriousFiles, preserving file /data/data/com.android.providers.downloads/cache/metadata-283.htm
07-05 14:52:22.442   545 18725 I DownloadManager: in removeSpuriousFiles, preserving file /data/data/com.android.providers.downloads/cache/metadata-101.htm
07-05 14:52:22.442   545 18725 I DownloadManager: in removeSpuriousFiles, preserving file /data/data/com.android.providers.downloads/cache/metadata-2346.htm
07-05 14:52:22.442   545 18725 I DownloadManager: in removeSpuriousFiles, preserving file /data/data/com.android.providers.downloads/cache/metadata-1249.htm
07-05 14:52:22.442   545 18725 I DownloadManager: in removeSpuriousFiles, preserving file /data/data/com.android.providers.downloads/cache/metadata-562.htm
07-05 14:52:22.442   545 18725 I DownloadManager: in removeSpuriousFiles, preserving file /data/data/com.android.providers.downloads/cache/metadata-350.htm
07-05 14:52:22.442   545 18725 I DownloadManager: in removeSpuriousFiles, preserving file /data/data/com.android.providers.downloads/cache/metadata-227.htm
07-05 14:52:22.442   545 18725 I DownloadManager: in removeSpuriousFiles, preserving file /data/data/com.android.providers.downloads/cache/metadata-76.htm
07-05 14:52:22.446   545 18725 I DownloadManager: in removeSpuriousFiles, preserving file /data/data/com.android.providers.downloads/cache/metadata-163.htm
07-05 14:52:22.446   545 18725 I DownloadManager: in removeSpuriousFiles, preserving file /data/data/com.android.providers.downloads/cache/metadata-88.htm
07-05 14:52:22.446   545 18725 I DownloadManager: in removeSpuriousFiles, preserving file /data/data/com.android.providers.downloads/cache/metadata-480.htm
07-05 14:52:22.446   545 18725 I DownloadManager: in removeSpuriousFiles, preserving file /data/data/com.android.providers.downloads/cache/metadata-340.htm
07-05 14:52:22.446   545 18725 I DownloadManager: in removeSpuriousFiles, preserving file /data/data/com.android.providers.downloads/cache/metadata-171.htm
07-05 14:52:22.446   545 18725 I DownloadManager: in removeSpuriousFiles, preserving file /data/data/com.android.providers.downloads/cache/metadata-436.htm
07-05 14:52:22.446   545 18725 I DownloadManager: in removeSpuriousFiles, preserving file /data/data/com.android.providers.downloads/cache/metadata-359.htm
07-05 14:52:22.446   545 18725 I DownloadManager: in removeSpuriousFiles, preserving file /data/data/com.android.providers.downloads/cache/metadata-288.htm
07-05 14:52:22.446   545 18725 I DownloadManager: in removeSpuriousFiles, preserving file /data/data/com.android.providers.downloads/cache/metadata-300.htm
07-05 14:52:22.446   545 18725 I DownloadManager: in removeSpuriousFiles, preserving file /data/data/com.android.providers.downloads/cache/metadata-899.htm
07-05 14:52:22.446   545 18725 I DownloadManager: in removeSpuriousFiles, preserving file /data/data/com.android.providers.downloads/cache/metadata-344.htm
07-05 14:52:22.446   545 18725 I DownloadManager: in removeSpuriousFiles, preserving file /data/data/com.android.providers.downloads/cache/metadata-331.htm
07-05 14:52:22.446   545 18725 I DownloadManager: in removeSpuriousFiles, preserving file /data/data/com.android.providers.downloads/cache/metadata-329.htm
07-05 14:52:22.450   545 18725 I DownloadManager: in removeSpuriousFiles, preserving file /data/data/com.android.providers.downloads/cache/metadata-400.htm
07-05 14:52:22.450   545 18725 I DownloadManager: in removeSpuriousFiles, preserving file /data/data/com.android.providers.downloads/cache/metadata-94.htm
07-05 14:52:22.450   545 18725 I DownloadManager: in removeSpuriousFiles, preserving file /data/data/com.android.providers.downloads/cache/metadata-567.htm
07-05 14:52:22.450   545 18725 I DownloadManager: in removeSpuriousFiles, preserving file /data/data/com.android.providers.downloads/cache/metadata-328.htm
07-05 14:52:22.450   545 18725 I DownloadManager: in removeSpuriousFiles, preserving file /data/data/com.android.providers.downloads/cache/metadata-322.htm
07-05 14:52:22.450   545 18725 I DownloadManager: in removeSpuriousFiles, preserving file /data/data/com.android.providers.downloads/cache/metadata-261.htm
07-05 14:52:22.450   545 18725 I DownloadManager: in removeSpuriousFiles, preserving file /data/data/com.android.providers.downloads/cache/metadata-1226.htm
07-05 14:52:22.450   545 18725 I DownloadManager: in removeSpuriousFiles, preserving file /data/data/com.android.providers.downloads/cache/metadata-235.htm
07-05 14:52:22.450   545 18725 I DownloadManager: in removeSpuriousFiles, preserving file /data/data/com.android.providers.downloads/cache/metadata-546.htm
07-05 14:52:22.450   545 18725 I DownloadManager: in removeSpuriousFiles, preserving file /data/data/com.android.providers.downloads/cache/metadata-157.htm
07-05 14:52:22.450   545 18725 I DownloadManager: in removeSpuriousFiles, preserving file /data/data/com.android.providers.downloads/cache/metadata-646.htm
07-05 14:52:22.454   545 18725 I DownloadManager: in removeSpuriousFiles, preserving file /data/data/com.android.providers.downloads/cache/metadata-767.htm
07-05 14:52:22.454   545 18725 I DownloadManager: in removeSpuriousFiles, preserving file /data/data/com.android.providers.downloads/cache/metadata-93.htm
07-05 14:52:22.454   545 18725 I DownloadManager: in removeSpuriousFiles, preserving file /data/data/com.android.providers.downloads/cache/metadata-1346.htm
07-05 14:52:22.454   545 18725 I DownloadManager: in removeSpuriousFiles, preserving file /data/data/com.android.providers.downloads/cache/metadata-374.htm
07-05 14:52:22.454   545 18725 I DownloadManager: in removeSpuriousFiles, preserving file /data/data/com.android.providers.downloads/cache/metadata-1147.htm
07-05 14:52:22.454   545 18725 I DownloadManager: in removeSpuriousFiles, preserving file /data/data/com.android.providers.downloads/cache/metadata-159.htm
07-05 14:52:22.454   545 18725 I DownloadManager: in removeSpuriousFiles, preserving file /data/data/com.android.providers.downloads/cache/metadata-208.htm
07-05 14:52:22.454   545 18725 I DownloadManager: in removeSpuriousFiles, preserving file /data/data/com.android.providers.downloads/cache/metadata-910.htm
07-05 14:52:22.454   545 18725 I DownloadManager: in removeSpuriousFiles, preserving file /data/data/com.android.providers.downloads/cache/metadata-481.htm
07-05 14:52:22.454   545 18725 I DownloadManager: in removeSpuriousFiles, preserving file /data/data/com.android.providers.downloads/cache/metadata-608.htm
07-05 14:52:22.458   545 18725 I DownloadManager: in removeSpuriousFiles, preserving file /data/data/com.android.providers.downloads/cache/metadata-306.htm
07-05 14:52:22.458   545 18725 I DownloadManager: in removeSpuriousFiles, preserving file /data/data/com.android.providers.downloads/cache/metadata-1159.htm
07-05 14:52:22.458   545 18725 I DownloadManager: in removeSpuriousFiles, preserving file /data/data/com.android.providers.downloads/cache/metadata-488.htm
07-05 14:52:22.458   545 18725 I DownloadManager: in removeSpuriousFiles, preserving file /data/data/com.android.providers.downloads/cache/metadata-211.htm
07-05 14:52:22.458   545 18725 I DownloadManager: in removeSpuriousFiles, preserving file /data/data/com.android.providers.downloads/cache/metadata-274.htm
07-05 14:52:22.458   545 18725 I DownloadManager: in removeSpuriousFiles, preserving file /data/data/com.android.providers.downloads/cache/metadata-1683.htm
07-05 14:52:22.458   545 18725 I DownloadManager: in removeSpuriousFiles, preserving file /data/data/com.android.providers.downloads/cache/metadata-132.htm
07-05 14:52:22.458   545 18725 I DownloadManager: in removeSpuriousFiles, preserving file /data/data/com.android.providers.downloads/cache/metadata-397.htm
07-05 14:52:22.462   545 18725 I DownloadManager: in removeSpuriousFiles, preserving file /data/data/com.android.providers.downloads/cache/metadata-224.htm
07-05 14:52:22.462   545 18725 I DownloadManager: in removeSpuriousFiles, preserving file /data/data/com.android.providers.downloads/cache/metadata-894.htm
07-05 14:52:22.462   545 18725 I DownloadManager: in removeSpuriousFiles, preserving file /data/data/com.android.providers.downloads/cache/metadata-921.htm
07-05 14:52:22.462   545 18725 I DownloadManager: in removeSpuriousFiles, preserving file /data/data/com.android.providers.downloads/cache/metadata-882.htm
07-05 14:52:22.462   545 18725 I DownloadManager: in removeSpuriousFiles, preserving file /data/data/com.android.providers.downloads/cache/metadata-387.htm
07-05 14:52:22.462   545 18725 I DownloadManager: in removeSpuriousFiles, preserving file /data/data/com.android.providers.downloads/cache/metadata-155.htm
07-05 14:52:22.462   545 18725 I DownloadManager: in removeSpuriousFiles, preserving file /data/data/com.android.providers.downloads/cache/metadata-1919.htm
07-05 14:52:22.462   545 18725 I DownloadManager: in removeSpuriousFiles, preserving file /data/data/com.android.providers.downloads/cache/metadata-694.htm
07-05 14:52:22.466   545 18725 I DownloadManager: in removeSpuriousFiles, preserving file /data/data/com.android.providers.downloads/cache/metadata-1376.htm
07-05 14:52:22.466   545 18725 I DownloadManager: in removeSpuriousFiles, preserving file /data/data/com.android.providers.downloads/cache/metadata-1014.htm
07-05 14:52:22.466   545 18725 I DownloadManager: in removeSpuriousFiles, preserving file /data/data/com.android.providers.downloads/cache/metadata-1210.htm
07-05 14:52:22.466   545 18725 I DownloadManager: in removeSpuriousFiles, preserving file /data/data/com.android.providers.downloads/cache/metadata-307.htm
07-05 14:52:22.466   545 18725 I DownloadManager: in removeSpuriousFiles, preserving file /data/data/com.android.providers.downloads/cache/metadata-1705.htm
07-05 14:52:22.469   545 18725 I DownloadManager: in removeSpuriousFiles, preserving file /data/data/com.android.providers.downloads/cache/metadata-2209.htm
07-05 14:52:22.469   545 18725 I DownloadManager: in removeSpuriousFiles, preserving file /data/data/com.android.providers.downloads/cache/metadata-544.htm
07-05 14:52:22.469   545 18725 I DownloadManager: in removeSpuriousFiles, preserving file /data/data/com.android.providers.downloads/cache/metadata-593.htm
07-05 14:52:22.469   545 18725 I DownloadManager: in removeSpuriousFiles, preserving file /data/data/com.android.providers.downloads/cache/metadata-2004.htm
07-05 14:52:22.469   545 18725 I DownloadManager: in removeSpuriousFiles, preserving file /data/data/com.android.providers.downloads/cache/metadata-1535.htm
07-05 14:52:22.473   545 18725 I DownloadManager: in removeSpuriousFiles, preserving file /data/data/com.android.providers.downloads/cache/metadata-1520.htm
07-05 14:52:22.473   545 18725 I DownloadManager: in removeSpuriousFiles, preserving file /data/data/com.android.providers.downloads/cache/metadata-298.htm
07-05 14:52:22.473   545 18725 I DownloadManager: in removeSpuriousFiles, preserving file /data/data/com.android.providers.downloads/cache/metadata-1274.htm
07-05 14:52:22.473   545 18725 I DownloadManager: in removeSpuriousFiles, preserving file /data/data/com.android.providers.downloads/cache/metadata-831.htm
07-05 14:52:22.473   545 18725 I DownloadManager: in removeSpuriousFiles, preserving file /data/data/com.android.providers.downloads/cache/metadata-1445.htm
07-05 14:52:22.477   545 18725 I DownloadManager: in removeSpuriousFiles, preserving file /data/data/com.android.providers.downloads/cache/metadata-2148.htm
07-05 14:52:22.477   545 18725 I DownloadManager: in removeSpuriousFiles, preserving file /data/data/com.android.providers.downloads/cache/metadata-284.htm
07-05 14:52:22.477   545 18725 I DownloadManager: in removeSpuriousFiles, preserving file /data/data/com.android.providers.downloads/cache/metadata-268.htm
07-05 14:52:22.477   545 18725 I DownloadManager: in removeSpuriousFiles, preserving file /data/data/com.android.providers.downloads/cache/metadata-1182.htm
07-05 14:52:22.481   545 18725 I DownloadManager: in removeSpuriousFiles, preserving file /data/data/com.android.providers.downloads/cache/metadata-2102.htm
07-05 14:52:22.481   545 18725 I DownloadManager: in removeSpuriousFiles, preserving file /data/data/com.android.providers.downloads/cache/metadata-681.htm
07-05 14:52:22.481   545 18725 I DownloadManager: in removeSpuriousFiles, preserving file /data/data/com.android.providers.downloads/cache/metadata-1699.htm
07-05 14:52:22.481   545 18725 I DownloadManager: in removeSpuriousFiles, preserving file /data/data/com.android.providers.downloads/cache/metadata-2771.htm
07-05 14:52:22.481   545 18725 I DownloadManager: in removeSpuriousFiles, preserving file /data/data/com.android.providers.downloads/cache/metadata-976.htm
07-05 14:52:22.485   545 18725 I DownloadManager: in removeSpuriousFiles, preserving file /data/data/com.android.providers.downloads/cache/metadata-1188.htm
07-05 14:52:22.485   545 18725 I DownloadManager: in removeSpuriousFiles, preserving file /data/data/com.android.providers.downloads/cache/metadata-2244.htm
07-05 14:52:22.485   545 18725 I DownloadManager: in removeSpuriousFiles, preserving file /data/data/com.android.providers.downloads/cache/metadata-636.htm
07-05 14:52:22.485   545 18725 I DownloadManager: in removeSpuriousFiles, preserving file /data/data/com.android.providers.downloads/cache/metadata-1508.htm
07-05 14:52:22.485   545 18725 I DownloadManager: in removeSpuriousFiles, preserving file /data/data/com.android.providers.downloads/cache/metadata-2133.htm
07-05 14:52:22.489   545 18725 I DownloadManager: in removeSpuriousFiles, preserving file /data/data/com.android.providers.downloads/cache/metadata-255.htm
07-05 14:52:22.489   545 18725 I DownloadManager: in removeSpuriousFiles, preserving file /data/data/com.android.providers.downloads/cache/metadata-1311.htm
07-05 14:52:22.493   545 18725 I DownloadManager: in removeSpuriousFiles, preserving file /data/data/com.android.providers.downloads/cache/metadata-587.htm
07-05 14:52:22.493   545 18725 I DownloadManager: in removeSpuriousFiles, preserving file /data/data/com.android.providers.downloads/cache/metadata-2000.htm
07-05 14:52:22.493   545 18725 I DownloadManager: in removeSpuriousFiles, preserving file /data/data/com.android.providers.downloads/cache/metadata-900.htm
07-05 14:52:22.493   545 18725 I DownloadManager: in removeSpuriousFiles, preserving file /data/data/com.android.providers.downloads/cache/metadata-626.htm
07-05 14:52:22.493   545 18725 I DownloadManager: in removeSpuriousFiles, preserving file /data/data/com.android.providers.downloads/cache/metadata-725.htm
07-05 14:52:22.497   545 18725 I DownloadManager: in removeSpuriousFiles, preserving file /data/data/com.android.providers.downloads/cache/metadata-176.htm
07-05 14:52:22.497   545 18725 I DownloadManager: in removeSpuriousFiles, preserving file /data/data/com.android.providers.downloads/cache/metadata-1005.htm
07-05 14:52:22.497   545 18725 I DownloadManager: in removeSpuriousFiles, preserving file /data/data/com.android.providers.downloads/cache/metadata-1411.htm
07-05 14:52:22.497   545 18725 I DownloadManager: in removeSpuriousFiles, preserving file /data/data/com.android.providers.downloads/cache/metadata-1564.htm
07-05 14:52:22.501   545 18725 I DownloadManager: in removeSpuriousFiles, preserving file /data/data/com.android.providers.downloads/cache/metadata-14.htm
07-05 14:52:22.501   545 18725 I DownloadManager: in removeSpuriousFiles, preserving file /data/data/com.android.providers.downloads/cache/metadata-6.htm
07-05 14:52:22.501   545 18725 I DownloadManager: in removeSpuriousFiles, preserving file /data/data/com.android.providers.downloads/cache/metadata-220.htm
07-05 14:52:22.501   545 18725 I DownloadManager: in removeSpuriousFiles, preserving file /data/data/com.android.providers.downloads/cache/metadata-30.htm
07-05 14:52:22.501   545 18725 I DownloadManager: in removeSpuriousFiles, preserving file /data/data/com.android.providers.downloads/cache/metadata-605.htm
07-05 14:52:22.501   545 18725 I DownloadManager: in removeSpuriousFiles, preserving file /data/data/com.android.providers.downloads/cache/metadata-137.htm
07-05 14:52:22.501   545 18725 I DownloadManager: in removeSpuriousFiles, preserving file /data/data/com.android.providers.downloads/cache/metadata-61.htm
07-05 14:52:22.501   545 18725 I DownloadManager: in removeSpuriousFiles, preserving file /data/data/com.android.providers.downloads/cache/metadata-18.htm
07-05 14:52:22.501   545 18725 I DownloadManager: in removeSpuriousFiles, preserving file /data/data/com.android.providers.downloads/cache/metadata-552.htm
07-05 14:52:22.501   545 18725 I DownloadManager: in removeSpuriousFiles, preserving file /data/data/com.android.providers.downloads/cache/metadata-1964.htm
07-05 14:52:22.501   545 18725 I DownloadManager: in removeSpuriousFiles, preserving file /data/data/com.android.providers.downloads/cache/metadata-357.htm
07-05 14:52:22.501   545 18725 I DownloadManager: in removeSpuriousFiles, preserving file /data/data/com.android.providers.downloads/cache/metadata-48.htm
07-05 14:52:22.501   545 18725 I DownloadManager: in removeSpuriousFiles, preserving file /data/data/com.android.providers.downloads/cache/metadata-482.htm
07-05 14:52:22.501   545 18725 I DownloadManager: in removeSpuriousFiles, preserving file /data/data/com.android.providers.downloads/cache/metadata-152.htm
07-05 14:52:22.501   545 18725 I DownloadManager: in removeSpuriousFiles, preserving file /data/data/com.android.providers.downloads/cache/metadata-65.htm
07-05 14:52:22.501   545 18725 I DownloadManager: in removeSpuriousFiles, preserving file /data/data/com.android.providers.downloads/cache/metadata-518.htm
07-05 14:52:22.501   545 18725 I DownloadManager: in removeSpuriousFiles, preserving file /data/data/com.android.providers.downloads/cache/metadata-356.htm
07-05 14:52:22.505   545 18725 I DownloadManager: in removeSpuriousFiles, preserving file /data/data/com.android.providers.downloads/cache/metadata-146.htm
07-05 14:52:22.505   545 18725 I DownloadManager: in removeSpuriousFiles, preserving file /data/data/com.android.providers.downloads/cache/metadata-841.htm
07-05 14:52:22.505   545 18725 I DownloadManager: in removeSpuriousFiles, preserving file /data/data/com.android.providers.downloads/cache/metadata-1358.htm
07-05 14:52:22.505   545 18725 I DownloadManager: in removeSpuriousFiles, preserving file /data/data/com.android.providers.downloads/cache/metadata-427.htm
07-05 14:52:22.505   545 18725 I DownloadManager: in removeSpuriousFiles, preserving file /data/data/com.android.providers.downloads/cache/metadata-119.htm
07-05 14:52:22.505   545 18725 I DownloadManager: in removeSpuriousFiles, preserving file /data/data/com.android.providers.downloads/cache/metadata-243.htm
07-05 14:52:22.505   545 18725 I DownloadManager: in removeSpuriousFiles, preserving file /data/data/com.android.providers.downloads/cache/metadata-167.htm
07-05 14:52:22.505   545 18725 I DownloadManager: in removeSpuriousFiles, preserving file /data/data/com.android.providers.downloads/cache/metadata-411.htm
07-05 14:52:22.505   545 18725 I DownloadManager: in removeSpuriousFiles, preserving file /data/data/com.android.providers.downloads/cache/metadata-80.htm
07-05 14:52:22.505   545 18725 I DownloadManager: in removeSpuriousFiles, preserving file /data/data/com.android.providers.downloads/cache/metadata-311.htm
07-05 14:52:22.505   545 18725 I DownloadManager: in removeSpuriousFiles, preserving file /data/data/com.android.providers.downloads/cache/metadata-353.htm
07-05 14:52:22.505   545 18725 I DownloadManager: in removeSpuriousFiles, preserving file /data/data/com.android.providers.downloads/cache/metadata-242.htm
07-05 14:52:22.505   545 18725 I DownloadManager: in removeSpuriousFiles, preserving file /data/data/com.android.providers.downloads/cache/metadata-432.htm
07-05 14:52:22.505   545 18725 I DownloadManager: in removeSpuriousFiles, preserving file /data/data/com.android.providers.downloads/cache/metadata-169.htm
07-05 14:52:22.505   545 18725 I DownloadManager: in removeSpuriousFiles, preserving file /data/data/com.android.providers.downloads/cache/metadata-203.htm
07-05 14:52:22.509   545 18725 I DownloadManager: in removeSpuriousFiles, preserving file /data/data/com.android.providers.downloads/cache/metadata-709.htm
07-05 14:52:22.509   545 18725 I DownloadManager: in removeSpuriousFiles, preserving file /data/data/com.android.providers.downloads/cache/metadata-250.htm
07-05 14:52:22.509   545 18725 I DownloadManager: in removeSpuriousFiles, preserving file /data/data/com.android.providers.downloads/cache/metadata-404.htm
07-05 14:52:22.509   545 18725 I DownloadManager: in removeSpuriousFiles, preserving file /data/data/com.android.providers.downloads/cache/metadata-303.htm
07-05 14:52:22.509   545 18725 I DownloadManager: in removeSpuriousFiles, preserving file /data/data/com.android.providers.downloads/cache/metadata-686.htm
07-05 14:52:22.509   545 18725 I DownloadManager: in removeSpuriousFiles, preserving file /data/data/com.android.providers.downloads/cache/metadata-1886.htm
07-05 14:52:22.509   545 18725 I DownloadManager: in removeSpuriousFiles, preserving file /data/data/com.android.providers.downloads/cache/metadata-392.htm
07-05 14:52:22.509   545 18725 I DownloadManager: in removeSpuriousFiles, preserving file /data/data/com.android.providers.downloads/cache/metadata-1865.htm
07-05 14:52:22.509   545 18725 I DownloadManager: in removeSpuriousFiles, preserving file /data/data/com.android.providers.downloads/cache/metadata-580.htm
07-05 14:52:22.509   545 18725 I DownloadManager: in removeSpuriousFiles, preserving file /data/data/com.android.providers.downloads/cache/metadata-1420.htm
07-05 14:52:22.509   545 18725 I DownloadManager: in removeSpuriousFiles, preserving file /data/data/com.android.providers.downloads/cache/metadata-757.htm
07-05 14:52:22.509   545 18725 I DownloadManager: in removeSpuriousFiles, preserving file /data/data/com.android.providers.downloads/cache/metadata-333.htm
07-05 14:52:22.509   545 18725 I DownloadManager: in removeSpuriousFiles, preserving file /data/data/com.android.providers.downloads/cache/metadata-1755.htm
07-05 14:52:22.512   545 18725 I DownloadManager: in removeSpuriousFiles, preserving file /data/data/com.android.providers.downloads/cache/metadata-369.htm
07-05 14:52:22.512   545 18725 I DownloadManager: in removeSpuriousFiles, preserving file /data/data/com.android.providers.downloads/cache/metadata-286.htm
07-05 14:52:22.512   545 18725 I DownloadManager: in removeSpuriousFiles, preserving file /data/data/com.android.providers.downloads/cache/metadata-1340.htm
07-05 14:52:22.512   545 18725 I DownloadManager: in removeSpuriousFiles, preserving file /data/data/com.android.providers.downloads/cache/metadata-271.htm
07-05 14:52:22.512   545 18725 I DownloadManager: in removeSpuriousFiles, preserving file /data/data/com.android.providers.downloads/cache/metadata-289.htm
07-05 14:52:22.512   545 18725 I DownloadManager: in removeSpuriousFiles, preserving file /data/data/com.android.providers.downloads/cache/metadata-305.htm
07-05 14:52:22.512   545 18725 I DownloadManager: in removeSpuriousFiles, preserving file /data/data/com.android.providers.downloads/cache/metadata-714.htm
07-05 14:52:22.512   545 18725 I DownloadManager: in removeSpuriousFiles, preserving file /data/data/com.android.providers.downloads/cache/metadata-193.htm
07-05 14:52:22.512   545 18725 I DownloadManager: in removeSpuriousFiles, preserving file /data/data/com.android.providers.downloads/cache/metadata-1256.htm
07-05 14:52:22.512   545 18725 I DownloadManager: in removeSpuriousFiles, preserving file /data/data/com.android.providers.downloads/cache/metadata-1197.htm
07-05 14:52:22.512   545 18725 I DownloadManager: in removeSpuriousFiles, preserving file /data/data/com.android.providers.downloads/cache/metadata-133.htm
07-05 14:52:22.516   545 18725 I DownloadManager: in removeSpuriousFiles, preserving file /data/data/com.android.providers.downloads/cache/metadata-871.htm
07-05 14:52:22.516   545 18725 I DownloadManager: in removeSpuriousFiles, preserving file /data/data/com.android.providers.downloads/cache/metadata-1968.htm
07-05 14:52:22.516   545 18725 I DownloadManager: in removeSpuriousFiles, preserving file /data/data/com.android.providers.downloads/cache/metadata-213.htm
07-05 14:52:22.516   545 18725 I DownloadManager: in removeSpuriousFiles, preserving file /data/data/com.android.providers.downloads/cache/metadata-83.htm
07-05 14:52:22.520   545 18725 I DownloadManager: in removeSpuriousFiles, preserving file /data/data/com.android.providers.downloads/cache/metadata-459.htm
07-05 14:52:22.520   545 18725 I DownloadManager: in removeSpuriousFiles, preserving file /data/data/com.android.providers.downloads/cache/metadata-304.htm
07-05 14:52:22.520   545 18725 I DownloadManager: in removeSpuriousFiles, preserving file /data/data/com.android.providers.downloads/cache/metadata-1453.htm
07-05 14:52:22.520   545 18725 I DownloadManager: in removeSpuriousFiles, preserving file /data/data/com.android.providers.downloads/cache/metadata-453.htm
07-05 14:52:22.520   545 18725 I DownloadManager: in removeSpuriousFiles, preserving file /data/data/com.android.providers.downloads/cache/metadata-2085.htm
07-05 14:52:22.520   545 18725 I DownloadManager: in removeSpuriousFiles, preserving file /data/data/com.android.providers.downloads/cache/metadata-1629.htm
07-05 14:52:22.520   545 18725 I DownloadManager: in removeSpuriousFiles, preserving file /data/data/com.android.providers.downloads/cache/metadata-883.htm
07-05 14:52:22.520   545 18725 I DownloadManager: in removeSpuriousFiles, preserving file /data/data/com.android.providers.downloads/cache/metadata-162.htm
07-05 14:52:22.520   545 18725 I DownloadManager: in removeSpuriousFiles, preserving file /data/data/com.android.providers.downloads/cache/metadata-1131.htm
07-05 14:52:22.520   545 18725 I DownloadManager: in removeSpuriousFiles, preserving file /data/data/com.android.providers.downloads/cache/metadata-537.htm
07-05 14:52:22.524   545 18725 I DownloadManager: in removeSpuriousFiles, preserving file /data/data/com.android.providers.downloads/cache/metadata-640.htm
07-05 14:52:22.524   545 18725 I DownloadManager: in removeSpuriousFiles, preserving file /data/data/com.android.providers.downloads/cache/metadata-1334.htm
07-05 14:52:22.524   545 18725 I DownloadManager: in removeSpuriousFiles, preserving file /data/data/com.android.providers.downloads/cache/metadata-940.htm
07-05 14:52:22.524   545 18725 I DownloadManager: in removeSpuriousFiles, preserving file /data/data/com.android.providers.downloads/cache/metadata-1013.htm
07-05 14:52:22.524   545 18725 I DownloadManager: in removeSpuriousFiles, preserving file /data/data/com.android.providers.downloads/cache/metadata-296.htm
07-05 14:52:22.524   545 18725 I DownloadManager: in removeSpuriousFiles, preserving file /data/data/com.android.providers.downloads/cache/metadata-2099.htm
07-05 14:52:22.524   545 18725 I DownloadManager: in removeSpuriousFiles, preserving file /data/data/com.android.providers.downloads/cache/metadata-440.htm
07-05 14:52:22.524   545 18725 I DownloadManager: in removeSpuriousFiles, preserving file /data/data/com.android.providers.downloads/cache/metadata-1900.htm
07-05 14:52:22.524   545 18725 I DownloadManager: in removeSpuriousFiles, preserving file /data/data/com.android.providers.downloads/cache/metadata-2315.htm
07-05 14:52:22.528   545 18725 I DownloadManager: in removeSpuriousFiles, preserving file /data/data/com.android.providers.downloads/cache/metadata-380.htm
07-05 14:52:22.528   545 18725 I DownloadManager: in removeSpuriousFiles, preserving file /data/data/com.android.providers.downloads/cache/metadata-2029.htm
07-05 14:52:22.528   545 18725 I DownloadManager: in removeSpuriousFiles, preserving file /data/data/com.android.providers.downloads/cache/metadata-104.htm
07-05 14:52:22.528   545 18725 I DownloadManager: in removeSpuriousFiles, preserving file /data/data/com.android.providers.downloads/cache/metadata-451.htm
07-05 14:52:22.528   545 18725 I DownloadManager: in removeSpuriousFiles, preserving file /data/data/com.android.providers.downloads/cache/metadata-644.htm
07-05 14:52:22.528   545 18725 I DownloadManager: in removeSpuriousFiles, preserving file /data/data/com.android.providers.downloads/cache/metadata-1017.htm
07-05 14:52:22.528   545 18725 I DownloadManager: in removeSpuriousFiles, preserving file /data/data/com.android.providers.downloads/cache/metadata-635.htm
07-05 14:52:22.528   545 18725 I DownloadManager: in removeSpuriousFiles, preserving file /data/data/com.android.providers.downloads/cache/metadata-692.htm
07-05 14:52:22.532   545 18725 I DownloadManager: in removeSpuriousFiles, preserving file /data/data/com.android.providers.downloads/cache/metadata-705.htm
07-05 14:52:22.532   545 18725 I DownloadManager: in removeSpuriousFiles, preserving file /data/data/com.android.providers.downloads/cache/metadata-877.htm
07-05 14:52:22.532   545 18725 I DownloadManager: in removeSpuriousFiles, preserving file /data/data/com.android.providers.downloads/cache/metadata-653.htm
07-05 14:52:22.532   545 18725 I DownloadManager: in removeSpuriousFiles, preserving file /data/data/com.android.providers.downloads/cache/metadata-982.htm
07-05 14:52:22.532   545 18725 I DownloadManager: in removeSpuriousFiles, preserving file /data/data/com.android.providers.downloads/cache/metadata-1359.htm
07-05 14:52:22.532   545 18725 I DownloadManager: in removeSpuriousFiles, preserving file /data/data/com.android.providers.downloads/cache/metadata-275.htm
07-05 14:52:22.532   545 18725 I DownloadManager: in removeSpuriousFiles, preserving file /data/data/com.android.providers.downloads/cache/metadata-96.htm
07-05 14:52:22.536   545 18725 I DownloadManager: in removeSpuriousFiles, preserving file /data/data/com.android.providers.downloads/cache/metadata-1157.htm
07-05 14:52:22.536   545 18725 I DownloadManager: in removeSpuriousFiles, preserving file /data/data/com.android.providers.downloads/cache/metadata-872.htm
07-05 14:52:22.536   545 18725 I DownloadManager: in removeSpuriousFiles, preserving file /data/data/com.android.providers.downloads/cache/metadata-698.htm
07-05 14:52:22.536   545 18725 I DownloadManager: in removeSpuriousFiles, preserving file /data/data/com.android.providers.downloads/cache/metadata-1626.htm
07-05 14:52:22.536   545 18725 I DownloadManager: in removeSpuriousFiles, preserving file /data/data/com.android.providers.downloads/cache/metadata-1425.htm
07-05 14:52:22.536   545 18725 I DownloadManager: in removeSpuriousFiles, preserving file /data/data/com.android.providers.downloads/cache/metadata-1356.htm
07-05 14:52:22.540   545 18725 I DownloadManager: in removeSpuriousFiles, preserving file /data/data/com.android.providers.downloads/cache/metadata-2602.htm
07-05 14:52:22.540   545 18725 I DownloadManager: in removeSpuriousFiles, preserving file /data/data/com.android.providers.downloads/cache/metadata-478.htm
07-05 14:52:22.540   545 18725 I DownloadManager: in removeSpuriousFiles, preserving file /data/data/com.android.providers.downloads/cache/metadata-764.htm
07-05 14:52:22.540   545 18725 I DownloadManager: in removeSpuriousFiles, preserving file /data/data/com.android.providers.downloads/cache/metadata-489.htm
07-05 14:52:22.540   545 18725 I DownloadManager: in removeSpuriousFiles, preserving file /data/data/com.android.providers.downloads/cache/metadata-760.htm
07-05 14:52:22.540   545 18725 I DownloadManager: in removeSpuriousFiles, preserving file /data/data/com.android.providers.downloads/cache/metadata-963.htm
07-05 14:52:22.544   545 18725 I DownloadManager: in removeSpuriousFiles, preserving file /data/data/com.android.providers.downloads/cache/metadata-824.htm
07-05 14:52:22.544   545 18725 I DownloadManager: in removeSpuriousFiles, preserving file /data/data/com.android.providers.downloads/cache/metadata-771.htm
07-05 14:52:22.544   545 18725 I DownloadManager: in removeSpuriousFiles, preserving file /data/data/com.android.providers.downloads/cache/metadata-2097.htm
07-05 14:52:22.544   545 18725 I DownloadManager: in removeSpuriousFiles, preserving file /data/data/com.android.providers.downloads/cache/metadata-931.htm
07-05 14:52:22.544   545 18725 I DownloadManager: in removeSpuriousFiles, preserving file /data/data/com.android.providers.downloads/cache/metadata-1513.htm
07-05 14:52:22.548   545 18725 I DownloadManager: in removeSpuriousFiles, preserving file /data/data/com.android.providers.downloads/cache/metadata-613.htm
07-05 14:52:22.548   545 18725 I DownloadManager: in removeSpuriousFiles, preserving file /data/data/com.android.providers.downloads/cache/metadata-1261.htm
07-05 14:52:22.548   545 18725 I DownloadManager: in removeSpuriousFiles, preserving file /data/data/com.android.providers.downloads/cache/metadata-793.htm
07-05 14:52:22.551   545 18725 I DownloadManager: in removeSpuriousFiles, preserving file /data/data/com.android.providers.downloads/cache/metadata-775.htm
07-05 14:52:22.551   545 18725 I DownloadManager: in removeSpuriousFiles, preserving file /data/data/com.android.providers.downloads/cache/metadata-1225.htm
07-05 14:52:22.551   545 18725 I DownloadManager: in removeSpuriousFiles, preserving file /data/data/com.android.providers.downloads/cache/metadata-548.htm
07-05 14:52:22.551   545 18725 I DownloadManager: in removeSpuriousFiles, preserving file /data/data/com.android.providers.downloads/cache/metadata-1215.htm
07-05 14:52:22.567   545 18725 I DownloadManager: in removeSpuriousFiles, preserving file /data/data/com.android.providers.downloads/cache/metadata-1400.htm
07-05 14:52:22.567   545 18725 I DownloadManager: in removeSpuriousFiles, preserving file /data/data/com.android.providers.downloads/cache/metadata-525.htm
07-05 14:52:22.567   545 18725 I DownloadManager: in removeSpuriousFiles, preserving file /data/data/com.android.providers.downloads/cache/metadata-987.htm
07-05 14:52:22.567   545 18725 I DownloadManager: in removeSpuriousFiles, preserving file /data/data/com.android.providers.downloads/cache/metadata-1060.htm
07-05 14:52:22.567   545 18725 I DownloadManager: in removeSpuriousFiles, preserving file /data/data/com.android.providers.downloads/cache/metadata-1087.htm
07-05 14:52:22.567   545 18725 I DownloadManager: in removeSpuriousFiles, preserving file /data/data/com.android.providers.downloads/cache/metadata-612.htm
07-05 14:52:22.575   545 18725 I DownloadManager: in removeSpuriousFiles, preserving file /data/data/com.android.providers.downloads/cache/metadata-526.htm
07-05 14:52:22.575   545 18725 I DownloadManager: in removeSpuriousFiles, preserving file /data/data/com.android.providers.downloads/cache/metadata.htm
07-05 14:52:22.579   545 18725 I DownloadManager: in removeSpuriousFiles, preserving file /data/data/com.android.providers.downloads/cache/metadata-43.htm
07-05 14:52:22.579   545 18725 I DownloadManager: in removeSpuriousFiles, preserving file /data/data/com.android.providers.downloads/cache/metadata-4.htm
07-05 14:52:22.579   545 18725 I DownloadManager: in removeSpuriousFiles, preserving file /data/data/com.android.providers.downloads/cache/metadata-179.htm
07-05 14:52:22.579   545 18725 I DownloadManager: in removeSpuriousFiles, preserving file /data/data/com.android.providers.downloads/cache/metadata-236.htm
07-05 14:52:22.579   545 18725 I DownloadManager: in removeSpuriousFiles, preserving file /data/data/com.android.providers.downloads/cache/metadata-262.htm
07-05 14:52:22.579   545 18725 I DownloadManager: in removeSpuriousFiles, preserving file /data/data/com.android.providers.downloads/cache/metadata-13.htm
07-05 14:52:22.579   545 18725 I DownloadManager: in removeSpuriousFiles, preserving file /data/data/com.android.providers.downloads/cache/metadata-204.htm
07-05 14:52:22.579   545 18725 I DownloadManager: in removeSpuriousFiles, preserving file /data/data/com.android.providers.downloads/cache/metadata-84.htm
07-05 14:52:22.579   545 18725 I DownloadManager: in removeSpuriousFiles, preserving file /data/data/com.android.providers.downloads/cache/metadata-270.htm
07-05 14:52:22.579   545 18725 I DownloadManager: in removeSpuriousFiles, preserving file /data/data/com.android.providers.downloads/cache/metadata-264.htm
07-05 14:52:22.579   545 18725 I DownloadManager: in removeSpuriousFiles, preserving file /data/data/com.android.providers.downloads/cache/metadata-118.htm
07-05 14:52:22.583   545 18725 I DownloadManager: in removeSpuriousFiles, preserving file /data/data/com.android.providers.downloads/cache/metadata-338.htm
07-05 14:52:22.583   545 18725 I DownloadManager: in removeSpuriousFiles, preserving file /data/data/com.android.providers.downloads/cache/metadata-476.htm
07-05 14:52:22.583   545 18725 I DownloadManager: in removeSpuriousFiles, preserving file /data/data/com.android.providers.downloads/cache/metadata-390.htm
07-05 14:52:22.587   545 18725 I DownloadManager: in removeSpuriousFiles, preserving file /data/data/com.android.providers.downloads/cache/metadata-97.htm
07-05 14:52:22.587   545 18725 I DownloadManager: in removeSpuriousFiles, preserving file /data/data/com.android.providers.downloads/cache/metadata-158.htm
07-05 14:52:22.587   545 18725 I DownloadManager: in removeSpuriousFiles, preserving file /data/data/com.android.providers.downloads/cache/metadata-1714.htm
07-05 14:52:22.587   545 18725 I DownloadManager: in removeSpuriousFiles, preserving file /data/data/com.android.providers.downloads/cache/metadata-318.htm
07-05 14:52:22.587   545 18725 I DownloadManager: in removeSpuriousFiles, preserving file /data/data/com.android.providers.downloads/cache/metadata-422.htm
07-05 14:52:22.587   545 18725 I DownloadManager: in removeSpuriousFiles, preserving file /data/data/com.android.providers.downloads/cache/metadata-266.htm
07-05 14:52:22.587   545 18725 I DownloadManager: in removeSpuriousFiles, preserving file /data/data/com.android.providers.downloads/cache/metadata-330.htm
07-05 14:52:22.587   545 18725 I DownloadManager: in removeSpuriousFiles, preserving file /data/data/com.android.providers.downloads/cache/metadata-556.htm
07-05 14:52:22.587   545 18725 I DownloadManager: in removeSpuriousFiles, preserving file /data/data/com.android.providers.downloads/cache/metadata-198.htm
07-05 14:52:22.587   545 18725 I DownloadManager: in removeSpuriousFiles, preserving file /data/data/com.android.providers.downloads/cache/metadata-165.htm
07-05 14:52:22.587   545 18725 I DownloadManager: in removeSpuriousFiles, preserving file /data/data/com.android.providers.downloads/cache/metadata-408.htm
07-05 14:52:22.587   545 18725 I DownloadManager: in removeSpuriousFiles, preserving file /data/data/com.android.providers.downloads/cache/metadata-804.htm
07-05 14:52:22.587   545 18725 I DownloadManager: in removeSpuriousFiles, preserving file /data/data/com.android.providers.downloads/cache/metadata-228.htm
07-05 14:52:22.591   545 18725 I DownloadManager: in removeSpuriousFiles, preserving file /data/data/com.android.providers.downloads/cache/metadata-382.htm
07-05 14:52:22.591   545 18725 I DownloadManager: in removeSpuriousFiles, preserving file /data/data/com.android.providers.downloads/cache/metadata-516.htm
07-05 14:52:22.591   545 18725 I DownloadManager: in removeSpuriousFiles, preserving file /data/data/com.android.providers.downloads/cache/metadata-510.htm
07-05 14:52:22.591   545 18725 I DownloadManager: in removeSpuriousFiles, preserving file /data/data/com.android.providers.downloads/cache/metadata-246.htm
07-05 14:52:22.594   545 18725 I DownloadManager: in removeSpuriousFiles, preserving file /data/data/com.android.providers.downloads/cache/metadata-189.htm
07-05 14:52:22.594   545 18725 I DownloadManager: in removeSpuriousFiles, preserving file /data/data/com.android.providers.downloads/cache/metadata-827.htm
07-05 14:52:22.594   545 18725 I DownloadManager: in removeSpuriousFiles, preserving file /data/data/com.android.providers.downloads/cache/metadata-472.htm
07-05 14:52:22.594   545 18725 I DownloadManager: in removeSpuriousFiles, preserving file /data/data/com.android.providers.downloads/cache/metadata-485.htm
07-05 14:52:22.594   545 18725 I DownloadManager: in removeSpuriousFiles, preserving file /data/data/com.android.providers.downloads/cache/metadata-490.htm
07-05 14:52:22.594   545 18725 I DownloadManager: in removeSpuriousFiles, preserving file /data/data/com.android.providers.downloads/cache/metadata-349.htm
07-05 14:52:22.594   545 18725 I DownloadManager: in removeSpuriousFiles, preserving file /data/data/com.android.providers.downloads/cache/metadata-354.htm
07-05 14:52:22.594   545 18725 I DownloadManager: in removeSpuriousFiles, preserving file /data/data/com.android.providers.downloads/cache/metadata-572.htm
07-05 14:52:22.594   545 18725 I DownloadManager: in removeSpuriousFiles, preserving file /data/data/com.android.providers.downloads/cache/metadata-1466.htm
07-05 14:52:22.594   545 18725 I DownloadManager: in removeSpuriousFiles, preserving file /data/data/com.android.providers.downloads/cache/metadata-2382.htm
07-05 14:52:22.594   545 18725 I DownloadManager: in removeSpuriousFiles, preserving file /data/data/com.android.providers.downloads/cache/metadata-310.htm
07-05 14:52:22.594   545 18725 I DownloadManager: in removeSpuriousFiles, preserving file /data/data/com.android.providers.downloads/cache/metadata-373.htm
07-05 14:52:22.594   545 18725 I DownloadManager: in removeSpuriousFiles, preserving file /data/data/com.android.providers.downloads/cache/metadata-720.htm
07-05 14:52:22.602   545 18725 I DownloadManager: in removeSpuriousFiles, preserving file /data/data/com.android.providers.downloads/cache/metadata-514.htm
07-05 14:52:22.602   545 18725 I DownloadManager: in removeSpuriousFiles, preserving file /data/data/com.android.providers.downloads/cache/metadata-446.htm
07-05 14:52:22.602   545 18725 I DownloadManager: in removeSpuriousFiles, preserving file /data/data/com.android.providers.downloads/cache/metadata-115.htm
07-05 14:52:22.602   545 18725 I DownloadManager: in removeSpuriousFiles, preserving file /data/data/com.android.providers.downloads/cache/metadata-238.htm
07-05 14:52:22.602   545 18725 I DownloadManager: in removeSpuriousFiles, preserving file /data/data/com.android.providers.downloads/cache/metadata-272.htm
07-05 14:52:22.602   545 18725 I DownloadManager: in removeSpuriousFiles, preserving file /data/data/com.android.providers.downloads/cache/metadata-479.htm
07-05 14:52:22.602   545 18725 I DownloadManager: in removeSpuriousFiles, preserving file /data/data/com.android.providers.downloads/cache/metadata-486.htm
07-05 14:52:22.602   545 18725 I DownloadManager: in removeSpuriousFiles, preserving file /data/data/com.android.providers.downloads/cache/metadata-1141.htm
07-05 14:52:22.602   545 18725 I DownloadManager: in removeSpuriousFiles, preserving file /data/data/com.android.providers.downloads/cache/metadata-652.htm
07-05 14:52:22.602   545 18725 I DownloadManager: in removeSpuriousFiles, preserving file /data/data/com.android.providers.downloads/cache/metadata-829.htm
07-05 14:52:22.602   545 18725 I DownloadManager: in removeSpuriousFiles, preserving file /data/data/com.android.providers.downloads/cache/metadata-429.htm
07-05 14:52:22.606   545 18725 I DownloadManager: in removeSpuriousFiles, preserving file /data/data/com.android.providers.downloads/cache/metadata-473.htm
07-05 14:52:22.606   545 18725 I DownloadManager: in removeSpuriousFiles, preserving file /data/data/com.android.providers.downloads/cache/metadata-343.htm
07-05 14:52:22.606   545 18725 I DownloadManager: in removeSpuriousFiles, preserving file /data/data/com.android.providers.downloads/cache/metadata-1306.htm
07-05 14:52:22.606   545 18725 I DownloadManager: in removeSpuriousFiles, preserving file /data/data/com.android.providers.downloads/cache/metadata-457.htm
07-05 14:52:22.610   545 18725 I DownloadManager: in removeSpuriousFiles, preserving file /data/data/com.android.providers.downloads/cache/metadata-2307.htm
07-05 14:52:22.610   545 18725 I DownloadManager: in removeSpuriousFiles, preserving file /data/data/com.android.providers.downloads/cache/metadata-465.htm
07-05 14:52:22.610   545 18725 I DownloadManager: in removeSpuriousFiles, preserving file /data/data/com.android.providers.downloads/cache/metadata-370.htm
07-05 14:52:22.610   545 18725 I DownloadManager: in removeSpuriousFiles, preserving file /data/data/com.android.providers.downloads/cache/metadata-409.htm
07-05 14:52:22.610   545 18725 I DownloadManager: in removeSpuriousFiles, preserving file /data/data/com.android.providers.downloads/cache/metadata-346.htm
07-05 14:52:22.610   545 18725 I DownloadManager: in removeSpuriousFiles, preserving file /data/data/com.android.providers.downloads/cache/metadata-2578.htm
07-05 14:52:22.610   545 18725 I DownloadManager: in removeSpuriousFiles, preserving file /data/data/com.android.providers.downloads/cache/metadata-801.htm
07-05 14:52:22.610   545 18725 I DownloadManager: in removeSpuriousFiles, preserving file /data/data/com.android.providers.downloads/cache/metadata-1081.htm
07-05 14:52:22.610   545 18725 I DownloadManager: in removeSpuriousFiles, preserving file /data/data/com.android.providers.downloads/cache/metadata-880.htm
07-05 14:52:22.614   545 18725 I DownloadManager: in removeSpuriousFiles, preserving file /data/data/com.android.providers.downloads/cache/metadata-535.htm
07-05 14:52:22.614   545 18725 I DownloadManager: in removeSpuriousFiles, preserving file /data/data/com.android.providers.downloads/cache/metadata-918.htm
07-05 14:52:22.626   545 18725 I DownloadManager: in removeSpuriousFiles, preserving file /data/data/com.android.providers.downloads/cache/metadata-173.htm
07-05 14:52:22.626   545 18725 I DownloadManager: in removeSpuriousFiles, preserving file /data/data/com.android.providers.downloads/cache/metadata-1552.htm
07-05 14:52:22.626   545 18725 I DownloadManager: in removeSpuriousFiles, preserving file /data/data/com.android.providers.downloads/cache/metadata-112.htm
07-05 14:52:22.630   545 18725 I DownloadManager: in removeSpuriousFiles, preserving file /data/data/com.android.providers.downloads/cache/metadata-1067.htm
07-05 14:52:22.630   545 18725 I DownloadManager: in removeSpuriousFiles, preserving file /data/data/com.android.providers.downloads/cache/metadata-1910.htm
07-05 14:52:22.630   545 18725 I DownloadManager: in removeSpuriousFiles, preserving file /data/data/com.android.providers.downloads/cache/metadata-183.htm
07-05 14:52:22.630   545 18725 I DownloadManager: in removeSpuriousFiles, preserving file /data/data/com.android.providers.downloads/cache/metadata-619.htm
07-05 14:52:22.630   545 18725 I DownloadManager: in removeSpuriousFiles, preserving file /data/data/com.android.providers.downloads/cache/metadata-308.htm
07-05 14:52:22.630   545 18725 I DownloadManager: in removeSpuriousFiles, preserving file /data/data/com.android.providers.downloads/cache/metadata-1171.htm
07-05 14:52:22.634   545   548 D dalvikvm: GC_CONCURRENT freed 686K, 8% free 10812K/11719K, paused 2ms+3ms
07-05 14:52:22.637   545 18725 I DownloadManager: in removeSpuriousFiles, preserving file /data/data/com.android.providers.downloads/cache/metadata-1487.htm
07-05 14:52:22.637   545 18725 I DownloadManager: in removeSpuriousFiles, preserving file /data/data/com.android.providers.downloads/cache/metadata-888.htm
07-05 14:52:22.637   545 18725 I DownloadManager: in removeSpuriousFiles, preserving file /data/data/com.android.providers.downloads/cache/metadata-1164.htm
07-05 14:52:22.637   545 18725 I DownloadManager: in removeSpuriousFiles, preserving file /data/data/com.android.providers.downloads/cache/metadata-1447.htm
07-05 14:52:22.637   545 18725 I DownloadManager: in removeSpuriousFiles, preserving file /data/data/com.android.providers.downloads/cache/metadata-477.htm
07-05 14:52:22.637   545 18725 I DownloadManager: in removeSpuriousFiles, preserving file /data/data/com.android.providers.downloads/cache/metadata-1267.htm
07-05 14:52:22.637   545 18725 I DownloadManager: in removeSpuriousFiles, preserving file /data/data/com.android.providers.downloads/cache/metadata-1717.htm
07-05 14:52:22.637   545 18725 I DownloadManager: in removeSpuriousFiles, preserving file /data/data/com.android.providers.downloads/cache/metadata-386.htm
07-05 14:52:22.649   545 18725 I DownloadManager: in removeSpuriousFiles, preserving file /data/data/com.android.providers.downloads/cache/metadata-1059.htm
07-05 14:52:22.649   545 18725 I DownloadManager: in removeSpuriousFiles, preserving file /data/data/com.android.providers.downloads/cache/metadata-915.htm
07-05 14:52:22.649   545 18725 I DownloadManager: in removeSpuriousFiles, preserving file /data/data/com.android.providers.downloads/cache/metadata-493.htm
07-05 14:52:22.649   545 18725 I DownloadManager: in removeSpuriousFiles, preserving file /data/data/com.android.providers.downloads/cache/metadata-2036.htm
07-05 14:52:22.653   545 18725 I DownloadManager: in removeSpuriousFiles, preserving file /data/data/com.android.providers.downloads/cache/metadata-1655.htm
07-05 14:52:22.653   545 18725 I DownloadManager: in removeSpuriousFiles, preserving file /data/data/com.android.providers.downloads/cache/metadata-1250.htm
07-05 14:52:22.653   545 18725 I DownloadManager: in removeSpuriousFiles, preserving file /data/data/com.android.providers.downloads/cache/metadata-1217.htm
07-05 14:52:22.653   545 18725 I DownloadManager: in removeSpuriousFiles, preserving file /data/data/com.android.providers.downloads/cache/metadata-1542.htm
07-05 14:52:22.653   545 18725 I DownloadManager: in removeSpuriousFiles, preserving file /data/data/com.android.providers.downloads/cache/metadata-492.htm
07-05 14:52:22.653   545 18725 I DownloadManager: in removeSpuriousFiles, preserving file /data/data/com.android.providers.downloads/cache/metadata-1843.htm
07-05 14:52:22.653   545 18725 I DownloadManager: in removeSpuriousFiles, preserving file /data/data/com.android.providers.downloads/cache/metadata-1561.htm
07-05 14:52:22.653   545 18725 I DownloadManager: in removeSpuriousFiles, preserving file /data/data/com.android.providers.downloads/cache/metadata-509.htm
07-05 14:52:22.657   545 18725 I DownloadManager: in removeSpuriousFiles, preserving file /data/data/com.android.providers.downloads/cache/metadata-2167.htm
07-05 14:52:22.657   545 18725 I DownloadManager: in removeSpuriousFiles, preserving file /data/data/com.android.providers.downloads/cache/metadata-864.htm
07-05 14:52:22.657   545 18725 I DownloadManager: in removeSpuriousFiles, preserving file /data/data/com.android.providers.downloads/cache/metadata-1066.htm
07-05 14:52:22.657   545 18725 I DownloadManager: in removeSpuriousFiles, preserving file /data/data/com.android.providers.downloads/cache/metadata-1105.htm
07-05 14:52:22.657   545 18725 I DownloadManager: in removeSpuriousFiles, preserving file /data/data/com.android.providers.downloads/cache/metadata-1127.htm
07-05 14:52:22.657   545 18725 I DownloadManager: in removeSpuriousFiles, preserving file /data/data/com.android.providers.downloads/cache/metadata-1319.htm
07-05 14:52:22.661   545 18725 I DownloadManager: in removeSpuriousFiles, preserving file /data/data/com.android.providers.downloads/cache/metadata-1863.htm
07-05 14:52:22.661   545 18725 I DownloadManager: in removeSpuriousFiles, preserving file /data/data/com.android.providers.downloads/cache/metadata-1591.htm
07-05 14:52:22.661   545 18725 I DownloadManager: in removeSpuriousFiles, preserving file /data/data/com.android.providers.downloads/cache/metadata-1074.htm
07-05 14:52:22.661   545 18725 I DownloadManager: in removeSpuriousFiles, preserving file /data/data/com.android.providers.downloads/cache/metadata-846.htm
07-05 14:52:22.661   545 18725 I DownloadManager: in removeSpuriousFiles, preserving file /data/data/com.android.providers.downloads/cache/metadata-532.htm
07-05 14:52:22.661   545 18725 I DownloadManager: in removeSpuriousFiles, preserving file /data/data/com.android.providers.downloads/cache/metadata-1483.htm
07-05 14:52:22.661   545 18725 I DownloadManager: in removeSpuriousFiles, preserving file /data/data/com.android.providers.downloads/cache/metadata-508.htm
07-05 14:52:22.665   545 18725 I DownloadManager: in removeSpuriousFiles, preserving file /data/data/com.android.providers.downloads/cache/metadata-1091.htm
07-05 14:52:22.665   545 18725 I DownloadManager: in removeSpuriousFiles, preserving file /data/data/com.android.providers.downloads/cache/metadata-993.htm
07-05 14:52:22.665   545 18725 I DownloadManager: in removeSpuriousFiles, preserving file /data/data/com.android.providers.downloads/cache/metadata-719.htm
07-05 14:52:22.665   545 18725 I DownloadManager: in removeSpuriousFiles, preserving file /data/data/com.android.providers.downloads/cache/metadata-1514.htm
07-05 14:52:22.665   545 18725 I DownloadManager: in removeSpuriousFiles, preserving file /data/data/com.android.providers.downloads/cache/metadata-980.htm
07-05 14:52:22.669   545 18725 I DownloadManager: in removeSpuriousFiles, preserving file /data/data/com.android.providers.downloads/cache/metadata-1830.htm
07-05 14:52:22.669   545 18725 I DownloadManager: in removeSpuriousFiles, preserving file /data/data/com.android.providers.downloads/cache/metadata-1697.htm
07-05 14:52:22.669   545 18725 I DownloadManager: in removeSpuriousFiles, preserving file /data/data/com.android.providers.downloads/cache/metadata-1167.htm
07-05 14:52:22.669   545 18725 I DownloadManager: in removeSpuriousFiles, preserving file /data/data/com.android.providers.downloads/cache/metadata-582.htm
07-05 14:52:22.673   545 18725 I DownloadManager: in removeSpuriousFiles, preserving file /data/data/com.android.providers.downloads/cache/metadata-2.htm
07-05 14:52:22.673   545 18725 I DownloadManager: in removeSpuriousFiles, preserving file /data/data/com.android.providers.downloads/cache/metadata-29.htm
07-05 14:52:22.673   545 18725 I DownloadManager: in removeSpuriousFiles, preserving file /data/data/com.android.providers.downloads/cache/metadata-28.htm
07-05 14:52:22.673   545 18725 I DownloadManager: in removeSpuriousFiles, preserving file /data/data/com.android.providers.downloads/cache/metadata-8.htm
07-05 14:52:22.673   545 18725 I DownloadManager: in removeSpuriousFiles, preserving file /data/data/com.android.providers.downloads/cache/metadata-19.htm
07-05 14:52:22.673   545 18725 I DownloadManager: in removeSpuriousFiles, preserving file /data/data/com.android.providers.downloads/cache/metadata-47.htm
07-05 14:52:22.673   545 18725 I DownloadManager: in removeSpuriousFiles, preserving file /data/data/com.android.providers.downloads/cache/metadata-46.htm
07-05 14:52:22.673   545 18725 I DownloadManager: in removeSpuriousFiles, preserving file /data/data/com.android.providers.downloads/cache/metadata-33.htm
07-05 14:52:22.673   545 18725 I DownloadManager: in removeSpuriousFiles, preserving file /data/data/com.android.providers.downloads/cache/metadata-34.htm
07-05 14:52:22.673   545 18725 I DownloadManager: in removeSpuriousFiles, preserving file /data/data/com.android.providers.downloads/cache/metadata-420.htm
07-05 14:52:22.673   545 18725 I DownloadManager: in removeSpuriousFiles, preserving file /data/data/com.android.providers.downloads/cache/metadata-469.htm
07-05 14:52:22.673   545 18725 I DownloadManager: in removeSpuriousFiles, preserving file /data/data/com.android.providers.downloads/cache/metadata-92.htm
07-05 14:52:22.673   545 18725 I DownloadManager: in removeSpuriousFiles, preserving file /data/data/com.android.providers.downloads/cache/metadata-190.htm
07-05 14:52:22.673   545 18725 I DownloadManager: in removeSpuriousFiles, preserving file /data/data/com.android.providers.downloads/cache/metadata-36.htm
07-05 14:52:22.673   545 18725 I DownloadManager: in removeSpuriousFiles, preserving file /data/data/com.android.providers.downloads/cache/metadata-110.htm
07-05 14:52:22.673   545 18725 I DownloadManager: in removeSpuriousFiles, preserving file /data/data/com.android.providers.downloads/cache/metadata-1743.htm
07-05 14:52:22.673   545 18725 I DownloadManager: in removeSpuriousFiles, preserving file /data/data/com.android.providers.downloads/cache/metadata-66.htm
07-05 14:52:22.673   545 18725 I DownloadManager: in removeSpuriousFiles, preserving file /data/data/com.android.providers.downloads/cache/metadata-86.htm
07-05 14:52:22.676   545 18725 I DownloadManager: in removeSpuriousFiles, preserving file /data/data/com.android.providers.downloads/cache/metadata-309.htm
07-05 14:52:22.676   545 18725 I DownloadManager: in removeSpuriousFiles, preserving file /data/data/com.android.providers.downloads/cache/metadata-378.htm
07-05 14:52:22.676   545 18725 I DownloadManager: in removeSpuriousFiles, preserving file /data/data/com.android.providers.downloads/cache/metadata-483.htm
07-05 14:52:22.676   545 18725 I DownloadManager: in removeSpuriousFiles, preserving file /data/data/com.android.providers.downloads/cache/metadata-577.htm
07-05 14:52:22.676   545 18725 I DownloadManager: in removeSpuriousFiles, preserving file /data/data/com.android.providers.downloads/cache/metadata-360.htm
07-05 14:52:22.676   545 18725 I DownloadManager: in removeSpuriousFiles, preserving file /data/data/com.android.providers.downloads/cache/metadata-1213.htm
07-05 14:52:22.676   545 18725 I DownloadManager: in removeSpuriousFiles, preserving file /data/data/com.android.providers.downloads/cache/metadata-282.htm
07-05 14:52:22.676   545 18725 I DownloadManager: in removeSpuriousFiles, preserving file /data/data/com.android.providers.downloads/cache/metadata-256.htm
07-05 14:52:22.676   545 18725 I DownloadManager: in removeSpuriousFiles, preserving file /data/data/com.android.providers.downloads/cache/metadata-95.htm
07-05 14:52:22.676   545 18725 I DownloadManager: in removeSpuriousFiles, preserving file /data/data/com.android.providers.downloads/cache/metadata-267.htm
07-05 14:52:22.676   545 18725 I DownloadManager: in removeSpuriousFiles, preserving file /data/data/com.android.providers.downloads/cache/metadata-1162.htm
07-05 14:52:22.676   545 18725 I DownloadManager: in removeSpuriousFiles, preserving file /data/data/com.android.providers.downloads/cache/metadata-506.htm
07-05 14:52:22.676   545 18725 I DownloadManager: in removeSpuriousFiles, preserving file /data/data/com.android.providers.downloads/cache/metadata-287.htm
07-05 14:52:22.676   545 18725 I DownloadManager: in removeSpuriousFiles, preserving file /data/data/com.android.providers.downloads/cache/metadata-1818.htm
07-05 14:52:22.676   545 18725 I DownloadManager: in removeSpuriousFiles, preserving file /data/data/com.android.providers.downloads/cache/metadata-383.htm
07-05 14:52:22.676   545 18725 I DownloadManager: in removeSpuriousFiles, preserving file /data/data/com.android.providers.downloads/cache/metadata-396.htm
07-05 14:52:22.676   545 18725 I DownloadManager: in removeSpuriousFiles, preserving file /data/data/com.android.providers.downloads/cache/metadata-1956.htm
07-05 14:52:22.680   545 18725 I DownloadManager: in removeSpuriousFiles, preserving file /data/data/com.android.providers.downloads/cache/metadata-154.htm
07-05 14:52:22.680   545 18725 I DownloadManager: in removeSpuriousFiles, preserving file /data/data/com.android.providers.downloads/cache/metadata-339.htm
07-05 14:52:22.680   545 18725 I DownloadManager: in removeSpuriousFiles, preserving file /data/data/com.android.providers.downloads/cache/metadata-591.htm
07-05 14:52:22.680   545 18725 I DownloadManager: in removeSpuriousFiles, preserving file /data/data/com.android.providers.downloads/cache/metadata-253.htm
07-05 14:52:22.680   545 18725 I DownloadManager: in removeSpuriousFiles, preserving file /data/data/com.android.providers.downloads/cache/metadata-388.htm
07-05 14:52:22.680   545 18725 I DownloadManager: in removeSpuriousFiles, preserving file /data/data/com.android.providers.downloads/cache/metadata-364.htm
07-05 14:52:22.680   545 18725 I DownloadManager: in removeSpuriousFiles, preserving file /data/data/com.android.providers.downloads/cache/metadata-2026.htm
07-05 14:52:22.680   545 18725 I DownloadManager: in removeSpuriousFiles, preserving file /data/data/com.android.providers.downloads/cache/metadata-857.htm
07-05 14:52:22.680   545 18725 I DownloadManager: in removeSpuriousFiles, preserving file /data/data/com.android.providers.downloads/cache/metadata-423.htm
07-05 14:52:22.680   545 18725 I DownloadManager: in removeSpuriousFiles, preserving file /data/data/com.android.providers.downloads/cache/metadata-244.htm
07-05 14:52:22.680   545 18725 I DownloadManager: in removeSpuriousFiles, preserving file /data/data/com.android.providers.downloads/cache/metadata-507.htm
07-05 14:52:22.680   545 18725 I DownloadManager: in removeSpuriousFiles, preserving file /data/data/com.android.providers.downloads/cache/metadata-358.htm
07-05 14:52:22.680   545 18725 I DownloadManager: in removeSpuriousFiles, preserving file /data/data/com.android.providers.downloads/cache/metadata-1284.htm
07-05 14:52:22.680   545 18725 I DownloadManager: in removeSpuriousFiles, preserving file /data/data/com.android.providers.downloads/cache/metadata-1235.htm
07-05 14:52:22.680   545 18725 I DownloadManager: in removeSpuriousFiles, preserving file /data/data/com.android.providers.downloads/cache/metadata-1808.htm
07-05 14:52:22.684   545 18725 I DownloadManager: in removeSpuriousFiles, preserving file /data/data/com.android.providers.downloads/cache/metadata-293.htm
07-05 14:52:22.684   545 18725 I DownloadManager: in removeSpuriousFiles, preserving file /data/data/com.android.providers.downloads/cache/metadata-285.htm
07-05 14:52:22.684   545 18725 I DownloadManager: in removeSpuriousFiles, preserving file /data/data/com.android.providers.downloads/cache/metadata-191.htm
07-05 14:52:22.684   545 18725 I DownloadManager: in removeSpuriousFiles, preserving file /data/data/com.android.providers.downloads/cache/metadata-1166.htm
07-05 14:52:22.684   545 18725 I DownloadManager: in removeSpuriousFiles, preserving file /data/data/com.android.providers.downloads/cache/metadata-1032.htm
07-05 14:52:22.684   545 18725 I DownloadManager: in removeSpuriousFiles, preserving file /data/data/com.android.providers.downloads/cache/metadata-494.htm
07-05 14:52:22.684   545 18725 I DownloadManager: in removeSpuriousFiles, preserving file /data/data/com.android.providers.downloads/cache/metadata-571.htm
07-05 14:52:22.684   545 18725 I DownloadManager: in removeSpuriousFiles, preserving file /data/data/com.android.providers.downloads/cache/metadata-229.htm
07-05 14:52:22.684   545 18725 I DownloadManager: in removeSpuriousFiles, preserving file /data/data/com.android.providers.downloads/cache/metadata-578.htm
07-05 14:52:22.684   545 18725 I DownloadManager: in removeSpuriousFiles, preserving file /data/data/com.android.providers.downloads/cache/metadata-363.htm
07-05 14:52:22.684   545 18725 I DownloadManager: in removeSpuriousFiles, preserving file /data/data/com.android.providers.downloads/cache/metadata-316.htm
07-05 14:52:22.684   545 18725 I DownloadManager: in removeSpuriousFiles, preserving file /data/data/com.android.providers.downloads/cache/metadata-384.htm
07-05 14:52:22.684   545 18725 I DownloadManager: in removeSpuriousFiles, preserving file /data/data/com.android.providers.downloads/cache/metadata-258.htm
07-05 14:52:22.688   545 18725 I DownloadManager: in removeSpuriousFiles, preserving file /data/data/com.android.providers.downloads/cache/metadata-1616.htm
07-05 14:52:22.688   545 18725 I DownloadManager: in removeSpuriousFiles, preserving file /data/data/com.android.providers.downloads/cache/metadata-128.htm
07-05 14:52:22.688   545 18725 I DownloadManager: in removeSpuriousFiles, preserving file /data/data/com.android.providers.downloads/cache/metadata-1712.htm
07-05 14:52:22.688   545 18725 I DownloadManager: in removeSpuriousFiles, preserving file /data/data/com.android.providers.downloads/cache/metadata-260.htm
07-05 14:52:22.688   545 18725 I DownloadManager: in removeSpuriousFiles, preserving file /data/data/com.android.providers.downloads/cache/metadata-950.htm
07-05 14:52:22.688   545 18725 I DownloadManager: in removeSpuriousFiles, preserving file /data/data/com.android.providers.downloads/cache/metadata-891.htm
07-05 14:52:22.688   545 18725 I DownloadManager: in removeSpuriousFiles, preserving file /data/data/com.android.providers.downloads/cache/metadata-377.htm
07-05 14:52:22.688   545 18725 I DownloadManager: in removeSpuriousFiles, preserving file /data/data/com.android.providers.downloads/cache/metadata-403.htm
07-05 14:52:22.692   545 18725 I DownloadManager: in removeSpuriousFiles, preserving file /data/data/com.android.providers.downloads/cache/metadata-929.htm
07-05 14:52:22.692   545 18725 I DownloadManager: in removeSpuriousFiles, preserving file /data/data/com.android.providers.downloads/cache/metadata-280.htm
07-05 14:52:22.692   545 18725 I DownloadManager: in removeSpuriousFiles, preserving file /data/data/com.android.providers.downloads/cache/metadata-2063.htm
07-05 14:52:22.692   545 18725 I DownloadManager: in removeSpuriousFiles, preserving file /data/data/com.android.providers.downloads/cache/metadata-2079.htm
07-05 14:52:22.692   545 18725 I DownloadManager: in removeSpuriousFiles, preserving file /data/data/com.android.providers.downloads/cache/metadata-461.htm
07-05 14:52:22.692   545 18725 I DownloadManager: in removeSpuriousFiles, preserving file /data/data/com.android.providers.downloads/cache/metadata-1352.htm
07-05 14:52:22.692   545 18725 I DownloadManager: in removeSpuriousFiles, preserving file /data/data/com.android.providers.downloads/cache/metadata-484.htm
07-05 14:52:22.692   545 18725 I DownloadManager: in removeSpuriousFiles, preserving file /data/data/com.android.providers.downloads/cache/metadata-1088.htm
07-05 14:52:22.692   545 18725 I DownloadManager: in removeSpuriousFiles, preserving file /data/data/com.android.providers.downloads/cache/metadata-426.htm
07-05 14:52:22.692   545 18725 I DownloadManager: in removeSpuriousFiles, preserving file /data/data/com.android.providers.downloads/cache/metadata-1589.htm
07-05 14:52:22.692   545 18725 I DownloadManager: in removeSpuriousFiles, preserving file /data/data/com.android.providers.downloads/cache/metadata-438.htm
07-05 14:52:22.696   545 18725 I DownloadManager: in removeSpuriousFiles, preserving file /data/data/com.android.providers.downloads/cache/metadata-463.htm
07-05 14:52:22.696   545 18725 I DownloadManager: in removeSpuriousFiles, preserving file /data/data/com.android.providers.downloads/cache/metadata-69.htm
07-05 14:52:22.696   545 18725 I DownloadManager: in removeSpuriousFiles, preserving file /data/data/com.android.providers.downloads/cache/metadata-355.htm
07-05 14:52:22.696   545 18725 I DownloadManager: in removeSpuriousFiles, preserving file /data/data/com.android.providers.downloads/cache/metadata-1497.htm
07-05 14:52:22.696   545 18725 I DownloadManager: in removeSpuriousFiles, preserving file /data/data/com.android.providers.downloads/cache/metadata-1031.htm
07-05 14:52:22.696   545 18725 I DownloadManager: in removeSpuriousFiles, preserving file /data/data/com.android.providers.downloads/cache/metadata-1471.htm
07-05 14:52:22.696   545 18725 I DownloadManager: in removeSpuriousFiles, preserving file /data/data/com.android.providers.downloads/cache/metadata-468.htm
07-05 14:52:22.696   545 18725 I DownloadManager: in removeSpuriousFiles, preserving file /data/data/com.android.providers.downloads/cache/metadata-602.htm
07-05 14:52:22.696   545 18725 I DownloadManager: in removeSpuriousFiles, preserving file /data/data/com.android.providers.downloads/cache/metadata-967.htm
07-05 14:52:22.696   545 18725 I DownloadManager: in removeSpuriousFiles, preserving file /data/data/com.android.providers.downloads/cache/metadata-536.htm
07-05 14:52:22.700   545 18725 I DownloadManager: in removeSpuriousFiles, preserving file /data/data/com.android.providers.downloads/cache/metadata-1116.htm
07-05 14:52:22.700   545 18725 I DownloadManager: in removeSpuriousFiles, preserving file /data/data/com.android.providers.downloads/cache/metadata-524.htm
07-05 14:52:22.700   545 18725 I DownloadManager: in removeSpuriousFiles, preserving file /data/data/com.android.providers.downloads/cache/metadata-517.htm
07-05 14:52:22.700   545 18725 I DownloadManager: in removeSpuriousFiles, preserving file /data/data/com.android.providers.downloads/cache/metadata-2118.htm
07-05 14:52:22.700   545 18725 I DownloadManager: in removeSpuriousFiles, preserving file /data/data/com.android.providers.downloads/cache/metadata-1033.htm
07-05 14:52:22.700   545 18725 I DownloadManager: in removeSpuriousFiles, preserving file /data/data/com.android.providers.downloads/cache/metadata-1841.htm
07-05 14:52:22.700   545 18725 I DownloadManager: in removeSpuriousFiles, preserving file /data/data/com.android.providers.downloads/cache/metadata-2012.htm
07-05 14:52:22.700   545 18725 I DownloadManager: in removeSpuriousFiles, preserving file /data/data/com.android.providers.downloads/cache/metadata-1369.htm
07-05 14:52:22.700   545 18725 I DownloadManager: in removeSpuriousFiles, preserving file /data/data/com.android.providers.downloads/cache/metadata-1196.htm
07-05 14:52:22.700   545 18725 I DownloadManager: in removeSpuriousFiles, preserving file /data/data/com.android.providers.downloads/cache/metadata-1633.htm
07-05 14:52:22.704   545 18725 I DownloadManager: in removeSpuriousFiles, preserving file /data/data/com.android.providers.downloads/cache/metadata-1344.htm
07-05 14:52:22.704   545 18725 I DownloadManager: in removeSpuriousFiles, preserving file /data/data/com.android.providers.downloads/cache/metadata-2303.htm
07-05 14:52:22.704   545 18725 I DownloadManager: in removeSpuriousFiles, preserving file /data/data/com.android.providers.downloads/cache/metadata-898.htm
07-05 14:52:22.704   545 18725 I DownloadManager: in removeSpuriousFiles, preserving file /data/data/com.android.providers.downloads/cache/metadata-738.htm
07-05 14:52:22.704   545 18725 I DownloadManager: in removeSpuriousFiles, preserving file /data/data/com.android.providers.downloads/cache/metadata-1102.htm
07-05 14:52:22.704   545 18725 I DownloadManager: in removeSpuriousFiles, preserving file /data/data/com.android.providers.downloads/cache/metadata-669.htm
07-05 14:52:22.704   545 18725 I DownloadManager: in removeSpuriousFiles, preserving file /data/data/com.android.providers.downloads/cache/metadata-553.htm
07-05 14:52:22.704   545 18725 I DownloadManager: in removeSpuriousFiles, preserving file /data/data/com.android.providers.downloads/cache/metadata-620.htm
07-05 14:52:22.708   545 18725 I DownloadManager: in removeSpuriousFiles, preserving file /data/data/com.android.providers.downloads/cache/metadata-874.htm
07-05 14:52:22.708   545 18725 I DownloadManager: in removeSpuriousFiles, preserving file /data/data/com.android.providers.downloads/cache/metadata-1649.htm
07-05 14:52:22.708   545 18725 I DownloadManager: in removeSpuriousFiles, preserving file /data/data/com.android.providers.downloads/cache/metadata-1481.htm
07-05 14:52:22.708   545 18725 I DownloadManager: in removeSpuriousFiles, preserving file /data/data/com.android.providers.downloads/cache/metadata-642.htm
07-05 14:52:22.708   545 18725 I DownloadManager: in removeSpuriousFiles, preserving file /data/data/com.android.providers.downloads/cache/metadata-458.htm
07-05 14:52:22.708   545 18725 I DownloadManager: in removeSpuriousFiles, preserving file /data/data/com.android.providers.downloads/cache/metadata-1269.htm
07-05 14:52:22.712   545 18725 I DownloadManager: in removeSpuriousFiles, preserving file /data/data/com.android.providers.downloads/cache/metadata-1842.htm
07-05 14:52:22.712   545 18725 I DownloadManager: in removeSpuriousFiles, preserving file /data/data/com.android.providers.downloads/cache/metadata-389.htm
07-05 14:52:22.712   545 18725 I DownloadManager: in removeSpuriousFiles, preserving file /data/data/com.android.providers.downloads/cache/metadata-784.htm
07-05 14:52:22.712   545 18725 I DownloadManager: in removeSpuriousFiles, preserving file /data/data/com.android.providers.downloads/cache/metadata-10.htm
07-05 14:52:22.712   545 18725 I DownloadManager: in removeSpuriousFiles, preserving file /data/data/com.android.providers.downloads/cache/metadata-575.htm
07-05 14:52:22.712   545 18725 I DownloadManager: in removeSpuriousFiles, preserving file /data/data/com.android.providers.downloads/cache/metadata-5.htm
07-05 14:52:22.712   545 18725 I DownloadManager: in removeSpuriousFiles, preserving file /data/data/com.android.providers.downloads/cache/metadata-166.htm
07-05 14:52:22.712   545 18725 I DownloadManager: in removeSpuriousFiles, preserving file /data/data/com.android.providers.downloads/cache/metadata-1976.htm
07-05 14:52:22.712   545 18725 I DownloadManager: in removeSpuriousFiles, preserving file /data/data/com.android.providers.downloads/cache/metadata-15.htm
07-05 14:52:22.712   545 18725 I DownloadManager: in removeSpuriousFiles, preserving file /data/data/com.android.providers.downloads/cache/metadata-596.htm
07-05 14:52:22.712   545 18725 I DownloadManager: in removeSpuriousFiles, preserving file /data/data/com.android.providers.downloads/cache/metadata-21.htm
07-05 14:52:22.712   545 18725 I DownloadManager: in removeSpuriousFiles, preserving file /data/data/com.android.providers.downloads/cache/metadata-290.htm
07-05 14:52:22.712   545 18725 I DownloadManager: in removeSpuriousFiles, preserving file /data/data/com.android.providers.downloads/cache/metadata-54.htm
07-05 14:52:22.712   545 18725 I DownloadManager: in removeSpuriousFiles, preserving file /data/data/com.android.providers.downloads/cache/metadata-523.htm
07-05 14:52:22.716   545 18725 I DownloadManager: in removeSpuriousFiles, preserving file /data/data/com.android.providers.downloads/cache/metadata-59.htm
07-05 14:52:22.716   545 18725 I DownloadManager: in removeSpuriousFiles, preserving file /data/data/com.android.providers.downloads/cache/metadata-98.htm
07-05 14:52:22.716   545 18725 I DownloadManager: in removeSpuriousFiles, preserving file /data/data/com.android.providers.downloads/cache/metadata-222.htm
07-05 14:52:22.716   545 18725 I DownloadManager: in removeSpuriousFiles, preserving file /data/data/com.android.providers.downloads/cache/metadata-178.htm
07-05 14:52:22.716   545 18725 I DownloadManager: in removeSpuriousFiles, preserving file /data/data/com.android.providers.downloads/cache/metadata-106.htm
07-05 14:52:22.716   545 18725 I DownloadManager: in removeSpuriousFiles, preserving file /data/data/com.android.providers.downloads/cache/metadata-56.htm
07-05 14:52:22.716   545 18725 I DownloadManager: in removeSpuriousFiles, preserving file /data/data/com.android.providers.downloads/cache/metadata-381.htm
07-05 14:52:22.716   545 18725 I DownloadManager: in removeSpuriousFiles, preserving file /data/data/com.android.providers.downloads/cache/metadata-512.htm
07-05 14:52:22.716   545 18725 I DownloadManager: in removeSpuriousFiles, preserving file /data/data/com.android.providers.downloads/cache/metadata-1431.htm
07-05 14:52:22.716   545 18725 I DownloadManager: in removeSpuriousFiles, preserving file /data/data/com.android.providers.downloads/cache/metadata-1549.htm
07-05 14:52:22.716   545 18725 I DownloadManager: in removeSpuriousFiles, preserving file /data/data/com.android.providers.downloads/cache/metadata-108.htm
07-05 14:52:22.716   545 18725 I DownloadManager: in removeSpuriousFiles, preserving file /data/data/com.android.providers.downloads/cache/metadata-547.htm
07-05 14:52:22.716   545 18725 I DownloadManager: in removeSpuriousFiles, preserving file /data/data/com.android.providers.downloads/cache/metadata-600.htm
07-05 14:52:22.716   545 18725 I DownloadManager: in removeSpuriousFiles, preserving file /data/data/com.android.providers.downloads/cache/metadata-790.htm
07-05 14:52:22.716   545 18725 I DownloadManager: in removeSpuriousFiles, preserving file /data/data/com.android.providers.downloads/cache/metadata-405.htm
07-05 14:52:22.716   545 18725 I DownloadManager: in removeSpuriousFiles, preserving file /data/data/com.android.providers.downloads/cache/metadata-239.htm
07-05 14:52:22.716   545 18725 I DownloadManager: in removeSpuriousFiles, preserving file /data/data/com.android.providers.downloads/cache/metadata-200.htm
07-05 14:52:22.716   545 18725 I DownloadManager: in removeSpuriousFiles, preserving file /data/data/com.android.providers.downloads/cache/metadata-584.htm
07-05 14:52:22.716   545 18725 I DownloadManager: in removeSpuriousFiles, preserving file /data/data/com.android.providers.downloads/cache/metadata-192.htm
07-05 14:52:22.719   545 18725 I DownloadManager: in removeSpuriousFiles, preserving file /data/data/com.android.providers.downloads/cache/metadata-682.htm
07-05 14:52:22.719   545 18725 I DownloadManager: in removeSpuriousFiles, preserving file /data/data/com.android.providers.downloads/cache/metadata-1312.htm
07-05 14:52:22.719   545 18725 I DownloadManager: in removeSpuriousFiles, preserving file /data/data/com.android.providers.downloads/cache/metadata-136.htm
07-05 14:52:22.719   545 18725 I DownloadManager: in removeSpuriousFiles, preserving file /data/data/com.android.providers.downloads/cache/metadata-223.htm
07-05 14:52:22.719   545 18725 I DownloadManager: in removeSpuriousFiles, preserving file /data/data/com.android.providers.downloads/cache/metadata-870.htm
07-05 14:52:22.719   545 18725 I DownloadManager: in removeSpuriousFiles, preserving file /data/data/com.android.providers.downloads/cache/metadata-347.htm
07-05 14:52:22.719   545 18725 I DownloadManager: in removeSpuriousFiles, preserving file /data/data/com.android.providers.downloads/cache/metadata-424.htm
07-05 14:52:22.719   545 18725 I DownloadManager: in removeSpuriousFiles, preserving file /data/data/com.android.providers.downloads/cache/metadata-1786.htm
07-05 14:52:22.719   545 18725 I DownloadManager: in removeSpuriousFiles, preserving file /data/data/com.android.providers.downloads/cache/metadata-1043.htm
07-05 14:52:22.719   545 18725 I DownloadManager: in removeSpuriousFiles, preserving file /data/data/com.android.providers.downloads/cache/metadata-1247.htm
07-05 14:52:22.719   545 18725 I DownloadManager: in removeSpuriousFiles, preserving file /data/data/com.android.providers.downloads/cache/metadata-443.htm
07-05 14:52:22.719   545 18725 I DownloadManager: in removeSpuriousFiles, preserving file /data/data/com.android.providers.downloads/cache/metadata-1187.htm
07-05 14:52:22.719   545 18725 I DownloadManager: in removeSpuriousFiles, preserving file /data/data/com.android.providers.downloads/cache/metadata-1229.htm
07-05 14:52:22.719   545 18725 I DownloadManager: in removeSpuriousFiles, preserving file /data/data/com.android.providers.downloads/cache/metadata-1612.htm
07-05 14:52:22.719   545 18725 I DownloadManager: in removeSpuriousFiles, preserving file /data/data/com.android.providers.downloads/cache/metadata-455.htm
07-05 14:52:22.719   545 18725 I DownloadManager: in removeSpuriousFiles, preserving file /data/data/com.android.providers.downloads/cache/metadata-780.htm
07-05 14:52:22.719   545 18725 I DownloadManager: in removeSpuriousFiles, preserving file /data/data/com.android.providers.downloads/cache/metadata-1515.htm
07-05 14:52:22.723   545 18725 I DownloadManager: in removeSpuriousFiles, preserving file /data/data/com.android.providers.downloads/cache/metadata-934.htm
07-05 14:52:22.723   545 18725 I DownloadManager: in removeSpuriousFiles, preserving file /data/data/com.android.providers.downloads/cache/metadata-417.htm
07-05 14:52:22.723   545 18725 I DownloadManager: in removeSpuriousFiles, preserving file /data/data/com.android.providers.downloads/cache/metadata-279.htm
07-05 14:52:22.723   545 18725 I DownloadManager: in removeSpuriousFiles, preserving file /data/data/com.android.providers.downloads/cache/metadata-1418.htm
07-05 14:52:22.723   545 18725 I DownloadManager: in removeSpuriousFiles, preserving file /data/data/com.android.providers.downloads/cache/metadata-1897.htm
07-05 14:52:22.723   545 18725 I DownloadManager: in removeSpuriousFiles, preserving file /data/data/com.android.providers.downloads/cache/metadata-1095.htm
07-05 14:52:22.723   545 18725 I DownloadManager: in removeSpuriousFiles, preserving file /data/data/com.android.providers.downloads/cache/metadata-487.htm
07-05 14:52:22.723   545 18725 I DownloadManager: in removeSpuriousFiles, preserving file /data/data/com.android.providers.downloads/cache/metadata-1651.htm
07-05 14:52:22.723   545 18725 I DownloadManager: in removeSpuriousFiles, preserving file /data/data/com.android.providers.downloads/cache/metadata-410.htm
07-05 14:52:22.723   545 18725 I DownloadManager: in removeSpuriousFiles, preserving file /data/data/com.android.providers.downloads/cache/metadata-1040.htm
07-05 14:52:22.723   545 18725 I DownloadManager: in removeSpuriousFiles, preserving file /data/data/com.android.providers.downloads/cache/metadata-435.htm
07-05 14:52:22.723   545 18725 I DownloadManager: in removeSpuriousFiles, preserving file /data/data/com.android.providers.downloads/cache/metadata-1016.htm
07-05 14:52:22.723   545 18725 I DownloadManager: in removeSpuriousFiles, preserving file /data/data/com.android.providers.downloads/cache/metadata-452.htm
07-05 14:52:22.723   545 18725 I DownloadManager: in removeSpuriousFiles, preserving file /data/data/com.android.providers.downloads/cache/metadata-221.htm
07-05 14:52:22.723   545 18725 I DownloadManager: in removeSpuriousFiles, preserving file /data/data/com.android.providers.downloads/cache/metadata-815.htm
07-05 14:52:22.727   545 18725 I DownloadManager: in removeSpuriousFiles, preserving file /data/data/com.android.providers.downloads/cache/metadata-332.htm
07-05 14:52:22.727   545 18725 I DownloadManager: in removeSpuriousFiles, preserving file /data/data/com.android.providers.downloads/cache/metadata-341.htm
07-05 14:52:22.727   545 18725 I DownloadManager: in removeSpuriousFiles, preserving file /data/data/com.android.providers.downloads/cache/metadata-604.htm
07-05 14:52:22.727   545 18725 I DownloadManager: in removeSpuriousFiles, preserving file /data/data/com.android.providers.downloads/cache/metadata-570.htm
07-05 14:52:22.727   545 18725 I DownloadManager: in removeSpuriousFiles, preserving file /data/data/com.android.providers.downloads/cache/metadata-433.htm
07-05 14:52:22.731   545 18725 I DownloadManager: in removeSpuriousFiles, preserving file /data/data/com.android.providers.downloads/cache/metadata-1126.htm
07-05 14:52:22.731   545 18725 I DownloadManager: in removeSpuriousFiles, preserving file /data/data/com.android.providers.downloads/cache/metadata-1855.htm
07-05 14:52:22.731   545 18725 I DownloadManager: in removeSpuriousFiles, preserving file /data/data/com.android.providers.downloads/cache/metadata-100.htm
07-05 14:52:22.731   545 18725 I DownloadManager: in removeSpuriousFiles, preserving file /data/data/com.android.providers.downloads/cache/metadata-558.htm
07-05 14:52:22.731   545 18725 I DownloadManager: in removeSpuriousFiles, preserving file /data/data/com.android.providers.downloads/cache/metadata-634.htm
07-05 14:52:22.731   545 18725 I DownloadManager: in removeSpuriousFiles, preserving file /data/data/com.android.providers.downloads/cache/metadata-1959.htm
07-05 14:52:22.731   545 18725 I DownloadManager: in removeSpuriousFiles, preserving file /data/data/com.android.providers.downloads/cache/metadata-1290.htm
07-05 14:52:22.731   545 18725 I DownloadManager: in removeSpuriousFiles, preserving file /data/data/com.android.providers.downloads/cache/metadata-407.htm
07-05 14:52:22.731   545 18725 I DownloadManager: in removeSpuriousFiles, preserving file /data/data/com.android.providers.downloads/cache/metadata-1553.htm
07-05 14:52:22.731   545 18725 I DownloadManager: in removeSpuriousFiles, preserving file /data/data/com.android.providers.downloads/cache/metadata-1776.htm
07-05 14:52:22.731   545 18725 I DownloadManager: in removeSpuriousFiles, preserving file /data/data/com.android.providers.downloads/cache/metadata-1328.htm
07-05 14:52:22.731   545 18725 I DownloadManager: in removeSpuriousFiles, preserving file /data/data/com.android.providers.downloads/cache/metadata-2095.htm
07-05 14:52:22.731   545 18725 I DownloadManager: in removeSpuriousFiles, preserving file /data/data/com.android.providers.downloads/cache/metadata-1734.htm
07-05 14:52:22.735   545 18725 I DownloadManager: in removeSpuriousFiles, preserving file /data/data/com.android.providers.downloads/cache/metadata-1024.htm
07-05 14:52:22.735   545 18725 I DownloadManager: in removeSpuriousFiles, preserving file /data/data/com.android.providers.downloads/cache/metadata-559.htm
07-05 14:52:22.735   545 18725 I DownloadManager: in removeSpuriousFiles, preserving file /data/data/com.android.providers.downloads/cache/metadata-1353.htm
07-05 14:52:22.735   545 18725 I DownloadManager: in removeSpuriousFiles, preserving file /data/data/com.android.providers.downloads/cache/metadata-1327.htm
07-05 14:52:22.735   545 18725 I DownloadManager: in removeSpuriousFiles, preserving file /data/data/com.android.providers.downloads/cache/metadata-691.htm
07-05 14:52:22.735   545 18725 I DownloadManager: in removeSpuriousFiles, preserving file /data/data/com.android.providers.downloads/cache/metadata-2704.htm
07-05 14:52:22.735   545 18725 I DownloadManager: in removeSpuriousFiles, preserving file /data/data/com.android.providers.downloads/cache/metadata-1144.htm
07-05 14:52:22.735   545 18725 I DownloadManager: in removeSpuriousFiles, preserving file /data/data/com.android.providers.downloads/cache/metadata-1681.htm
07-05 14:52:22.735   545 18725 I DownloadManager: in removeSpuriousFiles, preserving file /data/data/com.android.providers.downloads/cache/metadata-595.htm
07-05 14:52:22.735   545 18725 I DownloadManager: in removeSpuriousFiles, preserving file /data/data/com.android.providers.downloads/cache/metadata-648.htm
07-05 14:52:22.735   545 18725 I DownloadManager: in removeSpuriousFiles, preserving file /data/data/com.android.providers.downloads/cache/metadata-1140.htm
07-05 14:52:22.735   545 18725 I DownloadManager: in removeSpuriousFiles, preserving file /data/data/com.android.providers.downloads/cache/metadata-541.htm
07-05 14:52:22.739   545 18725 I DownloadManager: in removeSpuriousFiles, preserving file /data/data/com.android.providers.downloads/cache/metadata-1347.htm
07-05 14:52:22.739   545 18725 I DownloadManager: in removeSpuriousFiles, preserving file /data/data/com.android.providers.downloads/cache/metadata-1135.htm
07-05 14:52:22.739   545 18725 I DownloadManager: in removeSpuriousFiles, preserving file /data/data/com.android.providers.downloads/cache/metadata-502.htm
07-05 14:52:22.739   545 18725 I DownloadManager: in removeSpuriousFiles, preserving file /data/data/com.android.providers.downloads/cache/metadata-1954.htm
07-05 14:52:22.739   545 18725 I DownloadManager: in removeSpuriousFiles, preserving file /data/data/com.android.providers.downloads/cache/metadata-464.htm
07-05 14:52:22.739   545 18725 I DownloadManager: in removeSpuriousFiles, preserving file /data/data/com.android.providers.downloads/cache/metadata-454.htm
07-05 14:52:22.739   545 18725 I DownloadManager: in removeSpuriousFiles, preserving file /data/data/com.android.providers.downloads/cache/metadata-500.htm
07-05 14:52:22.739   545 18725 I DownloadManager: in removeSpuriousFiles, preserving file /data/data/com.android.providers.downloads/cache/metadata-920.htm
07-05 14:52:22.739   545 18725 I DownloadManager: in removeSpuriousFiles, preserving file /data/data/com.android.providers.downloads/cache/metadata-393.htm
07-05 14:52:22.739   545 18725 I DownloadManager: in removeSpuriousFiles, preserving file /data/data/com.android.providers.downloads/cache/metadata-574.htm
07-05 14:52:22.739   545 18725 I DownloadManager: in removeSpuriousFiles, preserving file /data/data/com.android.providers.downloads/cache/metadata-1129.htm
07-05 14:52:22.743   545 18725 I DownloadManager: in removeSpuriousFiles, preserving file /data/data/com.android.providers.downloads/cache/metadata-496.htm
07-05 14:52:22.743   545 18725 I DownloadManager: in removeSpuriousFiles, preserving file /data/data/com.android.providers.downloads/cache/metadata-1593.htm
07-05 14:52:22.743   545 18725 I DownloadManager: in removeSpuriousFiles, preserving file /data/data/com.android.providers.downloads/cache/metadata-1070.htm
07-05 14:52:22.743   545 18725 I DownloadManager: in removeSpuriousFiles, preserving file /data/data/com.android.providers.downloads/cache/metadata-1090.htm
07-05 14:52:22.743   545 18725 I DownloadManager: in removeSpuriousFiles, preserving file /data/data/com.android.providers.downloads/cache/metadata-1366.htm
07-05 14:52:22.743   545 18725 I DownloadManager: in removeSpuriousFiles, preserving file /data/data/com.android.providers.downloads/cache/metadata-2129.htm
07-05 14:52:22.743   545 18725 I DownloadManager: in removeSpuriousFiles, preserving file /data/data/com.android.providers.downloads/cache/metadata-1456.htm
07-05 14:52:22.743   545 18725 I DownloadManager: in removeSpuriousFiles, preserving file /data/data/com.android.providers.downloads/cache/metadata-723.htm
07-05 14:52:22.743   545 18725 I DownloadManager: in removeSpuriousFiles, preserving file /data/data/com.android.providers.downloads/cache/metadata-984.htm
07-05 14:52:22.743   545 18725 I DownloadManager: in removeSpuriousFiles, preserving file /data/data/com.android.providers.downloads/cache/metadata-1076.htm
07-05 14:52:22.743   545 18725 I DownloadManager: in removeSpuriousFiles, preserving file /data/data/com.android.providers.downloads/cache/metadata-1349.htm
07-05 14:52:22.747   545 18725 I DownloadManager: in removeSpuriousFiles, preserving file /data/data/com.android.providers.downloads/cache/metadata-689.htm
07-05 14:52:22.747   545 18725 I DownloadManager: in removeSpuriousFiles, preserving file /data/data/com.android.providers.downloads/cache/metadata-1955.htm
07-05 14:52:22.747   545 18725 I DownloadManager: in removeSpuriousFiles, preserving file /data/data/com.android.providers.downloads/cache/metadata-425.htm
07-05 14:52:22.747   545 18725 I DownloadManager: in removeSpuriousFiles, preserving file /data/data/com.android.providers.downloads/cache/metadata-936.htm
07-05 14:52:22.747   545 18725 I DownloadManager: in removeSpuriousFiles, preserving file /data/data/com.android.providers.downloads/cache/metadata-1595.htm
07-05 14:52:22.747   545 18725 I DownloadManager: in removeSpuriousFiles, preserving file /data/data/com.android.providers.downloads/cache/metadata-1057.htm
07-05 14:52:22.747   545 18725 I DownloadManager: in removeSpuriousFiles, preserving file /data/data/com.android.providers.downloads/cache/metadata-1120.htm
07-05 14:52:22.747   545 18725 I DownloadManager: in removeSpuriousFiles, preserving file /data/data/com.android.providers.downloads/cache/metadata-1931.htm
07-05 14:52:22.747   545 18725 I DownloadManager: in removeSpuriousFiles, preserving file /data/data/com.android.providers.downloads/cache/metadata-1172.htm
07-05 14:52:22.751   545 18725 I DownloadManager: in removeSpuriousFiles, preserving file /data/data/com.android.providers.downloads/cache/metadata-1644.htm
07-05 14:52:22.751   545 18725 I DownloadManager: in removeSpuriousFiles, preserving file /data/data/com.android.providers.downloads/cache/metadata-1293.htm
07-05 14:52:22.751   545 18725 I DownloadManager: in removeSpuriousFiles, preserving file /data/data/com.android.providers.downloads/cache/metadata-9.htm
07-05 14:52:22.751   545 18725 I DownloadManager: in removeSpuriousFiles, preserving file /data/data/com.android.providers.downloads/cache/metadata-24.htm
07-05 14:52:22.751   545 18725 I DownloadManager: in removeSpuriousFiles, preserving file /data/data/com.android.providers.downloads/cache/metadata-22.htm
07-05 14:52:22.751   545 18725 I DownloadManager: in removeSpuriousFiles, preserving file /data/data/com.android.providers.downloads/cache/metadata-1.htm
07-05 14:52:22.751   545 18725 I DownloadManager: in removeSpuriousFiles, preserving file /data/data/com.android.providers.downloads/cache/metadata-57.htm
07-05 14:52:22.751   545 18725 I DownloadManager: in removeSpuriousFiles, preserving file /data/data/com.android.providers.downloads/cache/metadata-37.htm
07-05 14:52:22.751   545 18725 I DownloadManager: in removeSpuriousFiles, preserving file /data/data/com.android.providers.downloads/cache/metadata-40.htm
07-05 14:52:22.751   545 18725 I DownloadManager: in removeSpuriousFiles, preserving file /data/data/com.android.providers.downloads/cache/metadata-44.htm
07-05 14:52:22.751   545 18725 I DownloadManager: in removeSpuriousFiles, preserving file /data/data/com.android.providers.downloads/cache/metadata-55.htm
07-05 14:52:22.751   545 18725 I DownloadManager: in removeSpuriousFiles, preserving file /data/data/com.android.providers.downloads/cache/metadata-917.htm
07-05 14:52:22.751   545 18725 I DownloadManager: in removeSpuriousFiles, preserving file /data/data/com.android.providers.downloads/cache/metadata-62.htm
07-05 14:52:22.751   545 18725 I DownloadManager: in removeSpuriousFiles, preserving file /data/data/com.android.providers.downloads/cache/metadata-460.htm
07-05 14:52:22.751   545 18725 I DownloadManager: in removeSpuriousFiles, preserving file /data/data/com.android.providers.downloads/cache/metadata-444.htm
07-05 14:52:22.751   545 18725 I DownloadManager: in removeSpuriousFiles, preserving file /data/data/com.android.providers.downloads/cache/metadata-302.htm
07-05 14:52:22.751   545 18725 I DownloadManager: in removeSpuriousFiles, preserving file /data/data/com.android.providers.downloads/cache/metadata-1325.htm
07-05 14:52:22.751   545 18725 I DownloadManager: in removeSpuriousFiles, preserving file /data/data/com.android.providers.downloads/cache/metadata-710.htm
07-05 14:52:22.751   545 18725 I DownloadManager: in removeSpuriousFiles, preserving file /data/data/com.android.providers.downloads/cache/metadata-401.htm
07-05 14:52:22.751   545 18725 I DownloadManager: in removeSpuriousFiles, preserving file /data/data/com.android.providers.downloads/cache/metadata-58.htm
07-05 14:52:22.755   545 18725 I DownloadManager: in removeSpuriousFiles, preserving file /data/data/com.android.providers.downloads/cache/metadata-67.htm
07-05 14:52:22.755   545 18725 I DownloadManager: in removeSpuriousFiles, preserving file /data/data/com.android.providers.downloads/cache/metadata-259.htm
07-05 14:52:22.755   545 18725 I DownloadManager: in removeSpuriousFiles, preserving file /data/data/com.android.providers.downloads/cache/metadata-1839.htm
07-05 14:52:22.755   545 18725 I DownloadManager: in removeSpuriousFiles, preserving file /data/data/com.android.providers.downloads/cache/metadata-549.htm
07-05 14:52:22.755   545 18725 I DownloadManager: in removeSpuriousFiles, preserving file /data/data/com.android.providers.downloads/cache/metadata-414.htm
07-05 14:52:22.755   545 18725 I DownloadManager: in removeSpuriousFiles, preserving file /data/data/com.android.providers.downloads/cache/metadata-129.htm
07-05 14:52:22.755   545 18725 I DownloadManager: in removeSpuriousFiles, preserving file /data/data/com.android.providers.downloads/cache/metadata-122.htm
07-05 14:52:22.755   545 18725 I DownloadManager: in removeSpuriousFiles, preserving file /data/data/com.android.providers.downloads/cache/metadata-131.htm
07-05 14:52:22.755   545 18725 I DownloadManager: in removeSpuriousFiles, preserving file /data/data/com.android.providers.downloads/cache/metadata-589.htm
07-05 14:52:22.755   545 18725 I DownloadManager: in removeSpuriousFiles, preserving file /data/data/com.android.providers.downloads/cache/metadata-504.htm
07-05 14:52:22.755   545 18725 I DownloadManager: in removeSpuriousFiles, preserving file /data/data/com.android.providers.downloads/cache/metadata-538.htm
07-05 14:52:22.755   545 18725 I DownloadManager: in removeSpuriousFiles, preserving file /data/data/com.android.providers.downloads/cache/metadata-603.htm
07-05 14:52:22.755   545 18725 I DownloadManager: in removeSpuriousFiles, preserving file /data/data/com.android.providers.downloads/cache/metadata-1407.htm
07-05 14:52:22.755   545 18725 I DownloadManager: in removeSpuriousFiles, preserving file /data/data/com.android.providers.downloads/cache/metadata-513.htm
07-05 14:52:22.755   545 18725 I DownloadManager: in removeSpuriousFiles, preserving file /data/data/com.android.providers.downloads/cache/metadata-972.htm
07-05 14:52:22.755   545 18725 I DownloadManager: in removeSpuriousFiles, preserving file /data/data/com.android.providers.downloads/cache/metadata-1104.htm
07-05 14:52:22.755   545 18725 I DownloadManager: in removeSpuriousFiles, preserving file /data/data/com.android.providers.downloads/cache/metadata-299.htm
07-05 14:52:22.755   545 18725 I DownloadManager: in removeSpuriousFiles, preserving file /data/data/com.android.providers.downloads/cache/metadata-1097.htm
07-05 14:52:22.755   545 18725 I DownloadManager: in removeSpuriousFiles, preserving file /data/data/com.android.providers.downloads/cache/metadata-325.htm
07-05 14:52:22.755   545 18725 I DownloadManager: in removeSpuriousFiles, preserving file /data/data/com.android.providers.downloads/cache/metadata-1908.htm
07-05 14:52:22.755   545 18725 I DownloadManager: in removeSpuriousFiles, preserving file /data/data/com.android.providers.downloads/cache/metadata-1492.htm
07-05 14:52:22.759   545 18725 I DownloadManager: in removeSpuriousFiles, preserving file /data/data/com.android.providers.downloads/cache/metadata-99.htm
07-05 14:52:22.759   545 18725 I DownloadManager: in removeSpuriousFiles, preserving file /data/data/com.android.providers.downloads/cache/metadata-1314.htm
07-05 14:52:22.759   545 18725 I DownloadManager: in removeSpuriousFiles, preserving file /data/data/com.android.providers.downloads/cache/metadata-1323.htm
07-05 14:52:22.759   545 18725 I DownloadManager: in removeSpuriousFiles, preserving file /data/data/com.android.providers.downloads/cache/metadata-1948.htm
07-05 14:52:22.759   545 18725 I DownloadManager: in removeSpuriousFiles, preserving file /data/data/com.android.providers.downloads/cache/metadata-501.htm
07-05 14:52:22.759   545 18725 I DownloadManager: in removeSpuriousFiles, preserving file /data/data/com.android.providers.downloads/cache/metadata-278.htm
07-05 14:52:22.759   545 18725 I DownloadManager: in removeSpuriousFiles, preserving file /data/data/com.android.providers.downloads/cache/metadata-542.htm
07-05 14:52:22.759   545 18725 I DownloadManager: in removeSpuriousFiles, preserving file /data/data/com.android.providers.downloads/cache/metadata-616.htm
07-05 14:52:22.759   545 18725 I DownloadManager: in removeSpuriousFiles, preserving file /data/data/com.android.providers.downloads/cache/metadata-951.htm
07-05 14:52:22.759   545 18725 I DownloadManager: in removeSpuriousFiles, preserving file /data/data/com.android.providers.downloads/cache/metadata-1965.htm
07-05 14:52:22.759   545 18725 I DownloadManager: in removeSpuriousFiles, preserving file /data/data/com.android.providers.downloads/cache/metadata-134.htm
07-05 14:52:22.759   545 18725 I DownloadManager: in removeSpuriousFiles, preserving file /data/data/com.android.providers.downloads/cache/metadata-583.htm
07-05 14:52:22.759   545 18725 I DownloadManager: in removeSpuriousFiles, preserving file /data/data/com.android.providers.downloads/cache/metadata-1521.htm
07-05 14:52:22.759   545 18725 I DownloadManager: in removeSpuriousFiles, preserving file /data/data/com.android.providers.downloads/cache/metadata-529.htm
07-05 14:52:22.759   545 18725 I DownloadManager: in removeSpuriousFiles, preserving file /data/data/com.android.providers.downloads/cache/metadata-324.htm
07-05 14:52:22.759   545 18725 I DownloadManager: in removeSpuriousFiles, preserving file /data/data/com.android.providers.downloads/cache/metadata-979.htm
07-05 14:52:22.759   545 18725 I DownloadManager: in removeSpuriousFiles, preserving file /data/data/com.android.providers.downloads/cache/metadata-415.htm
07-05 14:52:22.759   545 18725 I DownloadManager: in removeSpuriousFiles, preserving file /data/data/com.android.providers.downloads/cache/metadata-520.htm
07-05 14:52:22.762   545 18725 I DownloadManager: in removeSpuriousFiles, preserving file /data/data/com.android.providers.downloads/cache/metadata-2119.htm
07-05 14:52:22.762   545 18725 I DownloadManager: in removeSpuriousFiles, preserving file /data/data/com.android.providers.downloads/cache/metadata-1777.htm
07-05 14:52:22.762   545 18725 I DownloadManager: in removeSpuriousFiles, preserving file /data/data/com.android.providers.downloads/cache/metadata-1698.htm
07-05 14:52:22.762   545 18725 I DownloadManager: in removeSpuriousFiles, preserving file /data/data/com.android.providers.downloads/cache/metadata-586.htm
07-05 14:52:22.762   545 18725 I DownloadManager: in removeSpuriousFiles, preserving file /data/data/com.android.providers.downloads/cache/metadata-543.htm
07-05 14:52:22.762   545 18725 I DownloadManager: in removeSpuriousFiles, preserving file /data/data/com.android.providers.downloads/cache/metadata-2163.htm
07-05 14:52:22.762   545 18725 I DownloadManager: in removeSpuriousFiles, preserving file /data/data/com.android.providers.downloads/cache/metadata-1118.htm
07-05 14:52:22.766   545 18725 I DownloadManager: in removeSpuriousFiles, preserving file /data/data/com.android.providers.downloads/cache/metadata-533.htm
07-05 14:52:22.766   545 18725 I DownloadManager: in removeSpuriousFiles, preserving file /data/data/com.android.providers.downloads/cache/metadata-818.htm
07-05 14:52:22.766   545 18725 I DownloadManager: in removeSpuriousFiles, preserving file /data/data/com.android.providers.downloads/cache/metadata-91.htm
07-05 14:52:22.766   545 18725 I DownloadManager: in removeSpuriousFiles, preserving file /data/data/com.android.providers.downloads/cache/metadata-498.htm
07-05 14:52:22.766   545 18725 I DownloadManager: in removeSpuriousFiles, preserving file /data/data/com.android.providers.downloads/cache/metadata-1367.htm
07-05 14:52:22.766   545 18725 I DownloadManager: in removeSpuriousFiles, preserving file /data/data/com.android.providers.downloads/cache/metadata-2380.htm
07-05 14:52:22.766   545 18725 I DownloadManager: in removeSpuriousFiles, preserving file /data/data/com.android.providers.downloads/cache/metadata-675.htm
07-05 14:52:22.766   545 18725 I DownloadManager: in removeSpuriousFiles, preserving file /data/data/com.android.providers.downloads/cache/metadata-1130.htm
07-05 14:52:22.766   545 18725 I DownloadManager: in removeSpuriousFiles, preserving file /data/data/com.android.providers.downloads/cache/metadata-563.htm
07-05 14:52:22.766   545 18725 I DownloadManager: in removeSpuriousFiles, preserving file /data/data/com.android.providers.downloads/cache/metadata-539.htm
07-05 14:52:22.766   545 18725 I DownloadManager: in removeSpuriousFiles, preserving file /data/data/com.android.providers.downloads/cache/metadata-441.htm
07-05 14:52:22.766   545 18725 I DownloadManager: in removeSpuriousFiles, preserving file /data/data/com.android.providers.downloads/cache/metadata-1184.htm
07-05 14:52:22.766   545 18725 I DownloadManager: in removeSpuriousFiles, preserving file /data/data/com.android.providers.downloads/cache/metadata-1994.htm
07-05 14:52:22.766   545 18725 I DownloadManager: in removeSpuriousFiles, preserving file /data/data/com.android.providers.downloads/cache/metadata-456.htm
07-05 14:52:22.766   545 18725 I DownloadManager: in removeSpuriousFiles, preserving file /data/data/com.android.providers.downloads/cache/metadata-515.htm
07-05 14:52:22.766   545 18725 I DownloadManager: in removeSpuriousFiles, preserving file /data/data/com.android.providers.downloads/cache/metadata-611.htm
07-05 14:52:22.770   545 18725 I DownloadManager: in removeSpuriousFiles, preserving file /data/data/com.android.providers.downloads/cache/metadata-994.htm
07-05 14:52:22.770   545 18725 I DownloadManager: in removeSpuriousFiles, preserving file /data/data/com.android.providers.downloads/cache/metadata-1790.htm
07-05 14:52:22.770   545 18725 I DownloadManager: in removeSpuriousFiles, preserving file /data/data/com.android.providers.downloads/cache/metadata-1153.htm
07-05 14:52:22.770   545 18725 I DownloadManager: in removeSpuriousFiles, preserving file /data/data/com.android.providers.downloads/cache/metadata-1350.htm
07-05 14:52:22.770   545 18725 I DownloadManager: in removeSpuriousFiles, preserving file /data/data/com.android.providers.downloads/cache/metadata-2070.htm
07-05 14:52:22.770   545 18725 I DownloadManager: in removeSpuriousFiles, preserving file /data/data/com.android.providers.downloads/cache/metadata-1920.htm
07-05 14:52:22.770   545 18725 I DownloadManager: in removeSpuriousFiles, preserving file /data/data/com.android.providers.downloads/cache/metadata-1163.htm
07-05 14:52:22.770   545 18725 I DownloadManager: in removeSpuriousFiles, preserving file /data/data/com.android.providers.downloads/cache/metadata-1278.htm
07-05 14:52:22.770   545 18725 I DownloadManager: in removeSpuriousFiles, preserving file /data/data/com.android.providers.downloads/cache/metadata-641.htm
07-05 14:52:22.770   545 18725 I DownloadManager: in removeSpuriousFiles, preserving file /data/data/com.android.providers.downloads/cache/metadata-840.htm
07-05 14:52:22.770   545 18725 I DownloadManager: in removeSpuriousFiles, preserving file /data/data/com.android.providers.downloads/cache/metadata-1165.htm
07-05 14:52:22.770   545 18725 I DownloadManager: in removeSpuriousFiles, preserving file /data/data/com.android.providers.downloads/cache/metadata-1362.htm
07-05 14:52:22.770   545 18725 I DownloadManager: in removeSpuriousFiles, preserving file /data/data/com.android.providers.downloads/cache/metadata-1547.htm
07-05 14:52:22.770   545 18725 I DownloadManager: in removeSpuriousFiles, preserving file /data/data/com.android.providers.downloads/cache/metadata-833.htm
07-05 14:52:22.770   545 18725 I DownloadManager: in removeSpuriousFiles, preserving file /data/data/com.android.providers.downloads/cache/metadata-766.htm
07-05 14:52:22.770   545 18725 I DownloadManager: in removeSpuriousFiles, preserving file /data/data/com.android.providers.downloads/cache/metadata-1008.htm
07-05 14:52:22.774   545 18725 I DownloadManager: in removeSpuriousFiles, preserving file /data/data/com.android.providers.downloads/cache/metadata-866.htm
07-05 14:52:22.774   545 18725 I DownloadManager: in removeSpuriousFiles, preserving file /data/data/com.android.providers.downloads/cache/metadata-1489.htm
07-05 14:52:22.774   545 18725 I DownloadManager: in removeSpuriousFiles, preserving file /data/data/com.android.providers.downloads/cache/metadata-561.htm
07-05 14:52:22.774   545 18725 I DownloadManager: in removeSpuriousFiles, preserving file /data/data/com.android.providers.downloads/cache/metadata-622.htm
07-05 14:52:22.774   545 18725 I DownloadManager: in removeSpuriousFiles, preserving file /data/data/com.android.providers.downloads/cache/metadata-732.htm
07-05 14:52:22.774   545 18725 I DownloadManager: in removeSpuriousFiles, preserving file /data/data/com.android.providers.downloads/cache/metadata-1573.htm
07-05 14:52:22.774   545 18725 I DownloadManager: in removeSpuriousFiles, preserving file /data/data/com.android.providers.downloads/cache/metadata-1298.htm
07-05 14:52:22.774   545 18725 I DownloadManager: in removeSpuriousFiles, preserving file /data/data/com.android.providers.downloads/cache/metadata-674.htm
07-05 14:52:22.774   545 18725 I DownloadManager: in removeSpuriousFiles, preserving file /data/data/com.android.providers.downloads/cache/metadata-2060.htm
07-05 14:52:22.774   545 18725 I DownloadManager: in removeSpuriousFiles, preserving file /data/data/com.android.providers.downloads/cache/metadata-795.htm
07-05 14:52:22.774   545 18725 I DownloadManager: in removeSpuriousFiles, preserving file /data/data/com.android.providers.downloads/cache/metadata-1052.htm
07-05 14:52:22.774   545 18725 I DownloadManager: in removeSpuriousFiles, preserving file /data/data/com.android.providers.downloads/cache/metadata-1872.htm
07-05 14:52:22.774   545 18725 I DownloadManager: in removeSpuriousFiles, preserving file /data/data/com.android.providers.downloads/cache/metadata-1169.htm
07-05 14:52:22.774   545 18725 I DownloadManager: in removeSpuriousFiles, preserving file /data/data/com.android.providers.downloads/cache/metadata-1501.htm
07-05 14:52:22.774   545 18725 I DownloadManager: in removeSpuriousFiles, preserving file /data/data/com.android.providers.downloads/cache/metadata-966.htm
07-05 14:52:22.778   545 18725 I DownloadManager: in removeSpuriousFiles, preserving file /data/data/com.android.providers.downloads/cache/metadata-1475.htm
07-05 14:52:22.778   545 18725 I DownloadManager: in removeSpuriousFiles, preserving file /data/data/com.android.providers.downloads/cache/metadata-1096.htm
07-05 14:52:22.778   545 18725 I DownloadManager: in removeSpuriousFiles, preserving file /data/data/com.android.providers.downloads/cache/metadata-607.htm
07-05 14:52:22.778   545 18725 I DownloadManager: in removeSpuriousFiles, preserving file /data/data/com.android.providers.downloads/cache/metadata-755.htm
07-05 14:52:22.778   545 18725 I DownloadManager: in removeSpuriousFiles, preserving file /data/data/com.android.providers.downloads/cache/metadata-1230.htm
07-05 14:52:22.778   545 18725 I DownloadManager: in removeSpuriousFiles, preserving file /data/data/com.android.providers.downloads/cache/metadata-2484.htm
07-05 14:52:22.778   545 18725 I DownloadManager: in removeSpuriousFiles, preserving file /data/data/com.android.providers.downloads/cache/metadata-1584.htm
07-05 14:52:22.778   545 18725 I DownloadManager: in removeSpuriousFiles, preserving file /data/data/com.android.providers.downloads/cache/metadata-503.htm
07-05 14:52:22.778   545 18725 I DownloadManager: in removeSpuriousFiles, preserving file /data/data/com.android.providers.downloads/cache/metadata-747.htm
07-05 14:52:22.778   545 18725 I DownloadManager: in removeSpuriousFiles, preserving file /data/data/com.android.providers.downloads/cache/metadata-1296.htm
07-05 14:52:22.778   545 18725 I DownloadManager: in removeSpuriousFiles, preserving file /data/data/com.android.providers.downloads/cache/metadata-1945.htm
07-05 14:52:22.778   545 18725 I DownloadManager: in removeSpuriousFiles, preserving file /data/data/com.android.providers.downloads/cache/metadata-1467.htm
07-05 14:52:22.778   545 18725 I DownloadManager: in removeSpuriousFiles, preserving file /data/data/com.android.providers.downloads/cache/metadata-1708.htm
07-05 14:52:22.778   545 18725 I DownloadManager: in removeSpuriousFiles, preserving file /data/data/com.android.providers.downloads/cache/metadata-579.htm
07-05 14:52:22.782   545 18725 I DownloadManager: in removeSpuriousFiles, preserving file /data/data/com.android.providers.downloads/cache/metadata-2043.htm
07-05 14:52:22.782   545 18725 I DownloadManager: in removeSpuriousFiles, preserving file /data/data/com.android.providers.downloads/cache/metadata-1922.htm
07-05 14:52:22.782   545 18725 I DownloadManager: deleting spurious file /cache/dalvik-cache
07-05 14:52:22.782   545 18725 I DownloadManager: deleting spurious file /data/data/com.android.providers.downloads/cache/metadata-23.htm
07-05 14:52:22.782   545 18725 I DownloadManager: deleting spurious file /data/data/com.android.providers.downloads/cache/metadata-41.htm
07-05 14:52:22.782   545 18725 I DownloadManager: deleting spurious file /data/data/com.android.providers.downloads/cache/metadata-16.htm
07-05 14:52:22.782   545 18725 I DownloadManager: deleting spurious file /data/data/com.android.providers.downloads/cache/metadata-11.htm
07-05 14:52:22.782   545 18725 I DownloadManager: deleting spurious file /data/data/com.android.providers.downloads/cache/metadata-35.htm
07-05 14:52:22.782   545 18725 I DownloadManager: deleting spurious file /data/data/com.android.providers.downloads/cache/metadata-49.htm
07-05 14:52:22.782   545 18725 I DownloadManager: deleting spurious file /data/data/com.android.providers.downloads/cache/metadata-42.htm
07-05 14:52:22.782   545 18725 I DownloadManager: deleting spurious file /data/data/com.android.providers.downloads/cache/metadata-1371.htm
07-05 14:52:22.782   545 18725 I DownloadManager: deleting spurious file /data/data/com.android.providers.downloads/cache/metadata-12.htm
07-05 14:52:22.786   545 18725 I DownloadManager: deleting spurious file /data/data/com.android.providers.downloads/cache/metadata-521.htm
07-05 14:52:22.786   545 18725 I DownloadManager: deleting spurious file /data/data/com.android.providers.downloads/cache/metadata-391.htm
07-05 14:52:22.786   545 18725 I DownloadManager: deleting spurious file /data/data/com.android.providers.downloads/cache/metadata-367.htm
07-05 14:52:22.786   545 18725 I DownloadManager: deleting spurious file /data/data/com.android.providers.downloads/cache/metadata-2035.htm
07-05 14:52:22.786   545 18725 I DownloadManager: deleting spurious file /data/data/com.android.providers.downloads/cache/metadata-406.htm
07-05 14:52:22.786   545 18725 I DownloadManager: deleting spurious file /data/data/com.android.providers.downloads/cache/metadata-127.htm
07-05 14:52:22.786   545 18725 I DownloadManager: deleting spurious file /data/data/com.android.providers.downloads/cache/metadata-130.htm
07-05 14:52:22.786   545 18725 I DownloadManager: deleting spurious file /data/data/com.android.providers.downloads/cache/metadata-557.htm
07-05 14:52:22.786   545 18725 I DownloadManager: deleting spurious file /data/data/com.android.providers.downloads/cache/metadata-199.htm
07-05 14:52:22.786   545 18725 I DownloadManager: deleting spurious file /data/data/com.android.providers.downloads/cache/metadata-177.htm
07-05 14:52:22.786   545 18725 I DownloadManager: deleting spurious file /data/data/com.android.providers.downloads/cache/metadata-195.htm
07-05 14:52:22.786   545 18725 I DownloadManager: deleting spurious file /data/data/com.android.providers.downloads/cache/metadata-74.htm
07-05 14:52:22.786   545 18725 I DownloadManager: deleting spurious file /data/data/com.android.providers.downloads/cache/metadata-413.htm
07-05 14:52:22.786   545 18725 I DownloadManager: deleting spurious file /data/data/com.android.providers.downloads/cache/metadata-1592.htm
07-05 14:52:22.786   545 18725 I DownloadManager: deleting spurious file /data/data/com.android.providers.downloads/cache/metadata-379.htm
07-05 14:52:22.786   545 18725 I DownloadManager: deleting spurious file /data/data/com.android.providers.downloads/cache/metadata-1125.htm
07-05 14:52:22.790   545 18725 I DownloadManager: deleting spurious file /data/data/com.android.providers.downloads/cache/metadata-321.htm
07-05 14:52:22.790   545 18725 I DownloadManager: deleting spurious file /data/data/com.android.providers.downloads/cache/metadata-834.htm
07-05 14:52:22.790   545 18725 I DownloadManager: deleting spurious file /data/data/com.android.providers.downloads/cache/metadata-416.htm
07-05 14:52:22.790   545 18725 I DownloadManager: deleting spurious file /data/data/com.android.providers.downloads/cache/metadata-573.htm
07-05 14:52:22.790   545 18725 I DownloadManager: deleting spurious file /data/data/com.android.providers.downloads/cache/metadata-627.htm
07-05 14:52:22.790   545 18725 I DownloadManager: deleting spurious file /data/data/com.android.providers.downloads/cache/metadata-530.htm
07-05 14:52:22.790   545 18725 I DownloadManager: deleting spurious file /data/data/com.android.providers.downloads/cache/metadata-342.htm
07-05 14:52:22.790   545 18725 I DownloadManager: deleting spurious file /data/data/com.android.providers.downloads/cache/metadata-670.htm
07-05 14:52:22.790   545 18725 I DownloadManager: deleting spurious file /data/data/com.android.providers.downloads/cache/metadata-352.htm
07-05 14:52:22.790   545 18725 I DownloadManager: deleting spurious file /data/data/com.android.providers.downloads/cache/metadata-471.htm
07-05 14:52:22.790   545 18725 I DownloadManager: deleting spurious file /data/data/com.android.providers.downloads/cache/metadata-873.htm
07-05 14:52:22.790   545 18725 I DownloadManager: deleting spurious file /data/data/com.android.providers.downloads/cache/metadata-932.htm
07-05 14:52:22.790   545 18725 I DownloadManager: deleting spurious file /data/data/com.android.providers.downloads/cache/metadata-796.htm
07-05 14:52:22.790   545 18725 I DownloadManager: deleting spurious file /data/data/com.android.providers.downloads/cache/metadata-2545.htm
07-05 14:52:22.790   545 18725 I DownloadManager: deleting spurious file /data/data/com.android.providers.downloads/cache/metadata-313.htm
07-05 14:52:22.790   545 18725 I DownloadManager: deleting spurious file /data/data/com.android.providers.downloads/cache/metadata-1142.htm
07-05 14:52:22.790   545 18725 I DownloadManager: deleting spurious file /data/data/com.android.providers.downloads/cache/metadata-402.htm
07-05 14:52:22.794   545 18725 I DownloadManager: deleting spurious file /data/data/com.android.providers.downloads/cache/metadata-499.htm
07-05 14:52:22.794   545 18725 I DownloadManager: deleting spurious file /data/data/com.android.providers.downloads/cache/metadata-1285.htm
07-05 14:52:22.794   545 18725 I DownloadManager: deleting spurious file /data/data/com.android.providers.downloads/cache/metadata-2238.htm
07-05 14:52:22.794   545 18725 I DownloadManager: deleting spurious file /data/data/com.android.providers.downloads/cache/metadata-569.htm
07-05 14:52:22.794   545 18725 I DownloadManager: deleting spurious file /data/data/com.android.providers.downloads/cache/metadata-172.htm
07-05 14:52:22.794   545 18725 I DownloadManager: deleting spurious file /data/data/com.android.providers.downloads/cache/metadata-581.htm
07-05 14:52:22.794   545 18725 I DownloadManager: deleting spurious file /data/data/com.android.providers.downloads/cache/metadata-853.htm
07-05 14:52:22.794   545 18725 I DownloadManager: deleting spurious file /data/data/com.android.providers.downloads/cache/metadata-623.htm
07-05 14:52:22.794   545 18725 I DownloadManager: deleting spurious file /data/data/com.android.providers.downloads/cache/metadata-442.htm
07-05 14:52:22.794   545 18725 I DownloadManager: deleting spurious file /data/data/com.android.providers.downloads/cache/metadata-594.htm
07-05 14:52:22.794   545 18725 I DownloadManager: deleting spurious file /data/data/com.android.providers.downloads/cache/metadata-1018.htm
07-05 14:52:22.794   545 18725 I DownloadManager: deleting spurious file /data/data/com.android.providers.downloads/cache/metadata-434.htm
07-05 14:52:22.794   545 18725 I DownloadManager: deleting spurious file /data/data/com.android.providers.downloads/cache/metadata-230.htm
07-05 14:52:22.794   545 18725 I DownloadManager: deleting spurious file /data/data/com.android.providers.downloads/cache/metadata-1665.htm
07-05 14:52:22.794   545 18725 I DownloadManager: deleting spurious file /data/data/com.android.providers.downloads/cache/metadata-673.htm
07-05 14:52:22.794   545 18725 I DownloadManager: deleting spurious file /data/data/com.android.providers.downloads/cache/metadata-361.htm
07-05 14:52:22.794   545 18725 I DownloadManager: deleting spurious file /data/data/com.android.providers.downloads/cache/metadata-2627.htm
07-05 14:52:22.798   545 18725 I DownloadManager: deleting spurious file /data/data/com.android.providers.downloads/cache/metadata-421.htm
07-05 14:52:22.798   545 18725 I DownloadManager: deleting spurious file /data/data/com.android.providers.downloads/cache/metadata-1220.htm
07-05 14:52:22.798   545 18725 I DownloadManager: deleting spurious file /data/data/com.android.providers.downloads/cache/metadata-214.htm
07-05 14:52:22.798   545 18725 I DownloadManager: deleting spurious file /data/data/com.android.providers.downloads/cache/metadata-902.htm
07-05 14:52:22.801   545 18725 I DownloadManager: deleting spurious file /data/data/com.android.providers.downloads/cache/metadata-470.htm
07-05 14:52:22.801   545 18725 I DownloadManager: deleting spurious file /data/data/com.android.providers.downloads/cache/metadata-1361.htm
07-05 14:52:22.801   545 18725 I DownloadManager: deleting spurious file /data/data/com.android.providers.downloads/cache/metadata-2228.htm
07-05 14:52:22.801   545 18725 I DownloadManager: deleting spurious file /data/data/com.android.providers.downloads/cache/metadata-111.htm
07-05 14:52:22.801   545 18725 I DownloadManager: deleting spurious file /data/data/com.android.providers.downloads/cache/metadata-1430.htm
07-05 14:52:22.801   545 18725 I DownloadManager: deleting spurious file /data/data/com.android.providers.downloads/cache/metadata-337.htm
07-05 14:52:22.801   545 18725 I DownloadManager: deleting spurious file /data/data/com.android.providers.downloads/cache/metadata-448.htm
07-05 14:52:22.801   545 18725 I DownloadManager: deleting spurious file /data/data/com.android.providers.downloads/cache/metadata-1934.htm
07-05 14:52:22.801   545 18725 I DownloadManager: deleting spurious file /data/data/com.android.providers.downloads/cache/metadata-376.htm
07-05 14:52:22.801   545 18725 I DownloadManager: deleting spurious file /data/data/com.android.providers.downloads/cache/metadata-2828.htm
07-05 14:52:22.801   545 18725 I DownloadManager: deleting spurious file /data/data/com.android.providers.downloads/cache/metadata-1283.htm
07-05 14:52:22.801   545 18725 I DownloadManager: deleting spurious file /data/data/com.android.providers.downloads/cache/metadata-2222.htm
07-05 14:52:22.801   545 18725 I DownloadManager: deleting spurious file /data/data/com.android.providers.downloads/cache/metadata-639.htm
07-05 14:52:22.801   545 18725 I DownloadManager: deleting spurious file /data/data/com.android.providers.downloads/cache/metadata-893.htm
07-05 14:52:22.801   545 18725 I DownloadManager: deleting spurious file /data/data/com.android.providers.downloads/cache/metadata-1345.htm
07-05 14:52:22.801   545 18725 I DownloadManager: deleting spurious file /data/data/com.android.providers.downloads/cache/metadata-731.htm
07-05 14:52:22.805   545 18725 I DownloadManager: deleting spurious file /data/data/com.android.providers.downloads/cache/metadata-1092.htm
07-05 14:52:22.805   545 18725 I DownloadManager: deleting spurious file /data/data/com.android.providers.downloads/cache/metadata-779.htm
07-05 14:52:22.805   545 18725 I DownloadManager: deleting spurious file /data/data/com.android.providers.downloads/cache/metadata-1416.htm
07-05 14:52:22.805   545 18725 I DownloadManager: deleting spurious file /data/data/com.android.providers.downloads/cache/metadata-1439.htm
07-05 14:52:22.805   545 18725 I DownloadManager: deleting spurious file /data/data/com.android.providers.downloads/cache/metadata-1315.htm
07-05 14:52:22.805   545 18725 I DownloadManager: deleting spurious file /data/data/com.android.providers.downloads/cache/metadata-817.htm
07-05 14:52:22.805   545 18725 I DownloadManager: deleting spurious file /data/data/com.android.providers.downloads/cache/metadata-884.htm
07-05 14:52:22.805   545 18725 I DownloadManager: deleting spurious file /data/data/com.android.providers.downloads/cache/metadata-431.htm
07-05 14:52:22.805   545 18725 I DownloadManager: deleting spurious file /data/data/com.android.providers.downloads/cache/metadata-1109.htm
07-05 14:52:22.805   545 18725 I DownloadManager: deleting spurious file /data/data/com.android.providers.downloads/cache/metadata-519.htm
07-05 14:52:22.805   545 18725 I DownloadManager: deleting spurious file /data/data/com.android.providers.downloads/cache/metadata-1189.htm
07-05 14:52:22.805   545 18725 I DownloadManager: deleting spurious file /data/data/com.android.providers.downloads/cache/metadata-1342.htm
07-05 14:52:22.805   545 18725 I DownloadManager: deleting spurious file /data/data/com.android.providers.downloads/cache/metadata-868.htm
07-05 14:52:22.805   545 18725 I DownloadManager: deleting spurious file /data/data/com.android.providers.downloads/cache/metadata-450.htm
07-05 14:52:22.805   545 18725 I DownloadManager: deleting spurious file /data/data/com.android.providers.downloads/cache/metadata-942.htm
07-05 14:52:22.805   545 18725 I DownloadManager: deleting spurious file /data/data/com.android.providers.downloads/cache/metadata-754.htm
07-05 14:52:22.805   545 18725 I DownloadManager: deleting spurious file /data/data/com.android.providers.downloads/cache/metadata-1011.htm
07-05 14:52:22.805   545 18725 I DownloadManager: deleting spurious file /data/data/com.android.providers.downloads/cache/metadata-663.htm
07-05 14:52:22.809   545 18725 I DownloadManager: deleting spurious file /data/data/com.android.providers.downloads/cache/metadata-1981.htm
07-05 14:52:22.809   545 18725 I DownloadManager: deleting spurious file /data/data/com.android.providers.downloads/cache/metadata-2044.htm
07-05 14:52:22.809   545 18725 I DownloadManager: deleting spurious file /data/data/com.android.providers.downloads/cache/metadata-759.htm
07-05 14:52:22.809   545 18725 I DownloadManager: deleting spurious file /data/data/com.android.providers.downloads/cache/metadata-1275.htm
07-05 14:52:22.809   545 18725 I DownloadManager: deleting spurious file /data/data/com.android.providers.downloads/cache/metadata-1459.htm
07-05 14:52:22.809   545 18725 I DownloadManager: deleting spurious file /data/data/com.android.providers.downloads/cache/metadata-2114.htm
07-05 14:52:22.809   545 18725 I DownloadManager: deleting spurious file /data/data/com.android.providers.downloads/cache/metadata-1085.htm
07-05 14:52:22.809   545 18725 I DownloadManager: deleting spurious file /data/data/com.android.providers.downloads/cache/metadata-938.htm
07-05 14:52:22.809   545 18725 I DownloadManager: deleting spurious file /data/data/com.android.providers.downloads/cache/metadata-1038.htm
07-05 14:52:22.809   545 18725 I DownloadManager: deleting spurious file /data/data/com.android.providers.downloads/cache/metadata-1992.htm
07-05 14:52:22.809   545 18725 I DownloadManager: deleting spurious file /data/data/com.android.providers.downloads/cache/metadata-1567.htm
07-05 14:52:22.809   545 18725 I DownloadManager: deleting spurious file /data/data/com.android.providers.downloads/cache/metadata-592.htm
07-05 14:52:22.809   545 18725 I DownloadManager: deleting spurious file /data/data/com.android.providers.downloads/cache/metadata-1599.htm
07-05 14:52:22.809   545 18725 I DownloadManager: deleting spurious file /data/data/com.android.providers.downloads/cache/metadata-1463.htm
07-05 14:52:22.809   545 18725 I DownloadManager: deleting spurious file /data/data/com.android.providers.downloads/cache/metadata-1884.htm
07-05 14:52:22.809   545 18725 I DownloadManager: deleting spurious file /data/data/com.android.providers.downloads/cache/metadata-1518.htm
07-05 14:52:22.809   545 18725 I DownloadManager: deleting spurious file /data/data/com.android.providers.downloads/cache/metadata-715.htm
07-05 14:52:22.813   545 18725 I DownloadManager: deleting spurious file /data/data/com.android.providers.downloads/cache/metadata-1503.htm
07-05 14:52:22.813   545 18725 I DownloadManager: deleting spurious file /data/data/com.android.providers.downloads/cache/metadata-925.htm
07-05 14:52:22.813   545 18725 I DownloadManager: deleting spurious file /data/data/com.android.providers.downloads/cache/metadata-1723.htm
07-05 14:52:22.813   545 18725 I DownloadManager: deleting spurious file /data/data/com.android.providers.downloads/cache/metadata-632.htm
07-05 14:52:22.813   545 18725 I DownloadManager: deleting spurious file /data/data/com.android.providers.downloads/cache/metadata-1885.htm
07-05 14:52:22.813   545 18725 I DownloadManager: deleting spurious file /data/data/com.android.providers.downloads/cache/metadata-566.htm
07-05 14:52:22.813   545 18725 I DownloadManager: deleting spurious file /data/data/com.android.providers.downloads/cache/metadata-768.htm
07-05 14:52:22.813   545 18725 I DownloadManager: deleting spurious file /data/data/com.android.providers.downloads/cache/metadata-1075.htm
07-05 14:52:22.813   545 18725 I DownloadManager: deleting spurious file /data/data/com.android.providers.downloads/cache/metadata-1064.htm
07-05 14:52:22.923   545   548 D dalvikvm: GC_CONCURRENT freed 754K, 11% free 10533K/11719K, paused 2ms+3ms
07-05 14:52:23.243   545   548 D dalvikvm: GC_CONCURRENT freed 395K, 11% free 10541K/11719K, paused 2ms+2ms
07-05 14:52:23.567   545   548 D dalvikvm: GC_CONCURRENT freed 413K, 11% free 10533K/11719K, paused 2ms+2ms
07-05 14:52:23.618   545 18728 I DownloadManager: Initiating request for download 6053
07-05 14:52:23.700   545   548 D dalvikvm: GC_CONCURRENT freed 205K, 9% free 10759K/11719K, paused 2ms+3ms
07-05 14:52:23.817   545   548 D dalvikvm: GC_CONCURRENT freed 418K, 8% free 10828K/11719K, paused 3ms+2ms
07-05 14:52:24.837   545   548 D dalvikvm: GC_CONCURRENT freed 745K, 10% free 10564K/11719K, paused 2ms+2ms
07-05 14:52:25.134   545   548 D dalvikvm: GC_CONCURRENT freed 411K, 10% free 10559K/11719K, paused 3ms+2ms
07-05 14:52:25.602   545 18731 I DownloadManager: Initiating request for download 6054
07-05 14:52:25.618   545   548 D dalvikvm: GC_CONCURRENT freed 423K, 11% free 10531K/11719K, paused 9ms+3ms
07-05 14:52:25.762   545   548 D dalvikvm: GC_CONCURRENT freed 254K, 9% free 10746K/11719K, paused 2ms+3ms
07-05 14:52:25.887   545   548 D dalvikvm: GC_CONCURRENT freed 421K, 8% free 10793K/11719K, paused 2ms+2ms
07-05 14:52:27.700   545   548 D dalvikvm: GC_CONCURRENT freed 742K, 11% free 10523K/11719K, paused 2ms+3ms
07-05 14:52:27.770  1370 18733 E DictionaryProvider:UpdateHandler: Can't read a file : android.util.MalformedJsonException: Use JsonReader.setLenient(true) to accept malformed JSON at line 1 column 20
07-05 14:52:28.036   545   548 D dalvikvm: GC_CONCURRENT freed 414K, 11% free 10509K/11719K, paused 2ms+3ms
07-05 14:52:28.360   545   548 D dalvikvm: GC_CONCURRENT freed 410K, 11% free 10500K/11719K, paused 2ms+3ms
07-05 14:52:28.419   545 18736 I DownloadManager: Initiating request for download 6054
07-05 14:52:28.563   545   548 D dalvikvm: GC_CONCURRENT freed 254K, 9% free 10712K/11719K, paused 1ms+3ms
07-05 14:52:28.673   545   548 D dalvikvm: GC_CONCURRENT freed 409K, 9% free 10760K/11719K, paused 2ms+2ms
07-05 14:52:29.024   545   548 D dalvikvm: GC_CONCURRENT freed 728K, 11% free 10507K/11719K, paused 2ms+2ms
07-05 14:52:29.356   545   548 D dalvikvm: GC_CONCURRENT freed 415K, 11% free 10498K/11719K, paused 2ms+3ms
07-05 14:52:29.645   545   548 D dalvikvm: GC_CONCURRENT freed 422K, 11% free 10467K/11719K, paused 1ms+2ms
07-05 14:52:31.696   545 18739 I DownloadManager: Initiating request for download 6055
07-05 14:52:31.821   545   548 D dalvikvm: GC_CONCURRENT freed 224K, 9% free 10671K/11719K, paused 2ms+3ms
07-05 14:52:31.950   545   548 D dalvikvm: GC_CONCURRENT freed 308K, 8% free 10831K/11719K, paused 2ms+3ms
07-05 14:52:32.321   545   548 D dalvikvm: GC_CONCURRENT freed 833K, 11% free 10492K/11719K, paused 2ms+3ms
07-05 14:52:32.509  1370 18741 E DictionaryProvider:UpdateHandler: Can't read a file : android.util.MalformedJsonException: Use JsonReader.setLenient(true) to accept malformed JSON at line 1 column 20
07-05 14:52:32.591  1370  1372 D dalvikvm: GC_CONCURRENT freed 387K, 7% free 9126K/9735K, paused 1ms+2ms
07-05 14:52:32.673   545   548 D dalvikvm: GC_CONCURRENT freed 419K, 11% free 10466K/11719K, paused 2ms+2ms
07-05 14:52:32.876   545 18744 I DownloadManager: Initiating request for download 6055
07-05 14:52:32.954   545   548 D dalvikvm: GC_CONCURRENT freed 418K, 11% free 10541K/11719K, paused 2ms+4ms
07-05 14:52:33.075   545   548 D dalvikvm: GC_CONCURRENT freed 261K, 9% free 10717K/11719K, paused 2ms+3ms
07-05 14:52:33.290   545   548 D dalvikvm: GC_CONCURRENT freed 735K, 12% free 10427K/11719K, paused 2ms+2ms
07-05 14:52:33.571   545   548 D dalvikvm: GC_CONCURRENT freed 411K, 12% free 10406K/11719K, paused 2ms+6ms
07-05 14:52:33.841   545   548 D dalvikvm: GC_CONCURRENT freed 408K, 12% free 10389K/11719K, paused 2ms+2ms
07-05 14:52:33.895   545 18747 I DownloadManager: Initiating request for download 6056
07-05 14:52:34.005   545   548 D dalvikvm: GC_CONCURRENT freed 190K, 10% free 10635K/11719K, paused 2ms+3ms
07-05 14:52:34.137   545   548 D dalvikvm: GC_CONCURRENT freed 414K, 10% free 10659K/11719K, paused 2ms+2ms
07-05 14:52:34.286  1370 18749 E DictionaryProvider:UpdateHandler: Can't read a file : android.util.MalformedJsonException: Use JsonReader.setLenient(true) to accept malformed JSON at line 1 column 20
07-05 14:52:34.462   545   548 D dalvikvm: GC_CONCURRENT freed 670K, 12% free 10410K/11719K, paused 2ms+2ms
07-05 14:52:34.716   545   548 D dalvikvm: GC_CONCURRENT freed 414K, 12% free 10386K/11719K, paused 2ms+2ms
07-05 14:52:34.841   545 18752 I DownloadManager: Initiating request for download 6056
07-05 14:52:34.926   545   548 D dalvikvm: GC_CONCURRENT freed 253K, 10% free 10570K/11719K, paused 2ms+3ms
07-05 14:52:35.044   545   548 D dalvikvm: GC_CONCURRENT freed 289K, 9% free 10731K/11719K, paused 2ms+3ms
07-05 14:52:35.274   545   548 D dalvikvm: GC_CONCURRENT freed 736K, 11% free 10444K/11719K, paused 2ms+2ms
07-05 14:52:35.571   545   548 D dalvikvm: GC_CONCURRENT freed 433K, 12% free 10401K/11719K, paused 2ms+2ms
07-05 14:52:35.790   545 18755 I DownloadManager: Initiating request for download 6057
07-05 14:52:35.841   545   548 D dalvikvm: GC_CONCURRENT freed 340K, 11% free 10457K/11719K, paused 2ms+2ms
07-05 14:52:35.962   545   548 D dalvikvm: GC_CONCURRENT freed 254K, 9% free 10702K/11719K, paused 2ms+3ms
07-05 14:52:36.149   545   548 D dalvikvm: GC_CONCURRENT freed 694K, 11% free 10449K/11719K, paused 2ms+3ms
07-05 14:52:36.216  1370 18757 E DictionaryProvider:UpdateHandler: Can't read a file : android.util.MalformedJsonException: Use JsonReader.setLenient(true) to accept malformed JSON at line 1 column 20
07-05 14:52:36.462   545   548 D dalvikvm: GC_CONCURRENT freed 427K, 12% free 10408K/11719K, paused 2ms+2ms
07-05 14:52:36.731   545   548 D dalvikvm: GC_CONCURRENT freed 410K, 12% free 10384K/11719K, paused 2ms+2ms
07-05 14:52:36.778   545 18760 I DownloadManager: Initiating request for download 6057
07-05 14:52:36.891   545   548 D dalvikvm: GC_CONCURRENT freed 195K, 9% free 10679K/11719K, paused 2ms+3ms
07-05 14:52:37.028   545   548 D dalvikvm: GC_CONCURRENT freed 468K, 10% free 10664K/11719K, paused 2ms+2ms
07-05 14:52:37.325   545   548 D dalvikvm: GC_CONCURRENT freed 685K, 12% free 10405K/11719K, paused 1ms+2ms
07-05 14:52:37.594   545   548 D dalvikvm: GC_CONCURRENT freed 410K, 12% free 10386K/11719K, paused 1ms+2ms
07-05 14:52:37.719   545 18763 I DownloadManager: Initiating request for download 6058
07-05 14:52:37.817   545   548 D dalvikvm: GC_CONCURRENT freed 225K, 10% free 10647K/11719K, paused 1ms+2ms
07-05 14:52:37.938   545   548 D dalvikvm: GC_CONCURRENT freed 423K, 9% free 10667K/11719K, paused 2ms+3ms
07-05 14:52:38.094  1370 18765 E DictionaryProvider:UpdateHandler: Can't read a file : android.util.MalformedJsonException: Use JsonReader.setLenient(true) to accept malformed JSON at line 1 column 20
07-05 14:52:38.247   545   548 D dalvikvm: GC_CONCURRENT freed 672K, 12% free 10423K/11719K, paused 2ms+2ms
07-05 14:52:38.509   545   548 D dalvikvm: GC_CONCURRENT freed 413K, 12% free 10396K/11719K, paused 2ms+2ms
07-05 14:52:38.680   545 18768 I DownloadManager: Initiating request for download 6058
07-05 14:52:38.755   545   548 D dalvikvm: GC_CONCURRENT freed 291K, 10% free 10558K/11719K, paused 2ms+3ms
07-05 14:52:38.872   545   548 D dalvikvm: GC_CONCURRENT freed 282K, 9% free 10721K/11719K, paused 2ms+3ms
07-05 14:52:39.102   545   548 D dalvikvm: GC_CONCURRENT freed 747K, 12% free 10420K/11719K, paused 2ms+3ms
07-05 14:52:39.364   545   548 D dalvikvm: GC_CONCURRENT freed 411K, 12% free 10399K/11719K, paused 2ms+3ms
07-05 14:52:39.645   545 18771 I DownloadManager: Initiating request for download 6059
07-05 14:52:39.669   545   548 D dalvikvm: GC_CONCURRENT freed 387K, 12% free 10425K/11719K, paused 2ms+3ms
07-05 14:52:39.798   545   548 D dalvikvm: GC_CONCURRENT freed 197K, 10% free 10664K/11719K, paused 2ms+3ms
07-05 14:52:39.926   545   548 D dalvikvm: GC_CONCURRENT freed 642K, 11% free 10457K/11719K, paused 2ms+3ms
07-05 14:52:40.059  1370 18773 E DictionaryProvider:UpdateHandler: Can't read a file : android.util.MalformedJsonException: Use JsonReader.setLenient(true) to accept malformed JSON at line 1 column 20
07-05 14:52:40.134  1370  1372 D dalvikvm: GC_CONCURRENT freed 387K, 7% free 9127K/9735K, paused 1ms+1ms
07-05 14:52:40.286   545   548 D dalvikvm: GC_CONCURRENT freed 427K, 12% free 10420K/11719K, paused 2ms+2ms
07-05 14:52:40.551   545   548 D dalvikvm: GC_CONCURRENT freed 411K, 12% free 10397K/11719K, paused 2ms+2ms
07-05 14:52:40.665   545 18776 I DownloadManager: Initiating request for download 6059
07-05 14:52:40.751   545   548 D dalvikvm: GC_CONCURRENT freed 242K, 10% free 10588K/11719K, paused 2ms+3ms
07-05 14:52:40.872   545   548 D dalvikvm: GC_CONCURRENT freed 293K, 9% free 10751K/11719K, paused 2ms+2ms
07-05 14:52:41.114   545   548 D dalvikvm: GC_CONCURRENT freed 755K, 11% free 10451K/11719K, paused 2ms+2ms
07-05 14:52:41.376   545   548 D dalvikvm: GC_CONCURRENT freed 403K, 11% free 10438K/11719K, paused 2ms+2ms
07-05 14:52:42.110   545 18778 I DownloadManager: Initiating request for download 6060
07-05 14:52:42.200   545   548 D dalvikvm: GC_CONCURRENT freed 344K, 10% free 10566K/11719K, paused 2ms+3ms
07-05 14:52:42.321   545   548 D dalvikvm: GC_CONCURRENT freed 278K, 9% free 10728K/11719K, paused 2ms+3ms
07-05 14:52:42.536  1370 18781 E DictionaryProvider:UpdateHandler: Can't read a file : android.util.MalformedJsonException: Use JsonReader.setLenient(true) to accept malformed JSON at line 1 column 20
07-05 14:52:42.575   545   548 D dalvikvm: GC_CONCURRENT freed 759K, 11% free 10435K/11719K, paused 2ms+2ms
07-05 14:52:42.848   545   548 D dalvikvm: GC_CONCURRENT freed 421K, 12% free 10404K/11719K, paused 2ms+2ms
07-05 14:52:43.102   545 18784 I DownloadManager: Initiating request for download 6060
07-05 14:52:43.130   545   548 D dalvikvm: GC_CONCURRENT freed 396K, 12% free 10399K/11719K, paused 1ms+2ms
07-05 14:52:43.255   545   548 D dalvikvm: GC_CONCURRENT freed 175K, 10% free 10660K/11719K, paused 2ms+3ms
07-05 14:52:43.387   545   548 D dalvikvm: GC_CONCURRENT freed 429K, 9% free 10676K/11719K, paused 2ms+3ms
07-05 14:52:43.700   545   548 D dalvikvm: GC_CONCURRENT freed 692K, 12% free 10420K/11719K, paused 2ms+3ms
07-05 14:52:43.969   545   548 D dalvikvm: GC_CONCURRENT freed 415K, 12% free 10395K/11719K, paused 2ms+3ms
07-05 14:52:44.087   545 18787 I DownloadManager: Initiating request for download 6061
07-05 14:52:44.184   545   548 D dalvikvm: GC_CONCURRENT freed 224K, 10% free 10606K/11719K, paused 2ms+5ms
07-05 14:52:44.301   545   548 D dalvikvm: GC_CONCURRENT freed 283K, 9% free 10768K/11719K, paused 2ms+3ms
07-05 14:52:44.509   156   568 D dalvikvm: GC_EXPLICIT freed 717K, 12% free 14097K/16007K, paused 3ms+6ms
07-05 14:52:44.551  1370 18789 E DictionaryProvider:UpdateHandler: Can't read a file : android.util.MalformedJsonException: Use JsonReader.setLenient(true) to accept malformed JSON at line 1 column 20
07-05 14:52:44.684   545   548 D dalvikvm: GC_CONCURRENT freed 796K, 12% free 10429K/11719K, paused 2ms+2ms
07-05 14:52:44.950   545   548 D dalvikvm: GC_CONCURRENT freed 425K, 12% free 10395K/11719K, paused 2ms+4ms
07-05 14:52:45.126   545 18792 I DownloadManager: Initiating request for download 6061
07-05 14:52:45.200   545   548 D dalvikvm: GC_CONCURRENT freed 306K, 11% free 10547K/11719K, paused 2ms+3ms
07-05 14:52:45.317   545   548 D dalvikvm: GC_CONCURRENT freed 278K, 9% free 10710K/11719K, paused 2ms+3ms
07-05 14:52:45.536   545   548 D dalvikvm: GC_CONCURRENT freed 738K, 12% free 10420K/11719K, paused 2ms+2ms
07-05 14:52:45.801   545   548 D dalvikvm: GC_CONCURRENT freed 417K, 12% free 10394K/11719K, paused 1ms+2ms
07-05 14:52:46.055   545   548 D dalvikvm: GC_CONCURRENT freed 399K, 12% free 10385K/11719K, paused 2ms+3ms
07-05 14:52:46.098   545 18795 I DownloadManager: Initiating request for download 6062
07-05 14:52:46.223   545   548 D dalvikvm: GC_CONCURRENT freed 177K, 10% free 10646K/11719K, paused 1ms+3ms
07-05 14:52:46.344   545   548 D dalvikvm: GC_CONCURRENT freed 409K, 9% free 10666K/11719K, paused 2ms+2ms
07-05 14:52:46.501  1370 18797 E DictionaryProvider:UpdateHandler: Can't read a file : android.util.MalformedJsonException: Use JsonReader.setLenient(true) to accept malformed JSON at line 1 column 20
07-05 14:52:46.587   465   467 D dalvikvm: GC_CONCURRENT freed 199K, 6% free 10502K/11143K, paused 1ms+2ms
07-05 14:52:46.692   545   548 D dalvikvm: GC_CONCURRENT freed 678K, 12% free 10417K/11719K, paused 2ms+3ms
07-05 14:52:46.958   545   548 D dalvikvm: GC_CONCURRENT freed 419K, 12% free 10389K/11719K, paused 2ms+2ms
07-05 14:52:47.083   545 18800 I DownloadManager: Initiating request for download 6062
07-05 14:52:47.169   545   548 D dalvikvm: GC_CONCURRENT freed 251K, 10% free 10574K/11719K, paused 2ms+3ms
07-05 14:52:47.286   545   548 D dalvikvm: GC_CONCURRENT freed 287K, 9% free 10737K/11719K, paused 2ms+4ms
07-05 14:52:47.551   545   548 D dalvikvm: GC_CONCURRENT freed 776K, 12% free 10419K/11719K, paused 1ms+2ms
07-05 14:52:47.825   545   548 D dalvikvm: GC_CONCURRENT freed 414K, 12% free 10395K/11719K, paused 2ms+2ms
07-05 14:52:48.036   545 18803 I DownloadManager: Initiating request for download 6063
07-05 14:52:48.094   545   548 D dalvikvm: GC_CONCURRENT freed 332K, 11% free 10462K/11719K, paused 2ms+6ms
07-05 14:52:48.216   545   548 D dalvikvm: GC_CONCURRENT freed 226K, 9% free 10682K/11719K, paused 2ms+3ms
07-05 14:52:48.368   545   548 D dalvikvm: GC_CONCURRENT freed 663K, 11% free 10456K/11719K, paused 2ms+3ms
07-05 14:52:48.438  1370 18805 E DictionaryProvider:UpdateHandler: Can't read a file : android.util.MalformedJsonException: Use JsonReader.setLenient(true) to accept malformed JSON at line 1 column 20
07-05 14:52:48.516  1370  1372 D dalvikvm: GC_CONCURRENT freed 387K, 7% free 9128K/9735K, paused 1ms+2ms
07-05 14:52:48.716   545   548 D dalvikvm: GC_CONCURRENT freed 428K, 12% free 10420K/11719K, paused 2ms+3ms
07-05 14:52:48.985   545   548 D dalvikvm: GC_CONCURRENT freed 421K, 12% free 10390K/11719K, paused 2ms+2ms
07-05 14:52:49.067   545 18808 I DownloadManager: Initiating request for download 6063
07-05 14:52:49.161   545   548 D dalvikvm: GC_CONCURRENT freed 221K, 10% free 10660K/11719K, paused 2ms+2ms
07-05 14:52:49.278   545   548 D dalvikvm: GC_CONCURRENT freed 429K, 9% free 10670K/11719K, paused 2ms+2ms
07-05 14:52:49.559   545   548 D dalvikvm: GC_CONCURRENT freed 684K, 12% free 10411K/11719K, paused 2ms+2ms
07-05 14:52:49.837   545   548 D dalvikvm: GC_CONCURRENT freed 409K, 12% free 10393K/11719K, paused 2ms+2ms
07-05 14:52:50.016   545 18811 I DownloadManager: Initiating request for download 6064
07-05 14:52:50.106   545   548 D dalvikvm: GC_CONCURRENT freed 261K, 10% free 10566K/11719K, paused 2ms+3ms
07-05 14:52:50.227   545   548 D dalvikvm: GC_CONCURRENT freed 286K, 9% free 10727K/11719K, paused 2ms+3ms
07-05 14:52:50.446  1370 18813 E DictionaryProvider:UpdateHandler: Can't read a file : android.util.MalformedJsonException: Use JsonReader.setLenient(true) to accept malformed JSON at line 1 column 20
07-05 14:52:50.485   545   548 D dalvikvm: GC_CONCURRENT freed 765K, 11% free 10432K/11719K, paused 2ms+2ms
07-05 14:52:50.766   545   548 D dalvikvm: GC_CONCURRENT freed 417K, 12% free 10407K/11719K, paused 2ms+2ms
07-05 14:52:50.981   545 18816 I DownloadManager: Initiating request for download 6064
07-05 14:52:51.040   545   548 D dalvikvm: GC_CONCURRENT freed 393K, 11% free 10448K/11719K, paused 2ms+3ms
07-05 14:52:51.169   545   548 D dalvikvm: GC_CONCURRENT freed 208K, 9% free 10676K/11719K, paused 1ms+2ms
07-05 14:52:51.313   545   548 D dalvikvm: GC_CONCURRENT freed 649K, 11% free 10459K/11719K, paused 2ms+3ms
07-05 14:52:51.602   545   548 D dalvikvm: GC_CONCURRENT freed 437K, 12% free 10412K/11719K, paused 2ms+9ms
07-05 14:52:51.876   545   548 D dalvikvm: GC_CONCURRENT freed 409K, 12% free 10393K/11719K, paused 2ms+2ms
07-05 14:52:51.997   545 18819 I DownloadManager: Initiating request for download 6065
07-05 14:52:52.094   545   548 D dalvikvm: GC_CONCURRENT freed 229K, 10% free 10599K/11719K, paused 1ms+2ms
07-05 14:52:52.223   545   548 D dalvikvm: GC_CONCURRENT freed 301K, 8% free 10795K/11719K, paused 2ms+3ms
07-05 14:52:52.411  1370 18821 D dalvikvm: GC_EXPLICIT freed 165K, 7% free 9101K/9735K, paused 2ms+6ms
07-05 14:52:52.423  1370 18821 E DictionaryProvider:UpdateHandler: Can't read a file : android.util.MalformedJsonException: Use JsonReader.setLenient(true) to accept malformed JSON at line 1 column 20
07-05 14:52:52.567   545   548 D dalvikvm: GC_CONCURRENT freed 839K, 12% free 10423K/11719K, paused 2ms+2ms
07-05 14:52:52.833   545   548 D dalvikvm: GC_CONCURRENT freed 416K, 12% free 10399K/11719K, paused 1ms+2ms
07-05 14:52:52.985   545 18824 I DownloadManager: Initiating request for download 6065
07-05 14:52:53.079   545   548 D dalvikvm: GC_CONCURRENT freed 275K, 10% free 10570K/11719K, paused 2ms+3ms
07-05 14:52:53.192   545   548 D dalvikvm: GC_CONCURRENT freed 297K, 9% free 10721K/11719K, paused 1ms+3ms
07-05 14:52:53.411   545   548 D dalvikvm: GC_CONCURRENT freed 737K, 12% free 10426K/11719K, paused 2ms+2ms
07-05 14:52:53.680   545   548 D dalvikvm: GC_CONCURRENT freed 412K, 12% free 10405K/11719K, paused 2ms+2ms
07-05 14:52:53.969   545 18827 I DownloadManager: Initiating request for download 6066
07-05 14:52:53.989   545   548 D dalvikvm: GC_CONCURRENT freed 397K, 12% free 10414K/11719K, paused 2ms+3ms
07-05 14:52:54.137   545   548 D dalvikvm: GC_CONCURRENT freed 187K, 10% free 10663K/11719K, paused 2ms+3ms
07-05 14:52:54.266   545   548 D dalvikvm: GC_CONCURRENT freed 417K, 9% free 10679K/11719K, paused 1ms+2ms
07-05 14:52:54.450   545  9639 D dalvikvm: GC_EXPLICIT freed 455K, 11% free 10436K/11719K, paused 2ms+3ms
07-05 14:52:54.458  1370 18829 E DictionaryProvider:UpdateHandler: Can't read a file : android.util.MalformedJsonException: Use JsonReader.setLenient(true) to accept malformed JSON at line 1 column 20
07-05 14:52:54.735   545   548 D dalvikvm: GC_CONCURRENT freed 411K, 12% free 10417K/11719K, paused 2ms+2ms
07-05 14:52:54.969   545 18832 I DownloadManager: Initiating request for download 6066
07-05 14:52:55.012   545   548 D dalvikvm: GC_CONCURRENT freed 409K, 12% free 10405K/11719K, paused 2ms+3ms
07-05 14:52:55.130   545   548 D dalvikvm: GC_CONCURRENT freed 175K, 9% free 10666K/11719K, paused 2ms+3ms
07-05 14:52:55.266   545   548 D dalvikvm: GC_CONCURRENT freed 433K, 9% free 10682K/11719K, paused 2ms+3ms
07-05 14:52:55.551   545   548 D dalvikvm: GC_CONCURRENT freed 670K, 11% free 10445K/11719K, paused 2ms+3ms
07-05 14:52:55.817   545   548 D dalvikvm: GC_CONCURRENT freed 405K, 12% free 10430K/11719K, paused 1ms+2ms
07-05 14:52:56.141   545 18835 I DownloadManager: Initiating request for download 6067
07-05 14:52:56.235   545   548 D dalvikvm: GC_CONCURRENT freed 258K, 10% free 10608K/11719K, paused 2ms+3ms
07-05 14:52:56.356   545   548 D dalvikvm: GC_CONCURRENT freed 282K, 9% free 10761K/11719K, paused 2ms+3ms
07-05 14:52:56.544  1370 18837 E DictionaryProvider:UpdateHandler: Can't read a file : android.util.MalformedJsonException: Use JsonReader.setLenient(true) to accept malformed JSON at line 1 column 20
07-05 14:52:56.637   545   548 D dalvikvm: GC_CONCURRENT freed 779K, 11% free 10440K/11719K, paused 2ms+2ms
07-05 14:52:56.903   545   548 D dalvikvm: GC_CONCURRENT freed 420K, 12% free 10410K/11719K, paused 2ms+2ms
07-05 14:52:57.102   545 18840 I DownloadManager: Initiating request for download 6067
07-05 14:52:57.153   545   548 D dalvikvm: GC_CONCURRENT freed 353K, 11% free 10472K/11719K, paused 2ms+3ms
07-05 14:52:57.270   545   548 D dalvikvm: GC_CONCURRENT freed 216K, 9% free 10693K/11719K, paused 2ms+2ms
07-05 14:52:57.426   545   548 D dalvikvm: GC_CONCURRENT freed 667K, 11% free 10469K/11719K, paused 2ms+2ms
07-05 14:52:57.708   545   548 D dalvikvm: GC_CONCURRENT freed 440K, 12% free 10419K/11719K, paused 2ms+3ms
07-05 14:52:57.962   545   548 D dalvikvm: GC_CONCURRENT freed 409K, 12% free 10401K/11719K, paused 2ms+2ms
07-05 14:52:58.079   545 18843 I DownloadManager: Initiating request for download 6068
07-05 14:52:58.176   545   548 D dalvikvm: GC_CONCURRENT freed 218K, 10% free 10620K/11719K, paused 1ms+3ms
07-05 14:52:58.298   545   548 D dalvikvm: GC_CONCURRENT freed 295K, 9% free 10778K/11719K, paused 2ms+2ms
07-05 14:52:58.466  1370 18845 E DictionaryProvider:UpdateHandler: Can't read a file : android.util.MalformedJsonException: Use JsonReader.setLenient(true) to accept malformed JSON at line 1 column 20
07-05 14:52:58.610   545   548 D dalvikvm: GC_CONCURRENT freed 805K, 11% free 10435K/11719K, paused 1ms+2ms
07-05 14:52:58.876   545   548 D dalvikvm: GC_CONCURRENT freed 417K, 12% free 10409K/11719K, paused 2ms+3ms
07-05 14:52:59.040   545 18848 I DownloadManager: Initiating request for download 6068
07-05 14:52:59.118   545   548 D dalvikvm: GC_CONCURRENT freed 291K, 10% free 10574K/11719K, paused 2ms+3ms
07-05 14:52:59.239   545   548 D dalvikvm: GC_CONCURRENT freed 283K, 9% free 10744K/11719K, paused 2ms+3ms
07-05 14:52:59.469   545   548 D dalvikvm: GC_CONCURRENT freed 756K, 11% free 10434K/11719K, paused 2ms+2ms
07-05 14:52:59.735   545   548 D dalvikvm: GC_CONCURRENT freed 411K, 12% free 10414K/11719K, paused 2ms+2ms
07-05 14:52:59.989   545   548 D dalvikvm: GC_CONCURRENT freed 395K, 12% free 10405K/11719K, paused 2ms+2ms
07-05 14:53:00.048   545 18851 I DownloadManager: Initiating request for download 6069
07-05 14:53:00.165   545   548 D dalvikvm: GC_CONCURRENT freed 174K, 9% free 10720K/11719K, paused 1ms+3ms
07-05 14:53:00.309   545   548 D dalvikvm: GC_CONCURRENT freed 706K, 11% free 10473K/11719K, paused 2ms+2ms
07-05 14:53:00.450  1370 18853 E DictionaryProvider:UpdateHandler: Can't read a file : android.util.MalformedJsonException: Use JsonReader.setLenient(true) to accept malformed JSON at line 1 column 20
07-05 14:53:00.477  1370  1372 D dalvikvm: GC_CONCURRENT freed 380K, 7% free 9138K/9735K, paused 1ms+2ms
07-05 14:53:00.645   545   548 D dalvikvm: GC_CONCURRENT freed 430K, 11% free 10434K/11719K, paused 2ms+2ms
07-05 14:53:00.911   545   548 D dalvikvm: GC_CONCURRENT freed 416K, 12% free 10408K/11719K, paused 2ms+2ms
07-05 14:53:01.032   545 18856 I DownloadManager: Initiating request for download 6069
07-05 14:53:01.110   156   168 D dalvikvm: GC_EXPLICIT freed 513K, 12% free 14098K/16007K, paused 3ms+6ms
07-05 14:53:01.176   545   548 D dalvikvm: GC_CONCURRENT freed 242K, 10% free 10602K/11719K, paused 1ms+3ms
07-05 14:53:01.298   545   548 D dalvikvm: GC_CONCURRENT freed 309K, 9% free 10753K/11719K, paused 2ms+3ms
07-05 14:53:01.536   545   548 D dalvikvm: GC_CONCURRENT freed 760K, 11% free 10449K/11719K, paused 2ms+2ms
07-05 14:53:01.790   545   548 D dalvikvm: GC_CONCURRENT freed 403K, 11% free 10437K/11719K, paused 2ms+2ms
07-05 14:53:02.684   545 18858 I DownloadManager: Initiating request for download 6070
07-05 14:53:02.786   545   548 D dalvikvm: GC_CONCURRENT freed 356K, 11% free 10472K/11719K, paused 2ms+3ms
07-05 14:53:02.903   545   548 D dalvikvm: GC_CONCURRENT freed 226K, 9% free 10689K/11719K, paused 2ms+3ms
07-05 14:53:03.055   545   548 D dalvikvm: GC_CONCURRENT freed 663K, 11% free 10462K/11719K, paused 1ms+3ms
07-05 14:53:03.157  1370 18861 E DictionaryProvider:UpdateHandler: Can't read a file : android.util.MalformedJsonException: Use JsonReader.setLenient(true) to accept malformed JSON at line 1 column 20
07-05 14:53:03.368   545   548 D dalvikvm: GC_CONCURRENT freed 431K, 12% free 10419K/11719K, paused 2ms+2ms
07-05 14:53:03.634   545   548 D dalvikvm: GC_CONCURRENT freed 414K, 12% free 10395K/11719K, paused 2ms+3ms
07-05 14:53:03.739   545 18864 I DownloadManager: Initiating request for download 6070
07-05 14:53:03.844   545   548 D dalvikvm: GC_CONCURRENT freed 234K, 10% free 10594K/11719K, paused 1ms+2ms
07-05 14:53:03.954   545   548 D dalvikvm: GC_CONCURRENT freed 308K, 9% free 10753K/11719K, paused 2ms+3ms
07-05 14:53:04.216   545   548 D dalvikvm: GC_CONCURRENT freed 788K, 12% free 10420K/11719K, paused 2ms+2ms
07-05 14:53:04.493   545   548 D dalvikvm: GC_CONCURRENT freed 410K, 12% free 10402K/11719K, paused 2ms+3ms
07-05 14:53:04.688   545 18867 I DownloadManager: Initiating request for download 6071
07-05 14:53:04.790   545   548 D dalvikvm: GC_CONCURRENT freed 311K, 11% free 10530K/11719K, paused 1ms+3ms
07-05 14:53:04.895   545   548 D dalvikvm: GC_CONCURRENT freed 274K, 9% free 10699K/11719K, paused 2ms+2ms
07-05 14:53:05.055   545   548 D dalvikvm: GC_CONCURRENT freed 678K, 11% free 10463K/11719K, paused 1ms+2ms
07-05 14:53:05.118  1370 18869 E DictionaryProvider:UpdateHandler: Can't read a file : android.util.MalformedJsonException: Use JsonReader.setLenient(true) to accept malformed JSON at line 1 column 20
07-05 14:53:05.364   545   548 D dalvikvm: GC_CONCURRENT freed 433K, 12% free 10420K/11719K, paused 1ms+3ms
07-05 14:53:05.637   545   548 D dalvikvm: GC_CONCURRENT freed 415K, 12% free 10396K/11719K, paused 2ms+2ms
07-05 14:53:05.700   545 18872 I DownloadManager: Initiating request for download 6071
07-05 14:53:05.829   545   548 D dalvikvm: GC_CONCURRENT freed 207K, 10% free 10630K/11719K, paused 2ms+3ms
07-05 14:53:05.942   545   548 D dalvikvm: GC_CONCURRENT freed 308K, 9% free 10773K/11719K, paused 2ms+3ms
07-05 14:53:06.223   545   548 D dalvikvm: GC_CONCURRENT freed 816K, 12% free 10420K/11719K, paused 1ms+2ms
07-05 14:53:06.497   545   548 D dalvikvm: GC_CONCURRENT freed 405K, 12% free 10401K/11719K, paused 1ms+2ms
07-05 14:53:06.665   545 18875 I DownloadManager: Initiating request for download 6072
07-05 14:53:06.751   545   548 D dalvikvm: GC_CONCURRENT freed 262K, 10% free 10579K/11719K, paused 3ms+3ms
07-05 14:53:06.887   545   548 D dalvikvm: GC_CONCURRENT freed 282K, 9% free 10741K/11719K, paused 1ms+3ms
07-05 14:53:07.059  1370 18877 E DictionaryProvider:UpdateHandler: Can't read a file : android.util.MalformedJsonException: Use JsonReader.setLenient(true) to accept malformed JSON at line 1 column 20
07-05 14:53:07.145   545   548 D dalvikvm: GC_CONCURRENT freed 758K, 11% free 10436K/11719K, paused 2ms+2ms
07-05 14:53:07.411   545   548 D dalvikvm: GC_CONCURRENT freed 417K, 12% free 10410K/11719K, paused 2ms+2ms
07-05 14:53:07.665   545   548 D dalvikvm: GC_CONCURRENT freed 402K, 12% free 10397K/11719K, paused 2ms+2ms
07-05 14:53:07.688   545 18880 I DownloadManager: Initiating request for download 6072
07-05 14:53:07.809   545   548 D dalvikvm: GC_CONCURRENT freed 174K, 10% free 10661K/11719K, paused 2ms+3ms
07-05 14:53:07.930   545   548 D dalvikvm: GC_CONCURRENT freed 422K, 9% free 10685K/11719K, paused 2ms+3ms
07-05 14:53:08.223   545   548 D dalvikvm: GC_CONCURRENT freed 700K, 12% free 10418K/11719K, paused 2ms+2ms
07-05 14:53:08.493   545   548 D dalvikvm: GC_CONCURRENT freed 406K, 12% free 10401K/11719K, paused 1ms+3ms
07-05 14:53:08.634   545 18883 I DownloadManager: Initiating request for download 6073
07-05 14:53:08.743   545   548 D dalvikvm: GC_CONCURRENT freed 244K, 10% free 10596K/11719K, paused 2ms+4ms
07-05 14:53:08.860   545   548 D dalvikvm: GC_CONCURRENT freed 304K, 9% free 10750K/11719K, paused 2ms+3ms
07-05 14:53:09.055  1370 18885 E DictionaryProvider:UpdateHandler: Can't read a file : android.util.MalformedJsonException: Use JsonReader.setLenient(true) to accept malformed JSON at line 1 column 20
07-05 14:53:09.094  1370  1372 D dalvikvm: GC_CONCURRENT freed 401K, 7% free 9128K/9735K, paused 2ms+2ms
07-05 14:53:09.149   545   548 D dalvikvm: GC_CONCURRENT freed 768K, 11% free 10444K/11719K, paused 1ms+2ms
07-05 14:53:09.415   545   548 D dalvikvm: GC_CONCURRENT freed 424K, 12% free 10410K/11719K, paused 2ms+2ms
07-05 14:53:09.630   545 18888 I DownloadManager: Initiating request for download 6073
07-05 14:53:09.676   545   548 D dalvikvm: GC_CONCURRENT freed 359K, 11% free 10474K/11719K, paused 2ms+4ms
07-05 14:53:09.805   545   548 D dalvikvm: GC_CONCURRENT freed 215K, 9% free 10695K/11719K, paused 2ms+3ms
07-05 14:53:09.958   545   548 D dalvikvm: GC_CONCURRENT freed 662K, 11% free 10470K/11719K, paused 2ms+2ms
07-05 14:53:10.251   545   548 D dalvikvm: GC_CONCURRENT freed 438K, 12% free 10428K/11719K, paused 2ms+3ms
07-05 14:53:10.520   545   548 D dalvikvm: GC_CONCURRENT freed 410K, 12% free 10404K/11719K, paused 2ms+2ms
07-05 14:53:10.641   545 18891 I DownloadManager: Initiating request for download 6074
07-05 14:53:10.731   545   548 D dalvikvm: GC_CONCURRENT freed 215K, 10% free 10605K/11719K, paused 2ms+2ms
07-05 14:53:10.852   545   548 D dalvikvm: GC_CONCURRENT freed 295K, 9% free 10772K/11719K, paused 2ms+3ms
07-05 14:53:11.048  1370 18894 E DictionaryProvider:UpdateHandler: Can't read a file : android.util.MalformedJsonException: Use JsonReader.setLenient(true) to accept malformed JSON at line 1 column 20
07-05 14:53:11.161   545   548 D dalvikvm: GC_CONCURRENT freed 796K, 11% free 10437K/11719K, paused 1ms+2ms
07-05 14:53:11.438   545   548 D dalvikvm: GC_CONCURRENT freed 416K, 12% free 10411K/11719K, paused 2ms+2ms
07-05 14:53:11.630   545 18897 I DownloadManager: Initiating request for download 6074
07-05 14:53:11.700   545   548 D dalvikvm: GC_CONCURRENT freed 340K, 10% free 10577K/11719K, paused 1ms+3ms
07-05 14:53:11.825   545   548 D dalvikvm: GC_CONCURRENT freed 282K, 9% free 10738K/11719K, paused 2ms+2ms
07-05 14:53:12.044   545   548 D dalvikvm: GC_CONCURRENT freed 754K, 11% free 10437K/11719K, paused 1ms+3ms
07-05 14:53:12.309   545   548 D dalvikvm: GC_CONCURRENT freed 409K, 12% free 10416K/11719K, paused 2ms+2ms
07-05 14:53:12.575   545   548 D dalvikvm: GC_CONCURRENT freed 400K, 12% free 10402K/11719K, paused 2ms+2ms
07-05 14:53:12.641   545 18900 I DownloadManager: Initiating request for download 6075
07-05 14:53:12.782   545   548 D dalvikvm: GC_CONCURRENT freed 196K, 9% free 10672K/11719K, paused 2ms+3ms
07-05 14:53:12.911   545   548 D dalvikvm: GC_CONCURRENT freed 431K, 9% free 10692K/11719K, paused 1ms+2ms
07-05 14:53:13.067  1370 18902 E DictionaryProvider:UpdateHandler: Can't read a file : android.util.MalformedJsonException: Use JsonReader.setLenient(true) to accept malformed JSON at line 1 column 20
07-05 14:53:13.223   545   548 D dalvikvm: GC_CONCURRENT freed 694K, 11% free 10433K/11719K, paused 2ms+2ms
07-05 14:53:13.497   545   548 D dalvikvm: GC_CONCURRENT freed 414K, 12% free 10410K/11719K, paused 1ms+2ms
07-05 14:53:13.622   545 18905 I DownloadManager: Initiating request for download 6075
07-05 14:53:13.708   545   548 D dalvikvm: GC_CONCURRENT freed 252K, 10% free 10594K/11719K, paused 2ms+2ms
07-05 14:53:13.837   545   548 D dalvikvm: GC_CONCURRENT freed 292K, 9% free 10764K/11719K, paused 1ms+3ms
07-05 14:53:14.079   545   548 D dalvikvm: GC_CONCURRENT freed 789K, 11% free 10436K/11719K, paused 2ms+2ms
07-05 14:53:14.344   545   548 D dalvikvm: GC_CONCURRENT freed 406K, 12% free 10421K/11719K, paused 2ms+2ms
07-05 14:53:14.591   545 18908 I DownloadManager: Initiating request for download 6076
07-05 14:53:14.661   545   548 D dalvikvm: GC_CONCURRENT freed 367K, 11% free 10475K/11719K, paused 2ms+3ms
07-05 14:53:14.798   545   548 D dalvikvm: GC_CONCURRENT freed 214K, 9% free 10700K/11719K, paused 2ms+2ms
07-05 14:53:14.942   545   548 D dalvikvm: GC_CONCURRENT freed 662K, 11% free 10477K/11719K, paused 2ms+3ms
07-05 14:53:15.036  1370 18910 E DictionaryProvider:UpdateHandler: Can't read a file : android.util.MalformedJsonException: Use JsonReader.setLenient(true) to accept malformed JSON at line 1 column 20
07-05 14:53:15.259   545   548 D dalvikvm: GC_CONCURRENT freed 432K, 11% free 10436K/11719K, paused 2ms+3ms
07-05 14:53:15.532   545   548 D dalvikvm: GC_CONCURRENT freed 413K, 12% free 10413K/11719K, paused 1ms+2ms
07-05 14:53:15.641   545 18913 I DownloadManager: Initiating request for download 6076
07-05 14:53:15.747   545   548 D dalvikvm: GC_CONCURRENT freed 242K, 10% free 10608K/11719K, paused 2ms+3ms
07-05 14:53:15.868   545   548 D dalvikvm: GC_CONCURRENT freed 308K, 9% free 10760K/11719K, paused 2ms+4ms
07-05 14:53:16.122   545   548 D dalvikvm: GC_CONCURRENT freed 781K, 11% free 10439K/11719K, paused 2ms+3ms
07-05 14:53:16.301   362   362 I wpa_supplicant: wlan0: CTRL-EVENT-DISCONNECTED bssid=d0:c2:82:84:8d:50 reason=0
07-05 14:53:16.305    77   117 D CommandListener: Clearing all IP addresses on wlan0
07-05 14:53:16.317   156   330 D ConnectivityService: ConnectivityChange for WIFI: DISCONNECTED/DISCONNECTED
07-05 14:53:16.325   156   330 D ConnectivityService: Attempting to switch to mobile
07-05 14:53:16.325   156   330 D ConnectivityService: Attempting to switch to WIMAX
07-05 14:53:16.325   156   330 D ConnectivityService: Attempting to switch to BLUETOOTH_TETHER
07-05 14:53:16.329   156   330 E ConnectivityService: Exception trying to remove a route: java.lang.IllegalStateException: Unable to communicate with native dameon to add routes - com.android.server.NativeDaemonConnectorException: Cmd {interface route remove wlan0 default 128.205.59.254 32 0.0.0.0} failed with code 400 : {Failed to remove route from default table (No such process)}
07-05 14:53:16.333   156   330 D NetUtils: android_net_utils_resetConnections in env=0x6b2b60 clazz=0xef500001 iface=wlan0 mask=0x3
07-05 14:53:16.333   156   330 E ConnectivityService: Exception trying to remove a route: java.lang.IllegalStateException: Unable to communicate with native dameon to add routes - com.android.server.NativeDaemonConnectorException: Cmd {interface route remove wlan0 default 0.0.0.0 0 128.205.59.254} failed with code 400 : {Failed to remove route from default table (No such process)}
07-05 14:53:16.333   156   330 D ConnectivityService: resetConnections(wlan0, 3)
07-05 14:53:16.458   682  1055 E GTalkService: connectionClosed: no XMPPConnection - That's strange!
07-05 14:53:16.458   156   330 D ConnectivityService: handleInetConditionChange: no active default network - ignore
07-05 14:53:16.497   414   416 D dalvikvm: GC_CONCURRENT freed 572K, 37% free 10295K/16263K, paused 2ms+2ms
07-05 14:53:16.579   414   416 D dalvikvm: GC_CONCURRENT freed 566K, 38% free 10207K/16263K, paused 2ms+2ms
07-05 14:53:16.688   545   548 D dalvikvm: GC_CONCURRENT freed 408K, 12% free 10418K/11719K, paused 2ms+3ms
07-05 14:53:16.923   545 18916 I DownloadManager: Initiating request for download 6077
07-05 14:53:16.923   545 18916 W DownloadManager: Aborting request for download 6077: no network connection available
07-05 14:53:17.087   545   548 D dalvikvm: GC_CONCURRENT freed 357K, 11% free 10451K/11719K, paused 2ms+3ms
07-05 14:53:17.352   545   548 D dalvikvm: GC_CONCURRENT freed 413K, 12% free 10429K/11719K, paused 2ms+2ms
07-05 14:53:17.563   362   362 I wpa_supplicant: wlan0: Trying to associate with d0:c2:82:66:6b:f0 (SSID='UB_Wireless' freq=2462 MHz)
07-05 14:53:17.637   545   548 D dalvikvm: GC_CONCURRENT freed 405K, 12% free 10415K/11719K, paused 2ms+2ms
07-05 14:53:17.962   545   548 D dalvikvm: GC_CONCURRENT freed 364K, 11% free 10442K/11719K, paused 2ms+2ms
07-05 14:53:18.219   545   548 D dalvikvm: GC_CONCURRENT freed 409K, 12% free 10423K/11719K, paused 2ms+3ms
07-05 14:53:18.489   545   548 D dalvikvm: GC_CONCURRENT freed 401K, 12% free 10410K/11719K, paused 2ms+2ms
07-05 14:53:19.395   156   333 D Tethering: MasterInitialState.processMessage what=3
07-05 14:53:19.469  1190  1190 I MediaUploader: No need to wake up
07-05 14:53:19.473   993   993 I PhoneLab-WiFiReceiver: Wi-Fi is disconnected!
07-05 14:53:19.477  1086  1105 D PicasaSyncManager: active network: null
07-05 14:53:19.477  1086  1105 D PicasaSyncManager: background data: true
07-05 14:53:19.524   682   685 D dalvikvm: GC_CONCURRENT freed 418K, 9% free 10126K/11079K, paused 2ms+2ms
07-05 14:53:22.102   362   362 I wpa_supplicant: wlan0: CTRL-EVENT-DISCONNECTED bssid=d0:c2:82:66:6b:f0 reason=0
07-05 14:53:23.173   362   362 I wpa_supplicant: wlan0: Trying to associate with d0:c2:82:84:8d:50 (SSID='UB_Wireless' freq=2462 MHz)
07-05 14:53:23.216   362   362 I wpa_supplicant: wlan0: Associated with d0:c2:82:84:8d:50
07-05 14:53:23.216   362   362 I wpa_supplicant: wlan0: CTRL-EVENT-CONNECTED - Connection to d0:c2:82:84:8d:50 completed (reauth) [id=5 id_str=]
07-05 14:53:23.434   156   330 D ConnectivityService: ConnectivityChange for mobile: CONNECTED/CONNECTED
07-05 14:53:23.462   156   325 W NetworkStats: dropping UID delta from unknown iface: iface=wlan0 uid=0 set=DEFAULT tag=0x0 rxBytes=0 rxPackets=0 txBytes=136 txPackets=2 operations=0
07-05 14:53:23.497   156   326 D NetworkPolicy: applying policy NetworkPolicy[NetworkTemplate: matchRule=MOBILE_ALL, subscriberId=valid]: cycleDay=5, warningBytes=2147483648, limitBytes=-1, lastSnooze=-1 to ifaces [rmnet0]
07-05 14:53:24.438   156   330 D ConnectivityService: NetTransition Wakelock for WifiStateMachine released by timeout
07-05 14:53:26.509   156   333 D Tethering: MasterInitialState.processMessage what=3
07-05 14:53:26.524   682   682 I GTalkService/c: [AndroidEndpoint@1095403848] connect: acct=1000001, state=CONNECTING
07-05 14:53:26.594  1086  1105 D PicasaSyncManager: active network: NetworkInfo: type: mobile[CDMA - EvDo rev. A], state: CONNECTED/CONNECTED, reason: (unspecified), extra: , roaming: false, failover: true, isAvailable: true
07-05 14:53:26.614   156   512 D dalvikvm: GC_EXPLICIT freed 1071K, 12% free 14158K/16007K, paused 2ms+7ms
07-05 14:53:26.645  1190  1190 I MediaUploader: No need to wake up
07-05 14:53:26.653  1086  1105 D PicasaSyncManager: background data: true
07-05 14:53:26.942   545   548 D dalvikvm: GC_CONCURRENT freed 361K, 11% free 10440K/11719K, paused 2ms+4ms
07-05 14:53:27.223   156   330 D ConnectivityService: ConnectivityChange for WIFI: CONNECTED/CONNECTED
07-05 14:53:27.223   156   330 D ConnectivityService: Policy requires mobile teardown
07-05 14:53:27.235   993   993 I PhoneLab-WiFiReceiver: Wi-Fi is connected!
07-05 14:53:27.235   993   993 I PhoneLab-WiFiReceiver: SSID: UB_Wireless BSSID: d0:c2:82:84:8d:50 RSSI: -200 LinkSpeed: -1
07-05 14:53:27.235   993   993 I PhoneLab-Locks: wake lock acquired
07-05 14:53:27.239   993   993 I PhoneLab-UploadLogs: Transfering log files now
07-05 14:53:27.294   156   330 D ConnectivityService: ConnectivityChange for mobile: DISCONNECTED/DISCONNECTED
07-05 14:53:27.294   156   330 D ConnectivityService: Attempting to switch to WIFI
07-05 14:53:27.294   156   330 D ConnectivityService: Attempting to switch to WIMAX
07-05 14:53:27.294   156   330 D ConnectivityService: Attempting to switch to BLUETOOTH_TETHER
07-05 14:53:27.301   156   325 W NetworkStats: dropping UID delta from unknown iface: iface=wlan0 uid=0 set=DEFAULT tag=0x0 rxBytes=0 rxPackets=0 txBytes=128 txPackets=2 operations=0
07-05 14:53:27.305   156   330 D NetUtils: android_net_utils_resetConnections in env=0x6b2b60 clazz=0x10400001 iface=rmnet0 mask=0x3
07-05 14:53:27.305   156   330 D ConnectivityService: resetConnections(rmnet0, 3)
07-05 14:53:27.384   993   995 D dalvikvm: GC_CONCURRENT freed 458K, 18% free 9211K/11207K, paused 1ms+2ms
07-05 14:53:27.415   993   993 D dalvikvm: GC_FOR_ALLOC freed 227K, 17% free 9303K/11207K, paused 14ms
07-05 14:53:27.438   993   993 D dalvikvm: GC_FOR_ALLOC freed 120K, 16% free 9431K/11207K, paused 13ms
07-05 14:53:27.466   993   993 I PhoneLab-UploadLogs: OnStartCommand
07-05 14:53:27.473   993   995 D dalvikvm: GC_CONCURRENT freed 294K, 14% free 9649K/11207K, paused 2ms+2ms
07-05 14:53:27.505   993 18949 D dalvikvm: GC_FOR_ALLOC freed 318K, 14% free 9657K/11207K, paused 14ms
07-05 14:53:27.528   993 18949 D dalvikvm: GC_FOR_ALLOC freed 301K, 14% free 9657K/11207K, paused 23ms
07-05 14:53:27.555   993 18949 D dalvikvm: GC_FOR_ALLOC freed 301K, 14% free 9658K/11207K, paused 19ms
07-05 14:53:27.587   545   548 D dalvikvm: GC_CONCURRENT freed 428K, 12% free 10403K/11719K, paused 2ms+2ms
07-05 14:53:27.809   545 18950 I DownloadManager: Initiating request for download 6077
07-05 14:53:27.926   545   548 D dalvikvm: GC_CONCURRENT freed 316K, 10% free 10606K/11719K, paused 2ms+3ms
07-05 14:53:28.040   545   548 D dalvikvm: GC_CONCURRENT freed 347K, 9% free 10748K/11719K, paused 2ms+3ms
07-05 14:53:28.251  1370 18953 E DictionaryProvider:UpdateHandler: Can't read a file : android.util.MalformedJsonException: Use JsonReader.setLenient(true) to accept malformed JSON at line 1 column 20
07-05 14:53:28.301  1370  1372 D dalvikvm: GC_CONCURRENT freed 387K, 7% free 9132K/9735K, paused 2ms+10ms
07-05 14:53:28.305   545   548 D dalvikvm: GC_CONCURRENT freed 774K, 11% free 10444K/11719K, paused 2ms+11ms
07-05 14:53:28.587   545   548 D dalvikvm: GC_CONCURRENT freed 422K, 12% free 10413K/11719K, paused 2ms+2ms
07-05 14:53:28.794   545 18956 I DownloadManager: Initiating request for download 6077
07-05 14:53:28.852   545   548 D dalvikvm: GC_CONCURRENT freed 368K, 11% free 10452K/11719K, paused 2ms+2ms
07-05 14:53:28.969   545   548 D dalvikvm: GC_CONCURRENT freed 203K, 9% free 10685K/11719K, paused 1ms+3ms
07-05 14:53:29.063   993 18949 W System.err: org.apache.http.client.ClientProtocolException
07-05 14:53:29.063   993 18949 W System.err: 	at org.apache.http.impl.client.AbstractHttpClient.execute(AbstractHttpClient.java:557)
07-05 14:53:29.063   993 18949 W System.err: 	at org.apache.http.impl.client.AbstractHttpClient.execute(AbstractHttpClient.java:487)
07-05 14:53:29.063   993 18949 W System.err: 	at com.loopj.android.http.AsyncHttpRequest.makeRequest(Unknown Source)
07-05 14:53:29.063   993 18949 W System.err: 	at com.loopj.android.http.AsyncHttpRequest.makeRequestWithRetries(Unknown Source)
07-05 14:53:29.063   993 18949 W System.err: 	at com.loopj.android.http.AsyncHttpRequest.run(Unknown Source)
07-05 14:53:29.063   993 18949 W System.err: 	at java.util.concurrent.Executors$RunnableAdapter.call(Executors.java:442)
07-05 14:53:29.063   993 18949 W System.err: 	at java.util.concurrent.FutureTask$Sync.innerRun(FutureTask.java:305)
07-05 14:53:29.063   993 18949 W System.err: 	at java.util.concurrent.FutureTask.run(FutureTask.java:137)
07-05 14:53:29.063   993 18949 W System.err: 	at java.util.concurrent.ThreadPoolExecutor.runWorker(ThreadPoolExecutor.java:1076)
07-05 14:53:29.063   993 18949 W System.err: 	at java.util.concurrent.ThreadPoolExecutor$Worker.run(ThreadPoolExecutor.java:569)
07-05 14:53:29.063   993 18949 W System.err: 	at java.lang.Thread.run(Thread.java:856)
07-05 14:53:29.063   993 18949 W System.err: Caused by: org.apache.http.client.NonRepeatableRequestException: Cannot retry request with a non-repeatable request entity
07-05 14:53:29.071   993 18949 W System.err: 	at org.apache.http.impl.client.DefaultRequestDirector.execute(DefaultRequestDirector.java:420)
07-05 14:53:29.071   993 18949 W System.err: 	at org.apache.http.impl.client.AbstractHttpClient.execute(AbstractHttpClient.java:555)
07-05 14:53:29.071   993 18949 W System.err: 	... 10 more
07-05 14:53:29.071   993   993 E PhoneLab-: Transfering 1341502082478.log failed
07-05 14:53:29.071   993   993 I PhoneLab-Locks: wake lock released
07-05 14:53:29.110   545   548 D dalvikvm: GC_CONCURRENT freed 662K, 11% free 10470K/11719K, paused 2ms+2ms
07-05 14:53:29.399   545   548 D dalvikvm: GC_CONCURRENT freed 437K, 12% free 10423K/11719K, paused 2ms+2ms
07-05 14:53:29.661   545   548 D dalvikvm: GC_CONCURRENT freed 412K, 12% free 10402K/11719K, paused 1ms+3ms
07-05 14:53:29.805   545 18959 I DownloadManager: Initiating request for download 6078
07-05 14:53:29.903   545   548 D dalvikvm: GC_CONCURRENT freed 232K, 10% free 10653K/11719K, paused 2ms+2ms
07-05 14:53:30.020   545   548 D dalvikvm: GC_CONCURRENT freed 352K, 8% free 10796K/11719K, paused 2ms+3ms
07-05 14:53:30.188  1370 18961 E DictionaryProvider:UpdateHandler: Can't read a file : android.util.MalformedJsonException: Use JsonReader.setLenient(true) to accept malformed JSON at line 1 column 20
07-05 14:53:30.298   156   333 D Tethering: MasterInitialState.processMessage what=3
07-05 14:53:30.333   156   333 D Tethering: MasterInitialState.processMessage what=3
07-05 14:53:30.333   156   333 D Tethering: MasterInitialState.processMessage what=3
07-05 14:53:30.360  1190  1190 I MediaUploader: No need to wake up
07-05 14:53:30.407  1086  1105 D PicasaSyncManager: active network: NetworkInfo: type: WIFI[], state: CONNECTED/CONNECTED, reason: (unspecified), extra: (none), roaming: false, failover: false, isAvailable: true
07-05 14:53:30.411  1190  1190 I MediaUploader: No need to wake up
07-05 14:53:30.458   414   416 D dalvikvm: GC_CONCURRENT freed 366K, 37% free 10343K/16263K, paused 2ms+3ms
07-05 14:53:30.458  1086  1105 D PicasaSyncManager: background data: true
07-05 14:53:30.489  1190  1190 I MediaUploader: No need to wake up
07-05 14:53:30.591  1086  1105 D PicasaSyncManager: active network: NetworkInfo: type: WIFI[], state: CONNECTED/CONNECTED, reason: (unspecified), extra: (none), roaming: false, failover: false, isAvailable: true
07-05 14:53:30.602  1086  1088 D dalvikvm: GC_CONCURRENT freed 440K, 6% free 9355K/9927K, paused 1ms+3ms
07-05 14:53:30.602  1086  1105 D PicasaSyncManager: background data: true
07-05 14:53:30.688   545   548 D dalvikvm: GC_CONCURRENT freed 823K, 11% free 10441K/11719K, paused 2ms+2ms
07-05 14:53:30.973   545   548 D dalvikvm: GC_CONCURRENT freed 415K, 12% free 10416K/11719K, paused 2ms+2ms
07-05 14:53:31.153   545 18965 I DownloadManager: Initiating request for download 6078
07-05 14:53:31.235   545   548 D dalvikvm: GC_CONCURRENT freed 298K, 10% free 10567K/11719K, paused 2ms+2ms
07-05 14:53:31.352   545   548 D dalvikvm: GC_CONCURRENT freed 283K, 9% free 10734K/11719K, paused 2ms+3ms
07-05 14:53:31.551   545   548 D dalvikvm: GC_CONCURRENT freed 740K, 11% free 10443K/11719K, paused 2ms+2ms
07-05 14:53:31.825   545   548 D dalvikvm: GC_CONCURRENT freed 410K, 12% free 10423K/11719K, paused 2ms+2ms
07-05 14:53:32.098   545   548 D dalvikvm: GC_CONCURRENT freed 405K, 12% free 10408K/11719K, paused 2ms+2ms
07-05 14:53:32.180   545 18968 I DownloadManager: Initiating request for download 6079
07-05 14:53:32.294   545   548 D dalvikvm: GC_CONCURRENT freed 189K, 10% free 10657K/11719K, paused 2ms+3ms
07-05 14:53:32.415   545   548 D dalvikvm: GC_CONCURRENT freed 402K, 9% free 10700K/11719K, paused 2ms+3ms
07-05 14:53:32.637   545 20266 D dalvikvm: GC_EXPLICIT freed 556K, 11% free 10453K/11719K, paused 2ms+3ms
07-05 14:53:32.645  1370 18970 E DictionaryProvider:UpdateHandler: Can't read a file : android.util.MalformedJsonException: Use JsonReader.setLenient(true) to accept malformed JSON at line 1 column 20
07-05 14:53:32.926   545   548 D dalvikvm: GC_CONCURRENT freed 412K, 12% free 10428K/11719K, paused 1ms+2ms
07-05 14:53:33.200   545   548 D dalvikvm: GC_CONCURRENT freed 403K, 12% free 10411K/11719K, paused 1ms+4ms
07-05 14:53:33.208   545 18973 I DownloadManager: Initiating request for download 6079
07-05 14:53:33.348   545   548 D dalvikvm: GC_CONCURRENT freed 172K, 9% free 10675K/11719K, paused 1ms+3ms
07-05 14:53:33.489   545   548 D dalvikvm: GC_CONCURRENT freed 414K, 9% free 10705K/11719K, paused 2ms+2ms
07-05 14:53:33.829   545   548 D dalvikvm: GC_CONCURRENT freed 710K, 11% free 10435K/11719K, paused 2ms+2ms
07-05 14:53:34.098   545   548 D dalvikvm: GC_CONCURRENT freed 408K, 12% free 10417K/11719K, paused 2ms+2ms
07-05 14:53:34.270   545 18976 I DownloadManager: Initiating request for download 6080
07-05 14:53:34.356   545   548 D dalvikvm: GC_CONCURRENT freed 258K, 10% free 10600K/11719K, paused 2ms+3ms
07-05 14:53:34.516   545   548 D dalvikvm: GC_CONCURRENT freed 293K, 9% free 10773K/11719K, paused 2ms+3ms
07-05 14:53:34.688  1370 18978 E DictionaryProvider:UpdateHandler: Can't read a file : android.util.MalformedJsonException: Use JsonReader.setLenient(true) to accept malformed JSON at line 1 column 20
07-05 14:53:34.786   545   548 D dalvikvm: GC_CONCURRENT freed 785K, 11% free 10450K/11719K, paused 2ms+2ms
07-05 14:53:35.063   545   548 D dalvikvm: GC_CONCURRENT freed 414K, 12% free 10426K/11719K, paused 2ms+2ms
07-05 14:53:35.286   545 18981 I DownloadManager: Initiating request for download 6080
07-05 14:53:35.344   545   548 D dalvikvm: GC_CONCURRENT freed 389K, 11% free 10469K/11719K, paused 2ms+2ms
07-05 14:53:35.462   545   548 D dalvikvm: GC_CONCURRENT freed 206K, 9% free 10701K/11719K, paused 2ms+3ms
07-05 14:53:35.501   156   156 D AlarmManagerService: Kernel timezone updated to 240 minutes west of GMT
07-05 14:53:35.614   545   548 D dalvikvm: GC_CONCURRENT freed 458K, 9% free 10708K/11719K, paused 2ms+4ms
07-05 14:53:35.942   545   548 D dalvikvm: GC_CONCURRENT freed 714K, 11% free 10435K/11719K, paused 2ms+3ms
07-05 14:53:36.212   545   548 D dalvikvm: GC_CONCURRENT freed 409K, 12% free 10416K/11719K, paused 2ms+2ms
07-05 14:53:36.329   545 18984 I DownloadManager: Initiating request for download 6081
07-05 14:53:36.430   545   548 D dalvikvm: GC_CONCURRENT freed 218K, 10% free 10633K/11719K, paused 2ms+2ms
07-05 14:53:36.551   545   548 D dalvikvm: GC_CONCURRENT freed 309K, 8% free 10788K/11719K, paused 2ms+3ms
07-05 14:53:36.770  1370 18986 E DictionaryProvider:UpdateHandler: Can't read a file : android.util.MalformedJsonException: Use JsonReader.setLenient(true) to accept malformed JSON at line 1 column 20
07-05 14:53:36.801  1370  1372 D dalvikvm: GC_CONCURRENT freed 394K, 7% free 9128K/9735K, paused 2ms+2ms
07-05 14:53:36.887   545   548 D dalvikvm: GC_CONCURRENT freed 800K, 11% free 10457K/11719K, paused 2ms+3ms
07-05 14:53:37.157   545   548 D dalvikvm: GC_CONCURRENT freed 421K, 12% free 10426K/11719K, paused 2ms+2ms
07-05 14:53:37.344   545 18989 I DownloadManager: Initiating request for download 6081
07-05 14:53:37.403   545   548 D dalvikvm: GC_CONCURRENT freed 325K, 11% free 10491K/11719K, paused 2ms+2ms
07-05 14:53:37.516   545   548 D dalvikvm: GC_CONCURRENT freed 217K, 9% free 10715K/11719K, paused 2ms+3ms
07-05 14:53:37.657   545   548 D dalvikvm: GC_CONCURRENT freed 678K, 11% free 10487K/11719K, paused 2ms+2ms
07-05 14:53:37.934   545   548 D dalvikvm: GC_CONCURRENT freed 409K, 11% free 10466K/11719K, paused 1ms+2ms
07-05 14:53:38.216   545   548 D dalvikvm: GC_CONCURRENT freed 406K, 11% free 10454K/11719K, paused 2ms+3ms
07-05 14:53:39.270   545 18992 I DownloadManager: Initiating request for download 6082
07-05 14:53:39.360   545   548 D dalvikvm: GC_CONCURRENT freed 260K, 10% free 10630K/11719K, paused 3ms+3ms
07-05 14:53:39.528   545   548 D dalvikvm: GC_CONCURRENT freed 304K, 8% free 10793K/11719K, paused 2ms+51ms
07-05 14:53:39.719  1370 18994 E DictionaryProvider:UpdateHandler: Can't read a file : android.util.MalformedJsonException: Use JsonReader.setLenient(true) to accept malformed JSON at line 1 column 20
07-05 14:53:39.837   465   467 D dalvikvm: GC_CONCURRENT freed 398K, 6% free 10490K/11143K, paused 1ms+2ms
07-05 14:53:39.856   545   548 D dalvikvm: GC_CONCURRENT freed 802K, 11% free 10458K/11719K, paused 2ms+2ms
07-05 14:53:40.122   545   548 D dalvikvm: GC_CONCURRENT freed 419K, 12% free 10429K/11719K, paused 2ms+2ms
07-05 14:53:40.321   545 18997 I DownloadManager: Initiating request for download 6082
07-05 14:53:40.380   545   548 D dalvikvm: GC_CONCURRENT freed 354K, 11% free 10483K/11719K, paused 2ms+3ms
07-05 14:53:40.493   545   548 D dalvikvm: GC_CONCURRENT freed 207K, 9% free 10712K/11719K, paused 2ms+2ms
07-05 14:53:40.641   545   548 D dalvikvm: GC_CONCURRENT freed 667K, 11% free 10495K/11719K, paused 2ms+3ms
07-05 14:53:40.938   545   548 D dalvikvm: GC_CONCURRENT freed 434K, 11% free 10450K/11719K, paused 2ms+3ms
07-05 14:53:41.212   545   548 D dalvikvm: GC_CONCURRENT freed 417K, 12% free 10424K/11719K, paused 2ms+3ms
07-05 14:53:41.376   545 19000 I DownloadManager: Initiating request for download 6083
07-05 14:53:41.462   545   548 D dalvikvm: GC_CONCURRENT freed 231K, 10% free 10615K/11719K, paused 2ms+2ms
07-05 14:53:41.591   545   548 D dalvikvm: GC_CONCURRENT freed 297K, 8% free 10835K/11719K, paused 2ms+3ms
07-05 14:53:41.872   156   628 D dalvikvm: GC_EXPLICIT freed 1163K, 12% free 14132K/16007K, paused 2ms+6ms
07-05 14:53:41.880  1370 19002 E DictionaryProvider:UpdateHandler: Can't read a file : android.util.MalformedJsonException: Use JsonReader.setLenient(true) to accept malformed JSON at line 1 column 20
07-05 14:53:41.989   545   548 D dalvikvm: GC_CONCURRENT freed 862K, 11% free 10455K/11719K, paused 2ms+3ms
07-05 14:53:42.262   545   548 D dalvikvm: GC_CONCURRENT freed 426K, 12% free 10419K/11719K, paused 2ms+2ms
07-05 14:53:42.446   545 19005 I DownloadManager: Initiating request for download 6083
07-05 14:53:42.501   545   548 D dalvikvm: GC_CONCURRENT freed 328K, 11% free 10484K/11719K, paused 1ms+3ms
07-05 14:53:42.622   545   548 D dalvikvm: GC_CONCURRENT freed 208K, 9% free 10703K/11719K, paused 2ms+3ms
07-05 14:53:42.755   545   548 D dalvikvm: GC_CONCURRENT freed 665K, 11% free 10479K/11719K, paused 1ms+3ms
07-05 14:53:43.048   545   548 D dalvikvm: GC_CONCURRENT freed 430K, 11% free 10435K/11719K, paused 2ms+2ms
07-05 14:53:43.309   545   548 D dalvikvm: GC_CONCURRENT freed 410K, 12% free 10415K/11719K, paused 2ms+2ms
07-05 14:53:43.458   545 19008 I DownloadManager: Initiating request for download 6084
07-05 14:53:43.559   545   548 D dalvikvm: GC_CONCURRENT freed 240K, 10% free 10607K/11719K, paused 1ms+3ms
07-05 14:53:43.680   545   548 D dalvikvm: GC_CONCURRENT freed 327K, 9% free 10781K/11719K, paused 2ms+3ms
07-05 14:53:43.860  1370 19010 E DictionaryProvider:UpdateHandler: Can't read a file : android.util.MalformedJsonException: Use JsonReader.setLenient(true) to accept malformed JSON at line 1 column 20
07-05 14:53:43.962   545   548 D dalvikvm: GC_CONCURRENT freed 798K, 11% free 10447K/11719K, paused 2ms+2ms
07-05 14:53:44.231   545   548 D dalvikvm: GC_CONCURRENT freed 415K, 12% free 10422K/11719K, paused 2ms+2ms
07-05 14:53:44.442   545 19013 I DownloadManager: Initiating request for download 6084
07-05 14:53:44.493   545   548 D dalvikvm: GC_CONCURRENT freed 354K, 11% free 10488K/11719K, paused 1ms+3ms
07-05 14:53:44.610   545   548 D dalvikvm: GC_CONCURRENT freed 223K, 9% free 10715K/11719K, paused 2ms+3ms
07-05 14:53:44.755   545   548 D dalvikvm: GC_CONCURRENT freed 671K, 11% free 10489K/11719K, paused 2ms+3ms
07-05 14:53:45.044   545   548 D dalvikvm: GC_CONCURRENT freed 444K, 11% free 10436K/11719K, paused 2ms+3ms
07-05 14:53:45.313   545   548 D dalvikvm: GC_CONCURRENT freed 409K, 12% free 10417K/11719K, paused 2ms+3ms
07-05 14:53:45.446   545 19016 I DownloadManager: Initiating request for download 6085
07-05 14:53:45.548   545   548 D dalvikvm: GC_CONCURRENT freed 231K, 10% free 10622K/11719K, paused 2ms+3ms
07-05 14:53:45.669   545   548 D dalvikvm: GC_CONCURRENT freed 305K, 9% free 10782K/11719K, paused 2ms+3ms
07-05 14:53:45.903   545   548 D dalvikvm: GC_CONCURRENT freed 769K, 11% free 10478K/11719K, paused 2ms+2ms
07-05 14:53:46.106  1370 19018 E DictionaryProvider:UpdateHandler: Can't read a file : android.util.MalformedJsonException: Use JsonReader.setLenient(true) to accept malformed JSON at line 1 column 20
