07-05 14:30:43.223   545   548 D dalvikvm: GC_CONCURRENT freed 318K, 8% free 10841K/11719K, paused 2ms+3ms
07-05 14:30:43.442   545   548 D dalvikvm: GC_CONCURRENT freed 795K, 11% free 10538K/11719K, paused 1ms+2ms
07-05 14:30:43.692   545   548 D dalvikvm: GC_CONCURRENT freed 410K, 11% free 10518K/11719K, paused 2ms+2ms
07-05 14:30:44.133   545   548 D dalvikvm: GC_CONCURRENT freed 398K, 11% free 10507K/11719K, paused 14ms+2ms
07-05 14:30:45.075   545 14185 I DownloadManager: Initiating request for download 5508
07-05 14:30:45.207   545   548 D dalvikvm: GC_CONCURRENT freed 204K, 9% free 10741K/11719K, paused 2ms+3ms
07-05 14:30:45.336   545   548 D dalvikvm: GC_CONCURRENT freed 325K, 8% free 10892K/11719K, paused 2ms+3ms
07-05 14:30:45.512  1370 14188 E DictionaryProvider:UpdateHandler: Can't read a file : android.util.MalformedJsonException: Use JsonReader.setLenient(true) to accept malformed JSON at line 1 column 20
07-05 14:30:45.586  1370  1372 D dalvikvm: GC_CONCURRENT freed 356K, 7% free 9128K/9735K, paused 2ms+2ms
07-05 14:30:45.692   545   548 D dalvikvm: GC_CONCURRENT freed 893K, 11% free 10501K/11719K, paused 2ms+3ms
07-05 14:30:45.961   545   548 D dalvikvm: GC_CONCURRENT freed 416K, 11% free 10482K/11719K, paused 2ms+3ms
07-05 14:30:46.129   545 14191 I DownloadManager: Initiating request for download 5508
07-05 14:30:46.223   545   548 D dalvikvm: GC_CONCURRENT freed 311K, 10% free 10629K/11719K, paused 2ms+3ms
07-05 14:30:46.336   545   548 D dalvikvm: GC_CONCURRENT freed 287K, 8% free 10811K/11719K, paused 2ms+3ms
07-05 14:30:46.504   545   548 D dalvikvm: GC_CONCURRENT freed 754K, 11% free 10538K/11719K, paused 2ms+3ms
07-05 14:30:46.785   545   548 D dalvikvm: GC_CONCURRENT freed 433K, 11% free 10491K/11719K, paused 2ms+3ms
07-05 14:30:47.051   545   548 D dalvikvm: GC_CONCURRENT freed 405K, 11% free 10472K/11719K, paused 1ms+2ms
07-05 14:30:47.184   545 14194 I DownloadManager: Initiating request for download 5509
07-05 14:30:47.293   545   548 D dalvikvm: GC_CONCURRENT freed 222K, 9% free 10685K/11719K, paused 2ms+2ms
07-05 14:30:47.414   545   548 D dalvikvm: GC_CONCURRENT freed 324K, 8% free 10848K/11719K, paused 2ms+3ms
07-05 14:30:47.621  1370 14196 E DictionaryProvider:UpdateHandler: Can't read a file : android.util.MalformedJsonException: Use JsonReader.setLenient(true) to accept malformed JSON at line 1 column 20
07-05 14:30:47.688   545   548 D dalvikvm: GC_CONCURRENT freed 838K, 11% free 10515K/11719K, paused 2ms+3ms
07-05 14:30:47.950   545   548 D dalvikvm: GC_CONCURRENT freed 419K, 11% free 10486K/11719K, paused 2ms+3ms
07-05 14:30:48.227   545   548 D dalvikvm: GC_CONCURRENT freed 406K, 11% free 10470K/11719K, paused 2ms+3ms
07-05 14:30:48.254   545 14199 I DownloadManager: Initiating request for download 5509
07-05 14:30:48.379   545   548 D dalvikvm: GC_CONCURRENT freed 166K, 9% free 10741K/11719K, paused 2ms+2ms
07-05 14:30:48.500   545   548 D dalvikvm: GC_CONCURRENT freed 424K, 8% free 10791K/11719K, paused 2ms+2ms
07-05 14:30:48.793   545   548 D dalvikvm: GC_CONCURRENT freed 755K, 11% free 10500K/11719K, paused 2ms+2ms
07-05 14:30:49.071   545   548 D dalvikvm: GC_CONCURRENT freed 405K, 11% free 10486K/11719K, paused 2ms+3ms
07-05 14:30:49.285   545 14202 I DownloadManager: Initiating request for download 5510
07-05 14:30:49.352   545   548 D dalvikvm: GC_CONCURRENT freed 335K, 10% free 10550K/11719K, paused 2ms+2ms
07-05 14:30:49.469   545   548 D dalvikvm: GC_CONCURRENT freed 209K, 9% free 10778K/11719K, paused 2ms+3ms
07-05 14:30:49.606   545   548 D dalvikvm: GC_CONCURRENT freed 473K, 8% free 10790K/11719K, paused 2ms+3ms
07-05 14:30:49.918   545   548 D dalvikvm: GC_CONCURRENT freed 760K, 11% free 10504K/11719K, paused 2ms+2ms
07-05 14:30:50.051  1370 14204 E DictionaryProvider:UpdateHandler: Can't read a file : android.util.MalformedJsonException: Use JsonReader.setLenient(true) to accept malformed JSON at line 1 column 20
07-05 14:30:50.235   545   548 D dalvikvm: GC_CONCURRENT freed 409K, 11% free 10492K/11719K, paused 2ms+2ms
07-05 14:30:50.360   545 14207 I DownloadManager: Initiating request for download 5510
07-05 14:30:50.450   545   548 D dalvikvm: GC_CONCURRENT freed 257K, 9% free 10674K/11719K, paused 2ms+3ms
07-05 14:30:50.575   545   548 D dalvikvm: GC_CONCURRENT freed 323K, 8% free 10854K/11719K, paused 2ms+3ms
07-05 14:30:50.801   545   548 D dalvikvm: GC_CONCURRENT freed 831K, 11% free 10511K/11719K, paused 2ms+2ms
07-05 14:30:51.067   545   548 D dalvikvm: GC_CONCURRENT freed 407K, 11% free 10490K/11719K, paused 2ms+2ms
07-05 14:30:51.348   545   548 D dalvikvm: GC_CONCURRENT freed 404K, 11% free 10476K/11719K, paused 2ms+3ms
07-05 14:30:51.414   545 14210 I DownloadManager: Initiating request for download 5511
07-05 14:30:51.528   545   548 D dalvikvm: GC_CONCURRENT freed 177K, 9% free 10735K/11719K, paused 2ms+3ms
07-05 14:30:51.649   545   548 D dalvikvm: GC_CONCURRENT freed 330K, 7% free 10901K/11719K, paused 2ms+2ms
07-05 14:30:51.934   545   548 D dalvikvm: GC_CONCURRENT freed 901K, 11% free 10506K/11719K, paused 2ms+2ms
07-05 14:30:52.129  1370 14212 E DictionaryProvider:UpdateHandler: Can't read a file : android.util.MalformedJsonException: Use JsonReader.setLenient(true) to accept malformed JSON at line 1 column 20
07-05 14:30:52.172   465 14213 D dalvikvm: GC_EXPLICIT freed 283K, 8% free 10320K/11143K, paused 2ms+3ms
07-05 14:30:52.282   545   548 D dalvikvm: GC_CONCURRENT freed 406K, 11% free 10490K/11719K, paused 2ms+2ms
07-05 14:30:52.465   545 14215 I DownloadManager: Initiating request for download 5511
07-05 14:30:52.532   545   548 D dalvikvm: GC_CONCURRENT freed 324K, 10% free 10553K/11719K, paused 2ms+3ms
07-05 14:30:52.653   545   548 D dalvikvm: GC_CONCURRENT freed 215K, 8% free 10783K/11719K, paused 1ms+7ms
07-05 14:30:52.789   545   548 D dalvikvm: GC_CONCURRENT freed 477K, 8% free 10794K/11719K, paused 1ms+3ms
07-05 14:30:53.110   545   548 D dalvikvm: GC_CONCURRENT freed 762K, 11% free 10501K/11719K, paused 2ms+3ms
07-05 14:30:53.395   545   548 D dalvikvm: GC_CONCURRENT freed 410K, 11% free 10482K/11719K, paused 1ms+2ms
07-05 14:30:53.571   545 14218 I DownloadManager: Initiating request for download 5512
07-05 14:30:53.660   545   548 D dalvikvm: GC_CONCURRENT freed 233K, 9% free 10686K/11719K, paused 2ms+3ms
07-05 14:30:53.789   545   548 D dalvikvm: GC_CONCURRENT freed 304K, 8% free 10862K/11719K, paused 1ms+2ms
07-05 14:30:54.020   545   548 D dalvikvm: GC_CONCURRENT freed 840K, 11% free 10514K/11719K, paused 2ms+3ms
07-05 14:30:54.055  1370 14220 E DictionaryProvider:UpdateHandler: Can't read a file : android.util.MalformedJsonException: Use JsonReader.setLenient(true) to accept malformed JSON at line 1 column 20
07-05 14:30:54.137  1370  1372 D dalvikvm: GC_CONCURRENT freed 390K, 7% free 9126K/9735K, paused 2ms+2ms
07-05 14:30:54.352   545   548 D dalvikvm: GC_CONCURRENT freed 402K, 11% free 10502K/11719K, paused 2ms+3ms
07-05 14:30:54.629   545   548 D dalvikvm: GC_CONCURRENT freed 412K, 11% free 10481K/11719K, paused 2ms+2ms
07-05 14:30:54.680   545 14223 I DownloadManager: Initiating request for download 5512
07-05 14:30:54.782   545   548 D dalvikvm: GC_CONCURRENT freed 197K, 9% free 10733K/11719K, paused 2ms+3ms
07-05 14:30:54.914   545   548 D dalvikvm: GC_CONCURRENT freed 324K, 7% free 10906K/11719K, paused 2ms+3ms
07-05 14:30:55.211   545   548 D dalvikvm: GC_CONCURRENT freed 908K, 11% free 10505K/11719K, paused 1ms+3ms
07-05 14:30:55.473   545   548 D dalvikvm: GC_CONCURRENT freed 408K, 11% free 10487K/11719K, paused 2ms+2ms
07-05 14:30:55.668   545 14226 I DownloadManager: Initiating request for download 5513
07-05 14:30:55.742   545   548 D dalvikvm: GC_CONCURRENT freed 309K, 10% free 10627K/11719K, paused 2ms+4ms
07-05 14:30:55.871   545   548 D dalvikvm: GC_CONCURRENT freed 268K, 8% free 10820K/11719K, paused 2ms+3ms
07-05 14:30:56.039   545   548 D dalvikvm: GC_CONCURRENT freed 751K, 10% free 10556K/11719K, paused 2ms+2ms
07-05 14:30:56.114  1370 14228 E DictionaryProvider:UpdateHandler: Can't read a file : android.util.MalformedJsonException: Use JsonReader.setLenient(true) to accept malformed JSON at line 1 column 20
07-05 14:30:56.352   545   548 D dalvikvm: GC_CONCURRENT freed 435K, 11% free 10513K/11719K, paused 2ms+3ms
07-05 14:30:56.629   545   548 D dalvikvm: GC_CONCURRENT freed 416K, 11% free 10487K/11719K, paused 2ms+2ms
07-05 14:30:56.813   156   156 D dalvikvm: GC_EXPLICIT freed 501K, 13% free 14085K/16007K, paused 2ms+5ms
07-05 14:30:56.821   545 14231 I DownloadManager: Initiating request for download 5513
07-05 14:30:56.914   545   548 D dalvikvm: GC_CONCURRENT freed 245K, 9% free 10685K/11719K, paused 2ms+3ms
07-05 14:30:57.035   545   548 D dalvikvm: GC_CONCURRENT freed 317K, 8% free 10840K/11719K, paused 2ms+3ms
07-05 14:30:57.250   545   548 D dalvikvm: GC_CONCURRENT freed 788K, 11% free 10534K/11719K, paused 2ms+3ms
07-05 14:30:57.535   545   548 D dalvikvm: GC_CONCURRENT freed 438K, 11% free 10487K/11719K, paused 2ms+2ms
07-05 14:30:57.801   545   548 D dalvikvm: GC_CONCURRENT freed 407K, 11% free 10470K/11719K, paused 2ms+2ms
07-05 14:30:57.883   545 14234 I DownloadManager: Initiating request for download 5514
07-05 14:30:58.024   545   548 D dalvikvm: GC_CONCURRENT freed 199K, 9% free 10715K/11719K, paused 2ms+3ms
07-05 14:30:58.145   545   548 D dalvikvm: GC_CONCURRENT freed 339K, 8% free 10873K/11719K, paused 2ms+3ms
07-05 14:30:58.336  1370 14236 E DictionaryProvider:UpdateHandler: Can't read a file : android.util.MalformedJsonException: Use JsonReader.setLenient(true) to accept malformed JSON at line 1 column 20
07-05 14:30:58.442   545   548 D dalvikvm: GC_CONCURRENT freed 866K, 11% free 10504K/11719K, paused 2ms+2ms
07-05 14:30:58.715   545   548 D dalvikvm: GC_CONCURRENT freed 411K, 11% free 10479K/11719K, paused 2ms+2ms
07-05 14:30:58.926   545 14239 I DownloadManager: Initiating request for download 5514
07-05 14:30:58.996   545   548 D dalvikvm: GC_CONCURRENT freed 367K, 10% free 10622K/11719K, paused 2ms+3ms
07-05 14:30:59.117   545   548 D dalvikvm: GC_CONCURRENT freed 260K, 8% free 10805K/11719K, paused 2ms+2ms
07-05 14:30:59.285   545   548 D dalvikvm: GC_CONCURRENT freed 736K, 10% free 10550K/11719K, paused 2ms+2ms
07-05 14:30:59.575   545   548 D dalvikvm: GC_CONCURRENT freed 448K, 11% free 10493K/11719K, paused 2ms+2ms
07-05 14:30:59.844   545   548 D dalvikvm: GC_CONCURRENT freed 410K, 11% free 10473K/11719K, paused 1ms+3ms
07-05 14:31:00.067   545 14242 I DownloadManager: Initiating request for download 5515
07-05 14:31:00.153   545   548 D dalvikvm: GC_CONCURRENT freed 240K, 9% free 10671K/11719K, paused 2ms+2ms
07-05 14:31:00.282   545   548 D dalvikvm: GC_CONCURRENT freed 336K, 8% free 10871K/11719K, paused 2ms+4ms
07-05 14:31:00.481  1370 14244 E DictionaryProvider:UpdateHandler: Can't read a file : android.util.MalformedJsonException: Use JsonReader.setLenient(true) to accept malformed JSON at line 1 column 20
07-05 14:31:00.563   545   548 D dalvikvm: GC_CONCURRENT freed 849K, 11% free 10516K/11719K, paused 2ms+3ms
07-05 14:31:00.828   545   548 D dalvikvm: GC_CONCURRENT freed 420K, 11% free 10486K/11719K, paused 2ms+2ms
07-05 14:31:01.094   545   548 D dalvikvm: GC_CONCURRENT freed 402K, 11% free 10472K/11719K, paused 2ms+3ms
07-05 14:31:01.141   545 14247 I DownloadManager: Initiating request for download 5515
07-05 14:31:01.250   545   548 D dalvikvm: GC_CONCURRENT freed 177K, 9% free 10731K/11719K, paused 2ms+3ms
07-05 14:31:01.375   545   548 D dalvikvm: GC_CONCURRENT freed 324K, 8% free 10899K/11719K, paused 2ms+3ms
07-05 14:31:01.676   545   548 D dalvikvm: GC_CONCURRENT freed 904K, 11% free 10499K/11719K, paused 2ms+2ms
07-05 14:31:01.942   545   548 D dalvikvm: GC_CONCURRENT freed 411K, 11% free 10479K/11719K, paused 2ms+2ms
07-05 14:31:02.145   545 14250 I DownloadManager: Initiating request for download 5516
07-05 14:31:02.235   545   548 D dalvikvm: GC_CONCURRENT freed 308K, 10% free 10608K/11719K, paused 2ms+2ms
07-05 14:31:02.348   545   548 D dalvikvm: GC_CONCURRENT freed 253K, 8% free 10802K/11719K, paused 2ms+3ms
07-05 14:31:02.508   545   548 D dalvikvm: GC_CONCURRENT freed 740K, 11% free 10544K/11719K, paused 2ms+3ms
07-05 14:31:02.629  1370 14252 E DictionaryProvider:UpdateHandler: Can't read a file : android.util.MalformedJsonException: Use JsonReader.setLenient(true) to accept malformed JSON at line 1 column 20
07-05 14:31:02.696  1370  1372 D dalvikvm: GC_CONCURRENT freed 388K, 7% free 9126K/9735K, paused 2ms+3ms
07-05 14:31:02.848   545   548 D dalvikvm: GC_CONCURRENT freed 428K, 11% free 10507K/11719K, paused 2ms+2ms
07-05 14:31:03.114   545   548 D dalvikvm: GC_CONCURRENT freed 416K, 11% free 10481K/11719K, paused 2ms+2ms
07-05 14:31:03.254   545 14255 I DownloadManager: Initiating request for download 5516
07-05 14:31:03.332   545   548 D dalvikvm: GC_CONCURRENT freed 266K, 9% free 10666K/11719K, paused 2ms+3ms
07-05 14:31:03.453   545   548 D dalvikvm: GC_CONCURRENT freed 297K, 8% free 10841K/11719K, paused 2ms+3ms
07-05 14:31:03.614   545 14255 D dalvikvm: GC_EXPLICIT freed 694K, 10% free 10561K/11719K, paused 2ms+4ms
07-05 14:31:03.891   545   548 D dalvikvm: GC_CONCURRENT freed 452K, 11% free 10501K/11719K, paused 1ms+2ms
07-05 14:31:04.172   545   548 D dalvikvm: GC_CONCURRENT freed 410K, 11% free 10481K/11719K, paused 2ms+2ms
07-05 14:31:04.313   545 14258 I DownloadManager: Initiating request for download 5517
07-05 14:31:04.403   545   548 D dalvikvm: GC_CONCURRENT freed 232K, 9% free 10678K/11719K, paused 2ms+3ms
07-05 14:31:04.532   545   548 D dalvikvm: GC_CONCURRENT freed 336K, 8% free 10878K/11719K, paused 2ms+3ms
07-05 14:31:04.731  1370 14260 E DictionaryProvider:UpdateHandler: Can't read a file : android.util.MalformedJsonException: Use JsonReader.setLenient(true) to accept malformed JSON at line 1 column 20
07-05 14:31:04.825   545   548 D dalvikvm: GC_CONCURRENT freed 856K, 11% free 10518K/11719K, paused 2ms+2ms
07-05 14:31:05.075   545   548 D dalvikvm: GC_CONCURRENT freed 418K, 11% free 10491K/11719K, paused 2ms+2ms
07-05 14:31:05.332   545   548 D dalvikvm: GC_CONCURRENT freed 403K, 11% free 10478K/11719K, paused 2ms+2ms
07-05 14:31:05.375   545 14263 I DownloadManager: Initiating request for download 5517
07-05 14:31:05.477   545   548 D dalvikvm: GC_CONCURRENT freed 176K, 9% free 10738K/11719K, paused 2ms+3ms
07-05 14:31:05.606   545   548 D dalvikvm: GC_CONCURRENT freed 335K, 7% free 10912K/11719K, paused 2ms+2ms
07-05 14:31:05.895   545   548 D dalvikvm: GC_CONCURRENT freed 882K, 11% free 10538K/11719K, paused 2ms+3ms
07-05 14:31:06.160   545   548 D dalvikvm: GC_CONCURRENT freed 405K, 11% free 10523K/11719K, paused 2ms+2ms
07-05 14:31:06.625   545 14265 I DownloadManager: Initiating request for download 5518
07-05 14:31:06.731   545   548 D dalvikvm: GC_CONCURRENT freed 324K, 10% free 10635K/11719K, paused 2ms+2ms
07-05 14:31:06.852   545   548 D dalvikvm: GC_CONCURRENT freed 271K, 8% free 10818K/11719K, paused 2ms+3ms
07-05 14:31:07.024   545   548 D dalvikvm: GC_CONCURRENT freed 739K, 10% free 10552K/11719K, paused 2ms+2ms
07-05 14:31:07.129  1370 14268 E DictionaryProvider:UpdateHandler: Can't read a file : android.util.MalformedJsonException: Use JsonReader.setLenient(true) to accept malformed JSON at line 1 column 20
07-05 14:31:07.317   545   548 D dalvikvm: GC_CONCURRENT freed 427K, 11% free 10516K/11719K, paused 2ms+3ms
07-05 14:31:07.598   545   548 D dalvikvm: GC_CONCURRENT freed 414K, 11% free 10492K/11719K, paused 2ms+2ms
07-05 14:31:07.735   545 14270 I DownloadManager: Initiating request for download 5518
07-05 14:31:07.805   545   548 D dalvikvm: GC_CONCURRENT freed 262K, 9% free 10676K/11719K, paused 2ms+2ms
07-05 14:31:07.899   545   548 D dalvikvm: GC_CONCURRENT freed 300K, 8% free 10853K/11719K, paused 1ms+2ms
07-05 14:31:08.563   545   548 D dalvikvm: GC_CONCURRENT freed 828K, 11% free 10514K/11719K, paused 2ms+3ms
07-05 14:31:08.828   545   548 D dalvikvm: GC_CONCURRENT freed 409K, 11% free 10496K/11719K, paused 2ms+2ms
07-05 14:31:09.094   545   548 D dalvikvm: GC_CONCURRENT freed 398K, 11% free 10485K/11719K, paused 2ms+2ms
07-05 14:31:09.203   545 14274 I DownloadManager: Initiating request for download 5519
07-05 14:31:09.325   545   548 D dalvikvm: GC_CONCURRENT freed 205K, 9% free 10772K/11719K, paused 3ms+11ms
07-05 14:31:09.453   545   548 D dalvikvm: GC_CONCURRENT freed 364K, 7% free 10911K/11719K, paused 2ms+3ms
07-05 14:31:09.625  1370 14276 E DictionaryProvider:UpdateHandler: Can't read a file : android.util.MalformedJsonException: Use JsonReader.setLenient(true) to accept malformed JSON at line 1 column 20
07-05 14:31:09.782   545   548 D dalvikvm: GC_CONCURRENT freed 904K, 11% free 10517K/11719K, paused 2ms+2ms
07-05 14:31:10.043   545   548 D dalvikvm: GC_CONCURRENT freed 414K, 11% free 10493K/11719K, paused 1ms+2ms
07-05 14:31:10.246   545 14279 I DownloadManager: Initiating request for download 5519
07-05 14:31:10.293   545   548 D dalvikvm: GC_CONCURRENT freed 335K, 10% free 10561K/11719K, paused 2ms+2ms
07-05 14:31:10.410   545   548 D dalvikvm: GC_CONCURRENT freed 208K, 8% free 10791K/11719K, paused 2ms+3ms
07-05 14:31:10.551   545   548 D dalvikvm: GC_CONCURRENT freed 462K, 8% free 10830K/11719K, paused 2ms+2ms
07-05 14:31:10.883   545   548 D dalvikvm: GC_CONCURRENT freed 801K, 11% free 10508K/11719K, paused 2ms+2ms
07-05 14:31:11.153   545   548 D dalvikvm: GC_CONCURRENT freed 407K, 11% free 10488K/11719K, paused 2ms+2ms
07-05 14:31:11.293   545 14282 I DownloadManager: Initiating request for download 5520
07-05 14:31:11.383   545   548 D dalvikvm: GC_CONCURRENT freed 231K, 9% free 10691K/11719K, paused 2ms+2ms
07-05 14:31:11.512   545   548 D dalvikvm: GC_CONCURRENT freed 313K, 8% free 10867K/11719K, paused 2ms+3ms
07-05 14:31:11.723  1370 14284 E DictionaryProvider:UpdateHandler: Can't read a file : android.util.MalformedJsonException: Use JsonReader.setLenient(true) to accept malformed JSON at line 1 column 20
07-05 14:31:11.766   545   548 D dalvikvm: GC_CONCURRENT freed 846K, 11% free 10531K/11719K, paused 2ms+2ms
07-05 14:31:11.809  1370  1372 D dalvikvm: GC_CONCURRENT freed 390K, 7% free 9127K/9735K, paused 1ms+2ms
07-05 14:31:12.063   545   548 D dalvikvm: GC_CONCURRENT freed 419K, 11% free 10503K/11719K, paused 2ms+3ms
07-05 14:31:12.328   545   548 D dalvikvm: GC_CONCURRENT freed 407K, 11% free 10486K/11719K, paused 2ms+2ms
07-05 14:31:12.391   545 14287 I DownloadManager: Initiating request for download 5520
07-05 14:31:12.489   545   548 D dalvikvm: GC_CONCURRENT freed 187K, 9% free 10735K/11719K, paused 2ms+3ms
07-05 14:31:12.617   545   548 D dalvikvm: GC_CONCURRENT freed 324K, 7% free 10915K/11719K, paused 2ms+2ms
07-05 14:31:12.922   545   548 D dalvikvm: GC_CONCURRENT freed 911K, 11% free 10513K/11719K, paused 2ms+2ms
07-05 14:31:13.184   545   548 D dalvikvm: GC_CONCURRENT freed 402K, 11% free 10497K/11719K, paused 2ms+3ms
07-05 14:31:13.395   545 14290 I DownloadManager: Initiating request for download 5521
07-05 14:31:13.461   545   548 D dalvikvm: GC_CONCURRENT freed 341K, 10% free 10566K/11719K, paused 2ms+2ms
07-05 14:31:13.575   545   548 D dalvikvm: GC_CONCURRENT freed 210K, 8% free 10796K/11719K, paused 2ms+3ms
07-05 14:31:13.707   545   548 D dalvikvm: GC_CONCURRENT freed 476K, 8% free 10811K/11719K, paused 2ms+2ms
07-05 14:31:14.004   545   548 D dalvikvm: GC_CONCURRENT freed 741K, 11% free 10545K/11719K, paused 2ms+3ms
07-05 14:31:14.262  1370 14292 E DictionaryProvider:UpdateHandler: Can't read a file : android.util.MalformedJsonException: Use JsonReader.setLenient(true) to accept malformed JSON at line 1 column 20
07-05 14:31:14.317   545   548 D dalvikvm: GC_CONCURRENT freed 441K, 11% free 10516K/11719K, paused 2ms+2ms
07-05 14:31:14.450   545 14295 I DownloadManager: Initiating request for download 5521
07-05 14:31:14.524   545   548 D dalvikvm: GC_CONCURRENT freed 267K, 9% free 10695K/11719K, paused 2ms+3ms
07-05 14:31:14.664   545   548 D dalvikvm: GC_CONCURRENT freed 307K, 8% free 10874K/11719K, paused 2ms+2ms
07-05 14:31:14.907   545   548 D dalvikvm: GC_CONCURRENT freed 843K, 11% free 10526K/11719K, paused 2ms+2ms
07-05 14:31:15.168   545   548 D dalvikvm: GC_CONCURRENT freed 409K, 11% free 10505K/11719K, paused 2ms+2ms
07-05 14:31:15.438   545   548 D dalvikvm: GC_CONCURRENT freed 405K, 11% free 10491K/11719K, paused 1ms+2ms
07-05 14:31:15.621   156   514 D dalvikvm: GC_EXPLICIT freed 511K, 13% free 14085K/16007K, paused 5ms+6ms
07-05 14:31:15.625   545 14298 I DownloadManager: Initiating request for download 5522
07-05 14:31:15.735   545   548 D dalvikvm: GC_CONCURRENT freed 185K, 9% free 10740K/11719K, paused 2ms+3ms
07-05 14:31:15.860   545   548 D dalvikvm: GC_CONCURRENT freed 349K, 8% free 10896K/11719K, paused 2ms+3ms
07-05 14:31:16.078  1370 14300 E DictionaryProvider:UpdateHandler: Can't read a file : android.util.MalformedJsonException: Use JsonReader.setLenient(true) to accept malformed JSON at line 1 column 20
07-05 14:31:16.157   545   548 D dalvikvm: GC_CONCURRENT freed 888K, 11% free 10513K/11719K, paused 3ms+2ms
07-05 14:31:16.410   545   548 D dalvikvm: GC_CONCURRENT freed 417K, 11% free 10487K/11719K, paused 2ms+2ms
07-05 14:31:16.610   545 14303 I DownloadManager: Initiating request for download 5522
07-05 14:31:16.664   545   548 D dalvikvm: GC_CONCURRENT freed 366K, 10% free 10553K/11719K, paused 2ms+3ms
07-05 14:31:16.782   545   548 D dalvikvm: GC_CONCURRENT freed 196K, 9% free 10776K/11719K, paused 2ms+3ms
07-05 14:31:16.914   545   548 D dalvikvm: GC_CONCURRENT freed 448K, 8% free 10801K/11719K, paused 2ms+2ms
07-05 14:31:17.223   545   548 D dalvikvm: GC_CONCURRENT freed 768K, 11% free 10502K/11719K, paused 2ms+2ms
07-05 14:31:17.489   545   548 D dalvikvm: GC_CONCURRENT freed 409K, 11% free 10484K/11719K, paused 2ms+2ms
07-05 14:31:17.664   545 14306 I DownloadManager: Initiating request for download 5523
07-05 14:31:17.746   545   548 D dalvikvm: GC_CONCURRENT freed 271K, 10% free 10657K/11719K, paused 2ms+3ms
07-05 14:31:17.867   545   548 D dalvikvm: GC_CONCURRENT freed 305K, 8% free 10847K/11719K, paused 2ms+3ms
07-05 14:31:18.055   545   548 D dalvikvm: GC_CONCURRENT freed 783K, 10% free 10548K/11719K, paused 2ms+3ms
07-05 14:31:18.114  1370 14308 E DictionaryProvider:UpdateHandler: Can't read a file : android.util.MalformedJsonException: Use JsonReader.setLenient(true) to accept malformed JSON at line 1 column 20
07-05 14:31:18.360   545   548 D dalvikvm: GC_CONCURRENT freed 431K, 11% free 10508K/11719K, paused 2ms+2ms
07-05 14:31:18.629   545   548 D dalvikvm: GC_CONCURRENT freed 416K, 11% free 10483K/11719K, paused 2ms+3ms
07-05 14:31:18.735   545 14311 I DownloadManager: Initiating request for download 5523
07-05 14:31:18.828   545   548 D dalvikvm: GC_CONCURRENT freed 219K, 9% free 10694K/11719K, paused 2ms+3ms
07-05 14:31:18.957   545   548 D dalvikvm: GC_CONCURRENT freed 313K, 8% free 10872K/11719K, paused 2ms+3ms
07-05 14:31:19.203   545   548 D dalvikvm: GC_CONCURRENT freed 855K, 11% free 10512K/11719K, paused 2ms+2ms
07-05 14:31:19.465   545   548 D dalvikvm: GC_CONCURRENT freed 409K, 11% free 10494K/11719K, paused 2ms+2ms
07-05 14:31:19.731   545   548 D dalvikvm: GC_CONCURRENT freed 404K, 11% free 10480K/11719K, paused 2ms+2ms
07-05 14:31:19.793   545 14314 I DownloadManager: Initiating request for download 5524
07-05 14:31:19.914   545   548 D dalvikvm: GC_CONCURRENT freed 176K, 9% free 10741K/11719K, paused 2ms+3ms
07-05 14:31:20.039   545   548 D dalvikvm: GC_CONCURRENT freed 333K, 7% free 10912K/11719K, paused 2ms+2ms
07-05 14:31:20.321   545   548 D dalvikvm: GC_CONCURRENT freed 879K, 11% free 10542K/11719K, paused 2ms+2ms
07-05 14:31:20.457  1370 14316 E DictionaryProvider:UpdateHandler: Can't read a file : android.util.MalformedJsonException: Use JsonReader.setLenient(true) to accept malformed JSON at line 1 column 20
07-05 14:31:20.543  1370  1372 D dalvikvm: GC_CONCURRENT freed 387K, 7% free 9127K/9735K, paused 1ms+2ms
07-05 14:31:20.645   545   548 D dalvikvm: GC_CONCURRENT freed 432K, 11% free 10501K/11719K, paused 2ms+3ms
07-05 14:31:20.836   545 14319 I DownloadManager: Initiating request for download 5524
07-05 14:31:20.895   545   548 D dalvikvm: GC_CONCURRENT freed 353K, 10% free 10557K/11719K, paused 2ms+3ms
07-05 14:31:21.020   545   548 D dalvikvm: GC_CONCURRENT freed 193K, 8% free 10832K/11719K, paused 2ms+3ms
07-05 14:31:21.160   545   548 D dalvikvm: GC_CONCURRENT freed 518K, 8% free 10805K/11719K, paused 2ms+3ms
07-05 14:31:21.485   545   548 D dalvikvm: GC_CONCURRENT freed 774K, 11% free 10504K/11719K, paused 2ms+3ms
07-05 14:31:21.750   545   548 D dalvikvm: GC_CONCURRENT freed 409K, 11% free 10485K/11719K, paused 2ms+2ms
07-05 14:31:21.887   545 14322 I DownloadManager: Initiating request for download 5525
07-05 14:31:21.981   545   548 D dalvikvm: GC_CONCURRENT freed 234K, 9% free 10689K/11719K, paused 2ms+2ms
07-05 14:31:22.102   545   548 D dalvikvm: GC_CONCURRENT freed 313K, 8% free 10867K/11719K, paused 2ms+3ms
07-05 14:31:22.344  1370 14324 E DictionaryProvider:UpdateHandler: Can't read a file : android.util.MalformedJsonException: Use JsonReader.setLenient(true) to accept malformed JSON at line 1 column 20
07-05 14:31:22.364   545   548 D dalvikvm: GC_CONCURRENT freed 840K, 11% free 10541K/11719K, paused 2ms+2ms
07-05 14:31:22.645   545   548 D dalvikvm: GC_CONCURRENT freed 426K, 11% free 10512K/11719K, paused 2ms+3ms
07-05 14:31:22.914   545   548 D dalvikvm: GC_CONCURRENT freed 416K, 11% free 10486K/11719K, paused 2ms+2ms
07-05 14:31:22.961   545 14327 I DownloadManager: Initiating request for download 5525
07-05 14:31:23.078   545   548 D dalvikvm: GC_CONCURRENT freed 181K, 9% free 10734K/11719K, paused 2ms+2ms
07-05 14:31:23.207   545   548 D dalvikvm: GC_CONCURRENT freed 320K, 7% free 10937K/11719K, paused 2ms+3ms
07-05 14:31:23.492   545   548 D dalvikvm: GC_CONCURRENT freed 942K, 11% free 10512K/11719K, paused 1ms+2ms
07-05 14:31:23.746   545   548 D dalvikvm: GC_CONCURRENT freed 406K, 11% free 10498K/11719K, paused 2ms+2ms
07-05 14:31:23.946   545 14330 I DownloadManager: Initiating request for download 5526
07-05 14:31:24.008   545   548 D dalvikvm: GC_CONCURRENT freed 324K, 10% free 10564K/11719K, paused 2ms+2ms
07-05 14:31:24.133   545   548 D dalvikvm: GC_CONCURRENT freed 201K, 8% free 10837K/11719K, paused 2ms+2ms
07-05 14:31:24.282   545   548 D dalvikvm: GC_CONCURRENT freed 525K, 8% free 10828K/11719K, paused 1ms+2ms
07-05 14:31:24.410  1370 14332 E DictionaryProvider:UpdateHandler: Can't read a file : android.util.MalformedJsonException: Use JsonReader.setLenient(true) to accept malformed JSON at line 1 column 20
07-05 14:31:24.645   545   548 D dalvikvm: GC_CONCURRENT freed 793K, 11% free 10516K/11719K, paused 2ms+2ms
07-05 14:31:24.914   545   548 D dalvikvm: GC_CONCURRENT freed 410K, 11% free 10491K/11719K, paused 2ms+3ms
07-05 14:31:25.024   545 14335 I DownloadManager: Initiating request for download 5526
07-05 14:31:25.114   545   548 D dalvikvm: GC_CONCURRENT freed 227K, 9% free 10700K/11719K, paused 2ms+3ms
07-05 14:31:25.242   545   548 D dalvikvm: GC_CONCURRENT freed 311K, 8% free 10881K/11719K, paused 2ms+2ms
07-05 14:31:25.496   545   548 D dalvikvm: GC_CONCURRENT freed 858K, 11% free 10522K/11719K, paused 10ms+2ms
07-05 14:31:25.758   545   548 D dalvikvm: GC_CONCURRENT freed 408K, 11% free 10505K/11719K, paused 2ms+2ms
07-05 14:31:26.024   545   548 D dalvikvm: GC_CONCURRENT freed 407K, 11% free 10488K/11719K, paused 2ms+2ms
07-05 14:31:26.098   545 14338 I DownloadManager: Initiating request for download 5527
07-05 14:31:26.242   545   548 D dalvikvm: GC_CONCURRENT freed 186K, 9% free 10748K/11719K, paused 2ms+3ms
07-05 14:31:26.367   545   548 D dalvikvm: GC_CONCURRENT freed 347K, 7% free 10909K/11719K, paused 2ms+2ms
07-05 14:31:26.551  1370 14340 E DictionaryProvider:UpdateHandler: Can't read a file : android.util.MalformedJsonException: Use JsonReader.setLenient(true) to accept malformed JSON at line 1 column 20
07-05 14:31:26.664   545   548 D dalvikvm: GC_CONCURRENT freed 889K, 11% free 10528K/11719K, paused 1ms+3ms
07-05 14:31:26.942   545   548 D dalvikvm: GC_CONCURRENT freed 415K, 11% free 10502K/11719K, paused 2ms+2ms
07-05 14:31:27.141   545 14343 I DownloadManager: Initiating request for download 5527
07-05 14:31:27.200   545   548 D dalvikvm: GC_CONCURRENT freed 346K, 10% free 10566K/11719K, paused 2ms+4ms
07-05 14:31:27.313   545   548 D dalvikvm: GC_CONCURRENT freed 209K, 8% free 10798K/11719K, paused 2ms+3ms
07-05 14:31:27.453   545   548 D dalvikvm: GC_CONCURRENT freed 475K, 8% free 10816K/11719K, paused 1ms+3ms
07-05 14:31:27.770   545   548 D dalvikvm: GC_CONCURRENT freed 776K, 11% free 10515K/11719K, paused 1ms+3ms
07-05 14:31:28.051   545   548 D dalvikvm: GC_CONCURRENT freed 410K, 11% free 10496K/11719K, paused 2ms+3ms
07-05 14:31:28.203   545 14346 I DownloadManager: Initiating request for download 5528
07-05 14:31:28.325   545   548 D dalvikvm: GC_CONCURRENT freed 252K, 9% free 10747K/11719K, paused 10ms+3ms
07-05 14:31:28.450   545   548 D dalvikvm: GC_CONCURRENT freed 363K, 8% free 10892K/11719K, paused 2ms+3ms
07-05 14:31:28.633  1370 14348 E DictionaryProvider:UpdateHandler: Can't read a file : android.util.MalformedJsonException: Use JsonReader.setLenient(true) to accept malformed JSON at line 1 column 20
07-05 14:31:28.723  1370  1372 D dalvikvm: GC_CONCURRENT freed 388K, 7% free 9127K/9735K, paused 1ms+6ms
07-05 14:31:28.758   545   548 D dalvikvm: GC_CONCURRENT freed 862K, 11% free 10535K/11719K, paused 1ms+3ms
07-05 14:31:29.020   545   548 D dalvikvm: GC_CONCURRENT freed 413K, 11% free 10508K/11719K, paused 2ms+2ms
07-05 14:31:29.301   545   548 D dalvikvm: GC_CONCURRENT freed 405K, 11% free 10493K/11719K, paused 2ms+2ms
07-05 14:31:29.340   545 14351 I DownloadManager: Initiating request for download 5528
07-05 14:31:29.442   545   548 D dalvikvm: GC_CONCURRENT freed 192K, 9% free 10767K/11719K, paused 2ms+3ms
07-05 14:31:29.571   545   548 D dalvikvm: GC_CONCURRENT freed 430K, 8% free 10824K/11719K, paused 2ms+3ms
07-05 14:31:29.856   545   548 D dalvikvm: GC_CONCURRENT freed 782K, 11% free 10522K/11719K, paused 2ms+2ms
07-05 14:31:30.117   545   548 D dalvikvm: GC_CONCURRENT freed 410K, 11% free 10502K/11719K, paused 2ms+2ms
07-05 14:31:30.344   545 14354 I DownloadManager: Initiating request for download 5529
07-05 14:31:30.403   545   548 D dalvikvm: GC_CONCURRENT freed 342K, 10% free 10573K/11719K, paused 2ms+2ms
07-05 14:31:30.520   545   548 D dalvikvm: GC_CONCURRENT freed 218K, 8% free 10805K/11719K, paused 2ms+3ms
07-05 14:31:30.657   545   548 D dalvikvm: GC_CONCURRENT freed 480K, 8% free 10820K/11719K, paused 2ms+2ms
07-05 14:31:30.809  1370 14356 E DictionaryProvider:UpdateHandler: Can't read a file : android.util.MalformedJsonException: Use JsonReader.setLenient(true) to accept malformed JSON at line 1 column 20
07-05 14:31:31.012   545   548 D dalvikvm: GC_CONCURRENT freed 769K, 11% free 10527K/11719K, paused 2ms+3ms
07-05 14:31:31.285   545   548 D dalvikvm: GC_CONCURRENT freed 411K, 11% free 10502K/11719K, paused 2ms+2ms
07-05 14:31:31.422   545 14359 I DownloadManager: Initiating request for download 5529
07-05 14:31:31.516   545   548 D dalvikvm: GC_CONCURRENT freed 260K, 9% free 10691K/11719K, paused 1ms+3ms
07-05 14:31:31.637   545   548 D dalvikvm: GC_CONCURRENT freed 314K, 8% free 10865K/11719K, paused 2ms+2ms
07-05 14:31:31.828   545   548 D dalvikvm: GC_CONCURRENT freed 831K, 11% free 10532K/11719K, paused 2ms+3ms
07-05 14:31:32.114   545   548 D dalvikvm: GC_CONCURRENT freed 404K, 11% free 10526K/11719K, paused 1ms+3ms
07-05 14:31:32.383   545   548 D dalvikvm: GC_CONCURRENT freed 417K, 11% free 10499K/11719K, paused 2ms+3ms
07-05 14:31:32.489   545 14362 I DownloadManager: Initiating request for download 5530
07-05 14:31:32.594   545   548 D dalvikvm: GC_CONCURRENT freed 199K, 9% free 10736K/11719K, paused 2ms+3ms
07-05 14:31:32.719   545   548 D dalvikvm: GC_CONCURRENT freed 323K, 7% free 10918K/11719K, paused 1ms+3ms
07-05 14:31:32.942   545 14362 D dalvikvm: GC_EXPLICIT freed 777K, 10% free 10559K/11719K, paused 2ms+4ms
07-05 14:31:33.016   156   568 D dalvikvm: GC_EXPLICIT freed 547K, 13% free 14084K/16007K, paused 2ms+6ms
07-05 14:31:33.059  1370 14364 E DictionaryProvider:UpdateHandler: Can't read a file : android.util.MalformedJsonException: Use JsonReader.setLenient(true) to accept malformed JSON at line 1 column 20
07-05 14:31:33.289   545   548 D dalvikvm: GC_CONCURRENT freed 421K, 11% free 10524K/11719K, paused 2ms+2ms
07-05 14:31:33.563   545   548 D dalvikvm: GC_CONCURRENT freed 423K, 11% free 10491K/11719K, paused 2ms+2ms
07-05 14:31:33.629   545 14366 I DownloadManager: Initiating request for download 5530
07-05 14:31:33.711   545   548 D dalvikvm: GC_CONCURRENT freed 198K, 9% free 10730K/11719K, paused 2ms+3ms
07-05 14:31:33.805   545   548 D dalvikvm: GC_CONCURRENT freed 312K, 7% free 10913K/11719K, paused 2ms+2ms
07-05 14:31:35.192   545   548 D dalvikvm: GC_CONCURRENT freed 908K, 11% free 10515K/11719K, paused 1ms+3ms
07-05 14:31:35.473   545   548 D dalvikvm: GC_CONCURRENT freed 407K, 11% free 10501K/11719K, paused 2ms+2ms
07-05 14:31:35.715   545 14370 I DownloadManager: Initiating request for download 5531
07-05 14:31:35.778   545   548 D dalvikvm: GC_CONCURRENT freed 396K, 11% free 10540K/11719K, paused 2ms+3ms
07-05 14:31:35.903   545   548 D dalvikvm: GC_CONCURRENT freed 193K, 8% free 10782K/11719K, paused 2ms+3ms
07-05 14:31:36.035   545   548 D dalvikvm: GC_CONCURRENT freed 456K, 8% free 10814K/11719K, paused 2ms+3ms
07-05 14:31:36.188  1370 14372 E DictionaryProvider:UpdateHandler: Can't read a file : android.util.MalformedJsonException: Use JsonReader.setLenient(true) to accept malformed JSON at line 1 column 20
07-05 14:31:36.274   465   467 D dalvikvm: GC_CONCURRENT freed 213K, 6% free 10502K/11143K, paused 2ms+3ms
07-05 14:31:36.407   545   548 D dalvikvm: GC_CONCURRENT freed 771K, 11% free 10519K/11719K, paused 2ms+2ms
07-05 14:31:36.668   545   548 D dalvikvm: GC_CONCURRENT freed 418K, 11% free 10492K/11719K, paused 2ms+3ms
07-05 14:31:36.836   545 14375 I DownloadManager: Initiating request for download 5531
07-05 14:31:36.910   545   548 D dalvikvm: GC_CONCURRENT freed 293K, 9% free 10673K/11719K, paused 1ms+4ms
07-05 14:31:37.047   545   548 D dalvikvm: GC_CONCURRENT freed 289K, 8% free 10846K/11719K, paused 2ms+2ms
07-05 14:31:37.235   545   548 D dalvikvm: GC_CONCURRENT freed 777K, 10% free 10563K/11719K, paused 2ms+3ms
07-05 14:31:37.520   545   548 D dalvikvm: GC_CONCURRENT freed 444K, 11% free 10512K/11719K, paused 1ms+3ms
07-05 14:31:37.785   545   548 D dalvikvm: GC_CONCURRENT freed 411K, 11% free 10492K/11719K, paused 1ms+2ms
07-05 14:31:37.922   545 14378 I DownloadManager: Initiating request for download 5532
07-05 14:31:38.016   545   548 D dalvikvm: GC_CONCURRENT freed 223K, 9% free 10701K/11719K, paused 2ms+3ms
07-05 14:31:38.145   545   548 D dalvikvm: GC_CONCURRENT freed 315K, 8% free 10878K/11719K, paused 2ms+3ms
07-05 14:31:38.348  1370 14380 E DictionaryProvider:UpdateHandler: Can't read a file : android.util.MalformedJsonException: Use JsonReader.setLenient(true) to accept malformed JSON at line 1 column 20
07-05 14:31:38.418   545   548 D dalvikvm: GC_CONCURRENT freed 851K, 11% free 10542K/11719K, paused 2ms+3ms
07-05 14:31:38.430  1370  1372 D dalvikvm: GC_CONCURRENT freed 387K, 7% free 9127K/9735K, paused 1ms+2ms
07-05 14:31:38.692   545   548 D dalvikvm: GC_CONCURRENT freed 425K, 11% free 10507K/11719K, paused 1ms+2ms
07-05 14:31:38.961   545   548 D dalvikvm: GC_CONCURRENT freed 403K, 11% free 10492K/11719K, paused 2ms+2ms
07-05 14:31:39.020   545 14383 I DownloadManager: Initiating request for download 5532
07-05 14:31:39.125   545   548 D dalvikvm: GC_CONCURRENT freed 181K, 9% free 10730K/11719K, paused 2ms+2ms
07-05 14:31:39.246   545   548 D dalvikvm: GC_CONCURRENT freed 321K, 7% free 10906K/11719K, paused 2ms+2ms
07-05 14:31:39.516   545   548 D dalvikvm: GC_CONCURRENT freed 893K, 11% free 10519K/11719K, paused 2ms+3ms
07-05 14:31:39.778   545   548 D dalvikvm: GC_CONCURRENT freed 408K, 11% free 10502K/11719K, paused 2ms+2ms
07-05 14:31:40.035   545 14386 I DownloadManager: Initiating request for download 5533
07-05 14:31:40.082   545   548 D dalvikvm: GC_CONCURRENT freed 402K, 11% free 10525K/11719K, paused 2ms+4ms
07-05 14:31:40.207   545   548 D dalvikvm: GC_CONCURRENT freed 181K, 9% free 10780K/11719K, paused 2ms+2ms
07-05 14:31:40.340   545   548 D dalvikvm: GC_CONCURRENT freed 446K, 8% free 10820K/11719K, paused 2ms+2ms
07-05 14:31:40.500  1370 14388 E DictionaryProvider:UpdateHandler: Can't read a file : android.util.MalformedJsonException: Use JsonReader.setLenient(true) to accept malformed JSON at line 1 column 20
07-05 14:31:40.668   545   548 D dalvikvm: GC_CONCURRENT freed 773K, 11% free 10526K/11719K, paused 2ms+2ms
07-05 14:31:40.934   545   548 D dalvikvm: GC_CONCURRENT freed 414K, 11% free 10501K/11719K, paused 2ms+2ms
07-05 14:31:41.114   545 14391 I DownloadManager: Initiating request for download 5533
07-05 14:31:41.196   545   548 D dalvikvm: GC_CONCURRENT freed 326K, 10% free 10610K/11719K, paused 2ms+3ms
07-05 14:31:41.313   545   548 D dalvikvm: GC_CONCURRENT freed 237K, 8% free 10817K/11719K, paused 1ms+3ms
07-05 14:31:41.461   545   548 D dalvikvm: GC_CONCURRENT freed 497K, 8% free 10823K/11719K, paused 2ms+2ms
07-05 14:31:41.778   545   548 D dalvikvm: GC_CONCURRENT freed 756K, 11% free 10547K/11719K, paused 2ms+3ms
07-05 14:31:42.063   545   548 D dalvikvm: GC_CONCURRENT freed 404K, 11% free 10534K/11719K, paused 2ms+3ms
07-05 14:31:42.535   545 14393 I DownloadManager: Initiating request for download 5534
07-05 14:31:42.625   545   548 D dalvikvm: GC_CONCURRENT freed 259K, 9% free 10717K/11719K, paused 2ms+4ms
07-05 14:31:42.782   545   548 D dalvikvm: GC_CONCURRENT freed 317K, 8% free 10889K/11719K, paused 2ms+3ms
07-05 14:31:42.981  1370 14396 E DictionaryProvider:UpdateHandler: Can't read a file : android.util.MalformedJsonException: Use JsonReader.setLenient(true) to accept malformed JSON at line 1 column 20
07-05 14:31:43.055   545   548 D dalvikvm: GC_CONCURRENT freed 849K, 11% free 10541K/11719K, paused 1ms+2ms
07-05 14:31:43.325   545   548 D dalvikvm: GC_CONCURRENT freed 421K, 11% free 10512K/11719K, paused 2ms+2ms
07-05 14:31:43.590   545   548 D dalvikvm: GC_CONCURRENT freed 406K, 11% free 10497K/11719K, paused 1ms+2ms
07-05 14:31:43.653   545 14399 I DownloadManager: Initiating request for download 5534
07-05 14:31:43.742   545   548 D dalvikvm: GC_CONCURRENT freed 193K, 9% free 10740K/11719K, paused 2ms+3ms
07-05 14:31:43.875   545   548 D dalvikvm: GC_CONCURRENT freed 320K, 7% free 10927K/11719K, paused 2ms+3ms
07-05 14:31:44.180   545   548 D dalvikvm: GC_CONCURRENT freed 917K, 11% free 10523K/11719K, paused 1ms+3ms
07-05 14:31:44.453   545   548 D dalvikvm: GC_CONCURRENT freed 408K, 11% free 10505K/11719K, paused 1ms+2ms
07-05 14:31:44.688   545 14402 I DownloadManager: Initiating request for download 5535
07-05 14:31:44.746   545   548 D dalvikvm: GC_CONCURRENT freed 377K, 11% free 10526K/11719K, paused 2ms+3ms
07-05 14:31:44.879   545   548 D dalvikvm: GC_CONCURRENT freed 194K, 8% free 10795K/11719K, paused 2ms+3ms
07-05 14:31:45.020   545   548 D dalvikvm: GC_CONCURRENT freed 447K, 8% free 10850K/11719K, paused 2ms+2ms
07-05 14:31:45.176  1370 14404 E DictionaryProvider:UpdateHandler: Can't read a file : android.util.MalformedJsonException: Use JsonReader.setLenient(true) to accept malformed JSON at line 1 column 20
07-05 14:31:45.364   545   548 D dalvikvm: GC_CONCURRENT freed 805K, 11% free 10531K/11719K, paused 2ms+2ms
07-05 14:31:45.637   545   548 D dalvikvm: GC_CONCURRENT freed 418K, 11% free 10504K/11719K, paused 1ms+2ms
07-05 14:31:45.809   545 14407 I DownloadManager: Initiating request for download 5535
07-05 14:31:45.883   545   548 D dalvikvm: GC_CONCURRENT freed 281K, 9% free 10681K/11719K, paused 2ms+4ms
07-05 14:31:46.012   545   548 D dalvikvm: GC_CONCURRENT freed 318K, 8% free 10868K/11719K, paused 2ms+3ms
07-05 14:31:46.215   545   548 D dalvikvm: GC_CONCURRENT freed 808K, 10% free 10567K/11719K, paused 1ms+2ms
07-05 14:31:46.500   545   548 D dalvikvm: GC_CONCURRENT freed 440K, 11% free 10521K/11719K, paused 2ms+3ms
07-05 14:31:46.774   545   548 D dalvikvm: GC_CONCURRENT freed 411K, 11% free 10500K/11719K, paused 2ms+3ms
07-05 14:31:46.879   545 14410 I DownloadManager: Initiating request for download 5536
07-05 14:31:46.973   545   548 D dalvikvm: GC_CONCURRENT freed 193K, 9% free 10722K/11719K, paused 2ms+3ms
07-05 14:31:47.110   545   548 D dalvikvm: GC_CONCURRENT freed 316K, 7% free 10911K/11719K, paused 2ms+4ms
07-05 14:31:47.325  1370 14412 E DictionaryProvider:UpdateHandler: Can't read a file : android.util.MalformedJsonException: Use JsonReader.setLenient(true) to accept malformed JSON at line 1 column 20
07-05 14:31:47.414   545   548 D dalvikvm: GC_CONCURRENT freed 875K, 11% free 10545K/11719K, paused 2ms+2ms
07-05 14:31:47.434  1370  1372 D dalvikvm: GC_CONCURRENT freed 392K, 7% free 9125K/9735K, paused 2ms+2ms
07-05 14:31:47.700   545   548 D dalvikvm: GC_CONCURRENT freed 422K, 11% free 10514K/11719K, paused 2ms+2ms
07-05 14:31:47.973   545   548 D dalvikvm: GC_CONCURRENT freed 402K, 11% free 10502K/11719K, paused 2ms+3ms
07-05 14:31:48.024   545 14415 I DownloadManager: Initiating request for download 5536
07-05 14:31:48.121   545   548 D dalvikvm: GC_CONCURRENT freed 180K, 9% free 10758K/11719K, paused 2ms+3ms
07-05 14:31:48.254   545   548 D dalvikvm: GC_CONCURRENT freed 323K, 7% free 10951K/11719K, paused 2ms+2ms
07-05 14:31:48.563   545   548 D dalvikvm: GC_CONCURRENT freed 945K, 11% free 10529K/11719K, paused 2ms+2ms
07-05 14:31:48.832   545   548 D dalvikvm: GC_CONCURRENT freed 408K, 11% free 10516K/11719K, paused 2ms+3ms
07-05 14:31:49.035   545 14418 I DownloadManager: Initiating request for download 5537
07-05 14:31:49.106   545   548 D dalvikvm: GC_CONCURRENT freed 337K, 10% free 10609K/11719K, paused 2ms+3ms
07-05 14:31:49.246   545   548 D dalvikvm: GC_CONCURRENT freed 235K, 8% free 10882K/11719K, paused 1ms+3ms
07-05 14:31:49.422   545   548 D dalvikvm: GC_CONCURRENT freed 812K, 10% free 10575K/11719K, paused 2ms+3ms
07-05 14:31:49.696   545   548 D dalvikvm: GC_CONCURRENT freed 442K, 11% free 10530K/11719K, paused 2ms+3ms
07-05 14:31:49.969   545   548 D dalvikvm: GC_CONCURRENT freed 411K, 11% free 10509K/11719K, paused 2ms+2ms
07-05 14:31:50.575  1370 14420 E DictionaryProvider:UpdateHandler: Can't read a file : android.util.MalformedJsonException: Use JsonReader.setLenient(true) to accept malformed JSON at line 1 column 20
07-05 14:31:50.719   545   548 D dalvikvm: GC_CONCURRENT freed 356K, 11% free 10544K/11719K, paused 2ms+2ms
07-05 14:31:50.981   545   548 D dalvikvm: GC_CONCURRENT freed 413K, 11% free 10520K/11719K, paused 2ms+3ms
07-05 14:31:51.246   545   548 D dalvikvm: GC_CONCURRENT freed 399K, 11% free 10508K/11719K, paused 2ms+2ms
07-05 14:31:51.563   545   548 D dalvikvm: GC_CONCURRENT freed 362K, 11% free 10537K/11719K, paused 2ms+2ms
07-05 14:31:51.825   545   548 D dalvikvm: GC_CONCURRENT freed 410K, 11% free 10518K/11719K, paused 2ms+2ms
07-05 14:31:52.090   545   548 D dalvikvm: GC_CONCURRENT freed 404K, 11% free 10505K/11719K, paused 2ms+2ms
07-05 14:31:52.231   545 14423 I DownloadManager: Initiating request for download 5538
07-05 14:31:52.336   545   548 D dalvikvm: GC_CONCURRENT freed 207K, 9% free 10733K/11719K, paused 2ms+3ms
07-05 14:31:52.473   545   548 D dalvikvm: GC_CONCURRENT freed 322K, 7% free 10969K/11719K, paused 2ms+3ms
07-05 14:31:52.696  1370 14425 E DictionaryProvider:UpdateHandler: Can't read a file : android.util.MalformedJsonException: Use JsonReader.setLenient(true) to accept malformed JSON at line 1 column 20
07-05 14:31:52.793   545   548 D dalvikvm: GC_CONCURRENT freed 957K, 11% free 10543K/11719K, paused 2ms+3ms
07-05 14:31:53.063   545   548 D dalvikvm: GC_CONCURRENT freed 413K, 11% free 10517K/11719K, paused 2ms+2ms
07-05 14:31:53.274   545 14428 I DownloadManager: Initiating request for download 5538
07-05 14:31:53.332   545   548 D dalvikvm: GC_CONCURRENT freed 387K, 11% free 10525K/11719K, paused 1ms+3ms
07-05 14:31:53.450   545   548 D dalvikvm: GC_CONCURRENT freed 172K, 8% free 10790K/11719K, paused 2ms+2ms
07-05 14:31:53.582   545   548 D dalvikvm: GC_CONCURRENT freed 444K, 8% free 10836K/11719K, paused 2ms+3ms
07-05 14:31:53.883   545   548 D dalvikvm: GC_CONCURRENT freed 786K, 11% free 10535K/11719K, paused 2ms+2ms
07-05 14:31:54.145   545   548 D dalvikvm: GC_CONCURRENT freed 410K, 11% free 10515K/11719K, paused 2ms+2ms
07-05 14:31:54.442   156   156 D dalvikvm: GC_EXPLICIT freed 502K, 13% free 14085K/16007K, paused 3ms+5ms
07-05 14:31:54.446   545 14431 I DownloadManager: Initiating request for download 5539
07-05 14:31:54.516   545   548 D dalvikvm: GC_CONCURRENT freed 319K, 10% free 10602K/11719K, paused 1ms+3ms
07-05 14:31:54.629   545   548 D dalvikvm: GC_CONCURRENT freed 241K, 8% free 10812K/11719K, paused 2ms+3ms
07-05 14:31:54.766   545   548 D dalvikvm: GC_CONCURRENT freed 487K, 8% free 10823K/11719K, paused 2ms+2ms
07-05 14:31:54.918  1370 14433 E DictionaryProvider:UpdateHandler: Can't read a file : android.util.MalformedJsonException: Use JsonReader.setLenient(true) to accept malformed JSON at line 1 column 20
07-05 14:31:55.117   545   548 D dalvikvm: GC_CONCURRENT freed 775K, 11% free 10526K/11719K, paused 2ms+2ms
07-05 14:31:55.391   545   548 D dalvikvm: GC_CONCURRENT freed 418K, 11% free 10499K/11719K, paused 2ms+3ms
07-05 14:31:55.528   545 14436 I DownloadManager: Initiating request for download 5539
07-05 14:31:55.617   545   548 D dalvikvm: GC_CONCURRENT freed 258K, 9% free 10744K/11719K, paused 1ms+3ms
07-05 14:31:55.746   545   548 D dalvikvm: GC_CONCURRENT freed 356K, 8% free 10894K/11719K, paused 2ms+3ms
07-05 14:31:56.000   545   548 D dalvikvm: GC_CONCURRENT freed 872K, 11% free 10529K/11719K, paused 2ms+3ms
07-05 14:31:56.266   545   548 D dalvikvm: GC_CONCURRENT freed 411K, 11% free 10508K/11719K, paused 2ms+2ms
07-05 14:31:56.532   545   548 D dalvikvm: GC_CONCURRENT freed 404K, 11% free 10495K/11719K, paused 2ms+3ms
07-05 14:31:56.617   545 14439 I DownloadManager: Initiating request for download 5540
07-05 14:31:56.727   545   548 D dalvikvm: GC_CONCURRENT freed 179K, 9% free 10752K/11719K, paused 2ms+3ms
07-05 14:31:56.852   545   548 D dalvikvm: GC_CONCURRENT freed 312K, 7% free 10927K/11719K, paused 2ms+3ms
07-05 14:31:57.032  1370 14441 E DictionaryProvider:UpdateHandler: Can't read a file : android.util.MalformedJsonException: Use JsonReader.setLenient(true) to accept malformed JSON at line 1 column 20
07-05 14:31:57.168   545   548 D dalvikvm: GC_CONCURRENT freed 904K, 11% free 10532K/11719K, paused 2ms+2ms
07-05 14:31:57.430   545   548 D dalvikvm: GC_CONCURRENT freed 416K, 11% free 10506K/11719K, paused 2ms+2ms
07-05 14:31:57.653   545 14444 I DownloadManager: Initiating request for download 5540
07-05 14:31:57.707   545   548 D dalvikvm: GC_CONCURRENT freed 386K, 10% free 10557K/11719K, paused 2ms+3ms
07-05 14:31:57.844   545   548 D dalvikvm: GC_CONCURRENT freed 196K, 8% free 10851K/11719K, paused 2ms+3ms
07-05 14:31:57.989   545   548 D dalvikvm: GC_CONCURRENT freed 525K, 8% free 10829K/11719K, paused 2ms+2ms
07-05 14:31:58.129  1370  1372 D dalvikvm: GC_CONCURRENT freed 384K, 7% free 9129K/9735K, paused 1ms+5ms
07-05 14:31:58.352   545   548 D dalvikvm: GC_CONCURRENT freed 785K, 11% free 10522K/11719K, paused 2ms+3ms
07-05 14:31:58.610   545   548 D dalvikvm: GC_CONCURRENT freed 411K, 11% free 10501K/11719K, paused 2ms+3ms
07-05 14:31:58.770   545 14447 I DownloadManager: Initiating request for download 5541
07-05 14:31:58.860   545   548 D dalvikvm: GC_CONCURRENT freed 252K, 9% free 10696K/11719K, paused 2ms+3ms
07-05 14:31:58.985   545   548 D dalvikvm: GC_CONCURRENT freed 308K, 8% free 10874K/11719K, paused 2ms+2ms
07-05 14:31:59.188   545   548 D dalvikvm: GC_CONCURRENT freed 804K, 10% free 10569K/11719K, paused 2ms+3ms
07-05 14:31:59.242  1370 14449 E DictionaryProvider:UpdateHandler: Can't read a file : android.util.MalformedJsonException: Use JsonReader.setLenient(true) to accept malformed JSON at line 1 column 20
07-05 14:31:59.492   545   548 D dalvikvm: GC_CONCURRENT freed 437K, 11% free 10527K/11719K, paused 2ms+3ms
07-05 14:31:59.758   545   548 D dalvikvm: GC_CONCURRENT freed 415K, 11% free 10503K/11719K, paused 2ms+2ms
07-05 14:31:59.856   545 14452 I DownloadManager: Initiating request for download 5541
07-05 14:31:59.950   545   548 D dalvikvm: GC_CONCURRENT freed 218K, 9% free 10718K/11719K, paused 2ms+3ms
07-05 14:32:00.106   545   548 D dalvikvm: GC_CONCURRENT freed 318K, 8% free 10897K/11719K, paused 1ms+3ms
07-05 14:32:00.348   545   548 D dalvikvm: GC_CONCURRENT freed 869K, 11% free 10533K/11719K, paused 1ms+2ms
07-05 14:32:00.610   545   548 D dalvikvm: GC_CONCURRENT freed 409K, 11% free 10514K/11719K, paused 2ms+2ms
07-05 14:32:00.860   545   548 D dalvikvm: GC_CONCURRENT freed 398K, 11% free 10502K/11719K, paused 1ms+2ms
07-05 14:32:00.950   545 14455 I DownloadManager: Initiating request for download 5542
07-05 14:32:01.078   545   548 D dalvikvm: GC_CONCURRENT freed 188K, 9% free 10752K/11719K, paused 2ms+3ms
07-05 14:32:01.200   545   548 D dalvikvm: GC_CONCURRENT freed 325K, 7% free 10909K/11719K, paused 2ms+3ms
07-05 14:32:01.395  1370 14457 E DictionaryProvider:UpdateHandler: Can't read a file : android.util.MalformedJsonException: Use JsonReader.setLenient(true) to accept malformed JSON at line 1 column 20
07-05 14:32:01.430  1370  6706 D dalvikvm: GC_EXPLICIT freed 183K, 7% free 9100K/9735K, paused 1ms+2ms
07-05 14:32:01.524   545   548 D dalvikvm: GC_CONCURRENT freed 875K, 11% free 10543K/11719K, paused 2ms+2ms
07-05 14:32:01.789   545   548 D dalvikvm: GC_CONCURRENT freed 421K, 11% free 10513K/11719K, paused 1ms+2ms
07-05 14:32:02.059   545   548 D dalvikvm: GC_CONCURRENT freed 403K, 11% free 10501K/11719K, paused 2ms+3ms
07-05 14:32:02.094   545 14460 I DownloadManager: Initiating request for download 5542
07-05 14:32:02.211   545   548 D dalvikvm: GC_CONCURRENT freed 164K, 9% free 10772K/11719K, paused 2ms+3ms
07-05 14:32:02.332   545   548 D dalvikvm: GC_CONCURRENT freed 330K, 7% free 10939K/11719K, paused 2ms+3ms
07-05 14:32:02.391   993  1240 I PhoneLab-: Service Running
07-05 14:32:02.422   993  1240 I PhoneLab-LoggerService: app_49    1247  993   1956   1584  c00f181c 400107b4 S logcat
07-05 14:32:02.422   993  1240 I PhoneLab-LoggerService: Logcat pid from database 1247
07-05 14:32:02.426   993  1240 I PhoneLab-LoggerService: Logcat process found 1247
07-05 14:32:02.426   993  1240 I PhoneLab-LoggerService: Checking Threshold
07-05 14:32:02.426   993  1240 I PhoneLab-LoggerService: Starting to rename files
07-05 14:32:02.430   993  1240 I PhoneLab-LoggerService: Files found .. 50
07-05 14:32:02.430   993  1240 I PhoneLab-LoggerService: File 1 log.out.1
07-05 14:32:02.438   993  1240 I PhoneLab-LoggerService: Renamed successfully
07-05 14:32:02.664   545   548 D dalvikvm: GC_CONCURRENT freed 925K, 11% free 10531K/11719K, paused 2ms+2ms
07-05 14:32:02.942   545   548 D dalvikvm: GC_CONCURRENT freed 412K, 11% free 10511K/11719K, paused 1ms+2ms
07-05 14:32:03.153   545 14464 I DownloadManager: Initiating request for download 5543
07-05 14:32:03.215   545   548 D dalvikvm: GC_CONCURRENT freed 339K, 10% free 10580K/11719K, paused 2ms+4ms
07-05 14:32:03.336   545   548 D dalvikvm: GC_CONCURRENT freed 210K, 8% free 10813K/11719K, paused 2ms+3ms
07-05 14:32:03.477   545   548 D dalvikvm: GC_CONCURRENT freed 476K, 8% free 10836K/11719K, paused 2ms+2ms
07-05 14:32:03.629  1370 14466 E DictionaryProvider:UpdateHandler: Can't read a file : android.util.MalformedJsonException: Use JsonReader.setLenient(true) to accept malformed JSON at line 1 column 20
07-05 14:32:03.836   545   548 D dalvikvm: GC_CONCURRENT freed 785K, 11% free 10540K/11719K, paused 2ms+4ms
07-05 14:32:04.106   545   548 D dalvikvm: GC_CONCURRENT freed 420K, 11% free 10511K/11719K, paused 1ms+2ms
07-05 14:32:04.254   545 14469 I DownloadManager: Initiating request for download 5543
07-05 14:32:04.348   545   548 D dalvikvm: GC_CONCURRENT freed 273K, 9% free 10748K/11719K, paused 1ms+4ms
07-05 14:32:04.481   545   548 D dalvikvm: GC_CONCURRENT freed 372K, 7% free 10918K/11719K, paused 1ms+3ms
07-05 14:32:04.653   545 14469 D dalvikvm: GC_EXPLICIT freed 679K, 10% free 10606K/11719K, paused 2ms+4ms
07-05 14:32:04.922   545   548 D dalvikvm: GC_CONCURRENT freed 449K, 10% free 10564K/11719K, paused 1ms+3ms
07-05 14:32:05.196   545   548 D dalvikvm: GC_CONCURRENT freed 404K, 10% free 10556K/11719K, paused 2ms+2ms
07-05 14:32:06.508   545 14471 I DownloadManager: Initiating request for download 5544
07-05 14:32:06.614   545   548 D dalvikvm: GC_CONCURRENT freed 264K, 9% free 10727K/11719K, paused 2ms+3ms
07-05 14:32:06.742   545   548 D dalvikvm: GC_CONCURRENT freed 310K, 7% free 10902K/11719K, paused 2ms+3ms
07-05 14:32:06.985  1370 14474 E DictionaryProvider:UpdateHandler: Can't read a file : android.util.MalformedJsonException: Use JsonReader.setLenient(true) to accept malformed JSON at line 1 column 20
07-05 14:32:07.000   545   548 D dalvikvm: GC_CONCURRENT freed 865K, 10% free 10560K/11719K, paused 2ms+2ms
07-05 14:32:07.278   545   548 D dalvikvm: GC_CONCURRENT freed 426K, 11% free 10526K/11719K, paused 1ms+2ms
07-05 14:32:07.551   545   548 D dalvikvm: GC_CONCURRENT freed 407K, 11% free 10509K/11719K, paused 2ms+3ms
07-05 14:32:07.633   545 14477 I DownloadManager: Initiating request for download 5544
07-05 14:32:07.739   545   548 D dalvikvm: GC_CONCURRENT freed 196K, 9% free 10749K/11719K, paused 1ms+3ms
07-05 14:32:07.864   545   548 D dalvikvm: GC_CONCURRENT freed 329K, 7% free 10929K/11719K, paused 2ms+2ms
07-05 14:32:08.137   545   548 D dalvikvm: GC_CONCURRENT freed 907K, 11% free 10538K/11719K, paused 2ms+2ms
07-05 14:32:08.399   545   548 D dalvikvm: GC_CONCURRENT freed 409K, 11% free 10519K/11719K, paused 2ms+2ms
07-05 14:32:08.676   545 14480 I DownloadManager: Initiating request for download 5545
07-05 14:32:08.723   545   548 D dalvikvm: GC_CONCURRENT freed 409K, 11% free 10541K/11719K, paused 2ms+3ms
07-05 14:32:08.867   545   548 D dalvikvm: GC_CONCURRENT freed 179K, 8% free 10799K/11719K, paused 2ms+2ms
07-05 14:32:08.996   545   548 D dalvikvm: GC_CONCURRENT freed 451K, 8% free 10842K/11719K, paused 2ms+2ms
07-05 14:32:09.188  1370 14482 E DictionaryProvider:UpdateHandler: Can't read a file : android.util.MalformedJsonException: Use JsonReader.setLenient(true) to accept malformed JSON at line 1 column 20
07-05 14:32:09.328   545   548 D dalvikvm: GC_CONCURRENT freed 780K, 11% free 10546K/11719K, paused 2ms+2ms
07-05 14:32:09.594   545   548 D dalvikvm: GC_CONCURRENT freed 415K, 11% free 10521K/11719K, paused 2ms+2ms
07-05 14:32:09.785   545 14485 I DownloadManager: Initiating request for download 5545
07-05 14:32:09.840   545   548 D dalvikvm: GC_CONCURRENT freed 341K, 10% free 10587K/11719K, paused 2ms+3ms
07-05 14:32:09.961   545   548 D dalvikvm: GC_CONCURRENT freed 210K, 8% free 10823K/11719K, paused 2ms+3ms
07-05 14:32:10.098   545   548 D dalvikvm: GC_CONCURRENT freed 479K, 8% free 10845K/11719K, paused 2ms+2ms
07-05 14:32:10.418   545   548 D dalvikvm: GC_CONCURRENT freed 796K, 11% free 10535K/11719K, paused 2ms+2ms
07-05 14:32:10.684   545   548 D dalvikvm: GC_CONCURRENT freed 409K, 11% free 10517K/11719K, paused 2ms+3ms
07-05 14:32:10.864   545 14488 I DownloadManager: Initiating request for download 5546
07-05 14:32:10.957   545   548 D dalvikvm: GC_CONCURRENT freed 256K, 9% free 10688K/11719K, paused 2ms+3ms
07-05 14:32:11.082   545   548 D dalvikvm: GC_CONCURRENT freed 301K, 8% free 10875K/11719K, paused 2ms+3ms
07-05 14:32:11.262   545   548 D dalvikvm: GC_CONCURRENT freed 788K, 10% free 10587K/11719K, paused 2ms+3ms
07-05 14:32:11.328  1370 14490 E DictionaryProvider:UpdateHandler: Can't read a file : android.util.MalformedJsonException: Use JsonReader.setLenient(true) to accept malformed JSON at line 1 column 20
07-05 14:32:11.360  1370  1372 D dalvikvm: GC_CONCURRENT freed 363K, 7% free 9134K/9735K, paused 1ms+2ms
07-05 14:32:11.598   545   548 D dalvikvm: GC_CONCURRENT freed 445K, 11% free 10542K/11719K, paused 2ms+3ms
07-05 14:32:11.879   545   548 D dalvikvm: GC_CONCURRENT freed 415K, 11% free 10518K/11719K, paused 2ms+2ms
07-05 14:32:12.000   545 14493 I DownloadManager: Initiating request for download 5546
07-05 14:32:12.090   545   548 D dalvikvm: GC_CONCURRENT freed 241K, 9% free 10718K/11719K, paused 2ms+2ms
07-05 14:32:12.215   545   548 D dalvikvm: GC_CONCURRENT freed 317K, 8% free 10897K/11719K, paused 2ms+3ms
07-05 14:32:12.426   545   548 D dalvikvm: GC_CONCURRENT freed 854K, 10% free 10550K/11719K, paused 2ms+3ms
07-05 14:32:12.700   545   548 D dalvikvm: GC_CONCURRENT freed 406K, 11% free 10534K/11719K, paused 2ms+2ms
07-05 14:32:12.961   545   548 D dalvikvm: GC_CONCURRENT freed 406K, 11% free 10518K/11719K, paused 2ms+2ms
07-05 14:32:13.071   545 14496 I DownloadManager: Initiating request for download 5547
07-05 14:32:13.200   545   548 D dalvikvm: GC_CONCURRENT freed 216K, 8% free 10807K/11719K, paused 2ms+3ms
07-05 14:32:13.321   545   548 D dalvikvm: GC_CONCURRENT freed 363K, 7% free 10944K/11719K, paused 2ms+3ms
07-05 14:32:13.532   156   559 D dalvikvm: GC_EXPLICIT freed 506K, 13% free 14086K/16007K, paused 3ms+6ms
07-05 14:32:13.582  1370 14498 E DictionaryProvider:UpdateHandler: Can't read a file : android.util.MalformedJsonException: Use JsonReader.setLenient(true) to accept malformed JSON at line 1 column 20
07-05 14:32:13.707   545   548 D dalvikvm: GC_CONCURRENT freed 913K, 10% free 10550K/11719K, paused 2ms+3ms
07-05 14:32:13.965   545   548 D dalvikvm: GC_CONCURRENT freed 430K, 11% free 10511K/11719K, paused 2ms+3ms
07-05 14:32:14.184   545 14501 I DownloadManager: Initiating request for download 5547
07-05 14:32:14.239   545   548 D dalvikvm: GC_CONCURRENT freed 394K, 10% free 10557K/11719K, paused 2ms+3ms
07-05 14:32:14.360   545   548 D dalvikvm: GC_CONCURRENT freed 191K, 8% free 10802K/11719K, paused 1ms+2ms
07-05 14:32:14.492   545   548 D dalvikvm: GC_CONCURRENT freed 459K, 8% free 10837K/11719K, paused 2ms+2ms
07-05 14:32:14.809   545   548 D dalvikvm: GC_CONCURRENT freed 793K, 11% free 10528K/11719K, paused 2ms+3ms
07-05 14:32:15.078   545   548 D dalvikvm: GC_CONCURRENT freed 407K, 11% free 10510K/11719K, paused 2ms+2ms
07-05 14:32:15.289   545 14504 I DownloadManager: Initiating request for download 5548
07-05 14:32:15.371   545   548 D dalvikvm: GC_CONCURRENT freed 308K, 10% free 10639K/11719K, paused 3ms+3ms
07-05 14:32:15.496   545   548 D dalvikvm: GC_CONCURRENT freed 267K, 7% free 10900K/11719K, paused 2ms+3ms
07-05 14:32:15.668   545   548 D dalvikvm: GC_CONCURRENT freed 836K, 10% free 10571K/11719K, paused 2ms+3ms
07-05 14:32:15.750  1370 14506 E DictionaryProvider:UpdateHandler: Can't read a file : android.util.MalformedJsonException: Use JsonReader.setLenient(true) to accept malformed JSON at line 1 column 20
07-05 14:32:15.981   545   548 D dalvikvm: GC_CONCURRENT freed 434K, 11% free 10532K/11719K, paused 2ms+3ms
07-05 14:32:16.246   545   548 D dalvikvm: GC_CONCURRENT freed 415K, 11% free 10508K/11719K, paused 2ms+2ms
07-05 14:32:16.379   545 14509 I DownloadManager: Initiating request for download 5548
07-05 14:32:16.461   545   548 D dalvikvm: GC_CONCURRENT freed 241K, 9% free 10708K/11719K, paused 2ms+3ms
07-05 14:32:16.594   545   548 D dalvikvm: GC_CONCURRENT freed 315K, 7% free 10945K/11719K, paused 2ms+3ms
07-05 14:32:16.848   545   548 D dalvikvm: GC_CONCURRENT freed 929K, 11% free 10535K/11719K, paused 2ms+2ms
07-05 14:32:17.114   545   548 D dalvikvm: GC_CONCURRENT freed 406K, 11% free 10518K/11719K, paused 1ms+2ms
07-05 14:32:17.387   545   548 D dalvikvm: GC_CONCURRENT freed 401K, 11% free 10504K/11719K, paused 2ms+2ms
07-05 14:32:17.465   545 14512 I DownloadManager: Initiating request for download 5549
07-05 14:32:17.571   545   548 D dalvikvm: GC_CONCURRENT freed 178K, 9% free 10763K/11719K, paused 1ms+2ms
07-05 14:32:17.692   545   548 D dalvikvm: GC_CONCURRENT freed 330K, 7% free 10946K/11719K, paused 1ms+3ms
07-05 14:32:17.867  1370 14514 E DictionaryProvider:UpdateHandler: Can't read a file : android.util.MalformedJsonException: Use JsonReader.setLenient(true) to accept malformed JSON at line 1 column 20
07-05 14:32:18.008   545   548 D dalvikvm: GC_CONCURRENT freed 920K, 11% free 10544K/11719K, paused 2ms+2ms
07-05 14:32:18.270   545   548 D dalvikvm: GC_CONCURRENT freed 417K, 11% free 10517K/11719K, paused 1ms+2ms
07-05 14:32:18.489   545 14517 I DownloadManager: Initiating request for download 5549
07-05 14:32:18.547   545   548 D dalvikvm: GC_CONCURRENT freed 384K, 11% free 10544K/11719K, paused 2ms+2ms
07-05 14:32:18.653   545   548 D dalvikvm: GC_CONCURRENT freed 180K, 8% free 10801K/11719K, paused 2ms+3ms
07-05 14:32:18.793   545   548 D dalvikvm: GC_CONCURRENT freed 452K, 8% free 10851K/11719K, paused 2ms+2ms
07-05 14:32:19.102   545   548 D dalvikvm: GC_CONCURRENT freed 802K, 11% free 10537K/11719K, paused 2ms+3ms
07-05 14:32:19.375   545   548 D dalvikvm: GC_CONCURRENT freed 408K, 11% free 10516K/11719K, paused 2ms+2ms
07-05 14:32:19.590   545 14520 I DownloadManager: Initiating request for download 5550
07-05 14:32:19.653   545   548 D dalvikvm: GC_CONCURRENT freed 329K, 10% free 10584K/11719K, paused 2ms+3ms
07-05 14:32:19.778   545   548 D dalvikvm: GC_CONCURRENT freed 210K, 8% free 10820K/11719K, paused 2ms+3ms
07-05 14:32:19.914   545   548 D dalvikvm: GC_CONCURRENT freed 473K, 8% free 10844K/11719K, paused 2ms+2ms
07-05 14:32:20.071  1370 14522 E DictionaryProvider:UpdateHandler: Can't read a file : android.util.MalformedJsonException: Use JsonReader.setLenient(true) to accept malformed JSON at line 1 column 20
07-05 14:32:20.114  1370  1372 D dalvikvm: GC_CONCURRENT freed 394K, 7% free 9128K/9735K, paused 1ms+2ms
07-05 14:32:20.297   545   548 D dalvikvm: GC_CONCURRENT freed 789K, 11% free 10540K/11719K, paused 2ms+3ms
07-05 14:32:20.567   545   548 D dalvikvm: GC_CONCURRENT freed 415K, 11% free 10516K/11719K, paused 1ms+2ms
07-05 14:32:20.735   545 14525 I DownloadManager: Initiating request for download 5550
07-05 14:32:20.821   545   548 D dalvikvm: GC_CONCURRENT freed 291K, 9% free 10682K/11719K, paused 2ms+3ms
07-05 14:32:20.946   545   548 D dalvikvm: GC_CONCURRENT freed 297K, 8% free 10873K/11719K, paused 2ms+3ms
07-05 14:32:21.114   545   548 D dalvikvm: GC_CONCURRENT freed 787K, 10% free 10584K/11719K, paused 2ms+2ms
07-05 14:32:21.383   545   548 D dalvikvm: GC_CONCURRENT freed 416K, 10% free 10564K/11719K, paused 1ms+3ms
07-05 14:32:21.657   545   548 D dalvikvm: GC_CONCURRENT freed 406K, 10% free 10551K/11719K, paused 2ms+2ms
07-05 14:32:22.520   545 14527 I DownloadManager: Initiating request for download 5551
07-05 14:32:22.614   545   548 D dalvikvm: GC_CONCURRENT freed 238K, 9% free 10769K/11719K, paused 2ms+3ms
07-05 14:32:22.742   545   548 D dalvikvm: GC_CONCURRENT freed 325K, 7% free 10952K/11719K, paused 2ms+3ms
07-05 14:32:23.004  1370 14530 E DictionaryProvider:UpdateHandler: Can't read a file : android.util.MalformedJsonException: Use JsonReader.setLenient(true) to accept malformed JSON at line 1 column 20
07-05 14:32:23.043   545   548 D dalvikvm: GC_CONCURRENT freed 932K, 10% free 10562K/11719K, paused 2ms+2ms
07-05 14:32:23.071   545 14532 I DownloadManager: in removeSpuriousFiles
07-05 14:32:23.145   545 14532 D dalvikvm: GC_FOR_ALLOC freed 271K, 8% free 10803K/11719K, paused 23ms
07-05 14:32:23.200   545 14532 I DownloadManager: in removeSpuriousFiles, preserving file /data/data/com.android.providers.downloads/cache/metadata-29.htm
07-05 14:32:23.200   545 14532 I DownloadManager: in removeSpuriousFiles, preserving file /data/data/com.android.providers.downloads/cache/metadata-438.htm
07-05 14:32:23.200   545 14532 I DownloadManager: in removeSpuriousFiles, preserving file /data/data/com.android.providers.downloads/cache/metadata-165.htm
07-05 14:32:23.200   545 14532 I DownloadManager: in removeSpuriousFiles, preserving file /data/data/com.android.providers.downloads/cache/metadata-338.htm
07-05 14:32:23.200   545 14532 I DownloadManager: in removeSpuriousFiles, preserving file /data/data/com.android.providers.downloads/cache/metadata-179.htm
07-05 14:32:23.203   545 14532 I DownloadManager: in removeSpuriousFiles, preserving file /data/data/com.android.providers.downloads/cache/metadata-204.htm
07-05 14:32:23.203   545 14532 I DownloadManager: in removeSpuriousFiles, preserving file /data/data/com.android.providers.downloads/cache/metadata-316.htm
07-05 14:32:23.203   545 14532 I DownloadManager: in removeSpuriousFiles, preserving file /data/data/com.android.providers.downloads/cache/metadata-287.htm
07-05 14:32:23.203   545 14532 I DownloadManager: in removeSpuriousFiles, preserving file /data/data/com.android.providers.downloads/cache/metadata-377.htm
07-05 14:32:23.203   545 14532 I DownloadManager: in removeSpuriousFiles, preserving file /data/data/com.android.providers.downloads/cache/metadata-86.htm
07-05 14:32:23.203   545 14532 I DownloadManager: in removeSpuriousFiles, preserving file /data/data/com.android.providers.downloads/cache/metadata-106.htm
07-05 14:32:23.203   545 14532 I DownloadManager: in removeSpuriousFiles, preserving file /data/data/com.android.providers.downloads/cache/metadata-330.htm
07-05 14:32:23.203   545 14532 I DownloadManager: in removeSpuriousFiles, preserving file /data/data/com.android.providers.downloads/cache/metadata-435.htm
07-05 14:32:23.203   545 14532 I DownloadManager: in removeSpuriousFiles, preserving file /data/data/com.android.providers.downloads/cache/metadata-396.htm
07-05 14:32:23.203   545 14532 I DownloadManager: in removeSpuriousFiles, preserving file /data/data/com.android.providers.downloads/cache/metadata-2141.htm
07-05 14:32:23.207   545 14532 I DownloadManager: in removeSpuriousFiles, preserving file /data/data/com.android.providers.downloads/cache/metadata-568.htm
07-05 14:32:23.207   545 14532 I DownloadManager: in removeSpuriousFiles, preserving file /data/data/com.android.providers.downloads/cache/metadata-189.htm
07-05 14:32:23.207   545 14532 I DownloadManager: in removeSpuriousFiles, preserving file /data/data/com.android.providers.downloads/cache/metadata-498.htm
07-05 14:32:23.207   545 14532 I DownloadManager: in removeSpuriousFiles, preserving file /data/data/com.android.providers.downloads/cache/metadata-228.htm
07-05 14:32:23.207   545 14532 I DownloadManager: in removeSpuriousFiles, preserving file /data/data/com.android.providers.downloads/cache/metadata-246.htm
07-05 14:32:23.207   545 14532 I DownloadManager: in removeSpuriousFiles, preserving file /data/data/com.android.providers.downloads/cache/metadata-173.htm
07-05 14:32:23.207   545 14532 I DownloadManager: in removeSpuriousFiles, preserving file /data/data/com.android.providers.downloads/cache/metadata-236.htm
07-05 14:32:23.207   545 14532 I DownloadManager: in removeSpuriousFiles, preserving file /data/data/com.android.providers.downloads/cache/metadata-346.htm
07-05 14:32:23.207   545 14532 I DownloadManager: in removeSpuriousFiles, preserving file /data/data/com.android.providers.downloads/cache/metadata-1835.htm
07-05 14:32:23.207   545 14532 I DownloadManager: in removeSpuriousFiles, preserving file /data/data/com.android.providers.downloads/cache/metadata-256.htm
07-05 14:32:23.211   545 14532 I DownloadManager: in removeSpuriousFiles, preserving file /data/data/com.android.providers.downloads/cache/metadata-1509.htm
07-05 14:32:23.211   545 14532 I DownloadManager: in removeSpuriousFiles, preserving file /data/data/com.android.providers.downloads/cache/metadata-472.htm
07-05 14:32:23.211   545 14532 I DownloadManager: in removeSpuriousFiles, preserving file /data/data/com.android.providers.downloads/cache/metadata-1144.htm
07-05 14:32:23.211   545 14532 I DownloadManager: in removeSpuriousFiles, preserving file /data/data/com.android.providers.downloads/cache/metadata-422.htm
07-05 14:32:23.211   545 14532 I DownloadManager: in removeSpuriousFiles, preserving file /data/data/com.android.providers.downloads/cache/metadata-1286.htm
07-05 14:32:23.211   545 14532 I DownloadManager: in removeSpuriousFiles, preserving file /data/data/com.android.providers.downloads/cache/metadata-382.htm
07-05 14:32:23.211   545 14532 I DownloadManager: in removeSpuriousFiles, preserving file /data/data/com.android.providers.downloads/cache/metadata-835.htm
07-05 14:32:23.211   545 14532 I DownloadManager: in removeSpuriousFiles, preserving file /data/data/com.android.providers.downloads/cache/metadata-154.htm
07-05 14:32:23.211   545 14532 I DownloadManager: in removeSpuriousFiles, preserving file /data/data/com.android.providers.downloads/cache/metadata-509.htm
07-05 14:32:23.215   545 14532 I DownloadManager: in removeSpuriousFiles, preserving file /data/data/com.android.providers.downloads/cache/metadata-473.htm
07-05 14:32:23.215   545 14532 I DownloadManager: in removeSpuriousFiles, preserving file /data/data/com.android.providers.downloads/cache/metadata-1531.htm
07-05 14:32:23.215   545 14532 I DownloadManager: in removeSpuriousFiles, preserving file /data/data/com.android.providers.downloads/cache/metadata-592.htm
07-05 14:32:23.215   545 14532 I DownloadManager: in removeSpuriousFiles, preserving file /data/data/com.android.providers.downloads/cache/metadata-358.htm
07-05 14:32:23.215   545 14532 I DownloadManager: in removeSpuriousFiles, preserving file /data/data/com.android.providers.downloads/cache/metadata-417.htm
07-05 14:32:23.215   545 14532 I DownloadManager: in removeSpuriousFiles, preserving file /data/data/com.android.providers.downloads/cache/metadata-190.htm
07-05 14:32:23.215   545 14532 I DownloadManager: in removeSpuriousFiles, preserving file /data/data/com.android.providers.downloads/cache/metadata-1018.htm
07-05 14:32:23.219   545 14532 I DownloadManager: in removeSpuriousFiles, preserving file /data/data/com.android.providers.downloads/cache/metadata-603.htm
07-05 14:32:23.219   545 14532 I DownloadManager: in removeSpuriousFiles, preserving file /data/data/com.android.providers.downloads/cache/metadata-264.htm
07-05 14:32:23.219   545 14532 I DownloadManager: in removeSpuriousFiles, preserving file /data/data/com.android.providers.downloads/cache/metadata-582.htm
07-05 14:32:23.219   545 14532 I DownloadManager: in removeSpuriousFiles, preserving file /data/data/com.android.providers.downloads/cache/metadata-1080.htm
07-05 14:32:23.219   545 14532 I DownloadManager: in removeSpuriousFiles, preserving file /data/data/com.android.providers.downloads/cache/metadata-406.htm
07-05 14:32:23.219   545 14532 I DownloadManager: in removeSpuriousFiles, preserving file /data/data/com.android.providers.downloads/cache/metadata-485.htm
07-05 14:32:23.219   545 14532 I DownloadManager: in removeSpuriousFiles, preserving file /data/data/com.android.providers.downloads/cache/metadata-1377.htm
07-05 14:32:23.219   545 14532 I DownloadManager: in removeSpuriousFiles, preserving file /data/data/com.android.providers.downloads/cache/metadata-469.htm
07-05 14:32:23.223   545 14532 I DownloadManager: in removeSpuriousFiles, preserving file /data/data/com.android.providers.downloads/cache/metadata-1524.htm
07-05 14:32:23.223   545 14532 I DownloadManager: in removeSpuriousFiles, preserving file /data/data/com.android.providers.downloads/cache/metadata-492.htm
07-05 14:32:23.223   545 14532 I DownloadManager: in removeSpuriousFiles, preserving file /data/data/com.android.providers.downloads/cache/metadata-622.htm
07-05 14:32:23.223   545 14532 I DownloadManager: in removeSpuriousFiles, preserving file /data/data/com.android.providers.downloads/cache/metadata-1045.htm
07-05 14:32:23.223   545 14532 I DownloadManager: in removeSpuriousFiles, preserving file /data/data/com.android.providers.downloads/cache/metadata-2226.htm
07-05 14:32:23.223   545 14532 I DownloadManager: in removeSpuriousFiles, preserving file /data/data/com.android.providers.downloads/cache/metadata-479.htm
07-05 14:32:23.223   545 14532 I DownloadManager: in removeSpuriousFiles, preserving file /data/data/com.android.providers.downloads/cache/metadata-677.htm
07-05 14:32:23.227   545 14532 I DownloadManager: in removeSpuriousFiles, preserving file /data/data/com.android.providers.downloads/cache/metadata-1720.htm
07-05 14:32:23.227   545 14532 I DownloadManager: in removeSpuriousFiles, preserving file /data/data/com.android.providers.downloads/cache/metadata-2155.htm
07-05 14:32:23.227   545 14532 I DownloadManager: in removeSpuriousFiles, preserving file /data/data/com.android.providers.downloads/cache/metadata-361.htm
07-05 14:32:23.227   545 14532 I DownloadManager: in removeSpuriousFiles, preserving file /data/data/com.android.providers.downloads/cache/metadata-410.htm
07-05 14:32:23.227   545 14532 I DownloadManager: in removeSpuriousFiles, preserving file /data/data/com.android.providers.downloads/cache/metadata-484.htm
07-05 14:32:23.227   545 14532 I DownloadManager: in removeSpuriousFiles, preserving file /data/data/com.android.providers.downloads/cache/metadata-476.htm
07-05 14:32:23.231   545 14532 I DownloadManager: in removeSpuriousFiles, preserving file /data/data/com.android.providers.downloads/cache/metadata-457.htm
07-05 14:32:23.231   545 14532 I DownloadManager: in removeSpuriousFiles, preserving file /data/data/com.android.providers.downloads/cache/metadata-753.htm
07-05 14:32:23.231   545 14532 I DownloadManager: in removeSpuriousFiles, preserving file /data/data/com.android.providers.downloads/cache/metadata-293.htm
07-05 14:32:23.231   545 14532 I DownloadManager: in removeSpuriousFiles, preserving file /data/data/com.android.providers.downloads/cache/metadata-895.htm
07-05 14:32:23.231   545 14532 I DownloadManager: in removeSpuriousFiles, preserving file /data/data/com.android.providers.downloads/cache/metadata-558.htm
07-05 14:32:23.231   545 14532 I DownloadManager: in removeSpuriousFiles, preserving file /data/data/com.android.providers.downloads/cache/metadata-536.htm
07-05 14:32:23.235   545 14532 I DownloadManager: in removeSpuriousFiles, preserving file /data/data/com.android.providers.downloads/cache/metadata-1308.htm
07-05 14:32:23.235   545 14532 I DownloadManager: in removeSpuriousFiles, preserving file /data/data/com.android.providers.downloads/cache/metadata-402.htm
07-05 14:32:23.235   545 14532 I DownloadManager: in removeSpuriousFiles, preserving file /data/data/com.android.providers.downloads/cache/metadata-507.htm
07-05 14:32:23.235   545 14532 I DownloadManager: in removeSpuriousFiles, preserving file /data/data/com.android.providers.downloads/cache/metadata-1337.htm
07-05 14:32:23.235   545 14532 I DownloadManager: in removeSpuriousFiles, preserving file /data/data/com.android.providers.downloads/cache/metadata-510.htm
07-05 14:32:23.235   545 14532 I DownloadManager: in removeSpuriousFiles, preserving file /data/data/com.android.providers.downloads/cache/metadata-363.htm
07-05 14:32:23.239   545 14532 I DownloadManager: in removeSpuriousFiles, preserving file /data/data/com.android.providers.downloads/cache/metadata-570.htm
07-05 14:32:23.239   545 14532 I DownloadManager: in removeSpuriousFiles, preserving file /data/data/com.android.providers.downloads/cache/metadata-2318.htm
07-05 14:32:23.239   545 14532 I DownloadManager: in removeSpuriousFiles, preserving file /data/data/com.android.providers.downloads/cache/metadata-524.htm
07-05 14:32:23.239   545 14532 I DownloadManager: in removeSpuriousFiles, preserving file /data/data/com.android.providers.downloads/cache/metadata-1994.htm
07-05 14:32:23.239   545 14532 I DownloadManager: in removeSpuriousFiles, preserving file /data/data/com.android.providers.downloads/cache/metadata-1277.htm
07-05 14:32:23.239   545 14532 I DownloadManager: in removeSpuriousFiles, preserving file /data/data/com.android.providers.downloads/cache/metadata-1923.htm
07-05 14:32:23.242   545 14532 I DownloadManager: in removeSpuriousFiles, preserving file /data/data/com.android.providers.downloads/cache/metadata-1195.htm
07-05 14:32:23.242   545 14532 I DownloadManager: in removeSpuriousFiles, preserving file /data/data/com.android.providers.downloads/cache/metadata-1501.htm
07-05 14:32:23.242   545 14532 I DownloadManager: in removeSpuriousFiles, preserving file /data/data/com.android.providers.downloads/cache/metadata-514.htm
07-05 14:32:23.242   545 14532 I DownloadManager: in removeSpuriousFiles, preserving file /data/data/com.android.providers.downloads/cache/metadata-3040.htm
07-05 14:32:23.242   545 14532 I DownloadManager: in removeSpuriousFiles, preserving file /data/data/com.android.providers.downloads/cache/metadata-2035.htm
07-05 14:32:23.246   545 14532 I DownloadManager: in removeSpuriousFiles, preserving file /data/data/com.android.providers.downloads/cache/metadata-535.htm
07-05 14:32:23.246   545 14532 I DownloadManager: in removeSpuriousFiles, preserving file /data/data/com.android.providers.downloads/cache/metadata-1874.htm
07-05 14:32:23.246   545 14532 I DownloadManager: in removeSpuriousFiles, preserving file /data/data/com.android.providers.downloads/cache/metadata-2048.htm
07-05 14:32:23.246   545 14532 I DownloadManager: in removeSpuriousFiles, preserving file /data/data/com.android.providers.downloads/cache/metadata-1583.htm
07-05 14:32:23.246   545 14532 I DownloadManager: in removeSpuriousFiles, preserving file /data/data/com.android.providers.downloads/cache/metadata-490.htm
07-05 14:32:23.254   545 14532 I DownloadManager: in removeSpuriousFiles, preserving file /data/data/com.android.providers.downloads/cache/metadata-720.htm
07-05 14:32:23.254   545 14532 I DownloadManager: in removeSpuriousFiles, preserving file /data/data/com.android.providers.downloads/cache/metadata-84.htm
07-05 14:32:23.254   545 14532 I DownloadManager: in removeSpuriousFiles, preserving file /data/data/com.android.providers.downloads/cache/metadata-523.htm
07-05 14:32:23.254   545 14532 I DownloadManager: in removeSpuriousFiles, preserving file /data/data/com.android.providers.downloads/cache/metadata-280.htm
07-05 14:32:23.254   545 14532 I DownloadManager: in removeSpuriousFiles, preserving file /data/data/com.android.providers.downloads/cache/metadata-1555.htm
07-05 14:32:23.258   545 14532 I DownloadManager: in removeSpuriousFiles, preserving file /data/data/com.android.providers.downloads/cache/metadata-859.htm
07-05 14:32:23.258   545 14532 I DownloadManager: in removeSpuriousFiles, preserving file /data/data/com.android.providers.downloads/cache/metadata-1167.htm
07-05 14:32:23.258   545 14532 I DownloadManager: in removeSpuriousFiles, preserving file /data/data/com.android.providers.downloads/cache/metadata-2379.htm
07-05 14:32:23.258   545 14532 I DownloadManager: in removeSpuriousFiles, preserving file /data/data/com.android.providers.downloads/cache/metadata-493.htm
07-05 14:32:23.262   545 14532 I DownloadManager: in removeSpuriousFiles, preserving file /data/data/com.android.providers.downloads/cache/metadata-405.htm
07-05 14:32:23.262   545 14532 I DownloadManager: in removeSpuriousFiles, preserving file /data/data/com.android.providers.downloads/cache/metadata-632.htm
07-05 14:32:23.262   545 14532 I DownloadManager: in removeSpuriousFiles, preserving file /data/data/com.android.providers.downloads/cache/metadata-270.htm
07-05 14:32:23.262   545 14532 I DownloadManager: in removeSpuriousFiles, preserving file /data/data/com.android.providers.downloads/cache/metadata-1904.htm
07-05 14:32:23.262   545 14532 I DownloadManager: in removeSpuriousFiles, preserving file /data/data/com.android.providers.downloads/cache/metadata-477.htm
07-05 14:32:23.266   545 14532 I DownloadManager: in removeSpuriousFiles, preserving file /data/data/com.android.providers.downloads/cache/metadata-579.htm
07-05 14:32:23.266   545 14532 I DownloadManager: in removeSpuriousFiles, preserving file /data/data/com.android.providers.downloads/cache/metadata-952.htm
07-05 14:32:23.266   545 14532 I DownloadManager: in removeSpuriousFiles, preserving file /data/data/com.android.providers.downloads/cache/metadata-1333.htm
07-05 14:32:23.270   545 14532 I DownloadManager: in removeSpuriousFiles, preserving file /data/data/com.android.providers.downloads/cache/metadata-966.htm
07-05 14:32:23.270   545 14532 I DownloadManager: in removeSpuriousFiles, preserving file /data/data/com.android.providers.downloads/cache/metadata-648.htm
07-05 14:32:23.270   545 14532 I DownloadManager: in removeSpuriousFiles, preserving file /data/data/com.android.providers.downloads/cache/metadata-1469.htm
07-05 14:32:23.274   545 14532 I DownloadManager: in removeSpuriousFiles, preserving file /data/data/com.android.providers.downloads/cache/metadata-808.htm
07-05 14:32:23.274   545 14532 I DownloadManager: in removeSpuriousFiles, preserving file /data/data/com.android.providers.downloads/cache/metadata-1041.htm
07-05 14:32:23.274   545 14532 I DownloadManager: in removeSpuriousFiles, preserving file /data/data/com.android.providers.downloads/cache/metadata-1543.htm
07-05 14:32:23.274   545 14532 I DownloadManager: in removeSpuriousFiles, preserving file /data/data/com.android.providers.downloads/cache/metadata-1784.htm
07-05 14:32:23.278   545 14532 I DownloadManager: in removeSpuriousFiles, preserving file /data/data/com.android.providers.downloads/cache/metadata-1255.htm
07-05 14:32:23.278   545 14532 I DownloadManager: in removeSpuriousFiles, preserving file /data/data/com.android.providers.downloads/cache/metadata-909.htm
07-05 14:32:23.278   545 14532 I DownloadManager: in removeSpuriousFiles, preserving file /data/data/com.android.providers.downloads/cache/metadata-953.htm
07-05 14:32:23.282   545 14532 I DownloadManager: in removeSpuriousFiles, preserving file /data/data/com.android.providers.downloads/cache/metadata-4.htm
07-05 14:32:23.282   545 14532 I DownloadManager: in removeSpuriousFiles, preserving file /data/data/com.android.providers.downloads/cache/metadata-19.htm
07-05 14:32:23.282   545 14532 I DownloadManager: in removeSpuriousFiles, preserving file /data/data/com.android.providers.downloads/cache/metadata-308.htm
07-05 14:32:23.282   545 14532 I DownloadManager: in removeSpuriousFiles, preserving file /data/data/com.android.providers.downloads/cache/metadata-2.htm
07-05 14:32:23.282   545 14532 I DownloadManager: in removeSpuriousFiles, preserving file /data/data/com.android.providers.downloads/cache/metadata-13.htm
07-05 14:32:23.282   545 14532 I DownloadManager: in removeSpuriousFiles, preserving file /data/data/com.android.providers.downloads/cache/metadata-28.htm
07-05 14:32:23.282   545 14532 I DownloadManager: in removeSpuriousFiles, preserving file /data/data/com.android.providers.downloads/cache/metadata-23.htm
07-05 14:32:23.282   545 14532 I DownloadManager: in removeSpuriousFiles, preserving file /data/data/com.android.providers.downloads/cache/metadata-35.htm
07-05 14:32:23.282   545 14532 I DownloadManager: in removeSpuriousFiles, preserving file /data/data/com.android.providers.downloads/cache/metadata-46.htm
07-05 14:32:23.282   545 14532 I DownloadManager: in removeSpuriousFiles, preserving file /data/data/com.android.providers.downloads/cache/metadata-69.htm
07-05 14:32:23.282   545 14532 I DownloadManager: in removeSpuriousFiles, preserving file /data/data/com.android.providers.downloads/cache/metadata-285.htm
07-05 14:32:23.282   545 14532 I DownloadManager: in removeSpuriousFiles, preserving file /data/data/com.android.providers.downloads/cache/metadata-49.htm
07-05 14:32:23.282   545 14532 I DownloadManager: in removeSpuriousFiles, preserving file /data/data/com.android.providers.downloads/cache/metadata-267.htm
07-05 14:32:23.282   545 14532 I DownloadManager: in removeSpuriousFiles, preserving file /data/data/com.android.providers.downloads/cache/metadata-290.htm
07-05 14:32:23.282   545 14532 I DownloadManager: in removeSpuriousFiles, preserving file /data/data/com.android.providers.downloads/cache/metadata-607.htm
07-05 14:32:23.282   545 14532 I DownloadManager: in removeSpuriousFiles, preserving file /data/data/com.android.providers.downloads/cache/metadata-534.htm
07-05 14:32:23.282   545 14532 I DownloadManager: in removeSpuriousFiles, preserving file /data/data/com.android.providers.downloads/cache/metadata-56.htm
07-05 14:32:23.282   545 14532 I DownloadManager: in removeSpuriousFiles, preserving file /data/data/com.android.providers.downloads/cache/metadata-471.htm
07-05 14:32:23.282   545 14532 I DownloadManager: in removeSpuriousFiles, preserving file /data/data/com.android.providers.downloads/cache/metadata-1142.htm
07-05 14:32:23.285   545 14532 I DownloadManager: in removeSpuriousFiles, preserving file /data/data/com.android.providers.downloads/cache/metadata-309.htm
07-05 14:32:23.285   545 14532 I DownloadManager: in removeSpuriousFiles, preserving file /data/data/com.android.providers.downloads/cache/metadata-253.htm
07-05 14:32:23.285   545 14532 I DownloadManager: in removeSpuriousFiles, preserving file /data/data/com.android.providers.downloads/cache/metadata-1388.htm
07-05 14:32:23.285   545 14532 I DownloadManager: in removeSpuriousFiles, preserving file /data/data/com.android.providers.downloads/cache/metadata-962.htm
07-05 14:32:23.285   545 14532 I DownloadManager: in removeSpuriousFiles, preserving file /data/data/com.android.providers.downloads/cache/metadata-134.htm
07-05 14:32:23.285   545 14532 I DownloadManager: in removeSpuriousFiles, preserving file /data/data/com.android.providers.downloads/cache/metadata-449.htm
07-05 14:32:23.285   545 14532 I DownloadManager: in removeSpuriousFiles, preserving file /data/data/com.android.providers.downloads/cache/metadata-258.htm
07-05 14:32:23.285   545 14532 I DownloadManager: in removeSpuriousFiles, preserving file /data/data/com.android.providers.downloads/cache/metadata-200.htm
07-05 14:32:23.285   545 14532 I DownloadManager: in removeSpuriousFiles, preserving file /data/data/com.android.providers.downloads/cache/metadata-2170.htm
07-05 14:32:23.285   545 14532 I DownloadManager: in removeSpuriousFiles, preserving file /data/data/com.android.providers.downloads/cache/metadata-95.htm
07-05 14:32:23.289   545 14532 I DownloadManager: in removeSpuriousFiles, preserving file /data/data/com.android.providers.downloads/cache/metadata-223.htm
07-05 14:32:23.289   545 14532 I DownloadManager: in removeSpuriousFiles, preserving file /data/data/com.android.providers.downloads/cache/metadata-936.htm
07-05 14:32:23.289   545 14532 I DownloadManager: in removeSpuriousFiles, preserving file /data/data/com.android.providers.downloads/cache/metadata-110.htm
07-05 14:32:23.289   545 14532 I DownloadManager: in removeSpuriousFiles, preserving file /data/data/com.android.providers.downloads/cache/metadata-389.htm
07-05 14:32:23.289   545 14532 I DownloadManager: in removeSpuriousFiles, preserving file /data/data/com.android.providers.downloads/cache/metadata-279.htm
07-05 14:32:23.289   545 14532 I DownloadManager: in removeSpuriousFiles, preserving file /data/data/com.android.providers.downloads/cache/metadata-2055.htm
07-05 14:32:23.289   545 14532 I DownloadManager: in removeSpuriousFiles, preserving file /data/data/com.android.providers.downloads/cache/metadata-553.htm
07-05 14:32:23.289   545 14532 I DownloadManager: in removeSpuriousFiles, preserving file /data/data/com.android.providers.downloads/cache/metadata-444.htm
07-05 14:32:23.293   545 14532 I DownloadManager: in removeSpuriousFiles, preserving file /data/data/com.android.providers.downloads/cache/metadata-520.htm
07-05 14:32:23.293   545 14532 I DownloadManager: in removeSpuriousFiles, preserving file /data/data/com.android.providers.downloads/cache/metadata-384.htm
07-05 14:32:23.293   545 14532 I DownloadManager: in removeSpuriousFiles, preserving file /data/data/com.android.providers.downloads/cache/metadata-456.htm
07-05 14:32:23.293   545 14532 I DownloadManager: in removeSpuriousFiles, preserving file /data/data/com.android.providers.downloads/cache/metadata-448.htm
07-05 14:32:23.293   545 14532 I DownloadManager: in removeSpuriousFiles, preserving file /data/data/com.android.providers.downloads/cache/metadata-122.htm
07-05 14:32:23.293   545 14532 I DownloadManager: in removeSpuriousFiles, preserving file /data/data/com.android.providers.downloads/cache/metadata-195.htm
07-05 14:32:23.293   545 14532 I DownloadManager: in removeSpuriousFiles, preserving file /data/data/com.android.providers.downloads/cache/metadata-452.htm
07-05 14:32:23.293   545 14532 I DownloadManager: in removeSpuriousFiles, preserving file /data/data/com.android.providers.downloads/cache/metadata-454.htm
07-05 14:32:23.297   545 14532 I DownloadManager: in removeSpuriousFiles, preserving file /data/data/com.android.providers.downloads/cache/metadata-433.htm
07-05 14:32:23.297   545 14532 I DownloadManager: in removeSpuriousFiles, preserving file /data/data/com.android.providers.downloads/cache/metadata-98.htm
07-05 14:32:23.297   545 14532 I DownloadManager: in removeSpuriousFiles, preserving file /data/data/com.android.providers.downloads/cache/metadata-337.htm
07-05 14:32:23.297   545 14532 I DownloadManager: in removeSpuriousFiles, preserving file /data/data/com.android.providers.downloads/cache/metadata-1061.htm
07-05 14:32:23.297   545 14532 I DownloadManager: in removeSpuriousFiles, preserving file /data/data/com.android.providers.downloads/cache/metadata-282.htm
07-05 14:32:23.297   545 14532 I DownloadManager: in removeSpuriousFiles, preserving file /data/data/com.android.providers.downloads/cache/metadata-74.htm
07-05 14:32:23.297   545 14532 I DownloadManager: in removeSpuriousFiles, preserving file /data/data/com.android.providers.downloads/cache/metadata-697.htm
07-05 14:32:23.297   545 14532 I DownloadManager: in removeSpuriousFiles, preserving file /data/data/com.android.providers.downloads/cache/metadata-685.htm
07-05 14:32:23.301   545 14532 I DownloadManager: in removeSpuriousFiles, preserving file /data/data/com.android.providers.downloads/cache/metadata-2020.htm
07-05 14:32:23.301   545 14532 I DownloadManager: in removeSpuriousFiles, preserving file /data/data/com.android.providers.downloads/cache/metadata-1597.htm
07-05 14:32:23.301   545 14532 I DownloadManager: in removeSpuriousFiles, preserving file /data/data/com.android.providers.downloads/cache/metadata-628.htm
07-05 14:32:23.301   545 14532 I DownloadManager: in removeSpuriousFiles, preserving file /data/data/com.android.providers.downloads/cache/metadata-2484.htm
07-05 14:32:23.301   545 14532 I DownloadManager: in removeSpuriousFiles, preserving file /data/data/com.android.providers.downloads/cache/metadata-1442.htm
07-05 14:32:23.301   545 14532 I DownloadManager: in removeSpuriousFiles, preserving file /data/data/com.android.providers.downloads/cache/metadata-807.htm
07-05 14:32:23.301   545 14532 I DownloadManager: in removeSpuriousFiles, preserving file /data/data/com.android.providers.downloads/cache/metadata-260.htm
07-05 14:32:23.305   545 14532 I DownloadManager: in removeSpuriousFiles, preserving file /data/data/com.android.providers.downloads/cache/metadata-378.htm
07-05 14:32:23.305   545 14532 I DownloadManager: in removeSpuriousFiles, preserving file /data/data/com.android.providers.downloads/cache/metadata-1350.htm
07-05 14:32:23.305   545 14532 I DownloadManager: in removeSpuriousFiles, preserving file /data/data/com.android.providers.downloads/cache/metadata-2337.htm
07-05 14:32:23.305   545 14532 I DownloadManager: in removeSpuriousFiles, preserving file /data/data/com.android.providers.downloads/cache/metadata-571.htm
07-05 14:32:23.305   545 14532 I DownloadManager: in removeSpuriousFiles, preserving file /data/data/com.android.providers.downloads/cache/metadata-693.htm
07-05 14:32:23.305   545 14532 I DownloadManager: in removeSpuriousFiles, preserving file /data/data/com.android.providers.downloads/cache/metadata-554.htm
07-05 14:32:23.309   545 14532 I DownloadManager: in removeSpuriousFiles, preserving file /data/data/com.android.providers.downloads/cache/metadata-244.htm
07-05 14:32:23.309   545 14532 I DownloadManager: in removeSpuriousFiles, preserving file /data/data/com.android.providers.downloads/cache/metadata-1318.htm
07-05 14:32:23.309   545 14532 I DownloadManager: in removeSpuriousFiles, preserving file /data/data/com.android.providers.downloads/cache/metadata-679.htm
07-05 14:32:23.309   545 14532 I DownloadManager: in removeSpuriousFiles, preserving file /data/data/com.android.providers.downloads/cache/metadata-355.htm
07-05 14:32:23.309   545 14532 I DownloadManager: in removeSpuriousFiles, preserving file /data/data/com.android.providers.downloads/cache/metadata-1189.htm
07-05 14:32:23.309   545 14532 I DownloadManager: in removeSpuriousFiles, preserving file /data/data/com.android.providers.downloads/cache/metadata-391.htm
07-05 14:32:23.309   545 14532 I DownloadManager: in removeSpuriousFiles, preserving file /data/data/com.android.providers.downloads/cache/metadata-533.htm
07-05 14:32:23.313   545 14532 I DownloadManager: in removeSpuriousFiles, preserving file /data/data/com.android.providers.downloads/cache/metadata-2024.htm
07-05 14:32:23.313   545 14532 I DownloadManager: in removeSpuriousFiles, preserving file /data/data/com.android.providers.downloads/cache/metadata-563.htm
07-05 14:32:23.313   545 14532 I DownloadManager: in removeSpuriousFiles, preserving file /data/data/com.android.providers.downloads/cache/metadata-423.htm
07-05 14:32:23.313   545 14532 I DownloadManager: in removeSpuriousFiles, preserving file /data/data/com.android.providers.downloads/cache/metadata-588.htm
07-05 14:32:23.313   545 14532 I DownloadManager: in removeSpuriousFiles, preserving file /data/data/com.android.providers.downloads/cache/metadata-2022.htm
07-05 14:32:23.313   545 14532 I DownloadManager: in removeSpuriousFiles, preserving file /data/data/com.android.providers.downloads/cache/metadata-1454.htm
07-05 14:32:23.317   545 14532 I DownloadManager: in removeSpuriousFiles, preserving file /data/data/com.android.providers.downloads/cache/metadata-577.htm
07-05 14:32:23.317   545 14532 I DownloadManager: in removeSpuriousFiles, preserving file /data/data/com.android.providers.downloads/cache/metadata-111.htm
07-05 14:32:23.317   545 14532 I DownloadManager: in removeSpuriousFiles, preserving file /data/data/com.android.providers.downloads/cache/metadata-1929.htm
07-05 14:32:23.317   545 14532 I DownloadManager: in removeSpuriousFiles, preserving file /data/data/com.android.providers.downloads/cache/metadata-2322.htm
07-05 14:32:23.317   545 14532 I DownloadManager: in removeSpuriousFiles, preserving file /data/data/com.android.providers.downloads/cache/metadata-302.htm
07-05 14:32:23.317   545 14532 I DownloadManager: in removeSpuriousFiles, preserving file /data/data/com.android.providers.downloads/cache/metadata-1284.htm
07-05 14:32:23.321   545 14532 I DownloadManager: in removeSpuriousFiles, preserving file /data/data/com.android.providers.downloads/cache/metadata-974.htm
07-05 14:32:23.321   545 14532 I DownloadManager: in removeSpuriousFiles, preserving file /data/data/com.android.providers.downloads/cache/metadata-1517.htm
07-05 14:32:23.321   545 14532 I DownloadManager: in removeSpuriousFiles, preserving file /data/data/com.android.providers.downloads/cache/metadata-1162.htm
07-05 14:32:23.321   545 14532 I DownloadManager: in removeSpuriousFiles, preserving file /data/data/com.android.providers.downloads/cache/metadata-1179.htm
07-05 14:32:23.321   545 14532 I DownloadManager: in removeSpuriousFiles, preserving file /data/data/com.android.providers.downloads/cache/metadata-662.htm
07-05 14:32:23.321   545 14532 I DownloadManager: in removeSpuriousFiles, preserving file /data/data/com.android.providers.downloads/cache/metadata-689.htm
07-05 14:32:23.325   545 14532 I DownloadManager: in removeSpuriousFiles, preserving file /data/data/com.android.providers.downloads/cache/metadata-339.htm
07-05 14:32:23.325   545 14532 I DownloadManager: in removeSpuriousFiles, preserving file /data/data/com.android.providers.downloads/cache/metadata-591.htm
07-05 14:32:23.325   545 14532 I DownloadManager: in removeSpuriousFiles, preserving file /data/data/com.android.providers.downloads/cache/metadata-487.htm
07-05 14:32:23.325   545 14532 I DownloadManager: in removeSpuriousFiles, preserving file /data/data/com.android.providers.downloads/cache/metadata-1054.htm
07-05 14:32:23.325   545 14532 I DownloadManager: in removeSpuriousFiles, preserving file /data/data/com.android.providers.downloads/cache/metadata-833.htm
07-05 14:32:23.332   545 14532 I DownloadManager: in removeSpuriousFiles, preserving file /data/data/com.android.providers.downloads/cache/metadata-595.htm
07-05 14:32:23.332   545 14532 I DownloadManager: in removeSpuriousFiles, preserving file /data/data/com.android.providers.downloads/cache/metadata-566.htm
07-05 14:32:23.332   545 14532 I DownloadManager: in removeSpuriousFiles, preserving file /data/data/com.android.providers.downloads/cache/metadata-728.htm
07-05 14:32:23.332   545 14532 I DownloadManager: in removeSpuriousFiles, preserving file /data/data/com.android.providers.downloads/cache/metadata-1269.htm
07-05 14:32:23.332   545 14532 I DownloadManager: in removeSpuriousFiles, preserving file /data/data/com.android.providers.downloads/cache/metadata-1744.htm
07-05 14:32:23.336   545 14532 I DownloadManager: in removeSpuriousFiles, preserving file /data/data/com.android.providers.downloads/cache/metadata-3026.htm
07-05 14:32:23.336   545 14532 I DownloadManager: in removeSpuriousFiles, preserving file /data/data/com.android.providers.downloads/cache/metadata-740.htm
07-05 14:32:23.336   545 14532 I DownloadManager: in removeSpuriousFiles, preserving file /data/data/com.android.providers.downloads/cache/metadata-968.htm
07-05 14:32:23.336   545 14532 I DownloadManager: in removeSpuriousFiles, preserving file /data/data/com.android.providers.downloads/cache/metadata-458.htm
07-05 14:32:23.336   545 14532 I DownloadManager: in removeSpuriousFiles, preserving file /data/data/com.android.providers.downloads/cache/metadata-1273.htm
07-05 14:32:23.340   545 14532 I DownloadManager: in removeSpuriousFiles, preserving file /data/data/com.android.providers.downloads/cache/metadata-1586.htm
07-05 14:32:23.340   545 14532 I DownloadManager: in removeSpuriousFiles, preserving file /data/data/com.android.providers.downloads/cache/metadata-2291.htm
07-05 14:32:23.340   545 14532 I DownloadManager: in removeSpuriousFiles, preserving file /data/data/com.android.providers.downloads/cache/metadata-1010.htm
07-05 14:32:23.340   545 14532 I DownloadManager: in removeSpuriousFiles, preserving file /data/data/com.android.providers.downloads/cache/metadata-1172.htm
07-05 14:32:23.340   545 14532 I DownloadManager: in removeSpuriousFiles, preserving file /data/data/com.android.providers.downloads/cache/metadata-1450.htm
07-05 14:32:23.344   545 14532 I DownloadManager: in removeSpuriousFiles, preserving file /data/data/com.android.providers.downloads/cache/metadata-1857.htm
07-05 14:32:23.344   545 14532 I DownloadManager: in removeSpuriousFiles, preserving file /data/data/com.android.providers.downloads/cache/metadata-1209.htm
07-05 14:32:23.344   545 14532 I DownloadManager: in removeSpuriousFiles, preserving file /data/data/com.android.providers.downloads/cache/metadata-2801.htm
07-05 14:32:23.344   545 14532 I DownloadManager: in removeSpuriousFiles, preserving file /data/data/com.android.providers.downloads/cache/metadata-813.htm
07-05 14:32:23.348   545 14532 I DownloadManager: in removeSpuriousFiles, preserving file /data/data/com.android.providers.downloads/cache/metadata-1083.htm
07-05 14:32:23.348   545 14532 I DownloadManager: in removeSpuriousFiles, preserving file /data/data/com.android.providers.downloads/cache/metadata-574.htm
07-05 14:32:23.348   545 14532 I DownloadManager: in removeSpuriousFiles, preserving file /data/data/com.android.providers.downloads/cache/metadata-1390.htm
07-05 14:32:23.348   545 14532 I DownloadManager: in removeSpuriousFiles, preserving file /data/data/com.android.providers.downloads/cache/metadata-2266.htm
07-05 14:32:23.352   545 14532 I DownloadManager: in removeSpuriousFiles, preserving file /data/data/com.android.providers.downloads/cache/metadata-512.htm
07-05 14:32:23.352   545 14532 I DownloadManager: in removeSpuriousFiles, preserving file /data/data/com.android.providers.downloads/cache/metadata-1896.htm
07-05 14:32:23.352   545 14532 I DownloadManager: in removeSpuriousFiles, preserving file /data/data/com.android.providers.downloads/cache/metadata-855.htm
07-05 14:32:23.352   545 14532 I DownloadManager: in removeSpuriousFiles, preserving file /data/data/com.android.providers.downloads/cache/metadata-9.htm
07-05 14:32:23.352   545 14532 I DownloadManager: in removeSpuriousFiles, preserving file /data/data/com.android.providers.downloads/cache/metadata-34.htm
07-05 14:32:23.352   545 14532 I DownloadManager: in removeSpuriousFiles, preserving file /data/data/com.android.providers.downloads/cache/metadata-8.htm
07-05 14:32:23.352   545 14532 I DownloadManager: in removeSpuriousFiles, preserving file /data/data/com.android.providers.downloads/cache/metadata-15.htm
07-05 14:32:23.352   545 14532 I DownloadManager: in removeSpuriousFiles, preserving file /data/data/com.android.providers.downloads/cache/metadata-36.htm
07-05 14:32:23.352   545 14532 I DownloadManager: in removeSpuriousFiles, preserving file /data/data/com.android.providers.downloads/cache/metadata-47.htm
07-05 14:32:23.356   545 14532 I DownloadManager: in removeSpuriousFiles, preserving file /data/data/com.android.providers.downloads/cache/metadata-420.htm
07-05 14:32:23.356   545 14532 I DownloadManager: in removeSpuriousFiles, preserving file /data/data/com.android.providers.downloads/cache/metadata-55.htm
07-05 14:32:23.356   545 14532 I DownloadManager: in removeSpuriousFiles, preserving file /data/data/com.android.providers.downloads/cache/metadata-431.htm
07-05 14:32:23.356   545 14532 I DownloadManager: in removeSpuriousFiles, preserving file /data/data/com.android.providers.downloads/cache/metadata-496.htm
07-05 14:32:23.356   545 14532 I DownloadManager: in removeSpuriousFiles, preserving file /data/data/com.android.providers.downloads/cache/metadata-41.htm
07-05 14:32:23.356   545 14532 I DownloadManager: in removeSpuriousFiles, preserving file /data/data/com.android.providers.downloads/cache/metadata-559.htm
07-05 14:32:23.356   545 14532 I DownloadManager: in removeSpuriousFiles, preserving file /data/data/com.android.providers.downloads/cache/metadata-624.htm
07-05 14:32:23.356   545 14532 I DownloadManager: in removeSpuriousFiles, preserving file /data/data/com.android.providers.downloads/cache/metadata-58.htm
07-05 14:32:23.356   545 14532 I DownloadManager: in removeSpuriousFiles, preserving file /data/data/com.android.providers.downloads/cache/metadata-1290.htm
07-05 14:32:23.356   545 14532 I DownloadManager: in removeSpuriousFiles, preserving file /data/data/com.android.providers.downloads/cache/metadata-1901.htm
07-05 14:32:23.356   545 14532 I DownloadManager: in removeSpuriousFiles, preserving file /data/data/com.android.providers.downloads/cache/metadata-823.htm
07-05 14:32:23.356   545 14532 I DownloadManager: in removeSpuriousFiles, preserving file /data/data/com.android.providers.downloads/cache/metadata-575.htm
07-05 14:32:23.356   545 14532 I DownloadManager: in removeSpuriousFiles, preserving file /data/data/com.android.providers.downloads/cache/metadata-1177.htm
07-05 14:32:23.356   545 14532 I DownloadManager: in removeSpuriousFiles, preserving file /data/data/com.android.providers.downloads/cache/metadata-341.htm
07-05 14:32:23.356   545 14532 I DownloadManager: in removeSpuriousFiles, preserving file /data/data/com.android.providers.downloads/cache/metadata-564.htm
07-05 14:32:23.356   545 14532 I DownloadManager: in removeSpuriousFiles, preserving file /data/data/com.android.providers.downloads/cache/metadata-581.htm
07-05 14:32:23.360   545 14532 I DownloadManager: in removeSpuriousFiles, preserving file /data/data/com.android.providers.downloads/cache/metadata-549.htm
07-05 14:32:23.360   545 14532 I DownloadManager: in removeSpuriousFiles, preserving file /data/data/com.android.providers.downloads/cache/metadata-1115.htm
07-05 14:32:23.360   545 14532 I DownloadManager: in removeSpuriousFiles, preserving file /data/data/com.android.providers.downloads/cache/metadata-543.htm
07-05 14:32:23.360   545 14532 I DownloadManager: in removeSpuriousFiles, preserving file /data/data/com.android.providers.downloads/cache/metadata-1254.htm
07-05 14:32:23.360   545 14532 I DownloadManager: in removeSpuriousFiles, preserving file /data/data/com.android.providers.downloads/cache/metadata-214.htm
07-05 14:32:23.360   545 14532 I DownloadManager: in removeSpuriousFiles, preserving file /data/data/com.android.providers.downloads/cache/metadata-1248.htm
07-05 14:32:23.360   545 14532 I DownloadManager: in removeSpuriousFiles, preserving file /data/data/com.android.providers.downloads/cache/metadata-816.htm
07-05 14:32:23.360   545 14532 I DownloadManager: in removeSpuriousFiles, preserving file /data/data/com.android.providers.downloads/cache/metadata-464.htm
07-05 14:32:23.360   545 14532 I DownloadManager: in removeSpuriousFiles, preserving file /data/data/com.android.providers.downloads/cache/metadata-425.htm
07-05 14:32:23.364   545 14532 I DownloadManager: in removeSpuriousFiles, preserving file /data/data/com.android.providers.downloads/cache/metadata-376.htm
07-05 14:32:23.364   545 14532 I DownloadManager: in removeSpuriousFiles, preserving file /data/data/com.android.providers.downloads/cache/metadata-414.htm
07-05 14:32:23.364   545 14532 I DownloadManager: in removeSpuriousFiles, preserving file /data/data/com.android.providers.downloads/cache/metadata-1295.htm
07-05 14:32:23.364   545 14532 I DownloadManager: in removeSpuriousFiles, preserving file /data/data/com.android.providers.downloads/cache/metadata-928.htm
07-05 14:32:23.364   545 14532 I DownloadManager: in removeSpuriousFiles, preserving file /data/data/com.android.providers.downloads/cache/metadata-674.htm
07-05 14:32:23.364   545 14532 I DownloadManager: in removeSpuriousFiles, preserving file /data/data/com.android.providers.downloads/cache/metadata-964.htm
07-05 14:32:23.364   545 14532 I DownloadManager: in removeSpuriousFiles, preserving file /data/data/com.android.providers.downloads/cache/metadata-222.htm
07-05 14:32:23.364   545 14532 I DownloadManager: in removeSpuriousFiles, preserving file /data/data/com.android.providers.downloads/cache/metadata-545.htm
07-05 14:32:23.367   545 14532 I DownloadManager: in removeSpuriousFiles, preserving file /data/data/com.android.providers.downloads/cache/metadata-443.htm
07-05 14:32:23.367   545 14532 I DownloadManager: in removeSpuriousFiles, preserving file /data/data/com.android.providers.downloads/cache/metadata-342.htm
07-05 14:32:23.367   545 14532 I DownloadManager: in removeSpuriousFiles, preserving file /data/data/com.android.providers.downloads/cache/metadata-2310.htm
07-05 14:32:23.367   545 14532 I DownloadManager: in removeSpuriousFiles, preserving file /data/data/com.android.providers.downloads/cache/metadata-1199.htm
07-05 14:32:23.367   545 14532 I DownloadManager: in removeSpuriousFiles, preserving file /data/data/com.android.providers.downloads/cache/metadata-2476.htm
07-05 14:32:23.367   545 14532 I DownloadManager: in removeSpuriousFiles, preserving file /data/data/com.android.providers.downloads/cache/metadata-407.htm
07-05 14:32:23.367   545 14532 I DownloadManager: in removeSpuriousFiles, preserving file /data/data/com.android.providers.downloads/cache/metadata-631.htm
07-05 14:32:23.367   545 14532 I DownloadManager: in removeSpuriousFiles, preserving file /data/data/com.android.providers.downloads/cache/metadata-1006.htm
07-05 14:32:23.371   545 14532 I DownloadManager: in removeSpuriousFiles, preserving file /data/data/com.android.providers.downloads/cache/metadata-1349.htm
07-05 14:32:23.371   545 14532 I DownloadManager: in removeSpuriousFiles, preserving file /data/data/com.android.providers.downloads/cache/metadata-1686.htm
07-05 14:32:23.371   545 14532 I DownloadManager: in removeSpuriousFiles, preserving file /data/data/com.android.providers.downloads/cache/metadata-854.htm
07-05 14:32:23.371   545 14532 I DownloadManager: in removeSpuriousFiles, preserving file /data/data/com.android.providers.downloads/cache/metadata-131.htm
07-05 14:32:23.371   545 14532 I DownloadManager: in removeSpuriousFiles, preserving file /data/data/com.android.providers.downloads/cache/metadata-352.htm
07-05 14:32:23.371   545 14532 I DownloadManager: in removeSpuriousFiles, preserving file /data/data/com.android.providers.downloads/cache/metadata-630.htm
07-05 14:32:23.371   545 14532 I DownloadManager: in removeSpuriousFiles, preserving file /data/data/com.android.providers.downloads/cache/metadata-971.htm
07-05 14:32:23.375   545 14532 I DownloadManager: in removeSpuriousFiles, preserving file /data/data/com.android.providers.downloads/cache/metadata-1228.htm
07-05 14:32:23.375   545 14532 I DownloadManager: in removeSpuriousFiles, preserving file /data/data/com.android.providers.downloads/cache/metadata-278.htm
07-05 14:32:23.375   545 14532 I DownloadManager: in removeSpuriousFiles, preserving file /data/data/com.android.providers.downloads/cache/metadata-858.htm
07-05 14:32:23.375   545 14532 I DownloadManager: in removeSpuriousFiles, preserving file /data/data/com.android.providers.downloads/cache/metadata-826.htm
07-05 14:32:23.375   545 14532 I DownloadManager: in removeSpuriousFiles, preserving file /data/data/com.android.providers.downloads/cache/metadata-614.htm
07-05 14:32:23.375   545 14532 I DownloadManager: in removeSpuriousFiles, preserving file /data/data/com.android.providers.downloads/cache/metadata-434.htm
07-05 14:32:23.375   545 14532 I DownloadManager: in removeSpuriousFiles, preserving file /data/data/com.android.providers.downloads/cache/metadata-1022.htm
07-05 14:32:23.379   545 14532 I DownloadManager: in removeSpuriousFiles, preserving file /data/data/com.android.providers.downloads/cache/metadata-597.htm
07-05 14:32:23.379   545 14532 I DownloadManager: in removeSpuriousFiles, preserving file /data/data/com.android.providers.downloads/cache/metadata-166.htm
07-05 14:32:23.379   545 14532 I DownloadManager: in removeSpuriousFiles, preserving file /data/data/com.android.providers.downloads/cache/metadata-450.htm
07-05 14:32:23.379   545 14532 I DownloadManager: in removeSpuriousFiles, preserving file /data/data/com.android.providers.downloads/cache/metadata-1230.htm
07-05 14:32:23.379   545 14532 I DownloadManager: in removeSpuriousFiles, preserving file /data/data/com.android.providers.downloads/cache/metadata-1107.htm
07-05 14:32:23.379   545 14532 I DownloadManager: in removeSpuriousFiles, preserving file /data/data/com.android.providers.downloads/cache/metadata-1303.htm
07-05 14:32:23.379   545 14532 I DownloadManager: in removeSpuriousFiles, preserving file /data/data/com.android.providers.downloads/cache/metadata-393.htm
07-05 14:32:23.383   545 14532 I DownloadManager: in removeSpuriousFiles, preserving file /data/data/com.android.providers.downloads/cache/metadata-1058.htm
07-05 14:32:23.383   545 14532 I DownloadManager: in removeSpuriousFiles, preserving file /data/data/com.android.providers.downloads/cache/metadata-100.htm
07-05 14:32:23.383   545 14532 I DownloadManager: in removeSpuriousFiles, preserving file /data/data/com.android.providers.downloads/cache/metadata-530.htm
07-05 14:32:23.383   545 14532 I DownloadManager: in removeSpuriousFiles, preserving file /data/data/com.android.providers.downloads/cache/metadata-221.htm
07-05 14:32:23.383   545 14532 I DownloadManager: in removeSpuriousFiles, preserving file /data/data/com.android.providers.downloads/cache/metadata-455.htm
07-05 14:32:23.383   545 14532 I DownloadManager: in removeSpuriousFiles, preserving file /data/data/com.android.providers.downloads/cache/metadata-547.htm
07-05 14:32:23.387   545 14532 I DownloadManager: in removeSpuriousFiles, preserving file /data/data/com.android.providers.downloads/cache/metadata-1363.htm
07-05 14:32:23.387   545 14532 I DownloadManager: in removeSpuriousFiles, preserving file /data/data/com.android.providers.downloads/cache/metadata-1719.htm
07-05 14:32:23.387   545 14532 I DownloadManager: in removeSpuriousFiles, preserving file /data/data/com.android.providers.downloads/cache/metadata-1341.htm
07-05 14:32:23.387   545 14532 I DownloadManager: in removeSpuriousFiles, preserving file /data/data/com.android.providers.downloads/cache/metadata-1134.htm
07-05 14:32:23.387   545 14532 I DownloadManager: in removeSpuriousFiles, preserving file /data/data/com.android.providers.downloads/cache/metadata-1681.htm
07-05 14:32:23.387   545 14532 I DownloadManager: in removeSpuriousFiles, preserving file /data/data/com.android.providers.downloads/cache/metadata-542.htm
07-05 14:32:23.391   545 14532 I DownloadManager: in removeSpuriousFiles, preserving file /data/data/com.android.providers.downloads/cache/metadata-1905.htm
07-05 14:32:23.391   545 14532 I DownloadManager: in removeSpuriousFiles, preserving file /data/data/com.android.providers.downloads/cache/metadata-948.htm
07-05 14:32:23.391   545 14532 I DownloadManager: in removeSpuriousFiles, preserving file /data/data/com.android.providers.downloads/cache/metadata-668.htm
07-05 14:32:23.391   545 14532 I DownloadManager: in removeSpuriousFiles, preserving file /data/data/com.android.providers.downloads/cache/metadata-1062.htm
07-05 14:32:23.391   545 14532 I DownloadManager: in removeSpuriousFiles, preserving file /data/data/com.android.providers.downloads/cache/metadata-1546.htm
07-05 14:32:23.391   545 14532 I DownloadManager: in removeSpuriousFiles, preserving file /data/data/com.android.providers.downloads/cache/metadata-129.htm
07-05 14:32:23.395   545 14532 I DownloadManager: in removeSpuriousFiles, preserving file /data/data/com.android.providers.downloads/cache/metadata-981.htm
07-05 14:32:23.395   545 14532 I DownloadManager: in removeSpuriousFiles, preserving file /data/data/com.android.providers.downloads/cache/metadata-912.htm
07-05 14:32:23.395   545 14532 I DownloadManager: in removeSpuriousFiles, preserving file /data/data/com.android.providers.downloads/cache/metadata-1085.htm
07-05 14:32:23.395   545 14532 I DownloadManager: in removeSpuriousFiles, preserving file /data/data/com.android.providers.downloads/cache/metadata-942.htm
07-05 14:32:23.395   545 14532 I DownloadManager: in removeSpuriousFiles, preserving file /data/data/com.android.providers.downloads/cache/metadata-1076.htm
07-05 14:32:23.395   545 14532 I DownloadManager: in removeSpuriousFiles, preserving file /data/data/com.android.providers.downloads/cache/metadata-1237.htm
07-05 14:32:23.399   545 14532 I DownloadManager: in removeSpuriousFiles, preserving file /data/data/com.android.providers.downloads/cache/metadata-1418.htm
07-05 14:32:23.399   545 14532 I DownloadManager: in removeSpuriousFiles, preserving file /data/data/com.android.providers.downloads/cache/metadata-1310.htm
07-05 14:32:23.399   545 14532 I DownloadManager: in removeSpuriousFiles, preserving file /data/data/com.android.providers.downloads/cache/metadata-2162.htm
07-05 14:32:23.399   545 14532 I DownloadManager: in removeSpuriousFiles, preserving file /data/data/com.android.providers.downloads/cache/metadata-1402.htm
07-05 14:32:23.399   545 14532 I DownloadManager: in removeSpuriousFiles, preserving file /data/data/com.android.providers.downloads/cache/metadata-2900.htm
07-05 14:32:23.399   545 14532 I DownloadManager: in removeSpuriousFiles, preserving file /data/data/com.android.providers.downloads/cache/metadata-1108.htm
07-05 14:32:23.403   545 14532 I DownloadManager: in removeSpuriousFiles, preserving file /data/data/com.android.providers.downloads/cache/metadata-2225.htm
07-05 14:32:23.403   545 14532 I DownloadManager: in removeSpuriousFiles, preserving file /data/data/com.android.providers.downloads/cache/metadata-1366.htm
07-05 14:32:23.403   545 14532 I DownloadManager: in removeSpuriousFiles, preserving file /data/data/com.android.providers.downloads/cache/metadata-1264.htm
07-05 14:32:23.403   545 14532 I DownloadManager: in removeSpuriousFiles, preserving file /data/data/com.android.providers.downloads/cache/metadata-519.htm
07-05 14:32:23.403   545 14532 I DownloadManager: in removeSpuriousFiles, preserving file /data/data/com.android.providers.downloads/cache/metadata-596.htm
07-05 14:32:23.407   545 14532 I DownloadManager: in removeSpuriousFiles, preserving file /data/data/com.android.providers.downloads/cache/metadata-1345.htm
07-05 14:32:23.407   545 14532 I DownloadManager: in removeSpuriousFiles, preserving file /data/data/com.android.providers.downloads/cache/metadata-1285.htm
07-05 14:32:23.407   545 14532 I DownloadManager: in removeSpuriousFiles, preserving file /data/data/com.android.providers.downloads/cache/metadata-1624.htm
07-05 14:32:23.442   545   548 D dalvikvm: GC_CONCURRENT freed 467K, 7% free 10930K/11719K, paused 3ms+6ms
07-05 14:32:23.442   545 14532 I DownloadManager: in removeSpuriousFiles, preserving file /data/data/com.android.providers.downloads/cache/metadata-1092.htm
07-05 14:32:23.442   545 14532 I DownloadManager: in removeSpuriousFiles, preserving file /data/data/com.android.providers.downloads/cache/metadata-1417.htm
07-05 14:32:23.442   545 14532 I DownloadManager: in removeSpuriousFiles, preserving file /data/data/com.android.providers.downloads/cache/metadata-1257.htm
07-05 14:32:23.442   545 14532 I DownloadManager: in removeSpuriousFiles, preserving file /data/data/com.android.providers.downloads/cache/metadata-2700.htm
07-05 14:32:23.442   545 14532 I DownloadManager: in removeSpuriousFiles, preserving file /data/data/com.android.providers.downloads/cache/metadata-1043.htm
07-05 14:32:23.446   545 14532 I DownloadManager: in removeSpuriousFiles, preserving file /data/data/com.android.providers.downloads/cache/metadata-1576.htm
07-05 14:32:23.446   545 14532 I DownloadManager: in removeSpuriousFiles, preserving file /data/data/com.android.providers.downloads/cache/metadata-2785.htm
07-05 14:32:23.446   545 14532 I DownloadManager: in removeSpuriousFiles, preserving file /data/data/com.android.providers.downloads/cache/metadata-515.htm
07-05 14:32:23.446   545 14532 I DownloadManager: in removeSpuriousFiles, preserving file /data/data/com.android.providers.downloads/cache/metadata-2164.htm
07-05 14:32:23.453   545 14532 I DownloadManager: in removeSpuriousFiles, preserving file /data/data/com.android.providers.downloads/cache/metadata-584.htm
07-05 14:32:23.453   545 14532 I DownloadManager: in removeSpuriousFiles, preserving file /data/data/com.android.providers.downloads/cache/metadata-541.htm
07-05 14:32:23.453   545 14532 I DownloadManager: in removeSpuriousFiles, preserving file /data/data/com.android.providers.downloads/cache/metadata-1859.htm
07-05 14:32:23.453   545 14532 I DownloadManager: in removeSpuriousFiles, preserving file /data/data/com.android.providers.downloads/cache/metadata-1439.htm
07-05 14:32:23.453   545 14532 I DownloadManager: in removeSpuriousFiles, preserving file /data/data/com.android.providers.downloads/cache/metadata-2326.htm
07-05 14:32:23.457   545 14532 I DownloadManager: in removeSpuriousFiles, preserving file /data/data/com.android.providers.downloads/cache/metadata-778.htm
07-05 14:32:23.457   545 14532 I DownloadManager: in removeSpuriousFiles, preserving file /data/data/com.android.providers.downloads/cache/metadata-1278.htm
07-05 14:32:23.457   545 14532 I DownloadManager: in removeSpuriousFiles, preserving file /data/data/com.android.providers.downloads/cache/metadata-2860.htm
07-05 14:32:23.457   545 14532 I DownloadManager: in removeSpuriousFiles, preserving file /data/data/com.android.providers.downloads/cache/metadata-1389.htm
07-05 14:32:23.461   545 14532 I DownloadManager: in removeSpuriousFiles, preserving file /data/data/com.android.providers.downloads/cache/metadata-24.htm
07-05 14:32:23.461   545 14532 I DownloadManager: in removeSpuriousFiles, preserving file /data/data/com.android.providers.downloads/cache/metadata-54.htm
07-05 14:32:23.461   545 14532 I DownloadManager: in removeSpuriousFiles, preserving file /data/data/com.android.providers.downloads/cache/metadata-5.htm
07-05 14:32:23.461   545 14532 I DownloadManager: in removeSpuriousFiles, preserving file /data/data/com.android.providers.downloads/cache/metadata-16.htm
07-05 14:32:23.461   545 14532 I DownloadManager: in removeSpuriousFiles, preserving file /data/data/com.android.providers.downloads/cache/metadata-59.htm
07-05 14:32:23.461   545 14532 I DownloadManager: in removeSpuriousFiles, preserving file /data/data/com.android.providers.downloads/cache/metadata-21.htm
07-05 14:32:23.461   545 14532 I DownloadManager: in removeSpuriousFiles, preserving file /data/data/com.android.providers.downloads/cache/metadata-12.htm
07-05 14:32:23.461   545 14532 I DownloadManager: in removeSpuriousFiles, preserving file /data/data/com.android.providers.downloads/cache/metadata-1518.htm
07-05 14:32:23.461   545 14532 I DownloadManager: in removeSpuriousFiles, preserving file /data/data/com.android.providers.downloads/cache/metadata-511.htm
07-05 14:32:23.461   545 14532 I DownloadManager: in removeSpuriousFiles, preserving file /data/data/com.android.providers.downloads/cache/metadata-415.htm
07-05 14:32:23.461   545 14532 I DownloadManager: in removeSpuriousFiles, preserving file /data/data/com.android.providers.downloads/cache/metadata-22.htm
07-05 14:32:23.461   545 14532 I DownloadManager: in removeSpuriousFiles, preserving file /data/data/com.android.providers.downloads/cache/metadata-879.htm
07-05 14:32:23.461   545 14532 I DownloadManager: in removeSpuriousFiles, preserving file /data/data/com.android.providers.downloads/cache/metadata-1153.htm
07-05 14:32:23.461   545 14532 I DownloadManager: in removeSpuriousFiles, preserving file /data/data/com.android.providers.downloads/cache/metadata-503.htm
07-05 14:32:23.461   545 14532 I DownloadManager: in removeSpuriousFiles, preserving file /data/data/com.android.providers.downloads/cache/metadata-130.htm
07-05 14:32:23.461   545 14532 I DownloadManager: in removeSpuriousFiles, preserving file /data/data/com.android.providers.downloads/cache/metadata-421.htm
07-05 14:32:23.461   545 14532 I DownloadManager: in removeSpuriousFiles, preserving file /data/data/com.android.providers.downloads/cache/metadata-1239.htm
07-05 14:32:23.461   545 14532 I DownloadManager: in removeSpuriousFiles, preserving file /data/data/com.android.providers.downloads/cache/metadata-1970.htm
07-05 14:32:23.461   545 14532 I DownloadManager: in removeSpuriousFiles, preserving file /data/data/com.android.providers.downloads/cache/metadata-610.htm
07-05 14:32:23.461   545 14532 I DownloadManager: in removeSpuriousFiles, preserving file /data/data/com.android.providers.downloads/cache/metadata-539.htm
07-05 14:32:23.461   545 14532 I DownloadManager: in removeSpuriousFiles, preserving file /data/data/com.android.providers.downloads/cache/metadata-837.htm
07-05 14:32:23.465   545 14532 I DownloadManager: in removeSpuriousFiles, preserving file /data/data/com.android.providers.downloads/cache/metadata-11.htm
07-05 14:32:23.465   545 14532 I DownloadManager: in removeSpuriousFiles, preserving file /data/data/com.android.providers.downloads/cache/metadata-325.htm
07-05 14:32:23.465   545 14532 I DownloadManager: in removeSpuriousFiles, preserving file /data/data/com.android.providers.downloads/cache/metadata-1427.htm
07-05 14:32:23.465   545 14532 I DownloadManager: in removeSpuriousFiles, preserving file /data/data/com.android.providers.downloads/cache/metadata-586.htm
07-05 14:32:23.465   545 14532 I DownloadManager: in removeSpuriousFiles, preserving file /data/data/com.android.providers.downloads/cache/metadata-62.htm
07-05 14:32:23.465   545 14532 I DownloadManager: in removeSpuriousFiles, preserving file /data/data/com.android.providers.downloads/cache/metadata-513.htm
07-05 14:32:23.465   545 14532 I DownloadManager: in removeSpuriousFiles, preserving file /data/data/com.android.providers.downloads/cache/metadata-538.htm
07-05 14:32:23.465   545 14532 I DownloadManager: in removeSpuriousFiles, preserving file /data/data/com.android.providers.downloads/cache/metadata-583.htm
07-05 14:32:23.465   545 14532 I DownloadManager: in removeSpuriousFiles, preserving file /data/data/com.android.providers.downloads/cache/metadata-416.htm
07-05 14:32:23.465   545 14532 I DownloadManager: in removeSpuriousFiles, preserving file /data/data/com.android.providers.downloads/cache/metadata-736.htm
07-05 14:32:23.469   545 14532 I DownloadManager: in removeSpuriousFiles, preserving file /data/data/com.android.providers.downloads/cache/metadata-1243.htm
07-05 14:32:23.469   545 14532 I DownloadManager: in removeSpuriousFiles, preserving file /data/data/com.android.providers.downloads/cache/metadata-499.htm
07-05 14:32:23.469   545 14532 I DownloadManager: in removeSpuriousFiles, preserving file /data/data/com.android.providers.downloads/cache/metadata-639.htm
07-05 14:32:23.469   545 14532 I DownloadManager: in removeSpuriousFiles, preserving file /data/data/com.android.providers.downloads/cache/metadata-529.htm
07-05 14:32:23.469   545 14532 I DownloadManager: in removeSpuriousFiles, preserving file /data/data/com.android.providers.downloads/cache/metadata-1365.htm
07-05 14:32:23.469   545 14532 I DownloadManager: in removeSpuriousFiles, preserving file /data/data/com.android.providers.downloads/cache/metadata-177.htm
07-05 14:32:23.469   545 14532 I DownloadManager: in removeSpuriousFiles, preserving file /data/data/com.android.providers.downloads/cache/metadata-230.htm
07-05 14:32:23.469   545 14532 I DownloadManager: in removeSpuriousFiles, preserving file /data/data/com.android.providers.downloads/cache/metadata-1788.htm
07-05 14:32:23.473   545 14532 I DownloadManager: in removeSpuriousFiles, preserving file /data/data/com.android.providers.downloads/cache/metadata-470.htm
07-05 14:32:23.473   545 14532 I DownloadManager: in removeSpuriousFiles, preserving file /data/data/com.android.providers.downloads/cache/metadata-561.htm
07-05 14:32:23.473   545 14532 I DownloadManager: in removeSpuriousFiles, preserving file /data/data/com.android.providers.downloads/cache/metadata-935.htm
07-05 14:32:23.473   545 14532 I DownloadManager: in removeSpuriousFiles, preserving file /data/data/com.android.providers.downloads/cache/metadata-501.htm
07-05 14:32:23.473   545 14532 I DownloadManager: in removeSpuriousFiles, preserving file /data/data/com.android.providers.downloads/cache/metadata-1443.htm
07-05 14:32:23.473   545 14532 I DownloadManager: in removeSpuriousFiles, preserving file /data/data/com.android.providers.downloads/cache/metadata-259.htm
07-05 14:32:23.473   545 14532 I DownloadManager: in removeSpuriousFiles, preserving file /data/data/com.android.providers.downloads/cache/metadata-1709.htm
07-05 14:32:23.473   545 14532 I DownloadManager: in removeSpuriousFiles, preserving file /data/data/com.android.providers.downloads/cache/metadata-765.htm
07-05 14:32:23.477   545 14532 I DownloadManager: in removeSpuriousFiles, preserving file /data/data/com.android.providers.downloads/cache/metadata-905.htm
07-05 14:32:23.477   545 14532 I DownloadManager: in removeSpuriousFiles, preserving file /data/data/com.android.providers.downloads/cache/metadata-1432.htm
07-05 14:32:23.477   545 14532 I DownloadManager: in removeSpuriousFiles, preserving file /data/data/com.android.providers.downloads/cache/metadata-735.htm
07-05 14:32:23.477   545 14532 I DownloadManager: in removeSpuriousFiles, preserving file /data/data/com.android.providers.downloads/cache/metadata-67.htm
07-05 14:32:23.477   545 14532 I DownloadManager: in removeSpuriousFiles, preserving file /data/data/com.android.providers.downloads/cache/metadata-324.htm
07-05 14:32:23.477   545 14532 I DownloadManager: in removeSpuriousFiles, preserving file /data/data/com.android.providers.downloads/cache/metadata-199.htm
07-05 14:32:23.477   545 14532 I DownloadManager: in removeSpuriousFiles, preserving file /data/data/com.android.providers.downloads/cache/metadata-2159.htm
07-05 14:32:23.481   545 14532 I DownloadManager: in removeSpuriousFiles, preserving file /data/data/com.android.providers.downloads/cache/metadata-1214.htm
07-05 14:32:23.481   545 14532 I DownloadManager: in removeSpuriousFiles, preserving file /data/data/com.android.providers.downloads/cache/metadata-1012.htm
07-05 14:32:23.481   545 14532 I DownloadManager: in removeSpuriousFiles, preserving file /data/data/com.android.providers.downloads/cache/metadata-751.htm
07-05 14:32:23.481   545 14532 I DownloadManager: in removeSpuriousFiles, preserving file /data/data/com.android.providers.downloads/cache/metadata-379.htm
07-05 14:32:23.481   545 14532 I DownloadManager: in removeSpuriousFiles, preserving file /data/data/com.android.providers.downloads/cache/metadata-442.htm
07-05 14:32:23.481   545 14532 I DownloadManager: in removeSpuriousFiles, preserving file /data/data/com.android.providers.downloads/cache/metadata-611.htm
07-05 14:32:23.481   545 14532 I DownloadManager: in removeSpuriousFiles, preserving file /data/data/com.android.providers.downloads/cache/metadata-1770.htm
07-05 14:32:23.485   545 14532 I DownloadManager: in removeSpuriousFiles, preserving file /data/data/com.android.providers.downloads/cache/metadata-91.htm
07-05 14:32:23.485   545 14532 I DownloadManager: in removeSpuriousFiles, preserving file /data/data/com.android.providers.downloads/cache/metadata-569.htm
07-05 14:32:23.485   545 14532 I DownloadManager: in removeSpuriousFiles, preserving file /data/data/com.android.providers.downloads/cache/metadata-99.htm
07-05 14:32:23.485   545 14532 I DownloadManager: in removeSpuriousFiles, preserving file /data/data/com.android.providers.downloads/cache/metadata-623.htm
07-05 14:32:23.485   545 14532 I DownloadManager: in removeSpuriousFiles, preserving file /data/data/com.android.providers.downloads/cache/metadata-1292.htm
07-05 14:32:23.485   545 14532 I DownloadManager: in removeSpuriousFiles, preserving file /data/data/com.android.providers.downloads/cache/metadata-1797.htm
07-05 14:32:23.485   545 14532 I DownloadManager: in removeSpuriousFiles, preserving file /data/data/com.android.providers.downloads/cache/metadata-897.htm
07-05 14:32:23.489   545 14532 I DownloadManager: in removeSpuriousFiles, preserving file /data/data/com.android.providers.downloads/cache/metadata-1804.htm
07-05 14:32:23.489   545 14532 I DownloadManager: in removeSpuriousFiles, preserving file /data/data/com.android.providers.downloads/cache/metadata-299.htm
07-05 14:32:23.489   545 14532 I DownloadManager: in removeSpuriousFiles, preserving file /data/data/com.android.providers.downloads/cache/metadata-922.htm
07-05 14:32:23.489   545 14532 I DownloadManager: in removeSpuriousFiles, preserving file /data/data/com.android.providers.downloads/cache/metadata-1154.htm
07-05 14:32:23.489   545 14532 I DownloadManager: in removeSpuriousFiles, preserving file /data/data/com.android.providers.downloads/cache/metadata-1852.htm
07-05 14:32:23.489   545 14532 I DownloadManager: in removeSpuriousFiles, preserving file /data/data/com.android.providers.downloads/cache/metadata-521.htm
07-05 14:32:23.489   545 14532 I DownloadManager: in removeSpuriousFiles, preserving file /data/data/com.android.providers.downloads/cache/metadata-560.htm
07-05 14:32:23.492   545 14532 I DownloadManager: in removeSpuriousFiles, preserving file /data/data/com.android.providers.downloads/cache/metadata-2176.htm
07-05 14:32:23.492   545 14532 I DownloadManager: in removeSpuriousFiles, preserving file /data/data/com.android.providers.downloads/cache/metadata-1086.htm
07-05 14:32:23.492   545 14532 I DownloadManager: in removeSpuriousFiles, preserving file /data/data/com.android.providers.downloads/cache/metadata-954.htm
07-05 14:32:23.492   545 14532 I DownloadManager: in removeSpuriousFiles, preserving file /data/data/com.android.providers.downloads/cache/metadata-557.htm
07-05 14:32:23.492   545 14532 I DownloadManager: in removeSpuriousFiles, preserving file /data/data/com.android.providers.downloads/cache/metadata-1200.htm
07-05 14:32:23.492   545 14532 I DownloadManager: in removeSpuriousFiles, preserving file /data/data/com.android.providers.downloads/cache/metadata-1138.htm
07-05 14:32:23.496   545 14532 I DownloadManager: in removeSpuriousFiles, preserving file /data/data/com.android.providers.downloads/cache/metadata-1429.htm
07-05 14:32:23.496   545 14532 I DownloadManager: in removeSpuriousFiles, preserving file /data/data/com.android.providers.downloads/cache/metadata-1297.htm
07-05 14:32:23.496   545 14532 I DownloadManager: in removeSpuriousFiles, preserving file /data/data/com.android.providers.downloads/cache/metadata-1534.htm
07-05 14:32:23.496   545 14532 I DownloadManager: in removeSpuriousFiles, preserving file /data/data/com.android.providers.downloads/cache/metadata-836.htm
07-05 14:32:23.496   545 14532 I DownloadManager: in removeSpuriousFiles, preserving file /data/data/com.android.providers.downloads/cache/metadata-1455.htm
07-05 14:32:23.496   545 14532 I DownloadManager: in removeSpuriousFiles, preserving file /data/data/com.android.providers.downloads/cache/metadata-1999.htm
07-05 14:32:23.496   545 14532 I DownloadManager: in removeSpuriousFiles, preserving file /data/data/com.android.providers.downloads/cache/metadata-1075.htm
07-05 14:32:23.500   545 14532 I DownloadManager: in removeSpuriousFiles, preserving file /data/data/com.android.providers.downloads/cache/metadata-884.htm
07-05 14:32:23.500   545 14532 I DownloadManager: in removeSpuriousFiles, preserving file /data/data/com.android.providers.downloads/cache/metadata-1055.htm
07-05 14:32:23.500   545 14532 I DownloadManager: in removeSpuriousFiles, preserving file /data/data/com.android.providers.downloads/cache/metadata-641.htm
07-05 14:32:23.500   545 14532 I DownloadManager: in removeSpuriousFiles, preserving file /data/data/com.android.providers.downloads/cache/metadata-2132.htm
07-05 14:32:23.500   545 14532 I DownloadManager: in removeSpuriousFiles, preserving file /data/data/com.android.providers.downloads/cache/metadata-750.htm
07-05 14:32:23.500   545 14532 I DownloadManager: in removeSpuriousFiles, preserving file /data/data/com.android.providers.downloads/cache/metadata-413.htm
07-05 14:32:23.504   545 14532 I DownloadManager: in removeSpuriousFiles, preserving file /data/data/com.android.providers.downloads/cache/metadata-1275.htm
07-05 14:32:23.504   545 14532 I DownloadManager: in removeSpuriousFiles, preserving file /data/data/com.android.providers.downloads/cache/metadata-676.htm
07-05 14:32:23.504   545 14532 I DownloadManager: in removeSpuriousFiles, preserving file /data/data/com.android.providers.downloads/cache/metadata-724.htm
07-05 14:32:23.504   545 14532 I DownloadManager: in removeSpuriousFiles, preserving file /data/data/com.android.providers.downloads/cache/metadata-1602.htm
07-05 14:32:23.504   545 14532 I DownloadManager: in removeSpuriousFiles, preserving file /data/data/com.android.providers.downloads/cache/metadata-1884.htm
07-05 14:32:23.504   545 14532 I DownloadManager: in removeSpuriousFiles, preserving file /data/data/com.android.providers.downloads/cache/metadata-911.htm
07-05 14:32:23.508   545 14532 I DownloadManager: in removeSpuriousFiles, preserving file /data/data/com.android.providers.downloads/cache/metadata-994.htm
07-05 14:32:23.508   545 14532 I DownloadManager: in removeSpuriousFiles, preserving file /data/data/com.android.providers.downloads/cache/metadata-594.htm
07-05 14:32:23.508   545 14532 I DownloadManager: in removeSpuriousFiles, preserving file /data/data/com.android.providers.downloads/cache/metadata-866.htm
07-05 14:32:23.508   545 14532 I DownloadManager: in removeSpuriousFiles, preserving file /data/data/com.android.providers.downloads/cache/metadata-1422.htm
07-05 14:32:23.508   545 14532 I DownloadManager: in removeSpuriousFiles, preserving file /data/data/com.android.providers.downloads/cache/metadata-1316.htm
07-05 14:32:23.512   545 14532 I DownloadManager: in removeSpuriousFiles, preserving file /data/data/com.android.providers.downloads/cache/metadata-1430.htm
07-05 14:32:23.512   545 14532 I DownloadManager: in removeSpuriousFiles, preserving file /data/data/com.android.providers.downloads/cache/metadata-820.htm
07-05 14:32:23.512   545 14532 I DownloadManager: in removeSpuriousFiles, preserving file /data/data/com.android.providers.downloads/cache/metadata-814.htm
07-05 14:32:23.512   545 14532 I DownloadManager: in removeSpuriousFiles, preserving file /data/data/com.android.providers.downloads/cache/metadata-1047.htm
07-05 14:32:23.512   545 14532 I DownloadManager: in removeSpuriousFiles, preserving file /data/data/com.android.providers.downloads/cache/metadata-1283.htm
07-05 14:32:23.512   545 14532 I DownloadManager: in removeSpuriousFiles, preserving file /data/data/com.android.providers.downloads/cache/metadata-1662.htm
07-05 14:32:23.516   545 14532 I DownloadManager: in removeSpuriousFiles, preserving file /data/data/com.android.providers.downloads/cache/metadata-1462.htm
07-05 14:32:23.516   545 14532 I DownloadManager: in removeSpuriousFiles, preserving file /data/data/com.android.providers.downloads/cache/metadata-1424.htm
07-05 14:32:23.516   545 14532 I DownloadManager: in removeSpuriousFiles, preserving file /data/data/com.android.providers.downloads/cache/metadata-1151.htm
07-05 14:32:23.516   545 14532 I DownloadManager: in removeSpuriousFiles, preserving file /data/data/com.android.providers.downloads/cache/metadata-1475.htm
07-05 14:32:23.516   545 14532 I DownloadManager: in removeSpuriousFiles, preserving file /data/data/com.android.providers.downloads/cache/metadata-670.htm
07-05 14:32:23.520   545 14532 I DownloadManager: in removeSpuriousFiles, preserving file /data/data/com.android.providers.downloads/cache/metadata-2137.htm
07-05 14:32:23.520   545 14532 I DownloadManager: in removeSpuriousFiles, preserving file /data/data/com.android.providers.downloads/cache/metadata-1176.htm
07-05 14:32:23.520   545 14532 I DownloadManager: in removeSpuriousFiles, preserving file /data/data/com.android.providers.downloads/cache/metadata-1460.htm
07-05 14:32:23.520   545 14532 I DownloadManager: in removeSpuriousFiles, preserving file /data/data/com.android.providers.downloads/cache/metadata-1434.htm
07-05 14:32:23.520   545 14532 I DownloadManager: in removeSpuriousFiles, preserving file /data/data/com.android.providers.downloads/cache/metadata-1064.htm
07-05 14:32:23.524   545 14532 I DownloadManager: in removeSpuriousFiles, preserving file /data/data/com.android.providers.downloads/cache/metadata-772.htm
07-05 14:32:23.524   545 14532 I DownloadManager: in removeSpuriousFiles, preserving file /data/data/com.android.providers.downloads/cache/metadata-1011.htm
07-05 14:32:23.524   545 14532 I DownloadManager: in removeSpuriousFiles, preserving file /data/data/com.android.providers.downloads/cache/metadata-1185.htm
07-05 14:32:23.524   545 14532 I DownloadManager: in removeSpuriousFiles, preserving file /data/data/com.android.providers.downloads/cache/metadata-2298.htm
07-05 14:32:23.524   545 14532 I DownloadManager: in removeSpuriousFiles, preserving file /data/data/com.android.providers.downloads/cache/metadata-1.htm
07-05 14:32:23.524   545 14532 I DownloadManager: in removeSpuriousFiles, preserving file /data/data/com.android.providers.downloads/cache/metadata-40.htm
07-05 14:32:23.524   545 14532 I DownloadManager: in removeSpuriousFiles, preserving file /data/data/com.android.providers.downloads/cache/metadata-42.htm
07-05 14:32:23.528   545 14532 I DownloadManager: in removeSpuriousFiles, preserving file /data/data/com.android.providers.downloads/cache/metadata-37.htm
07-05 14:32:23.528   545 14532 I DownloadManager: in removeSpuriousFiles, preserving file /data/data/com.android.providers.downloads/cache/metadata-1191.htm
07-05 14:32:23.528   545 14532 I DownloadManager: in removeSpuriousFiles, preserving file /data/data/com.android.providers.downloads/cache/metadata-44.htm
07-05 14:32:23.528   545 14532 I DownloadManager: in removeSpuriousFiles, preserving file /data/data/com.android.providers.downloads/cache/metadata-57.htm
07-05 14:32:23.528   545 14532 I DownloadManager: in removeSpuriousFiles, preserving file /data/data/com.android.providers.downloads/cache/metadata-71.htm
07-05 14:32:23.528   545 14532 I DownloadManager: in removeSpuriousFiles, preserving file /data/data/com.android.providers.downloads/cache/metadata-437.htm
07-05 14:32:23.528   545 14532 I DownloadManager: in removeSpuriousFiles, preserving file /data/data/com.android.providers.downloads/cache/metadata-53.htm
07-05 14:32:23.528   545 14532 I DownloadManager: in removeSpuriousFiles, preserving file /data/data/com.android.providers.downloads/cache/metadata-739.htm
07-05 14:32:23.528   545 14532 I DownloadManager: in removeSpuriousFiles, preserving file /data/data/com.android.providers.downloads/cache/metadata-205.htm
07-05 14:32:23.528   545 14532 I DownloadManager: in removeSpuriousFiles, preserving file /data/data/com.android.providers.downloads/cache/metadata-114.htm
07-05 14:32:23.528   545 14532 I DownloadManager: in removeSpuriousFiles, preserving file /data/data/com.android.providers.downloads/cache/metadata-151.htm
07-05 14:32:23.528   545 14532 I DownloadManager: in removeSpuriousFiles, preserving file /data/data/com.android.providers.downloads/cache/metadata-120.htm
07-05 14:32:23.528   545 14532 I DownloadManager: in removeSpuriousFiles, preserving file /data/data/com.android.providers.downloads/cache/metadata-319.htm
07-05 14:32:23.528   545 14532 I DownloadManager: in removeSpuriousFiles, preserving file /data/data/com.android.providers.downloads/cache/metadata-1554.htm
07-05 14:32:23.528   545 14532 I DownloadManager: in removeSpuriousFiles, preserving file /data/data/com.android.providers.downloads/cache/metadata-800.htm
07-05 14:32:23.528   545 14532 I DownloadManager: in removeSpuriousFiles, preserving file /data/data/com.android.providers.downloads/cache/metadata-143.htm
07-05 14:32:23.528   545 14532 I DownloadManager: in removeSpuriousFiles, preserving file /data/data/com.android.providers.downloads/cache/metadata-497.htm
07-05 14:32:23.528   545 14532 I DownloadManager: in removeSpuriousFiles, preserving file /data/data/com.android.providers.downloads/cache/metadata-201.htm
07-05 14:32:23.528   545 14532 I DownloadManager: in removeSpuriousFiles, preserving file /data/data/com.android.providers.downloads/cache/metadata-395.htm
07-05 14:32:23.528   545 14532 I DownloadManager: in removeSpuriousFiles, preserving file /data/data/com.android.providers.downloads/cache/metadata-68.htm
07-05 14:32:23.528   545 14532 I DownloadManager: in removeSpuriousFiles, preserving file /data/data/com.android.providers.downloads/cache/metadata-145.htm
07-05 14:32:23.528   545 14532 I DownloadManager: in removeSpuriousFiles, preserving file /data/data/com.android.providers.downloads/cache/metadata-430.htm
07-05 14:32:23.528   545 14532 I DownloadManager: in removeSpuriousFiles, preserving file /data/data/com.android.providers.downloads/cache/metadata-139.htm
07-05 14:32:23.528   545 14532 I DownloadManager: in removeSpuriousFiles, preserving file /data/data/com.android.providers.downloads/cache/metadata-398.htm
07-05 14:32:23.528   545 14532 I DownloadManager: in removeSpuriousFiles, preserving file /data/data/com.android.providers.downloads/cache/metadata-215.htm
07-05 14:32:23.528   545 14532 I DownloadManager: in removeSpuriousFiles, preserving file /data/data/com.android.providers.downloads/cache/metadata-1234.htm
07-05 14:32:23.535   545 14532 I DownloadManager: in removeSpuriousFiles, preserving file /data/data/com.android.providers.downloads/cache/metadata-960.htm
07-05 14:32:23.535   545 14532 I DownloadManager: in removeSpuriousFiles, preserving file /data/data/com.android.providers.downloads/cache/metadata-2120.htm
07-05 14:32:23.535   545 14532 I DownloadManager: in removeSpuriousFiles, preserving file /data/data/com.android.providers.downloads/cache/metadata-161.htm
07-05 14:32:23.535   545 14532 I DownloadManager: in removeSpuriousFiles, preserving file /data/data/com.android.providers.downloads/cache/metadata-225.htm
07-05 14:32:23.535   545 14532 I DownloadManager: in removeSpuriousFiles, preserving file /data/data/com.android.providers.downloads/cache/metadata-703.htm
07-05 14:32:23.535   545 14532 I DownloadManager: in removeSpuriousFiles, preserving file /data/data/com.android.providers.downloads/cache/metadata-1155.htm
07-05 14:32:23.535   545 14532 I DownloadManager: in removeSpuriousFiles, preserving file /data/data/com.android.providers.downloads/cache/metadata-949.htm
07-05 14:32:23.535   545 14532 I DownloadManager: in removeSpuriousFiles, preserving file /data/data/com.android.providers.downloads/cache/metadata-70.htm
07-05 14:32:23.535   545 14532 I DownloadManager: in removeSpuriousFiles, preserving file /data/data/com.android.providers.downloads/cache/metadata-125.htm
07-05 14:32:23.535   545 14532 I DownloadManager: in removeSpuriousFiles, preserving file /data/data/com.android.providers.downloads/cache/metadata-219.htm
07-05 14:32:23.535   545 14532 I DownloadManager: in removeSpuriousFiles, preserving file /data/data/com.android.providers.downloads/cache/metadata-1143.htm
07-05 14:32:23.535   545 14532 I DownloadManager: in removeSpuriousFiles, preserving file /data/data/com.android.providers.downloads/cache/metadata-135.htm
07-05 14:32:23.539   545 14532 I DownloadManager: in removeSpuriousFiles, preserving file /data/data/com.android.providers.downloads/cache/metadata-1077.htm
07-05 14:32:23.539   545 14532 I DownloadManager: in removeSpuriousFiles, preserving file /data/data/com.android.providers.downloads/cache/metadata-1300.htm
07-05 14:32:23.539   545 14532 I DownloadManager: in removeSpuriousFiles, preserving file /data/data/com.android.providers.downloads/cache/metadata-555.htm
07-05 14:32:23.539   545 14532 I DownloadManager: in removeSpuriousFiles, preserving file /data/data/com.android.providers.downloads/cache/metadata-315.htm
07-05 14:32:23.539   545 14532 I DownloadManager: in removeSpuriousFiles, preserving file /data/data/com.android.providers.downloads/cache/metadata-491.htm
07-05 14:32:23.539   545 14532 I DownloadManager: in removeSpuriousFiles, preserving file /data/data/com.android.providers.downloads/cache/metadata-185.htm
07-05 14:32:23.539   545 14532 I DownloadManager: in removeSpuriousFiles, preserving file /data/data/com.android.providers.downloads/cache/metadata-174.htm
07-05 14:32:23.539   545 14532 I DownloadManager: in removeSpuriousFiles, preserving file /data/data/com.android.providers.downloads/cache/metadata-762.htm
07-05 14:32:23.539   545 14532 I DownloadManager: in removeSpuriousFiles, preserving file /data/data/com.android.providers.downloads/cache/metadata-2249.htm
07-05 14:32:23.543   545 14532 I DownloadManager: in removeSpuriousFiles, preserving file /data/data/com.android.providers.downloads/cache/metadata-124.htm
07-05 14:32:23.543   545 14532 I DownloadManager: in removeSpuriousFiles, preserving file /data/data/com.android.providers.downloads/cache/metadata-1280.htm
07-05 14:32:23.543   545 14532 I DownloadManager: in removeSpuriousFiles, preserving file /data/data/com.android.providers.downloads/cache/metadata-1864.htm
07-05 14:32:23.543   545 14532 I DownloadManager: in removeSpuriousFiles, preserving file /data/data/com.android.providers.downloads/cache/metadata-1146.htm
07-05 14:32:23.543   545 14532 I DownloadManager: in removeSpuriousFiles, preserving file /data/data/com.android.providers.downloads/cache/metadata-1048.htm
07-05 14:32:23.543   545 14532 I DownloadManager: in removeSpuriousFiles, preserving file /data/data/com.android.providers.downloads/cache/metadata-761.htm
07-05 14:32:23.543   545 14532 I DownloadManager: in removeSpuriousFiles, preserving file /data/data/com.android.providers.downloads/cache/metadata-89.htm
07-05 14:32:23.543   545 14532 I DownloadManager: in removeSpuriousFiles, preserving file /data/data/com.android.providers.downloads/cache/metadata-1385.htm
07-05 14:32:23.547   545 14532 I DownloadManager: in removeSpuriousFiles, preserving file /data/data/com.android.providers.downloads/cache/metadata-892.htm
07-05 14:32:23.547   545 14532 I DownloadManager: in removeSpuriousFiles, preserving file /data/data/com.android.providers.downloads/cache/metadata-540.htm
07-05 14:32:23.547   545 14532 I DownloadManager: in removeSpuriousFiles, preserving file /data/data/com.android.providers.downloads/cache/metadata-990.htm
07-05 14:32:23.547   545 14532 I DownloadManager: in removeSpuriousFiles, preserving file /data/data/com.android.providers.downloads/cache/metadata-1173.htm
07-05 14:32:23.547   545 14532 I DownloadManager: in removeSpuriousFiles, preserving file /data/data/com.android.providers.downloads/cache/metadata-252.htm
07-05 14:32:23.547   545 14532 I DownloadManager: in removeSpuriousFiles, preserving file /data/data/com.android.providers.downloads/cache/metadata-769.htm
07-05 14:32:23.547   545 14532 I DownloadManager: in removeSpuriousFiles, preserving file /data/data/com.android.providers.downloads/cache/metadata-601.htm
07-05 14:32:23.547   545 14532 I DownloadManager: in removeSpuriousFiles, preserving file /data/data/com.android.providers.downloads/cache/metadata-1451.htm
07-05 14:32:23.551   545 14532 I DownloadManager: in removeSpuriousFiles, preserving file /data/data/com.android.providers.downloads/cache/metadata-1706.htm
07-05 14:32:23.551   545 14532 I DownloadManager: in removeSpuriousFiles, preserving file /data/data/com.android.providers.downloads/cache/metadata-1412.htm
07-05 14:32:23.551   545 14532 I DownloadManager: in removeSpuriousFiles, preserving file /data/data/com.android.providers.downloads/cache/metadata-1978.htm
07-05 14:32:23.551   545 14532 I DownloadManager: in removeSpuriousFiles, preserving file /data/data/com.android.providers.downloads/cache/metadata-466.htm
07-05 14:32:23.551   545 14532 I DownloadManager: in removeSpuriousFiles, preserving file /data/data/com.android.providers.downloads/cache/metadata-196.htm
07-05 14:32:23.551   545 14532 I DownloadManager: in removeSpuriousFiles, preserving file /data/data/com.android.providers.downloads/cache/metadata-1181.htm
07-05 14:32:23.551   545 14532 I DownloadManager: in removeSpuriousFiles, preserving file /data/data/com.android.providers.downloads/cache/metadata-2283.htm
07-05 14:32:23.551   545 14532 I DownloadManager: in removeSpuriousFiles, preserving file /data/data/com.android.providers.downloads/cache/metadata-2201.htm
07-05 14:32:23.555   545 14532 I DownloadManager: in removeSpuriousFiles, preserving file /data/data/com.android.providers.downloads/cache/metadata-522.htm
07-05 14:32:23.555   545 14532 I DownloadManager: in removeSpuriousFiles, preserving file /data/data/com.android.providers.downloads/cache/metadata-1111.htm
07-05 14:32:23.555   545 14532 I DownloadManager: in removeSpuriousFiles, preserving file /data/data/com.android.providers.downloads/cache/metadata-1829.htm
07-05 14:32:23.555   545 14532 I DownloadManager: in removeSpuriousFiles, preserving file /data/data/com.android.providers.downloads/cache/metadata-1101.htm
07-05 14:32:23.555   545 14532 I DownloadManager: in removeSpuriousFiles, preserving file /data/data/com.android.providers.downloads/cache/metadata-77.htm
07-05 14:32:23.555   545 14532 I DownloadManager: in removeSpuriousFiles, preserving file /data/data/com.android.providers.downloads/cache/metadata-687.htm
07-05 14:32:23.555   545 14532 I DownloadManager: in removeSpuriousFiles, preserving file /data/data/com.android.providers.downloads/cache/metadata-2229.htm
07-05 14:32:23.559   545 14532 I DownloadManager: in removeSpuriousFiles, preserving file /data/data/com.android.providers.downloads/cache/metadata-822.htm
07-05 14:32:23.559   545 14532 I DownloadManager: in removeSpuriousFiles, preserving file /data/data/com.android.providers.downloads/cache/metadata-878.htm
07-05 14:32:23.559   545 14532 I DownloadManager: in removeSpuriousFiles, preserving file /data/data/com.android.providers.downloads/cache/metadata-773.htm
07-05 14:32:23.559   545 14532 I DownloadManager: in removeSpuriousFiles, preserving file /data/data/com.android.providers.downloads/cache/metadata-1769.htm
07-05 14:32:23.559   545 14532 I DownloadManager: in removeSpuriousFiles, preserving file /data/data/com.android.providers.downloads/cache/metadata-1380.htm
07-05 14:32:23.559   545 14532 I DownloadManager: in removeSpuriousFiles, preserving file /data/data/com.android.providers.downloads/cache/metadata-1216.htm
07-05 14:32:23.559   545 14532 I DownloadManager: in removeSpuriousFiles, preserving file /data/data/com.android.providers.downloads/cache/metadata-1909.htm
07-05 14:32:23.563   545 14532 I DownloadManager: in removeSpuriousFiles, preserving file /data/data/com.android.providers.downloads/cache/metadata-1221.htm
07-05 14:32:23.563   545 14532 I DownloadManager: in removeSpuriousFiles, preserving file /data/data/com.android.providers.downloads/cache/metadata-527.htm
07-05 14:32:23.563   545 14532 I DownloadManager: in removeSpuriousFiles, preserving file /data/data/com.android.providers.downloads/cache/metadata-1392.htm
07-05 14:32:23.563   545 14532 I DownloadManager: in removeSpuriousFiles, preserving file /data/data/com.android.providers.downloads/cache/metadata-1021.htm
07-05 14:32:23.563   545 14532 I DownloadManager: in removeSpuriousFiles, preserving file /data/data/com.android.providers.downloads/cache/metadata-786.htm
07-05 14:32:23.563   545 14532 I DownloadManager: in removeSpuriousFiles, preserving file /data/data/com.android.providers.downloads/cache/metadata-609.htm
07-05 14:32:23.563   545 14532 I DownloadManager: in removeSpuriousFiles, preserving file /data/data/com.android.providers.downloads/cache/metadata-1779.htm
07-05 14:32:23.567   545 14532 I DownloadManager: in removeSpuriousFiles, preserving file /data/data/com.android.providers.downloads/cache/metadata-666.htm
07-05 14:32:23.567   545 14532 I DownloadManager: in removeSpuriousFiles, preserving file /data/data/com.android.providers.downloads/cache/metadata-933.htm
07-05 14:32:23.567   545 14532 I DownloadManager: in removeSpuriousFiles, preserving file /data/data/com.android.providers.downloads/cache/metadata-1381.htm
07-05 14:32:23.567   545 14532 I DownloadManager: in removeSpuriousFiles, preserving file /data/data/com.android.providers.downloads/cache/metadata-1203.htm
07-05 14:32:23.567   545 14532 I DownloadManager: in removeSpuriousFiles, preserving file /data/data/com.android.providers.downloads/cache/metadata-734.htm
07-05 14:32:23.567   545 14532 I DownloadManager: in removeSpuriousFiles, preserving file /data/data/com.android.providers.downloads/cache/metadata-207.htm
07-05 14:32:23.567   545 14532 I DownloadManager: in removeSpuriousFiles, preserving file /data/data/com.android.providers.downloads/cache/metadata-181.htm
07-05 14:32:23.571   545 14532 I DownloadManager: in removeSpuriousFiles, preserving file /data/data/com.android.providers.downloads/cache/metadata-712.htm
07-05 14:32:23.571   545 14532 I DownloadManager: in removeSpuriousFiles, preserving file /data/data/com.android.providers.downloads/cache/metadata-1796.htm
07-05 14:32:23.571   545 14532 I DownloadManager: in removeSpuriousFiles, preserving file /data/data/com.android.providers.downloads/cache/metadata-1348.htm
07-05 14:32:23.571   545 14532 I DownloadManager: in removeSpuriousFiles, preserving file /data/data/com.android.providers.downloads/cache/metadata-1606.htm
07-05 14:32:23.571   545 14532 I DownloadManager: in removeSpuriousFiles, preserving file /data/data/com.android.providers.downloads/cache/metadata-317.htm
07-05 14:32:23.571   545 14532 I DownloadManager: in removeSpuriousFiles, preserving file /data/data/com.android.providers.downloads/cache/metadata-1036.htm
07-05 14:32:23.575   545 14532 I DownloadManager: in removeSpuriousFiles, preserving file /data/data/com.android.providers.downloads/cache/metadata-643.htm
07-05 14:32:23.575   545 14532 I DownloadManager: in removeSpuriousFiles, preserving file /data/data/com.android.providers.downloads/cache/metadata-1322.htm
07-05 14:32:23.575   545 14532 I DownloadManager: in removeSpuriousFiles, preserving file /data/data/com.android.providers.downloads/cache/metadata-1477.htm
07-05 14:32:23.575   545 14532 I DownloadManager: in removeSpuriousFiles, preserving file /data/data/com.android.providers.downloads/cache/metadata-1317.htm
07-05 14:32:23.575   545 14532 I DownloadManager: in removeSpuriousFiles, preserving file /data/data/com.android.providers.downloads/cache/metadata-876.htm
07-05 14:32:23.575   545 14532 I DownloadManager: in removeSpuriousFiles, preserving file /data/data/com.android.providers.downloads/cache/metadata-2077.htm
07-05 14:32:23.575   545 14532 I DownloadManager: in removeSpuriousFiles, preserving file /data/data/com.android.providers.downloads/cache/metadata-965.htm
07-05 14:32:23.578   545 14532 I DownloadManager: in removeSpuriousFiles, preserving file /data/data/com.android.providers.downloads/cache/metadata-1880.htm
07-05 14:32:23.578   545 14532 I DownloadManager: in removeSpuriousFiles, preserving file /data/data/com.android.providers.downloads/cache/metadata-1145.htm
07-05 14:32:23.578   545 14532 I DownloadManager: in removeSpuriousFiles, preserving file /data/data/com.android.providers.downloads/cache/metadata-727.htm
07-05 14:32:23.578   545 14532 I DownloadManager: in removeSpuriousFiles, preserving file /data/data/com.android.providers.downloads/cache/metadata-209.htm
07-05 14:32:23.578   545 14532 I DownloadManager: in removeSpuriousFiles, preserving file /data/data/com.android.providers.downloads/cache/metadata-667.htm
07-05 14:32:23.582   545 14532 I DownloadManager: in removeSpuriousFiles, preserving file /data/data/com.android.providers.downloads/cache/metadata-1302.htm
07-05 14:32:23.582   545 14532 I DownloadManager: in removeSpuriousFiles, preserving file /data/data/com.android.providers.downloads/cache/metadata-1071.htm
07-05 14:32:23.582   545 14532 I DownloadManager: in removeSpuriousFiles, preserving file /data/data/com.android.providers.downloads/cache/metadata-495.htm
07-05 14:32:23.582   545 14532 I DownloadManager: in removeSpuriousFiles, preserving file /data/data/com.android.providers.downloads/cache/metadata-664.htm
07-05 14:32:23.582   545 14532 I DownloadManager: in removeSpuriousFiles, preserving file /data/data/com.android.providers.downloads/cache/metadata-25.htm
07-05 14:32:23.582   545 14532 I DownloadManager: in removeSpuriousFiles, preserving file /data/data/com.android.providers.downloads/cache/metadata-142.htm
07-05 14:32:23.582   545 14532 I DownloadManager: in removeSpuriousFiles, preserving file /data/data/com.android.providers.downloads/cache/metadata-32.htm
07-05 14:32:23.582   545 14532 I DownloadManager: in removeSpuriousFiles, preserving file /data/data/com.android.providers.downloads/cache/metadata-17.htm
07-05 14:32:23.582   545 14532 I DownloadManager: in removeSpuriousFiles, preserving file /data/data/com.android.providers.downloads/cache/metadata-216.htm
07-05 14:32:23.582   545 14532 I DownloadManager: in removeSpuriousFiles, preserving file /data/data/com.android.providers.downloads/cache/metadata-372.htm
07-05 14:32:23.582   545 14532 I DownloadManager: in removeSpuriousFiles, preserving file /data/data/com.android.providers.downloads/cache/metadata-297.htm
07-05 14:32:23.582   545 14532 I DownloadManager: in removeSpuriousFiles, preserving file /data/data/com.android.providers.downloads/cache/metadata-45.htm
07-05 14:32:23.582   545 14532 I DownloadManager: in removeSpuriousFiles, preserving file /data/data/com.android.providers.downloads/cache/metadata-51.htm
07-05 14:32:23.582   545 14532 I DownloadManager: in removeSpuriousFiles, preserving file /data/data/com.android.providers.downloads/cache/metadata-153.htm
07-05 14:32:23.582   545 14532 I DownloadManager: in removeSpuriousFiles, preserving file /data/data/com.android.providers.downloads/cache/metadata-164.htm
07-05 14:32:23.582   545 14532 I DownloadManager: in removeSpuriousFiles, preserving file /data/data/com.android.providers.downloads/cache/metadata-82.htm
07-05 14:32:23.586   545 14532 I DownloadManager: in removeSpuriousFiles, preserving file /data/data/com.android.providers.downloads/cache/metadata-63.htm
07-05 14:32:23.586   545 14532 I DownloadManager: in removeSpuriousFiles, preserving file /data/data/com.android.providers.downloads/cache/metadata-1540.htm
07-05 14:32:23.586   545 14532 I DownloadManager: in removeSpuriousFiles, preserving file /data/data/com.android.providers.downloads/cache/metadata-182.htm
07-05 14:32:23.586   545 14532 I DownloadManager: in removeSpuriousFiles, preserving file /data/data/com.android.providers.downloads/cache/metadata-72.htm
07-05 14:32:23.586   545 14532 I DownloadManager: in removeSpuriousFiles, preserving file /data/data/com.android.providers.downloads/cache/metadata-1132.htm
07-05 14:32:23.586   545 14532 I DownloadManager: in removeSpuriousFiles, preserving file /data/data/com.android.providers.downloads/cache/metadata-241.htm
07-05 14:32:23.586   545 14532 I DownloadManager: in removeSpuriousFiles, preserving file /data/data/com.android.providers.downloads/cache/metadata-292.htm
07-05 14:32:23.586   545 14532 I DownloadManager: in removeSpuriousFiles, preserving file /data/data/com.android.providers.downloads/cache/metadata-141.htm
07-05 14:32:23.586   545 14532 I DownloadManager: in removeSpuriousFiles, preserving file /data/data/com.android.providers.downloads/cache/metadata-1007.htm
07-05 14:32:23.586   545 14532 I DownloadManager: in removeSpuriousFiles, preserving file /data/data/com.android.providers.downloads/cache/metadata-1227.htm
07-05 14:32:23.586   545 14532 I DownloadManager: in removeSpuriousFiles, preserving file /data/data/com.android.providers.downloads/cache/metadata-565.htm
07-05 14:32:23.586   545 14532 I DownloadManager: in removeSpuriousFiles, preserving file /data/data/com.android.providers.downloads/cache/metadata-2018.htm
07-05 14:32:23.586   545 14532 I DownloadManager: in removeSpuriousFiles, preserving file /data/data/com.android.providers.downloads/cache/metadata-1360.htm
07-05 14:32:23.586   545 14532 I DownloadManager: in removeSpuriousFiles, preserving file /data/data/com.android.providers.downloads/cache/metadata-90.htm
07-05 14:32:23.586   545 14532 I DownloadManager: in removeSpuriousFiles, preserving file /data/data/com.android.providers.downloads/cache/metadata-1307.htm
07-05 14:32:23.586   545 14532 I DownloadManager: in removeSpuriousFiles, preserving file /data/data/com.android.providers.downloads/cache/metadata-345.htm
07-05 14:32:23.586   545 14532 I DownloadManager: in removeSpuriousFiles, preserving file /data/data/com.android.providers.downloads/cache/metadata-447.htm
07-05 14:32:23.586   545 14532 I DownloadManager: in removeSpuriousFiles, preserving file /data/data/com.android.providers.downloads/cache/metadata-348.htm
07-05 14:32:23.586   545 14532 I DownloadManager: in removeSpuriousFiles, preserving file /data/data/com.android.providers.downloads/cache/metadata-362.htm
07-05 14:32:23.586   545 14532 I DownloadManager: in removeSpuriousFiles, preserving file /data/data/com.android.providers.downloads/cache/metadata-412.htm
07-05 14:32:23.586   545 14532 I DownloadManager: in removeSpuriousFiles, preserving file /data/data/com.android.providers.downloads/cache/metadata-123.htm
07-05 14:32:23.586   545 14532 I DownloadManager: in removeSpuriousFiles, preserving file /data/data/com.android.providers.downloads/cache/metadata-1291.htm
07-05 14:32:23.586   545 14532 I DownloadManager: in removeSpuriousFiles, preserving file /data/data/com.android.providers.downloads/cache/metadata-184.htm
07-05 14:32:23.586   545 14532 I DownloadManager: in removeSpuriousFiles, preserving file /data/data/com.android.providers.downloads/cache/metadata-1023.htm
07-05 14:32:23.586   545 14532 I DownloadManager: in removeSpuriousFiles, preserving file /data/data/com.android.providers.downloads/cache/metadata-295.htm
07-05 14:32:23.590   545 14532 I DownloadManager: in removeSpuriousFiles, preserving file /data/data/com.android.providers.downloads/cache/metadata-251.htm
07-05 14:32:23.590   545 14532 I DownloadManager: in removeSpuriousFiles, preserving file /data/data/com.android.providers.downloads/cache/metadata-702.htm
07-05 14:32:23.590   545 14532 I DownloadManager: in removeSpuriousFiles, preserving file /data/data/com.android.providers.downloads/cache/metadata-291.htm
07-05 14:32:23.590   545 14532 I DownloadManager: in removeSpuriousFiles, preserving file /data/data/com.android.providers.downloads/cache/metadata-1800.htm
07-05 14:32:23.590   545 14532 I DownloadManager: in removeSpuriousFiles, preserving file /data/data/com.android.providers.downloads/cache/metadata-226.htm
07-05 14:32:23.590   545 14532 I DownloadManager: in removeSpuriousFiles, preserving file /data/data/com.android.providers.downloads/cache/metadata-1252.htm
07-05 14:32:23.590   545 14532 I DownloadManager: in removeSpuriousFiles, preserving file /data/data/com.android.providers.downloads/cache/metadata-78.htm
07-05 14:32:23.590   545 14532 I DownloadManager: in removeSpuriousFiles, preserving file /data/data/com.android.providers.downloads/cache/metadata-245.htm
07-05 14:32:23.590   545 14532 I DownloadManager: in removeSpuriousFiles, preserving file /data/data/com.android.providers.downloads/cache/metadata-672.htm
07-05 14:32:23.590   545 14532 I DownloadManager: in removeSpuriousFiles, preserving file /data/data/com.android.providers.downloads/cache/metadata-150.htm
07-05 14:32:23.590   545 14532 I DownloadManager: in removeSpuriousFiles, preserving file /data/data/com.android.providers.downloads/cache/metadata-194.htm
07-05 14:32:23.590   545 14532 I DownloadManager: in removeSpuriousFiles, preserving file /data/data/com.android.providers.downloads/cache/metadata-1231.htm
07-05 14:32:23.590   545 14532 I DownloadManager: in removeSpuriousFiles, preserving file /data/data/com.android.providers.downloads/cache/metadata-248.htm
07-05 14:32:23.590   545 14532 I DownloadManager: in removeSpuriousFiles, preserving file /data/data/com.android.providers.downloads/cache/metadata-445.htm
07-05 14:32:23.594   545 14532 I DownloadManager: in removeSpuriousFiles, preserving file /data/data/com.android.providers.downloads/cache/metadata-531.htm
07-05 14:32:23.594   545 14532 I DownloadManager: in removeSpuriousFiles, preserving file /data/data/com.android.providers.downloads/cache/metadata-598.htm
07-05 14:32:23.594   545 14532 I DownloadManager: in removeSpuriousFiles, preserving file /data/data/com.android.providers.downloads/cache/metadata-366.htm
07-05 14:32:23.594   545 14532 I DownloadManager: in removeSpuriousFiles, preserving file /data/data/com.android.providers.downloads/cache/metadata-1568.htm
07-05 14:32:23.594   545 14532 I DownloadManager: in removeSpuriousFiles, preserving file /data/data/com.android.providers.downloads/cache/metadata-645.htm
07-05 14:32:23.594   545 14532 I DownloadManager: in removeSpuriousFiles, preserving file /data/data/com.android.providers.downloads/cache/metadata-312.htm
07-05 14:32:23.594   545 14532 I DownloadManager: in removeSpuriousFiles, preserving file /data/data/com.android.providers.downloads/cache/metadata-1479.htm
07-05 14:32:23.594   545 14532 I DownloadManager: in removeSpuriousFiles, preserving file /data/data/com.android.providers.downloads/cache/metadata-257.htm
07-05 14:32:23.594   545 14532 I DownloadManager: in removeSpuriousFiles, preserving file /data/data/com.android.providers.downloads/cache/metadata-371.htm
07-05 14:32:23.594   545 14532 I DownloadManager: in removeSpuriousFiles, preserving file /data/data/com.android.providers.downloads/cache/metadata-718.htm
07-05 14:32:23.598   545 14532 I DownloadManager: in removeSpuriousFiles, preserving file /data/data/com.android.providers.downloads/cache/metadata-334.htm
07-05 14:32:23.598   545 14532 I DownloadManager: in removeSpuriousFiles, preserving file /data/data/com.android.providers.downloads/cache/metadata-320.htm
07-05 14:32:23.598   545 14532 I DownloadManager: in removeSpuriousFiles, preserving file /data/data/com.android.providers.downloads/cache/metadata-978.htm
07-05 14:32:23.598   545 14532 I DownloadManager: in removeSpuriousFiles, preserving file /data/data/com.android.providers.downloads/cache/metadata-890.htm
07-05 14:32:23.598   545 14532 I DownloadManager: in removeSpuriousFiles, preserving file /data/data/com.android.providers.downloads/cache/metadata-1882.htm
07-05 14:32:23.598   545 14532 I DownloadManager: in removeSpuriousFiles, preserving file /data/data/com.android.providers.downloads/cache/metadata-1764.htm
07-05 14:32:23.598   545 14532 I DownloadManager: in removeSpuriousFiles, preserving file /data/data/com.android.providers.downloads/cache/metadata-1211.htm
07-05 14:32:23.598   545 14532 I DownloadManager: in removeSpuriousFiles, preserving file /data/data/com.android.providers.downloads/cache/metadata-926.htm
07-05 14:32:23.598   545 14532 I DownloadManager: in removeSpuriousFiles, preserving file /data/data/com.android.providers.downloads/cache/metadata-327.htm
07-05 14:32:23.598   545 14532 I DownloadManager: in removeSpuriousFiles, preserving file /data/data/com.android.providers.downloads/cache/metadata-394.htm
07-05 14:32:23.602   545 14532 I DownloadManager: in removeSpuriousFiles, preserving file /data/data/com.android.providers.downloads/cache/metadata-2253.htm
07-05 14:32:23.602   545 14532 I DownloadManager: in removeSpuriousFiles, preserving file /data/data/com.android.providers.downloads/cache/metadata-1482.htm
07-05 14:32:23.602   545 14532 I DownloadManager: in removeSpuriousFiles, preserving file /data/data/com.android.providers.downloads/cache/metadata-749.htm
07-05 14:32:23.602   545 14532 I DownloadManager: in removeSpuriousFiles, preserving file /data/data/com.android.providers.downloads/cache/metadata-2203.htm
07-05 14:32:23.602   545 14532 I DownloadManager: in removeSpuriousFiles, preserving file /data/data/com.android.providers.downloads/cache/metadata-2312.htm
07-05 14:32:23.602   545 14532 I DownloadManager: in removeSpuriousFiles, preserving file /data/data/com.android.providers.downloads/cache/metadata-576.htm
07-05 14:32:23.602   545 14532 I DownloadManager: in removeSpuriousFiles, preserving file /data/data/com.android.providers.downloads/cache/metadata-2216.htm
07-05 14:32:23.602   545 14532 I DownloadManager: in removeSpuriousFiles, preserving file /data/data/com.android.providers.downloads/cache/metadata-1814.htm
07-05 14:32:23.602   545 14532 I DownloadManager: in removeSpuriousFiles, preserving file /data/data/com.android.providers.downloads/cache/metadata-1121.htm
07-05 14:32:23.606   545 14532 I DownloadManager: in removeSpuriousFiles, preserving file /data/data/com.android.providers.downloads/cache/metadata-148.htm
07-05 14:32:23.606   545 14532 I DownloadManager: in removeSpuriousFiles, preserving file /data/data/com.android.providers.downloads/cache/metadata-1223.htm
07-05 14:32:23.606   545 14532 I DownloadManager: in removeSpuriousFiles, preserving file /data/data/com.android.providers.downloads/cache/metadata-1046.htm
07-05 14:32:23.606   545 14532 I DownloadManager: in removeSpuriousFiles, preserving file /data/data/com.android.providers.downloads/cache/metadata-1113.htm
07-05 14:32:23.606   545 14532 I DownloadManager: in removeSpuriousFiles, preserving file /data/data/com.android.providers.downloads/cache/metadata-109.htm
07-05 14:32:23.606   545 14532 I DownloadManager: in removeSpuriousFiles, preserving file /data/data/com.android.providers.downloads/cache/metadata-650.htm
07-05 14:32:23.606   545 14532 I DownloadManager: in removeSpuriousFiles, preserving file /data/data/com.android.providers.downloads/cache/metadata-1496.htm
07-05 14:32:23.606   545 14532 I DownloadManager: in removeSpuriousFiles, preserving file /data/data/com.android.providers.downloads/cache/metadata-625.htm
07-05 14:32:23.614   545 14532 I DownloadManager: in removeSpuriousFiles, preserving file /data/data/com.android.providers.downloads/cache/metadata-1936.htm
07-05 14:32:23.614   545 14532 I DownloadManager: in removeSpuriousFiles, preserving file /data/data/com.android.providers.downloads/cache/metadata-713.htm
07-05 14:32:23.614   545 14532 I DownloadManager: in removeSpuriousFiles, preserving file /data/data/com.android.providers.downloads/cache/metadata-1735.htm
07-05 14:32:23.614   545 14532 I DownloadManager: in removeSpuriousFiles, preserving file /data/data/com.android.providers.downloads/cache/metadata-1078.htm
07-05 14:32:23.614   545 14532 I DownloadManager: in removeSpuriousFiles, preserving file /data/data/com.android.providers.downloads/cache/metadata-991.htm
07-05 14:32:23.614   545 14532 I DownloadManager: in removeSpuriousFiles, preserving file /data/data/com.android.providers.downloads/cache/metadata-1608.htm
07-05 14:32:23.614   545 14532 I DownloadManager: in removeSpuriousFiles, preserving file /data/data/com.android.providers.downloads/cache/metadata-385.htm
07-05 14:32:23.614   545 14532 I DownloadManager: in removeSpuriousFiles, preserving file /data/data/com.android.providers.downloads/cache/metadata-1304.htm
07-05 14:32:23.617   545 14532 I DownloadManager: in removeSpuriousFiles, preserving file /data/data/com.android.providers.downloads/cache/metadata-758.htm
07-05 14:32:23.617   545 14532 I DownloadManager: in removeSpuriousFiles, preserving file /data/data/com.android.providers.downloads/cache/metadata-1757.htm
07-05 14:32:23.617   545 14532 I DownloadManager: in removeSpuriousFiles, preserving file /data/data/com.android.providers.downloads/cache/metadata-678.htm
07-05 14:32:23.617   545 14532 I DownloadManager: in removeSpuriousFiles, preserving file /data/data/com.android.providers.downloads/cache/metadata-997.htm
07-05 14:32:23.617   545 14532 I DownloadManager: in removeSpuriousFiles, preserving file /data/data/com.android.providers.downloads/cache/metadata-1598.htm
07-05 14:32:23.617   545 14532 I DownloadManager: in removeSpuriousFiles, preserving file /data/data/com.android.providers.downloads/cache/metadata-1218.htm
07-05 14:32:23.617   545 14532 I DownloadManager: in removeSpuriousFiles, preserving file /data/data/com.android.providers.downloads/cache/metadata-1222.htm
07-05 14:32:23.617   545 14532 I DownloadManager: in removeSpuriousFiles, preserving file /data/data/com.android.providers.downloads/cache/metadata-590.htm
07-05 14:32:23.621   545 14532 I DownloadManager: in removeSpuriousFiles, preserving file /data/data/com.android.providers.downloads/cache/metadata-2040.htm
07-05 14:32:23.621   545 14532 I DownloadManager: in removeSpuriousFiles, preserving file /data/data/com.android.providers.downloads/cache/metadata-1094.htm
07-05 14:32:23.621   545 14532 I DownloadManager: in removeSpuriousFiles, preserving file /data/data/com.android.providers.downloads/cache/metadata-1324.htm
07-05 14:32:23.621   545 14532 I DownloadManager: in removeSpuriousFiles, preserving file /data/data/com.android.providers.downloads/cache/metadata-852.htm
07-05 14:32:23.621   545 14532 I DownloadManager: in removeSpuriousFiles, preserving file /data/data/com.android.providers.downloads/cache/metadata-1406.htm
07-05 14:32:23.621   545 14532 I DownloadManager: in removeSpuriousFiles, preserving file /data/data/com.android.providers.downloads/cache/metadata-1289.htm
07-05 14:32:23.621   545 14532 I DownloadManager: in removeSpuriousFiles, preserving file /data/data/com.android.providers.downloads/cache/metadata-656.htm
07-05 14:32:23.621   545 14532 I DownloadManager: in removeSpuriousFiles, preserving file /data/data/com.android.providers.downloads/cache/metadata-1026.htm
07-05 14:32:23.625   545 14532 I DownloadManager: in removeSpuriousFiles, preserving file /data/data/com.android.providers.downloads/cache/metadata-1419.htm
07-05 14:32:23.625   545 14532 I DownloadManager: in removeSpuriousFiles, preserving file /data/data/com.android.providers.downloads/cache/metadata-1906.htm
07-05 14:32:23.625   545 14532 I DownloadManager: in removeSpuriousFiles, preserving file /data/data/com.android.providers.downloads/cache/metadata-439.htm
07-05 14:32:23.625   545 14532 I DownloadManager: in removeSpuriousFiles, preserving file /data/data/com.android.providers.downloads/cache/metadata-1160.htm
07-05 14:32:23.625   545 14532 I DownloadManager: in removeSpuriousFiles, preserving file /data/data/com.android.providers.downloads/cache/metadata-1233.htm
07-05 14:32:23.625   545 14532 I DownloadManager: in removeSpuriousFiles, preserving file /data/data/com.android.providers.downloads/cache/metadata-1212.htm
07-05 14:32:23.625   545 14532 I DownloadManager: in removeSpuriousFiles, preserving file /data/data/com.android.providers.downloads/cache/metadata-1004.htm
07-05 14:32:23.629   545 14532 I DownloadManager: in removeSpuriousFiles, preserving file /data/data/com.android.providers.downloads/cache/metadata-706.htm
07-05 14:32:23.629   545 14532 I DownloadManager: in removeSpuriousFiles, preserving file /data/data/com.android.providers.downloads/cache/metadata-683.htm
07-05 14:32:23.629   545 14532 I DownloadManager: in removeSpuriousFiles, preserving file /data/data/com.android.providers.downloads/cache/metadata-1009.htm
07-05 14:32:23.629   545 14532 I DownloadManager: in removeSpuriousFiles, preserving file /data/data/com.android.providers.downloads/cache/metadata-1613.htm
07-05 14:32:23.629   545 14532 I DownloadManager: in removeSpuriousFiles, preserving file /data/data/com.android.providers.downloads/cache/metadata-1260.htm
07-05 14:32:23.629   545 14532 I DownloadManager: in removeSpuriousFiles, preserving file /data/data/com.android.providers.downloads/cache/metadata-1816.htm
07-05 14:32:23.629   545 14532 I DownloadManager: in removeSpuriousFiles, preserving file /data/data/com.android.providers.downloads/cache/metadata-474.htm
07-05 14:32:23.633   545 14532 I DownloadManager: in removeSpuriousFiles, preserving file /data/data/com.android.providers.downloads/cache/metadata-73.htm
07-05 14:32:23.633   545 14532 I DownloadManager: in removeSpuriousFiles, preserving file /data/data/com.android.providers.downloads/cache/metadata-60.htm
07-05 14:32:23.633   545 14532 I DownloadManager: in removeSpuriousFiles, preserving file /data/data/com.android.providers.downloads/cache/metadata-31.htm
07-05 14:32:23.633   545 14532 I DownloadManager: in removeSpuriousFiles, preserving file /data/data/com.android.providers.downloads/cache/metadata-210.htm
07-05 14:32:23.633   545 14532 I DownloadManager: in removeSpuriousFiles, preserving file /data/data/com.android.providers.downloads/cache/metadata-38.htm
07-05 14:32:23.633   545 14532 I DownloadManager: in removeSpuriousFiles, preserving file /data/data/com.android.providers.downloads/cache/metadata-39.htm
07-05 14:32:23.633   545 14532 I DownloadManager: in removeSpuriousFiles, preserving file /data/data/com.android.providers.downloads/cache/metadata-20.htm
07-05 14:32:23.633   545 14532 I DownloadManager: in removeSpuriousFiles, preserving file /data/data/com.android.providers.downloads/cache/metadata-121.htm
07-05 14:32:23.633   545 14532 I DownloadManager: in removeSpuriousFiles, preserving file /data/data/com.android.providers.downloads/cache/metadata-26.htm
07-05 14:32:23.633   545 14532 I DownloadManager: in removeSpuriousFiles, preserving file /data/data/com.android.providers.downloads/cache/metadata-105.htm
07-05 14:32:23.633   545 14532 I DownloadManager: in removeSpuriousFiles, preserving file /data/data/com.android.providers.downloads/cache/metadata-269.htm
07-05 14:32:23.633   545 14532 I DownloadManager: in removeSpuriousFiles, preserving file /data/data/com.android.providers.downloads/cache/metadata-138.htm
07-05 14:32:23.633   545 14532 I DownloadManager: in removeSpuriousFiles, preserving file /data/data/com.android.providers.downloads/cache/metadata-170.htm
07-05 14:32:23.633   545 14532 I DownloadManager: in removeSpuriousFiles, preserving file /data/data/com.android.providers.downloads/cache/metadata-232.htm
07-05 14:32:23.633   545 14532 I DownloadManager: in removeSpuriousFiles, preserving file /data/data/com.android.providers.downloads/cache/metadata-265.htm
07-05 14:32:23.633   545 14532 I DownloadManager: in removeSpuriousFiles, preserving file /data/data/com.android.providers.downloads/cache/metadata-64.htm
07-05 14:32:23.633   545 14532 I DownloadManager: in removeSpuriousFiles, preserving file /data/data/com.android.providers.downloads/cache/metadata-1623.htm
07-05 14:32:23.633   545 14532 I DownloadManager: in removeSpuriousFiles, preserving file /data/data/com.android.providers.downloads/cache/metadata-187.htm
07-05 14:32:23.633   545 14532 I DownloadManager: in removeSpuriousFiles, preserving file /data/data/com.android.providers.downloads/cache/metadata-180.htm
07-05 14:32:23.633   545 14532 I DownloadManager: in removeSpuriousFiles, preserving file /data/data/com.android.providers.downloads/cache/metadata-399.htm
07-05 14:32:23.633   545 14532 I DownloadManager: in removeSpuriousFiles, preserving file /data/data/com.android.providers.downloads/cache/metadata-202.htm
07-05 14:32:23.633   545 14532 I DownloadManager: in removeSpuriousFiles, preserving file /data/data/com.android.providers.downloads/cache/metadata-156.htm
07-05 14:32:23.633   545 14532 I DownloadManager: in removeSpuriousFiles, preserving file /data/data/com.android.providers.downloads/cache/metadata-81.htm
07-05 14:32:23.633   545 14532 I DownloadManager: in removeSpuriousFiles, preserving file /data/data/com.android.providers.downloads/cache/metadata-1374.htm
07-05 14:32:23.633   545 14532 I DownloadManager: in removeSpuriousFiles, preserving file /data/data/com.android.providers.downloads/cache/metadata-218.htm
07-05 14:32:23.633   545 14532 I DownloadManager: in removeSpuriousFiles, preserving file /data/data/com.android.providers.downloads/cache/metadata-234.htm
07-05 14:32:23.633   545 14532 I DownloadManager: in removeSpuriousFiles, preserving file /data/data/com.android.providers.downloads/cache/metadata-117.htm
07-05 14:32:23.633   545 14532 I DownloadManager: in removeSpuriousFiles, preserving file /data/data/com.android.providers.downloads/cache/metadata-126.htm
07-05 14:32:23.633   545 14532 I DownloadManager: in removeSpuriousFiles, preserving file /data/data/com.android.providers.downloads/cache/metadata-254.htm
07-05 14:32:23.637   545 14532 I DownloadManager: in removeSpuriousFiles, preserving file /data/data/com.android.providers.downloads/cache/metadata-140.htm
07-05 14:32:23.637   545 14532 I DownloadManager: in removeSpuriousFiles, preserving file /data/data/com.android.providers.downloads/cache/metadata-233.htm
07-05 14:32:23.637   545 14532 I DownloadManager: in removeSpuriousFiles, preserving file /data/data/com.android.providers.downloads/cache/metadata-75.htm
07-05 14:32:23.637   545 14532 I DownloadManager: in removeSpuriousFiles, preserving file /data/data/com.android.providers.downloads/cache/metadata-326.htm
07-05 14:32:23.637   545 14532 I DownloadManager: in removeSpuriousFiles, preserving file /data/data/com.android.providers.downloads/cache/metadata-462.htm
07-05 14:32:23.637   545 14532 I DownloadManager: in removeSpuriousFiles, preserving file /data/data/com.android.providers.downloads/cache/metadata-231.htm
07-05 14:32:23.637   545 14532 I DownloadManager: in removeSpuriousFiles, preserving file /data/data/com.android.providers.downloads/cache/metadata-1559.htm
07-05 14:32:23.637   545 14532 I DownloadManager: in removeSpuriousFiles, preserving file /data/data/com.android.providers.downloads/cache/metadata-467.htm
07-05 14:32:23.637   545 14532 I DownloadManager: in removeSpuriousFiles, preserving file /data/data/com.android.providers.downloads/cache/metadata-1193.htm
07-05 14:32:23.637   545 14532 I DownloadManager: in removeSpuriousFiles, preserving file /data/data/com.android.providers.downloads/cache/metadata-633.htm
07-05 14:32:23.637   545 14532 I DownloadManager: in removeSpuriousFiles, preserving file /data/data/com.android.providers.downloads/cache/metadata-2412.htm
07-05 14:32:23.637   545 14532 I DownloadManager: in removeSpuriousFiles, preserving file /data/data/com.android.providers.downloads/cache/metadata-247.htm
07-05 14:32:23.637   545 14532 I DownloadManager: in removeSpuriousFiles, preserving file /data/data/com.android.providers.downloads/cache/metadata-175.htm
07-05 14:32:23.637   545 14532 I DownloadManager: in removeSpuriousFiles, preserving file /data/data/com.android.providers.downloads/cache/metadata-217.htm
07-05 14:32:23.637   545 14532 I DownloadManager: in removeSpuriousFiles, preserving file /data/data/com.android.providers.downloads/cache/metadata-1002.htm
07-05 14:32:23.637   545 14532 I DownloadManager: in removeSpuriousFiles, preserving file /data/data/com.android.providers.downloads/cache/metadata-206.htm
07-05 14:32:23.637   545 14532 I DownloadManager: in removeSpuriousFiles, preserving file /data/data/com.android.providers.downloads/cache/metadata-839.htm
07-05 14:32:23.637   545 14532 I DownloadManager: in removeSpuriousFiles, preserving file /data/data/com.android.providers.downloads/cache/metadata-1320.htm
07-05 14:32:23.637   545 14532 I DownloadManager: in removeSpuriousFiles, preserving file /data/data/com.android.providers.downloads/cache/metadata-237.htm
07-05 14:32:23.637   545 14532 I DownloadManager: in removeSpuriousFiles, preserving file /data/data/com.android.providers.downloads/cache/metadata-273.htm
07-05 14:32:23.637   545 14532 I DownloadManager: in removeSpuriousFiles, preserving file /data/data/com.android.providers.downloads/cache/metadata-107.htm
07-05 14:32:23.641   545 14532 I DownloadManager: in removeSpuriousFiles, preserving file /data/data/com.android.providers.downloads/cache/metadata-2002.htm
07-05 14:32:23.641   545 14532 I DownloadManager: in removeSpuriousFiles, preserving file /data/data/com.android.providers.downloads/cache/metadata-212.htm
07-05 14:32:23.641   545 14532 I DownloadManager: in removeSpuriousFiles, preserving file /data/data/com.android.providers.downloads/cache/metadata-113.htm
07-05 14:32:23.641   545 14532 I DownloadManager: in removeSpuriousFiles, preserving file /data/data/com.android.providers.downloads/cache/metadata-825.htm
07-05 14:32:23.641   545 14532 I DownloadManager: in removeSpuriousFiles, preserving file /data/data/com.android.providers.downloads/cache/metadata-941.htm
07-05 14:32:23.641   545 14532 I DownloadManager: in removeSpuriousFiles, preserving file /data/data/com.android.providers.downloads/cache/metadata-281.htm
07-05 14:32:23.641   545 14532 I DownloadManager: in removeSpuriousFiles, preserving file /data/data/com.android.providers.downloads/cache/metadata-1437.htm
07-05 14:32:23.641   545 14532 I DownloadManager: in removeSpuriousFiles, preserving file /data/data/com.android.providers.downloads/cache/metadata-657.htm
07-05 14:32:23.641   545 14532 I DownloadManager: in removeSpuriousFiles, preserving file /data/data/com.android.providers.downloads/cache/metadata-368.htm
07-05 14:32:23.641   545 14532 I DownloadManager: in removeSpuriousFiles, preserving file /data/data/com.android.providers.downloads/cache/metadata-1465.htm
07-05 14:32:23.641   545 14532 I DownloadManager: in removeSpuriousFiles, preserving file /data/data/com.android.providers.downloads/cache/metadata-690.htm
07-05 14:32:23.641   545 14532 I DownloadManager: in removeSpuriousFiles, preserving file /data/data/com.android.providers.downloads/cache/metadata-606.htm
07-05 14:32:23.641   545 14532 I DownloadManager: in removeSpuriousFiles, preserving file /data/data/com.android.providers.downloads/cache/metadata-276.htm
07-05 14:32:23.641   545 14532 I DownloadManager: in removeSpuriousFiles, preserving file /data/data/com.android.providers.downloads/cache/metadata-983.htm
07-05 14:32:23.641   545 14532 I DownloadManager: in removeSpuriousFiles, preserving file /data/data/com.android.providers.downloads/cache/metadata-1150.htm
07-05 14:32:23.645   545 14532 I DownloadManager: in removeSpuriousFiles, preserving file /data/data/com.android.providers.downloads/cache/metadata-418.htm
07-05 14:32:23.645   545 14532 I DownloadManager: in removeSpuriousFiles, preserving file /data/data/com.android.providers.downloads/cache/metadata-1207.htm
07-05 14:32:23.645   545 14532 I DownloadManager: in removeSpuriousFiles, preserving file /data/data/com.android.providers.downloads/cache/metadata-1581.htm
07-05 14:32:23.645   545 14532 I DownloadManager: in removeSpuriousFiles, preserving file /data/data/com.android.providers.downloads/cache/metadata-144.htm
07-05 14:32:23.645   545 14532 I DownloadManager: in removeSpuriousFiles, preserving file /data/data/com.android.providers.downloads/cache/metadata-1294.htm
07-05 14:32:23.645   545 14532 I DownloadManager: in removeSpuriousFiles, preserving file /data/data/com.android.providers.downloads/cache/metadata-550.htm
07-05 14:32:23.645   545 14532 I DownloadManager: in removeSpuriousFiles, preserving file /data/data/com.android.providers.downloads/cache/metadata-1378.htm
07-05 14:32:23.645   545 14532 I DownloadManager: in removeSpuriousFiles, preserving file /data/data/com.android.providers.downloads/cache/metadata-615.htm
07-05 14:32:23.645   545 14532 I DownloadManager: in removeSpuriousFiles, preserving file /data/data/com.android.providers.downloads/cache/metadata-475.htm
07-05 14:32:23.645   545 14532 I DownloadManager: in removeSpuriousFiles, preserving file /data/data/com.android.providers.downloads/cache/metadata-375.htm
07-05 14:32:23.645   545 14532 I DownloadManager: in removeSpuriousFiles, preserving file /data/data/com.android.providers.downloads/cache/metadata-336.htm
07-05 14:32:23.645   545 14532 I DownloadManager: in removeSpuriousFiles, preserving file /data/data/com.android.providers.downloads/cache/metadata-2115.htm
07-05 14:32:23.649   545 14532 I DownloadManager: in removeSpuriousFiles, preserving file /data/data/com.android.providers.downloads/cache/metadata-651.htm
07-05 14:32:23.649   545 14532 I DownloadManager: in removeSpuriousFiles, preserving file /data/data/com.android.providers.downloads/cache/metadata-505.htm
07-05 14:32:23.649   545 14532 I DownloadManager: in removeSpuriousFiles, preserving file /data/data/com.android.providers.downloads/cache/metadata-2459.htm
07-05 14:32:23.649   545 14532 I DownloadManager: in removeSpuriousFiles, preserving file /data/data/com.android.providers.downloads/cache/metadata-2967.htm
07-05 14:32:23.649   545 14532 I DownloadManager: in removeSpuriousFiles, preserving file /data/data/com.android.providers.downloads/cache/metadata-240.htm
07-05 14:32:23.649   545 14532 I DownloadManager: in removeSpuriousFiles, preserving file /data/data/com.android.providers.downloads/cache/metadata-1175.htm
07-05 14:32:23.649   545 14532 I DownloadManager: in removeSpuriousFiles, preserving file /data/data/com.android.providers.downloads/cache/metadata-2042.htm
07-05 14:32:23.649   545 14532 I DownloadManager: in removeSpuriousFiles, preserving file /data/data/com.android.providers.downloads/cache/metadata-428.htm
07-05 14:32:23.649   545 14532 I DownloadManager: in removeSpuriousFiles, preserving file /data/data/com.android.providers.downloads/cache/metadata-2304.htm
07-05 14:32:23.649   545 14532 I DownloadManager: in removeSpuriousFiles, preserving file /data/data/com.android.providers.downloads/cache/metadata-335.htm
07-05 14:32:23.649   545 14532 I DownloadManager: in removeSpuriousFiles, preserving file /data/data/com.android.providers.downloads/cache/metadata-802.htm
07-05 14:32:23.653   545 14532 I DownloadManager: in removeSpuriousFiles, preserving file /data/data/com.android.providers.downloads/cache/metadata-1372.htm
07-05 14:32:23.653   545 14532 I DownloadManager: in removeSpuriousFiles, preserving file /data/data/com.android.providers.downloads/cache/metadata-1272.htm
07-05 14:32:23.653   545 14532 I DownloadManager: in removeSpuriousFiles, preserving file /data/data/com.android.providers.downloads/cache/metadata-1183.htm
07-05 14:32:23.653   545 14532 I DownloadManager: in removeSpuriousFiles, preserving file /data/data/com.android.providers.downloads/cache/metadata-742.htm
07-05 14:32:23.653   545 14532 I DownloadManager: in removeSpuriousFiles, preserving file /data/data/com.android.providers.downloads/cache/metadata-551.htm
07-05 14:32:23.653   545 14532 I DownloadManager: in removeSpuriousFiles, preserving file /data/data/com.android.providers.downloads/cache/metadata-1003.htm
07-05 14:32:23.653   545 14532 I DownloadManager: in removeSpuriousFiles, preserving file /data/data/com.android.providers.downloads/cache/metadata-314.htm
07-05 14:32:23.653   545 14532 I DownloadManager: in removeSpuriousFiles, preserving file /data/data/com.android.providers.downloads/cache/metadata-301.htm
07-05 14:32:23.653   545 14532 I DownloadManager: in removeSpuriousFiles, preserving file /data/data/com.android.providers.downloads/cache/metadata-528.htm
07-05 14:32:23.653   545 14532 I DownloadManager: in removeSpuriousFiles, preserving file /data/data/com.android.providers.downloads/cache/metadata-1793.htm
07-05 14:32:23.653   545 14532 I DownloadManager: in removeSpuriousFiles, preserving file /data/data/com.android.providers.downloads/cache/metadata-1912.htm
07-05 14:32:23.657   545 14532 I DownloadManager: in removeSpuriousFiles, preserving file /data/data/com.android.providers.downloads/cache/metadata-809.htm
07-05 14:32:23.657   545 14532 I DownloadManager: in removeSpuriousFiles, preserving file /data/data/com.android.providers.downloads/cache/metadata-1478.htm
07-05 14:32:23.657   545 14532 I DownloadManager: in removeSpuriousFiles, preserving file /data/data/com.android.providers.downloads/cache/metadata-585.htm
07-05 14:32:23.657   545 14532 I DownloadManager: in removeSpuriousFiles, preserving file /data/data/com.android.providers.downloads/cache/metadata-896.htm
07-05 14:32:23.657   545 14532 I DownloadManager: in removeSpuriousFiles, preserving file /data/data/com.android.providers.downloads/cache/metadata-188.htm
07-05 14:32:23.657   545 14532 I DownloadManager: in removeSpuriousFiles, preserving file /data/data/com.android.providers.downloads/cache/metadata-2140.htm
07-05 14:32:23.657   545 14532 I DownloadManager: in removeSpuriousFiles, preserving file /data/data/com.android.providers.downloads/cache/metadata-996.htm
07-05 14:32:23.657   545 14532 I DownloadManager: in removeSpuriousFiles, preserving file /data/data/com.android.providers.downloads/cache/metadata-1575.htm
07-05 14:32:23.657   545 14532 I DownloadManager: in removeSpuriousFiles, preserving file /data/data/com.android.providers.downloads/cache/metadata-2016.htm
07-05 14:32:23.660   545 14532 I DownloadManager: in removeSpuriousFiles, preserving file /data/data/com.android.providers.downloads/cache/metadata-1444.htm
07-05 14:32:23.660   545 14532 I DownloadManager: in removeSpuriousFiles, preserving file /data/data/com.android.providers.downloads/cache/metadata-885.htm
07-05 14:32:23.660   545 14532 I DownloadManager: in removeSpuriousFiles, preserving file /data/data/com.android.providers.downloads/cache/metadata-419.htm
07-05 14:32:23.660   545 14532 I DownloadManager: in removeSpuriousFiles, preserving file /data/data/com.android.providers.downloads/cache/metadata-1869.htm
07-05 14:32:23.660   545 14532 I DownloadManager: in removeSpuriousFiles, preserving file /data/data/com.android.providers.downloads/cache/metadata-1112.htm
07-05 14:32:23.660   545 14532 I DownloadManager: in removeSpuriousFiles, preserving file /data/data/com.android.providers.downloads/cache/metadata-744.htm
07-05 14:32:23.660   545 14532 I DownloadManager: in removeSpuriousFiles, preserving file /data/data/com.android.providers.downloads/cache/metadata-1473.htm
07-05 14:32:23.660   545 14532 I DownloadManager: in removeSpuriousFiles, preserving file /data/data/com.android.providers.downloads/cache/metadata-1343.htm
07-05 14:32:23.660   545 14532 I DownloadManager: in removeSpuriousFiles, preserving file /data/data/com.android.providers.downloads/cache/metadata-1587.htm
07-05 14:32:23.660   545 14532 I DownloadManager: in removeSpuriousFiles, preserving file /data/data/com.android.providers.downloads/cache/metadata-1405.htm
07-05 14:32:23.664   545 14532 I DownloadManager: in removeSpuriousFiles, preserving file /data/data/com.android.providers.downloads/cache/metadata-2059.htm
07-05 14:32:23.664   545 14532 I DownloadManager: in removeSpuriousFiles, preserving file /data/data/com.android.providers.downloads/cache/metadata-1449.htm
07-05 14:32:23.664   545 14532 I DownloadManager: in removeSpuriousFiles, preserving file /data/data/com.android.providers.downloads/cache/metadata-2038.htm
07-05 14:32:23.664   545 14532 I DownloadManager: in removeSpuriousFiles, preserving file /data/data/com.android.providers.downloads/cache/metadata-661.htm
07-05 14:32:23.664   545 14532 I DownloadManager: in removeSpuriousFiles, preserving file /data/data/com.android.providers.downloads/cache/metadata-7.htm
07-05 14:32:23.664   545 14532 I DownloadManager: in removeSpuriousFiles, preserving file /data/data/com.android.providers.downloads/cache/metadata-3.htm
07-05 14:32:23.664   545 14532 I DownloadManager: in removeSpuriousFiles, preserving file /data/data/com.android.providers.downloads/cache/metadata-27.htm
07-05 14:32:23.664   545 14532 I DownloadManager: in removeSpuriousFiles, preserving file /data/data/com.android.providers.downloads/cache/metadata-197.htm
07-05 14:32:23.664   545 14532 I DownloadManager: in removeSpuriousFiles, preserving file /data/data/com.android.providers.downloads/cache/metadata-52.htm
07-05 14:32:23.664   545 14532 I DownloadManager: in removeSpuriousFiles, preserving file /data/data/com.android.providers.downloads/cache/metadata-103.htm
07-05 14:32:23.664   545 14532 I DownloadManager: in removeSpuriousFiles, preserving file /data/data/com.android.providers.downloads/cache/metadata-50.htm
07-05 14:32:23.664   545 14532 I DownloadManager: in removeSpuriousFiles, preserving file /data/data/com.android.providers.downloads/cache/metadata-116.htm
07-05 14:32:23.664   545 14532 I DownloadManager: in removeSpuriousFiles, preserving file /data/data/com.android.providers.downloads/cache/metadata-149.htm
07-05 14:32:23.664   545 14532 I DownloadManager: in removeSpuriousFiles, preserving file /data/data/com.android.providers.downloads/cache/metadata-323.htm
07-05 14:32:23.664   545 14532 I DownloadManager: in removeSpuriousFiles, preserving file /data/data/com.android.providers.downloads/cache/metadata-294.htm
07-05 14:32:23.664   545 14532 I DownloadManager: in removeSpuriousFiles, preserving file /data/data/com.android.providers.downloads/cache/metadata-351.htm
07-05 14:32:23.664   545 14532 I DownloadManager: in removeSpuriousFiles, preserving file /data/data/com.android.providers.downloads/cache/metadata-1484.htm
07-05 14:32:23.664   545 14532 I DownloadManager: in removeSpuriousFiles, preserving file /data/data/com.android.providers.downloads/cache/metadata-79.htm
07-05 14:32:23.664   545 14532 I DownloadManager: in removeSpuriousFiles, preserving file /data/data/com.android.providers.downloads/cache/metadata-365.htm
07-05 14:32:23.664   545 14532 I DownloadManager: in removeSpuriousFiles, preserving file /data/data/com.android.providers.downloads/cache/metadata-160.htm
07-05 14:32:23.664   545 14532 I DownloadManager: in removeSpuriousFiles, preserving file /data/data/com.android.providers.downloads/cache/metadata-249.htm
07-05 14:32:23.664   545 14532 I DownloadManager: in removeSpuriousFiles, preserving file /data/data/com.android.providers.downloads/cache/metadata-186.htm
07-05 14:32:23.664   545 14532 I DownloadManager: in removeSpuriousFiles, preserving file /data/data/com.android.providers.downloads/cache/metadata-263.htm
07-05 14:32:23.664   545 14532 I DownloadManager: in removeSpuriousFiles, preserving file /data/data/com.android.providers.downloads/cache/metadata-277.htm
07-05 14:32:23.668   545 14532 I DownloadManager: in removeSpuriousFiles, preserving file /data/data/com.android.providers.downloads/cache/metadata-168.htm
07-05 14:32:23.668   545 14532 I DownloadManager: in removeSpuriousFiles, preserving file /data/data/com.android.providers.downloads/cache/metadata-102.htm
07-05 14:32:23.668   545 14532 I DownloadManager: in removeSpuriousFiles, preserving file /data/data/com.android.providers.downloads/cache/metadata-85.htm
07-05 14:32:23.668   545 14532 I DownloadManager: in removeSpuriousFiles, preserving file /data/data/com.android.providers.downloads/cache/metadata-87.htm
07-05 14:32:23.668   545 14532 I DownloadManager: in removeSpuriousFiles, preserving file /data/data/com.android.providers.downloads/cache/metadata-147.htm
07-05 14:32:23.668   545 14532 I DownloadManager: in removeSpuriousFiles, preserving file /data/data/com.android.providers.downloads/cache/metadata-283.htm
07-05 14:32:23.668   545 14532 I DownloadManager: in removeSpuriousFiles, preserving file /data/data/com.android.providers.downloads/cache/metadata-101.htm
07-05 14:32:23.668   545 14532 I DownloadManager: in removeSpuriousFiles, preserving file /data/data/com.android.providers.downloads/cache/metadata-2346.htm
07-05 14:32:23.668   545 14532 I DownloadManager: in removeSpuriousFiles, preserving file /data/data/com.android.providers.downloads/cache/metadata-1249.htm
07-05 14:32:23.668   545 14532 I DownloadManager: in removeSpuriousFiles, preserving file /data/data/com.android.providers.downloads/cache/metadata-562.htm
07-05 14:32:23.668   545 14532 I DownloadManager: in removeSpuriousFiles, preserving file /data/data/com.android.providers.downloads/cache/metadata-350.htm
07-05 14:32:23.668   545 14532 I DownloadManager: in removeSpuriousFiles, preserving file /data/data/com.android.providers.downloads/cache/metadata-227.htm
07-05 14:32:23.668   545 14532 I DownloadManager: in removeSpuriousFiles, preserving file /data/data/com.android.providers.downloads/cache/metadata-76.htm
07-05 14:32:23.668   545 14532 I DownloadManager: in removeSpuriousFiles, preserving file /data/data/com.android.providers.downloads/cache/metadata-163.htm
07-05 14:32:23.668   545 14532 I DownloadManager: in removeSpuriousFiles, preserving file /data/data/com.android.providers.downloads/cache/metadata-88.htm
07-05 14:32:23.668   545 14532 I DownloadManager: in removeSpuriousFiles, preserving file /data/data/com.android.providers.downloads/cache/metadata-480.htm
07-05 14:32:23.668   545 14532 I DownloadManager: in removeSpuriousFiles, preserving file /data/data/com.android.providers.downloads/cache/metadata-340.htm
07-05 14:32:23.668   545 14532 I DownloadManager: in removeSpuriousFiles, preserving file /data/data/com.android.providers.downloads/cache/metadata-171.htm
07-05 14:32:23.668   545 14532 I DownloadManager: in removeSpuriousFiles, preserving file /data/data/com.android.providers.downloads/cache/metadata-436.htm
07-05 14:32:23.668   545 14532 I DownloadManager: in removeSpuriousFiles, preserving file /data/data/com.android.providers.downloads/cache/metadata-359.htm
07-05 14:32:23.668   545 14532 I DownloadManager: in removeSpuriousFiles, preserving file /data/data/com.android.providers.downloads/cache/metadata-288.htm
07-05 14:32:23.668   545 14532 I DownloadManager: in removeSpuriousFiles, preserving file /data/data/com.android.providers.downloads/cache/metadata-300.htm
07-05 14:32:23.668   545 14532 I DownloadManager: in removeSpuriousFiles, preserving file /data/data/com.android.providers.downloads/cache/metadata-899.htm
07-05 14:32:23.668   545 14532 I DownloadManager: in removeSpuriousFiles, preserving file /data/data/com.android.providers.downloads/cache/metadata-344.htm
07-05 14:32:23.668   545 14532 I DownloadManager: in removeSpuriousFiles, preserving file /data/data/com.android.providers.downloads/cache/metadata-331.htm
07-05 14:32:23.668   545 14532 I DownloadManager: in removeSpuriousFiles, preserving file /data/data/com.android.providers.downloads/cache/metadata-329.htm
07-05 14:32:23.668   545 14532 I DownloadManager: in removeSpuriousFiles, preserving file /data/data/com.android.providers.downloads/cache/metadata-400.htm
07-05 14:32:23.668   545 14532 I DownloadManager: in removeSpuriousFiles, preserving file /data/data/com.android.providers.downloads/cache/metadata-94.htm
07-05 14:32:23.672   545 14532 I DownloadManager: in removeSpuriousFiles, preserving file /data/data/com.android.providers.downloads/cache/metadata-567.htm
07-05 14:32:23.672   545 14532 I DownloadManager: in removeSpuriousFiles, preserving file /data/data/com.android.providers.downloads/cache/metadata-328.htm
07-05 14:32:23.672   545 14532 I DownloadManager: in removeSpuriousFiles, preserving file /data/data/com.android.providers.downloads/cache/metadata-322.htm
07-05 14:32:23.672   545 14532 I DownloadManager: in removeSpuriousFiles, preserving file /data/data/com.android.providers.downloads/cache/metadata-261.htm
07-05 14:32:23.672   545 14532 I DownloadManager: in removeSpuriousFiles, preserving file /data/data/com.android.providers.downloads/cache/metadata-1226.htm
07-05 14:32:23.672   545 14532 I DownloadManager: in removeSpuriousFiles, preserving file /data/data/com.android.providers.downloads/cache/metadata-235.htm
07-05 14:32:23.672   545 14532 I DownloadManager: in removeSpuriousFiles, preserving file /data/data/com.android.providers.downloads/cache/metadata-546.htm
07-05 14:32:23.672   545 14532 I DownloadManager: in removeSpuriousFiles, preserving file /data/data/com.android.providers.downloads/cache/metadata-157.htm
07-05 14:32:23.672   545 14532 I DownloadManager: in removeSpuriousFiles, preserving file /data/data/com.android.providers.downloads/cache/metadata-646.htm
07-05 14:32:23.672   545 14532 I DownloadManager: in removeSpuriousFiles, preserving file /data/data/com.android.providers.downloads/cache/metadata-767.htm
07-05 14:32:23.672   545 14532 I DownloadManager: in removeSpuriousFiles, preserving file /data/data/com.android.providers.downloads/cache/metadata-93.htm
07-05 14:32:23.672   545 14532 I DownloadManager: in removeSpuriousFiles, preserving file /data/data/com.android.providers.downloads/cache/metadata-1346.htm
07-05 14:32:23.672   545 14532 I DownloadManager: in removeSpuriousFiles, preserving file /data/data/com.android.providers.downloads/cache/metadata-374.htm
07-05 14:32:23.672   545 14532 I DownloadManager: in removeSpuriousFiles, preserving file /data/data/com.android.providers.downloads/cache/metadata-1147.htm
07-05 14:32:23.672   545 14532 I DownloadManager: in removeSpuriousFiles, preserving file /data/data/com.android.providers.downloads/cache/metadata-159.htm
07-05 14:32:23.672   545 14532 I DownloadManager: in removeSpuriousFiles, preserving file /data/data/com.android.providers.downloads/cache/metadata-208.htm
07-05 14:32:23.672   545 14532 I DownloadManager: in removeSpuriousFiles, preserving file /data/data/com.android.providers.downloads/cache/metadata-910.htm
07-05 14:32:23.672   545 14532 I DownloadManager: in removeSpuriousFiles, preserving file /data/data/com.android.providers.downloads/cache/metadata-481.htm
07-05 14:32:23.672   545 14532 I DownloadManager: in removeSpuriousFiles, preserving file /data/data/com.android.providers.downloads/cache/metadata-608.htm
07-05 14:32:23.672   545 14532 I DownloadManager: in removeSpuriousFiles, preserving file /data/data/com.android.providers.downloads/cache/metadata-306.htm
07-05 14:32:23.672   545 14532 I DownloadManager: in removeSpuriousFiles, preserving file /data/data/com.android.providers.downloads/cache/metadata-1159.htm
07-05 14:32:23.676   545 14532 I DownloadManager: in removeSpuriousFiles, preserving file /data/data/com.android.providers.downloads/cache/metadata-488.htm
07-05 14:32:23.676   545 14532 I DownloadManager: in removeSpuriousFiles, preserving file /data/data/com.android.providers.downloads/cache/metadata-211.htm
07-05 14:32:23.676   545 14532 I DownloadManager: in removeSpuriousFiles, preserving file /data/data/com.android.providers.downloads/cache/metadata-274.htm
07-05 14:32:23.676   545 14532 I DownloadManager: in removeSpuriousFiles, preserving file /data/data/com.android.providers.downloads/cache/metadata-1683.htm
07-05 14:32:23.676   545 14532 I DownloadManager: in removeSpuriousFiles, preserving file /data/data/com.android.providers.downloads/cache/metadata-132.htm
07-05 14:32:23.676   545 14532 I DownloadManager: in removeSpuriousFiles, preserving file /data/data/com.android.providers.downloads/cache/metadata-397.htm
07-05 14:32:23.676   545 14532 I DownloadManager: in removeSpuriousFiles, preserving file /data/data/com.android.providers.downloads/cache/metadata-224.htm
07-05 14:32:23.676   545 14532 I DownloadManager: in removeSpuriousFiles, preserving file /data/data/com.android.providers.downloads/cache/metadata-894.htm
07-05 14:32:23.676   545 14532 I DownloadManager: in removeSpuriousFiles, preserving file /data/data/com.android.providers.downloads/cache/metadata-921.htm
07-05 14:32:23.676   545 14532 I DownloadManager: in removeSpuriousFiles, preserving file /data/data/com.android.providers.downloads/cache/metadata-882.htm
07-05 14:32:23.676   545 14532 I DownloadManager: in removeSpuriousFiles, preserving file /data/data/com.android.providers.downloads/cache/metadata-387.htm
07-05 14:32:23.676   545 14532 I DownloadManager: in removeSpuriousFiles, preserving file /data/data/com.android.providers.downloads/cache/metadata-155.htm
07-05 14:32:23.676   545 14532 I DownloadManager: in removeSpuriousFiles, preserving file /data/data/com.android.providers.downloads/cache/metadata-1919.htm
07-05 14:32:23.676   545 14532 I DownloadManager: in removeSpuriousFiles, preserving file /data/data/com.android.providers.downloads/cache/metadata-694.htm
07-05 14:32:23.676   545 14532 I DownloadManager: in removeSpuriousFiles, preserving file /data/data/com.android.providers.downloads/cache/metadata-1376.htm
07-05 14:32:23.676   545 14532 I DownloadManager: in removeSpuriousFiles, preserving file /data/data/com.android.providers.downloads/cache/metadata-1014.htm
07-05 14:32:23.676   545 14532 I DownloadManager: in removeSpuriousFiles, preserving file /data/data/com.android.providers.downloads/cache/metadata-1210.htm
07-05 14:32:23.680   545 14532 I DownloadManager: in removeSpuriousFiles, preserving file /data/data/com.android.providers.downloads/cache/metadata-307.htm
07-05 14:32:23.680   545 14532 I DownloadManager: in removeSpuriousFiles, preserving file /data/data/com.android.providers.downloads/cache/metadata-1705.htm
07-05 14:32:23.680   545 14532 I DownloadManager: in removeSpuriousFiles, preserving file /data/data/com.android.providers.downloads/cache/metadata-2209.htm
07-05 14:32:23.680   545 14532 I DownloadManager: in removeSpuriousFiles, preserving file /data/data/com.android.providers.downloads/cache/metadata-544.htm
07-05 14:32:23.680   545 14532 I DownloadManager: in removeSpuriousFiles, preserving file /data/data/com.android.providers.downloads/cache/metadata-593.htm
07-05 14:32:23.680   545 14532 I DownloadManager: in removeSpuriousFiles, preserving file /data/data/com.android.providers.downloads/cache/metadata-2004.htm
07-05 14:32:23.680   545 14532 I DownloadManager: in removeSpuriousFiles, preserving file /data/data/com.android.providers.downloads/cache/metadata-1535.htm
07-05 14:32:23.680   545 14532 I DownloadManager: in removeSpuriousFiles, preserving file /data/data/com.android.providers.downloads/cache/metadata-1520.htm
07-05 14:32:23.680   545 14532 I DownloadManager: in removeSpuriousFiles, preserving file /data/data/com.android.providers.downloads/cache/metadata-298.htm
07-05 14:32:23.680   545 14532 I DownloadManager: in removeSpuriousFiles, preserving file /data/data/com.android.providers.downloads/cache/metadata-1274.htm
07-05 14:32:23.680   545 14532 I DownloadManager: in removeSpuriousFiles, preserving file /data/data/com.android.providers.downloads/cache/metadata-831.htm
07-05 14:32:23.680   545 14532 I DownloadManager: in removeSpuriousFiles, preserving file /data/data/com.android.providers.downloads/cache/metadata-1445.htm
07-05 14:32:23.680   545 14532 I DownloadManager: in removeSpuriousFiles, preserving file /data/data/com.android.providers.downloads/cache/metadata-2148.htm
07-05 14:32:23.680   545 14532 I DownloadManager: in removeSpuriousFiles, preserving file /data/data/com.android.providers.downloads/cache/metadata-284.htm
07-05 14:32:23.684   545 14532 I DownloadManager: in removeSpuriousFiles, preserving file /data/data/com.android.providers.downloads/cache/metadata-268.htm
07-05 14:32:23.684   545 14532 I DownloadManager: in removeSpuriousFiles, preserving file /data/data/com.android.providers.downloads/cache/metadata-1182.htm
07-05 14:32:23.684   545 14532 I DownloadManager: in removeSpuriousFiles, preserving file /data/data/com.android.providers.downloads/cache/metadata-2102.htm
07-05 14:32:23.684   545 14532 I DownloadManager: in removeSpuriousFiles, preserving file /data/data/com.android.providers.downloads/cache/metadata-681.htm
07-05 14:32:23.684   545 14532 I DownloadManager: in removeSpuriousFiles, preserving file /data/data/com.android.providers.downloads/cache/metadata-1699.htm
07-05 14:32:23.684   545 14532 I DownloadManager: in removeSpuriousFiles, preserving file /data/data/com.android.providers.downloads/cache/metadata-2771.htm
07-05 14:32:23.684   545 14532 I DownloadManager: in removeSpuriousFiles, preserving file /data/data/com.android.providers.downloads/cache/metadata-976.htm
07-05 14:32:23.684   545 14532 I DownloadManager: in removeSpuriousFiles, preserving file /data/data/com.android.providers.downloads/cache/metadata-1188.htm
07-05 14:32:23.684   545 14532 I DownloadManager: in removeSpuriousFiles, preserving file /data/data/com.android.providers.downloads/cache/metadata-2244.htm
07-05 14:32:23.684   545 14532 I DownloadManager: in removeSpuriousFiles, preserving file /data/data/com.android.providers.downloads/cache/metadata-636.htm
07-05 14:32:23.684   545 14532 I DownloadManager: in removeSpuriousFiles, preserving file /data/data/com.android.providers.downloads/cache/metadata-1508.htm
07-05 14:32:23.684   545 14532 I DownloadManager: in removeSpuriousFiles, preserving file /data/data/com.android.providers.downloads/cache/metadata-2133.htm
07-05 14:32:23.684   545 14532 I DownloadManager: in removeSpuriousFiles, preserving file /data/data/com.android.providers.downloads/cache/metadata-255.htm
07-05 14:32:23.688   545 14532 I DownloadManager: in removeSpuriousFiles, preserving file /data/data/com.android.providers.downloads/cache/metadata-1311.htm
07-05 14:32:23.688   545 14532 I DownloadManager: in removeSpuriousFiles, preserving file /data/data/com.android.providers.downloads/cache/metadata-587.htm
07-05 14:32:23.688   545 14532 I DownloadManager: in removeSpuriousFiles, preserving file /data/data/com.android.providers.downloads/cache/metadata-2000.htm
07-05 14:32:23.688   545 14532 I DownloadManager: in removeSpuriousFiles, preserving file /data/data/com.android.providers.downloads/cache/metadata-900.htm
07-05 14:32:23.688   545 14532 I DownloadManager: in removeSpuriousFiles, preserving file /data/data/com.android.providers.downloads/cache/metadata-626.htm
07-05 14:32:23.688   545 14532 I DownloadManager: in removeSpuriousFiles, preserving file /data/data/com.android.providers.downloads/cache/metadata-725.htm
07-05 14:32:23.688   545 14532 I DownloadManager: in removeSpuriousFiles, preserving file /data/data/com.android.providers.downloads/cache/metadata-176.htm
07-05 14:32:23.688   545 14532 I DownloadManager: in removeSpuriousFiles, preserving file /data/data/com.android.providers.downloads/cache/metadata-1005.htm
07-05 14:32:23.688   545 14532 I DownloadManager: in removeSpuriousFiles, preserving file /data/data/com.android.providers.downloads/cache/metadata-1411.htm
07-05 14:32:23.688   545 14532 I DownloadManager: in removeSpuriousFiles, preserving file /data/data/com.android.providers.downloads/cache/metadata-1564.htm
07-05 14:32:23.688   545 14532 I DownloadManager: in removeSpuriousFiles, preserving file /data/data/com.android.providers.downloads/cache/metadata-14.htm
07-05 14:32:23.688   545 14532 I DownloadManager: in removeSpuriousFiles, preserving file /data/data/com.android.providers.downloads/cache/metadata-6.htm
07-05 14:32:23.688   545 14532 I DownloadManager: in removeSpuriousFiles, preserving file /data/data/com.android.providers.downloads/cache/metadata-220.htm
07-05 14:32:23.688   545 14532 I DownloadManager: in removeSpuriousFiles, preserving file /data/data/com.android.providers.downloads/cache/metadata-30.htm
07-05 14:32:23.688   545 14532 I DownloadManager: in removeSpuriousFiles, preserving file /data/data/com.android.providers.downloads/cache/metadata-605.htm
07-05 14:32:23.688   545 14532 I DownloadManager: in removeSpuriousFiles, preserving file /data/data/com.android.providers.downloads/cache/metadata-137.htm
07-05 14:32:23.688   545 14532 I DownloadManager: in removeSpuriousFiles, preserving file /data/data/com.android.providers.downloads/cache/metadata-61.htm
07-05 14:32:23.696   545 14532 I DownloadManager: in removeSpuriousFiles, preserving file /data/data/com.android.providers.downloads/cache/metadata-18.htm
07-05 14:32:23.696   545 14532 I DownloadManager: in removeSpuriousFiles, preserving file /data/data/com.android.providers.downloads/cache/metadata-552.htm
07-05 14:32:23.696   545 14532 I DownloadManager: in removeSpuriousFiles, preserving file /data/data/com.android.providers.downloads/cache/metadata-1964.htm
07-05 14:32:23.696   545 14532 I DownloadManager: in removeSpuriousFiles, preserving file /data/data/com.android.providers.downloads/cache/metadata-357.htm
07-05 14:32:23.696   545 14532 I DownloadManager: in removeSpuriousFiles, preserving file /data/data/com.android.providers.downloads/cache/metadata-48.htm
07-05 14:32:23.696   545 14532 I DownloadManager: in removeSpuriousFiles, preserving file /data/data/com.android.providers.downloads/cache/metadata-482.htm
07-05 14:32:23.696   545 14532 I DownloadManager: in removeSpuriousFiles, preserving file /data/data/com.android.providers.downloads/cache/metadata-152.htm
07-05 14:32:23.696   545 14532 I DownloadManager: in removeSpuriousFiles, preserving file /data/data/com.android.providers.downloads/cache/metadata-65.htm
07-05 14:32:23.696   545 14532 I DownloadManager: in removeSpuriousFiles, preserving file /data/data/com.android.providers.downloads/cache/metadata-518.htm
07-05 14:32:23.696   545 14532 I DownloadManager: in removeSpuriousFiles, preserving file /data/data/com.android.providers.downloads/cache/metadata-356.htm
07-05 14:32:23.696   545 14532 I DownloadManager: in removeSpuriousFiles, preserving file /data/data/com.android.providers.downloads/cache/metadata-146.htm
07-05 14:32:23.696   545 14532 I DownloadManager: in removeSpuriousFiles, preserving file /data/data/com.android.providers.downloads/cache/metadata-841.htm
07-05 14:32:23.696   545 14532 I DownloadManager: in removeSpuriousFiles, preserving file /data/data/com.android.providers.downloads/cache/metadata-1358.htm
07-05 14:32:23.696   545 14532 I DownloadManager: in removeSpuriousFiles, preserving file /data/data/com.android.providers.downloads/cache/metadata-427.htm
07-05 14:32:23.696   545 14532 I DownloadManager: in removeSpuriousFiles, preserving file /data/data/com.android.providers.downloads/cache/metadata-119.htm
07-05 14:32:23.696   545 14532 I DownloadManager: in removeSpuriousFiles, preserving file /data/data/com.android.providers.downloads/cache/metadata-243.htm
07-05 14:32:23.696   545 14532 I DownloadManager: in removeSpuriousFiles, preserving file /data/data/com.android.providers.downloads/cache/metadata-167.htm
07-05 14:32:23.696   545 14532 I DownloadManager: in removeSpuriousFiles, preserving file /data/data/com.android.providers.downloads/cache/metadata-411.htm
07-05 14:32:23.696   545 14532 I DownloadManager: in removeSpuriousFiles, preserving file /data/data/com.android.providers.downloads/cache/metadata-80.htm
07-05 14:32:23.696   545 14532 I DownloadManager: in removeSpuriousFiles, preserving file /data/data/com.android.providers.downloads/cache/metadata-311.htm
07-05 14:32:23.696   545 14532 I DownloadManager: in removeSpuriousFiles, preserving file /data/data/com.android.providers.downloads/cache/metadata-353.htm
07-05 14:32:23.696   545 14532 I DownloadManager: in removeSpuriousFiles, preserving file /data/data/com.android.providers.downloads/cache/metadata-242.htm
07-05 14:32:23.696   545 14532 I DownloadManager: in removeSpuriousFiles, preserving file /data/data/com.android.providers.downloads/cache/metadata-432.htm
07-05 14:32:23.696   545 14532 I DownloadManager: in removeSpuriousFiles, preserving file /data/data/com.android.providers.downloads/cache/metadata-169.htm
07-05 14:32:23.696   545 14532 I DownloadManager: in removeSpuriousFiles, preserving file /data/data/com.android.providers.downloads/cache/metadata-203.htm
07-05 14:32:23.696   545 14532 I DownloadManager: in removeSpuriousFiles, preserving file /data/data/com.android.providers.downloads/cache/metadata-709.htm
07-05 14:32:23.696   545 14532 I DownloadManager: in removeSpuriousFiles, preserving file /data/data/com.android.providers.downloads/cache/metadata-250.htm
07-05 14:32:23.696   545 14532 I DownloadManager: in removeSpuriousFiles, preserving file /data/data/com.android.providers.downloads/cache/metadata-404.htm
07-05 14:32:23.696   545 14532 I DownloadManager: in removeSpuriousFiles, preserving file /data/data/com.android.providers.downloads/cache/metadata-303.htm
07-05 14:32:23.696   545 14532 I DownloadManager: in removeSpuriousFiles, preserving file /data/data/com.android.providers.downloads/cache/metadata-686.htm
07-05 14:32:23.696   545 14532 I DownloadManager: in removeSpuriousFiles, preserving file /data/data/com.android.providers.downloads/cache/metadata-1886.htm
07-05 14:32:23.696   545 14532 I DownloadManager: in removeSpuriousFiles, preserving file /data/data/com.android.providers.downloads/cache/metadata-392.htm
07-05 14:32:23.696   545 14532 I DownloadManager: in removeSpuriousFiles, preserving file /data/data/com.android.providers.downloads/cache/metadata-1865.htm
07-05 14:32:23.700   545 14532 I DownloadManager: in removeSpuriousFiles, preserving file /data/data/com.android.providers.downloads/cache/metadata-580.htm
07-05 14:32:23.700   545 14532 I DownloadManager: in removeSpuriousFiles, preserving file /data/data/com.android.providers.downloads/cache/metadata-1420.htm
07-05 14:32:23.700   545 14532 I DownloadManager: in removeSpuriousFiles, preserving file /data/data/com.android.providers.downloads/cache/metadata-757.htm
07-05 14:32:23.700   545 14532 I DownloadManager: in removeSpuriousFiles, preserving file /data/data/com.android.providers.downloads/cache/metadata-333.htm
07-05 14:32:23.700   545 14532 I DownloadManager: in removeSpuriousFiles, preserving file /data/data/com.android.providers.downloads/cache/metadata-1755.htm
07-05 14:32:23.700   545 14532 I DownloadManager: in removeSpuriousFiles, preserving file /data/data/com.android.providers.downloads/cache/metadata-369.htm
07-05 14:32:23.700   545 14532 I DownloadManager: in removeSpuriousFiles, preserving file /data/data/com.android.providers.downloads/cache/metadata-286.htm
07-05 14:32:23.700   545 14532 I DownloadManager: in removeSpuriousFiles, preserving file /data/data/com.android.providers.downloads/cache/metadata-1340.htm
07-05 14:32:23.700   545 14532 I DownloadManager: in removeSpuriousFiles, preserving file /data/data/com.android.providers.downloads/cache/metadata-271.htm
07-05 14:32:23.700   545 14532 I DownloadManager: in removeSpuriousFiles, preserving file /data/data/com.android.providers.downloads/cache/metadata-289.htm
07-05 14:32:23.700   545 14532 I DownloadManager: in removeSpuriousFiles, preserving file /data/data/com.android.providers.downloads/cache/metadata-305.htm
07-05 14:32:23.700   545 14532 I DownloadManager: in removeSpuriousFiles, preserving file /data/data/com.android.providers.downloads/cache/metadata-714.htm
07-05 14:32:23.700   545 14532 I DownloadManager: in removeSpuriousFiles, preserving file /data/data/com.android.providers.downloads/cache/metadata-193.htm
07-05 14:32:23.700   545 14532 I DownloadManager: in removeSpuriousFiles, preserving file /data/data/com.android.providers.downloads/cache/metadata-1256.htm
07-05 14:32:23.700   545 14532 I DownloadManager: in removeSpuriousFiles, preserving file /data/data/com.android.providers.downloads/cache/metadata-1197.htm
07-05 14:32:23.700   545 14532 I DownloadManager: in removeSpuriousFiles, preserving file /data/data/com.android.providers.downloads/cache/metadata-133.htm
07-05 14:32:23.700   545 14532 I DownloadManager: in removeSpuriousFiles, preserving file /data/data/com.android.providers.downloads/cache/metadata-871.htm
07-05 14:32:23.700   545 14532 I DownloadManager: in removeSpuriousFiles, preserving file /data/data/com.android.providers.downloads/cache/metadata-1968.htm
07-05 14:32:23.700   545 14532 I DownloadManager: in removeSpuriousFiles, preserving file /data/data/com.android.providers.downloads/cache/metadata-213.htm
07-05 14:32:23.700   545 14532 I DownloadManager: in removeSpuriousFiles, preserving file /data/data/com.android.providers.downloads/cache/metadata-83.htm
07-05 14:32:23.700   545 14532 I DownloadManager: in removeSpuriousFiles, preserving file /data/data/com.android.providers.downloads/cache/metadata-459.htm
07-05 14:32:23.700   545 14532 I DownloadManager: in removeSpuriousFiles, preserving file /data/data/com.android.providers.downloads/cache/metadata-304.htm
07-05 14:32:23.700   545 14532 I DownloadManager: in removeSpuriousFiles, preserving file /data/data/com.android.providers.downloads/cache/metadata-1453.htm
07-05 14:32:23.700   545 14532 I DownloadManager: in removeSpuriousFiles, preserving file /data/data/com.android.providers.downloads/cache/metadata-453.htm
07-05 14:32:23.700   545 14532 I DownloadManager: in removeSpuriousFiles, preserving file /data/data/com.android.providers.downloads/cache/metadata-2085.htm
07-05 14:32:23.700   545 14532 I DownloadManager: in removeSpuriousFiles, preserving file /data/data/com.android.providers.downloads/cache/metadata-1629.htm
07-05 14:32:23.703   545 14532 I DownloadManager: in removeSpuriousFiles, preserving file /data/data/com.android.providers.downloads/cache/metadata-883.htm
07-05 14:32:23.703   545 14532 I DownloadManager: in removeSpuriousFiles, preserving file /data/data/com.android.providers.downloads/cache/metadata-162.htm
07-05 14:32:23.703   545 14532 I DownloadManager: in removeSpuriousFiles, preserving file /data/data/com.android.providers.downloads/cache/metadata-1131.htm
07-05 14:32:23.703   545 14532 I DownloadManager: in removeSpuriousFiles, preserving file /data/data/com.android.providers.downloads/cache/metadata-537.htm
07-05 14:32:23.703   545 14532 I DownloadManager: in removeSpuriousFiles, preserving file /data/data/com.android.providers.downloads/cache/metadata-640.htm
07-05 14:32:23.703   545 14532 I DownloadManager: in removeSpuriousFiles, preserving file /data/data/com.android.providers.downloads/cache/metadata-1334.htm
07-05 14:32:23.703   545 14532 I DownloadManager: in removeSpuriousFiles, preserving file /data/data/com.android.providers.downloads/cache/metadata-940.htm
07-05 14:32:23.703   545 14532 I DownloadManager: in removeSpuriousFiles, preserving file /data/data/com.android.providers.downloads/cache/metadata-1013.htm
07-05 14:32:23.703   545 14532 I DownloadManager: in removeSpuriousFiles, preserving file /data/data/com.android.providers.downloads/cache/metadata-296.htm
07-05 14:32:23.703   545 14532 I DownloadManager: in removeSpuriousFiles, preserving file /data/data/com.android.providers.downloads/cache/metadata-2099.htm
07-05 14:32:23.703   545 14532 I DownloadManager: in removeSpuriousFiles, preserving file /data/data/com.android.providers.downloads/cache/metadata-440.htm
07-05 14:32:23.703   545 14532 I DownloadManager: in removeSpuriousFiles, preserving file /data/data/com.android.providers.downloads/cache/metadata-1900.htm
07-05 14:32:23.703   545 14532 I DownloadManager: in removeSpuriousFiles, preserving file /data/data/com.android.providers.downloads/cache/metadata-2315.htm
07-05 14:32:23.703   545 14532 I DownloadManager: in removeSpuriousFiles, preserving file /data/data/com.android.providers.downloads/cache/metadata-380.htm
07-05 14:32:23.703   545 14532 I DownloadManager: in removeSpuriousFiles, preserving file /data/data/com.android.providers.downloads/cache/metadata-2029.htm
07-05 14:32:23.703   545 14532 I DownloadManager: in removeSpuriousFiles, preserving file /data/data/com.android.providers.downloads/cache/metadata-104.htm
07-05 14:32:23.703   545 14532 I DownloadManager: in removeSpuriousFiles, preserving file /data/data/com.android.providers.downloads/cache/metadata-451.htm
07-05 14:32:23.703   545 14532 I DownloadManager: in removeSpuriousFiles, preserving file /data/data/com.android.providers.downloads/cache/metadata-644.htm
07-05 14:32:23.703   545 14532 I DownloadManager: in removeSpuriousFiles, preserving file /data/data/com.android.providers.downloads/cache/metadata-1017.htm
07-05 14:32:23.703   545 14532 I DownloadManager: in removeSpuriousFiles, preserving file /data/data/com.android.providers.downloads/cache/metadata-635.htm
07-05 14:32:23.703   545 14532 I DownloadManager: in removeSpuriousFiles, preserving file /data/data/com.android.providers.downloads/cache/metadata-692.htm
07-05 14:32:23.703   545 14532 I DownloadManager: in removeSpuriousFiles, preserving file /data/data/com.android.providers.downloads/cache/metadata-705.htm
07-05 14:32:23.703   545 14532 I DownloadManager: in removeSpuriousFiles, preserving file /data/data/com.android.providers.downloads/cache/metadata-877.htm
07-05 14:32:23.707   545 14532 I DownloadManager: in removeSpuriousFiles, preserving file /data/data/com.android.providers.downloads/cache/metadata-653.htm
07-05 14:32:23.707   545 14532 I DownloadManager: in removeSpuriousFiles, preserving file /data/data/com.android.providers.downloads/cache/metadata-982.htm
07-05 14:32:23.707   545 14532 I DownloadManager: in removeSpuriousFiles, preserving file /data/data/com.android.providers.downloads/cache/metadata-1359.htm
07-05 14:32:23.707   545 14532 I DownloadManager: in removeSpuriousFiles, preserving file /data/data/com.android.providers.downloads/cache/metadata-275.htm
07-05 14:32:23.707   545 14532 I DownloadManager: in removeSpuriousFiles, preserving file /data/data/com.android.providers.downloads/cache/metadata-96.htm
07-05 14:32:23.707   545 14532 I DownloadManager: in removeSpuriousFiles, preserving file /data/data/com.android.providers.downloads/cache/metadata-1157.htm
07-05 14:32:23.707   545 14532 I DownloadManager: in removeSpuriousFiles, preserving file /data/data/com.android.providers.downloads/cache/metadata-872.htm
07-05 14:32:23.707   545 14532 I DownloadManager: in removeSpuriousFiles, preserving file /data/data/com.android.providers.downloads/cache/metadata-698.htm
07-05 14:32:23.707   545 14532 I DownloadManager: in removeSpuriousFiles, preserving file /data/data/com.android.providers.downloads/cache/metadata-1626.htm
07-05 14:32:23.707   545 14532 I DownloadManager: in removeSpuriousFiles, preserving file /data/data/com.android.providers.downloads/cache/metadata-1425.htm
07-05 14:32:23.707   545 14532 I DownloadManager: in removeSpuriousFiles, preserving file /data/data/com.android.providers.downloads/cache/metadata-1356.htm
07-05 14:32:23.707   545 14532 I DownloadManager: in removeSpuriousFiles, preserving file /data/data/com.android.providers.downloads/cache/metadata-2602.htm
07-05 14:32:23.707   545 14532 I DownloadManager: in removeSpuriousFiles, preserving file /data/data/com.android.providers.downloads/cache/metadata-478.htm
07-05 14:32:23.707   545 14532 I DownloadManager: in removeSpuriousFiles, preserving file /data/data/com.android.providers.downloads/cache/metadata-764.htm
07-05 14:32:23.707   545 14532 I DownloadManager: in removeSpuriousFiles, preserving file /data/data/com.android.providers.downloads/cache/metadata-489.htm
07-05 14:32:23.707   545 14532 I DownloadManager: in removeSpuriousFiles, preserving file /data/data/com.android.providers.downloads/cache/metadata-760.htm
07-05 14:32:23.707   545 14532 I DownloadManager: in removeSpuriousFiles, preserving file /data/data/com.android.providers.downloads/cache/metadata-963.htm
07-05 14:32:23.707   545 14532 I DownloadManager: in removeSpuriousFiles, preserving file /data/data/com.android.providers.downloads/cache/metadata-824.htm
07-05 14:32:23.707   545 14532 I DownloadManager: in removeSpuriousFiles, preserving file /data/data/com.android.providers.downloads/cache/metadata-771.htm
07-05 14:32:23.707   545 14532 I DownloadManager: in removeSpuriousFiles, preserving file /data/data/com.android.providers.downloads/cache/metadata-2097.htm
07-05 14:32:23.711   545 14532 I DownloadManager: in removeSpuriousFiles, preserving file /data/data/com.android.providers.downloads/cache/metadata-931.htm
07-05 14:32:23.711   545 14532 I DownloadManager: in removeSpuriousFiles, preserving file /data/data/com.android.providers.downloads/cache/metadata-1513.htm
07-05 14:32:23.711   545 14532 I DownloadManager: in removeSpuriousFiles, preserving file /data/data/com.android.providers.downloads/cache/metadata-613.htm
07-05 14:32:23.711   545 14532 I DownloadManager: in removeSpuriousFiles, preserving file /data/data/com.android.providers.downloads/cache/metadata-1261.htm
07-05 14:32:23.711   545 14532 I DownloadManager: in removeSpuriousFiles, preserving file /data/data/com.android.providers.downloads/cache/metadata-793.htm
07-05 14:32:23.711   545 14532 I DownloadManager: in removeSpuriousFiles, preserving file /data/data/com.android.providers.downloads/cache/metadata-775.htm
07-05 14:32:23.711   545 14532 I DownloadManager: in removeSpuriousFiles, preserving file /data/data/com.android.providers.downloads/cache/metadata-1225.htm
07-05 14:32:23.711   545 14532 I DownloadManager: in removeSpuriousFiles, preserving file /data/data/com.android.providers.downloads/cache/metadata-548.htm
07-05 14:32:23.711   545 14532 I DownloadManager: in removeSpuriousFiles, preserving file /data/data/com.android.providers.downloads/cache/metadata-1215.htm
07-05 14:32:23.711   545 14532 I DownloadManager: in removeSpuriousFiles, preserving file /data/data/com.android.providers.downloads/cache/metadata-1400.htm
07-05 14:32:23.711   545 14532 I DownloadManager: in removeSpuriousFiles, preserving file /data/data/com.android.providers.downloads/cache/metadata-525.htm
07-05 14:32:23.711   545 14532 I DownloadManager: in removeSpuriousFiles, preserving file /data/data/com.android.providers.downloads/cache/metadata-987.htm
07-05 14:32:23.711   545 14532 I DownloadManager: in removeSpuriousFiles, preserving file /data/data/com.android.providers.downloads/cache/metadata-1060.htm
07-05 14:32:23.711   545 14532 I DownloadManager: in removeSpuriousFiles, preserving file /data/data/com.android.providers.downloads/cache/metadata-1087.htm
07-05 14:32:23.711   545 14532 I DownloadManager: in removeSpuriousFiles, preserving file /data/data/com.android.providers.downloads/cache/metadata-612.htm
07-05 14:32:23.711   545 14532 I DownloadManager: in removeSpuriousFiles, preserving file /data/data/com.android.providers.downloads/cache/metadata-526.htm
07-05 14:32:23.711   545 14532 I DownloadManager: in removeSpuriousFiles, preserving file /data/data/com.android.providers.downloads/cache/metadata-1124.htm
07-05 14:32:23.715   545 14532 I DownloadManager: deleting spurious file /cache/dalvik-cache
07-05 14:32:23.715   545 14532 I DownloadManager: deleting spurious file /data/data/com.android.providers.downloads/cache/metadata.htm
07-05 14:32:23.715   545 14532 I DownloadManager: deleting spurious file /data/data/com.android.providers.downloads/cache/metadata-10.htm
07-05 14:32:23.715   545 14532 I DownloadManager: deleting spurious file /data/data/com.android.providers.downloads/cache/metadata-43.htm
07-05 14:32:23.715   545 14532 I DownloadManager: deleting spurious file /data/data/com.android.providers.downloads/cache/metadata-118.htm
07-05 14:32:23.715   545 14532 I DownloadManager: deleting spurious file /data/data/com.android.providers.downloads/cache/metadata-33.htm
07-05 14:32:23.715   545 14532 I DownloadManager: deleting spurious file /data/data/com.android.providers.downloads/cache/metadata-66.htm
07-05 14:32:23.715   545 14532 I DownloadManager: deleting spurious file /data/data/com.android.providers.downloads/cache/metadata-108.htm
07-05 14:32:23.715   545 14532 I DownloadManager: deleting spurious file /data/data/com.android.providers.downloads/cache/metadata-158.htm
07-05 14:32:23.715   545 14532 I DownloadManager: deleting spurious file /data/data/com.android.providers.downloads/cache/metadata-370.htm
07-05 14:32:23.715   545 14532 I DownloadManager: deleting spurious file /data/data/com.android.providers.downloads/cache/metadata-112.htm
07-05 14:32:23.715   545 14532 I DownloadManager: deleting spurious file /data/data/com.android.providers.downloads/cache/metadata-239.htm
07-05 14:32:23.715   545 14532 I DownloadManager: deleting spurious file /data/data/com.android.providers.downloads/cache/metadata-128.htm
07-05 14:32:23.715   545 14532 I DownloadManager: deleting spurious file /data/data/com.android.providers.downloads/cache/metadata-136.htm
07-05 14:32:23.715   545 14532 I DownloadManager: deleting spurious file /data/data/com.android.providers.downloads/cache/metadata-1298.htm
07-05 14:32:23.715   545 14532 I DownloadManager: deleting spurious file /data/data/com.android.providers.downloads/cache/metadata-92.htm
07-05 14:32:23.715   545 14532 I DownloadManager: deleting spurious file /data/data/com.android.providers.downloads/cache/metadata-381.htm
07-05 14:32:23.715   545 14532 I DownloadManager: deleting spurious file /data/data/com.android.providers.downloads/cache/metadata-310.htm
07-05 14:32:23.715   545 14532 I DownloadManager: deleting spurious file /data/data/com.android.providers.downloads/cache/metadata-262.htm
07-05 14:32:23.719   545 14532 I DownloadManager: deleting spurious file /data/data/com.android.providers.downloads/cache/metadata-183.htm
07-05 14:32:23.719   545 14532 I DownloadManager: deleting spurious file /data/data/com.android.providers.downloads/cache/metadata-178.htm
07-05 14:32:23.719   545 14532 I DownloadManager: deleting spurious file /data/data/com.android.providers.downloads/cache/metadata-1529.htm
07-05 14:32:23.719   545 14532 I DownloadManager: deleting spurious file /data/data/com.android.providers.downloads/cache/metadata-318.htm
07-05 14:32:23.719   545 14532 I DownloadManager: deleting spurious file /data/data/com.android.providers.downloads/cache/metadata-573.htm
07-05 14:32:23.719   545 14532 I DownloadManager: deleting spurious file /data/data/com.android.providers.downloads/cache/metadata-115.htm
07-05 14:32:23.719   545 14532 I DownloadManager: deleting spurious file /data/data/com.android.providers.downloads/cache/metadata-172.htm
07-05 14:32:23.719   545 14532 I DownloadManager: deleting spurious file /data/data/com.android.providers.downloads/cache/metadata-343.htm
07-05 14:32:23.719   545 14532 I DownloadManager: deleting spurious file /data/data/com.android.providers.downloads/cache/metadata-465.htm
07-05 14:32:23.719   545 14532 I DownloadManager: deleting spurious file /data/data/com.android.providers.downloads/cache/metadata-198.htm
07-05 14:32:23.719   545 14532 I DownloadManager: deleting spurious file /data/data/com.android.providers.downloads/cache/metadata-1687.htm
07-05 14:32:23.719   545 14532 I DownloadManager: deleting spurious file /data/data/com.android.providers.downloads/cache/metadata-388.htm
07-05 14:32:23.719   545 14532 I DownloadManager: deleting spurious file /data/data/com.android.providers.downloads/cache/metadata-1072.htm
07-05 14:32:23.719   545 14532 I DownloadManager: deleting spurious file /data/data/com.android.providers.downloads/cache/metadata-424.htm
07-05 14:32:23.719   545 14532 I DownloadManager: deleting spurious file /data/data/com.android.providers.downloads/cache/metadata-192.htm
07-05 14:32:23.719   545 14532 I DownloadManager: deleting spurious file /data/data/com.android.providers.downloads/cache/metadata-272.htm
07-05 14:32:23.719   545 14532 I DownloadManager: deleting spurious file /data/data/com.android.providers.downloads/cache/metadata-386.htm
07-05 14:32:23.719   545 14532 I DownloadManager: deleting spurious file /data/data/com.android.providers.downloads/cache/metadata-506.htm
07-05 14:32:23.719   545 14532 I DownloadManager: deleting spurious file /data/data/com.android.providers.downloads/cache/metadata-925.htm
07-05 14:32:23.719   545 14532 I DownloadManager: deleting spurious file /data/data/com.android.providers.downloads/cache/metadata-360.htm
07-05 14:32:23.719   545 14532 I DownloadManager: deleting spurious file /data/data/com.android.providers.downloads/cache/metadata-1943.htm
07-05 14:32:23.719   545 14532 I DownloadManager: deleting spurious file /data/data/com.android.providers.downloads/cache/metadata-673.htm
07-05 14:32:23.719   545 14532 I DownloadManager: deleting spurious file /data/data/com.android.providers.downloads/cache/metadata-266.htm
07-05 14:32:23.719   545 14532 I DownloadManager: deleting spurious file /data/data/com.android.providers.downloads/cache/metadata-332.htm
07-05 14:32:23.723   545 14532 I DownloadManager: deleting spurious file /data/data/com.android.providers.downloads/cache/metadata-2011.htm
07-05 14:32:23.723   545 14532 I DownloadManager: deleting spurious file /data/data/com.android.providers.downloads/cache/metadata-468.htm
07-05 14:32:23.723   545 14532 I DownloadManager: deleting spurious file /data/data/com.android.providers.downloads/cache/metadata-863.htm
07-05 14:32:23.723   545 14532 I DownloadManager: deleting spurious file /data/data/com.android.providers.downloads/cache/metadata-1558.htm
07-05 14:32:23.723   545 14532 I DownloadManager: deleting spurious file /data/data/com.android.providers.downloads/cache/metadata-1368.htm
07-05 14:32:23.723   545 14532 I DownloadManager: deleting spurious file /data/data/com.android.providers.downloads/cache/metadata-127.htm
07-05 14:32:23.723   545 14532 I DownloadManager: deleting spurious file /data/data/com.android.providers.downloads/cache/metadata-229.htm
07-05 14:32:23.723   545 14532 I DownloadManager: deleting spurious file /data/data/com.android.providers.downloads/cache/metadata-1476.htm
07-05 14:32:23.723   545 14532 I DownloadManager: deleting spurious file /data/data/com.android.providers.downloads/cache/metadata-349.htm
07-05 14:32:23.723   545 14532 I DownloadManager: deleting spurious file /data/data/com.android.providers.downloads/cache/metadata-463.htm
07-05 14:32:23.723   545 14532 I DownloadManager: deleting spurious file /data/data/com.android.providers.downloads/cache/metadata-1127.htm
07-05 14:32:23.723   545 14532 I DownloadManager: deleting spurious file /data/data/com.android.providers.downloads/cache/metadata-500.htm
07-05 14:32:23.723   545 14532 I DownloadManager: deleting spurious file /data/data/com.android.providers.downloads/cache/metadata-383.htm
07-05 14:32:23.723   545 14532 I DownloadManager: deleting spurious file /data/data/com.android.providers.downloads/cache/metadata-494.htm
07-05 14:32:23.723   545 14532 I DownloadManager: deleting spurious file /data/data/com.android.providers.downloads/cache/metadata-321.htm
07-05 14:32:23.723   545 14532 I DownloadManager: deleting spurious file /data/data/com.android.providers.downloads/cache/metadata-446.htm
07-05 14:32:23.723   545 14532 I DownloadManager: deleting spurious file /data/data/com.android.providers.downloads/cache/metadata-1265.htm
07-05 14:32:23.723   545 14532 I DownloadManager: deleting spurious file /data/data/com.android.providers.downloads/cache/metadata-238.htm
07-05 14:32:23.723   545 14532 I DownloadManager: deleting spurious file /data/data/com.android.providers.downloads/cache/metadata-373.htm
07-05 14:32:23.723   545 14532 I DownloadManager: deleting spurious file /data/data/com.android.providers.downloads/cache/metadata-999.htm
07-05 14:32:23.723   545 14532 I DownloadManager: deleting spurious file /data/data/com.android.providers.downloads/cache/metadata-1201.htm
07-05 14:32:23.778   545 14532 D dalvikvm: GC_FOR_ALLOC freed 751K, 8% free 10814K/11719K, paused 24ms
07-05 14:32:23.778   545 14532 I DownloadManager: deleting spurious file /data/data/com.android.providers.downloads/cache/metadata-97.htm
07-05 14:32:23.782   545 14532 I DownloadManager: deleting spurious file /data/data/com.android.providers.downloads/cache/metadata-2238.htm
07-05 14:32:23.782   545 14532 I DownloadManager: deleting spurious file /data/data/com.android.providers.downloads/cache/metadata-1379.htm
07-05 14:32:23.782   545 14532 I DownloadManager: deleting spurious file /data/data/com.android.providers.downloads/cache/metadata-889.htm
07-05 14:32:23.782   545 14532 I DownloadManager: deleting spurious file /data/data/com.android.providers.downloads/cache/metadata-1135.htm
07-05 14:32:23.782   545 14532 I DownloadManager: deleting spurious file /data/data/com.android.providers.downloads/cache/metadata-354.htm
07-05 14:32:23.782   545 14532 I DownloadManager: deleting spurious file /data/data/com.android.providers.downloads/cache/metadata-460.htm
07-05 14:32:23.782   545 14532 I DownloadManager: deleting spurious file /data/data/com.android.providers.downloads/cache/metadata-313.htm
07-05 14:32:23.782   545 14532 I DownloadManager: deleting spurious file /data/data/com.android.providers.downloads/cache/metadata-191.htm
07-05 14:32:23.782   545 14532 I DownloadManager: deleting spurious file /data/data/com.android.providers.downloads/cache/metadata-3089.htm
07-05 14:32:23.782   545 14532 I DownloadManager: deleting spurious file /data/data/com.android.providers.downloads/cache/metadata-2313.htm
07-05 14:32:23.782   545 14532 I DownloadManager: deleting spurious file /data/data/com.android.providers.downloads/cache/metadata-429.htm
07-05 14:32:23.782   545 14532 I DownloadManager: deleting spurious file /data/data/com.android.providers.downloads/cache/metadata-748.htm
07-05 14:32:23.785   545 14532 I DownloadManager: deleting spurious file /data/data/com.android.providers.downloads/cache/metadata-1732.htm
07-05 14:32:23.785   545 14532 I DownloadManager: deleting spurious file /data/data/com.android.providers.downloads/cache/metadata-973.htm
07-05 14:32:23.785   545 14532 I DownloadManager: deleting spurious file /data/data/com.android.providers.downloads/cache/metadata-1315.htm
07-05 14:32:23.785   545 14532 I DownloadManager: deleting spurious file /data/data/com.android.providers.downloads/cache/metadata-1472.htm
07-05 14:32:23.785   545 14532 I DownloadManager: deleting spurious file /data/data/com.android.providers.downloads/cache/metadata-1470.htm
07-05 14:32:23.785   545 14532 I DownloadManager: deleting spurious file /data/data/com.android.providers.downloads/cache/metadata-2082.htm
07-05 14:32:23.785   545 14532 I DownloadManager: deleting spurious file /data/data/com.android.providers.downloads/cache/metadata-2147.htm
07-05 14:32:23.785   545 14532 I DownloadManager: deleting spurious file /data/data/com.android.providers.downloads/cache/metadata-2343.htm
07-05 14:32:23.785   545 14532 I DownloadManager: deleting spurious file /data/data/com.android.providers.downloads/cache/metadata-1178.htm
07-05 14:32:23.785   545 14532 I DownloadManager: deleting spurious file /data/data/com.android.providers.downloads/cache/metadata-1670.htm
07-05 14:32:23.785   545 14532 I DownloadManager: deleting spurious file /data/data/com.android.providers.downloads/cache/metadata-2070.htm
07-05 14:32:23.785   545 14532 I DownloadManager: deleting spurious file /data/data/com.android.providers.downloads/cache/metadata-1276.htm
07-05 14:32:23.785   545 14532 I DownloadManager: deleting spurious file /data/data/com.android.providers.downloads/cache/metadata-1976.htm
07-05 14:32:23.785   545 14532 I DownloadManager: deleting spurious file /data/data/com.android.providers.downloads/cache/metadata-347.htm
07-05 14:32:23.785   545 14532 I DownloadManager: deleting spurious file /data/data/com.android.providers.downloads/cache/metadata-1049.htm
07-05 14:32:23.785   545 14532 I DownloadManager: deleting spurious file /data/data/com.android.providers.downloads/cache/metadata-2460.htm
07-05 14:32:23.785   545 14532 I DownloadManager: deleting spurious file /data/data/com.android.providers.downloads/cache/metadata-408.htm
07-05 14:32:23.785   545 14532 I DownloadManager: deleting spurious file /data/data/com.android.providers.downloads/cache/metadata-2841.htm
07-05 14:32:23.785   545 14532 I DownloadManager: deleting spurious file /data/data/com.android.providers.downloads/cache/metadata-1044.htm
07-05 14:32:23.785   545 14532 I DownloadManager: deleting spurious file /data/data/com.android.providers.downloads/cache/metadata-804.htm
07-05 14:32:23.785   545 14532 I DownloadManager: deleting spurious file /data/data/com.android.providers.downloads/cache/metadata-1204.htm
07-05 14:32:23.785   545 14532 I DownloadManager: deleting spurious file /data/data/com.android.providers.downloads/cache/metadata-517.htm
07-05 14:32:23.785   545 14532 I DownloadManager: deleting spurious file /data/data/com.android.providers.downloads/cache/metadata-508.htm
07-05 14:32:23.785   545 14532 I DownloadManager: deleting spurious file /data/data/com.android.providers.downloads/cache/metadata-788.htm
07-05 14:32:23.793   545 14532 I DownloadManager: deleting spurious file /data/data/com.android.providers.downloads/cache/metadata-869.htm
07-05 14:32:23.793   545 14532 I DownloadManager: deleting spurious file /data/data/com.android.providers.downloads/cache/metadata-1931.htm
07-05 14:32:23.793   545 14532 I DownloadManager: deleting spurious file /data/data/com.android.providers.downloads/cache/metadata-390.htm
07-05 14:32:23.793   545 14532 I DownloadManager: deleting spurious file /data/data/com.android.providers.downloads/cache/metadata-426.htm
07-05 14:32:23.793   545 14532 I DownloadManager: deleting spurious file /data/data/com.android.providers.downloads/cache/metadata-2199.htm
07-05 14:32:23.793   545 14532 I DownloadManager: deleting spurious file /data/data/com.android.providers.downloads/cache/metadata-1433.htm
07-05 14:32:23.793   545 14532 I DownloadManager: deleting spurious file /data/data/com.android.providers.downloads/cache/metadata-2392.htm
07-05 14:32:23.793   545 14532 I DownloadManager: deleting spurious file /data/data/com.android.providers.downloads/cache/metadata-1263.htm
07-05 14:32:23.793   545 14532 I DownloadManager: deleting spurious file /data/data/com.android.providers.downloads/cache/metadata-502.htm
07-05 14:32:23.793   545 14532 I DownloadManager: deleting spurious file /data/data/com.android.providers.downloads/cache/metadata-2052.htm
07-05 14:32:23.793   545 14532 I DownloadManager: deleting spurious file /data/data/com.android.providers.downloads/cache/metadata-556.htm
07-05 14:32:23.793   545 14532 I DownloadManager: deleting spurious file /data/data/com.android.providers.downloads/cache/metadata-815.htm
07-05 14:32:23.793   545 14532 I DownloadManager: deleting spurious file /data/data/com.android.providers.downloads/cache/metadata-1219.htm
07-05 14:32:23.793   545 14532 I DownloadManager: deleting spurious file /data/data/com.android.providers.downloads/cache/metadata-441.htm
07-05 14:32:23.793   545 14532 I DownloadManager: deleting spurious file /data/data/com.android.providers.downloads/cache/metadata-617.htm
07-05 14:32:23.793   545 14532 I DownloadManager: deleting spurious file /data/data/com.android.providers.downloads/cache/metadata-756.htm
07-05 14:32:23.793   545 14532 I DownloadManager: deleting spurious file /data/data/com.android.providers.downloads/cache/metadata-2309.htm
07-05 14:32:23.793   545 14532 I DownloadManager: deleting spurious file /data/data/com.android.providers.downloads/cache/metadata-483.htm
07-05 14:32:23.793   545 14532 I DownloadManager: deleting spurious file /data/data/com.android.providers.downloads/cache/metadata-1825.htm
07-05 14:32:23.793   545 14532 I DownloadManager: deleting spurious file /data/data/com.android.providers.downloads/cache/metadata-1621.htm
07-05 14:32:23.793   545 14532 I DownloadManager: deleting spurious file /data/data/com.android.providers.downloads/cache/metadata-409.htm
07-05 14:32:23.860   545   548 D dalvikvm: GC_CONCURRENT freed 35K, 8% free 10819K/11719K, paused 2ms+2ms
07-05 14:32:24.242   545   548 D dalvikvm: GC_CONCURRENT freed 761K, 10% free 10554K/11719K, paused 2ms+3ms
07-05 14:32:24.512   545   548 D dalvikvm: GC_CONCURRENT freed 427K, 11% free 10517K/11719K, paused 2ms+2ms
07-05 14:32:24.571   545 14534 I DownloadManager: Initiating request for download 5551
07-05 14:32:24.653   545   548 D dalvikvm: GC_CONCURRENT freed 196K, 9% free 10753K/11719K, paused 2ms+3ms
07-05 14:32:24.746   545   548 D dalvikvm: GC_CONCURRENT freed 307K, 7% free 10921K/11719K, paused 2ms+2ms
07-05 14:32:25.653   682  1055 E GTalkService: connectionClosed: no XMPPConnection - That's strange!
07-05 14:32:25.688   545   548 D dalvikvm: GC_CONCURRENT freed 849K, 10% free 10597K/11719K, paused 4ms+2ms
07-05 14:32:26.032   545   548 D dalvikvm: GC_CONCURRENT freed 422K, 10% free 10596K/11719K, paused 3ms+3ms
07-05 14:32:26.293   545   548 D dalvikvm: GC_CONCURRENT freed 472K, 11% free 10520K/11719K, paused 2ms+2ms
07-05 14:32:27.700   545 14536 I DownloadManager: Initiating request for download 5552
07-05 14:32:27.848   545   548 D dalvikvm: GC_CONCURRENT freed 203K, 8% free 10786K/11719K, paused 2ms+3ms
07-05 14:32:28.004   545   548 D dalvikvm: GC_CONCURRENT freed 470K, 8% free 10820K/11719K, paused 2ms+2ms
07-05 14:32:28.309   545   548 D dalvikvm: GC_CONCURRENT freed 739K, 10% free 10559K/11719K, paused 2ms+3ms
07-05 14:32:28.586   545   548 D dalvikvm: GC_CONCURRENT freed 408K, 11% free 10542K/11719K, paused 2ms+2ms
07-05 14:32:28.660   156   330 D ConnectivityService: handleInetConditionHoldEnd: net=1, condition=0, published condition=0
07-05 14:32:30.032   545   548 D dalvikvm: GC_CONCURRENT freed 386K, 10% free 10550K/11719K, paused 2ms+3ms
07-05 14:32:30.235  1370 14539 E DictionaryProvider:UpdateHandler: Can't read a file : android.util.MalformedJsonException: Use JsonReader.setLenient(true) to accept malformed JSON at line 1 column 20
07-05 14:32:30.336   465   467 D dalvikvm: GC_CONCURRENT freed 397K, 6% free 10502K/11143K, paused 2ms+2ms
07-05 14:32:30.418   545   548 D dalvikvm: GC_CONCURRENT freed 433K, 11% free 10526K/11719K, paused 1ms+3ms
07-05 14:32:30.731   545   548 D dalvikvm: GC_CONCURRENT freed 421K, 11% free 10503K/11719K, paused 2ms+3ms
07-05 14:32:30.926   545 14542 I DownloadManager: Initiating request for download 5552
07-05 14:32:30.926   545 14542 W DownloadManager: Aborting request for download 5552: Trying to resume a download that can't be resumed
07-05 14:32:30.977   545   548 D dalvikvm: GC_CONCURRENT freed 381K, 11% free 10507K/11719K, paused 1ms+2ms
07-05 14:32:31.797   545   548 D dalvikvm: GC_CONCURRENT freed 404K, 11% free 10494K/11719K, paused 1ms+2ms
07-05 14:32:32.121   545   548 D dalvikvm: GC_CONCURRENT freed 399K, 11% free 10503K/11719K, paused 2ms+3ms
07-05 14:32:32.453   545   548 D dalvikvm: GC_CONCURRENT freed 416K, 11% free 10494K/11719K, paused 2ms+3ms
07-05 14:32:33.512   545 14546 I DownloadManager: Initiating request for download 5553
07-05 14:32:33.610   545   548 D dalvikvm: GC_CONCURRENT freed 230K, 9% free 10701K/11719K, paused 2ms+3ms
07-05 14:32:33.707   545   548 D dalvikvm: GC_CONCURRENT freed 420K, 9% free 10735K/11719K, paused 2ms+2ms
07-05 14:32:34.774   545   548 D dalvikvm: GC_CONCURRENT freed 703K, 11% free 10493K/11719K, paused 2ms+3ms
07-05 14:32:34.891  1370 14548 E DictionaryProvider:UpdateHandler: Can't read a file : android.util.MalformedJsonException: Use JsonReader.setLenient(true) to accept malformed JSON at line 1 column 20
07-05 14:32:35.129   545   548 D dalvikvm: GC_CONCURRENT freed 416K, 11% free 10478K/11719K, paused 2ms+2ms
07-05 14:32:35.422   545   548 D dalvikvm: GC_CONCURRENT freed 410K, 11% free 10455K/11719K, paused 2ms+2ms
07-05 14:32:35.446   545 14551 I DownloadManager: Initiating request for download 5553
07-05 14:32:35.559   545   548 D dalvikvm: GC_CONCURRENT freed 216K, 9% free 10674K/11719K, paused 2ms+3ms
07-05 14:32:35.692   545   548 D dalvikvm: GC_CONCURRENT freed 415K, 9% free 10704K/11719K, paused 2ms+2ms
07-05 14:32:35.996   545   548 D dalvikvm: GC_CONCURRENT freed 700K, 11% free 10443K/11719K, paused 1ms+3ms
07-05 14:32:36.258   545   548 D dalvikvm: GC_CONCURRENT freed 412K, 12% free 10422K/11719K, paused 1ms+2ms
07-05 14:32:36.395   545 14554 I DownloadManager: Initiating request for download 5554
07-05 14:32:36.492   545   548 D dalvikvm: GC_CONCURRENT freed 292K, 10% free 10573K/11719K, paused 2ms+3ms
07-05 14:32:36.617   545   548 D dalvikvm: GC_CONCURRENT freed 268K, 9% free 10746K/11719K, paused 1ms+3ms
07-05 14:32:36.801  1370 14556 E DictionaryProvider:UpdateHandler: Can't read a file : android.util.MalformedJsonException: Use JsonReader.setLenient(true) to accept malformed JSON at line 1 column 20
07-05 14:32:36.832  1370  1372 D dalvikvm: GC_CONCURRENT freed 385K, 7% free 9131K/9735K, paused 2ms+2ms
07-05 14:32:36.934   545   548 D dalvikvm: GC_CONCURRENT freed 778K, 12% free 10423K/11719K, paused 2ms+3ms
07-05 14:32:37.200   545   548 D dalvikvm: GC_CONCURRENT freed 411K, 12% free 10398K/11719K, paused 2ms+2ms
07-05 14:32:37.383   545 14559 I DownloadManager: Initiating request for download 5554
07-05 14:32:37.453   545   548 D dalvikvm: GC_CONCURRENT freed 329K, 11% free 10462K/11719K, paused 1ms+2ms
07-05 14:32:37.571   545   548 D dalvikvm: GC_CONCURRENT freed 217K, 9% free 10681K/11719K, paused 2ms+2ms
07-05 14:32:37.719   545   548 D dalvikvm: GC_CONCURRENT freed 662K, 11% free 10457K/11719K, paused 2ms+3ms
07-05 14:32:38.000   545   548 D dalvikvm: GC_CONCURRENT freed 439K, 12% free 10409K/11719K, paused 2ms+2ms
07-05 14:32:38.258   545   548 D dalvikvm: GC_CONCURRENT freed 409K, 12% free 10390K/11719K, paused 2ms+2ms
07-05 14:32:38.367   545 14562 I DownloadManager: Initiating request for download 5555
07-05 14:32:38.492   545   548 D dalvikvm: GC_CONCURRENT freed 209K, 10% free 10618K/11719K, paused 2ms+11ms
07-05 14:32:38.614   545   548 D dalvikvm: GC_CONCURRENT freed 310K, 9% free 10760K/11719K, paused 2ms+2ms
07-05 14:32:38.805  1370 14564 E DictionaryProvider:UpdateHandler: Can't read a file : android.util.MalformedJsonException: Use JsonReader.setLenient(true) to accept malformed JSON at line 1 column 20
07-05 14:32:38.910   156   559 D dalvikvm: GC_EXPLICIT freed 739K, 12% free 14088K/16007K, paused 5ms+5ms
07-05 14:32:38.918   682   682 I GTalkService/c: [AndroidEndpoint@1095403848] connect: acct=1000001, state=CONNECTING
07-05 14:32:39.024   545   548 D dalvikvm: GC_CONCURRENT freed 798K, 12% free 10421K/11719K, paused 2ms+2ms
07-05 14:32:39.289   545   548 D dalvikvm: GC_CONCURRENT freed 427K, 12% free 10381K/11719K, paused 1ms+3ms
07-05 14:32:39.434   545 14567 I DownloadManager: Initiating request for download 5555
07-05 14:32:39.520   545   548 D dalvikvm: GC_CONCURRENT freed 255K, 10% free 10554K/11719K, paused 2ms+2ms
07-05 14:32:39.633   545   548 D dalvikvm: GC_CONCURRENT freed 285K, 9% free 10714K/11719K, paused 2ms+3ms
07-05 14:32:39.864   545   548 D dalvikvm: GC_CONCURRENT freed 750K, 12% free 10408K/11719K, paused 2ms+3ms
07-05 14:32:40.117   545   548 D dalvikvm: GC_CONCURRENT freed 412K, 12% free 10387K/11719K, paused 2ms+2ms
07-05 14:32:40.367   545 14570 I DownloadManager: Initiating request for download 5556
07-05 14:32:40.407   545   548 D dalvikvm: GC_CONCURRENT freed 375K, 12% free 10415K/11719K, paused 2ms+3ms
07-05 14:32:40.547   545   548 D dalvikvm: GC_CONCURRENT freed 198K, 10% free 10653K/11719K, paused 2ms+3ms
07-05 14:32:40.680   545   548 D dalvikvm: GC_CONCURRENT freed 445K, 10% free 10660K/11719K, paused 2ms+2ms
07-05 14:32:40.793  1370 14572 E DictionaryProvider:UpdateHandler: Can't read a file : android.util.MalformedJsonException: Use JsonReader.setLenient(true) to accept malformed JSON at line 1 column 20
07-05 14:32:41.016   545   548 D dalvikvm: GC_CONCURRENT freed 675K, 12% free 10411K/11719K, paused 2ms+2ms
07-05 14:32:41.282   545   548 D dalvikvm: GC_CONCURRENT freed 417K, 12% free 10382K/11719K, paused 2ms+2ms
07-05 14:32:41.364   545 14575 I DownloadManager: Initiating request for download 5556
07-05 14:32:41.496   545   548 D dalvikvm: GC_CONCURRENT freed 211K, 10% free 10602K/11719K, paused 2ms+2ms
07-05 14:32:41.614   545   548 D dalvikvm: GC_CONCURRENT freed 322K, 9% free 10739K/11719K, paused 2ms+3ms
07-05 14:32:41.875   545   548 D dalvikvm: GC_CONCURRENT freed 784K, 12% free 10406K/11719K, paused 2ms+2ms
07-05 14:32:42.129   545   548 D dalvikvm: GC_CONCURRENT freed 410K, 12% free 10386K/11719K, paused 2ms+2ms
07-05 14:32:42.309   545 14578 I DownloadManager: Initiating request for download 5557
07-05 14:32:42.403   545   548 D dalvikvm: GC_CONCURRENT freed 275K, 10% free 10559K/11719K, paused 2ms+3ms
07-05 14:32:42.508   545   548 D dalvikvm: GC_CONCURRENT freed 296K, 9% free 10708K/11719K, paused 2ms+3ms
07-05 14:32:42.657   545 14578 D dalvikvm: GC_EXPLICIT freed 582K, 11% free 10465K/11719K, paused 2ms+3ms
07-05 14:32:42.778  1370 14580 E DictionaryProvider:UpdateHandler: Can't read a file : android.util.MalformedJsonException: Use JsonReader.setLenient(true) to accept malformed JSON at line 1 column 20
07-05 14:32:42.961   545   548 D dalvikvm: GC_CONCURRENT freed 446K, 12% free 10409K/11719K, paused 2ms+2ms
07-05 14:32:43.239   545   548 D dalvikvm: GC_CONCURRENT freed 413K, 12% free 10388K/11719K, paused 2ms+2ms
07-05 14:32:43.309   545 14583 I DownloadManager: Initiating request for download 5557
07-05 14:32:43.410   545   548 D dalvikvm: GC_CONCURRENT freed 198K, 10% free 10600K/11719K, paused 2ms+3ms
07-05 14:32:43.524   545   548 D dalvikvm: GC_CONCURRENT freed 283K, 9% free 10746K/11719K, paused 2ms+2ms
07-05 14:32:43.805   545   548 D dalvikvm: GC_CONCURRENT freed 792K, 12% free 10408K/11719K, paused 2ms+2ms
07-05 14:32:44.071   545   548 D dalvikvm: GC_CONCURRENT freed 408K, 12% free 10390K/11719K, paused 1ms+3ms
07-05 14:32:44.254   545 14586 I DownloadManager: Initiating request for download 5558
07-05 14:32:44.371   545   548 D dalvikvm: GC_CONCURRENT freed 286K, 10% free 10557K/11719K, paused 2ms+3ms
07-05 14:32:44.485   545   548 D dalvikvm: GC_CONCURRENT freed 303K, 9% free 10699K/11719K, paused 2ms+3ms
07-05 14:32:44.676   545   548 D dalvikvm: GC_CONCURRENT freed 686K, 11% free 10449K/11719K, paused 1ms+2ms
07-05 14:32:44.746  1370 14588 E DictionaryProvider:UpdateHandler: Can't read a file : android.util.MalformedJsonException: Use JsonReader.setLenient(true) to accept malformed JSON at line 1 column 20
07-05 14:32:44.782  1370  1372 D dalvikvm: GC_CONCURRENT freed 395K, 7% free 9127K/9735K, paused 1ms+2ms
07-05 14:32:45.000   545   548 D dalvikvm: GC_CONCURRENT freed 432K, 12% free 10407K/11719K, paused 1ms+2ms
07-05 14:32:45.278   545   548 D dalvikvm: GC_CONCURRENT freed 414K, 12% free 10383K/11719K, paused 2ms+3ms
07-05 14:32:45.297   545 14591 I DownloadManager: Initiating request for download 5558
07-05 14:32:45.418   545   548 D dalvikvm: GC_CONCURRENT freed 176K, 10% free 10648K/11719K, paused 1ms+2ms
07-05 14:32:45.543   545   548 D dalvikvm: GC_CONCURRENT freed 409K, 9% free 10669K/11719K, paused 2ms+2ms
07-05 14:32:45.840   545   548 D dalvikvm: GC_CONCURRENT freed 690K, 12% free 10406K/11719K, paused 2ms+3ms
07-05 14:32:46.106   545   548 D dalvikvm: GC_CONCURRENT freed 409K, 12% free 10388K/11719K, paused 2ms+2ms
07-05 14:32:46.285   545 14594 I DownloadManager: Initiating request for download 5559
07-05 14:32:46.403   545   548 D dalvikvm: GC_CONCURRENT freed 241K, 10% free 10587K/11719K, paused 2ms+3ms
07-05 14:32:46.524   545   548 D dalvikvm: GC_CONCURRENT freed 284K, 9% free 10751K/11719K, paused 2ms+3ms
07-05 14:32:46.711  1370 14596 E DictionaryProvider:UpdateHandler: Can't read a file : android.util.MalformedJsonException: Use JsonReader.setLenient(true) to accept malformed JSON at line 1 column 20
07-05 14:32:46.817   545   548 D dalvikvm: GC_CONCURRENT freed 786K, 12% free 10420K/11719K, paused 1ms+2ms
07-05 14:32:47.078   545   548 D dalvikvm: GC_CONCURRENT freed 411K, 12% free 10397K/11719K, paused 2ms+2ms
07-05 14:32:47.258   545 14599 I DownloadManager: Initiating request for download 5559
07-05 14:32:47.325   545   548 D dalvikvm: GC_CONCURRENT freed 327K, 11% free 10461K/11719K, paused 2ms+2ms
07-05 14:32:47.442   545   548 D dalvikvm: GC_CONCURRENT freed 207K, 9% free 10678K/11719K, paused 2ms+3ms
07-05 14:32:47.578   545   548 D dalvikvm: GC_CONCURRENT freed 657K, 11% free 10457K/11719K, paused 2ms+3ms
07-05 14:32:47.867   545   548 D dalvikvm: GC_CONCURRENT freed 438K, 12% free 10410K/11719K, paused 1ms+2ms
07-05 14:32:48.133   545   548 D dalvikvm: GC_CONCURRENT freed 410K, 12% free 10391K/11719K, paused 2ms+2ms
07-05 14:32:48.246   545 14602 I DownloadManager: Initiating request for download 5560
07-05 14:32:48.344   545   548 D dalvikvm: GC_CONCURRENT freed 223K, 10% free 10604K/11719K, paused 2ms+3ms
07-05 14:32:48.465   545   548 D dalvikvm: GC_CONCURRENT freed 314K, 9% free 10769K/11719K, paused 2ms+3ms
07-05 14:32:48.625  1370 14604 E DictionaryProvider:UpdateHandler: Can't read a file : android.util.MalformedJsonException: Use JsonReader.setLenient(true) to accept malformed JSON at line 1 column 20
07-05 14:32:48.778   545   548 D dalvikvm: GC_CONCURRENT freed 809K, 12% free 10422K/11719K, paused 2ms+3ms
07-05 14:32:49.043   545   548 D dalvikvm: GC_CONCURRENT freed 415K, 12% free 10397K/11719K, paused 2ms+2ms
07-05 14:32:49.196   545 14607 I DownloadManager: Initiating request for download 5560
07-05 14:32:49.289   545   548 D dalvikvm: GC_CONCURRENT freed 267K, 10% free 10600K/11719K, paused 2ms+3ms
07-05 14:32:49.407   545   548 D dalvikvm: GC_CONCURRENT freed 311K, 9% free 10736K/11719K, paused 2ms+2ms
07-05 14:32:49.629   545   548 D dalvikvm: GC_CONCURRENT freed 731K, 11% free 10454K/11719K, paused 2ms+3ms
07-05 14:32:49.910   545   548 D dalvikvm: GC_CONCURRENT freed 438K, 12% free 10407K/11719K, paused 2ms+2ms
07-05 14:32:50.149   545 14610 I DownloadManager: Initiating request for download 5561
07-05 14:32:50.200   545   548 D dalvikvm: GC_CONCURRENT freed 368K, 11% free 10461K/11719K, paused 2ms+3ms
07-05 14:32:50.328   545   548 D dalvikvm: GC_CONCURRENT freed 216K, 9% free 10681K/11719K, paused 2ms+3ms
07-05 14:32:50.469   545   548 D dalvikvm: GC_CONCURRENT freed 658K, 11% free 10459K/11719K, paused 2ms+3ms
07-05 14:32:50.571  1370 14612 E DictionaryProvider:UpdateHandler: Can't read a file : android.util.MalformedJsonException: Use JsonReader.setLenient(true) to accept malformed JSON at line 1 column 20
07-05 14:32:50.782   545   548 D dalvikvm: GC_CONCURRENT freed 428K, 12% free 10421K/11719K, paused 2ms+3ms
07-05 14:32:51.055   545   548 D dalvikvm: GC_CONCURRENT freed 413K, 12% free 10397K/11719K, paused 2ms+2ms
07-05 14:32:51.153   545 14615 I DownloadManager: Initiating request for download 5561
07-05 14:32:51.254   545   548 D dalvikvm: GC_CONCURRENT freed 226K, 10% free 10595K/11719K, paused 2ms+3ms
07-05 14:32:51.371   545   548 D dalvikvm: GC_CONCURRENT freed 301K, 9% free 10757K/11719K, paused 2ms+3ms
07-05 14:32:51.645   545   548 D dalvikvm: GC_CONCURRENT freed 795K, 12% free 10420K/11719K, paused 2ms+3ms
07-05 14:32:51.903   545   548 D dalvikvm: GC_CONCURRENT freed 409K, 12% free 10401K/11719K, paused 2ms+2ms
07-05 14:32:52.094   545 14618 I DownloadManager: Initiating request for download 5562
07-05 14:32:52.180   545   548 D dalvikvm: GC_CONCURRENT freed 297K, 10% free 10564K/11719K, paused 2ms+3ms
07-05 14:32:52.305   545   548 D dalvikvm: GC_CONCURRENT freed 293K, 9% free 10768K/11719K, paused 2ms+4ms
07-05 14:32:52.532   545   548 D dalvikvm: GC_CONCURRENT freed 770K, 11% free 10459K/11719K, paused 2ms+2ms
07-05 14:32:52.793   545   548 D dalvikvm: GC_CONCURRENT freed 407K, 11% free 10442K/11719K, paused 2ms+2ms
07-05 14:32:53.508  1370 14620 E DictionaryProvider:UpdateHandler: Can't read a file : android.util.MalformedJsonException: Use JsonReader.setLenient(true) to accept malformed JSON at line 1 column 20
07-05 14:32:53.528   545   548 D dalvikvm: GC_CONCURRENT freed 402K, 11% free 10442K/11719K, paused 2ms+3ms
07-05 14:32:53.563  1370  1372 D dalvikvm: GC_CONCURRENT freed 390K, 7% free 9127K/9735K, paused 2ms+3ms
07-05 14:32:53.832   545   548 D dalvikvm: GC_CONCURRENT freed 420K, 12% free 10413K/11719K, paused 2ms+2ms
07-05 14:32:54.110   545   548 D dalvikvm: GC_CONCURRENT freed 404K, 12% free 10399K/11719K, paused 2ms+2ms
07-05 14:32:54.231   545 14623 I DownloadManager: Initiating request for download 5562
07-05 14:32:54.231   545 14623 W DownloadManager: Aborting request for download 5562: Trying to resume a download that can't be resumed
07-05 14:32:54.453   545   548 D dalvikvm: GC_CONCURRENT freed 360K, 12% free 10430K/11719K, paused 1ms+2ms
07-05 14:32:54.715   545   548 D dalvikvm: GC_CONCURRENT freed 412K, 12% free 10409K/11719K, paused 2ms+2ms
07-05 14:32:54.992   545   548 D dalvikvm: GC_CONCURRENT freed 404K, 12% free 10400K/11719K, paused 2ms+2ms
07-05 14:32:55.067   545 14626 I DownloadManager: Initiating request for download 5563
07-05 14:32:55.219   545   548 D dalvikvm: GC_CONCURRENT freed 198K, 10% free 10649K/11719K, paused 2ms+2ms
07-05 14:32:55.336   545   548 D dalvikvm: GC_CONCURRENT freed 399K, 9% free 10680K/11719K, paused 2ms+2ms
07-05 14:32:55.496  1370 14628 E DictionaryProvider:UpdateHandler: Can't read a file : android.util.MalformedJsonException: Use JsonReader.setLenient(true) to accept malformed JSON at line 1 column 20
07-05 14:32:55.641   545   548 D dalvikvm: GC_CONCURRENT freed 682K, 12% free 10429K/11719K, paused 2ms+3ms
07-05 14:32:55.907   545   548 D dalvikvm: GC_CONCURRENT freed 416K, 12% free 10403K/11719K, paused 1ms+3ms
07-05 14:32:56.055   545 14631 I DownloadManager: Initiating request for download 5563
07-05 14:32:56.153   545   548 D dalvikvm: GC_CONCURRENT freed 259K, 10% free 10630K/11719K, paused 1ms+3ms
07-05 14:32:56.270   545   548 D dalvikvm: GC_CONCURRENT freed 340K, 9% free 10759K/11719K, paused 2ms+3ms
07-05 14:32:56.399   156   628 D dalvikvm: GC_EXPLICIT freed 467K, 13% free 14085K/16007K, paused 3ms+5ms
07-05 14:32:56.598   545   548 D dalvikvm: GC_CONCURRENT freed 791K, 12% free 10427K/11719K, paused 2ms+3ms
07-05 14:32:56.867   545   548 D dalvikvm: GC_CONCURRENT freed 422K, 12% free 10395K/11719K, paused 1ms+2ms
07-05 14:32:57.063   545 14634 I DownloadManager: Initiating request for download 5564
07-05 14:32:57.153   545   548 D dalvikvm: GC_CONCURRENT freed 309K, 11% free 10539K/11719K, paused 2ms+3ms
07-05 14:32:57.266   545   548 D dalvikvm: GC_CONCURRENT freed 273K, 9% free 10710K/11719K, paused 2ms+3ms
07-05 14:32:57.465   545   548 D dalvikvm: GC_CONCURRENT freed 735K, 12% free 10424K/11719K, paused 2ms+3ms
07-05 14:32:57.508  1370 14636 E DictionaryProvider:UpdateHandler: Can't read a file : android.util.MalformedJsonException: Use JsonReader.setLenient(true) to accept malformed JSON at line 1 column 20
07-05 14:32:57.778   545   548 D dalvikvm: GC_CONCURRENT freed 405K, 12% free 10410K/11719K, paused 2ms+2ms
07-05 14:32:58.032   545   548 D dalvikvm: GC_CONCURRENT freed 412K, 12% free 10388K/11719K, paused 2ms+2ms
07-05 14:32:58.078   545 14639 I DownloadManager: Initiating request for download 5564
07-05 14:32:58.184   545   548 D dalvikvm: GC_CONCURRENT freed 189K, 10% free 10635K/11719K, paused 2ms+3ms
07-05 14:32:58.305   545   548 D dalvikvm: GC_CONCURRENT freed 402K, 9% free 10672K/11719K, paused 2ms+3ms
07-05 14:32:58.586   545   548 D dalvikvm: GC_CONCURRENT freed 691K, 12% free 10411K/11719K, paused 2ms+2ms
07-05 14:32:58.848   545   548 D dalvikvm: GC_CONCURRENT freed 410K, 12% free 10391K/11719K, paused 1ms+3ms
07-05 14:32:59.016   545 14642 I DownloadManager: Initiating request for download 5565
07-05 14:32:59.125   545   548 D dalvikvm: GC_CONCURRENT freed 245K, 10% free 10562K/11719K, paused 2ms+3ms
07-05 14:32:59.235   545   548 D dalvikvm: GC_CONCURRENT freed 277K, 9% free 10698K/11719K, paused 2ms+3ms
07-05 14:32:59.399   545   548 D dalvikvm: GC_CONCURRENT freed 680K, 11% free 10455K/11719K, paused 2ms+2ms
07-05 14:32:59.481  1370 14644 E DictionaryProvider:UpdateHandler: Can't read a file : android.util.MalformedJsonException: Use JsonReader.setLenient(true) to accept malformed JSON at line 1 column 20
07-05 14:32:59.715   545   548 D dalvikvm: GC_CONCURRENT freed 431K, 12% free 10415K/11719K, paused 2ms+3ms
07-05 14:32:59.981   545   548 D dalvikvm: GC_CONCURRENT freed 417K, 12% free 10390K/11719K, paused 2ms+2ms
07-05 14:33:00.071   545 14647 I DownloadManager: Initiating request for download 5565
07-05 14:33:00.180   545   548 D dalvikvm: GC_CONCURRENT freed 195K, 9% free 10685K/11719K, paused 2ms+3ms
07-05 14:33:00.313   545   548 D dalvikvm: GC_CONCURRENT freed 467K, 9% free 10674K/11719K, paused 1ms+2ms
07-05 14:33:00.610   545   548 D dalvikvm: GC_CONCURRENT freed 692K, 12% free 10411K/11719K, paused 2ms+2ms
07-05 14:33:00.871   545   548 D dalvikvm: GC_CONCURRENT freed 409K, 12% free 10393K/11719K, paused 1ms+2ms
07-05 14:33:01.004   545 14650 I DownloadManager: Initiating request for download 5566
07-05 14:33:01.110   545   548 D dalvikvm: GC_CONCURRENT freed 232K, 10% free 10611K/11719K, paused 3ms+3ms
07-05 14:33:01.227   545   548 D dalvikvm: GC_CONCURRENT freed 300K, 9% free 10758K/11719K, paused 2ms+2ms
07-05 14:33:01.407  1370 14652 E DictionaryProvider:UpdateHandler: Can't read a file : android.util.MalformedJsonException: Use JsonReader.setLenient(true) to accept malformed JSON at line 1 column 20
07-05 14:33:01.450  1370  1372 D dalvikvm: GC_CONCURRENT freed 384K, 7% free 9131K/9735K, paused 1ms+2ms
07-05 14:33:01.547   545   548 D dalvikvm: GC_CONCURRENT freed 788K, 12% free 10427K/11719K, paused 2ms+3ms
07-05 14:33:01.821   545   548 D dalvikvm: GC_CONCURRENT freed 415K, 12% free 10402K/11719K, paused 2ms+2ms
07-05 14:33:02.008   545 14655 I DownloadManager: Initiating request for download 5566
07-05 14:33:02.059   545   548 D dalvikvm: GC_CONCURRENT freed 329K, 11% free 10465K/11719K, paused 2ms+3ms
07-05 14:33:02.176   545   548 D dalvikvm: GC_CONCURRENT freed 216K, 9% free 10685K/11719K, paused 2ms+3ms
07-05 14:33:02.321   545   548 D dalvikvm: GC_CONCURRENT freed 659K, 11% free 10461K/11719K, paused 2ms+4ms
07-05 14:33:02.606   545   548 D dalvikvm: GC_CONCURRENT freed 438K, 12% free 10414K/11719K, paused 2ms+3ms
07-05 14:33:02.871   545   548 D dalvikvm: GC_CONCURRENT freed 408K, 12% free 10396K/11719K, paused 1ms+2ms
07-05 14:33:02.996   545 14658 I DownloadManager: Initiating request for download 5567
07-05 14:33:03.106   545   548 D dalvikvm: GC_CONCURRENT freed 227K, 10% free 10607K/11719K, paused 2ms+2ms
07-05 14:33:03.219   545   548 D dalvikvm: GC_CONCURRENT freed 289K, 9% free 10774K/11719K, paused 2ms+3ms
07-05 14:33:03.383  1370 14660 E DictionaryProvider:UpdateHandler: Can't read a file : android.util.MalformedJsonException: Use JsonReader.setLenient(true) to accept malformed JSON at line 1 column 20
07-05 14:33:03.508   545   548 D dalvikvm: GC_CONCURRENT freed 806K, 11% free 10432K/11719K, paused 2ms+2ms
07-05 14:33:03.778   545   548 D dalvikvm: GC_CONCURRENT freed 416K, 12% free 10407K/11719K, paused 2ms+3ms
07-05 14:33:03.946   545 14662 I DownloadManager: Initiating request for download 5567
07-05 14:33:04.016   545   548 D dalvikvm: GC_CONCURRENT freed 302K, 10% free 10564K/11719K, paused 2ms+3ms
07-05 14:33:04.117   545   548 D dalvikvm: GC_CONCURRENT freed 271K, 9% free 10722K/11719K, paused 2ms+3ms
07-05 14:33:04.711   545   548 D dalvikvm: GC_CONCURRENT freed 738K, 12% free 10428K/11719K, paused 2ms+3ms
07-05 14:33:04.981   545   548 D dalvikvm: GC_CONCURRENT freed 411K, 12% free 10409K/11719K, paused 2ms+2ms
07-05 14:33:05.239   545   548 D dalvikvm: GC_CONCURRENT freed 399K, 12% free 10395K/11719K, paused 2ms+2ms
07-05 14:33:05.305   545 14666 I DownloadManager: Initiating request for download 5568
07-05 14:33:05.418   545   548 D dalvikvm: GC_CONCURRENT freed 188K, 10% free 10643K/11719K, paused 2ms+3ms
07-05 14:33:05.543   545   548 D dalvikvm: GC_CONCURRENT freed 390K, 9% free 10684K/11719K, paused 2ms+2ms
07-05 14:33:05.719  1370 14668 E DictionaryProvider:UpdateHandler: Can't read a file : android.util.MalformedJsonException: Use JsonReader.setLenient(true) to accept malformed JSON at line 1 column 20
07-05 14:33:05.856   545   548 D dalvikvm: GC_CONCURRENT freed 688K, 12% free 10428K/11719K, paused 2ms+3ms
07-05 14:33:06.121   545   548 D dalvikvm: GC_CONCURRENT freed 415K, 12% free 10404K/11719K, paused 1ms+2ms
07-05 14:33:06.278   545 14671 I DownloadManager: Initiating request for download 5568
07-05 14:33:06.418   545   548 D dalvikvm: GC_CONCURRENT freed 303K, 10% free 10566K/11719K, paused 2ms+3ms
07-05 14:33:06.532   545   548 D dalvikvm: GC_CONCURRENT freed 305K, 9% free 10710K/11719K, paused 2ms+2ms
07-05 14:33:06.707   545   548 D dalvikvm: GC_CONCURRENT freed 684K, 11% free 10468K/11719K, paused 2ms+2ms
07-05 14:33:06.985   545   548 D dalvikvm: GC_CONCURRENT freed 436K, 12% free 10418K/11719K, paused 2ms+2ms
07-05 14:33:07.250   545   548 D dalvikvm: GC_CONCURRENT freed 401K, 12% free 10402K/11719K, paused 1ms+2ms
07-05 14:33:07.301   545 14674 I DownloadManager: Initiating request for download 5569
07-05 14:33:07.442   545   548 D dalvikvm: GC_CONCURRENT freed 190K, 9% free 10680K/11719K, paused 2ms+3ms
07-05 14:33:07.571   545   548 D dalvikvm: GC_CONCURRENT freed 446K, 9% free 10689K/11719K, paused 2ms+2ms
07-05 14:33:07.735  1370 14676 E DictionaryProvider:UpdateHandler: Can't read a file : android.util.MalformedJsonException: Use JsonReader.setLenient(true) to accept malformed JSON at line 1 column 20
07-05 14:33:07.899   545   548 D dalvikvm: GC_CONCURRENT freed 695K, 12% free 10429K/11719K, paused 2ms+3ms
07-05 14:33:08.168   545   548 D dalvikvm: GC_CONCURRENT freed 415K, 12% free 10405K/11719K, paused 2ms+3ms
07-05 14:33:08.278   545 14679 I DownloadManager: Initiating request for download 5569
07-05 14:33:08.364   545   548 D dalvikvm: GC_CONCURRENT freed 236K, 10% free 10601K/11719K, paused 2ms+2ms
07-05 14:33:08.481   545   548 D dalvikvm: GC_CONCURRENT freed 291K, 9% free 10768K/11719K, paused 2ms+3ms
07-05 14:33:08.746   545   548 D dalvikvm: GC_CONCURRENT freed 801K, 12% free 10429K/11719K, paused 2ms+2ms
07-05 14:33:09.004   545   548 D dalvikvm: GC_CONCURRENT freed 408K, 12% free 10411K/11719K, paused 1ms+2ms
07-05 14:33:09.211   545 14682 I DownloadManager: Initiating request for download 5570
07-05 14:33:09.285   545   548 D dalvikvm: GC_CONCURRENT freed 323K, 11% free 10541K/11719K, paused 2ms+3ms
07-05 14:33:09.418   545   548 D dalvikvm: GC_CONCURRENT freed 260K, 9% free 10723K/11719K, paused 2ms+3ms
07-05 14:33:09.606   545   548 D dalvikvm: GC_CONCURRENT freed 706K, 11% free 10464K/11719K, paused 2ms+3ms
07-05 14:33:09.657  1370 14684 E DictionaryProvider:UpdateHandler: Can't read a file : android.util.MalformedJsonException: Use JsonReader.setLenient(true) to accept malformed JSON at line 1 column 20
07-05 14:33:09.696  1370  1372 D dalvikvm: GC_CONCURRENT freed 390K, 7% free 9128K/9735K, paused 1ms+2ms
07-05 14:33:09.934   545   548 D dalvikvm: GC_CONCURRENT freed 425K, 12% free 10429K/11719K, paused 2ms+3ms
07-05 14:33:10.211   545   548 D dalvikvm: GC_CONCURRENT freed 411K, 12% free 10406K/11719K, paused 2ms+2ms
07-05 14:33:10.348   545 14687 D dalvikvm: GC_EXPLICIT freed 89K, 11% free 10440K/11719K, paused 2ms+8ms
07-05 14:33:10.360   545 14687 I DownloadManager: Initiating request for download 5570
07-05 14:33:10.500   545   548 D dalvikvm: GC_CONCURRENT freed 232K, 10% free 10652K/11719K, paused 2ms+3ms
07-05 14:33:10.621   545   548 D dalvikvm: GC_CONCURRENT freed 407K, 9% free 10689K/11719K, paused 2ms+3ms
07-05 14:33:10.926   545   548 D dalvikvm: GC_CONCURRENT freed 698K, 12% free 10426K/11719K, paused 2ms+3ms
07-05 14:33:11.200   545   548 D dalvikvm: GC_CONCURRENT freed 405K, 12% free 10407K/11719K, paused 2ms+2ms
07-05 14:33:11.325   545 14690 I DownloadManager: Initiating request for download 5571
07-05 14:33:11.422   545   548 D dalvikvm: GC_CONCURRENT freed 217K, 10% free 10616K/11719K, paused 2ms+2ms
07-05 14:33:11.543   545   548 D dalvikvm: GC_CONCURRENT freed 313K, 9% free 10782K/11719K, paused 2ms+2ms
07-05 14:33:11.711  1370 14692 E DictionaryProvider:UpdateHandler: Can't read a file : android.util.MalformedJsonException: Use JsonReader.setLenient(true) to accept malformed JSON at line 1 column 20
07-05 14:33:11.844   545   548 D dalvikvm: GC_CONCURRENT freed 808K, 11% free 10440K/11719K, paused 2ms+2ms
07-05 14:33:12.106   545   548 D dalvikvm: GC_CONCURRENT freed 414K, 12% free 10416K/11719K, paused 2ms+3ms
07-05 14:33:12.274   545 14695 I DownloadManager: Initiating request for download 5571
07-05 14:33:12.344   545   548 D dalvikvm: GC_CONCURRENT freed 302K, 10% free 10571K/11719K, paused 2ms+3ms
07-05 14:33:12.465   545   548 D dalvikvm: GC_CONCURRENT freed 285K, 9% free 10738K/11719K, paused 2ms+3ms
07-05 14:33:12.664   545   548 D dalvikvm: GC_CONCURRENT freed 718K, 11% free 10473K/11719K, paused 2ms+3ms
07-05 14:33:12.942   545   548 D dalvikvm: GC_CONCURRENT freed 438K, 12% free 10425K/11719K, paused 2ms+3ms
07-05 14:33:13.215   545   548 D dalvikvm: GC_CONCURRENT freed 404K, 12% free 10407K/11719K, paused 1ms+3ms
07-05 14:33:13.289   545 14698 I DownloadManager: Initiating request for download 5572
07-05 14:33:13.418   545   548 D dalvikvm: GC_CONCURRENT freed 179K, 9% free 10668K/11719K, paused 2ms+3ms
07-05 14:33:13.547   545   548 D dalvikvm: GC_CONCURRENT freed 411K, 9% free 10698K/11719K, paused 2ms+2ms
07-05 14:33:13.653   156   403 D dalvikvm: GC_EXPLICIT freed 506K, 13% free 14086K/16007K, paused 2ms+5ms
07-05 14:33:13.793  1370 14700 E DictionaryProvider:UpdateHandler: Can't read a file : android.util.MalformedJsonException: Use JsonReader.setLenient(true) to accept malformed JSON at line 1 column 20
07-05 14:33:13.926   545   548 D dalvikvm: GC_CONCURRENT freed 698K, 11% free 10438K/11719K, paused 1ms+2ms
07-05 14:33:14.192   545   548 D dalvikvm: GC_CONCURRENT freed 430K, 12% free 10399K/11719K, paused 2ms+2ms
07-05 14:33:14.340   545 14703 I DownloadManager: Initiating request for download 5572
07-05 14:33:14.426   545   548 D dalvikvm: GC_CONCURRENT freed 267K, 10% free 10575K/11719K, paused 2ms+3ms
07-05 14:33:14.547   545   548 D dalvikvm: GC_CONCURRENT freed 292K, 9% free 10734K/11719K, paused 2ms+3ms
07-05 14:33:14.742   545   548 D dalvikvm: GC_CONCURRENT freed 727K, 11% free 10458K/11719K, paused 1ms+3ms
07-05 14:33:15.020   545   548 D dalvikvm: GC_CONCURRENT freed 437K, 12% free 10411K/11719K, paused 2ms+2ms
07-05 14:33:15.301   545 14706 I DownloadManager: Initiating request for download 5573
07-05 14:33:15.344   545   548 D dalvikvm: GC_CONCURRENT freed 404K, 12% free 10423K/11719K, paused 4ms+3ms
07-05 14:33:15.664   545   548 D dalvikvm: GC_CONCURRENT freed 385K, 12% free 10426K/11719K, paused 2ms+2ms
07-05 14:33:15.860   545   548 D dalvikvm: GC_CONCURRENT freed 283K, 10% free 10633K/11719K, paused 2ms+3ms
07-05 14:33:15.985   545   548 D dalvikvm: GC_CONCURRENT freed 340K, 9% free 10763K/11719K, paused 2ms+2ms
07-05 14:33:16.160  1370 14708 E DictionaryProvider:UpdateHandler: Can't read a file : android.util.MalformedJsonException: Use JsonReader.setLenient(true) to accept malformed JSON at line 1 column 20
07-05 14:33:16.223   465   467 D dalvikvm: GC_CONCURRENT freed 393K, 6% free 10499K/11143K, paused 1ms+8ms
07-05 14:33:16.332   545   548 D dalvikvm: GC_CONCURRENT freed 812K, 12% free 10411K/11719K, paused 2ms+2ms
07-05 14:33:16.391   545 14711 I DownloadManager: Initiating request for download 5573
07-05 14:33:16.504   545   548 D dalvikvm: GC_CONCURRENT freed 206K, 10% free 10641K/11719K, paused 2ms+3ms
07-05 14:33:16.614   545   548 D dalvikvm: GC_CONCURRENT freed 393K, 9% free 10688K/11719K, paused 2ms+3ms
07-05 14:33:16.891   545   548 D dalvikvm: GC_CONCURRENT freed 698K, 12% free 10424K/11719K, paused 2ms+2ms
07-05 14:33:17.164   545   548 D dalvikvm: GC_CONCURRENT freed 410K, 12% free 10404K/11719K, paused 2ms+2ms
07-05 14:33:17.344   545 14714 I DownloadManager: Initiating request for download 5574
07-05 14:33:17.430   545   548 D dalvikvm: GC_CONCURRENT freed 280K, 10% free 10575K/11719K, paused 2ms+3ms
07-05 14:33:17.543   545   548 D dalvikvm: GC_CONCURRENT freed 300K, 9% free 10744K/11719K, paused 2ms+3ms
07-05 14:33:17.723  1370 14716 E DictionaryProvider:UpdateHandler: Can't read a file : android.util.MalformedJsonException: Use JsonReader.setLenient(true) to accept malformed JSON at line 1 column 20
07-05 14:33:17.774  1370  1372 D dalvikvm: GC_CONCURRENT freed 389K, 7% free 9128K/9735K, paused 1ms+5ms
07-05 14:33:17.821   545   548 D dalvikvm: GC_CONCURRENT freed 764K, 11% free 10442K/11719K, paused 2ms+2ms
07-05 14:33:18.082   545   548 D dalvikvm: GC_CONCURRENT freed 420K, 12% free 10412K/11719K, paused 1ms+2ms
07-05 14:33:18.340   545 14719 I DownloadManager: Initiating request for download 5574
07-05 14:33:18.364   545   548 D dalvikvm: GC_CONCURRENT freed 408K, 12% free 10426K/11719K, paused 1ms+3ms
07-05 14:33:18.489   545   548 D dalvikvm: GC_CONCURRENT freed 189K, 9% free 10673K/11719K, paused 2ms+3ms
07-05 14:33:18.621   545   548 D dalvikvm: GC_CONCURRENT freed 435K, 9% free 10689K/11719K, paused 2ms+2ms
07-05 14:33:18.918   545   548 D dalvikvm: GC_CONCURRENT freed 702K, 12% free 10421K/11719K, paused 2ms+2ms
07-05 14:33:19.180   545   548 D dalvikvm: GC_CONCURRENT freed 409K, 12% free 10403K/11719K, paused 2ms+2ms
07-05 14:33:19.328   545 14722 I DownloadManager: Initiating request for download 5575
07-05 14:33:19.442   545   548 D dalvikvm: GC_CONCURRENT freed 221K, 10% free 10607K/11719K, paused 2ms+3ms
07-05 14:33:19.559   545   548 D dalvikvm: GC_CONCURRENT freed 283K, 9% free 10754K/11719K, paused 2ms+3ms
07-05 14:33:19.805  1370 14724 E DictionaryProvider:UpdateHandler: Can't read a file : android.util.MalformedJsonException: Use JsonReader.setLenient(true) to accept malformed JSON at line 1 column 20
07-05 14:33:19.817   545   548 D dalvikvm: GC_CONCURRENT freed 779K, 11% free 10447K/11719K, paused 2ms+2ms
07-05 14:33:20.098   545   548 D dalvikvm: GC_CONCURRENT freed 418K, 12% free 10419K/11719K, paused 2ms+3ms
07-05 14:33:20.313   545 14727 I DownloadManager: Initiating request for download 5575
07-05 14:33:20.364   545   548 D dalvikvm: GC_CONCURRENT freed 374K, 11% free 10476K/11719K, paused 2ms+3ms
07-05 14:33:20.481   545   548 D dalvikvm: GC_CONCURRENT freed 215K, 9% free 10698K/11719K, paused 2ms+3ms
07-05 14:33:20.621   545   548 D dalvikvm: GC_CONCURRENT freed 665K, 11% free 10472K/11719K, paused 2ms+3ms
07-05 14:33:20.918   545   548 D dalvikvm: GC_CONCURRENT freed 437K, 12% free 10425K/11719K, paused 1ms+2ms
07-05 14:33:21.200   545   548 D dalvikvm: GC_CONCURRENT freed 409K, 12% free 10406K/11719K, paused 2ms+2ms
07-05 14:33:21.328   545 14730 I DownloadManager: Initiating request for download 5576
07-05 14:33:21.426   545   548 D dalvikvm: GC_CONCURRENT freed 212K, 10% free 10606K/11719K, paused 3ms+2ms
07-05 14:33:21.543   545   548 D dalvikvm: GC_CONCURRENT freed 286K, 9% free 10760K/11719K, paused 2ms+3ms
07-05 14:33:21.785  1370 14732 E DictionaryProvider:UpdateHandler: Can't read a file : android.util.MalformedJsonException: Use JsonReader.setLenient(true) to accept malformed JSON at line 1 column 20
07-05 14:33:21.801   545   548 D dalvikvm: GC_CONCURRENT freed 782K, 11% free 10453K/11719K, paused 2ms+2ms
07-05 14:33:22.067   545   548 D dalvikvm: GC_CONCURRENT freed 419K, 12% free 10425K/11719K, paused 2ms+2ms
07-05 14:33:22.282   545 14735 I DownloadManager: Initiating request for download 5576
07-05 14:33:22.336   545   548 D dalvikvm: GC_CONCURRENT freed 394K, 11% free 10443K/11719K, paused 1ms+3ms
07-05 14:33:22.465   545   548 D dalvikvm: GC_CONCURRENT freed 190K, 9% free 10691K/11719K, paused 2ms+2ms
07-05 14:33:22.610   545   548 D dalvikvm: GC_CONCURRENT freed 445K, 9% free 10715K/11719K, paused 2ms+4ms
07-05 14:33:22.926   545   548 D dalvikvm: GC_CONCURRENT freed 724K, 11% free 10434K/11719K, paused 2ms+2ms
07-05 14:33:23.196   545   548 D dalvikvm: GC_CONCURRENT freed 409K, 12% free 10416K/11719K, paused 2ms+2ms
07-05 14:33:23.297   545 14738 I DownloadManager: Initiating request for download 5577
07-05 14:33:23.410   545   548 D dalvikvm: GC_CONCURRENT freed 206K, 9% free 10681K/11719K, paused 2ms+3ms
07-05 14:33:23.532   545   548 D dalvikvm: GC_CONCURRENT freed 348K, 8% free 10799K/11719K, paused 2ms+3ms
07-05 14:33:23.700  1370 14740 E DictionaryProvider:UpdateHandler: Can't read a file : android.util.MalformedJsonException: Use JsonReader.setLenient(true) to accept malformed JSON at line 1 column 20
07-05 14:33:23.785   465 14741 D dalvikvm: GC_EXPLICIT freed 265K, 8% free 10307K/11143K, paused 2ms+3ms
07-05 14:33:23.883   545   548 D dalvikvm: GC_CONCURRENT freed 823K, 11% free 10447K/11719K, paused 1ms+2ms
07-05 14:33:24.145   545   548 D dalvikvm: GC_CONCURRENT freed 414K, 12% free 10424K/11719K, paused 2ms+3ms
07-05 14:33:24.297   545 14743 I DownloadManager: Initiating request for download 5577
07-05 14:33:24.387   545   548 D dalvikvm: GC_CONCURRENT freed 282K, 10% free 10593K/11719K, paused 2ms+3ms
07-05 14:33:24.500   545   548 D dalvikvm: GC_CONCURRENT freed 295K, 9% free 10755K/11719K, paused 2ms+3ms
07-05 14:33:24.719   545   548 D dalvikvm: GC_CONCURRENT freed 763K, 11% free 10450K/11719K, paused 2ms+2ms
07-05 14:33:24.989   545   548 D dalvikvm: GC_CONCURRENT freed 412K, 12% free 10429K/11719K, paused 2ms+3ms
07-05 14:33:25.258   545   548 D dalvikvm: GC_CONCURRENT freed 395K, 12% free 10421K/11719K, paused 2ms+3ms
07-05 14:33:25.309   545 14746 I DownloadManager: Initiating request for download 5578
07-05 14:33:25.434   545   548 D dalvikvm: GC_CONCURRENT freed 176K, 9% free 10681K/11719K, paused 2ms+2ms
07-05 14:33:25.559   545   548 D dalvikvm: GC_CONCURRENT freed 424K, 9% free 10710K/11719K, paused 2ms+3ms
07-05 14:33:25.711  1370 14748 E DictionaryProvider:UpdateHandler: Can't read a file : android.util.MalformedJsonException: Use JsonReader.setLenient(true) to accept malformed JSON at line 1 column 20
07-05 14:33:25.758  1370  1372 D dalvikvm: GC_CONCURRENT freed 390K, 7% free 9127K/9735K, paused 2ms+2ms
07-05 14:33:25.903   545   548 D dalvikvm: GC_CONCURRENT freed 704K, 11% free 10448K/11719K, paused 2ms+2ms
07-05 14:33:26.168   545   548 D dalvikvm: GC_CONCURRENT freed 415K, 12% free 10423K/11719K, paused 2ms+2ms
07-05 14:33:26.305   545 14751 I DownloadManager: Initiating request for download 5578
07-05 14:33:26.395   545   548 D dalvikvm: GC_CONCURRENT freed 262K, 10% free 10600K/11719K, paused 2ms+3ms
07-05 14:33:26.516   545   548 D dalvikvm: GC_CONCURRENT freed 294K, 9% free 10765K/11719K, paused 1ms+3ms
07-05 14:33:26.746   545   548 D dalvikvm: GC_CONCURRENT freed 776K, 11% free 10450K/11719K, paused 2ms+3ms
07-05 14:33:27.020   545   548 D dalvikvm: GC_CONCURRENT freed 409K, 11% free 10437K/11719K, paused 2ms+3ms
07-05 14:33:27.278   545 14754 I DownloadManager: Initiating request for download 5579
07-05 14:33:27.336   545   548 D dalvikvm: GC_CONCURRENT freed 408K, 11% free 10441K/11719K, paused 2ms+3ms
07-05 14:33:27.465   545   548 D dalvikvm: GC_CONCURRENT freed 175K, 9% free 10688K/11719K, paused 2ms+3ms
07-05 14:33:27.590   545   548 D dalvikvm: GC_CONCURRENT freed 419K, 9% free 10714K/11719K, paused 2ms+2ms
07-05 14:33:27.735  1370 14756 E DictionaryProvider:UpdateHandler: Can't read a file : android.util.MalformedJsonException: Use JsonReader.setLenient(true) to accept malformed JSON at line 1 column 20
07-05 14:33:27.922   545   548 D dalvikvm: GC_CONCURRENT freed 706K, 11% free 10456K/11719K, paused 2ms+3ms
07-05 14:33:28.192   545   548 D dalvikvm: GC_CONCURRENT freed 422K, 12% free 10425K/11719K, paused 2ms+2ms
07-05 14:33:28.317   545 14759 I DownloadManager: Initiating request for download 5579
07-05 14:33:28.403   545   548 D dalvikvm: GC_CONCURRENT freed 252K, 10% free 10610K/11719K, paused 2ms+3ms
07-05 14:33:28.524   545   548 D dalvikvm: GC_CONCURRENT freed 298K, 9% free 10774K/11719K, paused 2ms+4ms
07-05 14:33:28.770   545   548 D dalvikvm: GC_CONCURRENT freed 786K, 11% free 10453K/11719K, paused 1ms+3ms
07-05 14:33:29.051   545   548 D dalvikvm: GC_CONCURRENT freed 410K, 11% free 10439K/11719K, paused 2ms+3ms
07-05 14:33:29.293   545 14762 I DownloadManager: Initiating request for download 5580
07-05 14:33:29.360   545   548 D dalvikvm: GC_CONCURRENT freed 384K, 11% free 10480K/11719K, paused 2ms+3ms
07-05 14:33:29.485   545   548 D dalvikvm: GC_CONCURRENT freed 199K, 9% free 10718K/11719K, paused 2ms+2ms
07-05 14:33:29.617   545   548 D dalvikvm: GC_CONCURRENT freed 674K, 11% free 10497K/11719K, paused 2ms+3ms
07-05 14:33:29.750  1370 14764 D dalvikvm: GC_EXPLICIT freed 192K, 7% free 9101K/9735K, paused 3ms+2ms
07-05 14:33:29.762  1370 14764 E DictionaryProvider:UpdateHandler: Can't read a file : android.util.MalformedJsonException: Use JsonReader.setLenient(true) to accept malformed JSON at line 1 column 20
07-05 14:33:29.957   545   548 D dalvikvm: GC_CONCURRENT freed 434K, 11% free 10454K/11719K, paused 2ms+2ms
07-05 14:33:30.223   545   548 D dalvikvm: GC_CONCURRENT freed 415K, 12% free 10429K/11719K, paused 2ms+2ms
07-05 14:33:30.403   156   530 D dalvikvm: GC_EXPLICIT freed 508K, 12% free 14087K/16007K, paused 3ms+5ms
07-05 14:33:30.410   545 14767 I DownloadManager: Initiating request for download 5580
07-05 14:33:30.500   545   548 D dalvikvm: GC_CONCURRENT freed 250K, 10% free 10616K/11719K, paused 2ms+3ms
07-05 14:33:30.617   545   548 D dalvikvm: GC_CONCURRENT freed 313K, 9% free 10768K/11719K, paused 2ms+2ms
07-05 14:33:30.867   545   548 D dalvikvm: GC_CONCURRENT freed 791K, 11% free 10439K/11719K, paused 2ms+2ms
07-05 14:33:31.125   545   548 D dalvikvm: GC_CONCURRENT freed 406K, 12% free 10420K/11719K, paused 2ms+2ms
07-05 14:33:31.364   545 14770 I DownloadManager: Initiating request for download 5581
07-05 14:33:31.418   545   548 D dalvikvm: GC_CONCURRENT freed 380K, 11% free 10448K/11719K, paused 2ms+3ms
07-05 14:33:31.559   545   548 D dalvikvm: GC_CONCURRENT freed 193K, 9% free 10691K/11719K, paused 2ms+3ms
07-05 14:33:31.688   545   548 D dalvikvm: GC_CONCURRENT freed 445K, 9% free 10703K/11719K, paused 2ms+2ms
07-05 14:33:31.864  1370 14772 E DictionaryProvider:UpdateHandler: Can't read a file : android.util.MalformedJsonException: Use JsonReader.setLenient(true) to accept malformed JSON at line 1 column 20
07-05 14:33:32.028   545   548 D dalvikvm: GC_CONCURRENT freed 702K, 11% free 10440K/11719K, paused 2ms+2ms
07-05 14:33:32.293   545   548 D dalvikvm: GC_CONCURRENT freed 415K, 12% free 10416K/11719K, paused 2ms+2ms
07-05 14:33:32.407   545 14775 I DownloadManager: Initiating request for download 5581
07-05 14:33:32.504   545   548 D dalvikvm: GC_CONCURRENT freed 235K, 10% free 10612K/11719K, paused 2ms+3ms
07-05 14:33:32.614   545   548 D dalvikvm: GC_CONCURRENT freed 304K, 9% free 10772K/11719K, paused 2ms+3ms
07-05 14:33:32.864   545   548 D dalvikvm: GC_CONCURRENT freed 793K, 11% free 10441K/11719K, paused 2ms+3ms
07-05 14:33:33.133   545   548 D dalvikvm: GC_CONCURRENT freed 410K, 12% free 10422K/11719K, paused 2ms+2ms
07-05 14:33:33.356   545 14778 I DownloadManager: Initiating request for download 5582
07-05 14:33:33.422   545   548 D dalvikvm: GC_CONCURRENT freed 362K, 11% free 10482K/11719K, paused 2ms+3ms
07-05 14:33:33.551   545   548 D dalvikvm: GC_CONCURRENT freed 208K, 9% free 10704K/11719K, paused 2ms+3ms
07-05 14:33:33.688   545   548 D dalvikvm: GC_CONCURRENT freed 452K, 9% free 10708K/11719K, paused 2ms+2ms
07-05 14:33:33.817  1370 14780 E DictionaryProvider:UpdateHandler: Can't read a file : android.util.MalformedJsonException: Use JsonReader.setLenient(true) to accept malformed JSON at line 1 column 20
07-05 14:33:34.024   545   548 D dalvikvm: GC_CONCURRENT freed 708K, 11% free 10441K/11719K, paused 2ms+2ms
07-05 14:33:34.278   545   548 D dalvikvm: GC_CONCURRENT freed 414K, 12% free 10417K/11719K, paused 2ms+2ms
07-05 14:33:34.371   545 14783 I DownloadManager: Initiating request for download 5582
07-05 14:33:34.473   545   548 D dalvikvm: GC_CONCURRENT freed 228K, 10% free 10626K/11719K, paused 2ms+3ms
07-05 14:33:34.590   545   548 D dalvikvm: GC_CONCURRENT freed 307K, 8% free 10786K/11719K, paused 2ms+3ms
07-05 14:33:34.852   545   548 D dalvikvm: GC_CONCURRENT freed 809K, 11% free 10443K/11719K, paused 1ms+2ms
07-05 14:33:35.129   545   548 D dalvikvm: GC_CONCURRENT freed 410K, 12% free 10429K/11719K, paused 2ms+3ms
07-05 14:33:35.348   545 14786 I DownloadManager: Initiating request for download 5583
07-05 14:33:35.430   545   548 D dalvikvm: GC_CONCURRENT freed 327K, 11% free 10523K/11719K, paused 2ms+3ms
07-05 14:33:35.551   545   548 D dalvikvm: GC_CONCURRENT freed 234K, 9% free 10724K/11719K, paused 2ms+3ms
07-05 14:33:35.707   545   548 D dalvikvm: GC_CONCURRENT freed 687K, 11% free 10488K/11719K, paused 2ms+3ms
07-05 14:33:35.977   545   548 D dalvikvm: GC_CONCURRENT freed 438K, 11% free 10440K/11719K, paused 2ms+3ms
07-05 14:33:36.242   545   548 D dalvikvm: GC_CONCURRENT freed 409K, 12% free 10422K/11719K, paused 2ms+3ms
07-05 14:33:37.844  1370 14788 E DictionaryProvider:UpdateHandler: Can't read a file : android.util.MalformedJsonException: Use JsonReader.setLenient(true) to accept malformed JSON at line 1 column 20
07-05 14:33:38.020   545   548 D dalvikvm: GC_CONCURRENT freed 360K, 11% free 10453K/11719K, paused 2ms+2ms
07-05 14:33:38.289   545   548 D dalvikvm: GC_CONCURRENT freed 414K, 12% free 10429K/11719K, paused 1ms+2ms
07-05 14:33:38.571   545   548 D dalvikvm: GC_CONCURRENT freed 404K, 12% free 10416K/11719K, paused 2ms+2ms
07-05 14:33:38.867   545   548 D dalvikvm: GC_CONCURRENT freed 363K, 11% free 10443K/11719K, paused 2ms+2ms
07-05 14:33:39.133   545   548 D dalvikvm: GC_CONCURRENT freed 408K, 12% free 10425K/11719K, paused 1ms+2ms
07-05 14:33:39.348   545 14791 I DownloadManager: Initiating request for download 5584
07-05 14:33:39.450   545   548 D dalvikvm: GC_CONCURRENT freed 315K, 10% free 10609K/11719K, paused 3ms+2ms
07-05 14:33:39.575   545   548 D dalvikvm: GC_CONCURRENT freed 313K, 9% free 10758K/11719K, paused 1ms+3ms
07-05 14:33:39.805   545 14791 D dalvikvm: GC_EXPLICIT freed 782K, 11% free 10468K/11719K, paused 2ms+3ms
07-05 14:33:39.867  1370 14793 E DictionaryProvider:UpdateHandler: Can't read a file : android.util.MalformedJsonException: Use JsonReader.setLenient(true) to accept malformed JSON at line 1 column 20
07-05 14:33:39.895  1370  1372 D dalvikvm: GC_CONCURRENT freed 375K, 7% free 9136K/9735K, paused 2ms+2ms
07-05 14:33:40.121   545   548 D dalvikvm: GC_CONCURRENT freed 421K, 11% free 10437K/11719K, paused 2ms+2ms
07-05 14:33:40.352   545 14796 I DownloadManager: Initiating request for download 5584
07-05 14:33:40.403   545   548 D dalvikvm: GC_CONCURRENT freed 405K, 11% free 10463K/11719K, paused 2ms+3ms
07-05 14:33:40.543   545   548 D dalvikvm: GC_CONCURRENT freed 195K, 9% free 10700K/11719K, paused 2ms+2ms
07-05 14:33:40.680   545   548 D dalvikvm: GC_CONCURRENT freed 449K, 9% free 10731K/11719K, paused 2ms+2ms
07-05 14:33:40.992   545   548 D dalvikvm: GC_CONCURRENT freed 739K, 11% free 10440K/11719K, paused 2ms+2ms
07-05 14:33:41.262   545   548 D dalvikvm: GC_CONCURRENT freed 409K, 12% free 10422K/11719K, paused 1ms+3ms
07-05 14:33:41.383   545 14799 I DownloadManager: Initiating request for download 5585
07-05 14:33:41.489   545   548 D dalvikvm: GC_CONCURRENT freed 216K, 10% free 10632K/11719K, paused 2ms+3ms
07-05 14:33:41.606   545   548 D dalvikvm: GC_CONCURRENT freed 303K, 8% free 10791K/11719K, paused 2ms+3ms
07-05 14:33:41.809  1370 14801 E DictionaryProvider:UpdateHandler: Can't read a file : android.util.MalformedJsonException: Use JsonReader.setLenient(true) to accept malformed JSON at line 1 column 20
07-05 14:33:41.899   545   548 D dalvikvm: GC_CONCURRENT freed 797K, 11% free 10459K/11719K, paused 1ms+3ms
07-05 14:33:42.160   545   548 D dalvikvm: GC_CONCURRENT freed 417K, 11% free 10433K/11719K, paused 2ms+2ms
07-05 14:33:42.364   545 14804 I DownloadManager: Initiating request for download 5585
07-05 14:33:42.422   545   548 D dalvikvm: GC_CONCURRENT freed 363K, 11% free 10492K/11719K, paused 1ms+3ms
07-05 14:33:42.543   545   548 D dalvikvm: GC_CONCURRENT freed 212K, 9% free 10716K/11719K, paused 2ms+2ms
07-05 14:33:42.688   545   548 D dalvikvm: GC_CONCURRENT freed 683K, 11% free 10492K/11719K, paused 1ms+3ms
07-05 14:33:42.996   545   548 D dalvikvm: GC_CONCURRENT freed 437K, 11% free 10446K/11719K, paused 2ms+3ms
07-05 14:33:43.270   545   548 D dalvikvm: GC_CONCURRENT freed 405K, 12% free 10427K/11719K, paused 2ms+2ms
07-05 14:33:43.403   545 14807 I DownloadManager: Initiating request for download 5586
07-05 14:33:43.489   545   548 D dalvikvm: GC_CONCURRENT freed 233K, 10% free 10622K/11719K, paused 2ms+3ms
07-05 14:33:43.610   545   548 D dalvikvm: GC_CONCURRENT freed 301K, 8% free 10786K/11719K, paused 2ms+3ms
07-05 14:33:43.793  1370 14809 E DictionaryProvider:UpdateHandler: Can't read a file : android.util.MalformedJsonException: Use JsonReader.setLenient(true) to accept malformed JSON at line 1 column 20
07-05 14:33:43.887   545   548 D dalvikvm: GC_CONCURRENT freed 787K, 11% free 10472K/11719K, paused 1ms+3ms
07-05 14:33:44.149   545   548 D dalvikvm: GC_CONCURRENT freed 428K, 11% free 10435K/11719K, paused 1ms+2ms
07-05 14:33:44.379   545 14812 I DownloadManager: Initiating request for download 5586
07-05 14:33:44.418   545   548 D dalvikvm: GC_CONCURRENT freed 388K, 11% free 10452K/11719K, paused 1ms+4ms
07-05 14:33:44.547   545   548 D dalvikvm: GC_CONCURRENT freed 186K, 9% free 10703K/11719K, paused 2ms+3ms
07-05 14:33:44.684   545   548 D dalvikvm: GC_CONCURRENT freed 442K, 9% free 10736K/11719K, paused 2ms+2ms
07-05 14:33:44.992   545   548 D dalvikvm: GC_CONCURRENT freed 739K, 11% free 10447K/11719K, paused 2ms+2ms
07-05 14:33:45.262   545   548 D dalvikvm: GC_CONCURRENT freed 412K, 12% free 10427K/11719K, paused 2ms+2ms
07-05 14:33:45.383   545 14815 I DownloadManager: Initiating request for download 5587
07-05 14:33:45.485   545   548 D dalvikvm: GC_CONCURRENT freed 220K, 10% free 10636K/11719K, paused 3ms+2ms
07-05 14:33:45.606   545   548 D dalvikvm: GC_CONCURRENT freed 294K, 8% free 10836K/11719K, paused 2ms+3ms
07-05 14:33:45.867   545   548 D dalvikvm: GC_CONCURRENT freed 864K, 11% free 10455K/11719K, paused 2ms+2ms
07-05 14:33:46.129   545   548 D dalvikvm: GC_CONCURRENT freed 407K, 11% free 10438K/11719K, paused 2ms+2ms
07-05 14:33:47.141  1370 14817 E DictionaryProvider:UpdateHandler: Can't read a file : android.util.MalformedJsonException: Use JsonReader.setLenient(true) to accept malformed JSON at line 1 column 20
07-05 14:33:47.246   545   548 D dalvikvm: GC_CONCURRENT freed 356K, 11% free 10475K/11719K, paused 2ms+2ms
07-05 14:33:47.504   545   548 D dalvikvm: GC_CONCURRENT freed 414K, 11% free 10447K/11719K, paused 2ms+3ms
07-05 14:33:47.774   545   548 D dalvikvm: GC_CONCURRENT freed 402K, 11% free 10433K/11719K, paused 2ms+2ms
07-05 14:33:48.090   545   548 D dalvikvm: GC_CONCURRENT freed 364K, 11% free 10460K/11719K, paused 2ms+2ms
07-05 14:33:48.352   545   548 D dalvikvm: GC_CONCURRENT freed 411K, 11% free 10439K/11719K, paused 2ms+2ms
07-05 14:33:48.617   545   548 D dalvikvm: GC_CONCURRENT freed 401K, 12% free 10428K/11719K, paused 2ms+2ms
07-05 14:33:48.707   545 14820 I DownloadManager: Initiating request for download 5588
07-05 14:33:48.852   545   548 D dalvikvm: GC_CONCURRENT freed 195K, 9% free 10679K/11719K, paused 2ms+3ms
07-05 14:33:48.969   545   548 D dalvikvm: GC_CONCURRENT freed 325K, 8% free 10821K/11719K, paused 1ms+2ms
07-05 14:33:49.168  1370 14822 E DictionaryProvider:UpdateHandler: Can't read a file : android.util.MalformedJsonException: Use JsonReader.setLenient(true) to accept malformed JSON at line 1 column 20
07-05 14:33:49.242  1370  1372 D dalvikvm: GC_CONCURRENT freed 416K, 7% free 9125K/9735K, paused 2ms+2ms
07-05 14:33:49.313   545   548 D dalvikvm: GC_CONCURRENT freed 832K, 11% free 10462K/11719K, paused 2ms+3ms
07-05 14:33:49.578   545   548 D dalvikvm: GC_CONCURRENT freed 415K, 11% free 10435K/11719K, paused 2ms+2ms
07-05 14:33:49.731   545 14825 I DownloadManager: Initiating request for download 5588
07-05 14:33:49.832   545   548 D dalvikvm: GC_CONCURRENT freed 270K, 10% free 10614K/11719K, paused 2ms+3ms
07-05 14:33:49.946   545   548 D dalvikvm: GC_CONCURRENT freed 307K, 9% free 10770K/11719K, paused 2ms+3ms
07-05 14:33:50.145   545   548 D dalvikvm: GC_CONCURRENT freed 732K, 11% free 10497K/11719K, paused 2ms+3ms
07-05 14:33:50.422   545   548 D dalvikvm: GC_CONCURRENT freed 438K, 11% free 10450K/11719K, paused 2ms+3ms
07-05 14:33:50.676   545   548 D dalvikvm: GC_CONCURRENT freed 409K, 12% free 10428K/11719K, paused 2ms+2ms
07-05 14:33:50.742   545 14828 I DownloadManager: Initiating request for download 5589
