07-05 13:49:11.656   545   548 D dalvikvm: GC_CONCURRENT freed 463K, 9% free 10748K/11719K, paused 1ms+2ms
07-05 13:49:11.820  1370  5544 E DictionaryProvider:UpdateHandler: Can't read a file : android.util.MalformedJsonException: Use JsonReader.setLenient(true) to accept malformed JSON at line 1 column 20
07-05 13:49:11.847  1370  1372 D dalvikvm: GC_CONCURRENT freed 434K, 7% free 9137K/9735K, paused 2ms+3ms
07-05 13:49:12.000   545   548 D dalvikvm: GC_CONCURRENT freed 726K, 11% free 10476K/11719K, paused 2ms+3ms
07-05 13:49:12.269   545   548 D dalvikvm: GC_CONCURRENT freed 416K, 11% free 10457K/11719K, paused 2ms+2ms
07-05 13:49:12.437   545  5547 I DownloadManager: Initiating request for download 4488
07-05 13:49:12.511   545   548 D dalvikvm: GC_CONCURRENT freed 296K, 10% free 10620K/11719K, paused 1ms+3ms
07-05 13:49:12.625   545   548 D dalvikvm: GC_CONCURRENT freed 289K, 8% free 10789K/11719K, paused 2ms+3ms
07-05 13:49:12.832   545   548 D dalvikvm: GC_CONCURRENT freed 748K, 11% free 10514K/11719K, paused 1ms+2ms
07-05 13:49:13.097   545   548 D dalvikvm: GC_CONCURRENT freed 439K, 11% free 10466K/11719K, paused 2ms+2ms
07-05 13:49:13.363   545   548 D dalvikvm: GC_CONCURRENT freed 411K, 11% free 10445K/11719K, paused 2ms+2ms
07-05 13:49:13.476   545  5550 I DownloadManager: Initiating request for download 4489
07-05 13:49:13.586   545   548 D dalvikvm: GC_CONCURRENT freed 199K, 9% free 10682K/11719K, paused 1ms+3ms
07-05 13:49:13.703   545   548 D dalvikvm: GC_CONCURRENT freed 307K, 8% free 10851K/11719K, paused 2ms+3ms
07-05 13:49:13.910  1370  5552 E DictionaryProvider:UpdateHandler: Can't read a file : android.util.MalformedJsonException: Use JsonReader.setLenient(true) to accept malformed JSON at line 1 column 20
07-05 13:49:14.043   545   548 D dalvikvm: GC_CONCURRENT freed 862K, 11% free 10479K/11719K, paused 2ms+2ms
07-05 13:49:14.308   545   548 D dalvikvm: GC_CONCURRENT freed 413K, 11% free 10463K/11719K, paused 1ms+2ms
07-05 13:49:14.492   545  5555 I DownloadManager: Initiating request for download 4489
07-05 13:49:14.554   545   548 D dalvikvm: GC_CONCURRENT freed 335K, 10% free 10607K/11719K, paused 2ms+3ms
07-05 13:49:14.679   545   548 D dalvikvm: GC_CONCURRENT freed 276K, 8% free 10784K/11719K, paused 2ms+2ms
07-05 13:49:14.867   545   548 D dalvikvm: GC_CONCURRENT freed 736K, 11% free 10515K/11719K, paused 2ms+2ms
07-05 13:49:15.148   545   548 D dalvikvm: GC_CONCURRENT freed 436K, 11% free 10469K/11719K, paused 1ms+3ms
07-05 13:49:15.422   545   548 D dalvikvm: GC_CONCURRENT freed 409K, 11% free 10450K/11719K, paused 2ms+2ms
07-05 13:49:15.535   545  5558 I DownloadManager: Initiating request for download 4490
07-05 13:49:15.640   545   548 D dalvikvm: GC_CONCURRENT freed 210K, 9% free 10670K/11719K, paused 2ms+2ms
07-05 13:49:15.758   545   548 D dalvikvm: GC_CONCURRENT freed 293K, 8% free 10828K/11719K, paused 1ms+2ms
07-05 13:49:15.945  1370  5560 E DictionaryProvider:UpdateHandler: Can't read a file : android.util.MalformedJsonException: Use JsonReader.setLenient(true) to accept malformed JSON at line 1 column 20
07-05 13:49:16.050   545   548 D dalvikvm: GC_CONCURRENT freed 826K, 11% free 10484K/11719K, paused 2ms+2ms
07-05 13:49:16.308   545   548 D dalvikvm: GC_CONCURRENT freed 413K, 11% free 10461K/11719K, paused 2ms+2ms
07-05 13:49:16.562   545  5563 I DownloadManager: Initiating request for download 4490
07-05 13:49:16.582   545   548 D dalvikvm: GC_CONCURRENT freed 401K, 11% free 10469K/11719K, paused 2ms+3ms
07-05 13:49:16.707   545   548 D dalvikvm: GC_CONCURRENT freed 178K, 9% free 10727K/11719K, paused 2ms+3ms
07-05 13:49:16.836   545   548 D dalvikvm: GC_CONCURRENT freed 440K, 9% free 10757K/11719K, paused 1ms+2ms
07-05 13:49:17.144   545   548 D dalvikvm: GC_CONCURRENT freed 740K, 11% free 10474K/11719K, paused 2ms+2ms
07-05 13:49:17.410   545   548 D dalvikvm: GC_CONCURRENT freed 409K, 11% free 10455K/11719K, paused 1ms+2ms
07-05 13:49:17.566   545  5566 I DownloadManager: Initiating request for download 4491
07-05 13:49:17.656   545   548 D dalvikvm: GC_CONCURRENT freed 255K, 10% free 10639K/11719K, paused 2ms+3ms
07-05 13:49:17.773   545   548 D dalvikvm: GC_CONCURRENT freed 296K, 8% free 10810K/11719K, paused 1ms+2ms
07-05 13:49:18.011  1370  5568 E DictionaryProvider:UpdateHandler: Can't read a file : android.util.MalformedJsonException: Use JsonReader.setLenient(true) to accept malformed JSON at line 1 column 20
07-05 13:49:18.031   545   548 D dalvikvm: GC_CONCURRENT freed 805K, 11% free 10505K/11719K, paused 2ms+3ms
07-05 13:49:18.304   545   548 D dalvikvm: GC_CONCURRENT freed 427K, 11% free 10469K/11719K, paused 2ms+3ms
07-05 13:49:18.574   545   548 D dalvikvm: GC_CONCURRENT freed 408K, 11% free 10452K/11719K, paused 2ms+2ms
07-05 13:49:18.629   545  5571 I DownloadManager: Initiating request for download 4491
07-05 13:49:18.742   545   548 D dalvikvm: GC_CONCURRENT freed 184K, 9% free 10704K/11719K, paused 2ms+2ms
07-05 13:49:18.863   545   548 D dalvikvm: GC_CONCURRENT freed 322K, 8% free 10867K/11719K, paused 2ms+3ms
07-05 13:49:19.144   545   548 D dalvikvm: GC_CONCURRENT freed 849K, 11% free 10511K/11719K, paused 2ms+3ms
07-05 13:49:19.422   545   548 D dalvikvm: GC_CONCURRENT freed 403K, 11% free 10499K/11719K, paused 2ms+2ms
07-05 13:49:20.730   545  5573 I DownloadManager: Initiating request for download 4492
07-05 13:49:20.816   545   548 D dalvikvm: GC_CONCURRENT freed 301K, 10% free 10637K/11719K, paused 2ms+3ms
07-05 13:49:20.949   545   548 D dalvikvm: GC_CONCURRENT freed 295K, 8% free 10802K/11719K, paused 2ms+11ms
07-05 13:49:21.133   545   548 D dalvikvm: GC_CONCURRENT freed 749K, 11% free 10523K/11719K, paused 2ms+3ms
07-05 13:49:21.187  1370  5576 E DictionaryProvider:UpdateHandler: Can't read a file : android.util.MalformedJsonException: Use JsonReader.setLenient(true) to accept malformed JSON at line 1 column 20
07-05 13:49:21.222  1370  1372 D dalvikvm: GC_CONCURRENT freed 399K, 7% free 9129K/9735K, paused 1ms+2ms
07-05 13:49:21.304   465   467 D dalvikvm: GC_CONCURRENT freed 433K, 6% free 10502K/11143K, paused 2ms+3ms
07-05 13:49:21.500   545   548 D dalvikvm: GC_CONCURRENT freed 427K, 11% free 10488K/11719K, paused 2ms+3ms
07-05 13:49:21.773   545   548 D dalvikvm: GC_CONCURRENT freed 417K, 11% free 10458K/11719K, paused 2ms+2ms
07-05 13:49:21.855   545  5579 I DownloadManager: Initiating request for download 4492
07-05 13:49:21.980   545   548 D dalvikvm: GC_CONCURRENT freed 215K, 9% free 10678K/11719K, paused 2ms+2ms
07-05 13:49:22.097   545   548 D dalvikvm: GC_CONCURRENT freed 328K, 8% free 10834K/11719K, paused 2ms+3ms
07-05 13:49:22.355   545   548 D dalvikvm: GC_CONCURRENT freed 834K, 11% free 10483K/11719K, paused 2ms+2ms
07-05 13:49:22.621   545   548 D dalvikvm: GC_CONCURRENT freed 409K, 11% free 10465K/11719K, paused 1ms+2ms
07-05 13:49:22.836   545  5582 I DownloadManager: Initiating request for download 4493
07-05 13:49:22.902   545   548 D dalvikvm: GC_CONCURRENT freed 353K, 11% free 10535K/11719K, paused 2ms+3ms
07-05 13:49:23.035   545   548 D dalvikvm: GC_CONCURRENT freed 212K, 9% free 10758K/11719K, paused 2ms+3ms
07-05 13:49:23.175   545   548 D dalvikvm: GC_CONCURRENT freed 464K, 9% free 10766K/11719K, paused 2ms+3ms
07-05 13:49:23.312  1370  5584 E DictionaryProvider:UpdateHandler: Can't read a file : android.util.MalformedJsonException: Use JsonReader.setLenient(true) to accept malformed JSON at line 1 column 20
07-05 13:49:23.527   545   548 D dalvikvm: GC_CONCURRENT freed 736K, 11% free 10492K/11719K, paused 2ms+2ms
07-05 13:49:23.797   545   548 D dalvikvm: GC_CONCURRENT freed 415K, 11% free 10462K/11719K, paused 2ms+3ms
07-05 13:49:23.925   545  5587 I DownloadManager: Initiating request for download 4493
07-05 13:49:24.019   545   548 D dalvikvm: GC_CONCURRENT freed 238K, 10% free 10660K/11719K, paused 1ms+3ms
07-05 13:49:24.136   545   548 D dalvikvm: GC_CONCURRENT freed 306K, 8% free 10833K/11719K, paused 2ms+4ms
07-05 13:49:24.394   545   548 D dalvikvm: GC_CONCURRENT freed 825K, 11% free 10491K/11719K, paused 2ms+2ms
07-05 13:49:24.664   545   548 D dalvikvm: GC_CONCURRENT freed 410K, 11% free 10472K/11719K, paused 2ms+3ms
07-05 13:49:24.933   545   548 D dalvikvm: GC_CONCURRENT freed 396K, 11% free 10461K/11719K, paused 2ms+2ms
07-05 13:49:25.043   156   559 D dalvikvm: GC_EXPLICIT freed 495K, 12% free 14094K/16007K, paused 2ms+6ms
07-05 13:49:25.047   545  5590 I DownloadManager: Initiating request for download 4494
07-05 13:49:25.156   545   548 D dalvikvm: GC_CONCURRENT freed 172K, 9% free 10726K/11719K, paused 2ms+3ms
07-05 13:49:25.277   545   548 D dalvikvm: GC_CONCURRENT freed 446K, 9% free 10752K/11719K, paused 2ms+2ms
07-05 13:49:25.468  1370  5592 E DictionaryProvider:UpdateHandler: Can't read a file : android.util.MalformedJsonException: Use JsonReader.setLenient(true) to accept malformed JSON at line 1 column 20
07-05 13:49:25.593   545   548 D dalvikvm: GC_CONCURRENT freed 723K, 11% free 10479K/11719K, paused 2ms+2ms
07-05 13:49:25.867   545   548 D dalvikvm: GC_CONCURRENT freed 409K, 11% free 10461K/11719K, paused 2ms+3ms
07-05 13:49:26.043   545  5595 I DownloadManager: Initiating request for download 4494
07-05 13:49:26.113   545   548 D dalvikvm: GC_CONCURRENT freed 318K, 10% free 10625K/11719K, paused 2ms+3ms
07-05 13:49:26.250   545   548 D dalvikvm: GC_CONCURRENT freed 290K, 8% free 10794K/11719K, paused 1ms+3ms
07-05 13:49:26.441   545   548 D dalvikvm: GC_CONCURRENT freed 745K, 11% free 10515K/11719K, paused 2ms+3ms
07-05 13:49:26.722   545   548 D dalvikvm: GC_CONCURRENT freed 436K, 11% free 10467K/11719K, paused 2ms+2ms
07-05 13:49:26.972   545   548 D dalvikvm: GC_CONCURRENT freed 409K, 11% free 10449K/11719K, paused 1ms+2ms
07-05 13:49:27.101   545  5598 I DownloadManager: Initiating request for download 4495
07-05 13:49:27.218   545   548 D dalvikvm: GC_CONCURRENT freed 210K, 9% free 10677K/11719K, paused 1ms+3ms
07-05 13:49:27.340   545   548 D dalvikvm: GC_CONCURRENT freed 302K, 8% free 10852K/11719K, paused 2ms+3ms
07-05 13:49:27.554  1370  5600 E DictionaryProvider:UpdateHandler: Can't read a file : android.util.MalformedJsonException: Use JsonReader.setLenient(true) to accept malformed JSON at line 1 column 20
07-05 13:49:27.652   545   548 D dalvikvm: GC_CONCURRENT freed 850K, 11% free 10489K/11719K, paused 2ms+2ms
07-05 13:49:27.922   545   548 D dalvikvm: GC_CONCURRENT freed 420K, 11% free 10459K/11719K, paused 2ms+2ms
07-05 13:49:28.129   545  5603 I DownloadManager: Initiating request for download 4495
07-05 13:49:28.191   545   548 D dalvikvm: GC_CONCURRENT freed 377K, 11% free 10521K/11719K, paused 2ms+3ms
07-05 13:49:28.308   545   548 D dalvikvm: GC_CONCURRENT freed 209K, 9% free 10749K/11719K, paused 2ms+3ms
07-05 13:49:28.433   545   548 D dalvikvm: GC_CONCURRENT freed 457K, 9% free 10759K/11719K, paused 2ms+2ms
07-05 13:49:28.758   545   548 D dalvikvm: GC_CONCURRENT freed 745K, 11% free 10472K/11719K, paused 2ms+3ms
07-05 13:49:29.027   545   548 D dalvikvm: GC_CONCURRENT freed 409K, 11% free 10453K/11719K, paused 2ms+2ms
07-05 13:49:29.179   545  5606 I DownloadManager: Initiating request for download 4496
07-05 13:49:29.277   545   548 D dalvikvm: GC_CONCURRENT freed 231K, 10% free 10655K/11719K, paused 1ms+3ms
07-05 13:49:29.394   545   548 D dalvikvm: GC_CONCURRENT freed 310K, 8% free 10822K/11719K, paused 2ms+3ms
07-05 13:49:29.590  1370  5608 E DictionaryProvider:UpdateHandler: Can't read a file : android.util.MalformedJsonException: Use JsonReader.setLenient(true) to accept malformed JSON at line 1 column 20
07-05 13:49:29.629  1370  1372 D dalvikvm: GC_CONCURRENT freed 388K, 7% free 9129K/9735K, paused 2ms+15ms
07-05 13:49:29.683   545   548 D dalvikvm: GC_CONCURRENT freed 810K, 11% free 10500K/11719K, paused 2ms+2ms
07-05 13:49:29.949   545   548 D dalvikvm: GC_CONCURRENT freed 425K, 11% free 10465K/11719K, paused 1ms+2ms
07-05 13:49:30.215   545   548 D dalvikvm: GC_CONCURRENT freed 406K, 11% free 10450K/11719K, paused 2ms+3ms
07-05 13:49:30.250   545  5611 I DownloadManager: Initiating request for download 4496
07-05 13:49:30.363   545   548 D dalvikvm: GC_CONCURRENT freed 174K, 9% free 10713K/11719K, paused 2ms+3ms
07-05 13:49:30.488   545   548 D dalvikvm: GC_CONCURRENT freed 417K, 9% free 10767K/11719K, paused 1ms+3ms
07-05 13:49:30.785   545   548 D dalvikvm: GC_CONCURRENT freed 749K, 11% free 10478K/11719K, paused 2ms+2ms
07-05 13:49:31.043   545   548 D dalvikvm: GC_CONCURRENT freed 407K, 11% free 10461K/11719K, paused 2ms+3ms
07-05 13:49:31.328   545  5614 D dalvikvm: GC_EXPLICIT freed 281K, 11% free 10509K/11719K, paused 2ms+4ms
07-05 13:49:31.328   545  5614 I DownloadManager: Initiating request for download 4497
07-05 13:49:31.457   545   548 D dalvikvm: GC_CONCURRENT freed 214K, 9% free 10738K/11719K, paused 2ms+3ms
07-05 13:49:31.593   545   548 D dalvikvm: GC_CONCURRENT freed 436K, 9% free 10768K/11719K, paused 2ms+2ms
07-05 13:49:31.871   545   548 D dalvikvm: GC_CONCURRENT freed 742K, 11% free 10483K/11719K, paused 2ms+2ms
07-05 13:49:32.015  1370  5616 E DictionaryProvider:UpdateHandler: Can't read a file : android.util.MalformedJsonException: Use JsonReader.setLenient(true) to accept malformed JSON at line 1 column 20
07-05 13:49:32.183   545   548 D dalvikvm: GC_CONCURRENT freed 408K, 11% free 10465K/11719K, paused 2ms+2ms
07-05 13:49:32.324   545  5619 I DownloadManager: Initiating request for download 4497
07-05 13:49:32.406   545   548 D dalvikvm: GC_CONCURRENT freed 274K, 10% free 10641K/11719K, paused 2ms+2ms
07-05 13:49:32.523   545   548 D dalvikvm: GC_CONCURRENT freed 294K, 8% free 10813K/11719K, paused 1ms+2ms
07-05 13:49:32.738   545   548 D dalvikvm: GC_CONCURRENT freed 800K, 11% free 10493K/11719K, paused 2ms+2ms
07-05 13:49:33.011   545   548 D dalvikvm: GC_CONCURRENT freed 412K, 11% free 10471K/11719K, paused 2ms+2ms
07-05 13:49:33.277   545   548 D dalvikvm: GC_CONCURRENT freed 405K, 11% free 10456K/11719K, paused 2ms+3ms
07-05 13:49:33.367   545  5622 I DownloadManager: Initiating request for download 4498
07-05 13:49:33.484   545   548 D dalvikvm: GC_CONCURRENT freed 193K, 9% free 10699K/11719K, paused 2ms+3ms
07-05 13:49:33.609   545   548 D dalvikvm: GC_CONCURRENT freed 307K, 8% free 10897K/11719K, paused 2ms+2ms
07-05 13:49:33.773  1370  5624 E DictionaryProvider:UpdateHandler: Can't read a file : android.util.MalformedJsonException: Use JsonReader.setLenient(true) to accept malformed JSON at line 1 column 20
07-05 13:49:33.933   545   548 D dalvikvm: GC_CONCURRENT freed 907K, 11% free 10490K/11719K, paused 1ms+3ms
07-05 13:49:34.203   545   548 D dalvikvm: GC_CONCURRENT freed 415K, 11% free 10465K/11719K, paused 2ms+2ms
07-05 13:49:34.375   545  5627 I DownloadManager: Initiating request for download 4498
07-05 13:49:34.465   545   548 D dalvikvm: GC_CONCURRENT freed 306K, 9% free 10671K/11719K, paused 2ms+3ms
07-05 13:49:34.582   545   548 D dalvikvm: GC_CONCURRENT freed 332K, 8% free 10822K/11719K, paused 2ms+3ms
07-05 13:49:34.793   545   548 D dalvikvm: GC_CONCURRENT freed 776K, 11% free 10524K/11719K, paused 1ms+3ms
07-05 13:49:35.058   545   548 D dalvikvm: GC_CONCURRENT freed 406K, 11% free 10508K/11719K, paused 2ms+3ms
07-05 13:49:35.324   545   548 D dalvikvm: GC_CONCURRENT freed 404K, 11% free 10495K/11719K, paused 2ms+2ms
07-05 13:49:36.144   545  5629 I DownloadManager: Initiating request for download 4499
07-05 13:49:36.269   545   548 D dalvikvm: GC_CONCURRENT freed 211K, 9% free 10721K/11719K, paused 1ms+3ms
07-05 13:49:36.414   545   548 D dalvikvm: GC_CONCURRENT freed 324K, 8% free 10875K/11719K, paused 1ms+3ms
07-05 13:49:36.597  1370  5632 E DictionaryProvider:UpdateHandler: Can't read a file : android.util.MalformedJsonException: Use JsonReader.setLenient(true) to accept malformed JSON at line 1 column 20
07-05 13:49:36.738   545   548 D dalvikvm: GC_CONCURRENT freed 878K, 11% free 10493K/11719K, paused 2ms+3ms
07-05 13:49:37.008   545   548 D dalvikvm: GC_CONCURRENT freed 410K, 11% free 10470K/11719K, paused 2ms+3ms
07-05 13:49:37.179   545  5635 I DownloadManager: Initiating request for download 4499
07-05 13:49:37.261   545   548 D dalvikvm: GC_CONCURRENT freed 328K, 10% free 10646K/11719K, paused 2ms+3ms
07-05 13:49:37.379   545   548 D dalvikvm: GC_CONCURRENT freed 295K, 8% free 10819K/11719K, paused 2ms+3ms
07-05 13:49:37.605   545   548 D dalvikvm: GC_CONCURRENT freed 798K, 11% free 10497K/11719K, paused 2ms+2ms
07-05 13:49:37.871   545   548 D dalvikvm: GC_CONCURRENT freed 412K, 11% free 10476K/11719K, paused 2ms+2ms
07-05 13:49:38.140   545   548 D dalvikvm: GC_CONCURRENT freed 404K, 11% free 10462K/11719K, paused 2ms+2ms
07-05 13:49:38.234   545  5638 I DownloadManager: Initiating request for download 4500
07-05 13:49:38.340   545   548 D dalvikvm: GC_CONCURRENT freed 195K, 9% free 10704K/11719K, paused 2ms+3ms
07-05 13:49:38.453   545   548 D dalvikvm: GC_CONCURRENT freed 315K, 8% free 10875K/11719K, paused 2ms+3ms
07-05 13:49:38.625  1370  5640 E DictionaryProvider:UpdateHandler: Can't read a file : android.util.MalformedJsonException: Use JsonReader.setLenient(true) to accept malformed JSON at line 1 column 20
07-05 13:49:38.668  1370  1372 D dalvikvm: GC_CONCURRENT freed 389K, 7% free 9130K/9735K, paused 2ms+2ms
07-05 13:49:38.800   545   548 D dalvikvm: GC_CONCURRENT freed 875K, 11% free 10496K/11719K, paused 2ms+3ms
07-05 13:49:39.066   545   548 D dalvikvm: GC_CONCURRENT freed 414K, 11% free 10472K/11719K, paused 2ms+2ms
07-05 13:49:39.258   545  5643 I DownloadManager: Initiating request for download 4500
07-05 13:49:39.316   545   548 D dalvikvm: GC_CONCURRENT freed 335K, 11% free 10539K/11719K, paused 2ms+2ms
07-05 13:49:39.429   545   548 D dalvikvm: GC_CONCURRENT freed 211K, 9% free 10776K/11719K, paused 2ms+2ms
07-05 13:49:39.574   545   548 D dalvikvm: GC_CONCURRENT freed 481K, 9% free 10777K/11719K, paused 2ms+2ms
07-05 13:49:39.902   545   548 D dalvikvm: GC_CONCURRENT freed 750K, 11% free 10486K/11719K, paused 2ms+2ms
07-05 13:49:40.172   545   548 D dalvikvm: GC_CONCURRENT freed 409K, 11% free 10467K/11719K, paused 2ms+2ms
07-05 13:49:40.293   545  5646 I DownloadManager: Initiating request for download 4501
07-05 13:49:40.379   545   548 D dalvikvm: GC_CONCURRENT freed 226K, 9% free 10676K/11719K, paused 2ms+2ms
07-05 13:49:40.508   545   548 D dalvikvm: GC_CONCURRENT freed 311K, 8% free 10850K/11719K, paused 2ms+2ms
07-05 13:49:40.711  1370  5648 D dalvikvm: GC_EXPLICIT freed 109K, 7% free 9091K/9735K, paused 1ms+2ms
07-05 13:49:40.726  1370  5648 E DictionaryProvider:UpdateHandler: Can't read a file : android.util.MalformedJsonException: Use JsonReader.setLenient(true) to accept malformed JSON at line 1 column 20
07-05 13:49:40.812   545   548 D dalvikvm: GC_CONCURRENT freed 832K, 11% free 10512K/11719K, paused 2ms+2ms
07-05 13:49:41.078   545   548 D dalvikvm: GC_CONCURRENT freed 424K, 11% free 10479K/11719K, paused 2ms+2ms
07-05 13:49:41.336   545   548 D dalvikvm: GC_CONCURRENT freed 399K, 11% free 10465K/11719K, paused 2ms+2ms
07-05 13:49:41.355   545  5651 I DownloadManager: Initiating request for download 4501
07-05 13:49:41.465   545   548 D dalvikvm: GC_CONCURRENT freed 167K, 9% free 10734K/11719K, paused 2ms+3ms
07-05 13:49:41.593   545   548 D dalvikvm: GC_CONCURRENT freed 418K, 8% free 10786K/11719K, paused 2ms+3ms
07-05 13:49:41.855   545   548 D dalvikvm: GC_CONCURRENT freed 724K, 11% free 10525K/11719K, paused 2ms+2ms
07-05 13:49:42.121   545   548 D dalvikvm: GC_CONCURRENT freed 404K, 11% free 10512K/11719K, paused 2ms+2ms
07-05 13:49:42.691   545  5653 I DownloadManager: Initiating request for download 4502
07-05 13:49:42.761   362   362 I wpa_supplicant: wlan0: CTRL-EVENT-DISCONNECTED bssid=64:a0:e7:5d:18:30 reason=0
07-05 13:49:42.761    77   117 D CommandListener: Clearing all IP addresses on wlan0
07-05 13:49:42.777   156   330 D ConnectivityService: ConnectivityChange for WIFI: DISCONNECTED/DISCONNECTED
07-05 13:49:42.785   156   330 D ConnectivityService: Attempting to switch to mobile
07-05 13:49:42.785   156   330 D ConnectivityService: Attempting to switch to WIMAX
07-05 13:49:42.785   156   330 D ConnectivityService: Attempting to switch to BLUETOOTH_TETHER
07-05 13:49:42.789   156   330 E ConnectivityService: Exception trying to remove a route: java.lang.IllegalStateException: Unable to communicate with native dameon to add routes - com.android.server.NativeDaemonConnectorException: Cmd {interface route remove wlan0 default 128.205.59.254 32 0.0.0.0} failed with code 400 : {Failed to remove route from default table (No such process)}
07-05 13:49:42.793   156   330 D NetUtils: android_net_utils_resetConnections in env=0x6b2b60 clazz=0x32100001 iface=wlan0 mask=0x3
07-05 13:49:42.793   156   330 E ConnectivityService: Exception trying to remove a route: java.lang.IllegalStateException: Unable to communicate with native dameon to add routes - com.android.server.NativeDaemonConnectorException: Cmd {interface route remove wlan0 default 0.0.0.0 0 128.205.59.254} failed with code 400 : {Failed to remove route from default table (No such process)}
07-05 13:49:42.793   156   330 D ConnectivityService: resetConnections(wlan0, 3)
07-05 13:49:42.910   482   486 D dalvikvm: GC_CONCURRENT freed 420K, 6% free 9522K/10119K, paused 2ms+2ms
07-05 13:49:42.957   682  1055 E GTalkService: connectionClosed: no XMPPConnection - That's strange!
07-05 13:49:42.972   414   416 D dalvikvm: GC_CONCURRENT freed 577K, 37% free 10289K/16263K, paused 1ms+4ms
07-05 13:49:42.988   156   330 D ConnectivityService: handleInetConditionChange: no active default network - ignore
07-05 13:49:43.035   545   548 D dalvikvm: GC_CONCURRENT freed 337K, 10% free 10649K/11719K, paused 2ms+5ms
07-05 13:49:43.074   414   416 D dalvikvm: GC_CONCURRENT freed 558K, 38% free 10166K/16263K, paused 1ms+3ms
07-05 13:49:43.222   545   548 D dalvikvm: GC_CONCURRENT freed 294K, 8% free 10822K/11719K, paused 2ms+2ms
07-05 13:49:43.347   545  5653 W DownloadManager: Aborting request for download 4502: no network connection available
07-05 13:49:43.425   156   568 D dalvikvm: GC_EXPLICIT freed 677K, 12% free 14108K/16007K, paused 2ms+6ms
07-05 13:49:43.504   545   548 D dalvikvm: GC_CONCURRENT freed 791K, 11% free 10507K/11719K, paused 2ms+2ms
07-05 13:49:43.777   545   548 D dalvikvm: GC_CONCURRENT freed 423K, 11% free 10470K/11719K, paused 1ms+2ms
07-05 13:49:44.019   362   362 I wpa_supplicant: wlan0: Trying to associate with d0:c2:82:67:23:30 (SSID='UB_Wireless' freq=2437 MHz)
07-05 13:49:44.062   545   548 D dalvikvm: GC_CONCURRENT freed 404K, 11% free 10456K/11719K, paused 1ms+3ms
07-05 13:49:44.140   545  5657 I DownloadManager: Initiating request for download 4502
07-05 13:49:44.140   545  5657 W DownloadManager: Aborting request for download 4502: no network connection available
07-05 13:49:44.156   362   362 I wpa_supplicant: wlan0: Associated with d0:c2:82:67:23:30
07-05 13:49:44.156   362   362 I wpa_supplicant: wlan0: CTRL-EVENT-CONNECTED - Connection to d0:c2:82:67:23:30 completed (reauth) [id=5 id_str=]
07-05 13:49:44.465   545   548 D dalvikvm: GC_CONCURRENT freed 359K, 11% free 10488K/11719K, paused 2ms+2ms
07-05 13:49:44.730   545   548 D dalvikvm: GC_CONCURRENT freed 410K, 11% free 10468K/11719K, paused 2ms+2ms
07-05 13:49:44.996   545   548 D dalvikvm: GC_CONCURRENT freed 404K, 11% free 10454K/11719K, paused 1ms+3ms
07-05 13:49:45.316   545   548 D dalvikvm: GC_CONCURRENT freed 361K, 11% free 10483K/11719K, paused 2ms+4ms
07-05 13:49:45.590   545   548 D dalvikvm: GC_CONCURRENT freed 406K, 11% free 10465K/11719K, paused 1ms+2ms
07-05 13:49:45.847   156   333 D Tethering: MasterInitialState.processMessage what=3
07-05 13:49:45.929  1190  1190 I MediaUploader: No need to wake up
07-05 13:49:45.933   993   993 I PhoneLab-WiFiReceiver: Wi-Fi is disconnected!
07-05 13:49:45.937  1086  1105 D PicasaSyncManager: active network: null
07-05 13:49:45.937  1086  1105 D PicasaSyncManager: background data: true
07-05 13:49:47.961   156   330 D ConnectivityService: ConnectivityChange for WIFI: CONNECTED/CONNECTED
07-05 13:49:47.968   993   993 I PhoneLab-WiFiReceiver: Wi-Fi is connected!
07-05 13:49:47.968   993   993 I PhoneLab-WiFiReceiver: SSID: UB_Wireless BSSID: d0:c2:82:67:23:30 RSSI: -200 LinkSpeed: -1
07-05 13:49:47.968   993   993 I PhoneLab-Locks: wake lock acquired
07-05 13:49:47.972   993   993 I PhoneLab-UploadLogs: Transfering log files now
07-05 13:49:47.984   156   325 W NetworkStats: dropping UID delta from unknown iface: iface=wlan0 uid=0 set=DEFAULT tag=0x0 rxBytes=0 rxPackets=0 txBytes=264 txPackets=4 operations=0
07-05 13:49:48.093   993   995 D dalvikvm: GC_CONCURRENT freed 422K, 18% free 9242K/11207K, paused 1ms+2ms
07-05 13:49:48.113   993   993 D dalvikvm: GC_FOR_ALLOC freed 243K, 16% free 9429K/11207K, paused 12ms
07-05 13:49:48.144   993   993 I PhoneLab-UploadLogs: OnStartCommand
07-05 13:49:48.152   993   995 D dalvikvm: GC_CONCURRENT freed 298K, 14% free 9642K/11207K, paused 2ms+2ms
07-05 13:49:48.355   993  5687 D dalvikvm: GC_FOR_ALLOC freed 312K, 14% free 9656K/11207K, paused 58ms
07-05 13:49:48.367   993  5687 D dalvikvm: GC_FOR_ALLOC freed 301K, 14% free 9657K/11207K, paused 14ms
07-05 13:49:48.383   993  5687 D dalvikvm: GC_FOR_ALLOC freed 301K, 14% free 9658K/11207K, paused 13ms
07-05 13:49:48.965   156   330 D ConnectivityService: NetTransition Wakelock for WifiStateMachine released by timeout
07-05 13:49:49.562   156   330 D ConnectivityService: ConnectivityChange for mobile: CONNECTED/CONNECTED
07-05 13:49:49.593   156   330 D NetUtils: android_net_utils_resetConnections in env=0x6b2b60 clazz=0x45300001 iface=rmnet0 mask=0x3
07-05 13:49:49.593   156   330 D ConnectivityService: ConnectivityChange for mobile: DISCONNECTED/DISCONNECTED
07-05 13:49:49.593   156   330 D ConnectivityService: Attempting to switch to WIFI
07-05 13:49:49.593   156   330 D ConnectivityService: Attempting to switch to WIMAX
07-05 13:49:49.593   156   330 D ConnectivityService: Attempting to switch to BLUETOOTH_TETHER
07-05 13:49:49.593   156   330 D ConnectivityService: resetConnections(rmnet0, 3)
07-05 13:49:49.918   993  5687 W System.err: org.apache.http.client.ClientProtocolException
07-05 13:49:49.929   993  5687 W System.err: 	at org.apache.http.impl.client.AbstractHttpClient.execute(AbstractHttpClient.java:557)
07-05 13:49:49.929   993  5687 W System.err: 	at org.apache.http.impl.client.AbstractHttpClient.execute(AbstractHttpClient.java:487)
07-05 13:49:49.929   993  5687 W System.err: 	at com.loopj.android.http.AsyncHttpRequest.makeRequest(Unknown Source)
07-05 13:49:49.933   993  5687 W System.err: 	at com.loopj.android.http.AsyncHttpRequest.makeRequestWithRetries(Unknown Source)
07-05 13:49:49.933   993  5687 W System.err: 	at com.loopj.android.http.AsyncHttpRequest.run(Unknown Source)
07-05 13:49:49.933   993  5687 W System.err: 	at java.util.concurrent.Executors$RunnableAdapter.call(Executors.java:442)
07-05 13:49:49.941   993  5687 W System.err: 	at java.util.concurrent.FutureTask$Sync.innerRun(FutureTask.java:305)
07-05 13:49:49.941   993  5687 W System.err: 	at java.util.concurrent.FutureTask.run(FutureTask.java:137)
07-05 13:49:49.941   993  5687 W System.err: 	at java.util.concurrent.ThreadPoolExecutor.runWorker(ThreadPoolExecutor.java:1076)
07-05 13:49:49.941   993  5687 W System.err: 	at java.util.concurrent.ThreadPoolExecutor$Worker.run(ThreadPoolExecutor.java:569)
07-05 13:49:49.941   993  5687 W System.err: 	at java.lang.Thread.run(Thread.java:856)
07-05 13:49:49.949   993  5687 W System.err: Caused by: org.apache.http.client.NonRepeatableRequestException: Cannot retry request with a non-repeatable request entity
07-05 13:49:49.953   993  5687 W System.err: 	at org.apache.http.impl.client.DefaultRequestDirector.execute(DefaultRequestDirector.java:420)
07-05 13:49:49.953   993  5687 W System.err: 	at org.apache.http.impl.client.AbstractHttpClient.execute(AbstractHttpClient.java:555)
07-05 13:49:49.953   993  5687 W System.err: 	... 10 more
07-05 13:49:49.953   993   993 E PhoneLab-: Transfering 1341502082478.log failed
07-05 13:49:49.953   993   993 I PhoneLab-Locks: wake lock released
07-05 13:49:51.000   156   333 D Tethering: MasterInitialState.processMessage what=3
07-05 13:49:51.062   682   682 I GTalkService/c: [AndroidEndpoint@1095403848] connect: acct=1000001, state=CONNECTING
07-05 13:49:51.097  1086  1105 D PicasaSyncManager: active network: NetworkInfo: type: WIFI[], state: CONNECTED/CONNECTED, reason: (unspecified), extra: (none), roaming: false, failover: false, isAvailable: true
07-05 13:49:51.097  1086  1105 D PicasaSyncManager: background data: true
07-05 13:49:51.144  1190  1190 I MediaUploader: No need to wake up
07-05 13:49:51.211   414   416 D dalvikvm: GC_CONCURRENT freed 280K, 37% free 10381K/16263K, paused 2ms+3ms
07-05 13:49:51.285   545   548 D dalvikvm: GC_CONCURRENT freed 374K, 11% free 10488K/11719K, paused 2ms+2ms
07-05 13:49:51.386   682  1364 D dalvikvm: GC_EXPLICIT freed 356K, 9% free 10142K/11079K, paused 2ms+11ms
07-05 13:49:51.437   414   416 D dalvikvm: GC_CONCURRENT freed 431K, 37% free 10383K/16263K, paused 2ms+3ms
07-05 13:49:51.761   545   548 D dalvikvm: GC_CONCURRENT freed 397K, 11% free 10483K/11719K, paused 1ms+2ms
07-05 13:49:52.027   545   548 D dalvikvm: GC_CONCURRENT freed 407K, 11% free 10462K/11719K, paused 2ms+2ms
07-05 13:49:52.254   545  5692 I DownloadManager: Initiating request for download 4502
07-05 13:49:52.355   545   548 D dalvikvm: GC_CONCURRENT freed 299K, 10% free 10621K/11719K, paused 1ms+3ms
07-05 13:49:52.472   545   548 D dalvikvm: GC_CONCURRENT freed 288K, 8% free 10800K/11719K, paused 2ms+2ms
07-05 13:49:52.621   156   333 D Tethering: MasterInitialState.processMessage what=3
07-05 13:49:52.644   156   333 D Tethering: MasterInitialState.processMessage what=3
07-05 13:49:52.675  1190  1190 I MediaUploader: No need to wake up
07-05 13:49:52.711  1086  1105 D PicasaSyncManager: active network: NetworkInfo: type: WIFI[], state: CONNECTED/CONNECTED, reason: (unspecified), extra: (none), roaming: false, failover: false, isAvailable: true
07-05 13:49:52.711  1086  1105 D PicasaSyncManager: background data: true
07-05 13:49:52.730  1190  1190 I MediaUploader: No need to wake up
07-05 13:49:52.730  1086  1105 D PicasaSyncManager: active network: NetworkInfo: type: WIFI[], state: CONNECTED/CONNECTED, reason: (unspecified), extra: (none), roaming: false, failover: false, isAvailable: true
07-05 13:49:52.730  1086  1105 D PicasaSyncManager: background data: true
07-05 13:49:52.777   545   548 D dalvikvm: GC_CONCURRENT freed 752K, 11% free 10523K/11719K, paused 2ms+2ms
07-05 13:49:52.883  1370  5694 E DictionaryProvider:UpdateHandler: Can't read a file : android.util.MalformedJsonException: Use JsonReader.setLenient(true) to accept malformed JSON at line 1 column 20
07-05 13:49:53.101   545   548 D dalvikvm: GC_CONCURRENT freed 430K, 11% free 10483K/11719K, paused 2ms+3ms
07-05 13:49:53.379   545   548 D dalvikvm: GC_CONCURRENT freed 414K, 11% free 10459K/11719K, paused 2ms+3ms
07-05 13:49:53.488   545  5697 I DownloadManager: Initiating request for download 4502
07-05 13:49:53.574   545   548 D dalvikvm: GC_CONCURRENT freed 222K, 9% free 10669K/11719K, paused 2ms+2ms
07-05 13:49:53.711   545   548 D dalvikvm: GC_CONCURRENT freed 308K, 8% free 10846K/11719K, paused 2ms+2ms
07-05 13:49:53.965   545   548 D dalvikvm: GC_CONCURRENT freed 841K, 11% free 10487K/11719K, paused 2ms+2ms
07-05 13:49:54.254   545   548 D dalvikvm: GC_CONCURRENT freed 408K, 11% free 10469K/11719K, paused 2ms+2ms
07-05 13:49:54.570   545  5700 I DownloadManager: Initiating request for download 4503
07-05 13:49:54.601   545   548 D dalvikvm: GC_CONCURRENT freed 396K, 11% free 10470K/11719K, paused 2ms+3ms
07-05 13:49:54.734   545   548 D dalvikvm: GC_CONCURRENT freed 174K, 9% free 10733K/11719K, paused 2ms+3ms
07-05 13:49:54.871   545   548 D dalvikvm: GC_CONCURRENT freed 432K, 9% free 10771K/11719K, paused 1ms+2ms
07-05 13:49:55.019  1370  5702 E DictionaryProvider:UpdateHandler: Can't read a file : android.util.MalformedJsonException: Use JsonReader.setLenient(true) to accept malformed JSON at line 1 column 20
07-05 13:49:55.195   545   548 D dalvikvm: GC_CONCURRENT freed 743K, 11% free 10490K/11719K, paused 2ms+2ms
07-05 13:49:55.488   545   548 D dalvikvm: GC_CONCURRENT freed 412K, 11% free 10468K/11719K, paused 2ms+3ms
07-05 13:49:55.683   545  5705 I DownloadManager: Initiating request for download 4503
07-05 13:49:55.769   545   548 D dalvikvm: GC_CONCURRENT freed 311K, 10% free 10634K/11719K, paused 2ms+3ms
07-05 13:49:55.890   545   548 D dalvikvm: GC_CONCURRENT freed 288K, 8% free 10811K/11719K, paused 2ms+2ms
07-05 13:49:56.082   545   548 D dalvikvm: GC_CONCURRENT freed 791K, 11% free 10497K/11719K, paused 2ms+2ms
07-05 13:49:56.359   545   548 D dalvikvm: GC_CONCURRENT freed 407K, 11% free 10480K/11719K, paused 2ms+2ms
07-05 13:49:56.629   545   548 D dalvikvm: GC_CONCURRENT freed 409K, 11% free 10462K/11719K, paused 2ms+3ms
07-05 13:49:56.730   545  5708 I DownloadManager: Initiating request for download 4504
07-05 13:49:56.840   545   548 D dalvikvm: GC_CONCURRENT freed 210K, 9% free 10687K/11719K, paused 2ms+3ms
07-05 13:49:56.968   545   548 D dalvikvm: GC_CONCURRENT freed 314K, 8% free 10861K/11719K, paused 1ms+3ms
07-05 13:49:57.148  1370  5710 E DictionaryProvider:UpdateHandler: Can't read a file : android.util.MalformedJsonException: Use JsonReader.setLenient(true) to accept malformed JSON at line 1 column 20
07-05 13:49:57.265   545   548 D dalvikvm: GC_CONCURRENT freed 857K, 11% free 10497K/11719K, paused 2ms+2ms
07-05 13:49:57.519   545   548 D dalvikvm: GC_CONCURRENT freed 416K, 11% free 10471K/11719K, paused 2ms+3ms
07-05 13:49:57.738   545  5713 I DownloadManager: Initiating request for download 4504
07-05 13:49:57.800   545   548 D dalvikvm: GC_CONCURRENT freed 388K, 11% free 10526K/11719K, paused 2ms+2ms
07-05 13:49:57.914   545   548 D dalvikvm: GC_CONCURRENT freed 196K, 9% free 10757K/11719K, paused 2ms+3ms
07-05 13:49:58.054   545   548 D dalvikvm: GC_CONCURRENT freed 447K, 9% free 10779K/11719K, paused 2ms+3ms
07-05 13:49:58.375   545   548 D dalvikvm: GC_CONCURRENT freed 756K, 11% free 10487K/11719K, paused 2ms+3ms
07-05 13:49:58.566   156   158 D dalvikvm: GC_CONCURRENT freed 1099K, 12% free 14156K/16007K, paused 2ms+6ms
07-05 13:49:58.722   545   548 D dalvikvm: GC_CONCURRENT freed 411K, 11% free 10466K/11719K, paused 2ms+2ms
07-05 13:49:58.883   545  5716 I DownloadManager: Initiating request for download 4505
07-05 13:49:58.972   545   548 D dalvikvm: GC_CONCURRENT freed 256K, 10% free 10650K/11719K, paused 2ms+2ms
07-05 13:49:59.093   545   548 D dalvikvm: GC_CONCURRENT freed 305K, 8% free 10823K/11719K, paused 2ms+2ms
07-05 13:49:59.324   545   548 D dalvikvm: GC_CONCURRENT freed 810K, 11% free 10493K/11719K, paused 2ms+3ms
07-05 13:49:59.332  1370  5718 E DictionaryProvider:UpdateHandler: Can't read a file : android.util.MalformedJsonException: Use JsonReader.setLenient(true) to accept malformed JSON at line 1 column 20
07-05 13:49:59.363  1370  1372 D dalvikvm: GC_CONCURRENT freed 370K, 7% free 9138K/9735K, paused 2ms+7ms
07-05 13:49:59.629   545   548 D dalvikvm: GC_CONCURRENT freed 404K, 11% free 10480K/11719K, paused 1ms+3ms
07-05 13:49:59.898   545   548 D dalvikvm: GC_CONCURRENT freed 407K, 11% free 10459K/11719K, paused 2ms+2ms
07-05 13:49:59.961   545  5721 I DownloadManager: Initiating request for download 4505
07-05 13:50:00.086   545   548 D dalvikvm: GC_CONCURRENT freed 186K, 9% free 10685K/11719K, paused 2ms+3ms
07-05 13:50:00.207   545   548 D dalvikvm: GC_CONCURRENT freed 309K, 8% free 10864K/11719K, paused 2ms+3ms
07-05 13:50:00.500   545   548 D dalvikvm: GC_CONCURRENT freed 872K, 11% free 10485K/11719K, paused 2ms+3ms
07-05 13:50:00.754   545   548 D dalvikvm: GC_CONCURRENT freed 409K, 11% free 10467K/11719K, paused 2ms+2ms
07-05 13:50:00.984   545  5724 I DownloadManager: Initiating request for download 4506
07-05 13:50:01.050   545   548 D dalvikvm: GC_CONCURRENT freed 369K, 11% free 10533K/11719K, paused 2ms+3ms
07-05 13:50:01.175   545   548 D dalvikvm: GC_CONCURRENT freed 210K, 9% free 10761K/11719K, paused 2ms+2ms
07-05 13:50:01.312   545   548 D dalvikvm: GC_CONCURRENT freed 464K, 9% free 10775K/11719K, paused 2ms+2ms
07-05 13:50:01.465  1370  5726 E DictionaryProvider:UpdateHandler: Can't read a file : android.util.MalformedJsonException: Use JsonReader.setLenient(true) to accept malformed JSON at line 1 column 20
07-05 13:50:01.668   545   548 D dalvikvm: GC_CONCURRENT freed 746K, 11% free 10489K/11719K, paused 2ms+2ms
07-05 13:50:01.933   545   548 D dalvikvm: GC_CONCURRENT freed 412K, 11% free 10465K/11719K, paused 1ms+2ms
07-05 13:50:02.074   545  5729 I DownloadManager: Initiating request for download 4506
07-05 13:50:02.168   545   548 D dalvikvm: GC_CONCURRENT freed 264K, 10% free 10663K/11719K, paused 2ms+3ms
07-05 13:50:02.285   545   548 D dalvikvm: GC_CONCURRENT freed 306K, 8% free 10838K/11719K, paused 2ms+3ms
07-05 13:50:02.390   993  1240 I PhoneLab-: Service Running
07-05 13:50:02.445   993  1240 I PhoneLab-LoggerService: app_49    1247  993   1956   1584  c00f181c 400107b4 S logcat
07-05 13:50:02.445   993  1240 I PhoneLab-LoggerService: Logcat pid from database 1247
07-05 13:50:02.445   993  1240 I PhoneLab-LoggerService: Logcat process found 1247
07-05 13:50:02.445   993  1240 I PhoneLab-LoggerService: Checking Threshold
07-05 13:50:02.445   993  1240 I PhoneLab-LoggerService: Starting to rename files
07-05 13:50:02.449   993  1240 I PhoneLab-LoggerService: Files found .. 40
07-05 13:50:02.449   993  1240 I PhoneLab-LoggerService: File 1 log.out.1
07-05 13:50:02.449   993   995 D dalvikvm: GC_CONCURRENT freed 912K, 19% free 9189K/11207K, paused 2ms+2ms
07-05 13:50:02.461   993  1240 I PhoneLab-LoggerService: Renamed successfully
07-05 13:50:02.586   545   548 D dalvikvm: GC_CONCURRENT freed 828K, 11% free 10494K/11719K, paused 1ms+2ms
07-05 13:50:02.843   545   548 D dalvikvm: GC_CONCURRENT freed 409K, 11% free 10475K/11719K, paused 2ms+2ms
07-05 13:50:03.121   545   548 D dalvikvm: GC_CONCURRENT freed 405K, 11% free 10461K/11719K, paused 2ms+2ms
07-05 13:50:03.183   545  5733 I DownloadManager: Initiating request for download 4507
07-05 13:50:03.304   545   548 D dalvikvm: GC_CONCURRENT freed 176K, 9% free 10776K/11719K, paused 2ms+2ms
07-05 13:50:03.433   545   548 D dalvikvm: GC_CONCURRENT freed 485K, 9% free 10776K/11719K, paused 2ms+2ms
07-05 13:50:03.718   545   548 D dalvikvm: GC_CONCURRENT freed 745K, 11% free 10490K/11719K, paused 2ms+2ms
07-05 13:50:03.996   545   548 D dalvikvm: GC_CONCURRENT freed 404K, 11% free 10472K/11719K, paused 2ms+3ms
07-05 13:50:04.250   156   559 D dalvikvm: GC_EXPLICIT freed 257K, 13% free 14083K/16007K, paused 3ms+5ms
07-05 13:50:04.320  1370  5735 E DictionaryProvider:UpdateHandler: Can't read a file : android.util.MalformedJsonException: Use JsonReader.setLenient(true) to accept malformed JSON at line 1 column 20
07-05 13:50:04.425   545   548 D dalvikvm: GC_CONCURRENT freed 351K, 11% free 10509K/11719K, paused 1ms+2ms
07-05 13:50:04.687   545   548 D dalvikvm: GC_CONCURRENT freed 421K, 11% free 10478K/11719K, paused 2ms+2ms
07-05 13:50:04.957   545   548 D dalvikvm: GC_CONCURRENT freed 406K, 11% free 10463K/11719K, paused 2ms+2ms
07-05 13:50:05.285   545   548 D dalvikvm: GC_CONCURRENT freed 362K, 11% free 10493K/11719K, paused 2ms+2ms
07-05 13:50:05.550   545   548 D dalvikvm: GC_CONCURRENT freed 409K, 11% free 10474K/11719K, paused 2ms+2ms
07-05 13:50:05.832   545   548 D dalvikvm: GC_CONCURRENT freed 403K, 11% free 10462K/11719K, paused 2ms+3ms
07-05 13:50:05.957   545  5738 I DownloadManager: Initiating request for download 4508
07-05 13:50:06.090   545   548 D dalvikvm: GC_CONCURRENT freed 212K, 9% free 10681K/11719K, paused 2ms+3ms
07-05 13:50:06.211   545   548 D dalvikvm: GC_CONCURRENT freed 327K, 8% free 10840K/11719K, paused 2ms+4ms
07-05 13:50:06.402  1370  5740 E DictionaryProvider:UpdateHandler: Can't read a file : android.util.MalformedJsonException: Use JsonReader.setLenient(true) to accept malformed JSON at line 1 column 20
07-05 13:50:06.488   545   548 D dalvikvm: GC_CONCURRENT freed 819K, 11% free 10503K/11719K, paused 2ms+2ms
07-05 13:50:06.758   545   548 D dalvikvm: GC_CONCURRENT freed 422K, 11% free 10471K/11719K, paused 2ms+2ms
07-05 13:50:07.023   545   548 D dalvikvm: GC_CONCURRENT freed 402K, 11% free 10459K/11719K, paused 2ms+2ms
07-05 13:50:07.054   545  5743 I DownloadManager: Initiating request for download 4508
07-05 13:50:07.164   545   548 D dalvikvm: GC_CONCURRENT freed 151K, 9% free 10720K/11719K, paused 1ms+2ms
07-05 13:50:07.289   545   548 D dalvikvm: GC_CONCURRENT freed 412K, 9% free 10776K/11719K, paused 2ms+2ms
07-05 13:50:07.582   545   548 D dalvikvm: GC_CONCURRENT freed 750K, 11% free 10490K/11719K, paused 2ms+3ms
07-05 13:50:07.855   545   548 D dalvikvm: GC_CONCURRENT freed 407K, 11% free 10470K/11719K, paused 1ms+3ms
07-05 13:50:08.074   545  5746 I DownloadManager: Initiating request for download 4509
07-05 13:50:08.144   545   548 D dalvikvm: GC_CONCURRENT freed 347K, 11% free 10520K/11719K, paused 2ms+3ms
07-05 13:50:08.265   545   548 D dalvikvm: GC_CONCURRENT freed 200K, 9% free 10757K/11719K, paused 2ms+3ms
07-05 13:50:08.406   545   548 D dalvikvm: GC_CONCURRENT freed 450K, 8% free 10783K/11719K, paused 2ms+3ms
07-05 13:50:08.547  1370  5748 E DictionaryProvider:UpdateHandler: Can't read a file : android.util.MalformedJsonException: Use JsonReader.setLenient(true) to accept malformed JSON at line 1 column 20
07-05 13:50:08.621  1370  1372 D dalvikvm: GC_CONCURRENT freed 425K, 7% free 9125K/9735K, paused 2ms+2ms
07-05 13:50:08.789   545   548 D dalvikvm: GC_CONCURRENT freed 756K, 11% free 10501K/11719K, paused 2ms+2ms
07-05 13:50:09.039   545   548 D dalvikvm: GC_CONCURRENT freed 424K, 11% free 10468K/11719K, paused 2ms+2ms
07-05 13:50:09.175   545  5751 I DownloadManager: Initiating request for download 4509
07-05 13:50:09.281   545   548 D dalvikvm: GC_CONCURRENT freed 256K, 10% free 10656K/11719K, paused 1ms+3ms
07-05 13:50:09.402   545   548 D dalvikvm: GC_CONCURRENT freed 304K, 8% free 10829K/11719K, paused 2ms+3ms
07-05 13:50:09.644   545  5751 D dalvikvm: GC_EXPLICIT freed 830K, 11% free 10525K/11719K, paused 2ms+6ms
07-05 13:50:09.918   545   548 D dalvikvm: GC_CONCURRENT freed 432K, 11% free 10480K/11719K, paused 2ms+2ms
07-05 13:50:10.187   545   548 D dalvikvm: GC_CONCURRENT freed 407K, 11% free 10463K/11719K, paused 1ms+3ms
07-05 13:50:10.261   545  5754 I DownloadManager: Initiating request for download 4510
07-05 13:50:10.402   545   548 D dalvikvm: GC_CONCURRENT freed 185K, 8% free 10785K/11719K, paused 2ms+3ms
07-05 13:50:10.535   545   548 D dalvikvm: GC_CONCURRENT freed 494K, 9% free 10779K/11719K, paused 2ms+3ms
07-05 13:50:10.691  1370  5756 E DictionaryProvider:UpdateHandler: Can't read a file : android.util.MalformedJsonException: Use JsonReader.setLenient(true) to accept malformed JSON at line 1 column 20
07-05 13:50:10.859   545   548 D dalvikvm: GC_CONCURRENT freed 744K, 11% free 10500K/11719K, paused 2ms+3ms
07-05 13:50:11.144   545   548 D dalvikvm: GC_CONCURRENT freed 420K, 11% free 10472K/11719K, paused 2ms+3ms
07-05 13:50:11.300   545  5759 I DownloadManager: Initiating request for download 4510
07-05 13:50:11.386   545   548 D dalvikvm: GC_CONCURRENT freed 281K, 10% free 10647K/11719K, paused 2ms+3ms
07-05 13:50:11.508   545   548 D dalvikvm: GC_CONCURRENT freed 301K, 8% free 10821K/11719K, paused 2ms+2ms
07-05 13:50:11.707   545   548 D dalvikvm: GC_CONCURRENT freed 765K, 11% free 10534K/11719K, paused 2ms+2ms
07-05 13:50:11.988   545   548 D dalvikvm: GC_CONCURRENT freed 432K, 11% free 10489K/11719K, paused 2ms+2ms
07-05 13:50:12.258   545   548 D dalvikvm: GC_CONCURRENT freed 409K, 11% free 10470K/11719K, paused 1ms+2ms
07-05 13:50:12.383   545  5762 I DownloadManager: Initiating request for download 4511
07-05 13:50:12.476   545   548 D dalvikvm: GC_CONCURRENT freed 211K, 9% free 10696K/11719K, paused 1ms+3ms
07-05 13:50:12.601   545   548 D dalvikvm: GC_CONCURRENT freed 313K, 8% free 10874K/11719K, paused 2ms+3ms
07-05 13:50:12.789  1370  5764 E DictionaryProvider:UpdateHandler: Can't read a file : android.util.MalformedJsonException: Use JsonReader.setLenient(true) to accept malformed JSON at line 1 column 20
07-05 13:50:12.902   545   548 D dalvikvm: GC_CONCURRENT freed 867K, 11% free 10504K/11719K, paused 2ms+2ms
07-05 13:50:13.179   545   548 D dalvikvm: GC_CONCURRENT freed 414K, 11% free 10480K/11719K, paused 2ms+3ms
07-05 13:50:13.402   545  5767 I DownloadManager: Initiating request for download 4511
07-05 13:50:13.461   545   548 D dalvikvm: GC_CONCURRENT freed 385K, 11% free 10535K/11719K, paused 2ms+3ms
07-05 13:50:13.578   545   548 D dalvikvm: GC_CONCURRENT freed 202K, 9% free 10768K/11719K, paused 2ms+3ms
07-05 13:50:13.718   545   548 D dalvikvm: GC_CONCURRENT freed 460K, 8% free 10788K/11719K, paused 2ms+3ms
07-05 13:50:14.050   545   548 D dalvikvm: GC_CONCURRENT freed 761K, 11% free 10493K/11719K, paused 2ms+3ms
07-05 13:50:14.332   545   548 D dalvikvm: GC_CONCURRENT freed 410K, 11% free 10481K/11719K, paused 2ms+3ms
07-05 13:50:14.504   545  5770 I DownloadManager: Initiating request for download 4512
07-05 13:50:14.593   545   548 D dalvikvm: GC_CONCURRENT freed 253K, 10% free 10663K/11719K, paused 2ms+3ms
07-05 13:50:14.730   545   548 D dalvikvm: GC_CONCURRENT freed 312K, 8% free 10841K/11719K, paused 2ms+3ms
07-05 13:50:14.945   545   548 D dalvikvm: GC_CONCURRENT freed 821K, 11% free 10507K/11719K, paused 2ms+2ms
07-05 13:50:14.988  1370  5772 E DictionaryProvider:UpdateHandler: Can't read a file : android.util.MalformedJsonException: Use JsonReader.setLenient(true) to accept malformed JSON at line 1 column 20
07-05 13:50:15.082   465   467 D dalvikvm: GC_CONCURRENT freed 396K, 6% free 10490K/11143K, paused 2ms+2ms
07-05 13:50:15.285   545   548 D dalvikvm: GC_CONCURRENT freed 399K, 11% free 10499K/11719K, paused 2ms+2ms
07-05 13:50:15.550   545   548 D dalvikvm: GC_CONCURRENT freed 417K, 11% free 10472K/11719K, paused 2ms+2ms
07-05 13:50:15.625   545  5775 I DownloadManager: Initiating request for download 4512
07-05 13:50:15.734   545   548 D dalvikvm: GC_CONCURRENT freed 183K, 9% free 10700K/11719K, paused 1ms+2ms
07-05 13:50:15.855   545   548 D dalvikvm: GC_CONCURRENT freed 294K, 8% free 10866K/11719K, paused 1ms+3ms
07-05 13:50:16.125   545   548 D dalvikvm: GC_CONCURRENT freed 856K, 11% free 10502K/11719K, paused 2ms+2ms
07-05 13:50:16.394   545   548 D dalvikvm: GC_CONCURRENT freed 409K, 11% free 10484K/11719K, paused 2ms+2ms
07-05 13:50:16.679   545  5778 I DownloadManager: Initiating request for download 4513
07-05 13:50:16.703   545   548 D dalvikvm: GC_CONCURRENT freed 394K, 11% free 10500K/11719K, paused 2ms+4ms
07-05 13:50:16.843   545   548 D dalvikvm: GC_CONCURRENT freed 182K, 9% free 10754K/11719K, paused 2ms+2ms
07-05 13:50:16.972   545   548 D dalvikvm: GC_CONCURRENT freed 442K, 8% free 10791K/11719K, paused 2ms+2ms
07-05 13:50:17.129  1370  5780 E DictionaryProvider:UpdateHandler: Can't read a file : android.util.MalformedJsonException: Use JsonReader.setLenient(true) to accept malformed JSON at line 1 column 20
07-05 13:50:17.199  1370  1372 D dalvikvm: GC_CONCURRENT freed 385K, 7% free 9127K/9735K, paused 2ms+2ms
07-05 13:50:17.316   545   548 D dalvikvm: GC_CONCURRENT freed 755K, 11% free 10504K/11719K, paused 2ms+2ms
07-05 13:50:17.582   545   548 D dalvikvm: GC_CONCURRENT freed 414K, 11% free 10481K/11719K, paused 2ms+3ms
07-05 13:50:17.758   545  5783 I DownloadManager: Initiating request for download 4513
07-05 13:50:17.843   545   548 D dalvikvm: GC_CONCURRENT freed 306K, 10% free 10615K/11719K, paused 2ms+3ms
07-05 13:50:17.957   545   548 D dalvikvm: GC_CONCURRENT freed 259K, 8% free 10808K/11719K, paused 2ms+3ms
07-05 13:50:18.117   545   548 D dalvikvm: GC_CONCURRENT freed 734K, 11% free 10547K/11719K, paused 2ms+2ms
07-05 13:50:18.398   545   548 D dalvikvm: GC_CONCURRENT freed 437K, 11% free 10500K/11719K, paused 2ms+2ms
07-05 13:50:18.672   545   548 D dalvikvm: GC_CONCURRENT freed 411K, 11% free 10480K/11719K, paused 2ms+2ms
07-05 13:50:18.820   545  5786 I DownloadManager: Initiating request for download 4514
07-05 13:50:18.910   545   548 D dalvikvm: GC_CONCURRENT freed 238K, 9% free 10673K/11719K, paused 2ms+3ms
07-05 13:50:19.031   545   548 D dalvikvm: GC_CONCURRENT freed 310K, 8% free 10847K/11719K, paused 2ms+3ms
07-05 13:50:19.269  1370  5788 E DictionaryProvider:UpdateHandler: Can't read a file : android.util.MalformedJsonException: Use JsonReader.setLenient(true) to accept malformed JSON at line 1 column 20
07-05 13:50:19.289   545   548 D dalvikvm: GC_CONCURRENT freed 820K, 11% free 10535K/11719K, paused 2ms+2ms
07-05 13:50:19.347   465  5789 D dalvikvm: GC_EXPLICIT freed 244K, 8% free 10272K/11143K, paused 2ms+2ms
07-05 13:50:19.593   545   548 D dalvikvm: GC_CONCURRENT freed 428K, 11% free 10498K/11719K, paused 1ms+2ms
07-05 13:50:19.863   545   548 D dalvikvm: GC_CONCURRENT freed 405K, 11% free 10479K/11719K, paused 2ms+3ms
07-05 13:50:19.929   545  5791 I DownloadManager: Initiating request for download 4514
07-05 13:50:20.050   545   548 D dalvikvm: GC_CONCURRENT freed 182K, 9% free 10716K/11719K, paused 2ms+3ms
07-05 13:50:20.168   545   548 D dalvikvm: GC_CONCURRENT freed 308K, 8% free 10878K/11719K, paused 1ms+4ms
07-05 13:50:20.449   545   548 D dalvikvm: GC_CONCURRENT freed 869K, 11% free 10506K/11719K, paused 1ms+2ms
07-05 13:50:20.711   545   548 D dalvikvm: GC_CONCURRENT freed 410K, 11% free 10487K/11719K, paused 2ms+2ms
07-05 13:50:20.949   545  5794 I DownloadManager: Initiating request for download 4515
07-05 13:50:21.008   545   548 D dalvikvm: GC_CONCURRENT freed 379K, 11% free 10536K/11719K, paused 2ms+3ms
07-05 13:50:21.136   545   548 D dalvikvm: GC_CONCURRENT freed 199K, 9% free 10774K/11719K, paused 2ms+3ms
07-05 13:50:21.277   545   548 D dalvikvm: GC_CONCURRENT freed 463K, 8% free 10796K/11719K, paused 2ms+2ms
07-05 13:50:21.422  1370  5796 E DictionaryProvider:UpdateHandler: Can't read a file : android.util.MalformedJsonException: Use JsonReader.setLenient(true) to accept malformed JSON at line 1 column 20
07-05 13:50:21.605   545   548 D dalvikvm: GC_CONCURRENT freed 757K, 11% free 10509K/11719K, paused 2ms+2ms
07-05 13:50:21.875   545   548 D dalvikvm: GC_CONCURRENT freed 411K, 11% free 10488K/11719K, paused 2ms+3ms
07-05 13:50:22.011   545  5799 I DownloadManager: Initiating request for download 4515
07-05 13:50:22.187   545   548 D dalvikvm: GC_CONCURRENT freed 326K, 10% free 10554K/11719K, paused 2ms+2ms
07-05 13:50:22.441   545   548 D dalvikvm: GC_CONCURRENT freed 409K, 11% free 10535K/11719K, paused 1ms+2ms
07-05 13:50:22.711   545   548 D dalvikvm: GC_CONCURRENT freed 404K, 11% free 10521K/11719K, paused 2ms+3ms
07-05 13:50:22.879   545  5801 I DownloadManager: Initiating request for download 4516
07-05 13:50:23.062   545   548 D dalvikvm: GC_CONCURRENT freed 347K, 10% free 10566K/11719K, paused 2ms+2ms
07-05 13:50:23.328   545   548 D dalvikvm: GC_CONCURRENT freed 413K, 11% free 10546K/11719K, paused 2ms+2ms
07-05 13:50:23.593   545   548 D dalvikvm: GC_CONCURRENT freed 404K, 11% free 10532K/11719K, paused 2ms+2ms
07-05 13:50:23.773   545   548 D dalvikvm: GC_CONCURRENT freed 252K, 9% free 10700K/11719K, paused 2ms+3ms
07-05 13:50:23.875   545   548 D dalvikvm: GC_CONCURRENT freed 287K, 7% free 10909K/11719K, paused 1ms+3ms
07-05 13:50:24.008   545   548 D dalvikvm: GC_CONCURRENT freed 691K, 9% free 10775K/11719K, paused 2ms+3ms
07-05 13:50:24.148   545   548 D dalvikvm: GC_CONCURRENT freed 415K, 8% free 10853K/11719K, paused 2ms+2ms
07-05 13:50:24.258   156   403 D dalvikvm: GC_EXPLICIT freed 452K, 12% free 14096K/16007K, paused 3ms+6ms
07-05 13:50:24.433  1370  5805 E DictionaryProvider:UpdateHandler: Can't read a file : android.util.MalformedJsonException: Use JsonReader.setLenient(true) to accept malformed JSON at line 1 column 20
07-05 13:50:24.590   545   548 D dalvikvm: GC_CONCURRENT freed 825K, 11% free 10517K/11719K, paused 1ms+3ms
07-05 13:50:24.855   545   548 D dalvikvm: GC_CONCURRENT freed 434K, 11% free 10473K/11719K, paused 1ms+3ms
07-05 13:50:25.035   545  5808 I DownloadManager: Initiating request for download 4516
07-05 13:50:25.105   545   548 D dalvikvm: GC_CONCURRENT freed 318K, 10% free 10660K/11719K, paused 2ms+3ms
07-05 13:50:25.230   545   548 D dalvikvm: GC_CONCURRENT freed 297K, 8% free 10834K/11719K, paused 1ms+2ms
07-05 13:50:25.453   545   548 D dalvikvm: GC_CONCURRENT freed 783K, 11% free 10539K/11719K, paused 2ms+2ms
07-05 13:50:25.734   545   548 D dalvikvm: GC_CONCURRENT freed 434K, 11% free 10491K/11719K, paused 2ms+2ms
07-05 13:50:26.004   545   548 D dalvikvm: GC_CONCURRENT freed 405K, 11% free 10472K/11719K, paused 2ms+3ms
07-05 13:50:26.125   545  5811 I DownloadManager: Initiating request for download 4517
07-05 13:50:26.226   545   548 D dalvikvm: GC_CONCURRENT freed 207K, 9% free 10701K/11719K, paused 2ms+2ms
07-05 13:50:26.351   545   548 D dalvikvm: GC_CONCURRENT freed 314K, 8% free 10880K/11719K, paused 2ms+3ms
07-05 13:50:26.543  1370  5813 E DictionaryProvider:UpdateHandler: Can't read a file : android.util.MalformedJsonException: Use JsonReader.setLenient(true) to accept malformed JSON at line 1 column 20
07-05 13:50:26.652   545   548 D dalvikvm: GC_CONCURRENT freed 868K, 11% free 10510K/11719K, paused 2ms+2ms
07-05 13:50:26.699  1370  1372 D dalvikvm: GC_CONCURRENT freed 390K, 7% free 9126K/9735K, paused 1ms+2ms
07-05 13:50:26.945   545   548 D dalvikvm: GC_CONCURRENT freed 417K, 11% free 10483K/11719K, paused 2ms+3ms
07-05 13:50:27.183   545  5816 I DownloadManager: Initiating request for download 4517
07-05 13:50:27.226   545   548 D dalvikvm: GC_CONCURRENT freed 401K, 11% free 10501K/11719K, paused 2ms+3ms
07-05 13:50:27.375   545   548 D dalvikvm: GC_CONCURRENT freed 180K, 9% free 10757K/11719K, paused 2ms+3ms
07-05 13:50:27.496   545   548 D dalvikvm: GC_CONCURRENT freed 446K, 8% free 10790K/11719K, paused 2ms+2ms
07-05 13:50:27.773   545   548 D dalvikvm: GC_CONCURRENT freed 724K, 11% free 10530K/11719K, paused 2ms+2ms
07-05 13:50:28.043   545   548 D dalvikvm: GC_CONCURRENT freed 398K, 11% free 10518K/11719K, paused 2ms+3ms
07-05 13:50:29.105   545  5818 I DownloadManager: Initiating request for download 4518
07-05 13:50:29.215   545   548 D dalvikvm: GC_CONCURRENT freed 322K, 9% free 10668K/11719K, paused 2ms+3ms
07-05 13:50:29.340   545   548 D dalvikvm: GC_CONCURRENT freed 306K, 8% free 10836K/11719K, paused 2ms+3ms
07-05 13:50:29.550   545   548 D dalvikvm: GC_CONCURRENT freed 778K, 10% free 10551K/11719K, paused 2ms+2ms
07-05 13:50:29.593  1370  5821 E DictionaryProvider:UpdateHandler: Can't read a file : android.util.MalformedJsonException: Use JsonReader.setLenient(true) to accept malformed JSON at line 1 column 20
07-05 13:50:29.863   545   548 D dalvikvm: GC_CONCURRENT freed 436K, 11% free 10503K/11719K, paused 1ms+2ms
07-05 13:50:30.133   545   548 D dalvikvm: GC_CONCURRENT freed 416K, 11% free 10477K/11719K, paused 2ms+2ms
07-05 13:50:30.238   545  5824 I DownloadManager: Initiating request for download 4518
07-05 13:50:30.343   545   548 D dalvikvm: GC_CONCURRENT freed 216K, 9% free 10698K/11719K, paused 2ms+3ms
07-05 13:50:30.465   545   548 D dalvikvm: GC_CONCURRENT freed 330K, 8% free 10861K/11719K, paused 2ms+3ms
07-05 13:50:30.722   545   548 D dalvikvm: GC_CONCURRENT freed 848K, 11% free 10504K/11719K, paused 1ms+2ms
07-05 13:50:30.984   545   548 D dalvikvm: GC_CONCURRENT freed 408K, 11% free 10487K/11719K, paused 1ms+2ms
07-05 13:50:31.246   545  5827 I DownloadManager: Initiating request for download 4519
07-05 13:50:31.293   545   548 D dalvikvm: GC_CONCURRENT freed 409K, 11% free 10508K/11719K, paused 1ms+3ms
07-05 13:50:31.418   545   548 D dalvikvm: GC_CONCURRENT freed 182K, 9% free 10762K/11719K, paused 1ms+2ms
07-05 13:50:31.550   545   548 D dalvikvm: GC_CONCURRENT freed 449K, 8% free 10795K/11719K, paused 2ms+2ms
07-05 13:50:31.687  1370  5829 E DictionaryProvider:UpdateHandler: Can't read a file : android.util.MalformedJsonException: Use JsonReader.setLenient(true) to accept malformed JSON at line 1 column 20
07-05 13:50:31.883   545   548 D dalvikvm: GC_CONCURRENT freed 757K, 11% free 10508K/11719K, paused 2ms+2ms
07-05 13:50:32.148   545   548 D dalvikvm: GC_CONCURRENT freed 410K, 11% free 10484K/11719K, paused 2ms+2ms
07-05 13:50:32.328   545  5832 I DownloadManager: Initiating request for download 4519
07-05 13:50:32.406   545   548 D dalvikvm: GC_CONCURRENT freed 299K, 10% free 10644K/11719K, paused 2ms+3ms
07-05 13:50:32.523   545   548 D dalvikvm: GC_CONCURRENT freed 292K, 8% free 10828K/11719K, paused 2ms+3ms
07-05 13:50:32.707   545   548 D dalvikvm: GC_CONCURRENT freed 765K, 11% free 10546K/11719K, paused 2ms+2ms
07-05 13:50:32.976   545   548 D dalvikvm: GC_CONCURRENT freed 436K, 11% free 10500K/11719K, paused 2ms+3ms
07-05 13:50:33.242   545   548 D dalvikvm: GC_CONCURRENT freed 409K, 11% free 10482K/11719K, paused 2ms+2ms
07-05 13:50:33.363   545  5835 I DownloadManager: Initiating request for download 4520
07-05 13:50:33.476   545   548 D dalvikvm: GC_CONCURRENT freed 218K, 9% free 10697K/11719K, paused 2ms+3ms
07-05 13:50:33.597   545   548 D dalvikvm: GC_CONCURRENT freed 323K, 8% free 10873K/11719K, paused 2ms+3ms
07-05 13:50:33.793  1370  5837 E DictionaryProvider:UpdateHandler: Can't read a file : android.util.MalformedJsonException: Use JsonReader.setLenient(true) to accept malformed JSON at line 1 column 20
07-05 13:50:33.879   545   548 D dalvikvm: GC_CONCURRENT freed 848K, 11% free 10524K/11719K, paused 2ms+2ms
07-05 13:50:34.144   545   548 D dalvikvm: GC_CONCURRENT freed 423K, 11% free 10492K/11719K, paused 1ms+3ms
07-05 13:50:34.422   545   548 D dalvikvm: GC_CONCURRENT freed 402K, 11% free 10480K/11719K, paused 1ms+2ms
07-05 13:50:34.449   545  5840 I DownloadManager: Initiating request for download 4520
07-05 13:50:34.554   545   548 D dalvikvm: GC_CONCURRENT freed 170K, 9% free 10746K/11719K, paused 2ms+2ms
07-05 13:50:34.679   545   548 D dalvikvm: GC_CONCURRENT freed 320K, 7% free 10908K/11719K, paused 2ms+2ms
07-05 13:50:34.992   545   548 D dalvikvm: GC_CONCURRENT freed 909K, 11% free 10506K/11719K, paused 2ms+2ms
07-05 13:50:35.258   545   548 D dalvikvm: GC_CONCURRENT freed 408K, 11% free 10488K/11719K, paused 2ms+2ms
07-05 13:50:35.461   545  5843 I DownloadManager: Initiating request for download 4521
07-05 13:50:35.539   545   548 D dalvikvm: GC_CONCURRENT freed 310K, 10% free 10604K/11719K, paused 2ms+4ms
07-05 13:50:35.656   545   548 D dalvikvm: GC_CONCURRENT freed 247K, 8% free 10809K/11719K, paused 1ms+3ms
07-05 13:50:35.808   545   548 D dalvikvm: GC_CONCURRENT freed 735K, 10% free 10554K/11719K, paused 1ms+3ms
07-05 13:50:35.953  1370  5845 E DictionaryProvider:UpdateHandler: Can't read a file : android.util.MalformedJsonException: Use JsonReader.setLenient(true) to accept malformed JSON at line 1 column 20
07-05 13:50:36.035  1370  1372 D dalvikvm: GC_CONCURRENT freed 391K, 7% free 9126K/9735K, paused 1ms+3ms
07-05 13:50:36.144   545   548 D dalvikvm: GC_CONCURRENT freed 424K, 11% free 10516K/11719K, paused 2ms+2ms
07-05 13:50:36.414   545   548 D dalvikvm: GC_CONCURRENT freed 418K, 11% free 10488K/11719K, paused 2ms+2ms
07-05 13:50:36.574   545  5848 I DownloadManager: Initiating request for download 4521
07-05 13:50:36.652   545   548 D dalvikvm: GC_CONCURRENT freed 276K, 9% free 10668K/11719K, paused 1ms+3ms
07-05 13:50:36.777   545   548 D dalvikvm: GC_CONCURRENT freed 307K, 8% free 10843K/11719K, paused 2ms+3ms
07-05 13:50:36.976   545   548 D dalvikvm: GC_CONCURRENT freed 775K, 10% free 10551K/11719K, paused 3ms+2ms
07-05 13:50:37.258   545   548 D dalvikvm: GC_CONCURRENT freed 438K, 11% free 10504K/11719K, paused 2ms+3ms
07-05 13:50:37.523   545   548 D dalvikvm: GC_CONCURRENT freed 407K, 11% free 10487K/11719K, paused 2ms+2ms
07-05 13:50:37.664   545  5851 I DownloadManager: Initiating request for download 4522
07-05 13:50:37.789   545   548 D dalvikvm: GC_CONCURRENT freed 207K, 9% free 10763K/11719K, paused 2ms+2ms
07-05 13:50:37.922   545   548 D dalvikvm: GC_CONCURRENT freed 345K, 7% free 10939K/11719K, paused 2ms+3ms
07-05 13:50:38.105  1370  5853 E DictionaryProvider:UpdateHandler: Can't read a file : android.util.MalformedJsonException: Use JsonReader.setLenient(true) to accept malformed JSON at line 1 column 20
07-05 13:50:38.261   545   548 D dalvikvm: GC_CONCURRENT freed 938K, 11% free 10519K/11719K, paused 2ms+2ms
07-05 13:50:38.523   545   548 D dalvikvm: GC_CONCURRENT freed 415K, 11% free 10495K/11719K, paused 2ms+2ms
07-05 13:50:38.711   545  5856 I DownloadManager: Initiating request for download 4522
07-05 13:50:38.785   545   548 D dalvikvm: GC_CONCURRENT freed 336K, 10% free 10647K/11719K, paused 2ms+3ms
07-05 13:50:38.902   545   548 D dalvikvm: GC_CONCURRENT freed 280K, 8% free 10834K/11719K, paused 1ms+2ms
07-05 13:50:39.082   545   548 D dalvikvm: GC_CONCURRENT freed 765K, 10% free 10557K/11719K, paused 2ms+3ms
07-05 13:50:39.355   545   548 D dalvikvm: GC_CONCURRENT freed 439K, 11% free 10509K/11719K, paused 2ms+2ms
07-05 13:50:39.625   545   548 D dalvikvm: GC_CONCURRENT freed 411K, 11% free 10488K/11719K, paused 1ms+2ms
07-05 13:50:39.769   545  5859 I DownloadManager: Initiating request for download 4523
07-05 13:50:39.859   545   548 D dalvikvm: GC_CONCURRENT freed 225K, 9% free 10695K/11719K, paused 3ms+2ms
07-05 13:50:39.988   545   548 D dalvikvm: GC_CONCURRENT freed 313K, 8% free 10874K/11719K, paused 2ms+3ms
07-05 13:50:40.211   545  5859 D dalvikvm: GC_EXPLICIT freed 803K, 11% free 10540K/11719K, paused 2ms+3ms
07-05 13:50:40.258  1370  5861 E DictionaryProvider:UpdateHandler: Can't read a file : android.util.MalformedJsonException: Use JsonReader.setLenient(true) to accept malformed JSON at line 1 column 20
07-05 13:50:40.511   545   548 D dalvikvm: GC_CONCURRENT freed 421K, 11% free 10510K/11719K, paused 1ms+3ms
07-05 13:50:40.789   545   548 D dalvikvm: GC_CONCURRENT freed 410K, 11% free 10490K/11719K, paused 2ms+2ms
07-05 13:50:40.855   545  5864 I DownloadManager: Initiating request for download 4523
07-05 13:50:40.953   545   548 D dalvikvm: GC_CONCURRENT freed 200K, 9% free 10727K/11719K, paused 2ms+3ms
07-05 13:50:41.086   545   548 D dalvikvm: GC_CONCURRENT freed 323K, 7% free 10905K/11719K, paused 2ms+3ms
07-05 13:50:41.351   545   548 D dalvikvm: GC_CONCURRENT freed 862K, 10% free 10550K/11719K, paused 1ms+3ms
07-05 13:50:41.640   545   548 D dalvikvm: GC_CONCURRENT freed 437K, 11% free 10504K/11719K, paused 2ms+3ms
07-05 13:50:41.890   545  5867 I DownloadManager: Initiating request for download 4524
07-05 13:50:42.008   545   548 D dalvikvm: GC_CONCURRENT freed 372K, 11% free 10543K/11719K, paused 4ms+6ms
07-05 13:50:42.148   545   548 D dalvikvm: GC_CONCURRENT freed 195K, 8% free 10786K/11719K, paused 2ms+2ms
07-05 13:50:42.281   545   548 D dalvikvm: GC_CONCURRENT freed 464K, 8% free 10814K/11719K, paused 2ms+2ms
07-05 13:50:42.500   156   530 D dalvikvm: GC_EXPLICIT freed 507K, 12% free 14097K/16007K, paused 2ms+5ms
07-05 13:50:42.504  1370  5869 E DictionaryProvider:UpdateHandler: Can't read a file : android.util.MalformedJsonException: Use JsonReader.setLenient(true) to accept malformed JSON at line 1 column 20
07-05 13:50:42.691   545   548 D dalvikvm: GC_CONCURRENT freed 770K, 11% free 10521K/11719K, paused 2ms+2ms
07-05 13:50:42.957   545   548 D dalvikvm: GC_CONCURRENT freed 431K, 11% free 10480K/11719K, paused 2ms+2ms
07-05 13:50:43.101   545  5872 I DownloadManager: Initiating request for download 4524
07-05 13:50:43.191   545   548 D dalvikvm: GC_CONCURRENT freed 269K, 10% free 10664K/11719K, paused 1ms+3ms
07-05 13:50:43.312   545   548 D dalvikvm: GC_CONCURRENT freed 307K, 8% free 10838K/11719K, paused 2ms+3ms
07-05 13:50:43.515   545   548 D dalvikvm: GC_CONCURRENT freed 783K, 11% free 10544K/11719K, paused 1ms+2ms
07-05 13:50:43.800   545   548 D dalvikvm: GC_CONCURRENT freed 437K, 11% free 10497K/11719K, paused 1ms+2ms
07-05 13:50:44.062   545   548 D dalvikvm: GC_CONCURRENT freed 406K, 11% free 10477K/11719K, paused 2ms+2ms
07-05 13:50:44.172   545  5875 I DownloadManager: Initiating request for download 4525
07-05 13:50:44.293   545   548 D dalvikvm: GC_CONCURRENT freed 209K, 9% free 10705K/11719K, paused 2ms+3ms
07-05 13:50:44.414   545   548 D dalvikvm: GC_CONCURRENT freed 316K, 8% free 10884K/11719K, paused 2ms+3ms
07-05 13:50:44.601  1370  5877 E DictionaryProvider:UpdateHandler: Can't read a file : android.util.MalformedJsonException: Use JsonReader.setLenient(true) to accept malformed JSON at line 1 column 20
07-05 13:50:44.707  1370  1372 D dalvikvm: GC_CONCURRENT freed 391K, 7% free 9126K/9735K, paused 1ms+2ms
07-05 13:50:44.730   545   548 D dalvikvm: GC_CONCURRENT freed 867K, 11% free 10518K/11719K, paused 1ms+2ms
07-05 13:50:44.996   545   548 D dalvikvm: GC_CONCURRENT freed 419K, 11% free 10489K/11719K, paused 2ms+3ms
07-05 13:50:45.258   545   548 D dalvikvm: GC_CONCURRENT freed 402K, 11% free 10477K/11719K, paused 2ms+2ms
07-05 13:50:45.281   545  5880 I DownloadManager: Initiating request for download 4525
07-05 13:50:45.402   545   548 D dalvikvm: GC_CONCURRENT freed 164K, 8% free 10804K/11719K, paused 2ms+2ms
07-05 13:50:45.531   545   548 D dalvikvm: GC_CONCURRENT freed 499K, 8% free 10801K/11719K, paused 2ms+2ms
07-05 13:50:45.843   545   548 D dalvikvm: GC_CONCURRENT freed 770K, 11% free 10503K/11719K, paused 2ms+2ms
07-05 13:50:46.109   545   548 D dalvikvm: GC_CONCURRENT freed 407K, 11% free 10484K/11719K, paused 2ms+2ms
07-05 13:50:46.304   545  5883 I DownloadManager: Initiating request for download 4526
07-05 13:50:46.414   545   548 D dalvikvm: GC_CONCURRENT freed 276K, 9% free 10665K/11719K, paused 2ms+3ms
07-05 13:50:46.539   545   548 D dalvikvm: GC_CONCURRENT freed 315K, 8% free 10830K/11719K, paused 1ms+3ms
07-05 13:50:46.718   545   548 D dalvikvm: GC_CONCURRENT freed 766K, 10% free 10550K/11719K, paused 2ms+3ms
07-05 13:50:46.793  1370  5885 E DictionaryProvider:UpdateHandler: Can't read a file : android.util.MalformedJsonException: Use JsonReader.setLenient(true) to accept malformed JSON at line 1 column 20
07-05 13:50:47.035   545   548 D dalvikvm: GC_CONCURRENT freed 431K, 11% free 10509K/11719K, paused 1ms+2ms
07-05 13:50:47.304   545   548 D dalvikvm: GC_CONCURRENT freed 416K, 11% free 10484K/11719K, paused 1ms+2ms
07-05 13:50:47.402   545  5888 I DownloadManager: Initiating request for download 4526
07-05 13:50:47.492   545   548 D dalvikvm: GC_CONCURRENT freed 224K, 9% free 10696K/11719K, paused 2ms+2ms
07-05 13:50:47.613   545   548 D dalvikvm: GC_CONCURRENT freed 312K, 8% free 10875K/11719K, paused 2ms+4ms
07-05 13:50:47.867   545   548 D dalvikvm: GC_CONCURRENT freed 855K, 11% free 10512K/11719K, paused 2ms+3ms
07-05 13:50:48.133   545   548 D dalvikvm: GC_CONCURRENT freed 404K, 11% free 10495K/11719K, paused 2ms+2ms
07-05 13:50:48.398   545   548 D dalvikvm: GC_CONCURRENT freed 403K, 11% free 10482K/11719K, paused 2ms+2ms
07-05 13:50:48.461   545  5891 I DownloadManager: Initiating request for download 4527
07-05 13:50:48.570   545   548 D dalvikvm: GC_CONCURRENT freed 176K, 9% free 10742K/11719K, paused 2ms+3ms
07-05 13:50:48.679   545   548 D dalvikvm: GC_CONCURRENT freed 318K, 7% free 10914K/11719K, paused 1ms+3ms
07-05 13:50:48.859  1370  5893 E DictionaryProvider:UpdateHandler: Can't read a file : android.util.MalformedJsonException: Use JsonReader.setLenient(true) to accept malformed JSON at line 1 column 20
07-05 13:50:48.996   545   548 D dalvikvm: GC_CONCURRENT freed 902K, 11% free 10521K/11719K, paused 1ms+2ms
07-05 13:50:49.261   545   548 D dalvikvm: GC_CONCURRENT freed 415K, 11% free 10497K/11719K, paused 2ms+2ms
07-05 13:50:49.461   545  5895 I DownloadManager: Initiating request for download 4527
07-05 13:50:49.527   545   548 D dalvikvm: GC_CONCURRENT freed 352K, 10% free 10549K/11719K, paused 2ms+3ms
07-05 13:50:49.621   545   548 D dalvikvm: GC_CONCURRENT freed 200K, 8% free 10786K/11719K, paused 2ms+4ms
07-05 13:50:49.718   545   548 D dalvikvm: GC_CONCURRENT freed 706K, 10% free 10556K/11719K, paused 1ms+2ms
07-05 13:50:51.148   545   548 D dalvikvm: GC_CONCURRENT freed 433K, 11% free 10514K/11719K, paused 2ms+3ms
07-05 13:50:51.425   545   548 D dalvikvm: GC_CONCURRENT freed 411K, 11% free 10492K/11719K, paused 2ms+2ms
07-05 13:50:51.648   545  5899 I DownloadManager: Initiating request for download 4528
07-05 13:50:51.715   545   548 D dalvikvm: GC_CONCURRENT freed 343K, 10% free 10553K/11719K, paused 2ms+3ms
07-05 13:50:51.851   545   548 D dalvikvm: GC_CONCURRENT freed 191K, 8% free 10800K/11719K, paused 2ms+2ms
07-05 13:50:51.988   545   548 D dalvikvm: GC_CONCURRENT freed 471K, 8% free 10809K/11719K, paused 2ms+2ms
07-05 13:50:52.160  1370  5901 E DictionaryProvider:UpdateHandler: Can't read a file : android.util.MalformedJsonException: Use JsonReader.setLenient(true) to accept malformed JSON at line 1 column 20
07-05 13:50:52.328   545   548 D dalvikvm: GC_CONCURRENT freed 763K, 11% free 10519K/11719K, paused 2ms+2ms
07-05 13:50:52.597   545   548 D dalvikvm: GC_CONCURRENT freed 417K, 11% free 10493K/11719K, paused 2ms+2ms
07-05 13:50:52.754   545  5904 I DownloadManager: Initiating request for download 4528
07-05 13:50:52.836   545   548 D dalvikvm: GC_CONCURRENT freed 277K, 9% free 10672K/11719K, paused 2ms+3ms
07-05 13:50:52.957   545   548 D dalvikvm: GC_CONCURRENT freed 307K, 8% free 10850K/11719K, paused 2ms+3ms
07-05 13:50:53.148   545   548 D dalvikvm: GC_CONCURRENT freed 783K, 10% free 10556K/11719K, paused 2ms+2ms
07-05 13:50:53.445   545   548 D dalvikvm: GC_CONCURRENT freed 438K, 11% free 10508K/11719K, paused 1ms+3ms
07-05 13:50:53.703   545   548 D dalvikvm: GC_CONCURRENT freed 410K, 11% free 10489K/11719K, paused 1ms+2ms
07-05 13:50:53.824   545  5907 I DownloadManager: Initiating request for download 4529
07-05 13:50:53.922   545   548 D dalvikvm: GC_CONCURRENT freed 212K, 9% free 10710K/11719K, paused 1ms+3ms
07-05 13:50:54.050   545   548 D dalvikvm: GC_CONCURRENT freed 323K, 8% free 10888K/11719K, paused 2ms+3ms
07-05 13:50:54.246  1370  5909 E DictionaryProvider:UpdateHandler: Can't read a file : android.util.MalformedJsonException: Use JsonReader.setLenient(true) to accept malformed JSON at line 1 column 20
07-05 13:50:54.340  1370  1372 D dalvikvm: GC_CONCURRENT freed 388K, 7% free 9127K/9735K, paused 2ms+2ms
07-05 13:50:54.351   545   548 D dalvikvm: GC_CONCURRENT freed 856K, 11% free 10531K/11719K, paused 2ms+8ms
07-05 13:50:54.617   545   548 D dalvikvm: GC_CONCURRENT freed 420K, 11% free 10502K/11719K, paused 1ms+3ms
07-05 13:50:54.902   545   548 D dalvikvm: GC_CONCURRENT freed 404K, 11% free 10488K/11719K, paused 2ms+2ms
07-05 13:50:54.937   545  5912 I DownloadManager: Initiating request for download 4529
07-05 13:50:55.199   545   548 D dalvikvm: GC_CONCURRENT freed 323K, 10% free 10556K/11719K, paused 2ms+2ms
07-05 13:50:55.468   545   548 D dalvikvm: GC_CONCURRENT freed 410K, 11% free 10537K/11719K, paused 2ms+2ms
07-05 13:50:55.722   545   548 D dalvikvm: GC_CONCURRENT freed 405K, 11% free 10523K/11719K, paused 2ms+2ms
07-05 13:50:55.789   545  5914 I DownloadManager: Initiating request for download 4530
07-05 13:50:56.074   545   548 D dalvikvm: GC_CONCURRENT freed 342K, 10% free 10568K/11719K, paused 2ms+2ms
07-05 13:50:56.343   545   548 D dalvikvm: GC_CONCURRENT freed 415K, 10% free 10548K/11719K, paused 2ms+3ms
07-05 13:51:00.441   545   548 D dalvikvm: GC_CONCURRENT freed 402K, 11% free 10544K/11719K, paused 14ms+2ms
07-05 13:51:15.547   545   548 D dalvikvm: GC_CONCURRENT freed 206K, 9% free 10774K/11719K, paused 2ms+3ms
07-05 13:51:15.640   545   548 D dalvikvm: GC_CONCURRENT freed 461K, 8% free 10797K/11719K, paused 2ms+3ms
07-05 13:51:15.750   545   548 D dalvikvm: GC_CONCURRENT freed 508K, 8% free 10842K/11719K, paused 2ms+4ms
07-05 13:51:15.980   545   548 D dalvikvm: GC_CONCURRENT freed 760K, 10% free 10577K/11719K, paused 2ms+2ms
07-05 13:51:16.058  1370  5917 E DictionaryProvider:UpdateHandler: Can't read a file : android.util.MalformedJsonException: Use JsonReader.setLenient(true) to accept malformed JSON at line 1 column 20
07-05 13:51:16.308   545   548 D dalvikvm: GC_CONCURRENT freed 442K, 11% free 10527K/11719K, paused 2ms+3ms
07-05 13:51:16.597   545   548 D dalvikvm: GC_CONCURRENT freed 418K, 11% free 10499K/11719K, paused 2ms+2ms
07-05 13:51:16.761   545  5921 I DownloadManager: Initiating request for download 4530
07-05 13:51:16.761   545  5921 W DownloadManager: Aborting request for download 4530: Trying to resume a download that can't be resumed
07-05 13:51:16.961   545   548 D dalvikvm: GC_CONCURRENT freed 357K, 11% free 10532K/11719K, paused 2ms+2ms
07-05 13:51:17.226   545   548 D dalvikvm: GC_CONCURRENT freed 411K, 11% free 10512K/11719K, paused 2ms+2ms
07-05 13:51:17.492   545   548 D dalvikvm: GC_CONCURRENT freed 405K, 11% free 10498K/11719K, paused 2ms+2ms
07-05 13:51:17.668   545  5924 I DownloadManager: Initiating request for download 4531
07-05 13:51:17.738   545   548 D dalvikvm: GC_CONCURRENT freed 265K, 9% free 10674K/11719K, paused 2ms+3ms
07-05 13:51:17.867   545   548 D dalvikvm: GC_CONCURRENT freed 299K, 8% free 10853K/11719K, paused 2ms+2ms
07-05 13:51:18.054   545   548 D dalvikvm: GC_CONCURRENT freed 778K, 10% free 10562K/11719K, paused 2ms+2ms
07-05 13:51:18.113  1370  5926 E DictionaryProvider:UpdateHandler: Can't read a file : android.util.MalformedJsonException: Use JsonReader.setLenient(true) to accept malformed JSON at line 1 column 20
07-05 13:51:18.347   545   548 D dalvikvm: GC_CONCURRENT freed 431K, 11% free 10522K/11719K, paused 2ms+2ms
07-05 13:51:18.617   545   548 D dalvikvm: GC_CONCURRENT freed 414K, 11% free 10498K/11719K, paused 2ms+2ms
07-05 13:51:18.734   545  5929 I DownloadManager: Initiating request for download 4531
07-05 13:51:18.929   545   548 D dalvikvm: GC_CONCURRENT freed 348K, 11% free 10540K/11719K, paused 1ms+3ms
07-05 13:51:19.207   545   548 D dalvikvm: GC_CONCURRENT freed 411K, 11% free 10520K/11719K, paused 2ms+3ms
07-05 13:51:19.410   545   548 D dalvikvm: GC_CONCURRENT freed 281K, 9% free 10678K/11719K, paused 2ms+3ms
07-05 13:51:19.527   545   548 D dalvikvm: GC_CONCURRENT freed 324K, 8% free 10841K/11719K, paused 2ms+3ms
07-05 13:51:19.730   545   548 D dalvikvm: GC_CONCURRENT freed 787K, 11% free 10536K/11719K, paused 2ms+2ms
07-05 13:51:19.855   545  5932 I DownloadManager: Initiating request for download 4532
07-05 13:51:19.965   545   548 D dalvikvm: GC_CONCURRENT freed 217K, 9% free 10738K/11719K, paused 2ms+3ms
07-05 13:51:20.093   545   548 D dalvikvm: GC_CONCURRENT freed 307K, 7% free 10907K/11719K, paused 2ms+2ms
07-05 13:51:20.289  1370  5934 E DictionaryProvider:UpdateHandler: Can't read a file : android.util.MalformedJsonException: Use JsonReader.setLenient(true) to accept malformed JSON at line 1 column 20
07-05 13:51:20.394   545   548 D dalvikvm: GC_CONCURRENT freed 874K, 11% free 10537K/11719K, paused 2ms+3ms
07-05 13:51:20.656   545   548 D dalvikvm: GC_CONCURRENT freed 419K, 11% free 10509K/11719K, paused 2ms+2ms
07-05 13:51:20.925   545   548 D dalvikvm: GC_CONCURRENT freed 403K, 11% free 10496K/11719K, paused 2ms+3ms
07-05 13:51:20.961   545  5937 I DownloadManager: Initiating request for download 4532
07-05 13:51:21.082   545   548 D dalvikvm: GC_CONCURRENT freed 171K, 9% free 10762K/11719K, paused 2ms+3ms
07-05 13:51:21.207   545   548 D dalvikvm: GC_CONCURRENT freed 328K, 7% free 10930K/11719K, paused 2ms+2ms
07-05 13:51:21.519   545   548 D dalvikvm: GC_CONCURRENT freed 916K, 11% free 10531K/11719K, paused 2ms+3ms
07-05 13:51:21.789   545   548 D dalvikvm: GC_CONCURRENT freed 417K, 11% free 10505K/11719K, paused 1ms+2ms
07-05 13:51:22.070   156   514 D dalvikvm: GC_EXPLICIT freed 535K, 12% free 14098K/16007K, paused 2ms+6ms
07-05 13:51:22.078   545  5940 I DownloadManager: Initiating request for download 4533
07-05 13:51:22.133   545   548 D dalvikvm: GC_CONCURRENT freed 313K, 10% free 10578K/11719K, paused 2ms+3ms
07-05 13:51:22.250   545   548 D dalvikvm: GC_CONCURRENT freed 231K, 8% free 10847K/11719K, paused 2ms+3ms
07-05 13:51:22.402   545   548 D dalvikvm: GC_CONCURRENT freed 786K, 10% free 10557K/11719K, paused 1ms+2ms
07-05 13:51:22.531  1370  5942 E DictionaryProvider:UpdateHandler: Can't read a file : android.util.MalformedJsonException: Use JsonReader.setLenient(true) to accept malformed JSON at line 1 column 20
07-05 13:51:22.605  1370  1372 D dalvikvm: GC_CONCURRENT freed 387K, 7% free 9127K/9735K, paused 1ms+2ms
07-05 13:51:22.734   545   548 D dalvikvm: GC_CONCURRENT freed 430K, 11% free 10518K/11719K, paused 2ms+2ms
07-05 13:51:23.000   545   548 D dalvikvm: GC_CONCURRENT freed 416K, 11% free 10493K/11719K, paused 2ms+3ms
07-05 13:51:23.168   545  5945 I DownloadManager: Initiating request for download 4533
07-05 13:51:23.254   545   548 D dalvikvm: GC_CONCURRENT freed 310K, 9% free 10742K/11719K, paused 2ms+3ms
07-05 13:51:23.386   545   548 D dalvikvm: GC_CONCURRENT freed 352K, 8% free 10895K/11719K, paused 2ms+3ms
07-05 13:51:23.656   545   548 D dalvikvm: GC_CONCURRENT freed 884K, 11% free 10514K/11719K, paused 1ms+2ms
07-05 13:51:23.918   545   548 D dalvikvm: GC_CONCURRENT freed 409K, 11% free 10496K/11719K, paused 2ms+3ms
07-05 13:51:24.183   545   548 D dalvikvm: GC_CONCURRENT freed 399K, 11% free 10489K/11719K, paused 2ms+2ms
07-05 13:51:24.230   545  5948 I DownloadManager: Initiating request for download 4534
07-05 13:51:24.336   545   548 D dalvikvm: GC_CONCURRENT freed 166K, 9% free 10759K/11719K, paused 2ms+3ms
07-05 13:51:24.461   545   548 D dalvikvm: GC_CONCURRENT freed 330K, 7% free 10922K/11719K, paused 2ms+3ms
07-05 13:51:24.648  1370  5950 E DictionaryProvider:UpdateHandler: Can't read a file : android.util.MalformedJsonException: Use JsonReader.setLenient(true) to accept malformed JSON at line 1 column 20
07-05 13:51:24.742   465   467 D dalvikvm: GC_CONCURRENT freed 164K, 6% free 10501K/11143K, paused 2ms+2ms
07-05 13:51:24.832   545   548 D dalvikvm: GC_CONCURRENT freed 914K, 11% free 10520K/11719K, paused 2ms+2ms
07-05 13:51:25.101   545   548 D dalvikvm: GC_CONCURRENT freed 416K, 11% free 10494K/11719K, paused 2ms+2ms
07-05 13:51:25.289   545  5953 I DownloadManager: Initiating request for download 4534
07-05 13:51:25.347   545   548 D dalvikvm: GC_CONCURRENT freed 330K, 10% free 10564K/11719K, paused 2ms+3ms
07-05 13:51:25.461   545   548 D dalvikvm: GC_CONCURRENT freed 208K, 8% free 10794K/11719K, paused 2ms+3ms
07-05 13:51:25.601   545   548 D dalvikvm: GC_CONCURRENT freed 481K, 8% free 10812K/11719K, paused 2ms+2ms
07-05 13:51:25.910   545   548 D dalvikvm: GC_CONCURRENT freed 775K, 11% free 10512K/11719K, paused 2ms+2ms
07-05 13:51:26.164   545   548 D dalvikvm: GC_CONCURRENT freed 405K, 11% free 10494K/11719K, paused 1ms+2ms
07-05 13:51:26.328   545  5956 I DownloadManager: Initiating request for download 4535
07-05 13:51:26.425   545   548 D dalvikvm: GC_CONCURRENT freed 264K, 9% free 10691K/11719K, paused 2ms+3ms
07-05 13:51:26.547   545   548 D dalvikvm: GC_CONCURRENT freed 306K, 8% free 10866K/11719K, paused 2ms+3ms
07-05 13:51:26.750   545   548 D dalvikvm: GC_CONCURRENT freed 841K, 11% free 10525K/11719K, paused 1ms+3ms
07-05 13:51:26.793  1370  5958 E DictionaryProvider:UpdateHandler: Can't read a file : android.util.MalformedJsonException: Use JsonReader.setLenient(true) to accept malformed JSON at line 1 column 20
07-05 13:51:27.062   545   548 D dalvikvm: GC_CONCURRENT freed 399K, 11% free 10517K/11719K, paused 2ms+2ms
07-05 13:51:27.336   545   548 D dalvikvm: GC_CONCURRENT freed 417K, 11% free 10491K/11719K, paused 2ms+2ms
07-05 13:51:27.429   545  5961 I DownloadManager: Initiating request for download 4535
07-05 13:51:27.527   545   548 D dalvikvm: GC_CONCURRENT freed 207K, 9% free 10717K/11719K, paused 2ms+3ms
07-05 13:51:27.644   545   548 D dalvikvm: GC_CONCURRENT freed 325K, 8% free 10891K/11719K, paused 2ms+3ms
07-05 13:51:27.910   545   548 D dalvikvm: GC_CONCURRENT freed 872K, 11% free 10520K/11719K, paused 2ms+2ms
07-05 13:51:28.172   545   548 D dalvikvm: GC_CONCURRENT freed 405K, 11% free 10502K/11719K, paused 1ms+2ms
07-05 13:51:28.500   545   548 D dalvikvm: GC_CONCURRENT freed 398K, 11% free 10490K/11719K, paused 1ms+2ms
07-05 13:51:28.558   545  5966 I DownloadManager: Initiating request for download 4536
07-05 13:51:28.699   545   548 D dalvikvm: GC_CONCURRENT freed 167K, 9% free 10760K/11719K, paused 1ms+3ms
07-05 13:51:28.820   545   548 D dalvikvm: GC_CONCURRENT freed 346K, 7% free 10926K/11719K, paused 2ms+3ms
07-05 13:51:28.996  1370  5968 E DictionaryProvider:UpdateHandler: Can't read a file : android.util.MalformedJsonException: Use JsonReader.setLenient(true) to accept malformed JSON at line 1 column 20
07-05 13:51:29.148   545   548 D dalvikvm: GC_CONCURRENT freed 914K, 11% free 10526K/11719K, paused 1ms+2ms
07-05 13:51:29.414   545   548 D dalvikvm: GC_CONCURRENT freed 411K, 11% free 10502K/11719K, paused 1ms+3ms
07-05 13:51:29.679   545  5971 D dalvikvm: GC_EXPLICIT freed 320K, 11% free 10531K/11719K, paused 2ms+7ms
07-05 13:51:29.679   545  5971 I DownloadManager: Initiating request for download 4536
07-05 13:51:29.800   545   548 D dalvikvm: GC_CONCURRENT freed 197K, 9% free 10777K/11719K, paused 2ms+3ms
07-05 13:51:29.922   545   548 D dalvikvm: GC_CONCURRENT freed 438K, 8% free 10819K/11719K, paused 2ms+2ms
07-05 13:51:30.222   545   548 D dalvikvm: GC_CONCURRENT freed 769K, 11% free 10530K/11719K, paused 1ms+2ms
07-05 13:51:30.492   545   548 D dalvikvm: GC_CONCURRENT freed 419K, 11% free 10501K/11719K, paused 2ms+2ms
07-05 13:51:30.691   545  5974 I DownloadManager: Initiating request for download 4537
07-05 13:51:30.781   545   548 D dalvikvm: GC_CONCURRENT freed 300K, 10% free 10644K/11719K, paused 2ms+3ms
07-05 13:51:30.898   545   548 D dalvikvm: GC_CONCURRENT freed 278K, 8% free 10841K/11719K, paused 2ms+3ms
07-05 13:51:31.062   545   548 D dalvikvm: GC_CONCURRENT freed 760K, 10% free 10569K/11719K, paused 2ms+3ms
07-05 13:51:31.140  1370  5976 E DictionaryProvider:UpdateHandler: Can't read a file : android.util.MalformedJsonException: Use JsonReader.setLenient(true) to accept malformed JSON at line 1 column 20
07-05 13:51:31.363   545   548 D dalvikvm: GC_CONCURRENT freed 433K, 11% free 10530K/11719K, paused 1ms+3ms
07-05 13:51:31.457  1370  1372 D dalvikvm: GC_CONCURRENT freed 387K, 7% free 9128K/9735K, paused 2ms+2ms
07-05 13:51:31.679   545   548 D dalvikvm: GC_CONCURRENT freed 420K, 11% free 10501K/11719K, paused 1ms+2ms
07-05 13:51:31.824   545  5979 I DownloadManager: Initiating request for download 4537
07-05 13:51:31.910   545   548 D dalvikvm: GC_CONCURRENT freed 259K, 9% free 10691K/11719K, paused 2ms+3ms
07-05 13:51:32.039   545   548 D dalvikvm: GC_CONCURRENT freed 314K, 8% free 10865K/11719K, paused 2ms+2ms
07-05 13:51:32.242   545   548 D dalvikvm: GC_CONCURRENT freed 796K, 10% free 10571K/11719K, paused 2ms+3ms
07-05 13:51:32.527   545   548 D dalvikvm: GC_CONCURRENT freed 446K, 11% free 10521K/11719K, paused 1ms+2ms
07-05 13:51:32.793   545   548 D dalvikvm: GC_CONCURRENT freed 413K, 11% free 10498K/11719K, paused 1ms+2ms
07-05 13:51:32.898   545  5982 I DownloadManager: Initiating request for download 4538
07-05 13:51:33.004   545   548 D dalvikvm: GC_CONCURRENT freed 211K, 9% free 10736K/11719K, paused 2ms+2ms
07-05 13:51:33.133   545   548 D dalvikvm: GC_CONCURRENT freed 332K, 7% free 10909K/11719K, paused 2ms+4ms
07-05 13:51:33.336  1370  5984 E DictionaryProvider:UpdateHandler: Can't read a file : android.util.MalformedJsonException: Use JsonReader.setLenient(true) to accept malformed JSON at line 1 column 20
07-05 13:51:33.371  1370  6706 D dalvikvm: GC_EXPLICIT freed 105K, 7% free 9091K/9735K, paused 1ms+2ms
07-05 13:51:33.465   545   548 D dalvikvm: GC_CONCURRENT freed 882K, 11% free 10534K/11719K, paused 1ms+3ms
07-05 13:51:33.734   545   548 D dalvikvm: GC_CONCURRENT freed 415K, 11% free 10509K/11719K, paused 1ms+2ms
07-05 13:51:33.984   545   548 D dalvikvm: GC_CONCURRENT freed 397K, 11% free 10497K/11719K, paused 2ms+2ms
07-05 13:51:34.004   545  5987 I DownloadManager: Initiating request for download 4538
07-05 13:51:34.125   545   548 D dalvikvm: GC_CONCURRENT freed 158K, 9% free 10767K/11719K, paused 2ms+3ms
07-05 13:51:34.250   545   548 D dalvikvm: GC_CONCURRENT freed 329K, 7% free 10936K/11719K, paused 2ms+2ms
07-05 13:51:34.562   545   548 D dalvikvm: GC_CONCURRENT freed 923K, 11% free 10525K/11719K, paused 2ms+3ms
07-05 13:51:34.832   545   548 D dalvikvm: GC_CONCURRENT freed 407K, 11% free 10508K/11719K, paused 1ms+2ms
07-05 13:51:35.047   545  5990 I DownloadManager: Initiating request for download 4539
07-05 13:51:35.117   545   548 D dalvikvm: GC_CONCURRENT freed 325K, 10% free 10577K/11719K, paused 3ms+3ms
07-05 13:51:35.238   545   548 D dalvikvm: GC_CONCURRENT freed 211K, 8% free 10809K/11719K, paused 2ms+3ms
07-05 13:51:35.371   545   548 D dalvikvm: GC_CONCURRENT freed 478K, 8% free 10827K/11719K, paused 1ms+3ms
07-05 13:51:35.527  1370  5992 E DictionaryProvider:UpdateHandler: Can't read a file : android.util.MalformedJsonException: Use JsonReader.setLenient(true) to accept malformed JSON at line 1 column 20
07-05 13:51:35.707   545   548 D dalvikvm: GC_CONCURRENT freed 770K, 11% free 10537K/11719K, paused 1ms+3ms
07-05 13:51:35.972   545   548 D dalvikvm: GC_CONCURRENT freed 417K, 11% free 10511K/11719K, paused 2ms+2ms
07-05 13:51:36.121   545  5994 I DownloadManager: Initiating request for download 4539
07-05 13:51:36.203   545   548 D dalvikvm: GC_CONCURRENT freed 264K, 9% free 10696K/11719K, paused 2ms+4ms
07-05 13:51:36.300   545   548 D dalvikvm: GC_CONCURRENT freed 304K, 8% free 10875K/11719K, paused 2ms+2ms
07-05 13:51:37.043   545   548 D dalvikvm: GC_CONCURRENT freed 834K, 11% free 10539K/11719K, paused 1ms+3ms
07-05 13:51:37.304   545   548 D dalvikvm: GC_CONCURRENT freed 410K, 11% free 10520K/11719K, paused 2ms+2ms
07-05 13:51:37.570   545   548 D dalvikvm: GC_CONCURRENT freed 405K, 11% free 10505K/11719K, paused 2ms+2ms
07-05 13:51:37.707   545  5998 I DownloadManager: Initiating request for download 4540
07-05 13:51:37.812   545   548 D dalvikvm: GC_CONCURRENT freed 217K, 9% free 10725K/11719K, paused 2ms+3ms
07-05 13:51:37.937   545   548 D dalvikvm: GC_CONCURRENT freed 331K, 8% free 10896K/11719K, paused 2ms+3ms
07-05 13:51:38.172   545   548 D dalvikvm: GC_CONCURRENT freed 857K, 11% free 10538K/11719K, paused 2ms+2ms
07-05 13:51:38.433   545   548 D dalvikvm: GC_CONCURRENT freed 404K, 11% free 10519K/11719K, paused 2ms+3ms
07-05 13:51:38.715   545   548 D dalvikvm: GC_CONCURRENT freed 404K, 11% free 10506K/11719K, paused 2ms+2ms
07-05 13:51:39.222  1370  6001 E DictionaryProvider:UpdateHandler: Can't read a file : android.util.MalformedJsonException: Use JsonReader.setLenient(true) to accept malformed JSON at line 1 column 20
07-05 13:51:39.437   545   548 D dalvikvm: GC_CONCURRENT freed 356K, 11% free 10541K/11719K, paused 2ms+2ms
07-05 13:51:39.703   545   548 D dalvikvm: GC_CONCURRENT freed 416K, 11% free 10515K/11719K, paused 2ms+2ms
07-05 13:51:39.976   545   548 D dalvikvm: GC_CONCURRENT freed 404K, 11% free 10502K/11719K, paused 2ms+3ms
07-05 13:51:40.293   545   548 D dalvikvm: GC_CONCURRENT freed 354K, 11% free 10534K/11719K, paused 2ms+2ms
07-05 13:51:40.570   545   548 D dalvikvm: GC_CONCURRENT freed 405K, 11% free 10515K/11719K, paused 2ms+3ms
07-05 13:51:40.843   545  6004 I DownloadManager: Initiating request for download 4541
07-05 13:51:40.929   545   548 D dalvikvm: GC_CONCURRENT freed 388K, 11% free 10532K/11719K, paused 3ms+5ms
07-05 13:51:41.070   545   548 D dalvikvm: GC_CONCURRENT freed 178K, 8% free 10791K/11719K, paused 2ms+2ms
07-05 13:51:41.199   545   548 D dalvikvm: GC_CONCURRENT freed 446K, 8% free 10836K/11719K, paused 2ms+2ms
07-05 13:51:41.465   156   594 D dalvikvm: GC_EXPLICIT freed 576K, 12% free 14097K/16007K, paused 2ms+6ms
07-05 13:51:41.472  1370  6006 E DictionaryProvider:UpdateHandler: Can't read a file : android.util.MalformedJsonException: Use JsonReader.setLenient(true) to accept malformed JSON at line 1 column 20
07-05 13:51:41.590   545   548 D dalvikvm: GC_CONCURRENT freed 779K, 11% free 10540K/11719K, paused 2ms+3ms
07-05 13:51:41.851   545   548 D dalvikvm: GC_CONCURRENT freed 431K, 11% free 10500K/11719K, paused 2ms+2ms
07-05 13:51:42.054   545  6009 I DownloadManager: Initiating request for download 4541
07-05 13:51:42.129   545   548 D dalvikvm: GC_CONCURRENT freed 349K, 10% free 10600K/11719K, paused 2ms+3ms
07-05 13:51:42.250   545   548 D dalvikvm: GC_CONCURRENT freed 229K, 8% free 10813K/11719K, paused 2ms+2ms
07-05 13:51:42.386   545   548 D dalvikvm: GC_CONCURRENT freed 482K, 8% free 10820K/11719K, paused 2ms+2ms
07-05 13:51:42.715   545   548 D dalvikvm: GC_CONCURRENT freed 781K, 11% free 10516K/11719K, paused 2ms+3ms
07-05 13:51:42.984   545   548 D dalvikvm: GC_CONCURRENT freed 410K, 11% free 10497K/11719K, paused 2ms+2ms
07-05 13:51:43.136   545  6012 I DownloadManager: Initiating request for download 4542
07-05 13:51:43.226   545   548 D dalvikvm: GC_CONCURRENT freed 247K, 9% free 10695K/11719K, paused 1ms+3ms
07-05 13:51:43.351   545   548 D dalvikvm: GC_CONCURRENT freed 313K, 8% free 10872K/11719K, paused 2ms+2ms
07-05 13:51:43.558   545   548 D dalvikvm: GC_CONCURRENT freed 808K, 10% free 10565K/11719K, paused 2ms+2ms
07-05 13:51:43.613  1370  6014 E DictionaryProvider:UpdateHandler: Can't read a file : android.util.MalformedJsonException: Use JsonReader.setLenient(true) to accept malformed JSON at line 1 column 20
07-05 13:51:43.656  1370  1372 D dalvikvm: GC_CONCURRENT freed 352K, 7% free 9132K/9735K, paused 1ms+2ms
07-05 13:51:43.894   545   548 D dalvikvm: GC_CONCURRENT freed 435K, 11% free 10530K/11719K, paused 2ms+2ms
07-05 13:51:44.168   545   548 D dalvikvm: GC_CONCURRENT freed 423K, 11% free 10499K/11719K, paused 2ms+3ms
07-05 13:51:44.265   545  6017 I DownloadManager: Initiating request for download 4542
07-05 13:51:44.410   545   548 D dalvikvm: GC_CONCURRENT freed 211K, 9% free 10719K/11719K, paused 2ms+3ms
07-05 13:51:44.535   545   548 D dalvikvm: GC_CONCURRENT freed 340K, 8% free 10880K/11719K, paused 2ms+3ms
07-05 13:51:44.761   545   548 D dalvikvm: GC_CONCURRENT freed 851K, 11% free 10527K/11719K, paused 2ms+2ms
07-05 13:51:45.027   545   548 D dalvikvm: GC_CONCURRENT freed 411K, 11% free 10507K/11719K, paused 2ms+3ms
07-05 13:51:45.300   545   548 D dalvikvm: GC_CONCURRENT freed 403K, 11% free 10495K/11719K, paused 2ms+2ms
07-05 13:51:45.367   545  6020 I DownloadManager: Initiating request for download 4543
07-05 13:51:45.492   545   548 D dalvikvm: GC_CONCURRENT freed 173K, 9% free 10758K/11719K, paused 2ms+2ms
07-05 13:51:45.609   545   548 D dalvikvm: GC_CONCURRENT freed 341K, 7% free 10933K/11719K, paused 2ms+2ms
07-05 13:51:45.789  1370  6022 E DictionaryProvider:UpdateHandler: Can't read a file : android.util.MalformedJsonException: Use JsonReader.setLenient(true) to accept malformed JSON at line 1 column 20
07-05 13:51:45.941   545   548 D dalvikvm: GC_CONCURRENT freed 917K, 11% free 10531K/11719K, paused 2ms+2ms
07-05 13:51:46.211   545   548 D dalvikvm: GC_CONCURRENT freed 413K, 11% free 10507K/11719K, paused 2ms+2ms
07-05 13:51:46.414   545  6025 I DownloadManager: Initiating request for download 4543
07-05 13:51:46.476   545   548 D dalvikvm: GC_CONCURRENT freed 357K, 10% free 10575K/11719K, paused 2ms+2ms
07-05 13:51:46.601   545   548 D dalvikvm: GC_CONCURRENT freed 213K, 8% free 10809K/11719K, paused 2ms+3ms
07-05 13:51:46.734   545   548 D dalvikvm: GC_CONCURRENT freed 478K, 8% free 10827K/11719K, paused 2ms+2ms
07-05 13:51:47.066   545   548 D dalvikvm: GC_CONCURRENT freed 787K, 11% free 10521K/11719K, paused 2ms+2ms
07-05 13:51:47.324   545   548 D dalvikvm: GC_CONCURRENT freed 408K, 11% free 10503K/11719K, paused 2ms+2ms
07-05 13:51:47.488   545  6028 I DownloadManager: Initiating request for download 4544
07-05 13:51:47.590   545   548 D dalvikvm: GC_CONCURRENT freed 259K, 9% free 10750K/11719K, paused 2ms+3ms
07-05 13:51:47.711   545   548 D dalvikvm: GC_CONCURRENT freed 361K, 8% free 10897K/11719K, paused 2ms+3ms
07-05 13:51:47.906  1370  6030 E DictionaryProvider:UpdateHandler: Can't read a file : android.util.MalformedJsonException: Use JsonReader.setLenient(true) to accept malformed JSON at line 1 column 20
07-05 13:51:47.968   545  6032 I DownloadManager: in removeSpuriousFiles
07-05 13:51:47.988   545   548 D dalvikvm: GC_CONCURRENT freed 866K, 10% free 10609K/11719K, paused 1ms+2ms
07-05 13:51:48.093   545   548 D dalvikvm: GC_CONCURRENT freed 320K, 8% free 10817K/11719K, paused 2ms+3ms
07-05 13:51:48.133   545  6032 I DownloadManager: in removeSpuriousFiles, preserving file /data/data/com.android.providers.downloads/cache/metadata-1906.htm
07-05 13:51:48.133   545  6032 I DownloadManager: in removeSpuriousFiles, preserving file /data/data/com.android.providers.downloads/cache/metadata-134.htm
07-05 13:51:48.133   545  6032 I DownloadManager: in removeSpuriousFiles, preserving file /data/data/com.android.providers.downloads/cache/metadata-253.htm
07-05 13:51:48.133   545  6032 I DownloadManager: in removeSpuriousFiles, preserving file /data/data/com.android.providers.downloads/cache/metadata-916.htm
07-05 13:51:48.133   545  6032 I DownloadManager: in removeSpuriousFiles, preserving file /data/data/com.android.providers.downloads/cache/metadata-553.htm
07-05 13:51:48.136   545  6032 I DownloadManager: in removeSpuriousFiles, preserving file /data/data/com.android.providers.downloads/cache/metadata-391.htm
07-05 13:51:48.136   545  6032 I DownloadManager: in removeSpuriousFiles, preserving file /data/data/com.android.providers.downloads/cache/metadata-302.htm
07-05 13:51:48.136   545  6032 I DownloadManager: in removeSpuriousFiles, preserving file /data/data/com.android.providers.downloads/cache/metadata-285.htm
07-05 13:51:48.136   545  6032 I DownloadManager: in removeSpuriousFiles, preserving file /data/data/com.android.providers.downloads/cache/metadata-497.htm
07-05 13:51:48.136   545  6032 I DownloadManager: in removeSpuriousFiles, preserving file /data/data/com.android.providers.downloads/cache/metadata-129.htm
07-05 13:51:48.136   545  6032 I DownloadManager: in removeSpuriousFiles, preserving file /data/data/com.android.providers.downloads/cache/metadata-1001.htm
07-05 13:51:48.140   545  6032 I DownloadManager: in removeSpuriousFiles, preserving file /data/data/com.android.providers.downloads/cache/metadata-425.htm
07-05 13:51:48.140   545  6032 I DownloadManager: in removeSpuriousFiles, preserving file /data/data/com.android.providers.downloads/cache/metadata-449.htm
07-05 13:51:48.140   545  6032 I DownloadManager: in removeSpuriousFiles, preserving file /data/data/com.android.providers.downloads/cache/metadata-683.htm
07-05 13:51:48.140   545  6032 I DownloadManager: in removeSpuriousFiles, preserving file /data/data/com.android.providers.downloads/cache/metadata-339.htm
07-05 13:51:48.140   545  6032 I DownloadManager: in removeSpuriousFiles, preserving file /data/data/com.android.providers.downloads/cache/metadata-470.htm
07-05 13:51:48.140   545  6032 I DownloadManager: in removeSpuriousFiles, preserving file /data/data/com.android.providers.downloads/cache/metadata-1220.htm
07-05 13:51:48.144   545  6032 I DownloadManager: in removeSpuriousFiles, preserving file /data/data/com.android.providers.downloads/cache/metadata-534.htm
07-05 13:51:48.144   545  6032 I DownloadManager: in removeSpuriousFiles, preserving file /data/data/com.android.providers.downloads/cache/metadata-1600.htm
07-05 13:51:48.144   545  6032 I DownloadManager: in removeSpuriousFiles, preserving file /data/data/com.android.providers.downloads/cache/metadata-574.htm
07-05 13:51:48.144   545  6032 I DownloadManager: in removeSpuriousFiles, preserving file /data/data/com.android.providers.downloads/cache/metadata-355.htm
07-05 13:51:48.144   545  6032 I DownloadManager: in removeSpuriousFiles, preserving file /data/data/com.android.providers.downloads/cache/metadata-519.htm
07-05 13:51:48.148   545  6032 I DownloadManager: in removeSpuriousFiles, preserving file /data/data/com.android.providers.downloads/cache/metadata-1544.htm
07-05 13:51:48.148   545  6032 I DownloadManager: in removeSpuriousFiles, preserving file /data/data/com.android.providers.downloads/cache/metadata-279.htm
07-05 13:51:48.148   545  6032 I DownloadManager: in removeSpuriousFiles, preserving file /data/data/com.android.providers.downloads/cache/metadata-99.htm
07-05 13:51:48.152   545  6032 I DownloadManager: in removeSpuriousFiles, preserving file /data/data/com.android.providers.downloads/cache/metadata-431.htm
07-05 13:51:48.152   545  6032 I DownloadManager: in removeSpuriousFiles, preserving file /data/data/com.android.providers.downloads/cache/metadata-1346.htm
07-05 13:51:48.152   545  6032 I DownloadManager: in removeSpuriousFiles, preserving file /data/data/com.android.providers.downloads/cache/metadata-195.htm
07-05 13:51:48.152   545  6032 I DownloadManager: in removeSpuriousFiles, preserving file /data/data/com.android.providers.downloads/cache/metadata-581.htm
07-05 13:51:48.152   545  6032 I DownloadManager: in removeSpuriousFiles, preserving file /data/data/com.android.providers.downloads/cache/metadata-543.htm
07-05 13:51:48.156   545  6032 I DownloadManager: in removeSpuriousFiles, preserving file /data/data/com.android.providers.downloads/cache/metadata-528.htm
07-05 13:51:48.156   545  6032 I DownloadManager: in removeSpuriousFiles, preserving file /data/data/com.android.providers.downloads/cache/metadata-1494.htm
07-05 13:51:48.156   545  6032 I DownloadManager: in removeSpuriousFiles, preserving file /data/data/com.android.providers.downloads/cache/metadata-1065.htm
07-05 13:51:48.156   545  6032 I DownloadManager: in removeSpuriousFiles, preserving file /data/data/com.android.providers.downloads/cache/metadata-371.htm
07-05 13:51:48.156   545  6032 I DownloadManager: in removeSpuriousFiles, preserving file /data/data/com.android.providers.downloads/cache/metadata-1070.htm
07-05 13:51:48.156   545  6032 I DownloadManager: in removeSpuriousFiles, preserving file /data/data/com.android.providers.downloads/cache/metadata-512.htm
07-05 13:51:48.160   545  6032 I DownloadManager: in removeSpuriousFiles, preserving file /data/data/com.android.providers.downloads/cache/metadata-605.htm
07-05 13:51:48.160   545  6032 I DownloadManager: in removeSpuriousFiles, preserving file /data/data/com.android.providers.downloads/cache/metadata-863.htm
07-05 13:51:48.160   545  6032 I DownloadManager: in removeSpuriousFiles, preserving file /data/data/com.android.providers.downloads/cache/metadata-584.htm
07-05 13:51:48.160   545  6032 I DownloadManager: in removeSpuriousFiles, preserving file /data/data/com.android.providers.downloads/cache/metadata-752.htm
07-05 13:51:48.164   545  6032 I DownloadManager: in removeSpuriousFiles, preserving file /data/data/com.android.providers.downloads/cache/metadata-651.htm
07-05 13:51:48.164   545  6032 I DownloadManager: in removeSpuriousFiles, preserving file /data/data/com.android.providers.downloads/cache/metadata-337.htm
07-05 13:51:48.164   545  6032 I DownloadManager: in removeSpuriousFiles, preserving file /data/data/com.android.providers.downloads/cache/metadata-1445.htm
07-05 13:51:48.168   545  6032 I DownloadManager: in removeSpuriousFiles, preserving file /data/data/com.android.providers.downloads/cache/metadata-325.htm
07-05 13:51:48.168   545  6032 I DownloadManager: in removeSpuriousFiles, preserving file /data/data/com.android.providers.downloads/cache/metadata-666.htm
07-05 13:51:48.168   545  6032 I DownloadManager: in removeSpuriousFiles, preserving file /data/data/com.android.providers.downloads/cache/metadata-1483.htm
07-05 13:51:48.168   545  6032 I DownloadManager: in removeSpuriousFiles, preserving file /data/data/com.android.providers.downloads/cache/metadata-2841.htm
07-05 13:51:48.172   545  6032 I DownloadManager: in removeSpuriousFiles, preserving file /data/data/com.android.providers.downloads/cache/metadata-454.htm
07-05 13:51:48.172   545  6032 I DownloadManager: in removeSpuriousFiles, preserving file /data/data/com.android.providers.downloads/cache/metadata-557.htm
07-05 13:51:48.172   545  6032 I DownloadManager: in removeSpuriousFiles, preserving file /data/data/com.android.providers.downloads/cache/metadata-309.htm
07-05 13:51:48.172   545  6032 I DownloadManager: in removeSpuriousFiles, preserving file /data/data/com.android.providers.downloads/cache/metadata-471.htm
07-05 13:51:48.172   545  6032 I DownloadManager: in removeSpuriousFiles, preserving file /data/data/com.android.providers.downloads/cache/metadata-378.htm
07-05 13:51:48.175   545  6032 I DownloadManager: in removeSpuriousFiles, preserving file /data/data/com.android.providers.downloads/cache/metadata-1496.htm
07-05 13:51:48.175   545  6032 I DownloadManager: in removeSpuriousFiles, preserving file /data/data/com.android.providers.downloads/cache/metadata-1324.htm
07-05 13:51:48.175   545  6032 I DownloadManager: in removeSpuriousFiles, preserving file /data/data/com.android.providers.downloads/cache/metadata-730.htm
07-05 13:51:48.175   545  6032 I DownloadManager: in removeSpuriousFiles, preserving file /data/data/com.android.providers.downloads/cache/metadata-1728.htm
07-05 13:51:48.179   545  6032 I DownloadManager: in removeSpuriousFiles, preserving file /data/data/com.android.providers.downloads/cache/metadata-1169.htm
07-05 13:51:48.179   545  6032 I DownloadManager: in removeSpuriousFiles, preserving file /data/data/com.android.providers.downloads/cache/metadata-941.htm
07-05 13:51:48.179   545  6032 I DownloadManager: in removeSpuriousFiles, preserving file /data/data/com.android.providers.downloads/cache/metadata-706.htm
07-05 13:51:48.179   545  6032 I DownloadManager: in removeSpuriousFiles, preserving file /data/data/com.android.providers.downloads/cache/metadata-786.htm
07-05 13:51:48.183   545  6032 I DownloadManager: in removeSpuriousFiles, preserving file /data/data/com.android.providers.downloads/cache/metadata-1891.htm
07-05 13:51:48.183   545  6032 I DownloadManager: in removeSpuriousFiles, preserving file /data/data/com.android.providers.downloads/cache/metadata-546.htm
07-05 13:51:48.183   545  6032 I DownloadManager: in removeSpuriousFiles, preserving file /data/data/com.android.providers.downloads/cache/metadata-1945.htm
07-05 13:51:48.183   545  6032 I DownloadManager: in removeSpuriousFiles, preserving file /data/data/com.android.providers.downloads/cache/metadata-665.htm
07-05 13:51:48.187   545  6032 I DownloadManager: in removeSpuriousFiles, preserving file /data/data/com.android.providers.downloads/cache/metadata-2365.htm
07-05 13:51:48.187   545  6032 I DownloadManager: in removeSpuriousFiles, preserving file /data/data/com.android.providers.downloads/cache/metadata-223.htm
07-05 13:51:48.187   545  6032 I DownloadManager: in removeSpuriousFiles, preserving file /data/data/com.android.providers.downloads/cache/metadata-342.htm
07-05 13:51:48.187   545  6032 I DownloadManager: in removeSpuriousFiles, preserving file /data/data/com.android.providers.downloads/cache/metadata-591.htm
07-05 13:51:48.191   545  6032 I DownloadManager: in removeSpuriousFiles, preserving file /data/data/com.android.providers.downloads/cache/metadata-697.htm
07-05 13:51:48.191   545  6032 I DownloadManager: in removeSpuriousFiles, preserving file /data/data/com.android.providers.downloads/cache/metadata-200.htm
07-05 13:51:48.191   545  6032 I DownloadManager: in removeSpuriousFiles, preserving file /data/data/com.android.providers.downloads/cache/metadata-722.htm
07-05 13:51:48.191   545  6032 I DownloadManager: in removeSpuriousFiles, preserving file /data/data/com.android.providers.downloads/cache/metadata-225.htm
07-05 13:51:48.195   545  6032 I DownloadManager: in removeSpuriousFiles, preserving file /data/data/com.android.providers.downloads/cache/metadata-1674.htm
07-05 13:51:48.203   545  6032 I DownloadManager: in removeSpuriousFiles, preserving file /data/data/com.android.providers.downloads/cache/metadata-1206.htm
07-05 13:51:48.203   545  6032 I DownloadManager: in removeSpuriousFiles, preserving file /data/data/com.android.providers.downloads/cache/metadata-767.htm
07-05 13:51:48.203   545  6032 I DownloadManager: in removeSpuriousFiles, preserving file /data/data/com.android.providers.downloads/cache/metadata-1072.htm
07-05 13:51:48.207   545  6032 I DownloadManager: in removeSpuriousFiles, preserving file /data/data/com.android.providers.downloads/cache/metadata-352.htm
07-05 13:51:48.207   545  6032 I DownloadManager: in removeSpuriousFiles, preserving file /data/data/com.android.providers.downloads/cache/metadata-1466.htm
07-05 13:51:48.207   545  6032 I DownloadManager: in removeSpuriousFiles, preserving file /data/data/com.android.providers.downloads/cache/metadata-954.htm
07-05 13:51:48.207   545  6032 I DownloadManager: in removeSpuriousFiles, preserving file /data/data/com.android.providers.downloads/cache/metadata-379.htm
07-05 13:51:48.211   545  6032 I DownloadManager: in removeSpuriousFiles, preserving file /data/data/com.android.providers.downloads/cache/metadata-962.htm
07-05 13:51:48.211   545  6032 I DownloadManager: in removeSpuriousFiles, preserving file /data/data/com.android.providers.downloads/cache/metadata-785.htm
07-05 13:51:48.211   545  6032 I DownloadManager: in removeSpuriousFiles, preserving file /data/data/com.android.providers.downloads/cache/metadata-1229.htm
07-05 13:51:48.211   545  6032 I DownloadManager: in removeSpuriousFiles, preserving file /data/data/com.android.providers.downloads/cache/metadata-795.htm
07-05 13:51:48.215   545  6032 I DownloadManager: in removeSpuriousFiles, preserving file /data/data/com.android.providers.downloads/cache/metadata-1035.htm
07-05 13:51:48.215   545  6032 I DownloadManager: in removeSpuriousFiles, preserving file /data/data/com.android.providers.downloads/cache/metadata-545.htm
07-05 13:51:48.215   545  6032 I DownloadManager: in removeSpuriousFiles, preserving file /data/data/com.android.providers.downloads/cache/metadata-1155.htm
07-05 13:51:48.215   545  6032 I DownloadManager: in removeSpuriousFiles, preserving file /data/data/com.android.providers.downloads/cache/metadata-670.htm
07-05 13:51:48.218   545  6032 I DownloadManager: in removeSpuriousFiles, preserving file /data/data/com.android.providers.downloads/cache/metadata-1726.htm
07-05 13:51:48.218   545  6032 I DownloadManager: in removeSpuriousFiles, preserving file /data/data/com.android.providers.downloads/cache/metadata-433.htm
07-05 13:51:48.218   545  6032 I DownloadManager: in removeSpuriousFiles, preserving file /data/data/com.android.providers.downloads/cache/metadata-1016.htm
07-05 13:51:48.222   545  6032 I DownloadManager: in removeSpuriousFiles, preserving file /data/data/com.android.providers.downloads/cache/metadata-623.htm
07-05 13:51:48.222   545  6032 I DownloadManager: in removeSpuriousFiles, preserving file /data/data/com.android.providers.downloads/cache/metadata-1523.htm
07-05 13:51:48.222   545  6032 I DownloadManager: in removeSpuriousFiles, preserving file /data/data/com.android.providers.downloads/cache/metadata-679.htm
07-05 13:51:48.222   545  6032 I DownloadManager: in removeSpuriousFiles, preserving file /data/data/com.android.providers.downloads/cache/metadata-542.htm
07-05 13:51:48.226   545  6032 I DownloadManager: in removeSpuriousFiles, preserving file /data/data/com.android.providers.downloads/cache/metadata-816.htm
07-05 13:51:48.226   545  6032 I DownloadManager: in removeSpuriousFiles, preserving file /data/data/com.android.providers.downloads/cache/metadata-1202.htm
07-05 13:51:48.226   545  6032 I DownloadManager: in removeSpuriousFiles, preserving file /data/data/com.android.providers.downloads/cache/metadata-1078.htm
07-05 13:51:48.230   545  6032 I DownloadManager: in removeSpuriousFiles, preserving file /data/data/com.android.providers.downloads/cache/metadata-1171.htm
07-05 13:51:48.230   545  6032 I DownloadManager: in removeSpuriousFiles, preserving file /data/data/com.android.providers.downloads/cache/metadata-990.htm
07-05 13:51:48.234   545  6032 I DownloadManager: in removeSpuriousFiles, preserving file /data/data/com.android.providers.downloads/cache/metadata-614.htm
07-05 13:51:48.234   545  6032 I DownloadManager: in removeSpuriousFiles, preserving file /data/data/com.android.providers.downloads/cache/metadata-628.htm
07-05 13:51:48.238   545  6032 I DownloadManager: in removeSpuriousFiles, preserving file /data/data/com.android.providers.downloads/cache/metadata-1824.htm
07-05 13:51:48.238   545  6032 I DownloadManager: in removeSpuriousFiles, preserving file /data/data/com.android.providers.downloads/cache/metadata-1210.htm
07-05 13:51:48.238   545  6032 I DownloadManager: in removeSpuriousFiles, preserving file /data/data/com.android.providers.downloads/cache/metadata-1148.htm
07-05 13:51:48.238   545  6032 I DownloadManager: in removeSpuriousFiles, preserving file /data/data/com.android.providers.downloads/cache/metadata-1170.htm
07-05 13:51:48.242   545  6032 I DownloadManager: in removeSpuriousFiles, preserving file /data/data/com.android.providers.downloads/cache/metadata-547.htm
07-05 13:51:48.242   545  6032 I DownloadManager: in removeSpuriousFiles, preserving file /data/data/com.android.providers.downloads/cache/metadata-1889.htm
07-05 13:51:48.246   545  6032 I DownloadManager: in removeSpuriousFiles, preserving file /data/data/com.android.providers.downloads/cache/metadata-533.htm
07-05 13:51:48.246   545  6032 I DownloadManager: in removeSpuriousFiles, preserving file /data/data/com.android.providers.downloads/cache/metadata-588.htm
07-05 13:51:48.246   545  6032 I DownloadManager: in removeSpuriousFiles, preserving file /data/data/com.android.providers.downloads/cache/metadata-1.htm
07-05 13:51:48.246   545  6032 I DownloadManager: in removeSpuriousFiles, preserving file /data/data/com.android.providers.downloads/cache/metadata-46.htm
07-05 13:51:48.246   545  6032 I DownloadManager: in removeSpuriousFiles, preserving file /data/data/com.android.providers.downloads/cache/metadata-2.htm
07-05 13:51:48.246   545  6032 I DownloadManager: in removeSpuriousFiles, preserving file /data/data/com.android.providers.downloads/cache/metadata-282.htm
07-05 13:51:48.246   545  6032 I DownloadManager: in removeSpuriousFiles, preserving file /data/data/com.android.providers.downloads/cache/metadata-13.htm
07-05 13:51:48.246   545  6032 I DownloadManager: in removeSpuriousFiles, preserving file /data/data/com.android.providers.downloads/cache/metadata-28.htm
07-05 13:51:48.250   545  6032 I DownloadManager: in removeSpuriousFiles, preserving file /data/data/com.android.providers.downloads/cache/metadata-47.htm
07-05 13:51:48.250   545  6032 I DownloadManager: in removeSpuriousFiles, preserving file /data/data/com.android.providers.downloads/cache/metadata-23.htm
07-05 13:51:48.250   545  6032 I DownloadManager: in removeSpuriousFiles, preserving file /data/data/com.android.providers.downloads/cache/metadata-51.htm
07-05 13:51:48.250   545  6032 I DownloadManager: in removeSpuriousFiles, preserving file /data/data/com.android.providers.downloads/cache/metadata-22.htm
07-05 13:51:48.250   545  6032 I DownloadManager: in removeSpuriousFiles, preserving file /data/data/com.android.providers.downloads/cache/metadata-442.htm
07-05 13:51:48.250   545  6032 I DownloadManager: in removeSpuriousFiles, preserving file /data/data/com.android.providers.downloads/cache/metadata-56.htm
07-05 13:51:48.250   545  6032 I DownloadManager: in removeSpuriousFiles, preserving file /data/data/com.android.providers.downloads/cache/metadata-12.htm
07-05 13:51:48.250   545  6032 I DownloadManager: in removeSpuriousFiles, preserving file /data/data/com.android.providers.downloads/cache/metadata-35.htm
07-05 13:51:48.250   545  6032 I DownloadManager: in removeSpuriousFiles, preserving file /data/data/com.android.providers.downloads/cache/metadata-731.htm
07-05 13:51:48.250   545  6032 I DownloadManager: in removeSpuriousFiles, preserving file /data/data/com.android.providers.downloads/cache/metadata-1936.htm
07-05 13:51:48.250   545  6032 I DownloadManager: in removeSpuriousFiles, preserving file /data/data/com.android.providers.downloads/cache/metadata-564.htm
07-05 13:51:48.254   545  6032 I DownloadManager: in removeSpuriousFiles, preserving file /data/data/com.android.providers.downloads/cache/metadata-549.htm
07-05 13:51:48.254   545  6032 I DownloadManager: in removeSpuriousFiles, preserving file /data/data/com.android.providers.downloads/cache/metadata-945.htm
07-05 13:51:48.254   545  6032 I DownloadManager: in removeSpuriousFiles, preserving file /data/data/com.android.providers.downloads/cache/metadata-932.htm
07-05 13:51:48.254   545  6032 I DownloadManager: in removeSpuriousFiles, preserving file /data/data/com.android.providers.downloads/cache/metadata-931.htm
07-05 13:51:48.254   545  6032 I DownloadManager: in removeSpuriousFiles, preserving file /data/data/com.android.providers.downloads/cache/metadata-820.htm
07-05 13:51:48.254   545  6032 I DownloadManager: in removeSpuriousFiles, preserving file /data/data/com.android.providers.downloads/cache/metadata-2571.htm
07-05 13:51:48.254   545  6032 I DownloadManager: in removeSpuriousFiles, preserving file /data/data/com.android.providers.downloads/cache/metadata-587.htm
07-05 13:51:48.258   545  6032 I DownloadManager: in removeSpuriousFiles, preserving file /data/data/com.android.providers.downloads/cache/metadata-769.htm
07-05 13:51:48.258   545  6032 I DownloadManager: in removeSpuriousFiles, preserving file /data/data/com.android.providers.downloads/cache/metadata-530.htm
07-05 13:51:48.261   545  6032 I DownloadManager: in removeSpuriousFiles, preserving file /data/data/com.android.providers.downloads/cache/metadata-464.htm
07-05 13:51:48.261   545  6032 I DownloadManager: in removeSpuriousFiles, preserving file /data/data/com.android.providers.downloads/cache/metadata-851.htm
07-05 13:51:48.261   545  6032 I DownloadManager: in removeSpuriousFiles, preserving file /data/data/com.android.providers.downloads/cache/metadata-489.htm
07-05 13:51:48.261   545  6032 I DownloadManager: in removeSpuriousFiles, preserving file /data/data/com.android.providers.downloads/cache/metadata-1581.htm
07-05 13:51:48.261   545  6032 I DownloadManager: in removeSpuriousFiles, preserving file /data/data/com.android.providers.downloads/cache/metadata-1387.htm
07-05 13:51:48.261   545  6032 I DownloadManager: in removeSpuriousFiles, preserving file /data/data/com.android.providers.downloads/cache/metadata-496.htm
07-05 13:51:48.265   545  6032 I DownloadManager: in removeSpuriousFiles, preserving file /data/data/com.android.providers.downloads/cache/metadata-1226.htm
07-05 13:51:48.265   545  6032 I DownloadManager: in removeSpuriousFiles, preserving file /data/data/com.android.providers.downloads/cache/metadata-513.htm
07-05 13:51:48.265   545  6032 I DownloadManager: in removeSpuriousFiles, preserving file /data/data/com.android.providers.downloads/cache/metadata-1429.htm
07-05 13:51:48.265   545  6032 I DownloadManager: in removeSpuriousFiles, preserving file /data/data/com.android.providers.downloads/cache/metadata-1260.htm
07-05 13:51:48.265   545  6032 I DownloadManager: in removeSpuriousFiles, preserving file /data/data/com.android.providers.downloads/cache/metadata-871.htm
07-05 13:51:48.269   545  6032 I DownloadManager: in removeSpuriousFiles, preserving file /data/data/com.android.providers.downloads/cache/metadata-875.htm
07-05 13:51:48.269   545  6032 I DownloadManager: in removeSpuriousFiles, preserving file /data/data/com.android.providers.downloads/cache/metadata-1528.htm
07-05 13:51:48.269   545  6032 I DownloadManager: in removeSpuriousFiles, preserving file /data/data/com.android.providers.downloads/cache/metadata-1520.htm
07-05 13:51:48.269   545  6032 I DownloadManager: in removeSpuriousFiles, preserving file /data/data/com.android.providers.downloads/cache/metadata-1383.htm
07-05 13:51:48.269   545  6032 I DownloadManager: in removeSpuriousFiles, preserving file /data/data/com.android.providers.downloads/cache/metadata-443.htm
07-05 13:51:48.273   545  6032 I DownloadManager: in removeSpuriousFiles, preserving file /data/data/com.android.providers.downloads/cache/metadata-610.htm
07-05 13:51:48.273   545  6032 I DownloadManager: in removeSpuriousFiles, preserving file /data/data/com.android.providers.downloads/cache/metadata-687.htm
07-05 13:51:48.273   545  6032 I DownloadManager: in removeSpuriousFiles, preserving file /data/data/com.android.providers.downloads/cache/metadata-434.htm
07-05 13:51:48.273   545  6032 I DownloadManager: in removeSpuriousFiles, preserving file /data/data/com.android.providers.downloads/cache/metadata-2004.htm
07-05 13:51:48.273   545  6032 I DownloadManager: in removeSpuriousFiles, preserving file /data/data/com.android.providers.downloads/cache/metadata-1242.htm
07-05 13:51:48.277   545  6032 I DownloadManager: in removeSpuriousFiles, preserving file /data/data/com.android.providers.downloads/cache/metadata-775.htm
07-05 13:51:48.277   545  6032 I DownloadManager: in removeSpuriousFiles, preserving file /data/data/com.android.providers.downloads/cache/metadata-503.htm
07-05 13:51:48.277   545  6032 I DownloadManager: in removeSpuriousFiles, preserving file /data/data/com.android.providers.downloads/cache/metadata-935.htm
07-05 13:51:48.277   545  6032 I DownloadManager: in removeSpuriousFiles, preserving file /data/data/com.android.providers.downloads/cache/metadata-491.htm
07-05 13:51:48.277   545  6032 I DownloadManager: in removeSpuriousFiles, preserving file /data/data/com.android.providers.downloads/cache/metadata-964.htm
07-05 13:51:48.281   545  6032 I DownloadManager: in removeSpuriousFiles, preserving file /data/data/com.android.providers.downloads/cache/metadata-1222.htm
07-05 13:51:48.281   545  6032 I DownloadManager: in removeSpuriousFiles, preserving file /data/data/com.android.providers.downloads/cache/metadata-688.htm
07-05 13:51:48.281   545  6032 I DownloadManager: in removeSpuriousFiles, preserving file /data/data/com.android.providers.downloads/cache/metadata-1259.htm
07-05 13:51:48.281   545  6032 I DownloadManager: in removeSpuriousFiles, preserving file /data/data/com.android.providers.downloads/cache/metadata-2261.htm
07-05 13:51:48.285   545  6032 I DownloadManager: in removeSpuriousFiles, preserving file /data/data/com.android.providers.downloads/cache/metadata-2258.htm
07-05 13:51:48.285   545  6032 I DownloadManager: in removeSpuriousFiles, preserving file /data/data/com.android.providers.downloads/cache/metadata-2339.htm
07-05 13:51:48.285   545  6032 I DownloadManager: in removeSpuriousFiles, preserving file /data/data/com.android.providers.downloads/cache/metadata-771.htm
07-05 13:51:48.285   545  6032 I DownloadManager: in removeSpuriousFiles, preserving file /data/data/com.android.providers.downloads/cache/metadata-481.htm
07-05 13:51:48.289   545  6032 I DownloadManager: in removeSpuriousFiles, preserving file /data/data/com.android.providers.downloads/cache/metadata-2140.htm
07-05 13:51:48.289   545  6032 I DownloadManager: in removeSpuriousFiles, preserving file /data/data/com.android.providers.downloads/cache/metadata-495.htm
07-05 13:51:48.289   545  6032 I DownloadManager: in removeSpuriousFiles, preserving file /data/data/com.android.providers.downloads/cache/metadata-1112.htm
07-05 13:51:48.289   545  6032 I DownloadManager: in removeSpuriousFiles, preserving file /data/data/com.android.providers.downloads/cache/metadata-1622.htm
07-05 13:51:48.293   545  6032 I DownloadManager: in removeSpuriousFiles, preserving file /data/data/com.android.providers.downloads/cache/metadata-800.htm
07-05 13:51:48.293   545  6032 I DownloadManager: in removeSpuriousFiles, preserving file /data/data/com.android.providers.downloads/cache/metadata-1444.htm
07-05 13:51:48.293   545  6032 I DownloadManager: in removeSpuriousFiles, preserving file /data/data/com.android.providers.downloads/cache/metadata-1101.htm
07-05 13:51:48.293   545  6032 I DownloadManager: in removeSpuriousFiles, preserving file /data/data/com.android.providers.downloads/cache/metadata-802.htm
07-05 13:51:48.293   545  6032 I DownloadManager: in removeSpuriousFiles, preserving file /data/data/com.android.providers.downloads/cache/metadata-970.htm
07-05 13:51:48.293   545  6032 I DownloadManager: in removeSpuriousFiles, preserving file /data/data/com.android.providers.downloads/cache/metadata-776.htm
07-05 13:51:48.293   545  6032 I DownloadManager: in removeSpuriousFiles, preserving file /data/data/com.android.providers.downloads/cache/metadata-1113.htm
07-05 13:51:48.300   545  6032 I DownloadManager: in removeSpuriousFiles, preserving file /data/data/com.android.providers.downloads/cache/metadata-784.htm
07-05 13:51:48.300   545  6032 I DownloadManager: in removeSpuriousFiles, preserving file /data/data/com.android.providers.downloads/cache/metadata-901.htm
07-05 13:51:48.300   545  6032 I DownloadManager: in removeSpuriousFiles, preserving file /data/data/com.android.providers.downloads/cache/metadata-1326.htm
07-05 13:51:48.300   545  6032 I DownloadManager: in removeSpuriousFiles, preserving file /data/data/com.android.providers.downloads/cache/metadata-1690.htm
07-05 13:51:48.304   545  6032 I DownloadManager: in removeSpuriousFiles, preserving file /data/data/com.android.providers.downloads/cache/metadata-668.htm
07-05 13:51:48.304   545  6032 I DownloadManager: in removeSpuriousFiles, preserving file /data/data/com.android.providers.downloads/cache/metadata-1358.htm
07-05 13:51:48.304   545  6032 I DownloadManager: in removeSpuriousFiles, preserving file /data/data/com.android.providers.downloads/cache/metadata-894.htm
07-05 13:51:48.304   545  6032 I DownloadManager: in removeSpuriousFiles, preserving file /data/data/com.android.providers.downloads/cache/metadata-633.htm
07-05 13:51:48.304   545  6032 I DownloadManager: in removeSpuriousFiles, preserving file /data/data/com.android.providers.downloads/cache/metadata-675.htm
07-05 13:51:48.308   545  6032 I DownloadManager: in removeSpuriousFiles, preserving file /data/data/com.android.providers.downloads/cache/metadata-1067.htm
07-05 13:51:48.308   545  6032 I DownloadManager: in removeSpuriousFiles, preserving file /data/data/com.android.providers.downloads/cache/metadata-1949.htm
07-05 13:51:48.308   545  6032 I DownloadManager: in removeSpuriousFiles, preserving file /data/data/com.android.providers.downloads/cache/metadata-1237.htm
07-05 13:51:48.308   545  6032 I DownloadManager: in removeSpuriousFiles, preserving file /data/data/com.android.providers.downloads/cache/metadata-1427.htm
07-05 13:51:48.308   545  6032 I DownloadManager: in removeSpuriousFiles, preserving file /data/data/com.android.providers.downloads/cache/metadata-2115.htm
07-05 13:51:48.308   545  6032 I DownloadManager: in removeSpuriousFiles, preserving file /data/data/com.android.providers.downloads/cache/metadata-1257.htm
07-05 13:51:48.308   545  6032 I DownloadManager: in removeSpuriousFiles, preserving file /data/data/com.android.providers.downloads/cache/metadata-1527.htm
07-05 13:51:48.308   545  6032 I DownloadManager: in removeSpuriousFiles, preserving file /data/data/com.android.providers.downloads/cache/metadata-1430.htm
07-05 13:51:48.316   545  6032 I DownloadManager: in removeSpuriousFiles, preserving file /data/data/com.android.providers.downloads/cache/metadata-1438.htm
07-05 13:51:48.316   545  6032 I DownloadManager: in removeSpuriousFiles, preserving file /data/data/com.android.providers.downloads/cache/metadata-474.htm
07-05 13:51:48.316   545  6032 I DownloadManager: in removeSpuriousFiles, preserving file /data/data/com.android.providers.downloads/cache/metadata-671.htm
07-05 13:51:48.316   545  6032 I DownloadManager: in removeSpuriousFiles, preserving file /data/data/com.android.providers.downloads/cache/metadata-1349.htm
07-05 13:51:48.316   545  6032 I DownloadManager: in removeSpuriousFiles, preserving file /data/data/com.android.providers.downloads/cache/metadata-631.htm
07-05 13:51:48.316   545  6032 I DownloadManager: in removeSpuriousFiles, preserving file /data/data/com.android.providers.downloads/cache/metadata-2168.htm
07-05 13:51:48.320   545  6032 I DownloadManager: in removeSpuriousFiles, preserving file /data/data/com.android.providers.downloads/cache/metadata-1574.htm
07-05 13:51:48.320   545  6032 I DownloadManager: in removeSpuriousFiles, preserving file /data/data/com.android.providers.downloads/cache/metadata-868.htm
07-05 13:51:48.320   545  6032 I DownloadManager: in removeSpuriousFiles, preserving file /data/data/com.android.providers.downloads/cache/metadata-2214.htm
07-05 13:51:48.320   545  6032 I DownloadManager: in removeSpuriousFiles, preserving file /data/data/com.android.providers.downloads/cache/metadata-1859.htm
07-05 13:51:48.328   545  6032 I DownloadManager: in removeSpuriousFiles, preserving file /data/data/com.android.providers.downloads/cache/metadata-866.htm
07-05 13:51:48.328   545  6032 I DownloadManager: in removeSpuriousFiles, preserving file /data/data/com.android.providers.downloads/cache/metadata-634.htm
07-05 13:51:48.328   545  6032 I DownloadManager: in removeSpuriousFiles, preserving file /data/data/com.android.providers.downloads/cache/metadata-1037.htm
07-05 13:51:48.328   545  6032 I DownloadManager: in removeSpuriousFiles, preserving file /data/data/com.android.providers.downloads/cache/metadata-2044.htm
07-05 13:51:48.328   545  6032 I DownloadManager: in removeSpuriousFiles, preserving file /data/data/com.android.providers.downloads/cache/metadata-1599.htm
07-05 13:51:48.328   545  6032 I DownloadManager: in removeSpuriousFiles, preserving file /data/data/com.android.providers.downloads/cache/metadata-2077.htm
07-05 13:51:48.328   545  6032 I DownloadManager: in removeSpuriousFiles, preserving file /data/data/com.android.providers.downloads/cache/metadata-1363.htm
07-05 13:51:48.328   545  6032 I DownloadManager: in removeSpuriousFiles, preserving file /data/data/com.android.providers.downloads/cache/metadata-166.htm
07-05 13:51:48.332   545  6032 I DownloadManager: in removeSpuriousFiles, preserving file /data/data/com.android.providers.downloads/cache/metadata-1132.htm
07-05 13:51:48.332   545  6032 I DownloadManager: in removeSpuriousFiles, preserving file /data/data/com.android.providers.downloads/cache/metadata-1398.htm
07-05 13:51:48.332   545  6032 I DownloadManager: in removeSpuriousFiles, preserving file /data/data/com.android.providers.downloads/cache/metadata-2727.htm
07-05 13:51:48.336   545  6032 I DownloadManager: in removeSpuriousFiles, preserving file /data/data/com.android.providers.downloads/cache/metadata-1030.htm
07-05 13:51:48.336   545  6032 I DownloadManager: in removeSpuriousFiles, preserving file /data/data/com.android.providers.downloads/cache/metadata-1243.htm
07-05 13:51:48.336   545  6032 I DownloadManager: in removeSpuriousFiles, preserving file /data/data/com.android.providers.downloads/cache/metadata-1547.htm
07-05 13:51:48.336   545  6032 I DownloadManager: in removeSpuriousFiles, preserving file /data/data/com.android.providers.downloads/cache/metadata-1827.htm
07-05 13:51:48.343   545  6032 I DownloadManager: in removeSpuriousFiles, preserving file /data/data/com.android.providers.downloads/cache/metadata-1743.htm
07-05 13:51:48.343   545  6032 I DownloadManager: in removeSpuriousFiles, preserving file /data/data/com.android.providers.downloads/cache/metadata-1449.htm
07-05 13:51:48.343   545  6032 I DownloadManager: in removeSpuriousFiles, preserving file /data/data/com.android.providers.downloads/cache/metadata-831.htm
07-05 13:51:48.343   545  6032 I DownloadManager: in removeSpuriousFiles, preserving file /data/data/com.android.providers.downloads/cache/metadata-1068.htm
07-05 13:51:48.343   545  6032 I DownloadManager: in removeSpuriousFiles, preserving file /data/data/com.android.providers.downloads/cache/metadata-1219.htm
07-05 13:51:48.347   545  6032 I DownloadManager: in removeSpuriousFiles, preserving file /data/data/com.android.providers.downloads/cache/metadata-1571.htm
07-05 13:51:48.347   545  6032 I DownloadManager: in removeSpuriousFiles, preserving file /data/data/com.android.providers.downloads/cache/metadata-1911.htm
07-05 13:51:48.347   545  6032 I DownloadManager: in removeSpuriousFiles, preserving file /data/data/com.android.providers.downloads/cache/metadata-1354.htm
07-05 13:51:48.351   545  6032 I DownloadManager: in removeSpuriousFiles, preserving file /data/data/com.android.providers.downloads/cache/metadata-527.htm
07-05 13:51:48.351   545  6032 I DownloadManager: in removeSpuriousFiles, preserving file /data/data/com.android.providers.downloads/cache/metadata-1062.htm
07-05 13:51:48.351   545  6032 I DownloadManager: in removeSpuriousFiles, preserving file /data/data/com.android.providers.downloads/cache/metadata-1191.htm
07-05 13:51:48.355   545  6032 I DownloadManager: in removeSpuriousFiles, preserving file /data/data/com.android.providers.downloads/cache/metadata-8.htm
07-05 13:51:48.355   545  6032 I DownloadManager: in removeSpuriousFiles, preserving file /data/data/com.android.providers.downloads/cache/metadata-15.htm
07-05 13:51:48.355   545  6032 I DownloadManager: in removeSpuriousFiles, preserving file /data/data/com.android.providers.downloads/cache/metadata-24.htm
07-05 13:51:48.355   545  6032 I DownloadManager: in removeSpuriousFiles, preserving file /data/data/com.android.providers.downloads/cache/metadata-62.htm
07-05 13:51:48.355   545  6032 I DownloadManager: in removeSpuriousFiles, preserving file /data/data/com.android.providers.downloads/cache/metadata-36.htm
07-05 13:51:48.355   545  6032 I DownloadManager: in removeSpuriousFiles, preserving file /data/data/com.android.providers.downloads/cache/metadata-54.htm
07-05 13:51:48.355   545  6032 I DownloadManager: in removeSpuriousFiles, preserving file /data/data/com.android.providers.downloads/cache/metadata-1331.htm
07-05 13:51:48.355   545  6032 I DownloadManager: in removeSpuriousFiles, preserving file /data/data/com.android.providers.downloads/cache/metadata-174.htm
07-05 13:51:48.355   545  6032 I DownloadManager: in removeSpuriousFiles, preserving file /data/data/com.android.providers.downloads/cache/metadata-55.htm
07-05 13:51:48.355   545  6032 I DownloadManager: in removeSpuriousFiles, preserving file /data/data/com.android.providers.downloads/cache/metadata-757.htm
07-05 13:51:48.355   545  6032 I DownloadManager: in removeSpuriousFiles, preserving file /data/data/com.android.providers.downloads/cache/metadata-91.htm
07-05 13:51:48.355   545  6032 I DownloadManager: in removeSpuriousFiles, preserving file /data/data/com.android.providers.downloads/cache/metadata-1319.htm
07-05 13:51:48.355   545  6032 I DownloadManager: in removeSpuriousFiles, preserving file /data/data/com.android.providers.downloads/cache/metadata-58.htm
07-05 13:51:48.355   545  6032 I DownloadManager: in removeSpuriousFiles, preserving file /data/data/com.android.providers.downloads/cache/metadata-67.htm
07-05 13:51:48.355   545  6032 I DownloadManager: in removeSpuriousFiles, preserving file /data/data/com.android.providers.downloads/cache/metadata-501.htm
07-05 13:51:48.355   545  6032 I DownloadManager: in removeSpuriousFiles, preserving file /data/data/com.android.providers.downloads/cache/metadata-11.htm
07-05 13:51:48.355   545  6032 I DownloadManager: in removeSpuriousFiles, preserving file /data/data/com.android.providers.downloads/cache/metadata-561.htm
07-05 13:51:48.355   545  6032 I DownloadManager: in removeSpuriousFiles, preserving file /data/data/com.android.providers.downloads/cache/metadata-556.htm
07-05 13:51:48.355   545  6032 I DownloadManager: in removeSpuriousFiles, preserving file /data/data/com.android.providers.downloads/cache/metadata-475.htm
07-05 13:51:48.363   545  6032 I DownloadManager: in removeSpuriousFiles, preserving file /data/data/com.android.providers.downloads/cache/metadata-60.htm
07-05 13:51:48.363   545  6032 I DownloadManager: in removeSpuriousFiles, preserving file /data/data/com.android.providers.downloads/cache/metadata-539.htm
07-05 13:51:48.375   545  6032 I DownloadManager: in removeSpuriousFiles, preserving file /data/data/com.android.providers.downloads/cache/metadata-153.htm
07-05 13:51:48.375   545  6032 I DownloadManager: in removeSpuriousFiles, preserving file /data/data/com.android.providers.downloads/cache/metadata-1471.htm
07-05 13:51:48.375   545  6032 I DownloadManager: in removeSpuriousFiles, preserving file /data/data/com.android.providers.downloads/cache/metadata-526.htm
07-05 13:51:48.375   545  6032 I DownloadManager: in removeSpuriousFiles, preserving file /data/data/com.android.providers.downloads/cache/metadata-845.htm
07-05 13:51:48.375   545  6032 I DownloadManager: in removeSpuriousFiles, preserving file /data/data/com.android.providers.downloads/cache/metadata-1052.htm
07-05 13:51:48.375   545  6032 I DownloadManager: in removeSpuriousFiles, preserving file /data/data/com.android.providers.downloads/cache/metadata-1794.htm
07-05 13:51:48.375   545  6032 I DownloadManager: in removeSpuriousFiles, preserving file /data/data/com.android.providers.downloads/cache/metadata-511.htm
07-05 13:51:48.375   545  6032 I DownloadManager: in removeSpuriousFiles, preserving file /data/data/com.android.providers.downloads/cache/metadata-230.htm
07-05 13:51:48.375   545  6032 I DownloadManager: in removeSpuriousFiles, preserving file /data/data/com.android.providers.downloads/cache/metadata-245.htm
07-05 13:51:48.375   545  6032 I DownloadManager: in removeSpuriousFiles, preserving file /data/data/com.android.providers.downloads/cache/metadata-1093.htm
07-05 13:51:48.375   545  6032 I DownloadManager: in removeSpuriousFiles, preserving file /data/data/com.android.providers.downloads/cache/metadata-1140.htm
07-05 13:51:48.379   545  6032 I DownloadManager: in removeSpuriousFiles, preserving file /data/data/com.android.providers.downloads/cache/metadata-580.htm
07-05 13:51:48.379   545  6032 I DownloadManager: in removeSpuriousFiles, preserving file /data/data/com.android.providers.downloads/cache/metadata-789.htm
07-05 13:51:48.383   545  6032 I DownloadManager: in removeSpuriousFiles, preserving file /data/data/com.android.providers.downloads/cache/metadata-130.htm
07-05 13:51:48.383   545  6032 I DownloadManager: in removeSpuriousFiles, preserving file /data/data/com.android.providers.downloads/cache/metadata-143.htm
07-05 13:51:48.383   545  6032 I DownloadManager: in removeSpuriousFiles, preserving file /data/data/com.android.providers.downloads/cache/metadata-1406.htm
07-05 13:51:48.386   545  6032 I DownloadManager: in removeSpuriousFiles, preserving file /data/data/com.android.providers.downloads/cache/metadata-1950.htm
07-05 13:51:48.390   545  6032 I DownloadManager: in removeSpuriousFiles, preserving file /data/data/com.android.providers.downloads/cache/metadata-199.htm
07-05 13:51:48.390   545  6032 I DownloadManager: in removeSpuriousFiles, preserving file /data/data/com.android.providers.downloads/cache/metadata-395.htm
07-05 13:51:48.390   545  6032 I DownloadManager: in removeSpuriousFiles, preserving file /data/data/com.android.providers.downloads/cache/metadata-1476.htm
07-05 13:51:48.390   545  6032 I DownloadManager: in removeSpuriousFiles, preserving file /data/data/com.android.providers.downloads/cache/metadata-586.htm
07-05 13:51:48.394   545  6032 I DownloadManager: in removeSpuriousFiles, preserving file /data/data/com.android.providers.downloads/cache/metadata-201.htm
07-05 13:51:48.394   545  6032 I DownloadManager: in removeSpuriousFiles, preserving file /data/data/com.android.providers.downloads/cache/metadata-1066.htm
07-05 13:51:48.398   545  6032 I DownloadManager: in removeSpuriousFiles, preserving file /data/data/com.android.providers.downloads/cache/metadata-413.htm
07-05 13:51:48.398   545  6032 I DownloadManager: in removeSpuriousFiles, preserving file /data/data/com.android.providers.downloads/cache/metadata-505.htm
07-05 13:51:48.398   545  6032 I DownloadManager: in removeSpuriousFiles, preserving file /data/data/com.android.providers.downloads/cache/metadata-652.htm
07-05 13:51:48.402   545  6032 I DownloadManager: in removeSpuriousFiles, preserving file /data/data/com.android.providers.downloads/cache/metadata-641.htm
07-05 13:51:48.402   545  6032 I DownloadManager: in removeSpuriousFiles, preserving file /data/data/com.android.providers.downloads/cache/metadata-690.htm
07-05 13:51:48.406   545  6032 I DownloadManager: in removeSpuriousFiles, preserving file /data/data/com.android.providers.downloads/cache/metadata-2028.htm
07-05 13:51:48.410   545  6032 I DownloadManager: in removeSpuriousFiles, preserving file /data/data/com.android.providers.downloads/cache/metadata-1384.htm
07-05 13:51:48.410   545  6032 I DownloadManager: in removeSpuriousFiles, preserving file /data/data/com.android.providers.downloads/cache/metadata-1348.htm
07-05 13:51:48.410   545  6032 I DownloadManager: in removeSpuriousFiles, preserving file /data/data/com.android.providers.downloads/cache/metadata-365.htm
07-05 13:51:48.414   545  6032 I DownloadManager: in removeSpuriousFiles, preserving file /data/data/com.android.providers.downloads/cache/metadata-416.htm
07-05 13:51:48.418   545  6032 I DownloadManager: in removeSpuriousFiles, preserving file /data/data/com.android.providers.downloads/cache/metadata-594.htm
07-05 13:51:48.429   545  6032 I DownloadManager: in removeSpuriousFiles, preserving file /data/data/com.android.providers.downloads/cache/metadata-608.htm
07-05 13:51:48.433   545  6032 I DownloadManager: in removeSpuriousFiles, preserving file /data/data/com.android.providers.downloads/cache/metadata-1223.htm
07-05 13:51:48.433   545  6032 I DownloadManager: in removeSpuriousFiles, preserving file /data/data/com.android.providers.downloads/cache/metadata-583.htm
07-05 13:51:48.437   545  6032 I DownloadManager: in removeSpuriousFiles, preserving file /data/data/com.android.providers.downloads/cache/metadata-324.htm
07-05 13:51:48.437   545  6032 I DownloadManager: in removeSpuriousFiles, preserving file /data/data/com.android.providers.downloads/cache/metadata-1327.htm
07-05 13:51:48.437   545  6032 I DownloadManager: in removeSpuriousFiles, preserving file /data/data/com.android.providers.downloads/cache/metadata-2522.htm
07-05 13:51:48.441   545  6032 I DownloadManager: in removeSpuriousFiles, preserving file /data/data/com.android.providers.downloads/cache/metadata-918.htm
07-05 13:51:48.441   545   548 D dalvikvm: GC_CONCURRENT freed 520K, 8% free 10807K/11719K, paused 2ms+3ms
07-05 13:51:48.441   545  6032 I DownloadManager: in removeSpuriousFiles, preserving file /data/data/com.android.providers.downloads/cache/metadata-797.htm
07-05 13:51:48.441   545  6032 I DownloadManager: in removeSpuriousFiles, preserving file /data/data/com.android.providers.downloads/cache/metadata-2300.htm
07-05 13:51:48.441   545  6032 I DownloadManager: in removeSpuriousFiles, preserving file /data/data/com.android.providers.downloads/cache/metadata-1117.htm
07-05 13:51:48.445   545  6032 I DownloadManager: in removeSpuriousFiles, preserving file /data/data/com.android.providers.downloads/cache/metadata-2798.htm
07-05 13:51:48.445   545  6032 I DownloadManager: in removeSpuriousFiles, preserving file /data/data/com.android.providers.downloads/cache/metadata-1013.htm
07-05 13:51:48.457   545  6032 I DownloadManager: in removeSpuriousFiles, preserving file /data/data/com.android.providers.downloads/cache/metadata-615.htm
07-05 13:51:48.457   545  6032 I DownloadManager: in removeSpuriousFiles, preserving file /data/data/com.android.providers.downloads/cache/metadata-1119.htm
07-05 13:51:48.457   545  6032 I DownloadManager: in removeSpuriousFiles, preserving file /data/data/com.android.providers.downloads/cache/metadata-315.htm
07-05 13:51:48.457   545  6032 I DownloadManager: in removeSpuriousFiles, preserving file /data/data/com.android.providers.downloads/cache/metadata-1443.htm
07-05 13:51:48.461   545  6032 I DownloadManager: in removeSpuriousFiles, preserving file /data/data/com.android.providers.downloads/cache/metadata-89.htm
07-05 13:51:48.461   545  6032 I DownloadManager: in removeSpuriousFiles, preserving file /data/data/com.android.providers.downloads/cache/metadata-196.htm
07-05 13:51:48.465   545  6032 I DownloadManager: in removeSpuriousFiles, preserving file /data/data/com.android.providers.downloads/cache/metadata-522.htm
07-05 13:51:48.465   545  6032 I DownloadManager: in removeSpuriousFiles, preserving file /data/data/com.android.providers.downloads/cache/metadata-540.htm
07-05 13:51:48.465   545  6032 I DownloadManager: in removeSpuriousFiles, preserving file /data/data/com.android.providers.downloads/cache/metadata-947.htm
07-05 13:51:48.465   545  6032 I DownloadManager: in removeSpuriousFiles, preserving file /data/data/com.android.providers.downloads/cache/metadata-299.htm
07-05 13:51:48.468   545  6032 I DownloadManager: in removeSpuriousFiles, preserving file /data/data/com.android.providers.downloads/cache/metadata-986.htm
07-05 13:51:48.468   545  6032 I DownloadManager: in removeSpuriousFiles, preserving file /data/data/com.android.providers.downloads/cache/metadata-525.htm
07-05 13:51:48.468   545  6032 I DownloadManager: in removeSpuriousFiles, preserving file /data/data/com.android.providers.downloads/cache/metadata-1862.htm
07-05 13:51:48.468   545  6032 I DownloadManager: in removeSpuriousFiles, preserving file /data/data/com.android.providers.downloads/cache/metadata-1588.htm
07-05 13:51:48.472   545  6032 I DownloadManager: in removeSpuriousFiles, preserving file /data/data/com.android.providers.downloads/cache/metadata-1607.htm
07-05 13:51:48.472   545  6032 I DownloadManager: in removeSpuriousFiles, preserving file /data/data/com.android.providers.downloads/cache/metadata-959.htm
07-05 13:51:48.472   545  6032 I DownloadManager: in removeSpuriousFiles, preserving file /data/data/com.android.providers.downloads/cache/metadata-1587.htm
07-05 13:51:48.472   545  6032 I DownloadManager: in removeSpuriousFiles, preserving file /data/data/com.android.providers.downloads/cache/metadata-1411.htm
07-05 13:51:48.472   545  6032 I DownloadManager: in removeSpuriousFiles, preserving file /data/data/com.android.providers.downloads/cache/metadata-1456.htm
07-05 13:51:48.476   545  6032 I DownloadManager: in removeSpuriousFiles, preserving file /data/data/com.android.providers.downloads/cache/metadata-1214.htm
07-05 13:51:48.476   545  6032 I DownloadManager: in removeSpuriousFiles, preserving file /data/data/com.android.providers.downloads/cache/metadata-1234.htm
07-05 13:51:48.476   545  6032 I DownloadManager: in removeSpuriousFiles, preserving file /data/data/com.android.providers.downloads/cache/metadata-560.htm
07-05 13:51:48.476   545  6032 I DownloadManager: in removeSpuriousFiles, preserving file /data/data/com.android.providers.downloads/cache/metadata-1894.htm
07-05 13:51:48.480   545  6032 I DownloadManager: in removeSpuriousFiles, preserving file /data/data/com.android.providers.downloads/cache/metadata-2172.htm
07-05 13:51:48.480   545  6032 I DownloadManager: in removeSpuriousFiles, preserving file /data/data/com.android.providers.downloads/cache/metadata-884.htm
07-05 13:51:48.480   545  6032 I DownloadManager: in removeSpuriousFiles, preserving file /data/data/com.android.providers.downloads/cache/metadata-911.htm
07-05 13:51:48.480   545  6032 I DownloadManager: in removeSpuriousFiles, preserving file /data/data/com.android.providers.downloads/cache/metadata-1811.htm
07-05 13:51:48.480   545  6032 I DownloadManager: in removeSpuriousFiles, preserving file /data/data/com.android.providers.downloads/cache/metadata-601.htm
07-05 13:51:48.484   545  6032 I DownloadManager: in removeSpuriousFiles, preserving file /data/data/com.android.providers.downloads/cache/metadata-658.htm
07-05 13:51:48.484   545  6032 I DownloadManager: in removeSpuriousFiles, preserving file /data/data/com.android.providers.downloads/cache/metadata-1034.htm
07-05 13:51:48.488   545  6032 I DownloadManager: in removeSpuriousFiles, preserving file /data/data/com.android.providers.downloads/cache/metadata-828.htm
07-05 13:51:48.488   545  6032 I DownloadManager: in removeSpuriousFiles, preserving file /data/data/com.android.providers.downloads/cache/metadata-569.htm
07-05 13:51:48.488   545  6032 I DownloadManager: in removeSpuriousFiles, preserving file /data/data/com.android.providers.downloads/cache/metadata-2085.htm
07-05 13:51:48.488   545  6032 I DownloadManager: in removeSpuriousFiles, preserving file /data/data/com.android.providers.downloads/cache/metadata-2003.htm
07-05 13:51:48.492   545  6032 I DownloadManager: in removeSpuriousFiles, preserving file /data/data/com.android.providers.downloads/cache/metadata-2442.htm
07-05 13:51:48.492   545  6032 I DownloadManager: in removeSpuriousFiles, preserving file /data/data/com.android.providers.downloads/cache/metadata-1235.htm
07-05 13:51:48.492   545  6032 I DownloadManager: in removeSpuriousFiles, preserving file /data/data/com.android.providers.downloads/cache/metadata-815.htm
07-05 13:51:48.492   545  6032 I DownloadManager: in removeSpuriousFiles, preserving file /data/data/com.android.providers.downloads/cache/metadata-1470.htm
07-05 13:51:48.496   545  6032 I DownloadManager: in removeSpuriousFiles, preserving file /data/data/com.android.providers.downloads/cache/metadata-751.htm
07-05 13:51:48.496   545  6032 I DownloadManager: in removeSpuriousFiles, preserving file /data/data/com.android.providers.downloads/cache/metadata-599.htm
07-05 13:51:48.496   545  6032 I DownloadManager: in removeSpuriousFiles, preserving file /data/data/com.android.providers.downloads/cache/metadata-1538.htm
07-05 13:51:48.496   545  6032 I DownloadManager: in removeSpuriousFiles, preserving file /data/data/com.android.providers.downloads/cache/metadata-1534.htm
07-05 13:51:48.500   545  6032 I DownloadManager: in removeSpuriousFiles, preserving file /data/data/com.android.providers.downloads/cache/metadata-774.htm
07-05 13:51:48.500   545  6032 I DownloadManager: in removeSpuriousFiles, preserving file /data/data/com.android.providers.downloads/cache/metadata-1861.htm
07-05 13:51:48.500   545  6032 I DownloadManager: in removeSpuriousFiles, preserving file /data/data/com.android.providers.downloads/cache/metadata-1592.htm
07-05 13:51:48.500   545  6032 I DownloadManager: in removeSpuriousFiles, preserving file /data/data/com.android.providers.downloads/cache/metadata-1781.htm
07-05 13:51:48.504   545  6032 I DownloadManager: in removeSpuriousFiles, preserving file /data/data/com.android.providers.downloads/cache/metadata-1197.htm
07-05 13:51:48.504   545  6032 I DownloadManager: in removeSpuriousFiles, preserving file /data/data/com.android.providers.downloads/cache/metadata-645.htm
07-05 13:51:48.504   545  6032 I DownloadManager: in removeSpuriousFiles, preserving file /data/data/com.android.providers.downloads/cache/metadata-1215.htm
07-05 13:51:48.504   545  6032 I DownloadManager: in removeSpuriousFiles, preserving file /data/data/com.android.providers.downloads/cache/metadata-735.htm
07-05 13:51:48.508   545  6032 I DownloadManager: in removeSpuriousFiles, preserving file /data/data/com.android.providers.downloads/cache/metadata-1313.htm
07-05 13:51:48.508   545  6032 I DownloadManager: in removeSpuriousFiles, preserving file /data/data/com.android.providers.downloads/cache/metadata-10.htm
07-05 13:51:48.511   545  6032 I DownloadManager: in removeSpuriousFiles, preserving file /data/data/com.android.providers.downloads/cache/metadata-5.htm
07-05 13:51:48.511   545  6032 I DownloadManager: in removeSpuriousFiles, preserving file /data/data/com.android.providers.downloads/cache/metadata-17.htm
07-05 13:51:48.511   545  6032 I DownloadManager: in removeSpuriousFiles, preserving file /data/data/com.android.providers.downloads/cache/metadata-16.htm
07-05 13:51:48.511   545  6032 I DownloadManager: in removeSpuriousFiles, preserving file /data/data/com.android.providers.downloads/cache/metadata-32.htm
07-05 13:51:48.511   545  6032 I DownloadManager: in removeSpuriousFiles, preserving file /data/data/com.android.providers.downloads/cache/metadata-259.htm
07-05 13:51:48.511   545  6032 I DownloadManager: in removeSpuriousFiles, preserving file /data/data/com.android.providers.downloads/cache/metadata-21.htm
07-05 13:51:48.511   545  6032 I DownloadManager: in removeSpuriousFiles, preserving file /data/data/com.android.providers.downloads/cache/metadata-555.htm
07-05 13:51:48.511   545  6032 I DownloadManager: in removeSpuriousFiles, preserving file /data/data/com.android.providers.downloads/cache/metadata-59.htm
07-05 13:51:48.511   545  6032 I DownloadManager: in removeSpuriousFiles, preserving file /data/data/com.android.providers.downloads/cache/metadata-40.htm
07-05 13:51:48.511   545  6032 I DownloadManager: in removeSpuriousFiles, preserving file /data/data/com.android.providers.downloads/cache/metadata-37.htm
07-05 13:51:48.511   545  6032 I DownloadManager: in removeSpuriousFiles, preserving file /data/data/com.android.providers.downloads/cache/metadata-114.htm
07-05 13:51:48.511   545  6032 I DownloadManager: in removeSpuriousFiles, preserving file /data/data/com.android.providers.downloads/cache/metadata-42.htm
07-05 13:51:48.511   545  6032 I DownloadManager: in removeSpuriousFiles, preserving file /data/data/com.android.providers.downloads/cache/metadata-64.htm
07-05 13:51:48.511   545  6032 I DownloadManager: in removeSpuriousFiles, preserving file /data/data/com.android.providers.downloads/cache/metadata-44.htm
07-05 13:51:48.511   545  6032 I DownloadManager: in removeSpuriousFiles, preserving file /data/data/com.android.providers.downloads/cache/metadata-145.htm
07-05 13:51:48.511   545  6032 I DownloadManager: in removeSpuriousFiles, preserving file /data/data/com.android.providers.downloads/cache/metadata-79.htm
07-05 13:51:48.511   545  6032 I DownloadManager: in removeSpuriousFiles, preserving file /data/data/com.android.providers.downloads/cache/metadata-72.htm
07-05 13:51:48.511   545  6032 I DownloadManager: in removeSpuriousFiles, preserving file /data/data/com.android.providers.downloads/cache/metadata-124.htm
07-05 13:51:48.511   545  6032 I DownloadManager: in removeSpuriousFiles, preserving file /data/data/com.android.providers.downloads/cache/metadata-104.htm
07-05 13:51:48.515   545  6032 I DownloadManager: in removeSpuriousFiles, preserving file /data/data/com.android.providers.downloads/cache/metadata-965.htm
07-05 13:51:48.515   545  6032 I DownloadManager: in removeSpuriousFiles, preserving file /data/data/com.android.providers.downloads/cache/metadata-68.htm
07-05 13:51:48.515   545  6032 I DownloadManager: in removeSpuriousFiles, preserving file /data/data/com.android.providers.downloads/cache/metadata-233.htm
07-05 13:51:48.515   545  6032 I DownloadManager: in removeSpuriousFiles, preserving file /data/data/com.android.providers.downloads/cache/metadata-181.htm
07-05 13:51:48.515   545  6032 I DownloadManager: in removeSpuriousFiles, preserving file /data/data/com.android.providers.downloads/cache/metadata-135.htm
07-05 13:51:48.515   545  6032 I DownloadManager: in removeSpuriousFiles, preserving file /data/data/com.android.providers.downloads/cache/metadata-148.htm
07-05 13:51:48.515   545  6032 I DownloadManager: in removeSpuriousFiles, preserving file /data/data/com.android.providers.downloads/cache/metadata-102.htm
07-05 13:51:48.515   545  6032 I DownloadManager: in removeSpuriousFiles, preserving file /data/data/com.android.providers.downloads/cache/metadata-1487.htm
07-05 13:51:48.515   545  6032 I DownloadManager: in removeSpuriousFiles, preserving file /data/data/com.android.providers.downloads/cache/metadata-70.htm
07-05 13:51:48.515   545  6032 I DownloadManager: in removeSpuriousFiles, preserving file /data/data/com.android.providers.downloads/cache/metadata-585.htm
07-05 13:51:48.515   545  6032 I DownloadManager: in removeSpuriousFiles, preserving file /data/data/com.android.providers.downloads/cache/metadata-120.htm
07-05 13:51:48.515   545  6032 I DownloadManager: in removeSpuriousFiles, preserving file /data/data/com.android.providers.downloads/cache/metadata-787.htm
07-05 13:51:48.515   545  6032 I DownloadManager: in removeSpuriousFiles, preserving file /data/data/com.android.providers.downloads/cache/metadata-703.htm
07-05 13:51:48.515   545  6032 I DownloadManager: in removeSpuriousFiles, preserving file /data/data/com.android.providers.downloads/cache/metadata-292.htm
07-05 13:51:48.515   545  6032 I DownloadManager: in removeSpuriousFiles, preserving file /data/data/com.android.providers.downloads/cache/metadata-312.htm
07-05 13:51:48.519   545  6032 I DownloadManager: in removeSpuriousFiles, preserving file /data/data/com.android.providers.downloads/cache/metadata-1539.htm
07-05 13:51:48.519   545  6032 I DownloadManager: in removeSpuriousFiles, preserving file /data/data/com.android.providers.downloads/cache/metadata-151.htm
07-05 13:51:48.519   545  6032 I DownloadManager: in removeSpuriousFiles, preserving file /data/data/com.android.providers.downloads/cache/metadata-1149.htm
07-05 13:51:48.519   545  6032 I DownloadManager: in removeSpuriousFiles, preserving file /data/data/com.android.providers.downloads/cache/metadata-301.htm
07-05 13:51:48.519   545  6032 I DownloadManager: in removeSpuriousFiles, preserving file /data/data/com.android.providers.downloads/cache/metadata-691.htm
07-05 13:51:48.519   545  6032 I DownloadManager: in removeSpuriousFiles, preserving file /data/data/com.android.providers.downloads/cache/metadata-161.htm
07-05 13:51:48.519   545  6032 I DownloadManager: in removeSpuriousFiles, preserving file /data/data/com.android.providers.downloads/cache/metadata-1630.htm
07-05 13:51:48.519   545  6032 I DownloadManager: in removeSpuriousFiles, preserving file /data/data/com.android.providers.downloads/cache/metadata-158.htm
07-05 13:51:48.519   545  6032 I DownloadManager: in removeSpuriousFiles, preserving file /data/data/com.android.providers.downloads/cache/metadata-109.htm
07-05 13:51:48.519   545  6032 I DownloadManager: in removeSpuriousFiles, preserving file /data/data/com.android.providers.downloads/cache/metadata-958.htm
07-05 13:51:48.519   545  6032 I DownloadManager: in removeSpuriousFiles, preserving file /data/data/com.android.providers.downloads/cache/metadata-219.htm
07-05 13:51:48.523   545  6032 I DownloadManager: in removeSpuriousFiles, preserving file /data/data/com.android.providers.downloads/cache/metadata-319.htm
07-05 13:51:48.523   545  6032 I DownloadManager: in removeSpuriousFiles, preserving file /data/data/com.android.providers.downloads/cache/metadata-252.htm
07-05 13:51:48.523   545  6032 I DownloadManager: in removeSpuriousFiles, preserving file /data/data/com.android.providers.downloads/cache/metadata-123.htm
07-05 13:51:48.523   545  6032 I DownloadManager: in removeSpuriousFiles, preserving file /data/data/com.android.providers.downloads/cache/metadata-1320.htm
07-05 13:51:48.523   545  6032 I DownloadManager: in removeSpuriousFiles, preserving file /data/data/com.android.providers.downloads/cache/metadata-657.htm
07-05 13:51:48.523   545  6032 I DownloadManager: in removeSpuriousFiles, preserving file /data/data/com.android.providers.downloads/cache/metadata-1033.htm
07-05 13:51:48.523   545  6032 I DownloadManager: in removeSpuriousFiles, preserving file /data/data/com.android.providers.downloads/cache/metadata-90.htm
07-05 13:51:48.527   545  6032 I DownloadManager: in removeSpuriousFiles, preserving file /data/data/com.android.providers.downloads/cache/metadata-192.htm
07-05 13:51:48.527   545  6032 I DownloadManager: in removeSpuriousFiles, preserving file /data/data/com.android.providers.downloads/cache/metadata-1307.htm
07-05 13:51:48.527   545  6032 I DownloadManager: in removeSpuriousFiles, preserving file /data/data/com.android.providers.downloads/cache/metadata-398.htm
07-05 13:51:48.527   545  6032 I DownloadManager: in removeSpuriousFiles, preserving file /data/data/com.android.providers.downloads/cache/metadata-206.htm
07-05 13:51:48.527   545  6032 I DownloadManager: in removeSpuriousFiles, preserving file /data/data/com.android.providers.downloads/cache/metadata-116.htm
07-05 13:51:48.527   545  6032 I DownloadManager: in removeSpuriousFiles, preserving file /data/data/com.android.providers.downloads/cache/metadata-886.htm
07-05 13:51:48.531   545  6032 I DownloadManager: in removeSpuriousFiles, preserving file /data/data/com.android.providers.downloads/cache/metadata-1252.htm
07-05 13:51:48.531   545  6032 I DownloadManager: in removeSpuriousFiles, preserving file /data/data/com.android.providers.downloads/cache/metadata-739.htm
07-05 13:51:48.531   545  6032 I DownloadManager: in removeSpuriousFiles, preserving file /data/data/com.android.providers.downloads/cache/metadata-1125.htm
07-05 13:51:48.531   545  6032 I DownloadManager: in removeSpuriousFiles, preserving file /data/data/com.android.providers.downloads/cache/metadata-846.htm
07-05 13:51:48.531   545  6032 I DownloadManager: in removeSpuriousFiles, preserving file /data/data/com.android.providers.downloads/cache/metadata-862.htm
07-05 13:51:48.531   545  6032 I DownloadManager: in removeSpuriousFiles, preserving file /data/data/com.android.providers.downloads/cache/metadata-224.htm
07-05 13:51:48.535   545  6032 I DownloadManager: in removeSpuriousFiles, preserving file /data/data/com.android.providers.downloads/cache/metadata-1272.htm
07-05 13:51:48.535   545  6032 I DownloadManager: in removeSpuriousFiles, preserving file /data/data/com.android.providers.downloads/cache/metadata-939.htm
07-05 13:51:48.535   545  6032 I DownloadManager: in removeSpuriousFiles, preserving file /data/data/com.android.providers.downloads/cache/metadata-1376.htm
07-05 13:51:48.539   545  6032 I DownloadManager: in removeSpuriousFiles, preserving file /data/data/com.android.providers.downloads/cache/metadata-598.htm
07-05 13:51:48.539   545  6032 I DownloadManager: in removeSpuriousFiles, preserving file /data/data/com.android.providers.downloads/cache/metadata-1489.htm
07-05 13:51:48.539   545  6032 I DownloadManager: in removeSpuriousFiles, preserving file /data/data/com.android.providers.downloads/cache/metadata-606.htm
07-05 13:51:48.539   545  6032 I DownloadManager: in removeSpuriousFiles, preserving file /data/data/com.android.providers.downloads/cache/metadata-562.htm
07-05 13:51:48.539   545  6032 I DownloadManager: in removeSpuriousFiles, preserving file /data/data/com.android.providers.downloads/cache/metadata-1609.htm
07-05 13:51:48.543   545  6032 I DownloadManager: in removeSpuriousFiles, preserving file /data/data/com.android.providers.downloads/cache/metadata-1504.htm
07-05 13:51:48.543   545  6032 I DownloadManager: in removeSpuriousFiles, preserving file /data/data/com.android.providers.downloads/cache/metadata-1137.htm
07-05 13:51:48.543   545  6032 I DownloadManager: in removeSpuriousFiles, preserving file /data/data/com.android.providers.downloads/cache/metadata-1769.htm
07-05 13:51:48.543   545  6032 I DownloadManager: in removeSpuriousFiles, preserving file /data/data/com.android.providers.downloads/cache/metadata-565.htm
07-05 13:51:48.543   545  6032 I DownloadManager: in removeSpuriousFiles, preserving file /data/data/com.android.providers.downloads/cache/metadata-1178.htm
07-05 13:51:48.547   545  6032 I DownloadManager: in removeSpuriousFiles, preserving file /data/data/com.android.providers.downloads/cache/metadata-1415.htm
07-05 13:51:48.547   545  6032 I DownloadManager: in removeSpuriousFiles, preserving file /data/data/com.android.providers.downloads/cache/metadata-182.htm
07-05 13:51:48.547   545  6032 I DownloadManager: in removeSpuriousFiles, preserving file /data/data/com.android.providers.downloads/cache/metadata-345.htm
07-05 13:51:48.547   545  6032 I DownloadManager: in removeSpuriousFiles, preserving file /data/data/com.android.providers.downloads/cache/metadata-2091.htm
07-05 13:51:48.547   545  6032 I DownloadManager: in removeSpuriousFiles, preserving file /data/data/com.android.providers.downloads/cache/metadata-1815.htm
07-05 13:51:48.550   545  6032 I DownloadManager: in removeSpuriousFiles, preserving file /data/data/com.android.providers.downloads/cache/metadata-940.htm
07-05 13:51:48.550   545  6032 I DownloadManager: in removeSpuriousFiles, preserving file /data/data/com.android.providers.downloads/cache/metadata-609.htm
07-05 13:51:48.550   545  6032 I DownloadManager: in removeSpuriousFiles, preserving file /data/data/com.android.providers.downloads/cache/metadata-1139.htm
07-05 13:51:48.550   545  6032 I DownloadManager: in removeSpuriousFiles, preserving file /data/data/com.android.providers.downloads/cache/metadata-1212.htm
07-05 13:51:48.550   545  6032 I DownloadManager: in removeSpuriousFiles, preserving file /data/data/com.android.providers.downloads/cache/metadata-1458.htm
07-05 13:51:48.554   545  6032 I DownloadManager: in removeSpuriousFiles, preserving file /data/data/com.android.providers.downloads/cache/metadata-77.htm
07-05 13:51:48.554   545  6032 I DownloadManager: in removeSpuriousFiles, preserving file /data/data/com.android.providers.downloads/cache/metadata-1280.htm
07-05 13:51:48.558   545  6032 I DownloadManager: in removeSpuriousFiles, preserving file /data/data/com.android.providers.downloads/cache/metadata-1218.htm
07-05 13:51:48.558   545  6032 I DownloadManager: in removeSpuriousFiles, preserving file /data/data/com.android.providers.downloads/cache/metadata-661.htm
07-05 13:51:48.558   545  6032 I DownloadManager: in removeSpuriousFiles, preserving file /data/data/com.android.providers.downloads/cache/metadata-317.htm
07-05 13:51:48.558   545  6032 I DownloadManager: in removeSpuriousFiles, preserving file /data/data/com.android.providers.downloads/cache/metadata-1039.htm
07-05 13:51:48.562   545  6032 I DownloadManager: in removeSpuriousFiles, preserving file /data/data/com.android.providers.downloads/cache/metadata-1393.htm
07-05 13:51:48.562   545  6032 I DownloadManager: in removeSpuriousFiles, preserving file /data/data/com.android.providers.downloads/cache/metadata-926.htm
07-05 13:51:48.562   545  6032 I DownloadManager: in removeSpuriousFiles, preserving file /data/data/com.android.providers.downloads/cache/metadata-696.htm
07-05 13:51:48.562   545  6032 I DownloadManager: in removeSpuriousFiles, preserving file /data/data/com.android.providers.downloads/cache/metadata-763.htm
07-05 13:51:48.566   545  6032 I DownloadManager: in removeSpuriousFiles, preserving file /data/data/com.android.providers.downloads/cache/metadata-1521.htm
07-05 13:51:48.566   545  6032 I DownloadManager: in removeSpuriousFiles, preserving file /data/data/com.android.providers.downloads/cache/metadata-663.htm
07-05 13:51:48.566   545  6032 I DownloadManager: in removeSpuriousFiles, preserving file /data/data/com.android.providers.downloads/cache/metadata-1126.htm
07-05 13:51:48.566   545  6032 I DownloadManager: in removeSpuriousFiles, preserving file /data/data/com.android.providers.downloads/cache/metadata-567.htm
07-05 13:51:48.566   545  6032 I DownloadManager: in removeSpuriousFiles, preserving file /data/data/com.android.providers.downloads/cache/metadata-1401.htm
07-05 13:51:48.570   545  6032 I DownloadManager: in removeSpuriousFiles, preserving file /data/data/com.android.providers.downloads/cache/metadata-209.htm
07-05 13:51:48.570   545  6032 I DownloadManager: in removeSpuriousFiles, preserving file /data/data/com.android.providers.downloads/cache/metadata-1091.htm
07-05 13:51:48.570   545  6032 I DownloadManager: in removeSpuriousFiles, preserving file /data/data/com.android.providers.downloads/cache/metadata-1890.htm
07-05 13:51:48.570   545  6032 I DownloadManager: in removeSpuriousFiles, preserving file /data/data/com.android.providers.downloads/cache/metadata-1110.htm
07-05 13:51:48.574   545  6032 I DownloadManager: in removeSpuriousFiles, preserving file /data/data/com.android.providers.downloads/cache/metadata-2224.htm
07-05 13:51:48.574   545  6032 I DownloadManager: in removeSpuriousFiles, preserving file /data/data/com.android.providers.downloads/cache/metadata-207.htm
07-05 13:51:48.574   545  6032 I DownloadManager: in removeSpuriousFiles, preserving file /data/data/com.android.providers.downloads/cache/metadata-430.htm
07-05 13:51:48.574   545  6032 I DownloadManager: in removeSpuriousFiles, preserving file /data/data/com.android.providers.downloads/cache/metadata-2026.htm
07-05 13:51:48.574   545  6032 I DownloadManager: in removeSpuriousFiles, preserving file /data/data/com.android.providers.downloads/cache/metadata-1663.htm
07-05 13:51:48.578   545  6032 I DownloadManager: in removeSpuriousFiles, preserving file /data/data/com.android.providers.downloads/cache/metadata-1082.htm
07-05 13:51:48.578   545  6032 I DownloadManager: in removeSpuriousFiles, preserving file /data/data/com.android.providers.downloads/cache/metadata-1692.htm
07-05 13:51:48.578   545  6032 I DownloadManager: in removeSpuriousFiles, preserving file /data/data/com.android.providers.downloads/cache/metadata-1372.htm
07-05 13:51:48.578   545  6032 I DownloadManager: in removeSpuriousFiles, preserving file /data/data/com.android.providers.downloads/cache/metadata-843.htm
07-05 13:51:48.578   545  6032 I DownloadManager: in removeSpuriousFiles, preserving file /data/data/com.android.providers.downloads/cache/metadata-1369.htm
07-05 13:51:48.582   545  6032 I DownloadManager: in removeSpuriousFiles, preserving file /data/data/com.android.providers.downloads/cache/metadata-699.htm
07-05 13:51:48.582   545  6032 I DownloadManager: in removeSpuriousFiles, preserving file /data/data/com.android.providers.downloads/cache/metadata-1096.htm
07-05 13:51:48.582   545  6032 I DownloadManager: in removeSpuriousFiles, preserving file /data/data/com.android.providers.downloads/cache/metadata-1204.htm
07-05 13:51:48.582   545  6032 I DownloadManager: in removeSpuriousFiles, preserving file /data/data/com.android.providers.downloads/cache/metadata-25.htm
07-05 13:51:48.586   545  6032 I DownloadManager: in removeSpuriousFiles, preserving file /data/data/com.android.providers.downloads/cache/metadata-48.htm
07-05 13:51:48.586   545  6032 I DownloadManager: in removeSpuriousFiles, preserving file /data/data/com.android.providers.downloads/cache/metadata-26.htm
07-05 13:51:48.586   545  6032 I DownloadManager: in removeSpuriousFiles, preserving file /data/data/com.android.providers.downloads/cache/metadata-39.htm
07-05 13:51:48.586   545  6032 I DownloadManager: in removeSpuriousFiles, preserving file /data/data/com.android.providers.downloads/cache/metadata-139.htm
07-05 13:51:48.586   545  6032 I DownloadManager: in removeSpuriousFiles, preserving file /data/data/com.android.providers.downloads/cache/metadata-125.htm
07-05 13:51:48.586   545  6032 I DownloadManager: in removeSpuriousFiles, preserving file /data/data/com.android.providers.downloads/cache/metadata-205.htm
07-05 13:51:48.586   545  6032 I DownloadManager: in removeSpuriousFiles, preserving file /data/data/com.android.providers.downloads/cache/metadata-57.htm
07-05 13:51:48.586   545  6032 I DownloadManager: in removeSpuriousFiles, preserving file /data/data/com.android.providers.downloads/cache/metadata-185.htm
07-05 13:51:48.586   545  6032 I DownloadManager: in removeSpuriousFiles, preserving file /data/data/com.android.providers.downloads/cache/metadata-71.htm
07-05 13:51:48.586   545  6032 I DownloadManager: in removeSpuriousFiles, preserving file /data/data/com.android.providers.downloads/cache/metadata-248.htm
07-05 13:51:48.586   545  6032 I DownloadManager: in removeSpuriousFiles, preserving file /data/data/com.android.providers.downloads/cache/metadata-215.htm
07-05 13:51:48.586   545  6032 I DownloadManager: in removeSpuriousFiles, preserving file /data/data/com.android.providers.downloads/cache/metadata-149.htm
07-05 13:51:48.586   545  6032 I DownloadManager: in removeSpuriousFiles, preserving file /data/data/com.android.providers.downloads/cache/metadata-327.htm
07-05 13:51:48.586   545  6032 I DownloadManager: in removeSpuriousFiles, preserving file /data/data/com.android.providers.downloads/cache/metadata-76.htm
07-05 13:51:48.586   545  6032 I DownloadManager: in removeSpuriousFiles, preserving file /data/data/com.android.providers.downloads/cache/metadata-183.htm
07-05 13:51:48.586   545  6032 I DownloadManager: in removeSpuriousFiles, preserving file /data/data/com.android.providers.downloads/cache/metadata-649.htm
07-05 13:51:48.586   545  6032 I DownloadManager: in removeSpuriousFiles, preserving file /data/data/com.android.providers.downloads/cache/metadata-295.htm
07-05 13:51:48.586   545  6032 I DownloadManager: in removeSpuriousFiles, preserving file /data/data/com.android.providers.downloads/cache/metadata-277.htm
07-05 13:51:48.586   545  6032 I DownloadManager: in removeSpuriousFiles, preserving file /data/data/com.android.providers.downloads/cache/metadata-383.htm
07-05 13:51:48.586   545  6032 I DownloadManager: in removeSpuriousFiles, preserving file /data/data/com.android.providers.downloads/cache/metadata-142.htm
07-05 13:51:48.590   545  6032 I DownloadManager: in removeSpuriousFiles, preserving file /data/data/com.android.providers.downloads/cache/metadata-257.htm
07-05 13:51:48.590   545  6032 I DownloadManager: in removeSpuriousFiles, preserving file /data/data/com.android.providers.downloads/cache/metadata-141.htm
07-05 13:51:48.590   545  6032 I DownloadManager: in removeSpuriousFiles, preserving file /data/data/com.android.providers.downloads/cache/metadata-194.htm
07-05 13:51:48.590   545  6032 I DownloadManager: in removeSpuriousFiles, preserving file /data/data/com.android.providers.downloads/cache/metadata-226.htm
07-05 13:51:48.590   545  6032 I DownloadManager: in removeSpuriousFiles, preserving file /data/data/com.android.providers.downloads/cache/metadata-353.htm
07-05 13:51:48.590   545  6032 I DownloadManager: in removeSpuriousFiles, preserving file /data/data/com.android.providers.downloads/cache/metadata-2118.htm
07-05 13:51:48.590   545  6032 I DownloadManager: in removeSpuriousFiles, preserving file /data/data/com.android.providers.downloads/cache/metadata-94.htm
07-05 13:51:48.590   545  6032 I DownloadManager: in removeSpuriousFiles, preserving file /data/data/com.android.providers.downloads/cache/metadata-216.htm
07-05 13:51:48.590   545  6032 I DownloadManager: in removeSpuriousFiles, preserving file /data/data/com.android.providers.downloads/cache/metadata-638.htm
07-05 13:51:48.593   545  6032 I DownloadManager: in removeSpuriousFiles, preserving file /data/data/com.android.providers.downloads/cache/metadata-297.htm
07-05 13:51:48.593   545  6032 I DownloadManager: in removeSpuriousFiles, preserving file /data/data/com.android.providers.downloads/cache/metadata-78.htm
07-05 13:51:48.593   545  6032 I DownloadManager: in removeSpuriousFiles, preserving file /data/data/com.android.providers.downloads/cache/metadata-75.htm
07-05 13:51:48.593   545  6032 I DownloadManager: in removeSpuriousFiles, preserving file /data/data/com.android.providers.downloads/cache/metadata-126.htm
07-05 13:51:48.593   545  6032 I DownloadManager: in removeSpuriousFiles, preserving file /data/data/com.android.providers.downloads/cache/metadata-73.htm
07-05 13:51:48.593   545  6032 I DownloadManager: in removeSpuriousFiles, preserving file /data/data/com.android.providers.downloads/cache/metadata-374.htm
07-05 13:51:48.593   545  6032 I DownloadManager: in removeSpuriousFiles, preserving file /data/data/com.android.providers.downloads/cache/metadata-616.htm
07-05 13:51:48.593   545  6032 I DownloadManager: in removeSpuriousFiles, preserving file /data/data/com.android.providers.downloads/cache/metadata-1397.htm
07-05 13:51:48.593   545  6032 I DownloadManager: in removeSpuriousFiles, preserving file /data/data/com.android.providers.downloads/cache/metadata-255.htm
07-05 13:51:48.593   545  6032 I DownloadManager: in removeSpuriousFiles, preserving file /data/data/com.android.providers.downloads/cache/metadata-348.htm
07-05 13:51:48.593   545  6032 I DownloadManager: in removeSpuriousFiles, preserving file /data/data/com.android.providers.downloads/cache/metadata-251.htm
07-05 13:51:48.593   545  6032 I DownloadManager: in removeSpuriousFiles, preserving file /data/data/com.android.providers.downloads/cache/metadata-1374.htm
07-05 13:51:48.593   545  6032 I DownloadManager: in removeSpuriousFiles, preserving file /data/data/com.android.providers.downloads/cache/metadata-640.htm
07-05 13:51:48.593   545  6032 I DownloadManager: in removeSpuriousFiles, preserving file /data/data/com.android.providers.downloads/cache/metadata-291.htm
07-05 13:51:48.597   545  6032 I DownloadManager: in removeSpuriousFiles, preserving file /data/data/com.android.providers.downloads/cache/metadata-163.htm
07-05 13:51:48.597   545  6032 I DownloadManager: in removeSpuriousFiles, preserving file /data/data/com.android.providers.downloads/cache/metadata-428.htm
07-05 13:51:48.597   545  6032 I DownloadManager: in removeSpuriousFiles, preserving file /data/data/com.android.providers.downloads/cache/metadata-156.htm
07-05 13:51:48.597   545  6032 I DownloadManager: in removeSpuriousFiles, preserving file /data/data/com.android.providers.downloads/cache/metadata-336.htm
07-05 13:51:48.597   545  6032 I DownloadManager: in removeSpuriousFiles, preserving file /data/data/com.android.providers.downloads/cache/metadata-140.htm
07-05 13:51:48.597   545  6032 I DownloadManager: in removeSpuriousFiles, preserving file /data/data/com.android.providers.downloads/cache/metadata-320.htm
07-05 13:51:48.597   545  6032 I DownloadManager: in removeSpuriousFiles, preserving file /data/data/com.android.providers.downloads/cache/metadata-993.htm
07-05 13:51:48.597   545  6032 I DownloadManager: in removeSpuriousFiles, preserving file /data/data/com.android.providers.downloads/cache/metadata-636.htm
07-05 13:51:48.597   545  6032 I DownloadManager: in removeSpuriousFiles, preserving file /data/data/com.android.providers.downloads/cache/metadata-241.htm
07-05 13:51:48.597   545  6032 I DownloadManager: in removeSpuriousFiles, preserving file /data/data/com.android.providers.downloads/cache/metadata-1379.htm
07-05 13:51:48.597   545  6032 I DownloadManager: in removeSpuriousFiles, preserving file /data/data/com.android.providers.downloads/cache/metadata-531.htm
07-05 13:51:48.597   545  6032 I DownloadManager: in removeSpuriousFiles, preserving file /data/data/com.android.providers.downloads/cache/metadata-1038.htm
07-05 13:51:48.601   545  6032 I DownloadManager: in removeSpuriousFiles, preserving file /data/data/com.android.providers.downloads/cache/metadata-184.htm
07-05 13:51:48.601   545  6032 I DownloadManager: in removeSpuriousFiles, preserving file /data/data/com.android.providers.downloads/cache/metadata-550.htm
07-05 13:51:48.601   545  6032 I DownloadManager: in removeSpuriousFiles, preserving file /data/data/com.android.providers.downloads/cache/metadata-385.htm
07-05 13:51:48.601   545  6032 I DownloadManager: in removeSpuriousFiles, preserving file /data/data/com.android.providers.downloads/cache/metadata-1314.htm
07-05 13:51:48.601   545  6032 I DownloadManager: in removeSpuriousFiles, preserving file /data/data/com.android.providers.downloads/cache/metadata-294.htm
07-05 13:51:48.601   545  6032 I DownloadManager: in removeSpuriousFiles, preserving file /data/data/com.android.providers.downloads/cache/metadata-113.htm
07-05 13:51:48.601   545  6032 I DownloadManager: in removeSpuriousFiles, preserving file /data/data/com.android.providers.downloads/cache/metadata-975.htm
07-05 13:51:48.601   545  6032 I DownloadManager: in removeSpuriousFiles, preserving file /data/data/com.android.providers.downloads/cache/metadata-362.htm
07-05 13:51:48.601   545  6032 I DownloadManager: in removeSpuriousFiles, preserving file /data/data/com.android.providers.downloads/cache/metadata-864.htm
07-05 13:51:48.605   545  6032 I DownloadManager: in removeSpuriousFiles, preserving file /data/data/com.android.providers.downloads/cache/metadata-2064.htm
07-05 13:51:48.605   545  6032 I DownloadManager: in removeSpuriousFiles, preserving file /data/data/com.android.providers.downloads/cache/metadata-150.htm
07-05 13:51:48.605   545  6032 I DownloadManager: in removeSpuriousFiles, preserving file /data/data/com.android.providers.downloads/cache/metadata-82.htm
07-05 13:51:48.605   545  6032 I DownloadManager: in removeSpuriousFiles, preserving file /data/data/com.android.providers.downloads/cache/metadata-834.htm
07-05 13:51:48.605   545  6032 I DownloadManager: in removeSpuriousFiles, preserving file /data/data/com.android.providers.downloads/cache/metadata-943.htm
07-05 13:51:48.605   545  6032 I DownloadManager: in removeSpuriousFiles, preserving file /data/data/com.android.providers.downloads/cache/metadata-445.htm
07-05 13:51:48.605   545  6032 I DownloadManager: in removeSpuriousFiles, preserving file /data/data/com.android.providers.downloads/cache/metadata-1490.htm
07-05 13:51:48.605   545  6032 I DownloadManager: in removeSpuriousFiles, preserving file /data/data/com.android.providers.downloads/cache/metadata-1240.htm
07-05 13:51:48.609   545  6032 I DownloadManager: in removeSpuriousFiles, preserving file /data/data/com.android.providers.downloads/cache/metadata-1818.htm
07-05 13:51:48.609   545  6032 I DownloadManager: in removeSpuriousFiles, preserving file /data/data/com.android.providers.downloads/cache/metadata-372.htm
07-05 13:51:48.609   545  6032 I DownloadManager: in removeSpuriousFiles, preserving file /data/data/com.android.providers.downloads/cache/metadata-1419.htm
07-05 13:51:48.609   545  6032 I DownloadManager: in removeSpuriousFiles, preserving file /data/data/com.android.providers.downloads/cache/metadata-874.htm
07-05 13:51:48.609   545  6032 I DownloadManager: in removeSpuriousFiles, preserving file /data/data/com.android.providers.downloads/cache/metadata-2148.htm
07-05 13:51:48.609   545  6032 I DownloadManager: in removeSpuriousFiles, preserving file /data/data/com.android.providers.downloads/cache/metadata-1287.htm
07-05 13:51:48.613   545  6032 I DownloadManager: in removeSpuriousFiles, preserving file /data/data/com.android.providers.downloads/cache/metadata-1031.htm
07-05 13:51:48.613   545  6032 I DownloadManager: in removeSpuriousFiles, preserving file /data/data/com.android.providers.downloads/cache/metadata-2296.htm
07-05 13:51:48.613   545  6032 I DownloadManager: in removeSpuriousFiles, preserving file /data/data/com.android.providers.downloads/cache/metadata-1029.htm
07-05 13:51:48.621   545  6032 I DownloadManager: in removeSpuriousFiles, preserving file /data/data/com.android.providers.downloads/cache/metadata-1853.htm
07-05 13:51:48.621   545  6032 I DownloadManager: in removeSpuriousFiles, preserving file /data/data/com.android.providers.downloads/cache/metadata-1564.htm
07-05 13:51:48.621   545  6032 I DownloadManager: in removeSpuriousFiles, preserving file /data/data/com.android.providers.downloads/cache/metadata-2255.htm
07-05 13:51:48.621   545  6032 I DownloadManager: in removeSpuriousFiles, preserving file /data/data/com.android.providers.downloads/cache/metadata-180.htm
07-05 13:51:48.621   545  6032 I DownloadManager: in removeSpuriousFiles, preserving file /data/data/com.android.providers.downloads/cache/metadata-629.htm
07-05 13:51:48.625   545  6032 I DownloadManager: in removeSpuriousFiles, preserving file /data/data/com.android.providers.downloads/cache/metadata-602.htm
07-05 13:51:48.625   545  6032 I DownloadManager: in removeSpuriousFiles, preserving file /data/data/com.android.providers.downloads/cache/metadata-637.htm
07-05 13:51:48.625   545  6032 I DownloadManager: in removeSpuriousFiles, preserving file /data/data/com.android.providers.downloads/cache/metadata-229.htm
07-05 13:51:48.625   545  6032 I DownloadManager: in removeSpuriousFiles, preserving file /data/data/com.android.providers.downloads/cache/metadata-506.htm
07-05 13:51:48.625   545  6032 I DownloadManager: in removeSpuriousFiles, preserving file /data/data/com.android.providers.downloads/cache/metadata-1305.htm
07-05 13:51:48.625   545  6032 I DownloadManager: in removeSpuriousFiles, preserving file /data/data/com.android.providers.downloads/cache/metadata-756.htm
07-05 13:51:48.629   545  6032 I DownloadManager: in removeSpuriousFiles, preserving file /data/data/com.android.providers.downloads/cache/metadata-2315.htm
07-05 13:51:48.629   545  6032 I DownloadManager: in removeSpuriousFiles, preserving file /data/data/com.android.providers.downloads/cache/metadata-725.htm
07-05 13:51:48.629   545  6032 I DownloadManager: in removeSpuriousFiles, preserving file /data/data/com.android.providers.downloads/cache/metadata-656.htm
07-05 13:51:48.629   545  6032 I DownloadManager: in removeSpuriousFiles, preserving file /data/data/com.android.providers.downloads/cache/metadata-2019.htm
07-05 13:51:48.629   545  6032 I DownloadManager: in removeSpuriousFiles, preserving file /data/data/com.android.providers.downloads/cache/metadata-1701.htm
07-05 13:51:48.629   545  6032 I DownloadManager: in removeSpuriousFiles, preserving file /data/data/com.android.providers.downloads/cache/metadata-1481.htm
07-05 13:51:48.633   545  6032 I DownloadManager: in removeSpuriousFiles, preserving file /data/data/com.android.providers.downloads/cache/metadata-590.htm
07-05 13:51:48.633   545  6032 I DownloadManager: in removeSpuriousFiles, preserving file /data/data/com.android.providers.downloads/cache/metadata-1104.htm
07-05 13:51:48.633   545  6032 I DownloadManager: in removeSpuriousFiles, preserving file /data/data/com.android.providers.downloads/cache/metadata-1127.htm
07-05 13:51:48.633   545  6032 I DownloadManager: in removeSpuriousFiles, preserving file /data/data/com.android.providers.downloads/cache/metadata-1296.htm
07-05 13:51:48.633   545  6032 I DownloadManager: in removeSpuriousFiles, preserving file /data/data/com.android.providers.downloads/cache/metadata-1511.htm
07-05 13:51:48.636   545  6032 I DownloadManager: in removeSpuriousFiles, preserving file /data/data/com.android.providers.downloads/cache/metadata-626.htm
07-05 13:51:48.636   545  6032 I DownloadManager: in removeSpuriousFiles, preserving file /data/data/com.android.providers.downloads/cache/metadata-439.htm
07-05 13:51:48.636   545  6032 I DownloadManager: in removeSpuriousFiles, preserving file /data/data/com.android.providers.downloads/cache/metadata-625.htm
07-05 13:51:48.636   545  6032 I DownloadManager: in removeSpuriousFiles, preserving file /data/data/com.android.providers.downloads/cache/metadata-2219.htm
07-05 13:51:48.636   545  6032 I DownloadManager: in removeSpuriousFiles, preserving file /data/data/com.android.providers.downloads/cache/metadata-1474.htm
07-05 13:51:48.636   545  6032 I DownloadManager: in removeSpuriousFiles, preserving file /data/data/com.android.providers.downloads/cache/metadata-2063.htm
07-05 13:51:48.640   545  6032 I DownloadManager: in removeSpuriousFiles, preserving file /data/data/com.android.providers.downloads/cache/metadata-1492.htm
07-05 13:51:48.640   545  6032 I DownloadManager: in removeSpuriousFiles, preserving file /data/data/com.android.providers.downloads/cache/metadata-2193.htm
07-05 13:51:48.640   545  6032 I DownloadManager: in removeSpuriousFiles, preserving file /data/data/com.android.providers.downloads/cache/metadata-919.htm
07-05 13:51:48.640   545  6032 I DownloadManager: in removeSpuriousFiles, preserving file /data/data/com.android.providers.downloads/cache/metadata-2227.htm
07-05 13:51:48.640   545  6032 I DownloadManager: in removeSpuriousFiles, preserving file /data/data/com.android.providers.downloads/cache/metadata-232.htm
07-05 13:51:48.644   545  6032 I DownloadManager: in removeSpuriousFiles, preserving file /data/data/com.android.providers.downloads/cache/metadata-551.htm
07-05 13:51:48.644   545  6032 I DownloadManager: in removeSpuriousFiles, preserving file /data/data/com.android.providers.downloads/cache/metadata-999.htm
07-05 13:51:48.644   545  6032 I DownloadManager: in removeSpuriousFiles, preserving file /data/data/com.android.providers.downloads/cache/metadata-1336.htm
07-05 13:51:48.644   545  6032 I DownloadManager: in removeSpuriousFiles, preserving file /data/data/com.android.providers.downloads/cache/metadata-1751.htm
07-05 13:51:48.648   545  6032 I DownloadManager: in removeSpuriousFiles, preserving file /data/data/com.android.providers.downloads/cache/metadata-1940.htm
07-05 13:51:48.648   545  6032 I DownloadManager: in removeSpuriousFiles, preserving file /data/data/com.android.providers.downloads/cache/metadata-810.htm
07-05 13:51:48.648   545  6032 I DownloadManager: in removeSpuriousFiles, preserving file /data/data/com.android.providers.downloads/cache/metadata-2781.htm
07-05 13:51:48.648   545  6032 I DownloadManager: in removeSpuriousFiles, preserving file /data/data/com.android.providers.downloads/cache/metadata-1382.htm
07-05 13:51:48.648   545  6032 I DownloadManager: in removeSpuriousFiles, preserving file /data/data/com.android.providers.downloads/cache/metadata-1601.htm
07-05 13:51:48.652   545  6032 I DownloadManager: in removeSpuriousFiles, preserving file /data/data/com.android.providers.downloads/cache/metadata-989.htm
07-05 13:51:48.652   545  6032 I DownloadManager: in removeSpuriousFiles, preserving file /data/data/com.android.providers.downloads/cache/metadata-653.htm
07-05 13:51:48.652   545  6032 I DownloadManager: in removeSpuriousFiles, preserving file /data/data/com.android.providers.downloads/cache/metadata-31.htm
07-05 13:51:48.652   545  6032 I DownloadManager: in removeSpuriousFiles, preserving file /data/data/com.android.providers.downloads/cache/metadata-168.htm
07-05 13:51:48.652   545  6032 I DownloadManager: in removeSpuriousFiles, preserving file /data/data/com.android.providers.downloads/cache/metadata-45.htm
07-05 13:51:48.652   545  6032 I DownloadManager: in removeSpuriousFiles, preserving file /data/data/com.android.providers.downloads/cache/metadata-1147.htm
07-05 13:51:48.652   545  6032 I DownloadManager: in removeSpuriousFiles, preserving file /data/data/com.android.providers.downloads/cache/metadata-394.htm
07-05 13:51:48.652   545  6032 I DownloadManager: in removeSpuriousFiles, preserving file /data/data/com.android.providers.downloads/cache/metadata-164.htm
07-05 13:51:48.652   545  6032 I DownloadManager: in removeSpuriousFiles, preserving file /data/data/com.android.providers.downloads/cache/metadata-63.htm
07-05 13:51:48.652   545  6032 I DownloadManager: in removeSpuriousFiles, preserving file /data/data/com.android.providers.downloads/cache/metadata-334.htm
07-05 13:51:48.652   545  6032 I DownloadManager: in removeSpuriousFiles, preserving file /data/data/com.android.providers.downloads/cache/metadata-107.htm
07-05 13:51:48.652   545  6032 I DownloadManager: in removeSpuriousFiles, preserving file /data/data/com.android.providers.downloads/cache/metadata-160.htm
07-05 13:51:48.652   545  6032 I DownloadManager: in removeSpuriousFiles, preserving file /data/data/com.android.providers.downloads/cache/metadata-2280.htm
07-05 13:51:48.652   545  6032 I DownloadManager: in removeSpuriousFiles, preserving file /data/data/com.android.providers.downloads/cache/metadata-117.htm
07-05 13:51:48.652   545  6032 I DownloadManager: in removeSpuriousFiles, preserving file /data/data/com.android.providers.downloads/cache/metadata-118.htm
07-05 13:51:48.656   545  6032 I DownloadManager: in removeSpuriousFiles, preserving file /data/data/com.android.providers.downloads/cache/metadata-169.htm
07-05 13:51:48.656   545  6032 I DownloadManager: in removeSpuriousFiles, preserving file /data/data/com.android.providers.downloads/cache/metadata-210.htm
07-05 13:51:48.656   545  6032 I DownloadManager: in removeSpuriousFiles, preserving file /data/data/com.android.providers.downloads/cache/metadata-265.htm
07-05 13:51:48.656   545  6032 I DownloadManager: in removeSpuriousFiles, preserving file /data/data/com.android.providers.downloads/cache/metadata-85.htm
07-05 13:51:48.656   545  6032 I DownloadManager: in removeSpuriousFiles, preserving file /data/data/com.android.providers.downloads/cache/metadata-172.htm
07-05 13:51:48.656   545  6032 I DownloadManager: in removeSpuriousFiles, preserving file /data/data/com.android.providers.downloads/cache/metadata-1394.htm
07-05 13:51:48.656   545  6032 I DownloadManager: in removeSpuriousFiles, preserving file /data/data/com.android.providers.downloads/cache/metadata-138.htm
07-05 13:51:48.656   545  6032 I DownloadManager: in removeSpuriousFiles, preserving file /data/data/com.android.providers.downloads/cache/metadata-1267.htm
07-05 13:51:48.656   545  6032 I DownloadManager: in removeSpuriousFiles, preserving file /data/data/com.android.providers.downloads/cache/metadata-273.htm
07-05 13:51:48.656   545  6032 I DownloadManager: in removeSpuriousFiles, preserving file /data/data/com.android.providers.downloads/cache/metadata-247.htm
07-05 13:51:48.656   545  6032 I DownloadManager: in removeSpuriousFiles, preserving file /data/data/com.android.providers.downloads/cache/metadata-646.htm
07-05 13:51:48.656   545  6032 I DownloadManager: in removeSpuriousFiles, preserving file /data/data/com.android.providers.downloads/cache/metadata-335.htm
07-05 13:51:48.656   545  6032 I DownloadManager: in removeSpuriousFiles, preserving file /data/data/com.android.providers.downloads/cache/metadata-193.htm
07-05 13:51:48.656   545  6032 I DownloadManager: in removeSpuriousFiles, preserving file /data/data/com.android.providers.downloads/cache/metadata-276.htm
07-05 13:51:48.656   545  6032 I DownloadManager: in removeSpuriousFiles, preserving file /data/data/com.android.providers.downloads/cache/metadata-97.htm
07-05 13:51:48.656   545  6032 I DownloadManager: in removeSpuriousFiles, preserving file /data/data/com.android.providers.downloads/cache/metadata-305.htm
07-05 13:51:48.656   545  6032 I DownloadManager: in removeSpuriousFiles, preserving file /data/data/com.android.providers.downloads/cache/metadata-188.htm
07-05 13:51:48.656   545  6032 I DownloadManager: in removeSpuriousFiles, preserving file /data/data/com.android.providers.downloads/cache/metadata-218.htm
07-05 13:51:48.656   545  6032 I DownloadManager: in removeSpuriousFiles, preserving file /data/data/com.android.providers.downloads/cache/metadata-480.htm
07-05 13:51:48.660   545  6032 I DownloadManager: in removeSpuriousFiles, preserving file /data/data/com.android.providers.downloads/cache/metadata-133.htm
07-05 13:51:48.660   545  6032 I DownloadManager: in removeSpuriousFiles, preserving file /data/data/com.android.providers.downloads/cache/metadata-2803.htm
07-05 13:51:48.660   545  6032 I DownloadManager: in removeSpuriousFiles, preserving file /data/data/com.android.providers.downloads/cache/metadata-326.htm
07-05 13:51:48.660   545  6032 I DownloadManager: in removeSpuriousFiles, preserving file /data/data/com.android.providers.downloads/cache/metadata-281.htm
07-05 13:51:48.660   545  6032 I DownloadManager: in removeSpuriousFiles, preserving file /data/data/com.android.providers.downloads/cache/metadata-136.htm
07-05 13:51:48.660   545  6032 I DownloadManager: in removeSpuriousFiles, preserving file /data/data/com.android.providers.downloads/cache/metadata-368.htm
07-05 13:51:48.660   545  6032 I DownloadManager: in removeSpuriousFiles, preserving file /data/data/com.android.providers.downloads/cache/metadata-170.htm
07-05 13:51:48.660   545  6032 I DownloadManager: in removeSpuriousFiles, preserving file /data/data/com.android.providers.downloads/cache/metadata-314.htm
07-05 13:51:48.660   545  6032 I DownloadManager: in removeSpuriousFiles, preserving file /data/data/com.android.providers.downloads/cache/metadata-2053.htm
07-05 13:51:48.660   545  6032 I DownloadManager: in removeSpuriousFiles, preserving file /data/data/com.android.providers.downloads/cache/metadata-144.htm
07-05 13:51:48.660   545  6032 I DownloadManager: in removeSpuriousFiles, preserving file /data/data/com.android.providers.downloads/cache/metadata-427.htm
07-05 13:51:48.660   545  6032 I DownloadManager: in removeSpuriousFiles, preserving file /data/data/com.android.providers.downloads/cache/metadata-1560.htm
07-05 13:51:48.660   545  6032 I DownloadManager: in removeSpuriousFiles, preserving file /data/data/com.android.providers.downloads/cache/metadata-237.htm
07-05 13:51:48.660   545  6032 I DownloadManager: in removeSpuriousFiles, preserving file /data/data/com.android.providers.downloads/cache/metadata-1409.htm
07-05 13:51:48.660   545  6032 I DownloadManager: in removeSpuriousFiles, preserving file /data/data/com.android.providers.downloads/cache/metadata-1893.htm
07-05 13:51:48.664   545  6032 I DownloadManager: in removeSpuriousFiles, preserving file /data/data/com.android.providers.downloads/cache/metadata-1232.htm
07-05 13:51:48.664   545  6032 I DownloadManager: in removeSpuriousFiles, preserving file /data/data/com.android.providers.downloads/cache/metadata-1903.htm
07-05 13:51:48.664   545  6032 I DownloadManager: in removeSpuriousFiles, preserving file /data/data/com.android.providers.downloads/cache/metadata-360.htm
07-05 13:51:48.664   545  6032 I DownloadManager: in removeSpuriousFiles, preserving file /data/data/com.android.providers.downloads/cache/metadata-418.htm
07-05 13:51:48.664   545  6032 I DownloadManager: in removeSpuriousFiles, preserving file /data/data/com.android.providers.downloads/cache/metadata-115.htm
07-05 13:51:48.664   545  6032 I DownloadManager: in removeSpuriousFiles, preserving file /data/data/com.android.providers.downloads/cache/metadata-121.htm
07-05 13:51:48.664   545  6032 I DownloadManager: in removeSpuriousFiles, preserving file /data/data/com.android.providers.downloads/cache/metadata-375.htm
07-05 13:51:48.668   545  6032 I DownloadManager: in removeSpuriousFiles, preserving file /data/data/com.android.providers.downloads/cache/metadata-1621.htm
07-05 13:51:48.668   545  6032 I DownloadManager: in removeSpuriousFiles, preserving file /data/data/com.android.providers.downloads/cache/metadata-234.htm
07-05 13:51:48.668   545  6032 I DownloadManager: in removeSpuriousFiles, preserving file /data/data/com.android.providers.downloads/cache/metadata-127.htm
07-05 13:51:48.668   545  6032 I DownloadManager: in removeSpuriousFiles, preserving file /data/data/com.android.providers.downloads/cache/metadata-1351.htm
07-05 13:51:48.668   545  6032 I DownloadManager: in removeSpuriousFiles, preserving file /data/data/com.android.providers.downloads/cache/metadata-446.htm
07-05 13:51:48.668   545  6032 I DownloadManager: in removeSpuriousFiles, preserving file /data/data/com.android.providers.downloads/cache/metadata-289.htm
07-05 13:51:48.668   545  6032 I DownloadManager: in removeSpuriousFiles, preserving file /data/data/com.android.providers.downloads/cache/metadata-1437.htm
07-05 13:51:48.668   545  6032 I DownloadManager: in removeSpuriousFiles, preserving file /data/data/com.android.providers.downloads/cache/metadata-388.htm
07-05 13:51:48.668   545  6032 I DownloadManager: in removeSpuriousFiles, preserving file /data/data/com.android.providers.downloads/cache/metadata-386.htm
07-05 13:51:48.668   545  6032 I DownloadManager: in removeSpuriousFiles, preserving file /data/data/com.android.providers.downloads/cache/metadata-1512.htm
07-05 13:51:48.668   545  6032 I DownloadManager: in removeSpuriousFiles, preserving file /data/data/com.android.providers.downloads/cache/metadata-1667.htm
07-05 13:51:48.668   545  6032 I DownloadManager: in removeSpuriousFiles, preserving file /data/data/com.android.providers.downloads/cache/metadata-593.htm
07-05 13:51:48.672   545  6032 I DownloadManager: in removeSpuriousFiles, preserving file /data/data/com.android.providers.downloads/cache/metadata-240.htm
07-05 13:51:48.672   545  6032 I DownloadManager: in removeSpuriousFiles, preserving file /data/data/com.android.providers.downloads/cache/metadata-397.htm
07-05 13:51:48.672   545  6032 I DownloadManager: in removeSpuriousFiles, preserving file /data/data/com.android.providers.downloads/cache/metadata-212.htm
07-05 13:51:48.672   545  6032 I DownloadManager: in removeSpuriousFiles, preserving file /data/data/com.android.providers.downloads/cache/metadata-211.htm
07-05 13:51:48.672   545  6032 I DownloadManager: in removeSpuriousFiles, preserving file /data/data/com.android.providers.downloads/cache/metadata-269.htm
07-05 13:51:48.672   545  6032 I DownloadManager: in removeSpuriousFiles, preserving file /data/data/com.android.providers.downloads/cache/metadata-187.htm
07-05 13:51:48.672   545  6032 I DownloadManager: in removeSpuriousFiles, preserving file /data/data/com.android.providers.downloads/cache/metadata-349.htm
07-05 13:51:48.672   545  6032 I DownloadManager: in removeSpuriousFiles, preserving file /data/data/com.android.providers.downloads/cache/metadata-1150.htm
07-05 13:51:48.672   545  6032 I DownloadManager: in removeSpuriousFiles, preserving file /data/data/com.android.providers.downloads/cache/metadata-283.htm
07-05 13:51:48.672   545  6032 I DownloadManager: in removeSpuriousFiles, preserving file /data/data/com.android.providers.downloads/cache/metadata-419.htm
07-05 13:51:48.675   545  6032 I DownloadManager: in removeSpuriousFiles, preserving file /data/data/com.android.providers.downloads/cache/metadata-202.htm
07-05 13:51:48.675   545  6032 I DownloadManager: in removeSpuriousFiles, preserving file /data/data/com.android.providers.downloads/cache/metadata-399.htm
07-05 13:51:48.675   545  6032 I DownloadManager: in removeSpuriousFiles, preserving file /data/data/com.android.providers.downloads/cache/metadata-612.htm
07-05 13:51:48.675   545  6032 I DownloadManager: in removeSpuriousFiles, preserving file /data/data/com.android.providers.downloads/cache/metadata-81.htm
07-05 13:51:48.675   545  6032 I DownloadManager: in removeSpuriousFiles, preserving file /data/data/com.android.providers.downloads/cache/metadata-1808.htm
07-05 13:51:48.675   545  6032 I DownloadManager: in removeSpuriousFiles, preserving file /data/data/com.android.providers.downloads/cache/metadata-1938.htm
07-05 13:51:48.675   545  6032 I DownloadManager: in removeSpuriousFiles, preserving file /data/data/com.android.providers.downloads/cache/metadata-186.htm
07-05 13:51:48.675   545  6032 I DownloadManager: in removeSpuriousFiles, preserving file /data/data/com.android.providers.downloads/cache/metadata-93.htm
07-05 13:51:48.675   545  6032 I DownloadManager: in removeSpuriousFiles, preserving file /data/data/com.android.providers.downloads/cache/metadata-235.htm
07-05 13:51:48.679   545  6032 I DownloadManager: in removeSpuriousFiles, preserving file /data/data/com.android.providers.downloads/cache/metadata-1447.htm
07-05 13:51:48.679   545  6032 I DownloadManager: in removeSpuriousFiles, preserving file /data/data/com.android.providers.downloads/cache/metadata-231.htm
07-05 13:51:48.679   545  6032 I DownloadManager: in removeSpuriousFiles, preserving file /data/data/com.android.providers.downloads/cache/metadata-254.htm
07-05 13:51:48.679   545  6032 I DownloadManager: in removeSpuriousFiles, preserving file /data/data/com.android.providers.downloads/cache/metadata-105.htm
07-05 13:51:48.679   545  6032 I DownloadManager: in removeSpuriousFiles, preserving file /data/data/com.android.providers.downloads/cache/metadata-1510.htm
07-05 13:51:48.679   545  6032 I DownloadManager: in removeSpuriousFiles, preserving file /data/data/com.android.providers.downloads/cache/metadata-914.htm
07-05 13:51:48.679   545  6032 I DownloadManager: in removeSpuriousFiles, preserving file /data/data/com.android.providers.downloads/cache/metadata-1736.htm
07-05 13:51:48.683   545  6032 I DownloadManager: in removeSpuriousFiles, preserving file /data/data/com.android.providers.downloads/cache/metadata-1763.htm
07-05 13:51:48.683   545  6032 I DownloadManager: in removeSpuriousFiles, preserving file /data/data/com.android.providers.downloads/cache/metadata-619.htm
07-05 13:51:48.683   545  6032 I DownloadManager: in removeSpuriousFiles, preserving file /data/data/com.android.providers.downloads/cache/metadata-714.htm
07-05 13:51:48.683   545  6032 I DownloadManager: in removeSpuriousFiles, preserving file /data/data/com.android.providers.downloads/cache/metadata-796.htm
07-05 13:51:48.683   545  6032 I DownloadManager: in removeSpuriousFiles, preserving file /data/data/com.android.providers.downloads/cache/metadata-1760.htm
07-05 13:51:48.683   545  6032 I DownloadManager: in removeSpuriousFiles, preserving file /data/data/com.android.providers.downloads/cache/metadata-642.htm
07-05 13:51:48.687   545  6032 I DownloadManager: in removeSpuriousFiles, preserving file /data/data/com.android.providers.downloads/cache/metadata-400.htm
07-05 13:51:48.687   545  6032 I DownloadManager: in removeSpuriousFiles, preserving file /data/data/com.android.providers.downloads/cache/metadata-572.htm
07-05 13:51:48.687   545  6032 I DownloadManager: in removeSpuriousFiles, preserving file /data/data/com.android.providers.downloads/cache/metadata-743.htm
07-05 13:51:48.687   545  6032 I DownloadManager: in removeSpuriousFiles, preserving file /data/data/com.android.providers.downloads/cache/metadata-1361.htm
07-05 13:51:48.687   545  6032 I DownloadManager: in removeSpuriousFiles, preserving file /data/data/com.android.providers.downloads/cache/metadata-436.htm
07-05 13:51:48.687   545  6032 I DownloadManager: in removeSpuriousFiles, preserving file /data/data/com.android.providers.downloads/cache/metadata-1293.htm
07-05 13:51:48.691   545  6032 I DownloadManager: in removeSpuriousFiles, preserving file /data/data/com.android.providers.downloads/cache/metadata-1589.htm
07-05 13:51:48.691   545  6032 I DownloadManager: in removeSpuriousFiles, preserving file /data/data/com.android.providers.downloads/cache/metadata-1246.htm
07-05 13:51:48.691   545  6032 I DownloadManager: in removeSpuriousFiles, preserving file /data/data/com.android.providers.downloads/cache/metadata-1152.htm
07-05 13:51:48.691   545  6032 I DownloadManager: in removeSpuriousFiles, preserving file /data/data/com.android.providers.downloads/cache/metadata-2062.htm
07-05 13:51:48.691   545  6032 I DownloadManager: in removeSpuriousFiles, preserving file /data/data/com.android.providers.downloads/cache/metadata-1694.htm
07-05 13:51:48.691   545  6032 I DownloadManager: in removeSpuriousFiles, preserving file /data/data/com.android.providers.downloads/cache/metadata-1095.htm
07-05 13:51:48.695   545  6032 I DownloadManager: in removeSpuriousFiles, preserving file /data/data/com.android.providers.downloads/cache/metadata-903.htm
07-05 13:51:48.695   545  6032 I DownloadManager: in removeSpuriousFiles, preserving file /data/data/com.android.providers.downloads/cache/metadata-1025.htm
07-05 13:51:48.695   545  6032 I DownloadManager: in removeSpuriousFiles, preserving file /data/data/com.android.providers.downloads/cache/metadata-1340.htm
07-05 13:51:48.695   545  6032 I DownloadManager: in removeSpuriousFiles, preserving file /data/data/com.android.providers.downloads/cache/metadata-938.htm
07-05 13:51:48.695   545  6032 I DownloadManager: in removeSpuriousFiles, preserving file /data/data/com.android.providers.downloads/cache/metadata-1927.htm
07-05 13:51:48.699   545  6032 I DownloadManager: in removeSpuriousFiles, preserving file /data/data/com.android.providers.downloads/cache/metadata-175.htm
07-05 13:51:48.699   545  6032 I DownloadManager: in removeSpuriousFiles, preserving file /data/data/com.android.providers.downloads/cache/metadata-20.htm
07-05 13:51:48.699   545  6032 I DownloadManager: in removeSpuriousFiles, preserving file /data/data/com.android.providers.downloads/cache/metadata-38.htm
07-05 13:51:48.699   545  6032 I DownloadManager: in removeSpuriousFiles, preserving file /data/data/com.android.providers.downloads/cache/metadata-7.htm
07-05 13:51:48.699   545  6032 I DownloadManager: in removeSpuriousFiles, preserving file /data/data/com.android.providers.downloads/cache/metadata-112.htm
07-05 13:51:48.699   545  6032 I DownloadManager: in removeSpuriousFiles, preserving file /data/data/com.android.providers.downloads/cache/metadata-43.htm
07-05 13:51:48.699   545  6032 I DownloadManager: in removeSpuriousFiles, preserving file /data/data/com.android.providers.downloads/cache/metadata-217.htm
07-05 13:51:48.699   545  6032 I DownloadManager: in removeSpuriousFiles, preserving file /data/data/com.android.providers.downloads/cache/metadata-328.htm
07-05 13:51:48.699   545  6032 I DownloadManager: in removeSpuriousFiles, preserving file /data/data/com.android.providers.downloads/cache/metadata-52.htm
07-05 13:51:48.699   545  6032 I DownloadManager: in removeSpuriousFiles, preserving file /data/data/com.android.providers.downloads/cache/metadata-467.htm
07-05 13:51:48.699   545  6032 I DownloadManager: in removeSpuriousFiles, preserving file /data/data/com.android.providers.downloads/cache/metadata-409.htm
07-05 13:51:48.699   545  6032 I DownloadManager: in removeSpuriousFiles, preserving file /data/data/com.android.providers.downloads/cache/metadata-307.htm
07-05 13:51:48.699   545  6032 I DownloadManager: in removeSpuriousFiles, preserving file /data/data/com.android.providers.downloads/cache/metadata-1552.htm
07-05 13:51:48.699   545  6032 I DownloadManager: in removeSpuriousFiles, preserving file /data/data/com.android.providers.downloads/cache/metadata-50.htm
07-05 13:51:48.699   545  6032 I DownloadManager: in removeSpuriousFiles, preserving file /data/data/com.android.providers.downloads/cache/metadata-61.htm
07-05 13:51:48.699   545  6032 I DownloadManager: in removeSpuriousFiles, preserving file /data/data/com.android.providers.downloads/cache/metadata-83.htm
07-05 13:51:48.699   545  6032 I DownloadManager: in removeSpuriousFiles, preserving file /data/data/com.android.providers.downloads/cache/metadata-263.htm
07-05 13:51:48.699   545  6032 I DownloadManager: in removeSpuriousFiles, preserving file /data/data/com.android.providers.downloads/cache/metadata-208.htm
07-05 13:51:48.699   545  6032 I DownloadManager: in removeSpuriousFiles, preserving file /data/data/com.android.providers.downloads/cache/metadata-300.htm
07-05 13:51:48.699   545  6032 I DownloadManager: in removeSpuriousFiles, preserving file /data/data/com.android.providers.downloads/cache/metadata-350.htm
07-05 13:51:48.699   545  6032 I DownloadManager: in removeSpuriousFiles, preserving file /data/data/com.android.providers.downloads/cache/metadata-403.htm
07-05 13:51:48.699   545  6032 I DownloadManager: in removeSpuriousFiles, preserving file /data/data/com.android.providers.downloads/cache/metadata-132.htm
07-05 13:51:48.699   545  6032 I DownloadManager: in removeSpuriousFiles, preserving file /data/data/com.android.providers.downloads/cache/metadata-468.htm
07-05 13:51:48.699   545  6032 I DownloadManager: in removeSpuriousFiles, preserving file /data/data/com.android.providers.downloads/cache/metadata-227.htm
07-05 13:51:48.699   545  6032 I DownloadManager: in removeSpuriousFiles, preserving file /data/data/com.android.providers.downloads/cache/metadata-2553.htm
07-05 13:51:48.699   545  6032 I DownloadManager: in removeSpuriousFiles, preserving file /data/data/com.android.providers.downloads/cache/metadata-157.htm
07-05 13:51:48.699   545  6032 I DownloadManager: in removeSpuriousFiles, preserving file /data/data/com.android.providers.downloads/cache/metadata-351.htm
07-05 13:51:48.699   545  6032 I DownloadManager: in removeSpuriousFiles, preserving file /data/data/com.android.providers.downloads/cache/metadata-329.htm
07-05 13:51:48.699   545  6032 I DownloadManager: in removeSpuriousFiles, preserving file /data/data/com.android.providers.downloads/cache/metadata-249.htm
07-05 13:51:48.699   545  6032 I DownloadManager: in removeSpuriousFiles, preserving file /data/data/com.android.providers.downloads/cache/metadata-488.htm
07-05 13:51:48.699   545  6032 I DownloadManager: in removeSpuriousFiles, preserving file /data/data/com.android.providers.downloads/cache/metadata-284.htm
07-05 13:51:48.699   545  6032 I DownloadManager: in removeSpuriousFiles, preserving file /data/data/com.android.providers.downloads/cache/metadata-171.htm
07-05 13:51:48.699   545  6032 I DownloadManager: in removeSpuriousFiles, preserving file /data/data/com.android.providers.downloads/cache/metadata-306.htm
07-05 13:51:48.699   545  6032 I DownloadManager: in removeSpuriousFiles, preserving file /data/data/com.android.providers.downloads/cache/metadata-198.htm
07-05 13:51:48.707   545  6032 I DownloadManager: in removeSpuriousFiles, preserving file /data/data/com.android.providers.downloads/cache/metadata-147.htm
07-05 13:51:48.707   545  6032 I DownloadManager: in removeSpuriousFiles, preserving file /data/data/com.android.providers.downloads/cache/metadata-340.htm
07-05 13:51:48.707   545  6032 I DownloadManager: in removeSpuriousFiles, preserving file /data/data/com.android.providers.downloads/cache/metadata-262.htm
07-05 13:51:48.707   545  6032 I DownloadManager: in removeSpuriousFiles, preserving file /data/data/com.android.providers.downloads/cache/metadata-604.htm
07-05 13:51:48.707   545  6032 I DownloadManager: in removeSpuriousFiles, preserving file /data/data/com.android.providers.downloads/cache/metadata-88.htm
07-05 13:51:48.707   545  6032 I DownloadManager: in removeSpuriousFiles, preserving file /data/data/com.android.providers.downloads/cache/metadata-197.htm
07-05 13:51:48.707   545  6032 I DownloadManager: in removeSpuriousFiles, preserving file /data/data/com.android.providers.downloads/cache/metadata-359.htm
07-05 13:51:48.707   545  6032 I DownloadManager: in removeSpuriousFiles, preserving file /data/data/com.android.providers.downloads/cache/metadata-1355.htm
07-05 13:51:48.707   545  6032 I DownloadManager: in removeSpuriousFiles, preserving file /data/data/com.android.providers.downloads/cache/metadata-101.htm
07-05 13:51:48.707   545  6032 I DownloadManager: in removeSpuriousFiles, preserving file /data/data/com.android.providers.downloads/cache/metadata-268.htm
07-05 13:51:48.707   545  6032 I DownloadManager: in removeSpuriousFiles, preserving file /data/data/com.android.providers.downloads/cache/metadata-331.htm
07-05 13:51:48.707   545  6032 I DownloadManager: in removeSpuriousFiles, preserving file /data/data/com.android.providers.downloads/cache/metadata-159.htm
07-05 13:51:48.707   545  6032 I DownloadManager: in removeSpuriousFiles, preserving file /data/data/com.android.providers.downloads/cache/metadata-87.htm
07-05 13:51:48.707   545  6032 I DownloadManager: in removeSpuriousFiles, preserving file /data/data/com.android.providers.downloads/cache/metadata-1225.htm
07-05 13:51:48.707   545  6032 I DownloadManager: in removeSpuriousFiles, preserving file /data/data/com.android.providers.downloads/cache/metadata-80.htm
07-05 13:51:48.707   545  6032 I DownloadManager: in removeSpuriousFiles, preserving file /data/data/com.android.providers.downloads/cache/metadata-573.htm
07-05 13:51:48.711   545  6032 I DownloadManager: in removeSpuriousFiles, preserving file /data/data/com.android.providers.downloads/cache/metadata-261.htm
07-05 13:51:48.711   545  6032 I DownloadManager: in removeSpuriousFiles, preserving file /data/data/com.android.providers.downloads/cache/metadata-344.htm
07-05 13:51:48.711   545  6032 I DownloadManager: in removeSpuriousFiles, preserving file /data/data/com.android.providers.downloads/cache/metadata-347.htm
07-05 13:51:48.711   545  6032 I DownloadManager: in removeSpuriousFiles, preserving file /data/data/com.android.providers.downloads/cache/metadata-1298.htm
07-05 13:51:48.711   545  6032 I DownloadManager: in removeSpuriousFiles, preserving file /data/data/com.android.providers.downloads/cache/metadata-1629.htm
07-05 13:51:48.711   545  6032 I DownloadManager: in removeSpuriousFiles, preserving file /data/data/com.android.providers.downloads/cache/metadata-103.htm
07-05 13:51:48.711   545  6032 I DownloadManager: in removeSpuriousFiles, preserving file /data/data/com.android.providers.downloads/cache/metadata-483.htm
07-05 13:51:48.711   545  6032 I DownloadManager: in removeSpuriousFiles, preserving file /data/data/com.android.providers.downloads/cache/metadata-332.htm
07-05 13:51:48.711   545  6032 I DownloadManager: in removeSpuriousFiles, preserving file /data/data/com.android.providers.downloads/cache/metadata-250.htm
07-05 13:51:48.711   545  6032 I DownloadManager: in removeSpuriousFiles, preserving file /data/data/com.android.providers.downloads/cache/metadata-856.htm
07-05 13:51:48.711   545  6032 I DownloadManager: in removeSpuriousFiles, preserving file /data/data/com.android.providers.downloads/cache/metadata-176.htm
07-05 13:51:48.711   545  6032 I DownloadManager: in removeSpuriousFiles, preserving file /data/data/com.android.providers.downloads/cache/metadata-96.htm
07-05 13:51:48.711   545  6032 I DownloadManager: in removeSpuriousFiles, preserving file /data/data/com.android.providers.downloads/cache/metadata-578.htm
07-05 13:51:48.711   545  6032 I DownloadManager: in removeSpuriousFiles, preserving file /data/data/com.android.providers.downloads/cache/metadata-982.htm
07-05 13:51:48.715   545  6032 I DownloadManager: in removeSpuriousFiles, preserving file /data/data/com.android.providers.downloads/cache/metadata-310.htm
07-05 13:51:48.715   545  6032 I DownloadManager: in removeSpuriousFiles, preserving file /data/data/com.android.providers.downloads/cache/metadata-1515.htm
07-05 13:51:48.715   545  6032 I DownloadManager: in removeSpuriousFiles, preserving file /data/data/com.android.providers.downloads/cache/metadata-482.htm
07-05 13:51:48.715   545  6032 I DownloadManager: in removeSpuriousFiles, preserving file /data/data/com.android.providers.downloads/cache/metadata-1508.htm
07-05 13:51:48.715   545  6032 I DownloadManager: in removeSpuriousFiles, preserving file /data/data/com.android.providers.downloads/cache/metadata-660.htm
07-05 13:51:48.715   545  6032 I DownloadManager: in removeSpuriousFiles, preserving file /data/data/com.android.providers.downloads/cache/metadata-303.htm
07-05 13:51:48.715   545  6032 I DownloadManager: in removeSpuriousFiles, preserving file /data/data/com.android.providers.downloads/cache/metadata-635.htm
07-05 13:51:48.715   545  6032 I DownloadManager: in removeSpuriousFiles, preserving file /data/data/com.android.providers.downloads/cache/metadata-1375.htm
07-05 13:51:48.715   545  6032 I DownloadManager: in removeSpuriousFiles, preserving file /data/data/com.android.providers.downloads/cache/metadata-1074.htm
07-05 13:51:48.715   545  6032 I DownloadManager: in removeSpuriousFiles, preserving file /data/data/com.android.providers.downloads/cache/metadata-1258.htm
07-05 13:51:48.715   545  6032 I DownloadManager: in removeSpuriousFiles, preserving file /data/data/com.android.providers.downloads/cache/metadata-220.htm
07-05 13:51:48.715   545  6032 I DownloadManager: in removeSpuriousFiles, preserving file /data/data/com.android.providers.downloads/cache/metadata-1802.htm
07-05 13:51:48.718   545  6032 I DownloadManager: in removeSpuriousFiles, preserving file /data/data/com.android.providers.downloads/cache/metadata-387.htm
07-05 13:51:48.718   545  6032 I DownloadManager: in removeSpuriousFiles, preserving file /data/data/com.android.providers.downloads/cache/metadata-298.htm
07-05 13:51:48.718   545  6032 I DownloadManager: in removeSpuriousFiles, preserving file /data/data/com.android.providers.downloads/cache/metadata-1514.htm
07-05 13:51:48.718   545  6032 I DownloadManager: in removeSpuriousFiles, preserving file /data/data/com.android.providers.downloads/cache/metadata-806.htm
07-05 13:51:48.718   545  6032 I DownloadManager: in removeSpuriousFiles, preserving file /data/data/com.android.providers.downloads/cache/metadata-1241.htm
07-05 13:51:48.718   545  6032 I DownloadManager: in removeSpuriousFiles, preserving file /data/data/com.android.providers.downloads/cache/metadata-322.htm
07-05 13:51:48.718   545  6032 I DownloadManager: in removeSpuriousFiles, preserving file /data/data/com.android.providers.downloads/cache/metadata-1367.htm
07-05 13:51:48.722   545  6032 I DownloadManager: in removeSpuriousFiles, preserving file /data/data/com.android.providers.downloads/cache/metadata-1505.htm
07-05 13:51:48.722   545  6032 I DownloadManager: in removeSpuriousFiles, preserving file /data/data/com.android.providers.downloads/cache/metadata-108.htm
07-05 13:51:48.722   545  6032 I DownloadManager: in removeSpuriousFiles, preserving file /data/data/com.android.providers.downloads/cache/metadata-544.htm
07-05 13:51:48.722   545  6032 I DownloadManager: in removeSpuriousFiles, preserving file /data/data/com.android.providers.downloads/cache/metadata-937.htm
07-05 13:51:48.722   545  6032 I DownloadManager: in removeSpuriousFiles, preserving file /data/data/com.android.providers.downloads/cache/metadata-2787.htm
07-05 13:51:48.722   545  6032 I DownloadManager: in removeSpuriousFiles, preserving file /data/data/com.android.providers.downloads/cache/metadata-288.htm
07-05 13:51:48.722   545  6032 I DownloadManager: in removeSpuriousFiles, preserving file /data/data/com.android.providers.downloads/cache/metadata-883.htm
07-05 13:51:48.722   545  6032 I DownloadManager: in removeSpuriousFiles, preserving file /data/data/com.android.providers.downloads/cache/metadata-502.htm
07-05 13:51:48.722   545  6032 I DownloadManager: in removeSpuriousFiles, preserving file /data/data/com.android.providers.downloads/cache/metadata-516.htm
07-05 13:51:48.722   545  6032 I DownloadManager: in removeSpuriousFiles, preserving file /data/data/com.android.providers.downloads/cache/metadata-2058.htm
07-05 13:51:48.726   545  6032 I DownloadManager: in removeSpuriousFiles, preserving file /data/data/com.android.providers.downloads/cache/metadata-686.htm
07-05 13:51:48.726   545  6032 I DownloadManager: in removeSpuriousFiles, preserving file /data/data/com.android.providers.downloads/cache/metadata-906.htm
07-05 13:51:48.726   545  6032 I DownloadManager: in removeSpuriousFiles, preserving file /data/data/com.android.providers.downloads/cache/metadata-367.htm
07-05 13:51:48.726   545  6032 I DownloadManager: in removeSpuriousFiles, preserving file /data/data/com.android.providers.downloads/cache/metadata-92.htm
07-05 13:51:48.726   545  6032 I DownloadManager: in removeSpuriousFiles, preserving file /data/data/com.android.providers.downloads/cache/metadata-1020.htm
07-05 13:51:48.726   545  6032 I DownloadManager: in removeSpuriousFiles, preserving file /data/data/com.android.providers.downloads/cache/metadata-1040.htm
07-05 13:51:48.726   545  6032 I DownloadManager: in removeSpuriousFiles, preserving file /data/data/com.android.providers.downloads/cache/metadata-985.htm
07-05 13:51:48.730   545  6032 I DownloadManager: in removeSpuriousFiles, preserving file /data/data/com.android.providers.downloads/cache/metadata-1472.htm
07-05 13:51:48.730   545  6032 I DownloadManager: in removeSpuriousFiles, preserving file /data/data/com.android.providers.downloads/cache/metadata-704.htm
07-05 13:51:48.730   545  6032 I DownloadManager: in removeSpuriousFiles, preserving file /data/data/com.android.providers.downloads/cache/metadata-2080.htm
07-05 13:51:48.730   545  6032 I DownloadManager: in removeSpuriousFiles, preserving file /data/data/com.android.providers.downloads/cache/metadata-2185.htm
07-05 13:51:48.730   545  6032 I DownloadManager: in removeSpuriousFiles, preserving file /data/data/com.android.providers.downloads/cache/metadata-1187.htm
07-05 13:51:48.730   545  6032 I DownloadManager: in removeSpuriousFiles, preserving file /data/data/com.android.providers.downloads/cache/metadata-1249.htm
07-05 13:51:48.730   545  6032 I DownloadManager: in removeSpuriousFiles, preserving file /data/data/com.android.providers.downloads/cache/metadata-552.htm
07-05 13:51:48.730   545  6032 I DownloadManager: in removeSpuriousFiles, preserving file /data/data/com.android.providers.downloads/cache/metadata-684.htm
07-05 13:51:48.734   545  6032 I DownloadManager: in removeSpuriousFiles, preserving file /data/data/com.android.providers.downloads/cache/metadata-1947.htm
07-05 13:51:48.734   545  6032 I DownloadManager: in removeSpuriousFiles, preserving file /data/data/com.android.providers.downloads/cache/metadata-963.htm
07-05 13:51:48.734   545  6032 I DownloadManager: in removeSpuriousFiles, preserving file /data/data/com.android.providers.downloads/cache/metadata-1332.htm
07-05 13:51:48.734   545  6032 I DownloadManager: in removeSpuriousFiles, preserving file /data/data/com.android.providers.downloads/cache/metadata-1634.htm
07-05 13:51:48.734   545  6032 I DownloadManager: in removeSpuriousFiles, preserving file /data/data/com.android.providers.downloads/cache/metadata-984.htm
07-05 13:51:48.734   545  6032 I DownloadManager: in removeSpuriousFiles, preserving file /data/data/com.android.providers.downloads/cache/metadata-745.htm
07-05 13:51:48.734   545  6032 I DownloadManager: in removeSpuriousFiles, preserving file /data/data/com.android.providers.downloads/cache/metadata-620.htm
07-05 13:51:48.734   545  6032 I DownloadManager: in removeSpuriousFiles, preserving file /data/data/com.android.providers.downloads/cache/metadata-716.htm
07-05 13:51:48.738   545  6032 I DownloadManager: in removeSpuriousFiles, preserving file /data/data/com.android.providers.downloads/cache/metadata-243.htm
07-05 13:51:48.738   545  6032 I DownloadManager: in removeSpuriousFiles, preserving file /data/data/com.android.providers.downloads/cache/metadata-1754.htm
07-05 13:51:48.738   545  6032 I DownloadManager: in removeSpuriousFiles, preserving file /data/data/com.android.providers.downloads/cache/metadata-1270.htm
07-05 13:51:48.738   545  6032 I DownloadManager: in removeSpuriousFiles, preserving file /data/data/com.android.providers.downloads/cache/metadata-766.htm
07-05 13:51:48.738   545  6032 I DownloadManager: in removeSpuriousFiles, preserving file /data/data/com.android.providers.downloads/cache/metadata-323.htm
07-05 13:51:48.738   545  6032 I DownloadManager: in removeSpuriousFiles, preserving file /data/data/com.android.providers.downloads/cache/metadata-33.htm
07-05 13:51:48.738   545  6032 I DownloadManager: in removeSpuriousFiles, preserving file /data/data/com.android.providers.downloads/cache/metadata-3.htm
07-05 13:51:48.754   545  6032 I DownloadManager: in removeSpuriousFiles, preserving file /data/data/com.android.providers.downloads/cache/metadata-27.htm
07-05 13:51:48.754   545  6032 I DownloadManager: in removeSpuriousFiles, preserving file /data/data/com.android.providers.downloads/cache/metadata-14.htm
07-05 13:51:48.754   545  6032 I DownloadManager: in removeSpuriousFiles, preserving file /data/data/com.android.providers.downloads/cache/metadata-274.htm
07-05 13:51:48.754   545  6032 I DownloadManager: in removeSpuriousFiles, preserving file /data/data/com.android.providers.downloads/cache/metadata-238.htm
07-05 13:51:48.754   545  6032 I DownloadManager: in removeSpuriousFiles, preserving file /data/data/com.android.providers.downloads/cache/metadata-30.htm
07-05 13:51:48.754   545  6032 I DownloadManager: in removeSpuriousFiles, preserving file /data/data/com.android.providers.downloads/cache/metadata-155.htm
07-05 13:51:48.758   545  6032 I DownloadManager: in removeSpuriousFiles, preserving file /data/data/com.android.providers.downloads/cache/metadata-304.htm
07-05 13:51:48.758   545  6032 I DownloadManager: in removeSpuriousFiles, preserving file /data/data/com.android.providers.downloads/cache/metadata-373.htm
07-05 13:51:48.758   545  6032 I DownloadManager: in removeSpuriousFiles, preserving file /data/data/com.android.providers.downloads/cache/metadata-137.htm
07-05 13:51:48.758   545  6032 I DownloadManager: in removeSpuriousFiles, preserving file /data/data/com.android.providers.downloads/cache/metadata-318.htm
07-05 13:51:48.758   545  6032 I DownloadManager: in removeSpuriousFiles, preserving file /data/data/com.android.providers.downloads/cache/metadata-65.htm
07-05 13:51:48.758   545  6032 I DownloadManager: in removeSpuriousFiles, preserving file /data/data/com.android.providers.downloads/cache/metadata-369.htm
07-05 13:51:48.758   545  6032 I DownloadManager: in removeSpuriousFiles, preserving file /data/data/com.android.providers.downloads/cache/metadata-66.htm
07-05 13:51:48.758   545  6032 I DownloadManager: in removeSpuriousFiles, preserving file /data/data/com.android.providers.downloads/cache/metadata-162.htm
07-05 13:51:48.758   545  6032 I DownloadManager: in removeSpuriousFiles, preserving file /data/data/com.android.providers.downloads/cache/metadata-424.htm
07-05 13:51:48.758   545  6032 I DownloadManager: in removeSpuriousFiles, preserving file /data/data/com.android.providers.downloads/cache/metadata-242.htm
07-05 13:51:48.758   545  6032 I DownloadManager: in removeSpuriousFiles, preserving file /data/data/com.android.providers.downloads/cache/metadata-1519.htm
07-05 13:51:48.758   545  6032 I DownloadManager: in removeSpuriousFiles, preserving file /data/data/com.android.providers.downloads/cache/metadata-266.htm
07-05 13:51:48.761   545  6032 I DownloadManager: in removeSpuriousFiles, preserving file /data/data/com.android.providers.downloads/cache/metadata-191.htm
07-05 13:51:48.761   545  6032 I DownloadManager: in removeSpuriousFiles, preserving file /data/data/com.android.providers.downloads/cache/metadata-152.htm
07-05 13:51:48.761   545  6032 I DownloadManager: in removeSpuriousFiles, preserving file /data/data/com.android.providers.downloads/cache/metadata-275.htm
07-05 13:51:48.761   545  6032 I DownloadManager: in removeSpuriousFiles, preserving file /data/data/com.android.providers.downloads/cache/metadata-392.htm
07-05 13:51:48.761   545  6032 I DownloadManager: in removeSpuriousFiles, preserving file /data/data/com.android.providers.downloads/cache/metadata-451.htm
07-05 13:51:48.761   545  6032 I DownloadManager: in removeSpuriousFiles, preserving file /data/data/com.android.providers.downloads/cache/metadata-128.htm
07-05 13:51:48.761   545  6032 I DownloadManager: in removeSpuriousFiles, preserving file /data/data/com.android.providers.downloads/cache/metadata-2251.htm
07-05 13:51:48.761   545  6032 I DownloadManager: in removeSpuriousFiles, preserving file /data/data/com.android.providers.downloads/cache/metadata-321.htm
07-05 13:51:48.761   545  6032 I DownloadManager: in removeSpuriousFiles, preserving file /data/data/com.android.providers.downloads/cache/metadata-404.htm
07-05 13:51:48.761   545  6032 I DownloadManager: in removeSpuriousFiles, preserving file /data/data/com.android.providers.downloads/cache/metadata-333.htm
07-05 13:51:48.761   545  6032 I DownloadManager: in removeSpuriousFiles, preserving file /data/data/com.android.providers.downloads/cache/metadata-1123.htm
07-05 13:51:48.765   545  6032 I DownloadManager: in removeSpuriousFiles, preserving file /data/data/com.android.providers.downloads/cache/metadata-271.htm
07-05 13:51:48.765   545  6032 I DownloadManager: in removeSpuriousFiles, preserving file /data/data/com.android.providers.downloads/cache/metadata-381.htm
07-05 13:51:48.765   545  6032 I DownloadManager: in removeSpuriousFiles, preserving file /data/data/com.android.providers.downloads/cache/metadata-357.htm
07-05 13:51:48.765   545  6032 I DownloadManager: in removeSpuriousFiles, preserving file /data/data/com.android.providers.downloads/cache/metadata-465.htm
07-05 13:51:48.765   545  6032 I DownloadManager: in removeSpuriousFiles, preserving file /data/data/com.android.providers.downloads/cache/metadata-390.htm
07-05 13:51:48.765   545  6032 I DownloadManager: in removeSpuriousFiles, preserving file /data/data/com.android.providers.downloads/cache/metadata-1614.htm
07-05 13:51:48.765   545  6032 I DownloadManager: in removeSpuriousFiles, preserving file /data/data/com.android.providers.downloads/cache/metadata-1186.htm
07-05 13:51:48.765   545  6032 I DownloadManager: in removeSpuriousFiles, preserving file /data/data/com.android.providers.downloads/cache/metadata-313.htm
07-05 13:51:48.765   545  6032 I DownloadManager: in removeSpuriousFiles, preserving file /data/data/com.android.providers.downloads/cache/metadata-429.htm
07-05 13:51:48.765   545  6032 I DownloadManager: in removeSpuriousFiles, preserving file /data/data/com.android.providers.downloads/cache/metadata-618.htm
07-05 13:51:48.769   545  6032 I DownloadManager: in removeSpuriousFiles, preserving file /data/data/com.android.providers.downloads/cache/metadata-380.htm
07-05 13:51:48.769   545  6032 I DownloadManager: in removeSpuriousFiles, preserving file /data/data/com.android.providers.downloads/cache/metadata-1190.htm
07-05 13:51:48.769   545  6032 I DownloadManager: in removeSpuriousFiles, preserving file /data/data/com.android.providers.downloads/cache/metadata-1795.htm
07-05 13:51:48.769   545  6032 I DownloadManager: in removeSpuriousFiles, preserving file /data/data/com.android.providers.downloads/cache/metadata-343.htm
07-05 13:51:48.769   545  6032 I DownloadManager: in removeSpuriousFiles, preserving file /data/data/com.android.providers.downloads/cache/metadata-500.htm
07-05 13:51:48.769   545  6032 I DownloadManager: in removeSpuriousFiles, preserving file /data/data/com.android.providers.downloads/cache/metadata-459.htm
07-05 13:51:48.769   545  6032 I DownloadManager: in removeSpuriousFiles, preserving file /data/data/com.android.providers.downloads/cache/metadata-411.htm
07-05 13:51:48.769   545  6032 I DownloadManager: in removeSpuriousFiles, preserving file /data/data/com.android.providers.downloads/cache/metadata-461.htm
07-05 13:51:48.773   545  6032 I DownloadManager: in removeSpuriousFiles, preserving file /data/data/com.android.providers.downloads/cache/metadata-239.htm
07-05 13:51:48.773   545  6032 I DownloadManager: in removeSpuriousFiles, preserving file /data/data/com.android.providers.downloads/cache/metadata-798.htm
07-05 13:51:48.773   545  6032 I DownloadManager: in removeSpuriousFiles, preserving file /data/data/com.android.providers.downloads/cache/metadata-203.htm
07-05 13:51:48.773   545  6032 I DownloadManager: in removeSpuriousFiles, preserving file /data/data/com.android.providers.downloads/cache/metadata-296.htm
07-05 13:51:48.773   545  6032 I DownloadManager: in removeSpuriousFiles, preserving file /data/data/com.android.providers.downloads/cache/metadata-441.htm
07-05 13:51:48.773   545  6032 I DownloadManager: in removeSpuriousFiles, preserving file /data/data/com.android.providers.downloads/cache/metadata-311.htm
07-05 13:51:48.773   545  6032 I DownloadManager: in removeSpuriousFiles, preserving file /data/data/com.android.providers.downloads/cache/metadata-494.htm
07-05 13:51:48.773   545  6032 I DownloadManager: in removeSpuriousFiles, preserving file /data/data/com.android.providers.downloads/cache/metadata-401.htm
07-05 13:51:48.773   545  6032 I DownloadManager: in removeSpuriousFiles, preserving file /data/data/com.android.providers.downloads/cache/metadata-354.htm
07-05 13:51:48.773   545  6032 I DownloadManager: in removeSpuriousFiles, preserving file /data/data/com.android.providers.downloads/cache/metadata-1975.htm
07-05 13:51:48.777   545  6032 I DownloadManager: in removeSpuriousFiles, preserving file /data/data/com.android.providers.downloads/cache/metadata-979.htm
07-05 13:51:48.777   545  6032 I DownloadManager: in removeSpuriousFiles, preserving file /data/data/com.android.providers.downloads/cache/metadata-408.htm
07-05 13:51:48.777   545  6032 I DownloadManager: in removeSpuriousFiles, preserving file /data/data/com.android.providers.downloads/cache/metadata-1921.htm
07-05 13:51:48.777   545  6032 I DownloadManager: in removeSpuriousFiles, preserving file /data/data/com.android.providers.downloads/cache/metadata-486.htm
07-05 13:51:48.777   545  6032 I DownloadManager: in removeSpuriousFiles, preserving file /data/data/com.android.providers.downloads/cache/metadata-440.htm
07-05 13:51:48.777   545  6032 I DownloadManager: in removeSpuriousFiles, preserving file /data/data/com.android.providers.downloads/cache/metadata-517.htm
07-05 13:51:48.781   545  6032 I DownloadManager: in removeSpuriousFiles, preserving file /data/data/com.android.providers.downloads/cache/metadata-548.htm
07-05 13:51:48.781   545  6032 I DownloadManager: in removeSpuriousFiles, preserving file /data/data/com.android.providers.downloads/cache/metadata-1373.htm
07-05 13:51:48.781   545  6032 I DownloadManager: in removeSpuriousFiles, preserving file /data/data/com.android.providers.downloads/cache/metadata-1174.htm
07-05 13:51:48.781   545  6032 I DownloadManager: in removeSpuriousFiles, preserving file /data/data/com.android.providers.downloads/cache/metadata-286.htm
07-05 13:51:48.781   545  6032 I DownloadManager: in removeSpuriousFiles, preserving file /data/data/com.android.providers.downloads/cache/metadata-1261.htm
07-05 13:51:48.781   545  6032 I DownloadManager: in removeSpuriousFiles, preserving file /data/data/com.android.providers.downloads/cache/metadata-700.htm
07-05 13:51:48.781   545  6032 I DownloadManager: in removeSpuriousFiles, preserving file /data/data/com.android.providers.downloads/cache/metadata-426.htm
07-05 13:51:48.781   545  6032 I DownloadManager: in removeSpuriousFiles, preserving file /data/data/com.android.providers.downloads/cache/metadata-1256.htm
07-05 13:51:48.781   545  6032 I DownloadManager: in removeSpuriousFiles, preserving file /data/data/com.android.providers.downloads/cache/metadata-1773.htm
07-05 13:51:48.785   545  6032 I DownloadManager: in removeSpuriousFiles, preserving file /data/data/com.android.providers.downloads/cache/metadata-589.htm
07-05 13:51:48.785   545  6032 I DownloadManager: in removeSpuriousFiles, preserving file /data/data/com.android.providers.downloads/cache/metadata-1446.htm
07-05 13:51:48.785   545  6032 I DownloadManager: in removeSpuriousFiles, preserving file /data/data/com.android.providers.downloads/cache/metadata-655.htm
07-05 13:51:48.785   545  6032 I DownloadManager: in removeSpuriousFiles, preserving file /data/data/com.android.providers.downloads/cache/metadata-860.htm
07-05 13:51:48.785   545  6032 I DownloadManager: in removeSpuriousFiles, preserving file /data/data/com.android.providers.downloads/cache/metadata-1513.htm
07-05 13:51:48.789   545  6032 I DownloadManager: in removeSpuriousFiles, preserving file /data/data/com.android.providers.downloads/cache/metadata-777.htm
07-05 13:51:48.789   545  6032 I DownloadManager: in removeSpuriousFiles, preserving file /data/data/com.android.providers.downloads/cache/metadata-453.htm
07-05 13:51:48.789   545  6032 I DownloadManager: in removeSpuriousFiles, preserving file /data/data/com.android.providers.downloads/cache/metadata-432.htm
07-05 13:51:48.789   545  6032 I DownloadManager: in removeSpuriousFiles, preserving file /data/data/com.android.providers.downloads/cache/metadata-613.htm
07-05 13:51:48.789   545  6032 I DownloadManager: in removeSpuriousFiles, preserving file /data/data/com.android.providers.downloads/cache/metadata-1464.htm
07-05 13:51:48.789   545  6032 I DownloadManager: in removeSpuriousFiles, preserving file /data/data/com.android.providers.downloads/cache/metadata-717.htm
07-05 13:51:48.789   545  6032 I DownloadManager: in removeSpuriousFiles, preserving file /data/data/com.android.providers.downloads/cache/metadata-508.htm
07-05 13:51:48.789   545  6032 I DownloadManager: in removeSpuriousFiles, preserving file /data/data/com.android.providers.downloads/cache/metadata-1120.htm
07-05 13:51:48.789   545  6032 I DownloadManager: in removeSpuriousFiles, preserving file /data/data/com.android.providers.downloads/cache/metadata-1410.htm
07-05 13:51:48.793   545  6032 I DownloadManager: in removeSpuriousFiles, preserving file /data/data/com.android.providers.downloads/cache/metadata-518.htm
07-05 13:51:48.793   545  6032 I DownloadManager: in removeSpuriousFiles, preserving file /data/data/com.android.providers.downloads/cache/metadata-272.htm
07-05 13:51:48.793   545  6032 I DownloadManager: in removeSpuriousFiles, preserving file /data/data/com.android.providers.downloads/cache/metadata-370.htm
07-05 13:51:48.797   545  6032 I DownloadManager: in removeSpuriousFiles, preserving file /data/data/com.android.providers.downloads/cache/metadata-146.htm
07-05 13:51:48.797   545  6032 I DownloadManager: in removeSpuriousFiles, preserving file /data/data/com.android.providers.downloads/cache/metadata-356.htm
07-05 13:51:48.797   545  6032 I DownloadManager: in removeSpuriousFiles, preserving file /data/data/com.android.providers.downloads/cache/metadata-998.htm
07-05 13:51:48.797   545  6032 I DownloadManager: in removeSpuriousFiles, preserving file /data/data/com.android.providers.downloads/cache/metadata-1611.htm
07-05 13:51:48.797   545  6032 I DownloadManager: in removeSpuriousFiles, preserving file /data/data/com.android.providers.downloads/cache/metadata-627.htm
07-05 13:51:48.797   545  6032 I DownloadManager: in removeSpuriousFiles, preserving file /data/data/com.android.providers.downloads/cache/metadata-1165.htm
07-05 13:51:48.797   545  6032 I DownloadManager: in removeSpuriousFiles, preserving file /data/data/com.android.providers.downloads/cache/metadata-1268.htm
07-05 13:51:48.797   545  6032 I DownloadManager: in removeSpuriousFiles, preserving file /data/data/com.android.providers.downloads/cache/metadata-1084.htm
07-05 13:51:48.797   545  6032 I DownloadManager: in removeSpuriousFiles, preserving file /data/data/com.android.providers.downloads/cache/metadata-119.htm
07-05 13:51:48.800   545  6032 I DownloadManager: in removeSpuriousFiles, preserving file /data/data/com.android.providers.downloads/cache/metadata-1213.htm
07-05 13:51:48.800   545  6032 I DownloadManager: in removeSpuriousFiles, preserving file /data/data/com.android.providers.downloads/cache/metadata-1404.htm
07-05 13:51:48.800   545   548 D dalvikvm: GC_CONCURRENT freed 555K, 8% free 10803K/11719K, paused 2ms+3ms
07-05 13:51:48.800   545  6032 I DownloadManager: in removeSpuriousFiles, preserving file /data/data/com.android.providers.downloads/cache/metadata-1459.htm
07-05 13:51:48.804   545  6032 I DownloadManager: in removeSpuriousFiles, preserving file /data/data/com.android.providers.downloads/cache/metadata-977.htm
07-05 13:51:48.804   545  6032 I DownloadManager: in removeSpuriousFiles, preserving file /data/data/com.android.providers.downloads/cache/metadata-2089.htm
07-05 13:51:48.804   545  6032 I DownloadManager: in removeSpuriousFiles, preserving file /data/data/com.android.providers.downloads/cache/metadata-537.htm
07-05 13:51:48.804   545  6032 I DownloadManager: in removeSpuriousFiles, preserving file /data/data/com.android.providers.downloads/cache/metadata-1413.htm
07-05 13:51:48.804   545  6032 I DownloadManager: in removeSpuriousFiles, preserving file /data/data/com.android.providers.downloads/cache/metadata-870.htm
07-05 13:51:48.804   545  6032 I DownloadManager: in removeSpuriousFiles, preserving file /data/data/com.android.providers.downloads/cache/metadata-1131.htm
07-05 13:51:48.804   545  6032 I DownloadManager: in removeSpuriousFiles, preserving file /data/data/com.android.providers.downloads/cache/metadata-1762.htm
07-05 13:51:48.804   545  6032 I DownloadManager: in removeSpuriousFiles, preserving file /data/data/com.android.providers.downloads/cache/metadata-460.htm
07-05 13:51:48.804   545  6032 I DownloadManager: in removeSpuriousFiles, preserving file /data/data/com.android.providers.downloads/cache/metadata-463.htm
07-05 13:51:48.804   545  6032 I DownloadManager: in removeSpuriousFiles, preserving file /data/data/com.android.providers.downloads/cache/metadata-1299.htm
07-05 13:51:48.808   545  6032 I DownloadManager: in removeSpuriousFiles, preserving file /data/data/com.android.providers.downloads/cache/metadata-853.htm
07-05 13:51:48.808   545  6032 I DownloadManager: in removeSpuriousFiles, preserving file /data/data/com.android.providers.downloads/cache/metadata-504.htm
07-05 13:51:48.808   545  6032 I DownloadManager: in removeSpuriousFiles, preserving file /data/data/com.android.providers.downloads/cache/metadata-617.htm
07-05 13:51:48.808   545  6032 I DownloadManager: in removeSpuriousFiles, preserving file /data/data/com.android.providers.downloads/cache/metadata-1161.htm
07-05 13:51:48.808   545  6032 I DownloadManager: in removeSpuriousFiles, preserving file /data/data/com.android.providers.downloads/cache/metadata-2086.htm
07-05 13:51:48.808   545  6032 I DownloadManager: in removeSpuriousFiles, preserving file /data/data/com.android.providers.downloads/cache/metadata-819.htm
07-05 13:51:48.808   545  6032 I DownloadManager: in removeSpuriousFiles, preserving file /data/data/com.android.providers.downloads/cache/metadata-621.htm
07-05 13:51:48.808   545  6032 I DownloadManager: in removeSpuriousFiles, preserving file /data/data/com.android.providers.downloads/cache/metadata-1671.htm
07-05 13:51:48.820   545  6032 I DownloadManager: in removeSpuriousFiles, preserving file /data/data/com.android.providers.downloads/cache/metadata-364.htm
07-05 13:51:48.820   545  6032 I DownloadManager: in removeSpuriousFiles, preserving file /data/data/com.android.providers.downloads/cache/metadata-478.htm
07-05 13:51:48.820   545  6032 I DownloadManager: in removeSpuriousFiles, preserving file /data/data/com.android.providers.downloads/cache/metadata.htm
07-05 13:51:48.820   545  6032 I DownloadManager: in removeSpuriousFiles, preserving file /data/data/com.android.providers.downloads/cache/metadata-178.htm
07-05 13:51:48.820   545  6032 I DownloadManager: in removeSpuriousFiles, preserving file /data/data/com.android.providers.downloads/cache/metadata-1428.htm
07-05 13:51:48.820   545  6032 I DownloadManager: in removeSpuriousFiles, preserving file /data/data/com.android.providers.downloads/cache/metadata-6.htm
07-05 13:51:48.820   545  6032 I DownloadManager: in removeSpuriousFiles, preserving file /data/data/com.android.providers.downloads/cache/metadata-167.htm
07-05 13:51:48.820   545  6032 I DownloadManager: in removeSpuriousFiles, preserving file /data/data/com.android.providers.downloads/cache/metadata-18.htm
07-05 13:51:48.820   545  6032 I DownloadManager: in removeSpuriousFiles, preserving file /data/data/com.android.providers.downloads/cache/metadata-213.htm
07-05 13:51:48.820   545  6032 I DownloadManager: in removeSpuriousFiles, preserving file /data/data/com.android.providers.downloads/cache/metadata-29.htm
07-05 13:51:48.820   545  6032 I DownloadManager: in removeSpuriousFiles, preserving file /data/data/com.android.providers.downloads/cache/metadata-438.htm
07-05 13:51:48.820   545  6032 I DownloadManager: in removeSpuriousFiles, preserving file /data/data/com.android.providers.downloads/cache/metadata-165.htm
07-05 13:51:48.820   545  6032 I DownloadManager: in removeSpuriousFiles, preserving file /data/data/com.android.providers.downloads/cache/metadata-338.htm
07-05 13:51:48.820   545  6032 I DownloadManager: in removeSpuriousFiles, preserving file /data/data/com.android.providers.downloads/cache/metadata-179.htm
07-05 13:51:48.820   545  6032 I DownloadManager: in removeSpuriousFiles, preserving file /data/data/com.android.providers.downloads/cache/metadata-204.htm
07-05 13:51:48.828   545  6032 I DownloadManager: in removeSpuriousFiles, preserving file /data/data/com.android.providers.downloads/cache/metadata-316.htm
07-05 13:51:48.828   545  6032 I DownloadManager: in removeSpuriousFiles, preserving file /data/data/com.android.providers.downloads/cache/metadata-287.htm
07-05 13:51:48.828   545  6032 I DownloadManager: in removeSpuriousFiles, preserving file /data/data/com.android.providers.downloads/cache/metadata-377.htm
07-05 13:51:48.828   545  6032 I DownloadManager: in removeSpuriousFiles, preserving file /data/data/com.android.providers.downloads/cache/metadata-86.htm
07-05 13:51:48.828   545  6032 I DownloadManager: in removeSpuriousFiles, preserving file /data/data/com.android.providers.downloads/cache/metadata-106.htm
07-05 13:51:48.828   545  6032 I DownloadManager: in removeSpuriousFiles, preserving file /data/data/com.android.providers.downloads/cache/metadata-330.htm
07-05 13:51:48.828   545  6032 I DownloadManager: in removeSpuriousFiles, preserving file /data/data/com.android.providers.downloads/cache/metadata-435.htm
07-05 13:51:48.828   545  6032 I DownloadManager: in removeSpuriousFiles, preserving file /data/data/com.android.providers.downloads/cache/metadata-396.htm
07-05 13:51:48.828   545  6032 I DownloadManager: in removeSpuriousFiles, preserving file /data/data/com.android.providers.downloads/cache/metadata-2141.htm
07-05 13:51:48.828   545  6032 I DownloadManager: in removeSpuriousFiles, preserving file /data/data/com.android.providers.downloads/cache/metadata-568.htm
07-05 13:51:48.828   545  6032 I DownloadManager: in removeSpuriousFiles, preserving file /data/data/com.android.providers.downloads/cache/metadata-189.htm
07-05 13:51:48.828   545  6032 I DownloadManager: in removeSpuriousFiles, preserving file /data/data/com.android.providers.downloads/cache/metadata-498.htm
07-05 13:51:48.828   545  6032 I DownloadManager: in removeSpuriousFiles, preserving file /data/data/com.android.providers.downloads/cache/metadata-228.htm
07-05 13:51:48.828   545  6032 I DownloadManager: in removeSpuriousFiles, preserving file /data/data/com.android.providers.downloads/cache/metadata-246.htm
07-05 13:51:48.828   545  6032 I DownloadManager: in removeSpuriousFiles, preserving file /data/data/com.android.providers.downloads/cache/metadata-173.htm
07-05 13:51:48.828   545  6032 I DownloadManager: in removeSpuriousFiles, preserving file /data/data/com.android.providers.downloads/cache/metadata-236.htm
07-05 13:51:48.828   545  6032 I DownloadManager: in removeSpuriousFiles, preserving file /data/data/com.android.providers.downloads/cache/metadata-346.htm
07-05 13:51:48.828   545  6032 I DownloadManager: in removeSpuriousFiles, preserving file /data/data/com.android.providers.downloads/cache/metadata-1835.htm
07-05 13:51:48.828   545  6032 I DownloadManager: in removeSpuriousFiles, preserving file /data/data/com.android.providers.downloads/cache/metadata-256.htm
07-05 13:51:48.828   545  6032 I DownloadManager: in removeSpuriousFiles, preserving file /data/data/com.android.providers.downloads/cache/metadata-1509.htm
07-05 13:51:48.828   545  6032 I DownloadManager: in removeSpuriousFiles, preserving file /data/data/com.android.providers.downloads/cache/metadata-472.htm
07-05 13:51:48.828   545  6032 I DownloadManager: in removeSpuriousFiles, preserving file /data/data/com.android.providers.downloads/cache/metadata-1144.htm
07-05 13:51:48.828   545  6032 I DownloadManager: in removeSpuriousFiles, preserving file /data/data/com.android.providers.downloads/cache/metadata-422.htm
07-05 13:51:48.828   545  6032 I DownloadManager: in removeSpuriousFiles, preserving file /data/data/com.android.providers.downloads/cache/metadata-1286.htm
07-05 13:51:48.828   545  6032 I DownloadManager: in removeSpuriousFiles, preserving file /data/data/com.android.providers.downloads/cache/metadata-382.htm
07-05 13:51:48.828   545  6032 I DownloadManager: in removeSpuriousFiles, preserving file /data/data/com.android.providers.downloads/cache/metadata-835.htm
07-05 13:51:48.828   545  6032 I DownloadManager: in removeSpuriousFiles, preserving file /data/data/com.android.providers.downloads/cache/metadata-154.htm
07-05 13:51:48.828   545  6032 I DownloadManager: in removeSpuriousFiles, preserving file /data/data/com.android.providers.downloads/cache/metadata-509.htm
07-05 13:51:48.828   545  6032 I DownloadManager: in removeSpuriousFiles, preserving file /data/data/com.android.providers.downloads/cache/metadata-473.htm
07-05 13:51:48.828   545  6032 I DownloadManager: in removeSpuriousFiles, preserving file /data/data/com.android.providers.downloads/cache/metadata-1531.htm
07-05 13:51:48.828   545  6032 I DownloadManager: in removeSpuriousFiles, preserving file /data/data/com.android.providers.downloads/cache/metadata-592.htm
07-05 13:51:48.828   545  6032 I DownloadManager: in removeSpuriousFiles, preserving file /data/data/com.android.providers.downloads/cache/metadata-358.htm
07-05 13:51:48.828   545  6032 I DownloadManager: in removeSpuriousFiles, preserving file /data/data/com.android.providers.downloads/cache/metadata-417.htm
07-05 13:51:48.828   545  6032 I DownloadManager: in removeSpuriousFiles, preserving file /data/data/com.android.providers.downloads/cache/metadata-190.htm
07-05 13:51:48.832   545  6032 I DownloadManager: in removeSpuriousFiles, preserving file /data/data/com.android.providers.downloads/cache/metadata-1018.htm
07-05 13:51:48.832   545  6032 I DownloadManager: in removeSpuriousFiles, preserving file /data/data/com.android.providers.downloads/cache/metadata-603.htm
07-05 13:51:48.832   545  6032 I DownloadManager: in removeSpuriousFiles, preserving file /data/data/com.android.providers.downloads/cache/metadata-264.htm
07-05 13:51:48.832   545  6032 I DownloadManager: in removeSpuriousFiles, preserving file /data/data/com.android.providers.downloads/cache/metadata-582.htm
07-05 13:51:48.832   545  6032 I DownloadManager: in removeSpuriousFiles, preserving file /data/data/com.android.providers.downloads/cache/metadata-1080.htm
07-05 13:51:48.832   545  6032 I DownloadManager: in removeSpuriousFiles, preserving file /data/data/com.android.providers.downloads/cache/metadata-406.htm
07-05 13:51:48.832   545  6032 I DownloadManager: in removeSpuriousFiles, preserving file /data/data/com.android.providers.downloads/cache/metadata-485.htm
07-05 13:51:48.832   545  6032 I DownloadManager: in removeSpuriousFiles, preserving file /data/data/com.android.providers.downloads/cache/metadata-1377.htm
07-05 13:51:48.832   545  6032 I DownloadManager: in removeSpuriousFiles, preserving file /data/data/com.android.providers.downloads/cache/metadata-469.htm
07-05 13:51:48.832   545  6032 I DownloadManager: in removeSpuriousFiles, preserving file /data/data/com.android.providers.downloads/cache/metadata-1524.htm
07-05 13:51:48.832   545  6032 I DownloadManager: in removeSpuriousFiles, preserving file /data/data/com.android.providers.downloads/cache/metadata-492.htm
07-05 13:51:48.836   545  6032 I DownloadManager: in removeSpuriousFiles, preserving file /data/data/com.android.providers.downloads/cache/metadata-622.htm
07-05 13:51:48.836   545  6032 I DownloadManager: in removeSpuriousFiles, preserving file /data/data/com.android.providers.downloads/cache/metadata-1045.htm
07-05 13:51:48.836   545  6032 I DownloadManager: in removeSpuriousFiles, preserving file /data/data/com.android.providers.downloads/cache/metadata-2226.htm
07-05 13:51:48.836   545  6032 I DownloadManager: in removeSpuriousFiles, preserving file /data/data/com.android.providers.downloads/cache/metadata-479.htm
07-05 13:51:48.836   545  6032 I DownloadManager: in removeSpuriousFiles, preserving file /data/data/com.android.providers.downloads/cache/metadata-677.htm
07-05 13:51:48.836   545  6032 I DownloadManager: in removeSpuriousFiles, preserving file /data/data/com.android.providers.downloads/cache/metadata-1720.htm
07-05 13:51:48.836   545  6032 I DownloadManager: in removeSpuriousFiles, preserving file /data/data/com.android.providers.downloads/cache/metadata-2155.htm
07-05 13:51:48.836   545  6032 I DownloadManager: in removeSpuriousFiles, preserving file /data/data/com.android.providers.downloads/cache/metadata-361.htm
07-05 13:51:48.836   545  6032 I DownloadManager: in removeSpuriousFiles, preserving file /data/data/com.android.providers.downloads/cache/metadata-410.htm
07-05 13:51:48.836   545  6032 I DownloadManager: in removeSpuriousFiles, preserving file /data/data/com.android.providers.downloads/cache/metadata-484.htm
07-05 13:51:48.836   545  6032 I DownloadManager: in removeSpuriousFiles, preserving file /data/data/com.android.providers.downloads/cache/metadata-476.htm
07-05 13:51:48.836   545  6032 I DownloadManager: in removeSpuriousFiles, preserving file /data/data/com.android.providers.downloads/cache/metadata-457.htm
07-05 13:51:48.836   545  6032 I DownloadManager: in removeSpuriousFiles, preserving file /data/data/com.android.providers.downloads/cache/metadata-753.htm
07-05 13:51:48.836   545  6032 I DownloadManager: in removeSpuriousFiles, preserving file /data/data/com.android.providers.downloads/cache/metadata-293.htm
07-05 13:51:48.836   545  6032 I DownloadManager: in removeSpuriousFiles, preserving file /data/data/com.android.providers.downloads/cache/metadata-895.htm
07-05 13:51:48.836   545  6032 I DownloadManager: in removeSpuriousFiles, preserving file /data/data/com.android.providers.downloads/cache/metadata-558.htm
07-05 13:51:48.836   545  6032 I DownloadManager: in removeSpuriousFiles, preserving file /data/data/com.android.providers.downloads/cache/metadata-536.htm
07-05 13:51:48.836   545  6032 I DownloadManager: in removeSpuriousFiles, preserving file /data/data/com.android.providers.downloads/cache/metadata-1308.htm
07-05 13:51:48.840   545  6032 I DownloadManager: in removeSpuriousFiles, preserving file /data/data/com.android.providers.downloads/cache/metadata-402.htm
07-05 13:51:48.840   545  6032 I DownloadManager: in removeSpuriousFiles, preserving file /data/data/com.android.providers.downloads/cache/metadata-507.htm
07-05 13:51:48.840   545  6032 I DownloadManager: in removeSpuriousFiles, preserving file /data/data/com.android.providers.downloads/cache/metadata-1337.htm
07-05 13:51:48.840   545  6032 I DownloadManager: in removeSpuriousFiles, preserving file /data/data/com.android.providers.downloads/cache/metadata-510.htm
07-05 13:51:48.840   545  6032 I DownloadManager: in removeSpuriousFiles, preserving file /data/data/com.android.providers.downloads/cache/metadata-363.htm
07-05 13:51:48.840   545  6032 I DownloadManager: in removeSpuriousFiles, preserving file /data/data/com.android.providers.downloads/cache/metadata-570.htm
07-05 13:51:48.840   545  6032 I DownloadManager: in removeSpuriousFiles, preserving file /data/data/com.android.providers.downloads/cache/metadata-2318.htm
07-05 13:51:48.840   545  6032 I DownloadManager: in removeSpuriousFiles, preserving file /data/data/com.android.providers.downloads/cache/metadata-524.htm
07-05 13:51:48.840   545  6032 I DownloadManager: in removeSpuriousFiles, preserving file /data/data/com.android.providers.downloads/cache/metadata-1994.htm
07-05 13:51:48.840   545  6032 I DownloadManager: in removeSpuriousFiles, preserving file /data/data/com.android.providers.downloads/cache/metadata-1277.htm
07-05 13:51:48.840   545  6032 I DownloadManager: in removeSpuriousFiles, preserving file /data/data/com.android.providers.downloads/cache/metadata-1923.htm
07-05 13:51:48.840   545  6032 I DownloadManager: in removeSpuriousFiles, preserving file /data/data/com.android.providers.downloads/cache/metadata-1195.htm
07-05 13:51:48.840   545  6032 I DownloadManager: in removeSpuriousFiles, preserving file /data/data/com.android.providers.downloads/cache/metadata-1501.htm
07-05 13:51:48.840   545  6032 I DownloadManager: in removeSpuriousFiles, preserving file /data/data/com.android.providers.downloads/cache/metadata-514.htm
07-05 13:51:48.840   545  6032 I DownloadManager: in removeSpuriousFiles, preserving file /data/data/com.android.providers.downloads/cache/metadata-3040.htm
07-05 13:51:48.840   545  6032 I DownloadManager: in removeSpuriousFiles, preserving file /data/data/com.android.providers.downloads/cache/metadata-2035.htm
07-05 13:51:48.843   545  6032 I DownloadManager: in removeSpuriousFiles, preserving file /data/data/com.android.providers.downloads/cache/metadata-535.htm
07-05 13:51:48.843   545  6032 I DownloadManager: in removeSpuriousFiles, preserving file /data/data/com.android.providers.downloads/cache/metadata-1874.htm
07-05 13:51:48.843   545  6032 I DownloadManager: in removeSpuriousFiles, preserving file /data/data/com.android.providers.downloads/cache/metadata-2048.htm
07-05 13:51:48.843   545  6032 I DownloadManager: in removeSpuriousFiles, preserving file /data/data/com.android.providers.downloads/cache/metadata-1583.htm
07-05 13:51:48.843   545  6032 I DownloadManager: in removeSpuriousFiles, preserving file /data/data/com.android.providers.downloads/cache/metadata-490.htm
07-05 13:51:48.843   545  6032 I DownloadManager: in removeSpuriousFiles, preserving file /data/data/com.android.providers.downloads/cache/metadata-720.htm
07-05 13:51:48.843   545  6032 I DownloadManager: in removeSpuriousFiles, preserving file /data/data/com.android.providers.downloads/cache/metadata-84.htm
07-05 13:51:48.843   545  6032 I DownloadManager: in removeSpuriousFiles, preserving file /data/data/com.android.providers.downloads/cache/metadata-523.htm
07-05 13:51:48.843   545  6032 I DownloadManager: in removeSpuriousFiles, preserving file /data/data/com.android.providers.downloads/cache/metadata-280.htm
07-05 13:51:48.843   545  6032 I DownloadManager: in removeSpuriousFiles, preserving file /data/data/com.android.providers.downloads/cache/metadata-1555.htm
07-05 13:51:48.843   545  6032 I DownloadManager: in removeSpuriousFiles, preserving file /data/data/com.android.providers.downloads/cache/metadata-859.htm
07-05 13:51:48.843   545  6032 I DownloadManager: in removeSpuriousFiles, preserving file /data/data/com.android.providers.downloads/cache/metadata-1167.htm
07-05 13:51:48.843   545  6032 I DownloadManager: in removeSpuriousFiles, preserving file /data/data/com.android.providers.downloads/cache/metadata-2379.htm
07-05 13:51:48.843   545  6032 I DownloadManager: in removeSpuriousFiles, preserving file /data/data/com.android.providers.downloads/cache/metadata-493.htm
07-05 13:51:48.843   545  6032 I DownloadManager: in removeSpuriousFiles, preserving file /data/data/com.android.providers.downloads/cache/metadata-405.htm
07-05 13:51:48.847   545  6032 I DownloadManager: in removeSpuriousFiles, preserving file /data/data/com.android.providers.downloads/cache/metadata-632.htm
07-05 13:51:48.847   545  6032 I DownloadManager: in removeSpuriousFiles, preserving file /data/data/com.android.providers.downloads/cache/metadata-270.htm
07-05 13:51:48.847   545  6032 I DownloadManager: in removeSpuriousFiles, preserving file /data/data/com.android.providers.downloads/cache/metadata-1904.htm
07-05 13:51:48.847   545  6032 I DownloadManager: in removeSpuriousFiles, preserving file /data/data/com.android.providers.downloads/cache/metadata-477.htm
07-05 13:51:48.847   545  6032 I DownloadManager: in removeSpuriousFiles, preserving file /data/data/com.android.providers.downloads/cache/metadata-579.htm
07-05 13:51:48.847   545  6032 I DownloadManager: in removeSpuriousFiles, preserving file /data/data/com.android.providers.downloads/cache/metadata-952.htm
07-05 13:51:48.847   545  6032 I DownloadManager: in removeSpuriousFiles, preserving file /data/data/com.android.providers.downloads/cache/metadata-1333.htm
07-05 13:51:48.847   545  6032 I DownloadManager: in removeSpuriousFiles, preserving file /data/data/com.android.providers.downloads/cache/metadata-966.htm
07-05 13:51:48.847   545  6032 I DownloadManager: in removeSpuriousFiles, preserving file /data/data/com.android.providers.downloads/cache/metadata-648.htm
07-05 13:51:48.847   545  6032 I DownloadManager: in removeSpuriousFiles, preserving file /data/data/com.android.providers.downloads/cache/metadata-1469.htm
07-05 13:51:48.847   545  6032 I DownloadManager: in removeSpuriousFiles, preserving file /data/data/com.android.providers.downloads/cache/metadata-808.htm
07-05 13:51:48.847   545  6032 I DownloadManager: in removeSpuriousFiles, preserving file /data/data/com.android.providers.downloads/cache/metadata-1041.htm
07-05 13:51:48.847   545  6032 I DownloadManager: in removeSpuriousFiles, preserving file /data/data/com.android.providers.downloads/cache/metadata-1543.htm
07-05 13:51:48.847   545  6032 I DownloadManager: in removeSpuriousFiles, preserving file /data/data/com.android.providers.downloads/cache/metadata-1784.htm
07-05 13:51:48.851   545  6032 I DownloadManager: in removeSpuriousFiles, preserving file /data/data/com.android.providers.downloads/cache/metadata-1255.htm
07-05 13:51:48.851   545  6032 I DownloadManager: in removeSpuriousFiles, preserving file /data/data/com.android.providers.downloads/cache/metadata-909.htm
07-05 13:51:48.851   545  6032 I DownloadManager: in removeSpuriousFiles, preserving file /data/data/com.android.providers.downloads/cache/metadata-953.htm
07-05 13:51:48.851   545  6032 I DownloadManager: in removeSpuriousFiles, preserving file /data/data/com.android.providers.downloads/cache/metadata-882.htm
07-05 13:51:48.851   545  6032 I DownloadManager: deleting spurious file /cache/dalvik-cache
07-05 13:51:48.851   545  6032 I DownloadManager: deleting spurious file /data/data/com.android.providers.downloads/cache/metadata-4.htm
07-05 13:51:48.851   545  6032 I DownloadManager: deleting spurious file /data/data/com.android.providers.downloads/cache/metadata-9.htm
07-05 13:51:48.851   545  6032 I DownloadManager: deleting spurious file /data/data/com.android.providers.downloads/cache/metadata-41.htm
07-05 13:51:48.851   545  6032 I DownloadManager: deleting spurious file /data/data/com.android.providers.downloads/cache/metadata-19.htm
07-05 13:51:48.851   545  6032 I DownloadManager: deleting spurious file /data/data/com.android.providers.downloads/cache/metadata-34.htm
07-05 13:51:48.855   545  6032 I DownloadManager: deleting spurious file /data/data/com.android.providers.downloads/cache/metadata-49.htm
07-05 13:51:48.855   545  6032 I DownloadManager: deleting spurious file /data/data/com.android.providers.downloads/cache/metadata-53.htm
07-05 13:51:48.855   545  6032 I DownloadManager: deleting spurious file /data/data/com.android.providers.downloads/cache/metadata-122.htm
07-05 13:51:48.855   545  6032 I DownloadManager: deleting spurious file /data/data/com.android.providers.downloads/cache/metadata-414.htm
07-05 13:51:48.855   545  6032 I DownloadManager: deleting spurious file /data/data/com.android.providers.downloads/cache/metadata-110.htm
07-05 13:51:48.855   545  6032 I DownloadManager: deleting spurious file /data/data/com.android.providers.downloads/cache/metadata-69.htm
07-05 13:51:48.855   545  6032 I DownloadManager: deleting spurious file /data/data/com.android.providers.downloads/cache/metadata-384.htm
07-05 13:51:48.855   545  6032 I DownloadManager: deleting spurious file /data/data/com.android.providers.downloads/cache/metadata-244.htm
07-05 13:51:48.855   545  6032 I DownloadManager: deleting spurious file /data/data/com.android.providers.downloads/cache/metadata-376.htm
07-05 13:51:48.855   545  6032 I DownloadManager: deleting spurious file /data/data/com.android.providers.downloads/cache/metadata-450.htm
07-05 13:51:48.855   545  6032 I DownloadManager: deleting spurious file /data/data/com.android.providers.downloads/cache/metadata-341.htm
07-05 13:51:48.855   545  6032 I DownloadManager: deleting spurious file /data/data/com.android.providers.downloads/cache/metadata-366.htm
07-05 13:51:48.855   545  6032 I DownloadManager: deleting spurious file /data/data/com.android.providers.downloads/cache/metadata-452.htm
07-05 13:51:48.855   545  6032 I DownloadManager: deleting spurious file /data/data/com.android.providers.downloads/cache/metadata-74.htm
07-05 13:51:48.855   545  6032 I DownloadManager: deleting spurious file /data/data/com.android.providers.downloads/cache/metadata-421.htm
07-05 13:51:48.855   545  6032 I DownloadManager: deleting spurious file /data/data/com.android.providers.downloads/cache/metadata-214.htm
07-05 13:51:48.855   545  6032 I DownloadManager: deleting spurious file /data/data/com.android.providers.downloads/cache/metadata-222.htm
07-05 13:51:48.859   545  6032 I DownloadManager: deleting spurious file /data/data/com.android.providers.downloads/cache/metadata-420.htm
07-05 13:51:48.859   545  6032 I DownloadManager: deleting spurious file /data/data/com.android.providers.downloads/cache/metadata-1335.htm
07-05 13:51:48.859   545  6032 I DownloadManager: deleting spurious file /data/data/com.android.providers.downloads/cache/metadata-976.htm
07-05 13:51:48.859   545  6032 I DownloadManager: deleting spurious file /data/data/com.android.providers.downloads/cache/metadata-762.htm
07-05 13:51:48.859   545  6032 I DownloadManager: deleting spurious file /data/data/com.android.providers.downloads/cache/metadata-267.htm
07-05 13:51:48.859   545  6032 I DownloadManager: deleting spurious file /data/data/com.android.providers.downloads/cache/metadata-529.htm
07-05 13:51:48.859   545  6032 I DownloadManager: deleting spurious file /data/data/com.android.providers.downloads/cache/metadata-662.htm
07-05 13:51:48.859   545  6032 I DownloadManager: deleting spurious file /data/data/com.android.providers.downloads/cache/metadata-456.htm
07-05 13:51:48.859   545  6032 I DownloadManager: deleting spurious file /data/data/com.android.providers.downloads/cache/metadata-258.htm
07-05 13:51:48.859   545  6032 I DownloadManager: deleting spurious file /data/data/com.android.providers.downloads/cache/metadata-260.htm
07-05 13:51:48.859   545  6032 I DownloadManager: deleting spurious file /data/data/com.android.providers.downloads/cache/metadata-423.htm
07-05 13:51:48.859   545  6032 I DownloadManager: deleting spurious file /data/data/com.android.providers.downloads/cache/metadata-308.htm
07-05 13:51:48.859   545  6032 I DownloadManager: deleting spurious file /data/data/com.android.providers.downloads/cache/metadata-407.htm
07-05 13:51:48.859   545  6032 I DownloadManager: deleting spurious file /data/data/com.android.providers.downloads/cache/metadata-961.htm
07-05 13:51:48.859   545  6032 I DownloadManager: deleting spurious file /data/data/com.android.providers.downloads/cache/metadata-738.htm
07-05 13:51:48.859   545  6032 I DownloadManager: deleting spurious file /data/data/com.android.providers.downloads/cache/metadata-1649.htm
07-05 13:51:48.859   545  6032 I DownloadManager: deleting spurious file /data/data/com.android.providers.downloads/cache/metadata-177.htm
07-05 13:51:48.863   545  6032 I DownloadManager: deleting spurious file /data/data/com.android.providers.downloads/cache/metadata-715.htm
07-05 13:51:48.863   545  6032 I DownloadManager: deleting spurious file /data/data/com.android.providers.downloads/cache/metadata-111.htm
07-05 13:51:48.863   545  6032 I DownloadManager: deleting spurious file /data/data/com.android.providers.downloads/cache/metadata-98.htm
07-05 13:51:48.863   545  6032 I DownloadManager: deleting spurious file /data/data/com.android.providers.downloads/cache/metadata-455.htm
07-05 13:51:48.863   545  6032 I DownloadManager: deleting spurious file /data/data/com.android.providers.downloads/cache/metadata-746.htm
07-05 13:51:48.863   545  6032 I DownloadManager: deleting spurious file /data/data/com.android.providers.downloads/cache/metadata-1997.htm
07-05 13:51:48.863   545  6032 I DownloadManager: deleting spurious file /data/data/com.android.providers.downloads/cache/metadata-2189.htm
07-05 13:51:48.863   545  6032 I DownloadManager: deleting spurious file /data/data/com.android.providers.downloads/cache/metadata-1339.htm
07-05 13:51:48.863   545  6032 I DownloadManager: deleting spurious file /data/data/com.android.providers.downloads/cache/metadata-100.htm
07-05 13:51:48.863   545  6032 I DownloadManager: deleting spurious file /data/data/com.android.providers.downloads/cache/metadata-415.htm
07-05 13:51:48.863   545  6032 I DownloadManager: deleting spurious file /data/data/com.android.providers.downloads/cache/metadata-499.htm
07-05 13:51:48.863   545  6032 I DownloadManager: deleting spurious file /data/data/com.android.providers.downloads/cache/metadata-1851.htm
07-05 13:51:48.863   545  6032 I DownloadManager: deleting spurious file /data/data/com.android.providers.downloads/cache/metadata-805.htm
07-05 13:51:48.863   545  6032 I DownloadManager: deleting spurious file /data/data/com.android.providers.downloads/cache/metadata-458.htm
07-05 13:51:48.863   545  6032 I DownloadManager: deleting spurious file /data/data/com.android.providers.downloads/cache/metadata-538.htm
07-05 13:51:48.863   545  6032 I DownloadManager: deleting spurious file /data/data/com.android.providers.downloads/cache/metadata-1676.htm
07-05 13:51:48.863   545  6032 I DownloadManager: deleting spurious file /data/data/com.android.providers.downloads/cache/metadata-1473.htm
07-05 13:51:48.867   545  6032 I DownloadManager: deleting spurious file /data/data/com.android.providers.downloads/cache/metadata-1059.htm
07-05 13:51:48.867   545  6032 I DownloadManager: deleting spurious file /data/data/com.android.providers.downloads/cache/metadata-1944.htm
07-05 13:51:48.867   545  6032 I DownloadManager: deleting spurious file /data/data/com.android.providers.downloads/cache/metadata-991.htm
07-05 13:51:48.867   545  6032 I DownloadManager: deleting spurious file /data/data/com.android.providers.downloads/cache/metadata-290.htm
07-05 13:51:48.871   545  6032 I DownloadManager: deleting spurious file /data/data/com.android.providers.downloads/cache/metadata-968.htm
07-05 13:51:48.871   545  6032 I DownloadManager: deleting spurious file /data/data/com.android.providers.downloads/cache/metadata-1362.htm
07-05 13:51:48.871   545  6032 I DownloadManager: deleting spurious file /data/data/com.android.providers.downloads/cache/metadata-487.htm
07-05 13:51:48.871   545  6032 I DownloadManager: deleting spurious file /data/data/com.android.providers.downloads/cache/metadata-2114.htm
07-05 13:51:48.871   545  6032 I DownloadManager: deleting spurious file /data/data/com.android.providers.downloads/cache/metadata-393.htm
07-05 13:51:48.871   545  6032 I DownloadManager: deleting spurious file /data/data/com.android.providers.downloads/cache/metadata-1497.htm
07-05 13:51:48.871   545  6032 I DownloadManager: deleting spurious file /data/data/com.android.providers.downloads/cache/metadata-278.htm
07-05 13:51:48.871   545  6032 I DownloadManager: deleting spurious file /data/data/com.android.providers.downloads/cache/metadata-967.htm
07-05 13:51:48.871   545  6032 I DownloadManager: deleting spurious file /data/data/com.android.providers.downloads/cache/metadata-1092.htm
07-05 13:51:48.871   545  6032 I DownloadManager: deleting spurious file /data/data/com.android.providers.downloads/cache/metadata-389.htm
07-05 13:51:48.871   545  6032 I DownloadManager: deleting spurious file /data/data/com.android.providers.downloads/cache/metadata-221.htm
07-05 13:51:48.871   545  6032 I DownloadManager: deleting spurious file /data/data/com.android.providers.downloads/cache/metadata-1502.htm
07-05 13:51:48.871   545  6032 I DownloadManager: deleting spurious file /data/data/com.android.providers.downloads/cache/metadata-444.htm
07-05 13:51:48.871   545  6032 I DownloadManager: deleting spurious file /data/data/com.android.providers.downloads/cache/metadata-1405.htm
07-05 13:51:48.871   545  6032 I DownloadManager: deleting spurious file /data/data/com.android.providers.downloads/cache/metadata-1291.htm
07-05 13:51:48.871   545  6032 I DownloadManager: deleting spurious file /data/data/com.android.providers.downloads/cache/metadata-955.htm
07-05 13:51:48.871   545  6032 I DownloadManager: deleting spurious file /data/data/com.android.providers.downloads/cache/metadata-462.htm
07-05 13:51:48.875   545  6032 I DownloadManager: deleting spurious file /data/data/com.android.providers.downloads/cache/metadata-1932.htm
07-05 13:51:48.875   545  6032 I DownloadManager: deleting spurious file /data/data/com.android.providers.downloads/cache/metadata-1485.htm
07-05 13:51:48.875   545  6032 I DownloadManager: deleting spurious file /data/data/com.android.providers.downloads/cache/metadata-1143.htm
07-05 13:51:48.875   545  6032 I DownloadManager: deleting spurious file /data/data/com.android.providers.downloads/cache/metadata-644.htm
07-05 13:51:48.875   545  6032 I DownloadManager: deleting spurious file /data/data/com.android.providers.downloads/cache/metadata-1238.htm
07-05 13:51:48.875   545  6032 I DownloadManager: deleting spurious file /data/data/com.android.providers.downloads/cache/metadata-1005.htm
07-05 13:51:48.875   545  6032 I DownloadManager: deleting spurious file /data/data/com.android.providers.downloads/cache/metadata-2271.htm
07-05 13:51:48.875   545  6032 I DownloadManager: deleting spurious file /data/data/com.android.providers.downloads/cache/metadata-781.htm
07-05 13:51:48.875   545  6032 I DownloadManager: deleting spurious file /data/data/com.android.providers.downloads/cache/metadata-1545.htm
07-05 13:51:48.875   545  6032 I DownloadManager: deleting spurious file /data/data/com.android.providers.downloads/cache/metadata-889.htm
07-05 13:51:48.875   545  6032 I DownloadManager: deleting spurious file /data/data/com.android.providers.downloads/cache/metadata-956.htm
07-05 13:51:48.875   545  6032 I DownloadManager: deleting spurious file /data/data/com.android.providers.downloads/cache/metadata-1306.htm
07-05 13:51:48.875   545  6032 I DownloadManager: deleting spurious file /data/data/com.android.providers.downloads/cache/metadata-2405.htm
07-05 13:51:48.875   545  6032 I DownloadManager: deleting spurious file /data/data/com.android.providers.downloads/cache/metadata-541.htm
07-05 13:51:48.875   545  6032 I DownloadManager: deleting spurious file /data/data/com.android.providers.downloads/cache/metadata-520.htm
07-05 13:51:48.875   545  6032 I DownloadManager: deleting spurious file /data/data/com.android.providers.downloads/cache/metadata-1436.htm
07-05 13:51:48.875   545  6032 I DownloadManager: deleting spurious file /data/data/com.android.providers.downloads/cache/metadata-885.htm
07-05 13:51:48.879   545  6032 I DownloadManager: deleting spurious file /data/data/com.android.providers.downloads/cache/metadata-1090.htm
07-05 13:51:48.879   545  6032 I DownloadManager: deleting spurious file /data/data/com.android.providers.downloads/cache/metadata-521.htm
07-05 13:51:48.879   545  6032 I DownloadManager: deleting spurious file /data/data/com.android.providers.downloads/cache/metadata-1877.htm
07-05 13:51:48.879   545  6032 I DownloadManager: deleting spurious file /data/data/com.android.providers.downloads/cache/metadata-1967.htm
07-05 13:51:48.879   545  6032 I DownloadManager: deleting spurious file /data/data/com.android.providers.downloads/cache/metadata-466.htm
07-05 13:51:48.879   545  6032 I DownloadManager: deleting spurious file /data/data/com.android.providers.downloads/cache/metadata-712.htm
07-05 13:51:48.879   545  6032 I DownloadManager: deleting spurious file /data/data/com.android.providers.downloads/cache/metadata-1389.htm
07-05 13:51:48.879   545  6032 I DownloadManager: deleting spurious file /data/data/com.android.providers.downloads/cache/metadata-447.htm
07-05 13:51:48.879   545  6032 I DownloadManager: deleting spurious file /data/data/com.android.providers.downloads/cache/metadata-532.htm
07-05 13:51:48.879   545  6032 I DownloadManager: deleting spurious file /data/data/com.android.providers.downloads/cache/metadata-1019.htm
07-05 13:51:48.879   545  6032 I DownloadManager: deleting spurious file /data/data/com.android.providers.downloads/cache/metadata-880.htm
07-05 13:51:48.879   545  6032 I DownloadManager: deleting spurious file /data/data/com.android.providers.downloads/cache/metadata-709.htm
07-05 13:51:48.879   545  6032 I DownloadManager: deleting spurious file /data/data/com.android.providers.downloads/cache/metadata-1309.htm
07-05 13:51:48.879   545  6032 I DownloadManager: deleting spurious file /data/data/com.android.providers.downloads/cache/metadata-1416.htm
07-05 13:51:48.879   545  6032 I DownloadManager: deleting spurious file /data/data/com.android.providers.downloads/cache/metadata-1718.htm
07-05 13:51:48.879   545  6032 I DownloadManager: deleting spurious file /data/data/com.android.providers.downloads/cache/metadata-1275.htm
07-05 13:51:48.883   545  6032 I DownloadManager: deleting spurious file /data/data/com.android.providers.downloads/cache/metadata-1274.htm
07-05 13:51:48.883   545  6032 I DownloadManager: deleting spurious file /data/data/com.android.providers.downloads/cache/metadata-559.htm
07-05 13:51:48.883   545  6032 I DownloadManager: deleting spurious file /data/data/com.android.providers.downloads/cache/metadata-942.htm
07-05 13:51:48.883   545  6032 I DownloadManager: deleting spurious file /data/data/com.android.providers.downloads/cache/metadata-1107.htm
07-05 13:51:48.883   545  6032 I DownloadManager: deleting spurious file /data/data/com.android.providers.downloads/cache/metadata-131.htm
07-05 13:51:48.883   545  6032 I DownloadManager: deleting spurious file /data/data/com.android.providers.downloads/cache/metadata-678.htm
07-05 13:51:48.883   545  6032 I DownloadManager: deleting spurious file /data/data/com.android.providers.downloads/cache/metadata-1805.htm
07-05 13:51:48.883   545  6032 I DownloadManager: deleting spurious file /data/data/com.android.providers.downloads/cache/metadata-1695.htm
07-05 13:51:48.883   545  6032 I DownloadManager: deleting spurious file /data/data/com.android.providers.downloads/cache/metadata-694.htm
07-05 13:51:49.140   545   548 D dalvikvm: GC_CONCURRENT freed 756K, 11% free 10533K/11719K, paused 2ms+3ms
07-05 13:51:49.457   545   548 D dalvikvm: GC_CONCURRENT freed 404K, 11% free 10527K/11719K, paused 2ms+2ms
07-05 13:51:49.590   545  6034 I DownloadManager: Initiating request for download 4544
07-05 13:51:49.699   545   548 D dalvikvm: GC_CONCURRENT freed 252K, 9% free 10710K/11719K, paused 2ms+3ms
07-05 13:51:49.824   545   548 D dalvikvm: GC_CONCURRENT freed 321K, 8% free 10876K/11719K, paused 2ms+2ms
07-05 13:51:50.117   545   548 D dalvikvm: GC_CONCURRENT freed 798K, 10% free 10579K/11719K, paused 3ms+3ms
07-05 13:51:50.465   545   548 D dalvikvm: GC_CONCURRENT freed 447K, 11% free 10546K/11719K, paused 2ms+3ms
07-05 13:51:50.761   545   548 D dalvikvm: GC_CONCURRENT freed 426K, 11% free 10511K/11719K, paused 2ms+3ms
07-05 13:51:52.937   545  6037 I DownloadManager: Initiating request for download 4545
07-05 13:51:53.054   545   548 D dalvikvm: GC_CONCURRENT freed 254K, 9% free 10690K/11719K, paused 3ms+3ms
07-05 13:51:53.187   545   548 D dalvikvm: GC_CONCURRENT freed 318K, 8% free 10852K/11719K, paused 2ms+3ms
07-05 13:51:53.449   545   548 D dalvikvm: GC_CONCURRENT freed 795K, 11% free 10546K/11719K, paused 2ms+2ms
07-05 13:51:53.722   545   548 D dalvikvm: GC_CONCURRENT freed 408K, 11% free 10529K/11719K, paused 2ms+2ms
07-05 13:51:54.011   545   548 D dalvikvm: GC_CONCURRENT freed 414K, 11% free 10518K/11719K, paused 1ms+3ms
07-05 13:51:54.429  1370  6039 E DictionaryProvider:UpdateHandler: Can't read a file : android.util.MalformedJsonException: Use JsonReader.setLenient(true) to accept malformed JSON at line 1 column 20
07-05 13:51:54.492   545   548 D dalvikvm: GC_CONCURRENT freed 413K, 11% free 10509K/11719K, paused 1ms+3ms
07-05 13:51:54.808   545   548 D dalvikvm: GC_CONCURRENT freed 423K, 11% free 10477K/11719K, paused 1ms+2ms
07-05 13:51:55.074   545   548 D dalvikvm: GC_CONCURRENT freed 417K, 11% free 10451K/11719K, paused 1ms+2ms
07-05 13:51:55.101   545  6042 I DownloadManager: Initiating request for download 4545
07-05 13:51:55.101   545  6042 W DownloadManager: Aborting request for download 4545: Trying to resume a download that can't be resumed
07-05 13:51:56.035   545   548 D dalvikvm: GC_CONCURRENT freed 350K, 11% free 10491K/11719K, paused 2ms+3ms
07-05 13:51:56.304   545   548 D dalvikvm: GC_CONCURRENT freed 416K, 11% free 10461K/11719K, paused 2ms+2ms
07-05 13:51:57.543   545   548 D dalvikvm: GC_CONCURRENT freed 401K, 11% free 10452K/11719K, paused 13ms+3ms
07-05 13:51:57.633   545  6045 I DownloadManager: Initiating request for download 4546
07-05 13:51:57.777   545   548 D dalvikvm: GC_CONCURRENT freed 213K, 9% free 10689K/11719K, paused 2ms+3ms
07-05 13:51:57.910   545   548 D dalvikvm: GC_CONCURRENT freed 424K, 9% free 10715K/11719K, paused 2ms+2ms
07-05 13:51:58.254   545   548 D dalvikvm: GC_CONCURRENT freed 689K, 11% free 10470K/11719K, paused 2ms+3ms
07-05 13:51:58.332  1370  6047 E DictionaryProvider:UpdateHandler: Can't read a file : android.util.MalformedJsonException: Use JsonReader.setLenient(true) to accept malformed JSON at line 1 column 20
07-05 13:51:58.383  1370  1372 D dalvikvm: GC_CONCURRENT freed 390K, 7% free 9133K/9735K, paused 2ms+3ms
07-05 13:51:58.597   545   548 D dalvikvm: GC_CONCURRENT freed 403K, 11% free 10456K/11719K, paused 2ms+3ms
07-05 13:51:58.789   545  6049 I DownloadManager: Initiating request for download 4546
07-05 13:51:58.855   545   548 D dalvikvm: GC_CONCURRENT freed 371K, 11% free 10489K/11719K, paused 2ms+3ms
07-05 13:51:58.949   545   548 D dalvikvm: GC_CONCURRENT freed 215K, 9% free 10710K/11719K, paused 1ms+3ms
07-05 13:51:59.332   545   548 D dalvikvm: GC_CONCURRENT freed 665K, 11% free 10504K/11719K, paused 2ms+2ms
07-05 13:51:59.648   545   548 D dalvikvm: GC_CONCURRENT freed 449K, 11% free 10456K/11719K, paused 2ms+3ms
07-05 13:51:59.953   545   548 D dalvikvm: GC_CONCURRENT freed 406K, 11% free 10443K/11719K, paused 2ms+3ms
07-05 13:52:00.164   545  6053 I DownloadManager: Initiating request for download 4547
07-05 13:52:00.258   545   548 D dalvikvm: GC_CONCURRENT freed 327K, 10% free 10576K/11719K, paused 2ms+3ms
07-05 13:52:00.371   545   548 D dalvikvm: GC_CONCURRENT freed 272K, 9% free 10726K/11719K, paused 2ms+3ms
07-05 13:52:00.586   545   548 D dalvikvm: GC_CONCURRENT freed 705K, 11% free 10468K/11719K, paused 2ms+3ms
07-05 13:52:00.851   545   548 D dalvikvm: GC_CONCURRENT freed 405K, 11% free 10454K/11719K, paused 2ms+3ms
07-05 13:52:01.914  1370  6055 E DictionaryProvider:UpdateHandler: Can't read a file : android.util.MalformedJsonException: Use JsonReader.setLenient(true) to accept malformed JSON at line 1 column 20
07-05 13:52:01.953   545   548 D dalvikvm: GC_CONCURRENT freed 468K, 12% free 10414K/11719K, paused 2ms+3ms
07-05 13:52:02.285   545   548 D dalvikvm: GC_CONCURRENT freed 406K, 12% free 10400K/11719K, paused 2ms+2ms
07-05 13:52:02.390   993  1240 I PhoneLab-: Service Running
07-05 13:52:02.422   993  1240 I PhoneLab-LoggerService: app_49    1247  993   1956   1584  c00f181c 400107b4 S logcat
07-05 13:52:02.422   993  1240 I PhoneLab-LoggerService: Logcat pid from database 1247
07-05 13:52:02.422   993  1240 I PhoneLab-LoggerService: Logcat process found 1247
07-05 13:52:02.422   993  1240 I PhoneLab-LoggerService: Checking Threshold
07-05 13:52:02.422   993  1240 I PhoneLab-LoggerService: Starting to rename files
07-05 13:52:02.425   993  1240 I PhoneLab-LoggerService: Files found .. 40
07-05 13:52:02.590   545   548 D dalvikvm: GC_CONCURRENT freed 406K, 12% free 10380K/11719K, paused 2ms+3ms
07-05 13:52:03.011   545  6059 I DownloadManager: Initiating request for download 4548
07-05 13:52:03.121   545   548 D dalvikvm: GC_CONCURRENT freed 255K, 10% free 10562K/11719K, paused 2ms+2ms
07-05 13:52:03.234   545   548 D dalvikvm: GC_CONCURRENT freed 287K, 9% free 10724K/11719K, paused 2ms+2ms
07-05 13:52:03.457  1370  6061 E DictionaryProvider:UpdateHandler: Can't read a file : android.util.MalformedJsonException: Use JsonReader.setLenient(true) to accept malformed JSON at line 1 column 20
07-05 13:52:03.535   545   548 D dalvikvm: GC_CONCURRENT freed 753K, 12% free 10422K/11719K, paused 2ms+2ms
07-05 13:52:03.797   545   548 D dalvikvm: GC_CONCURRENT freed 425K, 12% free 10388K/11719K, paused 1ms+2ms
07-05 13:52:03.980   545  6064 I DownloadManager: Initiating request for download 4548
07-05 13:52:04.050   545   548 D dalvikvm: GC_CONCURRENT freed 322K, 11% free 10507K/11719K, paused 2ms+3ms
07-05 13:52:04.168   545   548 D dalvikvm: GC_CONCURRENT freed 251K, 9% free 10688K/11719K, paused 1ms+2ms
07-05 13:52:04.363   545   548 D dalvikvm: GC_CONCURRENT freed 676K, 11% free 10444K/11719K, paused 2ms+3ms
07-05 13:52:04.644   545   548 D dalvikvm: GC_CONCURRENT freed 439K, 12% free 10396K/11719K, paused 2ms+2ms
07-05 13:52:04.910   545   548 D dalvikvm: GC_CONCURRENT freed 408K, 12% free 10378K/11719K, paused 2ms+2ms
07-05 13:52:04.972   545  6067 I DownloadManager: Initiating request for download 4549
07-05 13:52:05.093   545   548 D dalvikvm: GC_CONCURRENT freed 180K, 10% free 10634K/11719K, paused 2ms+3ms
07-05 13:52:05.215   545   548 D dalvikvm: GC_CONCURRENT freed 417K, 10% free 10655K/11719K, paused 2ms+3ms
07-05 13:52:05.355  1370  6069 E DictionaryProvider:UpdateHandler: Can't read a file : android.util.MalformedJsonException: Use JsonReader.setLenient(true) to accept malformed JSON at line 1 column 20
07-05 13:52:05.539   545   548 D dalvikvm: GC_CONCURRENT freed 671K, 12% free 10407K/11719K, paused 2ms+3ms
07-05 13:52:05.808   545   548 D dalvikvm: GC_CONCURRENT freed 414K, 12% free 10384K/11719K, paused 2ms+2ms
07-05 13:52:05.922   545  6072 I DownloadManager: Initiating request for download 4549
07-05 13:52:06.015   545   548 D dalvikvm: GC_CONCURRENT freed 242K, 10% free 10578K/11719K, paused 2ms+3ms
07-05 13:52:06.133   545   548 D dalvikvm: GC_CONCURRENT freed 294K, 9% free 10736K/11719K, paused 2ms+3ms
07-05 13:52:06.406   545   548 D dalvikvm: GC_CONCURRENT freed 772K, 12% free 10410K/11719K, paused 1ms+2ms
07-05 13:52:06.683   545   548 D dalvikvm: GC_CONCURRENT freed 411K, 12% free 10390K/11719K, paused 2ms+2ms
07-05 13:52:06.949   156   512 D dalvikvm: GC_EXPLICIT freed 746K, 12% free 14097K/16007K, paused 3ms+6ms
07-05 13:52:06.957   545  6075 I DownloadManager: Initiating request for download 4550
07-05 13:52:07.050   545   548 D dalvikvm: GC_CONCURRENT freed 291K, 10% free 10551K/11719K, paused 2ms+3ms
07-05 13:52:07.160   545   548 D dalvikvm: GC_CONCURRENT freed 315K, 9% free 10681K/11719K, paused 2ms+3ms
07-05 13:52:07.359   545   548 D dalvikvm: GC_CONCURRENT freed 691K, 12% free 10425K/11719K, paused 2ms+2ms
07-05 13:52:07.449   545 20266 D dalvikvm: GC_EXPLICIT freed 48K, 12% free 10408K/11719K, paused 2ms+3ms
07-05 13:52:07.457  1370  6077 E DictionaryProvider:UpdateHandler: Can't read a file : android.util.MalformedJsonException: Use JsonReader.setLenient(true) to accept malformed JSON at line 1 column 20
07-05 13:52:07.527  1370  1372 D dalvikvm: GC_CONCURRENT freed 416K, 7% free 9125K/9735K, paused 1ms+2ms
07-05 13:52:07.754   545   548 D dalvikvm: GC_CONCURRENT freed 414K, 12% free 10385K/11719K, paused 2ms+2ms
07-05 13:52:07.961   545  6080 I DownloadManager: Initiating request for download 4550
07-05 13:52:08.011   545   548 D dalvikvm: GC_CONCURRENT freed 372K, 12% free 10413K/11719K, paused 1ms+2ms
07-05 13:52:08.285   545   548 D dalvikvm: GC_CONCURRENT freed 311K, 11% free 10520K/11719K, paused 2ms+2ms
07-05 13:52:08.390   545   548 D dalvikvm: GC_CONCURRENT freed 277K, 10% free 10662K/11719K, paused 2ms+2ms
07-05 13:52:08.582   545   548 D dalvikvm: GC_CONCURRENT freed 662K, 12% free 10423K/11719K, paused 2ms+7ms
07-05 13:52:08.871   545   548 D dalvikvm: GC_CONCURRENT freed 437K, 12% free 10377K/11719K, paused 2ms+2ms
07-05 13:52:08.976   545  6083 I DownloadManager: Initiating request for download 4551
07-05 13:52:09.215   545   548 D dalvikvm: GC_CONCURRENT freed 356K, 12% free 10412K/11719K, paused 2ms+3ms
07-05 13:52:09.480   545   548 D dalvikvm: GC_CONCURRENT freed 412K, 12% free 10390K/11719K, paused 2ms+2ms
07-05 13:52:17.840   545   548 D dalvikvm: GC_CONCURRENT freed 374K, 12% free 10415K/11719K, paused 14ms+2ms
07-05 13:52:17.929   545   548 D dalvikvm: GC_CONCURRENT freed 230K, 10% free 10622K/11719K, paused 2ms+2ms
07-05 13:52:18.129  1370  6086 E DictionaryProvider:UpdateHandler: Can't read a file : android.util.MalformedJsonException: Use JsonReader.setLenient(true) to accept malformed JSON at line 1 column 20
07-05 13:52:18.222   545   548 D dalvikvm: GC_CONCURRENT freed 626K, 12% free 10414K/11719K, paused 2ms+2ms
07-05 13:52:18.488   545   548 D dalvikvm: GC_CONCURRENT freed 416K, 12% free 10387K/11719K, paused 2ms+2ms
07-05 13:52:18.754   545   548 D dalvikvm: GC_CONCURRENT freed 403K, 12% free 10373K/11719K, paused 2ms+2ms
07-05 13:52:18.859   545  6089 I DownloadManager: Initiating request for download 4551
07-05 13:52:18.859   545  6089 W DownloadManager: Aborting request for download 4551: Trying to resume a download that can't be resumed
07-05 13:52:20.558   545   548 D dalvikvm: GC_CONCURRENT freed 356K, 12% free 10404K/11719K, paused 1ms+2ms
07-05 13:52:20.824   545   548 D dalvikvm: GC_CONCURRENT freed 410K, 12% free 10384K/11719K, paused 2ms+2ms
07-05 13:52:21.078   545   548 D dalvikvm: GC_CONCURRENT freed 397K, 12% free 10375K/11719K, paused 2ms+3ms
07-05 13:52:21.133   545  6092 I DownloadManager: Initiating request for download 4552
07-05 13:52:21.254   545   548 D dalvikvm: GC_CONCURRENT freed 178K, 10% free 10634K/11719K, paused 2ms+3ms
07-05 13:52:21.379   545   548 D dalvikvm: GC_CONCURRENT freed 417K, 10% free 10655K/11719K, paused 1ms+2ms
07-05 13:52:21.523  1370  6094 E DictionaryProvider:UpdateHandler: Can't read a file : android.util.MalformedJsonException: Use JsonReader.setLenient(true) to accept malformed JSON at line 1 column 20
07-05 13:52:21.711   545   548 D dalvikvm: GC_CONCURRENT freed 678K, 12% free 10401K/11719K, paused 2ms+2ms
07-05 13:52:21.961   545   548 D dalvikvm: GC_CONCURRENT freed 413K, 12% free 10378K/11719K, paused 2ms+3ms
07-05 13:52:22.062   545  6097 I DownloadManager: Initiating request for download 4552
07-05 13:52:22.160   545   548 D dalvikvm: GC_CONCURRENT freed 233K, 10% free 10576K/11719K, paused 2ms+3ms
07-05 13:52:22.281   545   548 D dalvikvm: GC_CONCURRENT freed 295K, 9% free 10753K/11719K, paused 2ms+2ms
07-05 13:52:22.574   545   548 D dalvikvm: GC_CONCURRENT freed 801K, 12% free 10408K/11719K, paused 2ms+3ms
07-05 13:52:22.847   545   548 D dalvikvm: GC_CONCURRENT freed 417K, 12% free 10382K/11719K, paused 2ms+2ms
07-05 13:52:23.015   545  6100 I DownloadManager: Initiating request for download 4553
07-05 13:52:23.101   545   548 D dalvikvm: GC_CONCURRENT freed 268K, 10% free 10557K/11719K, paused 2ms+3ms
07-05 13:52:23.222   545   548 D dalvikvm: GC_CONCURRENT freed 297K, 9% free 10715K/11719K, paused 2ms+3ms
07-05 13:52:23.398  1370  6102 E DictionaryProvider:UpdateHandler: Can't read a file : android.util.MalformedJsonException: Use JsonReader.setLenient(true) to accept malformed JSON at line 1 column 20
07-05 13:52:23.492   545   548 D dalvikvm: GC_CONCURRENT freed 739K, 12% free 10417K/11719K, paused 2ms+2ms
07-05 13:52:23.742   545   548 D dalvikvm: GC_CONCURRENT freed 419K, 12% free 10389K/11719K, paused 2ms+2ms
07-05 13:52:23.949   545  6105 I DownloadManager: Initiating request for download 4553
07-05 13:52:24.004   545   548 D dalvikvm: GC_CONCURRENT freed 362K, 11% free 10436K/11719K, paused 2ms+3ms
07-05 13:52:24.117   545   548 D dalvikvm: GC_CONCURRENT freed 209K, 10% free 10664K/11719K, paused 2ms+2ms
07-05 13:52:24.277   545   548 D dalvikvm: GC_CONCURRENT freed 644K, 11% free 10448K/11719K, paused 2ms+3ms
07-05 13:52:24.562   545   548 D dalvikvm: GC_CONCURRENT freed 437K, 12% free 10402K/11719K, paused 2ms+2ms
07-05 13:52:24.832   545   548 D dalvikvm: GC_CONCURRENT freed 413K, 12% free 10380K/11719K, paused 2ms+2ms
07-05 13:52:24.937   545  6108 I DownloadManager: Initiating request for download 4554
07-05 13:52:25.043   545   548 D dalvikvm: GC_CONCURRENT freed 216K, 10% free 10601K/11719K, paused 2ms+3ms
07-05 13:52:25.160   545   548 D dalvikvm: GC_CONCURRENT freed 295K, 9% free 10745K/11719K, paused 2ms+3ms
07-05 13:52:25.324  1370  6110 E DictionaryProvider:UpdateHandler: Can't read a file : android.util.MalformedJsonException: Use JsonReader.setLenient(true) to accept malformed JSON at line 1 column 20
07-05 13:52:25.386  1370  1372 D dalvikvm: GC_CONCURRENT freed 386K, 7% free 9127K/9735K, paused 1ms+2ms
07-05 13:52:25.500   545   548 D dalvikvm: GC_CONCURRENT freed 787K, 12% free 10411K/11719K, paused 2ms+3ms
07-05 13:52:25.769   545   548 D dalvikvm: GC_CONCURRENT freed 415K, 12% free 10386K/11719K, paused 1ms+2ms
07-05 13:52:25.914   545  6113 I DownloadManager: Initiating request for download 4554
07-05 13:52:26.004   545   548 D dalvikvm: GC_CONCURRENT freed 275K, 10% free 10557K/11719K, paused 2ms+2ms
07-05 13:52:26.113   545   548 D dalvikvm: GC_CONCURRENT freed 284K, 9% free 10717K/11719K, paused 2ms+2ms
07-05 13:52:26.332   545   548 D dalvikvm: GC_CONCURRENT freed 720K, 11% free 10441K/11719K, paused 2ms+2ms
07-05 13:52:26.593   545   548 D dalvikvm: GC_CONCURRENT freed 399K, 12% free 10427K/11719K, paused 2ms+2ms
07-05 13:52:27.203   545  6115 I DownloadManager: Initiating request for download 4555
07-05 13:52:27.269   545   548 D dalvikvm: GC_CONCURRENT freed 349K, 11% free 10495K/11719K, paused 3ms+5ms
07-05 13:52:27.398   545   548 D dalvikvm: GC_CONCURRENT freed 222K, 9% free 10711K/11719K, paused 1ms+3ms
07-05 13:52:27.582   545   548 D dalvikvm: GC_CONCURRENT freed 698K, 11% free 10456K/11719K, paused 2ms+3ms
07-05 13:52:27.660  1370  6118 E DictionaryProvider:UpdateHandler: Can't read a file : android.util.MalformedJsonException: Use JsonReader.setLenient(true) to accept malformed JSON at line 1 column 20
07-05 13:52:27.707   465   467 D dalvikvm: GC_CONCURRENT freed 396K, 6% free 10491K/11143K, paused 4ms+2ms
07-05 13:52:27.937   545   548 D dalvikvm: GC_CONCURRENT freed 437K, 12% free 10415K/11719K, paused 2ms+3ms
07-05 13:52:28.195   545   548 D dalvikvm: GC_CONCURRENT freed 419K, 12% free 10386K/11719K, paused 2ms+2ms
07-05 13:52:28.277   545  6121 I DownloadManager: Initiating request for download 4555
07-05 13:52:28.433   545   548 D dalvikvm: GC_CONCURRENT freed 215K, 10% free 10595K/11719K, paused 2ms+3ms
07-05 13:52:28.539   545   548 D dalvikvm: GC_CONCURRENT freed 293K, 9% free 10730K/11719K, paused 1ms+3ms
07-05 13:52:28.804   545   548 D dalvikvm: GC_CONCURRENT freed 765K, 12% free 10409K/11719K, paused 2ms+2ms
07-05 13:52:29.070   545   548 D dalvikvm: GC_CONCURRENT freed 409K, 12% free 10390K/11719K, paused 2ms+2ms
07-05 13:52:29.254   545  6124 I DownloadManager: Initiating request for download 4556
07-05 13:52:29.343   545   548 D dalvikvm: GC_CONCURRENT freed 282K, 10% free 10552K/11719K, paused 2ms+2ms
07-05 13:52:29.457   545   548 D dalvikvm: GC_CONCURRENT freed 285K, 9% free 10714K/11719K, paused 2ms+3ms
07-05 13:52:29.652  1370  6126 E DictionaryProvider:UpdateHandler: Can't read a file : android.util.MalformedJsonException: Use JsonReader.setLenient(true) to accept malformed JSON at line 1 column 20
07-05 13:52:29.695   545   548 D dalvikvm: GC_CONCURRENT freed 733K, 11% free 10432K/11719K, paused 1ms+3ms
07-05 13:52:29.968   545   548 D dalvikvm: GC_CONCURRENT freed 423K, 12% free 10399K/11719K, paused 2ms+2ms
07-05 13:52:30.191   545  6129 I DownloadManager: Initiating request for download 4556
07-05 13:52:30.242   545   548 D dalvikvm: GC_CONCURRENT freed 390K, 11% free 10438K/11719K, paused 2ms+3ms
07-05 13:52:30.359   545   548 D dalvikvm: GC_CONCURRENT freed 200K, 9% free 10669K/11719K, paused 2ms+3ms
07-05 13:52:30.523   545   548 D dalvikvm: GC_CONCURRENT freed 641K, 11% free 10457K/11719K, paused 2ms+4ms
07-05 13:52:30.816   545   548 D dalvikvm: GC_CONCURRENT freed 436K, 12% free 10413K/11719K, paused 2ms+2ms
07-05 13:52:31.078   545   548 D dalvikvm: GC_CONCURRENT freed 414K, 12% free 10390K/11719K, paused 2ms+2ms
07-05 13:52:31.195   545  6132 I DownloadManager: Initiating request for download 4557
07-05 13:52:31.304   545   548 D dalvikvm: GC_CONCURRENT freed 228K, 10% free 10597K/11719K, paused 2ms+3ms
07-05 13:52:31.418   545   548 D dalvikvm: GC_CONCURRENT freed 303K, 9% free 10752K/11719K, paused 1ms+3ms
07-05 13:52:31.597  1370  6134 E DictionaryProvider:UpdateHandler: Can't read a file : android.util.MalformedJsonException: Use JsonReader.setLenient(true) to accept malformed JSON at line 1 column 20
07-05 13:52:31.718   545   548 D dalvikvm: GC_CONCURRENT freed 787K, 12% free 10421K/11719K, paused 1ms+2ms
07-05 13:52:31.984   545   548 D dalvikvm: GC_CONCURRENT freed 415K, 12% free 10397K/11719K, paused 2ms+2ms
07-05 13:52:32.148   545  6137 I DownloadManager: Initiating request for download 4557
07-05 13:52:32.242   545   548 D dalvikvm: GC_CONCURRENT freed 289K, 10% free 10560K/11719K, paused 2ms+3ms
07-05 13:52:32.347   545   548 D dalvikvm: GC_CONCURRENT freed 275K, 9% free 10704K/11719K, paused 1ms+3ms
07-05 13:52:32.535   545   548 D dalvikvm: GC_CONCURRENT freed 685K, 11% free 10456K/11719K, paused 2ms+2ms
07-05 13:52:32.808   545   548 D dalvikvm: GC_CONCURRENT freed 406K, 11% free 10445K/11719K, paused 2ms+2ms
07-05 13:52:33.476   545   548 D dalvikvm: GC_CONCURRENT freed 433K, 12% free 10400K/11719K, paused 14ms+2ms
07-05 13:52:33.488   545  6139 I DownloadManager: Initiating request for download 4558
07-05 13:52:33.613   545   548 D dalvikvm: GC_CONCURRENT freed 183K, 10% free 10655K/11719K, paused 1ms+2ms
07-05 13:52:33.754   545   548 D dalvikvm: GC_CONCURRENT freed 429K, 9% free 10671K/11719K, paused 2ms+2ms
07-05 13:52:33.961   156   559 D dalvikvm: GC_EXPLICIT freed 501K, 12% free 14096K/16007K, paused 3ms+5ms
07-05 13:52:33.965  1370  6142 E DictionaryProvider:UpdateHandler: Can't read a file : android.util.MalformedJsonException: Use JsonReader.setLenient(true) to accept malformed JSON at line 1 column 20
07-05 13:52:34.047  1370  1372 D dalvikvm: GC_CONCURRENT freed 366K, 6% free 9152K/9735K, paused 1ms+2ms
07-05 13:52:34.175   545   548 D dalvikvm: GC_CONCURRENT freed 680K, 12% free 10419K/11719K, paused 2ms+3ms
07-05 13:52:34.445   545   548 D dalvikvm: GC_CONCURRENT freed 424K, 12% free 10380K/11719K, paused 2ms+2ms
07-05 13:52:34.550   545  6145 I DownloadManager: Initiating request for download 4558
07-05 13:52:34.652   545   548 D dalvikvm: GC_CONCURRENT freed 234K, 10% free 10584K/11719K, paused 2ms+3ms
07-05 13:52:34.761   545   548 D dalvikvm: GC_CONCURRENT freed 281K, 9% free 10725K/11719K, paused 2ms+2ms
07-05 13:52:35.004   545   548 D dalvikvm: GC_CONCURRENT freed 766K, 12% free 10406K/11719K, paused 2ms+2ms
07-05 13:52:35.269   545   548 D dalvikvm: GC_CONCURRENT freed 410K, 12% free 10394K/11719K, paused 2ms+2ms
07-05 13:52:35.504   545  6148 I DownloadManager: Initiating request for download 4559
07-05 13:52:35.562   545   548 D dalvikvm: GC_CONCURRENT freed 331K, 11% free 10453K/11719K, paused 2ms+3ms
07-05 13:52:35.679   545   548 D dalvikvm: GC_CONCURRENT freed 219K, 9% free 10671K/11719K, paused 2ms+3ms
07-05 13:52:35.836   545   548 D dalvikvm: GC_CONCURRENT freed 658K, 11% free 10448K/11719K, paused 2ms+2ms
07-05 13:52:35.918  1370  6150 E DictionaryProvider:UpdateHandler: Can't read a file : android.util.MalformedJsonException: Use JsonReader.setLenient(true) to accept malformed JSON at line 1 column 20
07-05 13:52:36.125   545   548 D dalvikvm: GC_CONCURRENT freed 428K, 12% free 10411K/11719K, paused 2ms+2ms
07-05 13:52:36.410   545   548 D dalvikvm: GC_CONCURRENT freed 418K, 12% free 10383K/11719K, paused 2ms+3ms
07-05 13:52:36.508   545  6153 I DownloadManager: Initiating request for download 4559
07-05 13:52:36.625   545   548 D dalvikvm: GC_CONCURRENT freed 221K, 10% free 10593K/11719K, paused 2ms+2ms
07-05 13:52:36.742   545   548 D dalvikvm: GC_CONCURRENT freed 324K, 9% free 10748K/11719K, paused 1ms+3ms
07-05 13:52:37.023   545   548 D dalvikvm: GC_CONCURRENT freed 797K, 12% free 10406K/11719K, paused 2ms+2ms
07-05 13:52:37.289   545   548 D dalvikvm: GC_CONCURRENT freed 409K, 12% free 10387K/11719K, paused 1ms+2ms
07-05 13:52:37.461   545  6156 I DownloadManager: Initiating request for download 4560
07-05 13:52:37.562   545   548 D dalvikvm: GC_CONCURRENT freed 261K, 10% free 10566K/11719K, paused 2ms+3ms
07-05 13:52:37.668   545   548 D dalvikvm: GC_CONCURRENT freed 299K, 9% free 10716K/11719K, paused 2ms+2ms
07-05 13:52:37.867  1370  6158 E DictionaryProvider:UpdateHandler: Can't read a file : android.util.MalformedJsonException: Use JsonReader.setLenient(true) to accept malformed JSON at line 1 column 20
07-05 13:52:37.910   545   548 D dalvikvm: GC_CONCURRENT freed 745K, 11% free 10433K/11719K, paused 2ms+3ms
07-05 13:52:38.187   545   548 D dalvikvm: GC_CONCURRENT freed 427K, 12% free 10397K/11719K, paused 1ms+2ms
07-05 13:52:38.398   545  6161 I DownloadManager: Initiating request for download 4560
07-05 13:52:38.465   545   548 D dalvikvm: GC_CONCURRENT freed 370K, 11% free 10449K/11719K, paused 1ms+3ms
07-05 13:52:38.574   545   548 D dalvikvm: GC_CONCURRENT freed 215K, 9% free 10672K/11719K, paused 2ms+3ms
07-05 13:52:38.726   545   548 D dalvikvm: GC_CONCURRENT freed 645K, 11% free 10452K/11719K, paused 2ms+2ms
07-05 13:52:39.027   545   548 D dalvikvm: GC_CONCURRENT freed 439K, 12% free 10403K/11719K, paused 2ms+2ms
07-05 13:52:39.308   545   548 D dalvikvm: GC_CONCURRENT freed 408K, 12% free 10386K/11719K, paused 1ms+3ms
07-05 13:52:39.441   545  6164 I DownloadManager: Initiating request for download 4561
07-05 13:52:39.566   545   548 D dalvikvm: GC_CONCURRENT freed 222K, 10% free 10599K/11719K, paused 2ms+3ms
07-05 13:52:39.683   545   548 D dalvikvm: GC_CONCURRENT freed 311K, 9% free 10748K/11719K, paused 2ms+3ms
07-05 13:52:39.894  1370  6166 E DictionaryProvider:UpdateHandler: Can't read a file : android.util.MalformedJsonException: Use JsonReader.setLenient(true) to accept malformed JSON at line 1 column 20
07-05 13:52:39.988   545   548 D dalvikvm: GC_CONCURRENT freed 779K, 12% free 10429K/11719K, paused 2ms+2ms
07-05 13:52:40.250   545   548 D dalvikvm: GC_CONCURRENT freed 427K, 12% free 10393K/11719K, paused 2ms+2ms
07-05 13:52:40.406   545  6169 I DownloadManager: Initiating request for download 4561
07-05 13:52:40.496   545   548 D dalvikvm: GC_CONCURRENT freed 267K, 10% free 10548K/11719K, paused 2ms+3ms
07-05 13:52:40.613   545   548 D dalvikvm: GC_CONCURRENT freed 283K, 9% free 10713K/11719K, paused 2ms+3ms
07-05 13:52:40.812   545   548 D dalvikvm: GC_CONCURRENT freed 739K, 12% free 10420K/11719K, paused 2ms+3ms
07-05 13:52:41.097   545   548 D dalvikvm: GC_CONCURRENT freed 407K, 12% free 10408K/11719K, paused 2ms+2ms
07-05 13:52:41.398   545   548 D dalvikvm: GC_CONCURRENT freed 404K, 12% free 10388K/11719K, paused 2ms+3ms
07-05 13:52:41.402   545  6172 I DownloadManager: Initiating request for download 4562
07-05 13:52:41.543   545   548 D dalvikvm: GC_CONCURRENT freed 175K, 10% free 10650K/11719K, paused 2ms+2ms
07-05 13:52:41.668   545   548 D dalvikvm: GC_CONCURRENT freed 427K, 9% free 10667K/11719K, paused 2ms+2ms
07-05 13:52:41.808  1370  6174 E DictionaryProvider:UpdateHandler: Can't read a file : android.util.MalformedJsonException: Use JsonReader.setLenient(true) to accept malformed JSON at line 1 column 20
07-05 13:52:41.984   545   548 D dalvikvm: GC_CONCURRENT freed 678K, 12% free 10416K/11719K, paused 1ms+2ms
07-05 13:52:42.250   545   548 D dalvikvm: GC_CONCURRENT freed 413K, 12% free 10393K/11719K, paused 1ms+3ms
07-05 13:52:42.379   545  6177 I DownloadManager: Initiating request for download 4562
07-05 13:52:42.472   545   548 D dalvikvm: GC_CONCURRENT freed 236K, 10% free 10578K/11719K, paused 2ms+2ms
07-05 13:52:42.590   545   548 D dalvikvm: GC_CONCURRENT freed 288K, 9% free 10731K/11719K, paused 2ms+2ms
07-05 13:52:42.832   545   548 D dalvikvm: GC_CONCURRENT freed 761K, 12% free 10418K/11719K, paused 2ms+3ms
07-05 13:52:43.093   545   548 D dalvikvm: GC_CONCURRENT freed 410K, 12% free 10399K/11719K, paused 1ms+2ms
07-05 13:52:43.324   545  6180 I DownloadManager: Initiating request for download 4563
07-05 13:52:43.402   545   548 D dalvikvm: GC_CONCURRENT freed 348K, 11% free 10477K/11719K, paused 2ms+3ms
07-05 13:52:43.511   545   548 D dalvikvm: GC_CONCURRENT freed 227K, 9% free 10686K/11719K, paused 1ms+3ms
07-05 13:52:43.672   545   548 D dalvikvm: GC_CONCURRENT freed 666K, 11% free 10459K/11719K, paused 2ms+3ms
07-05 13:52:43.746  1370  6182 E DictionaryProvider:UpdateHandler: Can't read a file : android.util.MalformedJsonException: Use JsonReader.setLenient(true) to accept malformed JSON at line 1 column 20
07-05 13:52:43.777  1370  1372 D dalvikvm: GC_CONCURRENT freed 471K, 7% free 9140K/9735K, paused 1ms+2ms
07-05 13:52:44.004   545   548 D dalvikvm: GC_CONCURRENT freed 432K, 12% free 10418K/11719K, paused 2ms+2ms
07-05 13:52:44.269   545   548 D dalvikvm: GC_CONCURRENT freed 415K, 12% free 10393K/11719K, paused 2ms+2ms
07-05 13:52:44.351   545  6185 I DownloadManager: Initiating request for download 4563
07-05 13:52:44.468   545   548 D dalvikvm: GC_CONCURRENT freed 219K, 10% free 10610K/11719K, paused 2ms+3ms
07-05 13:52:44.582   545   548 D dalvikvm: GC_CONCURRENT freed 297K, 9% free 10762K/11719K, paused 1ms+2ms
07-05 13:52:44.867   545   548 D dalvikvm: GC_CONCURRENT freed 805K, 12% free 10416K/11719K, paused 2ms+2ms
07-05 13:52:45.129   545   548 D dalvikvm: GC_CONCURRENT freed 409K, 12% free 10398K/11719K, paused 2ms+2ms
07-05 13:52:45.383   545  6188 D dalvikvm: GC_EXPLICIT freed 237K, 11% free 10439K/11719K, paused 2ms+7ms
07-05 13:52:45.386   545  6188 I DownloadManager: Initiating request for download 4564
07-05 13:52:45.511   545   548 D dalvikvm: GC_CONCURRENT freed 228K, 9% free 10679K/11719K, paused 1ms+3ms
07-05 13:52:45.656   545   548 D dalvikvm: GC_CONCURRENT freed 453K, 9% free 10690K/11719K, paused 2ms+3ms
07-05 13:52:45.773  1370  6190 E DictionaryProvider:UpdateHandler: Can't read a file : android.util.MalformedJsonException: Use JsonReader.setLenient(true) to accept malformed JSON at line 1 column 20
