07-05 12:15:41.717   545 16258 I DownloadManager: deleting spurious file /data/data/com.android.providers.downloads/cache/metadata-342.htm
07-05 12:15:41.717   545 16258 I DownloadManager: deleting spurious file /data/data/com.android.providers.downloads/cache/metadata-401.htm
07-05 12:15:41.717   545 16258 I DownloadManager: deleting spurious file /data/data/com.android.providers.downloads/cache/metadata-506.htm
07-05 12:15:41.717   545 16258 I DownloadManager: deleting spurious file /data/data/com.android.providers.downloads/cache/metadata-328.htm
07-05 12:15:41.717   545 16258 I DownloadManager: deleting spurious file /data/data/com.android.providers.downloads/cache/metadata-1435.htm
07-05 12:15:41.717   545 16258 I DownloadManager: deleting spurious file /data/data/com.android.providers.downloads/cache/metadata-437.htm
07-05 12:15:41.717   545 16258 I DownloadManager: deleting spurious file /data/data/com.android.providers.downloads/cache/metadata-873.htm
07-05 12:15:41.717   545 16258 I DownloadManager: deleting spurious file /data/data/com.android.providers.downloads/cache/metadata-410.htm
07-05 12:15:41.720   545 16258 I DownloadManager: deleting spurious file /data/data/com.android.providers.downloads/cache/metadata-735.htm
07-05 12:15:41.720   545 16258 I DownloadManager: deleting spurious file /data/data/com.android.providers.downloads/cache/metadata-1187.htm
07-05 12:15:41.720   545 16258 I DownloadManager: deleting spurious file /data/data/com.android.providers.downloads/cache/metadata-484.htm
07-05 12:15:41.720   545 16258 I DownloadManager: deleting spurious file /data/data/com.android.providers.downloads/cache/metadata-347.htm
07-05 12:15:41.720   545 16258 I DownloadManager: deleting spurious file /data/data/com.android.providers.downloads/cache/metadata-373.htm
07-05 12:15:41.720   545 16258 I DownloadManager: deleting spurious file /data/data/com.android.providers.downloads/cache/metadata-271.htm
07-05 12:15:41.720   545 16258 I DownloadManager: deleting spurious file /data/data/com.android.providers.downloads/cache/metadata-1072.htm
07-05 12:15:41.720   545 16258 I DownloadManager: deleting spurious file /data/data/com.android.providers.downloads/cache/metadata-1816.htm
07-05 12:15:41.720   545 16258 I DownloadManager: deleting spurious file /data/data/com.android.providers.downloads/cache/metadata-483.htm
07-05 12:15:41.720   545 16258 I DownloadManager: deleting spurious file /data/data/com.android.providers.downloads/cache/metadata-363.htm
07-05 12:15:41.720   545 16258 I DownloadManager: deleting spurious file /data/data/com.android.providers.downloads/cache/metadata-400.htm
07-05 12:15:41.720   545 16258 I DownloadManager: deleting spurious file /data/data/com.android.providers.downloads/cache/metadata-430.htm
07-05 12:15:41.720   545 16258 I DownloadManager: deleting spurious file /data/data/com.android.providers.downloads/cache/metadata-1487.htm
07-05 12:15:41.720   545 16258 I DownloadManager: deleting spurious file /data/data/com.android.providers.downloads/cache/metadata-458.htm
07-05 12:15:41.720   545 16258 I DownloadManager: deleting spurious file /data/data/com.android.providers.downloads/cache/metadata-1310.htm
07-05 12:15:41.720   545 16258 I DownloadManager: deleting spurious file /data/data/com.android.providers.downloads/cache/metadata-364.htm
07-05 12:15:41.720   545 16258 I DownloadManager: deleting spurious file /data/data/com.android.providers.downloads/cache/metadata-514.htm
07-05 12:15:41.720   545 16258 I DownloadManager: deleting spurious file /data/data/com.android.providers.downloads/cache/metadata-482.htm
07-05 12:15:41.720   545 16258 I DownloadManager: deleting spurious file /data/data/com.android.providers.downloads/cache/metadata-498.htm
07-05 12:15:41.720   545 16258 I DownloadManager: deleting spurious file /data/data/com.android.providers.downloads/cache/metadata-1023.htm
07-05 12:15:41.720   545 16258 I DownloadManager: deleting spurious file /data/data/com.android.providers.downloads/cache/metadata-2071.htm
07-05 12:15:41.720   545 16258 I DownloadManager: deleting spurious file /data/data/com.android.providers.downloads/cache/metadata-1462.htm
07-05 12:15:41.720   545 16258 I DownloadManager: deleting spurious file /data/data/com.android.providers.downloads/cache/metadata-2156.htm
07-05 12:15:41.720   545 16258 I DownloadManager: deleting spurious file /data/data/com.android.providers.downloads/cache/metadata-294.htm
07-05 12:15:41.720   545 16258 I DownloadManager: deleting spurious file /data/data/com.android.providers.downloads/cache/metadata-1492.htm
07-05 12:15:41.720   545 16258 I DownloadManager: deleting spurious file /data/data/com.android.providers.downloads/cache/metadata-663.htm
07-05 12:15:41.720   545 16258 I DownloadManager: deleting spurious file /data/data/com.android.providers.downloads/cache/metadata-1702.htm
07-05 12:15:41.720   545 16258 I DownloadManager: deleting spurious file /data/data/com.android.providers.downloads/cache/metadata-1886.htm
07-05 12:15:41.724   545 16258 I DownloadManager: deleting spurious file /data/data/com.android.providers.downloads/cache/metadata-495.htm
07-05 12:15:41.724   545 16258 I DownloadManager: deleting spurious file /data/data/com.android.providers.downloads/cache/metadata-746.htm
07-05 12:15:41.724   545 16258 I DownloadManager: deleting spurious file /data/data/com.android.providers.downloads/cache/metadata-1713.htm
07-05 12:15:41.724   545 16258 I DownloadManager: deleting spurious file /data/data/com.android.providers.downloads/cache/metadata-1270.htm
07-05 12:15:41.724   545 16258 I DownloadManager: deleting spurious file /data/data/com.android.providers.downloads/cache/metadata-1348.htm
07-05 12:15:41.724   545 16258 I DownloadManager: deleting spurious file /data/data/com.android.providers.downloads/cache/metadata-932.htm
07-05 12:15:41.724   545 16258 I DownloadManager: deleting spurious file /data/data/com.android.providers.downloads/cache/metadata-1225.htm
07-05 12:15:41.724   545 16258 I DownloadManager: deleting spurious file /data/data/com.android.providers.downloads/cache/metadata-543.htm
07-05 12:15:41.724   545 16258 I DownloadManager: deleting spurious file /data/data/com.android.providers.downloads/cache/metadata-1399.htm
07-05 12:15:41.845   545   548 D dalvikvm: GC_CONCURRENT freed 738K, 11% free 10503K/11719K, paused 2ms+3ms
07-05 12:15:42.076   545   548 D dalvikvm: GC_CONCURRENT freed 409K, 11% free 10496K/11719K, paused 2ms+2ms
07-05 12:15:42.322   545   548 D dalvikvm: GC_CONCURRENT freed 405K, 11% free 10481K/11719K, paused 2ms+3ms
07-05 12:15:42.478   545 16259 I DownloadManager: Initiating request for download 1889
07-05 12:15:42.580   545   548 D dalvikvm: GC_CONCURRENT freed 191K, 9% free 10728K/11719K, paused 1ms+3ms
07-05 12:15:42.689   545   548 D dalvikvm: GC_CONCURRENT freed 419K, 9% free 10773K/11719K, paused 2ms+2ms
07-05 12:15:42.896   545   548 D dalvikvm: GC_CONCURRENT freed 709K, 11% free 10531K/11719K, paused 2ms+3ms
07-05 12:15:43.088   545   548 D dalvikvm: GC_CONCURRENT freed 412K, 11% free 10514K/11719K, paused 2ms+2ms
07-05 12:15:43.670   545   548 D dalvikvm: GC_CONCURRENT freed 388K, 11% free 10533K/11719K, paused 2ms+3ms
07-05 12:15:43.736   156   330 D ConnectivityService: handleInetConditionHoldEnd: net=1, condition=0, published condition=0
07-05 12:15:43.885   545   548 D dalvikvm: GC_CONCURRENT freed 446K, 11% free 10482K/11719K, paused 2ms+2ms
07-05 12:15:44.068   545   548 D dalvikvm: GC_CONCURRENT freed 422K, 11% free 10455K/11719K, paused 2ms+2ms
07-05 12:15:45.291  1370 16261 E DictionaryProvider:UpdateHandler: Can't read a file : android.util.MalformedJsonException: Use JsonReader.setLenient(true) to accept malformed JSON at line 1 column 20
07-05 12:15:45.342   545   548 D dalvikvm: GC_CONCURRENT freed 364K, 11% free 10499K/11719K, paused 1ms+3ms
07-05 12:15:45.580   545   548 D dalvikvm: GC_CONCURRENT freed 420K, 11% free 10483K/11719K, paused 2ms+2ms
07-05 12:15:45.810   545   548 D dalvikvm: GC_CONCURRENT freed 421K, 11% free 10464K/11719K, paused 2ms+3ms
07-05 12:15:46.162   545   548 D dalvikvm: GC_CONCURRENT freed 402K, 11% free 10474K/11719K, paused 1ms+3ms
07-05 12:15:47.588   545   548 D dalvikvm: GC_CONCURRENT freed 408K, 11% free 10469K/11719K, paused 1ms+3ms
07-05 12:15:47.806   545   548 D dalvikvm: GC_CONCURRENT freed 407K, 11% free 10451K/11719K, paused 2ms+2ms
07-05 12:15:48.213   545 16265 I DownloadManager: Initiating request for download 1890
07-05 12:15:48.303   545   548 D dalvikvm: GC_CONCURRENT freed 405K, 11% free 10473K/11719K, paused 3ms+3ms
07-05 12:15:48.428   545   548 D dalvikvm: GC_CONCURRENT freed 216K, 9% free 10696K/11719K, paused 2ms+3ms
07-05 12:15:48.572   545   548 D dalvikvm: GC_CONCURRENT freed 430K, 9% free 10706K/11719K, paused 2ms+2ms
07-05 12:15:48.795   545   548 D dalvikvm: GC_CONCURRENT freed 665K, 11% free 10482K/11719K, paused 2ms+2ms
07-05 12:15:49.006   545   548 D dalvikvm: GC_CONCURRENT freed 440K, 11% free 10451K/11719K, paused 2ms+2ms
07-05 12:15:50.670  1370 16267 E DictionaryProvider:UpdateHandler: Can't read a file : android.util.MalformedJsonException: Use JsonReader.setLenient(true) to accept malformed JSON at line 1 column 20
07-05 12:15:50.709   682   682 I GTalkService/c: [AndroidEndpoint@1095403848] connect: acct=1000001, state=CONNECTING
07-05 12:15:50.744   545   548 D dalvikvm: GC_CONCURRENT freed 415K, 11% free 10444K/11719K, paused 2ms+3ms
07-05 12:15:50.803  1370  1372 D dalvikvm: GC_CONCURRENT freed 426K, 7% free 9125K/9735K, paused 2ms+3ms
07-05 12:15:51.006   545   548 D dalvikvm: GC_CONCURRENT freed 416K, 11% free 10432K/11719K, paused 2ms+2ms
07-05 12:15:51.248   545   548 D dalvikvm: GC_CONCURRENT freed 422K, 11% free 10431K/11719K, paused 2ms+3ms
07-05 12:15:51.576   545   548 D dalvikvm: GC_CONCURRENT freed 404K, 11% free 10439K/11719K, paused 2ms+3ms
07-05 12:15:51.806   545   548 D dalvikvm: GC_CONCURRENT freed 421K, 12% free 10422K/11719K, paused 2ms+2ms
07-05 12:15:51.998   545   548 D dalvikvm: GC_CONCURRENT freed 429K, 12% free 10388K/11719K, paused 1ms+2ms
07-05 12:15:52.103   545 16271 I DownloadManager: Initiating request for download 1891
07-05 12:15:52.201   545   548 D dalvikvm: GC_CONCURRENT freed 292K, 10% free 10550K/11719K, paused 2ms+2ms
07-05 12:15:52.299   545   548 D dalvikvm: GC_CONCURRENT freed 292K, 9% free 10718K/11719K, paused 2ms+3ms
07-05 12:15:52.498  1370 16273 E DictionaryProvider:UpdateHandler: Can't read a file : android.util.MalformedJsonException: Use JsonReader.setLenient(true) to accept malformed JSON at line 1 column 20
07-05 12:15:52.541   545   548 D dalvikvm: GC_CONCURRENT freed 792K, 12% free 10392K/11719K, paused 1ms+3ms
07-05 12:15:52.732   545   548 D dalvikvm: GC_CONCURRENT freed 420K, 12% free 10367K/11719K, paused 2ms+3ms
07-05 12:15:52.842   545 16276 I DownloadManager: Initiating request for download 1891
07-05 12:15:52.908   545   548 D dalvikvm: GC_CONCURRENT freed 315K, 11% free 10494K/11719K, paused 1ms+2ms
07-05 12:15:53.010   545   548 D dalvikvm: GC_CONCURRENT freed 286K, 9% free 10672K/11719K, paused 2ms+3ms
07-05 12:15:53.174   545   548 D dalvikvm: GC_CONCURRENT freed 697K, 12% free 10405K/11719K, paused 2ms+3ms
07-05 12:15:53.373   545   548 D dalvikvm: GC_CONCURRENT freed 443K, 12% free 10357K/11719K, paused 2ms+3ms
07-05 12:15:53.584   545 16279 I DownloadManager: Initiating request for download 1892
07-05 12:15:53.615   545   548 D dalvikvm: GC_CONCURRENT freed 392K, 12% free 10376K/11719K, paused 2ms+6ms
07-05 12:15:53.740   545   548 D dalvikvm: GC_CONCURRENT freed 212K, 10% free 10623K/11719K, paused 2ms+2ms
07-05 12:15:53.853   545   548 D dalvikvm: GC_CONCURRENT freed 645K, 12% free 10409K/11719K, paused 2ms+3ms
07-05 12:15:53.974  1370 16281 E DictionaryProvider:UpdateHandler: Can't read a file : android.util.MalformedJsonException: Use JsonReader.setLenient(true) to accept malformed JSON at line 1 column 20
07-05 12:15:54.088   545   548 D dalvikvm: GC_CONCURRENT freed 434K, 12% free 10370K/11719K, paused 5ms+2ms
07-05 12:15:54.271   545   548 D dalvikvm: GC_CONCURRENT freed 419K, 12% free 10346K/11719K, paused 2ms+3ms
07-05 12:15:54.342   545 16284 I DownloadManager: Initiating request for download 1892
07-05 12:15:54.439   545   548 D dalvikvm: GC_CONCURRENT freed 235K, 10% free 10564K/11719K, paused 2ms+3ms
07-05 12:15:54.533   545   548 D dalvikvm: GC_CONCURRENT freed 283K, 9% free 10710K/11719K, paused 2ms+2ms
07-05 12:15:54.748   545   548 D dalvikvm: GC_CONCURRENT freed 783K, 12% free 10377K/11719K, paused 1ms+2ms
07-05 12:15:54.928   545   548 D dalvikvm: GC_CONCURRENT freed 420K, 12% free 10349K/11719K, paused 1ms+2ms
07-05 12:15:55.041   545 16287 I DownloadManager: Initiating request for download 1893
07-05 12:15:55.131   545   548 D dalvikvm: GC_CONCURRENT freed 278K, 10% free 10605K/11719K, paused 2ms+3ms
07-05 12:15:55.232   545   548 D dalvikvm: GC_CONCURRENT freed 345K, 9% free 10713K/11719K, paused 2ms+3ms
07-05 12:15:55.392  1370 16289 E DictionaryProvider:UpdateHandler: Can't read a file : android.util.MalformedJsonException: Use JsonReader.setLenient(true) to accept malformed JSON at line 1 column 20
07-05 12:15:55.474   545   548 D dalvikvm: GC_CONCURRENT freed 781K, 12% free 10384K/11719K, paused 2ms+3ms
07-05 12:15:55.666   545   548 D dalvikvm: GC_CONCURRENT freed 424K, 12% free 10355K/11719K, paused 1ms+2ms
07-05 12:15:55.771   545 16292 I DownloadManager: Initiating request for download 1893
07-05 12:15:55.845   545   548 D dalvikvm: GC_CONCURRENT freed 290K, 11% free 10523K/11719K, paused 1ms+3ms
07-05 12:15:55.943   545   548 D dalvikvm: GC_CONCURRENT freed 304K, 9% free 10694K/11719K, paused 1ms+3ms
07-05 12:15:56.142   545   548 D dalvikvm: GC_CONCURRENT freed 732K, 12% free 10415K/11719K, paused 1ms+2ms
07-05 12:15:56.322   545   548 D dalvikvm: GC_CONCURRENT freed 447K, 12% free 10363K/11719K, paused 2ms+2ms
07-05 12:15:58.240   545 16295 I DownloadManager: Initiating request for download 1894
07-05 12:15:58.318   545   548 D dalvikvm: GC_CONCURRENT freed 329K, 12% free 10429K/11719K, paused 4ms+3ms
07-05 12:15:58.428   545   548 D dalvikvm: GC_CONCURRENT freed 239K, 9% free 10700K/11719K, paused 2ms+3ms
07-05 12:15:58.588   545   548 D dalvikvm: GC_CONCURRENT freed 735K, 12% free 10416K/11719K, paused 2ms+2ms
07-05 12:15:58.678  1370 16297 E DictionaryProvider:UpdateHandler: Can't read a file : android.util.MalformedJsonException: Use JsonReader.setLenient(true) to accept malformed JSON at line 1 column 20
07-05 12:15:58.822   545   548 D dalvikvm: GC_CONCURRENT freed 432K, 12% free 10372K/11719K, paused 1ms+2ms
07-05 12:15:59.013   545   548 D dalvikvm: GC_CONCURRENT freed 419K, 12% free 10348K/11719K, paused 2ms+2ms
07-05 12:15:59.045   545 16300 I DownloadManager: Initiating request for download 1894
07-05 12:15:59.138   545   548 D dalvikvm: GC_CONCURRENT freed 196K, 10% free 10612K/11719K, paused 2ms+3ms
07-05 12:15:59.252   545   548 D dalvikvm: GC_CONCURRENT freed 419K, 10% free 10628K/11719K, paused 2ms+2ms
07-05 12:15:59.463   545   548 D dalvikvm: GC_CONCURRENT freed 662K, 12% free 10374K/11719K, paused 1ms+15ms
07-05 12:15:59.474  1370  1372 D dalvikvm: GC_CONCURRENT freed 383K, 7% free 9129K/9735K, paused 2ms+6ms
07-05 12:15:59.642   545   548 D dalvikvm: GC_CONCURRENT freed 416K, 12% free 10352K/11719K, paused 2ms+2ms
07-05 12:15:59.842   156   593 D dalvikvm: GC_EXPLICIT freed 717K, 11% free 14197K/15879K, paused 3ms+6ms
07-05 12:15:59.845   545 16303 I DownloadManager: Initiating request for download 1895
07-05 12:15:59.939   545   548 D dalvikvm: GC_CONCURRENT freed 251K, 10% free 10554K/11719K, paused 2ms+3ms
07-05 12:16:00.056   545   548 D dalvikvm: GC_CONCURRENT freed 333K, 9% free 10704K/11719K, paused 2ms+2ms
07-05 12:16:00.275  1370 16305 E DictionaryProvider:UpdateHandler: Can't read a file : android.util.MalformedJsonException: Use JsonReader.setLenient(true) to accept malformed JSON at line 1 column 20
07-05 12:16:00.291   545   548 D dalvikvm: GC_CONCURRENT freed 782K, 12% free 10380K/11719K, paused 2ms+2ms
07-05 12:16:00.490   545   548 D dalvikvm: GC_CONCURRENT freed 418K, 12% free 10351K/11719K, paused 2ms+2ms
07-05 12:16:00.588   545 16308 I DownloadManager: Initiating request for download 1895
07-05 12:16:00.670   545   548 D dalvikvm: GC_CONCURRENT freed 309K, 11% free 10524K/11719K, paused 2ms+3ms
07-05 12:16:00.779   545   548 D dalvikvm: GC_CONCURRENT freed 274K, 9% free 10681K/11719K, paused 2ms+3ms
07-05 12:16:00.955   545   548 D dalvikvm: GC_CONCURRENT freed 714K, 12% free 10402K/11719K, paused 2ms+2ms
07-05 12:16:01.146   545   548 D dalvikvm: GC_CONCURRENT freed 435K, 12% free 10355K/11719K, paused 2ms+2ms
07-05 12:16:01.349   545   548 D dalvikvm: GC_CONCURRENT freed 371K, 12% free 10378K/11719K, paused 2ms+3ms
07-05 12:16:01.361   545 16311 I DownloadManager: Initiating request for download 1896
07-05 12:16:01.474   545   548 D dalvikvm: GC_CONCURRENT freed 214K, 10% free 10624K/11719K, paused 2ms+3ms
07-05 12:16:01.584   545   548 D dalvikvm: GC_CONCURRENT freed 649K, 12% free 10409K/11719K, paused 1ms+2ms
07-05 12:16:01.779   545   548 D dalvikvm: GC_CONCURRENT freed 440K, 12% free 10365K/11719K, paused 2ms+2ms
07-05 12:16:01.951   545   548 D dalvikvm: GC_CONCURRENT freed 415K, 12% free 10344K/11719K, paused 2ms+3ms
07-05 12:16:01.986  1370 16313 E DictionaryProvider:UpdateHandler: Can't read a file : android.util.MalformedJsonException: Use JsonReader.setLenient(true) to accept malformed JSON at line 1 column 20
07-05 12:16:02.064   545 16316 I DownloadManager: Initiating request for download 1896
07-05 12:16:02.154   545   548 D dalvikvm: GC_CONCURRENT freed 233K, 10% free 10565K/11719K, paused 2ms+2ms
07-05 12:16:02.252   545   548 D dalvikvm: GC_CONCURRENT freed 310K, 9% free 10710K/11719K, paused 2ms+3ms
07-05 12:16:02.392   993  1240 I PhoneLab-: Service Running
07-05 12:16:02.443   993  1240 I PhoneLab-LoggerService: app_49    1247  993   1956   1584  c00f181c 400107b4 S logcat
07-05 12:16:02.443   993  1240 I PhoneLab-LoggerService: Logcat pid from database 1247
07-05 12:16:02.443   993  1240 I PhoneLab-LoggerService: Logcat process found 1247
07-05 12:16:02.443   993  1240 I PhoneLab-LoggerService: Checking Threshold
07-05 12:16:02.443   993  1240 I PhoneLab-LoggerService: Starting to rename files
07-05 12:16:02.443   993  1240 I PhoneLab-LoggerService: Files found .. 15
07-05 12:16:02.443   993  1240 I PhoneLab-LoggerService: File 1 log.out.1
07-05 12:16:02.451   993  1240 I PhoneLab-LoggerService: Renamed successfully
07-05 12:16:02.502   545   548 D dalvikvm: GC_CONCURRENT freed 782K, 12% free 10367K/11719K, paused 2ms+2ms
07-05 12:16:02.689   545   548 D dalvikvm: GC_CONCURRENT freed 406K, 12% free 10349K/11719K, paused 2ms+2ms
07-05 12:16:02.810   545 16320 I DownloadManager: Initiating request for download 1897
07-05 12:16:02.892   545   548 D dalvikvm: GC_CONCURRENT freed 283K, 11% free 10524K/11719K, paused 2ms+4ms
07-05 12:16:02.990   545   548 D dalvikvm: GC_CONCURRENT freed 312K, 9% free 10702K/11719K, paused 2ms+3ms
07-05 12:16:03.166   545   548 D dalvikvm: GC_CONCURRENT freed 778K, 12% free 10374K/11719K, paused 2ms+2ms
07-05 12:16:03.213  1370 16322 E DictionaryProvider:UpdateHandler: Can't read a file : android.util.MalformedJsonException: Use JsonReader.setLenient(true) to accept malformed JSON at line 1 column 20
07-05 12:16:03.306   465   467 D dalvikvm: GC_CONCURRENT freed 418K, 5% free 10537K/11079K, paused 2ms+3ms
07-05 12:16:03.424   545   548 D dalvikvm: GC_CONCURRENT freed 405K, 12% free 10364K/11719K, paused 1ms+2ms
07-05 12:16:03.545   545 16325 I DownloadManager: Initiating request for download 1897
07-05 12:16:03.592   545   548 D dalvikvm: GC_CONCURRENT freed 341K, 12% free 10416K/11719K, paused 2ms+2ms
07-05 12:16:03.693   545   548 D dalvikvm: GC_CONCURRENT freed 232K, 10% free 10644K/11719K, paused 2ms+2ms
07-05 12:16:03.818   545   548 D dalvikvm: GC_CONCURRENT freed 665K, 12% free 10411K/11719K, paused 2ms+2ms
07-05 12:16:04.017   545   548 D dalvikvm: GC_CONCURRENT freed 443K, 12% free 10364K/11719K, paused 2ms+3ms
07-05 12:16:04.205   545   548 D dalvikvm: GC_CONCURRENT freed 412K, 12% free 10346K/11719K, paused 1ms+2ms
07-05 12:16:04.279   545 16328 I DownloadManager: Initiating request for download 1898
07-05 12:16:04.381   545   548 D dalvikvm: GC_CONCURRENT freed 208K, 10% free 10583K/11719K, paused 2ms+2ms
07-05 12:16:04.482   545   548 D dalvikvm: GC_CONCURRENT freed 372K, 10% free 10628K/11719K, paused 1ms+2ms
07-05 12:16:04.685   545   548 D dalvikvm: GC_CONCURRENT freed 678K, 12% free 10376K/11719K, paused 1ms+2ms
07-05 12:16:04.771   545  3627 D dalvikvm: GC_EXPLICIT freed 31K, 12% free 10380K/11719K, paused 2ms+3ms
07-05 12:16:04.779  1370 16330 E DictionaryProvider:UpdateHandler: Can't read a file : android.util.MalformedJsonException: Use JsonReader.setLenient(true) to accept malformed JSON at line 1 column 20
07-05 12:16:04.974   545   548 D dalvikvm: GC_CONCURRENT freed 417K, 12% free 10357K/11719K, paused 2ms+2ms
07-05 12:16:05.068   545 16333 I DownloadManager: Initiating request for download 1898
07-05 12:16:05.154   545   548 D dalvikvm: GC_CONCURRENT freed 283K, 11% free 10533K/11719K, paused 2ms+3ms
07-05 12:16:05.248   545   548 D dalvikvm: GC_CONCURRENT freed 305K, 9% free 10700K/11719K, paused 2ms+3ms
07-05 12:16:05.416   545   548 D dalvikvm: GC_CONCURRENT freed 734K, 12% free 10410K/11719K, paused 2ms+3ms
07-05 12:16:05.490  1370  1372 D dalvikvm: GC_CONCURRENT freed 388K, 7% free 9130K/9735K, paused 2ms+2ms
07-05 12:16:05.638   545   548 D dalvikvm: GC_CONCURRENT freed 443K, 12% free 10363K/11719K, paused 1ms+3ms
07-05 12:16:05.783   545 16336 I DownloadManager: Initiating request for download 1899
07-05 12:16:05.834   545   548 D dalvikvm: GC_CONCURRENT freed 332K, 12% free 10423K/11719K, paused 2ms+3ms
07-05 12:16:05.935   545   548 D dalvikvm: GC_CONCURRENT freed 233K, 10% free 10650K/11719K, paused 2ms+3ms
07-05 12:16:06.072   545   548 D dalvikvm: GC_CONCURRENT freed 654K, 12% free 10427K/11719K, paused 2ms+3ms
07-05 12:16:06.170  1370 16338 E DictionaryProvider:UpdateHandler: Can't read a file : android.util.MalformedJsonException: Use JsonReader.setLenient(true) to accept malformed JSON at line 1 column 20
07-05 12:16:06.318   545   548 D dalvikvm: GC_CONCURRENT freed 447K, 12% free 10374K/11719K, paused 2ms+3ms
07-05 12:16:06.498   545   548 D dalvikvm: GC_CONCURRENT freed 415K, 12% free 10356K/11719K, paused 2ms+2ms
07-05 12:16:06.549   545 16341 I DownloadManager: Initiating request for download 1899
07-05 12:16:06.638   545   548 D dalvikvm: GC_CONCURRENT freed 227K, 10% free 10583K/11719K, paused 2ms+3ms
07-05 12:16:06.740   545   548 D dalvikvm: GC_CONCURRENT freed 372K, 10% free 10631K/11719K, paused 2ms+3ms
07-05 12:16:06.955   545   548 D dalvikvm: GC_CONCURRENT freed 675K, 12% free 10375K/11719K, paused 1ms+2ms
07-05 12:16:07.142   545   548 D dalvikvm: GC_CONCURRENT freed 413K, 12% free 10357K/11719K, paused 2ms+2ms
07-05 12:16:07.275   545 16344 I DownloadManager: Initiating request for download 1900
07-05 12:16:07.357   545   548 D dalvikvm: GC_CONCURRENT freed 301K, 11% free 10535K/11719K, paused 2ms+3ms
07-05 12:16:07.455   545   548 D dalvikvm: GC_CONCURRENT freed 305K, 9% free 10704K/11719K, paused 1ms+3ms
07-05 12:16:07.642   545   548 D dalvikvm: GC_CONCURRENT freed 766K, 12% free 10385K/11719K, paused 1ms+2ms
07-05 12:16:07.685  1370 16346 E DictionaryProvider:UpdateHandler: Can't read a file : android.util.MalformedJsonException: Use JsonReader.setLenient(true) to accept malformed JSON at line 1 column 20
07-05 12:16:07.869   545   548 D dalvikvm: GC_CONCURRENT freed 410K, 12% free 10370K/11719K, paused 2ms+3ms
07-05 12:16:07.998   545 16349 I DownloadManager: Initiating request for download 1900
07-05 12:16:08.045   545   548 D dalvikvm: GC_CONCURRENT freed 362K, 12% free 10424K/11719K, paused 2ms+2ms
07-05 12:16:08.158   545   548 D dalvikvm: GC_CONCURRENT freed 231K, 9% free 10704K/11719K, paused 2ms+3ms
07-05 12:16:08.303   545   548 D dalvikvm: GC_CONCURRENT freed 733K, 12% free 10417K/11719K, paused 2ms+2ms
07-05 12:16:08.498   545   548 D dalvikvm: GC_CONCURRENT freed 435K, 12% free 10371K/11719K, paused 2ms+2ms
07-05 12:16:08.678   545   548 D dalvikvm: GC_CONCURRENT freed 404K, 12% free 10357K/11719K, paused 2ms+2ms
07-05 12:16:08.736   545 16352 I DownloadManager: Initiating request for download 1901
07-05 12:16:08.845   545   548 D dalvikvm: GC_CONCURRENT freed 196K, 10% free 10612K/11719K, paused 2ms+3ms
07-05 12:16:08.951   545   548 D dalvikvm: GC_CONCURRENT freed 406K, 10% free 10637K/11719K, paused 1ms+2ms
07-05 12:16:09.107  1370 16354 E DictionaryProvider:UpdateHandler: Can't read a file : android.util.MalformedJsonException: Use JsonReader.setLenient(true) to accept malformed JSON at line 1 column 20
07-05 12:16:09.189   545   548 D dalvikvm: GC_CONCURRENT freed 667K, 12% free 10389K/11719K, paused 2ms+2ms
07-05 12:16:09.369   545   548 D dalvikvm: GC_CONCURRENT freed 425K, 12% free 10359K/11719K, paused 2ms+2ms
07-05 12:16:09.459   545 16357 I DownloadManager: Initiating request for download 1901
07-05 12:16:09.533   545   548 D dalvikvm: GC_CONCURRENT freed 272K, 11% free 10546K/11719K, paused 2ms+2ms
07-05 12:16:09.635   545   548 D dalvikvm: GC_CONCURRENT freed 303K, 9% free 10718K/11719K, paused 1ms+3ms
07-05 12:16:09.826   545   548 D dalvikvm: GC_CONCURRENT freed 780K, 12% free 10386K/11719K, paused 2ms+2ms
07-05 12:16:10.002   545   548 D dalvikvm: GC_CONCURRENT freed 414K, 12% free 10367K/11719K, paused 2ms+3ms
07-05 12:16:10.154   545 16360 I DownloadManager: Initiating request for download 1902
07-05 12:16:10.232   545   548 D dalvikvm: GC_CONCURRENT freed 317K, 10% free 10561K/11719K, paused 2ms+3ms
07-05 12:16:10.334   545   548 D dalvikvm: GC_CONCURRENT freed 328K, 9% free 10719K/11719K, paused 2ms+3ms
07-05 12:16:10.506   545   548 D dalvikvm: GC_CONCURRENT freed 741K, 12% free 10425K/11719K, paused 2ms+2ms
07-05 12:16:10.560  1370 16362 E DictionaryProvider:UpdateHandler: Can't read a file : android.util.MalformedJsonException: Use JsonReader.setLenient(true) to accept malformed JSON at line 1 column 20
07-05 12:16:10.728   545   548 D dalvikvm: GC_CONCURRENT freed 441K, 12% free 10379K/11719K, paused 2ms+2ms
07-05 12:16:10.853   545 16365 I DownloadManager: Initiating request for download 1902
07-05 12:16:10.912   545   548 D dalvikvm: GC_CONCURRENT freed 360K, 12% free 10405K/11719K, paused 2ms+2ms
07-05 12:16:11.013   545   548 D dalvikvm: GC_CONCURRENT freed 201K, 10% free 10640K/11719K, paused 2ms+3ms
07-05 12:16:11.127   545   548 D dalvikvm: GC_CONCURRENT freed 443K, 10% free 10640K/11719K, paused 1ms+2ms
07-05 12:16:11.283  1370  1372 D dalvikvm: GC_CONCURRENT freed 395K, 7% free 9125K/9735K, paused 2ms+2ms
07-05 12:16:11.377   545   548 D dalvikvm: GC_CONCURRENT freed 684K, 12% free 10379K/11719K, paused 2ms+3ms
07-05 12:16:11.564   545   548 D dalvikvm: GC_CONCURRENT freed 413K, 12% free 10360K/11719K, paused 1ms+2ms
07-05 12:16:11.654   545 16368 I DownloadManager: Initiating request for download 1903
07-05 12:16:11.748   545   548 D dalvikvm: GC_CONCURRENT freed 226K, 10% free 10591K/11719K, paused 2ms+3ms
07-05 12:16:11.845   545   548 D dalvikvm: GC_CONCURRENT freed 293K, 9% free 10734K/11719K, paused 2ms+2ms
07-05 12:16:12.037   545   548 D dalvikvm: GC_CONCURRENT freed 769K, 12% free 10419K/11719K, paused 2ms+2ms
07-05 12:16:12.224   545   548 D dalvikvm: GC_CONCURRENT freed 417K, 12% free 10397K/11719K, paused 2ms+2ms
07-05 12:16:12.455   545   548 D dalvikvm: GC_CONCURRENT freed 369K, 12% free 10423K/11719K, paused 2ms+2ms
07-05 12:16:12.646   545   548 D dalvikvm: GC_CONCURRENT freed 406K, 12% free 10414K/11719K, paused 2ms+3ms
07-05 12:16:12.834   545   548 D dalvikvm: GC_CONCURRENT freed 434K, 12% free 10368K/11719K, paused 1ms+2ms
07-05 12:16:13.107   156   156 D dalvikvm: GC_EXPLICIT freed 521K, 11% free 14194K/15879K, paused 3ms+5ms
07-05 12:16:13.174  1370 16371 E DictionaryProvider:UpdateHandler: Can't read a file : android.util.MalformedJsonException: Use JsonReader.setLenient(true) to accept malformed JSON at line 1 column 20
07-05 12:16:13.338   545   548 D dalvikvm: GC_CONCURRENT freed 370K, 12% free 10393K/11719K, paused 2ms+3ms
07-05 12:16:13.529   545   548 D dalvikvm: GC_CONCURRENT freed 435K, 12% free 10353K/11719K, paused 2ms+2ms
07-05 12:16:13.760   545   548 D dalvikvm: GC_CONCURRENT freed 368K, 12% free 10381K/11719K, paused 2ms+3ms
07-05 12:16:13.947   545   548 D dalvikvm: GC_CONCURRENT freed 415K, 12% free 10361K/11719K, paused 1ms+2ms
07-05 12:16:14.123   545   548 D dalvikvm: GC_CONCURRENT freed 407K, 12% free 10348K/11719K, paused 1ms+2ms
07-05 12:16:14.228   545 16374 I DownloadManager: Initiating request for download 1904
07-05 12:16:14.318   545   548 D dalvikvm: GC_CONCURRENT freed 236K, 10% free 10567K/11719K, paused 2ms+3ms
07-05 12:16:14.396   545   548 D dalvikvm: GC_CONCURRENT freed 380K, 10% free 10629K/11719K, paused 1ms+2ms
07-05 12:16:14.599  1370 16376 E DictionaryProvider:UpdateHandler: Can't read a file : android.util.MalformedJsonException: Use JsonReader.setLenient(true) to accept malformed JSON at line 1 column 20
07-05 12:16:14.615   545   548 D dalvikvm: GC_CONCURRENT freed 674K, 12% free 10390K/11719K, paused 2ms+3ms
07-05 12:16:14.810   545   548 D dalvikvm: GC_CONCURRENT freed 416K, 12% free 10365K/11719K, paused 2ms+2ms
07-05 12:16:14.924   545 16379 I DownloadManager: Initiating request for download 1904
07-05 12:16:14.994   545   548 D dalvikvm: GC_CONCURRENT freed 321K, 11% free 10487K/11719K, paused 1ms+3ms
07-05 12:16:15.092   545   548 D dalvikvm: GC_CONCURRENT freed 285K, 9% free 10676K/11719K, paused 2ms+4ms
07-05 12:16:15.248   545   548 D dalvikvm: GC_CONCURRENT freed 696K, 12% free 10414K/11719K, paused 2ms+3ms
07-05 12:16:15.451   545   548 D dalvikvm: GC_CONCURRENT freed 443K, 12% free 10366K/11719K, paused 1ms+2ms
07-05 12:16:15.623   545   548 D dalvikvm: GC_CONCURRENT freed 413K, 12% free 10347K/11719K, paused 2ms+2ms
07-05 12:16:15.693   545 16382 I DownloadManager: Initiating request for download 1905
07-05 12:16:15.799   545   548 D dalvikvm: GC_CONCURRENT freed 188K, 10% free 10619K/11719K, paused 1ms+3ms
07-05 12:16:15.908   545   548 D dalvikvm: GC_CONCURRENT freed 422K, 10% free 10634K/11719K, paused 2ms+2ms
07-05 12:16:16.131  1370 16384 E DictionaryProvider:UpdateHandler: Can't read a file : android.util.MalformedJsonException: Use JsonReader.setLenient(true) to accept malformed JSON at line 1 column 20
07-05 12:16:16.146   545   548 D dalvikvm: GC_CONCURRENT freed 685K, 12% free 10384K/11719K, paused 2ms+3ms
07-05 12:16:16.353   545   548 D dalvikvm: GC_CONCURRENT freed 420K, 12% free 10358K/11719K, paused 2ms+2ms
07-05 12:16:16.439   545 16387 I DownloadManager: Initiating request for download 1905
07-05 12:16:16.517   545   548 D dalvikvm: GC_CONCURRENT freed 261K, 10% free 10556K/11719K, paused 4ms+3ms
07-05 12:16:16.619   545   548 D dalvikvm: GC_CONCURRENT freed 290K, 9% free 10720K/11719K, paused 2ms+3ms
07-05 12:16:16.810   545   548 D dalvikvm: GC_CONCURRENT freed 786K, 12% free 10381K/11719K, paused 2ms+2ms
07-05 12:16:17.010   545   548 D dalvikvm: GC_CONCURRENT freed 410K, 12% free 10365K/11719K, paused 2ms+2ms
07-05 12:16:17.158   545 16390 I DownloadManager: Initiating request for download 1906
07-05 12:16:17.232   545   548 D dalvikvm: GC_CONCURRENT freed 316K, 11% free 10494K/11719K, paused 2ms+3ms
07-05 12:16:17.330   545   548 D dalvikvm: GC_CONCURRENT freed 287K, 9% free 10681K/11719K, paused 2ms+3ms
07-05 12:16:17.482   545   548 D dalvikvm: GC_CONCURRENT freed 702K, 12% free 10421K/11719K, paused 1ms+2ms
07-05 12:16:17.572  1370 16392 E DictionaryProvider:UpdateHandler: Can't read a file : android.util.MalformedJsonException: Use JsonReader.setLenient(true) to accept malformed JSON at line 1 column 20
07-05 12:16:17.728   545   548 D dalvikvm: GC_CONCURRENT freed 441K, 12% free 10375K/11719K, paused 2ms+3ms
07-05 12:16:17.916   545   548 D dalvikvm: GC_CONCURRENT freed 418K, 12% free 10353K/11719K, paused 1ms+2ms
07-05 12:16:17.943   545 16395 I DownloadManager: Initiating request for download 1906
07-05 12:16:18.064   545   548 D dalvikvm: GC_CONCURRENT freed 197K, 10% free 10620K/11719K, paused 2ms+3ms
07-05 12:16:18.170   545   548 D dalvikvm: GC_CONCURRENT freed 419K, 10% free 10636K/11719K, paused 2ms+2ms
07-05 12:16:18.369   545   548 D dalvikvm: GC_CONCURRENT freed 681K, 12% free 10377K/11719K, paused 1ms+2ms
07-05 12:16:18.545   545   548 D dalvikvm: GC_CONCURRENT freed 409K, 12% free 10364K/11719K, paused 2ms+3ms
07-05 12:16:18.650   545 16398 I DownloadManager: Initiating request for download 1907
07-05 12:16:18.740   545   548 D dalvikvm: GC_CONCURRENT freed 276K, 10% free 10570K/11719K, paused 2ms+3ms
07-05 12:16:18.838   545   548 D dalvikvm: GC_CONCURRENT freed 287K, 9% free 10714K/11719K, paused 2ms+3ms
07-05 12:16:19.021   545   548 D dalvikvm: GC_CONCURRENT freed 742K, 12% free 10419K/11719K, paused 1ms+3ms
07-05 12:16:19.092  1370 16400 E DictionaryProvider:UpdateHandler: Can't read a file : android.util.MalformedJsonException: Use JsonReader.setLenient(true) to accept malformed JSON at line 1 column 20
07-05 12:16:19.107  1370  1372 D dalvikvm: GC_CONCURRENT freed 430K, 7% free 9131K/9735K, paused 2ms+3ms
07-05 12:16:19.178  1370  1404 D dalvikvm: GC_EXPLICIT freed 78K, 7% free 9088K/9735K, paused 2ms+2ms
07-05 12:16:19.295   545   548 D dalvikvm: GC_CONCURRENT freed 437K, 12% free 10376K/11719K, paused 2ms+3ms
07-05 12:16:19.420   545 16403 I DownloadManager: Initiating request for download 1907
07-05 12:16:19.474   545   548 D dalvikvm: GC_CONCURRENT freed 345K, 12% free 10428K/11719K, paused 1ms+2ms
07-05 12:16:19.576   545   548 D dalvikvm: GC_CONCURRENT freed 231K, 10% free 10658K/11719K, paused 2ms+3ms
07-05 12:16:19.701   545   548 D dalvikvm: GC_CONCURRENT freed 668K, 12% free 10422K/11719K, paused 2ms+2ms
07-05 12:16:19.920   545   548 D dalvikvm: GC_CONCURRENT freed 438K, 12% free 10378K/11719K, paused 2ms+3ms
07-05 12:16:20.099   545   548 D dalvikvm: GC_CONCURRENT freed 414K, 12% free 10358K/11719K, paused 2ms+2ms
07-05 12:16:20.189   545 16406 I DownloadManager: Initiating request for download 1908
07-05 12:16:20.291   545   548 D dalvikvm: GC_CONCURRENT freed 225K, 10% free 10593K/11719K, paused 2ms+3ms
07-05 12:16:20.388   545   548 D dalvikvm: GC_CONCURRENT freed 301K, 9% free 10733K/11719K, paused 2ms+3ms
07-05 12:16:20.580  1370 16408 E DictionaryProvider:UpdateHandler: Can't read a file : android.util.MalformedJsonException: Use JsonReader.setLenient(true) to accept malformed JSON at line 1 column 20
07-05 12:16:20.631   545   548 D dalvikvm: GC_CONCURRENT freed 800K, 12% free 10398K/11719K, paused 2ms+3ms
07-05 12:16:20.814   545   548 D dalvikvm: GC_CONCURRENT freed 420K, 12% free 10368K/11719K, paused 2ms+2ms
07-05 12:16:20.908   545 16411 I DownloadManager: Initiating request for download 1908
07-05 12:16:20.986   545   548 D dalvikvm: GC_CONCURRENT freed 265K, 11% free 10531K/11719K, paused 2ms+3ms
07-05 12:16:21.088   545   548 D dalvikvm: GC_CONCURRENT freed 284K, 9% free 10689K/11719K, paused 1ms+3ms
07-05 12:16:21.236   545   548 D dalvikvm: GC_CONCURRENT freed 706K, 12% free 10424K/11719K, paused 2ms+3ms
07-05 12:16:21.428   545   548 D dalvikvm: GC_CONCURRENT freed 444K, 12% free 10376K/11719K, paused 1ms+3ms
07-05 12:16:21.607   545   548 D dalvikvm: GC_CONCURRENT freed 407K, 12% free 10359K/11719K, paused 2ms+3ms
07-05 12:16:21.658   545 16414 I DownloadManager: Initiating request for download 1909
07-05 12:16:21.756   545   548 D dalvikvm: GC_CONCURRENT freed 189K, 10% free 10630K/11719K, paused 2ms+3ms
07-05 12:16:21.869   545   548 D dalvikvm: GC_CONCURRENT freed 427K, 10% free 10644K/11719K, paused 2ms+2ms
07-05 12:16:22.017  1370 16416 E DictionaryProvider:UpdateHandler: Can't read a file : android.util.MalformedJsonException: Use JsonReader.setLenient(true) to accept malformed JSON at line 1 column 20
07-05 12:16:22.111   545   548 D dalvikvm: GC_CONCURRENT freed 674K, 12% free 10393K/11719K, paused 2ms+2ms
07-05 12:16:22.295   545   548 D dalvikvm: GC_CONCURRENT freed 424K, 12% free 10364K/11719K, paused 1ms+3ms
07-05 12:16:22.381   545 16419 I DownloadManager: Initiating request for download 1909
07-05 12:16:22.459   545   548 D dalvikvm: GC_CONCURRENT freed 259K, 10% free 10564K/11719K, paused 2ms+3ms
07-05 12:16:22.564   545   548 D dalvikvm: GC_CONCURRENT freed 287K, 9% free 10728K/11719K, paused 1ms+3ms
07-05 12:16:22.763   545   548 D dalvikvm: GC_CONCURRENT freed 782K, 12% free 10392K/11719K, paused 2ms+3ms
07-05 12:16:22.943   545   548 D dalvikvm: GC_CONCURRENT freed 406K, 12% free 10373K/11719K, paused 2ms+2ms
07-05 12:16:23.111   545 16422 I DownloadManager: Initiating request for download 1910
07-05 12:16:23.162   545   548 D dalvikvm: GC_CONCURRENT freed 337K, 11% free 10438K/11719K, paused 2ms+2ms
07-05 12:16:23.263   545   548 D dalvikvm: GC_CONCURRENT freed 231K, 9% free 10667K/11719K, paused 2ms+3ms
07-05 12:16:23.388   545   548 D dalvikvm: GC_CONCURRENT freed 670K, 11% free 10441K/11719K, paused 1ms+2ms
07-05 12:16:23.506  1370 16424 E DictionaryProvider:UpdateHandler: Can't read a file : android.util.MalformedJsonException: Use JsonReader.setLenient(true) to accept malformed JSON at line 1 column 20
07-05 12:16:23.627   545   548 D dalvikvm: GC_CONCURRENT freed 445K, 12% free 10392K/11719K, paused 1ms+4ms
07-05 12:16:23.814   545   548 D dalvikvm: GC_CONCURRENT freed 420K, 12% free 10367K/11719K, paused 2ms+2ms
07-05 12:16:23.873   545 16427 I DownloadManager: Initiating request for download 1910
07-05 12:16:23.959   545   548 D dalvikvm: GC_CONCURRENT freed 230K, 10% free 10591K/11719K, paused 2ms+2ms
07-05 12:16:24.060   545   548 D dalvikvm: GC_CONCURRENT freed 289K, 9% free 10742K/11719K, paused 2ms+3ms
07-05 12:16:24.252   545   548 D dalvikvm: GC_CONCURRENT freed 776K, 12% free 10423K/11719K, paused 2ms+2ms
07-05 12:16:24.431   545   548 D dalvikvm: GC_CONCURRENT freed 410K, 12% free 10409K/11719K, paused 2ms+2ms
07-05 12:16:25.939   545 16429 I DownloadManager: Initiating request for download 1911
07-05 12:16:26.025   545   548 D dalvikvm: GC_CONCURRENT freed 285K, 10% free 10582K/11719K, paused 2ms+3ms
07-05 12:16:26.127   545   548 D dalvikvm: GC_CONCURRENT freed 337K, 9% free 10730K/11719K, paused 2ms+3ms
07-05 12:16:26.318   545   548 D dalvikvm: GC_CONCURRENT freed 752K, 11% free 10431K/11719K, paused 2ms+3ms
07-05 12:16:26.377  1370 16432 E DictionaryProvider:UpdateHandler: Can't read a file : android.util.MalformedJsonException: Use JsonReader.setLenient(true) to accept malformed JSON at line 1 column 20
07-05 12:16:26.447  1370  1372 D dalvikvm: GC_CONCURRENT freed 349K, 7% free 9126K/9735K, paused 2ms+2ms
07-05 12:16:26.580   545   548 D dalvikvm: GC_CONCURRENT freed 428K, 12% free 10391K/11719K, paused 1ms+4ms
07-05 12:16:26.732   545 16435 I DownloadManager: Initiating request for download 1911
07-05 12:16:26.783   545   548 D dalvikvm: GC_CONCURRENT freed 390K, 12% free 10408K/11719K, paused 2ms+2ms
07-05 12:16:26.892   545   548 D dalvikvm: GC_CONCURRENT freed 211K, 10% free 10655K/11719K, paused 2ms+3ms
07-05 12:16:27.021   545   548 D dalvikvm: GC_CONCURRENT freed 446K, 10% free 10662K/11719K, paused 2ms+2ms
07-05 12:16:27.092   545 16435 D dalvikvm: GC_EXPLICIT freed 279K, 11% free 10455K/11719K, paused 2ms+4ms
07-05 12:16:27.299   545   548 D dalvikvm: GC_CONCURRENT freed 464K, 12% free 10387K/11719K, paused 1ms+2ms
07-05 12:16:27.482   545   548 D dalvikvm: GC_CONCURRENT freed 414K, 12% free 10368K/11719K, paused 2ms+2ms
07-05 12:16:27.635   156   512 D dalvikvm: GC_EXPLICIT freed 483K, 11% free 14192K/15879K, paused 2ms+6ms
07-05 12:16:27.638   545 16438 I DownloadManager: Initiating request for download 1912
07-05 12:16:27.732   545   548 D dalvikvm: GC_CONCURRENT freed 205K, 10% free 10622K/11719K, paused 2ms+3ms
07-05 12:16:27.838   545   548 D dalvikvm: GC_CONCURRENT freed 420K, 10% free 10640K/11719K, paused 2ms+3ms
07-05 12:16:27.998  1370 16440 E DictionaryProvider:UpdateHandler: Can't read a file : android.util.MalformedJsonException: Use JsonReader.setLenient(true) to accept malformed JSON at line 1 column 20
07-05 12:16:28.084   545   548 D dalvikvm: GC_CONCURRENT freed 674K, 12% free 10389K/11719K, paused 1ms+2ms
07-05 12:16:28.263   545   548 D dalvikvm: GC_CONCURRENT freed 424K, 12% free 10359K/11719K, paused 2ms+2ms
07-05 12:16:28.373   545 16443 I DownloadManager: Initiating request for download 1912
07-05 12:16:28.447   545   548 D dalvikvm: GC_CONCURRENT freed 282K, 11% free 10534K/11719K, paused 2ms+2ms
07-05 12:16:28.553   545   548 D dalvikvm: GC_CONCURRENT freed 302K, 9% free 10763K/11719K, paused 2ms+3ms
07-05 12:16:28.763   545   548 D dalvikvm: GC_CONCURRENT freed 837K, 12% free 10393K/11719K, paused 2ms+2ms
07-05 12:16:28.931   545   548 D dalvikvm: GC_CONCURRENT freed 415K, 12% free 10365K/11719K, paused 2ms+2ms
07-05 12:16:29.076   545 16446 I DownloadManager: Initiating request for download 1913
07-05 12:16:29.131   545   548 D dalvikvm: GC_CONCURRENT freed 313K, 11% free 10439K/11719K, paused 2ms+3ms
07-05 12:16:29.232   545   548 D dalvikvm: GC_CONCURRENT freed 232K, 9% free 10667K/11719K, paused 2ms+3ms
07-05 12:16:29.353   545   548 D dalvikvm: GC_CONCURRENT freed 669K, 11% free 10433K/11719K, paused 1ms+3ms
07-05 12:16:29.463  1370 16448 E DictionaryProvider:UpdateHandler: Can't read a file : android.util.MalformedJsonException: Use JsonReader.setLenient(true) to accept malformed JSON at line 1 column 20
07-05 12:16:29.607   545   548 D dalvikvm: GC_CONCURRENT freed 435K, 12% free 10394K/11719K, paused 1ms+3ms
07-05 12:16:29.795   545   548 D dalvikvm: GC_CONCURRENT freed 420K, 12% free 10369K/11719K, paused 2ms+3ms
07-05 12:16:29.857   545 16451 I DownloadManager: Initiating request for download 1913
07-05 12:16:29.947   545   548 D dalvikvm: GC_CONCURRENT freed 238K, 10% free 10585K/11719K, paused 2ms+3ms
07-05 12:16:30.045   545   548 D dalvikvm: GC_CONCURRENT freed 305K, 9% free 10745K/11719K, paused 2ms+4ms
07-05 12:16:30.271   545   548 D dalvikvm: GC_CONCURRENT freed 803K, 12% free 10402K/11719K, paused 1ms+3ms
07-05 12:16:30.451   545   548 D dalvikvm: GC_CONCURRENT freed 426K, 12% free 10372K/11719K, paused 2ms+2ms
07-05 12:16:30.576   545 16454 I DownloadManager: Initiating request for download 1914
07-05 12:16:30.646   545   548 D dalvikvm: GC_CONCURRENT freed 278K, 11% free 10519K/11719K, paused 2ms+3ms
07-05 12:16:30.744   545   548 D dalvikvm: GC_CONCURRENT freed 264K, 9% free 10690K/11719K, paused 2ms+3ms
07-05 12:16:30.885   545   548 D dalvikvm: GC_CONCURRENT freed 692K, 11% free 10435K/11719K, paused 2ms+2ms
07-05 12:16:30.978  1370 16456 E DictionaryProvider:UpdateHandler: Can't read a file : android.util.MalformedJsonException: Use JsonReader.setLenient(true) to accept malformed JSON at line 1 column 20
07-05 12:16:31.111   545   548 D dalvikvm: GC_CONCURRENT freed 439K, 12% free 10394K/11719K, paused 2ms+3ms
07-05 12:16:31.295   545   548 D dalvikvm: GC_CONCURRENT freed 419K, 12% free 10369K/11719K, paused 1ms+3ms
07-05 12:16:31.345   545 16459 I DownloadManager: Initiating request for download 1914
07-05 12:16:31.435   545   548 D dalvikvm: GC_CONCURRENT freed 217K, 10% free 10609K/11719K, paused 2ms+2ms
07-05 12:16:31.541   545   548 D dalvikvm: GC_CONCURRENT freed 389K, 10% free 10656K/11719K, paused 2ms+3ms
07-05 12:16:31.760   545   548 D dalvikvm: GC_CONCURRENT freed 691K, 12% free 10393K/11719K, paused 2ms+2ms
07-05 12:16:31.939   545   548 D dalvikvm: GC_CONCURRENT freed 413K, 12% free 10375K/11719K, paused 2ms+2ms
07-05 12:16:32.076   545 16462 I DownloadManager: Initiating request for download 1915
07-05 12:16:32.154   545   548 D dalvikvm: GC_CONCURRENT freed 289K, 11% free 10545K/11719K, paused 2ms+3ms
07-05 12:16:32.252   545   548 D dalvikvm: GC_CONCURRENT freed 304K, 9% free 10715K/11719K, paused 2ms+3ms
07-05 12:16:32.424   545   548 D dalvikvm: GC_CONCURRENT freed 730K, 11% free 10446K/11719K, paused 2ms+3ms
07-05 12:16:32.482  1370 16464 E DictionaryProvider:UpdateHandler: Can't read a file : android.util.MalformedJsonException: Use JsonReader.setLenient(true) to accept malformed JSON at line 1 column 20
07-05 12:16:32.553  1370  1372 D dalvikvm: GC_CONCURRENT freed 387K, 7% free 9126K/9735K, paused 2ms+2ms
07-05 12:16:32.689   545   548 D dalvikvm: GC_CONCURRENT freed 439K, 12% free 10404K/11719K, paused 1ms+3ms
07-05 12:16:32.857   545 16467 I DownloadManager: Initiating request for download 1915
07-05 12:16:32.892   545   548 D dalvikvm: GC_CONCURRENT freed 432K, 12% free 10395K/11719K, paused 2ms+4ms
07-05 12:16:33.006   545   548 D dalvikvm: GC_CONCURRENT freed 191K, 10% free 10647K/11719K, paused 2ms+2ms
07-05 12:16:33.123   545   548 D dalvikvm: GC_CONCURRENT freed 423K, 10% free 10660K/11719K, paused 2ms+2ms
07-05 12:16:33.342   545   548 D dalvikvm: GC_CONCURRENT freed 696K, 12% free 10393K/11719K, paused 2ms+2ms
07-05 12:16:33.521   545   548 D dalvikvm: GC_CONCURRENT freed 414K, 12% free 10374K/11719K, paused 2ms+2ms
07-05 12:16:33.619   545 16470 I DownloadManager: Initiating request for download 1916
07-05 12:16:33.705   545   548 D dalvikvm: GC_CONCURRENT freed 247K, 10% free 10582K/11719K, paused 1ms+3ms
07-05 12:16:33.806   545   548 D dalvikvm: GC_CONCURRENT freed 310K, 9% free 10753K/11719K, paused 2ms+3ms
07-05 12:16:34.006   545   548 D dalvikvm: GC_CONCURRENT freed 814K, 12% free 10402K/11719K, paused 2ms+2ms
07-05 12:16:34.045  1370 16472 E DictionaryProvider:UpdateHandler: Can't read a file : android.util.MalformedJsonException: Use JsonReader.setLenient(true) to accept malformed JSON at line 1 column 20
07-05 12:16:34.217   545   548 D dalvikvm: GC_CONCURRENT freed 402K, 12% free 10396K/11719K, paused 2ms+2ms
07-05 12:16:34.326   545 16474 I DownloadManager: Initiating request for download 1916
07-05 12:16:34.396   545   548 D dalvikvm: GC_CONCURRENT freed 313K, 10% free 10589K/11719K, paused 2ms+3ms
07-05 12:16:34.482   545   548 D dalvikvm: GC_CONCURRENT freed 316K, 9% free 10730K/11719K, paused 2ms+3ms
07-05 12:16:35.517   545   548 D dalvikvm: GC_CONCURRENT freed 776K, 12% free 10409K/11719K, paused 2ms+3ms
07-05 12:16:35.713   545   548 D dalvikvm: GC_CONCURRENT freed 414K, 12% free 10391K/11719K, paused 2ms+3ms
07-05 12:16:35.931   545   548 D dalvikvm: GC_CONCURRENT freed 390K, 12% free 10411K/11719K, paused 2ms+3ms
07-05 12:16:35.931   545 16478 I DownloadManager: Initiating request for download 1917
07-05 12:16:36.056   545   548 D dalvikvm: GC_CONCURRENT freed 209K, 10% free 10661K/11719K, paused 1ms+4ms
07-05 12:16:36.162   545   548 D dalvikvm: GC_CONCURRENT freed 447K, 9% free 10665K/11719K, paused 1ms+2ms
07-05 12:16:36.326  1370 16480 E DictionaryProvider:UpdateHandler: Can't read a file : android.util.MalformedJsonException: Use JsonReader.setLenient(true) to accept malformed JSON at line 1 column 20
07-05 12:16:36.404   545   548 D dalvikvm: GC_CONCURRENT freed 684K, 12% free 10408K/11719K, paused 1ms+3ms
07-05 12:16:36.592   545   548 D dalvikvm: GC_CONCURRENT freed 415K, 12% free 10380K/11719K, paused 2ms+2ms
07-05 12:16:36.674   545 16483 I DownloadManager: Initiating request for download 1917
07-05 12:16:36.752   545   548 D dalvikvm: GC_CONCURRENT freed 230K, 10% free 10581K/11719K, paused 2ms+2ms
07-05 12:16:36.857   545   548 D dalvikvm: GC_CONCURRENT freed 298K, 9% free 10744K/11719K, paused 2ms+4ms
07-05 12:16:37.053   545   548 D dalvikvm: GC_CONCURRENT freed 757K, 11% free 10443K/11719K, paused 2ms+2ms
07-05 12:16:37.263   545   548 D dalvikvm: GC_CONCURRENT freed 446K, 12% free 10392K/11719K, paused 2ms+2ms
07-05 12:16:37.420   545 16486 I DownloadManager: Initiating request for download 1918
07-05 12:16:37.474   545   548 D dalvikvm: GC_CONCURRENT freed 343K, 11% free 10454K/11719K, paused 2ms+2ms
07-05 12:16:37.576   545   548 D dalvikvm: GC_CONCURRENT freed 230K, 9% free 10683K/11719K, paused 2ms+3ms
07-05 12:16:37.693   545   548 D dalvikvm: GC_CONCURRENT freed 692K, 11% free 10447K/11719K, paused 1ms+2ms
07-05 12:16:37.849  1370 16488 E DictionaryProvider:UpdateHandler: Can't read a file : android.util.MalformedJsonException: Use JsonReader.setLenient(true) to accept malformed JSON at line 1 column 20
07-05 12:16:37.928   545   548 D dalvikvm: GC_CONCURRENT freed 421K, 12% free 10412K/11719K, paused 1ms+2ms
07-05 12:16:38.111   545   548 D dalvikvm: GC_CONCURRENT freed 423K, 12% free 10384K/11719K, paused 2ms+2ms
07-05 12:16:38.170   545 16491 I DownloadManager: Initiating request for download 1918
07-05 12:16:38.256   545   548 D dalvikvm: GC_CONCURRENT freed 238K, 10% free 10600K/11719K, paused 2ms+2ms
07-05 12:16:38.361   545   548 D dalvikvm: GC_CONCURRENT freed 307K, 9% free 10773K/11719K, paused 1ms+3ms
07-05 12:16:38.584   545   548 D dalvikvm: GC_CONCURRENT freed 836K, 12% free 10416K/11719K, paused 2ms+4ms
07-05 12:16:38.771   545   548 D dalvikvm: GC_CONCURRENT freed 420K, 12% free 10386K/11719K, paused 1ms+3ms
07-05 12:16:38.888   545 16494 I DownloadManager: Initiating request for download 1919
07-05 12:16:38.974   545   548 D dalvikvm: GC_CONCURRENT freed 268K, 10% free 10560K/11719K, paused 3ms+2ms
07-05 12:16:39.076   545   548 D dalvikvm: GC_CONCURRENT freed 304K, 9% free 10733K/11719K, paused 2ms+3ms
07-05 12:16:39.248   545   548 D dalvikvm: GC_CONCURRENT freed 742K, 11% free 10446K/11719K, paused 2ms+3ms
07-05 12:16:39.306  1370 16496 E DictionaryProvider:UpdateHandler: Can't read a file : android.util.MalformedJsonException: Use JsonReader.setLenient(true) to accept malformed JSON at line 1 column 20
07-05 12:16:39.353   465 16497 D dalvikvm: GC_EXPLICIT freed 435K, 6% free 10504K/11079K, paused 2ms+3ms
07-05 12:16:39.424  1370  1372 D dalvikvm: GC_CONCURRENT freed 388K, 7% free 9127K/9735K, paused 1ms+2ms
07-05 12:16:39.541   545   548 D dalvikvm: GC_CONCURRENT freed 436K, 12% free 10405K/11719K, paused 1ms+2ms
07-05 12:16:39.713   545 16499 I DownloadManager: Initiating request for download 1919
07-05 12:16:39.732   545   548 D dalvikvm: GC_CONCURRENT freed 409K, 12% free 10418K/11719K, paused 1ms+3ms
07-05 12:16:39.849   545   548 D dalvikvm: GC_CONCURRENT freed 210K, 9% free 10669K/11719K, paused 1ms+3ms
07-05 12:16:39.974   545   548 D dalvikvm: GC_CONCURRENT freed 457K, 9% free 10677K/11719K, paused 2ms+3ms
07-05 12:16:40.185   545   548 D dalvikvm: GC_CONCURRENT freed 709K, 12% free 10404K/11719K, paused 2ms+2ms
07-05 12:16:40.369   545   548 D dalvikvm: GC_CONCURRENT freed 413K, 12% free 10385K/11719K, paused 2ms+2ms
07-05 12:16:40.455   545 16502 I DownloadManager: Initiating request for download 1920
07-05 12:16:40.545   545   548 D dalvikvm: GC_CONCURRENT freed 221K, 10% free 10604K/11719K, paused 2ms+3ms
07-05 12:16:40.646   545   548 D dalvikvm: GC_CONCURRENT freed 295K, 9% free 10774K/11719K, paused 2ms+3ms
07-05 12:16:40.892   545   548 D dalvikvm: GC_CONCURRENT freed 820K, 12% free 10418K/11719K, paused 1ms+6ms
07-05 12:16:40.943   156   576 D dalvikvm: GC_EXPLICIT freed 493K, 11% free 14193K/15879K, paused 3ms+5ms
07-05 12:16:40.951  1370 16504 E DictionaryProvider:UpdateHandler: Can't read a file : android.util.MalformedJsonException: Use JsonReader.setLenient(true) to accept malformed JSON at line 1 column 20
07-05 12:16:41.142   545   548 D dalvikvm: GC_CONCURRENT freed 404K, 12% free 10402K/11719K, paused 2ms+2ms
07-05 12:16:41.260   545 16507 I DownloadManager: Initiating request for download 1920
07-05 12:16:41.310   545   548 D dalvikvm: GC_CONCURRENT freed 342K, 11% free 10446K/11719K, paused 2ms+3ms
07-05 12:16:41.412   545   548 D dalvikvm: GC_CONCURRENT freed 229K, 9% free 10676K/11719K, paused 2ms+3ms
07-05 12:16:41.533   545   548 D dalvikvm: GC_CONCURRENT freed 686K, 11% free 10441K/11719K, paused 2ms+2ms
07-05 12:16:41.732   545   548 D dalvikvm: GC_CONCURRENT freed 443K, 12% free 10393K/11719K, paused 1ms+2ms
07-05 12:16:41.916   545   548 D dalvikvm: GC_CONCURRENT freed 414K, 12% free 10383K/11719K, paused 1ms+2ms
07-05 12:16:42.006   545 16510 I DownloadManager: Initiating request for download 1921
07-05 12:16:42.099   545   548 D dalvikvm: GC_CONCURRENT freed 238K, 10% free 10604K/11719K, paused 3ms+2ms
07-05 12:16:42.205   545   548 D dalvikvm: GC_CONCURRENT freed 298K, 9% free 10757K/11719K, paused 2ms+2ms
07-05 12:16:42.373  1370 16512 E DictionaryProvider:UpdateHandler: Can't read a file : android.util.MalformedJsonException: Use JsonReader.setLenient(true) to accept malformed JSON at line 1 column 20
07-05 12:16:42.451   545   548 D dalvikvm: GC_CONCURRENT freed 805K, 12% free 10418K/11719K, paused 2ms+2ms
07-05 12:16:42.627   545   548 D dalvikvm: GC_CONCURRENT freed 431K, 12% free 10380K/11719K, paused 1ms+3ms
07-05 12:16:42.732   545 16515 I DownloadManager: Initiating request for download 1921
07-05 12:16:42.814   545   548 D dalvikvm: GC_CONCURRENT freed 313K, 10% free 10558K/11719K, paused 2ms+4ms
07-05 12:16:42.916   545   548 D dalvikvm: GC_CONCURRENT freed 299K, 9% free 10732K/11719K, paused 2ms+3ms
07-05 12:16:43.095   545   548 D dalvikvm: GC_CONCURRENT freed 775K, 12% free 10421K/11719K, paused 1ms+2ms
07-05 12:16:43.291   545   548 D dalvikvm: GC_CONCURRENT freed 423K, 12% free 10390K/11719K, paused 2ms+2ms
07-05 12:16:43.486   545 16518 I DownloadManager: Initiating request for download 1922
07-05 12:16:43.494   545   548 D dalvikvm: GC_CONCURRENT freed 389K, 12% free 10416K/11719K, paused 1ms+4ms
07-05 12:16:43.611   545   548 D dalvikvm: GC_CONCURRENT freed 211K, 10% free 10664K/11719K, paused 2ms+3ms
07-05 12:16:43.732   545   548 D dalvikvm: GC_CONCURRENT freed 437K, 9% free 10666K/11719K, paused 1ms+2ms
07-05 12:16:43.869  1370 16520 E DictionaryProvider:UpdateHandler: Can't read a file : android.util.MalformedJsonException: Use JsonReader.setLenient(true) to accept malformed JSON at line 1 column 20
07-05 12:16:43.982   545   548 D dalvikvm: GC_CONCURRENT freed 694K, 12% free 10404K/11719K, paused 2ms+2ms
07-05 12:16:44.154   545   548 D dalvikvm: GC_CONCURRENT freed 418K, 12% free 10380K/11719K, paused 1ms+2ms
07-05 12:16:44.224   545 16523 I DownloadManager: Initiating request for download 1922
07-05 12:16:44.310   545   548 D dalvikvm: GC_CONCURRENT freed 247K, 10% free 10588K/11719K, paused 1ms+3ms
07-05 12:16:44.412   545   548 D dalvikvm: GC_CONCURRENT freed 312K, 9% free 10759K/11719K, paused 2ms+3ms
07-05 12:16:44.627   545   548 D dalvikvm: GC_CONCURRENT freed 818K, 12% free 10405K/11719K, paused 5ms+3ms
07-05 12:16:44.806   545   548 D dalvikvm: GC_CONCURRENT freed 414K, 12% free 10385K/11719K, paused 2ms+2ms
07-05 12:16:44.955   545 16526 I DownloadManager: Initiating request for download 1923
07-05 12:16:45.049   545   548 D dalvikvm: GC_CONCURRENT freed 304K, 10% free 10592K/11719K, paused 1ms+3ms
07-05 12:16:45.150   545   548 D dalvikvm: GC_CONCURRENT freed 338K, 9% free 10755K/11719K, paused 2ms+3ms
07-05 12:16:45.334   545   548 D dalvikvm: GC_CONCURRENT freed 806K, 12% free 10411K/11719K, paused 2ms+2ms
07-05 12:16:45.377  1370 16528 E DictionaryProvider:UpdateHandler: Can't read a file : android.util.MalformedJsonException: Use JsonReader.setLenient(true) to accept malformed JSON at line 1 column 20
07-05 12:16:45.541   545   548 D dalvikvm: GC_CONCURRENT freed 402K, 12% free 10404K/11719K, paused 2ms+2ms
07-05 12:16:45.705   545   548 D dalvikvm: GC_CONCURRENT freed 375K, 12% free 10416K/11719K, paused 1ms+3ms
07-05 12:16:45.705   545 16530 I DownloadManager: Initiating request for download 1923
07-05 12:16:45.787   545   548 D dalvikvm: GC_CONCURRENT freed 175K, 10% free 10646K/11719K, paused 2ms+3ms
07-05 12:16:45.865   545   548 D dalvikvm: GC_CONCURRENT freed 400K, 9% free 10672K/11719K, paused 1ms+2ms
07-05 12:16:46.767  1370  1372 D dalvikvm: GC_CONCURRENT freed 366K, 7% free 9150K/9735K, paused 5ms+2ms
07-05 12:16:47.033   545   548 D dalvikvm: GC_CONCURRENT freed 694K, 12% free 10405K/11719K, paused 2ms+2ms
07-05 12:16:47.205   545   548 D dalvikvm: GC_CONCURRENT freed 414K, 12% free 10386K/11719K, paused 1ms+2ms
07-05 12:16:47.338   545 16534 I DownloadManager: Initiating request for download 1924
07-05 12:16:47.424   545   548 D dalvikvm: GC_CONCURRENT freed 269K, 10% free 10561K/11719K, paused 2ms+2ms
07-05 12:16:47.525   545   548 D dalvikvm: GC_CONCURRENT freed 305K, 9% free 10731K/11719K, paused 2ms+3ms
07-05 12:16:47.697   545   548 D dalvikvm: GC_CONCURRENT freed 736K, 11% free 10447K/11719K, paused 2ms+3ms
07-05 12:16:47.783  1370 16536 E DictionaryProvider:UpdateHandler: Can't read a file : android.util.MalformedJsonException: Use JsonReader.setLenient(true) to accept malformed JSON at line 1 column 20
07-05 12:16:47.939   545   548 D dalvikvm: GC_CONCURRENT freed 438K, 12% free 10405K/11719K, paused 1ms+3ms
07-05 12:16:48.111   545   548 D dalvikvm: GC_CONCURRENT freed 415K, 12% free 10380K/11719K, paused 2ms+2ms
07-05 12:16:48.135   545 16539 I DownloadManager: Initiating request for download 1924
07-05 12:16:48.228   545   548 D dalvikvm: GC_CONCURRENT freed 187K, 10% free 10652K/11719K, paused 2ms+3ms
07-05 12:16:48.342   545   548 D dalvikvm: GC_CONCURRENT freed 426K, 9% free 10675K/11719K, paused 2ms+2ms
07-05 12:16:48.556   545   548 D dalvikvm: GC_CONCURRENT freed 704K, 12% free 10405K/11719K, paused 2ms+2ms
07-05 12:16:48.748   545   548 D dalvikvm: GC_CONCURRENT freed 407K, 12% free 10386K/11719K, paused 2ms+2ms
07-05 12:16:48.873   545 16542 I DownloadManager: Initiating request for download 1925
07-05 12:16:48.967   545   548 D dalvikvm: GC_CONCURRENT freed 253K, 10% free 10568K/11719K, paused 1ms+2ms
07-05 12:16:49.068   545   548 D dalvikvm: GC_CONCURRENT freed 302K, 9% free 10742K/11719K, paused 2ms+3ms
07-05 12:16:49.232   545   548 D dalvikvm: GC_CONCURRENT freed 760K, 11% free 10440K/11719K, paused 2ms+3ms
07-05 12:16:49.303   545 16542 D dalvikvm: GC_EXPLICIT freed 82K, 11% free 10439K/11719K, paused 2ms+5ms
07-05 12:16:49.361  1370 16544 E DictionaryProvider:UpdateHandler: Can't read a file : android.util.MalformedJsonException: Use JsonReader.setLenient(true) to accept malformed JSON at line 1 column 20
07-05 12:16:49.533   545   548 D dalvikvm: GC_CONCURRENT freed 433K, 12% free 10400K/11719K, paused 2ms+2ms
07-05 12:16:49.654   545 16547 I DownloadManager: Initiating request for download 1925
07-05 12:16:49.717   545   548 D dalvikvm: GC_CONCURRENT freed 335K, 11% free 10458K/11719K, paused 2ms+2ms
07-05 12:16:49.814   545   548 D dalvikvm: GC_CONCURRENT freed 240K, 9% free 10691K/11719K, paused 1ms+3ms
07-05 12:16:49.931   545   548 D dalvikvm: GC_CONCURRENT freed 689K, 11% free 10465K/11719K, paused 2ms+2ms
07-05 12:16:50.138   545   548 D dalvikvm: GC_CONCURRENT freed 454K, 12% free 10406K/11719K, paused 2ms+2ms
07-05 12:16:50.310   545   548 D dalvikvm: GC_CONCURRENT freed 413K, 12% free 10388K/11719K, paused 1ms+2ms
07-05 12:16:50.388   545 16550 I DownloadManager: Initiating request for download 1926
07-05 12:16:50.478   545   548 D dalvikvm: GC_CONCURRENT freed 228K, 10% free 10621K/11719K, paused 2ms+3ms
07-05 12:16:50.572   545   548 D dalvikvm: GC_CONCURRENT freed 299K, 9% free 10774K/11719K, paused 1ms+3ms
07-05 12:16:50.740  1370 16552 E DictionaryProvider:UpdateHandler: Can't read a file : android.util.MalformedJsonException: Use JsonReader.setLenient(true) to accept malformed JSON at line 1 column 20
07-05 12:16:50.822   545   548 D dalvikvm: GC_CONCURRENT freed 816K, 12% free 10423K/11719K, paused 1ms+2ms
07-05 12:16:51.006   545   548 D dalvikvm: GC_CONCURRENT freed 415K, 12% free 10406K/11719K, paused 2ms+2ms
07-05 12:16:51.107   545 16555 I DownloadManager: Initiating request for download 1926
07-05 12:16:51.189   545   548 D dalvikvm: GC_CONCURRENT freed 309K, 11% free 10536K/11719K, paused 2ms+3ms
07-05 12:16:51.295   545   548 D dalvikvm: GC_CONCURRENT freed 287K, 8% free 10801K/11719K, paused 2ms+3ms
07-05 12:16:51.486   545   548 D dalvikvm: GC_CONCURRENT freed 832K, 11% free 10458K/11719K, paused 2ms+3ms
07-05 12:16:51.685   545   548 D dalvikvm: GC_CONCURRENT freed 450K, 12% free 10403K/11719K, paused 2ms+2ms
07-05 12:16:51.849   545 16558 I DownloadManager: Initiating request for download 1927
07-05 12:16:51.896   545   548 D dalvikvm: GC_CONCURRENT freed 355K, 11% free 10461K/11719K, paused 2ms+2ms
07-05 12:16:52.002   545   548 D dalvikvm: GC_CONCURRENT freed 230K, 9% free 10693K/11719K, paused 2ms+3ms
07-05 12:16:52.123   545   548 D dalvikvm: GC_CONCURRENT freed 475K, 9% free 10683K/11719K, paused 2ms+3ms
07-05 12:16:52.263  1370 16560 E DictionaryProvider:UpdateHandler: Can't read a file : android.util.MalformedJsonException: Use JsonReader.setLenient(true) to accept malformed JSON at line 1 column 20
07-05 12:16:52.330  1370  1372 D dalvikvm: GC_CONCURRENT freed 415K, 7% free 9125K/9735K, paused 1ms+6ms
07-05 12:16:52.404   545   548 D dalvikvm: GC_CONCURRENT freed 704K, 12% free 10416K/11719K, paused 2ms+3ms
07-05 12:16:52.592   545   548 D dalvikvm: GC_CONCURRENT freed 419K, 12% free 10392K/11719K, paused 2ms+3ms
07-05 12:16:52.646   545 16563 I DownloadManager: Initiating request for download 1927
07-05 12:16:52.740   545   548 D dalvikvm: GC_CONCURRENT freed 215K, 10% free 10620K/11719K, paused 2ms+3ms
07-05 12:16:52.849   545   548 D dalvikvm: GC_CONCURRENT freed 302K, 9% free 10779K/11719K, paused 2ms+3ms
07-05 12:16:53.064   545   548 D dalvikvm: GC_CONCURRENT freed 823K, 12% free 10417K/11719K, paused 2ms+2ms
07-05 12:16:53.244   545   548 D dalvikvm: GC_CONCURRENT freed 414K, 12% free 10398K/11719K, paused 1ms+2ms
07-05 12:16:53.377   545 16566 I DownloadManager: Initiating request for download 1928
07-05 12:16:53.447   545   548 D dalvikvm: GC_CONCURRENT freed 298K, 11% free 10545K/11719K, paused 2ms+3ms
07-05 12:16:53.549   545   548 D dalvikvm: GC_CONCURRENT freed 290K, 9% free 10728K/11719K, paused 1ms+3ms
07-05 12:16:53.705   545   548 D dalvikvm: GC_CONCURRENT freed 728K, 11% free 10459K/11719K, paused 2ms+3ms
07-05 12:16:53.771  1370 16568 E DictionaryProvider:UpdateHandler: Can't read a file : android.util.MalformedJsonException: Use JsonReader.setLenient(true) to accept malformed JSON at line 1 column 20
07-05 12:16:53.939   545   548 D dalvikvm: GC_CONCURRENT freed 438K, 12% free 10417K/11719K, paused 2ms+2ms
07-05 12:16:54.123   545   548 D dalvikvm: GC_CONCURRENT freed 419K, 12% free 10393K/11719K, paused 1ms+2ms
07-05 12:16:54.166   545 16571 I DownloadManager: Initiating request for download 1928
07-05 12:16:54.260   545   548 D dalvikvm: GC_CONCURRENT freed 206K, 10% free 10646K/11719K, paused 1ms+3ms
07-05 12:16:54.353   545   548 D dalvikvm: GC_CONCURRENT freed 402K, 9% free 10688K/11719K, paused 2ms+2ms
07-05 12:16:54.463   156   576 D dalvikvm: GC_EXPLICIT freed 485K, 11% free 14193K/15879K, paused 3ms+6ms
07-05 12:16:54.635   545   548 D dalvikvm: GC_CONCURRENT freed 708K, 12% free 10419K/11719K, paused 2ms+2ms
07-05 12:16:54.818   545   548 D dalvikvm: GC_CONCURRENT freed 421K, 12% free 10385K/11719K, paused 2ms+3ms
07-05 12:16:54.959   545 16574 I DownloadManager: Initiating request for download 1929
07-05 12:16:55.049   545   548 D dalvikvm: GC_CONCURRENT freed 299K, 10% free 10562K/11719K, paused 2ms+3ms
07-05 12:16:55.146   545   548 D dalvikvm: GC_CONCURRENT freed 310K, 9% free 10739K/11719K, paused 1ms+3ms
07-05 12:16:55.318   545   548 D dalvikvm: GC_CONCURRENT freed 784K, 12% free 10412K/11719K, paused 2ms+2ms
07-05 12:16:55.369  1370 16576 E DictionaryProvider:UpdateHandler: Can't read a file : android.util.MalformedJsonException: Use JsonReader.setLenient(true) to accept malformed JSON at line 1 column 20
07-05 12:16:55.529   545   548 D dalvikvm: GC_CONCURRENT freed 399K, 12% free 10408K/11719K, paused 2ms+2ms
07-05 12:16:55.697   545   548 D dalvikvm: GC_CONCURRENT freed 409K, 12% free 10384K/11719K, paused 2ms+2ms
07-05 12:16:55.720   545 16578 I DownloadManager: Initiating request for download 1929
07-05 12:16:55.791   545   548 D dalvikvm: GC_CONCURRENT freed 188K, 10% free 10656K/11719K, paused 2ms+3ms
07-05 12:16:55.873   545   548 D dalvikvm: GC_CONCURRENT freed 411K, 9% free 10678K/11719K, paused 2ms+3ms
07-05 12:16:57.396   545   548 D dalvikvm: GC_CONCURRENT freed 707K, 12% free 10407K/11719K, paused 2ms+2ms
07-05 12:16:57.576   545   548 D dalvikvm: GC_CONCURRENT freed 415K, 12% free 10387K/11719K, paused 2ms+3ms
07-05 12:16:57.713   545 16582 I DownloadManager: Initiating request for download 1930
07-05 12:16:57.795   545   548 D dalvikvm: GC_CONCURRENT freed 275K, 10% free 10570K/11719K, paused 2ms+2ms
07-05 12:16:57.888   545   548 D dalvikvm: GC_CONCURRENT freed 294K, 9% free 10740K/11719K, paused 2ms+3ms
07-05 12:16:58.068   545   548 D dalvikvm: GC_CONCURRENT freed 756K, 11% free 10449K/11719K, paused 2ms+3ms
07-05 12:16:58.146  1370 16584 E DictionaryProvider:UpdateHandler: Can't read a file : android.util.MalformedJsonException: Use JsonReader.setLenient(true) to accept malformed JSON at line 1 column 20
07-05 12:16:58.287   545   548 D dalvikvm: GC_CONCURRENT freed 437K, 12% free 10407K/11719K, paused 2ms+2ms
07-05 12:16:58.459   545   548 D dalvikvm: GC_CONCURRENT freed 414K, 12% free 10383K/11719K, paused 2ms+2ms
07-05 12:16:58.482   545 16587 I DownloadManager: Initiating request for download 1930
07-05 12:16:58.580   545   548 D dalvikvm: GC_CONCURRENT freed 186K, 10% free 10657K/11719K, paused 2ms+3ms
07-05 12:16:58.689   545   548 D dalvikvm: GC_CONCURRENT freed 416K, 9% free 10682K/11719K, paused 2ms+2ms
07-05 12:16:58.892   545   548 D dalvikvm: GC_CONCURRENT freed 703K, 12% free 10409K/11719K, paused 2ms+2ms
07-05 12:16:59.076   545   548 D dalvikvm: GC_CONCURRENT freed 415K, 12% free 10389K/11719K, paused 2ms+2ms
07-05 12:16:59.220   545 16590 I DownloadManager: Initiating request for download 1931
07-05 12:16:59.314   545   548 D dalvikvm: GC_CONCURRENT freed 273K, 10% free 10574K/11719K, paused 2ms+3ms
07-05 12:16:59.416   545   548 D dalvikvm: GC_CONCURRENT freed 308K, 9% free 10747K/11719K, paused 2ms+3ms
07-05 12:16:59.592   545   548 D dalvikvm: GC_CONCURRENT freed 760K, 11% free 10449K/11719K, paused 2ms+2ms
07-05 12:16:59.638  1370 16592 E DictionaryProvider:UpdateHandler: Can't read a file : android.util.MalformedJsonException: Use JsonReader.setLenient(true) to accept malformed JSON at line 1 column 20
07-05 12:16:59.709  1370  1372 D dalvikvm: GC_CONCURRENT freed 391K, 7% free 9126K/9735K, paused 2ms+2ms
07-05 12:16:59.842   545   548 D dalvikvm: GC_CONCURRENT freed 436K, 12% free 10408K/11719K, paused 1ms+2ms
07-05 12:17:00.056   545   548 D dalvikvm: GC_CONCURRENT freed 417K, 12% free 10409K/11719K, paused 2ms+3ms
07-05 12:17:00.056   545 16595 I DownloadManager: Initiating request for download 1931
07-05 12:17:00.170   545   548 D dalvikvm: GC_CONCURRENT freed 200K, 9% free 10668K/11719K, paused 2ms+3ms
07-05 12:17:00.287   545   548 D dalvikvm: GC_CONCURRENT freed 442K, 9% free 10681K/11719K, paused 2ms+2ms
07-05 12:17:00.506   545   548 D dalvikvm: GC_CONCURRENT freed 710K, 12% free 10408K/11719K, paused 1ms+3ms
07-05 12:17:00.685   545   548 D dalvikvm: GC_CONCURRENT freed 407K, 12% free 10390K/11719K, paused 2ms+2ms
07-05 12:17:00.791   545 16598 I DownloadManager: Initiating request for download 1932
07-05 12:17:00.888   545   548 D dalvikvm: GC_CONCURRENT freed 241K, 10% free 10593K/11719K, paused 2ms+3ms
07-05 12:17:00.986   545   548 D dalvikvm: GC_CONCURRENT freed 309K, 9% free 10752K/11719K, paused 1ms+4ms
07-05 12:17:01.170   545   548 D dalvikvm: GC_CONCURRENT freed 796K, 12% free 10419K/11719K, paused 3ms+3ms
07-05 12:17:01.213  1370 16600 E DictionaryProvider:UpdateHandler: Can't read a file : android.util.MalformedJsonException: Use JsonReader.setLenient(true) to accept malformed JSON at line 1 column 20
07-05 12:17:01.404   545   548 D dalvikvm: GC_CONCURRENT freed 409K, 12% free 10405K/11719K, paused 2ms+2ms
07-05 12:17:01.545   545 16603 I DownloadManager: Initiating request for download 1932
07-05 12:17:01.588   545   548 D dalvikvm: GC_CONCURRENT freed 389K, 11% free 10435K/11719K, paused 2ms+3ms
07-05 12:17:01.701   545   548 D dalvikvm: GC_CONCURRENT freed 212K, 9% free 10683K/11719K, paused 2ms+3ms
07-05 12:17:01.810   545   548 D dalvikvm: GC_CONCURRENT freed 458K, 9% free 10685K/11719K, paused 2ms+3ms
07-05 12:17:02.037   545   548 D dalvikvm: GC_CONCURRENT freed 713K, 12% free 10419K/11719K, paused 2ms+3ms
07-05 12:17:02.217   545   548 D dalvikvm: GC_CONCURRENT freed 423K, 12% free 10392K/11719K, paused 1ms+2ms
07-05 12:17:02.295   545 16606 I DownloadManager: Initiating request for download 1933
07-05 12:17:02.392   545   548 D dalvikvm: GC_CONCURRENT freed 231K, 10% free 10618K/11719K, paused 2ms+3ms
07-05 12:17:02.494   545   548 D dalvikvm: GC_CONCURRENT freed 312K, 8% free 10783K/11719K, paused 1ms+3ms
07-05 12:17:02.697  1370 16608 E DictionaryProvider:UpdateHandler: Can't read a file : android.util.MalformedJsonException: Use JsonReader.setLenient(true) to accept malformed JSON at line 1 column 20
07-05 12:17:02.724   545   548 D dalvikvm: GC_CONCURRENT freed 833K, 11% free 10434K/11719K, paused 2ms+3ms
07-05 12:17:02.920   545   548 D dalvikvm: GC_CONCURRENT freed 426K, 12% free 10399K/11719K, paused 2ms+2ms
07-05 12:17:03.025   545 16611 I DownloadManager: Initiating request for download 1933
07-05 12:17:03.103   545   548 D dalvikvm: GC_CONCURRENT freed 302K, 10% free 10558K/11719K, paused 2ms+3ms
07-05 12:17:03.213   545   548 D dalvikvm: GC_CONCURRENT freed 288K, 9% free 10730K/11719K, paused 1ms+2ms
07-05 12:17:03.361   545   548 D dalvikvm: GC_CONCURRENT freed 724K, 11% free 10469K/11719K, paused 2ms+3ms
07-05 12:17:03.564   545   548 D dalvikvm: GC_CONCURRENT freed 453K, 12% free 10411K/11719K, paused 2ms+2ms
07-05 12:17:03.748   545   548 D dalvikvm: GC_CONCURRENT freed 414K, 12% free 10392K/11719K, paused 2ms+2ms
07-05 12:17:03.838   545 16614 I DownloadManager: Initiating request for download 1934
07-05 12:17:03.939   545   548 D dalvikvm: GC_CONCURRENT freed 200K, 10% free 10651K/11719K, paused 2ms+3ms
07-05 12:17:04.045   545   548 D dalvikvm: GC_CONCURRENT freed 407K, 9% free 10691K/11719K, paused 1ms+3ms
07-05 12:17:04.256  1370 16616 E DictionaryProvider:UpdateHandler: Can't read a file : android.util.MalformedJsonException: Use JsonReader.setLenient(true) to accept malformed JSON at line 1 column 20
07-05 12:17:04.263   545   548 D dalvikvm: GC_CONCURRENT freed 711K, 11% free 10435K/11719K, paused 2ms+3ms
07-05 12:17:04.470   545   548 D dalvikvm: GC_CONCURRENT freed 424K, 12% free 10407K/11719K, paused 1ms+2ms
07-05 12:17:04.572   545 16619 I DownloadManager: Initiating request for download 1934
07-05 12:17:04.646   545   548 D dalvikvm: GC_CONCURRENT freed 293K, 10% free 10572K/11719K, paused 1ms+2ms
07-05 12:17:04.748   545   548 D dalvikvm: GC_CONCURRENT freed 318K, 9% free 10755K/11719K, paused 2ms+3ms
07-05 12:17:04.920   545   548 D dalvikvm: GC_CONCURRENT freed 755K, 11% free 10467K/11719K, paused 1ms+2ms
07-05 12:17:05.119   545   548 D dalvikvm: GC_CONCURRENT freed 441K, 12% free 10414K/11719K, paused 2ms+2ms
07-05 12:17:05.361   545   548 D dalvikvm: GC_CONCURRENT freed 416K, 12% free 10420K/11719K, paused 1ms+6ms
07-05 12:17:05.365   545 16622 I DownloadManager: Initiating request for download 1935
07-05 12:17:05.517   545   548 D dalvikvm: GC_CONCURRENT freed 200K, 9% free 10680K/11719K, paused 2ms+3ms
07-05 12:17:05.635   545   548 D dalvikvm: GC_CONCURRENT freed 445K, 9% free 10692K/11719K, paused 2ms+2ms
07-05 12:17:05.783  1370 16624 E DictionaryProvider:UpdateHandler: Can't read a file : android.util.MalformedJsonException: Use JsonReader.setLenient(true) to accept malformed JSON at line 1 column 20
07-05 12:17:05.845  1370  1372 D dalvikvm: GC_CONCURRENT freed 387K, 7% free 9126K/9735K, paused 1ms+2ms
07-05 12:17:05.892   545   548 D dalvikvm: GC_CONCURRENT freed 707K, 12% free 10426K/11719K, paused 2ms+3ms
07-05 12:17:06.072   545   548 D dalvikvm: GC_CONCURRENT freed 418K, 12% free 10402K/11719K, paused 2ms+2ms
07-05 12:17:06.158   545 16627 I DownloadManager: Initiating request for download 1935
07-05 12:17:06.256   545   548 D dalvikvm: GC_CONCURRENT freed 259K, 10% free 10602K/11719K, paused 1ms+2ms
07-05 12:17:06.357   545   548 D dalvikvm: GC_CONCURRENT freed 328K, 8% free 10846K/11719K, paused 2ms+3ms
07-05 12:17:06.580   545   548 D dalvikvm: GC_CONCURRENT freed 908K, 11% free 10431K/11719K, paused 1ms+2ms
07-05 12:17:06.763   545   548 D dalvikvm: GC_CONCURRENT freed 423K, 12% free 10402K/11719K, paused 1ms+2ms
07-05 12:17:06.873   545 16630 I DownloadManager: Initiating request for download 1936
07-05 12:17:06.959   545   548 D dalvikvm: GC_CONCURRENT freed 251K, 10% free 10585K/11719K, paused 2ms+3ms
07-05 12:17:07.053   545   548 D dalvikvm: GC_CONCURRENT freed 329K, 9% free 10776K/11719K, paused 2ms+3ms
07-05 12:17:07.240   545   548 D dalvikvm: GC_CONCURRENT freed 815K, 11% free 10431K/11719K, paused 2ms+2ms
07-05 12:17:07.295  1370 16632 E DictionaryProvider:UpdateHandler: Can't read a file : android.util.MalformedJsonException: Use JsonReader.setLenient(true) to accept malformed JSON at line 1 column 20
07-05 12:17:07.474   545   548 D dalvikvm: GC_CONCURRENT freed 405K, 12% free 10421K/11719K, paused 2ms+2ms
07-05 12:17:07.646   545   548 D dalvikvm: GC_CONCURRENT freed 390K, 11% free 10439K/11719K, paused 2ms+2ms
07-05 12:17:07.646   545 16635 I DownloadManager: Initiating request for download 1936
07-05 12:17:07.763   545   548 D dalvikvm: GC_CONCURRENT freed 208K, 9% free 10690K/11719K, paused 1ms+2ms
07-05 12:17:07.881   545   548 D dalvikvm: GC_CONCURRENT freed 448K, 9% free 10698K/11719K, paused 2ms+3ms
07-05 12:17:08.103   545   548 D dalvikvm: GC_CONCURRENT freed 717K, 12% free 10423K/11719K, paused 2ms+2ms
07-05 12:17:08.287   545   548 D dalvikvm: GC_CONCURRENT freed 414K, 12% free 10403K/11719K, paused 2ms+2ms
07-05 12:17:08.486   156   514 D dalvikvm: GC_EXPLICIT freed 514K, 11% free 14192K/15879K, paused 3ms+5ms
07-05 12:17:08.490   545 16638 I DownloadManager: Initiating request for download 1937
07-05 12:17:08.576   545   548 D dalvikvm: GC_CONCURRENT freed 244K, 10% free 10618K/11719K, paused 2ms+3ms
07-05 12:17:08.678   545   548 D dalvikvm: GC_CONCURRENT freed 345K, 9% free 10768K/11719K, paused 2ms+3ms
07-05 12:17:08.873  1370 16640 E DictionaryProvider:UpdateHandler: Can't read a file : android.util.MalformedJsonException: Use JsonReader.setLenient(true) to accept malformed JSON at line 1 column 20
07-05 12:17:08.900   545   548 D dalvikvm: GC_CONCURRENT freed 818K, 11% free 10430K/11719K, paused 1ms+2ms
07-05 12:17:09.095   545   548 D dalvikvm: GC_CONCURRENT freed 429K, 12% free 10397K/11719K, paused 2ms+2ms
07-05 12:17:09.213   545 16643 I DownloadManager: Initiating request for download 1937
07-05 12:17:09.271   545   548 D dalvikvm: GC_CONCURRENT freed 323K, 11% free 10462K/11719K, paused 2ms+2ms
07-05 12:17:09.369   545   548 D dalvikvm: GC_CONCURRENT freed 227K, 9% free 10695K/11719K, paused 2ms+3ms
07-05 12:17:09.490   545   548 D dalvikvm: GC_CONCURRENT freed 470K, 9% free 10685K/11719K, paused 2ms+2ms
07-05 12:17:09.713   545   548 D dalvikvm: GC_CONCURRENT freed 714K, 12% free 10408K/11719K, paused 2ms+2ms
07-05 12:17:09.892   545   548 D dalvikvm: GC_CONCURRENT freed 412K, 12% free 10390K/11719K, paused 2ms+2ms
07-05 12:17:09.974   545 16646 I DownloadManager: Initiating request for download 1938
07-05 12:17:10.068   545   548 D dalvikvm: GC_CONCURRENT freed 228K, 10% free 10621K/11719K, paused 2ms+2ms
07-05 12:17:10.166   545   548 D dalvikvm: GC_CONCURRENT freed 316K, 8% free 10784K/11719K, paused 2ms+3ms
07-05 12:17:10.357  1370 16648 E DictionaryProvider:UpdateHandler: Can't read a file : android.util.MalformedJsonException: Use JsonReader.setLenient(true) to accept malformed JSON at line 1 column 20
07-05 12:17:10.408   545   548 D dalvikvm: GC_CONCURRENT freed 828K, 11% free 10437K/11719K, paused 2ms+3ms
07-05 12:17:10.592   545   548 D dalvikvm: GC_CONCURRENT freed 433K, 12% free 10399K/11719K, paused 1ms+2ms
07-05 12:17:10.771   545 16651 D dalvikvm: GC_EXPLICIT freed 274K, 11% free 10444K/11719K, paused 2ms+9ms
07-05 12:17:10.775   545 16651 I DownloadManager: Initiating request for download 1938
07-05 12:17:10.885   545   548 D dalvikvm: GC_CONCURRENT freed 221K, 9% free 10686K/11719K, paused 2ms+3ms
07-05 12:17:11.017   545   548 D dalvikvm: GC_CONCURRENT freed 446K, 9% free 10696K/11719K, paused 2ms+3ms
07-05 12:17:11.232   545   548 D dalvikvm: GC_CONCURRENT freed 723K, 12% free 10413K/11719K, paused 1ms+2ms
07-05 12:17:11.416   545   548 D dalvikvm: GC_CONCURRENT freed 415K, 12% free 10394K/11719K, paused 2ms+2ms
07-05 12:17:11.521   545 16654 I DownloadManager: Initiating request for download 1939
07-05 12:17:11.607   545   548 D dalvikvm: GC_CONCURRENT freed 233K, 10% free 10601K/11719K, paused 2ms+2ms
07-05 12:17:11.709   545   548 D dalvikvm: GC_CONCURRENT freed 312K, 9% free 10776K/11719K, paused 1ms+2ms
07-05 12:17:11.908   545   548 D dalvikvm: GC_CONCURRENT freed 822K, 12% free 10423K/11719K, paused 1ms+3ms
07-05 12:17:12.088   545   548 D dalvikvm: GC_CONCURRENT freed 413K, 12% free 10406K/11719K, paused 2ms+2ms
07-05 12:17:13.779  1370 16656 E DictionaryProvider:UpdateHandler: Can't read a file : android.util.MalformedJsonException: Use JsonReader.setLenient(true) to accept malformed JSON at line 1 column 20
07-05 12:17:13.834   545   548 D dalvikvm: GC_CONCURRENT freed 350K, 11% free 10440K/11719K, paused 1ms+3ms
07-05 12:17:13.877  1370  1372 D dalvikvm: GC_CONCURRENT freed 387K, 7% free 9127K/9735K, paused 1ms+2ms
07-05 12:17:14.115   545   548 D dalvikvm: GC_CONCURRENT freed 422K, 12% free 10413K/11719K, paused 2ms+2ms
07-05 12:17:14.303   545   548 D dalvikvm: GC_CONCURRENT freed 410K, 12% free 10399K/11719K, paused 2ms+2ms
07-05 12:17:14.435   545 16659 I DownloadManager: Initiating request for download 1940
07-05 12:17:14.517   545   548 D dalvikvm: GC_CONCURRENT freed 267K, 10% free 10577K/11719K, paused 2ms+3ms
07-05 12:17:14.619   545   548 D dalvikvm: GC_CONCURRENT freed 307K, 9% free 10748K/11719K, paused 2ms+3ms
07-05 12:17:14.779   545   548 D dalvikvm: GC_CONCURRENT freed 748K, 11% free 10458K/11719K, paused 2ms+2ms
07-05 12:17:14.877  1370 16661 E DictionaryProvider:UpdateHandler: Can't read a file : android.util.MalformedJsonException: Use JsonReader.setLenient(true) to accept malformed JSON at line 1 column 20
07-05 12:17:15.006   545   548 D dalvikvm: GC_CONCURRENT freed 429K, 12% free 10419K/11719K, paused 2ms+2ms
07-05 12:17:15.178   545   548 D dalvikvm: GC_CONCURRENT freed 409K, 12% free 10397K/11719K, paused 2ms+2ms
07-05 12:17:15.213   545 16664 I DownloadManager: Initiating request for download 1940
07-05 12:17:15.306   545   548 D dalvikvm: GC_CONCURRENT freed 202K, 10% free 10652K/11719K, paused 2ms+3ms
07-05 12:17:15.412   545   548 D dalvikvm: GC_CONCURRENT freed 406K, 9% free 10695K/11719K, paused 2ms+3ms
07-05 12:17:15.619   545   548 D dalvikvm: GC_CONCURRENT freed 715K, 12% free 10422K/11719K, paused 2ms+2ms
07-05 12:17:15.803   545   548 D dalvikvm: GC_CONCURRENT freed 415K, 12% free 10402K/11719K, paused 1ms+2ms
07-05 12:17:15.943   545 16667 I DownloadManager: Initiating request for download 1941
07-05 12:17:16.021   545   548 D dalvikvm: GC_CONCURRENT freed 288K, 10% free 10557K/11719K, paused 2ms+3ms
07-05 12:17:16.123   545   548 D dalvikvm: GC_CONCURRENT freed 295K, 9% free 10737K/11719K, paused 2ms+3ms
07-05 12:17:16.267   545   548 D dalvikvm: GC_CONCURRENT freed 729K, 11% free 10464K/11719K, paused 2ms+3ms
07-05 12:17:16.369  1370 16669 E DictionaryProvider:UpdateHandler: Can't read a file : android.util.MalformedJsonException: Use JsonReader.setLenient(true) to accept malformed JSON at line 1 column 20
07-05 12:17:16.502   545   548 D dalvikvm: GC_CONCURRENT freed 435K, 12% free 10424K/11719K, paused 2ms+3ms
07-05 12:17:16.685   545   548 D dalvikvm: GC_CONCURRENT freed 421K, 12% free 10398K/11719K, paused 1ms+2ms
07-05 12:17:16.732   545 16672 I DownloadManager: Initiating request for download 1941
07-05 12:17:16.818   545   548 D dalvikvm: GC_CONCURRENT freed 198K, 10% free 10634K/11719K, paused 2ms+2ms
07-05 12:17:16.920   545   548 D dalvikvm: GC_CONCURRENT freed 302K, 8% free 10797K/11719K, paused 2ms+3ms
07-05 12:17:17.154   545   548 D dalvikvm: GC_CONCURRENT freed 849K, 12% free 10423K/11719K, paused 2ms+2ms
07-05 12:17:17.338   545   548 D dalvikvm: GC_CONCURRENT freed 412K, 12% free 10406K/11719K, paused 2ms+2ms
07-05 12:17:17.467   545 16675 I DownloadManager: Initiating request for download 1942
07-05 12:17:17.545   545   548 D dalvikvm: GC_CONCURRENT freed 299K, 10% free 10551K/11719K, paused 2ms+3ms
07-05 12:17:17.642   545   548 D dalvikvm: GC_CONCURRENT freed 288K, 9% free 10737K/11719K, paused 1ms+3ms
07-05 12:17:17.791   545   548 D dalvikvm: GC_CONCURRENT freed 730K, 11% free 10468K/11719K, paused 1ms+2ms
07-05 12:17:17.869  1370 16677 E DictionaryProvider:UpdateHandler: Can't read a file : android.util.MalformedJsonException: Use JsonReader.setLenient(true) to accept malformed JSON at line 1 column 20
07-05 12:17:17.955   465   467 D dalvikvm: GC_CONCURRENT freed 418K, 5% free 10537K/11079K, paused 2ms+2ms
07-05 12:17:18.053   545   548 D dalvikvm: GC_CONCURRENT freed 438K, 12% free 10426K/11719K, paused 2ms+3ms
07-05 12:17:18.232   545   548 D dalvikvm: GC_CONCURRENT freed 419K, 12% free 10402K/11719K, paused 1ms+2ms
07-05 12:17:18.291   545 16680 I DownloadManager: Initiating request for download 1942
07-05 12:17:18.377   545   548 D dalvikvm: GC_CONCURRENT freed 215K, 10% free 10641K/11719K, paused 2ms+3ms
07-05 12:17:18.474   545   548 D dalvikvm: GC_CONCURRENT freed 312K, 8% free 10799K/11719K, paused 2ms+2ms
07-05 12:17:18.705   545   548 D dalvikvm: GC_CONCURRENT freed 863K, 12% free 10429K/11719K, paused 2ms+2ms
07-05 12:17:18.885   545   548 D dalvikvm: GC_CONCURRENT freed 407K, 12% free 10409K/11719K, paused 1ms+2ms
07-05 12:17:19.006   545 16683 I DownloadManager: Initiating request for download 1943
07-05 12:17:19.080   545   548 D dalvikvm: GC_CONCURRENT freed 283K, 10% free 10584K/11719K, paused 2ms+3ms
07-05 12:17:19.181   545   548 D dalvikvm: GC_CONCURRENT freed 299K, 9% free 10752K/11719K, paused 2ms+2ms
07-05 12:17:19.338   545   548 D dalvikvm: GC_CONCURRENT freed 748K, 11% free 10468K/11719K, paused 2ms+3ms
07-05 12:17:19.424  1370 16685 E DictionaryProvider:UpdateHandler: Can't read a file : android.util.MalformedJsonException: Use JsonReader.setLenient(true) to accept malformed JSON at line 1 column 20
07-05 12:17:19.529  1370  1372 D dalvikvm: GC_CONCURRENT freed 386K, 7% free 9125K/9735K, paused 1ms+2ms
07-05 12:17:19.615   545   548 D dalvikvm: GC_CONCURRENT freed 435K, 12% free 10428K/11719K, paused 2ms+2ms
07-05 12:17:19.787   545   548 D dalvikvm: GC_CONCURRENT freed 421K, 12% free 10402K/11719K, paused 2ms+2ms
07-05 12:17:19.830   545 16688 I DownloadManager: Initiating request for download 1943
07-05 12:17:19.935   545   548 D dalvikvm: GC_CONCURRENT freed 206K, 9% free 10733K/11719K, paused 2ms+3ms
07-05 12:17:20.049   545   548 D dalvikvm: GC_CONCURRENT freed 504K, 9% free 10711K/11719K, paused 2ms+2ms
07-05 12:17:20.267   545   548 D dalvikvm: GC_CONCURRENT freed 733K, 12% free 10424K/11719K, paused 2ms+2ms
07-05 12:17:20.451   545   548 D dalvikvm: GC_CONCURRENT freed 408K, 12% free 10406K/11719K, paused 2ms+3ms
07-05 12:17:20.560   545 16691 I DownloadManager: Initiating request for download 1944
07-05 12:17:20.642   545   548 D dalvikvm: GC_CONCURRENT freed 250K, 10% free 10616K/11719K, paused 1ms+2ms
07-05 12:17:20.748   545   548 D dalvikvm: GC_CONCURRENT freed 323K, 8% free 10793K/11719K, paused 1ms+3ms
07-05 12:17:20.943  1370 16693 E DictionaryProvider:UpdateHandler: Can't read a file : android.util.MalformedJsonException: Use JsonReader.setLenient(true) to accept malformed JSON at line 1 column 20
07-05 12:17:20.970   545   548 D dalvikvm: GC_CONCURRENT freed 842K, 11% free 10446K/11719K, paused 2ms+3ms
07-05 12:17:21.162   545   548 D dalvikvm: GC_CONCURRENT freed 417K, 12% free 10416K/11719K, paused 2ms+2ms
07-05 12:17:21.287   545 16696 I DownloadManager: Initiating request for download 1944
07-05 12:17:21.334   545   548 D dalvikvm: GC_CONCURRENT freed 345K, 11% free 10480K/11719K, paused 2ms+3ms
07-05 12:17:21.439   545   548 D dalvikvm: GC_CONCURRENT freed 227K, 9% free 10714K/11719K, paused 2ms+3ms
07-05 12:17:21.564   545   548 D dalvikvm: GC_CONCURRENT freed 698K, 11% free 10476K/11719K, paused 2ms+3ms
07-05 12:17:21.783   545   548 D dalvikvm: GC_CONCURRENT freed 441K, 12% free 10430K/11719K, paused 1ms+3ms
07-05 12:17:21.963   545   548 D dalvikvm: GC_CONCURRENT freed 414K, 12% free 10410K/11719K, paused 2ms+2ms
07-05 12:17:22.072   545 16699 I DownloadManager: Initiating request for download 1945
07-05 12:17:22.158   545   548 D dalvikvm: GC_CONCURRENT freed 239K, 10% free 10611K/11719K, paused 2ms+2ms
07-05 12:17:22.260   545   548 D dalvikvm: GC_CONCURRENT freed 316K, 8% free 10788K/11719K, paused 2ms+3ms
07-05 12:17:22.470   545   548 D dalvikvm: GC_CONCURRENT freed 818K, 11% free 10449K/11719K, paused 1ms+2ms
07-05 12:17:22.498  1370 16701 D dalvikvm: GC_EXPLICIT freed 164K, 7% free 9100K/9735K, paused 2ms+2ms
07-05 12:17:22.506  1370 16701 E DictionaryProvider:UpdateHandler: Can't read a file : android.util.MalformedJsonException: Use JsonReader.setLenient(true) to accept malformed JSON at line 1 column 20
07-05 12:17:22.701   545   548 D dalvikvm: GC_CONCURRENT freed 419K, 12% free 10424K/11719K, paused 2ms+2ms
07-05 12:17:22.873   545 16704 I DownloadManager: Initiating request for download 1945
07-05 12:17:22.881   545   548 D dalvikvm: GC_CONCURRENT freed 378K, 11% free 10449K/11719K, paused 2ms+3ms
07-05 12:17:22.994   545   548 D dalvikvm: GC_CONCURRENT freed 210K, 9% free 10704K/11719K, paused 2ms+3ms
07-05 12:17:23.119   545   548 D dalvikvm: GC_CONCURRENT freed 443K, 9% free 10732K/11719K, paused 2ms+2ms
07-05 12:17:23.283   156   168 D dalvikvm: GC_EXPLICIT freed 486K, 11% free 14191K/15879K, paused 2ms+5ms
07-05 12:17:23.412   545   548 D dalvikvm: GC_CONCURRENT freed 754K, 11% free 10431K/11719K, paused 1ms+3ms
07-05 12:17:23.592   545   548 D dalvikvm: GC_CONCURRENT freed 429K, 12% free 10397K/11719K, paused 1ms+3ms
07-05 12:17:23.685   545 16707 I DownloadManager: Initiating request for download 1946
07-05 12:17:23.779   545   548 D dalvikvm: GC_CONCURRENT freed 235K, 10% free 10619K/11719K, paused 2ms+3ms
07-05 12:17:23.877   545   548 D dalvikvm: GC_CONCURRENT freed 318K, 8% free 10789K/11719K, paused 2ms+2ms
07-05 12:17:24.076   545   548 D dalvikvm: GC_CONCURRENT freed 835K, 12% free 10426K/11719K, paused 2ms+2ms
07-05 12:17:24.283  1370 16709 E DictionaryProvider:UpdateHandler: Can't read a file : android.util.MalformedJsonException: Use JsonReader.setLenient(true) to accept malformed JSON at line 1 column 20
07-05 12:17:24.287   545   548 D dalvikvm: GC_CONCURRENT freed 425K, 12% free 10416K/11719K, paused 2ms+2ms
07-05 12:17:24.424   545 16711 I DownloadManager: Initiating request for download 1946
07-05 12:17:24.494   545   548 D dalvikvm: GC_CONCURRENT freed 336K, 11% free 10489K/11719K, paused 2ms+2ms
07-05 12:17:24.592   545   548 D dalvikvm: GC_CONCURRENT freed 238K, 9% free 10710K/11719K, paused 1ms+2ms
07-05 12:17:24.717   545   548 D dalvikvm: GC_CONCURRENT freed 485K, 9% free 10700K/11719K, paused 2ms+2ms
07-05 12:17:24.955   545   548 D dalvikvm: GC_CONCURRENT freed 721K, 12% free 10418K/11719K, paused 2ms+2ms
07-05 12:17:25.138   545   548 D dalvikvm: GC_CONCURRENT freed 414K, 12% free 10398K/11719K, paused 1ms+2ms
07-05 12:17:25.224   545 16715 I DownloadManager: Initiating request for download 1947
07-05 12:17:25.318   545   548 D dalvikvm: GC_CONCURRENT freed 219K, 10% free 10637K/11719K, paused 2ms+2ms
07-05 12:17:25.420   545   548 D dalvikvm: GC_CONCURRENT freed 306K, 8% free 10801K/11719K, paused 1ms+3ms
07-05 12:17:25.619  1370 16717 E DictionaryProvider:UpdateHandler: Can't read a file : android.util.MalformedJsonException: Use JsonReader.setLenient(true) to accept malformed JSON at line 1 column 20
07-05 12:17:25.674   545   548 D dalvikvm: GC_CONCURRENT freed 857K, 11% free 10438K/11719K, paused 2ms+3ms
07-05 12:17:25.853   545   548 D dalvikvm: GC_CONCURRENT freed 425K, 12% free 10409K/11719K, paused 2ms+2ms
07-05 12:17:25.970   545 16720 I DownloadManager: Initiating request for download 1947
07-05 12:17:26.045   545   548 D dalvikvm: GC_CONCURRENT freed 306K, 10% free 10560K/11719K, paused 2ms+3ms
07-05 12:17:26.154   545   548 D dalvikvm: GC_CONCURRENT freed 292K, 8% free 10828K/11719K, paused 2ms+4ms
07-05 12:17:26.345   545   548 D dalvikvm: GC_CONCURRENT freed 848K, 11% free 10464K/11719K, paused 2ms+2ms
07-05 12:17:26.541   545   548 D dalvikvm: GC_CONCURRENT freed 443K, 12% free 10416K/11719K, paused 1ms+2ms
07-05 12:17:26.732   545 16723 I DownloadManager: Initiating request for download 1948
07-05 12:17:26.756   545   548 D dalvikvm: GC_CONCURRENT freed 389K, 11% free 10445K/11719K, paused 1ms+3ms
07-05 12:17:26.877   545   548 D dalvikvm: GC_CONCURRENT freed 189K, 9% free 10682K/11719K, paused 1ms+2ms
07-05 12:17:26.978   545   548 D dalvikvm: GC_CONCURRENT freed 420K, 9% free 10706K/11719K, paused 2ms+2ms
07-05 12:17:27.123  1370 16725 E DictionaryProvider:UpdateHandler: Can't read a file : android.util.MalformedJsonException: Use JsonReader.setLenient(true) to accept malformed JSON at line 1 column 20
07-05 12:17:27.228   545   548 D dalvikvm: GC_CONCURRENT freed 712K, 11% free 10438K/11719K, paused 2ms+3ms
07-05 12:17:27.408   545   548 D dalvikvm: GC_CONCURRENT freed 425K, 12% free 10409K/11719K, paused 2ms+3ms
07-05 12:17:27.510   545 16728 I DownloadManager: Initiating request for download 1948
07-05 12:17:27.584   545   548 D dalvikvm: GC_CONCURRENT freed 278K, 10% free 10589K/11719K, paused 2ms+3ms
07-05 12:17:27.689   545   548 D dalvikvm: GC_CONCURRENT freed 309K, 9% free 10764K/11719K, paused 1ms+3ms
07-05 12:17:27.857   545   548 D dalvikvm: GC_CONCURRENT freed 757K, 11% free 10478K/11719K, paused 1ms+2ms
07-05 12:17:28.056   545   548 D dalvikvm: GC_CONCURRENT freed 452K, 12% free 10421K/11719K, paused 2ms+2ms
07-05 12:17:28.224   545   548 D dalvikvm: GC_CONCURRENT freed 407K, 12% free 10402K/11719K, paused 2ms+2ms
07-05 12:17:28.283   545 16731 I DownloadManager: Initiating request for download 1949
07-05 12:17:28.388   545   548 D dalvikvm: GC_CONCURRENT freed 184K, 9% free 10677K/11719K, paused 2ms+3ms
07-05 12:17:28.494   545   548 D dalvikvm: GC_CONCURRENT freed 425K, 9% free 10708K/11719K, paused 2ms+2ms
07-05 12:17:28.681   545   548 D dalvikvm: GC_CONCURRENT freed 721K, 11% free 10433K/11719K, paused 2ms+2ms
07-05 12:17:28.869   545   548 D dalvikvm: GC_CONCURRENT freed 407K, 12% free 10415K/11719K, paused 2ms+2ms
07-05 12:17:29.853  1370  1372 D dalvikvm: GC_CONCURRENT freed 359K, 7% free 9129K/9735K, paused 2ms+2ms
07-05 12:17:29.924  1370 16733 E DictionaryProvider:UpdateHandler: Can't read a file : android.util.MalformedJsonException: Use JsonReader.setLenient(true) to accept malformed JSON at line 1 column 20
07-05 12:17:30.006   545   548 D dalvikvm: GC_CONCURRENT freed 361K, 11% free 10450K/11719K, paused 2ms+2ms
07-05 12:17:30.174   545   548 D dalvikvm: GC_CONCURRENT freed 417K, 12% free 10428K/11719K, paused 2ms+2ms
07-05 12:17:30.349   545   548 D dalvikvm: GC_CONCURRENT freed 409K, 12% free 10414K/11719K, paused 2ms+2ms
07-05 12:17:30.834   545   548 D dalvikvm: GC_CONCURRENT freed 366K, 11% free 10436K/11719K, paused 2ms+2ms
07-05 12:17:31.025   545   548 D dalvikvm: GC_CONCURRENT freed 405K, 12% free 10419K/11719K, paused 1ms+2ms
07-05 12:17:31.197   545   548 D dalvikvm: GC_CONCURRENT freed 400K, 12% free 10407K/11719K, paused 1ms+2ms
07-05 12:17:31.275   545 16736 I DownloadManager: Initiating request for download 1950
07-05 12:17:31.385   545   548 D dalvikvm: GC_CONCURRENT freed 203K, 10% free 10664K/11719K, paused 2ms+2ms
07-05 12:17:31.486   545   548 D dalvikvm: GC_CONCURRENT freed 405K, 9% free 10712K/11719K, paused 1ms+2ms
07-05 12:17:31.705   545   548 D dalvikvm: GC_CONCURRENT freed 726K, 11% free 10445K/11719K, paused 2ms+4ms
07-05 12:17:31.736  1370 16738 E DictionaryProvider:UpdateHandler: Can't read a file : android.util.MalformedJsonException: Use JsonReader.setLenient(true) to accept malformed JSON at line 1 column 20
07-05 12:17:31.928   545   548 D dalvikvm: GC_CONCURRENT freed 418K, 12% free 10423K/11719K, paused 2ms+2ms
07-05 12:17:32.049   545 16741 I DownloadManager: Initiating request for download 1950
07-05 12:17:32.099   545   548 D dalvikvm: GC_CONCURRENT freed 327K, 11% free 10482K/11719K, paused 2ms+2ms
07-05 12:17:32.201   545   548 D dalvikvm: GC_CONCURRENT freed 225K, 9% free 10715K/11719K, paused 1ms+3ms
07-05 12:17:32.322   545   548 D dalvikvm: GC_CONCURRENT freed 475K, 9% free 10717K/11719K, paused 2ms+2ms
07-05 12:17:32.549   545   548 D dalvikvm: GC_CONCURRENT freed 738K, 12% free 10428K/11719K, paused 2ms+3ms
07-05 12:17:32.740   545   548 D dalvikvm: GC_CONCURRENT freed 404K, 12% free 10411K/11719K, paused 2ms+3ms
07-05 12:17:32.830   545 16744 I DownloadManager: Initiating request for download 1951
07-05 12:17:32.931   545   548 D dalvikvm: GC_CONCURRENT freed 216K, 9% free 10710K/11719K, paused 2ms+3ms
07-05 12:17:33.033   545   548 D dalvikvm: GC_CONCURRENT freed 450K, 9% free 10715K/11719K, paused 2ms+3ms
07-05 12:17:33.248   545   548 D dalvikvm: GC_CONCURRENT freed 728K, 11% free 10445K/11719K, paused 2ms+2ms
07-05 12:17:33.252  1370 16746 E DictionaryProvider:UpdateHandler: Can't read a file : android.util.MalformedJsonException: Use JsonReader.setLenient(true) to accept malformed JSON at line 1 column 20
07-05 12:17:33.455   545   548 D dalvikvm: GC_CONCURRENT freed 417K, 12% free 10423K/11719K, paused 1ms+3ms
07-05 12:17:33.572   545 16749 I DownloadManager: Initiating request for download 1951
07-05 12:17:33.627   545   548 D dalvikvm: GC_CONCURRENT freed 333K, 11% free 10487K/11719K, paused 1ms+3ms
07-05 12:17:33.728   545   548 D dalvikvm: GC_CONCURRENT freed 225K, 9% free 10721K/11719K, paused 2ms+3ms
07-05 12:17:33.838   545   548 D dalvikvm: GC_CONCURRENT freed 471K, 9% free 10716K/11719K, paused 2ms+3ms
07-05 12:17:34.068   545   548 D dalvikvm: GC_CONCURRENT freed 731K, 11% free 10444K/11719K, paused 2ms+2ms
07-05 12:17:34.256   545   548 D dalvikvm: GC_CONCURRENT freed 426K, 12% free 10422K/11719K, paused 2ms+2ms
07-05 12:17:34.342   545 16752 I DownloadManager: Initiating request for download 1952
07-05 12:17:34.435   545   548 D dalvikvm: GC_CONCURRENT freed 234K, 10% free 10648K/11719K, paused 2ms+3ms
07-05 12:17:34.541   545   548 D dalvikvm: GC_CONCURRENT freed 311K, 8% free 10827K/11719K, paused 2ms+2ms
07-05 12:17:34.756   545 15359 D dalvikvm: GC_EXPLICIT freed 842K, 11% free 10447K/11719K, paused 3ms+2ms
07-05 12:17:34.763  1370 16754 E DictionaryProvider:UpdateHandler: Can't read a file : android.util.MalformedJsonException: Use JsonReader.setLenient(true) to accept malformed JSON at line 1 column 20
07-05 12:17:34.951   545   548 D dalvikvm: GC_CONCURRENT freed 413K, 12% free 10427K/11719K, paused 2ms+2ms
07-05 12:17:35.072   545 16757 I DownloadManager: Initiating request for download 1952
07-05 12:17:35.119   545   548 D dalvikvm: GC_CONCURRENT freed 340K, 11% free 10488K/11719K, paused 1ms+3ms
07-05 12:17:35.224   545   548 D dalvikvm: GC_CONCURRENT freed 213K, 9% free 10715K/11719K, paused 2ms+3ms
07-05 12:17:35.349   545   548 D dalvikvm: GC_CONCURRENT freed 461K, 9% free 10719K/11719K, paused 1ms+2ms
07-05 12:17:35.572   545   548 D dalvikvm: GC_CONCURRENT freed 732K, 11% free 10437K/11719K, paused 1ms+3ms
07-05 12:17:35.760   545   548 D dalvikvm: GC_CONCURRENT freed 414K, 12% free 10417K/11719K, paused 2ms+2ms
07-05 12:17:35.869   545 16760 I DownloadManager: Initiating request for download 1953
07-05 12:17:35.963   545   548 D dalvikvm: GC_CONCURRENT freed 232K, 10% free 10630K/11719K, paused 3ms+3ms
07-05 12:17:36.064   545   548 D dalvikvm: GC_CONCURRENT freed 326K, 8% free 10808K/11719K, paused 1ms+3ms
07-05 12:17:36.287   545   548 D dalvikvm: GC_CONCURRENT freed 835K, 11% free 10455K/11719K, paused 2ms+6ms
07-05 12:17:36.322  1370 16762 E DictionaryProvider:UpdateHandler: Can't read a file : android.util.MalformedJsonException: Use JsonReader.setLenient(true) to accept malformed JSON at line 1 column 20
07-05 12:17:36.365  1370  1372 D dalvikvm: GC_CONCURRENT freed 402K, 7% free 9136K/9735K, paused 1ms+2ms
07-05 12:17:36.529   545   548 D dalvikvm: GC_CONCURRENT freed 418K, 11% free 10432K/11719K, paused 1ms+3ms
07-05 12:17:36.658   545 16765 I DownloadManager: Initiating request for download 1953
07-05 12:17:36.701   545   548 D dalvikvm: GC_CONCURRENT freed 369K, 11% free 10462K/11719K, paused 2ms+3ms
07-05 12:17:36.814   545   548 D dalvikvm: GC_CONCURRENT freed 208K, 9% free 10713K/11719K, paused 2ms+2ms
07-05 12:17:36.935   545   548 D dalvikvm: GC_CONCURRENT freed 459K, 9% free 10720K/11719K, paused 2ms+2ms
07-05 12:17:37.158   545   548 D dalvikvm: GC_CONCURRENT freed 731K, 11% free 10439K/11719K, paused 1ms+2ms
07-05 12:17:37.345   545   548 D dalvikvm: GC_CONCURRENT freed 413K, 12% free 10421K/11719K, paused 2ms+3ms
07-05 12:17:37.467   545 16768 I DownloadManager: Initiating request for download 1954
07-05 12:17:37.553   545   548 D dalvikvm: GC_CONCURRENT freed 235K, 10% free 10626K/11719K, paused 2ms+3ms
07-05 12:17:37.658   545   548 D dalvikvm: GC_CONCURRENT freed 323K, 8% free 10804K/11719K, paused 2ms+4ms
07-05 12:17:37.842   545   548 D dalvikvm: GC_CONCURRENT freed 802K, 11% free 10479K/11719K, paused 1ms+2ms
07-05 12:17:38.025   545   548 D dalvikvm: GC_CONCURRENT freed 442K, 11% free 10434K/11719K, paused 2ms+2ms
07-05 12:17:38.142   156   167 D dalvikvm: GC_EXPLICIT freed 492K, 11% free 14193K/15879K, paused 2ms+5ms
07-05 12:17:38.142  1370 16770 E DictionaryProvider:UpdateHandler: Can't read a file : android.util.MalformedJsonException: Use JsonReader.setLenient(true) to accept malformed JSON at line 1 column 20
07-05 12:17:38.275   545 16773 I DownloadManager: Initiating request for download 1954
07-05 12:17:38.318   545   548 D dalvikvm: GC_CONCURRENT freed 388K, 11% free 10469K/11719K, paused 1ms+3ms
07-05 12:17:38.431   545   548 D dalvikvm: GC_CONCURRENT freed 230K, 9% free 10698K/11719K, paused 2ms+2ms
07-05 12:17:38.553   545   548 D dalvikvm: GC_CONCURRENT freed 453K, 9% free 10709K/11719K, paused 1ms+3ms
07-05 12:17:38.771   545   548 D dalvikvm: GC_CONCURRENT freed 729K, 12% free 10426K/11719K, paused 1ms+2ms
07-05 12:17:38.963   545   548 D dalvikvm: GC_CONCURRENT freed 405K, 12% free 10408K/11719K, paused 2ms+2ms
07-05 12:17:39.072   545 16776 I DownloadManager: Initiating request for download 1955
07-05 12:17:39.158   545   548 D dalvikvm: GC_CONCURRENT freed 237K, 10% free 10603K/11719K, paused 2ms+3ms
07-05 12:17:39.263   545   548 D dalvikvm: GC_CONCURRENT freed 327K, 8% free 10789K/11719K, paused 2ms+3ms
07-05 12:17:39.455   545   548 D dalvikvm: GC_CONCURRENT freed 824K, 11% free 10438K/11719K, paused 2ms+2ms
07-05 12:17:39.506  1370 16778 E DictionaryProvider:UpdateHandler: Can't read a file : android.util.MalformedJsonException: Use JsonReader.setLenient(true) to accept malformed JSON at line 1 column 20
07-05 12:17:39.674   545   548 D dalvikvm: GC_CONCURRENT freed 409K, 12% free 10425K/11719K, paused 2ms+3ms
07-05 12:17:39.861   545   548 D dalvikvm: GC_CONCURRENT freed 415K, 11% free 10435K/11719K, paused 2ms+3ms
07-05 12:17:39.861   545 16781 I DownloadManager: Initiating request for download 1955
07-05 12:17:39.990   545   548 D dalvikvm: GC_CONCURRENT freed 200K, 9% free 10694K/11719K, paused 2ms+3ms
07-05 12:17:40.107   545   548 D dalvikvm: GC_CONCURRENT freed 445K, 9% free 10711K/11719K, paused 2ms+2ms
07-05 12:17:40.318   545   548 D dalvikvm: GC_CONCURRENT freed 728K, 12% free 10430K/11719K, paused 2ms+2ms
07-05 12:17:40.498   545   548 D dalvikvm: GC_CONCURRENT freed 414K, 12% free 10411K/11719K, paused 1ms+2ms
07-05 12:17:40.603   545 16784 I DownloadManager: Initiating request for download 1956
07-05 12:17:40.701   545   548 D dalvikvm: GC_CONCURRENT freed 255K, 9% free 10685K/11719K, paused 2ms+2ms
07-05 12:17:40.806   545   548 D dalvikvm: GC_CONCURRENT freed 377K, 8% free 10823K/11719K, paused 2ms+3ms
07-05 12:17:40.982  1370 16786 E DictionaryProvider:UpdateHandler: Can't read a file : android.util.MalformedJsonException: Use JsonReader.setLenient(true) to accept malformed JSON at line 1 column 20
07-05 12:17:41.049   545   548 D dalvikvm: GC_CONCURRENT freed 855K, 11% free 10447K/11719K, paused 1ms+2ms
07-05 12:17:41.228   545   548 D dalvikvm: GC_CONCURRENT freed 415K, 12% free 10420K/11719K, paused 2ms+2ms
07-05 12:17:41.353   545 16789 I DownloadManager: Initiating request for download 1956
07-05 12:17:41.408   545   548 D dalvikvm: GC_CONCURRENT freed 332K, 11% free 10484K/11719K, paused 2ms+2ms
07-05 12:17:41.510   545   548 D dalvikvm: GC_CONCURRENT freed 224K, 9% free 10719K/11719K, paused 2ms+3ms
07-05 12:17:41.631   545   548 D dalvikvm: GC_CONCURRENT freed 474K, 9% free 10715K/11719K, paused 2ms+2ms
07-05 12:17:41.857   545   548 D dalvikvm: GC_CONCURRENT freed 732K, 11% free 10431K/11719K, paused 2ms+2ms
07-05 12:17:42.041   545   548 D dalvikvm: GC_CONCURRENT freed 412K, 12% free 10413K/11719K, paused 2ms+3ms
07-05 12:17:42.123   545 16792 I DownloadManager: Initiating request for download 1957
07-05 12:17:42.217   545   548 D dalvikvm: GC_CONCURRENT freed 226K, 10% free 10631K/11719K, paused 2ms+3ms
07-05 12:17:42.322   545   548 D dalvikvm: GC_CONCURRENT freed 322K, 8% free 10808K/11719K, paused 2ms+3ms
07-05 12:17:42.510   545   548 D dalvikvm: GC_CONCURRENT freed 843K, 11% free 10443K/11719K, paused 2ms+2ms
07-05 12:17:42.549  1370 16794 E DictionaryProvider:UpdateHandler: Can't read a file : android.util.MalformedJsonException: Use JsonReader.setLenient(true) to accept malformed JSON at line 1 column 20
07-05 12:17:42.595  1370  1372 D dalvikvm: GC_CONCURRENT freed 395K, 7% free 9129K/9735K, paused 1ms+3ms
07-05 12:17:42.760   545   548 D dalvikvm: GC_CONCURRENT freed 409K, 12% free 10428K/11719K, paused 2ms+2ms
07-05 12:17:42.912   545 16797 I DownloadManager: Initiating request for download 1957
07-05 12:17:42.939   545   548 D dalvikvm: GC_CONCURRENT freed 375K, 11% free 10458K/11719K, paused 2ms+5ms
07-05 12:17:43.053   545   548 D dalvikvm: GC_CONCURRENT freed 223K, 9% free 10718K/11719K, paused 1ms+3ms
07-05 12:17:43.174   545   548 D dalvikvm: GC_CONCURRENT freed 463K, 9% free 10718K/11719K, paused 2ms+3ms
07-05 12:17:43.404   545   548 D dalvikvm: GC_CONCURRENT freed 733K, 11% free 10434K/11719K, paused 2ms+2ms
07-05 12:17:43.576   545   548 D dalvikvm: GC_CONCURRENT freed 414K, 12% free 10415K/11719K, paused 2ms+2ms
07-05 12:17:43.674   545 16800 I DownloadManager: Initiating request for download 1958
07-05 12:17:43.756   545   548 D dalvikvm: GC_CONCURRENT freed 237K, 10% free 10631K/11719K, paused 2ms+3ms
07-05 12:17:43.857   545   548 D dalvikvm: GC_CONCURRENT freed 324K, 8% free 10805K/11719K, paused 2ms+3ms
07-05 12:17:44.053  1370 16802 E DictionaryProvider:UpdateHandler: Can't read a file : android.util.MalformedJsonException: Use JsonReader.setLenient(true) to accept malformed JSON at line 1 column 20
07-05 12:17:44.092   545   548 D dalvikvm: GC_CONCURRENT freed 854K, 11% free 10454K/11719K, paused 2ms+2ms
07-05 12:17:44.283   545   548 D dalvikvm: GC_CONCURRENT freed 426K, 12% free 10423K/11719K, paused 1ms+3ms
07-05 12:17:44.412   545 16805 I DownloadManager: Initiating request for download 1958
07-05 12:17:44.455   545   548 D dalvikvm: GC_CONCURRENT freed 349K, 11% free 10487K/11719K, paused 1ms+2ms
07-05 12:17:44.564   545   548 D dalvikvm: GC_CONCURRENT freed 224K, 9% free 10723K/11719K, paused 2ms+3ms
07-05 12:17:44.689   545   548 D dalvikvm: GC_CONCURRENT freed 475K, 9% free 10733K/11719K, paused 2ms+3ms
07-05 12:17:44.920   545   548 D dalvikvm: GC_CONCURRENT freed 743K, 11% free 10436K/11719K, paused 2ms+3ms
07-05 12:17:45.107   545   548 D dalvikvm: GC_CONCURRENT freed 407K, 12% free 10426K/11719K, paused 2ms+2ms
07-05 12:17:45.197   545 16808 I DownloadManager: Initiating request for download 1959
07-05 12:17:45.287   545   548 D dalvikvm: GC_CONCURRENT freed 240K, 10% free 10645K/11719K, paused 2ms+3ms
07-05 12:17:45.396   545   548 D dalvikvm: GC_CONCURRENT freed 321K, 8% free 10846K/11719K, paused 2ms+3ms
07-05 12:17:45.568  1370 16810 E DictionaryProvider:UpdateHandler: Can't read a file : android.util.MalformedJsonException: Use JsonReader.setLenient(true) to accept malformed JSON at line 1 column 20
07-05 12:17:45.650   545   548 D dalvikvm: GC_CONCURRENT freed 885K, 11% free 10453K/11719K, paused 2ms+3ms
07-05 12:17:45.830   545   548 D dalvikvm: GC_CONCURRENT freed 423K, 12% free 10426K/11719K, paused 2ms+2ms
07-05 12:17:45.947   545 16813 I DownloadManager: Initiating request for download 1959
07-05 12:17:46.025   545   548 D dalvikvm: GC_CONCURRENT freed 307K, 10% free 10652K/11719K, paused 2ms+3ms
07-05 12:17:46.135   545   548 D dalvikvm: GC_CONCURRENT freed 358K, 8% free 10876K/11719K, paused 2ms+3ms
07-05 12:17:46.334   545   548 D dalvikvm: GC_CONCURRENT freed 900K, 11% free 10477K/11719K, paused 2ms+3ms
07-05 12:17:46.361   362   362 I wpa_supplicant: wlan0: CTRL-EVENT-DISCONNECTED bssid=d0:c2:82:84:8d:50 reason=0
07-05 12:17:46.365    77   117 D CommandListener: Clearing all IP addresses on wlan0
07-05 12:17:46.381   156   330 D ConnectivityService: ConnectivityChange for WIFI: DISCONNECTED/DISCONNECTED
07-05 12:17:46.385   156   330 D ConnectivityService: Attempting to switch to mobile
07-05 12:17:46.385   156   330 D ConnectivityService: Attempting to switch to WIMAX
07-05 12:17:46.385   156   330 D ConnectivityService: Attempting to switch to BLUETOOTH_TETHER
07-05 12:17:46.392   156   330 E ConnectivityService: Exception trying to remove a route: java.lang.IllegalStateException: Unable to communicate with native dameon to add routes - com.android.server.NativeDaemonConnectorException: Cmd {interface route remove wlan0 default 128.205.59.254 32 0.0.0.0} failed with code 400 : {Failed to remove route from default table (No such process)}
07-05 12:17:46.400   156   330 D NetUtils: android_net_utils_resetConnections in env=0x6b2b60 clazz=0x75000001 iface=wlan0 mask=0x3
07-05 12:17:46.400   156   330 E ConnectivityService: Exception trying to remove a route: java.lang.IllegalStateException: Unable to communicate with native dameon to add routes - com.android.server.NativeDaemonConnectorException: Cmd {interface route remove wlan0 default 0.0.0.0 0 128.205.59.254} failed with code 400 : {Failed to remove route from default table (No such process)}
07-05 12:17:46.400   156   330 D ConnectivityService: resetConnections(wlan0, 3)
07-05 12:17:46.517   682  1055 E GTalkService: connectionClosed: no XMPPConnection - That's strange!
07-05 12:17:46.517   156   330 D ConnectivityService: handleInetConditionChange: no active default network - ignore
07-05 12:17:46.553   414   416 D dalvikvm: GC_CONCURRENT freed 501K, 37% free 10312K/16263K, paused 2ms+3ms
07-05 12:17:46.631   414   416 D dalvikvm: GC_CONCURRENT freed 621K, 38% free 10199K/16263K, paused 2ms+3ms
07-05 12:17:46.838   545   548 D dalvikvm: GC_CONCURRENT freed 405K, 11% free 10463K/11719K, paused 1ms+3ms
07-05 12:17:47.642   362   362 I wpa_supplicant: wlan0: Trying to associate with d0:c2:82:67:23:30 (SSID='UB_Wireless' freq=2437 MHz)
07-05 12:17:47.822   362   362 I wpa_supplicant: wlan0: Associated with d0:c2:82:67:23:30
07-05 12:17:47.822   362   362 I wpa_supplicant: wlan0: CTRL-EVENT-CONNECTED - Connection to d0:c2:82:67:23:30 completed (reauth) [id=5 id_str=]
07-05 12:17:48.002   545 16813 W DownloadManager: Aborting request for download 1959: no network connection available
07-05 12:17:48.076   545 16823 I DownloadManager: Initiating request for download 1960
07-05 12:17:48.080   545 16823 W DownloadManager: Aborting request for download 1960: no network connection available
07-05 12:17:48.326   545   548 D dalvikvm: GC_CONCURRENT freed 394K, 11% free 10465K/11719K, paused 2ms+2ms
07-05 12:17:48.506   545   548 D dalvikvm: GC_CONCURRENT freed 414K, 11% free 10441K/11719K, paused 2ms+2ms
07-05 12:17:48.685   545   548 D dalvikvm: GC_CONCURRENT freed 403K, 12% free 10425K/11719K, paused 2ms+2ms
07-05 12:17:48.924   545   548 D dalvikvm: GC_CONCURRENT freed 369K, 11% free 10452K/11719K, paused 2ms+3ms
07-05 12:17:49.107   545   548 D dalvikvm: GC_CONCURRENT freed 414K, 11% free 10433K/11719K, paused 1ms+2ms
07-05 12:17:49.287   545   548 D dalvikvm: GC_CONCURRENT freed 407K, 12% free 10420K/11719K, paused 2ms+2ms
07-05 12:17:49.451   156   333 D Tethering: MasterInitialState.processMessage what=3
07-05 12:17:49.529  1190  1190 I MediaUploader: No need to wake up
07-05 12:17:49.533   993   993 I PhoneLab-WiFiReceiver: Wi-Fi is disconnected!
07-05 12:17:49.533  1086  1105 D PicasaSyncManager: active network: null
07-05 12:17:49.533  1086  1105 D PicasaSyncManager: background data: true
07-05 12:17:52.443   156   330 D ConnectivityService: ConnectivityChange for WIFI: CONNECTED/CONNECTED
07-05 12:17:52.451   993   993 I PhoneLab-WiFiReceiver: Wi-Fi is connected!
07-05 12:17:52.451   993   993 I PhoneLab-WiFiReceiver: SSID: UB_Wireless BSSID: d0:c2:82:67:23:30 RSSI: -200 LinkSpeed: -1
07-05 12:17:52.451   993   993 I PhoneLab-Locks: wake lock acquired
07-05 12:17:52.455   993   993 I PhoneLab-UploadLogs: Transfering log files now
07-05 12:17:52.474   156   325 W NetworkStats: dropping UID delta from unknown iface: iface=wlan0 uid=0 set=DEFAULT tag=0x0 rxBytes=216 rxPackets=3 txBytes=244 txPackets=4 operations=0
07-05 12:17:52.533   993   995 D dalvikvm: GC_CONCURRENT freed 414K, 14% free 9244K/10695K, paused 1ms+2ms
07-05 12:17:52.549   993   993 D dalvikvm: GC_FOR_ALLOC freed 214K, 12% free 9424K/10695K, paused 12ms
07-05 12:17:52.568   993   993 I PhoneLab-UploadLogs: OnStartCommand
07-05 12:17:52.576   993   995 D dalvikvm: GC_CONCURRENT freed 298K, 10% free 9637K/10695K, paused 2ms+2ms
07-05 12:17:52.760   993 16845 D dalvikvm: GC_FOR_ALLOC freed 308K, 10% free 9655K/10695K, paused 40ms
07-05 12:17:52.775   993 16845 D dalvikvm: GC_FOR_ALLOC freed 301K, 10% free 9656K/10695K, paused 12ms
07-05 12:17:52.787   993 16845 D dalvikvm: GC_FOR_ALLOC freed 301K, 10% free 9657K/10695K, paused 12ms
07-05 12:17:53.170   156   330 D ConnectivityService: ConnectivityChange for mobile: CONNECTED/CONNECTED
07-05 12:17:53.201   156   330 D NetUtils: android_net_utils_resetConnections in env=0x6b2b60 clazz=0x87100001 iface=rmnet0 mask=0x3
07-05 12:17:53.201   156   330 D ConnectivityService: ConnectivityChange for mobile: DISCONNECTED/DISCONNECTED
07-05 12:17:53.201   156   330 D ConnectivityService: Attempting to switch to WIFI
07-05 12:17:53.201   156   330 D ConnectivityService: Attempting to switch to WIMAX
07-05 12:17:53.201   156   330 D ConnectivityService: Attempting to switch to BLUETOOTH_TETHER
07-05 12:17:53.201   156   330 D ConnectivityService: resetConnections(rmnet0, 3)
07-05 12:17:53.443   156   330 D ConnectivityService: NetTransition Wakelock for WifiStateMachine released by timeout
07-05 12:17:53.564   156   158 D dalvikvm: GC_CONCURRENT freed 1109K, 11% free 14250K/15879K, paused 18ms+6ms
07-05 12:17:54.334   993 16845 W System.err: org.apache.http.client.ClientProtocolException
07-05 12:17:54.338   993 16845 W System.err: 	at org.apache.http.impl.client.AbstractHttpClient.execute(AbstractHttpClient.java:557)
07-05 12:17:54.338   993 16845 W System.err: 	at org.apache.http.impl.client.AbstractHttpClient.execute(AbstractHttpClient.java:487)
07-05 12:17:54.342   993 16845 W System.err: 	at com.loopj.android.http.AsyncHttpRequest.makeRequest(Unknown Source)
07-05 12:17:54.342   993 16845 W System.err: 	at com.loopj.android.http.AsyncHttpRequest.makeRequestWithRetries(Unknown Source)
07-05 12:17:54.342   993 16845 W System.err: 	at com.loopj.android.http.AsyncHttpRequest.run(Unknown Source)
07-05 12:17:54.349   993 16845 W System.err: 	at java.util.concurrent.Executors$RunnableAdapter.call(Executors.java:442)
07-05 12:17:54.349   993 16845 W System.err: 	at java.util.concurrent.FutureTask$Sync.innerRun(FutureTask.java:305)
07-05 12:17:54.349   993 16845 W System.err: 	at java.util.concurrent.FutureTask.run(FutureTask.java:137)
07-05 12:17:54.353   993 16845 W System.err: 	at java.util.concurrent.ThreadPoolExecutor.runWorker(ThreadPoolExecutor.java:1076)
07-05 12:17:54.353   993 16845 W System.err: 	at java.util.concurrent.ThreadPoolExecutor$Worker.run(ThreadPoolExecutor.java:569)
07-05 12:17:54.357   993 16845 W System.err: 	at java.lang.Thread.run(Thread.java:856)
07-05 12:17:54.357   993 16845 W System.err: Caused by: org.apache.http.client.NonRepeatableRequestException: Cannot retry request with a non-repeatable request entity
07-05 12:17:54.361   993 16845 W System.err: 	at org.apache.http.impl.client.DefaultRequestDirector.execute(DefaultRequestDirector.java:420)
07-05 12:17:54.365   993 16845 W System.err: 	at org.apache.http.impl.client.AbstractHttpClient.execute(AbstractHttpClient.java:555)
07-05 12:17:54.369   993 16845 W System.err: 	... 10 more
07-05 12:17:54.373   993   993 E PhoneLab-: Transfering 1341502082478.log failed
07-05 12:17:54.373   993   993 I PhoneLab-Locks: wake lock released
07-05 12:17:55.498   156   333 D Tethering: MasterInitialState.processMessage what=3
07-05 12:17:55.572   682   682 I GTalkService/c: [AndroidEndpoint@1095403848] connect: acct=1000001, state=CONNECTING
07-05 12:17:55.576  1086  1105 D PicasaSyncManager: active network: NetworkInfo: type: WIFI[], state: CONNECTED/CONNECTED, reason: (unspecified), extra: (none), roaming: false, failover: false, isAvailable: true
07-05 12:17:55.576  1086  1105 D PicasaSyncManager: background data: true
07-05 12:17:55.611  1190  1190 I MediaUploader: No need to wake up
07-05 12:17:55.709   414   416 D dalvikvm: GC_CONCURRENT freed 224K, 36% free 10412K/16263K, paused 2ms+3ms
07-05 12:17:55.799   414   416 D dalvikvm: GC_CONCURRENT freed 511K, 37% free 10338K/16263K, paused 2ms+2ms
07-05 12:17:56.049   545   548 D dalvikvm: GC_CONCURRENT freed 366K, 11% free 10449K/11719K, paused 2ms+2ms
07-05 12:17:56.232   156   333 D Tethering: MasterInitialState.processMessage what=3
07-05 12:17:56.256   156   333 D Tethering: MasterInitialState.processMessage what=3
07-05 12:17:56.287  1190  1190 I MediaUploader: No need to wake up
07-05 12:17:56.326  1190  1190 I MediaUploader: No need to wake up
07-05 12:17:56.330  1086  1105 D PicasaSyncManager: active network: NetworkInfo: type: WIFI[], state: CONNECTED/CONNECTED, reason: (unspecified), extra: (none), roaming: false, failover: false, isAvailable: true
07-05 12:17:56.330  1086  1105 D PicasaSyncManager: background data: true
07-05 12:17:56.334  1086  1105 D PicasaSyncManager: active network: NetworkInfo: type: WIFI[], state: CONNECTED/CONNECTED, reason: (unspecified), extra: (none), roaming: false, failover: false, isAvailable: true
07-05 12:17:56.334  1086  1105 D PicasaSyncManager: background data: true
07-05 12:17:56.369   545   548 D dalvikvm: GC_CONCURRENT freed 435K, 12% free 10418K/11719K, paused 1ms+2ms
07-05 12:17:56.416   682   685 D dalvikvm: GC_CONCURRENT freed 363K, 9% free 10134K/11079K, paused 6ms+3ms
07-05 12:17:56.705   156   167 D dalvikvm: GC_EXPLICIT freed 343K, 11% free 14189K/15879K, paused 5ms+5ms
07-05 12:17:56.728   545 16849 I DownloadManager: Initiating request for download 1959
07-05 12:17:56.728   545 16849 I DownloadManager: Skipping initiating request for download 1959; already completed
07-05 12:17:56.767   545 16851 I DownloadManager: Initiating request for download 1960
07-05 12:17:56.767   545   548 D dalvikvm: GC_CONCURRENT freed 403K, 12% free 10416K/11719K, paused 2ms+3ms
07-05 12:17:56.931   545   548 D dalvikvm: GC_CONCURRENT freed 194K, 9% free 10688K/11719K, paused 2ms+3ms
07-05 12:17:57.029   545   548 D dalvikvm: GC_CONCURRENT freed 425K, 9% free 10716K/11719K, paused 2ms+2ms
07-05 12:17:57.201  1370 16854 E DictionaryProvider:UpdateHandler: Can't read a file : android.util.MalformedJsonException: Use JsonReader.setLenient(true) to accept malformed JSON at line 1 column 20
07-05 12:17:57.283   545   548 D dalvikvm: GC_CONCURRENT freed 714K, 11% free 10449K/11719K, paused 2ms+2ms
07-05 12:17:57.463   545   548 D dalvikvm: GC_CONCURRENT freed 418K, 12% free 10419K/11719K, paused 1ms+3ms
07-05 12:17:57.588   545 16857 I DownloadManager: Initiating request for download 1960
07-05 12:17:57.709   545   548 D dalvikvm: GC_CONCURRENT freed 330K, 11% free 10485K/11719K, paused 2ms+2ms
07-05 12:17:57.896   545   548 D dalvikvm: GC_CONCURRENT freed 413K, 11% free 10467K/11719K, paused 2ms+3ms
07-05 12:17:58.084   545   548 D dalvikvm: GC_CONCURRENT freed 409K, 11% free 10453K/11719K, paused 1ms+3ms
07-05 12:17:58.201   545 16859 I DownloadManager: Initiating request for download 1961
07-05 12:17:58.287   545   548 D dalvikvm: GC_CONCURRENT freed 286K, 10% free 10653K/11719K, paused 2ms+3ms
07-05 12:17:58.388   545   548 D dalvikvm: GC_CONCURRENT freed 324K, 8% free 10836K/11719K, paused 2ms+3ms
07-05 12:17:58.584   545   548 D dalvikvm: GC_CONCURRENT freed 848K, 11% free 10479K/11719K, paused 2ms+2ms
07-05 12:17:58.674   414   416 D dalvikvm: GC_CONCURRENT freed 374K, 37% free 10400K/16263K, paused 1ms+3ms
07-05 12:17:58.869   545   548 D dalvikvm: GC_CONCURRENT freed 413K, 11% free 10461K/11719K, paused 4ms+2ms
07-05 12:17:59.060   545   548 D dalvikvm: GC_CONCURRENT freed 365K, 11% free 10487K/11719K, paused 2ms+2ms
07-05 12:17:59.318   545   548 D dalvikvm: GC_CONCURRENT freed 405K, 11% free 10477K/11719K, paused 2ms+2ms
07-05 12:17:59.506   545   548 D dalvikvm: GC_CONCURRENT freed 417K, 11% free 10455K/11719K, paused 2ms+2ms
07-05 12:18:00.635   545   548 D dalvikvm: GC_CONCURRENT freed 315K, 10% free 10569K/11719K, paused 2ms+3ms
07-05 12:18:00.720   545   548 D dalvikvm: GC_CONCURRENT freed 274K, 9% free 10728K/11719K, paused 2ms+3ms
07-05 12:18:00.951  1370 16863 E DictionaryProvider:UpdateHandler: Can't read a file : android.util.MalformedJsonException: Use JsonReader.setLenient(true) to accept malformed JSON at line 1 column 20
07-05 12:18:01.006  1370  1372 D dalvikvm: GC_CONCURRENT freed 386K, 7% free 9130K/9735K, paused 2ms+2ms
07-05 12:18:01.056   545   548 D dalvikvm: GC_CONCURRENT freed 741K, 11% free 10455K/11719K, paused 1ms+2ms
07-05 12:18:01.236   545   548 D dalvikvm: GC_CONCURRENT freed 424K, 12% free 10426K/11719K, paused 1ms+4ms
07-05 12:18:01.431   545   548 D dalvikvm: GC_CONCURRENT freed 407K, 12% free 10414K/11719K, paused 1ms+2ms
07-05 12:18:01.486   545 16866 I DownloadManager: Initiating request for download 1961
07-05 12:18:01.486   545 16866 W DownloadManager: Aborting request for download 1961: Trying to resume a download that can't be resumed
07-05 12:18:01.748   545   548 D dalvikvm: GC_CONCURRENT freed 362K, 11% free 10447K/11719K, paused 2ms+2ms
07-05 12:18:01.928   545   548 D dalvikvm: GC_CONCURRENT freed 416K, 12% free 10425K/11719K, paused 2ms+2ms
07-05 12:18:02.111   545   548 D dalvikvm: GC_CONCURRENT freed 407K, 12% free 10412K/11719K, paused 1ms+2ms
07-05 12:18:02.166   545 16869 I DownloadManager: Initiating request for download 1962
07-05 12:18:02.306   545   548 D dalvikvm: GC_CONCURRENT freed 187K, 9% free 10764K/11719K, paused 2ms+3ms
07-05 12:18:02.392   993  1240 I PhoneLab-: Service Running
07-05 12:18:02.447   993  1240 I PhoneLab-LoggerService: app_49    1247  993   1956   1584  c00f181c 400107b4 S logcat
07-05 12:18:02.447   993  1240 I PhoneLab-LoggerService: Logcat pid from database 1247
07-05 12:18:02.447   993  1240 I PhoneLab-LoggerService: Logcat process found 1247
07-05 12:18:02.447   993  1240 I PhoneLab-LoggerService: Checking Threshold
07-05 12:18:02.447   993  1240 I PhoneLab-LoggerService: Starting to rename files
07-05 12:18:02.447   993  1240 I PhoneLab-LoggerService: Files found .. 15
07-05 12:18:02.451   993   995 D dalvikvm: GC_CONCURRENT freed 912K, 15% free 9164K/10695K, paused 3ms+2ms
07-05 12:18:02.463   545   548 D dalvikvm: GC_CONCURRENT freed 523K, 9% free 10721K/11719K, paused 1ms+2ms
07-05 12:18:02.615  1370 16872 E DictionaryProvider:UpdateHandler: Can't read a file : android.util.MalformedJsonException: Use JsonReader.setLenient(true) to accept malformed JSON at line 1 column 20
07-05 12:18:02.717   545   548 D dalvikvm: GC_CONCURRENT freed 725K, 11% free 10447K/11719K, paused 2ms+3ms
07-05 12:18:02.904   545   548 D dalvikvm: GC_CONCURRENT freed 424K, 12% free 10418K/11719K, paused 2ms+2ms
07-05 12:18:02.990   545 16875 I DownloadManager: Initiating request for download 1962
07-05 12:18:03.099   545   548 D dalvikvm: GC_CONCURRENT freed 246K, 10% free 10615K/11719K, paused 2ms+3ms
07-05 12:18:03.193   545   548 D dalvikvm: GC_CONCURRENT freed 327K, 9% free 10776K/11719K, paused 2ms+4ms
07-05 12:18:03.353   545   548 D dalvikvm: GC_CONCURRENT freed 756K, 11% free 10481K/11719K, paused 2ms+2ms
07-05 12:18:03.533   545   548 D dalvikvm: GC_CONCURRENT freed 409K, 11% free 10468K/11719K, paused 2ms+2ms
07-05 12:18:03.732   545   548 D dalvikvm: GC_CONCURRENT freed 403K, 11% free 10456K/11719K, paused 2ms+2ms
07-05 12:18:03.795   545 16877 I DownloadManager: Initiating request for download 1963
07-05 12:18:04.017   545   548 D dalvikvm: GC_CONCURRENT freed 362K, 11% free 10489K/11719K, paused 2ms+3ms
07-05 12:18:04.197   545   548 D dalvikvm: GC_CONCURRENT freed 421K, 11% free 10463K/11719K, paused 2ms+2ms
07-05 12:18:04.365   545   548 D dalvikvm: GC_CONCURRENT freed 374K, 11% free 10490K/11719K, paused 2ms+2ms
07-05 12:18:04.607   545   548 D dalvikvm: GC_CONCURRENT freed 413K, 11% free 10484K/11719K, paused 1ms+2ms
07-05 12:18:04.783   545   548 D dalvikvm: GC_CONCURRENT freed 420K, 11% free 10459K/11719K, paused 1ms+2ms
07-05 12:18:11.369   545   548 D dalvikvm: GC_CONCURRENT freed 327K, 10% free 10588K/11719K, paused 2ms+4ms
07-05 12:18:11.443   545   548 D dalvikvm: GC_CONCURRENT freed 276K, 9% free 10748K/11719K, paused 2ms+3ms
07-05 12:18:11.713  1370 16881 E DictionaryProvider:UpdateHandler: Can't read a file : android.util.MalformedJsonException: Use JsonReader.setLenient(true) to accept malformed JSON at line 1 column 20
07-05 12:18:11.810   545   548 D dalvikvm: GC_CONCURRENT freed 748K, 11% free 10458K/11719K, paused 2ms+2ms
07-05 12:18:11.994   545   548 D dalvikvm: GC_CONCURRENT freed 420K, 11% free 10433K/11719K, paused 1ms+3ms
07-05 12:18:12.185   545   548 D dalvikvm: GC_CONCURRENT freed 409K, 12% free 10419K/11719K, paused 1ms+2ms
07-05 12:18:12.236   545 16884 I DownloadManager: Initiating request for download 1963
07-05 12:18:12.236   545 16884 W DownloadManager: Aborting request for download 1963: Trying to resume a download that can't be resumed
07-05 12:18:12.431   545   548 D dalvikvm: GC_CONCURRENT freed 363K, 11% free 10452K/11719K, paused 2ms+2ms
07-05 12:18:12.619   545   548 D dalvikvm: GC_CONCURRENT freed 414K, 11% free 10432K/11719K, paused 2ms+2ms
07-05 12:18:12.795   545   548 D dalvikvm: GC_CONCURRENT freed 397K, 12% free 10423K/11719K, paused 1ms+2ms
07-05 12:18:12.838   545 16887 I DownloadManager: Initiating request for download 1964
07-05 12:18:12.963   545   548 D dalvikvm: GC_CONCURRENT freed 198K, 9% free 10700K/11719K, paused 2ms+3ms
07-05 12:18:13.064   545   548 D dalvikvm: GC_CONCURRENT freed 430K, 9% free 10730K/11719K, paused 1ms+2ms
07-05 12:18:13.248  1370 16889 E DictionaryProvider:UpdateHandler: Can't read a file : android.util.MalformedJsonException: Use JsonReader.setLenient(true) to accept malformed JSON at line 1 column 20
07-05 12:18:13.310   465   467 D dalvikvm: GC_CONCURRENT freed 444K, 6% free 10503K/11079K, paused 2ms+6ms
07-05 12:18:13.345   545   548 D dalvikvm: GC_CONCURRENT freed 731K, 11% free 10460K/11719K, paused 2ms+2ms
07-05 12:18:13.529   545   548 D dalvikvm: GC_CONCURRENT freed 424K, 12% free 10430K/11719K, paused 2ms+2ms
07-05 12:18:13.638   545 16892 I DownloadManager: Initiating request for download 1964
07-05 12:18:13.736   545   548 D dalvikvm: GC_CONCURRENT freed 284K, 10% free 10603K/11719K, paused 2ms+3ms
07-05 12:18:13.834   545   548 D dalvikvm: GC_CONCURRENT freed 338K, 9% free 10755K/11719K, paused 1ms+3ms
07-05 12:18:13.963   545   548 D dalvikvm: GC_CONCURRENT freed 732K, 11% free 10491K/11719K, paused 1ms+2ms
07-05 12:18:14.174   545   548 D dalvikvm: GC_CONCURRENT freed 433K, 11% free 10445K/11719K, paused 2ms+2ms
07-05 12:18:14.357   545   548 D dalvikvm: GC_CONCURRENT freed 408K, 12% free 10427K/11719K, paused 2ms+2ms
07-05 12:18:14.439   545 16895 I DownloadManager: Initiating request for download 1965
07-05 12:18:14.541   545   548 D dalvikvm: GC_CONCURRENT freed 213K, 9% free 10672K/11719K, paused 1ms+3ms
07-05 12:18:14.646   545   548 D dalvikvm: GC_CONCURRENT freed 321K, 8% free 10836K/11719K, paused 1ms+3ms
07-05 12:18:14.877   545   633 D dalvikvm: GC_EXPLICIT freed 850K, 11% free 10477K/11719K, paused 2ms+3ms
07-05 12:18:14.885  1370 16897 E DictionaryProvider:UpdateHandler: Can't read a file : android.util.MalformedJsonException: Use JsonReader.setLenient(true) to accept malformed JSON at line 1 column 20
07-05 12:18:14.916  1370  1372 D dalvikvm: GC_CONCURRENT freed 389K, 7% free 9131K/9735K, paused 2ms+2ms
07-05 12:18:15.092   545   548 D dalvikvm: GC_CONCURRENT freed 428K, 11% free 10444K/11719K, paused 2ms+2ms
07-05 12:18:15.209   545 16899 I DownloadManager: Initiating request for download 1965
07-05 12:18:15.334   545   548 D dalvikvm: GC_CONCURRENT freed 321K, 10% free 10561K/11719K, paused 2ms+5ms
07-05 12:18:15.424   545   548 D dalvikvm: GC_CONCURRENT freed 261K, 9% free 10758K/11719K, paused 2ms+2ms
07-05 12:18:15.924   545   548 D dalvikvm: GC_CONCURRENT freed 722K, 11% free 10498K/11719K, paused 2ms+3ms
07-05 12:18:16.127   545   548 D dalvikvm: GC_CONCURRENT freed 446K, 11% free 10447K/11719K, paused 2ms+3ms
07-05 12:18:16.310   545   548 D dalvikvm: GC_CONCURRENT freed 412K, 12% free 10430K/11719K, paused 2ms+2ms
07-05 12:18:16.412   545 16903 I DownloadManager: Initiating request for download 1966
07-05 12:18:16.525   545   548 D dalvikvm: GC_CONCURRENT freed 245K, 10% free 10644K/11719K, paused 1ms+3ms
07-05 12:18:16.627   545   548 D dalvikvm: GC_CONCURRENT freed 348K, 8% free 10800K/11719K, paused 2ms+3ms
07-05 12:18:16.814   545   548 D dalvikvm: GC_CONCURRENT freed 788K, 11% free 10501K/11719K, paused 2ms+2ms
07-05 12:18:16.881  1370 16905 E DictionaryProvider:UpdateHandler: Can't read a file : android.util.MalformedJsonException: Use JsonReader.setLenient(true) to accept malformed JSON at line 1 column 20
07-05 12:18:17.060   545   548 D dalvikvm: GC_CONCURRENT freed 441K, 11% free 10455K/11719K, paused 2ms+3ms
07-05 12:18:17.201   545 16908 I DownloadManager: Initiating request for download 1966
07-05 12:18:17.252   545   548 D dalvikvm: GC_CONCURRENT freed 395K, 11% free 10463K/11719K, paused 2ms+2ms
07-05 12:18:17.385   545   548 D dalvikvm: GC_CONCURRENT freed 189K, 9% free 10715K/11719K, paused 1ms+3ms
07-05 12:18:17.486   545   548 D dalvikvm: GC_CONCURRENT freed 437K, 9% free 10738K/11719K, paused 2ms+2ms
07-05 12:18:17.705   545   548 D dalvikvm: GC_CONCURRENT freed 733K, 11% free 10454K/11719K, paused 2ms+2ms
07-05 12:18:17.888   545   548 D dalvikvm: GC_CONCURRENT freed 414K, 11% free 10435K/11719K, paused 2ms+3ms
07-05 12:18:18.041   545 16911 I DownloadManager: Initiating request for download 1967
07-05 12:18:18.170   545   548 D dalvikvm: GC_CONCURRENT freed 272K, 10% free 10621K/11719K, paused 2ms+3ms
07-05 12:18:18.267   545   548 D dalvikvm: GC_CONCURRENT freed 324K, 8% free 10792K/11719K, paused 2ms+2ms
07-05 12:18:18.420   545   548 D dalvikvm: GC_CONCURRENT freed 772K, 11% free 10498K/11719K, paused 2ms+2ms
07-05 12:18:18.502  1370 16913 E DictionaryProvider:UpdateHandler: Can't read a file : android.util.MalformedJsonException: Use JsonReader.setLenient(true) to accept malformed JSON at line 1 column 20
07-05 12:18:18.654   545   548 D dalvikvm: GC_CONCURRENT freed 438K, 11% free 10455K/11719K, paused 2ms+3ms
07-05 12:18:18.838   545   548 D dalvikvm: GC_CONCURRENT freed 420K, 12% free 10430K/11719K, paused 2ms+2ms
07-05 12:18:18.877   545 16916 I DownloadManager: Initiating request for download 1967
07-05 12:18:19.041   545   548 D dalvikvm: GC_CONCURRENT freed 244K, 10% free 10653K/11719K, paused 1ms+3ms
07-05 12:18:19.138   545   548 D dalvikvm: GC_CONCURRENT freed 334K, 8% free 10819K/11719K, paused 2ms+4ms
07-05 12:18:19.322   545   548 D dalvikvm: GC_CONCURRENT freed 846K, 11% free 10458K/11719K, paused 2ms+3ms
07-05 12:18:19.517   545   548 D dalvikvm: GC_CONCURRENT freed 410K, 11% free 10439K/11719K, paused 2ms+2ms
07-05 12:18:19.642   545 16919 I DownloadManager: Initiating request for download 1968
07-05 12:18:19.744   545   548 D dalvikvm: GC_CONCURRENT freed 272K, 10% free 10625K/11719K, paused 2ms+3ms
07-05 12:18:19.842   545   548 D dalvikvm: GC_CONCURRENT freed 338K, 8% free 10783K/11719K, paused 2ms+3ms
07-05 12:18:20.002   156   628 D dalvikvm: GC_EXPLICIT freed 519K, 11% free 14208K/15879K, paused 3ms+5ms
07-05 12:18:20.076   545   548 D dalvikvm: GC_CONCURRENT freed 754K, 11% free 10509K/11719K, paused 2ms+3ms
07-05 12:18:20.154  1370 16921 E DictionaryProvider:UpdateHandler: Can't read a file : android.util.MalformedJsonException: Use JsonReader.setLenient(true) to accept malformed JSON at line 1 column 20
07-05 12:18:20.310   545   548 D dalvikvm: GC_CONCURRENT freed 461K, 11% free 10443K/11719K, paused 2ms+3ms
07-05 12:18:20.498   545   548 D dalvikvm: GC_CONCURRENT freed 419K, 12% free 10418K/11719K, paused 2ms+2ms
07-05 12:18:20.541   545 16924 I DownloadManager: Initiating request for download 1968
07-05 12:18:20.646   545   548 D dalvikvm: GC_CONCURRENT freed 198K, 9% free 10678K/11719K, paused 2ms+3ms
07-05 12:18:20.744   545   548 D dalvikvm: GC_CONCURRENT freed 322K, 8% free 10842K/11719K, paused 1ms+4ms
07-05 12:18:20.986   545   548 D dalvikvm: GC_CONCURRENT freed 889K, 11% free 10445K/11719K, paused 2ms+2ms
07-05 12:18:21.170   545   548 D dalvikvm: GC_CONCURRENT freed 405K, 12% free 10429K/11719K, paused 2ms+3ms
07-05 12:18:21.318   545 16927 I DownloadManager: Initiating request for download 1969
07-05 12:18:21.431   545   548 D dalvikvm: GC_CONCURRENT freed 281K, 10% free 10590K/11719K, paused 1ms+3ms
07-05 12:18:21.529   545   548 D dalvikvm: GC_CONCURRENT freed 314K, 9% free 10745K/11719K, paused 2ms+3ms
07-05 12:18:21.654   545   548 D dalvikvm: GC_CONCURRENT freed 729K, 11% free 10489K/11719K, paused 2ms+2ms
07-05 12:18:21.799  1370 16929 E DictionaryProvider:UpdateHandler: Can't read a file : android.util.MalformedJsonException: Use JsonReader.setLenient(true) to accept malformed JSON at line 1 column 20
07-05 12:18:21.845  1370  1372 D dalvikvm: GC_CONCURRENT freed 392K, 7% free 9127K/9735K, paused 2ms+2ms
07-05 12:18:21.916   545   548 D dalvikvm: GC_CONCURRENT freed 427K, 11% free 10454K/11719K, paused 2ms+3ms
07-05 12:18:22.099   545   548 D dalvikvm: GC_CONCURRENT freed 425K, 12% free 10424K/11719K, paused 2ms+2ms
07-05 12:18:22.162   545 16932 I DownloadManager: Initiating request for download 1969
07-05 12:18:22.256   545   548 D dalvikvm: GC_CONCURRENT freed 228K, 10% free 10648K/11719K, paused 2ms+2ms
07-05 12:18:22.357   545   548 D dalvikvm: GC_CONCURRENT freed 329K, 8% free 10834K/11719K, paused 2ms+3ms
07-05 12:18:22.560   545   548 D dalvikvm: GC_CONCURRENT freed 873K, 11% free 10450K/11719K, paused 2ms+3ms
07-05 12:18:22.760   545   548 D dalvikvm: GC_CONCURRENT freed 401K, 11% free 10443K/11719K, paused 1ms+3ms
07-05 12:18:22.912   545 16935 I DownloadManager: Initiating request for download 1970
07-05 12:18:22.982   545   548 D dalvikvm: GC_CONCURRENT freed 342K, 11% free 10500K/11719K, paused 1ms+2ms
07-05 12:18:23.088   545   548 D dalvikvm: GC_CONCURRENT freed 237K, 9% free 10737K/11719K, paused 2ms+3ms
07-05 12:18:23.209   545   548 D dalvikvm: GC_CONCURRENT freed 480K, 9% free 10734K/11719K, paused 1ms+2ms
07-05 12:18:23.353  1370 16937 E DictionaryProvider:UpdateHandler: Can't read a file : android.util.MalformedJsonException: Use JsonReader.setLenient(true) to accept malformed JSON at line 1 column 20
07-05 12:18:23.463   545   548 D dalvikvm: GC_CONCURRENT freed 735K, 11% free 10455K/11719K, paused 1ms+3ms
07-05 12:18:23.642   545   548 D dalvikvm: GC_CONCURRENT freed 423K, 12% free 10427K/11719K, paused 2ms+2ms
07-05 12:18:23.720   545 16940 I DownloadManager: Initiating request for download 1970
07-05 12:18:23.814   545   548 D dalvikvm: GC_CONCURRENT freed 238K, 10% free 10641K/11719K, paused 2ms+3ms
07-05 12:18:23.912   545   548 D dalvikvm: GC_CONCURRENT freed 333K, 8% free 10810K/11719K, paused 2ms+3ms
07-05 12:18:24.092   545   548 D dalvikvm: GC_CONCURRENT freed 803K, 11% free 10488K/11719K, paused 2ms+2ms
07-05 12:18:24.291   545   548 D dalvikvm: GC_CONCURRENT freed 443K, 11% free 10439K/11719K, paused 2ms+2ms
07-05 12:18:24.490   545 16943 I DownloadManager: Initiating request for download 1971
07-05 12:18:24.506   545   548 D dalvikvm: GC_CONCURRENT freed 384K, 11% free 10470K/11719K, paused 2ms+3ms
07-05 12:18:24.650   545   548 D dalvikvm: GC_CONCURRENT freed 207K, 9% free 10722K/11719K, paused 2ms+3ms
07-05 12:18:24.756   545   548 D dalvikvm: GC_CONCURRENT freed 441K, 9% free 10737K/11719K, paused 1ms+3ms
07-05 12:18:24.916  1370 16945 E DictionaryProvider:UpdateHandler: Can't read a file : android.util.MalformedJsonException: Use JsonReader.setLenient(true) to accept malformed JSON at line 1 column 20
07-05 12:18:25.013   545   548 D dalvikvm: GC_CONCURRENT freed 734K, 11% free 10457K/11719K, paused 2ms+3ms
07-05 12:18:25.209   545   548 D dalvikvm: GC_CONCURRENT freed 413K, 11% free 10440K/11719K, paused 2ms+2ms
07-05 12:18:25.299   545 16948 I DownloadManager: Initiating request for download 1971
07-05 12:18:25.396   545   548 D dalvikvm: GC_CONCURRENT freed 284K, 10% free 10620K/11719K, paused 2ms+3ms
07-05 12:18:25.490   545   548 D dalvikvm: GC_CONCURRENT freed 293K, 9% free 10775K/11719K, paused 1ms+3ms
07-05 12:18:25.654   545   548 D dalvikvm: GC_CONCURRENT freed 752K, 11% free 10502K/11719K, paused 1ms+2ms
07-05 12:18:25.857   545   548 D dalvikvm: GC_CONCURRENT freed 448K, 11% free 10448K/11719K, paused 1ms+2ms
07-05 12:18:26.029   545   548 D dalvikvm: GC_CONCURRENT freed 415K, 12% free 10428K/11719K, paused 2ms+2ms
07-05 12:18:26.099   545 16951 I DownloadManager: Initiating request for download 1972
07-05 12:18:26.209   545   548 D dalvikvm: GC_CONCURRENT freed 209K, 9% free 10676K/11719K, paused 2ms+3ms
07-05 12:18:26.314   545   548 D dalvikvm: GC_CONCURRENT freed 350K, 8% free 10853K/11719K, paused 2ms+4ms
07-05 12:18:26.517  1370 16953 E DictionaryProvider:UpdateHandler: Can't read a file : android.util.MalformedJsonException: Use JsonReader.setLenient(true) to accept malformed JSON at line 1 column 20
07-05 12:18:26.556   545   548 D dalvikvm: GC_CONCURRENT freed 879K, 11% free 10465K/11719K, paused 2ms+2ms
07-05 12:18:26.736   545   548 D dalvikvm: GC_CONCURRENT freed 417K, 11% free 10444K/11719K, paused 2ms+2ms
07-05 12:18:26.861   545 16956 I DownloadManager: Initiating request for download 1972
07-05 12:18:26.951   545   548 D dalvikvm: GC_CONCURRENT freed 297K, 10% free 10602K/11719K, paused 2ms+2ms
07-05 12:18:27.049   545   548 D dalvikvm: GC_CONCURRENT freed 310K, 9% free 10779K/11719K, paused 2ms+3ms
07-05 12:18:27.193   545   548 D dalvikvm: GC_CONCURRENT freed 756K, 11% free 10495K/11719K, paused 2ms+3ms
07-05 12:18:27.381   545   548 D dalvikvm: GC_CONCURRENT freed 396K, 11% free 10497K/11719K, paused 1ms+2ms
07-05 12:18:27.572   545   548 D dalvikvm: GC_CONCURRENT freed 422K, 11% free 10479K/11719K, paused 1ms+2ms
07-05 12:18:28.588   545 16958 I DownloadManager: Initiating request for download 1973
07-05 12:18:28.853   545   548 D dalvikvm: GC_CONCURRENT freed 309K, 10% free 10643K/11719K, paused 2ms+3ms
07-05 12:18:28.947   545   548 D dalvikvm: GC_CONCURRENT freed 344K, 8% free 10802K/11719K, paused 1ms+3ms
07-05 12:18:29.119   545   548 D dalvikvm: GC_CONCURRENT freed 787K, 11% free 10492K/11719K, paused 2ms+3ms
07-05 12:18:29.201  1370 16961 E DictionaryProvider:UpdateHandler: Can't read a file : android.util.MalformedJsonException: Use JsonReader.setLenient(true) to accept malformed JSON at line 1 column 20
07-05 12:18:29.232  1370  1372 D dalvikvm: GC_CONCURRENT freed 385K, 7% free 9129K/9735K, paused 2ms+2ms
07-05 12:18:29.369   545   548 D dalvikvm: GC_CONCURRENT freed 428K, 11% free 10452K/11719K, paused 2ms+2ms
07-05 12:18:29.494   545 16964 I DownloadManager: Initiating request for download 1973
07-05 12:18:29.592   545   548 D dalvikvm: GC_CONCURRENT freed 335K, 11% free 10508K/11719K, paused 2ms+2ms
07-05 12:18:29.693   545   548 D dalvikvm: GC_CONCURRENT freed 261K, 9% free 10719K/11719K, paused 2ms+3ms
07-05 12:18:29.803   545   548 D dalvikvm: GC_CONCURRENT freed 445K, 9% free 10743K/11719K, paused 2ms+3ms
07-05 12:18:30.029   545   548 D dalvikvm: GC_CONCURRENT freed 746K, 11% free 10466K/11719K, paused 2ms+3ms
07-05 12:18:30.217   545   548 D dalvikvm: GC_CONCURRENT freed 426K, 11% free 10446K/11719K, paused 2ms+2ms
07-05 12:18:30.295   545 16967 I DownloadManager: Initiating request for download 1974
07-05 12:18:30.455   545   548 D dalvikvm: GC_CONCURRENT freed 283K, 10% free 10659K/11719K, paused 1ms+3ms
07-05 12:18:30.549   545   548 D dalvikvm: GC_CONCURRENT freed 353K, 8% free 10811K/11719K, paused 2ms+3ms
07-05 12:18:30.732   545   548 D dalvikvm: GC_CONCURRENT freed 832K, 11% free 10465K/11719K, paused 2ms+2ms
07-05 12:18:30.783  1370 16969 E DictionaryProvider:UpdateHandler: Can't read a file : android.util.MalformedJsonException: Use JsonReader.setLenient(true) to accept malformed JSON at line 1 column 20
07-05 12:18:30.963   545   548 D dalvikvm: GC_CONCURRENT freed 406K, 11% free 10454K/11719K, paused 1ms+3ms
07-05 12:18:31.095   545 16972 I DownloadManager: Initiating request for download 1974
07-05 12:18:31.220   545   548 D dalvikvm: GC_CONCURRENT freed 365K, 11% free 10485K/11719K, paused 2ms+3ms
07-05 12:18:31.408   545   548 D dalvikvm: GC_CONCURRENT freed 407K, 11% free 10466K/11719K, paused 2ms+2ms
07-05 12:18:31.592   545   548 D dalvikvm: GC_CONCURRENT freed 407K, 11% free 10454K/11719K, paused 2ms+2ms
07-05 12:18:31.717   545 16974 I DownloadManager: Initiating request for download 1975
07-05 12:18:31.849   545   548 D dalvikvm: GC_CONCURRENT freed 327K, 11% free 10522K/11719K, paused 2ms+3ms
07-05 12:18:32.025   545   548 D dalvikvm: GC_CONCURRENT freed 416K, 11% free 10501K/11719K, paused 2ms+2ms
07-05 12:18:32.209   545   548 D dalvikvm: GC_CONCURRENT freed 408K, 11% free 10488K/11719K, paused 2ms+2ms
07-05 12:18:50.689   545   548 D dalvikvm: GC_CONCURRENT freed 296K, 10% free 10654K/11719K, paused 1ms+3ms
07-05 12:18:50.760   545   548 D dalvikvm: GC_CONCURRENT freed 310K, 8% free 10835K/11719K, paused 2ms+2ms
07-05 12:18:50.873   545   548 D dalvikvm: GC_CONCURRENT freed 670K, 9% free 10757K/11719K, paused 1ms+3ms
07-05 12:18:51.010   545   548 D dalvikvm: GC_CONCURRENT freed 434K, 8% free 10789K/11719K, paused 2ms+2ms
07-05 12:18:51.166  1370 16977 E DictionaryProvider:UpdateHandler: Can't read a file : android.util.MalformedJsonException: Use JsonReader.setLenient(true) to accept malformed JSON at line 1 column 20
07-05 12:18:51.291   545   548 D dalvikvm: GC_CONCURRENT freed 782K, 11% free 10478K/11719K, paused 1ms+2ms
07-05 12:18:51.474   545   548 D dalvikvm: GC_CONCURRENT freed 420K, 11% free 10456K/11719K, paused 1ms+2ms
07-05 12:18:51.576   545 16981 I DownloadManager: Initiating request for download 1975
07-05 12:18:51.580   545 16981 W DownloadManager: Aborting request for download 1975: Trying to resume a download that can't be resumed
07-05 12:18:51.760   545   548 D dalvikvm: GC_CONCURRENT freed 366K, 11% free 10478K/11719K, paused 2ms+3ms
07-05 12:18:51.951   545   548 D dalvikvm: GC_CONCURRENT freed 416K, 11% free 10457K/11719K, paused 2ms+2ms
07-05 12:18:52.138   545   548 D dalvikvm: GC_CONCURRENT freed 409K, 11% free 10454K/11719K, paused 2ms+2ms
07-05 12:18:53.373   545 16984 I DownloadManager: Initiating request for download 1976
07-05 12:18:53.498   545   548 D dalvikvm: GC_CONCURRENT freed 245K, 10% free 10640K/11719K, paused 2ms+3ms
07-05 12:18:53.592   545   548 D dalvikvm: GC_CONCURRENT freed 308K, 8% free 10785K/11719K, paused 1ms+3ms
07-05 12:18:53.732   545   548 D dalvikvm: GC_CONCURRENT freed 743K, 11% free 10507K/11719K, paused 2ms+2ms
07-05 12:18:53.830  1370 16986 E DictionaryProvider:UpdateHandler: Can't read a file : android.util.MalformedJsonException: Use JsonReader.setLenient(true) to accept malformed JSON at line 1 column 20
07-05 12:18:53.967   545   548 D dalvikvm: GC_CONCURRENT freed 437K, 11% free 10465K/11719K, paused 2ms+2ms
07-05 12:18:54.150   545   548 D dalvikvm: GC_CONCURRENT freed 418K, 11% free 10442K/11719K, paused 2ms+2ms
07-05 12:18:54.271   156   559 D dalvikvm: GC_EXPLICIT freed 517K, 11% free 14199K/15879K, paused 2ms+6ms
07-05 12:18:54.279   545 16989 I DownloadManager: Initiating request for download 1976
07-05 12:18:54.388   545   548 D dalvikvm: GC_CONCURRENT freed 221K, 9% free 10681K/11719K, paused 2ms+3ms
07-05 12:18:54.482   545   548 D dalvikvm: GC_CONCURRENT freed 361K, 8% free 10845K/11719K, paused 1ms+3ms
07-05 12:18:54.697   545   548 D dalvikvm: GC_CONCURRENT freed 879K, 11% free 10463K/11719K, paused 2ms+4ms
07-05 12:18:54.896   545   548 D dalvikvm: GC_CONCURRENT freed 425K, 11% free 10433K/11719K, paused 2ms+2ms
07-05 12:18:55.041   545 16992 I DownloadManager: Initiating request for download 1977
07-05 12:18:55.138   545   548 D dalvikvm: GC_CONCURRENT freed 298K, 10% free 10593K/11719K, paused 1ms+3ms
07-05 12:18:55.232   545   548 D dalvikvm: GC_CONCURRENT freed 314K, 9% free 10761K/11719K, paused 2ms+3ms
07-05 12:18:55.361   545   548 D dalvikvm: GC_CONCURRENT freed 741K, 11% free 10496K/11719K, paused 2ms+2ms
07-05 12:18:55.478  1370 16994 E DictionaryProvider:UpdateHandler: Can't read a file : android.util.MalformedJsonException: Use JsonReader.setLenient(true) to accept malformed JSON at line 1 column 20
07-05 12:18:55.513  1370  1372 D dalvikvm: GC_CONCURRENT freed 390K, 7% free 9127K/9735K, paused 1ms+2ms
07-05 12:18:55.631   545   548 D dalvikvm: GC_CONCURRENT freed 434K, 11% free 10457K/11719K, paused 2ms+2ms
07-05 12:18:55.810   545   548 D dalvikvm: GC_CONCURRENT freed 414K, 11% free 10431K/11719K, paused 2ms+2ms
07-05 12:18:55.885   545 16997 I DownloadManager: Initiating request for download 1977
07-05 12:18:55.998   545   548 D dalvikvm: GC_CONCURRENT freed 232K, 9% free 10710K/11719K, paused 2ms+3ms
07-05 12:18:56.099   545   548 D dalvikvm: GC_CONCURRENT freed 398K, 8% free 10838K/11719K, paused 2ms+3ms
07-05 12:18:56.322   545   548 D dalvikvm: GC_CONCURRENT freed 871K, 11% free 10456K/11719K, paused 2ms+2ms
07-05 12:18:56.502   545   548 D dalvikvm: GC_CONCURRENT freed 414K, 11% free 10436K/11719K, paused 2ms+2ms
07-05 12:18:56.646   545 17000 I DownloadManager: Initiating request for download 1978
07-05 12:18:56.740   545   548 D dalvikvm: GC_CONCURRENT freed 293K, 10% free 10595K/11719K, paused 2ms+3ms
07-05 12:18:56.834   545   548 D dalvikvm: GC_CONCURRENT freed 262K, 9% free 10748K/11719K, paused 2ms+2ms
07-05 12:18:56.951   545   548 D dalvikvm: GC_CONCURRENT freed 484K, 9% free 10744K/11719K, paused 2ms+2ms
07-05 12:18:57.103  1370 17002 E DictionaryProvider:UpdateHandler: Can't read a file : android.util.MalformedJsonException: Use JsonReader.setLenient(true) to accept malformed JSON at line 1 column 20
07-05 12:18:57.209   545   548 D dalvikvm: GC_CONCURRENT freed 744K, 11% free 10458K/11719K, paused 1ms+2ms
07-05 12:18:57.400   545   548 D dalvikvm: GC_CONCURRENT freed 412K, 11% free 10440K/11719K, paused 2ms+2ms
07-05 12:18:57.467   545 17005 I DownloadManager: Initiating request for download 1978
07-05 12:18:57.553   545   548 D dalvikvm: GC_CONCURRENT freed 229K, 10% free 10653K/11719K, paused 2ms+2ms
07-05 12:18:57.658   545   548 D dalvikvm: GC_CONCURRENT freed 327K, 8% free 10846K/11719K, paused 1ms+3ms
07-05 12:18:57.888   545 17005 D dalvikvm: GC_EXPLICIT freed 887K, 11% free 10510K/11719K, paused 2ms+3ms
07-05 12:18:58.076   545   548 D dalvikvm: GC_CONCURRENT freed 465K, 11% free 10440K/11719K, paused 1ms+3ms
07-05 12:18:58.220   545 17008 I DownloadManager: Initiating request for download 1979
07-05 12:18:58.295   545   548 D dalvikvm: GC_CONCURRENT freed 309K, 10% free 10589K/11719K, paused 2ms+3ms
07-05 12:18:58.396   545   548 D dalvikvm: GC_CONCURRENT freed 281K, 8% free 10792K/11719K, paused 2ms+3ms
07-05 12:18:58.529   545   548 D dalvikvm: GC_CONCURRENT freed 770K, 11% free 10502K/11719K, paused 2ms+2ms
07-05 12:18:58.607  1370 17010 E DictionaryProvider:UpdateHandler: Can't read a file : android.util.MalformedJsonException: Use JsonReader.setLenient(true) to accept malformed JSON at line 1 column 20
07-05 12:18:58.760   545   548 D dalvikvm: GC_CONCURRENT freed 438K, 11% free 10459K/11719K, paused 2ms+3ms
07-05 12:18:58.959   545   548 D dalvikvm: GC_CONCURRENT freed 418K, 11% free 10436K/11719K, paused 2ms+2ms
07-05 12:18:59.025   545 17013 I DownloadManager: Initiating request for download 1979
07-05 12:18:59.150   545   548 D dalvikvm: GC_CONCURRENT freed 244K, 10% free 10658K/11719K, paused 2ms+4ms
07-05 12:18:59.256   545   548 D dalvikvm: GC_CONCURRENT freed 342K, 8% free 10821K/11719K, paused 2ms+3ms
07-05 12:18:59.428   545   548 D dalvikvm: GC_CONCURRENT freed 800K, 11% free 10497K/11719K, paused 1ms+2ms
07-05 12:18:59.619   545   548 D dalvikvm: GC_CONCURRENT freed 443K, 11% free 10448K/11719K, paused 2ms+2ms
07-05 12:18:59.814   545 17016 I DownloadManager: Initiating request for download 1980
07-05 12:18:59.865   545   548 D dalvikvm: GC_CONCURRENT freed 376K, 11% free 10485K/11719K, paused 3ms+6ms
07-05 12:19:00.029   545   548 D dalvikvm: GC_CONCURRENT freed 220K, 9% free 10738K/11719K, paused 1ms+3ms
07-05 12:19:00.142   545   548 D dalvikvm: GC_CONCURRENT freed 465K, 9% free 10750K/11719K, paused 2ms+3ms
07-05 12:19:00.377  1370 17018 E DictionaryProvider:UpdateHandler: Can't read a file : android.util.MalformedJsonException: Use JsonReader.setLenient(true) to accept malformed JSON at line 1 column 20
07-05 12:19:00.392   545   548 D dalvikvm: GC_CONCURRENT freed 755K, 11% free 10480K/11719K, paused 2ms+2ms
07-05 12:19:00.588   545   548 D dalvikvm: GC_CONCURRENT freed 432K, 11% free 10442K/11719K, paused 2ms+2ms
07-05 12:19:00.666   545 17021 I DownloadManager: Initiating request for download 1980
07-05 12:19:00.760   545   548 D dalvikvm: GC_CONCURRENT freed 257K, 10% free 10649K/11719K, paused 1ms+3ms
07-05 12:19:00.861   545   548 D dalvikvm: GC_CONCURRENT freed 326K, 8% free 10825K/11719K, paused 1ms+3ms
07-05 12:19:01.033   545   548 D dalvikvm: GC_CONCURRENT freed 811K, 11% free 10501K/11719K, paused 1ms+3ms
07-05 12:19:01.228   545   548 D dalvikvm: GC_CONCURRENT freed 443K, 11% free 10454K/11719K, paused 2ms+2ms
07-05 12:19:01.459   545   548 D dalvikvm: GC_CONCURRENT freed 417K, 11% free 10469K/11719K, paused 2ms+3ms
07-05 12:19:01.459   545 17024 I DownloadManager: Initiating request for download 1981
07-05 12:19:01.592   545   548 D dalvikvm: GC_CONCURRENT freed 176K, 9% free 10714K/11719K, paused 2ms+2ms
07-05 12:19:01.689   545   548 D dalvikvm: GC_CONCURRENT freed 419K, 9% free 10753K/11719K, paused 2ms+2ms
07-05 12:19:01.881  1370 17026 E DictionaryProvider:UpdateHandler: Can't read a file : android.util.MalformedJsonException: Use JsonReader.setLenient(true) to accept malformed JSON at line 1 column 20
07-05 12:19:01.924  1370  1372 D dalvikvm: GC_CONCURRENT freed 387K, 7% free 9127K/9735K, paused 1ms+3ms
07-05 12:19:01.963   545   548 D dalvikvm: GC_CONCURRENT freed 751K, 11% free 10476K/11719K, paused 2ms+2ms
07-05 12:19:02.142   545   548 D dalvikvm: GC_CONCURRENT freed 422K, 11% free 10449K/11719K, paused 1ms+2ms
07-05 12:19:02.256   545 17029 I DownloadManager: Initiating request for download 1981
07-05 12:19:02.357   545   548 D dalvikvm: GC_CONCURRENT freed 317K, 10% free 10593K/11719K, paused 2ms+3ms
07-05 12:19:02.451   545   548 D dalvikvm: GC_CONCURRENT freed 307K, 9% free 10771K/11719K, paused 2ms+3ms
07-05 12:19:02.568   545   548 D dalvikvm: GC_CONCURRENT freed 751K, 11% free 10508K/11719K, paused 2ms+2ms
07-05 12:19:02.779   545   548 D dalvikvm: GC_CONCURRENT freed 442K, 11% free 10462K/11719K, paused 2ms+3ms
07-05 12:19:02.967   545   548 D dalvikvm: GC_CONCURRENT freed 414K, 11% free 10442K/11719K, paused 2ms+2ms
07-05 12:19:03.053   545 17032 I DownloadManager: Initiating request for download 1982
07-05 12:19:03.174   545   548 D dalvikvm: GC_CONCURRENT freed 227K, 9% free 10675K/11719K, paused 2ms+3ms
07-05 12:19:03.275   545   548 D dalvikvm: GC_CONCURRENT freed 354K, 8% free 10835K/11719K, paused 2ms+2ms
07-05 12:19:03.478  1370 17034 E DictionaryProvider:UpdateHandler: Can't read a file : android.util.MalformedJsonException: Use JsonReader.setLenient(true) to accept malformed JSON at line 1 column 20
07-05 12:19:03.482   545   548 D dalvikvm: GC_CONCURRENT freed 860K, 11% free 10480K/11719K, paused 2ms+3ms
07-05 12:19:03.689   545   548 D dalvikvm: GC_CONCURRENT freed 410K, 11% free 10457K/11719K, paused 1ms+2ms
07-05 12:19:03.830   545 17037 I DownloadManager: Initiating request for download 1982
07-05 12:19:03.881   545   548 D dalvikvm: GC_CONCURRENT freed 360K, 11% free 10518K/11719K, paused 2ms+3ms
07-05 12:19:03.982   545   548 D dalvikvm: GC_CONCURRENT freed 223K, 9% free 10755K/11719K, paused 2ms+3ms
07-05 12:19:04.103   545   548 D dalvikvm: GC_CONCURRENT freed 456K, 9% free 10760K/11719K, paused 2ms+2ms
07-05 12:19:04.322   545   548 D dalvikvm: GC_CONCURRENT freed 758K, 11% free 10465K/11719K, paused 1ms+2ms
07-05 12:19:04.502   545   548 D dalvikvm: GC_CONCURRENT freed 413K, 11% free 10447K/11719K, paused 2ms+2ms
07-05 12:19:04.611   545 17040 I DownloadManager: Initiating request for download 1983
07-05 12:19:04.709   545   548 D dalvikvm: GC_CONCURRENT freed 253K, 10% free 10652K/11719K, paused 2ms+3ms
07-05 12:19:04.806   545   548 D dalvikvm: GC_CONCURRENT freed 324K, 8% free 10834K/11719K, paused 1ms+3ms
07-05 12:19:04.974   545   548 D dalvikvm: GC_CONCURRENT freed 813K, 11% free 10510K/11719K, paused 2ms+2ms
07-05 12:19:05.037  1370 17042 E DictionaryProvider:UpdateHandler: Can't read a file : android.util.MalformedJsonException: Use JsonReader.setLenient(true) to accept malformed JSON at line 1 column 20
07-05 12:19:05.103  1370  1381 D dalvikvm: GC_EXPLICIT freed 244K, 7% free 9107K/9735K, paused 2ms+2ms
07-05 12:19:05.228   545   548 D dalvikvm: GC_CONCURRENT freed 437K, 11% free 10468K/11719K, paused 1ms+3ms
07-05 12:19:05.416   545   548 D dalvikvm: GC_CONCURRENT freed 411K, 11% free 10443K/11719K, paused 1ms+3ms
07-05 12:19:05.447   545 17045 I DownloadManager: Initiating request for download 1983
07-05 12:19:05.564   545   548 D dalvikvm: GC_CONCURRENT freed 190K, 9% free 10713K/11719K, paused 2ms+3ms
07-05 12:19:05.666   545   548 D dalvikvm: GC_CONCURRENT freed 343K, 8% free 10866K/11719K, paused 2ms+2ms
07-05 12:19:05.900   545   548 D dalvikvm: GC_CONCURRENT freed 894K, 11% free 10479K/11719K, paused 2ms+3ms
07-05 12:19:06.107   545   548 D dalvikvm: GC_CONCURRENT freed 422K, 11% free 10451K/11719K, paused 2ms+3ms
07-05 12:19:06.240   545 17048 I DownloadManager: Initiating request for download 1984
07-05 12:19:06.330   545   548 D dalvikvm: GC_CONCURRENT freed 263K, 10% free 10631K/11719K, paused 2ms+3ms
07-05 12:19:06.424   545   548 D dalvikvm: GC_CONCURRENT freed 275K, 8% free 10786K/11719K, paused 2ms+2ms
07-05 12:19:06.560   545   548 D dalvikvm: GC_CONCURRENT freed 766K, 11% free 10516K/11719K, paused 1ms+2ms
07-05 12:19:06.685  1370 17050 E DictionaryProvider:UpdateHandler: Can't read a file : android.util.MalformedJsonException: Use JsonReader.setLenient(true) to accept malformed JSON at line 1 column 20
07-05 12:19:06.806   545   548 D dalvikvm: GC_CONCURRENT freed 433K, 11% free 10478K/11719K, paused 2ms+3ms
07-05 12:19:06.986   545   548 D dalvikvm: GC_CONCURRENT freed 414K, 11% free 10452K/11719K, paused 2ms+2ms
07-05 12:19:07.060   545 17053 I DownloadManager: Initiating request for download 1984
07-05 12:19:07.166   545   548 D dalvikvm: GC_CONCURRENT freed 244K, 10% free 10660K/11719K, paused 2ms+3ms
07-05 12:19:07.263   545   548 D dalvikvm: GC_CONCURRENT freed 342K, 8% free 10827K/11719K, paused 2ms+4ms
07-05 12:19:07.447   545   548 D dalvikvm: GC_CONCURRENT freed 795K, 11% free 10513K/11719K, paused 2ms+2ms
07-05 12:19:07.650   545   548 D dalvikvm: GC_CONCURRENT freed 442K, 11% free 10466K/11719K, paused 2ms+3ms
07-05 12:19:07.822   545   548 D dalvikvm: GC_CONCURRENT freed 403K, 11% free 10451K/11719K, paused 1ms+2ms
07-05 12:19:07.955   156   403 D dalvikvm: GC_EXPLICIT freed 521K, 11% free 14195K/15879K, paused 3ms+5ms
07-05 12:19:07.959   545 17056 I DownloadManager: Initiating request for download 1985
07-05 12:19:08.099   545   548 D dalvikvm: GC_CONCURRENT freed 201K, 9% free 10716K/11719K, paused 2ms+4ms
07-05 12:19:08.209   545   548 D dalvikvm: GC_CONCURRENT freed 356K, 8% free 10858K/11719K, paused 3ms+3ms
07-05 12:19:08.412  1370 17058 E DictionaryProvider:UpdateHandler: Can't read a file : android.util.MalformedJsonException: Use JsonReader.setLenient(true) to accept malformed JSON at line 1 column 20
07-05 12:19:08.447   545   548 D dalvikvm: GC_CONCURRENT freed 887K, 11% free 10473K/11719K, paused 2ms+3ms
07-05 12:19:08.631   545   548 D dalvikvm: GC_CONCURRENT freed 419K, 11% free 10449K/11719K, paused 2ms+2ms
07-05 12:19:08.728   545 17060 I DownloadManager: Initiating request for download 1985
07-05 12:19:08.799   545   548 D dalvikvm: GC_CONCURRENT freed 278K, 10% free 10628K/11719K, paused 2ms+4ms
07-05 12:19:08.888   545   548 D dalvikvm: GC_CONCURRENT freed 296K, 8% free 10800K/11719K, paused 2ms+3ms
07-05 12:19:10.365   465 17059 D dalvikvm: GC_EXPLICIT freed 397K, 6% free 10503K/11079K, paused 24ms+3ms
07-05 12:19:10.533   545   548 D dalvikvm: GC_CONCURRENT freed 773K, 11% free 10504K/11719K, paused 1ms+2ms
07-05 12:19:10.736   545   548 D dalvikvm: GC_CONCURRENT freed 437K, 11% free 10466K/11719K, paused 1ms+2ms
07-05 12:19:10.928   545   548 D dalvikvm: GC_CONCURRENT freed 424K, 11% free 10436K/11719K, paused 1ms+2ms
07-05 12:19:11.025   545 17064 I DownloadManager: Initiating request for download 1986
07-05 12:19:11.209   545   548 D dalvikvm: GC_CONCURRENT freed 352K, 11% free 10480K/11719K, paused 2ms+2ms
07-05 12:19:11.388   545   548 D dalvikvm: GC_CONCURRENT freed 414K, 11% free 10461K/11719K, paused 2ms+2ms
07-05 12:19:11.572   545   548 D dalvikvm: GC_CONCURRENT freed 400K, 11% free 10448K/11719K, paused 2ms+2ms
07-05 12:19:18.291   545   548 D dalvikvm: GC_CONCURRENT freed 237K, 9% free 10672K/11719K, paused 1ms+3ms
07-05 12:19:18.377   545   548 D dalvikvm: GC_CONCURRENT freed 415K, 9% free 10699K/11719K, paused 2ms+2ms
07-05 12:19:18.603  1370 17067 E DictionaryProvider:UpdateHandler: Can't read a file : android.util.MalformedJsonException: Use JsonReader.setLenient(true) to accept malformed JSON at line 1 column 20
07-05 12:19:18.752   545   548 D dalvikvm: GC_CONCURRENT freed 665K, 11% free 10473K/11719K, paused 2ms+3ms
07-05 12:19:18.939   545   548 D dalvikvm: GC_CONCURRENT freed 415K, 11% free 10449K/11719K, paused 2ms+3ms
07-05 12:19:19.131   545   548 D dalvikvm: GC_CONCURRENT freed 396K, 11% free 10438K/11719K, paused 2ms+2ms
07-05 12:19:19.154   545 17070 I DownloadManager: Initiating request for download 1986
07-05 12:19:19.154   545 17070 W DownloadManager: Aborting request for download 1986: Trying to resume a download that can't be resumed
07-05 12:19:19.420   545   548 D dalvikvm: GC_CONCURRENT freed 361K, 11% free 10472K/11719K, paused 2ms+2ms
07-05 12:19:19.603   545   548 D dalvikvm: GC_CONCURRENT freed 412K, 11% free 10447K/11719K, paused 1ms+2ms
07-05 12:19:19.783   545 17073 I DownloadManager: Initiating request for download 1987
07-05 12:19:19.814   545   548 D dalvikvm: GC_CONCURRENT freed 375K, 11% free 10484K/11719K, paused 2ms+4ms
07-05 12:19:19.970   545   548 D dalvikvm: GC_CONCURRENT freed 219K, 9% free 10730K/11719K, paused 2ms+4ms
07-05 12:19:20.092   545   548 D dalvikvm: GC_CONCURRENT freed 443K, 9% free 10755K/11719K, paused 2ms+3ms
07-05 12:19:20.295  1370 17075 E DictionaryProvider:UpdateHandler: Can't read a file : android.util.MalformedJsonException: Use JsonReader.setLenient(true) to accept malformed JSON at line 1 column 20
07-05 12:19:20.330   545   548 D dalvikvm: GC_CONCURRENT freed 750K, 11% free 10481K/11719K, paused 2ms+2ms
07-05 12:19:20.385  1370  1372 D dalvikvm: GC_CONCURRENT freed 371K, 7% free 9127K/9735K, paused 2ms+2ms
07-05 12:19:20.549   545   548 D dalvikvm: GC_CONCURRENT freed 426K, 11% free 10449K/11719K, paused 2ms+2ms
07-05 12:19:20.650   545 17078 I DownloadManager: Initiating request for download 1987
07-05 12:19:20.752   545   548 D dalvikvm: GC_CONCURRENT freed 273K, 10% free 10634K/11719K, paused 2ms+2ms
07-05 12:19:20.857   545   548 D dalvikvm: GC_CONCURRENT freed 352K, 9% free 10779K/11719K, paused 1ms+3ms
07-05 12:19:20.990   545   548 D dalvikvm: GC_CONCURRENT freed 761K, 11% free 10508K/11719K, paused 1ms+2ms
07-05 12:19:21.197   545   548 D dalvikvm: GC_CONCURRENT freed 441K, 11% free 10463K/11719K, paused 2ms+2ms
07-05 12:19:21.381   545   548 D dalvikvm: GC_CONCURRENT freed 415K, 11% free 10442K/11719K, paused 2ms+2ms
07-05 12:19:21.455   545 17081 I DownloadManager: Initiating request for download 1988
07-05 12:19:21.580   545   548 D dalvikvm: GC_CONCURRENT freed 200K, 9% free 10698K/11719K, paused 2ms+3ms
07-05 12:19:21.674   545   548 D dalvikvm: GC_CONCURRENT freed 324K, 8% free 10849K/11719K, paused 2ms+3ms
07-05 12:19:21.892  1370 17083 E DictionaryProvider:UpdateHandler: Can't read a file : android.util.MalformedJsonException: Use JsonReader.setLenient(true) to accept malformed JSON at line 1 column 20
07-05 12:19:21.900   545   548 D dalvikvm: GC_CONCURRENT freed 878K, 11% free 10487K/11719K, paused 2ms+2ms
07-05 12:19:22.084   545   548 D dalvikvm: GC_CONCURRENT freed 420K, 11% free 10463K/11719K, paused 2ms+2ms
07-05 12:19:22.205   545 17085 I DownloadManager: Initiating request for download 1988
07-05 12:19:22.252   545   548 D dalvikvm: GC_CONCURRENT freed 346K, 11% free 10517K/11719K, paused 2ms+3ms
07-05 12:19:22.338   545   548 D dalvikvm: GC_CONCURRENT freed 221K, 9% free 10755K/11719K, paused 2ms+4ms
07-05 12:19:22.892   545   548 D dalvikvm: GC_CONCURRENT freed 692K, 11% free 10515K/11719K, paused 2ms+2ms
07-05 12:19:23.158   545   548 D dalvikvm: GC_CONCURRENT freed 438K, 11% free 10472K/11719K, paused 2ms+3ms
07-05 12:19:23.342   545   548 D dalvikvm: GC_CONCURRENT freed 416K, 11% free 10451K/11719K, paused 2ms+2ms
07-05 12:19:23.482   545 17089 I DownloadManager: Initiating request for download 1989
07-05 12:19:23.549   545   548 D dalvikvm: GC_CONCURRENT freed 318K, 11% free 10522K/11719K, paused 2ms+2ms
07-05 12:19:23.658   545   548 D dalvikvm: GC_CONCURRENT freed 238K, 9% free 10766K/11719K, paused 1ms+3ms
07-05 12:19:23.779   545   548 D dalvikvm: GC_CONCURRENT freed 486K, 9% free 10763K/11719K, paused 2ms+3ms
07-05 12:19:23.939  1370 17091 E DictionaryProvider:UpdateHandler: Can't read a file : android.util.MalformedJsonException: Use JsonReader.setLenient(true) to accept malformed JSON at line 1 column 20
07-05 12:19:24.037   545   548 D dalvikvm: GC_CONCURRENT freed 745K, 11% free 10477K/11719K, paused 2ms+3ms
07-05 12:19:24.220   545   548 D dalvikvm: GC_CONCURRENT freed 422K, 11% free 10449K/11719K, paused 2ms+2ms
07-05 12:19:24.303   545 17094 I DownloadManager: Initiating request for download 1989
07-05 12:19:24.420   545   548 D dalvikvm: GC_CONCURRENT freed 245K, 9% free 10712K/11719K, paused 2ms+2ms
07-05 12:19:24.525   545   548 D dalvikvm: GC_CONCURRENT freed 391K, 8% free 10859K/11719K, paused 2ms+3ms
07-05 12:19:24.713   545   548 D dalvikvm: GC_CONCURRENT freed 847K, 11% free 10513K/11719K, paused 2ms+2ms
07-05 12:19:24.916   545   548 D dalvikvm: GC_CONCURRENT freed 447K, 11% free 10460K/11719K, paused 2ms+3ms
07-05 12:19:25.092   545 17097 I DownloadManager: Initiating request for download 1990
07-05 12:19:25.166   545   548 D dalvikvm: GC_CONCURRENT freed 343K, 11% free 10524K/11719K, paused 5ms+2ms
07-05 12:19:25.271   545   548 D dalvikvm: GC_CONCURRENT freed 222K, 9% free 10761K/11719K, paused 2ms+2ms
07-05 12:19:25.392   545   548 D dalvikvm: GC_CONCURRENT freed 483K, 9% free 10765K/11719K, paused 2ms+2ms
07-05 12:19:25.564  1370 17099 E DictionaryProvider:UpdateHandler: Can't read a file : android.util.MalformedJsonException: Use JsonReader.setLenient(true) to accept malformed JSON at line 1 column 20
07-05 12:19:25.646   545   548 D dalvikvm: GC_CONCURRENT freed 743K, 11% free 10482K/11719K, paused 1ms+2ms
07-05 12:19:25.818   545   548 D dalvikvm: GC_CONCURRENT freed 414K, 11% free 10458K/11719K, paused 1ms+2ms
07-05 12:19:25.908   545 17102 I DownloadManager: Initiating request for download 1990
07-05 12:19:26.010   545   548 D dalvikvm: GC_CONCURRENT freed 258K, 10% free 10645K/11719K, paused 1ms+2ms
07-05 12:19:26.107   545   548 D dalvikvm: GC_CONCURRENT freed 337K, 8% free 10809K/11719K, paused 2ms+3ms
07-05 12:19:26.260   545   548 D dalvikvm: GC_CONCURRENT freed 774K, 11% free 10517K/11719K, paused 2ms+2ms
07-05 12:19:26.467   545   548 D dalvikvm: GC_CONCURRENT freed 442K, 11% free 10470K/11719K, paused 2ms+3ms
07-05 12:19:26.650   545   548 D dalvikvm: GC_CONCURRENT freed 414K, 11% free 10450K/11719K, paused 1ms+3ms
07-05 12:19:26.728   545 17105 I DownloadManager: Initiating request for download 1991
07-05 12:19:26.842   545   548 D dalvikvm: GC_CONCURRENT freed 201K, 9% free 10707K/11719K, paused 1ms+3ms
07-05 12:19:26.939   545   548 D dalvikvm: GC_CONCURRENT freed 358K, 8% free 10877K/11719K, paused 2ms+3ms
07-05 12:19:27.119  1370 17107 E DictionaryProvider:UpdateHandler: Can't read a file : android.util.MalformedJsonException: Use JsonReader.setLenient(true) to accept malformed JSON at line 1 column 20
07-05 12:19:27.193  1370  1372 D dalvikvm: GC_CONCURRENT freed 390K, 7% free 9125K/9735K, paused 1ms+2ms
07-05 12:19:27.209   545   548 D dalvikvm: GC_CONCURRENT freed 887K, 11% free 10498K/11719K, paused 2ms+3ms
07-05 12:19:27.396   545   548 D dalvikvm: GC_CONCURRENT freed 432K, 11% free 10461K/11719K, paused 2ms+2ms
07-05 12:19:27.510   545 17110 I DownloadManager: Initiating request for download 1991
07-05 12:19:27.592   545   548 D dalvikvm: GC_CONCURRENT freed 305K, 10% free 10605K/11719K, paused 1ms+3ms
07-05 12:19:27.693   545   548 D dalvikvm: GC_CONCURRENT freed 275K, 8% free 10792K/11719K, paused 2ms+3ms
07-05 12:19:27.822   545   548 D dalvikvm: GC_CONCURRENT freed 760K, 11% free 10521K/11719K, paused 2ms+2ms
07-05 12:19:28.033   545   548 D dalvikvm: GC_CONCURRENT freed 436K, 11% free 10477K/11719K, paused 2ms+3ms
07-05 12:19:28.224   545   548 D dalvikvm: GC_CONCURRENT freed 416K, 11% free 10456K/11719K, paused 1ms+3ms
07-05 12:19:28.330   545 17113 I DownloadManager: Initiating request for download 1992
07-05 12:19:28.447   545   548 D dalvikvm: GC_CONCURRENT freed 245K, 9% free 10670K/11719K, paused 2ms+3ms
07-05 12:19:28.549   545   548 D dalvikvm: GC_CONCURRENT freed 371K, 8% free 10848K/11719K, paused 2ms+4ms
07-05 12:19:28.752   545   548 D dalvikvm: GC_CONCURRENT freed 858K, 11% free 10489K/11719K, paused 1ms+3ms
07-05 12:19:28.830   545 15358 D dalvikvm: GC_EXPLICIT freed 45K, 11% free 10486K/11719K, paused 2ms+3ms
07-05 12:19:28.838  1370 17115 E DictionaryProvider:UpdateHandler: Can't read a file : android.util.MalformedJsonException: Use JsonReader.setLenient(true) to accept malformed JSON at line 1 column 20
07-05 12:19:29.045   545   548 D dalvikvm: GC_CONCURRENT freed 413K, 11% free 10468K/11719K, paused 1ms+2ms
07-05 12:19:29.170   545 17118 I DownloadManager: Initiating request for download 1992
07-05 12:19:29.220   545   548 D dalvikvm: GC_CONCURRENT freed 357K, 11% free 10530K/11719K, paused 2ms+3ms
07-05 12:19:29.322   545   548 D dalvikvm: GC_CONCURRENT freed 222K, 9% free 10768K/11719K, paused 2ms+3ms
07-05 12:19:29.447   545   548 D dalvikvm: GC_CONCURRENT freed 481K, 9% free 10775K/11719K, paused 1ms+2ms
07-05 12:19:29.681   545   548 D dalvikvm: GC_CONCURRENT freed 756K, 11% free 10482K/11719K, paused 1ms+2ms
07-05 12:19:29.861   545   548 D dalvikvm: GC_CONCURRENT freed 409K, 11% free 10461K/11719K, paused 1ms+2ms
07-05 12:19:29.978   545 17121 I DownloadManager: Initiating request for download 1993
07-05 12:19:30.088   545   548 D dalvikvm: GC_CONCURRENT freed 256K, 10% free 10663K/11719K, paused 1ms+2ms
07-05 12:19:30.181   545   548 D dalvikvm: GC_CONCURRENT freed 341K, 8% free 10830K/11719K, paused 2ms+3ms
07-05 12:19:30.338   545   548 D dalvikvm: GC_CONCURRENT freed 787K, 11% free 10523K/11719K, paused 1ms+2ms
07-05 12:19:30.439  1370 17123 E DictionaryProvider:UpdateHandler: Can't read a file : android.util.MalformedJsonException: Use JsonReader.setLenient(true) to accept malformed JSON at line 1 column 20
07-05 12:19:30.572   545   548 D dalvikvm: GC_CONCURRENT freed 436K, 11% free 10482K/11719K, paused 2ms+2ms
07-05 12:19:30.763   545   548 D dalvikvm: GC_CONCURRENT freed 419K, 11% free 10457K/11719K, paused 2ms+2ms
07-05 12:19:30.865   156   168 D dalvikvm: GC_EXPLICIT freed 501K, 11% free 14194K/15879K, paused 2ms+6ms
07-05 12:19:30.877   545 17126 I DownloadManager: Initiating request for download 1993
07-05 12:19:31.064   545   548 D dalvikvm: GC_CONCURRENT freed 355K, 11% free 10498K/11719K, paused 1ms+2ms
07-05 12:19:31.244   545   548 D dalvikvm: GC_CONCURRENT freed 428K, 11% free 10465K/11719K, paused 1ms+3ms
07-05 12:19:31.416   545   548 D dalvikvm: GC_CONCURRENT freed 404K, 11% free 10451K/11719K, paused 2ms+2ms
07-05 12:19:31.490   545 17128 I DownloadManager: Initiating request for download 1994
07-05 12:19:31.705   545   548 D dalvikvm: GC_CONCURRENT freed 349K, 11% free 10496K/11719K, paused 2ms+3ms
07-05 12:19:31.892   545   548 D dalvikvm: GC_CONCURRENT freed 409K, 11% free 10478K/11719K, paused 2ms+3ms
07-05 12:19:34.127   545   548 D dalvikvm: GC_CONCURRENT freed 386K, 11% free 10497K/11719K, paused 13ms+3ms
07-05 12:19:46.564   362   362 I wpa_supplicant: wlan0: CTRL-EVENT-DISCONNECTED bssid=d0:c2:82:67:23:30 reason=0
07-05 12:19:46.572    77   117 D CommandListener: Clearing all IP addresses on wlan0
07-05 12:19:46.631   156   330 D ConnectivityService: ConnectivityChange for WIFI: DISCONNECTED/DISCONNECTED
07-05 12:19:46.654   156   330 D ConnectivityService: Attempting to switch to mobile
07-05 12:19:46.654   156   330 D ConnectivityService: Attempting to switch to WIMAX
07-05 12:19:46.654   156   330 D ConnectivityService: Attempting to switch to BLUETOOTH_TETHER
07-05 12:19:46.662   156   330 E ConnectivityService: Exception trying to remove a route: java.lang.IllegalStateException: Unable to communicate with native dameon to add routes - com.android.server.NativeDaemonConnectorException: Cmd {interface route remove wlan0 default 128.205.59.254 32 0.0.0.0} failed with code 400 : {Failed to remove route from default table (No such process)}
07-05 12:19:46.666   156   330 D NetUtils: android_net_utils_resetConnections in env=0x6b2b60 clazz=0x93a00001 iface=wlan0 mask=0x3
07-05 12:19:46.666   156   330 E ConnectivityService: Exception trying to remove a route: java.lang.IllegalStateException: Unable to communicate with native dameon to add routes - com.android.server.NativeDaemonConnectorException: Cmd {interface route remove wlan0 default 0.0.0.0 0 128.205.59.254} failed with code 400 : {Failed to remove route from default table (No such process)}
07-05 12:19:46.666   156   330 D ConnectivityService: resetConnections(wlan0, 3)
07-05 12:19:46.779   482   486 D dalvikvm: GC_CONCURRENT freed 461K, 7% free 9503K/10119K, paused 2ms+5ms
07-05 12:19:46.803   545 17126 W DownloadManager: Aborting request for download 1993: while trying to execute request: java.net.SocketException: recvfrom failed: ETIMEDOUT (Connection timed out)
07-05 12:19:46.803   545 17128 W DownloadManager: Aborting request for download 1994: while trying to execute request: java.net.SocketException: recvfrom failed: ETIMEDOUT (Connection timed out)
07-05 12:19:46.806   682  1055 E GTalkService: connectionClosed: no XMPPConnection - That's strange!
07-05 12:19:46.838   414   416 D dalvikvm: GC_CONCURRENT freed 600K, 37% free 10255K/16263K, paused 2ms+2ms
07-05 12:19:46.838   156   330 D ConnectivityService: handleInetConditionChange: no active default network - ignore
07-05 12:19:47.170   362   362 I wpa_supplicant: wlan0: Trying to associate with d0:c2:82:66:69:d1 (SSID='UB_Secure' freq=2462 MHz)
07-05 12:19:47.541   545   548 D dalvikvm: GC_CONCURRENT freed 416K, 11% free 10477K/11719K, paused 2ms+3ms
07-05 12:19:47.720   545   548 D dalvikvm: GC_CONCURRENT freed 417K, 11% free 10455K/11719K, paused 2ms+2ms
07-05 12:19:47.900   545   548 D dalvikvm: GC_CONCURRENT freed 370K, 11% free 10480K/11719K, paused 2ms+3ms
07-05 12:19:48.127   545   548 D dalvikvm: GC_CONCURRENT freed 407K, 11% free 10466K/11719K, paused 2ms+2ms
07-05 12:19:48.306   545   548 D dalvikvm: GC_CONCURRENT freed 399K, 11% free 10454K/11719K, paused 2ms+2ms
07-05 12:19:49.717   156   333 D Tethering: MasterInitialState.processMessage what=3
07-05 12:19:49.799  1190  1190 I MediaUploader: No need to wake up
07-05 12:19:49.803   993   993 I PhoneLab-WiFiReceiver: Wi-Fi is disconnected!
07-05 12:19:49.806  1086  1105 D PicasaSyncManager: active network: null
07-05 12:19:49.806  1086  1105 D PicasaSyncManager: background data: true
07-05 12:19:53.267   156   330 D ConnectivityService: ConnectivityChange for mobile: CONNECTED/CONNECTED
07-05 12:19:53.322   156   326 D NetworkPolicy: applying policy NetworkPolicy[NetworkTemplate: matchRule=MOBILE_ALL, subscriberId=valid]: cycleDay=5, warningBytes=2147483648, limitBytes=-1, lastSnooze=-1 to ifaces [rmnet0]
07-05 12:19:54.267   156   330 D ConnectivityService: NetTransition Wakelock for WifiStateMachine released by timeout
07-05 12:19:56.322   156   333 D Tethering: MasterInitialState.processMessage what=3
07-05 12:19:56.388   682   682 I GTalkService/c: [AndroidEndpoint@1095403848] connect: acct=1000001, state=CONNECTING
07-05 12:19:56.420  1086  1105 D PicasaSyncManager: active network: NetworkInfo: type: mobile[CDMA - EvDo rev. A], state: CONNECTED/CONNECTED, reason: (unspecified), extra: , roaming: false, failover: true, isAvailable: true
07-05 12:19:56.431  1190  1190 I MediaUploader: No need to wake up
07-05 12:19:56.435  1086  1105 D PicasaSyncManager: background data: true
07-05 12:19:56.584   545   548 D dalvikvm: GC_CONCURRENT freed 368K, 11% free 10482K/11719K, paused 2ms+3ms
07-05 12:19:56.767   545   548 D dalvikvm: GC_CONCURRENT freed 415K, 11% free 10462K/11719K, paused 1ms+2ms
07-05 12:19:56.951   545   548 D dalvikvm: GC_CONCURRENT freed 408K, 11% free 10449K/11719K, paused 2ms+2ms
07-05 12:19:57.318   362   362 I wpa_supplicant: wlan0: Authentication with d0:c2:82:66:69:d1 timed out.
07-05 12:19:57.431   682   685 D dalvikvm: GC_CONCURRENT freed 382K, 9% free 10145K/11079K, paused 14ms+3ms
07-05 12:19:58.916   362   362 I wpa_supplicant: wlan0: Trying to associate with d0:c2:82:84:8d:50 (SSID='UB_Wireless' freq=2462 MHz)
07-05 12:19:58.947   362   362 I wpa_supplicant: wlan0: Associated with d0:c2:82:84:8d:50
07-05 12:19:58.947   362   362 I wpa_supplicant: wlan0: CTRL-EVENT-CONNECTED - Connection to d0:c2:82:84:8d:50 completed (reauth) [id=5 id_str=]
07-05 12:19:58.970   156   330 D ConnectivityService: handleInetConditionHoldEnd: net=0, condition=100, published condition=0
07-05 12:20:02.392   993  1240 I PhoneLab-: Service Running
07-05 12:20:02.470   993  1240 I PhoneLab-LoggerService: app_49    1247  993   1956   1584  c00f181c 400107b4 S logcat
07-05 12:20:02.470   993  1240 I PhoneLab-LoggerService: Logcat pid from database 1247
07-05 12:20:02.470   993  1240 I PhoneLab-LoggerService: Logcat process found 1247
07-05 12:20:02.470   993  1240 I PhoneLab-LoggerService: Checking Threshold
07-05 12:20:02.474   993  1240 I PhoneLab-LoggerService: Starting to rename files
07-05 12:20:02.474   993  1240 I PhoneLab-LoggerService: Files found .. 15
07-05 12:20:03.795   156   330 D ConnectivityService: ConnectivityChange for WIFI: CONNECTED/CONNECTED
07-05 12:20:03.795   156   330 D ConnectivityService: Policy requires mobile teardown
07-05 12:20:03.834   993   993 I PhoneLab-WiFiReceiver: Wi-Fi is connected!
07-05 12:20:03.834   993   993 I PhoneLab-WiFiReceiver: SSID: UB_Wireless BSSID: d0:c2:82:84:8d:50 RSSI: -200 LinkSpeed: -1
07-05 12:20:03.834   993   993 I PhoneLab-Locks: wake lock acquired
07-05 12:20:03.838   993   993 I PhoneLab-UploadLogs: Transfering log files now
07-05 12:20:03.869   156   330 D ConnectivityService: ConnectivityChange for mobile: DISCONNECTED/DISCONNECTED
07-05 12:20:03.869   156   330 D ConnectivityService: Attempting to switch to WIFI
07-05 12:20:03.869   156   330 D ConnectivityService: Attempting to switch to WIMAX
07-05 12:20:03.869   156   330 D ConnectivityService: Attempting to switch to BLUETOOTH_TETHER
07-05 12:20:03.881   156   325 W NetworkStats: dropping UID delta from unknown iface: iface=wlan0 uid=0 set=DEFAULT tag=0x0 rxBytes=0 rxPackets=0 txBytes=196 txPackets=3 operations=0
07-05 12:20:03.904   156   330 D NetUtils: android_net_utils_resetConnections in env=0x6b2b60 clazz=0xb6200001 iface=rmnet0 mask=0x3
07-05 12:20:03.904   156   330 D ConnectivityService: resetConnections(rmnet0, 3)
07-05 12:20:03.990   993   995 D dalvikvm: GC_CONCURRENT freed 432K, 14% free 9244K/10695K, paused 1ms+20ms
07-05 12:20:04.010   993   993 D dalvikvm: GC_FOR_ALLOC freed 215K, 12% free 9424K/10695K, paused 14ms
07-05 12:20:04.068   993   993 I PhoneLab-UploadLogs: OnStartCommand
07-05 12:20:04.068   993   995 D dalvikvm: GC_CONCURRENT freed 255K, 10% free 9680K/10695K, paused 2ms+12ms
07-05 12:20:04.111   156   158 D dalvikvm: GC_CONCURRENT freed 1139K, 11% free 14262K/15879K, paused 2ms+6ms
07-05 12:20:04.131   682 17135 W Smack/Packet: notify conn break (IOEx), close connection
07-05 12:20:04.146   993 17167 D dalvikvm: GC_FOR_ALLOC freed 308K, 10% free 9698K/10695K, paused 75ms
07-05 12:20:04.166   993 17167 D dalvikvm: GC_FOR_ALLOC freed 344K, 10% free 9656K/10695K, paused 12ms
07-05 12:20:04.178   993 17167 D dalvikvm: GC_FOR_ALLOC freed 301K, 10% free 9657K/10695K, paused 12ms
07-05 12:20:04.287   682 17135 I qtaguid : Failed write_ctrl(u 68) res=-1 errno=22
07-05 12:20:04.287   682 17135 I qtaguid : Untagging socket 68 failed errno=-22
07-05 12:20:04.291   682 17135 W NetworkManagementSocketTagger: untagSocket(68) failed with errno -22
07-05 12:20:04.314   156   330 D ConnectivityService: handleInetConditionChange: net=0 != default=1 - ignore
07-05 12:20:05.713   993 17167 W System.err: org.apache.http.client.ClientProtocolException
07-05 12:20:05.717   993 17167 W System.err: 	at org.apache.http.impl.client.AbstractHttpClient.execute(AbstractHttpClient.java:557)
07-05 12:20:05.717   993 17167 W System.err: 	at org.apache.http.impl.client.AbstractHttpClient.execute(AbstractHttpClient.java:487)
07-05 12:20:05.720   993 17167 W System.err: 	at com.loopj.android.http.AsyncHttpRequest.makeRequest(Unknown Source)
07-05 12:20:05.720   993 17167 W System.err: 	at com.loopj.android.http.AsyncHttpRequest.makeRequestWithRetries(Unknown Source)
07-05 12:20:05.724   993 17167 W System.err: 	at com.loopj.android.http.AsyncHttpRequest.run(Unknown Source)
07-05 12:20:05.724   993 17167 W System.err: 	at java.util.concurrent.Executors$RunnableAdapter.call(Executors.java:442)
07-05 12:20:05.724   993 17167 W System.err: 	at java.util.concurrent.FutureTask$Sync.innerRun(FutureTask.java:305)
07-05 12:20:05.728   993 17167 W System.err: 	at java.util.concurrent.FutureTask.run(FutureTask.java:137)
07-05 12:20:05.728   993 17167 W System.err: 	at java.util.concurrent.ThreadPoolExecutor.runWorker(ThreadPoolExecutor.java:1076)
07-05 12:20:05.732   993 17167 W System.err: 	at java.util.concurrent.ThreadPoolExecutor$Worker.run(ThreadPoolExecutor.java:569)
07-05 12:20:05.732   993 17167 W System.err: 	at java.lang.Thread.run(Thread.java:856)
07-05 12:20:05.736   993 17167 W System.err: Caused by: org.apache.http.client.NonRepeatableRequestException: Cannot retry request with a non-repeatable request entity
07-05 12:20:05.740   993 17167 W System.err: 	at org.apache.http.impl.client.DefaultRequestDirector.execute(DefaultRequestDirector.java:420)
07-05 12:20:05.740   993 17167 W System.err: 	at org.apache.http.impl.client.AbstractHttpClient.execute(AbstractHttpClient.java:555)
07-05 12:20:05.744   993 17167 W System.err: 	... 10 more
07-05 12:20:05.748   993   993 E PhoneLab-: Transfering 1341502082478.log failed
07-05 12:20:05.748   993   993 I PhoneLab-Locks: wake lock released
07-05 12:20:06.888   156   333 D Tethering: MasterInitialState.processMessage what=3
07-05 12:20:06.916   682   682 I GTalkService/c: [AndroidEndpoint@1095403848] connect: acct=1000001, state=CONNECTING
07-05 12:20:06.959  1086  1105 D PicasaSyncManager: active network: NetworkInfo: type: WIFI[], state: CONNECTED/CONNECTED, reason: (unspecified), extra: (none), roaming: false, failover: false, isAvailable: true
07-05 12:20:06.959  1086  1105 D PicasaSyncManager: background data: true
07-05 12:20:06.963   156   333 D Tethering: MasterInitialState.processMessage what=3
07-05 12:20:06.963   156   333 D Tethering: MasterInitialState.processMessage what=3
07-05 12:20:07.033   414   416 D dalvikvm: GC_CONCURRENT freed 433K, 38% free 10233K/16263K, paused 1ms+2ms
07-05 12:20:07.111  1190  1190 I MediaUploader: No need to wake up
07-05 12:20:07.119   414   416 D dalvikvm: GC_CONCURRENT freed 342K, 37% free 10349K/16263K, paused 1ms+2ms
07-05 12:20:07.178  1190  1190 I MediaUploader: No need to wake up
07-05 12:20:07.232  1190  1190 I MediaUploader: No need to wake up
07-05 12:20:07.279  1086  1105 D PicasaSyncManager: active network: NetworkInfo: type: WIFI[], state: CONNECTED/CONNECTED, reason: (unspecified), extra: (none), roaming: false, failover: false, isAvailable: true
07-05 12:20:07.287  1086  1105 D PicasaSyncManager: background data: true
07-05 12:20:07.431   545   548 D dalvikvm: GC_CONCURRENT freed 365K, 11% free 10480K/11719K, paused 2ms+2ms
07-05 12:20:07.627   545   548 D dalvikvm: GC_CONCURRENT freed 416K, 11% free 10459K/11719K, paused 2ms+2ms
07-05 12:20:07.818   545   548 D dalvikvm: GC_CONCURRENT freed 408K, 11% free 10446K/11719K, paused 1ms+2ms
07-05 12:20:07.912   545 17171 I DownloadManager: Initiating request for download 1993
07-05 12:20:07.912   545 17171 I DownloadManager: Skipping initiating request for download 1993; already completed
07-05 12:20:07.970   545 17173 I DownloadManager: Initiating request for download 1994
07-05 12:20:08.123   545   548 D dalvikvm: GC_CONCURRENT freed 247K, 10% free 10659K/11719K, paused 2ms+2ms
07-05 12:20:08.228   545   548 D dalvikvm: GC_CONCURRENT freed 321K, 8% free 10840K/11719K, paused 2ms+3ms
07-05 12:20:08.408   545   548 D dalvikvm: GC_CONCURRENT freed 814K, 11% free 10516K/11719K, paused 2ms+2ms
07-05 12:20:08.490  1370 17177 E DictionaryProvider:UpdateHandler: Can't read a file : android.util.MalformedJsonException: Use JsonReader.setLenient(true) to accept malformed JSON at line 1 column 20
07-05 12:20:08.635   545   548 D dalvikvm: GC_CONCURRENT freed 434K, 11% free 10470K/11719K, paused 2ms+3ms
07-05 12:20:08.834   545   548 D dalvikvm: GC_CONCURRENT freed 414K, 11% free 10455K/11719K, paused 2ms+2ms
07-05 12:20:08.881   545 17180 I DownloadManager: Initiating request for download 1994
07-05 12:20:08.986   545   548 D dalvikvm: GC_CONCURRENT freed 199K, 9% free 10712K/11719K, paused 2ms+3ms
07-05 12:20:09.084   545   548 D dalvikvm: GC_CONCURRENT freed 347K, 8% free 10876K/11719K, paused 2ms+3ms
07-05 12:20:09.299   545   548 D dalvikvm: GC_CONCURRENT freed 904K, 11% free 10473K/11719K, paused 2ms+2ms
07-05 12:20:09.494   545   548 D dalvikvm: GC_CONCURRENT freed 415K, 11% free 10453K/11719K, paused 1ms+2ms
07-05 12:20:09.670   545 17183 I DownloadManager: Initiating request for download 1995
07-05 12:20:09.771   545   548 D dalvikvm: GC_CONCURRENT freed 293K, 9% free 10698K/11719K, paused 2ms+4ms
07-05 12:20:09.877   545   548 D dalvikvm: GC_CONCURRENT freed 381K, 8% free 10849K/11719K, paused 2ms+3ms
07-05 12:20:09.986   414   416 D dalvikvm: GC_CONCURRENT freed 344K, 37% free 10400K/16263K, paused 1ms+3ms
07-05 12:20:10.111   545   548 D dalvikvm: GC_CONCURRENT freed 859K, 11% free 10482K/11719K, paused 2ms+6ms
07-05 12:20:10.181  1370 17185 E DictionaryProvider:UpdateHandler: Can't read a file : android.util.MalformedJsonException: Use JsonReader.setLenient(true) to accept malformed JSON at line 1 column 20
07-05 12:20:10.267  1370  1372 D dalvikvm: GC_CONCURRENT freed 387K, 7% free 9126K/9735K, paused 2ms+3ms
07-05 12:20:10.424   545   548 D dalvikvm: GC_CONCURRENT freed 397K, 11% free 10487K/11719K, paused 2ms+2ms
07-05 12:20:10.623   545   548 D dalvikvm: GC_CONCURRENT freed 427K, 11% free 10447K/11719K, paused 1ms+3ms
07-05 12:20:10.650   545 17188 I DownloadManager: Initiating request for download 1995
07-05 12:20:10.760   545   548 D dalvikvm: GC_CONCURRENT freed 183K, 9% free 10723K/11719K, paused 2ms+2ms
07-05 12:20:10.865   545   548 D dalvikvm: GC_CONCURRENT freed 326K, 8% free 10878K/11719K, paused 2ms+3ms
07-05 12:20:11.099   545   548 D dalvikvm: GC_CONCURRENT freed 904K, 11% free 10475K/11719K, paused 2ms+2ms
07-05 12:20:11.267   545   548 D dalvikvm: GC_CONCURRENT freed 415K, 11% free 10455K/11719K, paused 2ms+2ms
07-05 12:20:11.420   545 17191 I DownloadManager: Initiating request for download 1996
07-05 12:20:11.502   545   548 D dalvikvm: GC_CONCURRENT freed 298K, 10% free 10616K/11719K, paused 2ms+3ms
07-05 12:20:11.607   545   548 D dalvikvm: GC_CONCURRENT freed 304K, 8% free 10818K/11719K, paused 2ms+3ms
07-05 12:20:11.752   545   548 D dalvikvm: GC_CONCURRENT freed 777K, 11% free 10518K/11719K, paused 2ms+3ms
07-05 12:20:11.861  1370 17193 E DictionaryProvider:UpdateHandler: Can't read a file : android.util.MalformedJsonException: Use JsonReader.setLenient(true) to accept malformed JSON at line 1 column 20
07-05 12:20:11.990   545   548 D dalvikvm: GC_CONCURRENT freed 434K, 11% free 10480K/11719K, paused 1ms+2ms
07-05 12:20:12.170   545   548 D dalvikvm: GC_CONCURRENT freed 421K, 11% free 10453K/11719K, paused 2ms+2ms
07-05 12:20:12.248   545 17196 I DownloadManager: Initiating request for download 1996
07-05 12:20:12.342   545   548 D dalvikvm: GC_CONCURRENT freed 238K, 9% free 10676K/11719K, paused 1ms+3ms
07-05 12:20:12.447   545   548 D dalvikvm: GC_CONCURRENT freed 344K, 8% free 10867K/11719K, paused 1ms+3ms
07-05 12:20:12.650   545   548 D dalvikvm: GC_CONCURRENT freed 853K, 11% free 10525K/11719K, paused 2ms+2ms
07-05 12:20:12.838   545   548 D dalvikvm: GC_CONCURRENT freed 453K, 11% free 10467K/11719K, paused 2ms+2ms
07-05 12:20:13.021   545 17199 I DownloadManager: Initiating request for download 1997
07-05 12:20:13.033   545   548 D dalvikvm: GC_CONCURRENT freed 367K, 11% free 10500K/11719K, paused 2ms+3ms
07-05 12:20:13.158   545   548 D dalvikvm: GC_CONCURRENT freed 204K, 9% free 10755K/11719K, paused 1ms+3ms
07-05 12:20:13.271   545   548 D dalvikvm: GC_CONCURRENT freed 460K, 9% free 10777K/11719K, paused 2ms+3ms
07-05 12:20:13.431  1370 17201 E DictionaryProvider:UpdateHandler: Can't read a file : android.util.MalformedJsonException: Use JsonReader.setLenient(true) to accept malformed JSON at line 1 column 20
07-05 12:20:13.525   545   548 D dalvikvm: GC_CONCURRENT freed 760K, 11% free 10489K/11719K, paused 1ms+2ms
07-05 12:20:13.705   545   548 D dalvikvm: GC_CONCURRENT freed 423K, 11% free 10461K/11719K, paused 1ms+2ms
07-05 12:20:13.806   545 17204 I DownloadManager: Initiating request for download 1997
07-05 12:20:13.892   545   548 D dalvikvm: GC_CONCURRENT freed 279K, 10% free 10641K/11719K, paused 1ms+3ms
07-05 12:20:13.994   545   548 D dalvikvm: GC_CONCURRENT freed 321K, 8% free 10823K/11719K, paused 2ms+3ms
07-05 12:20:14.146   545   548 D dalvikvm: GC_CONCURRENT freed 788K, 11% free 10524K/11719K, paused 2ms+3ms
07-05 12:20:14.353   545   548 D dalvikvm: GC_CONCURRENT freed 442K, 11% free 10476K/11719K, paused 2ms+2ms
07-05 12:20:14.533   545   548 D dalvikvm: GC_CONCURRENT freed 406K, 11% free 10458K/11719K, paused 1ms+2ms
07-05 12:20:14.681   156   167 D dalvikvm: GC_EXPLICIT freed 614K, 11% free 14203K/15879K, paused 2ms+6ms
07-05 12:20:14.689   545 17207 I DownloadManager: Initiating request for download 1998
07-05 12:20:14.787   545   548 D dalvikvm: GC_CONCURRENT freed 209K, 9% free 10689K/11719K, paused 2ms+3ms
07-05 12:20:14.888   545   548 D dalvikvm: GC_CONCURRENT freed 351K, 8% free 10854K/11719K, paused 2ms+3ms
07-05 12:20:15.080   545   548 D dalvikvm: GC_CONCURRENT freed 875K, 11% free 10479K/11719K, paused 1ms+2ms
07-05 12:20:15.146  1370 17209 E DictionaryProvider:UpdateHandler: Can't read a file : android.util.MalformedJsonException: Use JsonReader.setLenient(true) to accept malformed JSON at line 1 column 20
07-05 12:20:15.318   545   548 D dalvikvm: GC_CONCURRENT freed 404K, 11% free 10469K/11719K, paused 2ms+2ms
07-05 12:20:15.478   545 17212 I DownloadManager: Initiating request for download 1998
07-05 12:20:15.510   545   548 D dalvikvm: GC_CONCURRENT freed 409K, 11% free 10498K/11719K, paused 2ms+3ms
07-05 12:20:15.638   545   548 D dalvikvm: GC_CONCURRENT freed 204K, 9% free 10752K/11719K, paused 2ms+2ms
07-05 12:20:15.748   545   548 D dalvikvm: GC_CONCURRENT freed 462K, 9% free 10772K/11719K, paused 2ms+3ms
07-05 12:20:15.970   545   548 D dalvikvm: GC_CONCURRENT freed 765K, 11% free 10474K/11719K, paused 2ms+2ms
07-05 12:20:16.154   545   548 D dalvikvm: GC_CONCURRENT freed 414K, 11% free 10455K/11719K, paused 2ms+3ms
07-05 12:20:16.299   545 17215 I DownloadManager: Initiating request for download 1999
07-05 12:20:16.388   545   548 D dalvikvm: GC_CONCURRENT freed 261K, 10% free 10614K/11719K, paused 2ms+2ms
07-05 12:20:16.482   545   548 D dalvikvm: GC_CONCURRENT freed 321K, 8% free 10824K/11719K, paused 2ms+3ms
07-05 12:20:16.642   545   548 D dalvikvm: GC_CONCURRENT freed 786K, 11% free 10519K/11719K, paused 2ms+2ms
07-05 12:20:16.732  1370 17217 E DictionaryProvider:UpdateHandler: Can't read a file : android.util.MalformedJsonException: Use JsonReader.setLenient(true) to accept malformed JSON at line 1 column 20
07-05 12:20:16.806  1370  1372 D dalvikvm: GC_CONCURRENT freed 388K, 7% free 9126K/9735K, paused 1ms+2ms
07-05 12:20:16.900   545   548 D dalvikvm: GC_CONCURRENT freed 435K, 11% free 10480K/11719K, paused 2ms+2ms
07-05 12:20:17.084   545   548 D dalvikvm: GC_CONCURRENT freed 421K, 11% free 10453K/11719K, paused 2ms+2ms
07-05 12:20:17.150   545 17220 I DownloadManager: Initiating request for download 1999
07-05 12:20:17.240   545   548 D dalvikvm: GC_CONCURRENT freed 224K, 9% free 10683K/11719K, paused 1ms+2ms
07-05 12:20:17.349   545   548 D dalvikvm: GC_CONCURRENT freed 338K, 7% free 10923K/11719K, paused 2ms+3ms
07-05 12:20:17.568   545   548 D dalvikvm: GC_CONCURRENT freed 964K, 11% free 10477K/11719K, paused 2ms+2ms
07-05 12:20:17.748   545   548 D dalvikvm: GC_CONCURRENT freed 409K, 11% free 10460K/11719K, paused 2ms+2ms
07-05 12:20:17.900   545 17223 I DownloadManager: Initiating request for download 2000
07-05 12:20:17.982   545   548 D dalvikvm: GC_CONCURRENT freed 311K, 10% free 10596K/11719K, paused 2ms+2ms
07-05 12:20:18.084   545   548 D dalvikvm: GC_CONCURRENT freed 282K, 8% free 10800K/11719K, paused 2ms+2ms
07-05 12:20:18.205   545   548 D dalvikvm: GC_CONCURRENT freed 774K, 11% free 10523K/11719K, paused 2ms+2ms
07-05 12:20:18.349  1370 17225 E DictionaryProvider:UpdateHandler: Can't read a file : android.util.MalformedJsonException: Use JsonReader.setLenient(true) to accept malformed JSON at line 1 column 20
07-05 12:20:18.463   545   548 D dalvikvm: GC_CONCURRENT freed 429K, 11% free 10486K/11719K, paused 2ms+3ms
07-05 12:20:18.646   545   548 D dalvikvm: GC_CONCURRENT freed 413K, 11% free 10463K/11719K, paused 2ms+2ms
07-05 12:20:18.728   545 17228 I DownloadManager: Initiating request for download 2000
07-05 12:20:18.810   545   548 D dalvikvm: GC_CONCURRENT freed 260K, 10% free 10663K/11719K, paused 1ms+3ms
07-05 12:20:18.912   545   548 D dalvikvm: GC_CONCURRENT freed 325K, 8% free 10849K/11719K, paused 2ms+4ms
07-05 12:20:19.095   545   548 D dalvikvm: GC_CONCURRENT freed 827K, 11% free 10520K/11719K, paused 2ms+3ms
07-05 12:20:19.318   545   548 D dalvikvm: GC_CONCURRENT freed 443K, 11% free 10472K/11719K, paused 2ms+2ms
07-05 12:20:19.502   545   548 D dalvikvm: GC_CONCURRENT freed 412K, 11% free 10455K/11719K, paused 2ms+2ms
07-05 12:20:19.564   545 17231 I DownloadManager: Initiating request for download 2001
07-05 12:20:19.666   545   548 D dalvikvm: GC_CONCURRENT freed 189K, 9% free 10727K/11719K, paused 2ms+2ms
07-05 12:20:19.771   545   548 D dalvikvm: GC_CONCURRENT freed 331K, 7% free 10902K/11719K, paused 2ms+3ms
07-05 12:20:19.978   545   548 D dalvikvm: GC_CONCURRENT freed 899K, 11% free 10514K/11719K, paused 2ms+2ms
07-05 12:20:20.162   545   548 D dalvikvm: GC_CONCURRENT freed 408K, 11% free 10501K/11719K, paused 1ms+3ms
07-05 12:20:20.740   545   548 D dalvikvm: GC_CONCURRENT freed 364K, 11% free 10527K/11719K, paused 1ms+2ms
07-05 12:20:20.916   545   548 D dalvikvm: GC_CONCURRENT freed 415K, 11% free 10508K/11719K, paused 2ms+2ms
07-05 12:20:21.099   545   548 D dalvikvm: GC_CONCURRENT freed 410K, 11% free 10492K/11719K, paused 2ms+2ms
07-05 12:20:21.588  1370 17233 E DictionaryProvider:UpdateHandler: Can't read a file : android.util.MalformedJsonException: Use JsonReader.setLenient(true) to accept malformed JSON at line 1 column 20
07-05 12:20:21.838   545   548 D dalvikvm: GC_CONCURRENT freed 386K, 11% free 10502K/11719K, paused 2ms+3ms
07-05 12:20:22.025   545   548 D dalvikvm: GC_CONCURRENT freed 424K, 11% free 10473K/11719K, paused 2ms+2ms
07-05 12:20:22.205   545   548 D dalvikvm: GC_CONCURRENT freed 407K, 11% free 10461K/11719K, paused 2ms+2ms
07-05 12:20:22.334   545 17236 I DownloadManager: Initiating request for download 2002
07-05 12:20:22.036   156   530 I ActivityManager: Start proc com.android.deskclock for broadcast com.android.deskclock/.AlarmInitReceiver: pid=17239 uid=10080 gids={}
07-05 12:20:22.428   156   628 D AlarmManagerService: Kernel timezone updated to 240 minutes west of GMT
07-05 12:20:22.431   482   482 D SystemClock: Setting time of day to sec=1341505222
07-05 12:20:22.071 17239 17239 I ActivityThread: Pub com.android.deskclock: com.android.deskclock.AlarmProvider
07-05 12:20:22.091 17239 17252 E SQLiteOpenHelper: Couldn't open alarms.db for writing (will try read-only):
07-05 12:20:22.091 17239 17252 E SQLiteOpenHelper: android.database.sqlite.SQLiteException: Can't downgrade database from version 7 to 5
07-05 12:20:22.091 17239 17252 E SQLiteOpenHelper: 	at android.database.sqlite.SQLiteOpenHelper.onDowngrade(SQLiteOpenHelper.java:307)
07-05 12:20:22.091 17239 17252 E SQLiteOpenHelper: 	at android.database.sqlite.SQLiteOpenHelper.getWritableDatabase(SQLiteOpenHelper.java:168)
07-05 12:20:22.091 17239 17252 E SQLiteOpenHelper: 	at android.database.sqlite.SQLiteOpenHelper.getReadableDatabase(SQLiteOpenHelper.java:231)
07-05 12:20:22.091 17239 17252 E SQLiteOpenHelper: 	at com.android.deskclock.AlarmProvider.query(AlarmProvider.java:72)
07-05 12:20:22.091 17239 17252 E SQLiteOpenHelper: 	at android.content.ContentProvider$Transport.query(ContentProvider.java:178)
07-05 12:20:22.091 17239 17252 E SQLiteOpenHelper: 	at android.content.ContentResolver.query(ContentResolver.java:311)
07-05 12:20:22.091 17239 17252 E SQLiteOpenHelper: 	at com.android.deskclock.Alarms.getFilteredAlarmsCursor(Alarms.java:143)
07-05 12:20:22.091 17239 17252 E SQLiteOpenHelper: 	at com.android.deskclock.Alarms.disableExpiredAlarms(Alarms.java:352)
07-05 12:20:22.091 17239 17252 E SQLiteOpenHelper: 	at com.android.deskclock.AlarmInitReceiver$1.run(AlarmInitReceiver.java:45)
07-05 12:20:22.091 17239 17252 E SQLiteOpenHelper: 	at android.os.Handler.handleCallback(Handler.java:605)
07-05 12:20:22.091 17239 17252 E SQLiteOpenHelper: 	at android.os.Handler.dispatchMessage(Handler.java:92)
07-05 12:20:22.091 17239 17252 E SQLiteOpenHelper: 	at android.os.Looper.loop(Looper.java:137)
07-05 12:20:22.091 17239 17252 E SQLiteOpenHelper: 	at android.os.HandlerThread.run(HandlerThread.java:60)
07-05 12:20:22.094 17239 17252 W dalvikvm: threadid=11: thread exiting with uncaught exception (group=0x40a5c1f8)
07-05 12:20:22.094 17239 17252 E AndroidRuntime: FATAL EXCEPTION: AsyncHandler
07-05 12:20:22.094 17239 17252 E AndroidRuntime: android.database.sqlite.SQLiteException: Can't upgrade read-only database from version 7 to 5: /data/data/com.android.deskclock/databases/alarms.db
07-05 12:20:22.094 17239 17252 E AndroidRuntime: 	at android.database.sqlite.SQLiteOpenHelper.getReadableDatabase(SQLiteOpenHelper.java:244)
07-05 12:20:22.094 17239 17252 E AndroidRuntime: 	at com.android.deskclock.AlarmProvider.query(AlarmProvider.java:72)
07-05 12:20:22.094 17239 17252 E AndroidRuntime: 	at android.content.ContentProvider$Transport.query(ContentProvider.java:178)
07-05 12:20:22.094 17239 17252 E AndroidRuntime: 	at android.content.ContentResolver.query(ContentResolver.java:311)
07-05 12:20:22.094 17239 17252 E AndroidRuntime: 	at com.android.deskclock.Alarms.getFilteredAlarmsCursor(Alarms.java:143)
07-05 12:20:22.094 17239 17252 E AndroidRuntime: 	at com.android.deskclock.Alarms.disableExpiredAlarms(Alarms.java:352)
07-05 12:20:22.094 17239 17252 E AndroidRuntime: 	at com.android.deskclock.AlarmInitReceiver$1.run(AlarmInitReceiver.java:45)
07-05 12:20:22.094 17239 17252 E AndroidRuntime: 	at android.os.Handler.handleCallback(Handler.java:605)
07-05 12:20:22.094 17239 17252 E AndroidRuntime: 	at android.os.Handler.dispatchMessage(Handler.java:92)
07-05 12:20:22.094 17239 17252 E AndroidRuntime: 	at android.os.Looper.loop(Looper.java:137)
07-05 12:20:22.094 17239 17252 E AndroidRuntime: 	at android.os.HandlerThread.run(HandlerThread.java:60)
07-05 12:20:22.134 17239 17252 I Process : Sending signal. PID: 17239 SIG: 9
07-05 12:20:22.149   156   593 I ActivityManager: Process com.android.deskclock (pid 17239) has died.
07-05 12:20:22.219   156   593 D dalvikvm: GC_FOR_ALLOC freed 323K, 11% free 14189K/15879K, paused 50ms
07-05 12:20:22.223   156   593 I dalvikvm-heap: Grow heap (frag case) to 14.054MB for 129616-byte allocation
07-05 12:20:22.278   156   594 D dalvikvm: GC_FOR_ALLOC freed 18K, 11% free 14298K/16007K, paused 46ms
07-05 12:20:22.301   545   548 D dalvikvm: GC_CONCURRENT freed 242K, 9% free 10721K/11719K, paused 1ms+12ms
07-05 12:20:22.415   545   548 D dalvikvm: GC_CONCURRENT freed 340K, 7% free 10930K/11719K, paused 1ms+3ms
07-05 12:20:22.634   545   548 D dalvikvm: GC_CONCURRENT freed 971K, 11% free 10481K/11719K, paused 2ms+3ms
07-05 12:20:22.673  1370 17254 E DictionaryProvider:UpdateHandler: Can't read a file : android.util.MalformedJsonException: Use JsonReader.setLenient(true) to accept malformed JSON at line 1 column 20
07-05 12:20:22.856   545   548 D dalvikvm: GC_CONCURRENT freed 405K, 11% free 10472K/11719K, paused 1ms+3ms
07-05 12:20:22.981   545 17257 I DownloadManager: Initiating request for download 2002
07-05 12:20:23.044   545   548 D dalvikvm: GC_CONCURRENT freed 357K, 10% free 10551K/11719K, paused 2ms+2ms
07-05 12:20:23.141   545   548 D dalvikvm: GC_CONCURRENT freed 234K, 9% free 10776K/11719K, paused 2ms+2ms
07-05 12:20:23.262   545   548 D dalvikvm: GC_CONCURRENT freed 489K, 9% free 10778K/11719K, paused 2ms+3ms
07-05 12:20:23.501   545   548 D dalvikvm: GC_CONCURRENT freed 770K, 11% free 10477K/11719K, paused 1ms+2ms
07-05 12:20:23.680   545   548 D dalvikvm: GC_CONCURRENT freed 414K, 11% free 10458K/11719K, paused 2ms+3ms
07-05 12:20:23.786   545 17260 I DownloadManager: Initiating request for download 2003
07-05 12:20:23.876   545   548 D dalvikvm: GC_CONCURRENT freed 243K, 9% free 10669K/11719K, paused 2ms+3ms
07-05 12:20:23.981   545   548 D dalvikvm: GC_CONCURRENT freed 328K, 8% free 10866K/11719K, paused 2ms+3ms
07-05 12:20:24.180   545   548 D dalvikvm: GC_CONCURRENT freed 878K, 11% free 10490K/11719K, paused 1ms+3ms
07-05 12:20:24.227  1370 17262 E DictionaryProvider:UpdateHandler: Can't read a file : android.util.MalformedJsonException: Use JsonReader.setLenient(true) to accept malformed JSON at line 1 column 20
07-05 12:20:24.419   545   548 D dalvikvm: GC_CONCURRENT freed 402K, 11% free 10479K/11719K, paused 2ms+3ms
07-05 12:20:24.614   545   548 D dalvikvm: GC_CONCURRENT freed 418K, 11% free 10455K/11719K, paused 2ms+4ms
07-05 12:20:24.645   545 17265 I DownloadManager: Initiating request for download 2003
07-05 12:20:24.759   545   548 D dalvikvm: GC_CONCURRENT freed 190K, 8% free 10801K/11719K, paused 2ms+3ms
07-05 12:20:24.880   545   548 D dalvikvm: GC_CONCURRENT freed 497K, 8% free 10804K/11719K, paused 2ms+3ms
07-05 12:20:25.036  1370  1372 D dalvikvm: GC_CONCURRENT freed 390K, 7% free 9127K/9735K, paused 1ms+2ms
07-05 12:20:25.130   545   548 D dalvikvm: GC_CONCURRENT freed 801K, 11% free 10480K/11719K, paused 2ms+2ms
07-05 12:20:25.325   545   548 D dalvikvm: GC_CONCURRENT freed 414K, 11% free 10462K/11719K, paused 2ms+2ms
07-05 12:20:25.442   545 17268 I DownloadManager: Initiating request for download 2004
07-05 12:20:25.524   545   548 D dalvikvm: GC_CONCURRENT freed 271K, 10% free 10648K/11719K, paused 2ms+3ms
07-05 12:20:25.626   545   548 D dalvikvm: GC_CONCURRENT freed 324K, 8% free 10829K/11719K, paused 2ms+3ms
07-05 12:20:25.782   545   548 D dalvikvm: GC_CONCURRENT freed 792K, 11% free 10537K/11719K, paused 2ms+2ms
07-05 12:20:25.852  1370 17270 E DictionaryProvider:UpdateHandler: Can't read a file : android.util.MalformedJsonException: Use JsonReader.setLenient(true) to accept malformed JSON at line 1 column 20
07-05 12:20:26.016   545   548 D dalvikvm: GC_CONCURRENT freed 447K, 11% free 10486K/11719K, paused 1ms+2ms
07-05 12:20:26.196   545   548 D dalvikvm: GC_CONCURRENT freed 420K, 11% free 10461K/11719K, paused 2ms+2ms
07-05 12:20:26.266   545 17273 I DownloadManager: Initiating request for download 2004
07-05 12:20:26.356   545   548 D dalvikvm: GC_CONCURRENT freed 206K, 9% free 10682K/11719K, paused 2ms+3ms
07-05 12:20:26.458   545   548 D dalvikvm: GC_CONCURRENT freed 304K, 8% free 10856K/11719K, paused 2ms+3ms
07-05 12:20:26.645   545   548 D dalvikvm: GC_CONCURRENT freed 830K, 11% free 10523K/11719K, paused 2ms+2ms
07-05 12:20:26.837   545   548 D dalvikvm: GC_CONCURRENT freed 442K, 11% free 10476K/11719K, paused 1ms+2ms
07-05 12:20:27.020   545   548 D dalvikvm: GC_CONCURRENT freed 413K, 11% free 10458K/11719K, paused 2ms+2ms
07-05 12:20:27.106   545 17276 I DownloadManager: Initiating request for download 2005
07-05 12:20:27.216   545   548 D dalvikvm: GC_CONCURRENT freed 187K, 9% free 10729K/11719K, paused 2ms+2ms
07-05 12:20:27.317   545   548 D dalvikvm: GC_CONCURRENT freed 336K, 8% free 10897K/11719K, paused 2ms+3ms
07-05 12:20:27.524   545   633 D dalvikvm: GC_EXPLICIT freed 878K, 11% free 10498K/11719K, paused 3ms+2ms
07-05 12:20:27.532  1370 17279 E DictionaryProvider:UpdateHandler: Can't read a file : android.util.MalformedJsonException: Use JsonReader.setLenient(true) to accept malformed JSON at line 1 column 20
07-05 12:20:27.731   545   548 D dalvikvm: GC_CONCURRENT freed 416K, 11% free 10477K/11719K, paused 2ms+2ms
07-05 12:20:27.880   545 17282 I DownloadManager: Initiating request for download 2005
07-05 12:20:27.911   545   548 D dalvikvm: GC_CONCURRENT freed 370K, 11% free 10511K/11719K, paused 2ms+3ms
07-05 12:20:28.020   545   548 D dalvikvm: GC_CONCURRENT freed 204K, 9% free 10765K/11719K, paused 2ms+2ms
07-05 12:20:28.134   545   548 D dalvikvm: GC_CONCURRENT freed 442K, 8% free 10788K/11719K, paused 1ms+2ms
07-05 12:20:28.239   156   568 D dalvikvm: GC_EXPLICIT freed 476K, 13% free 14056K/16007K, paused 3ms+5ms
07-05 12:20:28.423   545   548 D dalvikvm: GC_CONCURRENT freed 767K, 11% free 10488K/11719K, paused 2ms+3ms
07-05 12:20:28.606   545   548 D dalvikvm: GC_CONCURRENT freed 414K, 11% free 10462K/11719K, paused 2ms+2ms
07-05 12:20:28.747   545 17285 I DownloadManager: Initiating request for download 2006
07-05 12:20:28.829   545   548 D dalvikvm: GC_CONCURRENT freed 301K, 10% free 10605K/11719K, paused 2ms+3ms
07-05 12:20:28.934   545   548 D dalvikvm: GC_CONCURRENT freed 291K, 8% free 10883K/11719K, paused 2ms+3ms
07-05 12:20:29.079   545   548 D dalvikvm: GC_CONCURRENT freed 864K, 11% free 10522K/11719K, paused 2ms+2ms
07-05 12:20:29.173  1370 17287 E DictionaryProvider:UpdateHandler: Can't read a file : android.util.MalformedJsonException: Use JsonReader.setLenient(true) to accept malformed JSON at line 1 column 20
07-05 12:20:29.325   545   548 D dalvikvm: GC_CONCURRENT freed 435K, 11% free 10483K/11719K, paused 1ms+3ms
07-05 12:20:29.520   545   548 D dalvikvm: GC_CONCURRENT freed 419K, 11% free 10459K/11719K, paused 1ms+3ms
07-05 12:20:29.579   545 17290 I DownloadManager: Initiating request for download 2006
07-05 12:20:29.680   545   548 D dalvikvm: GC_CONCURRENT freed 216K, 9% free 10702K/11719K, paused 2ms+3ms
07-05 12:20:29.770   545   548 D dalvikvm: GC_CONCURRENT freed 372K, 8% free 10890K/11719K, paused 2ms+2ms
07-05 12:20:29.985   545   548 D dalvikvm: GC_CONCURRENT freed 909K, 11% free 10487K/11719K, paused 1ms+3ms
07-05 12:20:30.169   545   548 D dalvikvm: GC_CONCURRENT freed 415K, 11% free 10466K/11719K, paused 2ms+2ms
07-05 12:20:30.309   545 17293 I DownloadManager: Initiating request for download 2007
07-05 12:20:30.364   545   548 D dalvikvm: GC_CONCURRENT freed 321K, 11% free 10538K/11719K, paused 2ms+2ms
07-05 12:20:30.477   545   548 D dalvikvm: GC_CONCURRENT freed 200K, 8% free 10803K/11719K, paused 2ms+2ms
07-05 12:20:30.602   545   548 D dalvikvm: GC_CONCURRENT freed 507K, 8% free 10788K/11719K, paused 1ms+3ms
07-05 12:20:30.743  1370 17295 E DictionaryProvider:UpdateHandler: Can't read a file : android.util.MalformedJsonException: Use JsonReader.setLenient(true) to accept malformed JSON at line 1 column 20
07-05 12:20:30.852   545   548 D dalvikvm: GC_CONCURRENT freed 765K, 11% free 10495K/11719K, paused 2ms+2ms
07-05 12:20:31.016   465   467 D dalvikvm: GC_CONCURRENT freed 419K, 6% free 10525K/11079K, paused 2ms+2ms
07-05 12:20:31.079   545   548 D dalvikvm: GC_CONCURRENT freed 423K, 11% free 10467K/11719K, paused 1ms+2ms
07-05 12:20:31.169   545 17298 I DownloadManager: Initiating request for download 2007
07-05 12:20:31.255   545   548 D dalvikvm: GC_CONCURRENT freed 266K, 10% free 10659K/11719K, paused 2ms+3ms
07-05 12:20:31.360   545   548 D dalvikvm: GC_CONCURRENT freed 324K, 8% free 10842K/11719K, paused 2ms+3ms
07-05 12:20:31.512   545   548 D dalvikvm: GC_CONCURRENT freed 803K, 11% free 10529K/11719K, paused 2ms+2ms
07-05 12:20:31.708   545   548 D dalvikvm: GC_CONCURRENT freed 410K, 11% free 10524K/11719K, paused 2ms+3ms
07-05 12:20:31.895   545   548 D dalvikvm: GC_CONCURRENT freed 418K, 11% free 10501K/11719K, paused 2ms+2ms
07-05 12:20:32.591   545 17300 I DownloadManager: Initiating request for download 2008
07-05 12:20:32.657  1370  1372 D dalvikvm: GC_CONCURRENT freed 385K, 7% free 9130K/9735K, paused 2ms+2ms
07-05 12:20:32.751   545   548 D dalvikvm: GC_CONCURRENT freed 230K, 8% free 10788K/11719K, paused 2ms+3ms
07-05 12:20:32.864   545   548 D dalvikvm: GC_CONCURRENT freed 490K, 8% free 10791K/11719K, paused 2ms+2ms
07-05 12:20:33.091  1370 17303 E DictionaryProvider:UpdateHandler: Can't read a file : android.util.MalformedJsonException: Use JsonReader.setLenient(true) to accept malformed JSON at line 1 column 20
07-05 12:20:33.106   545   548 D dalvikvm: GC_CONCURRENT freed 783K, 11% free 10502K/11719K, paused 2ms+3ms
07-05 12:20:33.294   545   548 D dalvikvm: GC_CONCURRENT freed 417K, 11% free 10477K/11719K, paused 1ms+2ms
07-05 12:20:33.426   545 17306 I DownloadManager: Initiating request for download 2008
07-05 12:20:33.458   545   548 D dalvikvm: GC_CONCURRENT freed 359K, 11% free 10513K/11719K, paused 1ms+3ms
07-05 12:20:33.567   545   548 D dalvikvm: GC_CONCURRENT freed 204K, 9% free 10769K/11719K, paused 2ms+3ms
07-05 12:20:33.680   545   548 D dalvikvm: GC_CONCURRENT freed 465K, 8% free 10792K/11719K, paused 2ms+3ms
07-05 12:20:33.911   545   548 D dalvikvm: GC_CONCURRENT freed 776K, 11% free 10489K/11719K, paused 2ms+2ms
07-05 12:20:34.094   545   548 D dalvikvm: GC_CONCURRENT freed 416K, 11% free 10468K/11719K, paused 2ms+3ms
07-05 12:20:34.219   545 17309 I DownloadManager: Initiating request for download 2009
07-05 12:20:34.298   545   548 D dalvikvm: GC_CONCURRENT freed 271K, 10% free 10654K/11719K, paused 1ms+3ms
07-05 12:20:34.391   545   548 D dalvikvm: GC_CONCURRENT freed 344K, 8% free 10855K/11719K, paused 1ms+4ms
07-05 12:20:34.559   545   548 D dalvikvm: GC_CONCURRENT freed 808K, 11% free 10539K/11719K, paused 2ms+2ms
07-05 12:20:34.626  1370 17311 E DictionaryProvider:UpdateHandler: Can't read a file : android.util.MalformedJsonException: Use JsonReader.setLenient(true) to accept malformed JSON at line 1 column 20
07-05 12:20:34.801   545   548 D dalvikvm: GC_CONCURRENT freed 443K, 11% free 10492K/11719K, paused 2ms+4ms
07-05 12:20:34.997   545   548 D dalvikvm: GC_CONCURRENT freed 420K, 11% free 10477K/11719K, paused 2ms+2ms
07-05 12:20:35.044   545 17314 I DownloadManager: Initiating request for download 2009
07-05 12:20:35.130   545   548 D dalvikvm: GC_CONCURRENT freed 220K, 9% free 10716K/11719K, paused 2ms+3ms
07-05 12:20:35.239   545   548 D dalvikvm: GC_CONCURRENT freed 335K, 7% free 10904K/11719K, paused 2ms+3ms
07-05 12:20:35.473   545   548 D dalvikvm: GC_CONCURRENT freed 921K, 11% free 10506K/11719K, paused 2ms+2ms
07-05 12:20:35.653   545   548 D dalvikvm: GC_CONCURRENT freed 425K, 11% free 10476K/11719K, paused 2ms+2ms
07-05 12:20:35.801   545 17317 I DownloadManager: Initiating request for download 2010
07-05 12:20:35.852   545   548 D dalvikvm: GC_CONCURRENT freed 341K, 11% free 10546K/11719K, paused 2ms+3ms
07-05 12:20:35.962   545   548 D dalvikvm: GC_CONCURRENT freed 220K, 8% free 10817K/11719K, paused 2ms+3ms
07-05 12:20:36.071   545   548 D dalvikvm: GC_CONCURRENT freed 523K, 8% free 10796K/11719K, paused 2ms+3ms
07-05 12:20:36.208  1370 17319 E DictionaryProvider:UpdateHandler: Can't read a file : android.util.MalformedJsonException: Use JsonReader.setLenient(true) to accept malformed JSON at line 1 column 20
07-05 12:20:36.333   545   548 D dalvikvm: GC_CONCURRENT freed 765K, 11% free 10499K/11719K, paused 2ms+2ms
07-05 12:20:36.516   545   548 D dalvikvm: GC_CONCURRENT freed 418K, 11% free 10474K/11719K, paused 1ms+3ms
07-05 12:20:36.606   545 17322 I DownloadManager: Initiating request for download 2010
07-05 12:20:36.688   545   548 D dalvikvm: GC_CONCURRENT freed 236K, 9% free 10667K/11719K, paused 2ms+2ms
07-05 12:20:36.794   545   548 D dalvikvm: GC_CONCURRENT freed 323K, 8% free 10851K/11719K, paused 2ms+3ms
07-05 12:20:36.946   545   548 D dalvikvm: GC_CONCURRENT freed 812K, 11% free 10538K/11719K, paused 1ms+2ms
07-05 12:20:37.149   545   548 D dalvikvm: GC_CONCURRENT freed 443K, 11% free 10491K/11719K, paused 2ms+3ms
07-05 12:20:37.333   545   548 D dalvikvm: GC_CONCURRENT freed 413K, 11% free 10472K/11719K, paused 2ms+2ms
07-05 12:20:37.415   545 17325 I DownloadManager: Initiating request for download 2011
07-05 12:20:37.505   545   548 D dalvikvm: GC_CONCURRENT freed 212K, 9% free 10717K/11719K, paused 2ms+2ms
07-05 12:20:37.606   545   548 D dalvikvm: GC_CONCURRENT freed 345K, 7% free 10900K/11719K, paused 1ms+3ms
07-05 12:20:37.821   545   548 D dalvikvm: GC_CONCURRENT freed 908K, 11% free 10501K/11719K, paused 1ms+3ms
07-05 12:20:38.009   545   548 D dalvikvm: GC_CONCURRENT freed 412K, 11% free 10484K/11719K, paused 2ms+2ms
07-05 12:20:38.528   545   548 D dalvikvm: GC_CONCURRENT freed 357K, 11% free 10514K/11719K, paused 2ms+3ms
07-05 12:20:38.598  1370 17327 E DictionaryProvider:UpdateHandler: Can't read a file : android.util.MalformedJsonException: Use JsonReader.setLenient(true) to accept malformed JSON at line 1 column 20
07-05 12:20:38.790   545   548 D dalvikvm: GC_CONCURRENT freed 407K, 11% free 10499K/11719K, paused 2ms+3ms
07-05 12:20:38.981   545   548 D dalvikvm: GC_CONCURRENT freed 415K, 11% free 10479K/11719K, paused 2ms+2ms
07-05 12:20:39.223   545   548 D dalvikvm: GC_CONCURRENT freed 365K, 11% free 10520K/11719K, paused 2ms+3ms
07-05 12:20:39.407   545   548 D dalvikvm: GC_CONCURRENT freed 424K, 11% free 10491K/11719K, paused 2ms+3ms
07-05 12:20:39.587   545   548 D dalvikvm: GC_CONCURRENT freed 408K, 11% free 10478K/11719K, paused 2ms+2ms
07-05 12:20:39.743   545 17330 I DownloadManager: Initiating request for download 2012
07-05 12:20:39.837   545   548 D dalvikvm: GC_CONCURRENT freed 275K, 10% free 10645K/11719K, paused 2ms+3ms
07-05 12:20:39.942   545   548 D dalvikvm: GC_CONCURRENT freed 313K, 8% free 10836K/11719K, paused 2ms+3ms
07-05 12:20:40.087   545   548 D dalvikvm: GC_CONCURRENT freed 787K, 11% free 10541K/11719K, paused 1ms+3ms
07-05 12:20:40.208  1370 17332 E DictionaryProvider:UpdateHandler: Can't read a file : android.util.MalformedJsonException: Use JsonReader.setLenient(true) to accept malformed JSON at line 1 column 20
07-05 12:20:40.219  1370  1372 D dalvikvm: GC_CONCURRENT freed 434K, 7% free 9131K/9735K, paused 1ms+6ms
07-05 12:20:40.352   545   548 D dalvikvm: GC_CONCURRENT freed 435K, 11% free 10501K/11719K, paused 2ms+2ms
07-05 12:20:40.532   545   548 D dalvikvm: GC_CONCURRENT freed 417K, 11% free 10478K/11719K, paused 1ms+3ms
07-05 12:20:40.614   545 17335 I DownloadManager: Initiating request for download 2012
07-05 12:20:40.696   545   548 D dalvikvm: GC_CONCURRENT freed 246K, 9% free 10690K/11719K, paused 2ms+3ms
07-05 12:20:40.801   545   548 D dalvikvm: GC_CONCURRENT freed 329K, 8% free 10878K/11719K, paused 2ms+3ms
07-05 12:20:40.977   545   548 D dalvikvm: GC_CONCURRENT freed 843K, 11% free 10541K/11719K, paused 2ms+3ms
07-05 12:20:41.173   545   548 D dalvikvm: GC_CONCURRENT freed 445K, 11% free 10491K/11719K, paused 2ms+3ms
07-05 12:20:41.356   545   548 D dalvikvm: GC_CONCURRENT freed 412K, 11% free 10473K/11719K, paused 1ms+2ms
07-05 12:20:41.426   545 17338 I DownloadManager: Initiating request for download 2013
07-05 12:20:41.540   545   548 D dalvikvm: GC_CONCURRENT freed 183K, 9% free 10749K/11719K, paused 2ms+3ms
07-05 12:20:41.645   545   548 D dalvikvm: GC_CONCURRENT freed 337K, 7% free 10917K/11719K, paused 2ms+2ms
07-05 12:20:41.864   545   548 D dalvikvm: GC_CONCURRENT freed 928K, 11% free 10505K/11719K, paused 2ms+2ms
07-05 12:20:41.899  1370 17340 E DictionaryProvider:UpdateHandler: Can't read a file : android.util.MalformedJsonException: Use JsonReader.setLenient(true) to accept malformed JSON at line 1 column 20
07-05 12:20:42.094   545   548 D dalvikvm: GC_CONCURRENT freed 409K, 11% free 10492K/11719K, paused 2ms+2ms
07-05 12:20:42.219   545 17343 I DownloadManager: Initiating request for download 2013
07-05 12:20:42.270   545   548 D dalvikvm: GC_CONCURRENT freed 344K, 10% free 10552K/11719K, paused 1ms+3ms
07-05 12:20:42.376   545   548 D dalvikvm: GC_CONCURRENT freed 213K, 8% free 10789K/11719K, paused 2ms+3ms
07-05 12:20:42.489   545   548 D dalvikvm: GC_CONCURRENT freed 465K, 8% free 10814K/11719K, paused 2ms+2ms
07-05 12:20:42.723   545   548 D dalvikvm: GC_CONCURRENT freed 792K, 11% free 10501K/11719K, paused 2ms+2ms
07-05 12:20:42.907   545   548 D dalvikvm: GC_CONCURRENT freed 414K, 11% free 10482K/11719K, paused 2ms+2ms
07-05 12:20:43.020   545 17346 I DownloadManager: Initiating request for download 2014
07-05 12:20:43.102   545   548 D dalvikvm: GC_CONCURRENT freed 265K, 9% free 10675K/11719K, paused 2ms+3ms
07-05 12:20:43.208   545   548 D dalvikvm: GC_CONCURRENT freed 328K, 8% free 10860K/11719K, paused 1ms+3ms
07-05 12:20:43.372   545   548 D dalvikvm: GC_CONCURRENT freed 808K, 10% free 10552K/11719K, paused 3ms+2ms
07-05 12:20:43.512   156   576 D dalvikvm: GC_EXPLICIT freed 479K, 13% free 14070K/16007K, paused 3ms+6ms
07-05 12:20:43.520  1370 17348 E DictionaryProvider:UpdateHandler: Can't read a file : android.util.MalformedJsonException: Use JsonReader.setLenient(true) to accept malformed JSON at line 1 column 20
07-05 12:20:43.673   545   548 D dalvikvm: GC_CONCURRENT freed 432K, 11% free 10507K/11719K, paused 1ms+2ms
07-05 12:20:43.852   545   548 D dalvikvm: GC_CONCURRENT freed 428K, 11% free 10468K/11719K, paused 2ms+2ms
07-05 12:20:43.915   545 17351 I DownloadManager: Initiating request for download 2014
07-05 12:20:44.001   545   548 D dalvikvm: GC_CONCURRENT freed 228K, 9% free 10699K/11719K, paused 1ms+3ms
07-05 12:20:44.106   545   548 D dalvikvm: GC_CONCURRENT freed 332K, 8% free 10888K/11719K, paused 2ms+3ms
07-05 12:20:44.305   545   548 D dalvikvm: GC_CONCURRENT freed 896K, 11% free 10497K/11719K, paused 2ms+3ms
07-05 12:20:44.505   545   548 D dalvikvm: GC_CONCURRENT freed 402K, 11% free 10482K/11719K, paused 2ms+3ms
07-05 12:20:44.676   545   548 D dalvikvm: GC_CONCURRENT freed 403K, 11% free 10467K/11719K, paused 1ms+2ms
07-05 12:20:44.719   545 17354 I DownloadManager: Initiating request for download 2015
07-05 12:20:44.841   545   548 D dalvikvm: GC_CONCURRENT freed 177K, 9% free 10748K/11719K, paused 2ms+3ms
07-05 12:20:44.942   545   548 D dalvikvm: GC_CONCURRENT freed 431K, 8% free 10798K/11719K, paused 2ms+3ms
07-05 12:20:45.153   545   548 D dalvikvm: GC_CONCURRENT freed 775K, 11% free 10501K/11719K, paused 2ms+2ms
07-05 12:20:45.176  1370 17356 E DictionaryProvider:UpdateHandler: Can't read a file : android.util.MalformedJsonException: Use JsonReader.setLenient(true) to accept malformed JSON at line 1 column 20
07-05 12:20:45.196   545 17358 I DownloadManager: in removeSpuriousFiles
07-05 12:20:45.278   545   548 D dalvikvm: GC_CONCURRENT freed 269K, 9% free 10744K/11719K, paused 1ms+3ms
07-05 12:20:45.317   545 17358 I DownloadManager: in removeSpuriousFiles, preserving file /data/data/com.android.providers.downloads/cache/metadata-548.htm
07-05 12:20:45.317   545 17358 I DownloadManager: in removeSpuriousFiles, preserving file /data/data/com.android.providers.downloads/cache/metadata-676.htm
07-05 12:20:45.321   545 17358 I DownloadManager: in removeSpuriousFiles, preserving file /data/data/com.android.providers.downloads/cache/metadata-546.htm
07-05 12:20:45.321   545 17358 I DownloadManager: in removeSpuriousFiles, preserving file /data/data/com.android.providers.downloads/cache/metadata-940.htm
07-05 12:20:45.321   545 17358 I DownloadManager: in removeSpuriousFiles, preserving file /data/data/com.android.providers.downloads/cache/metadata-810.htm
07-05 12:20:45.321   545 17358 I DownloadManager: in removeSpuriousFiles, preserving file /data/data/com.android.providers.downloads/cache/metadata-871.htm
07-05 12:20:45.321   545 17358 I DownloadManager: in removeSpuriousFiles, preserving file /data/data/com.android.providers.downloads/cache/metadata-423.htm
07-05 12:20:45.321   545 17358 I DownloadManager: in removeSpuriousFiles, preserving file /data/data/com.android.providers.downloads/cache/metadata-496.htm
07-05 12:20:45.321   545 17358 I DownloadManager: in removeSpuriousFiles, preserving file /data/data/com.android.providers.downloads/cache/metadata-453.htm
07-05 12:20:45.321   545 17358 I DownloadManager: in removeSpuriousFiles, preserving file /data/data/com.android.providers.downloads/cache/metadata-318.htm
07-05 12:20:45.321   545 17358 I DownloadManager: in removeSpuriousFiles, preserving file /data/data/com.android.providers.downloads/cache/metadata-377.htm
07-05 12:20:45.321   545 17358 I DownloadManager: in removeSpuriousFiles, preserving file /data/data/com.android.providers.downloads/cache/metadata-1228.htm
07-05 12:20:45.321   545 17358 I DownloadManager: in removeSpuriousFiles, preserving file /data/data/com.android.providers.downloads/cache/metadata-539.htm
07-05 12:20:45.325   545 17358 I DownloadManager: in removeSpuriousFiles, preserving file /data/data/com.android.providers.downloads/cache/metadata-1451.htm
07-05 12:20:45.325   545 17358 I DownloadManager: in removeSpuriousFiles, preserving file /data/data/com.android.providers.downloads/cache/metadata-839.htm
07-05 12:20:45.325   545 17358 I DownloadManager: in removeSpuriousFiles, preserving file /data/data/com.android.providers.downloads/cache/metadata-707.htm
07-05 12:20:45.325   545 17358 I DownloadManager: in removeSpuriousFiles, preserving file /data/data/com.android.providers.downloads/cache/metadata-433.htm
07-05 12:20:45.325   545 17358 I DownloadManager: in removeSpuriousFiles, preserving file /data/data/com.android.providers.downloads/cache/metadata-258.htm
07-05 12:20:45.325   545 17358 I DownloadManager: in removeSpuriousFiles, preserving file /data/data/com.android.providers.downloads/cache/metadata-538.htm
07-05 12:20:45.325   545 17358 I DownloadManager: in removeSpuriousFiles, preserving file /data/data/com.android.providers.downloads/cache/metadata-807.htm
07-05 12:20:45.325   545 17358 I DownloadManager: in removeSpuriousFiles, preserving file /data/data/com.android.providers.downloads/cache/metadata-321.htm
07-05 12:20:45.325   545 17358 I DownloadManager: in removeSpuriousFiles, preserving file /data/data/com.android.providers.downloads/cache/metadata-1188.htm
07-05 12:20:45.329   545 17358 I DownloadManager: in removeSpuriousFiles, preserving file /data/data/com.android.providers.downloads/cache/metadata-1006.htm
07-05 12:20:45.329   545 17358 I DownloadManager: in removeSpuriousFiles, preserving file /data/data/com.android.providers.downloads/cache/metadata-636.htm
07-05 12:20:45.329   545 17358 I DownloadManager: in removeSpuriousFiles, preserving file /data/data/com.android.providers.downloads/cache/metadata-877.htm
07-05 12:20:45.329   545 17358 I DownloadManager: in removeSpuriousFiles, preserving file /data/data/com.android.providers.downloads/cache/metadata-1049.htm
07-05 12:20:45.329   545 17358 I DownloadManager: in removeSpuriousFiles, preserving file /data/data/com.android.providers.downloads/cache/metadata-1258.htm
07-05 12:20:45.329   545 17358 I DownloadManager: in removeSpuriousFiles, preserving file /data/data/com.android.providers.downloads/cache/metadata-2072.htm
07-05 12:20:45.329   545 17358 I DownloadManager: in removeSpuriousFiles, preserving file /data/data/com.android.providers.downloads/cache/metadata-1089.htm
07-05 12:20:45.329   545 17358 I DownloadManager: in removeSpuriousFiles, preserving file /data/data/com.android.providers.downloads/cache/metadata-1470.htm
07-05 12:20:45.329   545 17358 I DownloadManager: in removeSpuriousFiles, preserving file /data/data/com.android.providers.downloads/cache/metadata-786.htm
07-05 12:20:45.329   545 17358 I DownloadManager: in removeSpuriousFiles, preserving file /data/data/com.android.providers.downloads/cache/metadata-662.htm
07-05 12:20:45.329   545 17358 I DownloadManager: in removeSpuriousFiles, preserving file /data/data/com.android.providers.downloads/cache/metadata-1035.htm
07-05 12:20:45.333   545 17358 I DownloadManager: in removeSpuriousFiles, preserving file /data/data/com.android.providers.downloads/cache/metadata-371.htm
07-05 12:20:45.333   545 17358 I DownloadManager: in removeSpuriousFiles, preserving file /data/data/com.android.providers.downloads/cache/metadata-649.htm
07-05 12:20:45.333   545 17358 I DownloadManager: in removeSpuriousFiles, preserving file /data/data/com.android.providers.downloads/cache/metadata-1248.htm
07-05 12:20:45.333   545 17358 I DownloadManager: in removeSpuriousFiles, preserving file /data/data/com.android.providers.downloads/cache/metadata-589.htm
07-05 12:20:45.333   545 17358 I DownloadManager: in removeSpuriousFiles, preserving file /data/data/com.android.providers.downloads/cache/metadata-532.htm
07-05 12:20:45.333   545 17358 I DownloadManager: in removeSpuriousFiles, preserving file /data/data/com.android.providers.downloads/cache/metadata-376.htm
07-05 12:20:45.333   545 17358 I DownloadManager: in removeSpuriousFiles, preserving file /data/data/com.android.providers.downloads/cache/metadata-352.htm
07-05 12:20:45.333   545 17358 I DownloadManager: in removeSpuriousFiles, preserving file /data/data/com.android.providers.downloads/cache/metadata-1235.htm
07-05 12:20:45.333   545 17358 I DownloadManager: in removeSpuriousFiles, preserving file /data/data/com.android.providers.downloads/cache/metadata-490.htm
07-05 12:20:45.337   545 17358 I DownloadManager: in removeSpuriousFiles, preserving file /data/data/com.android.providers.downloads/cache/metadata-1158.htm
07-05 12:20:45.337   545 17358 I DownloadManager: in removeSpuriousFiles, preserving file /data/data/com.android.providers.downloads/cache/metadata-1454.htm
07-05 12:20:45.337   545 17358 I DownloadManager: in removeSpuriousFiles, preserving file /data/data/com.android.providers.downloads/cache/metadata-591.htm
07-05 12:20:45.337   545 17358 I DownloadManager: in removeSpuriousFiles, preserving file /data/data/com.android.providers.downloads/cache/metadata-1047.htm
07-05 12:20:45.337   545 17358 I DownloadManager: in removeSpuriousFiles, preserving file /data/data/com.android.providers.downloads/cache/metadata-1461.htm
07-05 12:20:45.337   545 17358 I DownloadManager: in removeSpuriousFiles, preserving file /data/data/com.android.providers.downloads/cache/metadata-1115.htm
07-05 12:20:45.337   545 17358 I DownloadManager: in removeSpuriousFiles, preserving file /data/data/com.android.providers.downloads/cache/metadata-1537.htm
07-05 12:20:45.337   545 17358 I DownloadManager: in removeSpuriousFiles, preserving file /data/data/com.android.providers.downloads/cache/metadata-985.htm
07-05 12:20:45.337   545 17358 I DownloadManager: in removeSpuriousFiles, preserving file /data/data/com.android.providers.downloads/cache/metadata-621.htm
07-05 12:20:45.337   545 17358 I DownloadManager: in removeSpuriousFiles, preserving file /data/data/com.android.providers.downloads/cache/metadata-290.htm
07-05 12:20:45.341   545 17358 I DownloadManager: in removeSpuriousFiles, preserving file /data/data/com.android.providers.downloads/cache/metadata-1431.htm
07-05 12:20:45.341   545 17358 I DownloadManager: in removeSpuriousFiles, preserving file /data/data/com.android.providers.downloads/cache/metadata-700.htm
07-05 12:20:45.341   545 17358 I DownloadManager: in removeSpuriousFiles, preserving file /data/data/com.android.providers.downloads/cache/metadata-610.htm
07-05 12:20:45.341   545 17358 I DownloadManager: in removeSpuriousFiles, preserving file /data/data/com.android.providers.downloads/cache/metadata-1127.htm
07-05 12:20:45.341   545 17358 I DownloadManager: in removeSpuriousFiles, preserving file /data/data/com.android.providers.downloads/cache/metadata-1673.htm
07-05 12:20:45.341   545 17358 I DownloadManager: in removeSpuriousFiles, preserving file /data/data/com.android.providers.downloads/cache/metadata-1160.htm
07-05 12:20:45.341   545 17358 I DownloadManager: in removeSpuriousFiles, preserving file /data/data/com.android.providers.downloads/cache/metadata-536.htm
07-05 12:20:45.341   545 17358 I DownloadManager: in removeSpuriousFiles, preserving file /data/data/com.android.providers.downloads/cache/metadata-566.htm
07-05 12:20:45.341   545 17358 I DownloadManager: in removeSpuriousFiles, preserving file /data/data/com.android.providers.downloads/cache/metadata-986.htm
07-05 12:20:45.341   545 17358 I DownloadManager: in removeSpuriousFiles, preserving file /data/data/com.android.providers.downloads/cache/metadata-1141.htm
07-05 12:20:45.344   545 17358 I DownloadManager: in removeSpuriousFiles, preserving file /data/data/com.android.providers.downloads/cache/metadata-899.htm
07-05 12:20:45.344   545 17358 I DownloadManager: in removeSpuriousFiles, preserving file /data/data/com.android.providers.downloads/cache/metadata-1301.htm
07-05 12:20:45.344   545 17358 I DownloadManager: in removeSpuriousFiles, preserving file /data/data/com.android.providers.downloads/cache/metadata-1081.htm
07-05 12:20:45.344   545 17358 I DownloadManager: in removeSpuriousFiles, preserving file /data/data/com.android.providers.downloads/cache/metadata-1004.htm
07-05 12:20:45.344   545 17358 I DownloadManager: in removeSpuriousFiles, preserving file /data/data/com.android.providers.downloads/cache/metadata-479.htm
07-05 12:20:45.344   545 17358 I DownloadManager: in removeSpuriousFiles, preserving file /data/data/com.android.providers.downloads/cache/metadata-937.htm
07-05 12:20:45.344   545 17358 I DownloadManager: in removeSpuriousFiles, preserving file /data/data/com.android.providers.downloads/cache/metadata-1347.htm
07-05 12:20:45.344   545 17358 I DownloadManager: in removeSpuriousFiles, preserving file /data/data/com.android.providers.downloads/cache/metadata-829.htm
07-05 12:20:45.344   545 17358 I DownloadManager: in removeSpuriousFiles, preserving file /data/data/com.android.providers.downloads/cache/metadata-529.htm
07-05 12:20:45.348   545 17358 I DownloadManager: in removeSpuriousFiles, preserving file /data/data/com.android.providers.downloads/cache/metadata-512.htm
07-05 12:20:45.348   545 17358 I DownloadManager: in removeSpuriousFiles, preserving file /data/data/com.android.providers.downloads/cache/metadata-1342.htm
07-05 12:20:45.348   545 17358 I DownloadManager: in removeSpuriousFiles, preserving file /data/data/com.android.providers.downloads/cache/metadata-969.htm
07-05 12:20:45.348   545 17358 I DownloadManager: in removeSpuriousFiles, preserving file /data/data/com.android.providers.downloads/cache/metadata-606.htm
07-05 12:20:45.348   545 17358 I DownloadManager: in removeSpuriousFiles, preserving file /data/data/com.android.providers.downloads/cache/metadata-1011.htm
07-05 12:20:45.348   545 17358 I DownloadManager: in removeSpuriousFiles, preserving file /data/data/com.android.providers.downloads/cache/metadata-1143.htm
07-05 12:20:45.348   545 17358 I DownloadManager: in removeSpuriousFiles, preserving file /data/data/com.android.providers.downloads/cache/metadata-1034.htm
07-05 12:20:45.352   545 17358 I DownloadManager: in removeSpuriousFiles, preserving file /data/data/com.android.providers.downloads/cache/metadata-1626.htm
07-05 12:20:45.352   545 17358 I DownloadManager: in removeSpuriousFiles, preserving file /data/data/com.android.providers.downloads/cache/metadata-1015.htm
07-05 12:20:45.352   545 17358 I DownloadManager: in removeSpuriousFiles, preserving file /data/data/com.android.providers.downloads/cache/metadata-597.htm
07-05 12:20:45.352   545 17358 I DownloadManager: in removeSpuriousFiles, preserving file /data/data/com.android.providers.downloads/cache/metadata-766.htm
07-05 12:20:45.352   545 17358 I DownloadManager: in removeSpuriousFiles, preserving file /data/data/com.android.providers.downloads/cache/metadata-625.htm
07-05 12:20:45.352   545 17358 I DownloadManager: in removeSpuriousFiles, preserving file /data/data/com.android.providers.downloads/cache/metadata-755.htm
07-05 12:20:45.352   545 17358 I DownloadManager: in removeSpuriousFiles, preserving file /data/data/com.android.providers.downloads/cache/metadata-756.htm
07-05 12:20:45.352   545 17358 I DownloadManager: in removeSpuriousFiles, preserving file /data/data/com.android.providers.downloads/cache/metadata-1207.htm
07-05 12:20:45.356   545 17358 I DownloadManager: in removeSpuriousFiles, preserving file /data/data/com.android.providers.downloads/cache/metadata-598.htm
07-05 12:20:45.356   545 17358 I DownloadManager: in removeSpuriousFiles, preserving file /data/data/com.android.providers.downloads/cache/metadata-1203.htm
07-05 12:20:45.356   545 17358 I DownloadManager: in removeSpuriousFiles, preserving file /data/data/com.android.providers.downloads/cache/metadata-787.htm
07-05 12:20:45.356   545 17358 I DownloadManager: in removeSpuriousFiles, preserving file /data/data/com.android.providers.downloads/cache/metadata-1425.htm
07-05 12:20:45.356   545 17358 I DownloadManager: in removeSpuriousFiles, preserving file /data/data/com.android.providers.downloads/cache/metadata-1491.htm
07-05 12:20:45.356   545 17358 I DownloadManager: in removeSpuriousFiles, preserving file /data/data/com.android.providers.downloads/cache/metadata-742.htm
07-05 12:20:45.356   545 17358 I DownloadManager: in removeSpuriousFiles, preserving file /data/data/com.android.providers.downloads/cache/metadata-573.htm
07-05 12:20:45.356   545 17358 I DownloadManager: in removeSpuriousFiles, preserving file /data/data/com.android.providers.downloads/cache/metadata-647.htm
07-05 12:20:45.356   545 17358 I DownloadManager: in removeSpuriousFiles, preserving file /data/data/com.android.providers.downloads/cache/metadata-739.htm
07-05 12:20:45.360   545 17358 I DownloadManager: in removeSpuriousFiles, preserving file /data/data/com.android.providers.downloads/cache/metadata-1484.htm
07-05 12:20:45.360   545 17358 I DownloadManager: in removeSpuriousFiles, preserving file /data/data/com.android.providers.downloads/cache/metadata-1124.htm
07-05 12:20:45.360   545 17358 I DownloadManager: in removeSpuriousFiles, preserving file /data/data/com.android.providers.downloads/cache/metadata-1129.htm
07-05 12:20:45.360   545 17358 I DownloadManager: in removeSpuriousFiles, preserving file /data/data/com.android.providers.downloads/cache/metadata-644.htm
07-05 12:20:45.360   545 17358 I DownloadManager: in removeSpuriousFiles, preserving file /data/data/com.android.providers.downloads/cache/metadata-942.htm
07-05 12:20:45.360   545 17358 I DownloadManager: in removeSpuriousFiles, preserving file /data/data/com.android.providers.downloads/cache/metadata-868.htm
07-05 12:20:45.360   545 17358 I DownloadManager: in removeSpuriousFiles, preserving file /data/data/com.android.providers.downloads/cache/metadata-1308.htm
07-05 12:20:45.360   545 17358 I DownloadManager: in removeSpuriousFiles, preserving file /data/data/com.android.providers.downloads/cache/metadata-997.htm
07-05 12:20:45.360   545 17358 I DownloadManager: in removeSpuriousFiles, preserving file /data/data/com.android.providers.downloads/cache/metadata-1027.htm
07-05 12:20:45.364   545 17358 I DownloadManager: in removeSpuriousFiles, preserving file /data/data/com.android.providers.downloads/cache/metadata-1732.htm
07-05 12:20:45.380   545 17358 I DownloadManager: in removeSpuriousFiles, preserving file /data/data/com.android.providers.downloads/cache/metadata-1112.htm
07-05 12:20:45.380   545 17358 I DownloadManager: in removeSpuriousFiles, preserving file /data/data/com.android.providers.downloads/cache/metadata-605.htm
07-05 12:20:45.380   545 17358 I DownloadManager: in removeSpuriousFiles, preserving file /data/data/com.android.providers.downloads/cache/metadata-1128.htm
07-05 12:20:45.384   545 17358 I DownloadManager: in removeSpuriousFiles, preserving file /data/data/com.android.providers.downloads/cache/metadata-1069.htm
07-05 12:20:45.387   545 17358 I DownloadManager: in removeSpuriousFiles, preserving file /data/data/com.android.providers.downloads/cache/metadata-1340.htm
07-05 12:20:45.387   545 17358 I DownloadManager: in removeSpuriousFiles, preserving file /data/data/com.android.providers.downloads/cache/metadata-1988.htm
07-05 12:20:45.387   545 17358 I DownloadManager: in removeSpuriousFiles, preserving file /data/data/com.android.providers.downloads/cache/metadata-1326.htm
07-05 12:20:45.387   545 17358 I DownloadManager: in removeSpuriousFiles, preserving file /data/data/com.android.providers.downloads/cache/metadata-299.htm
07-05 12:20:45.387   545 17358 I DownloadManager: in removeSpuriousFiles, preserving file /data/data/com.android.providers.downloads/cache/metadata-1254.htm
07-05 12:20:45.387   545 17358 I DownloadManager: in removeSpuriousFiles, preserving file /data/data/com.android.providers.downloads/cache/metadata-517.htm
07-05 12:20:45.387   545 17358 I DownloadManager: in removeSpuriousFiles, preserving file /data/data/com.android.providers.downloads/cache/metadata-1384.htm
07-05 12:20:45.391   545 17358 I DownloadManager: in removeSpuriousFiles, preserving file /data/data/com.android.providers.downloads/cache/metadata-1339.htm
07-05 12:20:45.391   545 17358 I DownloadManager: in removeSpuriousFiles, preserving file /data/data/com.android.providers.downloads/cache/metadata-69.htm
07-05 12:20:45.391   545 17358 I DownloadManager: in removeSpuriousFiles, preserving file /data/data/com.android.providers.downloads/cache/metadata-1377.htm
07-05 12:20:45.391   545 17358 I DownloadManager: in removeSpuriousFiles, preserving file /data/data/com.android.providers.downloads/cache/metadata-402.htm
07-05 12:20:45.391   545 17358 I DownloadManager: in removeSpuriousFiles, preserving file /data/data/com.android.providers.downloads/cache/metadata-594.htm
07-05 12:20:45.395   545 17358 I DownloadManager: in removeSpuriousFiles, preserving file /data/data/com.android.providers.downloads/cache/metadata-784.htm
07-05 12:20:45.395   545 17358 I DownloadManager: in removeSpuriousFiles, preserving file /data/data/com.android.providers.downloads/cache/metadata-1070.htm
07-05 12:20:45.395   545 17358 I DownloadManager: in removeSpuriousFiles, preserving file /data/data/com.android.providers.downloads/cache/metadata-1332.htm
07-05 12:20:45.395   545 17358 I DownloadManager: in removeSpuriousFiles, preserving file /data/data/com.android.providers.downloads/cache/metadata-1126.htm
07-05 12:20:45.395   545 17358 I DownloadManager: in removeSpuriousFiles, preserving file /data/data/com.android.providers.downloads/cache/metadata-1243.htm
07-05 12:20:45.395   545 17358 I DownloadManager: in removeSpuriousFiles, preserving file /data/data/com.android.providers.downloads/cache/metadata-1003.htm
07-05 12:20:45.399   545 17358 I DownloadManager: in removeSpuriousFiles, preserving file /data/data/com.android.providers.downloads/cache/metadata-1282.htm
07-05 12:20:45.399   545 17358 I DownloadManager: in removeSpuriousFiles, preserving file /data/data/com.android.providers.downloads/cache/metadata-1325.htm
07-05 12:20:45.399   545 17358 I DownloadManager: in removeSpuriousFiles, preserving file /data/data/com.android.providers.downloads/cache/metadata-1013.htm
07-05 12:20:45.399   545 17358 I DownloadManager: in removeSpuriousFiles, preserving file /data/data/com.android.providers.downloads/cache/metadata-681.htm
07-05 12:20:45.399   545 17358 I DownloadManager: in removeSpuriousFiles, preserving file /data/data/com.android.providers.downloads/cache/metadata-302.htm
07-05 12:20:45.403   545 17358 I DownloadManager: in removeSpuriousFiles, preserving file /data/data/com.android.providers.downloads/cache/metadata-95.htm
07-05 12:20:45.403   545 17358 I DownloadManager: in removeSpuriousFiles, preserving file /data/data/com.android.providers.downloads/cache/metadata-701.htm
07-05 12:20:45.403   545 17358 I DownloadManager: in removeSpuriousFiles, preserving file /data/data/com.android.providers.downloads/cache/metadata-1879.htm
07-05 12:20:45.403   545 17358 I DownloadManager: in removeSpuriousFiles, preserving file /data/data/com.android.providers.downloads/cache/metadata-477.htm
07-05 12:20:45.407   545 17358 I DownloadManager: in removeSpuriousFiles, preserving file /data/data/com.android.providers.downloads/cache/metadata-614.htm
07-05 12:20:45.407   545 17358 I DownloadManager: in removeSpuriousFiles, preserving file /data/data/com.android.providers.downloads/cache/metadata-481.htm
07-05 12:20:45.407   545 17358 I DownloadManager: in removeSpuriousFiles, preserving file /data/data/com.android.providers.downloads/cache/metadata-1564.htm
07-05 12:20:45.407   545 17358 I DownloadManager: in removeSpuriousFiles, preserving file /data/data/com.android.providers.downloads/cache/metadata-527.htm
07-05 12:20:45.407   545 17358 I DownloadManager: in removeSpuriousFiles, preserving file /data/data/com.android.providers.downloads/cache/metadata-547.htm
07-05 12:20:45.407   545 17358 I DownloadManager: in removeSpuriousFiles, preserving file /data/data/com.android.providers.downloads/cache/metadata-816.htm
07-05 12:20:45.411   545 17358 I DownloadManager: in removeSpuriousFiles, preserving file /data/data/com.android.providers.downloads/cache/metadata-897.htm
07-05 12:20:45.411   545 17358 I DownloadManager: in removeSpuriousFiles, preserving file /data/data/com.android.providers.downloads/cache/metadata-1358.htm
07-05 12:20:45.415   545 17358 I DownloadManager: in removeSpuriousFiles, preserving file /data/data/com.android.providers.downloads/cache/metadata-923.htm
07-05 12:20:45.415   545 17358 I DownloadManager: in removeSpuriousFiles, preserving file /data/data/com.android.providers.downloads/cache/metadata-743.htm
07-05 12:20:45.415   545 17358 I DownloadManager: in removeSpuriousFiles, preserving file /data/data/com.android.providers.downloads/cache/metadata-1103.htm
07-05 12:20:45.415   545 17358 I DownloadManager: in removeSpuriousFiles, preserving file /data/data/com.android.providers.downloads/cache/metadata-1195.htm
07-05 12:20:45.415   545 17358 I DownloadManager: in removeSpuriousFiles, preserving file /data/data/com.android.providers.downloads/cache/metadata-1177.htm
07-05 12:20:45.415   545 17358 I DownloadManager: in removeSpuriousFiles, preserving file /data/data/com.android.providers.downloads/cache/metadata-2058.htm
07-05 12:20:45.415   545 17358 I DownloadManager: in removeSpuriousFiles, preserving file /data/data/com.android.providers.downloads/cache/metadata-1150.htm
07-05 12:20:45.415   545 17358 I DownloadManager: in removeSpuriousFiles, preserving file /data/data/com.android.providers.downloads/cache/metadata-687.htm
07-05 12:20:45.419   545 17358 I DownloadManager: in removeSpuriousFiles, preserving file /data/data/com.android.providers.downloads/cache/metadata-651.htm
07-05 12:20:45.423   545 17358 I DownloadManager: in removeSpuriousFiles, preserving file /data/data/com.android.providers.downloads/cache/metadata-1234.htm
07-05 12:20:45.423   545 17358 I DownloadManager: in removeSpuriousFiles, preserving file /data/data/com.android.providers.downloads/cache/metadata-759.htm
07-05 12:20:45.423   545 17358 I DownloadManager: in removeSpuriousFiles, preserving file /data/data/com.android.providers.downloads/cache/metadata-1057.htm
07-05 12:20:45.423   545 17358 I DownloadManager: in removeSpuriousFiles, preserving file /data/data/com.android.providers.downloads/cache/metadata-509.htm
07-05 12:20:45.423   545 17358 I DownloadManager: in removeSpuriousFiles, preserving file /data/data/com.android.providers.downloads/cache/metadata-1360.htm
07-05 12:20:45.423   545 17358 I DownloadManager: in removeSpuriousFiles, preserving file /data/data/com.android.providers.downloads/cache/metadata-584.htm
07-05 12:20:45.423   545 17358 I DownloadManager: in removeSpuriousFiles, preserving file /data/data/com.android.providers.downloads/cache/metadata-906.htm
07-05 12:20:45.423   545 17358 I DownloadManager: in removeSpuriousFiles, preserving file /data/data/com.android.providers.downloads/cache/metadata-1539.htm
07-05 12:20:45.426   545   548 D dalvikvm: GC_CONCURRENT freed 475K, 9% free 10768K/11719K, paused 2ms+3ms
07-05 12:20:45.426   545 17358 I DownloadManager: in removeSpuriousFiles, preserving file /data/data/com.android.providers.downloads/cache/metadata-1054.htm
07-05 12:20:45.426   545 17358 I DownloadManager: in removeSpuriousFiles, preserving file /data/data/com.android.providers.downloads/cache/metadata-1142.htm
07-05 12:20:45.430   545 17358 I DownloadManager: in removeSpuriousFiles, preserving file /data/data/com.android.providers.downloads/cache/metadata-1101.htm
07-05 12:20:45.430   545 17358 I DownloadManager: in removeSpuriousFiles, preserving file /data/data/com.android.providers.downloads/cache/metadata-1621.htm
07-05 12:20:45.430   545 17358 I DownloadManager: in removeSpuriousFiles, preserving file /data/data/com.android.providers.downloads/cache/metadata-1010.htm
07-05 12:20:45.430   545 17358 I DownloadManager: in removeSpuriousFiles, preserving file /data/data/com.android.providers.downloads/cache/metadata-372.htm
07-05 12:20:45.430   545 17358 I DownloadManager: in removeSpuriousFiles, preserving file /data/data/com.android.providers.downloads/cache/metadata-895.htm
07-05 12:20:45.430   545 17358 I DownloadManager: in removeSpuriousFiles, preserving file /data/data/com.android.providers.downloads/cache/metadata-1394.htm
07-05 12:20:45.430   545 17358 I DownloadManager: in removeSpuriousFiles, preserving file /data/data/com.android.providers.downloads/cache/metadata-1930.htm
07-05 12:20:45.430   545 17358 I DownloadManager: in removeSpuriousFiles, preserving file /data/data/com.android.providers.downloads/cache/metadata-588.htm
07-05 12:20:45.430   545 17358 I DownloadManager: in removeSpuriousFiles, preserving file /data/data/com.android.providers.downloads/cache/metadata-799.htm
07-05 12:20:45.430   545 17358 I DownloadManager: in removeSpuriousFiles, preserving file /data/data/com.android.providers.downloads/cache/metadata-1666.htm
07-05 12:20:45.434   545 17358 I DownloadManager: in removeSpuriousFiles, preserving file /data/data/com.android.providers.downloads/cache/metadata-848.htm
07-05 12:20:45.434   545 17358 I DownloadManager: in removeSpuriousFiles, preserving file /data/data/com.android.providers.downloads/cache/metadata-1065.htm
07-05 12:20:45.434   545 17358 I DownloadManager: in removeSpuriousFiles, preserving file /data/data/com.android.providers.downloads/cache/metadata-1220.htm
07-05 12:20:45.434   545 17358 I DownloadManager: in removeSpuriousFiles, preserving file /data/data/com.android.providers.downloads/cache/metadata-1522.htm
07-05 12:20:45.434   545 17358 I DownloadManager: in removeSpuriousFiles, preserving file /data/data/com.android.providers.downloads/cache/metadata-1040.htm
07-05 12:20:45.434   545 17358 I DownloadManager: in removeSpuriousFiles, preserving file /data/data/com.android.providers.downloads/cache/metadata-571.htm
07-05 12:20:45.434   545 17358 I DownloadManager: in removeSpuriousFiles, preserving file /data/data/com.android.providers.downloads/cache/metadata-1381.htm
07-05 12:20:45.446   545 17358 I DownloadManager: in removeSpuriousFiles, preserving file /data/data/com.android.providers.downloads/cache/metadata-1415.htm
07-05 12:20:45.446   545 17358 I DownloadManager: in removeSpuriousFiles, preserving file /data/data/com.android.providers.downloads/cache/metadata-711.htm
07-05 12:20:45.446   545 17358 I DownloadManager: in removeSpuriousFiles, preserving file /data/data/com.android.providers.downloads/cache/metadata-1466.htm
07-05 12:20:45.446   545 17358 I DownloadManager: in removeSpuriousFiles, preserving file /data/data/com.android.providers.downloads/cache/metadata-837.htm
07-05 12:20:45.446   545 17358 I DownloadManager: in removeSpuriousFiles, preserving file /data/data/com.android.providers.downloads/cache/metadata-1533.htm
07-05 12:20:45.446   545 17358 I DownloadManager: in removeSpuriousFiles, preserving file /data/data/com.android.providers.downloads/cache/metadata-1264.htm
07-05 12:20:45.446   545 17358 I DownloadManager: in removeSpuriousFiles, preserving file /data/data/com.android.providers.downloads/cache/metadata-655.htm
07-05 12:20:45.446   545 17358 I DownloadManager: in removeSpuriousFiles, preserving file /data/data/com.android.providers.downloads/cache/metadata-550.htm
07-05 12:20:45.446   545 17358 I DownloadManager: in removeSpuriousFiles, preserving file /data/data/com.android.providers.downloads/cache/metadata-910.htm
07-05 12:20:45.446   545 17358 I DownloadManager: in removeSpuriousFiles, preserving file /data/data/com.android.providers.downloads/cache/metadata-1646.htm
07-05 12:20:45.450   545 17358 I DownloadManager: in removeSpuriousFiles, preserving file /data/data/com.android.providers.downloads/cache/metadata-1439.htm
07-05 12:20:45.450   545 17358 I DownloadManager: in removeSpuriousFiles, preserving file /data/data/com.android.providers.downloads/cache/metadata-1649.htm
07-05 12:20:45.450   545 17358 I DownloadManager: in removeSpuriousFiles, preserving file /data/data/com.android.providers.downloads/cache/metadata-1079.htm
07-05 12:20:45.450   545 17358 I DownloadManager: in removeSpuriousFiles, preserving file /data/data/com.android.providers.downloads/cache/metadata-656.htm
07-05 12:20:45.450   545 17358 I DownloadManager: in removeSpuriousFiles, preserving file /data/data/com.android.providers.downloads/cache/metadata-474.htm
07-05 12:20:45.454   545 17358 I DownloadManager: in removeSpuriousFiles, preserving file /data/data/com.android.providers.downloads/cache/metadata-1194.htm
07-05 12:20:45.454   545 17358 I DownloadManager: in removeSpuriousFiles, preserving file /data/data/com.android.providers.downloads/cache/metadata-1157.htm
07-05 12:20:45.454   545 17358 I DownloadManager: in removeSpuriousFiles, preserving file /data/data/com.android.providers.downloads/cache/metadata-697.htm
07-05 12:20:45.454   545 17358 I DownloadManager: in removeSpuriousFiles, preserving file /data/data/com.android.providers.downloads/cache/metadata-977.htm
07-05 12:20:45.454   545 17358 I DownloadManager: in removeSpuriousFiles, preserving file /data/data/com.android.providers.downloads/cache/metadata-393.htm
07-05 12:20:45.454   545 17358 I DownloadManager: in removeSpuriousFiles, preserving file /data/data/com.android.providers.downloads/cache/metadata-1324.htm
07-05 12:20:45.454   545 17358 I DownloadManager: in removeSpuriousFiles, preserving file /data/data/com.android.providers.downloads/cache/metadata-2047.htm
07-05 12:20:45.454   545 17358 I DownloadManager: in removeSpuriousFiles, preserving file /data/data/com.android.providers.downloads/cache/metadata-878.htm
07-05 12:20:45.458   545 17358 I DownloadManager: in removeSpuriousFiles, preserving file /data/data/com.android.providers.downloads/cache/metadata-1078.htm
07-05 12:20:45.458   545 17358 I DownloadManager: in removeSpuriousFiles, preserving file /data/data/com.android.providers.downloads/cache/metadata-850.htm
07-05 12:20:45.458   545 17358 I DownloadManager: in removeSpuriousFiles, preserving file /data/data/com.android.providers.downloads/cache/metadata-1498.htm
07-05 12:20:45.458   545 17358 I DownloadManager: in removeSpuriousFiles, preserving file /data/data/com.android.providers.downloads/cache/metadata-1532.htm
07-05 12:20:45.458   545 17358 I DownloadManager: in removeSpuriousFiles, preserving file /data/data/com.android.providers.downloads/cache/metadata-1170.htm
07-05 12:20:45.458   545 17358 I DownloadManager: in removeSpuriousFiles, preserving file /data/data/com.android.providers.downloads/cache/metadata-1393.htm
07-05 12:20:45.458   545 17358 I DownloadManager: in removeSpuriousFiles, preserving file /data/data/com.android.providers.downloads/cache/metadata-1613.htm
07-05 12:20:45.458   545 17358 I DownloadManager: in removeSpuriousFiles, preserving file /data/data/com.android.providers.downloads/cache/metadata-1479.htm
07-05 12:20:45.458   545 17358 I DownloadManager: in removeSpuriousFiles, preserving file /data/data/com.android.providers.downloads/cache/metadata-1839.htm
07-05 12:20:45.458   545 17358 I DownloadManager: in removeSpuriousFiles, preserving file /data/data/com.android.providers.downloads/cache/metadata-789.htm
07-05 12:20:45.462   545 17358 I DownloadManager: in removeSpuriousFiles, preserving file /data/data/com.android.providers.downloads/cache/metadata-1401.htm
07-05 12:20:45.462   545 17358 I DownloadManager: in removeSpuriousFiles, preserving file /data/data/com.android.providers.downloads/cache/metadata-1426.htm
07-05 12:20:45.462   545 17358 I DownloadManager: in removeSpuriousFiles, preserving file /data/data/com.android.providers.downloads/cache/metadata-1311.htm
07-05 12:20:45.462   545 17358 I DownloadManager: in removeSpuriousFiles, preserving file /data/data/com.android.providers.downloads/cache/metadata-1906.htm
07-05 12:20:45.462   545 17358 I DownloadManager: in removeSpuriousFiles, preserving file /data/data/com.android.providers.downloads/cache/metadata-1511.htm
07-05 12:20:45.462   545 17358 I DownloadManager: in removeSpuriousFiles, preserving file /data/data/com.android.providers.downloads/cache/metadata-800.htm
07-05 12:20:45.462   545 17358 I DownloadManager: in removeSpuriousFiles, preserving file /data/data/com.android.providers.downloads/cache/metadata-637.htm
07-05 12:20:45.462   545 17358 I DownloadManager: in removeSpuriousFiles, preserving file /data/data/com.android.providers.downloads/cache/metadata-988.htm
07-05 12:20:45.462   545 17358 I DownloadManager: in removeSpuriousFiles, preserving file /data/data/com.android.providers.downloads/cache/metadata-851.htm
07-05 12:20:45.466   545 17358 I DownloadManager: in removeSpuriousFiles, preserving file /data/data/com.android.providers.downloads/cache/metadata-1165.htm
07-05 12:20:45.466   545 17358 I DownloadManager: in removeSpuriousFiles, preserving file /data/data/com.android.providers.downloads/cache/metadata-1273.htm
07-05 12:20:45.466   545 17358 I DownloadManager: in removeSpuriousFiles, preserving file /data/data/com.android.providers.downloads/cache/metadata-2084.htm
07-05 12:20:45.466   545 17358 I DownloadManager: in removeSpuriousFiles, preserving file /data/data/com.android.providers.downloads/cache/metadata-1116.htm
07-05 12:20:45.466   545 17358 I DownloadManager: in removeSpuriousFiles, preserving file /data/data/com.android.providers.downloads/cache/metadata-860.htm
07-05 12:20:45.466   545 17358 I DownloadManager: in removeSpuriousFiles, preserving file /data/data/com.android.providers.downloads/cache/metadata-948.htm
07-05 12:20:45.466   545 17358 I DownloadManager: in removeSpuriousFiles, preserving file /data/data/com.android.providers.downloads/cache/metadata-1125.htm
07-05 12:20:45.466   545 17358 I DownloadManager: in removeSpuriousFiles, preserving file /data/data/com.android.providers.downloads/cache/metadata-863.htm
07-05 12:20:45.466   545 17358 I DownloadManager: in removeSpuriousFiles, preserving file /data/data/com.android.providers.downloads/cache/metadata-567.htm
07-05 12:20:45.469   545 17358 I DownloadManager: in removeSpuriousFiles, preserving file /data/data/com.android.providers.downloads/cache/metadata-643.htm
07-05 12:20:45.469   545 17358 I DownloadManager: in removeSpuriousFiles, preserving file /data/data/com.android.providers.downloads/cache/metadata-1449.htm
07-05 12:20:45.469   545 17358 I DownloadManager: in removeSpuriousFiles, preserving file /data/data/com.android.providers.downloads/cache/metadata-1139.htm
07-05 12:20:45.469   545 17358 I DownloadManager: in removeSpuriousFiles, preserving file /data/data/com.android.providers.downloads/cache/metadata-698.htm
07-05 12:20:45.469   545 17358 I DownloadManager: in removeSpuriousFiles, preserving file /data/data/com.android.providers.downloads/cache/metadata-1580.htm
07-05 12:20:45.469   545 17358 I DownloadManager: in removeSpuriousFiles, preserving file /data/data/com.android.providers.downloads/cache/metadata-1033.htm
07-05 12:20:45.469   545 17358 I DownloadManager: in removeSpuriousFiles, preserving file /data/data/com.android.providers.downloads/cache/metadata-604.htm
07-05 12:20:45.473   545 17358 I DownloadManager: in removeSpuriousFiles, preserving file /data/data/com.android.providers.downloads/cache/metadata.htm
07-05 12:20:45.473   545 17358 I DownloadManager: in removeSpuriousFiles, preserving file /data/data/com.android.providers.downloads/cache/metadata-3.htm
07-05 12:20:45.473   545 17358 I DownloadManager: in removeSpuriousFiles, preserving file /data/data/com.android.providers.downloads/cache/metadata-5.htm
07-05 12:20:45.473   545 17358 I DownloadManager: in removeSpuriousFiles, preserving file /data/data/com.android.providers.downloads/cache/metadata-7.htm
07-05 12:20:45.473   545 17358 I DownloadManager: in removeSpuriousFiles, preserving file /data/data/com.android.providers.downloads/cache/metadata-9.htm
07-05 12:20:45.473   545 17358 I DownloadManager: in removeSpuriousFiles, preserving file /data/data/com.android.providers.downloads/cache/metadata-16.htm
07-05 12:20:45.473   545 17358 I DownloadManager: in removeSpuriousFiles, preserving file /data/data/com.android.providers.downloads/cache/metadata-14.htm
07-05 12:20:45.473   545 17358 I DownloadManager: in removeSpuriousFiles, preserving file /data/data/com.android.providers.downloads/cache/metadata-1480.htm
07-05 12:20:45.473   545 17358 I DownloadManager: in removeSpuriousFiles, preserving file /data/data/com.android.providers.downloads/cache/metadata-1303.htm
07-05 12:20:45.473   545 17358 I DownloadManager: in removeSpuriousFiles, preserving file /data/data/com.android.providers.downloads/cache/metadata-1221.htm
07-05 12:20:45.473   545 17358 I DownloadManager: in removeSpuriousFiles, preserving file /data/data/com.android.providers.downloads/cache/metadata-664.htm
07-05 12:20:45.473   545 17358 I DownloadManager: in removeSpuriousFiles, preserving file /data/data/com.android.providers.downloads/cache/metadata-630.htm
07-05 12:20:45.473   545 17358 I DownloadManager: in removeSpuriousFiles, preserving file /data/data/com.android.providers.downloads/cache/metadata-387.htm
07-05 12:20:45.473   545 17358 I DownloadManager: in removeSpuriousFiles, preserving file /data/data/com.android.providers.downloads/cache/metadata-1173.htm
07-05 12:20:45.473   545 17358 I DownloadManager: in removeSpuriousFiles, preserving file /data/data/com.android.providers.downloads/cache/metadata-442.htm
07-05 12:20:45.477   545 17358 I DownloadManager: in removeSpuriousFiles, preserving file /data/data/com.android.providers.downloads/cache/metadata-563.htm
07-05 12:20:45.477   545 17358 I DownloadManager: in removeSpuriousFiles, preserving file /data/data/com.android.providers.downloads/cache/metadata-355.htm
07-05 12:20:45.477   545 17358 I DownloadManager: in removeSpuriousFiles, preserving file /data/data/com.android.providers.downloads/cache/metadata-1785.htm
07-05 12:20:45.477   545 17358 I DownloadManager: in removeSpuriousFiles, preserving file /data/data/com.android.providers.downloads/cache/metadata-489.htm
07-05 12:20:45.477   545 17358 I DownloadManager: in removeSpuriousFiles, preserving file /data/data/com.android.providers.downloads/cache/metadata-395.htm
07-05 12:20:45.477   545 17358 I DownloadManager: in removeSpuriousFiles, preserving file /data/data/com.android.providers.downloads/cache/metadata-569.htm
07-05 12:20:45.477   545 17358 I DownloadManager: in removeSpuriousFiles, preserving file /data/data/com.android.providers.downloads/cache/metadata-1315.htm
07-05 12:20:45.477   545 17358 I DownloadManager: in removeSpuriousFiles, preserving file /data/data/com.android.providers.downloads/cache/metadata-645.htm
07-05 12:20:45.477   545 17358 I DownloadManager: in removeSpuriousFiles, preserving file /data/data/com.android.providers.downloads/cache/metadata-1527.htm
07-05 12:20:45.477   545 17358 I DownloadManager: in removeSpuriousFiles, preserving file /data/data/com.android.providers.downloads/cache/metadata-12.htm
07-05 12:20:45.481   545 17358 I DownloadManager: in removeSpuriousFiles, preserving file /data/data/com.android.providers.downloads/cache/metadata-796.htm
07-05 12:20:45.481   545 17358 I DownloadManager: in removeSpuriousFiles, preserving file /data/data/com.android.providers.downloads/cache/metadata-513.htm
07-05 12:20:45.481   545 17358 I DownloadManager: in removeSpuriousFiles, preserving file /data/data/com.android.providers.downloads/cache/metadata-1050.htm
07-05 12:20:45.481   545 17358 I DownloadManager: in removeSpuriousFiles, preserving file /data/data/com.android.providers.downloads/cache/metadata-534.htm
07-05 12:20:45.481   545 17358 I DownloadManager: in removeSpuriousFiles, preserving file /data/data/com.android.providers.downloads/cache/metadata-1076.htm
07-05 12:20:45.481   545 17358 I DownloadManager: in removeSpuriousFiles, preserving file /data/data/com.android.providers.downloads/cache/metadata-1516.htm
07-05 12:20:45.485   545 17358 I DownloadManager: in removeSpuriousFiles, preserving file /data/data/com.android.providers.downloads/cache/metadata-619.htm
07-05 12:20:45.485   545 17358 I DownloadManager: in removeSpuriousFiles, preserving file /data/data/com.android.providers.downloads/cache/metadata-1300.htm
07-05 12:20:45.485   545 17358 I DownloadManager: in removeSpuriousFiles, preserving file /data/data/com.android.providers.downloads/cache/metadata-607.htm
07-05 12:20:45.485   545 17358 I DownloadManager: in removeSpuriousFiles, preserving file /data/data/com.android.providers.downloads/cache/metadata-1052.htm
07-05 12:20:45.485   545 17358 I DownloadManager: in removeSpuriousFiles, preserving file /data/data/com.android.providers.downloads/cache/metadata-1625.htm
07-05 12:20:45.485   545 17358 I DownloadManager: in removeSpuriousFiles, preserving file /data/data/com.android.providers.downloads/cache/metadata-927.htm
07-05 12:20:45.485   545 17358 I DownloadManager: in removeSpuriousFiles, preserving file /data/data/com.android.providers.downloads/cache/metadata-953.htm
07-05 12:20:45.485   545 17358 I DownloadManager: in removeSpuriousFiles, preserving file /data/data/com.android.providers.downloads/cache/metadata-2217.htm
07-05 12:20:45.485   545 17358 I DownloadManager: in removeSpuriousFiles, preserving file /data/data/com.android.providers.downloads/cache/metadata-919.htm
07-05 12:20:45.489   545 17358 I DownloadManager: in removeSpuriousFiles, preserving file /data/data/com.android.providers.downloads/cache/metadata-1400.htm
07-05 12:20:45.489   545 17358 I DownloadManager: in removeSpuriousFiles, preserving file /data/data/com.android.providers.downloads/cache/metadata-999.htm
07-05 12:20:45.489   545 17358 I DownloadManager: in removeSpuriousFiles, preserving file /data/data/com.android.providers.downloads/cache/metadata-1914.htm
07-05 12:20:45.489   545 17358 I DownloadManager: in removeSpuriousFiles, preserving file /data/data/com.android.providers.downloads/cache/metadata-1335.htm
07-05 12:20:45.489   545 17358 I DownloadManager: in removeSpuriousFiles, preserving file /data/data/com.android.providers.downloads/cache/metadata-982.htm
07-05 12:20:45.489   545 17358 I DownloadManager: in removeSpuriousFiles, preserving file /data/data/com.android.providers.downloads/cache/metadata-1460.htm
07-05 12:20:45.489   545 17358 I DownloadManager: in removeSpuriousFiles, preserving file /data/data/com.android.providers.downloads/cache/metadata-1379.htm
07-05 12:20:45.489   545 17358 I DownloadManager: in removeSpuriousFiles, preserving file /data/data/com.android.providers.downloads/cache/metadata-967.htm
07-05 12:20:45.489   545 17358 I DownloadManager: in removeSpuriousFiles, preserving file /data/data/com.android.providers.downloads/cache/metadata-704.htm
07-05 12:20:45.489   545 17358 I DownloadManager: in removeSpuriousFiles, preserving file /data/data/com.android.providers.downloads/cache/metadata-1406.htm
07-05 12:20:45.493   545 17358 I DownloadManager: in removeSpuriousFiles, preserving file /data/data/com.android.providers.downloads/cache/metadata-780.htm
07-05 12:20:45.493   545 17358 I DownloadManager: in removeSpuriousFiles, preserving file /data/data/com.android.providers.downloads/cache/metadata-1132.htm
07-05 12:20:45.493   545 17358 I DownloadManager: in removeSpuriousFiles, preserving file /data/data/com.android.providers.downloads/cache/metadata-1576.htm
07-05 12:20:45.493   545 17358 I DownloadManager: in removeSpuriousFiles, preserving file /data/data/com.android.providers.downloads/cache/metadata-2261.htm
07-05 12:20:45.493   545 17358 I DownloadManager: in removeSpuriousFiles, preserving file /data/data/com.android.providers.downloads/cache/metadata-775.htm
07-05 12:20:45.493   545 17358 I DownloadManager: in removeSpuriousFiles, preserving file /data/data/com.android.providers.downloads/cache/metadata-1387.htm
07-05 12:20:45.493   545 17358 I DownloadManager: in removeSpuriousFiles, preserving file /data/data/com.android.providers.downloads/cache/metadata-1041.htm
07-05 12:20:45.493   545 17358 I DownloadManager: in removeSpuriousFiles, preserving file /data/data/com.android.providers.downloads/cache/metadata-1525.htm
07-05 12:20:45.493   545 17358 I DownloadManager: in removeSpuriousFiles, preserving file /data/data/com.android.providers.downloads/cache/metadata-857.htm
07-05 12:20:45.493   545 17358 I DownloadManager: in removeSpuriousFiles, preserving file /data/data/com.android.providers.downloads/cache/metadata-1865.htm
07-05 12:20:45.497   545 17358 I DownloadManager: in removeSpuriousFiles, preserving file /data/data/com.android.providers.downloads/cache/metadata-991.htm
07-05 12:20:45.497   545 17358 I DownloadManager: in removeSpuriousFiles, preserving file /data/data/com.android.providers.downloads/cache/metadata-1799.htm
07-05 12:20:45.497   545 17358 I DownloadManager: in removeSpuriousFiles, preserving file /data/data/com.android.providers.downloads/cache/metadata-1742.htm
07-05 12:20:45.497   545 17358 I DownloadManager: in removeSpuriousFiles, preserving file /data/data/com.android.providers.downloads/cache/metadata-957.htm
07-05 12:20:45.497   545 17358 I DownloadManager: in removeSpuriousFiles, preserving file /data/data/com.android.providers.downloads/cache/metadata-2131.htm
07-05 12:20:45.497   545 17358 I DownloadManager: in removeSpuriousFiles, preserving file /data/data/com.android.providers.downloads/cache/metadata-1354.htm
07-05 12:20:45.497   545 17358 I DownloadManager: in removeSpuriousFiles, preserving file /data/data/com.android.providers.downloads/cache/metadata-918.htm
07-05 12:20:45.497   545 17358 I DownloadManager: in removeSpuriousFiles, preserving file /data/data/com.android.providers.downloads/cache/metadata-708.htm
07-05 12:20:45.497   545 17358 I DownloadManager: in removeSpuriousFiles, preserving file /data/data/com.android.providers.downloads/cache/metadata-1289.htm
07-05 12:20:45.501   545 17358 I DownloadManager: in removeSpuriousFiles, preserving file /data/data/com.android.providers.downloads/cache/metadata-827.htm
07-05 12:20:45.501   545 17358 I DownloadManager: in removeSpuriousFiles, preserving file /data/data/com.android.providers.downloads/cache/metadata-1680.htm
07-05 12:20:45.501   545 17358 I DownloadManager: in removeSpuriousFiles, preserving file /data/data/com.android.providers.downloads/cache/metadata-652.htm
07-05 12:20:45.501   545 17358 I DownloadManager: in removeSpuriousFiles, preserving file /data/data/com.android.providers.downloads/cache/metadata-792.htm
07-05 12:20:45.501   545 17358 I DownloadManager: in removeSpuriousFiles, preserving file /data/data/com.android.providers.downloads/cache/metadata-926.htm
07-05 12:20:45.501   545 17358 I DownloadManager: in removeSpuriousFiles, preserving file /data/data/com.android.providers.downloads/cache/metadata-609.htm
07-05 12:20:45.501   545 17358 I DownloadManager: in removeSpuriousFiles, preserving file /data/data/com.android.providers.downloads/cache/metadata-911.htm
07-05 12:20:45.501   545 17358 I DownloadManager: in removeSpuriousFiles, preserving file /data/data/com.android.providers.downloads/cache/metadata-882.htm
07-05 12:20:45.501   545 17358 I DownloadManager: in removeSpuriousFiles, preserving file /data/data/com.android.providers.downloads/cache/metadata-1850.htm
07-05 12:20:45.505   545 17358 I DownloadManager: in removeSpuriousFiles, preserving file /data/data/com.android.providers.downloads/cache/metadata-1210.htm
07-05 12:20:45.505   545 17358 I DownloadManager: in removeSpuriousFiles, preserving file /data/data/com.android.providers.downloads/cache/metadata-1788.htm
07-05 12:20:45.505   545 17358 I DownloadManager: in removeSpuriousFiles, preserving file /data/data/com.android.providers.downloads/cache/metadata-1344.htm
07-05 12:20:45.509   545 17358 I DownloadManager: in removeSpuriousFiles, preserving file /data/data/com.android.providers.downloads/cache/metadata-1811.htm
07-05 12:20:45.509   545 17358 I DownloadManager: in removeSpuriousFiles, preserving file /data/data/com.android.providers.downloads/cache/metadata-1031.htm
07-05 12:20:45.509   545 17358 I DownloadManager: in removeSpuriousFiles, preserving file /data/data/com.android.providers.downloads/cache/metadata-578.htm
07-05 12:20:45.509   545 17358 I DownloadManager: in removeSpuriousFiles, preserving file /data/data/com.android.providers.downloads/cache/metadata-2122.htm
07-05 12:20:45.509   545 17358 I DownloadManager: in removeSpuriousFiles, preserving file /data/data/com.android.providers.downloads/cache/metadata-961.htm
07-05 12:20:45.509   545 17358 I DownloadManager: in removeSpuriousFiles, preserving file /data/data/com.android.providers.downloads/cache/metadata-666.htm
07-05 12:20:45.509   545 17358 I DownloadManager: in removeSpuriousFiles, preserving file /data/data/com.android.providers.downloads/cache/metadata-1859.htm
07-05 12:20:45.509   545 17358 I DownloadManager: in removeSpuriousFiles, preserving file /data/data/com.android.providers.downloads/cache/metadata-1594.htm
07-05 12:20:45.509   545 17358 I DownloadManager: in removeSpuriousFiles, preserving file /data/data/com.android.providers.downloads/cache/metadata-947.htm
07-05 12:20:45.512   545 17358 I DownloadManager: in removeSpuriousFiles, preserving file /data/data/com.android.providers.downloads/cache/metadata-1359.htm
07-05 12:20:45.512   545 17358 I DownloadManager: in removeSpuriousFiles, preserving file /data/data/com.android.providers.downloads/cache/metadata-983.htm
07-05 12:20:45.512   545 17358 I DownloadManager: in removeSpuriousFiles, preserving file /data/data/com.android.providers.downloads/cache/metadata-1361.htm
07-05 12:20:45.512   545 17358 I DownloadManager: in removeSpuriousFiles, preserving file /data/data/com.android.providers.downloads/cache/metadata-661.htm
07-05 12:20:45.512   545 17358 I DownloadManager: in removeSpuriousFiles, preserving file /data/data/com.android.providers.downloads/cache/metadata-1458.htm
07-05 12:20:45.512   545 17358 I DownloadManager: in removeSpuriousFiles, preserving file /data/data/com.android.providers.downloads/cache/metadata-1573.htm
07-05 12:20:45.512   545 17358 I DownloadManager: in removeSpuriousFiles, preserving file /data/data/com.android.providers.downloads/cache/metadata-959.htm
07-05 12:20:45.512   545 17358 I DownloadManager: in removeSpuriousFiles, preserving file /data/data/com.android.providers.downloads/cache/metadata-905.htm
07-05 12:20:45.512   545 17358 I DownloadManager: in removeSpuriousFiles, preserving file /data/data/com.android.providers.downloads/cache/metadata-861.htm
07-05 12:20:45.516   545 17358 I DownloadManager: in removeSpuriousFiles, preserving file /data/data/com.android.providers.downloads/cache/metadata-1855.htm
07-05 12:20:45.516   545 17358 I DownloadManager: in removeSpuriousFiles, preserving file /data/data/com.android.providers.downloads/cache/metadata-1437.htm
07-05 12:20:45.516   545 17358 I DownloadManager: in removeSpuriousFiles, preserving file /data/data/com.android.providers.downloads/cache/metadata-1294.htm
07-05 12:20:45.516   545 17358 I DownloadManager: in removeSpuriousFiles, preserving file /data/data/com.android.providers.downloads/cache/metadata-615.htm
07-05 12:20:45.516   545 17358 I DownloadManager: in removeSpuriousFiles, preserving file /data/data/com.android.providers.downloads/cache/metadata-952.htm
07-05 12:20:45.516   545 17358 I DownloadManager: in removeSpuriousFiles, preserving file /data/data/com.android.providers.downloads/cache/metadata-1328.htm
07-05 12:20:45.516   545 17358 I DownloadManager: in removeSpuriousFiles, preserving file /data/data/com.android.providers.downloads/cache/metadata-2350.htm
07-05 12:20:45.516   545 17358 I DownloadManager: in removeSpuriousFiles, preserving file /data/data/com.android.providers.downloads/cache/metadata-1341.htm
07-05 12:20:45.516   545 17358 I DownloadManager: in removeSpuriousFiles, preserving file /data/data/com.android.providers.downloads/cache/metadata-830.htm
07-05 12:20:45.520   545 17358 I DownloadManager: in removeSpuriousFiles, preserving file /data/data/com.android.providers.downloads/cache/metadata-862.htm
07-05 12:20:45.520   545 17358 I DownloadManager: in removeSpuriousFiles, preserving file /data/data/com.android.providers.downloads/cache/metadata-730.htm
07-05 12:20:45.520   545 17358 I DownloadManager: in removeSpuriousFiles, preserving file /data/data/com.android.providers.downloads/cache/metadata-1900.htm
07-05 12:20:45.520   545 17358 I DownloadManager: in removeSpuriousFiles, preserving file /data/data/com.android.providers.downloads/cache/metadata-1444.htm
07-05 12:20:45.520   545 17358 I DownloadManager: in removeSpuriousFiles, preserving file /data/data/com.android.providers.downloads/cache/metadata-1002.htm
07-05 12:20:45.520   545 17358 I DownloadManager: in removeSpuriousFiles, preserving file /data/data/com.android.providers.downloads/cache/metadata-734.htm
07-05 12:20:45.520   545 17358 I DownloadManager: in removeSpuriousFiles, preserving file /data/data/com.android.providers.downloads/cache/metadata-1075.htm
07-05 12:20:45.520   545 17358 I DownloadManager: in removeSpuriousFiles, preserving file /data/data/com.android.providers.downloads/cache/metadata-1312.htm
07-05 12:20:45.520   545 17358 I DownloadManager: in removeSpuriousFiles, preserving file /data/data/com.android.providers.downloads/cache/metadata-2165.htm
07-05 12:20:45.524   545 17358 I DownloadManager: in removeSpuriousFiles, preserving file /data/data/com.android.providers.downloads/cache/metadata-1123.htm
07-05 12:20:45.524   545 17358 I DownloadManager: in removeSpuriousFiles, preserving file /data/data/com.android.providers.downloads/cache/metadata-693.htm
07-05 12:20:45.524   545 17358 I DownloadManager: in removeSpuriousFiles, preserving file /data/data/com.android.providers.downloads/cache/metadata-1.htm
07-05 12:20:45.524   545 17358 I DownloadManager: in removeSpuriousFiles, preserving file /data/data/com.android.providers.downloads/cache/metadata-4.htm
07-05 12:20:45.524   545 17358 I DownloadManager: in removeSpuriousFiles, preserving file /data/data/com.android.providers.downloads/cache/metadata-6.htm
07-05 12:20:45.524   545 17358 I DownloadManager: in removeSpuriousFiles, preserving file /data/data/com.android.providers.downloads/cache/metadata-10.htm
07-05 12:20:45.524   545 17358 I DownloadManager: in removeSpuriousFiles, preserving file /data/data/com.android.providers.downloads/cache/metadata-21.htm
07-05 12:20:45.524   545 17358 I DownloadManager: in removeSpuriousFiles, preserving file /data/data/com.android.providers.downloads/cache/metadata-11.htm
07-05 12:20:45.524   545 17358 I DownloadManager: in removeSpuriousFiles, preserving file /data/data/com.android.providers.downloads/cache/metadata-15.htm
07-05 12:20:45.524   545 17358 I DownloadManager: in removeSpuriousFiles, preserving file /data/data/com.android.providers.downloads/cache/metadata-31.htm
07-05 12:20:45.524   545 17358 I DownloadManager: in removeSpuriousFiles, preserving file /data/data/com.android.providers.downloads/cache/metadata-13.htm
07-05 12:20:45.524   545 17358 I DownloadManager: in removeSpuriousFiles, preserving file /data/data/com.android.providers.downloads/cache/metadata-22.htm
07-05 12:20:45.524   545 17358 I DownloadManager: in removeSpuriousFiles, preserving file /data/data/com.android.providers.downloads/cache/metadata-29.htm
07-05 12:20:45.524   545 17358 I DownloadManager: in removeSpuriousFiles, preserving file /data/data/com.android.providers.downloads/cache/metadata-37.htm
07-05 12:20:45.524   545 17358 I DownloadManager: in removeSpuriousFiles, preserving file /data/data/com.android.providers.downloads/cache/metadata-34.htm
07-05 12:20:45.524   545 17358 I DownloadManager: in removeSpuriousFiles, preserving file /data/data/com.android.providers.downloads/cache/metadata-28.htm
07-05 12:20:45.524   545 17358 I DownloadManager: in removeSpuriousFiles, preserving file /data/data/com.android.providers.downloads/cache/metadata-23.htm
07-05 12:20:45.524   545 17358 I DownloadManager: in removeSpuriousFiles, preserving file /data/data/com.android.providers.downloads/cache/metadata-1218.htm
07-05 12:20:45.524   545 17358 I DownloadManager: in removeSpuriousFiles, preserving file /data/data/com.android.providers.downloads/cache/metadata-38.htm
07-05 12:20:45.528   545 17358 I DownloadManager: in removeSpuriousFiles, preserving file /data/data/com.android.providers.downloads/cache/metadata-809.htm
07-05 12:20:45.528   545 17358 I DownloadManager: in removeSpuriousFiles, preserving file /data/data/com.android.providers.downloads/cache/metadata-36.htm
07-05 12:20:45.528   545 17358 I DownloadManager: in removeSpuriousFiles, preserving file /data/data/com.android.providers.downloads/cache/metadata-515.htm
07-05 12:20:45.528   545 17358 I DownloadManager: in removeSpuriousFiles, preserving file /data/data/com.android.providers.downloads/cache/metadata-1028.htm
07-05 12:20:45.528   545 17358 I DownloadManager: in removeSpuriousFiles, preserving file /data/data/com.android.providers.downloads/cache/metadata-1295.htm
07-05 12:20:45.528   545 17358 I DownloadManager: in removeSpuriousFiles, preserving file /data/data/com.android.providers.downloads/cache/metadata-1012.htm
07-05 12:20:45.528   545 17358 I DownloadManager: in removeSpuriousFiles, preserving file /data/data/com.android.providers.downloads/cache/metadata-1280.htm
07-05 12:20:45.528   545 17358 I DownloadManager: in removeSpuriousFiles, preserving file /data/data/com.android.providers.downloads/cache/metadata-40.htm
07-05 12:20:45.528   545 17358 I DownloadManager: in removeSpuriousFiles, preserving file /data/data/com.android.providers.downloads/cache/metadata-797.htm
07-05 12:20:45.528   545 17358 I DownloadManager: in removeSpuriousFiles, preserving file /data/data/com.android.providers.downloads/cache/metadata-51.htm
07-05 12:20:45.528   545 17358 I DownloadManager: in removeSpuriousFiles, preserving file /data/data/com.android.providers.downloads/cache/metadata-1159.htm
07-05 12:20:45.528   545 17358 I DownloadManager: in removeSpuriousFiles, preserving file /data/data/com.android.providers.downloads/cache/metadata-1517.htm
07-05 12:20:45.528   545 17358 I DownloadManager: in removeSpuriousFiles, preserving file /data/data/com.android.providers.downloads/cache/metadata-980.htm
07-05 12:20:45.532   545 17358 I DownloadManager: in removeSpuriousFiles, preserving file /data/data/com.android.providers.downloads/cache/metadata-1571.htm
07-05 12:20:45.532   545 17358 I DownloadManager: in removeSpuriousFiles, preserving file /data/data/com.android.providers.downloads/cache/metadata-858.htm
07-05 12:20:45.532   545 17358 I DownloadManager: in removeSpuriousFiles, preserving file /data/data/com.android.providers.downloads/cache/metadata-473.htm
07-05 12:20:45.532   545 17358 I DownloadManager: in removeSpuriousFiles, preserving file /data/data/com.android.providers.downloads/cache/metadata-990.htm
07-05 12:20:45.532   545 17358 I DownloadManager: in removeSpuriousFiles, preserving file /data/data/com.android.providers.downloads/cache/metadata-1366.htm
07-05 12:20:45.532   545 17358 I DownloadManager: in removeSpuriousFiles, preserving file /data/data/com.android.providers.downloads/cache/metadata-1958.htm
07-05 12:20:45.532   545 17358 I DownloadManager: in removeSpuriousFiles, preserving file /data/data/com.android.providers.downloads/cache/metadata-1241.htm
07-05 12:20:45.532   545 17358 I DownloadManager: in removeSpuriousFiles, preserving file /data/data/com.android.providers.downloads/cache/metadata-683.htm
07-05 12:20:45.532   545 17358 I DownloadManager: in removeSpuriousFiles, preserving file /data/data/com.android.providers.downloads/cache/metadata-1736.htm
07-05 12:20:45.532   545 17358 I DownloadManager: in removeSpuriousFiles, preserving file /data/data/com.android.providers.downloads/cache/metadata-511.htm
07-05 12:20:45.536   545 17358 I DownloadManager: in removeSpuriousFiles, preserving file /data/data/com.android.providers.downloads/cache/metadata-870.htm
07-05 12:20:45.536   545 17358 I DownloadManager: in removeSpuriousFiles, preserving file /data/data/com.android.providers.downloads/cache/metadata-832.htm
07-05 12:20:45.536   545 17358 I DownloadManager: in removeSpuriousFiles, preserving file /data/data/com.android.providers.downloads/cache/metadata-1117.htm
07-05 12:20:45.536   545 17358 I DownloadManager: in removeSpuriousFiles, preserving file /data/data/com.android.providers.downloads/cache/metadata-692.htm
07-05 12:20:45.536   545 17358 I DownloadManager: in removeSpuriousFiles, preserving file /data/data/com.android.providers.downloads/cache/metadata-1367.htm
07-05 12:20:45.536   545 17358 I DownloadManager: in removeSpuriousFiles, preserving file /data/data/com.android.providers.downloads/cache/metadata-1368.htm
07-05 12:20:45.536   545 17358 I DownloadManager: in removeSpuriousFiles, preserving file /data/data/com.android.providers.downloads/cache/metadata-654.htm
07-05 12:20:45.536   545 17358 I DownloadManager: in removeSpuriousFiles, preserving file /data/data/com.android.providers.downloads/cache/metadata-1827.htm
07-05 12:20:45.536   545 17358 I DownloadManager: in removeSpuriousFiles, preserving file /data/data/com.android.providers.downloads/cache/metadata-762.htm
07-05 12:20:45.536   545 17358 I DownloadManager: in removeSpuriousFiles, preserving file /data/data/com.android.providers.downloads/cache/metadata-1704.htm
07-05 12:20:45.540   545 17358 I DownloadManager: in removeSpuriousFiles, preserving file /data/data/com.android.providers.downloads/cache/metadata-1161.htm
07-05 12:20:45.540   545 17358 I DownloadManager: in removeSpuriousFiles, preserving file /data/data/com.android.providers.downloads/cache/metadata-658.htm
07-05 12:20:45.540   545 17358 I DownloadManager: in removeSpuriousFiles, preserving file /data/data/com.android.providers.downloads/cache/metadata-631.htm
07-05 12:20:45.540   545 17358 I DownloadManager: in removeSpuriousFiles, preserving file /data/data/com.android.providers.downloads/cache/metadata-729.htm
07-05 12:20:45.540   545 17358 I DownloadManager: in removeSpuriousFiles, preserving file /data/data/com.android.providers.downloads/cache/metadata-869.htm
07-05 12:20:45.540   545 17358 I DownloadManager: in removeSpuriousFiles, preserving file /data/data/com.android.providers.downloads/cache/metadata-1182.htm
07-05 12:20:45.540   545 17358 I DownloadManager: in removeSpuriousFiles, preserving file /data/data/com.android.providers.downloads/cache/metadata-696.htm
07-05 12:20:45.540   545 17358 I DownloadManager: in removeSpuriousFiles, preserving file /data/data/com.android.providers.downloads/cache/metadata-949.htm
07-05 12:20:45.540   545 17358 I DownloadManager: in removeSpuriousFiles, preserving file /data/data/com.android.providers.downloads/cache/metadata-2315.htm
07-05 12:20:45.540   545 17358 I DownloadManager: in removeSpuriousFiles, preserving file /data/data/com.android.providers.downloads/cache/metadata-1595.htm
07-05 12:20:45.544   545 17358 I DownloadManager: in removeSpuriousFiles, preserving file /data/data/com.android.providers.downloads/cache/metadata-765.htm
07-05 12:20:45.544   545 17358 I DownloadManager: in removeSpuriousFiles, preserving file /data/data/com.android.providers.downloads/cache/metadata-1774.htm
07-05 12:20:45.544   545 17358 I DownloadManager: in removeSpuriousFiles, preserving file /data/data/com.android.providers.downloads/cache/metadata-1176.htm
07-05 12:20:45.548   545 17358 I DownloadManager: in removeSpuriousFiles, preserving file /data/data/com.android.providers.downloads/cache/metadata-1219.htm
07-05 12:20:45.548   545 17358 I DownloadManager: in removeSpuriousFiles, preserving file /data/data/com.android.providers.downloads/cache/metadata-1154.htm
07-05 12:20:45.548   545 17358 I DownloadManager: in removeSpuriousFiles, preserving file /data/data/com.android.providers.downloads/cache/metadata-1555.htm
07-05 12:20:45.548   545 17358 I DownloadManager: in removeSpuriousFiles, preserving file /data/data/com.android.providers.downloads/cache/metadata-978.htm
07-05 12:20:45.548   545 17358 I DownloadManager: in removeSpuriousFiles, preserving file /data/data/com.android.providers.downloads/cache/metadata-1684.htm
07-05 12:20:45.548   545 17358 I DownloadManager: in removeSpuriousFiles, preserving file /data/data/com.android.providers.downloads/cache/metadata-1697.htm
07-05 12:20:45.548   545 17358 I DownloadManager: in removeSpuriousFiles, preserving file /data/data/com.android.providers.downloads/cache/metadata-1465.htm
07-05 12:20:45.548   545 17358 I DownloadManager: in removeSpuriousFiles, preserving file /data/data/com.android.providers.downloads/cache/metadata-602.htm
07-05 12:20:45.548   545 17358 I DownloadManager: in removeSpuriousFiles, preserving file /data/data/com.android.providers.downloads/cache/metadata-864.htm
07-05 12:20:45.548   545 17358 I DownloadManager: in removeSpuriousFiles, preserving file /data/data/com.android.providers.downloads/cache/metadata-1510.htm
07-05 12:20:45.551   545 17358 I DownloadManager: in removeSpuriousFiles, preserving file /data/data/com.android.providers.downloads/cache/metadata-1001.htm
07-05 12:20:45.551   545 17358 I DownloadManager: in removeSpuriousFiles, preserving file /data/data/com.android.providers.downloads/cache/metadata-1286.htm
07-05 12:20:45.551   545 17358 I DownloadManager: in removeSpuriousFiles, preserving file /data/data/com.android.providers.downloads/cache/metadata-1320.htm
07-05 12:20:45.551   545 17358 I DownloadManager: in removeSpuriousFiles, preserving file /data/data/com.android.providers.downloads/cache/metadata-2550.htm
07-05 12:20:45.551   545 17358 I DownloadManager: in removeSpuriousFiles, preserving file /data/data/com.android.providers.downloads/cache/metadata-1542.htm
07-05 12:20:45.551   545 17358 I DownloadManager: in removeSpuriousFiles, preserving file /data/data/com.android.providers.downloads/cache/metadata-1060.htm
07-05 12:20:45.551   545 17358 I DownloadManager: in removeSpuriousFiles, preserving file /data/data/com.android.providers.downloads/cache/metadata-1131.htm
07-05 12:20:45.551   545 17358 I DownloadManager: in removeSpuriousFiles, preserving file /data/data/com.android.providers.downloads/cache/metadata-2291.htm
07-05 12:20:45.551   545 17358 I DownloadManager: in removeSpuriousFiles, preserving file /data/data/com.android.providers.downloads/cache/metadata-879.htm
07-05 12:20:45.551   545 17358 I DownloadManager: in removeSpuriousFiles, preserving file /data/data/com.android.providers.downloads/cache/metadata-1171.htm
07-05 12:20:45.555   545 17358 I DownloadManager: in removeSpuriousFiles, preserving file /data/data/com.android.providers.downloads/cache/metadata-1608.htm
07-05 12:20:45.555   545 17358 I DownloadManager: in removeSpuriousFiles, preserving file /data/data/com.android.providers.downloads/cache/metadata-628.htm
07-05 12:20:45.555   545 17358 I DownloadManager: in removeSpuriousFiles, preserving file /data/data/com.android.providers.downloads/cache/metadata-1581.htm
07-05 12:20:45.555   545 17358 I DownloadManager: in removeSpuriousFiles, preserving file /data/data/com.android.providers.downloads/cache/metadata-2337.htm
07-05 12:20:45.555   545 17358 I DownloadManager: in removeSpuriousFiles, preserving file /data/data/com.android.providers.downloads/cache/metadata-889.htm
07-05 12:20:45.555   545 17358 I DownloadManager: in removeSpuriousFiles, preserving file /data/data/com.android.providers.downloads/cache/metadata-620.htm
07-05 12:20:45.555   545 17358 I DownloadManager: in removeSpuriousFiles, preserving file /data/data/com.android.providers.downloads/cache/metadata-1019.htm
07-05 12:20:45.555   545 17358 I DownloadManager: in removeSpuriousFiles, preserving file /data/data/com.android.providers.downloads/cache/metadata-1648.htm
07-05 12:20:45.555   545 17358 I DownloadManager: in removeSpuriousFiles, preserving file /data/data/com.android.providers.downloads/cache/metadata-1048.htm
07-05 12:20:45.555   545 17358 I DownloadManager: in removeSpuriousFiles, preserving file /data/data/com.android.providers.downloads/cache/metadata-1775.htm
07-05 12:20:45.559   545 17358 I DownloadManager: in removeSpuriousFiles, preserving file /data/data/com.android.providers.downloads/cache/metadata-579.htm
07-05 12:20:45.559   545 17358 I DownloadManager: in removeSpuriousFiles, preserving file /data/data/com.android.providers.downloads/cache/metadata-1262.htm
07-05 12:20:45.559   545 17358 I DownloadManager: in removeSpuriousFiles, preserving file /data/data/com.android.providers.downloads/cache/metadata-1506.htm
07-05 12:20:45.559   545 17358 I DownloadManager: in removeSpuriousFiles, preserving file /data/data/com.android.providers.downloads/cache/metadata-1005.htm
07-05 12:20:45.559   545 17358 I DownloadManager: in removeSpuriousFiles, preserving file /data/data/com.android.providers.downloads/cache/metadata-595.htm
07-05 12:20:45.559   545 17358 I DownloadManager: in removeSpuriousFiles, preserving file /data/data/com.android.providers.downloads/cache/metadata-945.htm
07-05 12:20:45.559   545 17358 I DownloadManager: in removeSpuriousFiles, preserving file /data/data/com.android.providers.downloads/cache/metadata-705.htm
07-05 12:20:45.559   545 17358 I DownloadManager: in removeSpuriousFiles, preserving file /data/data/com.android.providers.downloads/cache/metadata-716.htm
07-05 12:20:45.559   545 17358 I DownloadManager: in removeSpuriousFiles, preserving file /data/data/com.android.providers.downloads/cache/metadata-747.htm
07-05 12:20:45.563   545 17358 I DownloadManager: in removeSpuriousFiles, preserving file /data/data/com.android.providers.downloads/cache/metadata-1983.htm
07-05 12:20:45.563   545 17358 I DownloadManager: in removeSpuriousFiles, preserving file /data/data/com.android.providers.downloads/cache/metadata-1601.htm
07-05 12:20:45.563   545 17358 I DownloadManager: in removeSpuriousFiles, preserving file /data/data/com.android.providers.downloads/cache/metadata-1486.htm
07-05 12:20:45.563   545 17358 I DownloadManager: in removeSpuriousFiles, preserving file /data/data/com.android.providers.downloads/cache/metadata-1686.htm
07-05 12:20:45.563   545 17358 I DownloadManager: in removeSpuriousFiles, preserving file /data/data/com.android.providers.downloads/cache/metadata-867.htm
07-05 12:20:45.563   545 17358 I DownloadManager: in removeSpuriousFiles, preserving file /data/data/com.android.providers.downloads/cache/metadata-992.htm
07-05 12:20:45.563   545 17358 I DownloadManager: in removeSpuriousFiles, preserving file /data/data/com.android.providers.downloads/cache/metadata-976.htm
07-05 12:20:45.563   545 17358 I DownloadManager: in removeSpuriousFiles, preserving file /data/data/com.android.providers.downloads/cache/metadata-1567.htm
07-05 12:20:45.563   545 17358 I DownloadManager: in removeSpuriousFiles, preserving file /data/data/com.android.providers.downloads/cache/metadata-1257.htm
07-05 12:20:45.563   545 17358 I DownloadManager: in removeSpuriousFiles, preserving file /data/data/com.android.providers.downloads/cache/metadata-1593.htm
07-05 12:20:45.567   545 17358 I DownloadManager: in removeSpuriousFiles, preserving file /data/data/com.android.providers.downloads/cache/metadata-1552.htm
07-05 12:20:45.567   545 17358 I DownloadManager: in removeSpuriousFiles, preserving file /data/data/com.android.providers.downloads/cache/metadata-1452.htm
07-05 12:20:45.567   545 17358 I DownloadManager: in removeSpuriousFiles, preserving file /data/data/com.android.providers.downloads/cache/metadata-593.htm
07-05 12:20:45.567   545 17358 I DownloadManager: in removeSpuriousFiles, preserving file /data/data/com.android.providers.downloads/cache/metadata-1364.htm
07-05 12:20:45.567   545 17358 I DownloadManager: in removeSpuriousFiles, preserving file /data/data/com.android.providers.downloads/cache/metadata-1365.htm
07-05 12:20:45.567   545 17358 I DownloadManager: in removeSpuriousFiles, preserving file /data/data/com.android.providers.downloads/cache/metadata-745.htm
07-05 12:20:45.567   545 17358 I DownloadManager: in removeSpuriousFiles, preserving file /data/data/com.android.providers.downloads/cache/metadata-586.htm
07-05 12:20:45.567   545 17358 I DownloadManager: in removeSpuriousFiles, preserving file /data/data/com.android.providers.downloads/cache/metadata-1094.htm
07-05 12:20:45.567   545 17358 I DownloadManager: in removeSpuriousFiles, preserving file /data/data/com.android.providers.downloads/cache/metadata-292.htm
07-05 12:20:45.571   545 17358 I DownloadManager: in removeSpuriousFiles, preserving file /data/data/com.android.providers.downloads/cache/metadata-2.htm
07-05 12:20:45.571   545 17358 I DownloadManager: in removeSpuriousFiles, preserving file /data/data/com.android.providers.downloads/cache/metadata-18.htm
07-05 12:20:45.571   545 17358 I DownloadManager: in removeSpuriousFiles, preserving file /data/data/com.android.providers.downloads/cache/metadata-26.htm
07-05 12:20:45.571   545 17358 I DownloadManager: in removeSpuriousFiles, preserving file /data/data/com.android.providers.downloads/cache/metadata-24.htm
07-05 12:20:45.571   545 17358 I DownloadManager: in removeSpuriousFiles, preserving file /data/data/com.android.providers.downloads/cache/metadata-20.htm
07-05 12:20:45.571   545 17358 I DownloadManager: in removeSpuriousFiles, preserving file /data/data/com.android.providers.downloads/cache/metadata-32.htm
07-05 12:20:45.571   545 17358 I DownloadManager: in removeSpuriousFiles, preserving file /data/data/com.android.providers.downloads/cache/metadata-35.htm
07-05 12:20:45.571   545 17358 I DownloadManager: in removeSpuriousFiles, preserving file /data/data/com.android.providers.downloads/cache/metadata-47.htm
07-05 12:20:45.571   545 17358 I DownloadManager: in removeSpuriousFiles, preserving file /data/data/com.android.providers.downloads/cache/metadata-19.htm
07-05 12:20:45.571   545 17358 I DownloadManager: in removeSpuriousFiles, preserving file /data/data/com.android.providers.downloads/cache/metadata-46.htm
07-05 12:20:45.571   545 17358 I DownloadManager: in removeSpuriousFiles, preserving file /data/data/com.android.providers.downloads/cache/metadata-41.htm
07-05 12:20:45.571   545 17358 I DownloadManager: in removeSpuriousFiles, preserving file /data/data/com.android.providers.downloads/cache/metadata-42.htm
07-05 12:20:45.571   545 17358 I DownloadManager: in removeSpuriousFiles, preserving file /data/data/com.android.providers.downloads/cache/metadata-59.htm
07-05 12:20:45.571   545 17358 I DownloadManager: in removeSpuriousFiles, preserving file /data/data/com.android.providers.downloads/cache/metadata-118.htm
07-05 12:20:45.571   545 17358 I DownloadManager: in removeSpuriousFiles, preserving file /data/data/com.android.providers.downloads/cache/metadata-62.htm
07-05 12:20:45.571   545 17358 I DownloadManager: in removeSpuriousFiles, preserving file /data/data/com.android.providers.downloads/cache/metadata-58.htm
07-05 12:20:45.571   545 17358 I DownloadManager: in removeSpuriousFiles, preserving file /data/data/com.android.providers.downloads/cache/metadata-54.htm
07-05 12:20:45.571   545 17358 I DownloadManager: in removeSpuriousFiles, preserving file /data/data/com.android.providers.downloads/cache/metadata-60.htm
07-05 12:20:45.571   545 17358 I DownloadManager: in removeSpuriousFiles, preserving file /data/data/com.android.providers.downloads/cache/metadata-1598.htm
07-05 12:20:45.571   545 17358 I DownloadManager: in removeSpuriousFiles, preserving file /data/data/com.android.providers.downloads/cache/metadata-57.htm
07-05 12:20:45.571   545 17358 I DownloadManager: in removeSpuriousFiles, preserving file /data/data/com.android.providers.downloads/cache/metadata-185.htm
07-05 12:20:45.571   545 17358 I DownloadManager: in removeSpuriousFiles, preserving file /data/data/com.android.providers.downloads/cache/metadata-143.htm
07-05 12:20:45.571   545 17358 I DownloadManager: in removeSpuriousFiles, preserving file /data/data/com.android.providers.downloads/cache/metadata-125.htm
07-05 12:20:45.571   545 17358 I DownloadManager: in removeSpuriousFiles, preserving file /data/data/com.android.providers.downloads/cache/metadata-116.htm
07-05 12:20:45.571   545 17358 I DownloadManager: in removeSpuriousFiles, preserving file /data/data/com.android.providers.downloads/cache/metadata-67.htm
07-05 12:20:45.571   545 17358 I DownloadManager: in removeSpuriousFiles, preserving file /data/data/com.android.providers.downloads/cache/metadata-191.htm
07-05 12:20:45.575   545 17358 I DownloadManager: in removeSpuriousFiles, preserving file /data/data/com.android.providers.downloads/cache/metadata-77.htm
07-05 12:20:45.575   545 17358 I DownloadManager: in removeSpuriousFiles, preserving file /data/data/com.android.providers.downloads/cache/metadata-124.htm
07-05 12:20:45.575   545 17358 I DownloadManager: in removeSpuriousFiles, preserving file /data/data/com.android.providers.downloads/cache/metadata-147.htm
07-05 12:20:45.575   545 17358 I DownloadManager: in removeSpuriousFiles, preserving file /data/data/com.android.providers.downloads/cache/metadata-203.htm
07-05 12:20:45.575   545 17358 I DownloadManager: in removeSpuriousFiles, preserving file /data/data/com.android.providers.downloads/cache/metadata-111.htm
07-05 12:20:45.575   545 17358 I DownloadManager: in removeSpuriousFiles, preserving file /data/data/com.android.providers.downloads/cache/metadata-72.htm
07-05 12:20:45.575   545 17358 I DownloadManager: in removeSpuriousFiles, preserving file /data/data/com.android.providers.downloads/cache/metadata-188.htm
07-05 12:20:45.575   545 17358 I DownloadManager: in removeSpuriousFiles, preserving file /data/data/com.android.providers.downloads/cache/metadata-802.htm
07-05 12:20:45.575   545 17358 I DownloadManager: in removeSpuriousFiles, preserving file /data/data/com.android.providers.downloads/cache/metadata-1066.htm
07-05 12:20:45.575   545 17358 I DownloadManager: in removeSpuriousFiles, preserving file /data/data/com.android.providers.downloads/cache/metadata-205.htm
07-05 12:20:45.575   545 17358 I DownloadManager: in removeSpuriousFiles, preserving file /data/data/com.android.providers.downloads/cache/metadata-151.htm
07-05 12:20:45.575   545 17358 I DownloadManager: in removeSpuriousFiles, preserving file /data/data/com.android.providers.downloads/cache/metadata-1175.htm
07-05 12:20:45.575   545 17358 I DownloadManager: in removeSpuriousFiles, preserving file /data/data/com.android.providers.downloads/cache/metadata-2273.htm
07-05 12:20:45.575   545 17358 I DownloadManager: in removeSpuriousFiles, preserving file /data/data/com.android.providers.downloads/cache/metadata-172.htm
07-05 12:20:45.575   545 17358 I DownloadManager: in removeSpuriousFiles, preserving file /data/data/com.android.providers.downloads/cache/metadata-201.htm
07-05 12:20:45.575   545 17358 I DownloadManager: in removeSpuriousFiles, preserving file /data/data/com.android.providers.downloads/cache/metadata-104.htm
07-05 12:20:45.575   545 17358 I DownloadManager: in removeSpuriousFiles, preserving file /data/data/com.android.providers.downloads/cache/metadata-1077.htm
07-05 12:20:45.575   545 17358 I DownloadManager: in removeSpuriousFiles, preserving file /data/data/com.android.providers.downloads/cache/metadata-183.htm
07-05 12:20:45.575   545 17358 I DownloadManager: in removeSpuriousFiles, preserving file /data/data/com.android.providers.downloads/cache/metadata-445.htm
07-05 12:20:45.575   545 17358 I DownloadManager: in removeSpuriousFiles, preserving file /data/data/com.android.providers.downloads/cache/metadata-142.htm
07-05 12:20:45.575   545 17358 I DownloadManager: in removeSpuriousFiles, preserving file /data/data/com.android.providers.downloads/cache/metadata-174.htm
07-05 12:20:45.575   545 17358 I DownloadManager: in removeSpuriousFiles, preserving file /data/data/com.android.providers.downloads/cache/metadata-245.htm
07-05 12:20:45.575   545 17358 I DownloadManager: in removeSpuriousFiles, preserving file /data/data/com.android.providers.downloads/cache/metadata-150.htm
07-05 12:20:45.579   545 17358 I DownloadManager: in removeSpuriousFiles, preserving file /data/data/com.android.providers.downloads/cache/metadata-89.htm
07-05 12:20:45.579   545 17358 I DownloadManager: in removeSpuriousFiles, preserving file /data/data/com.android.providers.downloads/cache/metadata-888.htm
07-05 12:20:45.579   545 17358 I DownloadManager: in removeSpuriousFiles, preserving file /data/data/com.android.providers.downloads/cache/metadata-626.htm
07-05 12:20:45.579   545 17358 I DownloadManager: in removeSpuriousFiles, preserving file /data/data/com.android.providers.downloads/cache/metadata-581.htm
07-05 12:20:45.579   545 17358 I DownloadManager: in removeSpuriousFiles, preserving file /data/data/com.android.providers.downloads/cache/metadata-781.htm
07-05 12:20:45.579   545 17358 I DownloadManager: in removeSpuriousFiles, preserving file /data/data/com.android.providers.downloads/cache/metadata-127.htm
07-05 12:20:45.579   545 17358 I DownloadManager: in removeSpuriousFiles, preserving file /data/data/com.android.providers.downloads/cache/metadata-865.htm
07-05 12:20:45.579   545 17358 I DownloadManager: in removeSpuriousFiles, preserving file /data/data/com.android.providers.downloads/cache/metadata-1025.htm
07-05 12:20:45.579   545 17358 I DownloadManager: in removeSpuriousFiles, preserving file /data/data/com.android.providers.downloads/cache/metadata-101.htm
07-05 12:20:45.579   545 17358 I DownloadManager: in removeSpuriousFiles, preserving file /data/data/com.android.providers.downloads/cache/metadata-2236.htm
07-05 12:20:45.583   545 17358 I DownloadManager: in removeSpuriousFiles, preserving file /data/data/com.android.providers.downloads/cache/metadata-1085.htm
07-05 12:20:45.583   545 17358 I DownloadManager: in removeSpuriousFiles, preserving file /data/data/com.android.providers.downloads/cache/metadata-1780.htm
07-05 12:20:45.583   545 17358 I DownloadManager: in removeSpuriousFiles, preserving file /data/data/com.android.providers.downloads/cache/metadata-859.htm
07-05 12:20:45.583   545 17358 I DownloadManager: in removeSpuriousFiles, preserving file /data/data/com.android.providers.downloads/cache/metadata-224.htm
07-05 12:20:45.583   545 17358 I DownloadManager: in removeSpuriousFiles, preserving file /data/data/com.android.providers.downloads/cache/metadata-240.htm
07-05 12:20:45.583   545 17358 I DownloadManager: in removeSpuriousFiles, preserving file /data/data/com.android.providers.downloads/cache/metadata-126.htm
07-05 12:20:45.583   545 17358 I DownloadManager: in removeSpuriousFiles, preserving file /data/data/com.android.providers.downloads/cache/metadata-1389.htm
07-05 12:20:45.583   545 17358 I DownloadManager: in removeSpuriousFiles, preserving file /data/data/com.android.providers.downloads/cache/metadata-319.htm
07-05 12:20:45.583   545 17358 I DownloadManager: in removeSpuriousFiles, preserving file /data/data/com.android.providers.downloads/cache/metadata-196.htm
07-05 12:20:45.583   545 17358 I DownloadManager: in removeSpuriousFiles, preserving file /data/data/com.android.providers.downloads/cache/metadata-1429.htm
07-05 12:20:45.587   545 17358 I DownloadManager: in removeSpuriousFiles, preserving file /data/data/com.android.providers.downloads/cache/metadata-715.htm
07-05 12:20:45.587   545 17358 I DownloadManager: in removeSpuriousFiles, preserving file /data/data/com.android.providers.downloads/cache/metadata-176.htm
07-05 12:20:45.587   545 17358 I DownloadManager: in removeSpuriousFiles, preserving file /data/data/com.android.providers.downloads/cache/metadata-153.htm
07-05 12:20:45.587   545 17358 I DownloadManager: in removeSpuriousFiles, preserving file /data/data/com.android.providers.downloads/cache/metadata-82.htm
07-05 12:20:45.587   545 17358 I DownloadManager: in removeSpuriousFiles, preserving file /data/data/com.android.providers.downloads/cache/metadata-587.htm
07-05 12:20:45.587   545 17358 I DownloadManager: in removeSpuriousFiles, preserving file /data/data/com.android.providers.downloads/cache/metadata-466.htm
07-05 12:20:45.587   545 17358 I DownloadManager: in removeSpuriousFiles, preserving file /data/data/com.android.providers.downloads/cache/metadata-1224.htm
07-05 12:20:45.587   545 17358 I DownloadManager: in removeSpuriousFiles, preserving file /data/data/com.android.providers.downloads/cache/metadata-221.htm
07-05 12:20:45.587   545 17358 I DownloadManager: in removeSpuriousFiles, preserving file /data/data/com.android.providers.downloads/cache/metadata-580.htm
07-05 12:20:45.587   545 17358 I DownloadManager: in removeSpuriousFiles, preserving file /data/data/com.android.providers.downloads/cache/metadata-192.htm
07-05 12:20:45.591   545 17358 I DownloadManager: in removeSpuriousFiles, preserving file /data/data/com.android.providers.downloads/cache/metadata-1912.htm
07-05 12:20:45.591   545 17358 I DownloadManager: in removeSpuriousFiles, preserving file /data/data/com.android.providers.downloads/cache/metadata-1721.htm
07-05 12:20:45.591   545 17358 I DownloadManager: in removeSpuriousFiles, preserving file /data/data/com.android.providers.downloads/cache/metadata-556.htm
07-05 12:20:45.591   545 17358 I DownloadManager: in removeSpuriousFiles, preserving file /data/data/com.android.providers.downloads/cache/metadata-650.htm
07-05 12:20:45.591   545 17358 I DownloadManager: in removeSpuriousFiles, preserving file /data/data/com.android.providers.downloads/cache/metadata-1889.htm
07-05 12:20:45.591   545 17358 I DownloadManager: in removeSpuriousFiles, preserving file /data/data/com.android.providers.downloads/cache/metadata-672.htm
07-05 12:20:45.591   545 17358 I DownloadManager: in removeSpuriousFiles, preserving file /data/data/com.android.providers.downloads/cache/metadata-1473.htm
07-05 12:20:45.591   545 17358 I DownloadManager: in removeSpuriousFiles, preserving file /data/data/com.android.providers.downloads/cache/metadata-121.htm
07-05 12:20:45.591   545 17358 I DownloadManager: in removeSpuriousFiles, preserving file /data/data/com.android.providers.downloads/cache/metadata-1823.htm
07-05 12:20:45.591   545 17358 I DownloadManager: in removeSpuriousFiles, preserving file /data/data/com.android.providers.downloads/cache/metadata-1278.htm
07-05 12:20:45.591   545 17358 I DownloadManager: in removeSpuriousFiles, preserving file /data/data/com.android.providers.downloads/cache/metadata-1353.htm
07-05 12:20:45.594   545 17358 I DownloadManager: in removeSpuriousFiles, preserving file /data/data/com.android.providers.downloads/cache/metadata-1705.htm
07-05 12:20:45.594   545 17358 I DownloadManager: in removeSpuriousFiles, preserving file /data/data/com.android.providers.downloads/cache/metadata-814.htm
07-05 12:20:45.594   545 17358 I DownloadManager: in removeSpuriousFiles, preserving file /data/data/com.android.providers.downloads/cache/metadata-1538.htm
07-05 12:20:45.594   545 17358 I DownloadManager: in removeSpuriousFiles, preserving file /data/data/com.android.providers.downloads/cache/metadata-1605.htm
07-05 12:20:45.594   545 17358 I DownloadManager: in removeSpuriousFiles, preserving file /data/data/com.android.providers.downloads/cache/metadata-876.htm
07-05 12:20:45.594   545 17358 I DownloadManager: in removeSpuriousFiles, preserving file /data/data/com.android.providers.downloads/cache/metadata-892.htm
07-05 12:20:45.594   545 17358 I DownloadManager: in removeSpuriousFiles, preserving file /data/data/com.android.providers.downloads/cache/metadata-881.htm
07-05 12:20:45.594   545 17358 I DownloadManager: in removeSpuriousFiles, preserving file /data/data/com.android.providers.downloads/cache/metadata-1253.htm
07-05 12:20:45.594   545 17358 I DownloadManager: in removeSpuriousFiles, preserving file /data/data/com.android.providers.downloads/cache/metadata-216.htm
07-05 12:20:45.594   545 17358 I DownloadManager: in removeSpuriousFiles, preserving file /data/data/com.android.providers.downloads/cache/metadata-219.htm
07-05 12:20:45.594   545 17358 I DownloadManager: in removeSpuriousFiles, preserving file /data/data/com.android.providers.downloads/cache/metadata-217.htm
07-05 12:20:45.598   545 17358 I DownloadManager: in removeSpuriousFiles, preserving file /data/data/com.android.providers.downloads/cache/metadata-1174.htm
07-05 12:20:45.598   545 17358 I DownloadManager: in removeSpuriousFiles, preserving file /data/data/com.android.providers.downloads/cache/metadata-1216.htm
07-05 12:20:45.598   545 17358 I DownloadManager: in removeSpuriousFiles, preserving file /data/data/com.android.providers.downloads/cache/metadata-1749.htm
07-05 12:20:45.598   545 17358 I DownloadManager: in removeSpuriousFiles, preserving file /data/data/com.android.providers.downloads/cache/metadata-230.htm
07-05 12:20:45.598   545 17358 I DownloadManager: in removeSpuriousFiles, preserving file /data/data/com.android.providers.downloads/cache/metadata-1192.htm
07-05 12:20:45.598   545 17358 I DownloadManager: in removeSpuriousFiles, preserving file /data/data/com.android.providers.downloads/cache/metadata-1494.htm
07-05 12:20:45.598   545 17358 I DownloadManager: in removeSpuriousFiles, preserving file /data/data/com.android.providers.downloads/cache/metadata-1744.htm
07-05 12:20:45.598   545 17358 I DownloadManager: in removeSpuriousFiles, preserving file /data/data/com.android.providers.downloads/cache/metadata-1789.htm
07-05 12:20:45.598   545 17358 I DownloadManager: in removeSpuriousFiles, preserving file /data/data/com.android.providers.downloads/cache/metadata-1659.htm
07-05 12:20:45.598   545 17358 I DownloadManager: in removeSpuriousFiles, preserving file /data/data/com.android.providers.downloads/cache/metadata-763.htm
07-05 12:20:45.602   545 17358 I DownloadManager: in removeSpuriousFiles, preserving file /data/data/com.android.providers.downloads/cache/metadata-1514.htm
07-05 12:20:45.602   545 17358 I DownloadManager: in removeSpuriousFiles, preserving file /data/data/com.android.providers.downloads/cache/metadata-1163.htm
07-05 12:20:45.602   545 17358 I DownloadManager: in removeSpuriousFiles, preserving file /data/data/com.android.providers.downloads/cache/metadata-1397.htm
07-05 12:20:45.606   545 17358 I DownloadManager: in removeSpuriousFiles, preserving file /data/data/com.android.providers.downloads/cache/metadata-1102.htm
