07-05 14:33:50.871   545   548 D dalvikvm: GC_CONCURRENT freed 173K, 9% free 10692K/11719K, paused 2ms+2ms
07-05 14:33:50.996   545   548 D dalvikvm: GC_CONCURRENT freed 422K, 9% free 10728K/11719K, paused 2ms+3ms
07-05 14:33:51.250   156   628 D dalvikvm: GC_EXPLICIT freed 473K, 13% free 14085K/16007K, paused 3ms+6ms
07-05 14:33:51.254  1370 14830 E DictionaryProvider:UpdateHandler: Can't read a file : android.util.MalformedJsonException: Use JsonReader.setLenient(true) to accept malformed JSON at line 1 column 20
07-05 14:33:51.387   545   548 D dalvikvm: GC_CONCURRENT freed 711K, 11% free 10461K/11719K, paused 2ms+2ms
07-05 14:33:51.657   545   548 D dalvikvm: GC_CONCURRENT freed 422K, 11% free 10430K/11719K, paused 2ms+3ms
07-05 14:33:51.813   545 14833 I DownloadManager: Initiating request for download 5589
07-05 14:33:51.899   545   548 D dalvikvm: GC_CONCURRENT freed 287K, 10% free 10596K/11719K, paused 1ms+3ms
07-05 14:33:52.016   545   548 D dalvikvm: GC_CONCURRENT freed 294K, 9% free 10759K/11719K, paused 2ms+2ms
07-05 14:33:52.219   545   548 D dalvikvm: GC_CONCURRENT freed 741K, 11% free 10476K/11719K, paused 2ms+2ms
07-05 14:33:52.504   545   548 D dalvikvm: GC_CONCURRENT freed 431K, 11% free 10435K/11719K, paused 2ms+2ms
07-05 14:33:52.770   545   548 D dalvikvm: GC_CONCURRENT freed 408K, 12% free 10419K/11719K, paused 1ms+2ms
07-05 14:33:52.832   545 14836 I DownloadManager: Initiating request for download 5590
07-05 14:33:52.950   545   548 D dalvikvm: GC_CONCURRENT freed 180K, 9% free 10675K/11719K, paused 2ms+2ms
07-05 14:33:53.067   545   548 D dalvikvm: GC_CONCURRENT freed 410K, 9% free 10717K/11719K, paused 2ms+2ms
07-05 14:33:53.219  1370 14838 E DictionaryProvider:UpdateHandler: Can't read a file : android.util.MalformedJsonException: Use JsonReader.setLenient(true) to accept malformed JSON at line 1 column 20
07-05 14:33:53.375   545   548 D dalvikvm: GC_CONCURRENT freed 707K, 11% free 10452K/11719K, paused 2ms+2ms
07-05 14:33:53.641   545   548 D dalvikvm: GC_CONCURRENT freed 414K, 12% free 10428K/11719K, paused 2ms+2ms
07-05 14:33:53.825   545 14841 I DownloadManager: Initiating request for download 5590
07-05 14:33:53.910   545   548 D dalvikvm: GC_CONCURRENT freed 302K, 10% free 10584K/11719K, paused 2ms+3ms
07-05 14:33:54.024   545   548 D dalvikvm: GC_CONCURRENT freed 283K, 9% free 10755K/11719K, paused 2ms+2ms
07-05 14:33:54.211   545   548 D dalvikvm: GC_CONCURRENT freed 756K, 11% free 10457K/11719K, paused 1ms+2ms
07-05 14:33:54.489   545   548 D dalvikvm: GC_CONCURRENT freed 406K, 11% free 10441K/11719K, paused 2ms+2ms
07-05 14:33:54.754   545   548 D dalvikvm: GC_CONCURRENT freed 409K, 12% free 10423K/11719K, paused 2ms+3ms
07-05 14:33:54.840   545 14844 I DownloadManager: Initiating request for download 5591
07-05 14:33:54.985   545   548 D dalvikvm: GC_CONCURRENT freed 201K, 9% free 10667K/11719K, paused 2ms+3ms
07-05 14:33:55.110   545   548 D dalvikvm: GC_CONCURRENT freed 329K, 8% free 10816K/11719K, paused 2ms+3ms
07-05 14:33:55.278  1370 14846 E DictionaryProvider:UpdateHandler: Can't read a file : android.util.MalformedJsonException: Use JsonReader.setLenient(true) to accept malformed JSON at line 1 column 20
07-05 14:33:55.426   545   548 D dalvikvm: GC_CONCURRENT freed 835K, 11% free 10454K/11719K, paused 1ms+3ms
07-05 14:33:55.707   545   548 D dalvikvm: GC_CONCURRENT freed 409K, 11% free 10439K/11719K, paused 2ms+2ms
07-05 14:33:55.856   545 14849 I DownloadManager: Initiating request for download 5591
07-05 14:33:55.934   545   548 D dalvikvm: GC_CONCURRENT freed 298K, 10% free 10613K/11719K, paused 2ms+3ms
07-05 14:33:56.051   545   548 D dalvikvm: GC_CONCURRENT freed 287K, 9% free 10781K/11719K, paused 2ms+2ms
07-05 14:33:56.289   545   548 D dalvikvm: GC_CONCURRENT freed 792K, 11% free 10455K/11719K, paused 2ms+2ms
07-05 14:33:56.551   545   548 D dalvikvm: GC_CONCURRENT freed 410K, 11% free 10435K/11719K, paused 2ms+2ms
07-05 14:33:56.805   545   548 D dalvikvm: GC_CONCURRENT freed 395K, 12% free 10427K/11719K, paused 2ms+3ms
07-05 14:33:56.840   545 14852 I DownloadManager: Initiating request for download 5592
07-05 14:33:56.957   545   548 D dalvikvm: GC_CONCURRENT freed 175K, 9% free 10689K/11719K, paused 2ms+2ms
07-05 14:33:57.078   545   548 D dalvikvm: GC_CONCURRENT freed 423K, 9% free 10722K/11719K, paused 1ms+2ms
07-05 14:33:57.246  1370 14854 E DictionaryProvider:UpdateHandler: Can't read a file : android.util.MalformedJsonException: Use JsonReader.setLenient(true) to accept malformed JSON at line 1 column 20
07-05 14:33:57.313  1370  1372 D dalvikvm: GC_CONCURRENT freed 389K, 7% free 9127K/9735K, paused 1ms+2ms
07-05 14:33:57.414   545   548 D dalvikvm: GC_CONCURRENT freed 712K, 11% free 10456K/11719K, paused 2ms+3ms
07-05 14:33:57.680   545   548 D dalvikvm: GC_CONCURRENT freed 412K, 11% free 10432K/11719K, paused 2ms+2ms
07-05 14:33:57.832   545 14857 I DownloadManager: Initiating request for download 5592
07-05 14:33:57.918   545   548 D dalvikvm: GC_CONCURRENT freed 282K, 10% free 10605K/11719K, paused 2ms+3ms
07-05 14:33:58.039   545   548 D dalvikvm: GC_CONCURRENT freed 295K, 9% free 10771K/11719K, paused 1ms+4ms
07-05 14:33:58.250   545   548 D dalvikvm: GC_CONCURRENT freed 774K, 11% free 10461K/11719K, paused 2ms+2ms
07-05 14:33:58.524   545   548 D dalvikvm: GC_CONCURRENT freed 406K, 11% free 10445K/11719K, paused 2ms+3ms
07-05 14:33:58.785   545   548 D dalvikvm: GC_CONCURRENT freed 410K, 12% free 10426K/11719K, paused 1ms+2ms
07-05 14:33:58.864   545 14860 I DownloadManager: Initiating request for download 5593
07-05 14:33:58.973   545   548 D dalvikvm: GC_CONCURRENT freed 179K, 9% free 10683K/11719K, paused 2ms+3ms
07-05 14:33:59.094   545   548 D dalvikvm: GC_CONCURRENT freed 412K, 9% free 10726K/11719K, paused 1ms+2ms
07-05 14:33:59.262  1370 14862 E DictionaryProvider:UpdateHandler: Can't read a file : android.util.MalformedJsonException: Use JsonReader.setLenient(true) to accept malformed JSON at line 1 column 20
07-05 14:33:59.407   545   548 D dalvikvm: GC_CONCURRENT freed 710K, 11% free 10459K/11719K, paused 2ms+2ms
07-05 14:33:59.668   545   548 D dalvikvm: GC_CONCURRENT freed 407K, 11% free 10438K/11719K, paused 2ms+2ms
07-05 14:33:59.844   545 14865 I DownloadManager: Initiating request for download 5593
07-05 14:33:59.914   545   548 D dalvikvm: GC_CONCURRENT freed 311K, 10% free 10604K/11719K, paused 2ms+4ms
07-05 14:34:00.063   545   548 D dalvikvm: GC_CONCURRENT freed 281K, 9% free 10767K/11719K, paused 2ms+2ms
07-05 14:34:00.262   545   548 D dalvikvm: GC_CONCURRENT freed 766K, 11% free 10465K/11719K, paused 1ms+2ms
07-05 14:34:00.539   545   548 D dalvikvm: GC_CONCURRENT freed 408K, 11% free 10447K/11719K, paused 2ms+2ms
07-05 14:34:00.801   545   548 D dalvikvm: GC_CONCURRENT freed 407K, 11% free 10431K/11719K, paused 1ms+2ms
07-05 14:34:00.887   545 14868 I DownloadManager: Initiating request for download 5594
07-05 14:34:01.000   545   548 D dalvikvm: GC_CONCURRENT freed 194K, 9% free 10673K/11719K, paused 1ms+3ms
07-05 14:34:01.121   545   548 D dalvikvm: GC_CONCURRENT freed 315K, 8% free 10827K/11719K, paused 2ms+3ms
07-05 14:34:01.285  1370 14870 E DictionaryProvider:UpdateHandler: Can't read a file : android.util.MalformedJsonException: Use JsonReader.setLenient(true) to accept malformed JSON at line 1 column 20
07-05 14:34:01.434   545   548 D dalvikvm: GC_CONCURRENT freed 840K, 11% free 10467K/11719K, paused 2ms+2ms
07-05 14:34:01.700   545   548 D dalvikvm: GC_CONCURRENT freed 416K, 11% free 10442K/11719K, paused 2ms+2ms
07-05 14:34:01.852   545 14872 I DownloadManager: Initiating request for download 5594
07-05 14:34:01.930   545   548 D dalvikvm: GC_CONCURRENT freed 286K, 10% free 10610K/11719K, paused 2ms+3ms
07-05 14:34:02.032   545   548 D dalvikvm: GC_CONCURRENT freed 281K, 9% free 10774K/11719K, paused 2ms+3ms
07-05 14:34:02.395   993  1240 I PhoneLab-: Service Running
07-05 14:34:02.481   993  1240 I PhoneLab-LoggerService: app_49    1247  993   1956   1584  c00f181c 400107b4 S logcat
07-05 14:34:02.481   993  1240 I PhoneLab-LoggerService: Logcat pid from database 1247
07-05 14:34:02.481   993  1240 I PhoneLab-LoggerService: Logcat process found 1247
07-05 14:34:02.481   993  1240 I PhoneLab-LoggerService: Checking Threshold
07-05 14:34:02.481   993  1240 I PhoneLab-LoggerService: Starting to rename files
07-05 14:34:02.485   993  1240 I PhoneLab-LoggerService: Files found .. 51
07-05 14:34:02.485   993  1240 I PhoneLab-LoggerService: File 1 log.out.1
07-05 14:34:02.801   993  1240 I PhoneLab-LoggerService: Renamed successfully
07-05 14:34:03.098   545   548 D dalvikvm: GC_CONCURRENT freed 772K, 11% free 10465K/11719K, paused 2ms+2ms
07-05 14:34:03.364   545   548 D dalvikvm: GC_CONCURRENT freed 410K, 11% free 10446K/11719K, paused 2ms+2ms
07-05 14:34:03.629   545   548 D dalvikvm: GC_CONCURRENT freed 400K, 11% free 10436K/11719K, paused 2ms+2ms
07-05 14:34:03.723   545 14877 I DownloadManager: Initiating request for download 5595
07-05 14:34:03.828   545   548 D dalvikvm: GC_CONCURRENT freed 198K, 9% free 10674K/11719K, paused 2ms+3ms
07-05 14:34:03.961   545   548 D dalvikvm: GC_CONCURRENT freed 310K, 8% free 10829K/11719K, paused 2ms+3ms
07-05 14:34:04.168  1370 14879 E DictionaryProvider:UpdateHandler: Can't read a file : android.util.MalformedJsonException: Use JsonReader.setLenient(true) to accept malformed JSON at line 1 column 20
07-05 14:34:04.278   545   548 D dalvikvm: GC_CONCURRENT freed 842K, 11% free 10470K/11719K, paused 2ms+2ms
07-05 14:34:04.543   545   548 D dalvikvm: GC_CONCURRENT freed 419K, 11% free 10441K/11719K, paused 2ms+2ms
07-05 14:34:04.711   545 14882 I DownloadManager: Initiating request for download 5595
07-05 14:34:04.782   545   548 D dalvikvm: GC_CONCURRENT freed 290K, 10% free 10604K/11719K, paused 2ms+3ms
07-05 14:34:04.903   545   548 D dalvikvm: GC_CONCURRENT freed 292K, 9% free 10776K/11719K, paused 2ms+3ms
07-05 14:34:05.110   545   548 D dalvikvm: GC_CONCURRENT freed 742K, 11% free 10502K/11719K, paused 2ms+2ms
07-05 14:34:05.395   545   548 D dalvikvm: GC_CONCURRENT freed 435K, 11% free 10458K/11719K, paused 2ms+2ms
07-05 14:34:05.660   545   548 D dalvikvm: GC_CONCURRENT freed 409K, 11% free 10442K/11719K, paused 2ms+2ms
07-05 14:34:05.739   545 14885 I DownloadManager: Initiating request for download 5596
07-05 14:34:05.860   545   548 D dalvikvm: GC_CONCURRENT freed 186K, 9% free 10682K/11719K, paused 2ms+3ms
07-05 14:34:05.981   545   548 D dalvikvm: GC_CONCURRENT freed 312K, 8% free 10836K/11719K, paused 2ms+3ms
07-05 14:34:06.133  1370 14887 E DictionaryProvider:UpdateHandler: Can't read a file : android.util.MalformedJsonException: Use JsonReader.setLenient(true) to accept malformed JSON at line 1 column 20
07-05 14:34:06.203  1370  1372 D dalvikvm: GC_CONCURRENT freed 390K, 7% free 9127K/9735K, paused 2ms+2ms
07-05 14:34:06.325   545   548 D dalvikvm: GC_CONCURRENT freed 851K, 11% free 10469K/11719K, paused 2ms+3ms
07-05 14:34:06.586   545   548 D dalvikvm: GC_CONCURRENT freed 411K, 11% free 10444K/11719K, paused 2ms+2ms
07-05 14:34:06.746   545 14890 I DownloadManager: Initiating request for download 5596
07-05 14:34:06.832   545   548 D dalvikvm: GC_CONCURRENT freed 289K, 10% free 10613K/11719K, paused 2ms+3ms
07-05 14:34:06.950   545   548 D dalvikvm: GC_CONCURRENT freed 298K, 9% free 10778K/11719K, paused 2ms+3ms
07-05 14:34:07.149   545   548 D dalvikvm: GC_CONCURRENT freed 772K, 11% free 10470K/11719K, paused 2ms+3ms
07-05 14:34:07.430   545   548 D dalvikvm: GC_CONCURRENT freed 405K, 11% free 10456K/11719K, paused 2ms+2ms
07-05 14:34:07.696   545   548 D dalvikvm: GC_CONCURRENT freed 406K, 11% free 10437K/11719K, paused 2ms+3ms
07-05 14:34:07.778   545 14893 I DownloadManager: Initiating request for download 5597
07-05 14:34:07.891   545   548 D dalvikvm: GC_CONCURRENT freed 187K, 9% free 10686K/11719K, paused 1ms+3ms
07-05 14:34:08.008   545   548 D dalvikvm: GC_CONCURRENT freed 300K, 8% free 10836K/11719K, paused 2ms+3ms
07-05 14:34:08.184  1370 14895 E DictionaryProvider:UpdateHandler: Can't read a file : android.util.MalformedJsonException: Use JsonReader.setLenient(true) to accept malformed JSON at line 1 column 20
07-05 14:34:08.270   465   467 D dalvikvm: GC_CONCURRENT freed 198K, 6% free 10502K/11143K, paused 1ms+2ms
07-05 14:34:08.364   545   548 D dalvikvm: GC_CONCURRENT freed 851K, 11% free 10470K/11719K, paused 2ms+2ms
07-05 14:34:08.625   545   548 D dalvikvm: GC_CONCURRENT freed 412K, 11% free 10448K/11719K, paused 2ms+3ms
07-05 14:34:08.789   545 14898 I DownloadManager: Initiating request for download 5597
07-05 14:34:08.879   545   548 D dalvikvm: GC_CONCURRENT freed 296K, 10% free 10597K/11719K, paused 2ms+3ms
07-05 14:34:08.992   545   548 D dalvikvm: GC_CONCURRENT freed 287K, 9% free 10769K/11719K, paused 2ms+3ms
07-05 14:34:09.180   545 14898 D dalvikvm: GC_EXPLICIT freed 683K, 11% free 10526K/11719K, paused 2ms+3ms
07-05 14:34:09.250   156   156 D dalvikvm: GC_EXPLICIT freed 503K, 12% free 14087K/16007K, paused 2ms+6ms
07-05 14:34:09.532   545   548 D dalvikvm: GC_CONCURRENT freed 449K, 11% free 10463K/11719K, paused 2ms+2ms
07-05 14:34:09.793   545   548 D dalvikvm: GC_CONCURRENT freed 420K, 12% free 10429K/11719K, paused 1ms+2ms
07-05 14:34:09.899   545 14901 I DownloadManager: Initiating request for download 5598
07-05 14:34:10.000   545   548 D dalvikvm: GC_CONCURRENT freed 214K, 10% free 10650K/11719K, paused 2ms+2ms
07-05 14:34:10.121   545   548 D dalvikvm: GC_CONCURRENT freed 310K, 8% free 10815K/11719K, paused 2ms+3ms
07-05 14:34:10.293  1370 14903 E DictionaryProvider:UpdateHandler: Can't read a file : android.util.MalformedJsonException: Use JsonReader.setLenient(true) to accept malformed JSON at line 1 column 20
07-05 14:34:10.422   545   548 D dalvikvm: GC_CONCURRENT freed 830K, 11% free 10461K/11719K, paused 2ms+2ms
07-05 14:34:10.684   545   548 D dalvikvm: GC_CONCURRENT freed 415K, 11% free 10437K/11719K, paused 2ms+2ms
07-05 14:34:10.871   545 14906 I DownloadManager: Initiating request for download 5598
07-05 14:34:10.930   545   548 D dalvikvm: GC_CONCURRENT freed 340K, 11% free 10503K/11719K, paused 2ms+2ms
07-05 14:34:11.047   545   548 D dalvikvm: GC_CONCURRENT freed 213K, 9% free 10728K/11719K, paused 2ms+3ms
07-05 14:34:11.184   545   548 D dalvikvm: GC_CONCURRENT freed 469K, 9% free 10732K/11719K, paused 2ms+2ms
07-05 14:34:11.516   545   548 D dalvikvm: GC_CONCURRENT freed 732K, 11% free 10450K/11719K, paused 2ms+3ms
07-05 14:34:11.782   545   548 D dalvikvm: GC_CONCURRENT freed 405K, 11% free 10430K/11719K, paused 2ms+2ms
07-05 14:34:11.891   545 14909 I DownloadManager: Initiating request for download 5599
07-05 14:34:11.996   545   548 D dalvikvm: GC_CONCURRENT freed 217K, 9% free 10704K/11719K, paused 2ms+3ms
07-05 14:34:12.121   545   548 D dalvikvm: GC_CONCURRENT freed 352K, 8% free 10828K/11719K, paused 2ms+3ms
07-05 14:34:12.289  1370 14911 E DictionaryProvider:UpdateHandler: Can't read a file : android.util.MalformedJsonException: Use JsonReader.setLenient(true) to accept malformed JSON at line 1 column 20
07-05 14:34:12.446   545   548 D dalvikvm: GC_CONCURRENT freed 846K, 11% free 10463K/11719K, paused 2ms+4ms
07-05 14:34:12.711   545   548 D dalvikvm: GC_CONCURRENT freed 415K, 11% free 10438K/11719K, paused 2ms+2ms
07-05 14:34:12.883   545 14914 I DownloadManager: Initiating request for download 5599
07-05 14:34:12.969   545   548 D dalvikvm: GC_CONCURRENT freed 293K, 10% free 10601K/11719K, paused 2ms+3ms
07-05 14:34:13.078   545   548 D dalvikvm: GC_CONCURRENT freed 295K, 9% free 10767K/11719K, paused 2ms+3ms
07-05 14:34:13.270   545   548 D dalvikvm: GC_CONCURRENT freed 732K, 11% free 10505K/11719K, paused 2ms+3ms
07-05 14:34:13.567   545   548 D dalvikvm: GC_CONCURRENT freed 439K, 11% free 10452K/11719K, paused 2ms+3ms
07-05 14:34:13.848   545   548 D dalvikvm: GC_CONCURRENT freed 409K, 11% free 10432K/11719K, paused 2ms+2ms
07-05 14:34:13.930   545 14917 I DownloadManager: Initiating request for download 5600
07-05 14:34:14.039   545   548 D dalvikvm: GC_CONCURRENT freed 195K, 9% free 10674K/11719K, paused 2ms+2ms
07-05 14:34:14.157   545   548 D dalvikvm: GC_CONCURRENT freed 328K, 8% free 10830K/11719K, paused 2ms+3ms
07-05 14:34:14.332  1370 14919 E DictionaryProvider:UpdateHandler: Can't read a file : android.util.MalformedJsonException: Use JsonReader.setLenient(true) to accept malformed JSON at line 1 column 20
07-05 14:34:14.465   545   548 D dalvikvm: GC_CONCURRENT freed 844K, 11% free 10469K/11719K, paused 1ms+2ms
07-05 14:34:14.739   545   548 D dalvikvm: GC_CONCURRENT freed 415K, 11% free 10445K/11719K, paused 2ms+2ms
07-05 14:34:14.903   545 14921 I DownloadManager: Initiating request for download 5600
07-05 14:34:14.977   545   548 D dalvikvm: GC_CONCURRENT freed 282K, 10% free 10605K/11719K, paused 2ms+4ms
07-05 14:34:15.075   545   548 D dalvikvm: GC_CONCURRENT freed 284K, 9% free 10775K/11719K, paused 2ms+3ms
07-05 14:34:15.871  1370  1372 D dalvikvm: GC_CONCURRENT freed 365K, 6% free 9153K/9735K, paused 15ms+2ms
07-05 14:34:16.106   545   548 D dalvikvm: GC_CONCURRENT freed 770K, 11% free 10469K/11719K, paused 2ms+2ms
07-05 14:34:16.356   545   548 D dalvikvm: GC_CONCURRENT freed 413K, 11% free 10447K/11719K, paused 2ms+2ms
07-05 14:34:16.621   545   548 D dalvikvm: GC_CONCURRENT freed 404K, 11% free 10433K/11719K, paused 2ms+2ms
07-05 14:34:16.707   545 14925 I DownloadManager: Initiating request for download 5601
07-05 14:34:16.821   545   548 D dalvikvm: GC_CONCURRENT freed 199K, 9% free 10671K/11719K, paused 1ms+3ms
07-05 14:34:16.938   545   548 D dalvikvm: GC_CONCURRENT freed 315K, 8% free 10833K/11719K, paused 2ms+3ms
07-05 14:34:17.137  1370 14927 E DictionaryProvider:UpdateHandler: Can't read a file : android.util.MalformedJsonException: Use JsonReader.setLenient(true) to accept malformed JSON at line 1 column 20
07-05 14:34:17.250   545   548 D dalvikvm: GC_CONCURRENT freed 847K, 11% free 10468K/11719K, paused 1ms+3ms
07-05 14:34:17.524   545   548 D dalvikvm: GC_CONCURRENT freed 410K, 11% free 10444K/11719K, paused 2ms+2ms
07-05 14:34:17.696   545 14930 I DownloadManager: Initiating request for download 5601
07-05 14:34:17.774   545   548 D dalvikvm: GC_CONCURRENT freed 310K, 10% free 10591K/11719K, paused 2ms+3ms
07-05 14:34:17.887   545   548 D dalvikvm: GC_CONCURRENT freed 258K, 9% free 10762K/11719K, paused 2ms+3ms
07-05 14:34:18.051   545   548 D dalvikvm: GC_CONCURRENT freed 715K, 11% free 10507K/11719K, paused 2ms+3ms
07-05 14:34:18.336   545   548 D dalvikvm: GC_CONCURRENT freed 439K, 11% free 10459K/11719K, paused 2ms+3ms
07-05 14:34:18.606   545   548 D dalvikvm: GC_CONCURRENT freed 410K, 11% free 10440K/11719K, paused 2ms+2ms
07-05 14:34:18.735   545 14933 I DownloadManager: Initiating request for download 5602
07-05 14:34:18.840   545   548 D dalvikvm: GC_CONCURRENT freed 213K, 10% free 10658K/11719K, paused 2ms+3ms
07-05 14:34:18.973   545   548 D dalvikvm: GC_CONCURRENT freed 305K, 8% free 10831K/11719K, paused 2ms+3ms
07-05 14:34:19.153  1370 14935 E DictionaryProvider:UpdateHandler: Can't read a file : android.util.MalformedJsonException: Use JsonReader.setLenient(true) to accept malformed JSON at line 1 column 20
07-05 14:34:19.274   545   548 D dalvikvm: GC_CONCURRENT freed 840K, 11% free 10473K/11719K, paused 2ms+2ms
07-05 14:34:19.547   545   548 D dalvikvm: GC_CONCURRENT freed 409K, 11% free 10456K/11719K, paused 2ms+3ms
07-05 14:34:19.750   545 14938 I DownloadManager: Initiating request for download 5602
07-05 14:34:19.813   545   548 D dalvikvm: GC_CONCURRENT freed 364K, 10% free 10578K/11719K, paused 2ms+2ms
07-05 14:34:19.942   545   548 D dalvikvm: GC_CONCURRENT freed 257K, 9% free 10765K/11719K, paused 1ms+2ms
07-05 14:34:20.125   545   548 D dalvikvm: GC_CONCURRENT freed 715K, 11% free 10520K/11719K, paused 1ms+2ms
07-05 14:34:20.410   545   548 D dalvikvm: GC_CONCURRENT freed 450K, 11% free 10461K/11719K, paused 2ms+3ms
07-05 14:34:20.680   545   548 D dalvikvm: GC_CONCURRENT freed 410K, 11% free 10441K/11719K, paused 1ms+2ms
07-05 14:34:21.106   545 14941 I DownloadManager: Initiating request for download 5603
07-05 14:34:21.211   545   548 D dalvikvm: GC_CONCURRENT freed 213K, 10% free 10661K/11719K, paused 2ms+3ms
07-05 14:34:21.332   545   548 D dalvikvm: GC_CONCURRENT freed 311K, 8% free 10829K/11719K, paused 1ms+3ms
07-05 14:34:21.532  1370 14943 E DictionaryProvider:UpdateHandler: Can't read a file : android.util.MalformedJsonException: Use JsonReader.setLenient(true) to accept malformed JSON at line 1 column 20
07-05 14:34:21.649   545   548 D dalvikvm: GC_CONCURRENT freed 830K, 11% free 10475K/11719K, paused 2ms+3ms
07-05 14:34:21.903   545   548 D dalvikvm: GC_CONCURRENT freed 412K, 11% free 10453K/11719K, paused 2ms+3ms
07-05 14:34:22.102   545 14946 I DownloadManager: Initiating request for download 5603
07-05 14:34:22.153   545   548 D dalvikvm: GC_CONCURRENT freed 357K, 11% free 10517K/11719K, paused 2ms+2ms
07-05 14:34:22.270   545   548 D dalvikvm: GC_CONCURRENT freed 212K, 9% free 10742K/11719K, paused 2ms+2ms
07-05 14:34:22.410   545   548 D dalvikvm: GC_CONCURRENT freed 702K, 11% free 10514K/11719K, paused 2ms+3ms
07-05 14:34:22.715   545   548 D dalvikvm: GC_CONCURRENT freed 437K, 11% free 10467K/11719K, paused 2ms+3ms
07-05 14:34:22.989   545   548 D dalvikvm: GC_CONCURRENT freed 409K, 11% free 10455K/11719K, paused 2ms+2ms
07-05 14:34:23.133   545 14949 I DownloadManager: Initiating request for download 5604
07-05 14:34:23.231   545   548 D dalvikvm: GC_CONCURRENT freed 248K, 10% free 10641K/11719K, paused 2ms+3ms
07-05 14:34:23.348   545   548 D dalvikvm: GC_CONCURRENT freed 312K, 8% free 10802K/11719K, paused 2ms+2ms
07-05 14:34:23.575  1370 14951 E DictionaryProvider:UpdateHandler: Can't read a file : android.util.MalformedJsonException: Use JsonReader.setLenient(true) to accept malformed JSON at line 1 column 20
07-05 14:34:23.614   545   548 D dalvikvm: GC_CONCURRENT freed 809K, 11% free 10488K/11719K, paused 2ms+2ms
07-05 14:34:23.891   545   548 D dalvikvm: GC_CONCURRENT freed 421K, 11% free 10455K/11719K, paused 2ms+2ms
07-05 14:34:24.114   545 14954 I DownloadManager: Initiating request for download 5604
07-05 14:34:24.164   545   548 D dalvikvm: GC_CONCURRENT freed 392K, 11% free 10472K/11719K, paused 2ms+2ms
07-05 14:34:24.278   545   548 D dalvikvm: GC_CONCURRENT freed 183K, 9% free 10725K/11719K, paused 2ms+3ms
07-05 14:34:24.414   545   548 D dalvikvm: GC_CONCURRENT freed 442K, 9% free 10751K/11719K, paused 2ms+3ms
07-05 14:34:24.719   545   548 D dalvikvm: GC_CONCURRENT freed 737K, 11% free 10469K/11719K, paused 2ms+3ms
07-05 14:34:24.981   545   548 D dalvikvm: GC_CONCURRENT freed 411K, 11% free 10449K/11719K, paused 2ms+2ms
07-05 14:34:25.141   545 14957 I DownloadManager: Initiating request for download 5605
07-05 14:34:25.235   545   548 D dalvikvm: GC_CONCURRENT freed 253K, 10% free 10639K/11719K, paused 3ms+3ms
07-05 14:34:25.360   545   548 D dalvikvm: GC_CONCURRENT freed 312K, 8% free 10824K/11719K, paused 2ms+3ms
07-05 14:34:25.547  1370 14959 E DictionaryProvider:UpdateHandler: Can't read a file : android.util.MalformedJsonException: Use JsonReader.setLenient(true) to accept malformed JSON at line 1 column 20
07-05 14:34:25.586  1370  1372 D dalvikvm: GC_CONCURRENT freed 469K, 7% free 9141K/9735K, paused 1ms+2ms
07-05 14:34:25.676   545   548 D dalvikvm: GC_CONCURRENT freed 821K, 11% free 10484K/11719K, paused 2ms+2ms
07-05 14:34:25.930   545   548 D dalvikvm: GC_CONCURRENT freed 414K, 11% free 10460K/11719K, paused 2ms+2ms
07-05 14:34:26.180   545 14962 I DownloadManager: Initiating request for download 5605
07-05 14:34:26.200   545   548 D dalvikvm: GC_CONCURRENT freed 397K, 11% free 10454K/11719K, paused 2ms+2ms
07-05 14:34:26.325   545   548 D dalvikvm: GC_CONCURRENT freed 172K, 9% free 10718K/11719K, paused 2ms+3ms
07-05 14:34:26.457   545   548 D dalvikvm: GC_CONCURRENT freed 432K, 9% free 10753K/11719K, paused 2ms+2ms
07-05 14:34:26.754   545   548 D dalvikvm: GC_CONCURRENT freed 738K, 11% free 10471K/11719K, paused 2ms+2ms
07-05 14:34:27.020   545   548 D dalvikvm: GC_CONCURRENT freed 409K, 11% free 10453K/11719K, paused 2ms+2ms
07-05 14:34:27.188   545 14965 I DownloadManager: Initiating request for download 5606
07-05 14:34:27.282   545   548 D dalvikvm: GC_CONCURRENT freed 268K, 10% free 10634K/11719K, paused 2ms+3ms
07-05 14:34:27.395   545   548 D dalvikvm: GC_CONCURRENT freed 312K, 8% free 10793K/11719K, paused 2ms+3ms
07-05 14:34:27.547   156   593 D dalvikvm: GC_EXPLICIT freed 501K, 12% free 14087K/16007K, paused 2ms+6ms
07-05 14:34:27.668   545   548 D dalvikvm: GC_CONCURRENT freed 781K, 11% free 10484K/11719K, paused 2ms+2ms
07-05 14:34:27.715  1370 14967 E DictionaryProvider:UpdateHandler: Can't read a file : android.util.MalformedJsonException: Use JsonReader.setLenient(true) to accept malformed JSON at line 1 column 20
07-05 14:34:27.969   545   548 D dalvikvm: GC_CONCURRENT freed 412K, 11% free 10459K/11719K, paused 2ms+3ms
07-05 14:34:28.227   545   548 D dalvikvm: GC_CONCURRENT freed 414K, 11% free 10435K/11719K, paused 2ms+3ms
07-05 14:34:28.285   545 14970 I DownloadManager: Initiating request for download 5606
07-05 14:34:28.391   545   548 D dalvikvm: GC_CONCURRENT freed 192K, 9% free 10680K/11719K, paused 2ms+3ms
07-05 14:34:28.516   545   548 D dalvikvm: GC_CONCURRENT freed 322K, 8% free 10845K/11719K, paused 2ms+2ms
07-05 14:34:28.809   545   548 D dalvikvm: GC_CONCURRENT freed 872K, 11% free 10460K/11719K, paused 2ms+3ms
07-05 14:34:29.078   545   548 D dalvikvm: GC_CONCURRENT freed 409K, 11% free 10441K/11719K, paused 2ms+3ms
07-05 14:34:29.258   545 14973 I DownloadManager: Initiating request for download 5607
07-05 14:34:29.344   545   548 D dalvikvm: GC_CONCURRENT freed 267K, 10% free 10617K/11719K, paused 2ms+3ms
07-05 14:34:29.465   545   548 D dalvikvm: GC_CONCURRENT freed 296K, 8% free 10787K/11719K, paused 1ms+2ms
07-05 14:34:29.660   545   548 D dalvikvm: GC_CONCURRENT freed 786K, 11% free 10475K/11719K, paused 2ms+2ms
07-05 14:34:29.707  1370 14975 E DictionaryProvider:UpdateHandler: Can't read a file : android.util.MalformedJsonException: Use JsonReader.setLenient(true) to accept malformed JSON at line 1 column 20
07-05 14:34:29.969   545   548 D dalvikvm: GC_CONCURRENT freed 400K, 11% free 10467K/11719K, paused 2ms+3ms
07-05 14:34:30.239   545   548 D dalvikvm: GC_CONCURRENT freed 419K, 11% free 10439K/11719K, paused 2ms+2ms
07-05 14:34:30.305   545 14978 I DownloadManager: Initiating request for download 5607
07-05 14:34:30.407   545   548 D dalvikvm: GC_CONCURRENT freed 199K, 9% free 10675K/11719K, paused 2ms+3ms
07-05 14:34:30.532   362   362 I wpa_supplicant: wlan0: CTRL-EVENT-DISCONNECTED bssid=d0:c2:82:66:6b:f0 reason=0
07-05 14:34:30.535    77   117 D CommandListener: Clearing all IP addresses on wlan0
07-05 14:34:30.543   156   330 D ConnectivityService: ConnectivityChange for WIFI: DISCONNECTED/DISCONNECTED
07-05 14:34:30.555   156   330 D ConnectivityService: Attempting to switch to mobile
07-05 14:34:30.555   156   330 D ConnectivityService: Attempting to switch to WIMAX
07-05 14:34:30.555   156   330 D ConnectivityService: Attempting to switch to BLUETOOTH_TETHER
07-05 14:34:30.563   156   330 E ConnectivityService: Exception trying to remove a route: java.lang.IllegalStateException: Unable to communicate with native dameon to add routes - com.android.server.NativeDaemonConnectorException: Cmd {interface route remove wlan0 default 128.205.59.254 32 0.0.0.0} failed with code 400 : {Failed to remove route from default table (No such process)}
07-05 14:34:30.567   156   330 D NetUtils: android_net_utils_resetConnections in env=0x6b2b60 clazz=0x69c00001 iface=wlan0 mask=0x3
07-05 14:34:30.567   156   330 E ConnectivityService: Exception trying to remove a route: java.lang.IllegalStateException: Unable to communicate with native dameon to add routes - com.android.server.NativeDaemonConnectorException: Cmd {interface route remove wlan0 default 0.0.0.0 0 128.205.59.254} failed with code 400 : {Failed to remove route from default table (No such process)}
07-05 14:34:30.567   156   330 D ConnectivityService: resetConnections(wlan0, 3)
07-05 14:34:30.707   545   548 D dalvikvm: GC_CONCURRENT freed 321K, 8% free 10863K/11719K, paused 1ms+3ms
07-05 14:34:30.711   682  1055 E GTalkService: connectionClosed: no XMPPConnection - That's strange!
07-05 14:34:30.711   156   330 D ConnectivityService: handleInetConditionChange: no active default network - ignore
07-05 14:34:30.742   414   416 D dalvikvm: GC_CONCURRENT freed 574K, 37% free 10279K/16263K, paused 1ms+3ms
07-05 14:34:30.887   414   416 D dalvikvm: GC_CONCURRENT freed 574K, 38% free 10096K/16263K, paused 1ms+3ms
07-05 14:34:30.961   545 14978 W DownloadManager: Aborting request for download 5607: no network connection available
07-05 14:34:31.137   545   548 D dalvikvm: GC_CONCURRENT freed 893K, 11% free 10463K/11719K, paused 2ms+4ms
07-05 14:34:31.403   545   548 D dalvikvm: GC_CONCURRENT freed 408K, 11% free 10445K/11719K, paused 2ms+2ms
07-05 14:34:31.586   545 14980 I DownloadManager: Initiating request for download 5608
07-05 14:34:31.586   545 14980 W DownloadManager: Aborting request for download 5608: no network connection available
07-05 14:34:31.789   545   548 D dalvikvm: GC_CONCURRENT freed 351K, 11% free 10483K/11719K, paused 2ms+2ms
07-05 14:34:31.793   362   362 I wpa_supplicant: wlan0: Trying to associate with d0:c2:82:84:8d:50 (SSID='UB_Wireless' freq=2462 MHz)
07-05 14:34:31.828   362   362 I wpa_supplicant: wlan0: Associated with d0:c2:82:84:8d:50
07-05 14:34:31.828   362   362 I wpa_supplicant: wlan0: CTRL-EVENT-CONNECTED - Connection to d0:c2:82:84:8d:50 completed (reauth) [id=5 id_str=]
07-05 14:34:32.133   545   548 D dalvikvm: GC_CONCURRENT freed 416K, 11% free 10457K/11719K, paused 2ms+3ms
07-05 14:34:32.395   545   548 D dalvikvm: GC_CONCURRENT freed 404K, 11% free 10443K/11719K, paused 2ms+2ms
07-05 14:34:32.703   545   548 D dalvikvm: GC_CONCURRENT freed 364K, 11% free 10471K/11719K, paused 2ms+2ms
07-05 14:34:32.965   545   548 D dalvikvm: GC_CONCURRENT freed 409K, 11% free 10453K/11719K, paused 1ms+2ms
07-05 14:34:33.219   545   548 D dalvikvm: GC_CONCURRENT freed 403K, 11% free 10440K/11719K, paused 2ms+2ms
07-05 14:34:33.625   156   333 D Tethering: MasterInitialState.processMessage what=3
07-05 14:34:33.723  1086  1105 D PicasaSyncManager: active network: null
07-05 14:34:33.731  1190  1190 I MediaUploader: No need to wake up
07-05 14:34:33.735   993   993 I PhoneLab-WiFiReceiver: Wi-Fi is disconnected!
07-05 14:34:33.739  1086  1105 D PicasaSyncManager: background data: true
07-05 14:34:35.610   156   330 D ConnectivityService: ConnectivityChange for WIFI: CONNECTED/CONNECTED
07-05 14:34:35.629   993   993 I PhoneLab-WiFiReceiver: Wi-Fi is connected!
07-05 14:34:35.633   993   993 I PhoneLab-WiFiReceiver: SSID: UB_Wireless BSSID: d0:c2:82:84:8d:50 RSSI: -200 LinkSpeed: -1
07-05 14:34:35.633   993   993 I PhoneLab-Locks: wake lock acquired
07-05 14:34:35.641   993   993 I PhoneLab-UploadLogs: Transfering log files now
07-05 14:34:35.672   156   325 W NetworkStats: dropping UID delta from unknown iface: iface=wlan0 uid=0 set=DEFAULT tag=0x0 rxBytes=0 rxPackets=0 txBytes=192 txPackets=3 operations=0
07-05 14:34:35.782   993   995 D dalvikvm: GC_CONCURRENT freed 448K, 18% free 9210K/11207K, paused 2ms+2ms
07-05 14:34:35.825   482   486 D dalvikvm: GC_CONCURRENT freed 385K, 7% free 9490K/10119K, paused 2ms+6ms
07-05 14:34:35.825   993   993 D dalvikvm: GC_FOR_ALLOC freed 206K, 17% free 9303K/11207K, paused 26ms
07-05 14:34:35.844   993   993 D dalvikvm: GC_FOR_ALLOC freed 120K, 16% free 9431K/11207K, paused 17ms
07-05 14:34:35.871   993   993 I PhoneLab-UploadLogs: OnStartCommand
07-05 14:34:35.875   993   995 D dalvikvm: GC_CONCURRENT freed 249K, 14% free 9693K/11207K, paused 2ms+2ms
07-05 14:34:35.914   993 15010 D dalvikvm: GC_FOR_ALLOC freed 363K, 14% free 9656K/11207K, paused 15ms
07-05 14:34:35.930   993 15010 D dalvikvm: GC_FOR_ALLOC freed 301K, 14% free 9657K/11207K, paused 14ms
07-05 14:34:35.946   993 15010 D dalvikvm: GC_FOR_ALLOC freed 301K, 14% free 9658K/11207K, paused 14ms
07-05 14:34:36.614   156   330 D ConnectivityService: NetTransition Wakelock for WifiStateMachine released by timeout
07-05 14:34:37.473   993 15010 W System.err: org.apache.http.client.ClientProtocolException
07-05 14:34:37.477   993 15010 W System.err: 	at org.apache.http.impl.client.AbstractHttpClient.execute(AbstractHttpClient.java:557)
07-05 14:34:37.477   993 15010 W System.err: 	at org.apache.http.impl.client.AbstractHttpClient.execute(AbstractHttpClient.java:487)
07-05 14:34:37.477   993 15010 W System.err: 	at com.loopj.android.http.AsyncHttpRequest.makeRequest(Unknown Source)
07-05 14:34:37.481   993 15010 W System.err: 	at com.loopj.android.http.AsyncHttpRequest.makeRequestWithRetries(Unknown Source)
07-05 14:34:37.481   993 15010 W System.err: 	at com.loopj.android.http.AsyncHttpRequest.run(Unknown Source)
07-05 14:34:37.485   993 15010 W System.err: 	at java.util.concurrent.Executors$RunnableAdapter.call(Executors.java:442)
07-05 14:34:37.489   993 15010 W System.err: 	at java.util.concurrent.FutureTask$Sync.innerRun(FutureTask.java:305)
07-05 14:34:37.489   993 15010 W System.err: 	at java.util.concurrent.FutureTask.run(FutureTask.java:137)
07-05 14:34:37.489   993 15010 W System.err: 	at java.util.concurrent.ThreadPoolExecutor.runWorker(ThreadPoolExecutor.java:1076)
07-05 14:34:37.492   993 15010 W System.err: 	at java.util.concurrent.ThreadPoolExecutor$Worker.run(ThreadPoolExecutor.java:569)
07-05 14:34:37.492   993 15010 W System.err: 	at java.lang.Thread.run(Thread.java:856)
07-05 14:34:37.496   993 15010 W System.err: Caused by: org.apache.http.client.NonRepeatableRequestException: Cannot retry request with a non-repeatable request entity
07-05 14:34:37.500   993 15010 W System.err: 	at org.apache.http.impl.client.DefaultRequestDirector.execute(DefaultRequestDirector.java:420)
07-05 14:34:37.500   993 15010 W System.err: 	at org.apache.http.impl.client.AbstractHttpClient.execute(AbstractHttpClient.java:555)
07-05 14:34:37.504   993 15010 W System.err: 	... 10 more
07-05 14:34:37.504   993   993 E PhoneLab-: Transfering 1341502082478.log failed
07-05 14:34:37.504   993   993 I PhoneLab-Locks: wake lock released
07-05 14:34:38.715   156   333 D Tethering: MasterInitialState.processMessage what=3
07-05 14:34:38.746   682   682 I GTalkService/c: [AndroidEndpoint@1095403848] connect: acct=1000001, state=CONNECTING
07-05 14:34:38.789  1190  1190 I MediaUploader: No need to wake up
07-05 14:34:38.844  1086  1105 D PicasaSyncManager: active network: NetworkInfo: type: WIFI[], state: CONNECTED/CONNECTED, reason: (unspecified), extra: (none), roaming: false, failover: false, isAvailable: true
07-05 14:34:38.844  1086  1105 D PicasaSyncManager: background data: true
07-05 14:34:38.879   414   414 D dalvikvm: GC_FOR_ALLOC freed 221K, 38% free 10213K/16263K, paused 16ms
07-05 14:34:38.953   414   416 D dalvikvm: GC_CONCURRENT freed 340K, 37% free 10340K/16263K, paused 2ms+3ms
07-05 14:34:38.985   682   685 D dalvikvm: GC_CONCURRENT freed 486K, 9% free 10180K/11079K, paused 2ms+10ms
07-05 14:34:39.133   414   416 D dalvikvm: GC_CONCURRENT freed 377K, 37% free 10383K/16263K, paused 2ms+2ms
07-05 14:34:39.375   545   548 D dalvikvm: GC_CONCURRENT freed 363K, 11% free 10468K/11719K, paused 2ms+3ms
07-05 14:34:39.645   545   548 D dalvikvm: GC_CONCURRENT freed 404K, 11% free 10449K/11719K, paused 2ms+2ms
07-05 14:34:39.867   545 15012 I DownloadManager: Initiating request for download 5607
07-05 14:34:39.871   545 15012 I DownloadManager: Skipping initiating request for download 5607; already completed
07-05 14:34:39.914   545 15014 I DownloadManager: Initiating request for download 5608
07-05 14:34:40.004   545   548 D dalvikvm: GC_CONCURRENT freed 363K, 11% free 10501K/11719K, paused 2ms+3ms
07-05 14:34:40.121   545   548 D dalvikvm: GC_CONCURRENT freed 205K, 8% free 10788K/11719K, paused 1ms+3ms
07-05 14:34:40.285   545   548 D dalvikvm: GC_CONCURRENT freed 746K, 11% free 10517K/11719K, paused 2ms+3ms
07-05 14:34:40.360  1370 15017 E DictionaryProvider:UpdateHandler: Can't read a file : android.util.MalformedJsonException: Use JsonReader.setLenient(true) to accept malformed JSON at line 1 column 20
07-05 14:34:40.598   545   548 D dalvikvm: GC_CONCURRENT freed 437K, 11% free 10471K/11719K, paused 2ms+3ms
07-05 14:34:40.696   156   330 D ConnectivityService: ConnectivityChange for mobile: CONNECTED/CONNECTED
07-05 14:34:40.723   156   330 D NetUtils: android_net_utils_resetConnections in env=0x6b2b60 clazz=0x7d900001 iface=rmnet0 mask=0x3
07-05 14:34:40.723   156   330 D ConnectivityService: ConnectivityChange for mobile: DISCONNECTED/DISCONNECTED
07-05 14:34:40.723   156   330 D ConnectivityService: Attempting to switch to WIFI
07-05 14:34:40.723   156   330 D ConnectivityService: Attempting to switch to WIMAX
07-05 14:34:40.723   156   330 D ConnectivityService: Attempting to switch to BLUETOOTH_TETHER
07-05 14:34:40.723   156   330 D ConnectivityService: resetConnections(rmnet0, 3)
07-05 14:34:41.020   545   548 D dalvikvm: GC_CONCURRENT freed 411K, 11% free 10452K/11719K, paused 2ms+2ms
07-05 14:34:41.157   545 15021 I DownloadManager: Initiating request for download 5608
07-05 14:34:41.254   545   548 D dalvikvm: GC_CONCURRENT freed 254K, 10% free 10637K/11719K, paused 2ms+2ms
07-05 14:34:41.403   156   158 D dalvikvm: GC_CONCURRENT freed 1083K, 12% free 14153K/16007K, paused 2ms+6ms
07-05 14:34:41.481   545   548 D dalvikvm: GC_CONCURRENT freed 308K, 8% free 10799K/11719K, paused 1ms+3ms
07-05 14:34:41.715   545   548 D dalvikvm: GC_CONCURRENT freed 798K, 11% free 10475K/11719K, paused 2ms+3ms
07-05 14:34:42.008   545   548 D dalvikvm: GC_CONCURRENT freed 413K, 11% free 10449K/11719K, paused 2ms+5ms
07-05 14:34:42.313   545   548 D dalvikvm: GC_CONCURRENT freed 404K, 11% free 10435K/11719K, paused 2ms+5ms
07-05 14:34:42.367   545 15024 I DownloadManager: Initiating request for download 5609
07-05 14:34:42.473   545   548 D dalvikvm: GC_CONCURRENT freed 171K, 9% free 10702K/11719K, paused 2ms+3ms
07-05 14:34:42.590   545   548 D dalvikvm: GC_CONCURRENT freed 416K, 9% free 10744K/11719K, paused 2ms+2ms
07-05 14:34:42.762  1370 15026 E DictionaryProvider:UpdateHandler: Can't read a file : android.util.MalformedJsonException: Use JsonReader.setLenient(true) to accept malformed JSON at line 1 column 20
07-05 14:34:42.793  1370  1372 D dalvikvm: GC_CONCURRENT freed 398K, 7% free 9131K/9735K, paused 1ms+2ms
07-05 14:34:42.930   545   548 D dalvikvm: GC_CONCURRENT freed 726K, 11% free 10478K/11719K, paused 2ms+3ms
07-05 14:34:43.192   545   548 D dalvikvm: GC_CONCURRENT freed 422K, 11% free 10447K/11719K, paused 2ms+2ms
07-05 14:34:43.360   545 15029 I DownloadManager: Initiating request for download 5609
07-05 14:34:43.446   545   548 D dalvikvm: GC_CONCURRENT freed 308K, 10% free 10658K/11719K, paused 2ms+2ms
07-05 14:34:43.567   545   548 D dalvikvm: GC_CONCURRENT freed 330K, 8% free 10805K/11719K, paused 2ms+3ms
07-05 14:34:43.735   156   333 D Tethering: MasterInitialState.processMessage what=3
07-05 14:34:43.739   156   333 D Tethering: MasterInitialState.processMessage what=3
07-05 14:34:43.766  1086  1105 D PicasaSyncManager: active network: NetworkInfo: type: WIFI[], state: CONNECTED/CONNECTED, reason: (unspecified), extra: (none), roaming: false, failover: false, isAvailable: true
07-05 14:34:43.770  1086  1105 D PicasaSyncManager: background data: true
07-05 14:34:43.797  1190  1190 I MediaUploader: No need to wake up
07-05 14:34:43.825  1086  1105 D PicasaSyncManager: active network: NetworkInfo: type: WIFI[], state: CONNECTED/CONNECTED, reason: (unspecified), extra: (none), roaming: false, failover: false, isAvailable: true
07-05 14:34:43.832  1190  1190 I MediaUploader: No need to wake up
07-05 14:34:43.840  1086  1105 D PicasaSyncManager: background data: true
07-05 14:34:43.922   545   548 D dalvikvm: GC_CONCURRENT freed 804K, 11% free 10472K/11719K, paused 2ms+2ms
07-05 14:34:44.184   545   548 D dalvikvm: GC_CONCURRENT freed 410K, 11% free 10453K/11719K, paused 2ms+2ms
07-05 14:34:44.450   545   548 D dalvikvm: GC_CONCURRENT freed 404K, 11% free 10439K/11719K, paused 2ms+2ms
07-05 14:34:44.508   545 15032 I DownloadManager: Initiating request for download 5610
07-05 14:34:44.621   545   548 D dalvikvm: GC_CONCURRENT freed 175K, 9% free 10700K/11719K, paused 2ms+2ms
07-05 14:34:44.742   545   548 D dalvikvm: GC_CONCURRENT freed 318K, 8% free 10847K/11719K, paused 2ms+3ms
07-05 14:34:45.020   545   548 D dalvikvm: GC_CONCURRENT freed 837K, 11% free 10497K/11719K, paused 2ms+2ms
07-05 14:34:45.289   545   548 D dalvikvm: GC_CONCURRENT freed 403K, 11% free 10485K/11719K, paused 2ms+2ms
07-05 14:34:46.946  1370 15035 E DictionaryProvider:UpdateHandler: Can't read a file : android.util.MalformedJsonException: Use JsonReader.setLenient(true) to accept malformed JSON at line 1 column 20
07-05 14:34:47.051   545   548 D dalvikvm: GC_CONCURRENT freed 388K, 11% free 10498K/11719K, paused 2ms+3ms
07-05 14:34:47.309   545   548 D dalvikvm: GC_CONCURRENT freed 429K, 11% free 10460K/11719K, paused 1ms+2ms
07-05 14:34:47.590   545   548 D dalvikvm: GC_CONCURRENT freed 405K, 11% free 10449K/11719K, paused 1ms+2ms
07-05 14:34:47.774   545 15038 D dalvikvm: GC_EXPLICIT freed 143K, 11% free 10495K/11719K, paused 2ms+8ms
07-05 14:34:47.778   545 15038 I DownloadManager: Initiating request for download 5610
07-05 14:34:47.778   545 15038 W DownloadManager: Aborting request for download 5610: Trying to resume a download that can't be resumed
07-05 14:34:48.075   545   548 D dalvikvm: GC_CONCURRENT freed 416K, 11% free 10469K/11719K, paused 1ms+3ms
07-05 14:34:48.336   545   548 D dalvikvm: GC_CONCURRENT freed 405K, 11% free 10450K/11719K, paused 2ms+2ms
07-05 14:34:48.551   545 15041 I DownloadManager: Initiating request for download 5611
07-05 14:34:48.680   545   548 D dalvikvm: GC_CONCURRENT freed 294K, 10% free 10582K/11719K, paused 4ms+7ms
07-05 14:34:48.832   545   548 D dalvikvm: GC_CONCURRENT freed 258K, 8% free 10824K/11719K, paused 2ms+3ms
07-05 14:34:49.035   545   548 D dalvikvm: GC_CONCURRENT freed 791K, 11% free 10511K/11719K, paused 2ms+2ms
07-05 14:34:49.094  1370 15043 E DictionaryProvider:UpdateHandler: Can't read a file : android.util.MalformedJsonException: Use JsonReader.setLenient(true) to accept malformed JSON at line 1 column 20
07-05 14:34:49.336   545   548 D dalvikvm: GC_CONCURRENT freed 431K, 11% free 10470K/11719K, paused 2ms+2ms
07-05 14:34:49.602   545   548 D dalvikvm: GC_CONCURRENT freed 414K, 11% free 10447K/11719K, paused 2ms+2ms
07-05 14:34:49.742   156   168 D dalvikvm: GC_EXPLICIT freed 402K, 13% free 14086K/16007K, paused 2ms+5ms
07-05 14:34:49.746   545 15046 I DownloadManager: Initiating request for download 5611
07-05 14:34:49.856   545   548 D dalvikvm: GC_CONCURRENT freed 197K, 9% free 10670K/11719K, paused 2ms+3ms
07-05 14:34:49.973   545   548 D dalvikvm: GC_CONCURRENT freed 308K, 8% free 10843K/11719K, paused 2ms+2ms
07-05 14:34:50.250   545   548 D dalvikvm: GC_CONCURRENT freed 862K, 11% free 10472K/11719K, paused 1ms+3ms
07-05 14:34:50.516   545   548 D dalvikvm: GC_CONCURRENT freed 415K, 11% free 10448K/11719K, paused 1ms+2ms
07-05 14:34:50.723   545 15049 I DownloadManager: Initiating request for download 5612
07-05 14:34:50.809   545   548 D dalvikvm: GC_CONCURRENT freed 329K, 10% free 10586K/11719K, paused 2ms+3ms
07-05 14:34:50.926   545   548 D dalvikvm: GC_CONCURRENT freed 262K, 9% free 10771K/11719K, paused 2ms+2ms
07-05 14:34:51.094   545   548 D dalvikvm: GC_CONCURRENT freed 729K, 11% free 10509K/11719K, paused 2ms+3ms
07-05 14:34:51.172  1370 15051 E DictionaryProvider:UpdateHandler: Can't read a file : android.util.MalformedJsonException: Use JsonReader.setLenient(true) to accept malformed JSON at line 1 column 20
07-05 14:34:51.410   545   548 D dalvikvm: GC_CONCURRENT freed 432K, 11% free 10468K/11719K, paused 2ms+2ms
07-05 14:34:51.684   545   548 D dalvikvm: GC_CONCURRENT freed 411K, 11% free 10444K/11719K, paused 1ms+2ms
07-05 14:34:51.793   545 15054 I DownloadManager: Initiating request for download 5612
07-05 14:34:51.871   545   548 D dalvikvm: GC_CONCURRENT freed 217K, 10% free 10641K/11719K, paused 2ms+2ms
07-05 14:34:51.992   545   548 D dalvikvm: GC_CONCURRENT freed 282K, 8% free 10803K/11719K, paused 2ms+3ms
07-05 14:34:52.227   545   548 D dalvikvm: GC_CONCURRENT freed 801K, 11% free 10475K/11719K, paused 2ms+2ms
07-05 14:34:52.489   545   548 D dalvikvm: GC_CONCURRENT freed 411K, 11% free 10455K/11719K, paused 2ms+3ms
07-05 14:34:52.758   545   548 D dalvikvm: GC_CONCURRENT freed 403K, 11% free 10442K/11719K, paused 2ms+3ms
07-05 14:34:52.821   545 15057 I DownloadManager: Initiating request for download 5613
07-05 14:34:52.930   545   548 D dalvikvm: GC_CONCURRENT freed 177K, 9% free 10702K/11719K, paused 2ms+3ms
07-05 14:34:53.051   545   548 D dalvikvm: GC_CONCURRENT freed 312K, 8% free 10852K/11719K, paused 2ms+3ms
07-05 14:34:53.227  1370 15059 E DictionaryProvider:UpdateHandler: Can't read a file : android.util.MalformedJsonException: Use JsonReader.setLenient(true) to accept malformed JSON at line 1 column 20
07-05 14:34:53.262  1370  1372 D dalvikvm: GC_CONCURRENT freed 394K, 7% free 9128K/9735K, paused 1ms+1ms
07-05 14:34:53.407   545   548 D dalvikvm: GC_CONCURRENT freed 865K, 11% free 10476K/11719K, paused 2ms+3ms
07-05 14:34:53.672   545   548 D dalvikvm: GC_CONCURRENT freed 410K, 11% free 10455K/11719K, paused 1ms+2ms
07-05 14:34:53.844   545 15062 I DownloadManager: Initiating request for download 5613
07-05 14:34:53.926   545   548 D dalvikvm: GC_CONCURRENT freed 301K, 10% free 10613K/11719K, paused 1ms+3ms
07-05 14:34:54.039   545   548 D dalvikvm: GC_CONCURRENT freed 270K, 9% free 10776K/11719K, paused 2ms+4ms
07-05 14:34:54.215   545   548 D dalvikvm: GC_CONCURRENT freed 732K, 11% free 10514K/11719K, paused 2ms+2ms
07-05 14:34:54.500   545   548 D dalvikvm: GC_CONCURRENT freed 438K, 11% free 10467K/11719K, paused 2ms+2ms
07-05 14:34:54.766   545   548 D dalvikvm: GC_CONCURRENT freed 410K, 11% free 10447K/11719K, paused 2ms+2ms
07-05 14:34:54.895   545 15065 I DownloadManager: Initiating request for download 5614
07-05 14:34:54.992   545   548 D dalvikvm: GC_CONCURRENT freed 216K, 9% free 10666K/11719K, paused 2ms+3ms
07-05 14:34:55.114   545   548 D dalvikvm: GC_CONCURRENT freed 309K, 8% free 10842K/11719K, paused 1ms+3ms
07-05 14:34:55.321  1370 15067 E DictionaryProvider:UpdateHandler: Can't read a file : android.util.MalformedJsonException: Use JsonReader.setLenient(true) to accept malformed JSON at line 1 column 20
07-05 14:34:55.414   545   548 D dalvikvm: GC_CONCURRENT freed 840K, 11% free 10484K/11719K, paused 2ms+3ms
07-05 14:34:55.680   545   548 D dalvikvm: GC_CONCURRENT freed 412K, 11% free 10461K/11719K, paused 2ms+2ms
07-05 14:34:55.895   545 15070 I DownloadManager: Initiating request for download 5614
07-05 14:34:55.957   545   548 D dalvikvm: GC_CONCURRENT freed 370K, 11% free 10506K/11719K, paused 2ms+2ms
07-05 14:34:56.067   545   548 D dalvikvm: GC_CONCURRENT freed 186K, 9% free 10733K/11719K, paused 2ms+2ms
07-05 14:34:56.196   545   548 D dalvikvm: GC_CONCURRENT freed 447K, 9% free 10757K/11719K, paused 2ms+2ms
07-05 14:34:56.500   545   548 D dalvikvm: GC_CONCURRENT freed 742K, 11% free 10471K/11719K, paused 2ms+3ms
07-05 14:34:56.770   545   548 D dalvikvm: GC_CONCURRENT freed 409K, 11% free 10453K/11719K, paused 2ms+3ms
07-05 14:34:56.953   545 15073 I DownloadManager: Initiating request for download 5615
07-05 14:34:57.039   545   548 D dalvikvm: GC_CONCURRENT freed 258K, 10% free 10641K/11719K, paused 1ms+3ms
07-05 14:34:57.160   545   548 D dalvikvm: GC_CONCURRENT freed 302K, 8% free 10812K/11719K, paused 2ms+3ms
07-05 14:34:57.360  1370 15075 E DictionaryProvider:UpdateHandler: Can't read a file : android.util.MalformedJsonException: Use JsonReader.setLenient(true) to accept malformed JSON at line 1 column 20
07-05 14:34:57.399   545   548 D dalvikvm: GC_CONCURRENT freed 801K, 11% free 10496K/11719K, paused 2ms+2ms
07-05 14:34:57.676   545   548 D dalvikvm: GC_CONCURRENT freed 416K, 11% free 10467K/11719K, paused 2ms+3ms
07-05 14:34:57.942   545   548 D dalvikvm: GC_CONCURRENT freed 402K, 11% free 10451K/11719K, paused 2ms+2ms
07-05 14:34:57.989   545 15078 I DownloadManager: Initiating request for download 5615
07-05 14:34:58.086   545   548 D dalvikvm: GC_CONCURRENT freed 180K, 9% free 10695K/11719K, paused 2ms+3ms
07-05 14:34:58.219   545   548 D dalvikvm: GC_CONCURRENT freed 307K, 8% free 10859K/11719K, paused 2ms+2ms
07-05 14:34:58.516   545   548 D dalvikvm: GC_CONCURRENT freed 873K, 11% free 10478K/11719K, paused 2ms+2ms
07-05 14:34:58.778   545   548 D dalvikvm: GC_CONCURRENT freed 412K, 11% free 10457K/11719K, paused 2ms+3ms
07-05 14:34:58.977   545 15081 I DownloadManager: Initiating request for download 5616
07-05 14:34:59.059   545   548 D dalvikvm: GC_CONCURRENT freed 303K, 10% free 10633K/11719K, paused 2ms+4ms
07-05 14:34:59.192   545   548 D dalvikvm: GC_CONCURRENT freed 294K, 8% free 10856K/11719K, paused 2ms+3ms
07-05 14:34:59.418   545   548 D dalvikvm: GC_CONCURRENT freed 836K, 11% free 10510K/11719K, paused 1ms+2ms
07-05 14:34:59.637  1370 15083 E DictionaryProvider:UpdateHandler: Can't read a file : android.util.MalformedJsonException: Use JsonReader.setLenient(true) to accept malformed JSON at line 1 column 20
07-05 14:34:59.719   545   548 D dalvikvm: GC_CONCURRENT freed 422K, 11% free 10481K/11719K, paused 2ms+2ms
07-05 14:34:59.989   545   548 D dalvikvm: GC_CONCURRENT freed 420K, 11% free 10452K/11719K, paused 2ms+2ms
07-05 14:35:00.051   545 15086 I DownloadManager: Initiating request for download 5616
07-05 14:35:00.157   545   548 D dalvikvm: GC_CONCURRENT freed 179K, 9% free 10713K/11719K, paused 2ms+3ms
07-05 14:35:00.282   545   548 D dalvikvm: GC_CONCURRENT freed 416K, 9% free 10761K/11719K, paused 2ms+3ms
07-05 14:35:00.559   545   548 D dalvikvm: GC_CONCURRENT freed 741K, 11% free 10479K/11719K, paused 2ms+2ms
07-05 14:35:00.821   545   548 D dalvikvm: GC_CONCURRENT freed 408K, 11% free 10461K/11719K, paused 2ms+3ms
07-05 14:35:01.032   545 15089 I DownloadManager: Initiating request for download 5617
07-05 14:35:01.125   545   548 D dalvikvm: GC_CONCURRENT freed 309K, 9% free 10672K/11719K, paused 3ms+3ms
07-05 14:35:01.246   545   548 D dalvikvm: GC_CONCURRENT freed 334K, 8% free 10822K/11719K, paused 2ms+4ms
07-05 14:35:01.465  1370 15091 E DictionaryProvider:UpdateHandler: Can't read a file : android.util.MalformedJsonException: Use JsonReader.setLenient(true) to accept malformed JSON at line 1 column 20
07-05 14:35:01.508  1370  1372 D dalvikvm: GC_CONCURRENT freed 390K, 7% free 9128K/9735K, paused 1ms+2ms
07-05 14:35:01.532   545   548 D dalvikvm: GC_CONCURRENT freed 821K, 11% free 10502K/11719K, paused 2ms+3ms
07-05 14:35:01.578  1370  1404 D dalvikvm: GC_EXPLICIT freed 67K, 7% free 9089K/9735K, paused 2ms+2ms
07-05 14:35:01.621   465   467 D dalvikvm: GC_CONCURRENT freed 398K, 6% free 10490K/11143K, paused 2ms+2ms
07-05 14:35:01.860   545   548 D dalvikvm: GC_CONCURRENT freed 422K, 11% free 10472K/11719K, paused 2ms+2ms
07-05 14:35:02.133   545   548 D dalvikvm: GC_CONCURRENT freed 408K, 11% free 10454K/11719K, paused 2ms+2ms
07-05 14:35:02.160   545 15094 I DownloadManager: Initiating request for download 5617
07-05 14:35:02.282   545   548 D dalvikvm: GC_CONCURRENT freed 173K, 9% free 10718K/11719K, paused 2ms+3ms
07-05 14:35:02.403   545   548 D dalvikvm: GC_CONCURRENT freed 320K, 8% free 10866K/11719K, paused 2ms+3ms
07-05 14:35:02.703   545   548 D dalvikvm: GC_CONCURRENT freed 878K, 11% free 10481K/11719K, paused 2ms+2ms
07-05 14:35:02.977   545   548 D dalvikvm: GC_CONCURRENT freed 410K, 11% free 10462K/11719K, paused 2ms+2ms
07-05 14:35:03.164   545 15097 I DownloadManager: Initiating request for download 5618
07-05 14:35:03.262   545   548 D dalvikvm: GC_CONCURRENT freed 266K, 10% free 10638K/11719K, paused 2ms+2ms
07-05 14:35:03.379   545   548 D dalvikvm: GC_CONCURRENT freed 303K, 8% free 10808K/11719K, paused 2ms+2ms
07-05 14:35:03.567   545   548 D dalvikvm: GC_CONCURRENT freed 761K, 11% free 10526K/11719K, paused 2ms+2ms
07-05 14:35:03.617  1370 15099 E DictionaryProvider:UpdateHandler: Can't read a file : android.util.MalformedJsonException: Use JsonReader.setLenient(true) to accept malformed JSON at line 1 column 20
07-05 14:35:03.883   545   548 D dalvikvm: GC_CONCURRENT freed 432K, 11% free 10484K/11719K, paused 2ms+3ms
07-05 14:35:04.164   545   548 D dalvikvm: GC_CONCURRENT freed 414K, 11% free 10459K/11719K, paused 2ms+2ms
07-05 14:35:04.235   545 15102 I DownloadManager: Initiating request for download 5618
07-05 14:35:04.332   545   548 D dalvikvm: GC_CONCURRENT freed 202K, 9% free 10692K/11719K, paused 2ms+3ms
07-05 14:35:04.453   545   548 D dalvikvm: GC_CONCURRENT freed 318K, 8% free 10865K/11719K, paused 2ms+2ms
07-05 14:35:04.750   545   548 D dalvikvm: GC_CONCURRENT freed 873K, 11% free 10490K/11719K, paused 1ms+2ms
07-05 14:35:05.016   545   548 D dalvikvm: GC_CONCURRENT freed 413K, 11% free 10467K/11719K, paused 2ms+2ms
07-05 14:35:05.223   545 15105 I DownloadManager: Initiating request for download 5619
07-05 14:35:05.293   545   548 D dalvikvm: GC_CONCURRENT freed 312K, 10% free 10615K/11719K, paused 2ms+3ms
07-05 14:35:05.414   545   548 D dalvikvm: GC_CONCURRENT freed 280K, 8% free 10800K/11719K, paused 2ms+3ms
07-05 14:35:05.594   545   548 D dalvikvm: GC_CONCURRENT freed 745K, 11% free 10529K/11719K, paused 2ms+2ms
07-05 14:35:05.653  1370 15107 E DictionaryProvider:UpdateHandler: Can't read a file : android.util.MalformedJsonException: Use JsonReader.setLenient(true) to accept malformed JSON at line 1 column 20
07-05 14:35:05.891   545   548 D dalvikvm: GC_CONCURRENT freed 424K, 11% free 10492K/11719K, paused 2ms+2ms
07-05 14:35:06.160   545   548 D dalvikvm: GC_CONCURRENT freed 414K, 11% free 10468K/11719K, paused 2ms+2ms
07-05 14:35:06.254   545 15109 I DownloadManager: Initiating request for download 5619
07-05 14:35:06.332   545   548 D dalvikvm: GC_CONCURRENT freed 223K, 9% free 10678K/11719K, paused 1ms+3ms
07-05 14:35:06.438   545   548 D dalvikvm: GC_CONCURRENT freed 309K, 8% free 10861K/11719K, paused 2ms+3ms
07-05 14:35:06.766   545   548 D dalvikvm: GC_CONCURRENT freed 862K, 11% free 10490K/11719K, paused 2ms+3ms
07-05 14:35:07.028   545   548 D dalvikvm: GC_CONCURRENT freed 410K, 11% free 10471K/11719K, paused 2ms+3ms
07-05 14:35:07.348   156   403 D dalvikvm: GC_EXPLICIT freed 560K, 12% free 14094K/16007K, paused 3ms+6ms
07-05 14:35:07.356   545 15113 I DownloadManager: Initiating request for download 5620
07-05 14:35:07.410   545   548 D dalvikvm: GC_CONCURRENT freed 364K, 11% free 10513K/11719K, paused 2ms+3ms
07-05 14:35:07.532   545   548 D dalvikvm: GC_CONCURRENT freed 211K, 9% free 10739K/11719K, paused 1ms+3ms
07-05 14:35:07.668   545   548 D dalvikvm: GC_CONCURRENT freed 454K, 9% free 10764K/11719K, paused 2ms+3ms
07-05 14:35:07.840  1370 15115 E DictionaryProvider:UpdateHandler: Can't read a file : android.util.MalformedJsonException: Use JsonReader.setLenient(true) to accept malformed JSON at line 1 column 20
07-05 14:35:08.008   545   548 D dalvikvm: GC_CONCURRENT freed 739K, 11% free 10487K/11719K, paused 1ms+2ms
07-05 14:35:08.270   545   548 D dalvikvm: GC_CONCURRENT freed 423K, 11% free 10455K/11719K, paused 2ms+2ms
07-05 14:35:08.399   545 15118 I DownloadManager: Initiating request for download 5620
07-05 14:35:08.477   545   548 D dalvikvm: GC_CONCURRENT freed 253K, 10% free 10644K/11719K, paused 2ms+3ms
07-05 14:35:08.598   545   548 D dalvikvm: GC_CONCURRENT freed 295K, 8% free 10816K/11719K, paused 2ms+3ms
07-05 14:35:08.817   545   548 D dalvikvm: GC_CONCURRENT freed 810K, 11% free 10485K/11719K, paused 2ms+3ms
07-05 14:35:09.106   545   548 D dalvikvm: GC_CONCURRENT freed 407K, 11% free 10469K/11719K, paused 2ms+3ms
07-05 14:35:09.379   545   548 D dalvikvm: GC_CONCURRENT freed 409K, 11% free 10450K/11719K, paused 1ms+2ms
07-05 14:35:09.465   545 15121 I DownloadManager: Initiating request for download 5621
07-05 14:35:09.578   545   548 D dalvikvm: GC_CONCURRENT freed 184K, 9% free 10703K/11719K, paused 2ms+3ms
07-05 14:35:09.711   545   548 D dalvikvm: GC_CONCURRENT freed 313K, 8% free 10864K/11719K, paused 2ms+2ms
07-05 14:35:09.918  1370 15123 E DictionaryProvider:UpdateHandler: Can't read a file : android.util.MalformedJsonException: Use JsonReader.setLenient(true) to accept malformed JSON at line 1 column 20
07-05 14:35:10.032  1370  1372 D dalvikvm: GC_CONCURRENT freed 352K, 7% free 9128K/9735K, paused 2ms+6ms
07-05 14:35:10.051   545   548 D dalvikvm: GC_CONCURRENT freed 873K, 11% free 10487K/11719K, paused 2ms+3ms
07-05 14:35:10.317   545   548 D dalvikvm: GC_CONCURRENT freed 418K, 11% free 10460K/11719K, paused 1ms+2ms
07-05 14:35:10.496   545 15126 I DownloadManager: Initiating request for download 5621
07-05 14:35:10.567   545   548 D dalvikvm: GC_CONCURRENT freed 314K, 10% free 10616K/11719K, paused 2ms+3ms
07-05 14:35:10.692   545   548 D dalvikvm: GC_CONCURRENT freed 279K, 8% free 10793K/11719K, paused 2ms+2ms
07-05 14:35:10.871   545   548 D dalvikvm: GC_CONCURRENT freed 746K, 11% free 10521K/11719K, paused 2ms+2ms
07-05 14:35:11.153   545   548 D dalvikvm: GC_CONCURRENT freed 439K, 11% free 10473K/11719K, paused 2ms+2ms
07-05 14:35:11.418   545   548 D dalvikvm: GC_CONCURRENT freed 411K, 11% free 10453K/11719K, paused 2ms+2ms
07-05 14:35:11.524   545 15129 I DownloadManager: Initiating request for download 5622
07-05 14:35:11.621   545   548 D dalvikvm: GC_CONCURRENT freed 213K, 9% free 10676K/11719K, paused 2ms+3ms
07-05 14:35:11.750   545   548 D dalvikvm: GC_CONCURRENT freed 323K, 8% free 10852K/11719K, paused 2ms+3ms
07-05 14:35:11.950  1370 15131 E DictionaryProvider:UpdateHandler: Can't read a file : android.util.MalformedJsonException: Use JsonReader.setLenient(true) to accept malformed JSON at line 1 column 20
07-05 14:35:12.055   545   548 D dalvikvm: GC_CONCURRENT freed 851K, 11% free 10488K/11719K, paused 1ms+2ms
07-05 14:35:12.321   545   548 D dalvikvm: GC_CONCURRENT freed 414K, 11% free 10464K/11719K, paused 2ms+2ms
07-05 14:35:12.535   545 15134 I DownloadManager: Initiating request for download 5622
07-05 14:35:12.598   545   548 D dalvikvm: GC_CONCURRENT freed 373K, 10% free 10568K/11719K, paused 2ms+2ms
07-05 14:35:12.723   545   548 D dalvikvm: GC_CONCURRENT freed 236K, 9% free 10772K/11719K, paused 2ms+2ms
07-05 14:35:12.879   545   548 D dalvikvm: GC_CONCURRENT freed 713K, 11% free 10526K/11719K, paused 2ms+3ms
07-05 14:35:13.172   545   548 D dalvikvm: GC_CONCURRENT freed 439K, 11% free 10484K/11719K, paused 2ms+3ms
07-05 14:35:13.434   545   548 D dalvikvm: GC_CONCURRENT freed 416K, 11% free 10459K/11719K, paused 2ms+2ms
07-05 14:35:13.582   545 15137 I DownloadManager: Initiating request for download 5623
07-05 14:35:13.668   545   548 D dalvikvm: GC_CONCURRENT freed 243K, 10% free 10650K/11719K, paused 2ms+3ms
07-05 14:35:13.789   545   548 D dalvikvm: GC_CONCURRENT freed 281K, 8% free 10812K/11719K, paused 2ms+3ms
07-05 14:35:13.996   545   548 D dalvikvm: GC_CONCURRENT freed 800K, 11% free 10491K/11719K, paused 1ms+2ms
07-05 14:35:14.051  1370 15139 E DictionaryProvider:UpdateHandler: Can't read a file : android.util.MalformedJsonException: Use JsonReader.setLenient(true) to accept malformed JSON at line 1 column 20
07-05 14:35:14.297   545   548 D dalvikvm: GC_CONCURRENT freed 401K, 11% free 10481K/11719K, paused 2ms+3ms
07-05 14:35:14.563   545   548 D dalvikvm: GC_CONCURRENT freed 413K, 11% free 10459K/11719K, paused 2ms+2ms
07-05 14:35:14.633   545 15142 I DownloadManager: Initiating request for download 5623
07-05 14:35:14.715   545   548 D dalvikvm: GC_CONCURRENT freed 218K, 9% free 10696K/11719K, paused 2ms+3ms
07-05 14:35:14.832   545   548 D dalvikvm: GC_CONCURRENT freed 301K, 8% free 10869K/11719K, paused 2ms+2ms
07-05 14:35:15.141   545   548 D dalvikvm: GC_CONCURRENT freed 880K, 11% free 10484K/11719K, paused 2ms+3ms
07-05 14:35:15.418   545   548 D dalvikvm: GC_CONCURRENT freed 408K, 11% free 10466K/11719K, paused 2ms+3ms
07-05 14:35:15.625   545 15145 I DownloadManager: Initiating request for download 5624
07-05 14:35:15.680   545   548 D dalvikvm: GC_CONCURRENT freed 332K, 11% free 10537K/11719K, paused 2ms+4ms
07-05 14:35:15.801   545   548 D dalvikvm: GC_CONCURRENT freed 206K, 9% free 10758K/11719K, paused 2ms+3ms
07-05 14:35:15.942   545   548 D dalvikvm: GC_CONCURRENT freed 465K, 9% free 10771K/11719K, paused 2ms+2ms
07-05 14:35:16.114   545 15145 D dalvikvm: GC_EXPLICIT freed 462K, 11% free 10524K/11719K, paused 2ms+3ms
07-05 14:35:16.164  1370 15147 E DictionaryProvider:UpdateHandler: Can't read a file : android.util.MalformedJsonException: Use JsonReader.setLenient(true) to accept malformed JSON at line 1 column 20
07-05 14:35:16.410   545   548 D dalvikvm: GC_CONCURRENT freed 436K, 11% free 10479K/11719K, paused 1ms+2ms
07-05 14:35:16.672   545   548 D dalvikvm: GC_CONCURRENT freed 411K, 11% free 10458K/11719K, paused 2ms+2ms
07-05 14:35:16.715   545 15150 I DownloadManager: Initiating request for download 5624
07-05 14:35:16.825   545   548 D dalvikvm: GC_CONCURRENT freed 182K, 9% free 10713K/11719K, paused 2ms+3ms
07-05 14:35:16.946   545   548 D dalvikvm: GC_CONCURRENT freed 317K, 8% free 10874K/11719K, paused 1ms+3ms
07-05 14:35:17.254   545   548 D dalvikvm: GC_CONCURRENT freed 885K, 11% free 10486K/11719K, paused 2ms+2ms
07-05 14:35:17.539   545   548 D dalvikvm: GC_CONCURRENT freed 410K, 11% free 10466K/11719K, paused 2ms+2ms
07-05 14:35:17.731   545 15153 I DownloadManager: Initiating request for download 5625
07-05 14:35:17.813   545   548 D dalvikvm: GC_CONCURRENT freed 291K, 10% free 10604K/11719K, paused 2ms+3ms
07-05 14:35:17.938   545   548 D dalvikvm: GC_CONCURRENT freed 246K, 8% free 10784K/11719K, paused 1ms+2ms
07-05 14:35:18.082   545   548 D dalvikvm: GC_CONCURRENT freed 716K, 11% free 10533K/11719K, paused 2ms+2ms
07-05 14:35:18.180  1370 15155 E DictionaryProvider:UpdateHandler: Can't read a file : android.util.MalformedJsonException: Use JsonReader.setLenient(true) to accept malformed JSON at line 1 column 20
07-05 14:35:18.254  1370  1372 D dalvikvm: GC_CONCURRENT freed 390K, 7% free 9126K/9735K, paused 2ms+2ms
07-05 14:35:18.422   545   548 D dalvikvm: GC_CONCURRENT freed 431K, 11% free 10492K/11719K, paused 2ms+3ms
07-05 14:35:18.696   545   548 D dalvikvm: GC_CONCURRENT freed 415K, 11% free 10468K/11719K, paused 2ms+2ms
07-05 14:35:18.828   545 15158 I DownloadManager: Initiating request for download 5625
07-05 14:35:18.930   545   548 D dalvikvm: GC_CONCURRENT freed 257K, 10% free 10655K/11719K, paused 1ms+3ms
07-05 14:35:19.047   545   548 D dalvikvm: GC_CONCURRENT freed 314K, 8% free 10818K/11719K, paused 2ms+3ms
07-05 14:35:19.250   545   548 D dalvikvm: GC_CONCURRENT freed 804K, 11% free 10496K/11719K, paused 1ms+2ms
07-05 14:35:19.524   545   548 D dalvikvm: GC_CONCURRENT freed 405K, 11% free 10482K/11719K, paused 1ms+2ms
07-05 14:35:19.797   545   548 D dalvikvm: GC_CONCURRENT freed 404K, 11% free 10470K/11719K, paused 2ms+2ms
07-05 14:35:20.453   545 15161 I DownloadManager: Initiating request for download 5626
07-05 14:35:20.614   545   548 D dalvikvm: GC_CONCURRENT freed 189K, 9% free 10717K/11719K, paused 2ms+3ms
07-05 14:35:20.731   545   548 D dalvikvm: GC_CONCURRENT freed 337K, 8% free 10880K/11719K, paused 2ms+3ms
07-05 14:35:21.004   545   548 D dalvikvm: GC_CONCURRENT freed 881K, 11% free 10493K/11719K, paused 2ms+2ms
07-05 14:35:21.266   545   548 D dalvikvm: GC_CONCURRENT freed 405K, 11% free 10474K/11719K, paused 2ms+3ms
07-05 14:35:22.145  1370 15163 E DictionaryProvider:UpdateHandler: Can't read a file : android.util.MalformedJsonException: Use JsonReader.setLenient(true) to accept malformed JSON at line 1 column 20
07-05 14:35:22.371   545   548 D dalvikvm: GC_CONCURRENT freed 356K, 11% free 10509K/11719K, paused 2ms+2ms
07-05 14:35:22.629   545   548 D dalvikvm: GC_CONCURRENT freed 414K, 11% free 10485K/11719K, paused 2ms+2ms
07-05 14:35:22.903   545   548 D dalvikvm: GC_CONCURRENT freed 406K, 11% free 10470K/11719K, paused 2ms+2ms
07-05 14:35:23.075   545 15166 I DownloadManager: Initiating request for download 5627
07-05 14:35:23.168   545   548 D dalvikvm: GC_CONCURRENT freed 248K, 10% free 10661K/11719K, paused 2ms+3ms
07-05 14:35:23.297   545   548 D dalvikvm: GC_CONCURRENT freed 310K, 8% free 10829K/11719K, paused 2ms+4ms
07-05 14:35:23.516   545   548 D dalvikvm: GC_CONCURRENT freed 778K, 11% free 10536K/11719K, paused 2ms+3ms
07-05 14:35:23.582  1370 15168 E DictionaryProvider:UpdateHandler: Can't read a file : android.util.MalformedJsonException: Use JsonReader.setLenient(true) to accept malformed JSON at line 1 column 20
07-05 14:35:23.825   545   548 D dalvikvm: GC_CONCURRENT freed 432K, 11% free 10495K/11719K, paused 2ms+3ms
07-05 14:35:24.078   545   548 D dalvikvm: GC_CONCURRENT freed 412K, 11% free 10471K/11719K, paused 2ms+3ms
07-05 14:35:24.133   545 15171 I DownloadManager: Initiating request for download 5627
07-05 14:35:24.231   545   548 D dalvikvm: GC_CONCURRENT freed 187K, 9% free 10709K/11719K, paused 2ms+3ms
07-05 14:35:24.360   545   548 D dalvikvm: GC_CONCURRENT freed 321K, 8% free 10884K/11719K, paused 2ms+3ms
07-05 14:35:24.653   545   548 D dalvikvm: GC_CONCURRENT freed 890K, 11% free 10494K/11719K, paused 1ms+2ms
07-05 14:35:24.914   545   548 D dalvikvm: GC_CONCURRENT freed 409K, 11% free 10475K/11719K, paused 2ms+2ms
07-05 14:35:25.129   545 15174 I DownloadManager: Initiating request for download 5628
07-05 14:35:25.196   545   548 D dalvikvm: GC_CONCURRENT freed 314K, 10% free 10621K/11719K, paused 2ms+4ms
07-05 14:35:25.325   545   548 D dalvikvm: GC_CONCURRENT freed 272K, 8% free 10808K/11719K, paused 2ms+3ms
07-05 14:35:25.500   545   548 D dalvikvm: GC_CONCURRENT freed 746K, 11% free 10541K/11719K, paused 2ms+3ms
07-05 14:35:25.586  1370 15176 E DictionaryProvider:UpdateHandler: Can't read a file : android.util.MalformedJsonException: Use JsonReader.setLenient(true) to accept malformed JSON at line 1 column 20
07-05 14:35:25.809   545   548 D dalvikvm: GC_CONCURRENT freed 430K, 11% free 10499K/11719K, paused 2ms+2ms
07-05 14:35:26.067   545   548 D dalvikvm: GC_CONCURRENT freed 416K, 11% free 10472K/11719K, paused 1ms+2ms
07-05 14:35:26.231   156   512 D dalvikvm: GC_EXPLICIT freed 487K, 12% free 14089K/16007K, paused 2ms+6ms
07-05 14:35:26.239   545 15179 I DownloadManager: Initiating request for download 5628
07-05 14:35:26.332   545   548 D dalvikvm: GC_CONCURRENT freed 230K, 9% free 10678K/11719K, paused 2ms+3ms
07-05 14:35:26.453   545   548 D dalvikvm: GC_CONCURRENT freed 325K, 8% free 10837K/11719K, paused 2ms+3ms
07-05 14:35:26.703   545   548 D dalvikvm: GC_CONCURRENT freed 836K, 11% free 10486K/11719K, paused 2ms+2ms
07-05 14:35:26.965   545   548 D dalvikvm: GC_CONCURRENT freed 409K, 11% free 10468K/11719K, paused 2ms+2ms
07-05 14:35:27.219   545   548 D dalvikvm: GC_CONCURRENT freed 397K, 11% free 10460K/11719K, paused 1ms+2ms
07-05 14:35:27.262   545 15182 I DownloadManager: Initiating request for download 5629
07-05 14:35:27.371   545   548 D dalvikvm: GC_CONCURRENT freed 169K, 9% free 10727K/11719K, paused 2ms+3ms
07-05 14:35:27.496   545   548 D dalvikvm: GC_CONCURRENT freed 423K, 9% free 10773K/11719K, paused 2ms+2ms
07-05 14:35:27.653  1370 15184 E DictionaryProvider:UpdateHandler: Can't read a file : android.util.MalformedJsonException: Use JsonReader.setLenient(true) to accept malformed JSON at line 1 column 20
07-05 14:35:27.821   545   548 D dalvikvm: GC_CONCURRENT freed 740K, 11% free 10491K/11719K, paused 2ms+3ms
07-05 14:35:28.086   545   548 D dalvikvm: GC_CONCURRENT freed 408K, 11% free 10469K/11719K, paused 2ms+2ms
07-05 14:35:28.274   545 15187 I DownloadManager: Initiating request for download 5629
07-05 14:35:28.336   545   548 D dalvikvm: GC_CONCURRENT freed 343K, 11% free 10524K/11719K, paused 1ms+2ms
07-05 14:35:28.450   545   548 D dalvikvm: GC_CONCURRENT freed 204K, 9% free 10758K/11719K, paused 1ms+3ms
07-05 14:35:28.590   545   548 D dalvikvm: GC_CONCURRENT freed 466K, 9% free 10772K/11719K, paused 2ms+3ms
07-05 14:35:28.754  1370  1372 D dalvikvm: GC_CONCURRENT freed 385K, 7% free 9129K/9735K, paused 1ms+2ms
07-05 14:35:28.930   545   548 D dalvikvm: GC_CONCURRENT freed 753K, 11% free 10482K/11719K, paused 1ms+2ms
07-05 14:35:29.192   545   548 D dalvikvm: GC_CONCURRENT freed 410K, 11% free 10463K/11719K, paused 2ms+3ms
07-05 14:35:29.340   545 15190 I DownloadManager: Initiating request for download 5630
07-05 14:35:29.457   545   548 D dalvikvm: GC_CONCURRENT freed 238K, 10% free 10659K/11719K, paused 2ms+3ms
07-05 14:35:29.578   545   548 D dalvikvm: GC_CONCURRENT freed 320K, 8% free 10817K/11719K, paused 1ms+2ms
07-05 14:35:29.778   545   548 D dalvikvm: GC_CONCURRENT freed 776K, 11% free 10518K/11719K, paused 1ms+2ms
07-05 14:35:30.043  1370 15192 E DictionaryProvider:UpdateHandler: Can't read a file : android.util.MalformedJsonException: Use JsonReader.setLenient(true) to accept malformed JSON at line 1 column 20
07-05 14:35:30.082   545   548 D dalvikvm: GC_CONCURRENT freed 441K, 11% free 10491K/11719K, paused 1ms+3ms
07-05 14:35:30.371   545   548 D dalvikvm: GC_CONCURRENT freed 420K, 11% free 10467K/11719K, paused 2ms+3ms
07-05 14:35:30.422   545 15195 I DownloadManager: Initiating request for download 5630
07-05 14:35:30.532   545   548 D dalvikvm: GC_CONCURRENT freed 187K, 9% free 10717K/11719K, paused 2ms+3ms
07-05 14:35:30.657   545   548 D dalvikvm: GC_CONCURRENT freed 344K, 8% free 10885K/11719K, paused 2ms+3ms
07-05 14:35:30.965   545   548 D dalvikvm: GC_CONCURRENT freed 898K, 11% free 10486K/11719K, paused 2ms+2ms
07-05 14:35:31.239   545   548 D dalvikvm: GC_CONCURRENT freed 410K, 11% free 10467K/11719K, paused 1ms+2ms
07-05 14:35:31.418   545 15198 I DownloadManager: Initiating request for download 5631
07-05 14:35:31.492   545   548 D dalvikvm: GC_CONCURRENT freed 268K, 10% free 10642K/11719K, paused 2ms+4ms
07-05 14:35:31.621   545   548 D dalvikvm: GC_CONCURRENT freed 292K, 8% free 10814K/11719K, paused 2ms+3ms
07-05 14:35:31.813   545   548 D dalvikvm: GC_CONCURRENT freed 757K, 11% free 10535K/11719K, paused 2ms+3ms
07-05 14:35:31.875  1370 15200 E DictionaryProvider:UpdateHandler: Can't read a file : android.util.MalformedJsonException: Use JsonReader.setLenient(true) to accept malformed JSON at line 1 column 20
07-05 14:35:32.121   545   548 D dalvikvm: GC_CONCURRENT freed 434K, 11% free 10492K/11719K, paused 2ms+2ms
07-05 14:35:32.387   545   548 D dalvikvm: GC_CONCURRENT freed 415K, 11% free 10467K/11719K, paused 2ms+4ms
07-05 14:35:32.485   545 15203 I DownloadManager: Initiating request for download 5631
07-05 14:35:32.586   545   548 D dalvikvm: GC_CONCURRENT freed 221K, 9% free 10679K/11719K, paused 2ms+3ms
07-05 14:35:32.707   545   548 D dalvikvm: GC_CONCURRENT freed 313K, 8% free 10851K/11719K, paused 2ms+3ms
07-05 14:35:32.961   545   548 D dalvikvm: GC_CONCURRENT freed 846K, 11% free 10493K/11719K, paused 2ms+3ms
07-05 14:35:33.223   545   548 D dalvikvm: GC_CONCURRENT freed 408K, 11% free 10475K/11719K, paused 2ms+2ms
07-05 14:35:33.477   545 15206 I DownloadManager: Initiating request for download 5632
07-05 14:35:33.532   545   548 D dalvikvm: GC_CONCURRENT freed 387K, 11% free 10495K/11719K, paused 2ms+3ms
07-05 14:35:33.664   545   548 D dalvikvm: GC_CONCURRENT freed 182K, 9% free 10749K/11719K, paused 2ms+2ms
07-05 14:35:33.797   545   548 D dalvikvm: GC_CONCURRENT freed 442K, 8% free 10782K/11719K, paused 2ms+3ms
07-05 14:35:33.981  1370 15208 E DictionaryProvider:UpdateHandler: Can't read a file : android.util.MalformedJsonException: Use JsonReader.setLenient(true) to accept malformed JSON at line 1 column 20
07-05 14:35:34.117   545   548 D dalvikvm: GC_CONCURRENT freed 748K, 11% free 10498K/11719K, paused 1ms+2ms
07-05 14:35:34.383   545   548 D dalvikvm: GC_CONCURRENT freed 414K, 11% free 10474K/11719K, paused 2ms+2ms
07-05 14:35:34.555   545 15211 I DownloadManager: Initiating request for download 5632
07-05 14:35:34.637   545   548 D dalvikvm: GC_CONCURRENT freed 300K, 10% free 10634K/11719K, paused 2ms+2ms
07-05 14:35:34.758   545   548 D dalvikvm: GC_CONCURRENT freed 294K, 8% free 10810K/11719K, paused 2ms+4ms
07-05 14:35:34.942   545   548 D dalvikvm: GC_CONCURRENT freed 755K, 11% free 10536K/11719K, paused 2ms+3ms
07-05 14:35:35.211   545   548 D dalvikvm: GC_CONCURRENT freed 438K, 11% free 10488K/11719K, paused 1ms+2ms
07-05 14:35:35.477   545   548 D dalvikvm: GC_CONCURRENT freed 409K, 11% free 10470K/11719K, paused 1ms+2ms
07-05 14:35:35.586   545 15214 I DownloadManager: Initiating request for download 5633
07-05 14:35:35.684   545   548 D dalvikvm: GC_CONCURRENT freed 214K, 9% free 10693K/11719K, paused 2ms+3ms
07-05 14:35:35.809   545   548 D dalvikvm: GC_CONCURRENT freed 310K, 8% free 10863K/11719K, paused 2ms+2ms
07-05 14:35:36.012  1370 15216 E DictionaryProvider:UpdateHandler: Can't read a file : android.util.MalformedJsonException: Use JsonReader.setLenient(true) to accept malformed JSON at line 1 column 20
07-05 14:35:36.098   545   548 D dalvikvm: GC_CONCURRENT freed 845K, 11% free 10508K/11719K, paused 2ms+2ms
07-05 14:35:36.360   545   548 D dalvikvm: GC_CONCURRENT freed 418K, 11% free 10481K/11719K, paused 2ms+2ms
07-05 14:35:36.641   545   548 D dalvikvm: GC_CONCURRENT freed 396K, 11% free 10473K/11719K, paused 2ms+2ms
07-05 14:35:36.645   545 15219 I DownloadManager: Initiating request for download 5633
07-05 14:35:36.770   545   548 D dalvikvm: GC_CONCURRENT freed 168K, 9% free 10741K/11719K, paused 2ms+2ms
07-05 14:35:36.895   545   548 D dalvikvm: GC_CONCURRENT freed 323K, 8% free 10892K/11719K, paused 2ms+3ms
07-05 14:35:37.129  1370  1372 D dalvikvm: GC_CONCURRENT freed 388K, 7% free 9129K/9735K, paused 2ms+1ms
07-05 14:35:37.227   545   548 D dalvikvm: GC_CONCURRENT freed 899K, 11% free 10495K/11719K, paused 2ms+3ms
07-05 14:35:37.492   545   548 D dalvikvm: GC_CONCURRENT freed 410K, 11% free 10476K/11719K, paused 2ms+2ms
07-05 14:35:37.688   545 15222 I DownloadManager: Initiating request for download 5634
07-05 14:35:37.789   545   548 D dalvikvm: GC_CONCURRENT freed 278K, 10% free 10656K/11719K, paused 1ms+3ms
07-05 14:35:37.910   545   548 D dalvikvm: GC_CONCURRENT freed 301K, 8% free 10830K/11719K, paused 2ms+3ms
07-05 14:35:38.106   545   548 D dalvikvm: GC_CONCURRENT freed 770K, 11% free 10540K/11719K, paused 2ms+3ms
07-05 14:35:38.168  1370 15224 E DictionaryProvider:UpdateHandler: Can't read a file : android.util.MalformedJsonException: Use JsonReader.setLenient(true) to accept malformed JSON at line 1 column 20
07-05 14:35:38.410   545   548 D dalvikvm: GC_CONCURRENT freed 431K, 11% free 10499K/11719K, paused 2ms+3ms
07-05 14:35:38.684   545   548 D dalvikvm: GC_CONCURRENT freed 415K, 11% free 10475K/11719K, paused 1ms+3ms
07-05 14:35:38.778   545 15227 I DownloadManager: Initiating request for download 5634
07-05 14:35:38.871   545   548 D dalvikvm: GC_CONCURRENT freed 215K, 9% free 10696K/11719K, paused 2ms+3ms
07-05 14:35:38.996   545   548 D dalvikvm: GC_CONCURRENT freed 317K, 8% free 10870K/11719K, paused 2ms+2ms
07-05 14:35:39.262   545   548 D dalvikvm: GC_CONCURRENT freed 864K, 11% free 10500K/11719K, paused 2ms+3ms
07-05 14:35:39.524   545   548 D dalvikvm: GC_CONCURRENT freed 408K, 11% free 10482K/11719K, paused 2ms+2ms
07-05 14:35:39.774   545 15230 I DownloadManager: Initiating request for download 5635
07-05 14:35:39.821   545   548 D dalvikvm: GC_CONCURRENT freed 384K, 11% free 10512K/11719K, paused 2ms+4ms
07-05 14:35:39.957   545   548 D dalvikvm: GC_CONCURRENT freed 182K, 9% free 10768K/11719K, paused 2ms+2ms
07-05 14:35:40.086   545   548 D dalvikvm: GC_CONCURRENT freed 450K, 8% free 10791K/11719K, paused 2ms+2ms
07-05 14:35:40.246  1370 15232 E DictionaryProvider:UpdateHandler: Can't read a file : android.util.MalformedJsonException: Use JsonReader.setLenient(true) to accept malformed JSON at line 1 column 20
07-05 14:35:40.414   545   548 D dalvikvm: GC_CONCURRENT freed 754K, 11% free 10505K/11719K, paused 2ms+2ms
07-05 14:35:40.680   545   548 D dalvikvm: GC_CONCURRENT freed 414K, 11% free 10482K/11719K, paused 2ms+2ms
07-05 14:35:40.832   545 15235 I DownloadManager: Initiating request for download 5635
07-05 14:35:40.914   545   548 D dalvikvm: GC_CONCURRENT freed 281K, 10% free 10658K/11719K, paused 2ms+3ms
07-05 14:35:41.039   545   548 D dalvikvm: GC_CONCURRENT freed 300K, 8% free 10834K/11719K, paused 2ms+3ms
07-05 14:35:41.242   545   548 D dalvikvm: GC_CONCURRENT freed 807K, 11% free 10512K/11719K, paused 2ms+3ms
07-05 14:35:41.516   545   548 D dalvikvm: GC_CONCURRENT freed 411K, 11% free 10492K/11719K, paused 2ms+2ms
07-05 14:35:41.778   545   548 D dalvikvm: GC_CONCURRENT freed 405K, 11% free 10478K/11719K, paused 2ms+2ms
07-05 14:35:41.895   545 15238 I DownloadManager: Initiating request for download 5636
07-05 14:35:41.989   545   548 D dalvikvm: GC_CONCURRENT freed 198K, 9% free 10706K/11719K, paused 2ms+2ms
07-05 14:35:42.117   545   548 D dalvikvm: GC_CONCURRENT freed 315K, 8% free 10888K/11719K, paused 2ms+2ms
07-05 14:35:42.301  1370 15240 E DictionaryProvider:UpdateHandler: Can't read a file : android.util.MalformedJsonException: Use JsonReader.setLenient(true) to accept malformed JSON at line 1 column 20
07-05 14:35:42.430   545   548 D dalvikvm: GC_CONCURRENT freed 878K, 11% free 10511K/11719K, paused 2ms+3ms
07-05 14:35:42.700   545   548 D dalvikvm: GC_CONCURRENT freed 413K, 11% free 10488K/11719K, paused 2ms+2ms
07-05 14:35:42.910   545 15243 I DownloadManager: Initiating request for download 5636
07-05 14:35:42.969   545   548 D dalvikvm: GC_CONCURRENT freed 370K, 11% free 10541K/11719K, paused 1ms+2ms
07-05 14:35:43.078   545   548 D dalvikvm: GC_CONCURRENT freed 201K, 9% free 10777K/11719K, paused 2ms+3ms
07-05 14:35:43.215   545   548 D dalvikvm: GC_CONCURRENT freed 466K, 8% free 10798K/11719K, paused 2ms+2ms
07-05 14:35:43.516   545   548 D dalvikvm: GC_CONCURRENT freed 740K, 11% free 10528K/11719K, paused 1ms+3ms
07-05 14:35:43.789   545   548 D dalvikvm: GC_CONCURRENT freed 405K, 11% free 10514K/11719K, paused 2ms+2ms
07-05 14:35:44.278   156   594 D dalvikvm: GC_EXPLICIT freed 482K, 12% free 14090K/16007K, paused 3ms+6ms
07-05 14:35:44.278   545 15245 I DownloadManager: Initiating request for download 5637
07-05 14:35:44.375   545   548 D dalvikvm: GC_CONCURRENT freed 269K, 9% free 10677K/11719K, paused 2ms+3ms
07-05 14:35:44.500   545   548 D dalvikvm: GC_CONCURRENT freed 325K, 8% free 10833K/11719K, paused 2ms+3ms
07-05 14:35:44.707   545   548 D dalvikvm: GC_CONCURRENT freed 815K, 11% free 10502K/11719K, paused 2ms+2ms
07-05 14:35:44.762  1370 15248 E DictionaryProvider:UpdateHandler: Can't read a file : android.util.MalformedJsonException: Use JsonReader.setLenient(true) to accept malformed JSON at line 1 column 20
07-05 14:35:45.008   545   548 D dalvikvm: GC_CONCURRENT freed 394K, 11% free 10494K/11719K, paused 1ms+2ms
07-05 14:35:45.262   545   548 D dalvikvm: GC_CONCURRENT freed 412K, 11% free 10468K/11719K, paused 2ms+3ms
07-05 14:35:45.340   545 15251 I DownloadManager: Initiating request for download 5637
07-05 14:35:45.438   545   548 D dalvikvm: GC_CONCURRENT freed 209K, 9% free 10694K/11719K, paused 1ms+3ms
07-05 14:35:45.559   545   548 D dalvikvm: GC_CONCURRENT freed 315K, 8% free 10871K/11719K, paused 2ms+3ms
07-05 14:35:45.789   545 15251 D dalvikvm: GC_EXPLICIT freed 772K, 11% free 10524K/11719K, paused 1ms+3ms
07-05 14:35:45.852  1370  1372 D dalvikvm: GC_CONCURRENT freed 387K, 7% free 9130K/9735K, paused 1ms+2ms
07-05 14:35:46.086   545   548 D dalvikvm: GC_CONCURRENT freed 428K, 11% free 10482K/11719K, paused 1ms+2ms
07-05 14:35:46.356   545   548 D dalvikvm: GC_CONCURRENT freed 406K, 11% free 10467K/11719K, paused 2ms+2ms
07-05 14:35:46.418   545 15254 I DownloadManager: Initiating request for download 5638
07-05 14:35:46.528   545   548 D dalvikvm: GC_CONCURRENT freed 177K, 9% free 10725K/11719K, paused 2ms+3ms
07-05 14:35:46.653   545   548 D dalvikvm: GC_CONCURRENT freed 324K, 8% free 10892K/11719K, paused 2ms+3ms
07-05 14:35:46.832  1370 15256 E DictionaryProvider:UpdateHandler: Can't read a file : android.util.MalformedJsonException: Use JsonReader.setLenient(true) to accept malformed JSON at line 1 column 20
07-05 14:35:46.914   465   467 D dalvikvm: GC_CONCURRENT freed 382K, 6% free 10505K/11143K, paused 4ms+2ms
07-05 14:35:47.020   545   548 D dalvikvm: GC_CONCURRENT freed 893K, 11% free 10501K/11719K, paused 2ms+3ms
07-05 14:35:47.289   545   548 D dalvikvm: GC_CONCURRENT freed 414K, 11% free 10477K/11719K, paused 2ms+2ms
07-05 14:35:47.473   545 15259 I DownloadManager: Initiating request for download 5638
07-05 14:35:47.532   545   548 D dalvikvm: GC_CONCURRENT freed 325K, 11% free 10545K/11719K, paused 2ms+3ms
07-05 14:35:47.645   545   548 D dalvikvm: GC_CONCURRENT freed 208K, 9% free 10773K/11719K, paused 1ms+3ms
07-05 14:35:47.782   545   548 D dalvikvm: GC_CONCURRENT freed 471K, 8% free 10787K/11719K, paused 2ms+2ms
07-05 14:35:48.098   545   548 D dalvikvm: GC_CONCURRENT freed 758K, 11% free 10493K/11719K, paused 2ms+2ms
07-05 14:35:48.371   545   548 D dalvikvm: GC_CONCURRENT freed 410K, 11% free 10474K/11719K, paused 2ms+2ms
07-05 14:35:48.516   545 15262 I DownloadManager: Initiating request for download 5639
07-05 14:35:48.606   545   548 D dalvikvm: GC_CONCURRENT freed 239K, 9% free 10670K/11719K, paused 2ms+3ms
07-05 14:35:48.735   545   548 D dalvikvm: GC_CONCURRENT freed 323K, 8% free 10856K/11719K, paused 1ms+3ms
07-05 14:35:48.981  1370 15264 E DictionaryProvider:UpdateHandler: Can't read a file : android.util.MalformedJsonException: Use JsonReader.setLenient(true) to accept malformed JSON at line 1 column 20
07-05 14:35:48.989   545   548 D dalvikvm: GC_CONCURRENT freed 849K, 11% free 10514K/11719K, paused 2ms+2ms
07-05 14:35:49.266   545   548 D dalvikvm: GC_CONCURRENT freed 414K, 11% free 10491K/11719K, paused 1ms+2ms
07-05 14:35:49.532   545   548 D dalvikvm: GC_CONCURRENT freed 406K, 11% free 10475K/11719K, paused 2ms+2ms
07-05 14:35:49.567   545 15266 I DownloadManager: Initiating request for download 5639
07-05 14:35:49.653   545   548 D dalvikvm: GC_CONCURRENT freed 179K, 9% free 10732K/11719K, paused 2ms+3ms
07-05 14:35:49.735   545   548 D dalvikvm: GC_CONCURRENT freed 301K, 8% free 10896K/11719K, paused 2ms+3ms
07-05 14:35:51.035   545   548 D dalvikvm: GC_CONCURRENT freed 901K, 11% free 10498K/11719K, paused 2ms+2ms
07-05 14:35:51.297   545   548 D dalvikvm: GC_CONCURRENT freed 409K, 11% free 10480K/11719K, paused 2ms+2ms
07-05 14:35:51.516   545 15270 I DownloadManager: Initiating request for download 5640
07-05 14:35:51.578   545   548 D dalvikvm: GC_CONCURRENT freed 330K, 10% free 10550K/11719K, paused 2ms+2ms
07-05 14:35:51.696   545   548 D dalvikvm: GC_CONCURRENT freed 210K, 9% free 10777K/11719K, paused 2ms+2ms
07-05 14:35:51.832   545   548 D dalvikvm: GC_CONCURRENT freed 472K, 8% free 10791K/11719K, paused 2ms+2ms
07-05 14:35:51.989  1370 15272 E DictionaryProvider:UpdateHandler: Can't read a file : android.util.MalformedJsonException: Use JsonReader.setLenient(true) to accept malformed JSON at line 1 column 20
07-05 14:35:52.172   545   548 D dalvikvm: GC_CONCURRENT freed 752K, 11% free 10505K/11719K, paused 2ms+3ms
07-05 14:35:52.438   545   548 D dalvikvm: GC_CONCURRENT freed 415K, 11% free 10480K/11719K, paused 2ms+2ms
07-05 14:35:52.567   545 15275 I DownloadManager: Initiating request for download 5640
07-05 14:35:52.653   545   548 D dalvikvm: GC_CONCURRENT freed 254K, 9% free 10670K/11719K, paused 2ms+3ms
07-05 14:35:52.782   545   548 D dalvikvm: GC_CONCURRENT freed 305K, 7% free 10901K/11719K, paused 2ms+2ms
07-05 14:35:53.039   545   548 D dalvikvm: GC_CONCURRENT freed 900K, 11% free 10505K/11719K, paused 2ms+2ms
07-05 14:35:53.301   545   548 D dalvikvm: GC_CONCURRENT freed 410K, 11% free 10487K/11719K, paused 2ms+3ms
07-05 14:35:53.555   545   548 D dalvikvm: GC_CONCURRENT freed 399K, 11% free 10478K/11719K, paused 2ms+2ms
07-05 14:35:53.594   545 15278 I DownloadManager: Initiating request for download 5641
07-05 14:35:53.707   545   548 D dalvikvm: GC_CONCURRENT freed 169K, 9% free 10746K/11719K, paused 2ms+3ms
07-05 14:35:53.828   545   548 D dalvikvm: GC_CONCURRENT freed 327K, 7% free 10902K/11719K, paused 2ms+3ms
07-05 14:35:54.004  1370 15280 E DictionaryProvider:UpdateHandler: Can't read a file : android.util.MalformedJsonException: Use JsonReader.setLenient(true) to accept malformed JSON at line 1 column 20
07-05 14:35:54.157   545   548 D dalvikvm: GC_CONCURRENT freed 899K, 11% free 10508K/11719K, paused 2ms+2ms
07-05 14:35:54.426   545   548 D dalvikvm: GC_CONCURRENT freed 414K, 11% free 10485K/11719K, paused 2ms+3ms
07-05 14:35:54.610   545 15283 I DownloadManager: Initiating request for download 5641
07-05 14:35:54.692   545   548 D dalvikvm: GC_CONCURRENT freed 305K, 10% free 10637K/11719K, paused 2ms+3ms
07-05 14:35:54.813   545   548 D dalvikvm: GC_CONCURRENT freed 304K, 8% free 10837K/11719K, paused 2ms+3ms
07-05 14:35:54.992   545   548 D dalvikvm: GC_CONCURRENT freed 781K, 11% free 10544K/11719K, paused 2ms+2ms
07-05 14:35:55.059  1370  1372 D dalvikvm: GC_CONCURRENT freed 394K, 7% free 9127K/9735K, paused 2ms+2ms
07-05 14:35:55.297   545   548 D dalvikvm: GC_CONCURRENT freed 436K, 11% free 10498K/11719K, paused 2ms+3ms
07-05 14:35:55.571   545   548 D dalvikvm: GC_CONCURRENT freed 410K, 11% free 10479K/11719K, paused 1ms+2ms
07-05 14:35:55.672   545 15286 I DownloadManager: Initiating request for download 5642
07-05 14:35:55.785   545   548 D dalvikvm: GC_CONCURRENT freed 214K, 9% free 10712K/11719K, paused 2ms+3ms
07-05 14:35:55.907   545   548 D dalvikvm: GC_CONCURRENT freed 316K, 8% free 10875K/11719K, paused 2ms+3ms
07-05 14:35:56.094  1370 15288 E DictionaryProvider:UpdateHandler: Can't read a file : android.util.MalformedJsonException: Use JsonReader.setLenient(true) to accept malformed JSON at line 1 column 20
07-05 14:35:56.192   545   548 D dalvikvm: GC_CONCURRENT freed 856K, 11% free 10517K/11719K, paused 2ms+2ms
07-05 14:35:56.453   545   548 D dalvikvm: GC_CONCURRENT freed 409K, 11% free 10495K/11719K, paused 2ms+2ms
07-05 14:35:56.727   545   548 D dalvikvm: GC_CONCURRENT freed 401K, 11% free 10504K/11719K, paused 1ms+3ms
07-05 14:35:56.735   545 15290 I DownloadManager: Initiating request for download 5642
07-05 14:35:56.844   545   548 D dalvikvm: GC_CONCURRENT freed 168K, 9% free 10756K/11719K, paused 2ms+3ms
07-05 14:35:56.953   545   548 D dalvikvm: GC_CONCURRENT freed 428K, 8% free 10800K/11719K, paused 2ms+3ms
07-05 14:35:57.516   545   548 D dalvikvm: GC_CONCURRENT freed 765K, 11% free 10506K/11719K, paused 2ms+3ms
07-05 14:35:57.785   545   548 D dalvikvm: GC_CONCURRENT freed 408K, 11% free 10489K/11719K, paused 2ms+2ms
07-05 14:35:58.301   545 15294 I DownloadManager: Initiating request for download 5643
07-05 14:35:58.383   545   548 D dalvikvm: GC_CONCURRENT freed 317K, 10% free 10558K/11719K, paused 2ms+3ms
07-05 14:35:58.496   545   548 D dalvikvm: GC_CONCURRENT freed 209K, 8% free 10786K/11719K, paused 2ms+3ms
07-05 14:35:58.641   545   548 D dalvikvm: GC_CONCURRENT freed 475K, 8% free 10807K/11719K, paused 2ms+2ms
07-05 14:35:58.801  1370 15296 E DictionaryProvider:UpdateHandler: Can't read a file : android.util.MalformedJsonException: Use JsonReader.setLenient(true) to accept malformed JSON at line 1 column 20
07-05 14:35:58.977   545   548 D dalvikvm: GC_CONCURRENT freed 769K, 11% free 10511K/11719K, paused 2ms+2ms
07-05 14:35:59.242   545   548 D dalvikvm: GC_CONCURRENT freed 415K, 11% free 10488K/11719K, paused 2ms+2ms
07-05 14:35:59.367   545 15299 I DownloadManager: Initiating request for download 5643
07-05 14:35:59.473   545   548 D dalvikvm: GC_CONCURRENT freed 247K, 9% free 10681K/11719K, paused 1ms+3ms
07-05 14:35:59.594   545   548 D dalvikvm: GC_CONCURRENT freed 327K, 8% free 10853K/11719K, paused 1ms+3ms
07-05 14:35:59.813   545   548 D dalvikvm: GC_CONCURRENT freed 828K, 11% free 10519K/11719K, paused 1ms+3ms
07-05 14:36:00.133   545   548 D dalvikvm: GC_CONCURRENT freed 402K, 11% free 10503K/11719K, paused 2ms+2ms
07-05 14:36:00.399   545   548 D dalvikvm: GC_CONCURRENT freed 404K, 11% free 10485K/11719K, paused 1ms+2ms
07-05 14:36:00.481   545 15302 I DownloadManager: Initiating request for download 5644
07-05 14:36:00.586   545   548 D dalvikvm: GC_CONCURRENT freed 186K, 9% free 10735K/11719K, paused 2ms+3ms
07-05 14:36:00.711   545   548 D dalvikvm: GC_CONCURRENT freed 312K, 7% free 10900K/11719K, paused 2ms+3ms
07-05 14:36:00.887  1370 15304 E DictionaryProvider:UpdateHandler: Can't read a file : android.util.MalformedJsonException: Use JsonReader.setLenient(true) to accept malformed JSON at line 1 column 20
07-05 14:36:00.930   465 15305 D dalvikvm: GC_EXPLICIT freed 284K, 8% free 10319K/11143K, paused 2ms+2ms
07-05 14:36:01.055   545   548 D dalvikvm: GC_CONCURRENT freed 886K, 11% free 10520K/11719K, paused 1ms+3ms
07-05 14:36:01.317   545   548 D dalvikvm: GC_CONCURRENT freed 416K, 11% free 10495K/11719K, paused 2ms+2ms
07-05 14:36:01.520   545 15307 I DownloadManager: Initiating request for download 5644
07-05 14:36:01.590   545   548 D dalvikvm: GC_CONCURRENT freed 370K, 10% free 10620K/11719K, paused 2ms+5ms
07-05 14:36:01.715   545   548 D dalvikvm: GC_CONCURRENT freed 258K, 8% free 10820K/11719K, paused 2ms+3ms
07-05 14:36:01.883   545   548 D dalvikvm: GC_CONCURRENT freed 746K, 10% free 10559K/11719K, paused 2ms+2ms
07-05 14:36:02.168   545   548 D dalvikvm: GC_CONCURRENT freed 434K, 11% free 10511K/11719K, paused 2ms+3ms
07-05 14:36:02.395   993  1240 I PhoneLab-: Service Running
07-05 14:36:02.453   993  1240 I PhoneLab-LoggerService: app_49    1247  993   1956   1584  c00f181c 400107b4 S logcat
07-05 14:36:02.453   993  1240 I PhoneLab-LoggerService: Logcat pid from database 1247
07-05 14:36:02.453   993  1240 I PhoneLab-LoggerService: Logcat process found 1247
07-05 14:36:02.453   993  1240 I PhoneLab-LoggerService: Checking Threshold
07-05 14:36:02.457   993  1240 I PhoneLab-LoggerService: Starting to rename files
07-05 14:36:02.457   993  1240 I PhoneLab-LoggerService: Files found .. 51
07-05 14:36:02.461   993   995 D dalvikvm: GC_CONCURRENT freed 966K, 19% free 9146K/11207K, paused 2ms+2ms
07-05 14:36:02.508   545   548 D dalvikvm: GC_CONCURRENT freed 411K, 11% free 10490K/11719K, paused 2ms+3ms
07-05 14:36:02.672   545 15311 I DownloadManager: Initiating request for download 5645
07-05 14:36:02.762   545   548 D dalvikvm: GC_CONCURRENT freed 248K, 9% free 10686K/11719K, paused 2ms+3ms
07-05 14:36:02.891   545   548 D dalvikvm: GC_CONCURRENT freed 311K, 8% free 10859K/11719K, paused 2ms+3ms
07-05 14:36:03.137   545   548 D dalvikvm: GC_CONCURRENT freed 824K, 11% free 10530K/11719K, paused 1ms+2ms
07-05 14:36:03.200   156   594 D dalvikvm: GC_EXPLICIT freed 534K, 12% free 14091K/16007K, paused 3ms+6ms
07-05 14:36:03.211  1370 15313 E DictionaryProvider:UpdateHandler: Can't read a file : android.util.MalformedJsonException: Use JsonReader.setLenient(true) to accept malformed JSON at line 1 column 20
07-05 14:36:03.489   545   548 D dalvikvm: GC_CONCURRENT freed 413K, 11% free 10508K/11719K, paused 2ms+3ms
07-05 14:36:03.758   545   548 D dalvikvm: GC_CONCURRENT freed 424K, 11% free 10474K/11719K, paused 2ms+2ms
07-05 14:36:03.825   545 15316 I DownloadManager: Initiating request for download 5645
07-05 14:36:03.934   545   548 D dalvikvm: GC_CONCURRENT freed 190K, 9% free 10703K/11719K, paused 2ms+3ms
07-05 14:36:04.055   545   548 D dalvikvm: GC_CONCURRENT freed 316K, 8% free 10876K/11719K, paused 2ms+3ms
07-05 14:36:04.305   545   548 D dalvikvm: GC_CONCURRENT freed 835K, 11% free 10537K/11719K, paused 3ms+2ms
07-05 14:36:04.567   545   548 D dalvikvm: GC_CONCURRENT freed 406K, 11% free 10522K/11719K, paused 1ms+3ms
07-05 14:36:05.235   545 15318 I DownloadManager: Initiating request for download 5646
07-05 14:36:05.367  1370  1372 D dalvikvm: GC_CONCURRENT freed 386K, 7% free 9128K/9735K, paused 2ms+2ms
07-05 14:36:05.387   545   548 D dalvikvm: GC_CONCURRENT freed 417K, 11% free 10535K/11719K, paused 4ms+3ms
07-05 14:36:05.496   545   548 D dalvikvm: GC_CONCURRENT freed 203K, 9% free 10770K/11719K, paused 2ms+3ms
07-05 14:36:05.637   545   548 D dalvikvm: GC_CONCURRENT freed 458K, 8% free 10803K/11719K, paused 2ms+2ms
07-05 14:36:05.809  1370 15321 E DictionaryProvider:UpdateHandler: Can't read a file : android.util.MalformedJsonException: Use JsonReader.setLenient(true) to accept malformed JSON at line 1 column 20
07-05 14:36:05.981   545   548 D dalvikvm: GC_CONCURRENT freed 768K, 11% free 10507K/11719K, paused 2ms+3ms
07-05 14:36:06.246   545   548 D dalvikvm: GC_CONCURRENT freed 412K, 11% free 10482K/11719K, paused 2ms+2ms
07-05 14:36:06.414   545 15324 I DownloadManager: Initiating request for download 5646
07-05 14:36:06.485   545   548 D dalvikvm: GC_CONCURRENT freed 292K, 10% free 10663K/11719K, paused 1ms+4ms
07-05 14:36:06.614   545   548 D dalvikvm: GC_CONCURRENT freed 298K, 8% free 10838K/11719K, paused 2ms+3ms
07-05 14:36:06.809   545   548 D dalvikvm: GC_CONCURRENT freed 779K, 11% free 10543K/11719K, paused 2ms+2ms
07-05 14:36:07.094   545   548 D dalvikvm: GC_CONCURRENT freed 437K, 11% free 10505K/11719K, paused 2ms+3ms
07-05 14:36:07.356   545   548 D dalvikvm: GC_CONCURRENT freed 416K, 11% free 10479K/11719K, paused 2ms+2ms
07-05 14:36:07.492   545 15327 I DownloadManager: Initiating request for download 5647
07-05 14:36:07.602   545   548 D dalvikvm: GC_CONCURRENT freed 210K, 9% free 10705K/11719K, paused 1ms+3ms
07-05 14:36:07.723   545   548 D dalvikvm: GC_CONCURRENT freed 321K, 8% free 10878K/11719K, paused 1ms+3ms
07-05 14:36:07.938  1370 15329 E DictionaryProvider:UpdateHandler: Can't read a file : android.util.MalformedJsonException: Use JsonReader.setLenient(true) to accept malformed JSON at line 1 column 20
07-05 14:36:08.028   545   548 D dalvikvm: GC_CONCURRENT freed 857K, 11% free 10524K/11719K, paused 1ms+3ms
07-05 14:36:08.293   545   548 D dalvikvm: GC_CONCURRENT freed 421K, 11% free 10495K/11719K, paused 2ms+3ms
07-05 14:36:08.555   545 15332 I DownloadManager: Initiating request for download 5647
07-05 14:36:08.575   545   548 D dalvikvm: GC_CONCURRENT freed 420K, 11% free 10495K/11719K, paused 2ms+3ms
07-05 14:36:08.703   545   548 D dalvikvm: GC_CONCURRENT freed 172K, 8% free 10813K/11719K, paused 2ms+3ms
07-05 14:36:08.856   545   548 D dalvikvm: GC_CONCURRENT freed 506K, 8% free 10826K/11719K, paused 2ms+3ms
07-05 14:36:09.184   545   548 D dalvikvm: GC_CONCURRENT freed 806K, 11% free 10501K/11719K, paused 2ms+2ms
07-05 14:36:09.450   545   548 D dalvikvm: GC_CONCURRENT freed 410K, 11% free 10481K/11719K, paused 2ms+3ms
07-05 14:36:09.594   545 15335 I DownloadManager: Initiating request for download 5648
07-05 14:36:09.688   545   548 D dalvikvm: GC_CONCURRENT freed 232K, 9% free 10687K/11719K, paused 1ms+3ms
07-05 14:36:09.813   545   548 D dalvikvm: GC_CONCURRENT freed 315K, 8% free 10861K/11719K, paused 1ms+2ms
07-05 14:36:10.016  1370 15337 E DictionaryProvider:UpdateHandler: Can't read a file : android.util.MalformedJsonException: Use JsonReader.setLenient(true) to accept malformed JSON at line 1 column 20
07-05 14:36:10.059   545   548 D dalvikvm: GC_CONCURRENT freed 833K, 11% free 10528K/11719K, paused 1ms+3ms
07-05 14:36:10.328   545   548 D dalvikvm: GC_CONCURRENT freed 413K, 11% free 10501K/11719K, paused 2ms+3ms
07-05 14:36:10.586   545   548 D dalvikvm: GC_CONCURRENT freed 410K, 11% free 10482K/11719K, paused 2ms+2ms
07-05 14:36:10.649   545 15340 I DownloadManager: Initiating request for download 5648
07-05 14:36:10.750   545   548 D dalvikvm: GC_CONCURRENT freed 193K, 9% free 10726K/11719K, paused 2ms+2ms
07-05 14:36:10.875   545   548 D dalvikvm: GC_CONCURRENT freed 322K, 7% free 10908K/11719K, paused 2ms+4ms
07-05 14:36:11.172   545   548 D dalvikvm: GC_CONCURRENT freed 907K, 11% free 10509K/11719K, paused 2ms+2ms
07-05 14:36:11.446   545   548 D dalvikvm: GC_CONCURRENT freed 410K, 11% free 10489K/11719K, paused 1ms+2ms
07-05 14:36:11.660   545 15343 I DownloadManager: Initiating request for download 5649
07-05 14:36:11.723   545   548 D dalvikvm: GC_CONCURRENT freed 347K, 10% free 10560K/11719K, paused 2ms+4ms
07-05 14:36:11.844   545   548 D dalvikvm: GC_CONCURRENT freed 210K, 8% free 10788K/11719K, paused 2ms+2ms
07-05 14:36:11.985   545   548 D dalvikvm: GC_CONCURRENT freed 473K, 8% free 10805K/11719K, paused 2ms+3ms
07-05 14:36:12.125  1370 15345 E DictionaryProvider:UpdateHandler: Can't read a file : android.util.MalformedJsonException: Use JsonReader.setLenient(true) to accept malformed JSON at line 1 column 20
07-05 14:36:12.328   545   548 D dalvikvm: GC_CONCURRENT freed 765K, 11% free 10513K/11719K, paused 2ms+3ms
07-05 14:36:12.594   545   548 D dalvikvm: GC_CONCURRENT freed 414K, 11% free 10490K/11719K, paused 2ms+3ms
07-05 14:36:12.739   545 15348 I DownloadManager: Initiating request for download 5649
07-05 14:36:12.825   545   548 D dalvikvm: GC_CONCURRENT freed 262K, 9% free 10677K/11719K, paused 2ms+3ms
07-05 14:36:12.946   545   548 D dalvikvm: GC_CONCURRENT freed 308K, 8% free 10855K/11719K, paused 2ms+3ms
07-05 14:36:13.153   545   548 D dalvikvm: GC_CONCURRENT freed 795K, 10% free 10552K/11719K, paused 2ms+3ms
07-05 14:36:13.219  1370  1372 D dalvikvm: GC_CONCURRENT freed 393K, 7% free 9125K/9735K, paused 2ms+2ms
07-05 14:36:13.461   545   548 D dalvikvm: GC_CONCURRENT freed 437K, 11% free 10505K/11719K, paused 2ms+3ms
07-05 14:36:13.739   545   548 D dalvikvm: GC_CONCURRENT freed 409K, 11% free 10486K/11719K, paused 2ms+2ms
07-05 14:36:13.844   545 15351 I DownloadManager: Initiating request for download 5650
07-05 14:36:13.953   545   548 D dalvikvm: GC_CONCURRENT freed 204K, 9% free 10722K/11719K, paused 1ms+3ms
07-05 14:36:14.078   545   548 D dalvikvm: GC_CONCURRENT freed 316K, 8% free 10887K/11719K, paused 2ms+3ms
07-05 14:36:14.266  1370 15353 E DictionaryProvider:UpdateHandler: Can't read a file : android.util.MalformedJsonException: Use JsonReader.setLenient(true) to accept malformed JSON at line 1 column 20
07-05 14:36:14.367   545   548 D dalvikvm: GC_CONCURRENT freed 861K, 11% free 10522K/11719K, paused 2ms+3ms
07-05 14:36:14.633   545   548 D dalvikvm: GC_CONCURRENT freed 414K, 11% free 10498K/11719K, paused 2ms+2ms
07-05 14:36:14.887   545   548 D dalvikvm: GC_CONCURRENT freed 399K, 11% free 10485K/11719K, paused 2ms+2ms
07-05 14:36:14.907   545 15356 I DownloadManager: Initiating request for download 5650
07-05 14:36:15.020   545   548 D dalvikvm: GC_CONCURRENT freed 163K, 9% free 10758K/11719K, paused 2ms+3ms
07-05 14:36:15.145   545   548 D dalvikvm: GC_CONCURRENT freed 327K, 7% free 10919K/11719K, paused 2ms+3ms
07-05 14:36:15.453   545   548 D dalvikvm: GC_CONCURRENT freed 913K, 11% free 10512K/11719K, paused 1ms+2ms
07-05 14:36:15.727   545   548 D dalvikvm: GC_CONCURRENT freed 403K, 11% free 10496K/11719K, paused 2ms+2ms
07-05 14:36:15.934   545 15361 I DownloadManager: Initiating request for download 5651
07-05 14:36:16.012   545   548 D dalvikvm: GC_CONCURRENT freed 310K, 9% free 10667K/11719K, paused 2ms+4ms
07-05 14:36:16.133   545   548 D dalvikvm: GC_CONCURRENT freed 301K, 8% free 10847K/11719K, paused 2ms+3ms
07-05 14:36:16.317   545   548 D dalvikvm: GC_CONCURRENT freed 778K, 10% free 10557K/11719K, paused 2ms+2ms
07-05 14:36:16.438   545  7440 D dalvikvm: GC_EXPLICIT freed 106K, 11% free 10528K/11719K, paused 2ms+3ms
07-05 14:36:16.450  1370 15363 E DictionaryProvider:UpdateHandler: Can't read a file : android.util.MalformedJsonException: Use JsonReader.setLenient(true) to accept malformed JSON at line 1 column 20
07-05 14:36:16.715   545   548 D dalvikvm: GC_CONCURRENT freed 410K, 11% free 10508K/11719K, paused 2ms+2ms
07-05 14:36:16.981   545   548 D dalvikvm: GC_CONCURRENT freed 406K, 11% free 10495K/11719K, paused 2ms+2ms
07-05 14:36:17.047   545 15366 I DownloadManager: Initiating request for download 5651
07-05 14:36:17.141   545   548 D dalvikvm: GC_CONCURRENT freed 199K, 9% free 10731K/11719K, paused 2ms+3ms
07-05 14:36:17.270   545   548 D dalvikvm: GC_CONCURRENT freed 327K, 7% free 10907K/11719K, paused 2ms+3ms
07-05 14:36:17.559   545   548 D dalvikvm: GC_CONCURRENT freed 898K, 11% free 10517K/11719K, paused 2ms+3ms
07-05 14:36:17.828   545   548 D dalvikvm: GC_CONCURRENT freed 409K, 11% free 10498K/11719K, paused 2ms+3ms
07-05 14:36:18.055   545 15369 I DownloadManager: Initiating request for download 5652
07-05 14:36:18.121   545   548 D dalvikvm: GC_CONCURRENT freed 360K, 10% free 10549K/11719K, paused 2ms+3ms
07-05 14:36:18.250   545   548 D dalvikvm: GC_CONCURRENT freed 210K, 8% free 10799K/11719K, paused 2ms+3ms
07-05 14:36:18.391   545   548 D dalvikvm: GC_CONCURRENT freed 469K, 8% free 10816K/11719K, paused 2ms+2ms
07-05 14:36:18.547  1370 15371 E DictionaryProvider:UpdateHandler: Can't read a file : android.util.MalformedJsonException: Use JsonReader.setLenient(true) to accept malformed JSON at line 1 column 20
07-05 14:36:18.727   545   548 D dalvikvm: GC_CONCURRENT freed 770K, 11% free 10522K/11719K, paused 2ms+2ms
07-05 14:36:18.981   545   548 D dalvikvm: GC_CONCURRENT freed 412K, 11% free 10497K/11719K, paused 1ms+2ms
07-05 14:36:19.125   545 15374 I DownloadManager: Initiating request for download 5652
07-05 14:36:19.207   545   548 D dalvikvm: GC_CONCURRENT freed 267K, 9% free 10684K/11719K, paused 2ms+3ms
07-05 14:36:19.332   545   548 D dalvikvm: GC_CONCURRENT freed 310K, 8% free 10863K/11719K, paused 2ms+3ms
07-05 14:36:19.528   545   548 D dalvikvm: GC_CONCURRENT freed 796K, 10% free 10560K/11719K, paused 2ms+2ms
07-05 14:36:19.797   545   548 D dalvikvm: GC_CONCURRENT freed 405K, 11% free 10546K/11719K, paused 2ms+2ms
07-05 14:36:20.078   545   548 D dalvikvm: GC_CONCURRENT freed 398K, 11% free 10534K/11719K, paused 2ms+2ms
07-05 14:36:20.996   545 15376 I DownloadManager: Initiating request for download 5653
07-05 14:36:21.117   545   548 D dalvikvm: GC_CONCURRENT freed 231K, 9% free 10729K/11719K, paused 2ms+3ms
07-05 14:36:21.262   545   548 D dalvikvm: GC_CONCURRENT freed 313K, 7% free 10942K/11719K, paused 1ms+3ms
07-05 14:36:21.465  1370 15379 E DictionaryProvider:UpdateHandler: Can't read a file : android.util.MalformedJsonException: Use JsonReader.setLenient(true) to accept malformed JSON at line 1 column 20
07-05 14:36:21.575   545   548 D dalvikvm: GC_CONCURRENT freed 934K, 11% free 10527K/11719K, paused 2ms+3ms
07-05 14:36:21.848   545   548 D dalvikvm: GC_CONCURRENT freed 414K, 11% free 10504K/11719K, paused 2ms+2ms
07-05 14:36:22.067   545 15382 I DownloadManager: Initiating request for download 5653
07-05 14:36:22.125   545   548 D dalvikvm: GC_CONCURRENT freed 391K, 11% free 10542K/11719K, paused 1ms+3ms
07-05 14:36:22.250   545   548 D dalvikvm: GC_CONCURRENT freed 184K, 8% free 10787K/11719K, paused 2ms+3ms
07-05 14:36:22.375   545   548 D dalvikvm: GC_CONCURRENT freed 441K, 8% free 10821K/11719K, paused 2ms+3ms
07-05 14:36:22.481   156   514 D dalvikvm: GC_EXPLICIT freed 485K, 12% free 14087K/16007K, paused 2ms+6ms
07-05 14:36:22.606  1370  1372 D dalvikvm: GC_CONCURRENT freed 389K, 7% free 9125K/9735K, paused 2ms+2ms
07-05 14:36:22.778   545   548 D dalvikvm: GC_CONCURRENT freed 780K, 11% free 10520K/11719K, paused 1ms+3ms
07-05 14:36:23.055   545   548 D dalvikvm: GC_CONCURRENT freed 425K, 11% free 10486K/11719K, paused 2ms+2ms
07-05 14:36:23.239   545 15385 I DownloadManager: Initiating request for download 5654
07-05 14:36:23.332   545   548 D dalvikvm: GC_CONCURRENT freed 286K, 10% free 10657K/11719K, paused 2ms+3ms
07-05 14:36:23.450   545   548 D dalvikvm: GC_CONCURRENT freed 303K, 8% free 10832K/11719K, paused 2ms+3ms
07-05 14:36:23.621   545   548 D dalvikvm: GC_CONCURRENT freed 765K, 10% free 10558K/11719K, paused 2ms+2ms
07-05 14:36:23.700  1370 15387 E DictionaryProvider:UpdateHandler: Can't read a file : android.util.MalformedJsonException: Use JsonReader.setLenient(true) to accept malformed JSON at line 1 column 20
07-05 14:36:23.934   545   548 D dalvikvm: GC_CONCURRENT freed 436K, 11% free 10512K/11719K, paused 1ms+3ms
07-05 14:36:24.203   545   548 D dalvikvm: GC_CONCURRENT freed 411K, 11% free 10487K/11719K, paused 1ms+2ms
07-05 14:36:24.317   545 15390 I DownloadManager: Initiating request for download 5654
07-05 14:36:24.426   545   548 D dalvikvm: GC_CONCURRENT freed 239K, 9% free 10690K/11719K, paused 2ms+3ms
07-05 14:36:24.547   545   548 D dalvikvm: GC_CONCURRENT freed 321K, 8% free 10858K/11719K, paused 2ms+3ms
07-05 14:36:24.754   545   548 D dalvikvm: GC_CONCURRENT freed 832K, 11% free 10518K/11719K, paused 1ms+2ms
07-05 14:36:25.035   545   548 D dalvikvm: GC_CONCURRENT freed 409K, 11% free 10499K/11719K, paused 2ms+2ms
07-05 14:36:25.289   545   548 D dalvikvm: GC_CONCURRENT freed 404K, 11% free 10485K/11719K, paused 1ms+2ms
07-05 14:36:25.371   545 15393 I DownloadManager: Initiating request for download 5655
07-05 14:36:25.469   545   548 D dalvikvm: GC_CONCURRENT freed 190K, 9% free 10732K/11719K, paused 2ms+3ms
07-05 14:36:25.594   545   548 D dalvikvm: GC_CONCURRENT freed 325K, 7% free 10909K/11719K, paused 2ms+2ms
07-05 14:36:25.793  1370 15395 D dalvikvm: GC_EXPLICIT freed 160K, 7% free 9099K/9735K, paused 2ms+2ms
07-05 14:36:25.801  1370 15395 E DictionaryProvider:UpdateHandler: Can't read a file : android.util.MalformedJsonException: Use JsonReader.setLenient(true) to accept malformed JSON at line 1 column 20
07-05 14:36:25.930   545   548 D dalvikvm: GC_CONCURRENT freed 897K, 11% free 10521K/11719K, paused 2ms+2ms
07-05 14:36:26.196   545   548 D dalvikvm: GC_CONCURRENT freed 409K, 11% free 10498K/11719K, paused 2ms+3ms
07-05 14:36:26.407   545 15398 I DownloadManager: Initiating request for download 5655
07-05 14:36:26.469   545   548 D dalvikvm: GC_CONCURRENT freed 377K, 11% free 10523K/11719K, paused 2ms+3ms
07-05 14:36:26.586   545   548 D dalvikvm: GC_CONCURRENT freed 183K, 9% free 10777K/11719K, paused 2ms+3ms
07-05 14:36:26.719   545   548 D dalvikvm: GC_CONCURRENT freed 449K, 8% free 10813K/11719K, paused 2ms+2ms
07-05 14:36:27.004   545   548 D dalvikvm: GC_CONCURRENT freed 742K, 11% free 10546K/11719K, paused 2ms+3ms
07-05 14:36:27.266   545   548 D dalvikvm: GC_CONCURRENT freed 413K, 11% free 10523K/11719K, paused 2ms+2ms
07-05 14:36:28.106   545 15400 I DownloadManager: Initiating request for download 5656
07-05 14:36:28.188   545   548 D dalvikvm: GC_CONCURRENT freed 337K, 9% free 10679K/11719K, paused 2ms+4ms
07-05 14:36:28.313   545   548 D dalvikvm: GC_CONCURRENT freed 289K, 8% free 10841K/11719K, paused 2ms+3ms
07-05 14:36:28.500   545   548 D dalvikvm: GC_CONCURRENT freed 770K, 10% free 10558K/11719K, paused 2ms+3ms
07-05 14:36:28.594  1370 15403 E DictionaryProvider:UpdateHandler: Can't read a file : android.util.MalformedJsonException: Use JsonReader.setLenient(true) to accept malformed JSON at line 1 column 20
07-05 14:36:28.844   545   548 D dalvikvm: GC_CONCURRENT freed 433K, 11% free 10517K/11719K, paused 2ms+2ms
07-05 14:36:29.110   545   548 D dalvikvm: GC_CONCURRENT freed 415K, 11% free 10493K/11719K, paused 1ms+2ms
07-05 14:36:29.231   545 15406 I DownloadManager: Initiating request for download 5656
07-05 14:36:29.309   545   548 D dalvikvm: GC_CONCURRENT freed 243K, 9% free 10691K/11719K, paused 2ms+2ms
07-05 14:36:29.434   545   548 D dalvikvm: GC_CONCURRENT freed 304K, 8% free 10869K/11719K, paused 2ms+3ms
07-05 14:36:29.649   545   548 D dalvikvm: GC_CONCURRENT freed 839K, 11% free 10524K/11719K, paused 2ms+3ms
07-05 14:36:29.926   545   548 D dalvikvm: GC_CONCURRENT freed 405K, 11% free 10508K/11719K, paused 2ms+3ms
07-05 14:36:30.196   545   548 D dalvikvm: GC_CONCURRENT freed 404K, 11% free 10492K/11719K, paused 2ms+2ms
07-05 14:36:30.289   545 15409 I DownloadManager: Initiating request for download 5657
07-05 14:36:30.403   545   548 D dalvikvm: GC_CONCURRENT freed 197K, 9% free 10725K/11719K, paused 2ms+3ms
07-05 14:36:30.524   545   548 D dalvikvm: GC_CONCURRENT freed 314K, 8% free 10896K/11719K, paused 2ms+3ms
07-05 14:36:30.731  1370 15411 E DictionaryProvider:UpdateHandler: Can't read a file : android.util.MalformedJsonException: Use JsonReader.setLenient(true) to accept malformed JSON at line 1 column 20
07-05 14:36:30.825   545   548 D dalvikvm: GC_CONCURRENT freed 865K, 11% free 10531K/11719K, paused 2ms+4ms
07-05 14:36:31.090   545   548 D dalvikvm: GC_CONCURRENT freed 419K, 11% free 10503K/11719K, paused 2ms+2ms
07-05 14:36:31.356   545   548 D dalvikvm: GC_CONCURRENT freed 404K, 11% free 10490K/11719K, paused 2ms+3ms
07-05 14:36:31.391   545 15414 I DownloadManager: Initiating request for download 5657
07-05 14:36:31.504   545   548 D dalvikvm: GC_CONCURRENT freed 171K, 9% free 10756K/11719K, paused 2ms+3ms
07-05 14:36:31.625   545   548 D dalvikvm: GC_CONCURRENT freed 316K, 7% free 10929K/11719K, paused 2ms+2ms
07-05 14:36:31.922   545   548 D dalvikvm: GC_CONCURRENT freed 924K, 11% free 10519K/11719K, paused 2ms+3ms
07-05 14:36:32.188   545   548 D dalvikvm: GC_CONCURRENT freed 407K, 11% free 10499K/11719K, paused 2ms+2ms
07-05 14:36:32.403   545 15417 I DownloadManager: Initiating request for download 5658
07-05 14:36:32.465   545   548 D dalvikvm: GC_CONCURRENT freed 335K, 10% free 10570K/11719K, paused 2ms+3ms
07-05 14:36:32.590   545   548 D dalvikvm: GC_CONCURRENT freed 210K, 8% free 10801K/11719K, paused 2ms+2ms
07-05 14:36:32.727   545   548 D dalvikvm: GC_CONCURRENT freed 475K, 8% free 10820K/11719K, paused 2ms+2ms
07-05 14:36:32.871  1370 15419 E DictionaryProvider:UpdateHandler: Can't read a file : android.util.MalformedJsonException: Use JsonReader.setLenient(true) to accept malformed JSON at line 1 column 20
07-05 14:36:33.071   545   548 D dalvikvm: GC_CONCURRENT freed 774K, 11% free 10525K/11719K, paused 2ms+3ms
07-05 14:36:33.332   545   548 D dalvikvm: GC_CONCURRENT freed 416K, 11% free 10500K/11719K, paused 2ms+2ms
07-05 14:36:33.481   545 15422 I DownloadManager: Initiating request for download 5658
07-05 14:36:33.571   545   548 D dalvikvm: GC_CONCURRENT freed 276K, 9% free 10692K/11719K, paused 2ms+3ms
07-05 14:36:33.692   545   548 D dalvikvm: GC_CONCURRENT freed 317K, 8% free 10864K/11719K, paused 2ms+3ms
07-05 14:36:33.891   545   548 D dalvikvm: GC_CONCURRENT freed 797K, 10% free 10561K/11719K, paused 2ms+2ms
07-05 14:36:34.172   545   548 D dalvikvm: GC_CONCURRENT freed 432K, 11% free 10516K/11719K, paused 2ms+2ms
07-05 14:36:34.446   545   548 D dalvikvm: GC_CONCURRENT freed 404K, 11% free 10499K/11719K, paused 2ms+2ms
07-05 14:36:34.567   545 15425 I DownloadManager: Initiating request for download 5659
07-05 14:36:34.664   545   548 D dalvikvm: GC_CONCURRENT freed 206K, 9% free 10729K/11719K, paused 2ms+2ms
07-05 14:36:34.793   545   548 D dalvikvm: GC_CONCURRENT freed 326K, 7% free 10905K/11719K, paused 2ms+2ms
07-05 14:36:35.008  1370 15427 E DictionaryProvider:UpdateHandler: Can't read a file : android.util.MalformedJsonException: Use JsonReader.setLenient(true) to accept malformed JSON at line 1 column 20
07-05 14:36:35.035  1370  1372 D dalvikvm: GC_CONCURRENT freed 377K, 7% free 9139K/9735K, paused 1ms+2ms
07-05 14:36:35.102   545   548 D dalvikvm: GC_CONCURRENT freed 871K, 11% free 10539K/11719K, paused 1ms+2ms
07-05 14:36:35.364   545   548 D dalvikvm: GC_CONCURRENT freed 422K, 11% free 10508K/11719K, paused 1ms+2ms
07-05 14:36:35.629   545   548 D dalvikvm: GC_CONCURRENT freed 404K, 11% free 10495K/11719K, paused 1ms+2ms
07-05 14:36:35.657   545 15430 I DownloadManager: Initiating request for download 5659
07-05 14:36:35.766   545   548 D dalvikvm: GC_CONCURRENT freed 166K, 9% free 10765K/11719K, paused 2ms+3ms
07-05 14:36:35.891   545   548 D dalvikvm: GC_CONCURRENT freed 329K, 7% free 10934K/11719K, paused 2ms+3ms
07-05 14:36:36.203   545   548 D dalvikvm: GC_CONCURRENT freed 924K, 11% free 10523K/11719K, paused 2ms+3ms
07-05 14:36:36.473   545   548 D dalvikvm: GC_CONCURRENT freed 405K, 11% free 10505K/11719K, paused 2ms+2ms
07-05 14:36:36.684   545 15433 I DownloadManager: Initiating request for download 5660
07-05 14:36:36.750   545   548 D dalvikvm: GC_CONCURRENT freed 323K, 10% free 10575K/11719K, paused 2ms+3ms
07-05 14:36:36.875   545   548 D dalvikvm: GC_CONCURRENT freed 211K, 8% free 10806K/11719K, paused 2ms+2ms
07-05 14:36:37.016   545   548 D dalvikvm: GC_CONCURRENT freed 476K, 8% free 10826K/11719K, paused 2ms+3ms
07-05 14:36:37.176  1370 15435 E DictionaryProvider:UpdateHandler: Can't read a file : android.util.MalformedJsonException: Use JsonReader.setLenient(true) to accept malformed JSON at line 1 column 20
07-05 14:36:37.371   545   548 D dalvikvm: GC_CONCURRENT freed 777K, 11% free 10529K/11719K, paused 1ms+2ms
07-05 14:36:37.633   545   548 D dalvikvm: GC_CONCURRENT freed 416K, 11% free 10504K/11719K, paused 2ms+2ms
07-05 14:36:37.782   545 15438 I DownloadManager: Initiating request for download 5660
07-05 14:36:37.867   545   548 D dalvikvm: GC_CONCURRENT freed 264K, 9% free 10691K/11719K, paused 2ms+3ms
07-05 14:36:37.989   545   548 D dalvikvm: GC_CONCURRENT freed 313K, 8% free 10867K/11719K, paused 2ms+3ms
07-05 14:36:38.184   545   548 D dalvikvm: GC_CONCURRENT freed 792K, 10% free 10568K/11719K, paused 2ms+3ms
07-05 14:36:38.485   545   548 D dalvikvm: GC_CONCURRENT freed 438K, 11% free 10524K/11719K, paused 2ms+3ms
07-05 14:36:38.754   545   548 D dalvikvm: GC_CONCURRENT freed 412K, 11% free 10503K/11719K, paused 2ms+2ms
07-05 14:36:38.867   545 15441 I DownloadManager: Initiating request for download 5661
07-05 14:36:38.973   545   548 D dalvikvm: GC_CONCURRENT freed 211K, 9% free 10728K/11719K, paused 2ms+3ms
07-05 14:36:39.098   545   548 D dalvikvm: GC_CONCURRENT freed 329K, 7% free 10900K/11719K, paused 2ms+2ms
07-05 14:36:39.289  1370 15443 E DictionaryProvider:UpdateHandler: Can't read a file : android.util.MalformedJsonException: Use JsonReader.setLenient(true) to accept malformed JSON at line 1 column 20
07-05 14:36:39.379   545   548 D dalvikvm: GC_CONCURRENT freed 862K, 10% free 10550K/11719K, paused 1ms+2ms
07-05 14:36:39.645   545   548 D dalvikvm: GC_CONCURRENT freed 427K, 11% free 10514K/11719K, paused 2ms+2ms
07-05 14:36:39.914   545   548 D dalvikvm: GC_CONCURRENT freed 402K, 11% free 10502K/11719K, paused 3ms+2ms
07-05 14:36:39.953   545 15446 I DownloadManager: Initiating request for download 5661
07-05 14:36:40.055   545   548 D dalvikvm: GC_CONCURRENT freed 173K, 9% free 10767K/11719K, paused 2ms+3ms
07-05 14:36:40.184   545   548 D dalvikvm: GC_CONCURRENT freed 323K, 7% free 10943K/11719K, paused 2ms+2ms
07-05 14:36:40.500   545   548 D dalvikvm: GC_CONCURRENT freed 933K, 11% free 10536K/11719K, paused 2ms+2ms
07-05 14:36:40.766   545   548 D dalvikvm: GC_CONCURRENT freed 416K, 11% free 10511K/11719K, paused 2ms+2ms
07-05 14:36:40.977   545 15449 I DownloadManager: Initiating request for download 5662
07-05 14:36:41.110   156   530 D dalvikvm: GC_EXPLICIT freed 602K, 13% free 14084K/16007K, paused 3ms+6ms
07-05 14:36:41.114   545   548 D dalvikvm: GC_CONCURRENT freed 322K, 10% free 10581K/11719K, paused 2ms+11ms
07-05 14:36:41.231   545   548 D dalvikvm: GC_CONCURRENT freed 212K, 8% free 10813K/11719K, paused 2ms+2ms
07-05 14:36:41.371   545   548 D dalvikvm: GC_CONCURRENT freed 495K, 8% free 10817K/11719K, paused 2ms+2ms
07-05 14:36:41.668   545   548 D dalvikvm: GC_CONCURRENT freed 746K, 11% free 10547K/11719K, paused 2ms+2ms
07-05 14:36:41.934   545   548 D dalvikvm: GC_CONCURRENT freed 413K, 11% free 10525K/11719K, paused 2ms+4ms
07-05 14:36:42.266   545   548 D dalvikvm: GC_CONCURRENT freed 378K, 11% free 10533K/11719K, paused 2ms+2ms
07-05 14:36:42.532   545   548 D dalvikvm: GC_CONCURRENT freed 414K, 11% free 10510K/11719K, paused 2ms+2ms
07-05 14:36:42.805   545   548 D dalvikvm: GC_CONCURRENT freed 404K, 11% free 10496K/11719K, paused 2ms+3ms
07-05 14:36:43.211  1370 15452 E DictionaryProvider:UpdateHandler: Can't read a file : android.util.MalformedJsonException: Use JsonReader.setLenient(true) to accept malformed JSON at line 1 column 20
07-05 14:36:43.508   545   548 D dalvikvm: GC_CONCURRENT freed 357K, 11% free 10530K/11719K, paused 2ms+3ms
07-05 14:36:43.782   545   548 D dalvikvm: GC_CONCURRENT freed 415K, 11% free 10505K/11719K, paused 2ms+3ms
07-05 14:36:44.051   545   548 D dalvikvm: GC_CONCURRENT freed 403K, 11% free 10499K/11719K, paused 2ms+3ms
07-05 14:36:44.192   545 15455 I DownloadManager: Initiating request for download 5663
07-05 14:36:44.301   545   548 D dalvikvm: GC_CONCURRENT freed 218K, 9% free 10714K/11719K, paused 2ms+2ms
07-05 14:36:44.426   545   548 D dalvikvm: GC_CONCURRENT freed 305K, 8% free 10888K/11719K, paused 2ms+3ms
07-05 14:36:44.660   545   548 D dalvikvm: GC_CONCURRENT freed 865K, 11% free 10525K/11719K, paused 2ms+2ms
07-05 14:36:44.711  1370 15457 E DictionaryProvider:UpdateHandler: Can't read a file : android.util.MalformedJsonException: Use JsonReader.setLenient(true) to accept malformed JSON at line 1 column 20
07-05 14:36:44.782  1370  1372 D dalvikvm: GC_CONCURRENT freed 424K, 7% free 9126K/9735K, paused 2ms+2ms
07-05 14:36:44.985   545   548 D dalvikvm: GC_CONCURRENT freed 402K, 11% free 10515K/11719K, paused 2ms+2ms
07-05 14:36:45.250   545   548 D dalvikvm: GC_CONCURRENT freed 415K, 11% free 10490K/11719K, paused 1ms+2ms
07-05 14:36:45.309   545 15460 I DownloadManager: Initiating request for download 5663
07-05 14:36:45.430   545   548 D dalvikvm: GC_CONCURRENT freed 189K, 9% free 10736K/11719K, paused 1ms+3ms
07-05 14:36:45.551   545   548 D dalvikvm: GC_CONCURRENT freed 338K, 7% free 10900K/11719K, paused 2ms+2ms
07-05 14:36:45.813   545   548 D dalvikvm: GC_CONCURRENT freed 884K, 11% free 10521K/11719K, paused 2ms+2ms
07-05 14:36:46.078   545   548 D dalvikvm: GC_CONCURRENT freed 409K, 11% free 10502K/11719K, paused 1ms+2ms
07-05 14:36:46.340   545 15463 I DownloadManager: Initiating request for download 5664
07-05 14:36:46.403   545   548 D dalvikvm: GC_CONCURRENT freed 390K, 10% free 10549K/11719K, paused 2ms+3ms
07-05 14:36:46.547   545   548 D dalvikvm: GC_CONCURRENT freed 194K, 8% free 10836K/11719K, paused 2ms+2ms
07-05 14:36:46.688   545   548 D dalvikvm: GC_CONCURRENT freed 519K, 8% free 10827K/11719K, paused 2ms+2ms
07-05 14:36:46.871  1370 15465 E DictionaryProvider:UpdateHandler: Can't read a file : android.util.MalformedJsonException: Use JsonReader.setLenient(true) to accept malformed JSON at line 1 column 20
07-05 14:36:46.965   465   467 D dalvikvm: GC_CONCURRENT freed 211K, 6% free 10502K/11143K, paused 1ms+2ms
07-05 14:36:47.078   545   548 D dalvikvm: GC_CONCURRENT freed 783K, 11% free 10524K/11719K, paused 2ms+2ms
07-05 14:36:47.340   545   548 D dalvikvm: GC_CONCURRENT freed 417K, 11% free 10498K/11719K, paused 2ms+2ms
07-05 14:36:47.473   545 15468 I DownloadManager: Initiating request for download 5664
07-05 14:36:47.575   545   548 D dalvikvm: GC_CONCURRENT freed 252K, 9% free 10692K/11719K, paused 1ms+3ms
07-05 14:36:47.696   545   548 D dalvikvm: GC_CONCURRENT freed 320K, 8% free 10862K/11719K, paused 1ms+3ms
07-05 14:36:47.883   545   548 D dalvikvm: GC_CONCURRENT freed 795K, 10% free 10563K/11719K, paused 2ms+2ms
07-05 14:36:47.992   545 15468 D dalvikvm: GC_EXPLICIT freed 92K, 11% free 10546K/11719K, paused 2ms+4ms
07-05 14:36:48.262   545   548 D dalvikvm: GC_CONCURRENT freed 424K, 11% free 10510K/11719K, paused 2ms+2ms
07-05 14:36:48.528   545   548 D dalvikvm: GC_CONCURRENT freed 403K, 11% free 10494K/11719K, paused 2ms+2ms
07-05 14:36:48.598   545 15471 I DownloadManager: Initiating request for download 5665
07-05 14:36:48.707   545   548 D dalvikvm: GC_CONCURRENT freed 178K, 9% free 10752K/11719K, paused 2ms+2ms
07-05 14:36:48.832   545   548 D dalvikvm: GC_CONCURRENT freed 330K, 7% free 10932K/11719K, paused 2ms+3ms
07-05 14:36:49.020  1370 15473 E DictionaryProvider:UpdateHandler: Can't read a file : android.util.MalformedJsonException: Use JsonReader.setLenient(true) to accept malformed JSON at line 1 column 20
07-05 14:36:49.160   545   548 D dalvikvm: GC_CONCURRENT freed 917K, 11% free 10532K/11719K, paused 1ms+3ms
07-05 14:36:49.422   545   548 D dalvikvm: GC_CONCURRENT freed 415K, 11% free 10507K/11719K, paused 2ms+2ms
07-05 14:36:49.629   545 15476 I DownloadManager: Initiating request for download 5665
07-05 14:36:49.692   545   548 D dalvikvm: GC_CONCURRENT freed 371K, 10% free 10570K/11719K, paused 2ms+3ms
07-05 14:36:49.805   545   548 D dalvikvm: GC_CONCURRENT freed 205K, 8% free 10805K/11719K, paused 2ms+3ms
07-05 14:36:49.942   545   548 D dalvikvm: GC_CONCURRENT freed 472K, 8% free 10828K/11719K, paused 1ms+3ms
07-05 14:36:50.278   545   548 D dalvikvm: GC_CONCURRENT freed 781K, 11% free 10524K/11719K, paused 2ms+3ms
07-05 14:36:50.543   545   548 D dalvikvm: GC_CONCURRENT freed 409K, 11% free 10504K/11719K, paused 2ms+2ms
07-05 14:36:50.731   545 15479 I DownloadManager: Initiating request for download 5666
07-05 14:36:50.825   545   548 D dalvikvm: GC_CONCURRENT freed 269K, 9% free 10691K/11719K, paused 2ms+3ms
07-05 14:36:50.946   545   548 D dalvikvm: GC_CONCURRENT freed 313K, 8% free 10869K/11719K, paused 2ms+3ms
07-05 14:36:51.145   545   548 D dalvikvm: GC_CONCURRENT freed 798K, 10% free 10568K/11719K, paused 2ms+2ms
07-05 14:36:51.200  1370 15481 E DictionaryProvider:UpdateHandler: Can't read a file : android.util.MalformedJsonException: Use JsonReader.setLenient(true) to accept malformed JSON at line 1 column 20
07-05 14:36:51.446   545   548 D dalvikvm: GC_CONCURRENT freed 434K, 11% free 10528K/11719K, paused 2ms+2ms
07-05 14:36:51.711   545   548 D dalvikvm: GC_CONCURRENT freed 415K, 11% free 10504K/11719K, paused 2ms+2ms
07-05 14:36:51.817   545 15484 I DownloadManager: Initiating request for download 5666
07-05 14:36:51.899   545   548 D dalvikvm: GC_CONCURRENT freed 223K, 9% free 10714K/11719K, paused 2ms+2ms
07-05 14:36:52.028   545   548 D dalvikvm: GC_CONCURRENT freed 316K, 8% free 10897K/11719K, paused 2ms+2ms
07-05 14:36:52.282   545   548 D dalvikvm: GC_CONCURRENT freed 863K, 11% free 10533K/11719K, paused 2ms+2ms
07-05 14:36:52.539   545   548 D dalvikvm: GC_CONCURRENT freed 405K, 11% free 10516K/11719K, paused 2ms+2ms
07-05 14:36:52.805   545   548 D dalvikvm: GC_CONCURRENT freed 403K, 11% free 10503K/11719K, paused 2ms+3ms
07-05 14:36:52.895   545 15487 I DownloadManager: Initiating request for download 5667
07-05 14:36:53.008   545   548 D dalvikvm: GC_CONCURRENT freed 191K, 9% free 10751K/11719K, paused 2ms+3ms
07-05 14:36:53.133   545   548 D dalvikvm: GC_CONCURRENT freed 333K, 7% free 10928K/11719K, paused 2ms+3ms
07-05 14:36:53.313  1370 15489 E DictionaryProvider:UpdateHandler: Can't read a file : android.util.MalformedJsonException: Use JsonReader.setLenient(true) to accept malformed JSON at line 1 column 20
07-05 14:36:53.383  1370  1372 D dalvikvm: GC_CONCURRENT freed 390K, 7% free 9127K/9735K, paused 2ms+2ms
07-05 14:36:53.465   545   548 D dalvikvm: GC_CONCURRENT freed 904K, 11% free 10538K/11719K, paused 2ms+3ms
07-05 14:36:53.731   545   548 D dalvikvm: GC_CONCURRENT freed 415K, 11% free 10514K/11719K, paused 2ms+3ms
07-05 14:36:53.950   545 15492 I DownloadManager: Initiating request for download 5667
07-05 14:36:54.008   545   548 D dalvikvm: GC_CONCURRENT freed 400K, 10% free 10560K/11719K, paused 2ms+3ms
07-05 14:36:54.125   545   548 D dalvikvm: GC_CONCURRENT freed 194K, 8% free 10804K/11719K, paused 2ms+3ms
07-05 14:36:54.262   545   548 D dalvikvm: GC_CONCURRENT freed 458K, 8% free 10836K/11719K, paused 2ms+2ms
07-05 14:36:54.575   545   548 D dalvikvm: GC_CONCURRENT freed 785K, 11% free 10530K/11719K, paused 2ms+2ms
07-05 14:36:54.848   545   548 D dalvikvm: GC_CONCURRENT freed 411K, 11% free 10509K/11719K, paused 2ms+2ms
07-05 14:36:55.051   545 15495 I DownloadManager: Initiating request for download 5668
07-05 14:36:55.137   545   548 D dalvikvm: GC_CONCURRENT freed 288K, 10% free 10665K/11719K, paused 2ms+4ms
07-05 14:36:55.258   545   548 D dalvikvm: GC_CONCURRENT freed 282K, 8% free 10856K/11719K, paused 2ms+3ms
07-05 14:36:55.426   545   548 D dalvikvm: GC_CONCURRENT freed 776K, 10% free 10579K/11719K, paused 2ms+3ms
07-05 14:36:55.500  1370 15497 E DictionaryProvider:UpdateHandler: Can't read a file : android.util.MalformedJsonException: Use JsonReader.setLenient(true) to accept malformed JSON at line 1 column 20
07-05 14:36:55.731   545   548 D dalvikvm: GC_CONCURRENT freed 441K, 11% free 10536K/11719K, paused 2ms+2ms
07-05 14:36:55.992   545   548 D dalvikvm: GC_CONCURRENT freed 416K, 11% free 10510K/11719K, paused 2ms+2ms
07-05 14:36:56.125   545 15500 I DownloadManager: Initiating request for download 5668
07-05 14:36:56.211   545   548 D dalvikvm: GC_CONCURRENT freed 253K, 9% free 10704K/11719K, paused 2ms+2ms
07-05 14:36:56.336   545   548 D dalvikvm: GC_CONCURRENT freed 312K, 8% free 10887K/11719K, paused 2ms+2ms
07-05 14:36:56.547   545   548 D dalvikvm: GC_CONCURRENT freed 845K, 11% free 10543K/11719K, paused 2ms+2ms
07-05 14:36:56.809   545   548 D dalvikvm: GC_CONCURRENT freed 409K, 11% free 10525K/11719K, paused 2ms+3ms
07-05 14:36:57.071   545   548 D dalvikvm: GC_CONCURRENT freed 403K, 11% free 10512K/11719K, paused 2ms+2ms
07-05 14:36:57.969   545 15503 I DownloadManager: Initiating request for download 5669
07-05 14:36:58.090   545   548 D dalvikvm: GC_CONCURRENT freed 212K, 9% free 10738K/11719K, paused 2ms+3ms
07-05 14:36:58.219   545   548 D dalvikvm: GC_CONCURRENT freed 322K, 7% free 10923K/11719K, paused 2ms+3ms
07-05 14:36:58.453  1370 15505 E DictionaryProvider:UpdateHandler: Can't read a file : android.util.MalformedJsonException: Use JsonReader.setLenient(true) to accept malformed JSON at line 1 column 20
07-05 14:36:58.496   545   548 D dalvikvm: GC_CONCURRENT freed 889K, 10% free 10554K/11719K, paused 2ms+2ms
07-05 14:36:58.774   545   548 D dalvikvm: GC_CONCURRENT freed 424K, 11% free 10521K/11719K, paused 2ms+2ms
07-05 14:36:59.059   545   548 D dalvikvm: GC_CONCURRENT freed 404K, 11% free 10508K/11719K, paused 2ms+2ms
07-05 14:36:59.098   545 15508 I DownloadManager: Initiating request for download 5669
07-05 14:36:59.211   545   548 D dalvikvm: GC_CONCURRENT freed 172K, 9% free 10774K/11719K, paused 2ms+3ms
07-05 14:36:59.336   545   548 D dalvikvm: GC_CONCURRENT freed 340K, 7% free 10950K/11719K, paused 1ms+4ms
07-05 14:36:59.660   545   548 D dalvikvm: GC_CONCURRENT freed 935K, 11% free 10537K/11719K, paused 1ms+2ms
07-05 14:36:59.922   545   548 D dalvikvm: GC_CONCURRENT freed 410K, 11% free 10517K/11719K, paused 2ms+2ms
07-05 14:37:00.180   545 15511 I DownloadManager: Initiating request for download 5670
07-05 14:37:00.258   545   548 D dalvikvm: GC_CONCURRENT freed 327K, 10% free 10632K/11719K, paused 2ms+3ms
07-05 14:37:00.387   545   548 D dalvikvm: GC_CONCURRENT freed 250K, 8% free 10846K/11719K, paused 2ms+3ms
07-05 14:37:00.528   545   548 D dalvikvm: GC_CONCURRENT freed 756K, 10% free 10583K/11719K, paused 2ms+3ms
07-05 14:37:00.653  1370 15513 E DictionaryProvider:UpdateHandler: Can't read a file : android.util.MalformedJsonException: Use JsonReader.setLenient(true) to accept malformed JSON at line 1 column 20
07-05 14:37:00.848   545   548 D dalvikvm: GC_CONCURRENT freed 438K, 11% free 10545K/11719K, paused 1ms+3ms
07-05 14:37:01.129   545   548 D dalvikvm: GC_CONCURRENT freed 416K, 11% free 10519K/11719K, paused 2ms+2ms
07-05 14:37:01.293   545 15516 I DownloadManager: Initiating request for download 5670
07-05 14:37:01.383   156   403 D dalvikvm: GC_EXPLICIT freed 510K, 13% free 14084K/16007K, paused 3ms+5ms
07-05 14:37:01.426   545   548 D dalvikvm: GC_CONCURRENT freed 300K, 10% free 10638K/11719K, paused 1ms+2ms
07-05 14:37:01.547   545   548 D dalvikvm: GC_CONCURRENT freed 253K, 8% free 10848K/11719K, paused 2ms+2ms
07-05 14:37:01.692   545   548 D dalvikvm: GC_CONCURRENT freed 531K, 8% free 10829K/11719K, paused 2ms+3ms
07-05 14:37:02.035   545   548 D dalvikvm: GC_CONCURRENT freed 794K, 11% free 10524K/11719K, paused 2ms+3ms
07-05 14:37:02.305   545   548 D dalvikvm: GC_CONCURRENT freed 408K, 11% free 10507K/11719K, paused 2ms+2ms
07-05 14:37:02.430   545 15519 I DownloadManager: Initiating request for download 5671
07-05 14:37:02.532   545   548 D dalvikvm: GC_CONCURRENT freed 214K, 9% free 10719K/11719K, paused 2ms+2ms
07-05 14:37:02.657   545   548 D dalvikvm: GC_CONCURRENT freed 310K, 8% free 10885K/11719K, paused 2ms+3ms
07-05 14:37:02.867   545   548 D dalvikvm: GC_CONCURRENT freed 852K, 11% free 10534K/11719K, paused 1ms+3ms
07-05 14:37:02.934  1370 15521 E DictionaryProvider:UpdateHandler: Can't read a file : android.util.MalformedJsonException: Use JsonReader.setLenient(true) to accept malformed JSON at line 1 column 20
07-05 14:37:03.008  1370  1372 D dalvikvm: GC_CONCURRENT freed 389K, 7% free 9126K/9735K, paused 2ms+2ms
07-05 14:37:03.203   545   548 D dalvikvm: GC_CONCURRENT freed 400K, 11% free 10525K/11719K, paused 2ms+2ms
07-05 14:37:03.465   545   548 D dalvikvm: GC_CONCURRENT freed 416K, 11% free 10499K/11719K, paused 2ms+2ms
07-05 14:37:03.551   545 15524 I DownloadManager: Initiating request for download 5671
07-05 14:37:03.649   545   548 D dalvikvm: GC_CONCURRENT freed 202K, 9% free 10733K/11719K, paused 1ms+2ms
07-05 14:37:03.778   545   548 D dalvikvm: GC_CONCURRENT freed 328K, 7% free 10907K/11719K, paused 2ms+4ms
07-05 14:37:04.043   545   548 D dalvikvm: GC_CONCURRENT freed 883K, 11% free 10537K/11719K, paused 2ms+2ms
07-05 14:37:04.321   545   548 D dalvikvm: GC_CONCURRENT freed 416K, 11% free 10511K/11719K, paused 2ms+2ms
07-05 14:37:04.578   545   548 D dalvikvm: GC_CONCURRENT freed 399K, 11% free 10503K/11719K, paused 2ms+3ms
07-05 14:37:04.633   545 15527 I DownloadManager: Initiating request for download 5672
07-05 14:37:04.750   545   548 D dalvikvm: GC_CONCURRENT freed 169K, 9% free 10770K/11719K, paused 2ms+3ms
07-05 14:37:04.879   545   548 D dalvikvm: GC_CONCURRENT freed 337K, 7% free 10946K/11719K, paused 2ms+3ms
07-05 14:37:05.067  1370 15529 E DictionaryProvider:UpdateHandler: Can't read a file : android.util.MalformedJsonException: Use JsonReader.setLenient(true) to accept malformed JSON at line 1 column 20
07-05 14:37:05.215   545   548 D dalvikvm: GC_CONCURRENT freed 929K, 11% free 10537K/11719K, paused 2ms+3ms
07-05 14:37:05.477   545   548 D dalvikvm: GC_CONCURRENT freed 417K, 11% free 10511K/11719K, paused 2ms+2ms
07-05 14:37:05.668   545 15532 I DownloadManager: Initiating request for download 5672
07-05 14:37:05.742   545   548 D dalvikvm: GC_CONCURRENT freed 352K, 9% free 10670K/11719K, paused 2ms+4ms
07-05 14:37:05.867   545   548 D dalvikvm: GC_CONCURRENT freed 287K, 8% free 10858K/11719K, paused 2ms+2ms
07-05 14:37:06.039   545   548 D dalvikvm: GC_CONCURRENT freed 773K, 10% free 10578K/11719K, paused 2ms+2ms
07-05 14:37:06.332   545   548 D dalvikvm: GC_CONCURRENT freed 448K, 11% free 10528K/11719K, paused 2ms+2ms
07-05 14:37:06.598   545   548 D dalvikvm: GC_CONCURRENT freed 411K, 11% free 10508K/11719K, paused 1ms+2ms
07-05 14:37:06.770   545 15535 I DownloadManager: Initiating request for download 5673
07-05 14:37:06.856   545   548 D dalvikvm: GC_CONCURRENT freed 242K, 9% free 10702K/11719K, paused 2ms+3ms
07-05 14:37:06.989   545   548 D dalvikvm: GC_CONCURRENT freed 339K, 7% free 10905K/11719K, paused 2ms+3ms
07-05 14:37:07.200  1370 15537 E DictionaryProvider:UpdateHandler: Can't read a file : android.util.MalformedJsonException: Use JsonReader.setLenient(true) to accept malformed JSON at line 1 column 20
07-05 14:37:07.266   545   548 D dalvikvm: GC_CONCURRENT freed 877K, 10% free 10552K/11719K, paused 2ms+2ms
07-05 14:37:07.528   545   548 D dalvikvm: GC_CONCURRENT freed 425K, 11% free 10518K/11719K, paused 1ms+3ms
07-05 14:37:07.797   545   548 D dalvikvm: GC_CONCURRENT freed 403K, 11% free 10506K/11719K, paused 2ms+2ms
07-05 14:37:07.860   545 15540 I DownloadManager: Initiating request for download 5673
07-05 14:37:07.961   545   548 D dalvikvm: GC_CONCURRENT freed 191K, 9% free 10750K/11719K, paused 2ms+3ms
07-05 14:37:08.094   545   548 D dalvikvm: GC_CONCURRENT freed 328K, 7% free 10936K/11719K, paused 2ms+3ms
07-05 14:37:08.391   545   548 D dalvikvm: GC_CONCURRENT freed 915K, 11% free 10534K/11719K, paused 2ms+2ms
07-05 14:37:08.660   545   548 D dalvikvm: GC_CONCURRENT freed 406K, 11% free 10515K/11719K, paused 2ms+2ms
07-05 14:37:08.938   545 15543 I DownloadManager: Initiating request for download 5674
07-05 14:37:08.957   545   548 D dalvikvm: GC_CONCURRENT freed 399K, 11% free 10525K/11719K, paused 2ms+3ms
07-05 14:37:09.094   545   548 D dalvikvm: GC_CONCURRENT freed 171K, 8% free 10790K/11719K, paused 2ms+2ms
07-05 14:37:09.219   545   548 D dalvikvm: GC_CONCURRENT freed 328K, 7% free 10953K/11719K, paused 2ms+3ms
07-05 14:37:09.391  1370 15545 E DictionaryProvider:UpdateHandler: Can't read a file : android.util.MalformedJsonException: Use JsonReader.setLenient(true) to accept malformed JSON at line 1 column 20
07-05 14:37:09.559   545   548 D dalvikvm: GC_CONCURRENT freed 936K, 11% free 10541K/11719K, paused 2ms+3ms
07-05 14:37:09.844   545   548 D dalvikvm: GC_CONCURRENT freed 416K, 11% free 10515K/11719K, paused 2ms+3ms
07-05 14:37:10.032   545 15548 I DownloadManager: Initiating request for download 5674
07-05 14:37:10.098   545   548 D dalvikvm: GC_CONCURRENT freed 324K, 9% free 10683K/11719K, paused 1ms+3ms
07-05 14:37:10.223   545   548 D dalvikvm: GC_CONCURRENT freed 298K, 8% free 10871K/11719K, paused 2ms+2ms
07-05 14:37:10.410   545   548 D dalvikvm: GC_CONCURRENT freed 789K, 10% free 10580K/11719K, paused 2ms+2ms
07-05 14:37:10.696   545   548 D dalvikvm: GC_CONCURRENT freed 445K, 11% free 10532K/11719K, paused 2ms+2ms
07-05 14:37:10.965   545   548 D dalvikvm: GC_CONCURRENT freed 411K, 11% free 10519K/11719K, paused 2ms+3ms
07-05 14:37:11.102   545 15551 I DownloadManager: Initiating request for download 5675
07-05 14:37:11.203   545   548 D dalvikvm: GC_CONCURRENT freed 238K, 9% free 10720K/11719K, paused 2ms+2ms
07-05 14:37:11.328   545   548 D dalvikvm: GC_CONCURRENT freed 325K, 8% free 10893K/11719K, paused 2ms+2ms
07-05 14:37:11.535   545   548 D dalvikvm: GC_CONCURRENT freed 821K, 10% free 10576K/11719K, paused 2ms+2ms
07-05 14:37:11.598  1370 15553 E DictionaryProvider:UpdateHandler: Can't read a file : android.util.MalformedJsonException: Use JsonReader.setLenient(true) to accept malformed JSON at line 1 column 20
07-05 14:37:11.676  1370  1372 D dalvikvm: GC_CONCURRENT freed 391K, 7% free 9126K/9735K, paused 2ms+6ms
07-05 14:37:11.871   545   548 D dalvikvm: GC_CONCURRENT freed 439K, 11% free 10534K/11719K, paused 2ms+2ms
07-05 14:37:12.145   545   548 D dalvikvm: GC_CONCURRENT freed 413K, 11% free 10512K/11719K, paused 1ms+2ms
07-05 14:37:12.235   545 15556 I DownloadManager: Initiating request for download 5675
07-05 14:37:12.325   545   548 D dalvikvm: GC_CONCURRENT freed 195K, 9% free 10734K/11719K, paused 2ms+2ms
07-05 14:37:12.453   545   548 D dalvikvm: GC_CONCURRENT freed 314K, 7% free 10913K/11719K, paused 1ms+3ms
07-05 14:37:12.688   545   548 D dalvikvm: GC_CONCURRENT freed 879K, 11% free 10546K/11719K, paused 2ms+2ms
07-05 14:37:12.965   545   548 D dalvikvm: GC_CONCURRENT freed 407K, 11% free 10529K/11719K, paused 2ms+3ms
07-05 14:37:13.235   545   548 D dalvikvm: GC_CONCURRENT freed 410K, 11% free 10510K/11719K, paused 2ms+3ms
07-05 14:37:13.332   545 15559 I DownloadManager: Initiating request for download 5676
07-05 14:37:13.442   545   548 D dalvikvm: GC_CONCURRENT freed 182K, 9% free 10764K/11719K, paused 2ms+2ms
07-05 14:37:13.571   545   548 D dalvikvm: GC_CONCURRENT freed 332K, 7% free 10945K/11719K, paused 2ms+3ms
07-05 14:37:13.770  1370 15561 E DictionaryProvider:UpdateHandler: Can't read a file : android.util.MalformedJsonException: Use JsonReader.setLenient(true) to accept malformed JSON at line 1 column 20
07-05 14:37:13.899   545   548 D dalvikvm: GC_CONCURRENT freed 917K, 10% free 10556K/11719K, paused 2ms+2ms
07-05 14:37:14.160   545   548 D dalvikvm: GC_CONCURRENT freed 421K, 11% free 10524K/11719K, paused 2ms+2ms
07-05 14:37:14.383   545 15564 I DownloadManager: Initiating request for download 5676
07-05 14:37:14.450   545   548 D dalvikvm: GC_CONCURRENT freed 402K, 10% free 10604K/11719K, paused 2ms+3ms
07-05 14:37:14.563   545   548 D dalvikvm: GC_CONCURRENT freed 211K, 8% free 10828K/11719K, paused 2ms+2ms
07-05 14:37:14.703   545   548 D dalvikvm: GC_CONCURRENT freed 468K, 8% free 10850K/11719K, paused 2ms+2ms
07-05 14:37:15.020   545   548 D dalvikvm: GC_CONCURRENT freed 800K, 11% free 10539K/11719K, paused 2ms+2ms
07-05 14:37:15.293   545   548 D dalvikvm: GC_CONCURRENT freed 409K, 11% free 10520K/11719K, paused 2ms+2ms
07-05 14:37:15.492   545 15567 I DownloadManager: Initiating request for download 5677
07-05 14:37:15.571   545   548 D dalvikvm: GC_CONCURRENT freed 274K, 9% free 10692K/11719K, paused 2ms+3ms
07-05 14:37:15.707   545   548 D dalvikvm: GC_CONCURRENT freed 303K, 7% free 10933K/11719K, paused 2ms+2ms
07-05 14:37:15.918   545   548 D dalvikvm: GC_CONCURRENT freed 900K, 10% free 10552K/11719K, paused 2ms+2ms
07-05 14:37:15.961  1370 15569 E DictionaryProvider:UpdateHandler: Can't read a file : android.util.MalformedJsonException: Use JsonReader.setLenient(true) to accept malformed JSON at line 1 column 20
07-05 14:37:15.985   545 15571 I DownloadManager: in removeSpuriousFiles
07-05 14:37:16.082   545   548 D dalvikvm: GC_CONCURRENT freed 261K, 8% free 10803K/11719K, paused 2ms+3ms
07-05 14:37:16.133   545 15571 I DownloadManager: in removeSpuriousFiles, preserving file /data/data/com.android.providers.downloads/cache/metadata-23.htm
07-05 14:37:16.133   545 15571 I DownloadManager: in removeSpuriousFiles, preserving file /data/data/com.android.providers.downloads/cache/metadata-35.htm
07-05 14:37:16.133   545 15571 I DownloadManager: in removeSpuriousFiles, preserving file /data/data/com.android.providers.downloads/cache/metadata-46.htm
07-05 14:37:16.133   545 15571 I DownloadManager: in removeSpuriousFiles, preserving file /data/data/com.android.providers.downloads/cache/metadata-69.htm
07-05 14:37:16.137   545 15571 I DownloadManager: in removeSpuriousFiles, preserving file /data/data/com.android.providers.downloads/cache/metadata-285.htm
07-05 14:37:16.137   545 15571 I DownloadManager: in removeSpuriousFiles, preserving file /data/data/com.android.providers.downloads/cache/metadata-49.htm
07-05 14:37:16.137   545 15571 I DownloadManager: in removeSpuriousFiles, preserving file /data/data/com.android.providers.downloads/cache/metadata-267.htm
07-05 14:37:16.137   545 15571 I DownloadManager: in removeSpuriousFiles, preserving file /data/data/com.android.providers.downloads/cache/metadata-290.htm
07-05 14:37:16.137   545 15571 I DownloadManager: in removeSpuriousFiles, preserving file /data/data/com.android.providers.downloads/cache/metadata-607.htm
07-05 14:37:16.137   545 15571 I DownloadManager: in removeSpuriousFiles, preserving file /data/data/com.android.providers.downloads/cache/metadata-534.htm
07-05 14:37:16.137   545 15571 I DownloadManager: in removeSpuriousFiles, preserving file /data/data/com.android.providers.downloads/cache/metadata-56.htm
07-05 14:37:16.137   545 15571 I DownloadManager: in removeSpuriousFiles, preserving file /data/data/com.android.providers.downloads/cache/metadata-471.htm
07-05 14:37:16.137   545 15571 I DownloadManager: in removeSpuriousFiles, preserving file /data/data/com.android.providers.downloads/cache/metadata-1142.htm
07-05 14:37:16.137   545 15571 I DownloadManager: in removeSpuriousFiles, preserving file /data/data/com.android.providers.downloads/cache/metadata-309.htm
07-05 14:37:16.141   545 15571 I DownloadManager: in removeSpuriousFiles, preserving file /data/data/com.android.providers.downloads/cache/metadata-253.htm
07-05 14:37:16.141   545 15571 I DownloadManager: in removeSpuriousFiles, preserving file /data/data/com.android.providers.downloads/cache/metadata-1388.htm
07-05 14:37:16.141   545 15571 I DownloadManager: in removeSpuriousFiles, preserving file /data/data/com.android.providers.downloads/cache/metadata-962.htm
07-05 14:37:16.141   545 15571 I DownloadManager: in removeSpuriousFiles, preserving file /data/data/com.android.providers.downloads/cache/metadata-134.htm
07-05 14:37:16.141   545 15571 I DownloadManager: in removeSpuriousFiles, preserving file /data/data/com.android.providers.downloads/cache/metadata-449.htm
07-05 14:37:16.141   545 15571 I DownloadManager: in removeSpuriousFiles, preserving file /data/data/com.android.providers.downloads/cache/metadata-258.htm
07-05 14:37:16.141   545 15571 I DownloadManager: in removeSpuriousFiles, preserving file /data/data/com.android.providers.downloads/cache/metadata-200.htm
07-05 14:37:16.145   545 15571 I DownloadManager: in removeSpuriousFiles, preserving file /data/data/com.android.providers.downloads/cache/metadata-2170.htm
07-05 14:37:16.145   545 15571 I DownloadManager: in removeSpuriousFiles, preserving file /data/data/com.android.providers.downloads/cache/metadata-95.htm
07-05 14:37:16.145   545 15571 I DownloadManager: in removeSpuriousFiles, preserving file /data/data/com.android.providers.downloads/cache/metadata-223.htm
07-05 14:37:16.145   545 15571 I DownloadManager: in removeSpuriousFiles, preserving file /data/data/com.android.providers.downloads/cache/metadata-936.htm
07-05 14:37:16.145   545 15571 I DownloadManager: in removeSpuriousFiles, preserving file /data/data/com.android.providers.downloads/cache/metadata-110.htm
07-05 14:37:16.145   545 15571 I DownloadManager: in removeSpuriousFiles, preserving file /data/data/com.android.providers.downloads/cache/metadata-389.htm
07-05 14:37:16.145   545 15571 I DownloadManager: in removeSpuriousFiles, preserving file /data/data/com.android.providers.downloads/cache/metadata-279.htm
07-05 14:37:16.149   545 15571 I DownloadManager: in removeSpuriousFiles, preserving file /data/data/com.android.providers.downloads/cache/metadata-2055.htm
07-05 14:37:16.149   545 15571 I DownloadManager: in removeSpuriousFiles, preserving file /data/data/com.android.providers.downloads/cache/metadata-553.htm
07-05 14:37:16.149   545 15571 I DownloadManager: in removeSpuriousFiles, preserving file /data/data/com.android.providers.downloads/cache/metadata-444.htm
07-05 14:37:16.149   545 15571 I DownloadManager: in removeSpuriousFiles, preserving file /data/data/com.android.providers.downloads/cache/metadata-520.htm
07-05 14:37:16.149   545 15571 I DownloadManager: in removeSpuriousFiles, preserving file /data/data/com.android.providers.downloads/cache/metadata-384.htm
07-05 14:37:16.149   545 15571 I DownloadManager: in removeSpuriousFiles, preserving file /data/data/com.android.providers.downloads/cache/metadata-456.htm
07-05 14:37:16.153   545 15571 I DownloadManager: in removeSpuriousFiles, preserving file /data/data/com.android.providers.downloads/cache/metadata-448.htm
07-05 14:37:16.153   545 15571 I DownloadManager: in removeSpuriousFiles, preserving file /data/data/com.android.providers.downloads/cache/metadata-122.htm
07-05 14:37:16.153   545 15571 I DownloadManager: in removeSpuriousFiles, preserving file /data/data/com.android.providers.downloads/cache/metadata-195.htm
07-05 14:37:16.153   545 15571 I DownloadManager: in removeSpuriousFiles, preserving file /data/data/com.android.providers.downloads/cache/metadata-452.htm
07-05 14:37:16.153   545 15571 I DownloadManager: in removeSpuriousFiles, preserving file /data/data/com.android.providers.downloads/cache/metadata-454.htm
07-05 14:37:16.157   545 15571 I DownloadManager: in removeSpuriousFiles, preserving file /data/data/com.android.providers.downloads/cache/metadata-433.htm
07-05 14:37:16.157   545 15571 I DownloadManager: in removeSpuriousFiles, preserving file /data/data/com.android.providers.downloads/cache/metadata-98.htm
07-05 14:37:16.157   545 15571 I DownloadManager: in removeSpuriousFiles, preserving file /data/data/com.android.providers.downloads/cache/metadata-337.htm
07-05 14:37:16.157   545 15571 I DownloadManager: in removeSpuriousFiles, preserving file /data/data/com.android.providers.downloads/cache/metadata-1061.htm
07-05 14:37:16.157   545 15571 I DownloadManager: in removeSpuriousFiles, preserving file /data/data/com.android.providers.downloads/cache/metadata-282.htm
07-05 14:37:16.160   545 15571 I DownloadManager: in removeSpuriousFiles, preserving file /data/data/com.android.providers.downloads/cache/metadata-74.htm
07-05 14:37:16.160   545 15571 I DownloadManager: in removeSpuriousFiles, preserving file /data/data/com.android.providers.downloads/cache/metadata-697.htm
07-05 14:37:16.160   545 15571 I DownloadManager: in removeSpuriousFiles, preserving file /data/data/com.android.providers.downloads/cache/metadata-685.htm
07-05 14:37:16.160   545 15571 I DownloadManager: in removeSpuriousFiles, preserving file /data/data/com.android.providers.downloads/cache/metadata-2020.htm
07-05 14:37:16.160   545 15571 I DownloadManager: in removeSpuriousFiles, preserving file /data/data/com.android.providers.downloads/cache/metadata-1597.htm
07-05 14:37:16.160   545 15571 I DownloadManager: in removeSpuriousFiles, preserving file /data/data/com.android.providers.downloads/cache/metadata-628.htm
07-05 14:37:16.164   545 15571 I DownloadManager: in removeSpuriousFiles, preserving file /data/data/com.android.providers.downloads/cache/metadata-2484.htm
07-05 14:37:16.164   545 15571 I DownloadManager: in removeSpuriousFiles, preserving file /data/data/com.android.providers.downloads/cache/metadata-1442.htm
07-05 14:37:16.164   545 15571 I DownloadManager: in removeSpuriousFiles, preserving file /data/data/com.android.providers.downloads/cache/metadata-807.htm
07-05 14:37:16.164   545 15571 I DownloadManager: in removeSpuriousFiles, preserving file /data/data/com.android.providers.downloads/cache/metadata-260.htm
07-05 14:37:16.164   545 15571 I DownloadManager: in removeSpuriousFiles, preserving file /data/data/com.android.providers.downloads/cache/metadata-378.htm
07-05 14:37:16.168   545 15571 I DownloadManager: in removeSpuriousFiles, preserving file /data/data/com.android.providers.downloads/cache/metadata-1350.htm
07-05 14:37:16.168   545 15571 I DownloadManager: in removeSpuriousFiles, preserving file /data/data/com.android.providers.downloads/cache/metadata-2337.htm
07-05 14:37:16.168   545 15571 I DownloadManager: in removeSpuriousFiles, preserving file /data/data/com.android.providers.downloads/cache/metadata-571.htm
07-05 14:37:16.168   545 15571 I DownloadManager: in removeSpuriousFiles, preserving file /data/data/com.android.providers.downloads/cache/metadata-693.htm
07-05 14:37:16.168   545 15571 I DownloadManager: in removeSpuriousFiles, preserving file /data/data/com.android.providers.downloads/cache/metadata-554.htm
07-05 14:37:16.172   545 15571 I DownloadManager: in removeSpuriousFiles, preserving file /data/data/com.android.providers.downloads/cache/metadata-244.htm
07-05 14:37:16.180   545 15571 I DownloadManager: in removeSpuriousFiles, preserving file /data/data/com.android.providers.downloads/cache/metadata-1318.htm
07-05 14:37:16.180   545 15571 I DownloadManager: in removeSpuriousFiles, preserving file /data/data/com.android.providers.downloads/cache/metadata-679.htm
07-05 14:37:16.180   545 15571 I DownloadManager: in removeSpuriousFiles, preserving file /data/data/com.android.providers.downloads/cache/metadata-355.htm
07-05 14:37:16.180   545 15571 I DownloadManager: in removeSpuriousFiles, preserving file /data/data/com.android.providers.downloads/cache/metadata-1189.htm
07-05 14:37:16.184   545 15571 I DownloadManager: in removeSpuriousFiles, preserving file /data/data/com.android.providers.downloads/cache/metadata-391.htm
07-05 14:37:16.184   545 15571 I DownloadManager: in removeSpuriousFiles, preserving file /data/data/com.android.providers.downloads/cache/metadata-533.htm
07-05 14:37:16.184   545 15571 I DownloadManager: in removeSpuriousFiles, preserving file /data/data/com.android.providers.downloads/cache/metadata-2024.htm
07-05 14:37:16.184   545 15571 I DownloadManager: in removeSpuriousFiles, preserving file /data/data/com.android.providers.downloads/cache/metadata-563.htm
07-05 14:37:16.188   545 15571 I DownloadManager: in removeSpuriousFiles, preserving file /data/data/com.android.providers.downloads/cache/metadata-423.htm
07-05 14:37:16.188   545 15571 I DownloadManager: in removeSpuriousFiles, preserving file /data/data/com.android.providers.downloads/cache/metadata-588.htm
07-05 14:37:16.188   545 15571 I DownloadManager: in removeSpuriousFiles, preserving file /data/data/com.android.providers.downloads/cache/metadata-2022.htm
07-05 14:37:16.188   545 15571 I DownloadManager: in removeSpuriousFiles, preserving file /data/data/com.android.providers.downloads/cache/metadata-1454.htm
07-05 14:37:16.188   545 15571 I DownloadManager: in removeSpuriousFiles, preserving file /data/data/com.android.providers.downloads/cache/metadata-577.htm
07-05 14:37:16.192   545 15571 I DownloadManager: in removeSpuriousFiles, preserving file /data/data/com.android.providers.downloads/cache/metadata-111.htm
07-05 14:37:16.192   545 15571 I DownloadManager: in removeSpuriousFiles, preserving file /data/data/com.android.providers.downloads/cache/metadata-1929.htm
07-05 14:37:16.192   545 15571 I DownloadManager: in removeSpuriousFiles, preserving file /data/data/com.android.providers.downloads/cache/metadata-2322.htm
07-05 14:37:16.192   545 15571 I DownloadManager: in removeSpuriousFiles, preserving file /data/data/com.android.providers.downloads/cache/metadata-302.htm
07-05 14:37:16.196   545 15571 I DownloadManager: in removeSpuriousFiles, preserving file /data/data/com.android.providers.downloads/cache/metadata-1284.htm
07-05 14:37:16.196   545 15571 I DownloadManager: in removeSpuriousFiles, preserving file /data/data/com.android.providers.downloads/cache/metadata-974.htm
07-05 14:37:16.196   545 15571 I DownloadManager: in removeSpuriousFiles, preserving file /data/data/com.android.providers.downloads/cache/metadata-1517.htm
07-05 14:37:16.196   545 15571 I DownloadManager: in removeSpuriousFiles, preserving file /data/data/com.android.providers.downloads/cache/metadata-1162.htm
07-05 14:37:16.196   545 15571 I DownloadManager: in removeSpuriousFiles, preserving file /data/data/com.android.providers.downloads/cache/metadata-1179.htm
07-05 14:37:16.200   545 15571 I DownloadManager: in removeSpuriousFiles, preserving file /data/data/com.android.providers.downloads/cache/metadata-662.htm
07-05 14:37:16.200   545 15571 I DownloadManager: in removeSpuriousFiles, preserving file /data/data/com.android.providers.downloads/cache/metadata-689.htm
07-05 14:37:16.200   545 15571 I DownloadManager: in removeSpuriousFiles, preserving file /data/data/com.android.providers.downloads/cache/metadata-339.htm
07-05 14:37:16.200   545 15571 I DownloadManager: in removeSpuriousFiles, preserving file /data/data/com.android.providers.downloads/cache/metadata-591.htm
07-05 14:37:16.203   545 15571 I DownloadManager: in removeSpuriousFiles, preserving file /data/data/com.android.providers.downloads/cache/metadata-487.htm
07-05 14:37:16.203   545 15571 I DownloadManager: in removeSpuriousFiles, preserving file /data/data/com.android.providers.downloads/cache/metadata-1054.htm
07-05 14:37:16.203   545 15571 I DownloadManager: in removeSpuriousFiles, preserving file /data/data/com.android.providers.downloads/cache/metadata-833.htm
07-05 14:37:16.203   545 15571 I DownloadManager: in removeSpuriousFiles, preserving file /data/data/com.android.providers.downloads/cache/metadata-595.htm
07-05 14:37:16.207   545 15571 I DownloadManager: in removeSpuriousFiles, preserving file /data/data/com.android.providers.downloads/cache/metadata-566.htm
07-05 14:37:16.207   545 15571 I DownloadManager: in removeSpuriousFiles, preserving file /data/data/com.android.providers.downloads/cache/metadata-728.htm
07-05 14:37:16.207   545 15571 I DownloadManager: in removeSpuriousFiles, preserving file /data/data/com.android.providers.downloads/cache/metadata-1269.htm
07-05 14:37:16.207   545 15571 I DownloadManager: in removeSpuriousFiles, preserving file /data/data/com.android.providers.downloads/cache/metadata-1744.htm
07-05 14:37:16.211   545 15571 I DownloadManager: in removeSpuriousFiles, preserving file /data/data/com.android.providers.downloads/cache/metadata-3026.htm
07-05 14:37:16.215   545 15571 I DownloadManager: in removeSpuriousFiles, preserving file /data/data/com.android.providers.downloads/cache/metadata-740.htm
07-05 14:37:16.227   545 15571 I DownloadManager: in removeSpuriousFiles, preserving file /data/data/com.android.providers.downloads/cache/metadata-968.htm
07-05 14:37:16.231   545 15571 I DownloadManager: in removeSpuriousFiles, preserving file /data/data/com.android.providers.downloads/cache/metadata-458.htm
07-05 14:37:16.231   545 15571 I DownloadManager: in removeSpuriousFiles, preserving file /data/data/com.android.providers.downloads/cache/metadata-1273.htm
07-05 14:37:16.231   545 15571 I DownloadManager: in removeSpuriousFiles, preserving file /data/data/com.android.providers.downloads/cache/metadata-1586.htm
07-05 14:37:16.239   545 15571 I DownloadManager: in removeSpuriousFiles, preserving file /data/data/com.android.providers.downloads/cache/metadata-2291.htm
07-05 14:37:16.242   545 15571 I DownloadManager: in removeSpuriousFiles, preserving file /data/data/com.android.providers.downloads/cache/metadata-1010.htm
07-05 14:37:16.242   545 15571 I DownloadManager: in removeSpuriousFiles, preserving file /data/data/com.android.providers.downloads/cache/metadata-1172.htm
07-05 14:37:16.242   545 15571 I DownloadManager: in removeSpuriousFiles, preserving file /data/data/com.android.providers.downloads/cache/metadata-1450.htm
07-05 14:37:16.246   545 15571 I DownloadManager: in removeSpuriousFiles, preserving file /data/data/com.android.providers.downloads/cache/metadata-1857.htm
07-05 14:37:16.250   545 15571 I DownloadManager: in removeSpuriousFiles, preserving file /data/data/com.android.providers.downloads/cache/metadata-1209.htm
07-05 14:37:16.254   545 15571 I DownloadManager: in removeSpuriousFiles, preserving file /data/data/com.android.providers.downloads/cache/metadata-2801.htm
07-05 14:37:16.254   545 15571 I DownloadManager: in removeSpuriousFiles, preserving file /data/data/com.android.providers.downloads/cache/metadata-813.htm
07-05 14:37:16.258   545 15571 I DownloadManager: in removeSpuriousFiles, preserving file /data/data/com.android.providers.downloads/cache/metadata-1083.htm
07-05 14:37:16.258   545 15571 I DownloadManager: in removeSpuriousFiles, preserving file /data/data/com.android.providers.downloads/cache/metadata-574.htm
07-05 14:37:16.262   545 15571 I DownloadManager: in removeSpuriousFiles, preserving file /data/data/com.android.providers.downloads/cache/metadata-1390.htm
07-05 14:37:16.266   545 15571 I DownloadManager: in removeSpuriousFiles, preserving file /data/data/com.android.providers.downloads/cache/metadata-2266.htm
07-05 14:37:16.270   545 15571 I DownloadManager: in removeSpuriousFiles, preserving file /data/data/com.android.providers.downloads/cache/metadata-512.htm
07-05 14:37:16.270   545 15571 I DownloadManager: in removeSpuriousFiles, preserving file /data/data/com.android.providers.downloads/cache/metadata-1896.htm
07-05 14:37:16.285   545 15571 I DownloadManager: in removeSpuriousFiles, preserving file /data/data/com.android.providers.downloads/cache/metadata-855.htm
07-05 14:37:16.285   545 15571 I DownloadManager: in removeSpuriousFiles, preserving file /data/data/com.android.providers.downloads/cache/metadata-9.htm
07-05 14:37:16.285   545 15571 I DownloadManager: in removeSpuriousFiles, preserving file /data/data/com.android.providers.downloads/cache/metadata-34.htm
07-05 14:37:16.285   545 15571 I DownloadManager: in removeSpuriousFiles, preserving file /data/data/com.android.providers.downloads/cache/metadata-8.htm
07-05 14:37:16.285   545 15571 I DownloadManager: in removeSpuriousFiles, preserving file /data/data/com.android.providers.downloads/cache/metadata-15.htm
07-05 14:37:16.289   545   548 D dalvikvm: GC_CONCURRENT freed 468K, 8% free 10823K/11719K, paused 2ms+2ms
07-05 14:37:16.289   545 15571 I DownloadManager: in removeSpuriousFiles, preserving file /data/data/com.android.providers.downloads/cache/metadata-36.htm
07-05 14:37:16.289   545 15571 I DownloadManager: in removeSpuriousFiles, preserving file /data/data/com.android.providers.downloads/cache/metadata-47.htm
07-05 14:37:16.289   545 15571 I DownloadManager: in removeSpuriousFiles, preserving file /data/data/com.android.providers.downloads/cache/metadata-420.htm
07-05 14:37:16.293   545 15571 I DownloadManager: in removeSpuriousFiles, preserving file /data/data/com.android.providers.downloads/cache/metadata-55.htm
07-05 14:37:16.293   545 15571 I DownloadManager: in removeSpuriousFiles, preserving file /data/data/com.android.providers.downloads/cache/metadata-431.htm
07-05 14:37:16.293   545 15571 I DownloadManager: in removeSpuriousFiles, preserving file /data/data/com.android.providers.downloads/cache/metadata-496.htm
07-05 14:37:16.293   545 15571 I DownloadManager: in removeSpuriousFiles, preserving file /data/data/com.android.providers.downloads/cache/metadata-41.htm
07-05 14:37:16.293   545 15571 I DownloadManager: in removeSpuriousFiles, preserving file /data/data/com.android.providers.downloads/cache/metadata-559.htm
07-05 14:37:16.293   545 15571 I DownloadManager: in removeSpuriousFiles, preserving file /data/data/com.android.providers.downloads/cache/metadata-624.htm
07-05 14:37:16.293   545 15571 I DownloadManager: in removeSpuriousFiles, preserving file /data/data/com.android.providers.downloads/cache/metadata-58.htm
07-05 14:37:16.293   545 15571 I DownloadManager: in removeSpuriousFiles, preserving file /data/data/com.android.providers.downloads/cache/metadata-1290.htm
07-05 14:37:16.297   545 15571 I DownloadManager: in removeSpuriousFiles, preserving file /data/data/com.android.providers.downloads/cache/metadata-1901.htm
07-05 14:37:16.297   545 15571 I DownloadManager: in removeSpuriousFiles, preserving file /data/data/com.android.providers.downloads/cache/metadata-823.htm
07-05 14:37:16.309   545 15571 I DownloadManager: in removeSpuriousFiles, preserving file /data/data/com.android.providers.downloads/cache/metadata-575.htm
07-05 14:37:16.309   545 15571 I DownloadManager: in removeSpuriousFiles, preserving file /data/data/com.android.providers.downloads/cache/metadata-1177.htm
07-05 14:37:16.309   545 15571 I DownloadManager: in removeSpuriousFiles, preserving file /data/data/com.android.providers.downloads/cache/metadata-341.htm
07-05 14:37:16.309   545 15571 I DownloadManager: in removeSpuriousFiles, preserving file /data/data/com.android.providers.downloads/cache/metadata-564.htm
07-05 14:37:16.309   545 15571 I DownloadManager: in removeSpuriousFiles, preserving file /data/data/com.android.providers.downloads/cache/metadata-581.htm
07-05 14:37:16.309   545 15571 I DownloadManager: in removeSpuriousFiles, preserving file /data/data/com.android.providers.downloads/cache/metadata-549.htm
07-05 14:37:16.309   545 15571 I DownloadManager: in removeSpuriousFiles, preserving file /data/data/com.android.providers.downloads/cache/metadata-1115.htm
07-05 14:37:16.309   545 15571 I DownloadManager: in removeSpuriousFiles, preserving file /data/data/com.android.providers.downloads/cache/metadata-543.htm
07-05 14:37:16.313   545 15571 I DownloadManager: in removeSpuriousFiles, preserving file /data/data/com.android.providers.downloads/cache/metadata-1254.htm
07-05 14:37:16.313   545 15571 I DownloadManager: in removeSpuriousFiles, preserving file /data/data/com.android.providers.downloads/cache/metadata-214.htm
07-05 14:37:16.313   545 15571 I DownloadManager: in removeSpuriousFiles, preserving file /data/data/com.android.providers.downloads/cache/metadata-1248.htm
07-05 14:37:16.313   545 15571 I DownloadManager: in removeSpuriousFiles, preserving file /data/data/com.android.providers.downloads/cache/metadata-816.htm
07-05 14:37:16.313   545 15571 I DownloadManager: in removeSpuriousFiles, preserving file /data/data/com.android.providers.downloads/cache/metadata-464.htm
07-05 14:37:16.313   545 15571 I DownloadManager: in removeSpuriousFiles, preserving file /data/data/com.android.providers.downloads/cache/metadata-425.htm
07-05 14:37:16.317   545 15571 I DownloadManager: in removeSpuriousFiles, preserving file /data/data/com.android.providers.downloads/cache/metadata-376.htm
07-05 14:37:16.317   545 15571 I DownloadManager: in removeSpuriousFiles, preserving file /data/data/com.android.providers.downloads/cache/metadata-414.htm
07-05 14:37:16.317   545 15571 I DownloadManager: in removeSpuriousFiles, preserving file /data/data/com.android.providers.downloads/cache/metadata-1295.htm
07-05 14:37:16.317   545 15571 I DownloadManager: in removeSpuriousFiles, preserving file /data/data/com.android.providers.downloads/cache/metadata-928.htm
07-05 14:37:16.317   545 15571 I DownloadManager: in removeSpuriousFiles, preserving file /data/data/com.android.providers.downloads/cache/metadata-674.htm
07-05 14:37:16.317   545 15571 I DownloadManager: in removeSpuriousFiles, preserving file /data/data/com.android.providers.downloads/cache/metadata-964.htm
07-05 14:37:16.321   545 15571 I DownloadManager: in removeSpuriousFiles, preserving file /data/data/com.android.providers.downloads/cache/metadata-222.htm
07-05 14:37:16.321   545 15571 I DownloadManager: in removeSpuriousFiles, preserving file /data/data/com.android.providers.downloads/cache/metadata-545.htm
07-05 14:37:16.325   545 15571 I DownloadManager: in removeSpuriousFiles, preserving file /data/data/com.android.providers.downloads/cache/metadata-443.htm
07-05 14:37:16.325   545 15571 I DownloadManager: in removeSpuriousFiles, preserving file /data/data/com.android.providers.downloads/cache/metadata-342.htm
07-05 14:37:16.325   545 15571 I DownloadManager: in removeSpuriousFiles, preserving file /data/data/com.android.providers.downloads/cache/metadata-2310.htm
07-05 14:37:16.325   545 15571 I DownloadManager: in removeSpuriousFiles, preserving file /data/data/com.android.providers.downloads/cache/metadata-1199.htm
07-05 14:37:16.325   545 15571 I DownloadManager: in removeSpuriousFiles, preserving file /data/data/com.android.providers.downloads/cache/metadata-2476.htm
07-05 14:37:16.328   545 15571 I DownloadManager: in removeSpuriousFiles, preserving file /data/data/com.android.providers.downloads/cache/metadata-407.htm
07-05 14:37:16.328   545 15571 I DownloadManager: in removeSpuriousFiles, preserving file /data/data/com.android.providers.downloads/cache/metadata-631.htm
07-05 14:37:16.328   545 15571 I DownloadManager: in removeSpuriousFiles, preserving file /data/data/com.android.providers.downloads/cache/metadata-1006.htm
07-05 14:37:16.328   545 15571 I DownloadManager: in removeSpuriousFiles, preserving file /data/data/com.android.providers.downloads/cache/metadata-1349.htm
07-05 14:37:16.328   545 15571 I DownloadManager: in removeSpuriousFiles, preserving file /data/data/com.android.providers.downloads/cache/metadata-1686.htm
07-05 14:37:16.328   545 15571 I DownloadManager: in removeSpuriousFiles, preserving file /data/data/com.android.providers.downloads/cache/metadata-854.htm
07-05 14:37:16.332   545 15571 I DownloadManager: in removeSpuriousFiles, preserving file /data/data/com.android.providers.downloads/cache/metadata-131.htm
07-05 14:37:16.332   545 15571 I DownloadManager: in removeSpuriousFiles, preserving file /data/data/com.android.providers.downloads/cache/metadata-352.htm
07-05 14:37:16.332   545 15571 I DownloadManager: in removeSpuriousFiles, preserving file /data/data/com.android.providers.downloads/cache/metadata-630.htm
07-05 14:37:16.332   545 15571 I DownloadManager: in removeSpuriousFiles, preserving file /data/data/com.android.providers.downloads/cache/metadata-971.htm
07-05 14:37:16.332   545 15571 I DownloadManager: in removeSpuriousFiles, preserving file /data/data/com.android.providers.downloads/cache/metadata-1228.htm
07-05 14:37:16.336   545 15571 I DownloadManager: in removeSpuriousFiles, preserving file /data/data/com.android.providers.downloads/cache/metadata-278.htm
07-05 14:37:16.336   545 15571 I DownloadManager: in removeSpuriousFiles, preserving file /data/data/com.android.providers.downloads/cache/metadata-858.htm
07-05 14:37:16.336   545 15571 I DownloadManager: in removeSpuriousFiles, preserving file /data/data/com.android.providers.downloads/cache/metadata-826.htm
07-05 14:37:16.336   545 15571 I DownloadManager: in removeSpuriousFiles, preserving file /data/data/com.android.providers.downloads/cache/metadata-614.htm
07-05 14:37:16.336   545 15571 I DownloadManager: in removeSpuriousFiles, preserving file /data/data/com.android.providers.downloads/cache/metadata-434.htm
07-05 14:37:16.340   545 15571 I DownloadManager: in removeSpuriousFiles, preserving file /data/data/com.android.providers.downloads/cache/metadata-1022.htm
07-05 14:37:16.340   545 15571 I DownloadManager: in removeSpuriousFiles, preserving file /data/data/com.android.providers.downloads/cache/metadata-597.htm
07-05 14:37:16.340   545 15571 I DownloadManager: in removeSpuriousFiles, preserving file /data/data/com.android.providers.downloads/cache/metadata-166.htm
07-05 14:37:16.340   545 15571 I DownloadManager: in removeSpuriousFiles, preserving file /data/data/com.android.providers.downloads/cache/metadata-450.htm
07-05 14:37:16.340   545 15571 I DownloadManager: in removeSpuriousFiles, preserving file /data/data/com.android.providers.downloads/cache/metadata-1230.htm
07-05 14:37:16.344   545 15571 I DownloadManager: in removeSpuriousFiles, preserving file /data/data/com.android.providers.downloads/cache/metadata-1107.htm
07-05 14:37:16.344   545 15571 I DownloadManager: in removeSpuriousFiles, preserving file /data/data/com.android.providers.downloads/cache/metadata-1303.htm
07-05 14:37:16.344   545 15571 I DownloadManager: in removeSpuriousFiles, preserving file /data/data/com.android.providers.downloads/cache/metadata-393.htm
07-05 14:37:16.344   545 15571 I DownloadManager: in removeSpuriousFiles, preserving file /data/data/com.android.providers.downloads/cache/metadata-1058.htm
07-05 14:37:16.348   545 15571 I DownloadManager: in removeSpuriousFiles, preserving file /data/data/com.android.providers.downloads/cache/metadata-100.htm
07-05 14:37:16.348   545 15571 I DownloadManager: in removeSpuriousFiles, preserving file /data/data/com.android.providers.downloads/cache/metadata-530.htm
07-05 14:37:16.348   545 15571 I DownloadManager: in removeSpuriousFiles, preserving file /data/data/com.android.providers.downloads/cache/metadata-221.htm
07-05 14:37:16.348   545 15571 I DownloadManager: in removeSpuriousFiles, preserving file /data/data/com.android.providers.downloads/cache/metadata-455.htm
07-05 14:37:16.348   545 15571 I DownloadManager: in removeSpuriousFiles, preserving file /data/data/com.android.providers.downloads/cache/metadata-547.htm
07-05 14:37:16.352   545 15571 I DownloadManager: in removeSpuriousFiles, preserving file /data/data/com.android.providers.downloads/cache/metadata-1363.htm
07-05 14:37:16.352   545 15571 I DownloadManager: in removeSpuriousFiles, preserving file /data/data/com.android.providers.downloads/cache/metadata-1719.htm
07-05 14:37:16.352   545 15571 I DownloadManager: in removeSpuriousFiles, preserving file /data/data/com.android.providers.downloads/cache/metadata-1341.htm
07-05 14:37:16.352   545 15571 I DownloadManager: in removeSpuriousFiles, preserving file /data/data/com.android.providers.downloads/cache/metadata-1134.htm
07-05 14:37:16.360   545 15571 I DownloadManager: in removeSpuriousFiles, preserving file /data/data/com.android.providers.downloads/cache/metadata-1681.htm
07-05 14:37:16.360   545 15571 I DownloadManager: in removeSpuriousFiles, preserving file /data/data/com.android.providers.downloads/cache/metadata-542.htm
07-05 14:37:16.360   545 15571 I DownloadManager: in removeSpuriousFiles, preserving file /data/data/com.android.providers.downloads/cache/metadata-1905.htm
07-05 14:37:16.360   545 15571 I DownloadManager: in removeSpuriousFiles, preserving file /data/data/com.android.providers.downloads/cache/metadata-948.htm
07-05 14:37:16.360   545 15571 I DownloadManager: in removeSpuriousFiles, preserving file /data/data/com.android.providers.downloads/cache/metadata-668.htm
07-05 14:37:16.364   545 15571 I DownloadManager: in removeSpuriousFiles, preserving file /data/data/com.android.providers.downloads/cache/metadata-1062.htm
07-05 14:37:16.364   545 15571 I DownloadManager: in removeSpuriousFiles, preserving file /data/data/com.android.providers.downloads/cache/metadata-1546.htm
07-05 14:37:16.364   545 15571 I DownloadManager: in removeSpuriousFiles, preserving file /data/data/com.android.providers.downloads/cache/metadata-129.htm
07-05 14:37:16.364   545 15571 I DownloadManager: in removeSpuriousFiles, preserving file /data/data/com.android.providers.downloads/cache/metadata-981.htm
07-05 14:37:16.367   545 15571 I DownloadManager: in removeSpuriousFiles, preserving file /data/data/com.android.providers.downloads/cache/metadata-912.htm
07-05 14:37:16.367   545 15571 I DownloadManager: in removeSpuriousFiles, preserving file /data/data/com.android.providers.downloads/cache/metadata-1085.htm
07-05 14:37:16.367   545 15571 I DownloadManager: in removeSpuriousFiles, preserving file /data/data/com.android.providers.downloads/cache/metadata-942.htm
07-05 14:37:16.367   545 15571 I DownloadManager: in removeSpuriousFiles, preserving file /data/data/com.android.providers.downloads/cache/metadata-1076.htm
07-05 14:37:16.371   545 15571 I DownloadManager: in removeSpuriousFiles, preserving file /data/data/com.android.providers.downloads/cache/metadata-1237.htm
07-05 14:37:16.371   545 15571 I DownloadManager: in removeSpuriousFiles, preserving file /data/data/com.android.providers.downloads/cache/metadata-1418.htm
07-05 14:37:16.371   545 15571 I DownloadManager: in removeSpuriousFiles, preserving file /data/data/com.android.providers.downloads/cache/metadata-1310.htm
07-05 14:37:16.371   545 15571 I DownloadManager: in removeSpuriousFiles, preserving file /data/data/com.android.providers.downloads/cache/metadata-2162.htm
07-05 14:37:16.371   545 15571 I DownloadManager: in removeSpuriousFiles, preserving file /data/data/com.android.providers.downloads/cache/metadata-1402.htm
07-05 14:37:16.375   545 15571 I DownloadManager: in removeSpuriousFiles, preserving file /data/data/com.android.providers.downloads/cache/metadata-2900.htm
07-05 14:37:16.375   545 15571 I DownloadManager: in removeSpuriousFiles, preserving file /data/data/com.android.providers.downloads/cache/metadata-1108.htm
07-05 14:37:16.375   545 15571 I DownloadManager: in removeSpuriousFiles, preserving file /data/data/com.android.providers.downloads/cache/metadata-2225.htm
07-05 14:37:16.375   545 15571 I DownloadManager: in removeSpuriousFiles, preserving file /data/data/com.android.providers.downloads/cache/metadata-1366.htm
07-05 14:37:16.379   545 15571 I DownloadManager: in removeSpuriousFiles, preserving file /data/data/com.android.providers.downloads/cache/metadata-1264.htm
07-05 14:37:16.379   545 15571 I DownloadManager: in removeSpuriousFiles, preserving file /data/data/com.android.providers.downloads/cache/metadata-519.htm
07-05 14:37:16.379   545 15571 I DownloadManager: in removeSpuriousFiles, preserving file /data/data/com.android.providers.downloads/cache/metadata-596.htm
07-05 14:37:16.379   545 15571 I DownloadManager: in removeSpuriousFiles, preserving file /data/data/com.android.providers.downloads/cache/metadata-1345.htm
07-05 14:37:16.383   545 15571 I DownloadManager: in removeSpuriousFiles, preserving file /data/data/com.android.providers.downloads/cache/metadata-1285.htm
07-05 14:37:16.383   545 15571 I DownloadManager: in removeSpuriousFiles, preserving file /data/data/com.android.providers.downloads/cache/metadata-1624.htm
07-05 14:37:16.383   545 15571 I DownloadManager: in removeSpuriousFiles, preserving file /data/data/com.android.providers.downloads/cache/metadata-1092.htm
07-05 14:37:16.383   545 15571 I DownloadManager: in removeSpuriousFiles, preserving file /data/data/com.android.providers.downloads/cache/metadata-1417.htm
07-05 14:37:16.387   545 15571 I DownloadManager: in removeSpuriousFiles, preserving file /data/data/com.android.providers.downloads/cache/metadata-1257.htm
07-05 14:37:16.387   545 15571 I DownloadManager: in removeSpuriousFiles, preserving file /data/data/com.android.providers.downloads/cache/metadata-2700.htm
07-05 14:37:16.387   545 15571 I DownloadManager: in removeSpuriousFiles, preserving file /data/data/com.android.providers.downloads/cache/metadata-1043.htm
07-05 14:37:16.387   545 15571 I DownloadManager: in removeSpuriousFiles, preserving file /data/data/com.android.providers.downloads/cache/metadata-1576.htm
07-05 14:37:16.391   545 15571 I DownloadManager: in removeSpuriousFiles, preserving file /data/data/com.android.providers.downloads/cache/metadata-2785.htm
07-05 14:37:16.391   545 15571 I DownloadManager: in removeSpuriousFiles, preserving file /data/data/com.android.providers.downloads/cache/metadata-515.htm
07-05 14:37:16.391   545 15571 I DownloadManager: in removeSpuriousFiles, preserving file /data/data/com.android.providers.downloads/cache/metadata-2164.htm
07-05 14:37:16.395   545 15571 I DownloadManager: in removeSpuriousFiles, preserving file /data/data/com.android.providers.downloads/cache/metadata-584.htm
07-05 14:37:16.395   545 15571 I DownloadManager: in removeSpuriousFiles, preserving file /data/data/com.android.providers.downloads/cache/metadata-541.htm
07-05 14:37:16.395   545 15571 I DownloadManager: in removeSpuriousFiles, preserving file /data/data/com.android.providers.downloads/cache/metadata-1859.htm
07-05 14:37:16.395   545 15571 I DownloadManager: in removeSpuriousFiles, preserving file /data/data/com.android.providers.downloads/cache/metadata-1439.htm
07-05 14:37:16.399   545 15571 I DownloadManager: in removeSpuriousFiles, preserving file /data/data/com.android.providers.downloads/cache/metadata-2326.htm
07-05 14:37:16.399   545 15571 I DownloadManager: in removeSpuriousFiles, preserving file /data/data/com.android.providers.downloads/cache/metadata-778.htm
07-05 14:37:16.399   545 15571 I DownloadManager: in removeSpuriousFiles, preserving file /data/data/com.android.providers.downloads/cache/metadata-1278.htm
07-05 14:37:16.403   545 15571 I DownloadManager: in removeSpuriousFiles, preserving file /data/data/com.android.providers.downloads/cache/metadata-2860.htm
07-05 14:37:16.403   545 15571 I DownloadManager: in removeSpuriousFiles, preserving file /data/data/com.android.providers.downloads/cache/metadata-1389.htm
07-05 14:37:16.403   545 15571 I DownloadManager: in removeSpuriousFiles, preserving file /data/data/com.android.providers.downloads/cache/metadata-24.htm
07-05 14:37:16.407   545 15571 I DownloadManager: in removeSpuriousFiles, preserving file /data/data/com.android.providers.downloads/cache/metadata-54.htm
07-05 14:37:16.407   545 15571 I DownloadManager: in removeSpuriousFiles, preserving file /data/data/com.android.providers.downloads/cache/metadata-5.htm
07-05 14:37:16.407   545 15571 I DownloadManager: in removeSpuriousFiles, preserving file /data/data/com.android.providers.downloads/cache/metadata-16.htm
07-05 14:37:16.407   545 15571 I DownloadManager: in removeSpuriousFiles, preserving file /data/data/com.android.providers.downloads/cache/metadata-59.htm
07-05 14:37:16.407   545 15571 I DownloadManager: in removeSpuriousFiles, preserving file /data/data/com.android.providers.downloads/cache/metadata-21.htm
07-05 14:37:16.407   545 15571 I DownloadManager: in removeSpuriousFiles, preserving file /data/data/com.android.providers.downloads/cache/metadata-12.htm
07-05 14:37:16.407   545 15571 I DownloadManager: in removeSpuriousFiles, preserving file /data/data/com.android.providers.downloads/cache/metadata-1518.htm
07-05 14:37:16.407   545 15571 I DownloadManager: in removeSpuriousFiles, preserving file /data/data/com.android.providers.downloads/cache/metadata-511.htm
07-05 14:37:16.407   545 15571 I DownloadManager: in removeSpuriousFiles, preserving file /data/data/com.android.providers.downloads/cache/metadata-415.htm
07-05 14:37:16.407   545 15571 I DownloadManager: in removeSpuriousFiles, preserving file /data/data/com.android.providers.downloads/cache/metadata-22.htm
07-05 14:37:16.407   545 15571 I DownloadManager: in removeSpuriousFiles, preserving file /data/data/com.android.providers.downloads/cache/metadata-879.htm
07-05 14:37:16.407   545 15571 I DownloadManager: in removeSpuriousFiles, preserving file /data/data/com.android.providers.downloads/cache/metadata-1153.htm
07-05 14:37:16.407   545 15571 I DownloadManager: in removeSpuriousFiles, preserving file /data/data/com.android.providers.downloads/cache/metadata-503.htm
07-05 14:37:16.407   545 15571 I DownloadManager: in removeSpuriousFiles, preserving file /data/data/com.android.providers.downloads/cache/metadata-130.htm
07-05 14:37:16.407   545 15571 I DownloadManager: in removeSpuriousFiles, preserving file /data/data/com.android.providers.downloads/cache/metadata-421.htm
07-05 14:37:16.407   545 15571 I DownloadManager: in removeSpuriousFiles, preserving file /data/data/com.android.providers.downloads/cache/metadata-1239.htm
07-05 14:37:16.407   545 15571 I DownloadManager: in removeSpuriousFiles, preserving file /data/data/com.android.providers.downloads/cache/metadata-1970.htm
07-05 14:37:16.407   545 15571 I DownloadManager: in removeSpuriousFiles, preserving file /data/data/com.android.providers.downloads/cache/metadata-610.htm
07-05 14:37:16.410   545 15571 I DownloadManager: in removeSpuriousFiles, preserving file /data/data/com.android.providers.downloads/cache/metadata-539.htm
07-05 14:37:16.410   545 15571 I DownloadManager: in removeSpuriousFiles, preserving file /data/data/com.android.providers.downloads/cache/metadata-837.htm
07-05 14:37:16.410   545 15571 I DownloadManager: in removeSpuriousFiles, preserving file /data/data/com.android.providers.downloads/cache/metadata-11.htm
07-05 14:37:16.414   545 15571 I DownloadManager: in removeSpuriousFiles, preserving file /data/data/com.android.providers.downloads/cache/metadata-325.htm
07-05 14:37:16.414   545 15571 I DownloadManager: in removeSpuriousFiles, preserving file /data/data/com.android.providers.downloads/cache/metadata-1427.htm
07-05 14:37:16.414   545 15571 I DownloadManager: in removeSpuriousFiles, preserving file /data/data/com.android.providers.downloads/cache/metadata-586.htm
07-05 14:37:16.414   545 15571 I DownloadManager: in removeSpuriousFiles, preserving file /data/data/com.android.providers.downloads/cache/metadata-62.htm
07-05 14:37:16.414   545 15571 I DownloadManager: in removeSpuriousFiles, preserving file /data/data/com.android.providers.downloads/cache/metadata-513.htm
07-05 14:37:16.414   545 15571 I DownloadManager: in removeSpuriousFiles, preserving file /data/data/com.android.providers.downloads/cache/metadata-538.htm
07-05 14:37:16.414   545 15571 I DownloadManager: in removeSpuriousFiles, preserving file /data/data/com.android.providers.downloads/cache/metadata-583.htm
07-05 14:37:16.418   545 15571 I DownloadManager: in removeSpuriousFiles, preserving file /data/data/com.android.providers.downloads/cache/metadata-416.htm
07-05 14:37:16.418   545 15571 I DownloadManager: in removeSpuriousFiles, preserving file /data/data/com.android.providers.downloads/cache/metadata-736.htm
07-05 14:37:16.418   545 15571 I DownloadManager: in removeSpuriousFiles, preserving file /data/data/com.android.providers.downloads/cache/metadata-1243.htm
07-05 14:37:16.418   545 15571 I DownloadManager: in removeSpuriousFiles, preserving file /data/data/com.android.providers.downloads/cache/metadata-499.htm
07-05 14:37:16.418   545 15571 I DownloadManager: in removeSpuriousFiles, preserving file /data/data/com.android.providers.downloads/cache/metadata-639.htm
07-05 14:37:16.418   545 15571 I DownloadManager: in removeSpuriousFiles, preserving file /data/data/com.android.providers.downloads/cache/metadata-529.htm
07-05 14:37:16.422   545 15571 I DownloadManager: in removeSpuriousFiles, preserving file /data/data/com.android.providers.downloads/cache/metadata-1365.htm
07-05 14:37:16.422   545 15571 I DownloadManager: in removeSpuriousFiles, preserving file /data/data/com.android.providers.downloads/cache/metadata-177.htm
07-05 14:37:16.422   545 15571 I DownloadManager: in removeSpuriousFiles, preserving file /data/data/com.android.providers.downloads/cache/metadata-230.htm
07-05 14:37:16.422   545 15571 I DownloadManager: in removeSpuriousFiles, preserving file /data/data/com.android.providers.downloads/cache/metadata-1788.htm
07-05 14:37:16.422   545 15571 I DownloadManager: in removeSpuriousFiles, preserving file /data/data/com.android.providers.downloads/cache/metadata-470.htm
07-05 14:37:16.422   545 15571 I DownloadManager: in removeSpuriousFiles, preserving file /data/data/com.android.providers.downloads/cache/metadata-561.htm
07-05 14:37:16.426   545 15571 I DownloadManager: in removeSpuriousFiles, preserving file /data/data/com.android.providers.downloads/cache/metadata-935.htm
07-05 14:37:16.426   545 15571 I DownloadManager: in removeSpuriousFiles, preserving file /data/data/com.android.providers.downloads/cache/metadata-501.htm
07-05 14:37:16.426   545 15571 I DownloadManager: in removeSpuriousFiles, preserving file /data/data/com.android.providers.downloads/cache/metadata-1443.htm
07-05 14:37:16.426   545 15571 I DownloadManager: in removeSpuriousFiles, preserving file /data/data/com.android.providers.downloads/cache/metadata-259.htm
07-05 14:37:16.426   545 15571 I DownloadManager: in removeSpuriousFiles, preserving file /data/data/com.android.providers.downloads/cache/metadata-1709.htm
07-05 14:37:16.426   545 15571 I DownloadManager: in removeSpuriousFiles, preserving file /data/data/com.android.providers.downloads/cache/metadata-765.htm
07-05 14:37:16.430   545 15571 I DownloadManager: in removeSpuriousFiles, preserving file /data/data/com.android.providers.downloads/cache/metadata-905.htm
07-05 14:37:16.430   545 15571 I DownloadManager: in removeSpuriousFiles, preserving file /data/data/com.android.providers.downloads/cache/metadata-1432.htm
07-05 14:37:16.430   545 15571 I DownloadManager: in removeSpuriousFiles, preserving file /data/data/com.android.providers.downloads/cache/metadata-735.htm
07-05 14:37:16.430   545 15571 I DownloadManager: in removeSpuriousFiles, preserving file /data/data/com.android.providers.downloads/cache/metadata-67.htm
07-05 14:37:16.430   545 15571 I DownloadManager: in removeSpuriousFiles, preserving file /data/data/com.android.providers.downloads/cache/metadata-324.htm
07-05 14:37:16.434   545 15571 I DownloadManager: in removeSpuriousFiles, preserving file /data/data/com.android.providers.downloads/cache/metadata-199.htm
07-05 14:37:16.434   545 15571 I DownloadManager: in removeSpuriousFiles, preserving file /data/data/com.android.providers.downloads/cache/metadata-2159.htm
07-05 14:37:16.434   545 15571 I DownloadManager: in removeSpuriousFiles, preserving file /data/data/com.android.providers.downloads/cache/metadata-1214.htm
07-05 14:37:16.434   545 15571 I DownloadManager: in removeSpuriousFiles, preserving file /data/data/com.android.providers.downloads/cache/metadata-1012.htm
07-05 14:37:16.434   545 15571 I DownloadManager: in removeSpuriousFiles, preserving file /data/data/com.android.providers.downloads/cache/metadata-751.htm
07-05 14:37:16.434   545 15571 I DownloadManager: in removeSpuriousFiles, preserving file /data/data/com.android.providers.downloads/cache/metadata-379.htm
07-05 14:37:16.438   545 15571 I DownloadManager: in removeSpuriousFiles, preserving file /data/data/com.android.providers.downloads/cache/metadata-442.htm
07-05 14:37:16.438   545 15571 I DownloadManager: in removeSpuriousFiles, preserving file /data/data/com.android.providers.downloads/cache/metadata-611.htm
07-05 14:37:16.438   545 15571 I DownloadManager: in removeSpuriousFiles, preserving file /data/data/com.android.providers.downloads/cache/metadata-1770.htm
07-05 14:37:16.438   545 15571 I DownloadManager: in removeSpuriousFiles, preserving file /data/data/com.android.providers.downloads/cache/metadata-91.htm
07-05 14:37:16.438   545 15571 I DownloadManager: in removeSpuriousFiles, preserving file /data/data/com.android.providers.downloads/cache/metadata-569.htm
07-05 14:37:16.442   545 15571 I DownloadManager: in removeSpuriousFiles, preserving file /data/data/com.android.providers.downloads/cache/metadata-99.htm
07-05 14:37:16.442   545 15571 I DownloadManager: in removeSpuriousFiles, preserving file /data/data/com.android.providers.downloads/cache/metadata-623.htm
07-05 14:37:16.442   545 15571 I DownloadManager: in removeSpuriousFiles, preserving file /data/data/com.android.providers.downloads/cache/metadata-1292.htm
07-05 14:37:16.442   545 15571 I DownloadManager: in removeSpuriousFiles, preserving file /data/data/com.android.providers.downloads/cache/metadata-1797.htm
07-05 14:37:16.446   545 15571 I DownloadManager: in removeSpuriousFiles, preserving file /data/data/com.android.providers.downloads/cache/metadata-897.htm
07-05 14:37:16.446   545 15571 I DownloadManager: in removeSpuriousFiles, preserving file /data/data/com.android.providers.downloads/cache/metadata-1804.htm
07-05 14:37:16.446   545 15571 I DownloadManager: in removeSpuriousFiles, preserving file /data/data/com.android.providers.downloads/cache/metadata-299.htm
07-05 14:37:16.446   545 15571 I DownloadManager: in removeSpuriousFiles, preserving file /data/data/com.android.providers.downloads/cache/metadata-922.htm
07-05 14:37:16.450   545 15571 I DownloadManager: in removeSpuriousFiles, preserving file /data/data/com.android.providers.downloads/cache/metadata-1154.htm
07-05 14:37:16.450   545 15571 I DownloadManager: in removeSpuriousFiles, preserving file /data/data/com.android.providers.downloads/cache/metadata-1852.htm
07-05 14:37:16.450   545 15571 I DownloadManager: in removeSpuriousFiles, preserving file /data/data/com.android.providers.downloads/cache/metadata-521.htm
07-05 14:37:16.450   545 15571 I DownloadManager: in removeSpuriousFiles, preserving file /data/data/com.android.providers.downloads/cache/metadata-560.htm
07-05 14:37:16.450   545 15571 I DownloadManager: in removeSpuriousFiles, preserving file /data/data/com.android.providers.downloads/cache/metadata-2176.htm
07-05 14:37:16.453   545 15571 I DownloadManager: in removeSpuriousFiles, preserving file /data/data/com.android.providers.downloads/cache/metadata-1086.htm
07-05 14:37:16.453   545 15571 I DownloadManager: in removeSpuriousFiles, preserving file /data/data/com.android.providers.downloads/cache/metadata-954.htm
07-05 14:37:16.453   545 15571 I DownloadManager: in removeSpuriousFiles, preserving file /data/data/com.android.providers.downloads/cache/metadata-557.htm
07-05 14:37:16.457   545 15571 I DownloadManager: in removeSpuriousFiles, preserving file /data/data/com.android.providers.downloads/cache/metadata-1200.htm
07-05 14:37:16.457   545 15571 I DownloadManager: in removeSpuriousFiles, preserving file /data/data/com.android.providers.downloads/cache/metadata-1138.htm
07-05 14:37:16.457   545 15571 I DownloadManager: in removeSpuriousFiles, preserving file /data/data/com.android.providers.downloads/cache/metadata-1429.htm
07-05 14:37:16.457   545 15571 I DownloadManager: in removeSpuriousFiles, preserving file /data/data/com.android.providers.downloads/cache/metadata-1297.htm
07-05 14:37:16.461   545 15571 I DownloadManager: in removeSpuriousFiles, preserving file /data/data/com.android.providers.downloads/cache/metadata-1534.htm
07-05 14:37:16.461   545 15571 I DownloadManager: in removeSpuriousFiles, preserving file /data/data/com.android.providers.downloads/cache/metadata-836.htm
07-05 14:37:16.461   545 15571 I DownloadManager: in removeSpuriousFiles, preserving file /data/data/com.android.providers.downloads/cache/metadata-1455.htm
07-05 14:37:16.461   545 15571 I DownloadManager: in removeSpuriousFiles, preserving file /data/data/com.android.providers.downloads/cache/metadata-1999.htm
07-05 14:37:16.461   545 15571 I DownloadManager: in removeSpuriousFiles, preserving file /data/data/com.android.providers.downloads/cache/metadata-1075.htm
07-05 14:37:16.465   545 15571 I DownloadManager: in removeSpuriousFiles, preserving file /data/data/com.android.providers.downloads/cache/metadata-884.htm
07-05 14:37:16.465   545 15571 I DownloadManager: in removeSpuriousFiles, preserving file /data/data/com.android.providers.downloads/cache/metadata-1055.htm
07-05 14:37:16.465   545 15571 I DownloadManager: in removeSpuriousFiles, preserving file /data/data/com.android.providers.downloads/cache/metadata-641.htm
07-05 14:37:16.465   545 15571 I DownloadManager: in removeSpuriousFiles, preserving file /data/data/com.android.providers.downloads/cache/metadata-2132.htm
07-05 14:37:16.469   545 15571 I DownloadManager: in removeSpuriousFiles, preserving file /data/data/com.android.providers.downloads/cache/metadata-750.htm
07-05 14:37:16.469   545 15571 I DownloadManager: in removeSpuriousFiles, preserving file /data/data/com.android.providers.downloads/cache/metadata-413.htm
07-05 14:37:16.469   545 15571 I DownloadManager: in removeSpuriousFiles, preserving file /data/data/com.android.providers.downloads/cache/metadata-1275.htm
07-05 14:37:16.469   545 15571 I DownloadManager: in removeSpuriousFiles, preserving file /data/data/com.android.providers.downloads/cache/metadata-676.htm
07-05 14:37:16.469   545 15571 I DownloadManager: in removeSpuriousFiles, preserving file /data/data/com.android.providers.downloads/cache/metadata-724.htm
07-05 14:37:16.473   545 15571 I DownloadManager: in removeSpuriousFiles, preserving file /data/data/com.android.providers.downloads/cache/metadata-1602.htm
07-05 14:37:16.473   545 15571 I DownloadManager: in removeSpuriousFiles, preserving file /data/data/com.android.providers.downloads/cache/metadata-1884.htm
07-05 14:37:16.473   545 15571 I DownloadManager: in removeSpuriousFiles, preserving file /data/data/com.android.providers.downloads/cache/metadata-911.htm
07-05 14:37:16.473   545 15571 I DownloadManager: in removeSpuriousFiles, preserving file /data/data/com.android.providers.downloads/cache/metadata-994.htm
07-05 14:37:16.477   545 15571 I DownloadManager: in removeSpuriousFiles, preserving file /data/data/com.android.providers.downloads/cache/metadata-594.htm
07-05 14:37:16.477   545 15571 I DownloadManager: in removeSpuriousFiles, preserving file /data/data/com.android.providers.downloads/cache/metadata-866.htm
07-05 14:37:16.477   545 15571 I DownloadManager: in removeSpuriousFiles, preserving file /data/data/com.android.providers.downloads/cache/metadata-1422.htm
07-05 14:37:16.481   545 15571 I DownloadManager: in removeSpuriousFiles, preserving file /data/data/com.android.providers.downloads/cache/metadata-1316.htm
07-05 14:37:16.481   545 15571 I DownloadManager: in removeSpuriousFiles, preserving file /data/data/com.android.providers.downloads/cache/metadata-1430.htm
07-05 14:37:16.481   545 15571 I DownloadManager: in removeSpuriousFiles, preserving file /data/data/com.android.providers.downloads/cache/metadata-820.htm
07-05 14:37:16.485   545 15571 I DownloadManager: in removeSpuriousFiles, preserving file /data/data/com.android.providers.downloads/cache/metadata-814.htm
07-05 14:37:16.485   545 15571 I DownloadManager: in removeSpuriousFiles, preserving file /data/data/com.android.providers.downloads/cache/metadata-1047.htm
07-05 14:37:16.485   545 15571 I DownloadManager: in removeSpuriousFiles, preserving file /data/data/com.android.providers.downloads/cache/metadata-1283.htm
07-05 14:37:16.485   545 15571 I DownloadManager: in removeSpuriousFiles, preserving file /data/data/com.android.providers.downloads/cache/metadata-1662.htm
07-05 14:37:16.489   545 15571 I DownloadManager: in removeSpuriousFiles, preserving file /data/data/com.android.providers.downloads/cache/metadata-1462.htm
07-05 14:37:16.489   545 15571 I DownloadManager: in removeSpuriousFiles, preserving file /data/data/com.android.providers.downloads/cache/metadata-1424.htm
07-05 14:37:16.489   545 15571 I DownloadManager: in removeSpuriousFiles, preserving file /data/data/com.android.providers.downloads/cache/metadata-1151.htm
07-05 14:37:16.489   545 15571 I DownloadManager: in removeSpuriousFiles, preserving file /data/data/com.android.providers.downloads/cache/metadata-1475.htm
07-05 14:37:16.492   545 15571 I DownloadManager: in removeSpuriousFiles, preserving file /data/data/com.android.providers.downloads/cache/metadata-670.htm
07-05 14:37:16.492   545 15571 I DownloadManager: in removeSpuriousFiles, preserving file /data/data/com.android.providers.downloads/cache/metadata-2137.htm
07-05 14:37:16.492   545 15571 I DownloadManager: in removeSpuriousFiles, preserving file /data/data/com.android.providers.downloads/cache/metadata-1176.htm
07-05 14:37:16.492   545 15571 I DownloadManager: in removeSpuriousFiles, preserving file /data/data/com.android.providers.downloads/cache/metadata-1460.htm
07-05 14:37:16.496   545 15571 I DownloadManager: in removeSpuriousFiles, preserving file /data/data/com.android.providers.downloads/cache/metadata-1434.htm
07-05 14:37:16.500   545 15571 I DownloadManager: in removeSpuriousFiles, preserving file /data/data/com.android.providers.downloads/cache/metadata-1064.htm
07-05 14:37:16.500   545 15571 I DownloadManager: in removeSpuriousFiles, preserving file /data/data/com.android.providers.downloads/cache/metadata-772.htm
07-05 14:37:16.500   545 15571 I DownloadManager: in removeSpuriousFiles, preserving file /data/data/com.android.providers.downloads/cache/metadata-1011.htm
07-05 14:37:16.500   545 15571 I DownloadManager: in removeSpuriousFiles, preserving file /data/data/com.android.providers.downloads/cache/metadata-1185.htm
07-05 14:37:16.504   545 15571 I DownloadManager: in removeSpuriousFiles, preserving file /data/data/com.android.providers.downloads/cache/metadata-2298.htm
07-05 14:37:16.504   545 15571 I DownloadManager: in removeSpuriousFiles, preserving file /data/data/com.android.providers.downloads/cache/metadata-1.htm
07-05 14:37:16.504   545 15571 I DownloadManager: in removeSpuriousFiles, preserving file /data/data/com.android.providers.downloads/cache/metadata-40.htm
07-05 14:37:16.504   545 15571 I DownloadManager: in removeSpuriousFiles, preserving file /data/data/com.android.providers.downloads/cache/metadata-42.htm
07-05 14:37:16.504   545 15571 I DownloadManager: in removeSpuriousFiles, preserving file /data/data/com.android.providers.downloads/cache/metadata-37.htm
07-05 14:37:16.504   545 15571 I DownloadManager: in removeSpuriousFiles, preserving file /data/data/com.android.providers.downloads/cache/metadata-1191.htm
07-05 14:37:16.504   545 15571 I DownloadManager: in removeSpuriousFiles, preserving file /data/data/com.android.providers.downloads/cache/metadata-44.htm
07-05 14:37:16.504   545 15571 I DownloadManager: in removeSpuriousFiles, preserving file /data/data/com.android.providers.downloads/cache/metadata-57.htm
07-05 14:37:16.504   545 15571 I DownloadManager: in removeSpuriousFiles, preserving file /data/data/com.android.providers.downloads/cache/metadata-71.htm
07-05 14:37:16.504   545 15571 I DownloadManager: in removeSpuriousFiles, preserving file /data/data/com.android.providers.downloads/cache/metadata-437.htm
07-05 14:37:16.504   545 15571 I DownloadManager: in removeSpuriousFiles, preserving file /data/data/com.android.providers.downloads/cache/metadata-53.htm
07-05 14:37:16.504   545 15571 I DownloadManager: in removeSpuriousFiles, preserving file /data/data/com.android.providers.downloads/cache/metadata-739.htm
07-05 14:37:16.504   545 15571 I DownloadManager: in removeSpuriousFiles, preserving file /data/data/com.android.providers.downloads/cache/metadata-205.htm
07-05 14:37:16.504   545 15571 I DownloadManager: in removeSpuriousFiles, preserving file /data/data/com.android.providers.downloads/cache/metadata-114.htm
07-05 14:37:16.508   545 15571 I DownloadManager: in removeSpuriousFiles, preserving file /data/data/com.android.providers.downloads/cache/metadata-151.htm
07-05 14:37:16.508   545 15571 I DownloadManager: in removeSpuriousFiles, preserving file /data/data/com.android.providers.downloads/cache/metadata-120.htm
07-05 14:37:16.508   545 15571 I DownloadManager: in removeSpuriousFiles, preserving file /data/data/com.android.providers.downloads/cache/metadata-319.htm
07-05 14:37:16.508   545 15571 I DownloadManager: in removeSpuriousFiles, preserving file /data/data/com.android.providers.downloads/cache/metadata-1554.htm
07-05 14:37:16.508   545 15571 I DownloadManager: in removeSpuriousFiles, preserving file /data/data/com.android.providers.downloads/cache/metadata-800.htm
07-05 14:37:16.508   545 15571 I DownloadManager: in removeSpuriousFiles, preserving file /data/data/com.android.providers.downloads/cache/metadata-143.htm
07-05 14:37:16.508   545 15571 I DownloadManager: in removeSpuriousFiles, preserving file /data/data/com.android.providers.downloads/cache/metadata-497.htm
07-05 14:37:16.508   545 15571 I DownloadManager: in removeSpuriousFiles, preserving file /data/data/com.android.providers.downloads/cache/metadata-201.htm
07-05 14:37:16.508   545 15571 I DownloadManager: in removeSpuriousFiles, preserving file /data/data/com.android.providers.downloads/cache/metadata-395.htm
07-05 14:37:16.508   545 15571 I DownloadManager: in removeSpuriousFiles, preserving file /data/data/com.android.providers.downloads/cache/metadata-68.htm
07-05 14:37:16.508   545 15571 I DownloadManager: in removeSpuriousFiles, preserving file /data/data/com.android.providers.downloads/cache/metadata-145.htm
07-05 14:37:16.508   545 15571 I DownloadManager: in removeSpuriousFiles, preserving file /data/data/com.android.providers.downloads/cache/metadata-430.htm
07-05 14:37:16.508   545 15571 I DownloadManager: in removeSpuriousFiles, preserving file /data/data/com.android.providers.downloads/cache/metadata-139.htm
07-05 14:37:16.508   545 15571 I DownloadManager: in removeSpuriousFiles, preserving file /data/data/com.android.providers.downloads/cache/metadata-398.htm
07-05 14:37:16.508   545 15571 I DownloadManager: in removeSpuriousFiles, preserving file /data/data/com.android.providers.downloads/cache/metadata-215.htm
07-05 14:37:16.512   545 15571 I DownloadManager: in removeSpuriousFiles, preserving file /data/data/com.android.providers.downloads/cache/metadata-1234.htm
07-05 14:37:16.512   545 15571 I DownloadManager: in removeSpuriousFiles, preserving file /data/data/com.android.providers.downloads/cache/metadata-960.htm
07-05 14:37:16.512   545 15571 I DownloadManager: in removeSpuriousFiles, preserving file /data/data/com.android.providers.downloads/cache/metadata-2120.htm
07-05 14:37:16.512   545 15571 I DownloadManager: in removeSpuriousFiles, preserving file /data/data/com.android.providers.downloads/cache/metadata-161.htm
07-05 14:37:16.512   545 15571 I DownloadManager: in removeSpuriousFiles, preserving file /data/data/com.android.providers.downloads/cache/metadata-225.htm
07-05 14:37:16.512   545 15571 I DownloadManager: in removeSpuriousFiles, preserving file /data/data/com.android.providers.downloads/cache/metadata-703.htm
07-05 14:37:16.512   545 15571 I DownloadManager: in removeSpuriousFiles, preserving file /data/data/com.android.providers.downloads/cache/metadata-1155.htm
07-05 14:37:16.512   545 15571 I DownloadManager: in removeSpuriousFiles, preserving file /data/data/com.android.providers.downloads/cache/metadata-949.htm
07-05 14:37:16.512   545 15571 I DownloadManager: in removeSpuriousFiles, preserving file /data/data/com.android.providers.downloads/cache/metadata-70.htm
07-05 14:37:16.512   545 15571 I DownloadManager: in removeSpuriousFiles, preserving file /data/data/com.android.providers.downloads/cache/metadata-125.htm
07-05 14:37:16.516   545 15571 I DownloadManager: in removeSpuriousFiles, preserving file /data/data/com.android.providers.downloads/cache/metadata-219.htm
07-05 14:37:16.516   545 15571 I DownloadManager: in removeSpuriousFiles, preserving file /data/data/com.android.providers.downloads/cache/metadata-1143.htm
07-05 14:37:16.516   545 15571 I DownloadManager: in removeSpuriousFiles, preserving file /data/data/com.android.providers.downloads/cache/metadata-135.htm
07-05 14:37:16.516   545 15571 I DownloadManager: in removeSpuriousFiles, preserving file /data/data/com.android.providers.downloads/cache/metadata-1077.htm
07-05 14:37:16.516   545 15571 I DownloadManager: in removeSpuriousFiles, preserving file /data/data/com.android.providers.downloads/cache/metadata-1300.htm
07-05 14:37:16.516   545 15571 I DownloadManager: in removeSpuriousFiles, preserving file /data/data/com.android.providers.downloads/cache/metadata-555.htm
07-05 14:37:16.516   545 15571 I DownloadManager: in removeSpuriousFiles, preserving file /data/data/com.android.providers.downloads/cache/metadata-315.htm
07-05 14:37:16.520   545 15571 I DownloadManager: in removeSpuriousFiles, preserving file /data/data/com.android.providers.downloads/cache/metadata-491.htm
07-05 14:37:16.520   545 15571 I DownloadManager: in removeSpuriousFiles, preserving file /data/data/com.android.providers.downloads/cache/metadata-185.htm
07-05 14:37:16.520   545 15571 I DownloadManager: in removeSpuriousFiles, preserving file /data/data/com.android.providers.downloads/cache/metadata-174.htm
07-05 14:37:16.520   545 15571 I DownloadManager: in removeSpuriousFiles, preserving file /data/data/com.android.providers.downloads/cache/metadata-762.htm
07-05 14:37:16.520   545 15571 I DownloadManager: in removeSpuriousFiles, preserving file /data/data/com.android.providers.downloads/cache/metadata-2249.htm
07-05 14:37:16.520   545 15571 I DownloadManager: in removeSpuriousFiles, preserving file /data/data/com.android.providers.downloads/cache/metadata-124.htm
07-05 14:37:16.524   545 15571 I DownloadManager: in removeSpuriousFiles, preserving file /data/data/com.android.providers.downloads/cache/metadata-1280.htm
07-05 14:37:16.524   545 15571 I DownloadManager: in removeSpuriousFiles, preserving file /data/data/com.android.providers.downloads/cache/metadata-1864.htm
07-05 14:37:16.524   545 15571 I DownloadManager: in removeSpuriousFiles, preserving file /data/data/com.android.providers.downloads/cache/metadata-1146.htm
07-05 14:37:16.524   545 15571 I DownloadManager: in removeSpuriousFiles, preserving file /data/data/com.android.providers.downloads/cache/metadata-1048.htm
07-05 14:37:16.528   545 15571 I DownloadManager: in removeSpuriousFiles, preserving file /data/data/com.android.providers.downloads/cache/metadata-761.htm
07-05 14:37:16.528   545 15571 I DownloadManager: in removeSpuriousFiles, preserving file /data/data/com.android.providers.downloads/cache/metadata-89.htm
07-05 14:37:16.528   545 15571 I DownloadManager: in removeSpuriousFiles, preserving file /data/data/com.android.providers.downloads/cache/metadata-1385.htm
07-05 14:37:16.528   545 15571 I DownloadManager: in removeSpuriousFiles, preserving file /data/data/com.android.providers.downloads/cache/metadata-892.htm
07-05 14:37:16.528   545 15571 I DownloadManager: in removeSpuriousFiles, preserving file /data/data/com.android.providers.downloads/cache/metadata-540.htm
07-05 14:37:16.532   545 15571 I DownloadManager: in removeSpuriousFiles, preserving file /data/data/com.android.providers.downloads/cache/metadata-990.htm
07-05 14:37:16.532   545 15571 I DownloadManager: in removeSpuriousFiles, preserving file /data/data/com.android.providers.downloads/cache/metadata-1173.htm
07-05 14:37:16.532   545 15571 I DownloadManager: in removeSpuriousFiles, preserving file /data/data/com.android.providers.downloads/cache/metadata-252.htm
07-05 14:37:16.532   545 15571 I DownloadManager: in removeSpuriousFiles, preserving file /data/data/com.android.providers.downloads/cache/metadata-769.htm
07-05 14:37:16.532   545 15571 I DownloadManager: in removeSpuriousFiles, preserving file /data/data/com.android.providers.downloads/cache/metadata-601.htm
07-05 14:37:16.532   545 15571 I DownloadManager: in removeSpuriousFiles, preserving file /data/data/com.android.providers.downloads/cache/metadata-1451.htm
07-05 14:37:16.535   545 15571 I DownloadManager: in removeSpuriousFiles, preserving file /data/data/com.android.providers.downloads/cache/metadata-1706.htm
07-05 14:37:16.535   545 15571 I DownloadManager: in removeSpuriousFiles, preserving file /data/data/com.android.providers.downloads/cache/metadata-1412.htm
07-05 14:37:16.535   545 15571 I DownloadManager: in removeSpuriousFiles, preserving file /data/data/com.android.providers.downloads/cache/metadata-1978.htm
07-05 14:37:16.535   545 15571 I DownloadManager: in removeSpuriousFiles, preserving file /data/data/com.android.providers.downloads/cache/metadata-466.htm
07-05 14:37:16.535   545 15571 I DownloadManager: in removeSpuriousFiles, preserving file /data/data/com.android.providers.downloads/cache/metadata-196.htm
07-05 14:37:16.539   545 15571 I DownloadManager: in removeSpuriousFiles, preserving file /data/data/com.android.providers.downloads/cache/metadata-1181.htm
07-05 14:37:16.539   545 15571 I DownloadManager: in removeSpuriousFiles, preserving file /data/data/com.android.providers.downloads/cache/metadata-2283.htm
07-05 14:37:16.539   545 15571 I DownloadManager: in removeSpuriousFiles, preserving file /data/data/com.android.providers.downloads/cache/metadata-2201.htm
07-05 14:37:16.539   545 15571 I DownloadManager: in removeSpuriousFiles, preserving file /data/data/com.android.providers.downloads/cache/metadata-522.htm
07-05 14:37:16.539   545 15571 I DownloadManager: in removeSpuriousFiles, preserving file /data/data/com.android.providers.downloads/cache/metadata-1111.htm
07-05 14:37:16.539   545 15571 I DownloadManager: in removeSpuriousFiles, preserving file /data/data/com.android.providers.downloads/cache/metadata-1829.htm
07-05 14:37:16.543   545 15571 I DownloadManager: in removeSpuriousFiles, preserving file /data/data/com.android.providers.downloads/cache/metadata-1101.htm
07-05 14:37:16.543   545 15571 I DownloadManager: in removeSpuriousFiles, preserving file /data/data/com.android.providers.downloads/cache/metadata-77.htm
07-05 14:37:16.543   545 15571 I DownloadManager: in removeSpuriousFiles, preserving file /data/data/com.android.providers.downloads/cache/metadata-687.htm
07-05 14:37:16.547   545 15571 I DownloadManager: in removeSpuriousFiles, preserving file /data/data/com.android.providers.downloads/cache/metadata-2229.htm
07-05 14:37:16.547   545 15571 I DownloadManager: in removeSpuriousFiles, preserving file /data/data/com.android.providers.downloads/cache/metadata-822.htm
07-05 14:37:16.547   545 15571 I DownloadManager: in removeSpuriousFiles, preserving file /data/data/com.android.providers.downloads/cache/metadata-878.htm
07-05 14:37:16.547   545 15571 I DownloadManager: in removeSpuriousFiles, preserving file /data/data/com.android.providers.downloads/cache/metadata-773.htm
07-05 14:37:16.547   545 15571 I DownloadManager: in removeSpuriousFiles, preserving file /data/data/com.android.providers.downloads/cache/metadata-1769.htm
07-05 14:37:16.551   545 15571 I DownloadManager: in removeSpuriousFiles, preserving file /data/data/com.android.providers.downloads/cache/metadata-1380.htm
07-05 14:37:16.551   545 15571 I DownloadManager: in removeSpuriousFiles, preserving file /data/data/com.android.providers.downloads/cache/metadata-1216.htm
07-05 14:37:16.551   545 15571 I DownloadManager: in removeSpuriousFiles, preserving file /data/data/com.android.providers.downloads/cache/metadata-1909.htm
07-05 14:37:16.551   545 15571 I DownloadManager: in removeSpuriousFiles, preserving file /data/data/com.android.providers.downloads/cache/metadata-1221.htm
07-05 14:37:16.551   545 15571 I DownloadManager: in removeSpuriousFiles, preserving file /data/data/com.android.providers.downloads/cache/metadata-527.htm
07-05 14:37:16.555   545 15571 I DownloadManager: in removeSpuriousFiles, preserving file /data/data/com.android.providers.downloads/cache/metadata-1392.htm
07-05 14:37:16.555   545 15571 I DownloadManager: in removeSpuriousFiles, preserving file /data/data/com.android.providers.downloads/cache/metadata-1021.htm
07-05 14:37:16.555   545 15571 I DownloadManager: in removeSpuriousFiles, preserving file /data/data/com.android.providers.downloads/cache/metadata-786.htm
07-05 14:37:16.555   545 15571 I DownloadManager: in removeSpuriousFiles, preserving file /data/data/com.android.providers.downloads/cache/metadata-609.htm
07-05 14:37:16.555   545 15571 I DownloadManager: in removeSpuriousFiles, preserving file /data/data/com.android.providers.downloads/cache/metadata-1779.htm
07-05 14:37:16.559   545 15571 I DownloadManager: in removeSpuriousFiles, preserving file /data/data/com.android.providers.downloads/cache/metadata-666.htm
07-05 14:37:16.559   545 15571 I DownloadManager: in removeSpuriousFiles, preserving file /data/data/com.android.providers.downloads/cache/metadata-933.htm
07-05 14:37:16.559   545 15571 I DownloadManager: in removeSpuriousFiles, preserving file /data/data/com.android.providers.downloads/cache/metadata-1381.htm
07-05 14:37:16.559   545 15571 I DownloadManager: in removeSpuriousFiles, preserving file /data/data/com.android.providers.downloads/cache/metadata-1203.htm
07-05 14:37:16.559   545 15571 I DownloadManager: in removeSpuriousFiles, preserving file /data/data/com.android.providers.downloads/cache/metadata-734.htm
07-05 14:37:16.563   545 15571 I DownloadManager: in removeSpuriousFiles, preserving file /data/data/com.android.providers.downloads/cache/metadata-207.htm
07-05 14:37:16.563   545 15571 I DownloadManager: in removeSpuriousFiles, preserving file /data/data/com.android.providers.downloads/cache/metadata-181.htm
07-05 14:37:16.563   545 15571 I DownloadManager: in removeSpuriousFiles, preserving file /data/data/com.android.providers.downloads/cache/metadata-712.htm
07-05 14:37:16.563   545 15571 I DownloadManager: in removeSpuriousFiles, preserving file /data/data/com.android.providers.downloads/cache/metadata-1796.htm
07-05 14:37:16.567   545 15571 I DownloadManager: in removeSpuriousFiles, preserving file /data/data/com.android.providers.downloads/cache/metadata-1348.htm
07-05 14:37:16.567   545 15571 I DownloadManager: in removeSpuriousFiles, preserving file /data/data/com.android.providers.downloads/cache/metadata-1606.htm
07-05 14:37:16.567   545 15571 I DownloadManager: in removeSpuriousFiles, preserving file /data/data/com.android.providers.downloads/cache/metadata-317.htm
07-05 14:37:16.571   545 15571 I DownloadManager: in removeSpuriousFiles, preserving file /data/data/com.android.providers.downloads/cache/metadata-1036.htm
07-05 14:37:16.571   545 15571 I DownloadManager: in removeSpuriousFiles, preserving file /data/data/com.android.providers.downloads/cache/metadata-643.htm
07-05 14:37:16.571   545 15571 I DownloadManager: in removeSpuriousFiles, preserving file /data/data/com.android.providers.downloads/cache/metadata-1322.htm
07-05 14:37:16.571   545 15571 I DownloadManager: in removeSpuriousFiles, preserving file /data/data/com.android.providers.downloads/cache/metadata-1477.htm
07-05 14:37:16.571   545 15571 I DownloadManager: in removeSpuriousFiles, preserving file /data/data/com.android.providers.downloads/cache/metadata-1317.htm
07-05 14:37:16.575   545 15571 I DownloadManager: in removeSpuriousFiles, preserving file /data/data/com.android.providers.downloads/cache/metadata-876.htm
07-05 14:37:16.575   545 15571 I DownloadManager: in removeSpuriousFiles, preserving file /data/data/com.android.providers.downloads/cache/metadata-2077.htm
07-05 14:37:16.575   545 15571 I DownloadManager: in removeSpuriousFiles, preserving file /data/data/com.android.providers.downloads/cache/metadata-965.htm
07-05 14:37:16.575   545 15571 I DownloadManager: in removeSpuriousFiles, preserving file /data/data/com.android.providers.downloads/cache/metadata-1880.htm
07-05 14:37:16.578   545 15571 I DownloadManager: in removeSpuriousFiles, preserving file /data/data/com.android.providers.downloads/cache/metadata-1145.htm
07-05 14:37:16.578   545 15571 I DownloadManager: in removeSpuriousFiles, preserving file /data/data/com.android.providers.downloads/cache/metadata-727.htm
07-05 14:37:16.578   545 15571 I DownloadManager: in removeSpuriousFiles, preserving file /data/data/com.android.providers.downloads/cache/metadata-209.htm
07-05 14:37:16.578   545 15571 I DownloadManager: in removeSpuriousFiles, preserving file /data/data/com.android.providers.downloads/cache/metadata-667.htm
07-05 14:37:16.578   545 15571 I DownloadManager: in removeSpuriousFiles, preserving file /data/data/com.android.providers.downloads/cache/metadata-1302.htm
07-05 14:37:16.582   545 15571 I DownloadManager: in removeSpuriousFiles, preserving file /data/data/com.android.providers.downloads/cache/metadata-1071.htm
07-05 14:37:16.582   545 15571 I DownloadManager: in removeSpuriousFiles, preserving file /data/data/com.android.providers.downloads/cache/metadata-495.htm
07-05 14:37:16.582   545 15571 I DownloadManager: in removeSpuriousFiles, preserving file /data/data/com.android.providers.downloads/cache/metadata-664.htm
07-05 14:37:16.586   545 15571 I DownloadManager: in removeSpuriousFiles, preserving file /data/data/com.android.providers.downloads/cache/metadata-25.htm
07-05 14:37:16.586   545 15571 I DownloadManager: in removeSpuriousFiles, preserving file /data/data/com.android.providers.downloads/cache/metadata-142.htm
07-05 14:37:16.586   545 15571 I DownloadManager: in removeSpuriousFiles, preserving file /data/data/com.android.providers.downloads/cache/metadata-32.htm
07-05 14:37:16.586   545 15571 I DownloadManager: in removeSpuriousFiles, preserving file /data/data/com.android.providers.downloads/cache/metadata-17.htm
07-05 14:37:16.586   545 15571 I DownloadManager: in removeSpuriousFiles, preserving file /data/data/com.android.providers.downloads/cache/metadata-216.htm
07-05 14:37:16.586   545 15571 I DownloadManager: in removeSpuriousFiles, preserving file /data/data/com.android.providers.downloads/cache/metadata-372.htm
07-05 14:37:16.586   545 15571 I DownloadManager: in removeSpuriousFiles, preserving file /data/data/com.android.providers.downloads/cache/metadata-297.htm
07-05 14:37:16.586   545 15571 I DownloadManager: in removeSpuriousFiles, preserving file /data/data/com.android.providers.downloads/cache/metadata-45.htm
07-05 14:37:16.586   545 15571 I DownloadManager: in removeSpuriousFiles, preserving file /data/data/com.android.providers.downloads/cache/metadata-51.htm
07-05 14:37:16.586   545 15571 I DownloadManager: in removeSpuriousFiles, preserving file /data/data/com.android.providers.downloads/cache/metadata-153.htm
07-05 14:37:16.586   545 15571 I DownloadManager: in removeSpuriousFiles, preserving file /data/data/com.android.providers.downloads/cache/metadata-164.htm
07-05 14:37:16.586   545 15571 I DownloadManager: in removeSpuriousFiles, preserving file /data/data/com.android.providers.downloads/cache/metadata-82.htm
07-05 14:37:16.586   545 15571 I DownloadManager: in removeSpuriousFiles, preserving file /data/data/com.android.providers.downloads/cache/metadata-63.htm
07-05 14:37:16.586   545 15571 I DownloadManager: in removeSpuriousFiles, preserving file /data/data/com.android.providers.downloads/cache/metadata-1540.htm
07-05 14:37:16.586   545 15571 I DownloadManager: in removeSpuriousFiles, preserving file /data/data/com.android.providers.downloads/cache/metadata-182.htm
07-05 14:37:16.586   545 15571 I DownloadManager: in removeSpuriousFiles, preserving file /data/data/com.android.providers.downloads/cache/metadata-72.htm
07-05 14:37:16.586   545 15571 I DownloadManager: in removeSpuriousFiles, preserving file /data/data/com.android.providers.downloads/cache/metadata-1132.htm
07-05 14:37:16.590   545 15571 I DownloadManager: in removeSpuriousFiles, preserving file /data/data/com.android.providers.downloads/cache/metadata-241.htm
07-05 14:37:16.590   545 15571 I DownloadManager: in removeSpuriousFiles, preserving file /data/data/com.android.providers.downloads/cache/metadata-292.htm
07-05 14:37:16.590   545 15571 I DownloadManager: in removeSpuriousFiles, preserving file /data/data/com.android.providers.downloads/cache/metadata-141.htm
07-05 14:37:16.590   545 15571 I DownloadManager: in removeSpuriousFiles, preserving file /data/data/com.android.providers.downloads/cache/metadata-1007.htm
07-05 14:37:16.590   545 15571 I DownloadManager: in removeSpuriousFiles, preserving file /data/data/com.android.providers.downloads/cache/metadata-1227.htm
07-05 14:37:16.590   545 15571 I DownloadManager: in removeSpuriousFiles, preserving file /data/data/com.android.providers.downloads/cache/metadata-565.htm
07-05 14:37:16.590   545 15571 I DownloadManager: in removeSpuriousFiles, preserving file /data/data/com.android.providers.downloads/cache/metadata-2018.htm
07-05 14:37:16.590   545 15571 I DownloadManager: in removeSpuriousFiles, preserving file /data/data/com.android.providers.downloads/cache/metadata-1360.htm
07-05 14:37:16.590   545 15571 I DownloadManager: in removeSpuriousFiles, preserving file /data/data/com.android.providers.downloads/cache/metadata-90.htm
07-05 14:37:16.590   545 15571 I DownloadManager: in removeSpuriousFiles, preserving file /data/data/com.android.providers.downloads/cache/metadata-1307.htm
07-05 14:37:16.590   545 15571 I DownloadManager: in removeSpuriousFiles, preserving file /data/data/com.android.providers.downloads/cache/metadata-345.htm
07-05 14:37:16.590   545 15571 I DownloadManager: in removeSpuriousFiles, preserving file /data/data/com.android.providers.downloads/cache/metadata-447.htm
07-05 14:37:16.590   545 15571 I DownloadManager: in removeSpuriousFiles, preserving file /data/data/com.android.providers.downloads/cache/metadata-348.htm
07-05 14:37:16.590   545 15571 I DownloadManager: in removeSpuriousFiles, preserving file /data/data/com.android.providers.downloads/cache/metadata-362.htm
07-05 14:37:16.594   545 15571 I DownloadManager: in removeSpuriousFiles, preserving file /data/data/com.android.providers.downloads/cache/metadata-412.htm
07-05 14:37:16.594   545 15571 I DownloadManager: in removeSpuriousFiles, preserving file /data/data/com.android.providers.downloads/cache/metadata-123.htm
07-05 14:37:16.594   545 15571 I DownloadManager: in removeSpuriousFiles, preserving file /data/data/com.android.providers.downloads/cache/metadata-1291.htm
07-05 14:37:16.594   545 15571 I DownloadManager: in removeSpuriousFiles, preserving file /data/data/com.android.providers.downloads/cache/metadata-184.htm
07-05 14:37:16.594   545 15571 I DownloadManager: in removeSpuriousFiles, preserving file /data/data/com.android.providers.downloads/cache/metadata-1023.htm
07-05 14:37:16.594   545 15571 I DownloadManager: in removeSpuriousFiles, preserving file /data/data/com.android.providers.downloads/cache/metadata-295.htm
07-05 14:37:16.594   545 15571 I DownloadManager: in removeSpuriousFiles, preserving file /data/data/com.android.providers.downloads/cache/metadata-251.htm
07-05 14:37:16.594   545 15571 I DownloadManager: in removeSpuriousFiles, preserving file /data/data/com.android.providers.downloads/cache/metadata-702.htm
07-05 14:37:16.594   545 15571 I DownloadManager: in removeSpuriousFiles, preserving file /data/data/com.android.providers.downloads/cache/metadata-291.htm
07-05 14:37:16.594   545 15571 I DownloadManager: in removeSpuriousFiles, preserving file /data/data/com.android.providers.downloads/cache/metadata-1800.htm
07-05 14:37:16.594   545 15571 I DownloadManager: in removeSpuriousFiles, preserving file /data/data/com.android.providers.downloads/cache/metadata-226.htm
07-05 14:37:16.594   545 15571 I DownloadManager: in removeSpuriousFiles, preserving file /data/data/com.android.providers.downloads/cache/metadata-1252.htm
07-05 14:37:16.598   545 15571 I DownloadManager: in removeSpuriousFiles, preserving file /data/data/com.android.providers.downloads/cache/metadata-78.htm
07-05 14:37:16.598   545 15571 I DownloadManager: in removeSpuriousFiles, preserving file /data/data/com.android.providers.downloads/cache/metadata-245.htm
07-05 14:37:16.598   545 15571 I DownloadManager: in removeSpuriousFiles, preserving file /data/data/com.android.providers.downloads/cache/metadata-672.htm
07-05 14:37:16.598   545 15571 I DownloadManager: in removeSpuriousFiles, preserving file /data/data/com.android.providers.downloads/cache/metadata-150.htm
07-05 14:37:16.598   545 15571 I DownloadManager: in removeSpuriousFiles, preserving file /data/data/com.android.providers.downloads/cache/metadata-194.htm
07-05 14:37:16.598   545 15571 I DownloadManager: in removeSpuriousFiles, preserving file /data/data/com.android.providers.downloads/cache/metadata-1231.htm
07-05 14:37:16.602   545 15571 I DownloadManager: in removeSpuriousFiles, preserving file /data/data/com.android.providers.downloads/cache/metadata-248.htm
07-05 14:37:16.602   545 15571 I DownloadManager: in removeSpuriousFiles, preserving file /data/data/com.android.providers.downloads/cache/metadata-445.htm
07-05 14:37:16.602   545 15571 I DownloadManager: in removeSpuriousFiles, preserving file /data/data/com.android.providers.downloads/cache/metadata-531.htm
07-05 14:37:16.602   545 15571 I DownloadManager: in removeSpuriousFiles, preserving file /data/data/com.android.providers.downloads/cache/metadata-598.htm
07-05 14:37:16.602   545 15571 I DownloadManager: in removeSpuriousFiles, preserving file /data/data/com.android.providers.downloads/cache/metadata-366.htm
07-05 14:37:16.602   545 15571 I DownloadManager: in removeSpuriousFiles, preserving file /data/data/com.android.providers.downloads/cache/metadata-1568.htm
07-05 14:37:16.602   545 15571 I DownloadManager: in removeSpuriousFiles, preserving file /data/data/com.android.providers.downloads/cache/metadata-645.htm
07-05 14:37:16.602   545 15571 I DownloadManager: in removeSpuriousFiles, preserving file /data/data/com.android.providers.downloads/cache/metadata-312.htm
07-05 14:37:16.606   545 15571 I DownloadManager: in removeSpuriousFiles, preserving file /data/data/com.android.providers.downloads/cache/metadata-1479.htm
07-05 14:37:16.606   545 15571 I DownloadManager: in removeSpuriousFiles, preserving file /data/data/com.android.providers.downloads/cache/metadata-257.htm
07-05 14:37:16.606   545 15571 I DownloadManager: in removeSpuriousFiles, preserving file /data/data/com.android.providers.downloads/cache/metadata-371.htm
07-05 14:37:16.606   545 15571 I DownloadManager: in removeSpuriousFiles, preserving file /data/data/com.android.providers.downloads/cache/metadata-718.htm
07-05 14:37:16.606   545 15571 I DownloadManager: in removeSpuriousFiles, preserving file /data/data/com.android.providers.downloads/cache/metadata-334.htm
07-05 14:37:16.606   545 15571 I DownloadManager: in removeSpuriousFiles, preserving file /data/data/com.android.providers.downloads/cache/metadata-320.htm
07-05 14:37:16.610   545 15571 I DownloadManager: in removeSpuriousFiles, preserving file /data/data/com.android.providers.downloads/cache/metadata-978.htm
07-05 14:37:16.610   545 15571 I DownloadManager: in removeSpuriousFiles, preserving file /data/data/com.android.providers.downloads/cache/metadata-890.htm
07-05 14:37:16.610   545 15571 I DownloadManager: in removeSpuriousFiles, preserving file /data/data/com.android.providers.downloads/cache/metadata-1882.htm
07-05 14:37:16.610   545 15571 I DownloadManager: in removeSpuriousFiles, preserving file /data/data/com.android.providers.downloads/cache/metadata-1764.htm
07-05 14:37:16.610   545 15571 I DownloadManager: in removeSpuriousFiles, preserving file /data/data/com.android.providers.downloads/cache/metadata-1211.htm
07-05 14:37:16.610   545 15571 I DownloadManager: in removeSpuriousFiles, preserving file /data/data/com.android.providers.downloads/cache/metadata-926.htm
07-05 14:37:16.610   545 15571 I DownloadManager: in removeSpuriousFiles, preserving file /data/data/com.android.providers.downloads/cache/metadata-327.htm
07-05 14:37:16.614   545 15571 I DownloadManager: in removeSpuriousFiles, preserving file /data/data/com.android.providers.downloads/cache/metadata-394.htm
07-05 14:37:16.614   545 15571 I DownloadManager: in removeSpuriousFiles, preserving file /data/data/com.android.providers.downloads/cache/metadata-2253.htm
07-05 14:37:16.614   545 15571 I DownloadManager: in removeSpuriousFiles, preserving file /data/data/com.android.providers.downloads/cache/metadata-1482.htm
07-05 14:37:16.614   545 15571 I DownloadManager: in removeSpuriousFiles, preserving file /data/data/com.android.providers.downloads/cache/metadata-749.htm
07-05 14:37:16.614   545 15571 I DownloadManager: in removeSpuriousFiles, preserving file /data/data/com.android.providers.downloads/cache/metadata-2203.htm
07-05 14:37:16.614   545 15571 I DownloadManager: in removeSpuriousFiles, preserving file /data/data/com.android.providers.downloads/cache/metadata-2312.htm
07-05 14:37:16.617   545 15571 I DownloadManager: in removeSpuriousFiles, preserving file /data/data/com.android.providers.downloads/cache/metadata-576.htm
07-05 14:37:16.617   545 15571 I DownloadManager: in removeSpuriousFiles, preserving file /data/data/com.android.providers.downloads/cache/metadata-2216.htm
07-05 14:37:16.621   545 15571 I DownloadManager: in removeSpuriousFiles, preserving file /data/data/com.android.providers.downloads/cache/metadata-1814.htm
07-05 14:37:16.621   545 15571 I DownloadManager: in removeSpuriousFiles, preserving file /data/data/com.android.providers.downloads/cache/metadata-1121.htm
07-05 14:37:16.621   545 15571 I DownloadManager: in removeSpuriousFiles, preserving file /data/data/com.android.providers.downloads/cache/metadata-148.htm
07-05 14:37:16.621   545 15571 I DownloadManager: in removeSpuriousFiles, preserving file /data/data/com.android.providers.downloads/cache/metadata-1223.htm
07-05 14:37:16.621   545 15571 I DownloadManager: in removeSpuriousFiles, preserving file /data/data/com.android.providers.downloads/cache/metadata-1046.htm
07-05 14:37:16.621   545 15571 I DownloadManager: in removeSpuriousFiles, preserving file /data/data/com.android.providers.downloads/cache/metadata-1113.htm
07-05 14:37:16.625   545 15571 I DownloadManager: in removeSpuriousFiles, preserving file /data/data/com.android.providers.downloads/cache/metadata-109.htm
07-05 14:37:16.625   545 15571 I DownloadManager: in removeSpuriousFiles, preserving file /data/data/com.android.providers.downloads/cache/metadata-650.htm
07-05 14:37:16.625   545 15571 I DownloadManager: in removeSpuriousFiles, preserving file /data/data/com.android.providers.downloads/cache/metadata-1496.htm
07-05 14:37:16.625   545 15571 I DownloadManager: in removeSpuriousFiles, preserving file /data/data/com.android.providers.downloads/cache/metadata-625.htm
07-05 14:37:16.625   545 15571 I DownloadManager: in removeSpuriousFiles, preserving file /data/data/com.android.providers.downloads/cache/metadata-1936.htm
07-05 14:37:16.629   545 15571 I DownloadManager: in removeSpuriousFiles, preserving file /data/data/com.android.providers.downloads/cache/metadata-713.htm
07-05 14:37:16.629   545 15571 I DownloadManager: in removeSpuriousFiles, preserving file /data/data/com.android.providers.downloads/cache/metadata-1735.htm
07-05 14:37:16.629   545 15571 I DownloadManager: in removeSpuriousFiles, preserving file /data/data/com.android.providers.downloads/cache/metadata-1078.htm
07-05 14:37:16.629   545 15571 I DownloadManager: in removeSpuriousFiles, preserving file /data/data/com.android.providers.downloads/cache/metadata-991.htm
07-05 14:37:16.629   545 15571 I DownloadManager: in removeSpuriousFiles, preserving file /data/data/com.android.providers.downloads/cache/metadata-1608.htm
07-05 14:37:16.629   545 15571 I DownloadManager: in removeSpuriousFiles, preserving file /data/data/com.android.providers.downloads/cache/metadata-385.htm
07-05 14:37:16.633   545 15571 I DownloadManager: in removeSpuriousFiles, preserving file /data/data/com.android.providers.downloads/cache/metadata-1304.htm
07-05 14:37:16.633   545 15571 I DownloadManager: in removeSpuriousFiles, preserving file /data/data/com.android.providers.downloads/cache/metadata-758.htm
07-05 14:37:16.633   545 15571 I DownloadManager: in removeSpuriousFiles, preserving file /data/data/com.android.providers.downloads/cache/metadata-1757.htm
07-05 14:37:16.633   545 15571 I DownloadManager: in removeSpuriousFiles, preserving file /data/data/com.android.providers.downloads/cache/metadata-678.htm
07-05 14:37:16.633   545 15571 I DownloadManager: in removeSpuriousFiles, preserving file /data/data/com.android.providers.downloads/cache/metadata-997.htm
07-05 14:37:16.637   545 15571 I DownloadManager: in removeSpuriousFiles, preserving file /data/data/com.android.providers.downloads/cache/metadata-1598.htm
07-05 14:37:16.637   545 15571 I DownloadManager: in removeSpuriousFiles, preserving file /data/data/com.android.providers.downloads/cache/metadata-1218.htm
07-05 14:37:16.637   545 15571 I DownloadManager: in removeSpuriousFiles, preserving file /data/data/com.android.providers.downloads/cache/metadata-1222.htm
07-05 14:37:16.637   545 15571 I DownloadManager: in removeSpuriousFiles, preserving file /data/data/com.android.providers.downloads/cache/metadata-590.htm
07-05 14:37:16.637   545 15571 I DownloadManager: in removeSpuriousFiles, preserving file /data/data/com.android.providers.downloads/cache/metadata-2040.htm
07-05 14:37:16.637   545 15571 I DownloadManager: in removeSpuriousFiles, preserving file /data/data/com.android.providers.downloads/cache/metadata-1094.htm
07-05 14:37:16.641   545 15571 I DownloadManager: in removeSpuriousFiles, preserving file /data/data/com.android.providers.downloads/cache/metadata-1324.htm
07-05 14:37:16.641   545 15571 I DownloadManager: in removeSpuriousFiles, preserving file /data/data/com.android.providers.downloads/cache/metadata-852.htm
07-05 14:37:16.641   545 15571 I DownloadManager: in removeSpuriousFiles, preserving file /data/data/com.android.providers.downloads/cache/metadata-1406.htm
07-05 14:37:16.641   545 15571 I DownloadManager: in removeSpuriousFiles, preserving file /data/data/com.android.providers.downloads/cache/metadata-1289.htm
07-05 14:37:16.641   545 15571 I DownloadManager: in removeSpuriousFiles, preserving file /data/data/com.android.providers.downloads/cache/metadata-656.htm
07-05 14:37:16.645   545 15571 I DownloadManager: in removeSpuriousFiles, preserving file /data/data/com.android.providers.downloads/cache/metadata-1026.htm
07-05 14:37:16.645   545 15571 I DownloadManager: in removeSpuriousFiles, preserving file /data/data/com.android.providers.downloads/cache/metadata-1419.htm
07-05 14:37:16.645   545 15571 I DownloadManager: in removeSpuriousFiles, preserving file /data/data/com.android.providers.downloads/cache/metadata-1906.htm
07-05 14:37:16.645   545 15571 I DownloadManager: in removeSpuriousFiles, preserving file /data/data/com.android.providers.downloads/cache/metadata-439.htm
07-05 14:37:16.645   545 15571 I DownloadManager: in removeSpuriousFiles, preserving file /data/data/com.android.providers.downloads/cache/metadata-1160.htm
07-05 14:37:16.645   545 15571 I DownloadManager: in removeSpuriousFiles, preserving file /data/data/com.android.providers.downloads/cache/metadata-1233.htm
07-05 14:37:16.649   545 15571 I DownloadManager: in removeSpuriousFiles, preserving file /data/data/com.android.providers.downloads/cache/metadata-1212.htm
07-05 14:37:16.649   545 15571 I DownloadManager: in removeSpuriousFiles, preserving file /data/data/com.android.providers.downloads/cache/metadata-1004.htm
07-05 14:37:16.653   545 15571 I DownloadManager: in removeSpuriousFiles, preserving file /data/data/com.android.providers.downloads/cache/metadata-706.htm
07-05 14:37:16.653   545 15571 I DownloadManager: in removeSpuriousFiles, preserving file /data/data/com.android.providers.downloads/cache/metadata-683.htm
07-05 14:37:16.653   545 15571 I DownloadManager: in removeSpuriousFiles, preserving file /data/data/com.android.providers.downloads/cache/metadata-1009.htm
07-05 14:37:16.653   545 15571 I DownloadManager: in removeSpuriousFiles, preserving file /data/data/com.android.providers.downloads/cache/metadata-1613.htm
07-05 14:37:16.657   545 15571 I DownloadManager: in removeSpuriousFiles, preserving file /data/data/com.android.providers.downloads/cache/metadata-1260.htm
07-05 14:37:16.657   545 15571 I DownloadManager: in removeSpuriousFiles, preserving file /data/data/com.android.providers.downloads/cache/metadata-1816.htm
07-05 14:37:16.657   545 15571 I DownloadManager: in removeSpuriousFiles, preserving file /data/data/com.android.providers.downloads/cache/metadata-474.htm
07-05 14:37:16.657   545 15571 I DownloadManager: in removeSpuriousFiles, preserving file /data/data/com.android.providers.downloads/cache/metadata-73.htm
07-05 14:37:16.657   545 15571 I DownloadManager: in removeSpuriousFiles, preserving file /data/data/com.android.providers.downloads/cache/metadata-60.htm
07-05 14:37:16.657   545 15571 I DownloadManager: in removeSpuriousFiles, preserving file /data/data/com.android.providers.downloads/cache/metadata-31.htm
07-05 14:37:16.657   545 15571 I DownloadManager: in removeSpuriousFiles, preserving file /data/data/com.android.providers.downloads/cache/metadata-210.htm
07-05 14:37:16.657   545 15571 I DownloadManager: in removeSpuriousFiles, preserving file /data/data/com.android.providers.downloads/cache/metadata-38.htm
07-05 14:37:16.657   545 15571 I DownloadManager: in removeSpuriousFiles, preserving file /data/data/com.android.providers.downloads/cache/metadata-39.htm
07-05 14:37:16.657   545 15571 I DownloadManager: in removeSpuriousFiles, preserving file /data/data/com.android.providers.downloads/cache/metadata-20.htm
07-05 14:37:16.657   545 15571 I DownloadManager: in removeSpuriousFiles, preserving file /data/data/com.android.providers.downloads/cache/metadata-121.htm
07-05 14:37:16.657   545 15571 I DownloadManager: in removeSpuriousFiles, preserving file /data/data/com.android.providers.downloads/cache/metadata-26.htm
07-05 14:37:16.660   545 15571 I DownloadManager: in removeSpuriousFiles, preserving file /data/data/com.android.providers.downloads/cache/metadata-105.htm
07-05 14:37:16.660   545 15571 I DownloadManager: in removeSpuriousFiles, preserving file /data/data/com.android.providers.downloads/cache/metadata-269.htm
07-05 14:37:16.660   545 15571 I DownloadManager: in removeSpuriousFiles, preserving file /data/data/com.android.providers.downloads/cache/metadata-138.htm
07-05 14:37:16.660   545 15571 I DownloadManager: in removeSpuriousFiles, preserving file /data/data/com.android.providers.downloads/cache/metadata-170.htm
07-05 14:37:16.660   545 15571 I DownloadManager: in removeSpuriousFiles, preserving file /data/data/com.android.providers.downloads/cache/metadata-232.htm
07-05 14:37:16.660   545 15571 I DownloadManager: in removeSpuriousFiles, preserving file /data/data/com.android.providers.downloads/cache/metadata-265.htm
07-05 14:37:16.660   545 15571 I DownloadManager: in removeSpuriousFiles, preserving file /data/data/com.android.providers.downloads/cache/metadata-64.htm
07-05 14:37:16.660   545 15571 I DownloadManager: in removeSpuriousFiles, preserving file /data/data/com.android.providers.downloads/cache/metadata-1623.htm
07-05 14:37:16.660   545 15571 I DownloadManager: in removeSpuriousFiles, preserving file /data/data/com.android.providers.downloads/cache/metadata-187.htm
07-05 14:37:16.660   545 15571 I DownloadManager: in removeSpuriousFiles, preserving file /data/data/com.android.providers.downloads/cache/metadata-180.htm
07-05 14:37:16.660   545 15571 I DownloadManager: in removeSpuriousFiles, preserving file /data/data/com.android.providers.downloads/cache/metadata-399.htm
07-05 14:37:16.660   545 15571 I DownloadManager: in removeSpuriousFiles, preserving file /data/data/com.android.providers.downloads/cache/metadata-202.htm
07-05 14:37:16.660   545 15571 I DownloadManager: in removeSpuriousFiles, preserving file /data/data/com.android.providers.downloads/cache/metadata-156.htm
07-05 14:37:16.660   545 15571 I DownloadManager: in removeSpuriousFiles, preserving file /data/data/com.android.providers.downloads/cache/metadata-81.htm
07-05 14:37:16.660   545 15571 I DownloadManager: in removeSpuriousFiles, preserving file /data/data/com.android.providers.downloads/cache/metadata-1374.htm
07-05 14:37:16.660   545 15571 I DownloadManager: in removeSpuriousFiles, preserving file /data/data/com.android.providers.downloads/cache/metadata-218.htm
07-05 14:37:16.660   545 15571 I DownloadManager: in removeSpuriousFiles, preserving file /data/data/com.android.providers.downloads/cache/metadata-234.htm
07-05 14:37:16.660   545 15571 I DownloadManager: in removeSpuriousFiles, preserving file /data/data/com.android.providers.downloads/cache/metadata-117.htm
07-05 14:37:16.664   545 15571 I DownloadManager: in removeSpuriousFiles, preserving file /data/data/com.android.providers.downloads/cache/metadata-126.htm
07-05 14:37:16.676   545 15571 I DownloadManager: in removeSpuriousFiles, preserving file /data/data/com.android.providers.downloads/cache/metadata-254.htm
07-05 14:37:16.676   545 15571 I DownloadManager: in removeSpuriousFiles, preserving file /data/data/com.android.providers.downloads/cache/metadata-140.htm
07-05 14:37:16.676   545 15571 I DownloadManager: in removeSpuriousFiles, preserving file /data/data/com.android.providers.downloads/cache/metadata-233.htm
07-05 14:37:16.676   545 15571 I DownloadManager: in removeSpuriousFiles, preserving file /data/data/com.android.providers.downloads/cache/metadata-75.htm
07-05 14:37:16.676   545 15571 I DownloadManager: in removeSpuriousFiles, preserving file /data/data/com.android.providers.downloads/cache/metadata-326.htm
07-05 14:37:16.676   545 15571 I DownloadManager: in removeSpuriousFiles, preserving file /data/data/com.android.providers.downloads/cache/metadata-462.htm
07-05 14:37:16.676   545 15571 I DownloadManager: in removeSpuriousFiles, preserving file /data/data/com.android.providers.downloads/cache/metadata-231.htm
07-05 14:37:16.676   545 15571 I DownloadManager: in removeSpuriousFiles, preserving file /data/data/com.android.providers.downloads/cache/metadata-1559.htm
07-05 14:37:16.676   545 15571 I DownloadManager: in removeSpuriousFiles, preserving file /data/data/com.android.providers.downloads/cache/metadata-467.htm
07-05 14:37:16.676   545 15571 I DownloadManager: in removeSpuriousFiles, preserving file /data/data/com.android.providers.downloads/cache/metadata-1193.htm
07-05 14:37:16.676   545 15571 I DownloadManager: in removeSpuriousFiles, preserving file /data/data/com.android.providers.downloads/cache/metadata-633.htm
07-05 14:37:16.676   545 15571 I DownloadManager: in removeSpuriousFiles, preserving file /data/data/com.android.providers.downloads/cache/metadata-2412.htm
07-05 14:37:16.680   545 15571 I DownloadManager: in removeSpuriousFiles, preserving file /data/data/com.android.providers.downloads/cache/metadata-247.htm
07-05 14:37:16.680   545 15571 I DownloadManager: in removeSpuriousFiles, preserving file /data/data/com.android.providers.downloads/cache/metadata-175.htm
07-05 14:37:16.680   545 15571 I DownloadManager: in removeSpuriousFiles, preserving file /data/data/com.android.providers.downloads/cache/metadata-217.htm
07-05 14:37:16.680   545 15571 I DownloadManager: in removeSpuriousFiles, preserving file /data/data/com.android.providers.downloads/cache/metadata-1002.htm
07-05 14:37:16.680   545 15571 I DownloadManager: in removeSpuriousFiles, preserving file /data/data/com.android.providers.downloads/cache/metadata-206.htm
07-05 14:37:16.680   545 15571 I DownloadManager: in removeSpuriousFiles, preserving file /data/data/com.android.providers.downloads/cache/metadata-839.htm
07-05 14:37:16.680   545 15571 I DownloadManager: in removeSpuriousFiles, preserving file /data/data/com.android.providers.downloads/cache/metadata-1320.htm
07-05 14:37:16.688   545 15571 I DownloadManager: in removeSpuriousFiles, preserving file /data/data/com.android.providers.downloads/cache/metadata-237.htm
07-05 14:37:16.688   545 15571 I DownloadManager: in removeSpuriousFiles, preserving file /data/data/com.android.providers.downloads/cache/metadata-273.htm
07-05 14:37:16.688   545 15571 I DownloadManager: in removeSpuriousFiles, preserving file /data/data/com.android.providers.downloads/cache/metadata-107.htm
07-05 14:37:16.688   545 15571 I DownloadManager: in removeSpuriousFiles, preserving file /data/data/com.android.providers.downloads/cache/metadata-2002.htm
07-05 14:37:16.688   545 15571 I DownloadManager: in removeSpuriousFiles, preserving file /data/data/com.android.providers.downloads/cache/metadata-212.htm
07-05 14:37:16.692   545 15571 I DownloadManager: in removeSpuriousFiles, preserving file /data/data/com.android.providers.downloads/cache/metadata-113.htm
07-05 14:37:16.692   545 15571 I DownloadManager: in removeSpuriousFiles, preserving file /data/data/com.android.providers.downloads/cache/metadata-825.htm
07-05 14:37:16.692   545 15571 I DownloadManager: in removeSpuriousFiles, preserving file /data/data/com.android.providers.downloads/cache/metadata-941.htm
07-05 14:37:16.692   545 15571 I DownloadManager: in removeSpuriousFiles, preserving file /data/data/com.android.providers.downloads/cache/metadata-281.htm
07-05 14:37:16.692   545 15571 I DownloadManager: in removeSpuriousFiles, preserving file /data/data/com.android.providers.downloads/cache/metadata-1437.htm
07-05 14:37:16.692   545 15571 I DownloadManager: in removeSpuriousFiles, preserving file /data/data/com.android.providers.downloads/cache/metadata-657.htm
07-05 14:37:16.692   545 15571 I DownloadManager: in removeSpuriousFiles, preserving file /data/data/com.android.providers.downloads/cache/metadata-368.htm
07-05 14:37:16.692   545 15571 I DownloadManager: in removeSpuriousFiles, preserving file /data/data/com.android.providers.downloads/cache/metadata-1465.htm
07-05 14:37:16.696   545 15571 I DownloadManager: in removeSpuriousFiles, preserving file /data/data/com.android.providers.downloads/cache/metadata-690.htm
07-05 14:37:16.696   545 15571 I DownloadManager: in removeSpuriousFiles, preserving file /data/data/com.android.providers.downloads/cache/metadata-606.htm
07-05 14:37:16.700   545 15571 I DownloadManager: in removeSpuriousFiles, preserving file /data/data/com.android.providers.downloads/cache/metadata-276.htm
07-05 14:37:16.700   545 15571 I DownloadManager: in removeSpuriousFiles, preserving file /data/data/com.android.providers.downloads/cache/metadata-983.htm
07-05 14:37:16.700   545 15571 I DownloadManager: in removeSpuriousFiles, preserving file /data/data/com.android.providers.downloads/cache/metadata-1150.htm
07-05 14:37:16.700   545 15571 I DownloadManager: in removeSpuriousFiles, preserving file /data/data/com.android.providers.downloads/cache/metadata-418.htm
07-05 14:37:16.700   545 15571 I DownloadManager: in removeSpuriousFiles, preserving file /data/data/com.android.providers.downloads/cache/metadata-1207.htm
07-05 14:37:16.700   545 15571 I DownloadManager: in removeSpuriousFiles, preserving file /data/data/com.android.providers.downloads/cache/metadata-1581.htm
07-05 14:37:16.700   545 15571 I DownloadManager: in removeSpuriousFiles, preserving file /data/data/com.android.providers.downloads/cache/metadata-144.htm
07-05 14:37:16.700   545 15571 I DownloadManager: in removeSpuriousFiles, preserving file /data/data/com.android.providers.downloads/cache/metadata-1294.htm
07-05 14:37:16.707   545 15571 I DownloadManager: in removeSpuriousFiles, preserving file /data/data/com.android.providers.downloads/cache/metadata-550.htm
07-05 14:37:16.707   545 15571 I DownloadManager: in removeSpuriousFiles, preserving file /data/data/com.android.providers.downloads/cache/metadata-1378.htm
07-05 14:37:16.707   545 15571 I DownloadManager: in removeSpuriousFiles, preserving file /data/data/com.android.providers.downloads/cache/metadata-615.htm
07-05 14:37:16.707   545 15571 I DownloadManager: in removeSpuriousFiles, preserving file /data/data/com.android.providers.downloads/cache/metadata-475.htm
07-05 14:37:16.707   545 15571 I DownloadManager: in removeSpuriousFiles, preserving file /data/data/com.android.providers.downloads/cache/metadata-375.htm
07-05 14:37:16.707   545 15571 I DownloadManager: in removeSpuriousFiles, preserving file /data/data/com.android.providers.downloads/cache/metadata-336.htm
07-05 14:37:16.711   545 15571 I DownloadManager: in removeSpuriousFiles, preserving file /data/data/com.android.providers.downloads/cache/metadata-2115.htm
07-05 14:37:16.711   545 15571 I DownloadManager: in removeSpuriousFiles, preserving file /data/data/com.android.providers.downloads/cache/metadata-651.htm
07-05 14:37:16.715   545 15571 I DownloadManager: in removeSpuriousFiles, preserving file /data/data/com.android.providers.downloads/cache/metadata-505.htm
07-05 14:37:16.715   545 15571 I DownloadManager: in removeSpuriousFiles, preserving file /data/data/com.android.providers.downloads/cache/metadata-2459.htm
07-05 14:37:16.715   545 15571 I DownloadManager: in removeSpuriousFiles, preserving file /data/data/com.android.providers.downloads/cache/metadata-2967.htm
07-05 14:37:16.715   545 15571 I DownloadManager: in removeSpuriousFiles, preserving file /data/data/com.android.providers.downloads/cache/metadata-240.htm
07-05 14:37:16.715   545 15571 I DownloadManager: in removeSpuriousFiles, preserving file /data/data/com.android.providers.downloads/cache/metadata-1175.htm
07-05 14:37:16.715   545 15571 I DownloadManager: in removeSpuriousFiles, preserving file /data/data/com.android.providers.downloads/cache/metadata-2042.htm
07-05 14:37:16.735   545 15571 I DownloadManager: in removeSpuriousFiles, preserving file /data/data/com.android.providers.downloads/cache/metadata-428.htm
07-05 14:37:16.735   545 15571 I DownloadManager: in removeSpuriousFiles, preserving file /data/data/com.android.providers.downloads/cache/metadata-2304.htm
07-05 14:37:16.735   545 15571 I DownloadManager: in removeSpuriousFiles, preserving file /data/data/com.android.providers.downloads/cache/metadata-335.htm
07-05 14:37:16.735   545 15571 I DownloadManager: in removeSpuriousFiles, preserving file /data/data/com.android.providers.downloads/cache/metadata-802.htm
07-05 14:37:16.735   545 15571 I DownloadManager: in removeSpuriousFiles, preserving file /data/data/com.android.providers.downloads/cache/metadata-1372.htm
07-05 14:37:16.735   545 15571 I DownloadManager: in removeSpuriousFiles, preserving file /data/data/com.android.providers.downloads/cache/metadata-1272.htm
07-05 14:37:16.735   545 15571 I DownloadManager: in removeSpuriousFiles, preserving file /data/data/com.android.providers.downloads/cache/metadata-1183.htm
07-05 14:37:16.735   545 15571 I DownloadManager: in removeSpuriousFiles, preserving file /data/data/com.android.providers.downloads/cache/metadata-742.htm
07-05 14:37:16.739   545   548 D dalvikvm: GC_CONCURRENT freed 527K, 8% free 10822K/11719K, paused 2ms+3ms
07-05 14:37:16.739   545 15571 I DownloadManager: in removeSpuriousFiles, preserving file /data/data/com.android.providers.downloads/cache/metadata-551.htm
07-05 14:37:16.742   545 15571 I DownloadManager: in removeSpuriousFiles, preserving file /data/data/com.android.providers.downloads/cache/metadata-1003.htm
07-05 14:37:16.746   545 15571 I DownloadManager: in removeSpuriousFiles, preserving file /data/data/com.android.providers.downloads/cache/metadata-314.htm
07-05 14:37:16.746   545 15571 I DownloadManager: in removeSpuriousFiles, preserving file /data/data/com.android.providers.downloads/cache/metadata-301.htm
07-05 14:37:16.746   545 15571 I DownloadManager: in removeSpuriousFiles, preserving file /data/data/com.android.providers.downloads/cache/metadata-528.htm
07-05 14:37:16.746   545 15571 I DownloadManager: in removeSpuriousFiles, preserving file /data/data/com.android.providers.downloads/cache/metadata-1793.htm
07-05 14:37:16.746   545 15571 I DownloadManager: in removeSpuriousFiles, preserving file /data/data/com.android.providers.downloads/cache/metadata-1912.htm
07-05 14:37:16.746   545 15571 I DownloadManager: in removeSpuriousFiles, preserving file /data/data/com.android.providers.downloads/cache/metadata-809.htm
07-05 14:37:16.746   545 15571 I DownloadManager: in removeSpuriousFiles, preserving file /data/data/com.android.providers.downloads/cache/metadata-1478.htm
07-05 14:37:16.758   545 15571 I DownloadManager: in removeSpuriousFiles, preserving file /data/data/com.android.providers.downloads/cache/metadata-585.htm
07-05 14:37:16.762   545 15571 I DownloadManager: in removeSpuriousFiles, preserving file /data/data/com.android.providers.downloads/cache/metadata-896.htm
07-05 14:37:16.762   545 15571 I DownloadManager: in removeSpuriousFiles, preserving file /data/data/com.android.providers.downloads/cache/metadata-188.htm
07-05 14:37:16.762   545 15571 I DownloadManager: in removeSpuriousFiles, preserving file /data/data/com.android.providers.downloads/cache/metadata-2140.htm
07-05 14:37:16.762   545 15571 I DownloadManager: in removeSpuriousFiles, preserving file /data/data/com.android.providers.downloads/cache/metadata-996.htm
07-05 14:37:16.762   545 15571 I DownloadManager: in removeSpuriousFiles, preserving file /data/data/com.android.providers.downloads/cache/metadata-1575.htm
07-05 14:37:16.762   545 15571 I DownloadManager: in removeSpuriousFiles, preserving file /data/data/com.android.providers.downloads/cache/metadata-2016.htm
07-05 14:37:16.762   545 15571 I DownloadManager: in removeSpuriousFiles, preserving file /data/data/com.android.providers.downloads/cache/metadata-1444.htm
07-05 14:37:16.770   545 15571 I DownloadManager: in removeSpuriousFiles, preserving file /data/data/com.android.providers.downloads/cache/metadata-885.htm
07-05 14:37:16.770   545 15571 I DownloadManager: in removeSpuriousFiles, preserving file /data/data/com.android.providers.downloads/cache/metadata-419.htm
07-05 14:37:16.770   545 15571 I DownloadManager: in removeSpuriousFiles, preserving file /data/data/com.android.providers.downloads/cache/metadata-1869.htm
07-05 14:37:16.770   545 15571 I DownloadManager: in removeSpuriousFiles, preserving file /data/data/com.android.providers.downloads/cache/metadata-1112.htm
07-05 14:37:16.770   545 15571 I DownloadManager: in removeSpuriousFiles, preserving file /data/data/com.android.providers.downloads/cache/metadata-744.htm
07-05 14:37:16.770   545 15571 I DownloadManager: in removeSpuriousFiles, preserving file /data/data/com.android.providers.downloads/cache/metadata-1473.htm
07-05 14:37:16.774   545 15571 I DownloadManager: in removeSpuriousFiles, preserving file /data/data/com.android.providers.downloads/cache/metadata-1343.htm
07-05 14:37:16.774   545 15571 I DownloadManager: in removeSpuriousFiles, preserving file /data/data/com.android.providers.downloads/cache/metadata-1587.htm
07-05 14:37:16.774   545 15571 I DownloadManager: in removeSpuriousFiles, preserving file /data/data/com.android.providers.downloads/cache/metadata-1405.htm
07-05 14:37:16.774   545 15571 I DownloadManager: in removeSpuriousFiles, preserving file /data/data/com.android.providers.downloads/cache/metadata-2059.htm
07-05 14:37:16.774   545 15571 I DownloadManager: in removeSpuriousFiles, preserving file /data/data/com.android.providers.downloads/cache/metadata-1449.htm
07-05 14:37:16.774   545 15571 I DownloadManager: in removeSpuriousFiles, preserving file /data/data/com.android.providers.downloads/cache/metadata-2038.htm
07-05 14:37:16.778   545 15571 I DownloadManager: in removeSpuriousFiles, preserving file /data/data/com.android.providers.downloads/cache/metadata-661.htm
07-05 14:37:16.778   545 15571 I DownloadManager: in removeSpuriousFiles, preserving file /data/data/com.android.providers.downloads/cache/metadata-7.htm
07-05 14:37:16.778   545 15571 I DownloadManager: in removeSpuriousFiles, preserving file /data/data/com.android.providers.downloads/cache/metadata-3.htm
07-05 14:37:16.778   545 15571 I DownloadManager: in removeSpuriousFiles, preserving file /data/data/com.android.providers.downloads/cache/metadata-27.htm
07-05 14:37:16.778   545 15571 I DownloadManager: in removeSpuriousFiles, preserving file /data/data/com.android.providers.downloads/cache/metadata-197.htm
07-05 14:37:16.778   545 15571 I DownloadManager: in removeSpuriousFiles, preserving file /data/data/com.android.providers.downloads/cache/metadata-52.htm
07-05 14:37:16.778   545 15571 I DownloadManager: in removeSpuriousFiles, preserving file /data/data/com.android.providers.downloads/cache/metadata-103.htm
07-05 14:37:16.778   545 15571 I DownloadManager: in removeSpuriousFiles, preserving file /data/data/com.android.providers.downloads/cache/metadata-50.htm
07-05 14:37:16.778   545 15571 I DownloadManager: in removeSpuriousFiles, preserving file /data/data/com.android.providers.downloads/cache/metadata-116.htm
07-05 14:37:16.778   545 15571 I DownloadManager: in removeSpuriousFiles, preserving file /data/data/com.android.providers.downloads/cache/metadata-149.htm
07-05 14:37:16.778   545 15571 I DownloadManager: in removeSpuriousFiles, preserving file /data/data/com.android.providers.downloads/cache/metadata-323.htm
07-05 14:37:16.778   545 15571 I DownloadManager: in removeSpuriousFiles, preserving file /data/data/com.android.providers.downloads/cache/metadata-294.htm
07-05 14:37:16.778   545 15571 I DownloadManager: in removeSpuriousFiles, preserving file /data/data/com.android.providers.downloads/cache/metadata-351.htm
07-05 14:37:16.778   545 15571 I DownloadManager: in removeSpuriousFiles, preserving file /data/data/com.android.providers.downloads/cache/metadata-1484.htm
07-05 14:37:16.778   545 15571 I DownloadManager: in removeSpuriousFiles, preserving file /data/data/com.android.providers.downloads/cache/metadata-79.htm
07-05 14:37:16.778   545 15571 I DownloadManager: in removeSpuriousFiles, preserving file /data/data/com.android.providers.downloads/cache/metadata-365.htm
07-05 14:37:16.778   545 15571 I DownloadManager: in removeSpuriousFiles, preserving file /data/data/com.android.providers.downloads/cache/metadata-160.htm
07-05 14:37:16.778   545 15571 I DownloadManager: in removeSpuriousFiles, preserving file /data/data/com.android.providers.downloads/cache/metadata-249.htm
07-05 14:37:16.782   545 15571 I DownloadManager: in removeSpuriousFiles, preserving file /data/data/com.android.providers.downloads/cache/metadata-186.htm
07-05 14:37:16.782   545 15571 I DownloadManager: in removeSpuriousFiles, preserving file /data/data/com.android.providers.downloads/cache/metadata-263.htm
07-05 14:37:16.782   545 15571 I DownloadManager: in removeSpuriousFiles, preserving file /data/data/com.android.providers.downloads/cache/metadata-277.htm
07-05 14:37:16.782   545 15571 I DownloadManager: in removeSpuriousFiles, preserving file /data/data/com.android.providers.downloads/cache/metadata-168.htm
07-05 14:37:16.782   545 15571 I DownloadManager: in removeSpuriousFiles, preserving file /data/data/com.android.providers.downloads/cache/metadata-102.htm
07-05 14:37:16.782   545 15571 I DownloadManager: in removeSpuriousFiles, preserving file /data/data/com.android.providers.downloads/cache/metadata-85.htm
07-05 14:37:16.782   545 15571 I DownloadManager: in removeSpuriousFiles, preserving file /data/data/com.android.providers.downloads/cache/metadata-87.htm
07-05 14:37:16.782   545 15571 I DownloadManager: in removeSpuriousFiles, preserving file /data/data/com.android.providers.downloads/cache/metadata-147.htm
07-05 14:37:16.782   545 15571 I DownloadManager: in removeSpuriousFiles, preserving file /data/data/com.android.providers.downloads/cache/metadata-283.htm
07-05 14:37:16.782   545 15571 I DownloadManager: in removeSpuriousFiles, preserving file /data/data/com.android.providers.downloads/cache/metadata-101.htm
07-05 14:37:16.782   545 15571 I DownloadManager: in removeSpuriousFiles, preserving file /data/data/com.android.providers.downloads/cache/metadata-2346.htm
07-05 14:37:16.782   545 15571 I DownloadManager: in removeSpuriousFiles, preserving file /data/data/com.android.providers.downloads/cache/metadata-1249.htm
07-05 14:37:16.782   545 15571 I DownloadManager: in removeSpuriousFiles, preserving file /data/data/com.android.providers.downloads/cache/metadata-562.htm
07-05 14:37:16.782   545 15571 I DownloadManager: in removeSpuriousFiles, preserving file /data/data/com.android.providers.downloads/cache/metadata-350.htm
07-05 14:37:16.782   545 15571 I DownloadManager: in removeSpuriousFiles, preserving file /data/data/com.android.providers.downloads/cache/metadata-227.htm
07-05 14:37:16.782   545 15571 I DownloadManager: in removeSpuriousFiles, preserving file /data/data/com.android.providers.downloads/cache/metadata-76.htm
07-05 14:37:16.782   545 15571 I DownloadManager: in removeSpuriousFiles, preserving file /data/data/com.android.providers.downloads/cache/metadata-163.htm
07-05 14:37:16.782   545 15571 I DownloadManager: in removeSpuriousFiles, preserving file /data/data/com.android.providers.downloads/cache/metadata-88.htm
07-05 14:37:16.785   545 15571 I DownloadManager: in removeSpuriousFiles, preserving file /data/data/com.android.providers.downloads/cache/metadata-480.htm
07-05 14:37:16.785   545 15571 I DownloadManager: in removeSpuriousFiles, preserving file /data/data/com.android.providers.downloads/cache/metadata-340.htm
07-05 14:37:16.785   545 15571 I DownloadManager: in removeSpuriousFiles, preserving file /data/data/com.android.providers.downloads/cache/metadata-171.htm
07-05 14:37:16.785   545 15571 I DownloadManager: in removeSpuriousFiles, preserving file /data/data/com.android.providers.downloads/cache/metadata-436.htm
07-05 14:37:16.785   545 15571 I DownloadManager: in removeSpuriousFiles, preserving file /data/data/com.android.providers.downloads/cache/metadata-359.htm
07-05 14:37:16.785   545 15571 I DownloadManager: in removeSpuriousFiles, preserving file /data/data/com.android.providers.downloads/cache/metadata-288.htm
07-05 14:37:16.785   545 15571 I DownloadManager: in removeSpuriousFiles, preserving file /data/data/com.android.providers.downloads/cache/metadata-300.htm
07-05 14:37:16.785   545 15571 I DownloadManager: in removeSpuriousFiles, preserving file /data/data/com.android.providers.downloads/cache/metadata-899.htm
07-05 14:37:16.785   545 15571 I DownloadManager: in removeSpuriousFiles, preserving file /data/data/com.android.providers.downloads/cache/metadata-344.htm
07-05 14:37:16.785   545 15571 I DownloadManager: in removeSpuriousFiles, preserving file /data/data/com.android.providers.downloads/cache/metadata-331.htm
07-05 14:37:16.785   545 15571 I DownloadManager: in removeSpuriousFiles, preserving file /data/data/com.android.providers.downloads/cache/metadata-329.htm
07-05 14:37:16.785   545 15571 I DownloadManager: in removeSpuriousFiles, preserving file /data/data/com.android.providers.downloads/cache/metadata-400.htm
07-05 14:37:16.785   545 15571 I DownloadManager: in removeSpuriousFiles, preserving file /data/data/com.android.providers.downloads/cache/metadata-94.htm
07-05 14:37:16.785   545 15571 I DownloadManager: in removeSpuriousFiles, preserving file /data/data/com.android.providers.downloads/cache/metadata-567.htm
07-05 14:37:16.785   545 15571 I DownloadManager: in removeSpuriousFiles, preserving file /data/data/com.android.providers.downloads/cache/metadata-328.htm
07-05 14:37:16.789   545 15571 I DownloadManager: in removeSpuriousFiles, preserving file /data/data/com.android.providers.downloads/cache/metadata-322.htm
07-05 14:37:16.789   545 15571 I DownloadManager: in removeSpuriousFiles, preserving file /data/data/com.android.providers.downloads/cache/metadata-261.htm
07-05 14:37:16.789   545 15571 I DownloadManager: in removeSpuriousFiles, preserving file /data/data/com.android.providers.downloads/cache/metadata-1226.htm
07-05 14:37:16.789   545 15571 I DownloadManager: in removeSpuriousFiles, preserving file /data/data/com.android.providers.downloads/cache/metadata-235.htm
07-05 14:37:16.789   545 15571 I DownloadManager: in removeSpuriousFiles, preserving file /data/data/com.android.providers.downloads/cache/metadata-546.htm
07-05 14:37:16.789   545 15571 I DownloadManager: in removeSpuriousFiles, preserving file /data/data/com.android.providers.downloads/cache/metadata-157.htm
07-05 14:37:16.789   545 15571 I DownloadManager: in removeSpuriousFiles, preserving file /data/data/com.android.providers.downloads/cache/metadata-646.htm
07-05 14:37:16.789   545 15571 I DownloadManager: in removeSpuriousFiles, preserving file /data/data/com.android.providers.downloads/cache/metadata-767.htm
07-05 14:37:16.789   545 15571 I DownloadManager: in removeSpuriousFiles, preserving file /data/data/com.android.providers.downloads/cache/metadata-93.htm
07-05 14:37:16.789   545 15571 I DownloadManager: in removeSpuriousFiles, preserving file /data/data/com.android.providers.downloads/cache/metadata-1346.htm
07-05 14:37:16.789   545 15571 I DownloadManager: in removeSpuriousFiles, preserving file /data/data/com.android.providers.downloads/cache/metadata-374.htm
07-05 14:37:16.789   545 15571 I DownloadManager: in removeSpuriousFiles, preserving file /data/data/com.android.providers.downloads/cache/metadata-1147.htm
07-05 14:37:16.789   545 15571 I DownloadManager: in removeSpuriousFiles, preserving file /data/data/com.android.providers.downloads/cache/metadata-159.htm
07-05 14:37:16.793   545 15571 I DownloadManager: in removeSpuriousFiles, preserving file /data/data/com.android.providers.downloads/cache/metadata-208.htm
07-05 14:37:16.793   545 15571 I DownloadManager: in removeSpuriousFiles, preserving file /data/data/com.android.providers.downloads/cache/metadata-910.htm
07-05 14:37:16.793   545 15571 I DownloadManager: in removeSpuriousFiles, preserving file /data/data/com.android.providers.downloads/cache/metadata-481.htm
07-05 14:37:16.793   545 15571 I DownloadManager: in removeSpuriousFiles, preserving file /data/data/com.android.providers.downloads/cache/metadata-608.htm
07-05 14:37:16.793   545 15571 I DownloadManager: in removeSpuriousFiles, preserving file /data/data/com.android.providers.downloads/cache/metadata-306.htm
07-05 14:37:16.793   545 15571 I DownloadManager: in removeSpuriousFiles, preserving file /data/data/com.android.providers.downloads/cache/metadata-1159.htm
07-05 14:37:16.793   545 15571 I DownloadManager: in removeSpuriousFiles, preserving file /data/data/com.android.providers.downloads/cache/metadata-488.htm
07-05 14:37:16.793   545 15571 I DownloadManager: in removeSpuriousFiles, preserving file /data/data/com.android.providers.downloads/cache/metadata-211.htm
07-05 14:37:16.793   545 15571 I DownloadManager: in removeSpuriousFiles, preserving file /data/data/com.android.providers.downloads/cache/metadata-274.htm
07-05 14:37:16.793   545 15571 I DownloadManager: in removeSpuriousFiles, preserving file /data/data/com.android.providers.downloads/cache/metadata-1683.htm
07-05 14:37:16.793   545 15571 I DownloadManager: in removeSpuriousFiles, preserving file /data/data/com.android.providers.downloads/cache/metadata-132.htm
07-05 14:37:16.797   545 15571 I DownloadManager: in removeSpuriousFiles, preserving file /data/data/com.android.providers.downloads/cache/metadata-397.htm
07-05 14:37:16.797   545 15571 I DownloadManager: in removeSpuriousFiles, preserving file /data/data/com.android.providers.downloads/cache/metadata-224.htm
07-05 14:37:16.797   545 15571 I DownloadManager: in removeSpuriousFiles, preserving file /data/data/com.android.providers.downloads/cache/metadata-894.htm
07-05 14:37:16.797   545 15571 I DownloadManager: in removeSpuriousFiles, preserving file /data/data/com.android.providers.downloads/cache/metadata-921.htm
07-05 14:37:16.797   545 15571 I DownloadManager: in removeSpuriousFiles, preserving file /data/data/com.android.providers.downloads/cache/metadata-882.htm
07-05 14:37:16.797   545 15571 I DownloadManager: in removeSpuriousFiles, preserving file /data/data/com.android.providers.downloads/cache/metadata-387.htm
07-05 14:37:16.797   545 15571 I DownloadManager: in removeSpuriousFiles, preserving file /data/data/com.android.providers.downloads/cache/metadata-155.htm
07-05 14:37:16.797   545 15571 I DownloadManager: in removeSpuriousFiles, preserving file /data/data/com.android.providers.downloads/cache/metadata-1919.htm
07-05 14:37:16.797   545 15571 I DownloadManager: in removeSpuriousFiles, preserving file /data/data/com.android.providers.downloads/cache/metadata-694.htm
07-05 14:37:16.797   545 15571 I DownloadManager: in removeSpuriousFiles, preserving file /data/data/com.android.providers.downloads/cache/metadata-1376.htm
07-05 14:37:16.801   545 15571 I DownloadManager: in removeSpuriousFiles, preserving file /data/data/com.android.providers.downloads/cache/metadata-1014.htm
07-05 14:37:16.801   545 15571 I DownloadManager: in removeSpuriousFiles, preserving file /data/data/com.android.providers.downloads/cache/metadata-1210.htm
07-05 14:37:16.801   545 15571 I DownloadManager: in removeSpuriousFiles, preserving file /data/data/com.android.providers.downloads/cache/metadata-307.htm
07-05 14:37:16.801   545 15571 I DownloadManager: in removeSpuriousFiles, preserving file /data/data/com.android.providers.downloads/cache/metadata-1705.htm
07-05 14:37:16.801   545 15571 I DownloadManager: in removeSpuriousFiles, preserving file /data/data/com.android.providers.downloads/cache/metadata-2209.htm
07-05 14:37:16.801   545 15571 I DownloadManager: in removeSpuriousFiles, preserving file /data/data/com.android.providers.downloads/cache/metadata-544.htm
07-05 14:37:16.801   545 15571 I DownloadManager: in removeSpuriousFiles, preserving file /data/data/com.android.providers.downloads/cache/metadata-593.htm
07-05 14:37:16.801   545 15571 I DownloadManager: in removeSpuriousFiles, preserving file /data/data/com.android.providers.downloads/cache/metadata-2004.htm
07-05 14:37:16.801   545 15571 I DownloadManager: in removeSpuriousFiles, preserving file /data/data/com.android.providers.downloads/cache/metadata-1535.htm
07-05 14:37:16.805   545 15571 I DownloadManager: in removeSpuriousFiles, preserving file /data/data/com.android.providers.downloads/cache/metadata-1520.htm
07-05 14:37:16.805   545 15571 I DownloadManager: in removeSpuriousFiles, preserving file /data/data/com.android.providers.downloads/cache/metadata-298.htm
07-05 14:37:16.805   545 15571 I DownloadManager: in removeSpuriousFiles, preserving file /data/data/com.android.providers.downloads/cache/metadata-1274.htm
07-05 14:37:16.809   545 15571 I DownloadManager: in removeSpuriousFiles, preserving file /data/data/com.android.providers.downloads/cache/metadata-831.htm
07-05 14:37:16.809   545 15571 I DownloadManager: in removeSpuriousFiles, preserving file /data/data/com.android.providers.downloads/cache/metadata-1445.htm
07-05 14:37:16.809   545 15571 I DownloadManager: in removeSpuriousFiles, preserving file /data/data/com.android.providers.downloads/cache/metadata-2148.htm
07-05 14:37:16.809   545 15571 I DownloadManager: in removeSpuriousFiles, preserving file /data/data/com.android.providers.downloads/cache/metadata-284.htm
07-05 14:37:16.809   545 15571 I DownloadManager: in removeSpuriousFiles, preserving file /data/data/com.android.providers.downloads/cache/metadata-268.htm
07-05 14:37:16.809   545 15571 I DownloadManager: in removeSpuriousFiles, preserving file /data/data/com.android.providers.downloads/cache/metadata-1182.htm
07-05 14:37:16.809   545 15571 I DownloadManager: in removeSpuriousFiles, preserving file /data/data/com.android.providers.downloads/cache/metadata-2102.htm
07-05 14:37:16.809   545 15571 I DownloadManager: in removeSpuriousFiles, preserving file /data/data/com.android.providers.downloads/cache/metadata-681.htm
07-05 14:37:16.813   545 15571 I DownloadManager: in removeSpuriousFiles, preserving file /data/data/com.android.providers.downloads/cache/metadata-1699.htm
07-05 14:37:16.813   545 15571 I DownloadManager: in removeSpuriousFiles, preserving file /data/data/com.android.providers.downloads/cache/metadata-2771.htm
07-05 14:37:16.813   545 15571 I DownloadManager: in removeSpuriousFiles, preserving file /data/data/com.android.providers.downloads/cache/metadata-976.htm
07-05 14:37:16.813   545 15571 I DownloadManager: in removeSpuriousFiles, preserving file /data/data/com.android.providers.downloads/cache/metadata-1188.htm
07-05 14:37:16.813   545 15571 I DownloadManager: in removeSpuriousFiles, preserving file /data/data/com.android.providers.downloads/cache/metadata-2244.htm
07-05 14:37:16.813   545 15571 I DownloadManager: in removeSpuriousFiles, preserving file /data/data/com.android.providers.downloads/cache/metadata-636.htm
07-05 14:37:16.813   545 15571 I DownloadManager: in removeSpuriousFiles, preserving file /data/data/com.android.providers.downloads/cache/metadata-1508.htm
07-05 14:37:16.813   545 15571 I DownloadManager: in removeSpuriousFiles, preserving file /data/data/com.android.providers.downloads/cache/metadata-2133.htm
07-05 14:37:16.817   545 15571 I DownloadManager: in removeSpuriousFiles, preserving file /data/data/com.android.providers.downloads/cache/metadata-255.htm
07-05 14:37:16.817   545 15571 I DownloadManager: in removeSpuriousFiles, preserving file /data/data/com.android.providers.downloads/cache/metadata-1311.htm
07-05 14:37:16.817   545 15571 I DownloadManager: in removeSpuriousFiles, preserving file /data/data/com.android.providers.downloads/cache/metadata-587.htm
07-05 14:37:16.817   545 15571 I DownloadManager: in removeSpuriousFiles, preserving file /data/data/com.android.providers.downloads/cache/metadata-2000.htm
07-05 14:37:16.817   545 15571 I DownloadManager: in removeSpuriousFiles, preserving file /data/data/com.android.providers.downloads/cache/metadata-900.htm
07-05 14:37:16.817   545 15571 I DownloadManager: in removeSpuriousFiles, preserving file /data/data/com.android.providers.downloads/cache/metadata-626.htm
07-05 14:37:16.817   545 15571 I DownloadManager: in removeSpuriousFiles, preserving file /data/data/com.android.providers.downloads/cache/metadata-725.htm
07-05 14:37:16.821   545 15571 I DownloadManager: in removeSpuriousFiles, preserving file /data/data/com.android.providers.downloads/cache/metadata-176.htm
07-05 14:37:16.821   545 15571 I DownloadManager: in removeSpuriousFiles, preserving file /data/data/com.android.providers.downloads/cache/metadata-1005.htm
07-05 14:37:16.821   545 15571 I DownloadManager: in removeSpuriousFiles, preserving file /data/data/com.android.providers.downloads/cache/metadata-1411.htm
07-05 14:37:16.821   545 15571 I DownloadManager: in removeSpuriousFiles, preserving file /data/data/com.android.providers.downloads/cache/metadata-1564.htm
07-05 14:37:16.821   545 15571 I DownloadManager: in removeSpuriousFiles, preserving file /data/data/com.android.providers.downloads/cache/metadata-14.htm
07-05 14:37:16.821   545 15571 I DownloadManager: in removeSpuriousFiles, preserving file /data/data/com.android.providers.downloads/cache/metadata-6.htm
07-05 14:37:16.821   545 15571 I DownloadManager: in removeSpuriousFiles, preserving file /data/data/com.android.providers.downloads/cache/metadata-220.htm
07-05 14:37:16.821   545 15571 I DownloadManager: in removeSpuriousFiles, preserving file /data/data/com.android.providers.downloads/cache/metadata-30.htm
07-05 14:37:16.821   545 15571 I DownloadManager: in removeSpuriousFiles, preserving file /data/data/com.android.providers.downloads/cache/metadata-605.htm
07-05 14:37:16.821   545 15571 I DownloadManager: in removeSpuriousFiles, preserving file /data/data/com.android.providers.downloads/cache/metadata-137.htm
07-05 14:37:16.821   545 15571 I DownloadManager: in removeSpuriousFiles, preserving file /data/data/com.android.providers.downloads/cache/metadata-61.htm
07-05 14:37:16.821   545 15571 I DownloadManager: in removeSpuriousFiles, preserving file /data/data/com.android.providers.downloads/cache/metadata-18.htm
07-05 14:37:16.821   545 15571 I DownloadManager: in removeSpuriousFiles, preserving file /data/data/com.android.providers.downloads/cache/metadata-552.htm
07-05 14:37:16.825   545 15571 I DownloadManager: in removeSpuriousFiles, preserving file /data/data/com.android.providers.downloads/cache/metadata-1964.htm
07-05 14:37:16.825   545 15571 I DownloadManager: in removeSpuriousFiles, preserving file /data/data/com.android.providers.downloads/cache/metadata-357.htm
07-05 14:37:16.825   545 15571 I DownloadManager: in removeSpuriousFiles, preserving file /data/data/com.android.providers.downloads/cache/metadata-48.htm
07-05 14:37:16.825   545 15571 I DownloadManager: in removeSpuriousFiles, preserving file /data/data/com.android.providers.downloads/cache/metadata-482.htm
07-05 14:37:16.825   545 15571 I DownloadManager: in removeSpuriousFiles, preserving file /data/data/com.android.providers.downloads/cache/metadata-152.htm
07-05 14:37:16.825   545 15571 I DownloadManager: in removeSpuriousFiles, preserving file /data/data/com.android.providers.downloads/cache/metadata-65.htm
07-05 14:37:16.825   545 15571 I DownloadManager: in removeSpuriousFiles, preserving file /data/data/com.android.providers.downloads/cache/metadata-518.htm
07-05 14:37:16.825   545 15571 I DownloadManager: in removeSpuriousFiles, preserving file /data/data/com.android.providers.downloads/cache/metadata-356.htm
07-05 14:37:16.825   545 15571 I DownloadManager: in removeSpuriousFiles, preserving file /data/data/com.android.providers.downloads/cache/metadata-146.htm
07-05 14:37:16.825   545 15571 I DownloadManager: in removeSpuriousFiles, preserving file /data/data/com.android.providers.downloads/cache/metadata-841.htm
07-05 14:37:16.825   545 15571 I DownloadManager: in removeSpuriousFiles, preserving file /data/data/com.android.providers.downloads/cache/metadata-1358.htm
07-05 14:37:16.825   545 15571 I DownloadManager: in removeSpuriousFiles, preserving file /data/data/com.android.providers.downloads/cache/metadata-427.htm
07-05 14:37:16.825   545 15571 I DownloadManager: in removeSpuriousFiles, preserving file /data/data/com.android.providers.downloads/cache/metadata-119.htm
07-05 14:37:16.825   545 15571 I DownloadManager: in removeSpuriousFiles, preserving file /data/data/com.android.providers.downloads/cache/metadata-243.htm
07-05 14:37:16.825   545 15571 I DownloadManager: in removeSpuriousFiles, preserving file /data/data/com.android.providers.downloads/cache/metadata-167.htm
07-05 14:37:16.825   545 15571 I DownloadManager: in removeSpuriousFiles, preserving file /data/data/com.android.providers.downloads/cache/metadata-411.htm
07-05 14:37:16.825   545 15571 I DownloadManager: in removeSpuriousFiles, preserving file /data/data/com.android.providers.downloads/cache/metadata-80.htm
07-05 14:37:16.825   545 15571 I DownloadManager: in removeSpuriousFiles, preserving file /data/data/com.android.providers.downloads/cache/metadata-311.htm
07-05 14:37:16.825   545 15571 I DownloadManager: in removeSpuriousFiles, preserving file /data/data/com.android.providers.downloads/cache/metadata-353.htm
07-05 14:37:16.825   545 15571 I DownloadManager: in removeSpuriousFiles, preserving file /data/data/com.android.providers.downloads/cache/metadata-242.htm
07-05 14:37:16.825   545 15571 I DownloadManager: in removeSpuriousFiles, preserving file /data/data/com.android.providers.downloads/cache/metadata-432.htm
07-05 14:37:16.828   545 15571 I DownloadManager: in removeSpuriousFiles, preserving file /data/data/com.android.providers.downloads/cache/metadata-169.htm
07-05 14:37:16.828   545 15571 I DownloadManager: in removeSpuriousFiles, preserving file /data/data/com.android.providers.downloads/cache/metadata-203.htm
07-05 14:37:16.828   545 15571 I DownloadManager: in removeSpuriousFiles, preserving file /data/data/com.android.providers.downloads/cache/metadata-709.htm
07-05 14:37:16.828   545 15571 I DownloadManager: in removeSpuriousFiles, preserving file /data/data/com.android.providers.downloads/cache/metadata-250.htm
07-05 14:37:16.828   545 15571 I DownloadManager: in removeSpuriousFiles, preserving file /data/data/com.android.providers.downloads/cache/metadata-404.htm
07-05 14:37:16.828   545 15571 I DownloadManager: in removeSpuriousFiles, preserving file /data/data/com.android.providers.downloads/cache/metadata-303.htm
07-05 14:37:16.828   545 15571 I DownloadManager: in removeSpuriousFiles, preserving file /data/data/com.android.providers.downloads/cache/metadata-686.htm
07-05 14:37:16.828   545 15571 I DownloadManager: in removeSpuriousFiles, preserving file /data/data/com.android.providers.downloads/cache/metadata-1886.htm
07-05 14:37:16.828   545 15571 I DownloadManager: in removeSpuriousFiles, preserving file /data/data/com.android.providers.downloads/cache/metadata-392.htm
07-05 14:37:16.828   545 15571 I DownloadManager: in removeSpuriousFiles, preserving file /data/data/com.android.providers.downloads/cache/metadata-1865.htm
07-05 14:37:16.828   545 15571 I DownloadManager: in removeSpuriousFiles, preserving file /data/data/com.android.providers.downloads/cache/metadata-580.htm
07-05 14:37:16.828   545 15571 I DownloadManager: in removeSpuriousFiles, preserving file /data/data/com.android.providers.downloads/cache/metadata-1420.htm
07-05 14:37:16.828   545 15571 I DownloadManager: in removeSpuriousFiles, preserving file /data/data/com.android.providers.downloads/cache/metadata-757.htm
07-05 14:37:16.828   545 15571 I DownloadManager: in removeSpuriousFiles, preserving file /data/data/com.android.providers.downloads/cache/metadata-333.htm
07-05 14:37:16.828   545 15571 I DownloadManager: in removeSpuriousFiles, preserving file /data/data/com.android.providers.downloads/cache/metadata-1755.htm
07-05 14:37:16.828   545 15571 I DownloadManager: in removeSpuriousFiles, preserving file /data/data/com.android.providers.downloads/cache/metadata-369.htm
07-05 14:37:16.828   545 15571 I DownloadManager: in removeSpuriousFiles, preserving file /data/data/com.android.providers.downloads/cache/metadata-286.htm
07-05 14:37:16.832   545 15571 I DownloadManager: in removeSpuriousFiles, preserving file /data/data/com.android.providers.downloads/cache/metadata-1340.htm
07-05 14:37:16.832   545 15571 I DownloadManager: in removeSpuriousFiles, preserving file /data/data/com.android.providers.downloads/cache/metadata-271.htm
07-05 14:37:16.832   545 15571 I DownloadManager: in removeSpuriousFiles, preserving file /data/data/com.android.providers.downloads/cache/metadata-289.htm
07-05 14:37:16.832   545 15571 I DownloadManager: in removeSpuriousFiles, preserving file /data/data/com.android.providers.downloads/cache/metadata-305.htm
07-05 14:37:16.832   545 15571 I DownloadManager: in removeSpuriousFiles, preserving file /data/data/com.android.providers.downloads/cache/metadata-714.htm
07-05 14:37:16.832   545 15571 I DownloadManager: in removeSpuriousFiles, preserving file /data/data/com.android.providers.downloads/cache/metadata-193.htm
07-05 14:37:16.832   545 15571 I DownloadManager: in removeSpuriousFiles, preserving file /data/data/com.android.providers.downloads/cache/metadata-1256.htm
07-05 14:37:16.832   545 15571 I DownloadManager: in removeSpuriousFiles, preserving file /data/data/com.android.providers.downloads/cache/metadata-1197.htm
07-05 14:37:16.832   545 15571 I DownloadManager: in removeSpuriousFiles, preserving file /data/data/com.android.providers.downloads/cache/metadata-133.htm
07-05 14:37:16.832   545 15571 I DownloadManager: in removeSpuriousFiles, preserving file /data/data/com.android.providers.downloads/cache/metadata-871.htm
07-05 14:37:16.832   545 15571 I DownloadManager: in removeSpuriousFiles, preserving file /data/data/com.android.providers.downloads/cache/metadata-1968.htm
07-05 14:37:16.832   545 15571 I DownloadManager: in removeSpuriousFiles, preserving file /data/data/com.android.providers.downloads/cache/metadata-213.htm
07-05 14:37:16.832   545 15571 I DownloadManager: in removeSpuriousFiles, preserving file /data/data/com.android.providers.downloads/cache/metadata-83.htm
07-05 14:37:16.832   545 15571 I DownloadManager: in removeSpuriousFiles, preserving file /data/data/com.android.providers.downloads/cache/metadata-459.htm
07-05 14:37:16.832   545 15571 I DownloadManager: in removeSpuriousFiles, preserving file /data/data/com.android.providers.downloads/cache/metadata-304.htm
07-05 14:37:16.836   545 15571 I DownloadManager: in removeSpuriousFiles, preserving file /data/data/com.android.providers.downloads/cache/metadata-1453.htm
07-05 14:37:16.836   545 15571 I DownloadManager: in removeSpuriousFiles, preserving file /data/data/com.android.providers.downloads/cache/metadata-453.htm
07-05 14:37:16.836   545 15571 I DownloadManager: in removeSpuriousFiles, preserving file /data/data/com.android.providers.downloads/cache/metadata-2085.htm
07-05 14:37:16.836   545 15571 I DownloadManager: in removeSpuriousFiles, preserving file /data/data/com.android.providers.downloads/cache/metadata-1629.htm
07-05 14:37:16.836   545 15571 I DownloadManager: in removeSpuriousFiles, preserving file /data/data/com.android.providers.downloads/cache/metadata-883.htm
07-05 14:37:16.836   545 15571 I DownloadManager: in removeSpuriousFiles, preserving file /data/data/com.android.providers.downloads/cache/metadata-162.htm
07-05 14:37:16.836   545 15571 I DownloadManager: in removeSpuriousFiles, preserving file /data/data/com.android.providers.downloads/cache/metadata-1131.htm
07-05 14:37:16.836   545 15571 I DownloadManager: in removeSpuriousFiles, preserving file /data/data/com.android.providers.downloads/cache/metadata-537.htm
07-05 14:37:16.836   545 15571 I DownloadManager: in removeSpuriousFiles, preserving file /data/data/com.android.providers.downloads/cache/metadata-640.htm
07-05 14:37:16.836   545 15571 I DownloadManager: in removeSpuriousFiles, preserving file /data/data/com.android.providers.downloads/cache/metadata-1334.htm
07-05 14:37:16.840   545 15571 I DownloadManager: in removeSpuriousFiles, preserving file /data/data/com.android.providers.downloads/cache/metadata-940.htm
07-05 14:37:16.840   545 15571 I DownloadManager: in removeSpuriousFiles, preserving file /data/data/com.android.providers.downloads/cache/metadata-1013.htm
07-05 14:37:16.840   545 15571 I DownloadManager: in removeSpuriousFiles, preserving file /data/data/com.android.providers.downloads/cache/metadata-296.htm
07-05 14:37:16.840   545 15571 I DownloadManager: in removeSpuriousFiles, preserving file /data/data/com.android.providers.downloads/cache/metadata-2099.htm
07-05 14:37:16.840   545 15571 I DownloadManager: in removeSpuriousFiles, preserving file /data/data/com.android.providers.downloads/cache/metadata-440.htm
07-05 14:37:16.840   545 15571 I DownloadManager: in removeSpuriousFiles, preserving file /data/data/com.android.providers.downloads/cache/metadata-1900.htm
07-05 14:37:16.840   545 15571 I DownloadManager: in removeSpuriousFiles, preserving file /data/data/com.android.providers.downloads/cache/metadata-2315.htm
07-05 14:37:16.840   545 15571 I DownloadManager: in removeSpuriousFiles, preserving file /data/data/com.android.providers.downloads/cache/metadata-380.htm
07-05 14:37:16.840   545 15571 I DownloadManager: in removeSpuriousFiles, preserving file /data/data/com.android.providers.downloads/cache/metadata-2029.htm
07-05 14:37:16.840   545 15571 I DownloadManager: in removeSpuriousFiles, preserving file /data/data/com.android.providers.downloads/cache/metadata-104.htm
07-05 14:37:16.840   545 15571 I DownloadManager: in removeSpuriousFiles, preserving file /data/data/com.android.providers.downloads/cache/metadata-451.htm
07-05 14:37:16.840   545 15571 I DownloadManager: in removeSpuriousFiles, preserving file /data/data/com.android.providers.downloads/cache/metadata-644.htm
07-05 14:37:16.844   545 15571 I DownloadManager: in removeSpuriousFiles, preserving file /data/data/com.android.providers.downloads/cache/metadata-1017.htm
07-05 14:37:16.844   545 15571 I DownloadManager: in removeSpuriousFiles, preserving file /data/data/com.android.providers.downloads/cache/metadata-635.htm
07-05 14:37:16.844   545 15571 I DownloadManager: in removeSpuriousFiles, preserving file /data/data/com.android.providers.downloads/cache/metadata-692.htm
07-05 14:37:16.844   545 15571 I DownloadManager: in removeSpuriousFiles, preserving file /data/data/com.android.providers.downloads/cache/metadata-705.htm
07-05 14:37:16.844   545 15571 I DownloadManager: in removeSpuriousFiles, preserving file /data/data/com.android.providers.downloads/cache/metadata-877.htm
07-05 14:37:16.844   545 15571 I DownloadManager: in removeSpuriousFiles, preserving file /data/data/com.android.providers.downloads/cache/metadata-653.htm
07-05 14:37:16.844   545 15571 I DownloadManager: in removeSpuriousFiles, preserving file /data/data/com.android.providers.downloads/cache/metadata-982.htm
07-05 14:37:16.844   545 15571 I DownloadManager: in removeSpuriousFiles, preserving file /data/data/com.android.providers.downloads/cache/metadata-1359.htm
07-05 14:37:16.844   545 15571 I DownloadManager: in removeSpuriousFiles, preserving file /data/data/com.android.providers.downloads/cache/metadata-275.htm
07-05 14:37:16.844   545 15571 I DownloadManager: in removeSpuriousFiles, preserving file /data/data/com.android.providers.downloads/cache/metadata-96.htm
07-05 14:37:16.844   545 15571 I DownloadManager: in removeSpuriousFiles, preserving file /data/data/com.android.providers.downloads/cache/metadata-1157.htm
07-05 14:37:16.848   545 15571 I DownloadManager: in removeSpuriousFiles, preserving file /data/data/com.android.providers.downloads/cache/metadata-872.htm
07-05 14:37:16.848   545 15571 I DownloadManager: in removeSpuriousFiles, preserving file /data/data/com.android.providers.downloads/cache/metadata-698.htm
07-05 14:37:16.848   545 15571 I DownloadManager: in removeSpuriousFiles, preserving file /data/data/com.android.providers.downloads/cache/metadata-1626.htm
07-05 14:37:16.848   545 15571 I DownloadManager: in removeSpuriousFiles, preserving file /data/data/com.android.providers.downloads/cache/metadata-1425.htm
07-05 14:37:16.848   545 15571 I DownloadManager: in removeSpuriousFiles, preserving file /data/data/com.android.providers.downloads/cache/metadata-1356.htm
07-05 14:37:16.848   545 15571 I DownloadManager: in removeSpuriousFiles, preserving file /data/data/com.android.providers.downloads/cache/metadata-2602.htm
07-05 14:37:16.848   545 15571 I DownloadManager: in removeSpuriousFiles, preserving file /data/data/com.android.providers.downloads/cache/metadata-478.htm
07-05 14:37:16.848   545 15571 I DownloadManager: in removeSpuriousFiles, preserving file /data/data/com.android.providers.downloads/cache/metadata-764.htm
07-05 14:37:16.848   545 15571 I DownloadManager: in removeSpuriousFiles, preserving file /data/data/com.android.providers.downloads/cache/metadata-489.htm
07-05 14:37:16.848   545 15571 I DownloadManager: in removeSpuriousFiles, preserving file /data/data/com.android.providers.downloads/cache/metadata-760.htm
07-05 14:37:16.848   545 15571 I DownloadManager: in removeSpuriousFiles, preserving file /data/data/com.android.providers.downloads/cache/metadata-963.htm
07-05 14:37:16.852   545 15571 I DownloadManager: in removeSpuriousFiles, preserving file /data/data/com.android.providers.downloads/cache/metadata-824.htm
07-05 14:37:16.852   545 15571 I DownloadManager: in removeSpuriousFiles, preserving file /data/data/com.android.providers.downloads/cache/metadata-771.htm
07-05 14:37:16.852   545 15571 I DownloadManager: in removeSpuriousFiles, preserving file /data/data/com.android.providers.downloads/cache/metadata-2097.htm
07-05 14:37:16.852   545 15571 I DownloadManager: in removeSpuriousFiles, preserving file /data/data/com.android.providers.downloads/cache/metadata-931.htm
07-05 14:37:16.856   545 15571 I DownloadManager: in removeSpuriousFiles, preserving file /data/data/com.android.providers.downloads/cache/metadata-1513.htm
07-05 14:37:16.856   545 15571 I DownloadManager: in removeSpuriousFiles, preserving file /data/data/com.android.providers.downloads/cache/metadata-613.htm
07-05 14:37:16.856   545 15571 I DownloadManager: in removeSpuriousFiles, preserving file /data/data/com.android.providers.downloads/cache/metadata-1261.htm
07-05 14:37:16.856   545 15571 I DownloadManager: in removeSpuriousFiles, preserving file /data/data/com.android.providers.downloads/cache/metadata-793.htm
07-05 14:37:16.856   545 15571 I DownloadManager: in removeSpuriousFiles, preserving file /data/data/com.android.providers.downloads/cache/metadata-775.htm
07-05 14:37:16.856   545 15571 I DownloadManager: in removeSpuriousFiles, preserving file /data/data/com.android.providers.downloads/cache/metadata-1225.htm
07-05 14:37:16.856   545 15571 I DownloadManager: in removeSpuriousFiles, preserving file /data/data/com.android.providers.downloads/cache/metadata-548.htm
07-05 14:37:16.856   545 15571 I DownloadManager: in removeSpuriousFiles, preserving file /data/data/com.android.providers.downloads/cache/metadata-1215.htm
07-05 14:37:16.856   545 15571 I DownloadManager: in removeSpuriousFiles, preserving file /data/data/com.android.providers.downloads/cache/metadata-1400.htm
07-05 14:37:16.860   545 15571 I DownloadManager: in removeSpuriousFiles, preserving file /data/data/com.android.providers.downloads/cache/metadata-525.htm
07-05 14:37:16.860   545 15571 I DownloadManager: in removeSpuriousFiles, preserving file /data/data/com.android.providers.downloads/cache/metadata-987.htm
07-05 14:37:16.860   545 15571 I DownloadManager: in removeSpuriousFiles, preserving file /data/data/com.android.providers.downloads/cache/metadata-1060.htm
07-05 14:37:16.860   545 15571 I DownloadManager: in removeSpuriousFiles, preserving file /data/data/com.android.providers.downloads/cache/metadata-1087.htm
07-05 14:37:16.860   545 15571 I DownloadManager: in removeSpuriousFiles, preserving file /data/data/com.android.providers.downloads/cache/metadata-612.htm
07-05 14:37:16.860   545 15571 I DownloadManager: in removeSpuriousFiles, preserving file /data/data/com.android.providers.downloads/cache/metadata-526.htm
07-05 14:37:16.860   545 15571 I DownloadManager: in removeSpuriousFiles, preserving file /data/data/com.android.providers.downloads/cache/metadata.htm
07-05 14:37:16.860   545 15571 I DownloadManager: in removeSpuriousFiles, preserving file /data/data/com.android.providers.downloads/cache/metadata-43.htm
07-05 14:37:16.860   545 15571 I DownloadManager: in removeSpuriousFiles, preserving file /data/data/com.android.providers.downloads/cache/metadata-4.htm
07-05 14:37:16.860   545 15571 I DownloadManager: in removeSpuriousFiles, preserving file /data/data/com.android.providers.downloads/cache/metadata-179.htm
07-05 14:37:16.860   545 15571 I DownloadManager: in removeSpuriousFiles, preserving file /data/data/com.android.providers.downloads/cache/metadata-236.htm
07-05 14:37:16.860   545 15571 I DownloadManager: in removeSpuriousFiles, preserving file /data/data/com.android.providers.downloads/cache/metadata-262.htm
07-05 14:37:16.860   545 15571 I DownloadManager: in removeSpuriousFiles, preserving file /data/data/com.android.providers.downloads/cache/metadata-13.htm
07-05 14:37:16.860   545 15571 I DownloadManager: in removeSpuriousFiles, preserving file /data/data/com.android.providers.downloads/cache/metadata-204.htm
07-05 14:37:16.864   545 15571 I DownloadManager: in removeSpuriousFiles, preserving file /data/data/com.android.providers.downloads/cache/metadata-84.htm
07-05 14:37:16.864   545 15571 I DownloadManager: in removeSpuriousFiles, preserving file /data/data/com.android.providers.downloads/cache/metadata-270.htm
07-05 14:37:16.864   545 15571 I DownloadManager: in removeSpuriousFiles, preserving file /data/data/com.android.providers.downloads/cache/metadata-264.htm
07-05 14:37:16.864   545 15571 I DownloadManager: in removeSpuriousFiles, preserving file /data/data/com.android.providers.downloads/cache/metadata-118.htm
07-05 14:37:16.864   545 15571 I DownloadManager: in removeSpuriousFiles, preserving file /data/data/com.android.providers.downloads/cache/metadata-338.htm
07-05 14:37:16.864   545 15571 I DownloadManager: in removeSpuriousFiles, preserving file /data/data/com.android.providers.downloads/cache/metadata-476.htm
07-05 14:37:16.864   545 15571 I DownloadManager: in removeSpuriousFiles, preserving file /data/data/com.android.providers.downloads/cache/metadata-390.htm
07-05 14:37:16.864   545 15571 I DownloadManager: in removeSpuriousFiles, preserving file /data/data/com.android.providers.downloads/cache/metadata-97.htm
07-05 14:37:16.864   545 15571 I DownloadManager: in removeSpuriousFiles, preserving file /data/data/com.android.providers.downloads/cache/metadata-158.htm
07-05 14:37:16.864   545 15571 I DownloadManager: in removeSpuriousFiles, preserving file /data/data/com.android.providers.downloads/cache/metadata-1714.htm
07-05 14:37:16.864   545 15571 I DownloadManager: in removeSpuriousFiles, preserving file /data/data/com.android.providers.downloads/cache/metadata-318.htm
07-05 14:37:16.864   545 15571 I DownloadManager: in removeSpuriousFiles, preserving file /data/data/com.android.providers.downloads/cache/metadata-422.htm
07-05 14:37:16.864   545 15571 I DownloadManager: in removeSpuriousFiles, preserving file /data/data/com.android.providers.downloads/cache/metadata-266.htm
07-05 14:37:16.864   545 15571 I DownloadManager: in removeSpuriousFiles, preserving file /data/data/com.android.providers.downloads/cache/metadata-330.htm
07-05 14:37:16.864   545 15571 I DownloadManager: in removeSpuriousFiles, preserving file /data/data/com.android.providers.downloads/cache/metadata-556.htm
07-05 14:37:16.864   545 15571 I DownloadManager: in removeSpuriousFiles, preserving file /data/data/com.android.providers.downloads/cache/metadata-198.htm
07-05 14:37:16.864   545 15571 I DownloadManager: in removeSpuriousFiles, preserving file /data/data/com.android.providers.downloads/cache/metadata-165.htm
07-05 14:37:16.864   545 15571 I DownloadManager: in removeSpuriousFiles, preserving file /data/data/com.android.providers.downloads/cache/metadata-408.htm
07-05 14:37:16.864   545 15571 I DownloadManager: in removeSpuriousFiles, preserving file /data/data/com.android.providers.downloads/cache/metadata-804.htm
07-05 14:37:16.864   545 15571 I DownloadManager: in removeSpuriousFiles, preserving file /data/data/com.android.providers.downloads/cache/metadata-228.htm
07-05 14:37:16.864   545 15571 I DownloadManager: in removeSpuriousFiles, preserving file /data/data/com.android.providers.downloads/cache/metadata-382.htm
07-05 14:37:16.867   545 15571 I DownloadManager: in removeSpuriousFiles, preserving file /data/data/com.android.providers.downloads/cache/metadata-516.htm
07-05 14:37:16.867   545 15571 I DownloadManager: in removeSpuriousFiles, preserving file /data/data/com.android.providers.downloads/cache/metadata-510.htm
07-05 14:37:16.867   545 15571 I DownloadManager: in removeSpuriousFiles, preserving file /data/data/com.android.providers.downloads/cache/metadata-246.htm
07-05 14:37:16.867   545 15571 I DownloadManager: in removeSpuriousFiles, preserving file /data/data/com.android.providers.downloads/cache/metadata-189.htm
07-05 14:37:16.867   545 15571 I DownloadManager: in removeSpuriousFiles, preserving file /data/data/com.android.providers.downloads/cache/metadata-827.htm
07-05 14:37:16.867   545 15571 I DownloadManager: in removeSpuriousFiles, preserving file /data/data/com.android.providers.downloads/cache/metadata-472.htm
07-05 14:37:16.867   545 15571 I DownloadManager: in removeSpuriousFiles, preserving file /data/data/com.android.providers.downloads/cache/metadata-485.htm
07-05 14:37:16.867   545 15571 I DownloadManager: in removeSpuriousFiles, preserving file /data/data/com.android.providers.downloads/cache/metadata-490.htm
07-05 14:37:16.867   545 15571 I DownloadManager: in removeSpuriousFiles, preserving file /data/data/com.android.providers.downloads/cache/metadata-349.htm
07-05 14:37:16.867   545 15571 I DownloadManager: in removeSpuriousFiles, preserving file /data/data/com.android.providers.downloads/cache/metadata-354.htm
07-05 14:37:16.867   545 15571 I DownloadManager: in removeSpuriousFiles, preserving file /data/data/com.android.providers.downloads/cache/metadata-572.htm
07-05 14:37:16.867   545 15571 I DownloadManager: in removeSpuriousFiles, preserving file /data/data/com.android.providers.downloads/cache/metadata-1466.htm
07-05 14:37:16.867   545 15571 I DownloadManager: in removeSpuriousFiles, preserving file /data/data/com.android.providers.downloads/cache/metadata-2382.htm
07-05 14:37:16.867   545 15571 I DownloadManager: in removeSpuriousFiles, preserving file /data/data/com.android.providers.downloads/cache/metadata-310.htm
07-05 14:37:16.867   545 15571 I DownloadManager: in removeSpuriousFiles, preserving file /data/data/com.android.providers.downloads/cache/metadata-373.htm
07-05 14:37:16.867   545 15571 I DownloadManager: in removeSpuriousFiles, preserving file /data/data/com.android.providers.downloads/cache/metadata-720.htm
07-05 14:37:16.867   545 15571 I DownloadManager: in removeSpuriousFiles, preserving file /data/data/com.android.providers.downloads/cache/metadata-514.htm
07-05 14:37:16.867   545 15571 I DownloadManager: in removeSpuriousFiles, preserving file /data/data/com.android.providers.downloads/cache/metadata-446.htm
07-05 14:37:16.867   545 15571 I DownloadManager: in removeSpuriousFiles, preserving file /data/data/com.android.providers.downloads/cache/metadata-115.htm
07-05 14:37:16.867   545 15571 I DownloadManager: in removeSpuriousFiles, preserving file /data/data/com.android.providers.downloads/cache/metadata-238.htm
07-05 14:37:16.871   545 15571 I DownloadManager: in removeSpuriousFiles, preserving file /data/data/com.android.providers.downloads/cache/metadata-272.htm
07-05 14:37:16.871   545 15571 I DownloadManager: in removeSpuriousFiles, preserving file /data/data/com.android.providers.downloads/cache/metadata-479.htm
07-05 14:37:16.871   545 15571 I DownloadManager: in removeSpuriousFiles, preserving file /data/data/com.android.providers.downloads/cache/metadata-486.htm
07-05 14:37:16.871   545 15571 I DownloadManager: in removeSpuriousFiles, preserving file /data/data/com.android.providers.downloads/cache/metadata-1141.htm
07-05 14:37:16.871   545 15571 I DownloadManager: in removeSpuriousFiles, preserving file /data/data/com.android.providers.downloads/cache/metadata-652.htm
07-05 14:37:16.871   545 15571 I DownloadManager: in removeSpuriousFiles, preserving file /data/data/com.android.providers.downloads/cache/metadata-829.htm
07-05 14:37:16.871   545 15571 I DownloadManager: in removeSpuriousFiles, preserving file /data/data/com.android.providers.downloads/cache/metadata-429.htm
07-05 14:37:16.871   545 15571 I DownloadManager: in removeSpuriousFiles, preserving file /data/data/com.android.providers.downloads/cache/metadata-473.htm
07-05 14:37:16.871   545 15571 I DownloadManager: in removeSpuriousFiles, preserving file /data/data/com.android.providers.downloads/cache/metadata-343.htm
07-05 14:37:16.871   545 15571 I DownloadManager: in removeSpuriousFiles, preserving file /data/data/com.android.providers.downloads/cache/metadata-1306.htm
07-05 14:37:16.871   545 15571 I DownloadManager: in removeSpuriousFiles, preserving file /data/data/com.android.providers.downloads/cache/metadata-457.htm
07-05 14:37:16.871   545 15571 I DownloadManager: in removeSpuriousFiles, preserving file /data/data/com.android.providers.downloads/cache/metadata-2307.htm
07-05 14:37:16.871   545 15571 I DownloadManager: in removeSpuriousFiles, preserving file /data/data/com.android.providers.downloads/cache/metadata-465.htm
07-05 14:37:16.871   545 15571 I DownloadManager: in removeSpuriousFiles, preserving file /data/data/com.android.providers.downloads/cache/metadata-370.htm
07-05 14:37:16.871   545 15571 I DownloadManager: in removeSpuriousFiles, preserving file /data/data/com.android.providers.downloads/cache/metadata-409.htm
07-05 14:37:16.871   545 15571 I DownloadManager: in removeSpuriousFiles, preserving file /data/data/com.android.providers.downloads/cache/metadata-346.htm
07-05 14:37:16.871   545 15571 I DownloadManager: in removeSpuriousFiles, preserving file /data/data/com.android.providers.downloads/cache/metadata-2578.htm
07-05 14:37:16.871   545 15571 I DownloadManager: in removeSpuriousFiles, preserving file /data/data/com.android.providers.downloads/cache/metadata-801.htm
07-05 14:37:16.875   545 15571 I DownloadManager: in removeSpuriousFiles, preserving file /data/data/com.android.providers.downloads/cache/metadata-1081.htm
07-05 14:37:16.875   545 15571 I DownloadManager: in removeSpuriousFiles, preserving file /data/data/com.android.providers.downloads/cache/metadata-880.htm
07-05 14:37:16.875   545 15571 I DownloadManager: in removeSpuriousFiles, preserving file /data/data/com.android.providers.downloads/cache/metadata-535.htm
07-05 14:37:16.875   545 15571 I DownloadManager: in removeSpuriousFiles, preserving file /data/data/com.android.providers.downloads/cache/metadata-918.htm
07-05 14:37:16.875   545 15571 I DownloadManager: in removeSpuriousFiles, preserving file /data/data/com.android.providers.downloads/cache/metadata-173.htm
07-05 14:37:16.875   545 15571 I DownloadManager: in removeSpuriousFiles, preserving file /data/data/com.android.providers.downloads/cache/metadata-1552.htm
07-05 14:37:16.875   545 15571 I DownloadManager: in removeSpuriousFiles, preserving file /data/data/com.android.providers.downloads/cache/metadata-112.htm
07-05 14:37:16.875   545 15571 I DownloadManager: in removeSpuriousFiles, preserving file /data/data/com.android.providers.downloads/cache/metadata-1067.htm
07-05 14:37:16.875   545 15571 I DownloadManager: in removeSpuriousFiles, preserving file /data/data/com.android.providers.downloads/cache/metadata-1910.htm
07-05 14:37:16.875   545 15571 I DownloadManager: in removeSpuriousFiles, preserving file /data/data/com.android.providers.downloads/cache/metadata-183.htm
07-05 14:37:16.875   545 15571 I DownloadManager: in removeSpuriousFiles, preserving file /data/data/com.android.providers.downloads/cache/metadata-619.htm
07-05 14:37:16.875   545 15571 I DownloadManager: in removeSpuriousFiles, preserving file /data/data/com.android.providers.downloads/cache/metadata-308.htm
07-05 14:37:16.875   545 15571 I DownloadManager: in removeSpuriousFiles, preserving file /data/data/com.android.providers.downloads/cache/metadata-1171.htm
07-05 14:37:16.875   545 15571 I DownloadManager: in removeSpuriousFiles, preserving file /data/data/com.android.providers.downloads/cache/metadata-1487.htm
07-05 14:37:16.875   545 15571 I DownloadManager: in removeSpuriousFiles, preserving file /data/data/com.android.providers.downloads/cache/metadata-888.htm
07-05 14:37:16.875   545 15571 I DownloadManager: in removeSpuriousFiles, preserving file /data/data/com.android.providers.downloads/cache/metadata-1164.htm
07-05 14:37:16.879   545 15571 I DownloadManager: in removeSpuriousFiles, preserving file /data/data/com.android.providers.downloads/cache/metadata-1447.htm
07-05 14:37:16.879   545 15571 I DownloadManager: in removeSpuriousFiles, preserving file /data/data/com.android.providers.downloads/cache/metadata-477.htm
07-05 14:37:16.879   545 15571 I DownloadManager: in removeSpuriousFiles, preserving file /data/data/com.android.providers.downloads/cache/metadata-1267.htm
07-05 14:37:16.879   545 15571 I DownloadManager: in removeSpuriousFiles, preserving file /data/data/com.android.providers.downloads/cache/metadata-1717.htm
07-05 14:37:16.879   545 15571 I DownloadManager: in removeSpuriousFiles, preserving file /data/data/com.android.providers.downloads/cache/metadata-386.htm
07-05 14:37:16.879   545 15571 I DownloadManager: in removeSpuriousFiles, preserving file /data/data/com.android.providers.downloads/cache/metadata-1059.htm
07-05 14:37:16.879   545 15571 I DownloadManager: in removeSpuriousFiles, preserving file /data/data/com.android.providers.downloads/cache/metadata-915.htm
07-05 14:37:16.879   545 15571 I DownloadManager: in removeSpuriousFiles, preserving file /data/data/com.android.providers.downloads/cache/metadata-493.htm
07-05 14:37:16.879   545 15571 I DownloadManager: in removeSpuriousFiles, preserving file /data/data/com.android.providers.downloads/cache/metadata-2036.htm
07-05 14:37:16.879   545 15571 I DownloadManager: in removeSpuriousFiles, preserving file /data/data/com.android.providers.downloads/cache/metadata-1655.htm
07-05 14:37:16.879   545 15571 I DownloadManager: in removeSpuriousFiles, preserving file /data/data/com.android.providers.downloads/cache/metadata-1250.htm
07-05 14:37:16.879   545 15571 I DownloadManager: in removeSpuriousFiles, preserving file /data/data/com.android.providers.downloads/cache/metadata-1217.htm
07-05 14:37:16.879   545 15571 I DownloadManager: in removeSpuriousFiles, preserving file /data/data/com.android.providers.downloads/cache/metadata-1542.htm
07-05 14:37:16.879   545 15571 I DownloadManager: in removeSpuriousFiles, preserving file /data/data/com.android.providers.downloads/cache/metadata-492.htm
