07-05 14:09:48.288   545   548 D dalvikvm: GC_CONCURRENT freed 865K, 11% free 10502K/11719K, paused 2ms+3ms
07-05 14:09:48.550   545   548 D dalvikvm: GC_CONCURRENT freed 415K, 11% free 10478K/11719K, paused 1ms+2ms
07-05 14:09:48.768   545  9899 I DownloadManager: Initiating request for download 5004
07-05 14:09:48.835   545   548 D dalvikvm: GC_CONCURRENT freed 380K, 10% free 10601K/11719K, paused 2ms+3ms
07-05 14:09:48.952   545   548 D dalvikvm: GC_CONCURRENT freed 244K, 8% free 10792K/11719K, paused 2ms+2ms
07-05 14:09:49.093   545   548 D dalvikvm: GC_CONCURRENT freed 723K, 11% free 10542K/11719K, paused 2ms+2ms
07-05 14:09:49.374   545   548 D dalvikvm: GC_CONCURRENT freed 441K, 11% free 10492K/11719K, paused 2ms+3ms
07-05 14:09:49.636   545   548 D dalvikvm: GC_CONCURRENT freed 409K, 11% free 10473K/11719K, paused 1ms+2ms
07-05 14:09:49.807   545  9902 I DownloadManager: Initiating request for download 5005
07-05 14:09:49.889   545   548 D dalvikvm: GC_CONCURRENT freed 260K, 10% free 10660K/11719K, paused 2ms+3ms
07-05 14:09:50.026   545   548 D dalvikvm: GC_CONCURRENT freed 299K, 8% free 10832K/11719K, paused 1ms+2ms
07-05 14:09:50.241   545   548 D dalvikvm: GC_CONCURRENT freed 812K, 11% free 10504K/11719K, paused 2ms+2ms
07-05 14:09:50.284  1370  9904 E DictionaryProvider:UpdateHandler: Can't read a file : android.util.MalformedJsonException: Use JsonReader.setLenient(true) to accept malformed JSON at line 1 column 20
07-05 14:09:50.315  1370  1372 D dalvikvm: GC_CONCURRENT freed 469K, 7% free 9135K/9735K, paused 1ms+2ms
07-05 14:09:50.557   545   548 D dalvikvm: GC_CONCURRENT freed 401K, 11% free 10495K/11719K, paused 2ms+3ms
07-05 14:09:50.827   545   548 D dalvikvm: GC_CONCURRENT freed 414K, 11% free 10471K/11719K, paused 1ms+2ms
07-05 14:09:50.893   545  9907 I DownloadManager: Initiating request for download 5005
07-05 14:09:50.987   545   548 D dalvikvm: GC_CONCURRENT freed 202K, 9% free 10707K/11719K, paused 2ms+3ms
07-05 14:09:51.116   545   548 D dalvikvm: GC_CONCURRENT freed 314K, 8% free 10888K/11719K, paused 2ms+3ms
07-05 14:09:51.428   545   548 D dalvikvm: GC_CONCURRENT freed 892K, 11% free 10496K/11719K, paused 1ms+2ms
07-05 14:09:51.690   545   548 D dalvikvm: GC_CONCURRENT freed 410K, 11% free 10478K/11719K, paused 2ms+3ms
07-05 14:09:51.905   545  9910 I DownloadManager: Initiating request for download 5006
07-05 14:09:51.975   545   548 D dalvikvm: GC_CONCURRENT freed 331K, 10% free 10549K/11719K, paused 1ms+2ms
07-05 14:09:52.093   545   548 D dalvikvm: GC_CONCURRENT freed 218K, 9% free 10776K/11719K, paused 2ms+3ms
07-05 14:09:52.225   545   548 D dalvikvm: GC_CONCURRENT freed 477K, 8% free 10786K/11719K, paused 2ms+2ms
07-05 14:09:52.405   545 15358 D dalvikvm: GC_EXPLICIT freed 481K, 11% free 10510K/11719K, paused 2ms+2ms
07-05 14:09:52.413  1370  9912 E DictionaryProvider:UpdateHandler: Can't read a file : android.util.MalformedJsonException: Use JsonReader.setLenient(true) to accept malformed JSON at line 1 column 20
07-05 14:09:52.686   545   548 D dalvikvm: GC_CONCURRENT freed 409K, 11% free 10491K/11719K, paused 2ms+3ms
07-05 14:09:52.952   545   548 D dalvikvm: GC_CONCURRENT freed 406K, 11% free 10471K/11719K, paused 1ms+2ms
07-05 14:09:53.007   545  9916 I DownloadManager: Initiating request for download 5006
07-05 14:09:53.104   545   548 D dalvikvm: GC_CONCURRENT freed 183K, 9% free 10724K/11719K, paused 2ms+2ms
07-05 14:09:53.229   545   548 D dalvikvm: GC_CONCURRENT freed 298K, 8% free 10892K/11719K, paused 2ms+3ms
07-05 14:09:53.542   545   548 D dalvikvm: GC_CONCURRENT freed 896K, 11% free 10498K/11719K, paused 2ms+3ms
07-05 14:09:53.803   545   548 D dalvikvm: GC_CONCURRENT freed 407K, 11% free 10481K/11719K, paused 2ms+2ms
07-05 14:09:54.007   545  9919 I DownloadManager: Initiating request for download 5007
07-05 14:09:54.065   545   548 D dalvikvm: GC_CONCURRENT freed 326K, 10% free 10551K/11719K, paused 2ms+3ms
07-05 14:09:54.186   545   548 D dalvikvm: GC_CONCURRENT freed 211K, 9% free 10777K/11719K, paused 2ms+2ms
07-05 14:09:54.327   545   548 D dalvikvm: GC_CONCURRENT freed 473K, 8% free 10789K/11719K, paused 2ms+3ms
07-05 14:09:54.468  1370  9921 E DictionaryProvider:UpdateHandler: Can't read a file : android.util.MalformedJsonException: Use JsonReader.setLenient(true) to accept malformed JSON at line 1 column 20
07-05 14:09:54.671   545   548 D dalvikvm: GC_CONCURRENT freed 754K, 11% free 10504K/11719K, paused 2ms+3ms
07-05 14:09:54.940   545   548 D dalvikvm: GC_CONCURRENT freed 412K, 11% free 10480K/11719K, paused 2ms+2ms
07-05 14:09:55.073   545  9924 I DownloadManager: Initiating request for download 5007
07-05 14:09:55.147   545   548 D dalvikvm: GC_CONCURRENT freed 245K, 9% free 10674K/11719K, paused 2ms+3ms
07-05 14:09:55.276   545   548 D dalvikvm: GC_CONCURRENT freed 300K, 8% free 10850K/11719K, paused 2ms+2ms
07-05 14:09:55.503   545   548 D dalvikvm: GC_CONCURRENT freed 830K, 11% free 10511K/11719K, paused 1ms+2ms
07-05 14:09:55.788   545   548 D dalvikvm: GC_CONCURRENT freed 407K, 11% free 10502K/11719K, paused 2ms+2ms
07-05 14:09:56.050   545   548 D dalvikvm: GC_CONCURRENT freed 415K, 11% free 10477K/11719K, paused 2ms+2ms
07-05 14:09:56.116   545  9927 I DownloadManager: Initiating request for download 5008
07-05 14:09:56.214   156   167 D dalvikvm: GC_EXPLICIT freed 479K, 12% free 14098K/16007K, paused 4ms+6ms
07-05 14:09:56.292   545   548 D dalvikvm: GC_CONCURRENT freed 179K, 9% free 10735K/11719K, paused 1ms+3ms
07-05 14:09:56.421   545   548 D dalvikvm: GC_CONCURRENT freed 328K, 8% free 10885K/11719K, paused 2ms+2ms
07-05 14:09:56.589  1370  9929 E DictionaryProvider:UpdateHandler: Can't read a file : android.util.MalformedJsonException: Use JsonReader.setLenient(true) to accept malformed JSON at line 1 column 20
07-05 14:09:56.749   545   548 D dalvikvm: GC_CONCURRENT freed 884K, 11% free 10497K/11719K, paused 2ms+3ms
07-05 14:09:57.014   545   548 D dalvikvm: GC_CONCURRENT freed 410K, 11% free 10473K/11719K, paused 2ms+2ms
07-05 14:09:57.206   545  9932 I DownloadManager: Initiating request for download 5008
07-05 14:09:57.276   545   548 D dalvikvm: GC_CONCURRENT freed 343K, 11% free 10536K/11719K, paused 2ms+3ms
07-05 14:09:57.397   545   548 D dalvikvm: GC_CONCURRENT freed 207K, 9% free 10766K/11719K, paused 2ms+3ms
07-05 14:09:57.534   545   548 D dalvikvm: GC_CONCURRENT freed 462K, 9% free 10779K/11719K, paused 2ms+2ms
07-05 14:09:57.858   545   548 D dalvikvm: GC_CONCURRENT freed 757K, 11% free 10488K/11719K, paused 2ms+2ms
07-05 14:09:58.120   545   548 D dalvikvm: GC_CONCURRENT freed 406K, 11% free 10470K/11719K, paused 2ms+2ms
07-05 14:09:58.268   545  9935 I DownloadManager: Initiating request for download 5009
07-05 14:09:58.362   545   548 D dalvikvm: GC_CONCURRENT freed 246K, 9% free 10665K/11719K, paused 1ms+3ms
07-05 14:09:58.483   545   548 D dalvikvm: GC_CONCURRENT freed 309K, 8% free 10837K/11719K, paused 2ms+4ms
07-05 14:09:58.706   545   548 D dalvikvm: GC_CONCURRENT freed 821K, 11% free 10501K/11719K, paused 1ms+3ms
07-05 14:09:58.753  1370  9937 E DictionaryProvider:UpdateHandler: Can't read a file : android.util.MalformedJsonException: Use JsonReader.setLenient(true) to accept malformed JSON at line 1 column 20
07-05 14:09:58.800  1370  1372 D dalvikvm: GC_CONCURRENT freed 395K, 7% free 9127K/9735K, paused 1ms+2ms
07-05 14:09:59.046   545   548 D dalvikvm: GC_CONCURRENT freed 403K, 11% free 10490K/11719K, paused 2ms+3ms
07-05 14:09:59.315   545   548 D dalvikvm: GC_CONCURRENT freed 412K, 11% free 10468K/11719K, paused 2ms+3ms
07-05 14:09:59.386   545  9940 I DownloadManager: Initiating request for download 5009
07-05 14:09:59.487   545   548 D dalvikvm: GC_CONCURRENT freed 195K, 9% free 10710K/11719K, paused 1ms+3ms
07-05 14:09:59.612   545   548 D dalvikvm: GC_CONCURRENT freed 324K, 8% free 10889K/11719K, paused 2ms+3ms
07-05 14:09:59.905   545   548 D dalvikvm: GC_CONCURRENT freed 893K, 11% free 10495K/11719K, paused 2ms+2ms
07-05 14:10:00.194   545   548 D dalvikvm: GC_CONCURRENT freed 405K, 11% free 10478K/11719K, paused 2ms+2ms
07-05 14:10:00.413   545  9943 I DownloadManager: Initiating request for download 5010
07-05 14:10:00.471   545   548 D dalvikvm: GC_CONCURRENT freed 328K, 11% free 10545K/11719K, paused 2ms+6ms
07-05 14:10:00.596   545   548 D dalvikvm: GC_CONCURRENT freed 210K, 9% free 10771K/11719K, paused 2ms+2ms
07-05 14:10:00.729   545   548 D dalvikvm: GC_CONCURRENT freed 471K, 8% free 10784K/11719K, paused 2ms+2ms
07-05 14:10:00.870  1370  9945 E DictionaryProvider:UpdateHandler: Can't read a file : android.util.MalformedJsonException: Use JsonReader.setLenient(true) to accept malformed JSON at line 1 column 20
07-05 14:10:01.065   545   548 D dalvikvm: GC_CONCURRENT freed 749K, 11% free 10502K/11719K, paused 2ms+2ms
07-05 14:10:01.335   545   548 D dalvikvm: GC_CONCURRENT freed 413K, 11% free 10479K/11719K, paused 2ms+3ms
07-05 14:10:01.460   545  9947 I DownloadManager: Initiating request for download 5010
07-05 14:10:01.553   545   548 D dalvikvm: GC_CONCURRENT freed 241K, 10% free 10664K/11719K, paused 2ms+3ms
07-05 14:10:01.698   545   548 D dalvikvm: GC_CONCURRENT freed 303K, 8% free 10890K/11719K, paused 2ms+3ms
07-05 14:10:01.960   545   548 D dalvikvm: GC_CONCURRENT freed 889K, 11% free 10501K/11719K, paused 1ms+2ms
07-05 14:10:02.221   545   548 D dalvikvm: GC_CONCURRENT freed 405K, 11% free 10482K/11719K, paused 2ms+2ms
07-05 14:10:02.393   993  1240 I PhoneLab-: Service Running
07-05 14:10:02.421   993  1240 I PhoneLab-LoggerService: app_49    1247  993   1956   1584  c00f181c 400107b4 S logcat
07-05 14:10:02.421   993  1240 I PhoneLab-LoggerService: Logcat pid from database 1247
07-05 14:10:02.421   993  1240 I PhoneLab-LoggerService: Logcat process found 1247
07-05 14:10:02.421   993  1240 I PhoneLab-LoggerService: Checking Threshold
07-05 14:10:02.425   993  1240 I PhoneLab-LoggerService: Starting to rename files
07-05 14:10:02.425   993  1240 I PhoneLab-LoggerService: Files found .. 45
07-05 14:10:02.425   993  1240 I PhoneLab-LoggerService: File 1 log.out.1
07-05 14:10:02.432   993  1240 I PhoneLab-LoggerService: Renamed successfully
07-05 14:10:02.522   545   548 D dalvikvm: GC_CONCURRENT freed 403K, 11% free 10469K/11719K, paused 2ms+2ms
07-05 14:10:02.636   545  9952 I DownloadManager: Initiating request for download 5011
07-05 14:10:02.753   545   548 D dalvikvm: GC_CONCURRENT freed 171K, 9% free 10735K/11719K, paused 2ms+3ms
07-05 14:10:02.878   545   548 D dalvikvm: GC_CONCURRENT freed 317K, 8% free 10898K/11719K, paused 1ms+2ms
07-05 14:10:03.065  1370  9954 E DictionaryProvider:UpdateHandler: Can't read a file : android.util.MalformedJsonException: Use JsonReader.setLenient(true) to accept malformed JSON at line 1 column 20
07-05 14:10:03.198   545   548 D dalvikvm: GC_CONCURRENT freed 894K, 11% free 10505K/11719K, paused 2ms+3ms
07-05 14:10:03.464   545   548 D dalvikvm: GC_CONCURRENT freed 417K, 11% free 10479K/11719K, paused 2ms+2ms
07-05 14:10:03.636   545  9957 I DownloadManager: Initiating request for download 5011
07-05 14:10:03.698   545   548 D dalvikvm: GC_CONCURRENT freed 317K, 10% free 10624K/11719K, paused 2ms+3ms
07-05 14:10:03.823   545   548 D dalvikvm: GC_CONCURRENT freed 271K, 8% free 10813K/11719K, paused 2ms+2ms
07-05 14:10:03.995   545   548 D dalvikvm: GC_CONCURRENT freed 751K, 11% free 10543K/11719K, paused 1ms+2ms
07-05 14:10:04.264   545   548 D dalvikvm: GC_CONCURRENT freed 438K, 11% free 10496K/11719K, paused 2ms+2ms
07-05 14:10:04.530   545   548 D dalvikvm: GC_CONCURRENT freed 410K, 11% free 10476K/11719K, paused 2ms+2ms
07-05 14:10:04.671   545  9960 I DownloadManager: Initiating request for download 5012
07-05 14:10:04.764   545   548 D dalvikvm: GC_CONCURRENT freed 225K, 9% free 10682K/11719K, paused 2ms+2ms
07-05 14:10:04.886   545   548 D dalvikvm: GC_CONCURRENT freed 302K, 8% free 10847K/11719K, paused 2ms+2ms
07-05 14:10:05.104  1370  9962 E DictionaryProvider:UpdateHandler: Can't read a file : android.util.MalformedJsonException: Use JsonReader.setLenient(true) to accept malformed JSON at line 1 column 20
07-05 14:10:05.139   545   548 D dalvikvm: GC_CONCURRENT freed 843K, 11% free 10522K/11719K, paused 2ms+3ms
07-05 14:10:05.417   545   548 D dalvikvm: GC_CONCURRENT freed 425K, 11% free 10488K/11719K, paused 2ms+3ms
07-05 14:10:05.682   545   548 D dalvikvm: GC_CONCURRENT freed 404K, 11% free 10474K/11719K, paused 2ms+2ms
07-05 14:10:05.729   545  9965 I DownloadManager: Initiating request for download 5012
07-05 14:10:05.843   545   548 D dalvikvm: GC_CONCURRENT freed 178K, 9% free 10733K/11719K, paused 2ms+2ms
07-05 14:10:05.964   545   548 D dalvikvm: GC_CONCURRENT freed 325K, 7% free 10899K/11719K, paused 2ms+2ms
07-05 14:10:06.268   545   548 D dalvikvm: GC_CONCURRENT freed 904K, 11% free 10500K/11719K, paused 1ms+2ms
07-05 14:10:06.530   545   548 D dalvikvm: GC_CONCURRENT freed 407K, 11% free 10483K/11719K, paused 2ms+2ms
07-05 14:10:06.721   545  9968 I DownloadManager: Initiating request for download 5013
07-05 14:10:06.807   545   548 D dalvikvm: GC_CONCURRENT freed 303K, 10% free 10658K/11719K, paused 2ms+3ms
07-05 14:10:06.940   545   548 D dalvikvm: GC_CONCURRENT freed 285K, 8% free 10826K/11719K, paused 10ms+3ms
07-05 14:10:07.124   545   548 D dalvikvm: GC_CONCURRENT freed 761K, 10% free 10549K/11719K, paused 2ms+2ms
07-05 14:10:07.198  1370  9970 E DictionaryProvider:UpdateHandler: Can't read a file : android.util.MalformedJsonException: Use JsonReader.setLenient(true) to accept malformed JSON at line 1 column 20
07-05 14:10:07.229  1370  1372 D dalvikvm: GC_CONCURRENT freed 385K, 7% free 9130K/9735K, paused 1ms+1ms
07-05 14:10:07.460   545   548 D dalvikvm: GC_CONCURRENT freed 434K, 11% free 10505K/11719K, paused 2ms+3ms
07-05 14:10:07.741   545   548 D dalvikvm: GC_CONCURRENT freed 415K, 11% free 10481K/11719K, paused 2ms+2ms
07-05 14:10:07.846   545  9973 I DownloadManager: Initiating request for download 5013
07-05 14:10:07.936   545   548 D dalvikvm: GC_CONCURRENT freed 227K, 9% free 10687K/11719K, paused 2ms+3ms
07-05 14:10:08.057   545   548 D dalvikvm: GC_CONCURRENT freed 310K, 8% free 10865K/11719K, paused 2ms+3ms
07-05 14:10:08.296   545   548 D dalvikvm: GC_CONCURRENT freed 818K, 11% free 10540K/11719K, paused 1ms+2ms
07-05 14:10:08.557   545   548 D dalvikvm: GC_CONCURRENT freed 405K, 11% free 10526K/11719K, paused 2ms+2ms
07-05 14:10:08.827   545   548 D dalvikvm: GC_CONCURRENT freed 395K, 11% free 10521K/11719K, paused 2ms+3ms
07-05 14:10:09.561   545  9975 I DownloadManager: Initiating request for download 5014
07-05 14:10:09.690   545   548 D dalvikvm: GC_CONCURRENT freed 207K, 9% free 10749K/11719K, paused 2ms+3ms
07-05 14:10:09.823   545   548 D dalvikvm: GC_CONCURRENT freed 325K, 7% free 10906K/11719K, paused 2ms+3ms
07-05 14:10:10.011  1370  9978 E DictionaryProvider:UpdateHandler: Can't read a file : android.util.MalformedJsonException: Use JsonReader.setLenient(true) to accept malformed JSON at line 1 column 20
07-05 14:10:10.151   545   548 D dalvikvm: GC_CONCURRENT freed 899K, 11% free 10513K/11719K, paused 1ms+2ms
07-05 14:10:10.413   545   548 D dalvikvm: GC_CONCURRENT freed 415K, 11% free 10488K/11719K, paused 2ms+2ms
07-05 14:10:10.596   545  9981 I DownloadManager: Initiating request for download 5014
07-05 14:10:10.651   545   548 D dalvikvm: GC_CONCURRENT freed 321K, 10% free 10556K/11719K, paused 2ms+2ms
07-05 14:10:10.772   545   548 D dalvikvm: GC_CONCURRENT freed 208K, 8% free 10785K/11719K, paused 2ms+2ms
07-05 14:10:10.909   545   548 D dalvikvm: GC_CONCURRENT freed 468K, 8% free 10799K/11719K, paused 2ms+3ms
07-05 14:10:11.233   545   548 D dalvikvm: GC_CONCURRENT freed 763K, 11% free 10504K/11719K, paused 2ms+2ms
07-05 14:10:11.499   545   548 D dalvikvm: GC_CONCURRENT freed 410K, 11% free 10485K/11719K, paused 1ms+2ms
07-05 14:10:11.655   545  9984 I DownloadManager: Initiating request for download 5015
07-05 14:10:11.745   545   548 D dalvikvm: GC_CONCURRENT freed 245K, 9% free 10682K/11719K, paused 2ms+3ms
07-05 14:10:11.882   545   548 D dalvikvm: GC_CONCURRENT freed 313K, 8% free 10857K/11719K, paused 2ms+5ms
07-05 14:10:12.096  1370  9986 E DictionaryProvider:UpdateHandler: Can't read a file : android.util.MalformedJsonException: Use JsonReader.setLenient(true) to accept malformed JSON at line 1 column 20
07-05 14:10:12.132   545   548 D dalvikvm: GC_CONCURRENT freed 845K, 11% free 10530K/11719K, paused 2ms+2ms
07-05 14:10:12.417   545   548 D dalvikvm: GC_CONCURRENT freed 423K, 11% free 10497K/11719K, paused 2ms+2ms
07-05 14:10:12.686   545   548 D dalvikvm: GC_CONCURRENT freed 403K, 11% free 10485K/11719K, paused 2ms+2ms
07-05 14:10:12.733   545  9989 I DownloadManager: Initiating request for download 5015
07-05 14:10:12.839   545   548 D dalvikvm: GC_CONCURRENT freed 183K, 9% free 10738K/11719K, paused 2ms+3ms
07-05 14:10:12.964   545   548 D dalvikvm: GC_CONCURRENT freed 312K, 7% free 10911K/11719K, paused 2ms+2ms
07-05 14:10:13.268   545   548 D dalvikvm: GC_CONCURRENT freed 905K, 11% free 10511K/11719K, paused 1ms+2ms
07-05 14:10:13.518   545   548 D dalvikvm: GC_CONCURRENT freed 409K, 11% free 10492K/11719K, paused 2ms+2ms
07-05 14:10:13.721   545  9992 I DownloadManager: Initiating request for download 5016
07-05 14:10:13.784   545   548 D dalvikvm: GC_CONCURRENT freed 326K, 10% free 10562K/11719K, paused 2ms+3ms
07-05 14:10:13.901   545   548 D dalvikvm: GC_CONCURRENT freed 210K, 8% free 10789K/11719K, paused 1ms+2ms
07-05 14:10:14.034   545   548 D dalvikvm: GC_CONCURRENT freed 475K, 8% free 10803K/11719K, paused 1ms+3ms
07-05 14:10:14.261   156   530 D dalvikvm: GC_EXPLICIT freed 520K, 12% free 14100K/16007K, paused 3ms+6ms
07-05 14:10:14.261  1370  9994 E DictionaryProvider:UpdateHandler: Can't read a file : android.util.MalformedJsonException: Use JsonReader.setLenient(true) to accept malformed JSON at line 1 column 20
07-05 14:10:14.448   545   548 D dalvikvm: GC_CONCURRENT freed 761K, 11% free 10516K/11719K, paused 1ms+3ms
07-05 14:10:14.718   545   548 D dalvikvm: GC_CONCURRENT freed 430K, 11% free 10476K/11719K, paused 2ms+2ms
07-05 14:10:14.850   545  9997 I DownloadManager: Initiating request for download 5016
07-05 14:10:14.928   545   548 D dalvikvm: GC_CONCURRENT freed 239K, 10% free 10660K/11719K, paused 2ms+3ms
07-05 14:10:15.053   545   548 D dalvikvm: GC_CONCURRENT freed 296K, 8% free 10832K/11719K, paused 2ms+3ms
07-05 14:10:15.253   545   548 D dalvikvm: GC_CONCURRENT freed 778K, 11% free 10539K/11719K, paused 2ms+2ms
07-05 14:10:15.518   545   548 D dalvikvm: GC_CONCURRENT freed 411K, 11% free 10519K/11719K, paused 2ms+2ms
07-05 14:10:15.792   545   548 D dalvikvm: GC_CONCURRENT freed 430K, 11% free 10479K/11719K, paused 2ms+2ms
07-05 14:10:15.909   545 10000 I DownloadManager: Initiating request for download 5017
07-05 14:10:16.011   545   548 D dalvikvm: GC_CONCURRENT freed 215K, 9% free 10701K/11719K, paused 2ms+2ms
07-05 14:10:16.136   545   548 D dalvikvm: GC_CONCURRENT freed 320K, 8% free 10880K/11719K, paused 2ms+4ms
07-05 14:10:16.331  1370 10002 E DictionaryProvider:UpdateHandler: Can't read a file : android.util.MalformedJsonException: Use JsonReader.setLenient(true) to accept malformed JSON at line 1 column 20
07-05 14:10:16.366  1370  1372 D dalvikvm: GC_CONCURRENT freed 393K, 7% free 9128K/9735K, paused 2ms+2ms
07-05 14:10:16.456   545   548 D dalvikvm: GC_CONCURRENT freed 870K, 11% free 10509K/11719K, paused 2ms+2ms
07-05 14:10:16.718   545   548 D dalvikvm: GC_CONCURRENT freed 415K, 11% free 10485K/11719K, paused 2ms+2ms
07-05 14:10:16.948   545 10005 I DownloadManager: Initiating request for download 5017
07-05 14:10:16.999   545   548 D dalvikvm: GC_CONCURRENT freed 393K, 11% free 10509K/11719K, paused 1ms+3ms
07-05 14:10:17.132   545   548 D dalvikvm: GC_CONCURRENT freed 173K, 9% free 10755K/11719K, paused 1ms+3ms
07-05 14:10:17.257   545   548 D dalvikvm: GC_CONCURRENT freed 425K, 8% free 10795K/11719K, paused 2ms+3ms
07-05 14:10:17.561   545   548 D dalvikvm: GC_CONCURRENT freed 764K, 11% free 10506K/11719K, paused 2ms+2ms
07-05 14:10:17.839   545   548 D dalvikvm: GC_CONCURRENT freed 415K, 11% free 10481K/11719K, paused 2ms+2ms
07-05 14:10:18.061   545 10008 I DownloadManager: Initiating request for download 5018
07-05 14:10:18.128   545   548 D dalvikvm: GC_CONCURRENT freed 317K, 10% free 10552K/11719K, paused 2ms+3ms
07-05 14:10:18.241   545   548 D dalvikvm: GC_CONCURRENT freed 210K, 9% free 10779K/11719K, paused 2ms+2ms
07-05 14:10:18.374   545   548 D dalvikvm: GC_CONCURRENT freed 464K, 8% free 10795K/11719K, paused 1ms+2ms
07-05 14:10:18.553  1370 10010 E DictionaryProvider:UpdateHandler: Can't read a file : android.util.MalformedJsonException: Use JsonReader.setLenient(true) to accept malformed JSON at line 1 column 20
07-05 14:10:18.702   545   548 D dalvikvm: GC_CONCURRENT freed 757K, 11% free 10507K/11719K, paused 1ms+3ms
07-05 14:10:18.971   545   548 D dalvikvm: GC_CONCURRENT freed 412K, 11% free 10486K/11719K, paused 1ms+2ms
07-05 14:10:19.112   545 10013 I DownloadManager: Initiating request for download 5018
07-05 14:10:19.198   545   548 D dalvikvm: GC_CONCURRENT freed 267K, 9% free 10670K/11719K, paused 2ms+3ms
07-05 14:10:19.319   545   548 D dalvikvm: GC_CONCURRENT freed 299K, 8% free 10847K/11719K, paused 2ms+3ms
07-05 14:10:19.522   545   548 D dalvikvm: GC_CONCURRENT freed 792K, 11% free 10543K/11719K, paused 2ms+2ms
07-05 14:10:19.792   545   548 D dalvikvm: GC_CONCURRENT freed 437K, 11% free 10497K/11719K, paused 2ms+3ms
07-05 14:10:20.057   545   548 D dalvikvm: GC_CONCURRENT freed 409K, 11% free 10479K/11719K, paused 2ms+3ms
07-05 14:10:20.163   545 10016 I DownloadManager: Initiating request for download 5019
07-05 14:10:20.272   545   548 D dalvikvm: GC_CONCURRENT freed 201K, 9% free 10714K/11719K, paused 2ms+2ms
07-05 14:10:20.397   545   548 D dalvikvm: GC_CONCURRENT freed 325K, 8% free 10886K/11719K, paused 2ms+3ms
07-05 14:10:20.593  1370 10018 E DictionaryProvider:UpdateHandler: Can't read a file : android.util.MalformedJsonException: Use JsonReader.setLenient(true) to accept malformed JSON at line 1 column 20
07-05 14:10:20.698   545   548 D dalvikvm: GC_CONCURRENT freed 871K, 11% free 10515K/11719K, paused 2ms+2ms
07-05 14:10:20.964   545   548 D dalvikvm: GC_CONCURRENT freed 412K, 11% free 10490K/11719K, paused 1ms+2ms
07-05 14:10:21.190   545 10021 I DownloadManager: Initiating request for download 5019
07-05 14:10:21.253   545   548 D dalvikvm: GC_CONCURRENT freed 397K, 11% free 10538K/11719K, paused 2ms+3ms
07-05 14:10:21.362   545   548 D dalvikvm: GC_CONCURRENT freed 197K, 9% free 10777K/11719K, paused 1ms+3ms
07-05 14:10:21.503   545   548 D dalvikvm: GC_CONCURRENT freed 472K, 8% free 10800K/11719K, paused 1ms+2ms
07-05 14:10:21.678   545 10021 D dalvikvm: GC_EXPLICIT freed 489K, 11% free 10524K/11719K, paused 2ms+3ms
07-05 14:10:21.948   545   548 D dalvikvm: GC_CONCURRENT freed 421K, 11% free 10493K/11719K, paused 2ms+2ms
07-05 14:10:22.210   545   548 D dalvikvm: GC_CONCURRENT freed 404K, 11% free 10480K/11719K, paused 2ms+2ms
07-05 14:10:22.300   545 10024 I DownloadManager: Initiating request for download 5020
07-05 14:10:22.409   545   548 D dalvikvm: GC_CONCURRENT freed 192K, 9% free 10725K/11719K, paused 2ms+3ms
07-05 14:10:22.538   545   548 D dalvikvm: GC_CONCURRENT freed 332K, 8% free 10894K/11719K, paused 2ms+2ms
07-05 14:10:22.721  1370 10026 E DictionaryProvider:UpdateHandler: Can't read a file : android.util.MalformedJsonException: Use JsonReader.setLenient(true) to accept malformed JSON at line 1 column 20
07-05 14:10:22.768   465   467 D dalvikvm: GC_CONCURRENT freed 394K, 6% free 10491K/11143K, paused 3ms+3ms
07-05 14:10:22.882   545   548 D dalvikvm: GC_CONCURRENT freed 878K, 11% free 10515K/11719K, paused 2ms+3ms
07-05 14:10:23.151   545   548 D dalvikvm: GC_CONCURRENT freed 412K, 11% free 10491K/11719K, paused 2ms+2ms
07-05 14:10:23.358   545 10029 I DownloadManager: Initiating request for download 5020
07-05 14:10:23.421   545   548 D dalvikvm: GC_CONCURRENT freed 376K, 10% free 10549K/11719K, paused 2ms+3ms
07-05 14:10:23.538   545   548 D dalvikvm: GC_CONCURRENT freed 202K, 8% free 10783K/11719K, paused 2ms+3ms
07-05 14:10:23.663   545   548 D dalvikvm: GC_CONCURRENT freed 468K, 8% free 10803K/11719K, paused 2ms+2ms
07-05 14:10:23.983   545   548 D dalvikvm: GC_CONCURRENT freed 769K, 11% free 10506K/11719K, paused 1ms+2ms
07-05 14:10:24.253   545   548 D dalvikvm: GC_CONCURRENT freed 411K, 11% free 10486K/11719K, paused 1ms+2ms
07-05 14:10:24.409   545 10032 I DownloadManager: Initiating request for download 5021
07-05 14:10:24.499   545   548 D dalvikvm: GC_CONCURRENT freed 254K, 9% free 10680K/11719K, paused 2ms+3ms
07-05 14:10:24.632   545   548 D dalvikvm: GC_CONCURRENT freed 312K, 8% free 10898K/11719K, paused 2ms+4ms
07-05 14:10:24.839  1370 10034 E DictionaryProvider:UpdateHandler: Can't read a file : android.util.MalformedJsonException: Use JsonReader.setLenient(true) to accept malformed JSON at line 1 column 20
07-05 14:10:24.901  1370  1372 D dalvikvm: GC_CONCURRENT freed 390K, 7% free 9128K/9735K, paused 1ms+7ms
07-05 14:10:24.944   545   548 D dalvikvm: GC_CONCURRENT freed 891K, 11% free 10525K/11719K, paused 2ms+2ms
07-05 14:10:25.210   545   548 D dalvikvm: GC_CONCURRENT freed 413K, 11% free 10498K/11719K, paused 2ms+2ms
07-05 14:10:25.475   545   548 D dalvikvm: GC_CONCURRENT freed 406K, 11% free 10483K/11719K, paused 2ms+2ms
07-05 14:10:25.514   545 10037 I DownloadManager: Initiating request for download 5021
07-05 14:10:25.632   545   548 D dalvikvm: GC_CONCURRENT freed 173K, 9% free 10747K/11719K, paused 2ms+2ms
07-05 14:10:25.753   545   548 D dalvikvm: GC_CONCURRENT freed 339K, 7% free 10913K/11719K, paused 2ms+3ms
07-05 14:10:26.069   545   548 D dalvikvm: GC_CONCURRENT freed 913K, 11% free 10510K/11719K, paused 2ms+3ms
07-05 14:10:26.331   545   548 D dalvikvm: GC_CONCURRENT freed 405K, 11% free 10492K/11719K, paused 2ms+2ms
07-05 14:10:26.518   545 10040 I DownloadManager: Initiating request for download 5022
07-05 14:10:26.600   545   548 D dalvikvm: GC_CONCURRENT freed 301K, 10% free 10648K/11719K, paused 2ms+3ms
07-05 14:10:26.725   545   548 D dalvikvm: GC_CONCURRENT freed 288K, 8% free 10835K/11719K, paused 2ms+3ms
07-05 14:10:26.901   545   548 D dalvikvm: GC_CONCURRENT freed 763K, 10% free 10557K/11719K, paused 2ms+3ms
07-05 14:10:26.987  1370 10042 D dalvikvm: GC_EXPLICIT freed 105K, 7% free 9094K/9735K, paused 2ms+2ms
07-05 14:10:26.999  1370 10042 E DictionaryProvider:UpdateHandler: Can't read a file : android.util.MalformedJsonException: Use JsonReader.setLenient(true) to accept malformed JSON at line 1 column 20
07-05 14:10:27.233   545   548 D dalvikvm: GC_CONCURRENT freed 428K, 11% free 10515K/11719K, paused 2ms+3ms
07-05 14:10:27.499   545   548 D dalvikvm: GC_CONCURRENT freed 414K, 11% free 10491K/11719K, paused 2ms+3ms
07-05 14:10:27.624   545 10045 I DownloadManager: Initiating request for download 5022
07-05 14:10:27.710   545   548 D dalvikvm: GC_CONCURRENT freed 237K, 9% free 10691K/11719K, paused 2ms+3ms
07-05 14:10:27.835   545   548 D dalvikvm: GC_CONCURRENT freed 317K, 8% free 10864K/11719K, paused 1ms+2ms
07-05 14:10:28.053   545   548 D dalvikvm: GC_CONCURRENT freed 833K, 11% free 10522K/11719K, paused 2ms+2ms
07-05 14:10:28.319   545   548 D dalvikvm: GC_CONCURRENT freed 413K, 11% free 10500K/11719K, paused 2ms+2ms
07-05 14:10:28.593   545   548 D dalvikvm: GC_CONCURRENT freed 402K, 11% free 10489K/11719K, paused 2ms+3ms
07-05 14:10:28.675   545 10048 I DownloadManager: Initiating request for download 5023
07-05 14:10:28.788   545   548 D dalvikvm: GC_CONCURRENT freed 185K, 9% free 10741K/11719K, paused 2ms+2ms
07-05 14:10:28.917   545   548 D dalvikvm: GC_CONCURRENT freed 323K, 7% free 10910K/11719K, paused 1ms+3ms
07-05 14:10:29.198   545   548 D dalvikvm: GC_CONCURRENT freed 897K, 11% free 10520K/11719K, paused 2ms+2ms
07-05 14:10:29.284  1370 10050 E DictionaryProvider:UpdateHandler: Can't read a file : android.util.MalformedJsonException: Use JsonReader.setLenient(true) to accept malformed JSON at line 1 column 20
07-05 14:10:29.487   545   548 D dalvikvm: GC_CONCURRENT freed 402K, 11% free 10509K/11719K, paused 2ms+2ms
07-05 14:10:29.690   545 10052 I DownloadManager: Initiating request for download 5023
07-05 14:10:29.749   545   548 D dalvikvm: GC_CONCURRENT freed 375K, 10% free 10551K/11719K, paused 2ms+2ms
07-05 14:10:29.846   545   548 D dalvikvm: GC_CONCURRENT freed 197K, 8% free 10790K/11719K, paused 2ms+4ms
07-05 14:10:29.960   545   548 D dalvikvm: GC_CONCURRENT freed 454K, 8% free 10813K/11719K, paused 2ms+2ms
07-05 14:10:31.300   545   548 D dalvikvm: GC_CONCURRENT freed 770K, 11% free 10515K/11719K, paused 1ms+3ms
07-05 14:10:31.573   545   548 D dalvikvm: GC_CONCURRENT freed 410K, 11% free 10496K/11719K, paused 2ms+2ms
07-05 14:10:31.745   545 10056 I DownloadManager: Initiating request for download 5024
07-05 14:10:31.831   545   548 D dalvikvm: GC_CONCURRENT freed 277K, 9% free 10734K/11719K, paused 2ms+4ms
07-05 14:10:31.968   545   548 D dalvikvm: GC_CONCURRENT freed 342K, 8% free 10889K/11719K, paused 1ms+2ms
07-05 14:10:32.167  1370 10058 E DictionaryProvider:UpdateHandler: Can't read a file : android.util.MalformedJsonException: Use JsonReader.setLenient(true) to accept malformed JSON at line 1 column 20
07-05 14:10:32.253   545   548 D dalvikvm: GC_CONCURRENT freed 851K, 11% free 10543K/11719K, paused 2ms+2ms
07-05 14:10:32.514   545   548 D dalvikvm: GC_CONCURRENT freed 425K, 11% free 10508K/11719K, paused 2ms+2ms
07-05 14:10:32.788   545   548 D dalvikvm: GC_CONCURRENT freed 405K, 11% free 10493K/11719K, paused 2ms+2ms
07-05 14:10:32.827   545 10061 I DownloadManager: Initiating request for download 5024
07-05 14:10:32.936   545   548 D dalvikvm: GC_CONCURRENT freed 179K, 9% free 10752K/11719K, paused 2ms+2ms
07-05 14:10:33.065   545   548 D dalvikvm: GC_CONCURRENT freed 322K, 7% free 10927K/11719K, paused 1ms+2ms
07-05 14:10:33.272   156   628 D dalvikvm: GC_EXPLICIT freed 481K, 12% free 14098K/16007K, paused 2ms+5ms
07-05 14:10:33.444   545   548 D dalvikvm: GC_CONCURRENT freed 921K, 11% free 10519K/11719K, paused 2ms+2ms
07-05 14:10:33.714   545   548 D dalvikvm: GC_CONCURRENT freed 424K, 11% free 10486K/11719K, paused 2ms+2ms
07-05 14:10:33.921   545 10064 I DownloadManager: Initiating request for download 5025
07-05 14:10:33.983   545   548 D dalvikvm: GC_CONCURRENT freed 319K, 10% free 10558K/11719K, paused 2ms+3ms
07-05 14:10:34.104   545   548 D dalvikvm: GC_CONCURRENT freed 209K, 8% free 10786K/11719K, paused 2ms+3ms
07-05 14:10:34.245   545   548 D dalvikvm: GC_CONCURRENT freed 472K, 8% free 10803K/11719K, paused 2ms+3ms
07-05 14:10:34.401  1370 10066 E DictionaryProvider:UpdateHandler: Can't read a file : android.util.MalformedJsonException: Use JsonReader.setLenient(true) to accept malformed JSON at line 1 column 20
07-05 14:10:34.589   545   548 D dalvikvm: GC_CONCURRENT freed 764K, 11% free 10511K/11719K, paused 2ms+2ms
07-05 14:10:34.858   545   548 D dalvikvm: GC_CONCURRENT freed 416K, 11% free 10486K/11719K, paused 2ms+2ms
07-05 14:10:35.007   545 10069 I DownloadManager: Initiating request for download 5025
07-05 14:10:35.089   545   548 D dalvikvm: GC_CONCURRENT freed 254K, 9% free 10668K/11719K, paused 2ms+3ms
07-05 14:10:35.214   545   548 D dalvikvm: GC_CONCURRENT freed 302K, 8% free 10849K/11719K, paused 2ms+2ms
07-05 14:10:35.409   545   548 D dalvikvm: GC_CONCURRENT freed 822K, 11% free 10518K/11719K, paused 2ms+2ms
07-05 14:10:35.686   545   548 D dalvikvm: GC_CONCURRENT freed 406K, 11% free 10503K/11719K, paused 1ms+2ms
07-05 14:10:35.952   545   548 D dalvikvm: GC_CONCURRENT freed 411K, 11% free 10483K/11719K, paused 2ms+2ms
07-05 14:10:36.061   545 10072 I DownloadManager: Initiating request for download 5026
07-05 14:10:36.159   545   548 D dalvikvm: GC_CONCURRENT freed 212K, 9% free 10708K/11719K, paused 2ms+2ms
07-05 14:10:36.284   545   548 D dalvikvm: GC_CONCURRENT freed 314K, 8% free 10892K/11719K, paused 2ms+2ms
07-05 14:10:36.479  1370 10074 E DictionaryProvider:UpdateHandler: Can't read a file : android.util.MalformedJsonException: Use JsonReader.setLenient(true) to accept malformed JSON at line 1 column 20
07-05 14:10:36.511  1370  1372 D dalvikvm: GC_CONCURRENT freed 373K, 7% free 9138K/9735K, paused 1ms+2ms
07-05 14:10:36.589   545   548 D dalvikvm: GC_CONCURRENT freed 871K, 11% free 10524K/11719K, paused 1ms+2ms
07-05 14:10:36.858   545   548 D dalvikvm: GC_CONCURRENT freed 416K, 11% free 10499K/11719K, paused 2ms+2ms
07-05 14:10:37.124   545   548 D dalvikvm: GC_CONCURRENT freed 403K, 11% free 10486K/11719K, paused 2ms+3ms
07-05 14:10:37.155   545 10076 I DownloadManager: Initiating request for download 5026
07-05 14:10:37.237   545   548 D dalvikvm: GC_CONCURRENT freed 169K, 9% free 10753K/11719K, paused 2ms+3ms
07-05 14:10:37.319   545   548 D dalvikvm: GC_CONCURRENT freed 417K, 8% free 10808K/11719K, paused 2ms+3ms
07-05 14:10:38.003   545   548 D dalvikvm: GC_CONCURRENT freed 769K, 11% free 10513K/11719K, paused 2ms+2ms
07-05 14:10:38.272   545   548 D dalvikvm: GC_CONCURRENT freed 409K, 11% free 10502K/11719K, paused 2ms+2ms
07-05 14:10:38.499   545 10080 I DownloadManager: Initiating request for download 5027
07-05 14:10:38.561   545   548 D dalvikvm: GC_CONCURRENT freed 370K, 10% free 10559K/11719K, paused 2ms+3ms
07-05 14:10:38.690   545   548 D dalvikvm: GC_CONCURRENT freed 207K, 8% free 10789K/11719K, paused 2ms+3ms
07-05 14:10:38.819   545   548 D dalvikvm: GC_CONCURRENT freed 469K, 8% free 10809K/11719K, paused 2ms+3ms
07-05 14:10:38.999  1370 10082 E DictionaryProvider:UpdateHandler: Can't read a file : android.util.MalformedJsonException: Use JsonReader.setLenient(true) to accept malformed JSON at line 1 column 20
07-05 14:10:39.171   545   548 D dalvikvm: GC_CONCURRENT freed 764K, 11% free 10516K/11719K, paused 1ms+2ms
07-05 14:10:39.440   545   548 D dalvikvm: GC_CONCURRENT freed 415K, 11% free 10492K/11719K, paused 1ms+2ms
07-05 14:10:39.596   545 10085 I DownloadManager: Initiating request for download 5027
07-05 14:10:39.682   545   548 D dalvikvm: GC_CONCURRENT freed 270K, 9% free 10675K/11719K, paused 2ms+3ms
07-05 14:10:39.803   545   548 D dalvikvm: GC_CONCURRENT freed 311K, 8% free 10849K/11719K, paused 2ms+3ms
07-05 14:10:39.995   545   548 D dalvikvm: GC_CONCURRENT freed 786K, 10% free 10557K/11719K, paused 2ms+2ms
07-05 14:10:40.276   545   548 D dalvikvm: GC_CONCURRENT freed 438K, 11% free 10509K/11719K, paused 2ms+2ms
07-05 14:10:40.550   545   548 D dalvikvm: GC_CONCURRENT freed 410K, 11% free 10497K/11719K, paused 2ms+2ms
07-05 14:10:40.671   545 10088 I DownloadManager: Initiating request for download 5028
07-05 14:10:40.772   545   548 D dalvikvm: GC_CONCURRENT freed 215K, 9% free 10719K/11719K, paused 2ms+3ms
07-05 14:10:40.897   545   548 D dalvikvm: GC_CONCURRENT freed 300K, 8% free 10893K/11719K, paused 2ms+2ms
07-05 14:10:41.124  1370 10090 E DictionaryProvider:UpdateHandler: Can't read a file : android.util.MalformedJsonException: Use JsonReader.setLenient(true) to accept malformed JSON at line 1 column 20
07-05 14:10:41.167   545   548 D dalvikvm: GC_CONCURRENT freed 873K, 11% free 10532K/11719K, paused 2ms+2ms
07-05 14:10:41.448   545   548 D dalvikvm: GC_CONCURRENT freed 418K, 11% free 10504K/11719K, paused 2ms+2ms
07-05 14:10:41.714   545   548 D dalvikvm: GC_CONCURRENT freed 407K, 11% free 10488K/11719K, paused 1ms+2ms
07-05 14:10:41.745   545 10093 I DownloadManager: Initiating request for download 5028
07-05 14:10:41.854   545   548 D dalvikvm: GC_CONCURRENT freed 173K, 9% free 10752K/11719K, paused 2ms+3ms
07-05 14:10:41.979   545   548 D dalvikvm: GC_CONCURRENT freed 326K, 7% free 10923K/11719K, paused 2ms+4ms
07-05 14:10:42.296   545   548 D dalvikvm: GC_CONCURRENT freed 920K, 11% free 10515K/11719K, paused 2ms+3ms
07-05 14:10:42.561   545   548 D dalvikvm: GC_CONCURRENT freed 408K, 11% free 10498K/11719K, paused 2ms+2ms
07-05 14:10:42.784   545 10096 I DownloadManager: Initiating request for download 5029
07-05 14:10:42.850   545   548 D dalvikvm: GC_CONCURRENT freed 316K, 10% free 10567K/11719K, paused 2ms+3ms
07-05 14:10:42.971   545   548 D dalvikvm: GC_CONCURRENT freed 193K, 8% free 10788K/11719K, paused 2ms+3ms
07-05 14:10:43.108   545   548 D dalvikvm: GC_CONCURRENT freed 443K, 8% free 10819K/11719K, paused 2ms+3ms
07-05 14:10:43.284  1370 10098 E DictionaryProvider:UpdateHandler: Can't read a file : android.util.MalformedJsonException: Use JsonReader.setLenient(true) to accept malformed JSON at line 1 column 20
07-05 14:10:43.456   545   548 D dalvikvm: GC_CONCURRENT freed 774K, 11% free 10523K/11719K, paused 2ms+2ms
07-05 14:10:43.721   545   548 D dalvikvm: GC_CONCURRENT freed 416K, 11% free 10498K/11719K, paused 2ms+2ms
07-05 14:10:43.882   545 10101 I DownloadManager: Initiating request for download 5029
07-05 14:10:43.960   545   548 D dalvikvm: GC_CONCURRENT freed 291K, 9% free 10684K/11719K, paused 2ms+3ms
07-05 14:10:44.089   545   548 D dalvikvm: GC_CONCURRENT freed 307K, 8% free 10857K/11719K, paused 2ms+2ms
07-05 14:10:44.292   545   548 D dalvikvm: GC_CONCURRENT freed 818K, 11% free 10536K/11719K, paused 2ms+2ms
07-05 14:10:44.573   545   548 D dalvikvm: GC_CONCURRENT freed 412K, 11% free 10515K/11719K, paused 2ms+2ms
07-05 14:10:44.827   545   548 D dalvikvm: GC_CONCURRENT freed 410K, 11% free 10496K/11719K, paused 1ms+2ms
07-05 14:10:44.940   545 10104 I DownloadManager: Initiating request for download 5030
07-05 14:10:45.038   545   548 D dalvikvm: GC_CONCURRENT freed 203K, 9% free 10711K/11719K, paused 2ms+3ms
07-05 14:10:45.163   545   548 D dalvikvm: GC_CONCURRENT freed 313K, 8% free 10887K/11719K, paused 2ms+3ms
07-05 14:10:45.393   545   548 D dalvikvm: GC_CONCURRENT freed 829K, 10% free 10561K/11719K, paused 2ms+2ms
07-05 14:10:45.698  1370 10106 E DictionaryProvider:UpdateHandler: Can't read a file : android.util.MalformedJsonException: Use JsonReader.setLenient(true) to accept malformed JSON at line 1 column 20
07-05 14:10:45.729   545   548 D dalvikvm: GC_CONCURRENT freed 445K, 11% free 10531K/11719K, paused 2ms+2ms
07-05 14:10:45.741  1370  1372 D dalvikvm: GC_CONCURRENT freed 398K, 7% free 9127K/9735K, paused 2ms+2ms
07-05 14:10:46.022   545   548 D dalvikvm: GC_CONCURRENT freed 421K, 11% free 10500K/11719K, paused 2ms+2ms
07-05 14:10:46.061   545 10109 I DownloadManager: Initiating request for download 5030
07-05 14:10:46.171   545   548 D dalvikvm: GC_CONCURRENT freed 188K, 9% free 10757K/11719K, paused 3ms+3ms
07-05 14:10:46.300   545   548 D dalvikvm: GC_CONCURRENT freed 332K, 7% free 10930K/11719K, paused 2ms+4ms
07-05 14:10:46.612   545   548 D dalvikvm: GC_CONCURRENT freed 922K, 11% free 10522K/11719K, paused 2ms+2ms
07-05 14:10:46.893   545   548 D dalvikvm: GC_CONCURRENT freed 409K, 11% free 10503K/11719K, paused 2ms+3ms
07-05 14:10:47.116   545 10115 I DownloadManager: Initiating request for download 5031
07-05 14:10:47.186   545   548 D dalvikvm: GC_CONCURRENT freed 316K, 10% free 10575K/11719K, paused 3ms+3ms
07-05 14:10:47.303   545   548 D dalvikvm: GC_CONCURRENT freed 212K, 8% free 10805K/11719K, paused 2ms+3ms
07-05 14:10:47.444   545   548 D dalvikvm: GC_CONCURRENT freed 479K, 8% free 10822K/11719K, paused 2ms+3ms
07-05 14:10:47.612  1370 10133 E DictionaryProvider:UpdateHandler: Can't read a file : android.util.MalformedJsonException: Use JsonReader.setLenient(true) to accept malformed JSON at line 1 column 20
07-05 14:10:47.796   545   548 D dalvikvm: GC_CONCURRENT freed 773K, 11% free 10528K/11719K, paused 2ms+2ms
07-05 14:10:48.061   545   548 D dalvikvm: GC_CONCURRENT freed 415K, 11% free 10503K/11719K, paused 1ms+2ms
07-05 14:10:48.202   545 10136 I DownloadManager: Initiating request for download 5031
07-05 14:10:48.288   545   548 D dalvikvm: GC_CONCURRENT freed 261K, 9% free 10691K/11719K, paused 2ms+3ms
07-05 14:10:48.417   545   548 D dalvikvm: GC_CONCURRENT freed 317K, 8% free 10863K/11719K, paused 2ms+3ms
07-05 14:10:48.616   545   548 D dalvikvm: GC_CONCURRENT freed 791K, 10% free 10566K/11719K, paused 2ms+2ms
07-05 14:10:48.901   545   548 D dalvikvm: GC_CONCURRENT freed 439K, 11% free 10520K/11719K, paused 2ms+2ms
07-05 14:10:49.167   545   548 D dalvikvm: GC_CONCURRENT freed 409K, 11% free 10501K/11719K, paused 2ms+2ms
07-05 14:10:49.264   545 10139 I DownloadManager: Initiating request for download 5032
07-05 14:10:49.382   545   548 D dalvikvm: GC_CONCURRENT freed 194K, 9% free 10782K/11719K, paused 2ms+3ms
07-05 14:10:49.514   545   548 D dalvikvm: GC_CONCURRENT freed 383K, 7% free 10941K/11719K, paused 1ms+3ms
07-05 14:10:49.694  1370 10141 E DictionaryProvider:UpdateHandler: Can't read a file : android.util.MalformedJsonException: Use JsonReader.setLenient(true) to accept malformed JSON at line 1 column 20
07-05 14:10:49.846   545   548 D dalvikvm: GC_CONCURRENT freed 926K, 11% free 10533K/11719K, paused 2ms+2ms
07-05 14:10:50.108   545   548 D dalvikvm: GC_CONCURRENT freed 414K, 11% free 10510K/11719K, paused 2ms+3ms
07-05 14:10:50.296   545 10144 I DownloadManager: Initiating request for download 5032
07-05 14:10:50.350   545   548 D dalvikvm: GC_CONCURRENT freed 342K, 10% free 10578K/11719K, paused 1ms+2ms
07-05 14:10:50.471   545   548 D dalvikvm: GC_CONCURRENT freed 209K, 8% free 10811K/11719K, paused 2ms+3ms
07-05 14:10:50.612   545   548 D dalvikvm: GC_CONCURRENT freed 480K, 8% free 10829K/11719K, paused 2ms+4ms
07-05 14:10:50.940   545   548 D dalvikvm: GC_CONCURRENT freed 781K, 11% free 10526K/11719K, paused 2ms+2ms
07-05 14:10:51.206   545   548 D dalvikvm: GC_CONCURRENT freed 405K, 11% free 10510K/11719K, paused 2ms+2ms
07-05 14:10:51.358   545 10147 I DownloadManager: Initiating request for download 5033
07-05 14:10:51.448   545   548 D dalvikvm: GC_CONCURRENT freed 251K, 9% free 10699K/11719K, paused 2ms+3ms
07-05 14:10:51.585   545   548 D dalvikvm: GC_CONCURRENT freed 308K, 8% free 10877K/11719K, paused 2ms+2ms
07-05 14:10:51.741   156   403 D dalvikvm: GC_EXPLICIT freed 484K, 12% free 14097K/16007K, paused 3ms+6ms
07-05 14:10:51.870   545   548 D dalvikvm: GC_CONCURRENT freed 834K, 11% free 10541K/11719K, paused 2ms+3ms
07-05 14:10:51.960   545 15358 D dalvikvm: GC_EXPLICIT freed 30K, 11% free 10525K/11719K, paused 3ms+4ms
07-05 14:10:51.971  1370 10149 E DictionaryProvider:UpdateHandler: Can't read a file : android.util.MalformedJsonException: Use JsonReader.setLenient(true) to accept malformed JSON at line 1 column 20
07-05 14:10:52.253   545   548 D dalvikvm: GC_CONCURRENT freed 404K, 11% free 10512K/11719K, paused 2ms+3ms
07-05 14:10:52.522   545   548 D dalvikvm: GC_CONCURRENT freed 411K, 11% free 10492K/11719K, paused 1ms+2ms
07-05 14:10:52.608   545 10152 I DownloadManager: Initiating request for download 5033
07-05 14:10:52.706   545   548 D dalvikvm: GC_CONCURRENT freed 211K, 9% free 10716K/11719K, paused 2ms+3ms
07-05 14:10:52.831   545   548 D dalvikvm: GC_CONCURRENT freed 326K, 7% free 10903K/11719K, paused 1ms+3ms
07-05 14:10:53.104   545   548 D dalvikvm: GC_CONCURRENT freed 887K, 11% free 10518K/11719K, paused 2ms+3ms
07-05 14:10:53.366   545   548 D dalvikvm: GC_CONCURRENT freed 405K, 11% free 10503K/11719K, paused 2ms+2ms
07-05 14:10:53.628   545   548 D dalvikvm: GC_CONCURRENT freed 397K, 11% free 10492K/11719K, paused 2ms+3ms
07-05 14:10:53.671   545 10155 I DownloadManager: Initiating request for download 5034
07-05 14:10:53.788   545   548 D dalvikvm: GC_CONCURRENT freed 164K, 9% free 10763K/11719K, paused 1ms+3ms
07-05 14:10:53.913   545   548 D dalvikvm: GC_CONCURRENT freed 324K, 7% free 10928K/11719K, paused 1ms+3ms
07-05 14:10:54.093  1370 10157 E DictionaryProvider:UpdateHandler: Can't read a file : android.util.MalformedJsonException: Use JsonReader.setLenient(true) to accept malformed JSON at line 1 column 20
07-05 14:10:54.136  1370  1372 D dalvikvm: GC_CONCURRENT freed 390K, 7% free 9128K/9735K, paused 1ms+2ms
07-05 14:10:54.268   545   548 D dalvikvm: GC_CONCURRENT freed 919K, 11% free 10523K/11719K, paused 2ms+2ms
07-05 14:10:54.538   545   548 D dalvikvm: GC_CONCURRENT freed 413K, 11% free 10502K/11719K, paused 2ms+3ms
07-05 14:10:54.737   545 10160 I DownloadManager: Initiating request for download 5034
07-05 14:10:54.796   545   548 D dalvikvm: GC_CONCURRENT freed 339K, 10% free 10567K/11719K, paused 2ms+2ms
07-05 14:10:54.917   545   548 D dalvikvm: GC_CONCURRENT freed 217K, 8% free 10803K/11719K, paused 2ms+2ms
07-05 14:10:55.057   545   548 D dalvikvm: GC_CONCURRENT freed 480K, 8% free 10818K/11719K, paused 1ms+3ms
07-05 14:10:55.389   545   548 D dalvikvm: GC_CONCURRENT freed 781K, 11% free 10514K/11719K, paused 2ms+2ms
07-05 14:10:55.655   545   548 D dalvikvm: GC_CONCURRENT freed 410K, 11% free 10495K/11719K, paused 2ms+2ms
07-05 14:10:55.815   545 10163 I DownloadManager: Initiating request for download 5035
07-05 14:10:55.905   545   548 D dalvikvm: GC_CONCURRENT freed 242K, 9% free 10688K/11719K, paused 2ms+2ms
07-05 14:10:56.034   545   548 D dalvikvm: GC_CONCURRENT freed 332K, 8% free 10886K/11719K, paused 2ms+4ms
07-05 14:10:56.264  1370 10165 E DictionaryProvider:UpdateHandler: Can't read a file : android.util.MalformedJsonException: Use JsonReader.setLenient(true) to accept malformed JSON at line 1 column 20
07-05 14:10:56.303   545   548 D dalvikvm: GC_CONCURRENT freed 872K, 11% free 10537K/11719K, paused 2ms+3ms
07-05 14:10:56.577   545   548 D dalvikvm: GC_CONCURRENT freed 420K, 11% free 10507K/11719K, paused 2ms+2ms
07-05 14:10:56.846   545   548 D dalvikvm: GC_CONCURRENT freed 405K, 11% free 10498K/11719K, paused 2ms+3ms
07-05 14:10:56.897   545 10168 I DownloadManager: Initiating request for download 5035
07-05 14:10:57.014   545   548 D dalvikvm: GC_CONCURRENT freed 189K, 9% free 10752K/11719K, paused 1ms+2ms
07-05 14:10:57.136   545   548 D dalvikvm: GC_CONCURRENT freed 333K, 7% free 10923K/11719K, paused 2ms+3ms
07-05 14:10:57.432   545   548 D dalvikvm: GC_CONCURRENT freed 913K, 11% free 10521K/11719K, paused 2ms+3ms
07-05 14:10:57.698   545   548 D dalvikvm: GC_CONCURRENT freed 409K, 11% free 10502K/11719K, paused 2ms+2ms
07-05 14:10:57.917   545 10171 I DownloadManager: Initiating request for download 5036
07-05 14:10:57.971   545   548 D dalvikvm: GC_CONCURRENT freed 357K, 10% free 10573K/11719K, paused 2ms+4ms
07-05 14:10:58.093   545   548 D dalvikvm: GC_CONCURRENT freed 209K, 8% free 10804K/11719K, paused 2ms+3ms
07-05 14:10:58.229   545   548 D dalvikvm: GC_CONCURRENT freed 475K, 8% free 10824K/11719K, paused 2ms+2ms
07-05 14:10:58.378  1370 10173 E DictionaryProvider:UpdateHandler: Can't read a file : android.util.MalformedJsonException: Use JsonReader.setLenient(true) to accept malformed JSON at line 1 column 20
07-05 14:10:58.557   545   548 D dalvikvm: GC_CONCURRENT freed 772K, 11% free 10531K/11719K, paused 2ms+2ms
07-05 14:10:58.823   545   548 D dalvikvm: GC_CONCURRENT freed 415K, 11% free 10507K/11719K, paused 2ms+3ms
07-05 14:10:58.975   545 10175 I DownloadManager: Initiating request for download 5036
07-05 14:10:59.030   545   548 D dalvikvm: GC_CONCURRENT freed 263K, 10% free 10633K/11719K, paused 2ms+2ms
07-05 14:10:59.124   545   548 D dalvikvm: GC_CONCURRENT freed 258K, 8% free 10835K/11719K, paused 2ms+3ms
07-05 14:10:59.889   545   548 D dalvikvm: GC_CONCURRENT freed 751K, 10% free 10567K/11719K, paused 2ms+3ms
07-05 14:11:00.178   545   548 D dalvikvm: GC_CONCURRENT freed 406K, 10% free 10555K/11719K, paused 2ms+2ms
07-05 14:11:00.444   545   548 D dalvikvm: GC_CONCURRENT freed 401K, 11% free 10541K/11719K, paused 2ms+3ms
07-05 14:11:00.659   545 10180 I DownloadManager: Initiating request for download 5037
07-05 14:11:00.753   545   548 D dalvikvm: GC_CONCURRENT freed 313K, 9% free 10697K/11719K, paused 3ms+3ms
07-05 14:11:00.878   545   548 D dalvikvm: GC_CONCURRENT freed 304K, 8% free 10865K/11719K, paused 2ms+3ms
07-05 14:11:01.065   545   548 D dalvikvm: GC_CONCURRENT freed 795K, 10% free 10566K/11719K, paused 2ms+2ms
07-05 14:11:01.139  1370 10182 E DictionaryProvider:UpdateHandler: Can't read a file : android.util.MalformedJsonException: Use JsonReader.setLenient(true) to accept malformed JSON at line 1 column 20
07-05 14:11:01.374   545   548 D dalvikvm: GC_CONCURRENT freed 434K, 11% free 10527K/11719K, paused 2ms+2ms
07-05 14:11:01.636   545   548 D dalvikvm: GC_CONCURRENT freed 414K, 11% free 10504K/11719K, paused 2ms+2ms
07-05 14:11:01.745   545 10185 I DownloadManager: Initiating request for download 5037
07-05 14:11:01.835   545   548 D dalvikvm: GC_CONCURRENT freed 229K, 9% free 10710K/11719K, paused 2ms+2ms
07-05 14:11:01.971   545   548 D dalvikvm: GC_CONCURRENT freed 316K, 8% free 10888K/11719K, paused 2ms+3ms
07-05 14:11:02.202   545   548 D dalvikvm: GC_CONCURRENT freed 853K, 11% free 10535K/11719K, paused 2ms+2ms
07-05 14:11:02.468   545   548 D dalvikvm: GC_CONCURRENT freed 413K, 11% free 10513K/11719K, paused 2ms+2ms
07-05 14:11:02.729   545   548 D dalvikvm: GC_CONCURRENT freed 403K, 11% free 10500K/11719K, paused 2ms+2ms
07-05 14:11:02.819   545 10188 I DownloadManager: Initiating request for download 5038
07-05 14:11:02.921   545   548 D dalvikvm: GC_CONCURRENT freed 189K, 9% free 10746K/11719K, paused 1ms+3ms
07-05 14:11:03.050   545   548 D dalvikvm: GC_CONCURRENT freed 315K, 7% free 10918K/11719K, paused 2ms+3ms
07-05 14:11:03.233  1370 10190 E DictionaryProvider:UpdateHandler: Can't read a file : android.util.MalformedJsonException: Use JsonReader.setLenient(true) to accept malformed JSON at line 1 column 20
07-05 14:11:03.276  1370  1372 D dalvikvm: GC_CONCURRENT freed 385K, 7% free 9131K/9735K, paused 2ms+2ms
07-05 14:11:03.370   545   548 D dalvikvm: GC_CONCURRENT freed 889K, 11% free 10539K/11719K, paused 2ms+2ms
07-05 14:11:03.639   545   548 D dalvikvm: GC_CONCURRENT freed 417K, 11% free 10520K/11719K, paused 2ms+3ms
07-05 14:11:03.889   545 10193 I DownloadManager: Initiating request for download 5038
07-05 14:11:03.913   545   548 D dalvikvm: GC_CONCURRENT freed 407K, 11% free 10506K/11719K, paused 2ms+2ms
07-05 14:11:04.030   545   548 D dalvikvm: GC_CONCURRENT freed 164K, 9% free 10778K/11719K, paused 2ms+2ms
07-05 14:11:04.155   545   548 D dalvikvm: GC_CONCURRENT freed 323K, 7% free 10943K/11719K, paused 3ms+3ms
07-05 14:11:04.468   545   548 D dalvikvm: GC_CONCURRENT freed 935K, 11% free 10528K/11719K, paused 2ms+2ms
07-05 14:11:04.729   545   548 D dalvikvm: GC_CONCURRENT freed 409K, 11% free 10510K/11719K, paused 2ms+2ms
07-05 14:11:04.928   545 10196 I DownloadManager: Initiating request for download 5039
07-05 14:11:05.014   545   548 D dalvikvm: GC_CONCURRENT freed 316K, 10% free 10641K/11719K, paused 2ms+3ms
07-05 14:11:05.143   545   548 D dalvikvm: GC_CONCURRENT freed 256K, 8% free 10858K/11719K, paused 2ms+3ms
07-05 14:11:05.315   545   548 D dalvikvm: GC_CONCURRENT freed 777K, 10% free 10579K/11719K, paused 1ms+3ms
07-05 14:11:05.397  1370 10198 E DictionaryProvider:UpdateHandler: Can't read a file : android.util.MalformedJsonException: Use JsonReader.setLenient(true) to accept malformed JSON at line 1 column 20
07-05 14:11:05.636   545   548 D dalvikvm: GC_CONCURRENT freed 443K, 11% free 10535K/11719K, paused 1ms+3ms
07-05 14:11:05.897   545   548 D dalvikvm: GC_CONCURRENT freed 415K, 11% free 10510K/11719K, paused 2ms+2ms
07-05 14:11:06.038   545 10201 I DownloadManager: Initiating request for download 5039
07-05 14:11:06.128   545   548 D dalvikvm: GC_CONCURRENT freed 264K, 9% free 10713K/11719K, paused 2ms+3ms
07-05 14:11:06.253   545   548 D dalvikvm: GC_CONCURRENT freed 324K, 8% free 10885K/11719K, paused 2ms+3ms
07-05 14:11:06.456   545   548 D dalvikvm: GC_CONCURRENT freed 816K, 10% free 10568K/11719K, paused 1ms+2ms
07-05 14:11:06.718   545   548 D dalvikvm: GC_CONCURRENT freed 406K, 10% free 10556K/11719K, paused 2ms+3ms
07-05 14:11:06.991   545   548 D dalvikvm: GC_CONCURRENT freed 400K, 10% free 10548K/11719K, paused 2ms+2ms
07-05 14:11:07.120   545 10204 I DownloadManager: Initiating request for download 5040
07-05 14:11:07.221   545   548 D dalvikvm: GC_CONCURRENT freed 239K, 9% free 10750K/11719K, paused 2ms+3ms
07-05 14:11:07.354   545   548 D dalvikvm: GC_CONCURRENT freed 317K, 7% free 10977K/11719K, paused 2ms+3ms
07-05 14:11:07.550  1370 10206 E DictionaryProvider:UpdateHandler: Can't read a file : android.util.MalformedJsonException: Use JsonReader.setLenient(true) to accept malformed JSON at line 1 column 20
07-05 14:11:07.643   465   467 D dalvikvm: GC_CONCURRENT freed 384K, 6% free 10502K/11143K, paused 1ms+3ms
07-05 14:11:07.714   545   548 D dalvikvm: GC_CONCURRENT freed 964K, 11% free 10540K/11719K, paused 2ms+2ms
07-05 14:11:07.975   545   548 D dalvikvm: GC_CONCURRENT freed 413K, 11% free 10517K/11719K, paused 2ms+2ms
07-05 14:11:08.182   545 10209 I DownloadManager: Initiating request for download 5040
07-05 14:11:08.245   545   548 D dalvikvm: GC_CONCURRENT freed 377K, 10% free 10575K/11719K, paused 2ms+3ms
07-05 14:11:08.370   545   548 D dalvikvm: GC_CONCURRENT freed 204K, 8% free 10812K/11719K, paused 2ms+2ms
07-05 14:11:08.511   545   548 D dalvikvm: GC_CONCURRENT freed 475K, 8% free 10837K/11719K, paused 2ms+2ms
07-05 14:11:08.843   545   548 D dalvikvm: GC_CONCURRENT freed 789K, 11% free 10532K/11719K, paused 2ms+2ms
07-05 14:11:09.112   545   548 D dalvikvm: GC_CONCURRENT freed 405K, 11% free 10513K/11719K, paused 1ms+3ms
07-05 14:11:09.292   545 10212 I DownloadManager: Initiating request for download 5041
07-05 14:11:09.386   545   548 D dalvikvm: GC_CONCURRENT freed 259K, 9% free 10730K/11719K, paused 2ms+4ms
07-05 14:11:09.514   545   548 D dalvikvm: GC_CONCURRENT freed 332K, 8% free 10893K/11719K, paused 2ms+2ms
07-05 14:11:09.733  1370 10214 E DictionaryProvider:UpdateHandler: Can't read a file : android.util.MalformedJsonException: Use JsonReader.setLenient(true) to accept malformed JSON at line 1 column 20
07-05 14:11:09.761   545   548 D dalvikvm: GC_CONCURRENT freed 855K, 10% free 10562K/11719K, paused 2ms+2ms
07-05 14:11:10.042   545   548 D dalvikvm: GC_CONCURRENT freed 428K, 11% free 10526K/11719K, paused 2ms+2ms
07-05 14:11:10.303   545   548 D dalvikvm: GC_CONCURRENT freed 406K, 11% free 10511K/11719K, paused 2ms+2ms
07-05 14:11:10.452   156   576 D dalvikvm: GC_EXPLICIT freed 526K, 12% free 14099K/16007K, paused 2ms+6ms
07-05 14:11:10.456   545 10217 I DownloadManager: Initiating request for download 5041
07-05 14:11:10.557   545   548 D dalvikvm: GC_CONCURRENT freed 200K, 9% free 10746K/11719K, paused 2ms+3ms
07-05 14:11:10.682   545   548 D dalvikvm: GC_CONCURRENT freed 342K, 7% free 10919K/11719K, paused 2ms+3ms
07-05 14:11:10.960   545   548 D dalvikvm: GC_CONCURRENT freed 902K, 11% free 10525K/11719K, paused 2ms+6ms
07-05 14:11:11.225   545   548 D dalvikvm: GC_CONCURRENT freed 404K, 11% free 10508K/11719K, paused 2ms+3ms
07-05 14:11:11.514   545 10220 I DownloadManager: Initiating request for download 5042
07-05 14:11:11.546   545   548 D dalvikvm: GC_CONCURRENT freed 397K, 11% free 10541K/11719K, paused 2ms+3ms
07-05 14:11:11.671   545   548 D dalvikvm: GC_CONCURRENT freed 188K, 8% free 10789K/11719K, paused 2ms+3ms
07-05 14:11:11.800   545   548 D dalvikvm: GC_CONCURRENT freed 451K, 8% free 10829K/11719K, paused 1ms+2ms
07-05 14:11:11.995  1370 10222 E DictionaryProvider:UpdateHandler: Can't read a file : android.util.MalformedJsonException: Use JsonReader.setLenient(true) to accept malformed JSON at line 1 column 20
07-05 14:11:12.030  1370  1372 D dalvikvm: GC_CONCURRENT freed 390K, 7% free 9129K/9735K, paused 1ms+2ms
07-05 14:11:12.151   545   548 D dalvikvm: GC_CONCURRENT freed 779K, 11% free 10531K/11719K, paused 2ms+3ms
07-05 14:11:12.413   545   548 D dalvikvm: GC_CONCURRENT freed 416K, 11% free 10506K/11719K, paused 2ms+2ms
07-05 14:11:12.600   545 10225 I DownloadManager: Initiating request for download 5042
07-05 14:11:12.659   545   548 D dalvikvm: GC_CONCURRENT freed 350K, 9% free 10667K/11719K, paused 2ms+3ms
07-05 14:11:12.784   545   548 D dalvikvm: GC_CONCURRENT freed 284K, 8% free 10857K/11719K, paused 2ms+2ms
07-05 14:11:12.968   545   548 D dalvikvm: GC_CONCURRENT freed 785K, 10% free 10569K/11719K, paused 2ms+3ms
07-05 14:11:13.225   545   548 D dalvikvm: GC_CONCURRENT freed 409K, 10% free 10554K/11719K, paused 1ms+3ms
07-05 14:11:13.514   545   548 D dalvikvm: GC_CONCURRENT freed 439K, 11% free 10506K/11719K, paused 1ms+3ms
07-05 14:11:13.671   545 10229 I DownloadManager: Initiating request for download 5043
07-05 14:11:13.757   545   548 D dalvikvm: GC_CONCURRENT freed 230K, 9% free 10702K/11719K, paused 2ms+3ms
07-05 14:11:13.886   545   548 D dalvikvm: GC_CONCURRENT freed 315K, 8% free 10881K/11719K, paused 2ms+2ms
07-05 14:11:14.093   545   548 D dalvikvm: GC_CONCURRENT freed 846K, 11% free 10535K/11719K, paused 2ms+3ms
07-05 14:11:14.159  1370 10231 E DictionaryProvider:UpdateHandler: Can't read a file : android.util.MalformedJsonException: Use JsonReader.setLenient(true) to accept malformed JSON at line 1 column 20
07-05 14:11:14.401   545   548 D dalvikvm: GC_CONCURRENT freed 400K, 11% free 10526K/11719K, paused 1ms+2ms
07-05 14:11:14.663   545   548 D dalvikvm: GC_CONCURRENT freed 413K, 11% free 10503K/11719K, paused 2ms+2ms
07-05 14:11:14.753   545 10234 I DownloadManager: Initiating request for download 5043
07-05 14:11:14.839   545   548 D dalvikvm: GC_CONCURRENT freed 213K, 9% free 10726K/11719K, paused 2ms+3ms
07-05 14:11:14.971   545   548 D dalvikvm: GC_CONCURRENT freed 338K, 7% free 10932K/11719K, paused 2ms+3ms
07-05 14:11:15.253   545   548 D dalvikvm: GC_CONCURRENT freed 914K, 11% free 10531K/11719K, paused 2ms+3ms
07-05 14:11:15.518   545   548 D dalvikvm: GC_CONCURRENT freed 410K, 11% free 10512K/11719K, paused 2ms+3ms
07-05 14:11:15.815   545 10237 I DownloadManager: Initiating request for download 5044
07-05 14:11:15.889   545   548 D dalvikvm: GC_CONCURRENT freed 396K, 11% free 10532K/11719K, paused 4ms+15ms
07-05 14:11:16.018   545   548 D dalvikvm: GC_CONCURRENT freed 178K, 8% free 10790K/11719K, paused 2ms+3ms
07-05 14:11:16.147   545   548 D dalvikvm: GC_CONCURRENT freed 443K, 8% free 10836K/11719K, paused 2ms+2ms
07-05 14:11:16.335  1370 10239 E DictionaryProvider:UpdateHandler: Can't read a file : android.util.MalformedJsonException: Use JsonReader.setLenient(true) to accept malformed JSON at line 1 column 20
07-05 14:11:16.471   545   548 D dalvikvm: GC_CONCURRENT freed 782K, 11% free 10537K/11719K, paused 1ms+3ms
07-05 14:11:16.721   545   548 D dalvikvm: GC_CONCURRENT freed 415K, 11% free 10513K/11719K, paused 1ms+2ms
07-05 14:11:16.925   545 10242 I DownloadManager: Initiating request for download 5044
07-05 14:11:16.975   545   548 D dalvikvm: GC_CONCURRENT freed 359K, 10% free 10578K/11719K, paused 1ms+3ms
07-05 14:11:17.093   545   548 D dalvikvm: GC_CONCURRENT freed 192K, 8% free 10803K/11719K, paused 2ms+2ms
07-05 14:11:17.221   545   548 D dalvikvm: GC_CONCURRENT freed 450K, 8% free 10834K/11719K, paused 2ms+3ms
07-05 14:11:17.530   545   548 D dalvikvm: GC_CONCURRENT freed 787K, 11% free 10530K/11719K, paused 2ms+2ms
07-05 14:11:17.796   545   548 D dalvikvm: GC_CONCURRENT freed 410K, 11% free 10510K/11719K, paused 1ms+2ms
07-05 14:11:17.991   545 10245 I DownloadManager: Initiating request for download 5045
07-05 14:11:18.077   545   548 D dalvikvm: GC_CONCURRENT freed 303K, 10% free 10664K/11719K, paused 2ms+3ms
07-05 14:11:18.198   545   548 D dalvikvm: GC_CONCURRENT freed 295K, 8% free 10872K/11719K, paused 2ms+3ms
07-05 14:11:18.374   545   548 D dalvikvm: GC_CONCURRENT freed 793K, 10% free 10576K/11719K, paused 2ms+3ms
07-05 14:11:18.440  1370 10247 E DictionaryProvider:UpdateHandler: Can't read a file : android.util.MalformedJsonException: Use JsonReader.setLenient(true) to accept malformed JSON at line 1 column 20
07-05 14:11:18.483   465 10248 D dalvikvm: GC_EXPLICIT freed 278K, 8% free 10307K/11143K, paused 2ms+7ms
07-05 14:11:18.718   545   548 D dalvikvm: GC_CONCURRENT freed 438K, 11% free 10535K/11719K, paused 2ms+2ms
07-05 14:11:18.979   545   548 D dalvikvm: GC_CONCURRENT freed 413K, 11% free 10512K/11719K, paused 2ms+3ms
07-05 14:11:19.104   545 10250 I DownloadManager: Initiating request for download 5045
07-05 14:11:19.190   545   548 D dalvikvm: GC_CONCURRENT freed 239K, 9% free 10708K/11719K, paused 2ms+3ms
07-05 14:11:19.315   545   548 D dalvikvm: GC_CONCURRENT freed 319K, 8% free 10894K/11719K, paused 2ms+3ms
07-05 14:11:19.550   545   548 D dalvikvm: GC_CONCURRENT freed 859K, 11% free 10544K/11719K, paused 2ms+2ms
07-05 14:11:19.811   545   548 D dalvikvm: GC_CONCURRENT freed 413K, 11% free 10522K/11719K, paused 2ms+3ms
07-05 14:11:20.096   545   548 D dalvikvm: GC_CONCURRENT freed 404K, 11% free 10515K/11719K, paused 2ms+3ms
07-05 14:11:20.202   545 10253 I DownloadManager: Initiating request for download 5046
07-05 14:11:20.303   545   548 D dalvikvm: GC_CONCURRENT freed 203K, 9% free 10748K/11719K, paused 2ms+2ms
07-05 14:11:20.366   362   362 I wpa_supplicant: wlan0: CTRL-EVENT-DISCONNECTED bssid=d0:c2:82:84:8d:50 reason=0
07-05 14:11:20.370    77   117 D CommandListener: Clearing all IP addresses on wlan0
07-05 14:11:20.382   156   330 D ConnectivityService: ConnectivityChange for WIFI: DISCONNECTED/DISCONNECTED
07-05 14:11:20.386   156   330 D ConnectivityService: Attempting to switch to mobile
07-05 14:11:20.386   156   330 D ConnectivityService: Attempting to switch to WIMAX
07-05 14:11:20.386   156   330 D ConnectivityService: Attempting to switch to BLUETOOTH_TETHER
07-05 14:11:20.393   156   330 E ConnectivityService: Exception trying to remove a route: java.lang.IllegalStateException: Unable to communicate with native dameon to add routes - com.android.server.NativeDaemonConnectorException: Cmd {interface route remove wlan0 default 128.205.59.254 32 0.0.0.0} failed with code 400 : {Failed to remove route from default table (No such process)}
07-05 14:11:20.397   156   330 D NetUtils: android_net_utils_resetConnections in env=0x6b2b60 clazz=0xc4c00001 iface=wlan0 mask=0x3
07-05 14:11:20.397   156   330 E ConnectivityService: Exception trying to remove a route: java.lang.IllegalStateException: Unable to communicate with native dameon to add routes - com.android.server.NativeDaemonConnectorException: Cmd {interface route remove wlan0 default 0.0.0.0 0 128.205.59.254} failed with code 400 : {Failed to remove route from default table (No such process)}
07-05 14:11:20.397   156   330 D ConnectivityService: resetConnections(wlan0, 3)
07-05 14:11:20.514   414   414 D dalvikvm: GC_FOR_ALLOC freed 414K, 38% free 10139K/16263K, paused 20ms
07-05 14:11:20.534   682  1055 E GTalkService: connectionClosed: no XMPPConnection - That's strange!
07-05 14:11:20.538   156   330 D ConnectivityService: handleInetConditionChange: no active default network - ignore
07-05 14:11:20.585   414   416 D dalvikvm: GC_CONCURRENT freed 341K, 37% free 10269K/16263K, paused 2ms+2ms
07-05 14:11:20.671   545   548 D dalvikvm: GC_CONCURRENT freed 318K, 7% free 10918K/11719K, paused 2ms+3ms
07-05 14:11:20.807   545 10253 W DownloadManager: Aborting request for download 5046: no network connection available
07-05 14:11:20.940   545   548 D dalvikvm: GC_CONCURRENT freed 889K, 11% free 10540K/11719K, paused 2ms+2ms
07-05 14:11:21.210   545   548 D dalvikvm: GC_CONCURRENT freed 409K, 11% free 10520K/11719K, paused 2ms+2ms
07-05 14:11:21.483   545   548 D dalvikvm: GC_CONCURRENT freed 399K, 11% free 10507K/11719K, paused 2ms+3ms
07-05 14:11:21.511   545 10255 I DownloadManager: Initiating request for download 5046
07-05 14:11:21.514   545 10255 W DownloadManager: Aborting request for download 5046: no network connection available
07-05 14:11:21.550   545 10257 I DownloadManager: in removeSpuriousFiles
07-05 14:11:21.608   545 10257 D dalvikvm: GC_FOR_ALLOC freed 235K, 8% free 10784K/11719K, paused 22ms
07-05 14:11:21.628   362   362 I wpa_supplicant: wlan0: Trying to associate with d0:c2:82:84:8d:50 (SSID='UB_Wireless' freq=2462 MHz)
07-05 14:11:21.663   362   362 I wpa_supplicant: wlan0: Associated with d0:c2:82:84:8d:50
07-05 14:11:21.663   362   362 I wpa_supplicant: wlan0: CTRL-EVENT-CONNECTED - Connection to d0:c2:82:84:8d:50 completed (reauth) [id=5 id_str=]
07-05 14:11:21.702   545   548 D dalvikvm: GC_CONCURRENT freed 352K, 8% free 10813K/11719K, paused 2ms+2ms
07-05 14:11:21.772   545 10257 I DownloadManager: in removeSpuriousFiles, preserving file /data/data/com.android.providers.downloads/cache/metadata-149.htm
07-05 14:11:21.772   545 10257 I DownloadManager: in removeSpuriousFiles, preserving file /data/data/com.android.providers.downloads/cache/metadata-327.htm
07-05 14:11:21.772   545 10257 I DownloadManager: in removeSpuriousFiles, preserving file /data/data/com.android.providers.downloads/cache/metadata-76.htm
07-05 14:11:21.772   545 10257 I DownloadManager: in removeSpuriousFiles, preserving file /data/data/com.android.providers.downloads/cache/metadata-183.htm
07-05 14:11:21.776   545 10257 I DownloadManager: in removeSpuriousFiles, preserving file /data/data/com.android.providers.downloads/cache/metadata-649.htm
07-05 14:11:21.776   545 10257 I DownloadManager: in removeSpuriousFiles, preserving file /data/data/com.android.providers.downloads/cache/metadata-295.htm
07-05 14:11:21.776   545 10257 I DownloadManager: in removeSpuriousFiles, preserving file /data/data/com.android.providers.downloads/cache/metadata-277.htm
07-05 14:11:21.776   545 10257 I DownloadManager: in removeSpuriousFiles, preserving file /data/data/com.android.providers.downloads/cache/metadata-383.htm
07-05 14:11:21.776   545 10257 I DownloadManager: in removeSpuriousFiles, preserving file /data/data/com.android.providers.downloads/cache/metadata-142.htm
07-05 14:11:21.776   545 10257 I DownloadManager: in removeSpuriousFiles, preserving file /data/data/com.android.providers.downloads/cache/metadata-257.htm
07-05 14:11:21.776   545 10257 I DownloadManager: in removeSpuriousFiles, preserving file /data/data/com.android.providers.downloads/cache/metadata-141.htm
07-05 14:11:21.776   545 10257 I DownloadManager: in removeSpuriousFiles, preserving file /data/data/com.android.providers.downloads/cache/metadata-194.htm
07-05 14:11:21.776   545 10257 I DownloadManager: in removeSpuriousFiles, preserving file /data/data/com.android.providers.downloads/cache/metadata-226.htm
07-05 14:11:21.776   545 10257 I DownloadManager: in removeSpuriousFiles, preserving file /data/data/com.android.providers.downloads/cache/metadata-353.htm
07-05 14:11:21.776   545 10257 I DownloadManager: in removeSpuriousFiles, preserving file /data/data/com.android.providers.downloads/cache/metadata-2118.htm
07-05 14:11:21.776   545 10257 I DownloadManager: in removeSpuriousFiles, preserving file /data/data/com.android.providers.downloads/cache/metadata-94.htm
07-05 14:11:21.776   545 10257 I DownloadManager: in removeSpuriousFiles, preserving file /data/data/com.android.providers.downloads/cache/metadata-216.htm
07-05 14:11:21.776   545 10257 I DownloadManager: in removeSpuriousFiles, preserving file /data/data/com.android.providers.downloads/cache/metadata-638.htm
07-05 14:11:21.776   545 10257 I DownloadManager: in removeSpuriousFiles, preserving file /data/data/com.android.providers.downloads/cache/metadata-297.htm
07-05 14:11:21.776   545 10257 I DownloadManager: in removeSpuriousFiles, preserving file /data/data/com.android.providers.downloads/cache/metadata-78.htm
07-05 14:11:21.776   545 10257 I DownloadManager: in removeSpuriousFiles, preserving file /data/data/com.android.providers.downloads/cache/metadata-75.htm
07-05 14:11:21.780   545 10257 I DownloadManager: in removeSpuriousFiles, preserving file /data/data/com.android.providers.downloads/cache/metadata-126.htm
07-05 14:11:21.780   545 10257 I DownloadManager: in removeSpuriousFiles, preserving file /data/data/com.android.providers.downloads/cache/metadata-73.htm
07-05 14:11:21.780   545 10257 I DownloadManager: in removeSpuriousFiles, preserving file /data/data/com.android.providers.downloads/cache/metadata-374.htm
07-05 14:11:21.780   545 10257 I DownloadManager: in removeSpuriousFiles, preserving file /data/data/com.android.providers.downloads/cache/metadata-616.htm
07-05 14:11:21.780   545 10257 I DownloadManager: in removeSpuriousFiles, preserving file /data/data/com.android.providers.downloads/cache/metadata-1397.htm
07-05 14:11:21.780   545 10257 I DownloadManager: in removeSpuriousFiles, preserving file /data/data/com.android.providers.downloads/cache/metadata-255.htm
07-05 14:11:21.780   545 10257 I DownloadManager: in removeSpuriousFiles, preserving file /data/data/com.android.providers.downloads/cache/metadata-348.htm
07-05 14:11:21.780   545 10257 I DownloadManager: in removeSpuriousFiles, preserving file /data/data/com.android.providers.downloads/cache/metadata-251.htm
07-05 14:11:21.780   545 10257 I DownloadManager: in removeSpuriousFiles, preserving file /data/data/com.android.providers.downloads/cache/metadata-1374.htm
07-05 14:11:21.780   545 10257 I DownloadManager: in removeSpuriousFiles, preserving file /data/data/com.android.providers.downloads/cache/metadata-640.htm
07-05 14:11:21.780   545 10257 I DownloadManager: in removeSpuriousFiles, preserving file /data/data/com.android.providers.downloads/cache/metadata-291.htm
07-05 14:11:21.784   545 10257 I DownloadManager: in removeSpuriousFiles, preserving file /data/data/com.android.providers.downloads/cache/metadata-163.htm
07-05 14:11:21.784   545 10257 I DownloadManager: in removeSpuriousFiles, preserving file /data/data/com.android.providers.downloads/cache/metadata-428.htm
07-05 14:11:21.784   545 10257 I DownloadManager: in removeSpuriousFiles, preserving file /data/data/com.android.providers.downloads/cache/metadata-156.htm
07-05 14:11:21.784   545 10257 I DownloadManager: in removeSpuriousFiles, preserving file /data/data/com.android.providers.downloads/cache/metadata-336.htm
07-05 14:11:21.784   545 10257 I DownloadManager: in removeSpuriousFiles, preserving file /data/data/com.android.providers.downloads/cache/metadata-140.htm
07-05 14:11:21.784   545 10257 I DownloadManager: in removeSpuriousFiles, preserving file /data/data/com.android.providers.downloads/cache/metadata-320.htm
07-05 14:11:21.784   545 10257 I DownloadManager: in removeSpuriousFiles, preserving file /data/data/com.android.providers.downloads/cache/metadata-993.htm
07-05 14:11:21.784   545 10257 I DownloadManager: in removeSpuriousFiles, preserving file /data/data/com.android.providers.downloads/cache/metadata-636.htm
07-05 14:11:21.784   545 10257 I DownloadManager: in removeSpuriousFiles, preserving file /data/data/com.android.providers.downloads/cache/metadata-241.htm
07-05 14:11:21.784   545 10257 I DownloadManager: in removeSpuriousFiles, preserving file /data/data/com.android.providers.downloads/cache/metadata-1379.htm
07-05 14:11:21.784   545 10257 I DownloadManager: in removeSpuriousFiles, preserving file /data/data/com.android.providers.downloads/cache/metadata-531.htm
07-05 14:11:21.788   545 10257 I DownloadManager: in removeSpuriousFiles, preserving file /data/data/com.android.providers.downloads/cache/metadata-1038.htm
07-05 14:11:21.788   545 10257 I DownloadManager: in removeSpuriousFiles, preserving file /data/data/com.android.providers.downloads/cache/metadata-184.htm
07-05 14:11:21.788   545 10257 I DownloadManager: in removeSpuriousFiles, preserving file /data/data/com.android.providers.downloads/cache/metadata-550.htm
07-05 14:11:21.788   545 10257 I DownloadManager: in removeSpuriousFiles, preserving file /data/data/com.android.providers.downloads/cache/metadata-385.htm
07-05 14:11:21.788   545 10257 I DownloadManager: in removeSpuriousFiles, preserving file /data/data/com.android.providers.downloads/cache/metadata-1314.htm
07-05 14:11:21.788   545 10257 I DownloadManager: in removeSpuriousFiles, preserving file /data/data/com.android.providers.downloads/cache/metadata-294.htm
07-05 14:11:21.788   545 10257 I DownloadManager: in removeSpuriousFiles, preserving file /data/data/com.android.providers.downloads/cache/metadata-113.htm
07-05 14:11:21.788   545 10257 I DownloadManager: in removeSpuriousFiles, preserving file /data/data/com.android.providers.downloads/cache/metadata-975.htm
07-05 14:11:21.788   545 10257 I DownloadManager: in removeSpuriousFiles, preserving file /data/data/com.android.providers.downloads/cache/metadata-362.htm
07-05 14:11:21.792   545 10257 I DownloadManager: in removeSpuriousFiles, preserving file /data/data/com.android.providers.downloads/cache/metadata-864.htm
07-05 14:11:21.792   545 10257 I DownloadManager: in removeSpuriousFiles, preserving file /data/data/com.android.providers.downloads/cache/metadata-2064.htm
07-05 14:11:21.792   545 10257 I DownloadManager: in removeSpuriousFiles, preserving file /data/data/com.android.providers.downloads/cache/metadata-150.htm
07-05 14:11:21.792   545 10257 I DownloadManager: in removeSpuriousFiles, preserving file /data/data/com.android.providers.downloads/cache/metadata-82.htm
07-05 14:11:21.792   545 10257 I DownloadManager: in removeSpuriousFiles, preserving file /data/data/com.android.providers.downloads/cache/metadata-834.htm
07-05 14:11:21.792   545 10257 I DownloadManager: in removeSpuriousFiles, preserving file /data/data/com.android.providers.downloads/cache/metadata-943.htm
07-05 14:11:21.792   545 10257 I DownloadManager: in removeSpuriousFiles, preserving file /data/data/com.android.providers.downloads/cache/metadata-445.htm
07-05 14:11:21.796   545 10257 I DownloadManager: in removeSpuriousFiles, preserving file /data/data/com.android.providers.downloads/cache/metadata-1490.htm
07-05 14:11:21.796   545 10257 I DownloadManager: in removeSpuriousFiles, preserving file /data/data/com.android.providers.downloads/cache/metadata-1240.htm
07-05 14:11:21.796   545 10257 I DownloadManager: in removeSpuriousFiles, preserving file /data/data/com.android.providers.downloads/cache/metadata-1818.htm
07-05 14:11:21.796   545 10257 I DownloadManager: in removeSpuriousFiles, preserving file /data/data/com.android.providers.downloads/cache/metadata-372.htm
07-05 14:11:21.796   545 10257 I DownloadManager: in removeSpuriousFiles, preserving file /data/data/com.android.providers.downloads/cache/metadata-1419.htm
07-05 14:11:21.800   545 10257 I DownloadManager: in removeSpuriousFiles, preserving file /data/data/com.android.providers.downloads/cache/metadata-874.htm
07-05 14:11:21.800   545 10257 I DownloadManager: in removeSpuriousFiles, preserving file /data/data/com.android.providers.downloads/cache/metadata-2148.htm
07-05 14:11:21.800   545 10257 I DownloadManager: in removeSpuriousFiles, preserving file /data/data/com.android.providers.downloads/cache/metadata-1287.htm
07-05 14:11:21.803   545 10257 I DownloadManager: in removeSpuriousFiles, preserving file /data/data/com.android.providers.downloads/cache/metadata-1031.htm
07-05 14:11:21.803   545 10257 I DownloadManager: in removeSpuriousFiles, preserving file /data/data/com.android.providers.downloads/cache/metadata-2296.htm
07-05 14:11:21.803   545 10257 I DownloadManager: in removeSpuriousFiles, preserving file /data/data/com.android.providers.downloads/cache/metadata-1029.htm
07-05 14:11:21.803   545 10257 I DownloadManager: in removeSpuriousFiles, preserving file /data/data/com.android.providers.downloads/cache/metadata-1853.htm
07-05 14:11:21.807   545 10257 I DownloadManager: in removeSpuriousFiles, preserving file /data/data/com.android.providers.downloads/cache/metadata-1564.htm
07-05 14:11:21.807   545 10257 I DownloadManager: in removeSpuriousFiles, preserving file /data/data/com.android.providers.downloads/cache/metadata-2255.htm
07-05 14:11:21.807   545 10257 I DownloadManager: in removeSpuriousFiles, preserving file /data/data/com.android.providers.downloads/cache/metadata-180.htm
07-05 14:11:21.807   545 10257 I DownloadManager: in removeSpuriousFiles, preserving file /data/data/com.android.providers.downloads/cache/metadata-629.htm
07-05 14:11:21.811   545 10257 I DownloadManager: in removeSpuriousFiles, preserving file /data/data/com.android.providers.downloads/cache/metadata-602.htm
07-05 14:11:21.811   545 10257 I DownloadManager: in removeSpuriousFiles, preserving file /data/data/com.android.providers.downloads/cache/metadata-637.htm
07-05 14:11:21.811   545 10257 I DownloadManager: in removeSpuriousFiles, preserving file /data/data/com.android.providers.downloads/cache/metadata-229.htm
07-05 14:11:21.811   545 10257 I DownloadManager: in removeSpuriousFiles, preserving file /data/data/com.android.providers.downloads/cache/metadata-506.htm
07-05 14:11:21.815   545 10257 I DownloadManager: in removeSpuriousFiles, preserving file /data/data/com.android.providers.downloads/cache/metadata-1305.htm
07-05 14:11:21.815   545 10257 I DownloadManager: in removeSpuriousFiles, preserving file /data/data/com.android.providers.downloads/cache/metadata-756.htm
07-05 14:11:21.815   545 10257 I DownloadManager: in removeSpuriousFiles, preserving file /data/data/com.android.providers.downloads/cache/metadata-2315.htm
07-05 14:11:21.815   545 10257 I DownloadManager: in removeSpuriousFiles, preserving file /data/data/com.android.providers.downloads/cache/metadata-725.htm
07-05 14:11:21.823   545 10257 I DownloadManager: in removeSpuriousFiles, preserving file /data/data/com.android.providers.downloads/cache/metadata-656.htm
07-05 14:11:21.823   545 10257 I DownloadManager: in removeSpuriousFiles, preserving file /data/data/com.android.providers.downloads/cache/metadata-2019.htm
07-05 14:11:21.827   545 10257 I DownloadManager: in removeSpuriousFiles, preserving file /data/data/com.android.providers.downloads/cache/metadata-1701.htm
07-05 14:11:21.827   545 10257 I DownloadManager: in removeSpuriousFiles, preserving file /data/data/com.android.providers.downloads/cache/metadata-1481.htm
07-05 14:11:21.827   545 10257 I DownloadManager: in removeSpuriousFiles, preserving file /data/data/com.android.providers.downloads/cache/metadata-590.htm
07-05 14:11:21.827   545 10257 I DownloadManager: in removeSpuriousFiles, preserving file /data/data/com.android.providers.downloads/cache/metadata-1104.htm
07-05 14:11:21.835   545 10257 I DownloadManager: in removeSpuriousFiles, preserving file /data/data/com.android.providers.downloads/cache/metadata-1127.htm
07-05 14:11:21.835   545 10257 I DownloadManager: in removeSpuriousFiles, preserving file /data/data/com.android.providers.downloads/cache/metadata-1296.htm
07-05 14:11:21.835   545 10257 I DownloadManager: in removeSpuriousFiles, preserving file /data/data/com.android.providers.downloads/cache/metadata-1511.htm
07-05 14:11:21.839   545 10257 I DownloadManager: in removeSpuriousFiles, preserving file /data/data/com.android.providers.downloads/cache/metadata-626.htm
07-05 14:11:21.839   545 10257 I DownloadManager: in removeSpuriousFiles, preserving file /data/data/com.android.providers.downloads/cache/metadata-439.htm
07-05 14:11:21.843   545 10257 I DownloadManager: in removeSpuriousFiles, preserving file /data/data/com.android.providers.downloads/cache/metadata-625.htm
07-05 14:11:21.843   545 10257 I DownloadManager: in removeSpuriousFiles, preserving file /data/data/com.android.providers.downloads/cache/metadata-2219.htm
07-05 14:11:21.843   545 10257 I DownloadManager: in removeSpuriousFiles, preserving file /data/data/com.android.providers.downloads/cache/metadata-1474.htm
07-05 14:11:21.843   545 10257 I DownloadManager: in removeSpuriousFiles, preserving file /data/data/com.android.providers.downloads/cache/metadata-2063.htm
07-05 14:11:21.850   545 10257 I DownloadManager: in removeSpuriousFiles, preserving file /data/data/com.android.providers.downloads/cache/metadata-1492.htm
07-05 14:11:21.850   545 10257 I DownloadManager: in removeSpuriousFiles, preserving file /data/data/com.android.providers.downloads/cache/metadata-2193.htm
07-05 14:11:21.850   545 10257 I DownloadManager: in removeSpuriousFiles, preserving file /data/data/com.android.providers.downloads/cache/metadata-919.htm
07-05 14:11:21.858   545 10257 I DownloadManager: in removeSpuriousFiles, preserving file /data/data/com.android.providers.downloads/cache/metadata-2227.htm
07-05 14:11:21.858   545 10257 I DownloadManager: in removeSpuriousFiles, preserving file /data/data/com.android.providers.downloads/cache/metadata-232.htm
07-05 14:11:21.858   545 10257 I DownloadManager: in removeSpuriousFiles, preserving file /data/data/com.android.providers.downloads/cache/metadata-551.htm
07-05 14:11:21.866   545 10257 I DownloadManager: in removeSpuriousFiles, preserving file /data/data/com.android.providers.downloads/cache/metadata-999.htm
07-05 14:11:21.866   545 10257 I DownloadManager: in removeSpuriousFiles, preserving file /data/data/com.android.providers.downloads/cache/metadata-1336.htm
07-05 14:11:21.866   545 10257 I DownloadManager: in removeSpuriousFiles, preserving file /data/data/com.android.providers.downloads/cache/metadata-1751.htm
07-05 14:11:21.874   545 10257 I DownloadManager: in removeSpuriousFiles, preserving file /data/data/com.android.providers.downloads/cache/metadata-1940.htm
07-05 14:11:21.874   545 10257 I DownloadManager: in removeSpuriousFiles, preserving file /data/data/com.android.providers.downloads/cache/metadata-810.htm
07-05 14:11:21.874   545 10257 I DownloadManager: in removeSpuriousFiles, preserving file /data/data/com.android.providers.downloads/cache/metadata-2781.htm
07-05 14:11:21.878   545 10257 I DownloadManager: in removeSpuriousFiles, preserving file /data/data/com.android.providers.downloads/cache/metadata-1382.htm
07-05 14:11:21.882   545 10257 I DownloadManager: in removeSpuriousFiles, preserving file /data/data/com.android.providers.downloads/cache/metadata-1601.htm
07-05 14:11:21.882   545 10257 I DownloadManager: in removeSpuriousFiles, preserving file /data/data/com.android.providers.downloads/cache/metadata-989.htm
07-05 14:11:21.889   545 10257 I DownloadManager: in removeSpuriousFiles, preserving file /data/data/com.android.providers.downloads/cache/metadata-653.htm
07-05 14:11:21.889   545 10257 I DownloadManager: in removeSpuriousFiles, preserving file /data/data/com.android.providers.downloads/cache/metadata-31.htm
07-05 14:11:21.889   545 10257 I DownloadManager: in removeSpuriousFiles, preserving file /data/data/com.android.providers.downloads/cache/metadata-168.htm
07-05 14:11:21.889   545 10257 I DownloadManager: in removeSpuriousFiles, preserving file /data/data/com.android.providers.downloads/cache/metadata-45.htm
07-05 14:11:21.889   545 10257 I DownloadManager: in removeSpuriousFiles, preserving file /data/data/com.android.providers.downloads/cache/metadata-1147.htm
07-05 14:11:21.889   545 10257 I DownloadManager: in removeSpuriousFiles, preserving file /data/data/com.android.providers.downloads/cache/metadata-394.htm
07-05 14:11:21.889   545 10257 I DownloadManager: in removeSpuriousFiles, preserving file /data/data/com.android.providers.downloads/cache/metadata-164.htm
07-05 14:11:21.889   545 10257 I DownloadManager: in removeSpuriousFiles, preserving file /data/data/com.android.providers.downloads/cache/metadata-63.htm
07-05 14:11:21.889   545 10257 I DownloadManager: in removeSpuriousFiles, preserving file /data/data/com.android.providers.downloads/cache/metadata-334.htm
07-05 14:11:21.889   545 10257 I DownloadManager: in removeSpuriousFiles, preserving file /data/data/com.android.providers.downloads/cache/metadata-107.htm
07-05 14:11:21.889   545 10257 I DownloadManager: in removeSpuriousFiles, preserving file /data/data/com.android.providers.downloads/cache/metadata-160.htm
07-05 14:11:21.889   545 10257 I DownloadManager: in removeSpuriousFiles, preserving file /data/data/com.android.providers.downloads/cache/metadata-2280.htm
07-05 14:11:21.889   545 10257 I DownloadManager: in removeSpuriousFiles, preserving file /data/data/com.android.providers.downloads/cache/metadata-117.htm
07-05 14:11:21.889   545 10257 I DownloadManager: in removeSpuriousFiles, preserving file /data/data/com.android.providers.downloads/cache/metadata-118.htm
07-05 14:11:21.889   545 10257 I DownloadManager: in removeSpuriousFiles, preserving file /data/data/com.android.providers.downloads/cache/metadata-169.htm
07-05 14:11:21.889   545 10257 I DownloadManager: in removeSpuriousFiles, preserving file /data/data/com.android.providers.downloads/cache/metadata-210.htm
07-05 14:11:21.889   545 10257 I DownloadManager: in removeSpuriousFiles, preserving file /data/data/com.android.providers.downloads/cache/metadata-265.htm
07-05 14:11:21.889   545 10257 I DownloadManager: in removeSpuriousFiles, preserving file /data/data/com.android.providers.downloads/cache/metadata-85.htm
07-05 14:11:21.889   545 10257 I DownloadManager: in removeSpuriousFiles, preserving file /data/data/com.android.providers.downloads/cache/metadata-172.htm
07-05 14:11:21.889   545 10257 I DownloadManager: in removeSpuriousFiles, preserving file /data/data/com.android.providers.downloads/cache/metadata-1394.htm
07-05 14:11:21.893   545 10257 I DownloadManager: in removeSpuriousFiles, preserving file /data/data/com.android.providers.downloads/cache/metadata-138.htm
07-05 14:11:21.893   545 10257 I DownloadManager: in removeSpuriousFiles, preserving file /data/data/com.android.providers.downloads/cache/metadata-1267.htm
07-05 14:11:21.893   545 10257 I DownloadManager: in removeSpuriousFiles, preserving file /data/data/com.android.providers.downloads/cache/metadata-273.htm
07-05 14:11:21.893   545 10257 I DownloadManager: in removeSpuriousFiles, preserving file /data/data/com.android.providers.downloads/cache/metadata-247.htm
07-05 14:11:21.893   545 10257 I DownloadManager: in removeSpuriousFiles, preserving file /data/data/com.android.providers.downloads/cache/metadata-646.htm
07-05 14:11:21.893   545 10257 I DownloadManager: in removeSpuriousFiles, preserving file /data/data/com.android.providers.downloads/cache/metadata-335.htm
07-05 14:11:21.893   545 10257 I DownloadManager: in removeSpuriousFiles, preserving file /data/data/com.android.providers.downloads/cache/metadata-193.htm
07-05 14:11:21.893   545 10257 I DownloadManager: in removeSpuriousFiles, preserving file /data/data/com.android.providers.downloads/cache/metadata-276.htm
07-05 14:11:21.897   545 10257 I DownloadManager: in removeSpuriousFiles, preserving file /data/data/com.android.providers.downloads/cache/metadata-97.htm
07-05 14:11:21.897   545 10257 I DownloadManager: in removeSpuriousFiles, preserving file /data/data/com.android.providers.downloads/cache/metadata-305.htm
07-05 14:11:21.897   545 10257 I DownloadManager: in removeSpuriousFiles, preserving file /data/data/com.android.providers.downloads/cache/metadata-188.htm
07-05 14:11:21.897   545 10257 I DownloadManager: in removeSpuriousFiles, preserving file /data/data/com.android.providers.downloads/cache/metadata-218.htm
07-05 14:11:21.897   545 10257 I DownloadManager: in removeSpuriousFiles, preserving file /data/data/com.android.providers.downloads/cache/metadata-480.htm
07-05 14:11:21.897   545 10257 I DownloadManager: in removeSpuriousFiles, preserving file /data/data/com.android.providers.downloads/cache/metadata-133.htm
07-05 14:11:21.897   545 10257 I DownloadManager: in removeSpuriousFiles, preserving file /data/data/com.android.providers.downloads/cache/metadata-2803.htm
07-05 14:11:21.897   545 10257 I DownloadManager: in removeSpuriousFiles, preserving file /data/data/com.android.providers.downloads/cache/metadata-326.htm
07-05 14:11:21.897   545 10257 I DownloadManager: in removeSpuriousFiles, preserving file /data/data/com.android.providers.downloads/cache/metadata-281.htm
07-05 14:11:21.897   545 10257 I DownloadManager: in removeSpuriousFiles, preserving file /data/data/com.android.providers.downloads/cache/metadata-136.htm
07-05 14:11:21.897   545 10257 I DownloadManager: in removeSpuriousFiles, preserving file /data/data/com.android.providers.downloads/cache/metadata-368.htm
07-05 14:11:21.897   545 10257 I DownloadManager: in removeSpuriousFiles, preserving file /data/data/com.android.providers.downloads/cache/metadata-170.htm
07-05 14:11:21.897   545 10257 I DownloadManager: in removeSpuriousFiles, preserving file /data/data/com.android.providers.downloads/cache/metadata-314.htm
07-05 14:11:21.897   545 10257 I DownloadManager: in removeSpuriousFiles, preserving file /data/data/com.android.providers.downloads/cache/metadata-2053.htm
07-05 14:11:21.897   545 10257 I DownloadManager: in removeSpuriousFiles, preserving file /data/data/com.android.providers.downloads/cache/metadata-144.htm
07-05 14:11:21.901   545 10257 I DownloadManager: in removeSpuriousFiles, preserving file /data/data/com.android.providers.downloads/cache/metadata-427.htm
07-05 14:11:21.901   545 10257 I DownloadManager: in removeSpuriousFiles, preserving file /data/data/com.android.providers.downloads/cache/metadata-1560.htm
07-05 14:11:21.901   545 10257 I DownloadManager: in removeSpuriousFiles, preserving file /data/data/com.android.providers.downloads/cache/metadata-237.htm
07-05 14:11:21.901   545 10257 I DownloadManager: in removeSpuriousFiles, preserving file /data/data/com.android.providers.downloads/cache/metadata-1409.htm
07-05 14:11:21.901   545 10257 I DownloadManager: in removeSpuriousFiles, preserving file /data/data/com.android.providers.downloads/cache/metadata-1893.htm
07-05 14:11:21.901   545 10257 I DownloadManager: in removeSpuriousFiles, preserving file /data/data/com.android.providers.downloads/cache/metadata-1232.htm
07-05 14:11:21.901   545 10257 I DownloadManager: in removeSpuriousFiles, preserving file /data/data/com.android.providers.downloads/cache/metadata-1903.htm
07-05 14:11:21.901   545 10257 I DownloadManager: in removeSpuriousFiles, preserving file /data/data/com.android.providers.downloads/cache/metadata-360.htm
07-05 14:11:21.901   545 10257 I DownloadManager: in removeSpuriousFiles, preserving file /data/data/com.android.providers.downloads/cache/metadata-418.htm
07-05 14:11:21.901   545 10257 I DownloadManager: in removeSpuriousFiles, preserving file /data/data/com.android.providers.downloads/cache/metadata-115.htm
07-05 14:11:21.901   545 10257 I DownloadManager: in removeSpuriousFiles, preserving file /data/data/com.android.providers.downloads/cache/metadata-121.htm
07-05 14:11:21.901   545 10257 I DownloadManager: in removeSpuriousFiles, preserving file /data/data/com.android.providers.downloads/cache/metadata-375.htm
07-05 14:11:21.901   545 10257 I DownloadManager: in removeSpuriousFiles, preserving file /data/data/com.android.providers.downloads/cache/metadata-1621.htm
07-05 14:11:21.905   545 10257 I DownloadManager: in removeSpuriousFiles, preserving file /data/data/com.android.providers.downloads/cache/metadata-234.htm
07-05 14:11:21.905   545 10257 I DownloadManager: in removeSpuriousFiles, preserving file /data/data/com.android.providers.downloads/cache/metadata-127.htm
07-05 14:11:21.905   545 10257 I DownloadManager: in removeSpuriousFiles, preserving file /data/data/com.android.providers.downloads/cache/metadata-1351.htm
07-05 14:11:21.905   545 10257 I DownloadManager: in removeSpuriousFiles, preserving file /data/data/com.android.providers.downloads/cache/metadata-446.htm
07-05 14:11:21.905   545 10257 I DownloadManager: in removeSpuriousFiles, preserving file /data/data/com.android.providers.downloads/cache/metadata-289.htm
07-05 14:11:21.905   545 10257 I DownloadManager: in removeSpuriousFiles, preserving file /data/data/com.android.providers.downloads/cache/metadata-1437.htm
07-05 14:11:21.905   545 10257 I DownloadManager: in removeSpuriousFiles, preserving file /data/data/com.android.providers.downloads/cache/metadata-388.htm
07-05 14:11:21.905   545 10257 I DownloadManager: in removeSpuriousFiles, preserving file /data/data/com.android.providers.downloads/cache/metadata-386.htm
07-05 14:11:21.905   545 10257 I DownloadManager: in removeSpuriousFiles, preserving file /data/data/com.android.providers.downloads/cache/metadata-1512.htm
07-05 14:11:21.905   545 10257 I DownloadManager: in removeSpuriousFiles, preserving file /data/data/com.android.providers.downloads/cache/metadata-1667.htm
07-05 14:11:21.905   545 10257 I DownloadManager: in removeSpuriousFiles, preserving file /data/data/com.android.providers.downloads/cache/metadata-593.htm
07-05 14:11:21.909   545 10257 I DownloadManager: in removeSpuriousFiles, preserving file /data/data/com.android.providers.downloads/cache/metadata-240.htm
07-05 14:11:21.909   545 10257 I DownloadManager: in removeSpuriousFiles, preserving file /data/data/com.android.providers.downloads/cache/metadata-397.htm
07-05 14:11:21.909   545 10257 I DownloadManager: in removeSpuriousFiles, preserving file /data/data/com.android.providers.downloads/cache/metadata-212.htm
07-05 14:11:21.909   545 10257 I DownloadManager: in removeSpuriousFiles, preserving file /data/data/com.android.providers.downloads/cache/metadata-211.htm
07-05 14:11:21.909   545 10257 I DownloadManager: in removeSpuriousFiles, preserving file /data/data/com.android.providers.downloads/cache/metadata-269.htm
07-05 14:11:21.909   545 10257 I DownloadManager: in removeSpuriousFiles, preserving file /data/data/com.android.providers.downloads/cache/metadata-187.htm
07-05 14:11:21.909   545 10257 I DownloadManager: in removeSpuriousFiles, preserving file /data/data/com.android.providers.downloads/cache/metadata-349.htm
07-05 14:11:21.909   545 10257 I DownloadManager: in removeSpuriousFiles, preserving file /data/data/com.android.providers.downloads/cache/metadata-1150.htm
07-05 14:11:21.909   545 10257 I DownloadManager: in removeSpuriousFiles, preserving file /data/data/com.android.providers.downloads/cache/metadata-283.htm
07-05 14:11:21.913   545 10257 I DownloadManager: in removeSpuriousFiles, preserving file /data/data/com.android.providers.downloads/cache/metadata-419.htm
07-05 14:11:21.913   545 10257 I DownloadManager: in removeSpuriousFiles, preserving file /data/data/com.android.providers.downloads/cache/metadata-202.htm
07-05 14:11:21.913   545 10257 I DownloadManager: in removeSpuriousFiles, preserving file /data/data/com.android.providers.downloads/cache/metadata-399.htm
07-05 14:11:21.913   545 10257 I DownloadManager: in removeSpuriousFiles, preserving file /data/data/com.android.providers.downloads/cache/metadata-612.htm
07-05 14:11:21.913   545 10257 I DownloadManager: in removeSpuriousFiles, preserving file /data/data/com.android.providers.downloads/cache/metadata-81.htm
07-05 14:11:21.913   545 10257 I DownloadManager: in removeSpuriousFiles, preserving file /data/data/com.android.providers.downloads/cache/metadata-1808.htm
07-05 14:11:21.913   545 10257 I DownloadManager: in removeSpuriousFiles, preserving file /data/data/com.android.providers.downloads/cache/metadata-1938.htm
07-05 14:11:21.913   545 10257 I DownloadManager: in removeSpuriousFiles, preserving file /data/data/com.android.providers.downloads/cache/metadata-186.htm
07-05 14:11:21.917   545 10257 I DownloadManager: in removeSpuriousFiles, preserving file /data/data/com.android.providers.downloads/cache/metadata-93.htm
07-05 14:11:21.917   545 10257 I DownloadManager: in removeSpuriousFiles, preserving file /data/data/com.android.providers.downloads/cache/metadata-235.htm
07-05 14:11:21.917   545 10257 I DownloadManager: in removeSpuriousFiles, preserving file /data/data/com.android.providers.downloads/cache/metadata-1447.htm
07-05 14:11:21.917   545 10257 I DownloadManager: in removeSpuriousFiles, preserving file /data/data/com.android.providers.downloads/cache/metadata-231.htm
07-05 14:11:21.917   545 10257 I DownloadManager: in removeSpuriousFiles, preserving file /data/data/com.android.providers.downloads/cache/metadata-254.htm
07-05 14:11:21.921   545 10257 I DownloadManager: in removeSpuriousFiles, preserving file /data/data/com.android.providers.downloads/cache/metadata-105.htm
07-05 14:11:21.921   545 10257 I DownloadManager: in removeSpuriousFiles, preserving file /data/data/com.android.providers.downloads/cache/metadata-1510.htm
07-05 14:11:21.921   545 10257 I DownloadManager: in removeSpuriousFiles, preserving file /data/data/com.android.providers.downloads/cache/metadata-914.htm
07-05 14:11:21.921   545 10257 I DownloadManager: in removeSpuriousFiles, preserving file /data/data/com.android.providers.downloads/cache/metadata-1736.htm
07-05 14:11:21.921   545 10257 I DownloadManager: in removeSpuriousFiles, preserving file /data/data/com.android.providers.downloads/cache/metadata-1763.htm
07-05 14:11:21.925   545 10257 I DownloadManager: in removeSpuriousFiles, preserving file /data/data/com.android.providers.downloads/cache/metadata-619.htm
07-05 14:11:21.925   545 10257 I DownloadManager: in removeSpuriousFiles, preserving file /data/data/com.android.providers.downloads/cache/metadata-714.htm
07-05 14:11:21.925   545 10257 I DownloadManager: in removeSpuriousFiles, preserving file /data/data/com.android.providers.downloads/cache/metadata-796.htm
07-05 14:11:21.925   545 10257 I DownloadManager: in removeSpuriousFiles, preserving file /data/data/com.android.providers.downloads/cache/metadata-1760.htm
07-05 14:11:21.925   545 10257 I DownloadManager: in removeSpuriousFiles, preserving file /data/data/com.android.providers.downloads/cache/metadata-642.htm
07-05 14:11:21.928   545 10257 I DownloadManager: in removeSpuriousFiles, preserving file /data/data/com.android.providers.downloads/cache/metadata-400.htm
07-05 14:11:21.928   545 10257 I DownloadManager: in removeSpuriousFiles, preserving file /data/data/com.android.providers.downloads/cache/metadata-572.htm
07-05 14:11:21.928   545 10257 I DownloadManager: in removeSpuriousFiles, preserving file /data/data/com.android.providers.downloads/cache/metadata-743.htm
07-05 14:11:21.928   545 10257 I DownloadManager: in removeSpuriousFiles, preserving file /data/data/com.android.providers.downloads/cache/metadata-1361.htm
07-05 14:11:21.932   545 10257 I DownloadManager: in removeSpuriousFiles, preserving file /data/data/com.android.providers.downloads/cache/metadata-436.htm
07-05 14:11:21.932   545 10257 I DownloadManager: in removeSpuriousFiles, preserving file /data/data/com.android.providers.downloads/cache/metadata-1293.htm
07-05 14:11:21.932   545 10257 I DownloadManager: in removeSpuriousFiles, preserving file /data/data/com.android.providers.downloads/cache/metadata-1589.htm
07-05 14:11:21.932   545 10257 I DownloadManager: in removeSpuriousFiles, preserving file /data/data/com.android.providers.downloads/cache/metadata-1246.htm
07-05 14:11:21.940   545 10257 I DownloadManager: in removeSpuriousFiles, preserving file /data/data/com.android.providers.downloads/cache/metadata-1152.htm
07-05 14:11:21.940   545 10257 I DownloadManager: in removeSpuriousFiles, preserving file /data/data/com.android.providers.downloads/cache/metadata-2062.htm
07-05 14:11:21.940   545 10257 I DownloadManager: in removeSpuriousFiles, preserving file /data/data/com.android.providers.downloads/cache/metadata-1694.htm
07-05 14:11:21.940   545 10257 I DownloadManager: in removeSpuriousFiles, preserving file /data/data/com.android.providers.downloads/cache/metadata-1095.htm
07-05 14:11:21.944   545 10257 I DownloadManager: in removeSpuriousFiles, preserving file /data/data/com.android.providers.downloads/cache/metadata-903.htm
07-05 14:11:21.944   545 10257 I DownloadManager: in removeSpuriousFiles, preserving file /data/data/com.android.providers.downloads/cache/metadata-1025.htm
07-05 14:11:21.944   545 10257 I DownloadManager: in removeSpuriousFiles, preserving file /data/data/com.android.providers.downloads/cache/metadata-1340.htm
07-05 14:11:21.944   545 10257 I DownloadManager: in removeSpuriousFiles, preserving file /data/data/com.android.providers.downloads/cache/metadata-938.htm
07-05 14:11:21.948   545 10257 I DownloadManager: in removeSpuriousFiles, preserving file /data/data/com.android.providers.downloads/cache/metadata-1927.htm
07-05 14:11:21.948   545 10257 I DownloadManager: in removeSpuriousFiles, preserving file /data/data/com.android.providers.downloads/cache/metadata-175.htm
07-05 14:11:21.948   545 10257 I DownloadManager: in removeSpuriousFiles, preserving file /data/data/com.android.providers.downloads/cache/metadata-20.htm
07-05 14:11:21.948   545 10257 I DownloadManager: in removeSpuriousFiles, preserving file /data/data/com.android.providers.downloads/cache/metadata-38.htm
07-05 14:11:21.948   545 10257 I DownloadManager: in removeSpuriousFiles, preserving file /data/data/com.android.providers.downloads/cache/metadata-7.htm
07-05 14:11:21.948   545 10257 I DownloadManager: in removeSpuriousFiles, preserving file /data/data/com.android.providers.downloads/cache/metadata-112.htm
07-05 14:11:21.948   545 10257 I DownloadManager: in removeSpuriousFiles, preserving file /data/data/com.android.providers.downloads/cache/metadata-43.htm
07-05 14:11:21.948   545 10257 I DownloadManager: in removeSpuriousFiles, preserving file /data/data/com.android.providers.downloads/cache/metadata-217.htm
07-05 14:11:21.948   545 10257 I DownloadManager: in removeSpuriousFiles, preserving file /data/data/com.android.providers.downloads/cache/metadata-328.htm
07-05 14:11:21.948   545 10257 I DownloadManager: in removeSpuriousFiles, preserving file /data/data/com.android.providers.downloads/cache/metadata-52.htm
07-05 14:11:21.952   545 10257 I DownloadManager: in removeSpuriousFiles, preserving file /data/data/com.android.providers.downloads/cache/metadata-467.htm
07-05 14:11:21.952   545 10257 I DownloadManager: in removeSpuriousFiles, preserving file /data/data/com.android.providers.downloads/cache/metadata-409.htm
07-05 14:11:21.952   545 10257 I DownloadManager: in removeSpuriousFiles, preserving file /data/data/com.android.providers.downloads/cache/metadata-307.htm
07-05 14:11:21.952   545 10257 I DownloadManager: in removeSpuriousFiles, preserving file /data/data/com.android.providers.downloads/cache/metadata-1552.htm
07-05 14:11:21.952   545 10257 I DownloadManager: in removeSpuriousFiles, preserving file /data/data/com.android.providers.downloads/cache/metadata-50.htm
07-05 14:11:21.952   545 10257 I DownloadManager: in removeSpuriousFiles, preserving file /data/data/com.android.providers.downloads/cache/metadata-61.htm
07-05 14:11:21.952   545 10257 I DownloadManager: in removeSpuriousFiles, preserving file /data/data/com.android.providers.downloads/cache/metadata-83.htm
07-05 14:11:21.952   545 10257 I DownloadManager: in removeSpuriousFiles, preserving file /data/data/com.android.providers.downloads/cache/metadata-263.htm
07-05 14:11:21.952   545 10257 I DownloadManager: in removeSpuriousFiles, preserving file /data/data/com.android.providers.downloads/cache/metadata-208.htm
07-05 14:11:21.952   545 10257 I DownloadManager: in removeSpuriousFiles, preserving file /data/data/com.android.providers.downloads/cache/metadata-300.htm
07-05 14:11:21.952   545 10257 I DownloadManager: in removeSpuriousFiles, preserving file /data/data/com.android.providers.downloads/cache/metadata-350.htm
07-05 14:11:21.952   545 10257 I DownloadManager: in removeSpuriousFiles, preserving file /data/data/com.android.providers.downloads/cache/metadata-403.htm
07-05 14:11:21.952   545 10257 I DownloadManager: in removeSpuriousFiles, preserving file /data/data/com.android.providers.downloads/cache/metadata-132.htm
07-05 14:11:21.952   545 10257 I DownloadManager: in removeSpuriousFiles, preserving file /data/data/com.android.providers.downloads/cache/metadata-468.htm
07-05 14:11:21.952   545 10257 I DownloadManager: in removeSpuriousFiles, preserving file /data/data/com.android.providers.downloads/cache/metadata-227.htm
07-05 14:11:21.952   545 10257 I DownloadManager: in removeSpuriousFiles, preserving file /data/data/com.android.providers.downloads/cache/metadata-2553.htm
07-05 14:11:21.952   545 10257 I DownloadManager: in removeSpuriousFiles, preserving file /data/data/com.android.providers.downloads/cache/metadata-157.htm
07-05 14:11:21.952   545 10257 I DownloadManager: in removeSpuriousFiles, preserving file /data/data/com.android.providers.downloads/cache/metadata-351.htm
07-05 14:11:21.952   545 10257 I DownloadManager: in removeSpuriousFiles, preserving file /data/data/com.android.providers.downloads/cache/metadata-329.htm
07-05 14:11:21.952   545 10257 I DownloadManager: in removeSpuriousFiles, preserving file /data/data/com.android.providers.downloads/cache/metadata-249.htm
07-05 14:11:21.956   545 10257 I DownloadManager: in removeSpuriousFiles, preserving file /data/data/com.android.providers.downloads/cache/metadata-488.htm
07-05 14:11:21.956   545 10257 I DownloadManager: in removeSpuriousFiles, preserving file /data/data/com.android.providers.downloads/cache/metadata-284.htm
07-05 14:11:21.956   545 10257 I DownloadManager: in removeSpuriousFiles, preserving file /data/data/com.android.providers.downloads/cache/metadata-171.htm
07-05 14:11:21.956   545 10257 I DownloadManager: in removeSpuriousFiles, preserving file /data/data/com.android.providers.downloads/cache/metadata-306.htm
07-05 14:11:21.956   545 10257 I DownloadManager: in removeSpuriousFiles, preserving file /data/data/com.android.providers.downloads/cache/metadata-198.htm
07-05 14:11:21.956   545 10257 I DownloadManager: in removeSpuriousFiles, preserving file /data/data/com.android.providers.downloads/cache/metadata-147.htm
07-05 14:11:21.956   545 10257 I DownloadManager: in removeSpuriousFiles, preserving file /data/data/com.android.providers.downloads/cache/metadata-340.htm
07-05 14:11:21.956   545 10257 I DownloadManager: in removeSpuriousFiles, preserving file /data/data/com.android.providers.downloads/cache/metadata-262.htm
07-05 14:11:21.956   545 10257 I DownloadManager: in removeSpuriousFiles, preserving file /data/data/com.android.providers.downloads/cache/metadata-604.htm
07-05 14:11:21.956   545 10257 I DownloadManager: in removeSpuriousFiles, preserving file /data/data/com.android.providers.downloads/cache/metadata-88.htm
07-05 14:11:21.956   545 10257 I DownloadManager: in removeSpuriousFiles, preserving file /data/data/com.android.providers.downloads/cache/metadata-197.htm
07-05 14:11:21.956   545 10257 I DownloadManager: in removeSpuriousFiles, preserving file /data/data/com.android.providers.downloads/cache/metadata-359.htm
07-05 14:11:21.956   545 10257 I DownloadManager: in removeSpuriousFiles, preserving file /data/data/com.android.providers.downloads/cache/metadata-1355.htm
07-05 14:11:21.956   545 10257 I DownloadManager: in removeSpuriousFiles, preserving file /data/data/com.android.providers.downloads/cache/metadata-101.htm
07-05 14:11:21.956   545 10257 I DownloadManager: in removeSpuriousFiles, preserving file /data/data/com.android.providers.downloads/cache/metadata-268.htm
07-05 14:11:21.956   545 10257 I DownloadManager: in removeSpuriousFiles, preserving file /data/data/com.android.providers.downloads/cache/metadata-331.htm
07-05 14:11:21.960   545 10257 I DownloadManager: in removeSpuriousFiles, preserving file /data/data/com.android.providers.downloads/cache/metadata-159.htm
07-05 14:11:21.960   545 10257 I DownloadManager: in removeSpuriousFiles, preserving file /data/data/com.android.providers.downloads/cache/metadata-87.htm
07-05 14:11:21.960   545 10257 I DownloadManager: in removeSpuriousFiles, preserving file /data/data/com.android.providers.downloads/cache/metadata-1225.htm
07-05 14:11:21.960   545 10257 I DownloadManager: in removeSpuriousFiles, preserving file /data/data/com.android.providers.downloads/cache/metadata-80.htm
07-05 14:11:21.960   545 10257 I DownloadManager: in removeSpuriousFiles, preserving file /data/data/com.android.providers.downloads/cache/metadata-573.htm
07-05 14:11:21.960   545 10257 I DownloadManager: in removeSpuriousFiles, preserving file /data/data/com.android.providers.downloads/cache/metadata-261.htm
07-05 14:11:21.960   545 10257 I DownloadManager: in removeSpuriousFiles, preserving file /data/data/com.android.providers.downloads/cache/metadata-344.htm
07-05 14:11:21.960   545 10257 I DownloadManager: in removeSpuriousFiles, preserving file /data/data/com.android.providers.downloads/cache/metadata-347.htm
07-05 14:11:21.960   545 10257 I DownloadManager: in removeSpuriousFiles, preserving file /data/data/com.android.providers.downloads/cache/metadata-1298.htm
07-05 14:11:21.960   545 10257 I DownloadManager: in removeSpuriousFiles, preserving file /data/data/com.android.providers.downloads/cache/metadata-1629.htm
07-05 14:11:21.960   545 10257 I DownloadManager: in removeSpuriousFiles, preserving file /data/data/com.android.providers.downloads/cache/metadata-103.htm
07-05 14:11:21.960   545 10257 I DownloadManager: in removeSpuriousFiles, preserving file /data/data/com.android.providers.downloads/cache/metadata-483.htm
07-05 14:11:21.960   545 10257 I DownloadManager: in removeSpuriousFiles, preserving file /data/data/com.android.providers.downloads/cache/metadata-332.htm
07-05 14:11:21.960   545 10257 I DownloadManager: in removeSpuriousFiles, preserving file /data/data/com.android.providers.downloads/cache/metadata-250.htm
07-05 14:11:21.964   545 10257 I DownloadManager: in removeSpuriousFiles, preserving file /data/data/com.android.providers.downloads/cache/metadata-856.htm
07-05 14:11:21.964   545 10257 I DownloadManager: in removeSpuriousFiles, preserving file /data/data/com.android.providers.downloads/cache/metadata-176.htm
07-05 14:11:21.964   545 10257 I DownloadManager: in removeSpuriousFiles, preserving file /data/data/com.android.providers.downloads/cache/metadata-96.htm
07-05 14:11:21.964   545 10257 I DownloadManager: in removeSpuriousFiles, preserving file /data/data/com.android.providers.downloads/cache/metadata-578.htm
07-05 14:11:21.964   545 10257 I DownloadManager: in removeSpuriousFiles, preserving file /data/data/com.android.providers.downloads/cache/metadata-982.htm
07-05 14:11:21.964   545 10257 I DownloadManager: in removeSpuriousFiles, preserving file /data/data/com.android.providers.downloads/cache/metadata-310.htm
07-05 14:11:21.964   545 10257 I DownloadManager: in removeSpuriousFiles, preserving file /data/data/com.android.providers.downloads/cache/metadata-1515.htm
07-05 14:11:21.964   545 10257 I DownloadManager: in removeSpuriousFiles, preserving file /data/data/com.android.providers.downloads/cache/metadata-482.htm
07-05 14:11:21.964   545 10257 I DownloadManager: in removeSpuriousFiles, preserving file /data/data/com.android.providers.downloads/cache/metadata-1508.htm
07-05 14:11:21.964   545 10257 I DownloadManager: in removeSpuriousFiles, preserving file /data/data/com.android.providers.downloads/cache/metadata-660.htm
07-05 14:11:21.964   545 10257 I DownloadManager: in removeSpuriousFiles, preserving file /data/data/com.android.providers.downloads/cache/metadata-303.htm
07-05 14:11:21.964   545 10257 I DownloadManager: in removeSpuriousFiles, preserving file /data/data/com.android.providers.downloads/cache/metadata-635.htm
07-05 14:11:21.968   545 10257 I DownloadManager: in removeSpuriousFiles, preserving file /data/data/com.android.providers.downloads/cache/metadata-1375.htm
07-05 14:11:21.968   545 10257 I DownloadManager: in removeSpuriousFiles, preserving file /data/data/com.android.providers.downloads/cache/metadata-1074.htm
07-05 14:11:21.968   545 10257 I DownloadManager: in removeSpuriousFiles, preserving file /data/data/com.android.providers.downloads/cache/metadata-1258.htm
07-05 14:11:21.968   545 10257 I DownloadManager: in removeSpuriousFiles, preserving file /data/data/com.android.providers.downloads/cache/metadata-220.htm
07-05 14:11:21.968   545 10257 I DownloadManager: in removeSpuriousFiles, preserving file /data/data/com.android.providers.downloads/cache/metadata-1802.htm
07-05 14:11:21.968   545 10257 I DownloadManager: in removeSpuriousFiles, preserving file /data/data/com.android.providers.downloads/cache/metadata-387.htm
07-05 14:11:21.968   545 10257 I DownloadManager: in removeSpuriousFiles, preserving file /data/data/com.android.providers.downloads/cache/metadata-298.htm
07-05 14:11:21.968   545 10257 I DownloadManager: in removeSpuriousFiles, preserving file /data/data/com.android.providers.downloads/cache/metadata-1514.htm
07-05 14:11:21.968   545 10257 I DownloadManager: in removeSpuriousFiles, preserving file /data/data/com.android.providers.downloads/cache/metadata-806.htm
07-05 14:11:21.968   545 10257 I DownloadManager: in removeSpuriousFiles, preserving file /data/data/com.android.providers.downloads/cache/metadata-1241.htm
07-05 14:11:21.971   545 10257 I DownloadManager: in removeSpuriousFiles, preserving file /data/data/com.android.providers.downloads/cache/metadata-322.htm
07-05 14:11:21.971   545 10257 I DownloadManager: in removeSpuriousFiles, preserving file /data/data/com.android.providers.downloads/cache/metadata-1367.htm
07-05 14:11:21.971   545 10257 I DownloadManager: in removeSpuriousFiles, preserving file /data/data/com.android.providers.downloads/cache/metadata-1505.htm
07-05 14:11:21.971   545 10257 I DownloadManager: in removeSpuriousFiles, preserving file /data/data/com.android.providers.downloads/cache/metadata-108.htm
07-05 14:11:21.971   545 10257 I DownloadManager: in removeSpuriousFiles, preserving file /data/data/com.android.providers.downloads/cache/metadata-544.htm
07-05 14:11:21.971   545 10257 I DownloadManager: in removeSpuriousFiles, preserving file /data/data/com.android.providers.downloads/cache/metadata-937.htm
07-05 14:11:21.971   545 10257 I DownloadManager: in removeSpuriousFiles, preserving file /data/data/com.android.providers.downloads/cache/metadata-2787.htm
07-05 14:11:21.971   545 10257 I DownloadManager: in removeSpuriousFiles, preserving file /data/data/com.android.providers.downloads/cache/metadata-288.htm
07-05 14:11:21.971   545 10257 I DownloadManager: in removeSpuriousFiles, preserving file /data/data/com.android.providers.downloads/cache/metadata-883.htm
07-05 14:11:21.975   545 10257 I DownloadManager: in removeSpuriousFiles, preserving file /data/data/com.android.providers.downloads/cache/metadata-502.htm
07-05 14:11:21.975   545 10257 I DownloadManager: in removeSpuriousFiles, preserving file /data/data/com.android.providers.downloads/cache/metadata-516.htm
07-05 14:11:21.975   545 10257 I DownloadManager: in removeSpuriousFiles, preserving file /data/data/com.android.providers.downloads/cache/metadata-2058.htm
07-05 14:11:21.975   545 10257 I DownloadManager: in removeSpuriousFiles, preserving file /data/data/com.android.providers.downloads/cache/metadata-686.htm
07-05 14:11:21.975   545 10257 I DownloadManager: in removeSpuriousFiles, preserving file /data/data/com.android.providers.downloads/cache/metadata-906.htm
07-05 14:11:21.975   545 10257 I DownloadManager: in removeSpuriousFiles, preserving file /data/data/com.android.providers.downloads/cache/metadata-367.htm
07-05 14:11:21.975   545 10257 I DownloadManager: in removeSpuriousFiles, preserving file /data/data/com.android.providers.downloads/cache/metadata-92.htm
07-05 14:11:21.979   545 10257 I DownloadManager: in removeSpuriousFiles, preserving file /data/data/com.android.providers.downloads/cache/metadata-1020.htm
07-05 14:11:21.979   545 10257 I DownloadManager: in removeSpuriousFiles, preserving file /data/data/com.android.providers.downloads/cache/metadata-1040.htm
07-05 14:11:21.979   545 10257 I DownloadManager: in removeSpuriousFiles, preserving file /data/data/com.android.providers.downloads/cache/metadata-985.htm
07-05 14:11:21.979   545 10257 I DownloadManager: in removeSpuriousFiles, preserving file /data/data/com.android.providers.downloads/cache/metadata-1472.htm
07-05 14:11:21.979   545 10257 I DownloadManager: in removeSpuriousFiles, preserving file /data/data/com.android.providers.downloads/cache/metadata-704.htm
07-05 14:11:21.983   545 10257 I DownloadManager: in removeSpuriousFiles, preserving file /data/data/com.android.providers.downloads/cache/metadata-2080.htm
07-05 14:11:21.983   545 10257 I DownloadManager: in removeSpuriousFiles, preserving file /data/data/com.android.providers.downloads/cache/metadata-2185.htm
07-05 14:11:21.983   545 10257 I DownloadManager: in removeSpuriousFiles, preserving file /data/data/com.android.providers.downloads/cache/metadata-1187.htm
07-05 14:11:21.983   545 10257 I DownloadManager: in removeSpuriousFiles, preserving file /data/data/com.android.providers.downloads/cache/metadata-1249.htm
07-05 14:11:21.983   545 10257 I DownloadManager: in removeSpuriousFiles, preserving file /data/data/com.android.providers.downloads/cache/metadata-552.htm
07-05 14:11:21.987   545 10257 I DownloadManager: in removeSpuriousFiles, preserving file /data/data/com.android.providers.downloads/cache/metadata-684.htm
07-05 14:11:21.987   545 10257 I DownloadManager: in removeSpuriousFiles, preserving file /data/data/com.android.providers.downloads/cache/metadata-1947.htm
07-05 14:11:21.987   545 10257 I DownloadManager: in removeSpuriousFiles, preserving file /data/data/com.android.providers.downloads/cache/metadata-963.htm
07-05 14:11:21.987   545 10257 I DownloadManager: in removeSpuriousFiles, preserving file /data/data/com.android.providers.downloads/cache/metadata-1332.htm
07-05 14:11:21.987   545 10257 I DownloadManager: in removeSpuriousFiles, preserving file /data/data/com.android.providers.downloads/cache/metadata-1634.htm
07-05 14:11:21.991   545 10257 I DownloadManager: in removeSpuriousFiles, preserving file /data/data/com.android.providers.downloads/cache/metadata-984.htm
07-05 14:11:21.991   545 10257 I DownloadManager: in removeSpuriousFiles, preserving file /data/data/com.android.providers.downloads/cache/metadata-745.htm
07-05 14:11:21.991   545 10257 I DownloadManager: in removeSpuriousFiles, preserving file /data/data/com.android.providers.downloads/cache/metadata-620.htm
07-05 14:11:21.991   545 10257 I DownloadManager: in removeSpuriousFiles, preserving file /data/data/com.android.providers.downloads/cache/metadata-716.htm
07-05 14:11:21.995   545 10257 I DownloadManager: in removeSpuriousFiles, preserving file /data/data/com.android.providers.downloads/cache/metadata-243.htm
07-05 14:11:21.995   545 10257 I DownloadManager: in removeSpuriousFiles, preserving file /data/data/com.android.providers.downloads/cache/metadata-1754.htm
07-05 14:11:21.995   545 10257 I DownloadManager: in removeSpuriousFiles, preserving file /data/data/com.android.providers.downloads/cache/metadata-1270.htm
07-05 14:11:21.995   545 10257 I DownloadManager: in removeSpuriousFiles, preserving file /data/data/com.android.providers.downloads/cache/metadata-766.htm
07-05 14:11:21.995   545 10257 I DownloadManager: in removeSpuriousFiles, preserving file /data/data/com.android.providers.downloads/cache/metadata-323.htm
07-05 14:11:21.995   545 10257 I DownloadManager: in removeSpuriousFiles, preserving file /data/data/com.android.providers.downloads/cache/metadata-33.htm
07-05 14:11:21.999   545 10257 I DownloadManager: in removeSpuriousFiles, preserving file /data/data/com.android.providers.downloads/cache/metadata-3.htm
07-05 14:11:21.999   545 10257 I DownloadManager: in removeSpuriousFiles, preserving file /data/data/com.android.providers.downloads/cache/metadata-27.htm
07-05 14:11:21.999   545 10257 I DownloadManager: in removeSpuriousFiles, preserving file /data/data/com.android.providers.downloads/cache/metadata-14.htm
07-05 14:11:21.999   545 10257 I DownloadManager: in removeSpuriousFiles, preserving file /data/data/com.android.providers.downloads/cache/metadata-274.htm
07-05 14:11:21.999   545 10257 I DownloadManager: in removeSpuriousFiles, preserving file /data/data/com.android.providers.downloads/cache/metadata-238.htm
07-05 14:11:21.999   545 10257 I DownloadManager: in removeSpuriousFiles, preserving file /data/data/com.android.providers.downloads/cache/metadata-30.htm
07-05 14:11:21.999   545 10257 I DownloadManager: in removeSpuriousFiles, preserving file /data/data/com.android.providers.downloads/cache/metadata-155.htm
07-05 14:11:21.999   545 10257 I DownloadManager: in removeSpuriousFiles, preserving file /data/data/com.android.providers.downloads/cache/metadata-304.htm
07-05 14:11:21.999   545 10257 I DownloadManager: in removeSpuriousFiles, preserving file /data/data/com.android.providers.downloads/cache/metadata-373.htm
07-05 14:11:21.999   545 10257 I DownloadManager: in removeSpuriousFiles, preserving file /data/data/com.android.providers.downloads/cache/metadata-137.htm
07-05 14:11:21.999   545 10257 I DownloadManager: in removeSpuriousFiles, preserving file /data/data/com.android.providers.downloads/cache/metadata-318.htm
07-05 14:11:21.999   545 10257 I DownloadManager: in removeSpuriousFiles, preserving file /data/data/com.android.providers.downloads/cache/metadata-65.htm
07-05 14:11:21.999   545 10257 I DownloadManager: in removeSpuriousFiles, preserving file /data/data/com.android.providers.downloads/cache/metadata-369.htm
07-05 14:11:21.999   545 10257 I DownloadManager: in removeSpuriousFiles, preserving file /data/data/com.android.providers.downloads/cache/metadata-66.htm
07-05 14:11:21.999   545 10257 I DownloadManager: in removeSpuriousFiles, preserving file /data/data/com.android.providers.downloads/cache/metadata-162.htm
07-05 14:11:21.999   545 10257 I DownloadManager: in removeSpuriousFiles, preserving file /data/data/com.android.providers.downloads/cache/metadata-424.htm
07-05 14:11:21.999   545 10257 I DownloadManager: in removeSpuriousFiles, preserving file /data/data/com.android.providers.downloads/cache/metadata-242.htm
07-05 14:11:21.999   545 10257 I DownloadManager: in removeSpuriousFiles, preserving file /data/data/com.android.providers.downloads/cache/metadata-1519.htm
07-05 14:11:21.999   545 10257 I DownloadManager: in removeSpuriousFiles, preserving file /data/data/com.android.providers.downloads/cache/metadata-266.htm
07-05 14:11:21.999   545 10257 I DownloadManager: in removeSpuriousFiles, preserving file /data/data/com.android.providers.downloads/cache/metadata-191.htm
07-05 14:11:21.999   545 10257 I DownloadManager: in removeSpuriousFiles, preserving file /data/data/com.android.providers.downloads/cache/metadata-152.htm
07-05 14:11:21.999   545 10257 I DownloadManager: in removeSpuriousFiles, preserving file /data/data/com.android.providers.downloads/cache/metadata-275.htm
07-05 14:11:21.999   545 10257 I DownloadManager: in removeSpuriousFiles, preserving file /data/data/com.android.providers.downloads/cache/metadata-392.htm
07-05 14:11:21.999   545 10257 I DownloadManager: in removeSpuriousFiles, preserving file /data/data/com.android.providers.downloads/cache/metadata-451.htm
07-05 14:11:22.003   545 10257 I DownloadManager: in removeSpuriousFiles, preserving file /data/data/com.android.providers.downloads/cache/metadata-128.htm
07-05 14:11:22.003   545 10257 I DownloadManager: in removeSpuriousFiles, preserving file /data/data/com.android.providers.downloads/cache/metadata-2251.htm
07-05 14:11:22.003   545 10257 I DownloadManager: in removeSpuriousFiles, preserving file /data/data/com.android.providers.downloads/cache/metadata-321.htm
07-05 14:11:22.003   545 10257 I DownloadManager: in removeSpuriousFiles, preserving file /data/data/com.android.providers.downloads/cache/metadata-404.htm
07-05 14:11:22.003   545 10257 I DownloadManager: in removeSpuriousFiles, preserving file /data/data/com.android.providers.downloads/cache/metadata-333.htm
07-05 14:11:22.003   545 10257 I DownloadManager: in removeSpuriousFiles, preserving file /data/data/com.android.providers.downloads/cache/metadata-1123.htm
07-05 14:11:22.003   545 10257 I DownloadManager: in removeSpuriousFiles, preserving file /data/data/com.android.providers.downloads/cache/metadata-271.htm
07-05 14:11:22.003   545 10257 I DownloadManager: in removeSpuriousFiles, preserving file /data/data/com.android.providers.downloads/cache/metadata-381.htm
07-05 14:11:22.003   545 10257 I DownloadManager: in removeSpuriousFiles, preserving file /data/data/com.android.providers.downloads/cache/metadata-357.htm
07-05 14:11:22.003   545 10257 I DownloadManager: in removeSpuriousFiles, preserving file /data/data/com.android.providers.downloads/cache/metadata-465.htm
07-05 14:11:22.003   545 10257 I DownloadManager: in removeSpuriousFiles, preserving file /data/data/com.android.providers.downloads/cache/metadata-390.htm
07-05 14:11:22.003   545 10257 I DownloadManager: in removeSpuriousFiles, preserving file /data/data/com.android.providers.downloads/cache/metadata-1614.htm
07-05 14:11:22.003   545 10257 I DownloadManager: in removeSpuriousFiles, preserving file /data/data/com.android.providers.downloads/cache/metadata-1186.htm
07-05 14:11:22.003   545 10257 I DownloadManager: in removeSpuriousFiles, preserving file /data/data/com.android.providers.downloads/cache/metadata-313.htm
07-05 14:11:22.003   545 10257 I DownloadManager: in removeSpuriousFiles, preserving file /data/data/com.android.providers.downloads/cache/metadata-429.htm
07-05 14:11:22.003   545 10257 I DownloadManager: in removeSpuriousFiles, preserving file /data/data/com.android.providers.downloads/cache/metadata-618.htm
07-05 14:11:22.003   545 10257 I DownloadManager: in removeSpuriousFiles, preserving file /data/data/com.android.providers.downloads/cache/metadata-380.htm
07-05 14:11:22.007   545 10257 I DownloadManager: in removeSpuriousFiles, preserving file /data/data/com.android.providers.downloads/cache/metadata-1190.htm
07-05 14:11:22.007   545 10257 I DownloadManager: in removeSpuriousFiles, preserving file /data/data/com.android.providers.downloads/cache/metadata-1795.htm
07-05 14:11:22.007   545 10257 I DownloadManager: in removeSpuriousFiles, preserving file /data/data/com.android.providers.downloads/cache/metadata-343.htm
07-05 14:11:22.007   545 10257 I DownloadManager: in removeSpuriousFiles, preserving file /data/data/com.android.providers.downloads/cache/metadata-500.htm
07-05 14:11:22.007   545 10257 I DownloadManager: in removeSpuriousFiles, preserving file /data/data/com.android.providers.downloads/cache/metadata-459.htm
07-05 14:11:22.007   545 10257 I DownloadManager: in removeSpuriousFiles, preserving file /data/data/com.android.providers.downloads/cache/metadata-411.htm
07-05 14:11:22.007   545 10257 I DownloadManager: in removeSpuriousFiles, preserving file /data/data/com.android.providers.downloads/cache/metadata-461.htm
07-05 14:11:22.007   545 10257 I DownloadManager: in removeSpuriousFiles, preserving file /data/data/com.android.providers.downloads/cache/metadata-239.htm
07-05 14:11:22.007   545 10257 I DownloadManager: in removeSpuriousFiles, preserving file /data/data/com.android.providers.downloads/cache/metadata-798.htm
07-05 14:11:22.007   545 10257 I DownloadManager: in removeSpuriousFiles, preserving file /data/data/com.android.providers.downloads/cache/metadata-203.htm
07-05 14:11:22.007   545 10257 I DownloadManager: in removeSpuriousFiles, preserving file /data/data/com.android.providers.downloads/cache/metadata-296.htm
07-05 14:11:22.007   545 10257 I DownloadManager: in removeSpuriousFiles, preserving file /data/data/com.android.providers.downloads/cache/metadata-441.htm
07-05 14:11:22.007   545 10257 I DownloadManager: in removeSpuriousFiles, preserving file /data/data/com.android.providers.downloads/cache/metadata-311.htm
07-05 14:11:22.007   545 10257 I DownloadManager: in removeSpuriousFiles, preserving file /data/data/com.android.providers.downloads/cache/metadata-494.htm
07-05 14:11:22.011   545 10257 I DownloadManager: in removeSpuriousFiles, preserving file /data/data/com.android.providers.downloads/cache/metadata-401.htm
07-05 14:11:22.011   545 10257 I DownloadManager: in removeSpuriousFiles, preserving file /data/data/com.android.providers.downloads/cache/metadata-354.htm
07-05 14:11:22.011   545 10257 I DownloadManager: in removeSpuriousFiles, preserving file /data/data/com.android.providers.downloads/cache/metadata-1975.htm
07-05 14:11:22.011   545 10257 I DownloadManager: in removeSpuriousFiles, preserving file /data/data/com.android.providers.downloads/cache/metadata-979.htm
07-05 14:11:22.011   545 10257 I DownloadManager: in removeSpuriousFiles, preserving file /data/data/com.android.providers.downloads/cache/metadata-408.htm
07-05 14:11:22.011   545 10257 I DownloadManager: in removeSpuriousFiles, preserving file /data/data/com.android.providers.downloads/cache/metadata-1921.htm
07-05 14:11:22.011   545 10257 I DownloadManager: in removeSpuriousFiles, preserving file /data/data/com.android.providers.downloads/cache/metadata-486.htm
07-05 14:11:22.011   545 10257 I DownloadManager: in removeSpuriousFiles, preserving file /data/data/com.android.providers.downloads/cache/metadata-440.htm
07-05 14:11:22.011   545 10257 I DownloadManager: in removeSpuriousFiles, preserving file /data/data/com.android.providers.downloads/cache/metadata-517.htm
07-05 14:11:22.011   545 10257 I DownloadManager: in removeSpuriousFiles, preserving file /data/data/com.android.providers.downloads/cache/metadata-548.htm
07-05 14:11:22.011   545 10257 I DownloadManager: in removeSpuriousFiles, preserving file /data/data/com.android.providers.downloads/cache/metadata-1373.htm
07-05 14:11:22.011   545 10257 I DownloadManager: in removeSpuriousFiles, preserving file /data/data/com.android.providers.downloads/cache/metadata-1174.htm
07-05 14:11:22.011   545 10257 I DownloadManager: in removeSpuriousFiles, preserving file /data/data/com.android.providers.downloads/cache/metadata-286.htm
07-05 14:11:22.014   545 10257 I DownloadManager: in removeSpuriousFiles, preserving file /data/data/com.android.providers.downloads/cache/metadata-1261.htm
07-05 14:11:22.014   545 10257 I DownloadManager: in removeSpuriousFiles, preserving file /data/data/com.android.providers.downloads/cache/metadata-700.htm
07-05 14:11:22.014   545 10257 I DownloadManager: in removeSpuriousFiles, preserving file /data/data/com.android.providers.downloads/cache/metadata-426.htm
07-05 14:11:22.014   545 10257 I DownloadManager: in removeSpuriousFiles, preserving file /data/data/com.android.providers.downloads/cache/metadata-1256.htm
07-05 14:11:22.014   545 10257 I DownloadManager: in removeSpuriousFiles, preserving file /data/data/com.android.providers.downloads/cache/metadata-1773.htm
07-05 14:11:22.014   545 10257 I DownloadManager: in removeSpuriousFiles, preserving file /data/data/com.android.providers.downloads/cache/metadata-589.htm
07-05 14:11:22.014   545 10257 I DownloadManager: in removeSpuriousFiles, preserving file /data/data/com.android.providers.downloads/cache/metadata-1446.htm
07-05 14:11:22.014   545 10257 I DownloadManager: in removeSpuriousFiles, preserving file /data/data/com.android.providers.downloads/cache/metadata-655.htm
07-05 14:11:22.014   545 10257 I DownloadManager: in removeSpuriousFiles, preserving file /data/data/com.android.providers.downloads/cache/metadata-860.htm
07-05 14:11:22.014   545 10257 I DownloadManager: in removeSpuriousFiles, preserving file /data/data/com.android.providers.downloads/cache/metadata-1513.htm
07-05 14:11:22.018   545 10257 I DownloadManager: in removeSpuriousFiles, preserving file /data/data/com.android.providers.downloads/cache/metadata-777.htm
07-05 14:11:22.018   545 10257 I DownloadManager: in removeSpuriousFiles, preserving file /data/data/com.android.providers.downloads/cache/metadata-453.htm
07-05 14:11:22.018   545 10257 I DownloadManager: in removeSpuriousFiles, preserving file /data/data/com.android.providers.downloads/cache/metadata-432.htm
07-05 14:11:22.018   545 10257 I DownloadManager: in removeSpuriousFiles, preserving file /data/data/com.android.providers.downloads/cache/metadata-613.htm
07-05 14:11:22.018   545 10257 I DownloadManager: in removeSpuriousFiles, preserving file /data/data/com.android.providers.downloads/cache/metadata-1464.htm
07-05 14:11:22.018   545 10257 I DownloadManager: in removeSpuriousFiles, preserving file /data/data/com.android.providers.downloads/cache/metadata-717.htm
07-05 14:11:22.018   545 10257 I DownloadManager: in removeSpuriousFiles, preserving file /data/data/com.android.providers.downloads/cache/metadata-508.htm
07-05 14:11:22.018   545 10257 I DownloadManager: in removeSpuriousFiles, preserving file /data/data/com.android.providers.downloads/cache/metadata-1120.htm
07-05 14:11:22.018   545 10257 I DownloadManager: in removeSpuriousFiles, preserving file /data/data/com.android.providers.downloads/cache/metadata-1410.htm
07-05 14:11:22.022   545 10257 I DownloadManager: in removeSpuriousFiles, preserving file /data/data/com.android.providers.downloads/cache/metadata-518.htm
07-05 14:11:22.022   545 10257 I DownloadManager: in removeSpuriousFiles, preserving file /data/data/com.android.providers.downloads/cache/metadata-272.htm
07-05 14:11:22.026   545 10257 I DownloadManager: in removeSpuriousFiles, preserving file /data/data/com.android.providers.downloads/cache/metadata-370.htm
07-05 14:11:22.026   545 10257 I DownloadManager: in removeSpuriousFiles, preserving file /data/data/com.android.providers.downloads/cache/metadata-146.htm
07-05 14:11:22.026   545 10257 I DownloadManager: in removeSpuriousFiles, preserving file /data/data/com.android.providers.downloads/cache/metadata-356.htm
07-05 14:11:22.026   545 10257 I DownloadManager: in removeSpuriousFiles, preserving file /data/data/com.android.providers.downloads/cache/metadata-998.htm
07-05 14:11:22.026   545 10257 I DownloadManager: in removeSpuriousFiles, preserving file /data/data/com.android.providers.downloads/cache/metadata-1611.htm
07-05 14:11:22.026   545 10257 I DownloadManager: in removeSpuriousFiles, preserving file /data/data/com.android.providers.downloads/cache/metadata-627.htm
07-05 14:11:22.026   545 10257 I DownloadManager: in removeSpuriousFiles, preserving file /data/data/com.android.providers.downloads/cache/metadata-1165.htm
07-05 14:11:22.026   545 10257 I DownloadManager: in removeSpuriousFiles, preserving file /data/data/com.android.providers.downloads/cache/metadata-1268.htm
07-05 14:11:22.030   545 10257 I DownloadManager: in removeSpuriousFiles, preserving file /data/data/com.android.providers.downloads/cache/metadata-1084.htm
07-05 14:11:22.030   545 10257 I DownloadManager: in removeSpuriousFiles, preserving file /data/data/com.android.providers.downloads/cache/metadata-119.htm
07-05 14:11:22.030   545 10257 I DownloadManager: in removeSpuriousFiles, preserving file /data/data/com.android.providers.downloads/cache/metadata-1213.htm
07-05 14:11:22.030   545 10257 I DownloadManager: in removeSpuriousFiles, preserving file /data/data/com.android.providers.downloads/cache/metadata-1404.htm
07-05 14:11:22.030   545 10257 I DownloadManager: in removeSpuriousFiles, preserving file /data/data/com.android.providers.downloads/cache/metadata-1459.htm
07-05 14:11:22.030   545 10257 I DownloadManager: in removeSpuriousFiles, preserving file /data/data/com.android.providers.downloads/cache/metadata-977.htm
07-05 14:11:22.030   545 10257 I DownloadManager: in removeSpuriousFiles, preserving file /data/data/com.android.providers.downloads/cache/metadata-2089.htm
07-05 14:11:22.034   545 10257 I DownloadManager: in removeSpuriousFiles, preserving file /data/data/com.android.providers.downloads/cache/metadata-537.htm
07-05 14:11:22.034   545 10257 I DownloadManager: in removeSpuriousFiles, preserving file /data/data/com.android.providers.downloads/cache/metadata-1413.htm
07-05 14:11:22.034   545 10257 I DownloadManager: in removeSpuriousFiles, preserving file /data/data/com.android.providers.downloads/cache/metadata-870.htm
07-05 14:11:22.034   545 10257 I DownloadManager: in removeSpuriousFiles, preserving file /data/data/com.android.providers.downloads/cache/metadata-1131.htm
07-05 14:11:22.034   545 10257 I DownloadManager: in removeSpuriousFiles, preserving file /data/data/com.android.providers.downloads/cache/metadata-1762.htm
07-05 14:11:22.034   545 10257 I DownloadManager: in removeSpuriousFiles, preserving file /data/data/com.android.providers.downloads/cache/metadata-460.htm
07-05 14:11:22.038   545 10257 I DownloadManager: in removeSpuriousFiles, preserving file /data/data/com.android.providers.downloads/cache/metadata-463.htm
07-05 14:11:22.038   545 10257 I DownloadManager: in removeSpuriousFiles, preserving file /data/data/com.android.providers.downloads/cache/metadata-1299.htm
07-05 14:11:22.038   545 10257 I DownloadManager: in removeSpuriousFiles, preserving file /data/data/com.android.providers.downloads/cache/metadata-853.htm
07-05 14:11:22.038   545 10257 I DownloadManager: in removeSpuriousFiles, preserving file /data/data/com.android.providers.downloads/cache/metadata-504.htm
07-05 14:11:22.038   545 10257 I DownloadManager: in removeSpuriousFiles, preserving file /data/data/com.android.providers.downloads/cache/metadata-617.htm
07-05 14:11:22.042   545 10257 I DownloadManager: in removeSpuriousFiles, preserving file /data/data/com.android.providers.downloads/cache/metadata-1161.htm
07-05 14:11:22.042   545 10257 I DownloadManager: in removeSpuriousFiles, preserving file /data/data/com.android.providers.downloads/cache/metadata-2086.htm
07-05 14:11:22.042   545 10257 I DownloadManager: in removeSpuriousFiles, preserving file /data/data/com.android.providers.downloads/cache/metadata-819.htm
07-05 14:11:22.042   545 10257 I DownloadManager: in removeSpuriousFiles, preserving file /data/data/com.android.providers.downloads/cache/metadata-621.htm
07-05 14:11:22.042   545 10257 I DownloadManager: in removeSpuriousFiles, preserving file /data/data/com.android.providers.downloads/cache/metadata-1671.htm
07-05 14:11:22.046   545 10257 I DownloadManager: in removeSpuriousFiles, preserving file /data/data/com.android.providers.downloads/cache/metadata-364.htm
07-05 14:11:22.046   545 10257 I DownloadManager: in removeSpuriousFiles, preserving file /data/data/com.android.providers.downloads/cache/metadata-478.htm
07-05 14:11:22.046   545 10257 I DownloadManager: in removeSpuriousFiles, preserving file /data/data/com.android.providers.downloads/cache/metadata.htm
07-05 14:11:22.046   545 10257 I DownloadManager: in removeSpuriousFiles, preserving file /data/data/com.android.providers.downloads/cache/metadata-178.htm
07-05 14:11:22.046   545 10257 I DownloadManager: in removeSpuriousFiles, preserving file /data/data/com.android.providers.downloads/cache/metadata-1428.htm
07-05 14:11:22.046   545 10257 I DownloadManager: in removeSpuriousFiles, preserving file /data/data/com.android.providers.downloads/cache/metadata-6.htm
07-05 14:11:22.046   545 10257 I DownloadManager: in removeSpuriousFiles, preserving file /data/data/com.android.providers.downloads/cache/metadata-167.htm
07-05 14:11:22.046   545 10257 I DownloadManager: in removeSpuriousFiles, preserving file /data/data/com.android.providers.downloads/cache/metadata-18.htm
07-05 14:11:22.046   545 10257 I DownloadManager: in removeSpuriousFiles, preserving file /data/data/com.android.providers.downloads/cache/metadata-213.htm
07-05 14:11:22.046   545 10257 I DownloadManager: in removeSpuriousFiles, preserving file /data/data/com.android.providers.downloads/cache/metadata-29.htm
07-05 14:11:22.046   545 10257 I DownloadManager: in removeSpuriousFiles, preserving file /data/data/com.android.providers.downloads/cache/metadata-438.htm
07-05 14:11:22.046   545 10257 I DownloadManager: in removeSpuriousFiles, preserving file /data/data/com.android.providers.downloads/cache/metadata-165.htm
07-05 14:11:22.046   545 10257 I DownloadManager: in removeSpuriousFiles, preserving file /data/data/com.android.providers.downloads/cache/metadata-338.htm
07-05 14:11:22.046   545 10257 I DownloadManager: in removeSpuriousFiles, preserving file /data/data/com.android.providers.downloads/cache/metadata-179.htm
07-05 14:11:22.046   545 10257 I DownloadManager: in removeSpuriousFiles, preserving file /data/data/com.android.providers.downloads/cache/metadata-204.htm
07-05 14:11:22.046   545 10257 I DownloadManager: in removeSpuriousFiles, preserving file /data/data/com.android.providers.downloads/cache/metadata-316.htm
07-05 14:11:22.046   545 10257 I DownloadManager: in removeSpuriousFiles, preserving file /data/data/com.android.providers.downloads/cache/metadata-287.htm
07-05 14:11:22.050   545 10257 I DownloadManager: in removeSpuriousFiles, preserving file /data/data/com.android.providers.downloads/cache/metadata-377.htm
07-05 14:11:22.050   545 10257 I DownloadManager: in removeSpuriousFiles, preserving file /data/data/com.android.providers.downloads/cache/metadata-86.htm
07-05 14:11:22.050   545 10257 I DownloadManager: in removeSpuriousFiles, preserving file /data/data/com.android.providers.downloads/cache/metadata-106.htm
07-05 14:11:22.050   545 10257 I DownloadManager: in removeSpuriousFiles, preserving file /data/data/com.android.providers.downloads/cache/metadata-330.htm
07-05 14:11:22.050   545 10257 I DownloadManager: in removeSpuriousFiles, preserving file /data/data/com.android.providers.downloads/cache/metadata-435.htm
07-05 14:11:22.050   545 10257 I DownloadManager: in removeSpuriousFiles, preserving file /data/data/com.android.providers.downloads/cache/metadata-396.htm
07-05 14:11:22.050   545 10257 I DownloadManager: in removeSpuriousFiles, preserving file /data/data/com.android.providers.downloads/cache/metadata-2141.htm
07-05 14:11:22.050   545 10257 I DownloadManager: in removeSpuriousFiles, preserving file /data/data/com.android.providers.downloads/cache/metadata-568.htm
07-05 14:11:22.050   545 10257 I DownloadManager: in removeSpuriousFiles, preserving file /data/data/com.android.providers.downloads/cache/metadata-189.htm
07-05 14:11:22.050   545 10257 I DownloadManager: in removeSpuriousFiles, preserving file /data/data/com.android.providers.downloads/cache/metadata-498.htm
07-05 14:11:22.050   545 10257 I DownloadManager: in removeSpuriousFiles, preserving file /data/data/com.android.providers.downloads/cache/metadata-228.htm
07-05 14:11:22.050   545 10257 I DownloadManager: in removeSpuriousFiles, preserving file /data/data/com.android.providers.downloads/cache/metadata-246.htm
07-05 14:11:22.050   545 10257 I DownloadManager: in removeSpuriousFiles, preserving file /data/data/com.android.providers.downloads/cache/metadata-173.htm
07-05 14:11:22.050   545 10257 I DownloadManager: in removeSpuriousFiles, preserving file /data/data/com.android.providers.downloads/cache/metadata-236.htm
07-05 14:11:22.050   545 10257 I DownloadManager: in removeSpuriousFiles, preserving file /data/data/com.android.providers.downloads/cache/metadata-346.htm
07-05 14:11:22.050   545 10257 I DownloadManager: in removeSpuriousFiles, preserving file /data/data/com.android.providers.downloads/cache/metadata-1835.htm
07-05 14:11:22.050   545 10257 I DownloadManager: in removeSpuriousFiles, preserving file /data/data/com.android.providers.downloads/cache/metadata-256.htm
07-05 14:11:22.050   545 10257 I DownloadManager: in removeSpuriousFiles, preserving file /data/data/com.android.providers.downloads/cache/metadata-1509.htm
07-05 14:11:22.050   545 10257 I DownloadManager: in removeSpuriousFiles, preserving file /data/data/com.android.providers.downloads/cache/metadata-472.htm
07-05 14:11:22.050   545 10257 I DownloadManager: in removeSpuriousFiles, preserving file /data/data/com.android.providers.downloads/cache/metadata-1144.htm
07-05 14:11:22.053   545 10257 I DownloadManager: in removeSpuriousFiles, preserving file /data/data/com.android.providers.downloads/cache/metadata-422.htm
07-05 14:11:22.053   545 10257 I DownloadManager: in removeSpuriousFiles, preserving file /data/data/com.android.providers.downloads/cache/metadata-1286.htm
07-05 14:11:22.053   545 10257 I DownloadManager: in removeSpuriousFiles, preserving file /data/data/com.android.providers.downloads/cache/metadata-382.htm
07-05 14:11:22.053   545 10257 I DownloadManager: in removeSpuriousFiles, preserving file /data/data/com.android.providers.downloads/cache/metadata-835.htm
07-05 14:11:22.053   545 10257 I DownloadManager: in removeSpuriousFiles, preserving file /data/data/com.android.providers.downloads/cache/metadata-154.htm
07-05 14:11:22.053   545 10257 I DownloadManager: in removeSpuriousFiles, preserving file /data/data/com.android.providers.downloads/cache/metadata-509.htm
07-05 14:11:22.053   545 10257 I DownloadManager: in removeSpuriousFiles, preserving file /data/data/com.android.providers.downloads/cache/metadata-473.htm
07-05 14:11:22.053   545 10257 I DownloadManager: in removeSpuriousFiles, preserving file /data/data/com.android.providers.downloads/cache/metadata-1531.htm
07-05 14:11:22.053   545 10257 I DownloadManager: in removeSpuriousFiles, preserving file /data/data/com.android.providers.downloads/cache/metadata-592.htm
07-05 14:11:22.053   545 10257 I DownloadManager: in removeSpuriousFiles, preserving file /data/data/com.android.providers.downloads/cache/metadata-358.htm
07-05 14:11:22.053   545 10257 I DownloadManager: in removeSpuriousFiles, preserving file /data/data/com.android.providers.downloads/cache/metadata-417.htm
07-05 14:11:22.053   545 10257 I DownloadManager: in removeSpuriousFiles, preserving file /data/data/com.android.providers.downloads/cache/metadata-190.htm
07-05 14:11:22.053   545 10257 I DownloadManager: in removeSpuriousFiles, preserving file /data/data/com.android.providers.downloads/cache/metadata-1018.htm
07-05 14:11:22.053   545 10257 I DownloadManager: in removeSpuriousFiles, preserving file /data/data/com.android.providers.downloads/cache/metadata-603.htm
07-05 14:11:22.053   545 10257 I DownloadManager: in removeSpuriousFiles, preserving file /data/data/com.android.providers.downloads/cache/metadata-264.htm
07-05 14:11:22.053   545 10257 I DownloadManager: in removeSpuriousFiles, preserving file /data/data/com.android.providers.downloads/cache/metadata-582.htm
07-05 14:11:22.057   545 10257 I DownloadManager: in removeSpuriousFiles, preserving file /data/data/com.android.providers.downloads/cache/metadata-1080.htm
07-05 14:11:22.057   545 10257 I DownloadManager: in removeSpuriousFiles, preserving file /data/data/com.android.providers.downloads/cache/metadata-406.htm
07-05 14:11:22.057   545 10257 I DownloadManager: in removeSpuriousFiles, preserving file /data/data/com.android.providers.downloads/cache/metadata-485.htm
07-05 14:11:22.057   545 10257 I DownloadManager: in removeSpuriousFiles, preserving file /data/data/com.android.providers.downloads/cache/metadata-1377.htm
07-05 14:11:22.057   545 10257 I DownloadManager: in removeSpuriousFiles, preserving file /data/data/com.android.providers.downloads/cache/metadata-469.htm
07-05 14:11:22.057   545 10257 I DownloadManager: in removeSpuriousFiles, preserving file /data/data/com.android.providers.downloads/cache/metadata-1524.htm
07-05 14:11:22.057   545 10257 I DownloadManager: in removeSpuriousFiles, preserving file /data/data/com.android.providers.downloads/cache/metadata-492.htm
07-05 14:11:22.057   545 10257 I DownloadManager: in removeSpuriousFiles, preserving file /data/data/com.android.providers.downloads/cache/metadata-622.htm
07-05 14:11:22.057   545 10257 I DownloadManager: in removeSpuriousFiles, preserving file /data/data/com.android.providers.downloads/cache/metadata-1045.htm
07-05 14:11:22.057   545 10257 I DownloadManager: in removeSpuriousFiles, preserving file /data/data/com.android.providers.downloads/cache/metadata-2226.htm
07-05 14:11:22.057   545 10257 I DownloadManager: in removeSpuriousFiles, preserving file /data/data/com.android.providers.downloads/cache/metadata-479.htm
07-05 14:11:22.057   545 10257 I DownloadManager: in removeSpuriousFiles, preserving file /data/data/com.android.providers.downloads/cache/metadata-677.htm
07-05 14:11:22.057   545 10257 I DownloadManager: in removeSpuriousFiles, preserving file /data/data/com.android.providers.downloads/cache/metadata-1720.htm
07-05 14:11:22.057   545 10257 I DownloadManager: in removeSpuriousFiles, preserving file /data/data/com.android.providers.downloads/cache/metadata-2155.htm
07-05 14:11:22.061   545 10257 I DownloadManager: in removeSpuriousFiles, preserving file /data/data/com.android.providers.downloads/cache/metadata-361.htm
07-05 14:11:22.061   545 10257 I DownloadManager: in removeSpuriousFiles, preserving file /data/data/com.android.providers.downloads/cache/metadata-410.htm
07-05 14:11:22.061   545 10257 I DownloadManager: in removeSpuriousFiles, preserving file /data/data/com.android.providers.downloads/cache/metadata-484.htm
07-05 14:11:22.061   545 10257 I DownloadManager: in removeSpuriousFiles, preserving file /data/data/com.android.providers.downloads/cache/metadata-476.htm
07-05 14:11:22.061   545 10257 I DownloadManager: in removeSpuriousFiles, preserving file /data/data/com.android.providers.downloads/cache/metadata-457.htm
07-05 14:11:22.061   545 10257 I DownloadManager: in removeSpuriousFiles, preserving file /data/data/com.android.providers.downloads/cache/metadata-753.htm
07-05 14:11:22.061   545 10257 I DownloadManager: in removeSpuriousFiles, preserving file /data/data/com.android.providers.downloads/cache/metadata-293.htm
07-05 14:11:22.061   545 10257 I DownloadManager: in removeSpuriousFiles, preserving file /data/data/com.android.providers.downloads/cache/metadata-895.htm
07-05 14:11:22.061   545 10257 I DownloadManager: in removeSpuriousFiles, preserving file /data/data/com.android.providers.downloads/cache/metadata-558.htm
07-05 14:11:22.061   545 10257 I DownloadManager: in removeSpuriousFiles, preserving file /data/data/com.android.providers.downloads/cache/metadata-536.htm
07-05 14:11:22.061   545 10257 I DownloadManager: in removeSpuriousFiles, preserving file /data/data/com.android.providers.downloads/cache/metadata-1308.htm
07-05 14:11:22.061   545 10257 I DownloadManager: in removeSpuriousFiles, preserving file /data/data/com.android.providers.downloads/cache/metadata-402.htm
07-05 14:11:22.065   545 10257 I DownloadManager: in removeSpuriousFiles, preserving file /data/data/com.android.providers.downloads/cache/metadata-507.htm
07-05 14:11:22.065   545 10257 I DownloadManager: in removeSpuriousFiles, preserving file /data/data/com.android.providers.downloads/cache/metadata-1337.htm
07-05 14:11:22.065   545 10257 I DownloadManager: in removeSpuriousFiles, preserving file /data/data/com.android.providers.downloads/cache/metadata-510.htm
07-05 14:11:22.065   545 10257 I DownloadManager: in removeSpuriousFiles, preserving file /data/data/com.android.providers.downloads/cache/metadata-363.htm
07-05 14:11:22.065   545 10257 I DownloadManager: in removeSpuriousFiles, preserving file /data/data/com.android.providers.downloads/cache/metadata-570.htm
07-05 14:11:22.065   545 10257 I DownloadManager: in removeSpuriousFiles, preserving file /data/data/com.android.providers.downloads/cache/metadata-2318.htm
07-05 14:11:22.065   545 10257 I DownloadManager: in removeSpuriousFiles, preserving file /data/data/com.android.providers.downloads/cache/metadata-524.htm
07-05 14:11:22.065   545 10257 I DownloadManager: in removeSpuriousFiles, preserving file /data/data/com.android.providers.downloads/cache/metadata-1994.htm
07-05 14:11:22.065   545 10257 I DownloadManager: in removeSpuriousFiles, preserving file /data/data/com.android.providers.downloads/cache/metadata-1277.htm
07-05 14:11:22.065   545 10257 I DownloadManager: in removeSpuriousFiles, preserving file /data/data/com.android.providers.downloads/cache/metadata-1923.htm
07-05 14:11:22.065   545 10257 I DownloadManager: in removeSpuriousFiles, preserving file /data/data/com.android.providers.downloads/cache/metadata-1195.htm
07-05 14:11:22.069   545 10257 I DownloadManager: in removeSpuriousFiles, preserving file /data/data/com.android.providers.downloads/cache/metadata-1501.htm
07-05 14:11:22.069   545 10257 I DownloadManager: in removeSpuriousFiles, preserving file /data/data/com.android.providers.downloads/cache/metadata-514.htm
07-05 14:11:22.069   545 10257 I DownloadManager: in removeSpuriousFiles, preserving file /data/data/com.android.providers.downloads/cache/metadata-3040.htm
07-05 14:11:22.069   545 10257 I DownloadManager: in removeSpuriousFiles, preserving file /data/data/com.android.providers.downloads/cache/metadata-2035.htm
07-05 14:11:22.069   545 10257 I DownloadManager: in removeSpuriousFiles, preserving file /data/data/com.android.providers.downloads/cache/metadata-535.htm
07-05 14:11:22.069   545 10257 I DownloadManager: in removeSpuriousFiles, preserving file /data/data/com.android.providers.downloads/cache/metadata-1874.htm
07-05 14:11:22.069   545 10257 I DownloadManager: in removeSpuriousFiles, preserving file /data/data/com.android.providers.downloads/cache/metadata-2048.htm
07-05 14:11:22.069   545 10257 I DownloadManager: in removeSpuriousFiles, preserving file /data/data/com.android.providers.downloads/cache/metadata-1583.htm
07-05 14:11:22.069   545 10257 I DownloadManager: in removeSpuriousFiles, preserving file /data/data/com.android.providers.downloads/cache/metadata-490.htm
07-05 14:11:22.069   545 10257 I DownloadManager: in removeSpuriousFiles, preserving file /data/data/com.android.providers.downloads/cache/metadata-720.htm
07-05 14:11:22.073   545 10257 I DownloadManager: in removeSpuriousFiles, preserving file /data/data/com.android.providers.downloads/cache/metadata-84.htm
07-05 14:11:22.073   545 10257 I DownloadManager: in removeSpuriousFiles, preserving file /data/data/com.android.providers.downloads/cache/metadata-523.htm
07-05 14:11:22.073   545 10257 I DownloadManager: in removeSpuriousFiles, preserving file /data/data/com.android.providers.downloads/cache/metadata-280.htm
07-05 14:11:22.073   545 10257 I DownloadManager: in removeSpuriousFiles, preserving file /data/data/com.android.providers.downloads/cache/metadata-1555.htm
07-05 14:11:22.073   545 10257 I DownloadManager: in removeSpuriousFiles, preserving file /data/data/com.android.providers.downloads/cache/metadata-859.htm
07-05 14:11:22.073   545 10257 I DownloadManager: in removeSpuriousFiles, preserving file /data/data/com.android.providers.downloads/cache/metadata-1167.htm
07-05 14:11:22.073   545 10257 I DownloadManager: in removeSpuriousFiles, preserving file /data/data/com.android.providers.downloads/cache/metadata-2379.htm
07-05 14:11:22.073   545 10257 I DownloadManager: in removeSpuriousFiles, preserving file /data/data/com.android.providers.downloads/cache/metadata-493.htm
07-05 14:11:22.077   545 10257 I DownloadManager: in removeSpuriousFiles, preserving file /data/data/com.android.providers.downloads/cache/metadata-405.htm
07-05 14:11:22.077   545 10257 I DownloadManager: in removeSpuriousFiles, preserving file /data/data/com.android.providers.downloads/cache/metadata-632.htm
07-05 14:11:22.077   545 10257 I DownloadManager: in removeSpuriousFiles, preserving file /data/data/com.android.providers.downloads/cache/metadata-270.htm
07-05 14:11:22.077   545 10257 I DownloadManager: in removeSpuriousFiles, preserving file /data/data/com.android.providers.downloads/cache/metadata-1904.htm
07-05 14:11:22.077   545 10257 I DownloadManager: in removeSpuriousFiles, preserving file /data/data/com.android.providers.downloads/cache/metadata-477.htm
07-05 14:11:22.077   545 10257 I DownloadManager: in removeSpuriousFiles, preserving file /data/data/com.android.providers.downloads/cache/metadata-579.htm
07-05 14:11:22.077   545 10257 I DownloadManager: in removeSpuriousFiles, preserving file /data/data/com.android.providers.downloads/cache/metadata-952.htm
07-05 14:11:22.081   545 10257 I DownloadManager: in removeSpuriousFiles, preserving file /data/data/com.android.providers.downloads/cache/metadata-1333.htm
07-05 14:11:22.081   545 10257 I DownloadManager: in removeSpuriousFiles, preserving file /data/data/com.android.providers.downloads/cache/metadata-966.htm
07-05 14:11:22.081   545 10257 I DownloadManager: in removeSpuriousFiles, preserving file /data/data/com.android.providers.downloads/cache/metadata-648.htm
07-05 14:11:22.081   545 10257 I DownloadManager: in removeSpuriousFiles, preserving file /data/data/com.android.providers.downloads/cache/metadata-1469.htm
07-05 14:11:22.081   545 10257 I DownloadManager: in removeSpuriousFiles, preserving file /data/data/com.android.providers.downloads/cache/metadata-808.htm
07-05 14:11:22.081   545 10257 I DownloadManager: in removeSpuriousFiles, preserving file /data/data/com.android.providers.downloads/cache/metadata-1041.htm
07-05 14:11:22.104   545 10257 I DownloadManager: in removeSpuriousFiles, preserving file /data/data/com.android.providers.downloads/cache/metadata-1543.htm
07-05 14:11:22.108   545 10257 I DownloadManager: in removeSpuriousFiles, preserving file /data/data/com.android.providers.downloads/cache/metadata-1784.htm
07-05 14:11:22.108   545 10257 I DownloadManager: in removeSpuriousFiles, preserving file /data/data/com.android.providers.downloads/cache/metadata-1255.htm
07-05 14:11:22.108   545 10257 I DownloadManager: in removeSpuriousFiles, preserving file /data/data/com.android.providers.downloads/cache/metadata-909.htm
07-05 14:11:22.108   545 10257 I DownloadManager: in removeSpuriousFiles, preserving file /data/data/com.android.providers.downloads/cache/metadata-953.htm
07-05 14:11:22.108   545 10257 I DownloadManager: in removeSpuriousFiles, preserving file /data/data/com.android.providers.downloads/cache/metadata-4.htm
07-05 14:11:22.108   545 10257 I DownloadManager: in removeSpuriousFiles, preserving file /data/data/com.android.providers.downloads/cache/metadata-19.htm
07-05 14:11:22.108   545 10257 I DownloadManager: in removeSpuriousFiles, preserving file /data/data/com.android.providers.downloads/cache/metadata-308.htm
07-05 14:11:22.108   545 10257 I DownloadManager: in removeSpuriousFiles, preserving file /data/data/com.android.providers.downloads/cache/metadata-2.htm
07-05 14:11:22.108   545 10257 I DownloadManager: in removeSpuriousFiles, preserving file /data/data/com.android.providers.downloads/cache/metadata-13.htm
07-05 14:11:22.108   545 10257 I DownloadManager: in removeSpuriousFiles, preserving file /data/data/com.android.providers.downloads/cache/metadata-28.htm
07-05 14:11:22.108   545 10257 I DownloadManager: in removeSpuriousFiles, preserving file /data/data/com.android.providers.downloads/cache/metadata-23.htm
07-05 14:11:22.108   545 10257 I DownloadManager: in removeSpuriousFiles, preserving file /data/data/com.android.providers.downloads/cache/metadata-35.htm
07-05 14:11:22.108   545 10257 I DownloadManager: in removeSpuriousFiles, preserving file /data/data/com.android.providers.downloads/cache/metadata-46.htm
07-05 14:11:22.112   545 10257 I DownloadManager: in removeSpuriousFiles, preserving file /data/data/com.android.providers.downloads/cache/metadata-69.htm
07-05 14:11:22.112   545 10257 I DownloadManager: in removeSpuriousFiles, preserving file /data/data/com.android.providers.downloads/cache/metadata-285.htm
07-05 14:11:22.112   545 10257 I DownloadManager: in removeSpuriousFiles, preserving file /data/data/com.android.providers.downloads/cache/metadata-49.htm
07-05 14:11:22.112   545 10257 I DownloadManager: in removeSpuriousFiles, preserving file /data/data/com.android.providers.downloads/cache/metadata-267.htm
07-05 14:11:22.112   545 10257 I DownloadManager: in removeSpuriousFiles, preserving file /data/data/com.android.providers.downloads/cache/metadata-290.htm
07-05 14:11:22.112   545 10257 I DownloadManager: in removeSpuriousFiles, preserving file /data/data/com.android.providers.downloads/cache/metadata-607.htm
07-05 14:11:22.112   545 10257 I DownloadManager: in removeSpuriousFiles, preserving file /data/data/com.android.providers.downloads/cache/metadata-534.htm
07-05 14:11:22.112   545 10257 I DownloadManager: in removeSpuriousFiles, preserving file /data/data/com.android.providers.downloads/cache/metadata-56.htm
07-05 14:11:22.112   545 10257 I DownloadManager: in removeSpuriousFiles, preserving file /data/data/com.android.providers.downloads/cache/metadata-471.htm
07-05 14:11:22.112   545 10257 I DownloadManager: in removeSpuriousFiles, preserving file /data/data/com.android.providers.downloads/cache/metadata-1142.htm
07-05 14:11:22.112   545 10257 I DownloadManager: in removeSpuriousFiles, preserving file /data/data/com.android.providers.downloads/cache/metadata-309.htm
07-05 14:11:22.112   545 10257 I DownloadManager: in removeSpuriousFiles, preserving file /data/data/com.android.providers.downloads/cache/metadata-253.htm
07-05 14:11:22.112   545 10257 I DownloadManager: in removeSpuriousFiles, preserving file /data/data/com.android.providers.downloads/cache/metadata-1388.htm
07-05 14:11:22.112   545 10257 I DownloadManager: in removeSpuriousFiles, preserving file /data/data/com.android.providers.downloads/cache/metadata-962.htm
07-05 14:11:22.112   545 10257 I DownloadManager: in removeSpuriousFiles, preserving file /data/data/com.android.providers.downloads/cache/metadata-134.htm
07-05 14:11:22.112   545 10257 I DownloadManager: in removeSpuriousFiles, preserving file /data/data/com.android.providers.downloads/cache/metadata-449.htm
07-05 14:11:22.112   545 10257 I DownloadManager: in removeSpuriousFiles, preserving file /data/data/com.android.providers.downloads/cache/metadata-258.htm
07-05 14:11:22.112   545 10257 I DownloadManager: in removeSpuriousFiles, preserving file /data/data/com.android.providers.downloads/cache/metadata-200.htm
07-05 14:11:22.112   545 10257 I DownloadManager: in removeSpuriousFiles, preserving file /data/data/com.android.providers.downloads/cache/metadata-2170.htm
07-05 14:11:22.116   545 10257 I DownloadManager: in removeSpuriousFiles, preserving file /data/data/com.android.providers.downloads/cache/metadata-95.htm
07-05 14:11:22.116   545 10257 I DownloadManager: in removeSpuriousFiles, preserving file /data/data/com.android.providers.downloads/cache/metadata-223.htm
07-05 14:11:22.116   545 10257 I DownloadManager: in removeSpuriousFiles, preserving file /data/data/com.android.providers.downloads/cache/metadata-936.htm
07-05 14:11:22.116   545 10257 I DownloadManager: in removeSpuriousFiles, preserving file /data/data/com.android.providers.downloads/cache/metadata-110.htm
07-05 14:11:22.116   545 10257 I DownloadManager: in removeSpuriousFiles, preserving file /data/data/com.android.providers.downloads/cache/metadata-389.htm
07-05 14:11:22.116   545 10257 I DownloadManager: in removeSpuriousFiles, preserving file /data/data/com.android.providers.downloads/cache/metadata-279.htm
07-05 14:11:22.116   545 10257 I DownloadManager: in removeSpuriousFiles, preserving file /data/data/com.android.providers.downloads/cache/metadata-2055.htm
07-05 14:11:22.116   545 10257 I DownloadManager: in removeSpuriousFiles, preserving file /data/data/com.android.providers.downloads/cache/metadata-553.htm
07-05 14:11:22.116   545 10257 I DownloadManager: in removeSpuriousFiles, preserving file /data/data/com.android.providers.downloads/cache/metadata-444.htm
07-05 14:11:22.116   545 10257 I DownloadManager: in removeSpuriousFiles, preserving file /data/data/com.android.providers.downloads/cache/metadata-520.htm
07-05 14:11:22.116   545 10257 I DownloadManager: in removeSpuriousFiles, preserving file /data/data/com.android.providers.downloads/cache/metadata-384.htm
07-05 14:11:22.116   545 10257 I DownloadManager: in removeSpuriousFiles, preserving file /data/data/com.android.providers.downloads/cache/metadata-456.htm
07-05 14:11:22.116   545 10257 I DownloadManager: in removeSpuriousFiles, preserving file /data/data/com.android.providers.downloads/cache/metadata-448.htm
07-05 14:11:22.116   545 10257 I DownloadManager: in removeSpuriousFiles, preserving file /data/data/com.android.providers.downloads/cache/metadata-122.htm
07-05 14:11:22.116   545 10257 I DownloadManager: in removeSpuriousFiles, preserving file /data/data/com.android.providers.downloads/cache/metadata-195.htm
07-05 14:11:22.116   545 10257 I DownloadManager: in removeSpuriousFiles, preserving file /data/data/com.android.providers.downloads/cache/metadata-452.htm
07-05 14:11:22.116   545 10257 I DownloadManager: in removeSpuriousFiles, preserving file /data/data/com.android.providers.downloads/cache/metadata-454.htm
07-05 14:11:22.116   545 10257 I DownloadManager: in removeSpuriousFiles, preserving file /data/data/com.android.providers.downloads/cache/metadata-433.htm
07-05 14:11:22.120   545 10257 I DownloadManager: in removeSpuriousFiles, preserving file /data/data/com.android.providers.downloads/cache/metadata-98.htm
07-05 14:11:22.120   545 10257 I DownloadManager: in removeSpuriousFiles, preserving file /data/data/com.android.providers.downloads/cache/metadata-337.htm
07-05 14:11:22.120   545 10257 I DownloadManager: in removeSpuriousFiles, preserving file /data/data/com.android.providers.downloads/cache/metadata-1061.htm
07-05 14:11:22.120   545 10257 I DownloadManager: in removeSpuriousFiles, preserving file /data/data/com.android.providers.downloads/cache/metadata-282.htm
07-05 14:11:22.120   545 10257 I DownloadManager: in removeSpuriousFiles, preserving file /data/data/com.android.providers.downloads/cache/metadata-74.htm
07-05 14:11:22.120   545 10257 I DownloadManager: in removeSpuriousFiles, preserving file /data/data/com.android.providers.downloads/cache/metadata-697.htm
07-05 14:11:22.120   545 10257 I DownloadManager: in removeSpuriousFiles, preserving file /data/data/com.android.providers.downloads/cache/metadata-685.htm
07-05 14:11:22.120   545 10257 I DownloadManager: in removeSpuriousFiles, preserving file /data/data/com.android.providers.downloads/cache/metadata-2020.htm
07-05 14:11:22.120   545 10257 I DownloadManager: in removeSpuriousFiles, preserving file /data/data/com.android.providers.downloads/cache/metadata-1597.htm
07-05 14:11:22.120   545 10257 I DownloadManager: in removeSpuriousFiles, preserving file /data/data/com.android.providers.downloads/cache/metadata-628.htm
07-05 14:11:22.120   545 10257 I DownloadManager: in removeSpuriousFiles, preserving file /data/data/com.android.providers.downloads/cache/metadata-2484.htm
07-05 14:11:22.120   545 10257 I DownloadManager: in removeSpuriousFiles, preserving file /data/data/com.android.providers.downloads/cache/metadata-1442.htm
07-05 14:11:22.120   545 10257 I DownloadManager: in removeSpuriousFiles, preserving file /data/data/com.android.providers.downloads/cache/metadata-807.htm
07-05 14:11:22.120   545 10257 I DownloadManager: in removeSpuriousFiles, preserving file /data/data/com.android.providers.downloads/cache/metadata-260.htm
07-05 14:11:22.120   545 10257 I DownloadManager: in removeSpuriousFiles, preserving file /data/data/com.android.providers.downloads/cache/metadata-378.htm
07-05 14:11:22.124   545 10257 I DownloadManager: in removeSpuriousFiles, preserving file /data/data/com.android.providers.downloads/cache/metadata-1350.htm
07-05 14:11:22.124   545 10257 I DownloadManager: in removeSpuriousFiles, preserving file /data/data/com.android.providers.downloads/cache/metadata-2337.htm
07-05 14:11:22.124   545 10257 I DownloadManager: in removeSpuriousFiles, preserving file /data/data/com.android.providers.downloads/cache/metadata-571.htm
07-05 14:11:22.124   545 10257 I DownloadManager: in removeSpuriousFiles, preserving file /data/data/com.android.providers.downloads/cache/metadata-693.htm
07-05 14:11:22.124   545 10257 I DownloadManager: in removeSpuriousFiles, preserving file /data/data/com.android.providers.downloads/cache/metadata-554.htm
07-05 14:11:22.124   545 10257 I DownloadManager: in removeSpuriousFiles, preserving file /data/data/com.android.providers.downloads/cache/metadata-244.htm
07-05 14:11:22.124   545 10257 I DownloadManager: in removeSpuriousFiles, preserving file /data/data/com.android.providers.downloads/cache/metadata-1318.htm
07-05 14:11:22.124   545 10257 I DownloadManager: in removeSpuriousFiles, preserving file /data/data/com.android.providers.downloads/cache/metadata-679.htm
07-05 14:11:22.124   545 10257 I DownloadManager: in removeSpuriousFiles, preserving file /data/data/com.android.providers.downloads/cache/metadata-355.htm
07-05 14:11:22.124   545 10257 I DownloadManager: in removeSpuriousFiles, preserving file /data/data/com.android.providers.downloads/cache/metadata-1189.htm
07-05 14:11:22.124   545 10257 I DownloadManager: in removeSpuriousFiles, preserving file /data/data/com.android.providers.downloads/cache/metadata-391.htm
07-05 14:11:22.124   545 10257 I DownloadManager: in removeSpuriousFiles, preserving file /data/data/com.android.providers.downloads/cache/metadata-533.htm
07-05 14:11:22.124   545 10257 I DownloadManager: in removeSpuriousFiles, preserving file /data/data/com.android.providers.downloads/cache/metadata-2024.htm
07-05 14:11:22.124   545 10257 I DownloadManager: in removeSpuriousFiles, preserving file /data/data/com.android.providers.downloads/cache/metadata-563.htm
07-05 14:11:22.128   545 10257 I DownloadManager: in removeSpuriousFiles, preserving file /data/data/com.android.providers.downloads/cache/metadata-423.htm
07-05 14:11:22.128   545 10257 I DownloadManager: in removeSpuriousFiles, preserving file /data/data/com.android.providers.downloads/cache/metadata-588.htm
07-05 14:11:22.128   545 10257 I DownloadManager: in removeSpuriousFiles, preserving file /data/data/com.android.providers.downloads/cache/metadata-2022.htm
07-05 14:11:22.132   545 10257 I DownloadManager: in removeSpuriousFiles, preserving file /data/data/com.android.providers.downloads/cache/metadata-1454.htm
07-05 14:11:22.132   545 10257 I DownloadManager: in removeSpuriousFiles, preserving file /data/data/com.android.providers.downloads/cache/metadata-577.htm
07-05 14:11:22.132   545 10257 I DownloadManager: in removeSpuriousFiles, preserving file /data/data/com.android.providers.downloads/cache/metadata-111.htm
07-05 14:11:22.132   545 10257 I DownloadManager: in removeSpuriousFiles, preserving file /data/data/com.android.providers.downloads/cache/metadata-1929.htm
07-05 14:11:22.132   545 10257 I DownloadManager: in removeSpuriousFiles, preserving file /data/data/com.android.providers.downloads/cache/metadata-2322.htm
07-05 14:11:22.132   545 10257 I DownloadManager: in removeSpuriousFiles, preserving file /data/data/com.android.providers.downloads/cache/metadata-302.htm
07-05 14:11:22.132   545 10257 I DownloadManager: in removeSpuriousFiles, preserving file /data/data/com.android.providers.downloads/cache/metadata-1284.htm
07-05 14:11:22.132   545 10257 I DownloadManager: in removeSpuriousFiles, preserving file /data/data/com.android.providers.downloads/cache/metadata-974.htm
07-05 14:11:22.132   545 10257 I DownloadManager: in removeSpuriousFiles, preserving file /data/data/com.android.providers.downloads/cache/metadata-1517.htm
07-05 14:11:22.132   545 10257 I DownloadManager: in removeSpuriousFiles, preserving file /data/data/com.android.providers.downloads/cache/metadata-1162.htm
07-05 14:11:22.132   545 10257 I DownloadManager: in removeSpuriousFiles, preserving file /data/data/com.android.providers.downloads/cache/metadata-1179.htm
07-05 14:11:22.132   545 10257 I DownloadManager: in removeSpuriousFiles, preserving file /data/data/com.android.providers.downloads/cache/metadata-662.htm
07-05 14:11:22.136   545 10257 I DownloadManager: in removeSpuriousFiles, preserving file /data/data/com.android.providers.downloads/cache/metadata-689.htm
07-05 14:11:22.136   545 10257 I DownloadManager: in removeSpuriousFiles, preserving file /data/data/com.android.providers.downloads/cache/metadata-339.htm
07-05 14:11:22.136   545 10257 I DownloadManager: in removeSpuriousFiles, preserving file /data/data/com.android.providers.downloads/cache/metadata-591.htm
07-05 14:11:22.136   545 10257 I DownloadManager: in removeSpuriousFiles, preserving file /data/data/com.android.providers.downloads/cache/metadata-487.htm
07-05 14:11:22.136   545 10257 I DownloadManager: in removeSpuriousFiles, preserving file /data/data/com.android.providers.downloads/cache/metadata-1054.htm
07-05 14:11:22.136   545 10257 I DownloadManager: in removeSpuriousFiles, preserving file /data/data/com.android.providers.downloads/cache/metadata-833.htm
07-05 14:11:22.136   545 10257 I DownloadManager: in removeSpuriousFiles, preserving file /data/data/com.android.providers.downloads/cache/metadata-595.htm
07-05 14:11:22.136   545 10257 I DownloadManager: in removeSpuriousFiles, preserving file /data/data/com.android.providers.downloads/cache/metadata-566.htm
07-05 14:11:22.136   545 10257 I DownloadManager: in removeSpuriousFiles, preserving file /data/data/com.android.providers.downloads/cache/metadata-728.htm
07-05 14:11:22.136   545 10257 I DownloadManager: in removeSpuriousFiles, preserving file /data/data/com.android.providers.downloads/cache/metadata-1269.htm
07-05 14:11:22.136   545 10257 I DownloadManager: in removeSpuriousFiles, preserving file /data/data/com.android.providers.downloads/cache/metadata-1744.htm
07-05 14:11:22.139   545 10257 I DownloadManager: in removeSpuriousFiles, preserving file /data/data/com.android.providers.downloads/cache/metadata-3026.htm
07-05 14:11:22.139   545 10257 I DownloadManager: in removeSpuriousFiles, preserving file /data/data/com.android.providers.downloads/cache/metadata-740.htm
07-05 14:11:22.139   545 10257 I DownloadManager: in removeSpuriousFiles, preserving file /data/data/com.android.providers.downloads/cache/metadata-968.htm
07-05 14:11:22.139   545 10257 I DownloadManager: in removeSpuriousFiles, preserving file /data/data/com.android.providers.downloads/cache/metadata-458.htm
07-05 14:11:22.139   545 10257 I DownloadManager: in removeSpuriousFiles, preserving file /data/data/com.android.providers.downloads/cache/metadata-1273.htm
07-05 14:11:22.139   545 10257 I DownloadManager: in removeSpuriousFiles, preserving file /data/data/com.android.providers.downloads/cache/metadata-1586.htm
07-05 14:11:22.139   545 10257 I DownloadManager: in removeSpuriousFiles, preserving file /data/data/com.android.providers.downloads/cache/metadata-2291.htm
07-05 14:11:22.139   545 10257 I DownloadManager: in removeSpuriousFiles, preserving file /data/data/com.android.providers.downloads/cache/metadata-1010.htm
07-05 14:11:22.139   545 10257 I DownloadManager: in removeSpuriousFiles, preserving file /data/data/com.android.providers.downloads/cache/metadata-1172.htm
07-05 14:11:22.143   545 10257 I DownloadManager: in removeSpuriousFiles, preserving file /data/data/com.android.providers.downloads/cache/metadata-1450.htm
07-05 14:11:22.143   545 10257 I DownloadManager: in removeSpuriousFiles, preserving file /data/data/com.android.providers.downloads/cache/metadata-1857.htm
07-05 14:11:22.143   545 10257 I DownloadManager: in removeSpuriousFiles, preserving file /data/data/com.android.providers.downloads/cache/metadata-1209.htm
07-05 14:11:22.143   545 10257 I DownloadManager: in removeSpuriousFiles, preserving file /data/data/com.android.providers.downloads/cache/metadata-2801.htm
07-05 14:11:22.143   545 10257 I DownloadManager: in removeSpuriousFiles, preserving file /data/data/com.android.providers.downloads/cache/metadata-813.htm
07-05 14:11:22.143   545 10257 I DownloadManager: in removeSpuriousFiles, preserving file /data/data/com.android.providers.downloads/cache/metadata-1083.htm
07-05 14:11:22.143   545 10257 I DownloadManager: in removeSpuriousFiles, preserving file /data/data/com.android.providers.downloads/cache/metadata-574.htm
07-05 14:11:22.143   545 10257 I DownloadManager: in removeSpuriousFiles, preserving file /data/data/com.android.providers.downloads/cache/metadata-1390.htm
07-05 14:11:22.147   545 10257 I DownloadManager: in removeSpuriousFiles, preserving file /data/data/com.android.providers.downloads/cache/metadata-2266.htm
07-05 14:11:22.147   545 10257 I DownloadManager: in removeSpuriousFiles, preserving file /data/data/com.android.providers.downloads/cache/metadata-512.htm
07-05 14:11:22.147   545 10257 I DownloadManager: in removeSpuriousFiles, preserving file /data/data/com.android.providers.downloads/cache/metadata-1896.htm
07-05 14:11:22.147   545 10257 I DownloadManager: in removeSpuriousFiles, preserving file /data/data/com.android.providers.downloads/cache/metadata-855.htm
07-05 14:11:22.147   545 10257 I DownloadManager: in removeSpuriousFiles, preserving file /data/data/com.android.providers.downloads/cache/metadata-9.htm
07-05 14:11:22.147   545 10257 I DownloadManager: in removeSpuriousFiles, preserving file /data/data/com.android.providers.downloads/cache/metadata-34.htm
07-05 14:11:22.147   545 10257 I DownloadManager: in removeSpuriousFiles, preserving file /data/data/com.android.providers.downloads/cache/metadata-8.htm
07-05 14:11:22.147   545 10257 I DownloadManager: in removeSpuriousFiles, preserving file /data/data/com.android.providers.downloads/cache/metadata-15.htm
07-05 14:11:22.147   545 10257 I DownloadManager: in removeSpuriousFiles, preserving file /data/data/com.android.providers.downloads/cache/metadata-36.htm
07-05 14:11:22.147   545 10257 I DownloadManager: in removeSpuriousFiles, preserving file /data/data/com.android.providers.downloads/cache/metadata-47.htm
07-05 14:11:22.147   545 10257 I DownloadManager: in removeSpuriousFiles, preserving file /data/data/com.android.providers.downloads/cache/metadata-420.htm
07-05 14:11:22.147   545 10257 I DownloadManager: in removeSpuriousFiles, preserving file /data/data/com.android.providers.downloads/cache/metadata-55.htm
07-05 14:11:22.147   545 10257 I DownloadManager: in removeSpuriousFiles, preserving file /data/data/com.android.providers.downloads/cache/metadata-431.htm
07-05 14:11:22.147   545 10257 I DownloadManager: in removeSpuriousFiles, preserving file /data/data/com.android.providers.downloads/cache/metadata-496.htm
07-05 14:11:22.147   545 10257 I DownloadManager: in removeSpuriousFiles, preserving file /data/data/com.android.providers.downloads/cache/metadata-41.htm
07-05 14:11:22.147   545 10257 I DownloadManager: in removeSpuriousFiles, preserving file /data/data/com.android.providers.downloads/cache/metadata-559.htm
07-05 14:11:22.147   545 10257 I DownloadManager: in removeSpuriousFiles, preserving file /data/data/com.android.providers.downloads/cache/metadata-624.htm
07-05 14:11:22.147   545 10257 I DownloadManager: in removeSpuriousFiles, preserving file /data/data/com.android.providers.downloads/cache/metadata-58.htm
07-05 14:11:22.151   545 10257 I DownloadManager: in removeSpuriousFiles, preserving file /data/data/com.android.providers.downloads/cache/metadata-1290.htm
07-05 14:11:22.151   545 10257 I DownloadManager: in removeSpuriousFiles, preserving file /data/data/com.android.providers.downloads/cache/metadata-1901.htm
07-05 14:11:22.151   545 10257 I DownloadManager: in removeSpuriousFiles, preserving file /data/data/com.android.providers.downloads/cache/metadata-823.htm
07-05 14:11:22.151   545 10257 I DownloadManager: in removeSpuriousFiles, preserving file /data/data/com.android.providers.downloads/cache/metadata-575.htm
07-05 14:11:22.151   545 10257 I DownloadManager: in removeSpuriousFiles, preserving file /data/data/com.android.providers.downloads/cache/metadata-1177.htm
07-05 14:11:22.151   545 10257 I DownloadManager: in removeSpuriousFiles, preserving file /data/data/com.android.providers.downloads/cache/metadata-341.htm
07-05 14:11:22.151   545 10257 I DownloadManager: in removeSpuriousFiles, preserving file /data/data/com.android.providers.downloads/cache/metadata-564.htm
07-05 14:11:22.151   545 10257 I DownloadManager: in removeSpuriousFiles, preserving file /data/data/com.android.providers.downloads/cache/metadata-581.htm
07-05 14:11:22.151   545 10257 I DownloadManager: in removeSpuriousFiles, preserving file /data/data/com.android.providers.downloads/cache/metadata-549.htm
07-05 14:11:22.151   545 10257 I DownloadManager: in removeSpuriousFiles, preserving file /data/data/com.android.providers.downloads/cache/metadata-1115.htm
07-05 14:11:22.178   545   548 D dalvikvm: GC_CONCURRENT freed 593K, 8% free 10817K/11719K, paused 2ms+3ms
07-05 14:11:22.178   545 10257 I DownloadManager: in removeSpuriousFiles, preserving file /data/data/com.android.providers.downloads/cache/metadata-543.htm
07-05 14:11:22.178   545 10257 I DownloadManager: in removeSpuriousFiles, preserving file /data/data/com.android.providers.downloads/cache/metadata-1254.htm
07-05 14:11:22.178   545 10257 I DownloadManager: in removeSpuriousFiles, preserving file /data/data/com.android.providers.downloads/cache/metadata-214.htm
07-05 14:11:22.178   545 10257 I DownloadManager: in removeSpuriousFiles, preserving file /data/data/com.android.providers.downloads/cache/metadata-1248.htm
07-05 14:11:22.178   545 10257 I DownloadManager: in removeSpuriousFiles, preserving file /data/data/com.android.providers.downloads/cache/metadata-816.htm
07-05 14:11:22.178   545 10257 I DownloadManager: in removeSpuriousFiles, preserving file /data/data/com.android.providers.downloads/cache/metadata-464.htm
07-05 14:11:22.178   545 10257 I DownloadManager: in removeSpuriousFiles, preserving file /data/data/com.android.providers.downloads/cache/metadata-425.htm
07-05 14:11:22.182   545 10257 I DownloadManager: in removeSpuriousFiles, preserving file /data/data/com.android.providers.downloads/cache/metadata-376.htm
07-05 14:11:22.182   545 10257 I DownloadManager: in removeSpuriousFiles, preserving file /data/data/com.android.providers.downloads/cache/metadata-414.htm
07-05 14:11:22.182   545 10257 I DownloadManager: in removeSpuriousFiles, preserving file /data/data/com.android.providers.downloads/cache/metadata-1295.htm
07-05 14:11:22.182   545 10257 I DownloadManager: in removeSpuriousFiles, preserving file /data/data/com.android.providers.downloads/cache/metadata-928.htm
07-05 14:11:22.182   545 10257 I DownloadManager: in removeSpuriousFiles, preserving file /data/data/com.android.providers.downloads/cache/metadata-674.htm
07-05 14:11:22.182   545 10257 I DownloadManager: in removeSpuriousFiles, preserving file /data/data/com.android.providers.downloads/cache/metadata-964.htm
07-05 14:11:22.182   545 10257 I DownloadManager: in removeSpuriousFiles, preserving file /data/data/com.android.providers.downloads/cache/metadata-222.htm
07-05 14:11:22.182   545 10257 I DownloadManager: in removeSpuriousFiles, preserving file /data/data/com.android.providers.downloads/cache/metadata-545.htm
07-05 14:11:22.182   545 10257 I DownloadManager: in removeSpuriousFiles, preserving file /data/data/com.android.providers.downloads/cache/metadata-443.htm
07-05 14:11:22.182   545 10257 I DownloadManager: in removeSpuriousFiles, preserving file /data/data/com.android.providers.downloads/cache/metadata-342.htm
07-05 14:11:22.182   545 10257 I DownloadManager: in removeSpuriousFiles, preserving file /data/data/com.android.providers.downloads/cache/metadata-2310.htm
07-05 14:11:22.182   545 10257 I DownloadManager: in removeSpuriousFiles, preserving file /data/data/com.android.providers.downloads/cache/metadata-1199.htm
07-05 14:11:22.182   545 10257 I DownloadManager: in removeSpuriousFiles, preserving file /data/data/com.android.providers.downloads/cache/metadata-2476.htm
07-05 14:11:22.182   545 10257 I DownloadManager: in removeSpuriousFiles, preserving file /data/data/com.android.providers.downloads/cache/metadata-407.htm
07-05 14:11:22.182   545 10257 I DownloadManager: in removeSpuriousFiles, preserving file /data/data/com.android.providers.downloads/cache/metadata-631.htm
07-05 14:11:22.182   545 10257 I DownloadManager: in removeSpuriousFiles, preserving file /data/data/com.android.providers.downloads/cache/metadata-1006.htm
07-05 14:11:22.182   545 10257 I DownloadManager: in removeSpuriousFiles, preserving file /data/data/com.android.providers.downloads/cache/metadata-1349.htm
07-05 14:11:22.182   545 10257 I DownloadManager: in removeSpuriousFiles, preserving file /data/data/com.android.providers.downloads/cache/metadata-1686.htm
07-05 14:11:22.182   545 10257 I DownloadManager: in removeSpuriousFiles, preserving file /data/data/com.android.providers.downloads/cache/metadata-854.htm
07-05 14:11:22.186   545 10257 I DownloadManager: in removeSpuriousFiles, preserving file /data/data/com.android.providers.downloads/cache/metadata-131.htm
07-05 14:11:22.186   545 10257 I DownloadManager: in removeSpuriousFiles, preserving file /data/data/com.android.providers.downloads/cache/metadata-352.htm
07-05 14:11:22.186   545 10257 I DownloadManager: in removeSpuriousFiles, preserving file /data/data/com.android.providers.downloads/cache/metadata-630.htm
07-05 14:11:22.186   545 10257 I DownloadManager: in removeSpuriousFiles, preserving file /data/data/com.android.providers.downloads/cache/metadata-971.htm
07-05 14:11:22.186   545 10257 I DownloadManager: in removeSpuriousFiles, preserving file /data/data/com.android.providers.downloads/cache/metadata-1228.htm
07-05 14:11:22.186   545 10257 I DownloadManager: in removeSpuriousFiles, preserving file /data/data/com.android.providers.downloads/cache/metadata-278.htm
07-05 14:11:22.186   545 10257 I DownloadManager: in removeSpuriousFiles, preserving file /data/data/com.android.providers.downloads/cache/metadata-858.htm
07-05 14:11:22.186   545 10257 I DownloadManager: in removeSpuriousFiles, preserving file /data/data/com.android.providers.downloads/cache/metadata-826.htm
07-05 14:11:22.186   545 10257 I DownloadManager: in removeSpuriousFiles, preserving file /data/data/com.android.providers.downloads/cache/metadata-614.htm
07-05 14:11:22.190   545 10257 I DownloadManager: in removeSpuriousFiles, preserving file /data/data/com.android.providers.downloads/cache/metadata-434.htm
07-05 14:11:22.190   545 10257 I DownloadManager: in removeSpuriousFiles, preserving file /data/data/com.android.providers.downloads/cache/metadata-1022.htm
07-05 14:11:22.190   545 10257 I DownloadManager: in removeSpuriousFiles, preserving file /data/data/com.android.providers.downloads/cache/metadata-597.htm
07-05 14:11:22.190   545 10257 I DownloadManager: in removeSpuriousFiles, preserving file /data/data/com.android.providers.downloads/cache/metadata-166.htm
07-05 14:11:22.190   545 10257 I DownloadManager: in removeSpuriousFiles, preserving file /data/data/com.android.providers.downloads/cache/metadata-450.htm
07-05 14:11:22.190   545 10257 I DownloadManager: in removeSpuriousFiles, preserving file /data/data/com.android.providers.downloads/cache/metadata-1230.htm
07-05 14:11:22.190   545 10257 I DownloadManager: in removeSpuriousFiles, preserving file /data/data/com.android.providers.downloads/cache/metadata-1107.htm
07-05 14:11:22.190   545 10257 I DownloadManager: in removeSpuriousFiles, preserving file /data/data/com.android.providers.downloads/cache/metadata-1303.htm
07-05 14:11:22.190   545 10257 I DownloadManager: in removeSpuriousFiles, preserving file /data/data/com.android.providers.downloads/cache/metadata-393.htm
07-05 14:11:22.190   545 10257 I DownloadManager: in removeSpuriousFiles, preserving file /data/data/com.android.providers.downloads/cache/metadata-1058.htm
07-05 14:11:22.190   545 10257 I DownloadManager: in removeSpuriousFiles, preserving file /data/data/com.android.providers.downloads/cache/metadata-100.htm
07-05 14:11:22.190   545 10257 I DownloadManager: in removeSpuriousFiles, preserving file /data/data/com.android.providers.downloads/cache/metadata-530.htm
07-05 14:11:22.190   545 10257 I DownloadManager: in removeSpuriousFiles, preserving file /data/data/com.android.providers.downloads/cache/metadata-221.htm
07-05 14:11:22.190   545 10257 I DownloadManager: in removeSpuriousFiles, preserving file /data/data/com.android.providers.downloads/cache/metadata-455.htm
07-05 14:11:22.190   545 10257 I DownloadManager: in removeSpuriousFiles, preserving file /data/data/com.android.providers.downloads/cache/metadata-547.htm
07-05 14:11:22.194   545 10257 I DownloadManager: in removeSpuriousFiles, preserving file /data/data/com.android.providers.downloads/cache/metadata-1363.htm
07-05 14:11:22.194   545 10257 I DownloadManager: in removeSpuriousFiles, preserving file /data/data/com.android.providers.downloads/cache/metadata-1719.htm
07-05 14:11:22.194   545 10257 I DownloadManager: in removeSpuriousFiles, preserving file /data/data/com.android.providers.downloads/cache/metadata-1341.htm
07-05 14:11:22.194   545 10257 I DownloadManager: in removeSpuriousFiles, preserving file /data/data/com.android.providers.downloads/cache/metadata-1134.htm
07-05 14:11:22.194   545 10257 I DownloadManager: in removeSpuriousFiles, preserving file /data/data/com.android.providers.downloads/cache/metadata-1681.htm
07-05 14:11:22.194   545 10257 I DownloadManager: in removeSpuriousFiles, preserving file /data/data/com.android.providers.downloads/cache/metadata-542.htm
07-05 14:11:22.194   545 10257 I DownloadManager: in removeSpuriousFiles, preserving file /data/data/com.android.providers.downloads/cache/metadata-1905.htm
07-05 14:11:22.194   545 10257 I DownloadManager: in removeSpuriousFiles, preserving file /data/data/com.android.providers.downloads/cache/metadata-948.htm
07-05 14:11:22.194   545 10257 I DownloadManager: in removeSpuriousFiles, preserving file /data/data/com.android.providers.downloads/cache/metadata-668.htm
07-05 14:11:22.194   545 10257 I DownloadManager: in removeSpuriousFiles, preserving file /data/data/com.android.providers.downloads/cache/metadata-1062.htm
07-05 14:11:22.194   545 10257 I DownloadManager: in removeSpuriousFiles, preserving file /data/data/com.android.providers.downloads/cache/metadata-1546.htm
07-05 14:11:22.194   545 10257 I DownloadManager: in removeSpuriousFiles, preserving file /data/data/com.android.providers.downloads/cache/metadata-129.htm
07-05 14:11:22.194   545 10257 I DownloadManager: in removeSpuriousFiles, preserving file /data/data/com.android.providers.downloads/cache/metadata-981.htm
07-05 14:11:22.198   545 10257 I DownloadManager: in removeSpuriousFiles, preserving file /data/data/com.android.providers.downloads/cache/metadata-912.htm
07-05 14:11:22.198   545 10257 I DownloadManager: in removeSpuriousFiles, preserving file /data/data/com.android.providers.downloads/cache/metadata-1085.htm
07-05 14:11:22.198   545 10257 I DownloadManager: in removeSpuriousFiles, preserving file /data/data/com.android.providers.downloads/cache/metadata-942.htm
07-05 14:11:22.198   545 10257 I DownloadManager: in removeSpuriousFiles, preserving file /data/data/com.android.providers.downloads/cache/metadata-1076.htm
07-05 14:11:22.198   545 10257 I DownloadManager: in removeSpuriousFiles, preserving file /data/data/com.android.providers.downloads/cache/metadata-1237.htm
07-05 14:11:22.198   545 10257 I DownloadManager: in removeSpuriousFiles, preserving file /data/data/com.android.providers.downloads/cache/metadata-1418.htm
07-05 14:11:22.198   545 10257 I DownloadManager: in removeSpuriousFiles, preserving file /data/data/com.android.providers.downloads/cache/metadata-1310.htm
07-05 14:11:22.198   545 10257 I DownloadManager: in removeSpuriousFiles, preserving file /data/data/com.android.providers.downloads/cache/metadata-2162.htm
07-05 14:11:22.198   545 10257 I DownloadManager: in removeSpuriousFiles, preserving file /data/data/com.android.providers.downloads/cache/metadata-1402.htm
07-05 14:11:22.198   545 10257 I DownloadManager: in removeSpuriousFiles, preserving file /data/data/com.android.providers.downloads/cache/metadata-2900.htm
07-05 14:11:22.198   545 10257 I DownloadManager: in removeSpuriousFiles, preserving file /data/data/com.android.providers.downloads/cache/metadata-1108.htm
07-05 14:11:22.198   545 10257 I DownloadManager: in removeSpuriousFiles, preserving file /data/data/com.android.providers.downloads/cache/metadata-2225.htm
07-05 14:11:22.202   545 10257 I DownloadManager: in removeSpuriousFiles, preserving file /data/data/com.android.providers.downloads/cache/metadata-1366.htm
07-05 14:11:22.202   545 10257 I DownloadManager: in removeSpuriousFiles, preserving file /data/data/com.android.providers.downloads/cache/metadata-1264.htm
07-05 14:11:22.202   545 10257 I DownloadManager: in removeSpuriousFiles, preserving file /data/data/com.android.providers.downloads/cache/metadata-519.htm
07-05 14:11:22.202   545 10257 I DownloadManager: in removeSpuriousFiles, preserving file /data/data/com.android.providers.downloads/cache/metadata-596.htm
07-05 14:11:22.202   545 10257 I DownloadManager: in removeSpuriousFiles, preserving file /data/data/com.android.providers.downloads/cache/metadata-1345.htm
07-05 14:11:22.202   545 10257 I DownloadManager: in removeSpuriousFiles, preserving file /data/data/com.android.providers.downloads/cache/metadata-1285.htm
07-05 14:11:22.202   545 10257 I DownloadManager: in removeSpuriousFiles, preserving file /data/data/com.android.providers.downloads/cache/metadata-1624.htm
07-05 14:11:22.202   545 10257 I DownloadManager: in removeSpuriousFiles, preserving file /data/data/com.android.providers.downloads/cache/metadata-1092.htm
07-05 14:11:22.202   545 10257 I DownloadManager: in removeSpuriousFiles, preserving file /data/data/com.android.providers.downloads/cache/metadata-1417.htm
07-05 14:11:22.202   545 10257 I DownloadManager: in removeSpuriousFiles, preserving file /data/data/com.android.providers.downloads/cache/metadata-1257.htm
07-05 14:11:22.202   545 10257 I DownloadManager: in removeSpuriousFiles, preserving file /data/data/com.android.providers.downloads/cache/metadata-2700.htm
07-05 14:11:22.206   545 10257 I DownloadManager: in removeSpuriousFiles, preserving file /data/data/com.android.providers.downloads/cache/metadata-1043.htm
07-05 14:11:22.206   545 10257 I DownloadManager: in removeSpuriousFiles, preserving file /data/data/com.android.providers.downloads/cache/metadata-1576.htm
07-05 14:11:22.206   545 10257 I DownloadManager: in removeSpuriousFiles, preserving file /data/data/com.android.providers.downloads/cache/metadata-2785.htm
07-05 14:11:22.206   545 10257 I DownloadManager: in removeSpuriousFiles, preserving file /data/data/com.android.providers.downloads/cache/metadata-515.htm
07-05 14:11:22.206   545 10257 I DownloadManager: in removeSpuriousFiles, preserving file /data/data/com.android.providers.downloads/cache/metadata-2164.htm
07-05 14:11:22.206   545 10257 I DownloadManager: in removeSpuriousFiles, preserving file /data/data/com.android.providers.downloads/cache/metadata-584.htm
07-05 14:11:22.206   545 10257 I DownloadManager: in removeSpuriousFiles, preserving file /data/data/com.android.providers.downloads/cache/metadata-541.htm
07-05 14:11:22.206   545 10257 I DownloadManager: in removeSpuriousFiles, preserving file /data/data/com.android.providers.downloads/cache/metadata-1859.htm
07-05 14:11:22.206   545 10257 I DownloadManager: in removeSpuriousFiles, preserving file /data/data/com.android.providers.downloads/cache/metadata-1439.htm
07-05 14:11:22.206   545 10257 I DownloadManager: in removeSpuriousFiles, preserving file /data/data/com.android.providers.downloads/cache/metadata-2326.htm
07-05 14:11:22.210   545 10257 I DownloadManager: in removeSpuriousFiles, preserving file /data/data/com.android.providers.downloads/cache/metadata-778.htm
07-05 14:11:22.210   545 10257 I DownloadManager: in removeSpuriousFiles, preserving file /data/data/com.android.providers.downloads/cache/metadata-1278.htm
07-05 14:11:22.210   545 10257 I DownloadManager: in removeSpuriousFiles, preserving file /data/data/com.android.providers.downloads/cache/metadata-2860.htm
07-05 14:11:22.210   545 10257 I DownloadManager: in removeSpuriousFiles, preserving file /data/data/com.android.providers.downloads/cache/metadata-1389.htm
07-05 14:11:22.210   545 10257 I DownloadManager: in removeSpuriousFiles, preserving file /data/data/com.android.providers.downloads/cache/metadata-24.htm
07-05 14:11:22.210   545 10257 I DownloadManager: in removeSpuriousFiles, preserving file /data/data/com.android.providers.downloads/cache/metadata-54.htm
07-05 14:11:22.210   545 10257 I DownloadManager: in removeSpuriousFiles, preserving file /data/data/com.android.providers.downloads/cache/metadata-5.htm
07-05 14:11:22.210   545 10257 I DownloadManager: in removeSpuriousFiles, preserving file /data/data/com.android.providers.downloads/cache/metadata-16.htm
07-05 14:11:22.210   545 10257 I DownloadManager: in removeSpuriousFiles, preserving file /data/data/com.android.providers.downloads/cache/metadata-59.htm
07-05 14:11:22.210   545 10257 I DownloadManager: in removeSpuriousFiles, preserving file /data/data/com.android.providers.downloads/cache/metadata-21.htm
07-05 14:11:22.210   545 10257 I DownloadManager: in removeSpuriousFiles, preserving file /data/data/com.android.providers.downloads/cache/metadata-12.htm
07-05 14:11:22.210   545 10257 I DownloadManager: in removeSpuriousFiles, preserving file /data/data/com.android.providers.downloads/cache/metadata-1518.htm
07-05 14:11:22.210   545 10257 I DownloadManager: in removeSpuriousFiles, preserving file /data/data/com.android.providers.downloads/cache/metadata-511.htm
07-05 14:11:22.210   545 10257 I DownloadManager: in removeSpuriousFiles, preserving file /data/data/com.android.providers.downloads/cache/metadata-415.htm
07-05 14:11:22.210   545 10257 I DownloadManager: in removeSpuriousFiles, preserving file /data/data/com.android.providers.downloads/cache/metadata-22.htm
07-05 14:11:22.210   545 10257 I DownloadManager: in removeSpuriousFiles, preserving file /data/data/com.android.providers.downloads/cache/metadata-879.htm
07-05 14:11:22.210   545 10257 I DownloadManager: in removeSpuriousFiles, preserving file /data/data/com.android.providers.downloads/cache/metadata-1153.htm
07-05 14:11:22.210   545 10257 I DownloadManager: in removeSpuriousFiles, preserving file /data/data/com.android.providers.downloads/cache/metadata-503.htm
07-05 14:11:22.210   545 10257 I DownloadManager: in removeSpuriousFiles, preserving file /data/data/com.android.providers.downloads/cache/metadata-130.htm
07-05 14:11:22.210   545 10257 I DownloadManager: in removeSpuriousFiles, preserving file /data/data/com.android.providers.downloads/cache/metadata-421.htm
07-05 14:11:22.210   545 10257 I DownloadManager: in removeSpuriousFiles, preserving file /data/data/com.android.providers.downloads/cache/metadata-1239.htm
07-05 14:11:22.214   545 10257 I DownloadManager: in removeSpuriousFiles, preserving file /data/data/com.android.providers.downloads/cache/metadata-1970.htm
07-05 14:11:22.214   545 10257 I DownloadManager: in removeSpuriousFiles, preserving file /data/data/com.android.providers.downloads/cache/metadata-610.htm
07-05 14:11:22.214   545 10257 I DownloadManager: in removeSpuriousFiles, preserving file /data/data/com.android.providers.downloads/cache/metadata-539.htm
07-05 14:11:22.214   545 10257 I DownloadManager: in removeSpuriousFiles, preserving file /data/data/com.android.providers.downloads/cache/metadata-837.htm
07-05 14:11:22.214   545 10257 I DownloadManager: in removeSpuriousFiles, preserving file /data/data/com.android.providers.downloads/cache/metadata-11.htm
07-05 14:11:22.214   545 10257 I DownloadManager: in removeSpuriousFiles, preserving file /data/data/com.android.providers.downloads/cache/metadata-325.htm
07-05 14:11:22.214   545 10257 I DownloadManager: in removeSpuriousFiles, preserving file /data/data/com.android.providers.downloads/cache/metadata-1427.htm
07-05 14:11:22.214   545 10257 I DownloadManager: in removeSpuriousFiles, preserving file /data/data/com.android.providers.downloads/cache/metadata-586.htm
07-05 14:11:22.214   545 10257 I DownloadManager: in removeSpuriousFiles, preserving file /data/data/com.android.providers.downloads/cache/metadata-62.htm
07-05 14:11:22.214   545 10257 I DownloadManager: in removeSpuriousFiles, preserving file /data/data/com.android.providers.downloads/cache/metadata-513.htm
07-05 14:11:22.214   545 10257 I DownloadManager: in removeSpuriousFiles, preserving file /data/data/com.android.providers.downloads/cache/metadata-538.htm
07-05 14:11:22.214   545 10257 I DownloadManager: in removeSpuriousFiles, preserving file /data/data/com.android.providers.downloads/cache/metadata-583.htm
07-05 14:11:22.214   545 10257 I DownloadManager: in removeSpuriousFiles, preserving file /data/data/com.android.providers.downloads/cache/metadata-416.htm
07-05 14:11:22.214   545 10257 I DownloadManager: in removeSpuriousFiles, preserving file /data/data/com.android.providers.downloads/cache/metadata-736.htm
07-05 14:11:22.214   545 10257 I DownloadManager: in removeSpuriousFiles, preserving file /data/data/com.android.providers.downloads/cache/metadata-1243.htm
07-05 14:11:22.214   545 10257 I DownloadManager: in removeSpuriousFiles, preserving file /data/data/com.android.providers.downloads/cache/metadata-499.htm
07-05 14:11:22.214   545 10257 I DownloadManager: in removeSpuriousFiles, preserving file /data/data/com.android.providers.downloads/cache/metadata-639.htm
07-05 14:11:22.214   545 10257 I DownloadManager: in removeSpuriousFiles, preserving file /data/data/com.android.providers.downloads/cache/metadata-529.htm
07-05 14:11:22.214   545 10257 I DownloadManager: in removeSpuriousFiles, preserving file /data/data/com.android.providers.downloads/cache/metadata-1365.htm
07-05 14:11:22.214   545 10257 I DownloadManager: in removeSpuriousFiles, preserving file /data/data/com.android.providers.downloads/cache/metadata-177.htm
07-05 14:11:22.214   545 10257 I DownloadManager: in removeSpuriousFiles, preserving file /data/data/com.android.providers.downloads/cache/metadata-230.htm
07-05 14:11:22.214   545 10257 I DownloadManager: in removeSpuriousFiles, preserving file /data/data/com.android.providers.downloads/cache/metadata-1788.htm
07-05 14:11:22.214   545 10257 I DownloadManager: in removeSpuriousFiles, preserving file /data/data/com.android.providers.downloads/cache/metadata-470.htm
07-05 14:11:22.214   545 10257 I DownloadManager: in removeSpuriousFiles, preserving file /data/data/com.android.providers.downloads/cache/metadata-561.htm
07-05 14:11:22.214   545 10257 I DownloadManager: in removeSpuriousFiles, preserving file /data/data/com.android.providers.downloads/cache/metadata-935.htm
07-05 14:11:22.218   545 10257 I DownloadManager: in removeSpuriousFiles, preserving file /data/data/com.android.providers.downloads/cache/metadata-501.htm
07-05 14:11:22.218   545 10257 I DownloadManager: in removeSpuriousFiles, preserving file /data/data/com.android.providers.downloads/cache/metadata-1443.htm
07-05 14:11:22.218   545 10257 I DownloadManager: in removeSpuriousFiles, preserving file /data/data/com.android.providers.downloads/cache/metadata-259.htm
07-05 14:11:22.218   545 10257 I DownloadManager: in removeSpuriousFiles, preserving file /data/data/com.android.providers.downloads/cache/metadata-1709.htm
07-05 14:11:22.218   545 10257 I DownloadManager: in removeSpuriousFiles, preserving file /data/data/com.android.providers.downloads/cache/metadata-765.htm
07-05 14:11:22.218   545 10257 I DownloadManager: in removeSpuriousFiles, preserving file /data/data/com.android.providers.downloads/cache/metadata-905.htm
07-05 14:11:22.218   545 10257 I DownloadManager: in removeSpuriousFiles, preserving file /data/data/com.android.providers.downloads/cache/metadata-1432.htm
07-05 14:11:22.218   545 10257 I DownloadManager: in removeSpuriousFiles, preserving file /data/data/com.android.providers.downloads/cache/metadata-735.htm
07-05 14:11:22.218   545 10257 I DownloadManager: in removeSpuriousFiles, preserving file /data/data/com.android.providers.downloads/cache/metadata-67.htm
07-05 14:11:22.218   545 10257 I DownloadManager: in removeSpuriousFiles, preserving file /data/data/com.android.providers.downloads/cache/metadata-324.htm
07-05 14:11:22.218   545 10257 I DownloadManager: in removeSpuriousFiles, preserving file /data/data/com.android.providers.downloads/cache/metadata-199.htm
07-05 14:11:22.218   545 10257 I DownloadManager: in removeSpuriousFiles, preserving file /data/data/com.android.providers.downloads/cache/metadata-2159.htm
07-05 14:11:22.218   545 10257 I DownloadManager: in removeSpuriousFiles, preserving file /data/data/com.android.providers.downloads/cache/metadata-1214.htm
07-05 14:11:22.218   545 10257 I DownloadManager: in removeSpuriousFiles, preserving file /data/data/com.android.providers.downloads/cache/metadata-1012.htm
07-05 14:11:22.218   545 10257 I DownloadManager: in removeSpuriousFiles, preserving file /data/data/com.android.providers.downloads/cache/metadata-751.htm
07-05 14:11:22.218   545 10257 I DownloadManager: in removeSpuriousFiles, preserving file /data/data/com.android.providers.downloads/cache/metadata-379.htm
07-05 14:11:22.218   545 10257 I DownloadManager: in removeSpuriousFiles, preserving file /data/data/com.android.providers.downloads/cache/metadata-442.htm
07-05 14:11:22.218   545 10257 I DownloadManager: in removeSpuriousFiles, preserving file /data/data/com.android.providers.downloads/cache/metadata-611.htm
07-05 14:11:22.218   545 10257 I DownloadManager: in removeSpuriousFiles, preserving file /data/data/com.android.providers.downloads/cache/metadata-1770.htm
07-05 14:11:22.218   545 10257 I DownloadManager: in removeSpuriousFiles, preserving file /data/data/com.android.providers.downloads/cache/metadata-91.htm
07-05 14:11:22.225   545 10257 I DownloadManager: in removeSpuriousFiles, preserving file /data/data/com.android.providers.downloads/cache/metadata-569.htm
07-05 14:11:22.225   545 10257 I DownloadManager: in removeSpuriousFiles, preserving file /data/data/com.android.providers.downloads/cache/metadata-99.htm
07-05 14:11:22.225   545 10257 I DownloadManager: in removeSpuriousFiles, preserving file /data/data/com.android.providers.downloads/cache/metadata-623.htm
07-05 14:11:22.225   545 10257 I DownloadManager: in removeSpuriousFiles, preserving file /data/data/com.android.providers.downloads/cache/metadata-1292.htm
07-05 14:11:22.225   545 10257 I DownloadManager: in removeSpuriousFiles, preserving file /data/data/com.android.providers.downloads/cache/metadata-1797.htm
07-05 14:11:22.225   545 10257 I DownloadManager: in removeSpuriousFiles, preserving file /data/data/com.android.providers.downloads/cache/metadata-897.htm
07-05 14:11:22.225   545 10257 I DownloadManager: in removeSpuriousFiles, preserving file /data/data/com.android.providers.downloads/cache/metadata-1804.htm
07-05 14:11:22.225   545 10257 I DownloadManager: in removeSpuriousFiles, preserving file /data/data/com.android.providers.downloads/cache/metadata-299.htm
07-05 14:11:22.225   545 10257 I DownloadManager: in removeSpuriousFiles, preserving file /data/data/com.android.providers.downloads/cache/metadata-922.htm
07-05 14:11:22.225   545 10257 I DownloadManager: in removeSpuriousFiles, preserving file /data/data/com.android.providers.downloads/cache/metadata-1154.htm
07-05 14:11:22.225   545 10257 I DownloadManager: in removeSpuriousFiles, preserving file /data/data/com.android.providers.downloads/cache/metadata-1852.htm
07-05 14:11:22.225   545 10257 I DownloadManager: in removeSpuriousFiles, preserving file /data/data/com.android.providers.downloads/cache/metadata-521.htm
07-05 14:11:22.225   545 10257 I DownloadManager: in removeSpuriousFiles, preserving file /data/data/com.android.providers.downloads/cache/metadata-560.htm
07-05 14:11:22.225   545 10257 I DownloadManager: in removeSpuriousFiles, preserving file /data/data/com.android.providers.downloads/cache/metadata-2176.htm
07-05 14:11:22.225   545 10257 I DownloadManager: in removeSpuriousFiles, preserving file /data/data/com.android.providers.downloads/cache/metadata-1086.htm
07-05 14:11:22.225   545 10257 I DownloadManager: in removeSpuriousFiles, preserving file /data/data/com.android.providers.downloads/cache/metadata-954.htm
07-05 14:11:22.225   545 10257 I DownloadManager: in removeSpuriousFiles, preserving file /data/data/com.android.providers.downloads/cache/metadata-557.htm
07-05 14:11:22.229   545 10257 I DownloadManager: in removeSpuriousFiles, preserving file /data/data/com.android.providers.downloads/cache/metadata-1200.htm
07-05 14:11:22.229   545 10257 I DownloadManager: in removeSpuriousFiles, preserving file /data/data/com.android.providers.downloads/cache/metadata-1138.htm
07-05 14:11:22.229   545 10257 I DownloadManager: in removeSpuriousFiles, preserving file /data/data/com.android.providers.downloads/cache/metadata-1429.htm
07-05 14:11:22.229   545 10257 I DownloadManager: in removeSpuriousFiles, preserving file /data/data/com.android.providers.downloads/cache/metadata-1297.htm
07-05 14:11:22.229   545 10257 I DownloadManager: in removeSpuriousFiles, preserving file /data/data/com.android.providers.downloads/cache/metadata-1534.htm
07-05 14:11:22.229   545 10257 I DownloadManager: in removeSpuriousFiles, preserving file /data/data/com.android.providers.downloads/cache/metadata-836.htm
07-05 14:11:22.229   545 10257 I DownloadManager: in removeSpuriousFiles, preserving file /data/data/com.android.providers.downloads/cache/metadata-1455.htm
07-05 14:11:22.229   545 10257 I DownloadManager: in removeSpuriousFiles, preserving file /data/data/com.android.providers.downloads/cache/metadata-1999.htm
07-05 14:11:22.229   545 10257 I DownloadManager: in removeSpuriousFiles, preserving file /data/data/com.android.providers.downloads/cache/metadata-1075.htm
07-05 14:11:22.229   545 10257 I DownloadManager: in removeSpuriousFiles, preserving file /data/data/com.android.providers.downloads/cache/metadata-884.htm
07-05 14:11:22.229   545 10257 I DownloadManager: in removeSpuriousFiles, preserving file /data/data/com.android.providers.downloads/cache/metadata-1055.htm
07-05 14:11:22.229   545 10257 I DownloadManager: in removeSpuriousFiles, preserving file /data/data/com.android.providers.downloads/cache/metadata-641.htm
07-05 14:11:22.229   545 10257 I DownloadManager: in removeSpuriousFiles, preserving file /data/data/com.android.providers.downloads/cache/metadata-2132.htm
07-05 14:11:22.229   545 10257 I DownloadManager: in removeSpuriousFiles, preserving file /data/data/com.android.providers.downloads/cache/metadata-750.htm
07-05 14:11:22.229   545 10257 I DownloadManager: in removeSpuriousFiles, preserving file /data/data/com.android.providers.downloads/cache/metadata-413.htm
07-05 14:11:22.233   545 10257 I DownloadManager: in removeSpuriousFiles, preserving file /data/data/com.android.providers.downloads/cache/metadata-1275.htm
07-05 14:11:22.233   545 10257 I DownloadManager: in removeSpuriousFiles, preserving file /data/data/com.android.providers.downloads/cache/metadata-676.htm
07-05 14:11:22.233   545 10257 I DownloadManager: in removeSpuriousFiles, preserving file /data/data/com.android.providers.downloads/cache/metadata-724.htm
07-05 14:11:22.233   545 10257 I DownloadManager: in removeSpuriousFiles, preserving file /data/data/com.android.providers.downloads/cache/metadata-1602.htm
07-05 14:11:22.233   545 10257 I DownloadManager: in removeSpuriousFiles, preserving file /data/data/com.android.providers.downloads/cache/metadata-1884.htm
07-05 14:11:22.233   545 10257 I DownloadManager: in removeSpuriousFiles, preserving file /data/data/com.android.providers.downloads/cache/metadata-911.htm
07-05 14:11:22.233   545 10257 I DownloadManager: in removeSpuriousFiles, preserving file /data/data/com.android.providers.downloads/cache/metadata-994.htm
07-05 14:11:22.233   545 10257 I DownloadManager: in removeSpuriousFiles, preserving file /data/data/com.android.providers.downloads/cache/metadata-594.htm
07-05 14:11:22.233   545 10257 I DownloadManager: in removeSpuriousFiles, preserving file /data/data/com.android.providers.downloads/cache/metadata-866.htm
07-05 14:11:22.233   545 10257 I DownloadManager: in removeSpuriousFiles, preserving file /data/data/com.android.providers.downloads/cache/metadata-1422.htm
07-05 14:11:22.233   545 10257 I DownloadManager: in removeSpuriousFiles, preserving file /data/data/com.android.providers.downloads/cache/metadata-1316.htm
07-05 14:11:22.233   545 10257 I DownloadManager: in removeSpuriousFiles, preserving file /data/data/com.android.providers.downloads/cache/metadata-1430.htm
07-05 14:11:22.233   545 10257 I DownloadManager: in removeSpuriousFiles, preserving file /data/data/com.android.providers.downloads/cache/metadata-820.htm
07-05 14:11:22.233   545 10257 I DownloadManager: in removeSpuriousFiles, preserving file /data/data/com.android.providers.downloads/cache/metadata-814.htm
07-05 14:11:22.237   545 10257 I DownloadManager: in removeSpuriousFiles, preserving file /data/data/com.android.providers.downloads/cache/metadata-1047.htm
07-05 14:11:22.237   545 10257 I DownloadManager: in removeSpuriousFiles, preserving file /data/data/com.android.providers.downloads/cache/metadata-1283.htm
07-05 14:11:22.237   545 10257 I DownloadManager: in removeSpuriousFiles, preserving file /data/data/com.android.providers.downloads/cache/metadata-1662.htm
07-05 14:11:22.237   545 10257 I DownloadManager: in removeSpuriousFiles, preserving file /data/data/com.android.providers.downloads/cache/metadata-1462.htm
07-05 14:11:22.237   545 10257 I DownloadManager: in removeSpuriousFiles, preserving file /data/data/com.android.providers.downloads/cache/metadata-1424.htm
07-05 14:11:22.237   545 10257 I DownloadManager: in removeSpuriousFiles, preserving file /data/data/com.android.providers.downloads/cache/metadata-1151.htm
07-05 14:11:22.237   545 10257 I DownloadManager: in removeSpuriousFiles, preserving file /data/data/com.android.providers.downloads/cache/metadata-1475.htm
07-05 14:11:22.237   545 10257 I DownloadManager: in removeSpuriousFiles, preserving file /data/data/com.android.providers.downloads/cache/metadata-670.htm
07-05 14:11:22.237   545 10257 I DownloadManager: in removeSpuriousFiles, preserving file /data/data/com.android.providers.downloads/cache/metadata-2137.htm
07-05 14:11:22.237   545 10257 I DownloadManager: in removeSpuriousFiles, preserving file /data/data/com.android.providers.downloads/cache/metadata-1176.htm
07-05 14:11:22.237   545 10257 I DownloadManager: in removeSpuriousFiles, preserving file /data/data/com.android.providers.downloads/cache/metadata-1460.htm
07-05 14:11:22.237   545 10257 I DownloadManager: in removeSpuriousFiles, preserving file /data/data/com.android.providers.downloads/cache/metadata-1434.htm
07-05 14:11:22.237   545 10257 I DownloadManager: in removeSpuriousFiles, preserving file /data/data/com.android.providers.downloads/cache/metadata-1064.htm
07-05 14:11:22.241   545 10257 I DownloadManager: in removeSpuriousFiles, preserving file /data/data/com.android.providers.downloads/cache/metadata-772.htm
07-05 14:11:22.241   545 10257 I DownloadManager: in removeSpuriousFiles, preserving file /data/data/com.android.providers.downloads/cache/metadata-1011.htm
07-05 14:11:22.241   545 10257 I DownloadManager: in removeSpuriousFiles, preserving file /data/data/com.android.providers.downloads/cache/metadata-1185.htm
07-05 14:11:22.241   545 10257 I DownloadManager: in removeSpuriousFiles, preserving file /data/data/com.android.providers.downloads/cache/metadata-2298.htm
07-05 14:11:22.241   545 10257 I DownloadManager: in removeSpuriousFiles, preserving file /data/data/com.android.providers.downloads/cache/metadata-1.htm
07-05 14:11:22.241   545 10257 I DownloadManager: in removeSpuriousFiles, preserving file /data/data/com.android.providers.downloads/cache/metadata-40.htm
07-05 14:11:22.241   545 10257 I DownloadManager: in removeSpuriousFiles, preserving file /data/data/com.android.providers.downloads/cache/metadata-42.htm
07-05 14:11:22.241   545 10257 I DownloadManager: in removeSpuriousFiles, preserving file /data/data/com.android.providers.downloads/cache/metadata-37.htm
07-05 14:11:22.241   545 10257 I DownloadManager: in removeSpuriousFiles, preserving file /data/data/com.android.providers.downloads/cache/metadata-1191.htm
07-05 14:11:22.241   545 10257 I DownloadManager: in removeSpuriousFiles, preserving file /data/data/com.android.providers.downloads/cache/metadata-44.htm
07-05 14:11:22.241   545 10257 I DownloadManager: in removeSpuriousFiles, preserving file /data/data/com.android.providers.downloads/cache/metadata-57.htm
07-05 14:11:22.241   545 10257 I DownloadManager: in removeSpuriousFiles, preserving file /data/data/com.android.providers.downloads/cache/metadata-71.htm
07-05 14:11:22.241   545 10257 I DownloadManager: in removeSpuriousFiles, preserving file /data/data/com.android.providers.downloads/cache/metadata-437.htm
07-05 14:11:22.241   545 10257 I DownloadManager: in removeSpuriousFiles, preserving file /data/data/com.android.providers.downloads/cache/metadata-53.htm
07-05 14:11:22.241   545 10257 I DownloadManager: in removeSpuriousFiles, preserving file /data/data/com.android.providers.downloads/cache/metadata-739.htm
07-05 14:11:22.241   545 10257 I DownloadManager: in removeSpuriousFiles, preserving file /data/data/com.android.providers.downloads/cache/metadata-205.htm
07-05 14:11:22.241   545 10257 I DownloadManager: in removeSpuriousFiles, preserving file /data/data/com.android.providers.downloads/cache/metadata-114.htm
07-05 14:11:22.241   545 10257 I DownloadManager: in removeSpuriousFiles, preserving file /data/data/com.android.providers.downloads/cache/metadata-151.htm
07-05 14:11:22.241   545 10257 I DownloadManager: in removeSpuriousFiles, preserving file /data/data/com.android.providers.downloads/cache/metadata-120.htm
07-05 14:11:22.241   545 10257 I DownloadManager: in removeSpuriousFiles, preserving file /data/data/com.android.providers.downloads/cache/metadata-319.htm
07-05 14:11:22.241   545 10257 I DownloadManager: in removeSpuriousFiles, preserving file /data/data/com.android.providers.downloads/cache/metadata-1554.htm
07-05 14:11:22.241   545 10257 I DownloadManager: in removeSpuriousFiles, preserving file /data/data/com.android.providers.downloads/cache/metadata-800.htm
07-05 14:11:22.241   545 10257 I DownloadManager: in removeSpuriousFiles, preserving file /data/data/com.android.providers.downloads/cache/metadata-143.htm
07-05 14:11:22.241   545 10257 I DownloadManager: in removeSpuriousFiles, preserving file /data/data/com.android.providers.downloads/cache/metadata-497.htm
07-05 14:11:22.241   545 10257 I DownloadManager: in removeSpuriousFiles, preserving file /data/data/com.android.providers.downloads/cache/metadata-201.htm
07-05 14:11:22.241   545 10257 I DownloadManager: in removeSpuriousFiles, preserving file /data/data/com.android.providers.downloads/cache/metadata-395.htm
07-05 14:11:22.241   545 10257 I DownloadManager: in removeSpuriousFiles, preserving file /data/data/com.android.providers.downloads/cache/metadata-68.htm
07-05 14:11:22.241   545 10257 I DownloadManager: in removeSpuriousFiles, preserving file /data/data/com.android.providers.downloads/cache/metadata-145.htm
07-05 14:11:22.241   545 10257 I DownloadManager: in removeSpuriousFiles, preserving file /data/data/com.android.providers.downloads/cache/metadata-430.htm
07-05 14:11:22.241   545 10257 I DownloadManager: in removeSpuriousFiles, preserving file /data/data/com.android.providers.downloads/cache/metadata-139.htm
07-05 14:11:22.241   545 10257 I DownloadManager: in removeSpuriousFiles, preserving file /data/data/com.android.providers.downloads/cache/metadata-398.htm
07-05 14:11:22.245   545 10257 I DownloadManager: in removeSpuriousFiles, preserving file /data/data/com.android.providers.downloads/cache/metadata-215.htm
07-05 14:11:22.245   545 10257 I DownloadManager: in removeSpuriousFiles, preserving file /data/data/com.android.providers.downloads/cache/metadata-1234.htm
07-05 14:11:22.245   545 10257 I DownloadManager: in removeSpuriousFiles, preserving file /data/data/com.android.providers.downloads/cache/metadata-960.htm
07-05 14:11:22.245   545 10257 I DownloadManager: in removeSpuriousFiles, preserving file /data/data/com.android.providers.downloads/cache/metadata-2120.htm
07-05 14:11:22.245   545 10257 I DownloadManager: in removeSpuriousFiles, preserving file /data/data/com.android.providers.downloads/cache/metadata-161.htm
07-05 14:11:22.245   545 10257 I DownloadManager: in removeSpuriousFiles, preserving file /data/data/com.android.providers.downloads/cache/metadata-225.htm
07-05 14:11:22.245   545 10257 I DownloadManager: in removeSpuriousFiles, preserving file /data/data/com.android.providers.downloads/cache/metadata-703.htm
07-05 14:11:22.245   545 10257 I DownloadManager: in removeSpuriousFiles, preserving file /data/data/com.android.providers.downloads/cache/metadata-1155.htm
07-05 14:11:22.245   545 10257 I DownloadManager: in removeSpuriousFiles, preserving file /data/data/com.android.providers.downloads/cache/metadata-949.htm
07-05 14:11:22.245   545 10257 I DownloadManager: in removeSpuriousFiles, preserving file /data/data/com.android.providers.downloads/cache/metadata-70.htm
07-05 14:11:22.245   545 10257 I DownloadManager: in removeSpuriousFiles, preserving file /data/data/com.android.providers.downloads/cache/metadata-125.htm
07-05 14:11:22.245   545 10257 I DownloadManager: in removeSpuriousFiles, preserving file /data/data/com.android.providers.downloads/cache/metadata-219.htm
07-05 14:11:22.245   545 10257 I DownloadManager: in removeSpuriousFiles, preserving file /data/data/com.android.providers.downloads/cache/metadata-1143.htm
07-05 14:11:22.245   545 10257 I DownloadManager: in removeSpuriousFiles, preserving file /data/data/com.android.providers.downloads/cache/metadata-135.htm
07-05 14:11:22.245   545 10257 I DownloadManager: in removeSpuriousFiles, preserving file /data/data/com.android.providers.downloads/cache/metadata-1077.htm
07-05 14:11:22.245   545 10257 I DownloadManager: in removeSpuriousFiles, preserving file /data/data/com.android.providers.downloads/cache/metadata-1300.htm
07-05 14:11:22.245   545 10257 I DownloadManager: in removeSpuriousFiles, preserving file /data/data/com.android.providers.downloads/cache/metadata-555.htm
07-05 14:11:22.245   545 10257 I DownloadManager: in removeSpuriousFiles, preserving file /data/data/com.android.providers.downloads/cache/metadata-315.htm
07-05 14:11:22.245   545 10257 I DownloadManager: in removeSpuriousFiles, preserving file /data/data/com.android.providers.downloads/cache/metadata-491.htm
07-05 14:11:22.245   545 10257 I DownloadManager: in removeSpuriousFiles, preserving file /data/data/com.android.providers.downloads/cache/metadata-185.htm
07-05 14:11:22.245   545 10257 I DownloadManager: in removeSpuriousFiles, preserving file /data/data/com.android.providers.downloads/cache/metadata-174.htm
07-05 14:11:22.245   545 10257 I DownloadManager: in removeSpuriousFiles, preserving file /data/data/com.android.providers.downloads/cache/metadata-762.htm
07-05 14:11:22.245   545 10257 I DownloadManager: in removeSpuriousFiles, preserving file /data/data/com.android.providers.downloads/cache/metadata-2249.htm
07-05 14:11:22.245   545 10257 I DownloadManager: in removeSpuriousFiles, preserving file /data/data/com.android.providers.downloads/cache/metadata-124.htm
07-05 14:11:22.245   545 10257 I DownloadManager: in removeSpuriousFiles, preserving file /data/data/com.android.providers.downloads/cache/metadata-1280.htm
07-05 14:11:22.245   545 10257 I DownloadManager: in removeSpuriousFiles, preserving file /data/data/com.android.providers.downloads/cache/metadata-1864.htm
07-05 14:11:22.245   545 10257 I DownloadManager: in removeSpuriousFiles, preserving file /data/data/com.android.providers.downloads/cache/metadata-1146.htm
07-05 14:11:22.245   545 10257 I DownloadManager: in removeSpuriousFiles, preserving file /data/data/com.android.providers.downloads/cache/metadata-1048.htm
07-05 14:11:22.245   545 10257 I DownloadManager: in removeSpuriousFiles, preserving file /data/data/com.android.providers.downloads/cache/metadata-761.htm
07-05 14:11:22.245   545 10257 I DownloadManager: in removeSpuriousFiles, preserving file /data/data/com.android.providers.downloads/cache/metadata-89.htm
07-05 14:11:22.245   545 10257 I DownloadManager: in removeSpuriousFiles, preserving file /data/data/com.android.providers.downloads/cache/metadata-1385.htm
07-05 14:11:22.245   545 10257 I DownloadManager: in removeSpuriousFiles, preserving file /data/data/com.android.providers.downloads/cache/metadata-892.htm
07-05 14:11:22.249   545 10257 I DownloadManager: in removeSpuriousFiles, preserving file /data/data/com.android.providers.downloads/cache/metadata-540.htm
07-05 14:11:22.249   545 10257 I DownloadManager: in removeSpuriousFiles, preserving file /data/data/com.android.providers.downloads/cache/metadata-990.htm
07-05 14:11:22.249   545 10257 I DownloadManager: in removeSpuriousFiles, preserving file /data/data/com.android.providers.downloads/cache/metadata-1173.htm
07-05 14:11:22.249   545 10257 I DownloadManager: in removeSpuriousFiles, preserving file /data/data/com.android.providers.downloads/cache/metadata-252.htm
07-05 14:11:22.249   545 10257 I DownloadManager: in removeSpuriousFiles, preserving file /data/data/com.android.providers.downloads/cache/metadata-769.htm
07-05 14:11:22.249   545 10257 I DownloadManager: in removeSpuriousFiles, preserving file /data/data/com.android.providers.downloads/cache/metadata-601.htm
07-05 14:11:22.249   545 10257 I DownloadManager: in removeSpuriousFiles, preserving file /data/data/com.android.providers.downloads/cache/metadata-1451.htm
07-05 14:11:22.249   545 10257 I DownloadManager: in removeSpuriousFiles, preserving file /data/data/com.android.providers.downloads/cache/metadata-1706.htm
07-05 14:11:22.249   545 10257 I DownloadManager: in removeSpuriousFiles, preserving file /data/data/com.android.providers.downloads/cache/metadata-1412.htm
07-05 14:11:22.249   545 10257 I DownloadManager: in removeSpuriousFiles, preserving file /data/data/com.android.providers.downloads/cache/metadata-1978.htm
07-05 14:11:22.249   545 10257 I DownloadManager: in removeSpuriousFiles, preserving file /data/data/com.android.providers.downloads/cache/metadata-466.htm
07-05 14:11:22.249   545 10257 I DownloadManager: in removeSpuriousFiles, preserving file /data/data/com.android.providers.downloads/cache/metadata-196.htm
07-05 14:11:22.249   545 10257 I DownloadManager: in removeSpuriousFiles, preserving file /data/data/com.android.providers.downloads/cache/metadata-1181.htm
07-05 14:11:22.249   545 10257 I DownloadManager: in removeSpuriousFiles, preserving file /data/data/com.android.providers.downloads/cache/metadata-2283.htm
07-05 14:11:22.249   545 10257 I DownloadManager: in removeSpuriousFiles, preserving file /data/data/com.android.providers.downloads/cache/metadata-2201.htm
07-05 14:11:22.249   545 10257 I DownloadManager: in removeSpuriousFiles, preserving file /data/data/com.android.providers.downloads/cache/metadata-522.htm
07-05 14:11:22.249   545 10257 I DownloadManager: in removeSpuriousFiles, preserving file /data/data/com.android.providers.downloads/cache/metadata-1111.htm
07-05 14:11:22.249   545 10257 I DownloadManager: in removeSpuriousFiles, preserving file /data/data/com.android.providers.downloads/cache/metadata-1829.htm
07-05 14:11:22.249   545 10257 I DownloadManager: in removeSpuriousFiles, preserving file /data/data/com.android.providers.downloads/cache/metadata-1101.htm
07-05 14:11:22.249   545 10257 I DownloadManager: in removeSpuriousFiles, preserving file /data/data/com.android.providers.downloads/cache/metadata-77.htm
07-05 14:11:22.249   545 10257 I DownloadManager: in removeSpuriousFiles, preserving file /data/data/com.android.providers.downloads/cache/metadata-687.htm
07-05 14:11:22.249   545 10257 I DownloadManager: in removeSpuriousFiles, preserving file /data/data/com.android.providers.downloads/cache/metadata-2229.htm
07-05 14:11:22.249   545 10257 I DownloadManager: in removeSpuriousFiles, preserving file /data/data/com.android.providers.downloads/cache/metadata-822.htm
07-05 14:11:22.249   545 10257 I DownloadManager: in removeSpuriousFiles, preserving file /data/data/com.android.providers.downloads/cache/metadata-878.htm
07-05 14:11:22.249   545 10257 I DownloadManager: in removeSpuriousFiles, preserving file /data/data/com.android.providers.downloads/cache/metadata-773.htm
07-05 14:11:22.253   545 10257 I DownloadManager: in removeSpuriousFiles, preserving file /data/data/com.android.providers.downloads/cache/metadata-1769.htm
07-05 14:11:22.253   545 10257 I DownloadManager: in removeSpuriousFiles, preserving file /data/data/com.android.providers.downloads/cache/metadata-1380.htm
07-05 14:11:22.253   545 10257 I DownloadManager: in removeSpuriousFiles, preserving file /data/data/com.android.providers.downloads/cache/metadata-1216.htm
07-05 14:11:22.253   545 10257 I DownloadManager: in removeSpuriousFiles, preserving file /data/data/com.android.providers.downloads/cache/metadata-1909.htm
07-05 14:11:22.253   545 10257 I DownloadManager: in removeSpuriousFiles, preserving file /data/data/com.android.providers.downloads/cache/metadata-1221.htm
07-05 14:11:22.253   545 10257 I DownloadManager: in removeSpuriousFiles, preserving file /data/data/com.android.providers.downloads/cache/metadata-527.htm
07-05 14:11:22.253   545 10257 I DownloadManager: in removeSpuriousFiles, preserving file /data/data/com.android.providers.downloads/cache/metadata-1392.htm
07-05 14:11:22.253   545 10257 I DownloadManager: in removeSpuriousFiles, preserving file /data/data/com.android.providers.downloads/cache/metadata-1021.htm
07-05 14:11:22.253   545 10257 I DownloadManager: in removeSpuriousFiles, preserving file /data/data/com.android.providers.downloads/cache/metadata-786.htm
07-05 14:11:22.253   545 10257 I DownloadManager: in removeSpuriousFiles, preserving file /data/data/com.android.providers.downloads/cache/metadata-609.htm
07-05 14:11:22.253   545 10257 I DownloadManager: in removeSpuriousFiles, preserving file /data/data/com.android.providers.downloads/cache/metadata-1779.htm
07-05 14:11:22.253   545 10257 I DownloadManager: in removeSpuriousFiles, preserving file /data/data/com.android.providers.downloads/cache/metadata-666.htm
07-05 14:11:22.253   545 10257 I DownloadManager: in removeSpuriousFiles, preserving file /data/data/com.android.providers.downloads/cache/metadata-933.htm
07-05 14:11:22.253   545 10257 I DownloadManager: in removeSpuriousFiles, preserving file /data/data/com.android.providers.downloads/cache/metadata-1381.htm
07-05 14:11:22.253   545 10257 I DownloadManager: in removeSpuriousFiles, preserving file /data/data/com.android.providers.downloads/cache/metadata-1203.htm
07-05 14:11:22.253   545 10257 I DownloadManager: in removeSpuriousFiles, preserving file /data/data/com.android.providers.downloads/cache/metadata-734.htm
07-05 14:11:22.253   545 10257 I DownloadManager: in removeSpuriousFiles, preserving file /data/data/com.android.providers.downloads/cache/metadata-207.htm
07-05 14:11:22.253   545 10257 I DownloadManager: in removeSpuriousFiles, preserving file /data/data/com.android.providers.downloads/cache/metadata-181.htm
07-05 14:11:22.253   545 10257 I DownloadManager: in removeSpuriousFiles, preserving file /data/data/com.android.providers.downloads/cache/metadata-712.htm
07-05 14:11:22.253   545 10257 I DownloadManager: in removeSpuriousFiles, preserving file /data/data/com.android.providers.downloads/cache/metadata-1796.htm
07-05 14:11:22.253   545 10257 I DownloadManager: in removeSpuriousFiles, preserving file /data/data/com.android.providers.downloads/cache/metadata-1348.htm
07-05 14:11:22.253   545 10257 I DownloadManager: in removeSpuriousFiles, preserving file /data/data/com.android.providers.downloads/cache/metadata-1606.htm
07-05 14:11:22.257   545 10257 I DownloadManager: in removeSpuriousFiles, preserving file /data/data/com.android.providers.downloads/cache/metadata-317.htm
07-05 14:11:22.257   545 10257 I DownloadManager: in removeSpuriousFiles, preserving file /data/data/com.android.providers.downloads/cache/metadata-1036.htm
07-05 14:11:22.257   545 10257 I DownloadManager: in removeSpuriousFiles, preserving file /data/data/com.android.providers.downloads/cache/metadata-643.htm
07-05 14:11:22.257   545 10257 I DownloadManager: in removeSpuriousFiles, preserving file /data/data/com.android.providers.downloads/cache/metadata-1322.htm
07-05 14:11:22.257   545 10257 I DownloadManager: in removeSpuriousFiles, preserving file /data/data/com.android.providers.downloads/cache/metadata-1477.htm
07-05 14:11:22.257   545 10257 I DownloadManager: in removeSpuriousFiles, preserving file /data/data/com.android.providers.downloads/cache/metadata-1317.htm
07-05 14:11:22.257   545 10257 I DownloadManager: in removeSpuriousFiles, preserving file /data/data/com.android.providers.downloads/cache/metadata-876.htm
07-05 14:11:22.257   545 10257 I DownloadManager: in removeSpuriousFiles, preserving file /data/data/com.android.providers.downloads/cache/metadata-2077.htm
07-05 14:11:22.257   545 10257 I DownloadManager: in removeSpuriousFiles, preserving file /data/data/com.android.providers.downloads/cache/metadata-965.htm
07-05 14:11:22.257   545 10257 I DownloadManager: in removeSpuriousFiles, preserving file /data/data/com.android.providers.downloads/cache/metadata-1880.htm
07-05 14:11:22.257   545 10257 I DownloadManager: in removeSpuriousFiles, preserving file /data/data/com.android.providers.downloads/cache/metadata-1145.htm
07-05 14:11:22.257   545 10257 I DownloadManager: in removeSpuriousFiles, preserving file /data/data/com.android.providers.downloads/cache/metadata-727.htm
07-05 14:11:22.257   545 10257 I DownloadManager: in removeSpuriousFiles, preserving file /data/data/com.android.providers.downloads/cache/metadata-209.htm
07-05 14:11:22.257   545 10257 I DownloadManager: in removeSpuriousFiles, preserving file /data/data/com.android.providers.downloads/cache/metadata-667.htm
07-05 14:11:22.257   545 10257 I DownloadManager: in removeSpuriousFiles, preserving file /data/data/com.android.providers.downloads/cache/metadata-1302.htm
07-05 14:11:22.257   545 10257 I DownloadManager: in removeSpuriousFiles, preserving file /data/data/com.android.providers.downloads/cache/metadata-1071.htm
07-05 14:11:22.257   545 10257 I DownloadManager: in removeSpuriousFiles, preserving file /data/data/com.android.providers.downloads/cache/metadata-495.htm
07-05 14:11:22.257   545 10257 I DownloadManager: in removeSpuriousFiles, preserving file /data/data/com.android.providers.downloads/cache/metadata-664.htm
07-05 14:11:22.261   545 10257 I DownloadManager: deleting spurious file /cache/dalvik-cache
07-05 14:11:22.261   545 10257 I DownloadManager: deleting spurious file /data/data/com.android.providers.downloads/cache/metadata-10.htm
07-05 14:11:22.261   545 10257 I DownloadManager: deleting spurious file /data/data/com.android.providers.downloads/cache/metadata-39.htm
07-05 14:11:22.261   545 10257 I DownloadManager: deleting spurious file /data/data/com.android.providers.downloads/cache/metadata-32.htm
07-05 14:11:22.261   545 10257 I DownloadManager: deleting spurious file /data/data/com.android.providers.downloads/cache/metadata-17.htm
07-05 14:11:22.261   545 10257 I DownloadManager: deleting spurious file /data/data/com.android.providers.downloads/cache/metadata-51.htm
07-05 14:11:22.261   545 10257 I DownloadManager: deleting spurious file /data/data/com.android.providers.downloads/cache/metadata-25.htm
07-05 14:11:22.261   545 10257 I DownloadManager: deleting spurious file /data/data/com.android.providers.downloads/cache/metadata-48.htm
07-05 14:11:22.261   545 10257 I DownloadManager: deleting spurious file /data/data/com.android.providers.downloads/cache/metadata-153.htm
07-05 14:11:22.261   545 10257 I DownloadManager: deleting spurious file /data/data/com.android.providers.downloads/cache/metadata-371.htm
07-05 14:11:22.261   545 10257 I DownloadManager: deleting spurious file /data/data/com.android.providers.downloads/cache/metadata-206.htm
07-05 14:11:22.261   545 10257 I DownloadManager: deleting spurious file /data/data/com.android.providers.downloads/cache/metadata-365.htm
07-05 14:11:22.261   545 10257 I DownloadManager: deleting spurious file /data/data/com.android.providers.downloads/cache/metadata-1128.htm
07-05 14:11:22.261   545 10257 I DownloadManager: deleting spurious file /data/data/com.android.providers.downloads/cache/metadata-182.htm
07-05 14:11:22.261   545 10257 I DownloadManager: deleting spurious file /data/data/com.android.providers.downloads/cache/metadata-60.htm
07-05 14:11:22.261   545 10257 I DownloadManager: deleting spurious file /data/data/com.android.providers.downloads/cache/metadata-123.htm
07-05 14:11:22.261   545 10257 I DownloadManager: deleting spurious file /data/data/com.android.providers.downloads/cache/metadata-192.htm
07-05 14:11:22.261   545 10257 I DownloadManager: deleting spurious file /data/data/com.android.providers.downloads/cache/metadata-1403.htm
07-05 14:11:22.261   545 10257 I DownloadManager: deleting spurious file /data/data/com.android.providers.downloads/cache/metadata-312.htm
07-05 14:11:22.261   545 10257 I DownloadManager: deleting spurious file /data/data/com.android.providers.downloads/cache/metadata-412.htm
07-05 14:11:22.261   545 10257 I DownloadManager: deleting spurious file /data/data/com.android.providers.downloads/cache/metadata-64.htm
07-05 14:11:22.264   545 10257 I DownloadManager: deleting spurious file /data/data/com.android.providers.downloads/cache/metadata-72.htm
07-05 14:11:22.264   545 10257 I DownloadManager: deleting spurious file /data/data/com.android.providers.downloads/cache/metadata-26.htm
07-05 14:11:22.264   545 10257 I DownloadManager: deleting spurious file /data/data/com.android.providers.downloads/cache/metadata-1226.htm
07-05 14:11:22.264   545 10257 I DownloadManager: deleting spurious file /data/data/com.android.providers.downloads/cache/metadata-245.htm
07-05 14:11:22.264   545 10257 I DownloadManager: deleting spurious file /data/data/com.android.providers.downloads/cache/metadata-1094.htm
07-05 14:11:22.264   545 10257 I DownloadManager: deleting spurious file /data/data/com.android.providers.downloads/cache/metadata-1082.htm
07-05 14:11:22.264   545 10257 I DownloadManager: deleting spurious file /data/data/com.android.providers.downloads/cache/metadata-1387.htm
07-05 14:11:22.264   545 10257 I DownloadManager: deleting spurious file /data/data/com.android.providers.downloads/cache/metadata-79.htm
07-05 14:11:22.264   545 10257 I DownloadManager: deleting spurious file /data/data/com.android.providers.downloads/cache/metadata-109.htm
07-05 14:11:22.264   545 10257 I DownloadManager: deleting spurious file /data/data/com.android.providers.downloads/cache/metadata-489.htm
07-05 14:11:22.264   545 10257 I DownloadManager: deleting spurious file /data/data/com.android.providers.downloads/cache/metadata-1793.htm
07-05 14:11:22.264   545 10257 I DownloadManager: deleting spurious file /data/data/com.android.providers.downloads/cache/metadata-90.htm
07-05 14:11:22.264   545 10257 I DownloadManager: deleting spurious file /data/data/com.android.providers.downloads/cache/metadata-481.htm
07-05 14:11:22.264   545 10257 I DownloadManager: deleting spurious file /data/data/com.android.providers.downloads/cache/metadata-1391.htm
07-05 14:11:22.264   545 10257 I DownloadManager: deleting spurious file /data/data/com.android.providers.downloads/cache/metadata-1889.htm
07-05 14:11:22.264   545 10257 I DownloadManager: deleting spurious file /data/data/com.android.providers.downloads/cache/metadata-1371.htm
07-05 14:11:22.264   545 10257 I DownloadManager: deleting spurious file /data/data/com.android.providers.downloads/cache/metadata-1783.htm
07-05 14:11:22.264   545 10257 I DownloadManager: deleting spurious file /data/data/com.android.providers.downloads/cache/metadata-292.htm
07-05 14:11:22.264   545 10257 I DownloadManager: deleting spurious file /data/data/com.android.providers.downloads/cache/metadata-1260.htm
07-05 14:11:22.264   545 10257 I DownloadManager: deleting spurious file /data/data/com.android.providers.downloads/cache/metadata-104.htm
07-05 14:11:22.264   545 10257 I DownloadManager: deleting spurious file /data/data/com.android.providers.downloads/cache/metadata-474.htm
07-05 14:11:22.264   545 10257 I DownloadManager: deleting spurious file /data/data/com.android.providers.downloads/cache/metadata-475.htm
07-05 14:11:22.264   545 10257 I DownloadManager: deleting spurious file /data/data/com.android.providers.downloads/cache/metadata-2619.htm
07-05 14:11:22.264   545 10257 I DownloadManager: deleting spurious file /data/data/com.android.providers.downloads/cache/metadata-2306.htm
07-05 14:11:22.264   545 10257 I DownloadManager: deleting spurious file /data/data/com.android.providers.downloads/cache/metadata-1339.htm
07-05 14:11:22.264   545 10257 I DownloadManager: deleting spurious file /data/data/com.android.providers.downloads/cache/metadata-1236.htm
07-05 14:11:22.264   545 10257 I DownloadManager: deleting spurious file /data/data/com.android.providers.downloads/cache/metadata-1816.htm
07-05 14:11:22.268   545 10257 I DownloadManager: deleting spurious file /data/data/com.android.providers.downloads/cache/metadata-345.htm
07-05 14:11:22.268   545 10257 I DownloadManager: deleting spurious file /data/data/com.android.providers.downloads/cache/metadata-148.htm
07-05 14:11:22.268   545 10257 I DownloadManager: deleting spurious file /data/data/com.android.providers.downloads/cache/metadata-1620.htm
07-05 14:11:22.268   545 10257 I DownloadManager: deleting spurious file /data/data/com.android.providers.downloads/cache/metadata-366.htm
07-05 14:11:22.268   545 10257 I DownloadManager: deleting spurious file /data/data/com.android.providers.downloads/cache/metadata-248.htm
07-05 14:11:22.268   545 10257 I DownloadManager: deleting spurious file /data/data/com.android.providers.downloads/cache/metadata-1733.htm
07-05 14:11:22.268   545 10257 I DownloadManager: deleting spurious file /data/data/com.android.providers.downloads/cache/metadata-447.htm
07-05 14:11:22.268   545 10257 I DownloadManager: deleting spurious file /data/data/com.android.providers.downloads/cache/metadata-940.htm
07-05 14:11:22.268   545 10257 I DownloadManager: deleting spurious file /data/data/com.android.providers.downloads/cache/metadata-158.htm
07-05 14:11:22.268   545 10257 I DownloadManager: deleting spurious file /data/data/com.android.providers.downloads/cache/metadata-661.htm
07-05 14:11:22.268   545 10257 I DownloadManager: deleting spurious file /data/data/com.android.providers.downloads/cache/metadata-886.htm
07-05 14:11:22.268   545 10257 I DownloadManager: deleting spurious file /data/data/com.android.providers.downloads/cache/metadata-615.htm
07-05 14:11:22.268   545 10257 I DownloadManager: deleting spurious file /data/data/com.android.providers.downloads/cache/metadata-1967.htm
07-05 14:11:22.268   545 10257 I DownloadManager: deleting spurious file /data/data/com.android.providers.downloads/cache/metadata-1566.htm
07-05 14:11:22.268   545 10257 I DownloadManager: deleting spurious file /data/data/com.android.providers.downloads/cache/metadata-1028.htm
07-05 14:11:22.268   545 10257 I DownloadManager: deleting spurious file /data/data/com.android.providers.downloads/cache/metadata-576.htm
07-05 14:11:22.268   545 10257 I DownloadManager: deleting spurious file /data/data/com.android.providers.downloads/cache/metadata-1137.htm
07-05 14:11:22.268   545 10257 I DownloadManager: deleting spurious file /data/data/com.android.providers.downloads/cache/metadata-102.htm
07-05 14:11:22.268   545 10257 I DownloadManager: deleting spurious file /data/data/com.android.providers.downloads/cache/metadata-1745.htm
07-05 14:11:22.268   545 10257 I DownloadManager: deleting spurious file /data/data/com.android.providers.downloads/cache/metadata-224.htm
07-05 14:11:22.268   545 10257 I DownloadManager: deleting spurious file /data/data/com.android.providers.downloads/cache/metadata-1395.htm
07-05 14:11:22.268   545 10257 I DownloadManager: deleting spurious file /data/data/com.android.providers.downloads/cache/metadata-525.htm
07-05 14:11:22.268   545 10257 I DownloadManager: deleting spurious file /data/data/com.android.providers.downloads/cache/metadata-1343.htm
07-05 14:11:22.268   545 10257 I DownloadManager: deleting spurious file /data/data/com.android.providers.downloads/cache/metadata-1525.htm
07-05 14:11:22.268   545 10257 I DownloadManager: deleting spurious file /data/data/com.android.providers.downloads/cache/metadata-644.htm
07-05 14:11:22.268   545 10257 I DownloadManager: deleting spurious file /data/data/com.android.providers.downloads/cache/metadata-462.htm
07-05 14:11:22.272   545 10257 I DownloadManager: deleting spurious file /data/data/com.android.providers.downloads/cache/metadata-1014.htm
07-05 14:11:22.272   545 10257 I DownloadManager: deleting spurious file /data/data/com.android.providers.downloads/cache/metadata-947.htm
07-05 14:11:22.272   545 10257 I DownloadManager: deleting spurious file /data/data/com.android.providers.downloads/cache/metadata-1266.htm
07-05 14:11:22.272   545 10257 I DownloadManager: deleting spurious file /data/data/com.android.providers.downloads/cache/metadata-1386.htm
07-05 14:11:22.272   545 10257 I DownloadManager: deleting spurious file /data/data/com.android.providers.downloads/cache/metadata-1712.htm
07-05 14:11:22.272   545 10257 I DownloadManager: deleting spurious file /data/data/com.android.providers.downloads/cache/metadata-526.htm
07-05 14:11:22.272   545 10257 I DownloadManager: deleting spurious file /data/data/com.android.providers.downloads/cache/metadata-562.htm
07-05 14:11:22.272   545 10257 I DownloadManager: deleting spurious file /data/data/com.android.providers.downloads/cache/metadata-1238.htm
07-05 14:11:22.272   545 10257 I DownloadManager: deleting spurious file /data/data/com.android.providers.downloads/cache/metadata-532.htm
07-05 14:11:22.272   545 10257 I DownloadManager: deleting spurious file /data/data/com.android.providers.downloads/cache/metadata-608.htm
07-05 14:11:22.272   545 10257 I DownloadManager: deleting spurious file /data/data/com.android.providers.downloads/cache/metadata-991.htm
07-05 14:11:22.272   545 10257 I DownloadManager: deleting spurious file /data/data/com.android.providers.downloads/cache/metadata-1574.htm
07-05 14:11:22.272   545 10257 I DownloadManager: deleting spurious file /data/data/com.android.providers.downloads/cache/metadata-1362.htm
07-05 14:11:22.272   545 10257 I DownloadManager: deleting spurious file /data/data/com.android.providers.downloads/cache/metadata-770.htm
07-05 14:11:22.272   545 10257 I DownloadManager: deleting spurious file /data/data/com.android.providers.downloads/cache/metadata-1725.htm
07-05 14:11:22.272   545 10257 I DownloadManager: deleting spurious file /data/data/com.android.providers.downloads/cache/metadata-1448.htm
07-05 14:11:22.272   545 10257 I DownloadManager: deleting spurious file /data/data/com.android.providers.downloads/cache/metadata-701.htm
07-05 14:11:22.272   545 10257 I DownloadManager: deleting spurious file /data/data/com.android.providers.downloads/cache/metadata-842.htm
07-05 14:11:22.272   545 10257 I DownloadManager: deleting spurious file /data/data/com.android.providers.downloads/cache/metadata-1132.htm
07-05 14:11:22.272   545 10257 I DownloadManager: deleting spurious file /data/data/com.android.providers.downloads/cache/metadata-738.htm
07-05 14:11:22.272   545 10257 I DownloadManager: deleting spurious file /data/data/com.android.providers.downloads/cache/metadata-783.htm
07-05 14:11:22.272   545 10257 I DownloadManager: deleting spurious file /data/data/com.android.providers.downloads/cache/metadata-546.htm
07-05 14:11:22.272   545 10257 I DownloadManager: deleting spurious file /data/data/com.android.providers.downloads/cache/metadata-233.htm
07-05 14:11:22.272   545 10257 I DownloadManager: deleting spurious file /data/data/com.android.providers.downloads/cache/metadata-829.htm
07-05 14:11:22.272   545 10257 I DownloadManager: deleting spurious file /data/data/com.android.providers.downloads/cache/metadata-116.htm
07-05 14:11:22.272   545 10257 I DownloadManager: deleting spurious file /data/data/com.android.providers.downloads/cache/metadata-757.htm
07-05 14:11:22.272   545 10257 I DownloadManager: deleting spurious file /data/data/com.android.providers.downloads/cache/metadata-875.htm
07-05 14:11:22.276   545 10257 I DownloadManager: deleting spurious file /data/data/com.android.providers.downloads/cache/metadata-1599.htm
07-05 14:11:22.276   545 10257 I DownloadManager: deleting spurious file /data/data/com.android.providers.downloads/cache/metadata-1609.htm
07-05 14:11:22.276   545 10257 I DownloadManager: deleting spurious file /data/data/com.android.providers.downloads/cache/metadata-790.htm
07-05 14:11:22.276   545 10257 I DownloadManager: deleting spurious file /data/data/com.android.providers.downloads/cache/metadata-598.htm
07-05 14:11:22.276   545 10257 I DownloadManager: deleting spurious file /data/data/com.android.providers.downloads/cache/metadata-2473.htm
07-05 14:11:22.276   545 10257 I DownloadManager: deleting spurious file /data/data/com.android.providers.downloads/cache/metadata-682.htm
07-05 14:11:22.276   545 10257 I DownloadManager: deleting spurious file /data/data/com.android.providers.downloads/cache/metadata-1102.htm
07-05 14:11:22.276   545 10257 I DownloadManager: deleting spurious file /data/data/com.android.providers.downloads/cache/metadata-1342.htm
07-05 14:11:22.276   545 10257 I DownloadManager: deleting spurious file /data/data/com.android.providers.downloads/cache/metadata-939.htm
07-05 14:11:22.276   545 10257 I DownloadManager: deleting spurious file /data/data/com.android.providers.downloads/cache/metadata-1521.htm
07-05 14:11:22.276   545 10257 I DownloadManager: deleting spurious file /data/data/com.android.providers.downloads/cache/metadata-1046.htm
07-05 14:11:22.276   545 10257 I DownloadManager: deleting spurious file /data/data/com.android.providers.downloads/cache/metadata-1078.htm
07-05 14:11:22.276   545 10257 I DownloadManager: deleting spurious file /data/data/com.android.providers.downloads/cache/metadata-1774.htm
07-05 14:11:22.276   545 10257 I DownloadManager: deleting spurious file /data/data/com.android.providers.downloads/cache/metadata-1500.htm
07-05 14:11:22.276   545 10257 I DownloadManager: deleting spurious file /data/data/com.android.providers.downloads/cache/metadata-301.htm
07-05 14:11:22.276   545 10257 I DownloadManager: deleting spurious file /data/data/com.android.providers.downloads/cache/metadata-2100.htm
07-05 14:11:22.276   545 10257 I DownloadManager: deleting spurious file /data/data/com.android.providers.downloads/cache/metadata-1169.htm
07-05 14:11:22.276   545 10257 I DownloadManager: deleting spurious file /data/data/com.android.providers.downloads/cache/metadata-2187.htm
07-05 14:11:22.276   545 10257 I DownloadManager: deleting spurious file /data/data/com.android.providers.downloads/cache/metadata-763.htm
07-05 14:11:22.276   545 10257 I DownloadManager: deleting spurious file /data/data/com.android.providers.downloads/cache/metadata-950.htm
07-05 14:11:22.276   545 10257 I DownloadManager: deleting spurious file /data/data/com.android.providers.downloads/cache/metadata-1017.htm
07-05 14:11:22.276   545 10257 I DownloadManager: deleting spurious file /data/data/com.android.providers.downloads/cache/metadata-1759.htm
07-05 14:11:22.276   545 10257 I DownloadManager: deleting spurious file /data/data/com.android.providers.downloads/cache/metadata-1205.htm
07-05 14:11:22.276   545 10257 I DownloadManager: deleting spurious file /data/data/com.android.providers.downloads/cache/metadata-915.htm
07-05 14:11:22.471   545   548 D dalvikvm: GC_CONCURRENT freed 753K, 10% free 10555K/11719K, paused 2ms+2ms
07-05 14:11:22.745   545   548 D dalvikvm: GC_CONCURRENT freed 413K, 11% free 10533K/11719K, paused 2ms+2ms
07-05 14:11:23.011   545   548 D dalvikvm: GC_CONCURRENT freed 410K, 11% free 10514K/11719K, paused 2ms+2ms
07-05 14:11:23.452   156   333 D Tethering: MasterInitialState.processMessage what=3
07-05 14:11:23.538  1190  1190 I MediaUploader: No need to wake up
07-05 14:11:23.542   993   993 I PhoneLab-WiFiReceiver: Wi-Fi is disconnected!
07-05 14:11:23.546  1086  1105 D PicasaSyncManager: active network: null
07-05 14:11:23.546  1086  1105 D PicasaSyncManager: background data: true
07-05 14:11:23.573   682   685 D dalvikvm: GC_CONCURRENT freed 478K, 9% free 10130K/11079K, paused 2ms+7ms
07-05 14:11:23.608  1086  1088 D dalvikvm: GC_CONCURRENT freed 432K, 6% free 9362K/9927K, paused 1ms+3ms
07-05 14:11:24.718   545   548 D dalvikvm: GC_CONCURRENT freed 360K, 10% free 10555K/11719K, paused 3ms+3ms
07-05 14:11:25.042   545   548 D dalvikvm: GC_CONCURRENT freed 412K, 10% free 10551K/11719K, paused 2ms+3ms
07-05 14:11:25.303   545   548 D dalvikvm: GC_CONCURRENT freed 420K, 11% free 10516K/11719K, paused 1ms+2ms
07-05 14:11:25.436   156   330 D ConnectivityService: ConnectivityChange for WIFI: CONNECTED/CONNECTED
07-05 14:11:25.440   993   993 I PhoneLab-WiFiReceiver: Wi-Fi is connected!
07-05 14:11:25.444   993   993 I PhoneLab-WiFiReceiver: SSID: UB_Wireless BSSID: d0:c2:82:84:8d:50 RSSI: -200 LinkSpeed: -1
07-05 14:11:25.444   993   993 I PhoneLab-Locks: wake lock acquired
07-05 14:11:25.448   993   993 I PhoneLab-UploadLogs: Transfering log files now
07-05 14:11:25.456   156   325 W NetworkStats: dropping UID delta from unknown iface: iface=wlan0 uid=0 set=DEFAULT tag=0x0 rxBytes=0 rxPackets=0 txBytes=192 txPackets=3 operations=0
07-05 14:11:25.561   993   995 D dalvikvm: GC_CONCURRENT freed 992K, 19% free 9189K/11207K, paused 2ms+6ms
07-05 14:11:25.589   993   993 D dalvikvm: GC_FOR_ALLOC freed 232K, 18% free 9302K/11207K, paused 13ms
07-05 14:11:25.608   993   993 D dalvikvm: GC_FOR_ALLOC freed 120K, 16% free 9430K/11207K, paused 14ms
07-05 14:11:25.636   993   993 I PhoneLab-UploadLogs: OnStartCommand
07-05 14:11:25.647   993   995 D dalvikvm: GC_CONCURRENT freed 294K, 14% free 9647K/11207K, paused 2ms+6ms
07-05 14:11:25.675   993 10286 D dalvikvm: GC_FOR_ALLOC freed 317K, 14% free 9656K/11207K, paused 14ms
07-05 14:11:25.690   993 10286 D dalvikvm: GC_FOR_ALLOC freed 301K, 14% free 9657K/11207K, paused 16ms
07-05 14:11:25.706   993 10286 D dalvikvm: GC_FOR_ALLOC freed 301K, 14% free 9658K/11207K, paused 12ms
07-05 14:11:26.436   156   330 D ConnectivityService: NetTransition Wakelock for WifiStateMachine released by timeout
07-05 14:11:26.624   545 10287 D dalvikvm: GC_EXPLICIT freed 275K, 10% free 10559K/11719K, paused 2ms+5ms
07-05 14:11:26.624   545 10287 I DownloadManager: Initiating request for download 5046
07-05 14:11:26.741   545   548 D dalvikvm: GC_CONCURRENT freed 210K, 8% free 10787K/11719K, paused 2ms+3ms
07-05 14:11:26.913   545   548 D dalvikvm: GC_CONCURRENT freed 474K, 8% free 10822K/11719K, paused 2ms+3ms
07-05 14:11:27.218   993 10286 W System.err: org.apache.http.client.ClientProtocolException
07-05 14:11:27.218   993 10286 W System.err: 	at org.apache.http.impl.client.AbstractHttpClient.execute(AbstractHttpClient.java:557)
07-05 14:11:27.218   993 10286 W System.err: 	at org.apache.http.impl.client.AbstractHttpClient.execute(AbstractHttpClient.java:487)
07-05 14:11:27.218   993 10286 W System.err: 	at com.loopj.android.http.AsyncHttpRequest.makeRequest(Unknown Source)
07-05 14:11:27.218   993 10286 W System.err: 	at com.loopj.android.http.AsyncHttpRequest.makeRequestWithRetries(Unknown Source)
07-05 14:11:27.218   993 10286 W System.err: 	at com.loopj.android.http.AsyncHttpRequest.run(Unknown Source)
07-05 14:11:27.218   993 10286 W System.err: 	at java.util.concurrent.Executors$RunnableAdapter.call(Executors.java:442)
07-05 14:11:27.218   993 10286 W System.err: 	at java.util.concurrent.FutureTask$Sync.innerRun(FutureTask.java:305)
07-05 14:11:27.218   993 10286 W System.err: 	at java.util.concurrent.FutureTask.run(FutureTask.java:137)
07-05 14:11:27.218   993 10286 W System.err: 	at java.util.concurrent.ThreadPoolExecutor.runWorker(ThreadPoolExecutor.java:1076)
07-05 14:11:27.218   993 10286 W System.err: 	at java.util.concurrent.ThreadPoolExecutor$Worker.run(ThreadPoolExecutor.java:569)
07-05 14:11:27.218   993 10286 W System.err: 	at java.lang.Thread.run(Thread.java:856)
07-05 14:11:27.218   993 10286 W System.err: Caused by: org.apache.http.client.NonRepeatableRequestException: Cannot retry request with a non-repeatable request entity
07-05 14:11:27.218   993 10286 W System.err: 	at org.apache.http.impl.client.DefaultRequestDirector.execute(DefaultRequestDirector.java:420)
07-05 14:11:27.218   993 10286 W System.err: 	at org.apache.http.impl.client.AbstractHttpClient.execute(AbstractHttpClient.java:555)
07-05 14:11:27.218   993 10286 W System.err: 	... 10 more
07-05 14:11:27.221   993   993 E PhoneLab-: Transfering 1341502082478.log failed
07-05 14:11:27.221   993   993 I PhoneLab-Locks: wake lock released
07-05 14:11:27.296   545   548 D dalvikvm: GC_CONCURRENT freed 760K, 10% free 10556K/11719K, paused 2ms+3ms
07-05 14:11:27.389  1370 10289 E DictionaryProvider:UpdateHandler: Can't read a file : android.util.MalformedJsonException: Use JsonReader.setLenient(true) to accept malformed JSON at line 1 column 20
07-05 14:11:27.425  1370  1372 D dalvikvm: GC_CONCURRENT freed 389K, 7% free 9130K/9735K, paused 2ms+2ms
07-05 14:11:27.628   545   548 D dalvikvm: GC_CONCURRENT freed 414K, 11% free 10528K/11719K, paused 1ms+3ms
07-05 14:11:27.706   156   330 D ConnectivityService: ConnectivityChange for mobile: CONNECTED/CONNECTED
07-05 14:11:27.749   156   330 D NetUtils: android_net_utils_resetConnections in env=0x6b2b60 clazz=0xd7b00001 iface=rmnet0 mask=0x3
07-05 14:11:27.749   156   330 D ConnectivityService: ConnectivityChange for mobile: DISCONNECTED/DISCONNECTED
07-05 14:11:27.749   156   330 D ConnectivityService: Attempting to switch to WIFI
07-05 14:11:27.749   156   330 D ConnectivityService: Attempting to switch to WIMAX
07-05 14:11:27.749   156   330 D ConnectivityService: Attempting to switch to BLUETOOTH_TETHER
07-05 14:11:27.749   156   330 D ConnectivityService: resetConnections(rmnet0, 3)
07-05 14:11:27.784   482   486 D dalvikvm: GC_CONCURRENT freed 383K, 7% free 9489K/10119K, paused 2ms+3ms
07-05 14:11:27.921   156   158 D dalvikvm: GC_CONCURRENT freed 1165K, 12% free 14160K/16007K, paused 3ms+6ms
07-05 14:11:28.057   545 10292 I DownloadManager: Initiating request for download 5046
07-05 14:11:28.124   545   548 D dalvikvm: GC_CONCURRENT freed 357K, 10% free 10562K/11719K, paused 2ms+3ms
07-05 14:11:28.245   545   548 D dalvikvm: GC_CONCURRENT freed 227K, 9% free 10772K/11719K, paused 2ms+3ms
07-05 14:11:28.479   156   333 D Tethering: MasterInitialState.processMessage what=3
07-05 14:11:28.553   682   682 I GTalkService/c: [AndroidEndpoint@1095403848] connect: acct=1000001, state=CONNECTING
07-05 14:11:28.616  1190  1190 I MediaUploader: No need to wake up
07-05 14:11:28.624  1086  1105 D PicasaSyncManager: active network: NetworkInfo: type: WIFI[], state: CONNECTED/CONNECTED, reason: (unspecified), extra: (none), roaming: false, failover: false, isAvailable: true
07-05 14:11:28.636   414   416 D dalvikvm: GC_CONCURRENT freed 548K, 38% free 10147K/16263K, paused 2ms+3ms
07-05 14:11:28.639  1086  1105 D PicasaSyncManager: background data: true
07-05 14:11:28.745   414   416 D dalvikvm: GC_CONCURRENT freed 194K, 37% free 10387K/16263K, paused 1ms+4ms
07-05 14:11:28.893   414   416 D dalvikvm: GC_CONCURRENT freed 548K, 37% free 10284K/16263K, paused 2ms+4ms
07-05 14:11:29.678   545   548 D dalvikvm: GC_CONCURRENT freed 690K, 11% free 10546K/11719K, paused 2ms+2ms
07-05 14:11:30.007   545   548 D dalvikvm: GC_CONCURRENT freed 434K, 11% free 10518K/11719K, paused 2ms+3ms
07-05 14:11:30.323   545   548 D dalvikvm: GC_CONCURRENT freed 413K, 11% free 10506K/11719K, paused 2ms+2ms
07-05 14:11:30.780   156   333 D Tethering: MasterInitialState.processMessage what=3
07-05 14:11:30.866   156   333 D Tethering: MasterInitialState.processMessage what=3
07-05 14:11:30.897  1086  1105 D PicasaSyncManager: active network: NetworkInfo: type: WIFI[], state: CONNECTED/CONNECTED, reason: (unspecified), extra: (none), roaming: false, failover: false, isAvailable: true
07-05 14:11:30.905  1190  1190 I MediaUploader: No need to wake up
07-05 14:11:30.905  1086  1105 D PicasaSyncManager: background data: true
07-05 14:11:30.944  1190  1190 I MediaUploader: No need to wake up
07-05 14:11:30.952  1086  1105 D PicasaSyncManager: active network: NetworkInfo: type: WIFI[], state: CONNECTED/CONNECTED, reason: (unspecified), extra: (none), roaming: false, failover: false, isAvailable: true
07-05 14:11:30.956  1086  1105 D PicasaSyncManager: background data: true
07-05 14:11:30.975   545   548 D dalvikvm: GC_CONCURRENT freed 409K, 11% free 10483K/11719K, paused 2ms+2ms
07-05 14:11:31.065   156   641 D dalvikvm: GC_EXPLICIT freed 425K, 12% free 14092K/16007K, paused 2ms+5ms
07-05 14:11:31.803   545 10298 I DownloadManager: Initiating request for download 5047
07-05 14:11:31.952   545   548 D dalvikvm: GC_CONCURRENT freed 245K, 9% free 10725K/11719K, paused 3ms+3ms
07-05 14:11:32.089   545   548 D dalvikvm: GC_CONCURRENT freed 427K, 9% free 10759K/11719K, paused 2ms+7ms
07-05 14:11:32.460   545   548 D dalvikvm: GC_CONCURRENT freed 727K, 11% free 10495K/11719K, paused 2ms+3ms
07-05 14:11:32.608  1370 10300 E DictionaryProvider:UpdateHandler: Can't read a file : android.util.MalformedJsonException: Use JsonReader.setLenient(true) to accept malformed JSON at line 1 column 20
07-05 14:11:32.815   545   548 D dalvikvm: GC_CONCURRENT freed 403K, 11% free 10495K/11719K, paused 2ms+2ms
07-05 14:11:33.022   545 10303 I DownloadManager: Initiating request for download 5047
07-05 14:11:33.085   545   548 D dalvikvm: GC_CONCURRENT freed 420K, 11% free 10498K/11719K, paused 1ms+2ms
07-05 14:11:33.167   545   548 D dalvikvm: GC_CONCURRENT freed 216K, 9% free 10697K/11719K, paused 2ms+2ms
07-05 14:11:34.952   545   548 D dalvikvm: GC_CONCURRENT freed 638K, 11% free 10494K/11719K, paused 7ms+2ms
07-05 14:11:35.335   545   548 D dalvikvm: GC_CONCURRENT freed 435K, 11% free 10464K/11719K, paused 2ms+3ms
07-05 14:11:35.612   545   548 D dalvikvm: GC_CONCURRENT freed 423K, 11% free 10433K/11719K, paused 2ms+3ms
07-05 14:11:35.819   545 10306 I DownloadManager: Initiating request for download 5048
07-05 14:11:35.905   545   548 D dalvikvm: GC_CONCURRENT freed 373K, 11% free 10522K/11719K, paused 2ms+4ms
07-05 14:11:36.030   545   548 D dalvikvm: GC_CONCURRENT freed 257K, 9% free 10702K/11719K, paused 2ms+3ms
07-05 14:11:36.229   545   548 D dalvikvm: GC_CONCURRENT freed 689K, 11% free 10457K/11719K, paused 2ms+2ms
07-05 14:11:36.288  1370 10308 E DictionaryProvider:UpdateHandler: Can't read a file : android.util.MalformedJsonException: Use JsonReader.setLenient(true) to accept malformed JSON at line 1 column 20
07-05 14:11:36.530   545   548 D dalvikvm: GC_CONCURRENT freed 433K, 12% free 10415K/11719K, paused 2ms+2ms
07-05 14:11:36.792   545   548 D dalvikvm: GC_CONCURRENT freed 413K, 12% free 10392K/11719K, paused 2ms+2ms
07-05 14:11:36.846   545 10311 I DownloadManager: Initiating request for download 5048
07-05 14:11:36.952   545   548 D dalvikvm: GC_CONCURRENT freed 209K, 10% free 10619K/11719K, paused 2ms+3ms
07-05 14:11:37.085   545   548 D dalvikvm: GC_CONCURRENT freed 398K, 10% free 10655K/11719K, paused 2ms+3ms
07-05 14:11:37.382   545   548 D dalvikvm: GC_CONCURRENT freed 678K, 12% free 10398K/11719K, paused 2ms+3ms
07-05 14:11:37.655   545   548 D dalvikvm: GC_CONCURRENT freed 407K, 12% free 10379K/11719K, paused 2ms+3ms
07-05 14:11:37.823   545 10314 I DownloadManager: Initiating request for download 5049
07-05 14:11:37.905   545   548 D dalvikvm: GC_CONCURRENT freed 251K, 10% free 10561K/11719K, paused 1ms+3ms
07-05 14:11:38.022   545   548 D dalvikvm: GC_CONCURRENT freed 287K, 9% free 10721K/11719K, paused 2ms+3ms
07-05 14:11:38.249   545   548 D dalvikvm: GC_CONCURRENT freed 722K, 11% free 10441K/11719K, paused 2ms+2ms
07-05 14:11:38.511   545   548 D dalvikvm: GC_CONCURRENT freed 406K, 12% free 10425K/11719K, paused 2ms+3ms
07-05 14:11:39.401   545   548 D dalvikvm: GC_CONCURRENT freed 368K, 11% free 10444K/11719K, paused 2ms+2ms
07-05 14:11:39.663   545   548 D dalvikvm: GC_CONCURRENT freed 406K, 12% free 10430K/11719K, paused 2ms+3ms
07-05 14:11:39.796  1370 10316 E DictionaryProvider:UpdateHandler: Can't read a file : android.util.MalformedJsonException: Use JsonReader.setLenient(true) to accept malformed JSON at line 1 column 20
07-05 14:11:39.968   545   548 D dalvikvm: GC_CONCURRENT freed 426K, 12% free 10392K/11719K, paused 2ms+2ms
07-05 14:11:40.081   545 10319 I DownloadManager: Initiating request for download 5049
07-05 14:11:40.081   545 10319 W DownloadManager: Aborting request for download 5049: Trying to resume a download that can't be resumed
07-05 14:11:40.323   545   548 D dalvikvm: GC_CONCURRENT freed 372K, 12% free 10411K/11719K, paused 1ms+2ms
07-05 14:11:40.585   545   548 D dalvikvm: GC_CONCURRENT freed 412K, 12% free 10389K/11719K, paused 2ms+2ms
07-05 14:11:40.858   545   548 D dalvikvm: GC_CONCURRENT freed 402K, 12% free 10378K/11719K, paused 1ms+3ms
07-05 14:11:40.921   545 10322 I DownloadManager: Initiating request for download 5050
07-05 14:11:41.046   545   548 D dalvikvm: GC_CONCURRENT freed 182K, 10% free 10633K/11719K, paused 1ms+3ms
07-05 14:11:41.171   545   548 D dalvikvm: GC_CONCURRENT freed 407K, 10% free 10657K/11719K, paused 2ms+2ms
07-05 14:11:41.315  1370 10324 E DictionaryProvider:UpdateHandler: Can't read a file : android.util.MalformedJsonException: Use JsonReader.setLenient(true) to accept malformed JSON at line 1 column 20
07-05 14:11:41.346  1370  1372 D dalvikvm: GC_CONCURRENT freed 393K, 7% free 9127K/9735K, paused 2ms+2ms
07-05 14:11:41.511   545   548 D dalvikvm: GC_CONCURRENT freed 668K, 12% free 10408K/11719K, paused 2ms+2ms
07-05 14:11:41.780   545   548 D dalvikvm: GC_CONCURRENT freed 411K, 12% free 10391K/11719K, paused 2ms+2ms
07-05 14:11:41.917   545 10327 I DownloadManager: Initiating request for download 5050
07-05 14:11:42.003   545   548 D dalvikvm: GC_CONCURRENT freed 259K, 10% free 10568K/11719K, paused 2ms+3ms
07-05 14:11:42.116   545   548 D dalvikvm: GC_CONCURRENT freed 290K, 9% free 10725K/11719K, paused 2ms+2ms
07-05 14:11:42.358   545   548 D dalvikvm: GC_CONCURRENT freed 763K, 12% free 10409K/11719K, paused 2ms+2ms
07-05 14:11:42.620   545   548 D dalvikvm: GC_CONCURRENT freed 408K, 12% free 10391K/11719K, paused 2ms+2ms
07-05 14:11:42.827   545 10330 I DownloadManager: Initiating request for download 5051
07-05 14:11:42.886   545   548 D dalvikvm: GC_CONCURRENT freed 322K, 11% free 10458K/11719K, paused 2ms+2ms
07-05 14:11:43.007   545   548 D dalvikvm: GC_CONCURRENT freed 219K, 9% free 10675K/11719K, paused 1ms+3ms
07-05 14:11:43.159   545   548 D dalvikvm: GC_CONCURRENT freed 657K, 11% free 10452K/11719K, paused 2ms+2ms
07-05 14:11:43.225  1370 10332 E DictionaryProvider:UpdateHandler: Can't read a file : android.util.MalformedJsonException: Use JsonReader.setLenient(true) to accept malformed JSON at line 1 column 20
07-05 14:11:43.471   545   548 D dalvikvm: GC_CONCURRENT freed 434K, 12% free 10409K/11719K, paused 1ms+2ms
07-05 14:11:43.737   545   548 D dalvikvm: GC_CONCURRENT freed 412K, 12% free 10388K/11719K, paused 1ms+2ms
07-05 14:11:43.827   545 10335 I DownloadManager: Initiating request for download 5051
07-05 14:11:43.917   545   548 D dalvikvm: GC_CONCURRENT freed 228K, 10% free 10605K/11719K, paused 2ms+3ms
07-05 14:11:44.042   545   548 D dalvikvm: GC_CONCURRENT freed 285K, 9% free 10759K/11719K, paused 1ms+3ms
07-05 14:11:44.327   545   548 D dalvikvm: GC_CONCURRENT freed 808K, 12% free 10409K/11719K, paused 2ms+3ms
07-05 14:11:44.589   545   548 D dalvikvm: GC_CONCURRENT freed 410K, 12% free 10390K/11719K, paused 2ms+2ms
07-05 14:11:44.749   545 10338 I DownloadManager: Initiating request for download 5052
07-05 14:11:44.835   545   548 D dalvikvm: GC_CONCURRENT freed 263K, 10% free 10567K/11719K, paused 1ms+2ms
07-05 14:11:44.956   545   548 D dalvikvm: GC_CONCURRENT freed 288K, 9% free 10727K/11719K, paused 1ms+4ms
07-05 14:11:45.143  1370 10340 E DictionaryProvider:UpdateHandler: Can't read a file : android.util.MalformedJsonException: Use JsonReader.setLenient(true) to accept malformed JSON at line 1 column 20
07-05 14:11:45.237   545   548 D dalvikvm: GC_CONCURRENT freed 752K, 12% free 10421K/11719K, paused 1ms+3ms
07-05 14:11:45.503   545   548 D dalvikvm: GC_CONCURRENT freed 410K, 12% free 10399K/11719K, paused 1ms+2ms
07-05 14:11:45.714   545 10343 I DownloadManager: Initiating request for download 5052
07-05 14:11:45.780   545   548 D dalvikvm: GC_CONCURRENT freed 373K, 11% free 10454K/11719K, paused 1ms+3ms
07-05 14:11:45.897   545   548 D dalvikvm: GC_CONCURRENT freed 216K, 9% free 10675K/11719K, paused 2ms+3ms
07-05 14:11:46.053   545   548 D dalvikvm: GC_CONCURRENT freed 656K, 11% free 10455K/11719K, paused 2ms+2ms
07-05 14:11:46.339   545   548 D dalvikvm: GC_CONCURRENT freed 438K, 12% free 10407K/11719K, paused 2ms+2ms
07-05 14:11:46.593   545   548 D dalvikvm: GC_CONCURRENT freed 408K, 12% free 10389K/11719K, paused 2ms+3ms
07-05 14:11:46.690   545 10346 I DownloadManager: Initiating request for download 5053
07-05 14:11:46.788   545   548 D dalvikvm: GC_CONCURRENT freed 214K, 10% free 10612K/11719K, paused 2ms+3ms
07-05 14:11:46.909   545   548 D dalvikvm: GC_CONCURRENT freed 318K, 9% free 10763K/11719K, paused 2ms+3ms
07-05 14:11:47.198   545   548 D dalvikvm: GC_CONCURRENT freed 777K, 11% free 10445K/11719K, paused 2ms+2ms
07-05 14:11:47.464   545   548 D dalvikvm: GC_CONCURRENT freed 407K, 12% free 10423K/11719K, paused 2ms+2ms
07-05 14:11:48.956  1370 10348 E DictionaryProvider:UpdateHandler: Can't read a file : android.util.MalformedJsonException: Use JsonReader.setLenient(true) to accept malformed JSON at line 1 column 20
07-05 14:11:49.100   545   548 D dalvikvm: GC_CONCURRENT freed 383K, 11% free 10431K/11719K, paused 2ms+2ms
07-05 14:11:49.362   545   548 D dalvikvm: GC_CONCURRENT freed 417K, 12% free 10403K/11719K, paused 2ms+2ms
07-05 14:11:49.628   545   548 D dalvikvm: GC_CONCURRENT freed 399K, 12% free 10397K/11719K, paused 2ms+3ms
07-05 14:11:49.948   545   548 D dalvikvm: GC_CONCURRENT freed 373K, 12% free 10414K/11719K, paused 1ms+2ms
07-05 14:11:50.210   545   548 D dalvikvm: GC_CONCURRENT freed 408K, 12% free 10396K/11719K, paused 2ms+2ms
07-05 14:11:50.421   545 10351 I DownloadManager: Initiating request for download 5054
07-05 14:11:50.507   545   548 D dalvikvm: GC_CONCURRENT freed 302K, 11% free 10538K/11719K, paused 2ms+3ms
07-05 14:11:50.620   545   548 D dalvikvm: GC_CONCURRENT freed 275K, 9% free 10710K/11719K, paused 2ms+4ms
07-05 14:11:50.827   545   548 D dalvikvm: GC_CONCURRENT freed 698K, 11% free 10455K/11719K, paused 2ms+3ms
07-05 14:11:50.878  1370 10353 E DictionaryProvider:UpdateHandler: Can't read a file : android.util.MalformedJsonException: Use JsonReader.setLenient(true) to accept malformed JSON at line 1 column 20
07-05 14:11:50.956  1370  1372 D dalvikvm: GC_CONCURRENT freed 408K, 7% free 9128K/9735K, paused 2ms+2ms
07-05 14:11:51.155   545   548 D dalvikvm: GC_CONCURRENT freed 433K, 12% free 10413K/11719K, paused 1ms+2ms
07-05 14:11:51.425   545   548 D dalvikvm: GC_CONCURRENT freed 408K, 12% free 10392K/11719K, paused 2ms+2ms
07-05 14:11:51.460   545 10356 I DownloadManager: Initiating request for download 5054
07-05 14:11:51.565   545   548 D dalvikvm: GC_CONCURRENT freed 182K, 10% free 10643K/11719K, paused 2ms+3ms
07-05 14:11:51.690   545   548 D dalvikvm: GC_CONCURRENT freed 408K, 9% free 10672K/11719K, paused 2ms+3ms
07-05 14:11:52.007   545   548 D dalvikvm: GC_CONCURRENT freed 687K, 12% free 10414K/11719K, paused 2ms+3ms
07-05 14:11:52.272   545   548 D dalvikvm: GC_CONCURRENT freed 409K, 12% free 10395K/11719K, paused 2ms+2ms
07-05 14:11:52.421   545 10359 I DownloadManager: Initiating request for download 5055
07-05 14:11:52.507   156   167 D dalvikvm: GC_EXPLICIT freed 574K, 12% free 14111K/16007K, paused 3ms+5ms
07-05 14:11:52.573   545   548 D dalvikvm: GC_CONCURRENT freed 243K, 10% free 10588K/11719K, paused 1ms+3ms
07-05 14:11:52.694   545   548 D dalvikvm: GC_CONCURRENT freed 307K, 9% free 10736K/11719K, paused 1ms+3ms
07-05 14:11:52.866  1370 10361 E DictionaryProvider:UpdateHandler: Can't read a file : android.util.MalformedJsonException: Use JsonReader.setLenient(true) to accept malformed JSON at line 1 column 20
07-05 14:11:52.995   545   548 D dalvikvm: GC_CONCURRENT freed 773K, 12% free 10414K/11719K, paused 2ms+3ms
07-05 14:11:53.264   545   548 D dalvikvm: GC_CONCURRENT freed 414K, 12% free 10390K/11719K, paused 1ms+3ms
07-05 14:11:53.471   545 10364 I DownloadManager: Initiating request for download 5055
07-05 14:11:53.534   545   548 D dalvikvm: GC_CONCURRENT freed 330K, 11% free 10529K/11719K, paused 2ms+3ms
07-05 14:11:53.655   545   548 D dalvikvm: GC_CONCURRENT freed 277K, 9% free 10707K/11719K, paused 2ms+3ms
07-05 14:11:53.889   545   548 D dalvikvm: GC_CONCURRENT freed 730K, 12% free 10414K/11719K, paused 2ms+3ms
07-05 14:11:54.151   545   548 D dalvikvm: GC_CONCURRENT freed 412K, 12% free 10393K/11719K, paused 2ms+2ms
07-05 14:11:54.405   545   548 D dalvikvm: GC_CONCURRENT freed 398K, 12% free 10384K/11719K, paused 2ms+2ms
07-05 14:11:54.464   545 10367 I DownloadManager: Initiating request for download 5056
07-05 14:11:54.585   545   548 D dalvikvm: GC_CONCURRENT freed 175K, 10% free 10645K/11719K, paused 2ms+3ms
07-05 14:11:54.710   545   548 D dalvikvm: GC_CONCURRENT freed 423K, 10% free 10663K/11719K, paused 2ms+2ms
07-05 14:11:54.858  1370 10369 E DictionaryProvider:UpdateHandler: Can't read a file : android.util.MalformedJsonException: Use JsonReader.setLenient(true) to accept malformed JSON at line 1 column 20
07-05 14:11:55.030   545   548 D dalvikvm: GC_CONCURRENT freed 677K, 12% free 10412K/11719K, paused 1ms+2ms
07-05 14:11:55.292   545   548 D dalvikvm: GC_CONCURRENT freed 415K, 12% free 10388K/11719K, paused 2ms+2ms
07-05 14:11:55.417   545 10372 I DownloadManager: Initiating request for download 5056
07-05 14:11:55.503   545   548 D dalvikvm: GC_CONCURRENT freed 242K, 10% free 10573K/11719K, paused 2ms+3ms
07-05 14:11:55.620   545   548 D dalvikvm: GC_CONCURRENT freed 263K, 9% free 10725K/11719K, paused 2ms+3ms
07-05 14:11:55.858   545   548 D dalvikvm: GC_CONCURRENT freed 758K, 12% free 10413K/11719K, paused 1ms+3ms
07-05 14:11:56.128   545   548 D dalvikvm: GC_CONCURRENT freed 409K, 12% free 10395K/11719K, paused 1ms+3ms
07-05 14:11:56.362   545 10375 I DownloadManager: Initiating request for download 5057
07-05 14:11:56.409   545   548 D dalvikvm: GC_CONCURRENT freed 369K, 11% free 10433K/11719K, paused 2ms+3ms
07-05 14:11:56.538   545   548 D dalvikvm: GC_CONCURRENT freed 203K, 9% free 10667K/11719K, paused 1ms+2ms
07-05 14:11:56.671   545   548 D dalvikvm: GC_CONCURRENT freed 644K, 11% free 10454K/11719K, paused 2ms+2ms
07-05 14:11:56.823  1370 10377 E DictionaryProvider:UpdateHandler: Can't read a file : android.util.MalformedJsonException: Use JsonReader.setLenient(true) to accept malformed JSON at line 1 column 20
07-05 14:11:56.995   545   548 D dalvikvm: GC_CONCURRENT freed 431K, 12% free 10414K/11719K, paused 7ms+2ms
07-05 14:11:57.261   545   548 D dalvikvm: GC_CONCURRENT freed 414K, 12% free 10391K/11719K, paused 2ms+2ms
07-05 14:11:57.374   545 10380 I DownloadManager: Initiating request for download 5057
07-05 14:11:57.471   545   548 D dalvikvm: GC_CONCURRENT freed 240K, 10% free 10587K/11719K, paused 2ms+2ms
07-05 14:11:57.589   545   548 D dalvikvm: GC_CONCURRENT freed 300K, 9% free 10741K/11719K, paused 2ms+2ms
07-05 14:11:57.850   545   548 D dalvikvm: GC_CONCURRENT freed 777K, 12% free 10414K/11719K, paused 1ms+2ms
07-05 14:11:58.112   545   548 D dalvikvm: GC_CONCURRENT freed 411K, 12% free 10394K/11719K, paused 2ms+3ms
07-05 14:11:58.307   545 10383 I DownloadManager: Initiating request for download 5058
07-05 14:11:58.389   545   548 D dalvikvm: GC_CONCURRENT freed 302K, 11% free 10537K/11719K, paused 2ms+4ms
07-05 14:11:58.503   545   548 D dalvikvm: GC_CONCURRENT freed 266K, 9% free 10709K/11719K, paused 2ms+2ms
07-05 14:11:58.698   545   548 D dalvikvm: GC_CONCURRENT freed 732K, 12% free 10422K/11719K, paused 2ms+3ms
07-05 14:11:58.761  1370 10385 E DictionaryProvider:UpdateHandler: Can't read a file : android.util.MalformedJsonException: Use JsonReader.setLenient(true) to accept malformed JSON at line 1 column 20
07-05 14:11:58.843  1370  1372 D dalvikvm: GC_CONCURRENT freed 391K, 7% free 9128K/9735K, paused 2ms+2ms
07-05 14:11:59.046   545   548 D dalvikvm: GC_CONCURRENT freed 400K, 12% free 10413K/11719K, paused 2ms+3ms
07-05 14:11:59.327   545   548 D dalvikvm: GC_CONCURRENT freed 416K, 12% free 10388K/11719K, paused 2ms+2ms
07-05 14:11:59.366   545 10388 I DownloadManager: Initiating request for download 5058
07-05 14:11:59.487   545   548 D dalvikvm: GC_CONCURRENT freed 187K, 10% free 10635K/11719K, paused 2ms+3ms
07-05 14:11:59.612   545   548 D dalvikvm: GC_CONCURRENT freed 401K, 9% free 10671K/11719K, paused 1ms+3ms
07-05 14:11:59.897   545   548 D dalvikvm: GC_CONCURRENT freed 688K, 12% free 10411K/11719K, paused 2ms+3ms
07-05 14:12:00.194   545   548 D dalvikvm: GC_CONCURRENT freed 409K, 12% free 10393K/11719K, paused 2ms+2ms
07-05 14:12:00.350   545 10391 I DownloadManager: Initiating request for download 5059
07-05 14:12:00.436   545   548 D dalvikvm: GC_CONCURRENT freed 255K, 10% free 10577K/11719K, paused 2ms+3ms
07-05 14:12:00.553   545   548 D dalvikvm: GC_CONCURRENT freed 291K, 9% free 10736K/11719K, paused 2ms+3ms
07-05 14:12:00.757  1370 10393 E DictionaryProvider:UpdateHandler: Can't read a file : android.util.MalformedJsonException: Use JsonReader.setLenient(true) to accept malformed JSON at line 1 column 20
07-05 14:12:00.792  1370 28657 D dalvikvm: GC_EXPLICIT freed 99K, 7% free 9096K/9735K, paused 2ms+2ms
07-05 14:12:00.870   545   548 D dalvikvm: GC_CONCURRENT freed 755K, 12% free 10430K/11719K, paused 2ms+2ms
07-05 14:12:01.136   545   548 D dalvikvm: GC_CONCURRENT freed 419K, 12% free 10402K/11719K, paused 2ms+3ms
07-05 14:12:01.417   545 10396 D dalvikvm: GC_EXPLICIT freed 355K, 11% free 10434K/11719K, paused 2ms+4ms
07-05 14:12:01.421   545 10396 I DownloadManager: Initiating request for download 5059
07-05 14:12:01.530   545   548 D dalvikvm: GC_CONCURRENT freed 189K, 9% free 10668K/11719K, paused 2ms+3ms
07-05 14:12:01.663   545   548 D dalvikvm: GC_CONCURRENT freed 435K, 9% free 10679K/11719K, paused 2ms+2ms
07-05 14:12:01.940   545   548 D dalvikvm: GC_CONCURRENT freed 665K, 11% free 10445K/11719K, paused 2ms+3ms
07-05 14:12:02.202   545   548 D dalvikvm: GC_CONCURRENT freed 403K, 11% free 10433K/11719K, paused 2ms+2ms
07-05 14:12:02.393   993  1240 I PhoneLab-: Service Running
07-05 14:12:02.479   993  1240 I PhoneLab-LoggerService: app_49    1247  993   1956   1584  c00f181c 400107b4 S logcat
07-05 14:12:02.479   993  1240 I PhoneLab-LoggerService: Logcat pid from database 1247
07-05 14:12:02.479   993  1240 I PhoneLab-LoggerService: Logcat process found 1247
07-05 14:12:02.479   993  1240 I PhoneLab-LoggerService: Checking Threshold
07-05 14:12:02.483   993  1240 I PhoneLab-LoggerService: Starting to rename files
07-05 14:12:02.483   993  1240 I PhoneLab-LoggerService: Files found .. 45
07-05 14:12:02.491   993   995 D dalvikvm: GC_CONCURRENT freed 952K, 19% free 9154K/11207K, paused 2ms+2ms
07-05 14:12:03.835   545 10399 I DownloadManager: Initiating request for download 5060
07-05 14:12:03.948   545   548 D dalvikvm: GC_CONCURRENT freed 247K, 10% free 10611K/11719K, paused 1ms+3ms
07-05 14:12:04.069   545   548 D dalvikvm: GC_CONCURRENT freed 284K, 9% free 10762K/11719K, paused 2ms+2ms
07-05 14:12:04.257  1370 10402 E DictionaryProvider:UpdateHandler: Can't read a file : android.util.MalformedJsonException: Use JsonReader.setLenient(true) to accept malformed JSON at line 1 column 20
07-05 14:12:04.366   545   548 D dalvikvm: GC_CONCURRENT freed 791K, 12% free 10427K/11719K, paused 1ms+3ms
07-05 14:12:04.628   545   548 D dalvikvm: GC_CONCURRENT freed 415K, 12% free 10403K/11719K, paused 2ms+2ms
07-05 14:12:04.811   545 10405 I DownloadManager: Initiating request for download 5060
07-05 14:12:04.882   545   548 D dalvikvm: GC_CONCURRENT freed 317K, 10% free 10562K/11719K, paused 2ms+4ms
07-05 14:12:05.003   545   548 D dalvikvm: GC_CONCURRENT freed 277K, 9% free 10724K/11719K, paused 2ms+2ms
07-05 14:12:05.210   545   548 D dalvikvm: GC_CONCURRENT freed 712K, 11% free 10466K/11719K, paused 2ms+2ms
07-05 14:12:05.503   545   548 D dalvikvm: GC_CONCURRENT freed 440K, 12% free 10418K/11719K, paused 2ms+2ms
07-05 14:12:05.764   545   548 D dalvikvm: GC_CONCURRENT freed 409K, 12% free 10397K/11719K, paused 2ms+2ms
07-05 14:12:05.823   545 10408 I DownloadManager: Initiating request for download 5061
07-05 14:12:05.936   545   548 D dalvikvm: GC_CONCURRENT freed 175K, 10% free 10659K/11719K, paused 1ms+3ms
07-05 14:12:06.061   545   548 D dalvikvm: GC_CONCURRENT freed 413K, 9% free 10680K/11719K, paused 2ms+2ms
07-05 14:12:06.245  1370 10410 E DictionaryProvider:UpdateHandler: Can't read a file : android.util.MalformedJsonException: Use JsonReader.setLenient(true) to accept malformed JSON at line 1 column 20
07-05 14:12:06.374   545   548 D dalvikvm: GC_CONCURRENT freed 687K, 12% free 10425K/11719K, paused 2ms+2ms
07-05 14:12:06.636   545   548 D dalvikvm: GC_CONCURRENT freed 413K, 12% free 10402K/11719K, paused 1ms+2ms
07-05 14:12:06.780   545 10413 I DownloadManager: Initiating request for download 5061
07-05 14:12:06.870   545   548 D dalvikvm: GC_CONCURRENT freed 252K, 10% free 10643K/11719K, paused 2ms+3ms
07-05 14:12:06.991   545   548 D dalvikvm: GC_CONCURRENT freed 333K, 9% free 10769K/11719K, paused 2ms+2ms
07-05 14:12:07.268   545   548 D dalvikvm: GC_CONCURRENT freed 803K, 12% free 10425K/11719K, paused 2ms+3ms
07-05 14:12:07.534   545   548 D dalvikvm: GC_CONCURRENT freed 409K, 12% free 10407K/11719K, paused 2ms+3ms
07-05 14:12:07.725   545 10416 I DownloadManager: Initiating request for download 5062
07-05 14:12:07.807   545   548 D dalvikvm: GC_CONCURRENT freed 284K, 10% free 10575K/11719K, paused 1ms+3ms
07-05 14:12:07.925   545   548 D dalvikvm: GC_CONCURRENT freed 289K, 9% free 10738K/11719K, paused 2ms+3ms
07-05 14:12:08.147  1370 10418 E DictionaryProvider:UpdateHandler: Can't read a file : android.util.MalformedJsonException: Use JsonReader.setLenient(true) to accept malformed JSON at line 1 column 20
07-05 14:12:08.178   545   548 D dalvikvm: GC_CONCURRENT freed 765K, 11% free 10444K/11719K, paused 2ms+2ms
07-05 14:12:08.456   545   548 D dalvikvm: GC_CONCURRENT freed 421K, 12% free 10413K/11719K, paused 2ms+3ms
07-05 14:12:08.702   545 10421 I DownloadManager: Initiating request for download 5062
07-05 14:12:08.725   545   548 D dalvikvm: GC_CONCURRENT freed 391K, 12% free 10428K/11719K, paused 2ms+2ms
07-05 14:12:08.846   545   548 D dalvikvm: GC_CONCURRENT freed 190K, 9% free 10674K/11719K, paused 2ms+3ms
07-05 14:12:08.979   545   548 D dalvikvm: GC_CONCURRENT freed 438K, 9% free 10687K/11719K, paused 1ms+3ms
07-05 14:12:09.296   545   548 D dalvikvm: GC_CONCURRENT freed 701K, 12% free 10422K/11719K, paused 2ms+3ms
07-05 14:12:09.561   545   548 D dalvikvm: GC_CONCURRENT freed 407K, 12% free 10402K/11719K, paused 2ms+3ms
07-05 14:12:09.682   545 10424 I DownloadManager: Initiating request for download 5063
07-05 14:12:09.788   545   548 D dalvikvm: GC_CONCURRENT freed 228K, 10% free 10628K/11719K, paused 1ms+3ms
07-05 14:12:09.921   545   548 D dalvikvm: GC_CONCURRENT freed 306K, 9% free 10776K/11719K, paused 2ms+3ms
07-05 14:12:10.100  1370 10426 E DictionaryProvider:UpdateHandler: Can't read a file : android.util.MalformedJsonException: Use JsonReader.setLenient(true) to accept malformed JSON at line 1 column 20
07-05 14:12:10.128  1370  1372 D dalvikvm: GC_CONCURRENT freed 346K, 7% free 9147K/9735K, paused 1ms+2ms
07-05 14:12:10.253   545   548 D dalvikvm: GC_CONCURRENT freed 807K, 11% free 10434K/11719K, paused 2ms+3ms
07-05 14:12:10.522   545   548 D dalvikvm: GC_CONCURRENT freed 414K, 12% free 10410K/11719K, paused 1ms+2ms
07-05 14:12:10.733   156   514 D dalvikvm: GC_EXPLICIT freed 532K, 12% free 14100K/16007K, paused 3ms+6ms
07-05 14:12:10.741   545 10429 I DownloadManager: Initiating request for download 5063
07-05 14:12:10.827   545   548 D dalvikvm: GC_CONCURRENT freed 279K, 10% free 10580K/11719K, paused 2ms+3ms
07-05 14:12:10.944   545   548 D dalvikvm: GC_CONCURRENT freed 307K, 9% free 10725K/11719K, paused 2ms+3ms
07-05 14:12:11.171   545   548 D dalvikvm: GC_CONCURRENT freed 749K, 12% free 10425K/11719K, paused 2ms+2ms
07-05 14:12:11.452   545   548 D dalvikvm: GC_CONCURRENT freed 410K, 12% free 10404K/11719K, paused 1ms+2ms
07-05 14:12:11.718   545 10432 I DownloadManager: Initiating request for download 5064
07-05 14:12:11.768   545   548 D dalvikvm: GC_CONCURRENT freed 396K, 12% free 10424K/11719K, paused 2ms+3ms
07-05 14:12:11.897   545   548 D dalvikvm: GC_CONCURRENT freed 196K, 9% free 10665K/11719K, paused 1ms+2ms
07-05 14:12:12.030   545   548 D dalvikvm: GC_CONCURRENT freed 429K, 9% free 10672K/11719K, paused 2ms+3ms
07-05 14:12:12.210  1370 10434 E DictionaryProvider:UpdateHandler: Can't read a file : android.util.MalformedJsonException: Use JsonReader.setLenient(true) to accept malformed JSON at line 1 column 20
07-05 14:12:12.362   545   548 D dalvikvm: GC_CONCURRENT freed 685K, 12% free 10417K/11719K, paused 2ms+2ms
07-05 14:12:12.624   545   548 D dalvikvm: GC_CONCURRENT freed 414K, 12% free 10393K/11719K, paused 2ms+2ms
07-05 14:12:12.729   545 10437 I DownloadManager: Initiating request for download 5064
07-05 14:12:12.819   545   548 D dalvikvm: GC_CONCURRENT freed 233K, 10% free 10593K/11719K, paused 1ms+2ms
07-05 14:12:12.936   545   548 D dalvikvm: GC_CONCURRENT freed 294K, 9% free 10755K/11719K, paused 1ms+3ms
07-05 14:12:13.210   545   548 D dalvikvm: GC_CONCURRENT freed 793K, 12% free 10424K/11719K, paused 2ms+3ms
07-05 14:12:13.479   545   548 D dalvikvm: GC_CONCURRENT freed 412K, 12% free 10400K/11719K, paused 2ms+3ms
07-05 14:12:13.686   545 10440 I DownloadManager: Initiating request for download 5065
07-05 14:12:13.764   545   548 D dalvikvm: GC_CONCURRENT freed 307K, 11% free 10533K/11719K, paused 2ms+3ms
07-05 14:12:13.886   545   548 D dalvikvm: GC_CONCURRENT freed 266K, 9% free 10720K/11719K, paused 2ms+3ms
07-05 14:12:14.077   545   548 D dalvikvm: GC_CONCURRENT freed 741K, 12% free 10427K/11719K, paused 2ms+3ms
07-05 14:12:14.128  1370 10442 E DictionaryProvider:UpdateHandler: Can't read a file : android.util.MalformedJsonException: Use JsonReader.setLenient(true) to accept malformed JSON at line 1 column 20
07-05 14:12:14.178   465   467 D dalvikvm: GC_CONCURRENT freed 201K, 6% free 10491K/11143K, paused 4ms+3ms
07-05 14:12:14.413   545   548 D dalvikvm: GC_CONCURRENT freed 404K, 12% free 10413K/11719K, paused 1ms+2ms
07-05 14:12:14.682   545   548 D dalvikvm: GC_CONCURRENT freed 411K, 12% free 10392K/11719K, paused 2ms+2ms
07-05 14:12:14.729   545 10445 I DownloadManager: Initiating request for download 5065
07-05 14:12:14.835   545   548 D dalvikvm: GC_CONCURRENT freed 191K, 10% free 10638K/11719K, paused 2ms+2ms
07-05 14:12:14.956   545   548 D dalvikvm: GC_CONCURRENT freed 401K, 9% free 10677K/11719K, paused 2ms+2ms
07-05 14:12:15.249   545   548 D dalvikvm: GC_CONCURRENT freed 692K, 12% free 10416K/11719K, paused 2ms+3ms
07-05 14:12:15.514   545   548 D dalvikvm: GC_CONCURRENT freed 403K, 12% free 10399K/11719K, paused 2ms+2ms
07-05 14:12:15.678   545 10448 I DownloadManager: Initiating request for download 5066
07-05 14:12:15.764   545   548 D dalvikvm: GC_CONCURRENT freed 258K, 10% free 10625K/11719K, paused 2ms+2ms
07-05 14:12:15.882   545   548 D dalvikvm: GC_CONCURRENT freed 317K, 9% free 10744K/11719K, paused 2ms+2ms
07-05 14:12:16.057  1370 10450 E DictionaryProvider:UpdateHandler: Can't read a file : android.util.MalformedJsonException: Use JsonReader.setLenient(true) to accept malformed JSON at line 1 column 20
07-05 14:12:16.151   545   548 D dalvikvm: GC_CONCURRENT freed 763K, 11% free 10436K/11719K, paused 2ms+2ms
07-05 14:12:16.413   545   548 D dalvikvm: GC_CONCURRENT freed 421K, 12% free 10406K/11719K, paused 2ms+3ms
07-05 14:12:16.620   545 10453 I DownloadManager: Initiating request for download 5066
07-05 14:12:16.678   545   548 D dalvikvm: GC_CONCURRENT freed 365K, 11% free 10462K/11719K, paused 2ms+2ms
07-05 14:12:16.792   545   548 D dalvikvm: GC_CONCURRENT freed 210K, 9% free 10689K/11719K, paused 2ms+2ms
07-05 14:12:16.936   545   548 D dalvikvm: GC_CONCURRENT freed 654K, 11% free 10465K/11719K, paused 2ms+2ms
07-05 14:12:17.221   545   548 D dalvikvm: GC_CONCURRENT freed 438K, 12% free 10417K/11719K, paused 1ms+2ms
07-05 14:12:17.487   545   548 D dalvikvm: GC_CONCURRENT freed 408K, 12% free 10399K/11719K, paused 2ms+3ms
07-05 14:12:17.620   545 10456 I DownloadManager: Initiating request for download 5067
07-05 14:12:17.718   545   548 D dalvikvm: GC_CONCURRENT freed 231K, 10% free 10603K/11719K, paused 3ms+3ms
07-05 14:12:17.839   545   548 D dalvikvm: GC_CONCURRENT freed 301K, 9% free 10775K/11719K, paused 2ms+2ms
07-05 14:12:18.014  1370 10458 E DictionaryProvider:UpdateHandler: Can't read a file : android.util.MalformedJsonException: Use JsonReader.setLenient(true) to accept malformed JSON at line 1 column 20
07-05 14:12:18.042  1370  1372 D dalvikvm: GC_CONCURRENT freed 402K, 7% free 9129K/9735K, paused 1ms+2ms
07-05 14:12:18.171   545   548 D dalvikvm: GC_CONCURRENT freed 807K, 11% free 10431K/11719K, paused 1ms+2ms
07-05 14:12:18.432   545   548 D dalvikvm: GC_CONCURRENT freed 416K, 12% free 10406K/11719K, paused 2ms+2ms
07-05 14:12:18.604   545 10461 I DownloadManager: Initiating request for download 5067
07-05 14:12:18.678   545   548 D dalvikvm: GC_CONCURRENT freed 308K, 10% free 10569K/11719K, paused 2ms+4ms
07-05 14:12:18.803   545   548 D dalvikvm: GC_CONCURRENT freed 280K, 9% free 10730K/11719K, paused 2ms+2ms
07-05 14:12:19.026   545   548 D dalvikvm: GC_CONCURRENT freed 747K, 11% free 10439K/11719K, paused 2ms+2ms
07-05 14:12:19.284   545   548 D dalvikvm: GC_CONCURRENT freed 418K, 12% free 10412K/11719K, paused 2ms+2ms
07-05 14:12:19.550   545   548 D dalvikvm: GC_CONCURRENT freed 399K, 12% free 10398K/11719K, paused 2ms+2ms
07-05 14:12:19.604   545 10464 I DownloadManager: Initiating request for download 5068
07-05 14:12:19.721   545   548 D dalvikvm: GC_CONCURRENT freed 176K, 10% free 10658K/11719K, paused 2ms+3ms
07-05 14:12:19.846   545   548 D dalvikvm: GC_CONCURRENT freed 409K, 9% free 10685K/11719K, paused 1ms+3ms
07-05 14:12:20.011  1370 10466 E DictionaryProvider:UpdateHandler: Can't read a file : android.util.MalformedJsonException: Use JsonReader.setLenient(true) to accept malformed JSON at line 1 column 20
07-05 14:12:20.175   545   548 D dalvikvm: GC_CONCURRENT freed 689K, 12% free 10429K/11719K, paused 2ms+3ms
07-05 14:12:20.436   545   548 D dalvikvm: GC_CONCURRENT freed 414K, 12% free 10406K/11719K, paused 1ms+2ms
07-05 14:12:20.589   545 10469 I DownloadManager: Initiating request for download 5068
07-05 14:12:20.671   545   548 D dalvikvm: GC_CONCURRENT freed 267K, 10% free 10583K/11719K, paused 2ms+3ms
07-05 14:12:20.788   545   548 D dalvikvm: GC_CONCURRENT freed 292K, 9% free 10744K/11719K, paused 2ms+2ms
07-05 14:12:21.022   545   548 D dalvikvm: GC_CONCURRENT freed 765K, 11% free 10432K/11719K, paused 2ms+3ms
07-05 14:12:21.284   545   548 D dalvikvm: GC_CONCURRENT freed 410K, 12% free 10413K/11719K, paused 2ms+2ms
07-05 14:12:21.526   545 10472 I DownloadManager: Initiating request for download 5069
07-05 14:12:21.585   545   548 D dalvikvm: GC_CONCURRENT freed 385K, 11% free 10452K/11719K, paused 2ms+4ms
07-05 14:12:21.721   545   548 D dalvikvm: GC_CONCURRENT freed 204K, 9% free 10741K/11719K, paused 2ms+2ms
07-05 14:12:21.893   545   548 D dalvikvm: GC_CONCURRENT freed 722K, 11% free 10470K/11719K, paused 2ms+2ms
07-05 14:12:22.182  1370 10474 E DictionaryProvider:UpdateHandler: Can't read a file : android.util.MalformedJsonException: Use JsonReader.setLenient(true) to accept malformed JSON at line 1 column 20
07-05 14:12:22.190   545   548 D dalvikvm: GC_CONCURRENT freed 445K, 11% free 10433K/11719K, paused 2ms+3ms
07-05 14:12:22.460   545   548 D dalvikvm: GC_CONCURRENT freed 410K, 12% free 10413K/11719K, paused 2ms+2ms
07-05 14:12:22.534   545 10476 I DownloadManager: Initiating request for download 5069
07-05 14:12:22.612   545   548 D dalvikvm: GC_CONCURRENT freed 214K, 10% free 10635K/11719K, paused 2ms+3ms
07-05 14:12:22.718   545   548 D dalvikvm: GC_CONCURRENT freed 378K, 9% free 10693K/11719K, paused 2ms+3ms
07-05 14:12:23.050   545   548 D dalvikvm: GC_CONCURRENT freed 699K, 11% free 10431K/11719K, paused 2ms+2ms
07-05 14:12:23.311   545   548 D dalvikvm: GC_CONCURRENT freed 409K, 12% free 10412K/11719K, paused 2ms+2ms
07-05 14:12:23.514   545 10480 I DownloadManager: Initiating request for download 5070
07-05 14:12:23.596   545   548 D dalvikvm: GC_CONCURRENT freed 302K, 10% free 10556K/11719K, paused 2ms+4ms
07-05 14:12:23.721   545   548 D dalvikvm: GC_CONCURRENT freed 259K, 8% free 10787K/11719K, paused 2ms+2ms
07-05 14:12:23.944   545   548 D dalvikvm: GC_CONCURRENT freed 807K, 11% free 10448K/11719K, paused 2ms+3ms
07-05 14:12:24.210   545   548 D dalvikvm: GC_CONCURRENT freed 410K, 12% free 10429K/11719K, paused 2ms+2ms
07-05 14:12:24.483   545   548 D dalvikvm: GC_CONCURRENT freed 400K, 11% free 10436K/11719K, paused 1ms+2ms
07-05 14:12:25.272  1370 10482 E DictionaryProvider:UpdateHandler: Can't read a file : android.util.MalformedJsonException: Use JsonReader.setLenient(true) to accept malformed JSON at line 1 column 20
07-05 14:12:25.514   545   548 D dalvikvm: GC_CONCURRENT freed 380K, 11% free 10446K/11719K, paused 2ms+2ms
07-05 14:12:25.803   545   548 D dalvikvm: GC_CONCURRENT freed 412K, 12% free 10421K/11719K, paused 2ms+3ms
07-05 14:12:26.112   545   548 D dalvikvm: GC_CONCURRENT freed 364K, 11% free 10448K/11719K, paused 2ms+3ms
07-05 14:12:26.362   545   548 D dalvikvm: GC_CONCURRENT freed 408K, 12% free 10430K/11719K, paused 2ms+2ms
07-05 14:12:26.628   545   548 D dalvikvm: GC_CONCURRENT freed 403K, 12% free 10417K/11719K, paused 2ms+2ms
07-05 14:12:26.761   545 10485 I DownloadManager: Initiating request for download 5071
07-05 14:12:26.882   545   548 D dalvikvm: GC_CONCURRENT freed 233K, 10% free 10645K/11719K, paused 2ms+3ms
07-05 14:12:26.999   545   548 D dalvikvm: GC_CONCURRENT freed 303K, 8% free 10796K/11719K, paused 2ms+3ms
07-05 14:12:27.171  1370 10487 E DictionaryProvider:UpdateHandler: Can't read a file : android.util.MalformedJsonException: Use JsonReader.setLenient(true) to accept malformed JSON at line 1 column 20
07-05 14:12:27.202  1370  1372 D dalvikvm: GC_CONCURRENT freed 385K, 7% free 9128K/9735K, paused 2ms+4ms
07-05 14:12:27.335   545   548 D dalvikvm: GC_CONCURRENT freed 818K, 11% free 10447K/11719K, paused 1ms+2ms
07-05 14:12:27.600   545   548 D dalvikvm: GC_CONCURRENT freed 409K, 12% free 10425K/11719K, paused 1ms+2ms
07-05 14:12:27.761   545 10490 I DownloadManager: Initiating request for download 5071
07-05 14:12:27.819   545   548 D dalvikvm: GC_CONCURRENT freed 282K, 10% free 10564K/11719K, paused 1ms+3ms
07-05 14:12:27.940   545   548 D dalvikvm: GC_CONCURRENT freed 263K, 9% free 10740K/11719K, paused 2ms+3ms
07-05 14:12:28.136   545   548 D dalvikvm: GC_CONCURRENT freed 721K, 11% free 10476K/11719K, paused 2ms+3ms
07-05 14:12:28.417   545   548 D dalvikvm: GC_CONCURRENT freed 431K, 11% free 10436K/11719K, paused 2ms+3ms
07-05 14:12:28.671   545   548 D dalvikvm: GC_CONCURRENT freed 408K, 12% free 10418K/11719K, paused 2ms+2ms
07-05 14:12:28.753   545 10493 I DownloadManager: Initiating request for download 5072
07-05 14:12:28.854   156   168 D dalvikvm: GC_EXPLICIT freed 467K, 12% free 14096K/16007K, paused 2ms+5ms
07-05 14:12:28.928   545   548 D dalvikvm: GC_CONCURRENT freed 193K, 10% free 10662K/11719K, paused 2ms+3ms
07-05 14:12:29.053   545   548 D dalvikvm: GC_CONCURRENT freed 417K, 9% free 10692K/11719K, paused 2ms+2ms
07-05 14:12:29.202  1370 10495 E DictionaryProvider:UpdateHandler: Can't read a file : android.util.MalformedJsonException: Use JsonReader.setLenient(true) to accept malformed JSON at line 1 column 20
07-05 14:12:29.366   545   548 D dalvikvm: GC_CONCURRENT freed 694K, 11% free 10435K/11719K, paused 2ms+2ms
07-05 14:12:29.632   545   548 D dalvikvm: GC_CONCURRENT freed 410K, 12% free 10411K/11719K, paused 2ms+2ms
07-05 14:12:29.803   545 10498 I DownloadManager: Initiating request for download 5072
07-05 14:12:29.889   545   548 D dalvikvm: GC_CONCURRENT freed 293K, 10% free 10574K/11719K, paused 2ms+3ms
07-05 14:12:30.011   545   548 D dalvikvm: GC_CONCURRENT freed 289K, 8% free 10789K/11719K, paused 2ms+3ms
07-05 14:12:30.249   545   548 D dalvikvm: GC_CONCURRENT freed 823K, 11% free 10435K/11719K, paused 2ms+2ms
07-05 14:12:30.511   545   548 D dalvikvm: GC_CONCURRENT freed 410K, 12% free 10415K/11719K, paused 2ms+3ms
07-05 14:12:30.753   545 10501 I DownloadManager: Initiating request for download 5073
07-05 14:12:30.815   545   548 D dalvikvm: GC_CONCURRENT freed 365K, 11% free 10476K/11719K, paused 2ms+4ms
07-05 14:12:30.948   545   548 D dalvikvm: GC_CONCURRENT freed 215K, 9% free 10698K/11719K, paused 2ms+3ms
07-05 14:12:31.089   545   548 D dalvikvm: GC_CONCURRENT freed 661K, 11% free 10476K/11719K, paused 2ms+2ms
07-05 14:12:31.343   545   548 D dalvikvm: GC_CONCURRENT freed 403K, 11% free 10463K/11719K, paused 2ms+2ms
07-05 14:12:31.608   545   548 D dalvikvm: GC_CONCURRENT freed 401K, 11% free 10450K/11719K, paused 2ms+2ms
07-05 14:12:31.925  1370 10503 E DictionaryProvider:UpdateHandler: Can't read a file : android.util.MalformedJsonException: Use JsonReader.setLenient(true) to accept malformed JSON at line 1 column 20
07-05 14:12:31.948   545  9095 D dalvikvm: GC_EXPLICIT freed 191K, 11% free 10482K/11719K, paused 9ms+4ms
07-05 14:12:32.303   545   548 D dalvikvm: GC_CONCURRENT freed 444K, 12% free 10430K/11719K, paused 2ms+2ms
07-05 14:12:32.565   545   548 D dalvikvm: GC_CONCURRENT freed 408K, 12% free 10411K/11719K, paused 2ms+2ms
07-05 14:12:32.749   545 10506 I DownloadManager: Initiating request for download 5074
07-05 14:12:32.846   545   548 D dalvikvm: GC_CONCURRENT freed 263K, 10% free 10592K/11719K, paused 2ms+3ms
07-05 14:12:32.968   545   548 D dalvikvm: GC_CONCURRENT freed 293K, 9% free 10759K/11719K, paused 1ms+4ms
07-05 14:12:33.221  1370 10508 E DictionaryProvider:UpdateHandler: Can't read a file : android.util.MalformedJsonException: Use JsonReader.setLenient(true) to accept malformed JSON at line 1 column 20
07-05 14:12:33.237   545   548 D dalvikvm: GC_CONCURRENT freed 777K, 11% free 10454K/11719K, paused 2ms+2ms
07-05 14:12:33.522   545   548 D dalvikvm: GC_CONCURRENT freed 415K, 11% free 10434K/11719K, paused 2ms+3ms
07-05 14:12:33.745   545 10511 I DownloadManager: Initiating request for download 5074
07-05 14:12:33.803   545   548 D dalvikvm: GC_CONCURRENT freed 391K, 11% free 10479K/11719K, paused 1ms+2ms
07-05 14:12:33.917   545   548 D dalvikvm: GC_CONCURRENT freed 202K, 9% free 10693K/11719K, paused 2ms+2ms
07-05 14:12:34.046   545   548 D dalvikvm: GC_CONCURRENT freed 670K, 11% free 10478K/11719K, paused 2ms+3ms
07-05 14:12:34.331   545   548 D dalvikvm: GC_CONCURRENT freed 435K, 11% free 10433K/11719K, paused 2ms+2ms
07-05 14:12:34.596   545   548 D dalvikvm: GC_CONCURRENT freed 410K, 12% free 10414K/11719K, paused 2ms+2ms
07-05 14:12:34.741   545 10514 I DownloadManager: Initiating request for download 5075
07-05 14:12:34.831   545   548 D dalvikvm: GC_CONCURRENT freed 234K, 10% free 10602K/11719K, paused 2ms+3ms
07-05 14:12:34.952   545   548 D dalvikvm: GC_CONCURRENT freed 287K, 9% free 10767K/11719K, paused 2ms+2ms
07-05 14:12:35.132  1370 10516 E DictionaryProvider:UpdateHandler: Can't read a file : android.util.MalformedJsonException: Use JsonReader.setLenient(true) to accept malformed JSON at line 1 column 20
07-05 14:12:35.175  1370  1372 D dalvikvm: GC_CONCURRENT freed 386K, 7% free 9125K/9735K, paused 1ms+2ms
07-05 14:12:35.253   545   548 D dalvikvm: GC_CONCURRENT freed 780K, 11% free 10447K/11719K, paused 2ms+3ms
07-05 14:12:35.526   545   548 D dalvikvm: GC_CONCURRENT freed 412K, 12% free 10423K/11719K, paused 1ms+2ms
07-05 14:12:35.749   545 10519 I DownloadManager: Initiating request for download 5075
07-05 14:12:35.803   545   548 D dalvikvm: GC_CONCURRENT freed 386K, 11% free 10467K/11719K, paused 2ms+2ms
07-05 14:12:35.913   545   548 D dalvikvm: GC_CONCURRENT freed 189K, 9% free 10690K/11719K, paused 2ms+3ms
07-05 14:12:36.050   545   548 D dalvikvm: GC_CONCURRENT freed 437K, 9% free 10702K/11719K, paused 2ms+2ms
07-05 14:12:36.358   545   548 D dalvikvm: GC_CONCURRENT freed 708K, 11% free 10434K/11719K, paused 2ms+2ms
07-05 14:12:36.620   545   548 D dalvikvm: GC_CONCURRENT freed 409K, 12% free 10416K/11719K, paused 2ms+2ms
07-05 14:12:36.764   545 10522 I DownloadManager: Initiating request for download 5076
07-05 14:12:36.874   545   548 D dalvikvm: GC_CONCURRENT freed 234K, 10% free 10618K/11719K, paused 2ms+2ms
07-05 14:12:36.999   545   548 D dalvikvm: GC_CONCURRENT freed 299K, 8% free 10783K/11719K, paused 1ms+3ms
07-05 14:12:37.178  1370 10524 E DictionaryProvider:UpdateHandler: Can't read a file : android.util.MalformedJsonException: Use JsonReader.setLenient(true) to accept malformed JSON at line 1 column 20
07-05 14:12:37.296   545   548 D dalvikvm: GC_CONCURRENT freed 801K, 11% free 10449K/11719K, paused 2ms+3ms
07-05 14:12:37.561   545   548 D dalvikvm: GC_CONCURRENT freed 411K, 12% free 10425K/11719K, paused 2ms+2ms
07-05 14:12:37.753   545 10527 I DownloadManager: Initiating request for download 5076
07-05 14:12:37.815   545   548 D dalvikvm: GC_CONCURRENT freed 351K, 11% free 10476K/11719K, paused 2ms+2ms
07-05 14:12:37.928   545   548 D dalvikvm: GC_CONCURRENT freed 196K, 9% free 10699K/11719K, paused 2ms+2ms
07-05 14:12:38.069   545   548 D dalvikvm: GC_CONCURRENT freed 671K, 11% free 10485K/11719K, paused 2ms+3ms
07-05 14:12:38.358   545   548 D dalvikvm: GC_CONCURRENT freed 436K, 11% free 10439K/11719K, paused 2ms+2ms
07-05 14:12:38.636   545   548 D dalvikvm: GC_CONCURRENT freed 409K, 12% free 10420K/11719K, paused 1ms+2ms
07-05 14:12:38.772   545 10530 I DownloadManager: Initiating request for download 5077
07-05 14:12:38.866   545   548 D dalvikvm: GC_CONCURRENT freed 239K, 10% free 10614K/11719K, paused 3ms+3ms
07-05 14:12:38.983   545   548 D dalvikvm: GC_CONCURRENT freed 298K, 9% free 10778K/11719K, paused 2ms+3ms
07-05 14:12:39.182  1370 10532 E DictionaryProvider:UpdateHandler: Can't read a file : android.util.MalformedJsonException: Use JsonReader.setLenient(true) to accept malformed JSON at line 1 column 20
07-05 14:12:39.264   545   548 D dalvikvm: GC_CONCURRENT freed 788K, 11% free 10459K/11719K, paused 2ms+3ms
07-05 14:12:39.530   545   548 D dalvikvm: GC_CONCURRENT freed 422K, 12% free 10428K/11719K, paused 2ms+3ms
07-05 14:12:39.749   545 10535 I DownloadManager: Initiating request for download 5077
07-05 14:12:39.811   545   548 D dalvikvm: GC_CONCURRENT freed 368K, 10% free 10552K/11719K, paused 2ms+2ms
07-05 14:12:39.936   545   548 D dalvikvm: GC_CONCURRENT freed 268K, 9% free 10746K/11719K, paused 1ms+3ms
07-05 14:12:40.136   545   548 D dalvikvm: GC_CONCURRENT freed 713K, 11% free 10488K/11719K, paused 2ms+2ms
07-05 14:12:40.421   545   548 D dalvikvm: GC_CONCURRENT freed 442K, 11% free 10437K/11719K, paused 2ms+2ms
07-05 14:12:40.686   545   548 D dalvikvm: GC_CONCURRENT freed 410K, 12% free 10418K/11719K, paused 2ms+3ms
07-05 14:12:40.792   545 10538 I DownloadManager: Initiating request for download 5078
07-05 14:12:40.909   545   548 D dalvikvm: GC_CONCURRENT freed 191K, 10% free 10661K/11719K, paused 1ms+2ms
07-05 14:12:41.034   545   548 D dalvikvm: GC_CONCURRENT freed 397K, 9% free 10718K/11719K, paused 2ms+3ms
07-05 14:12:41.292   545   548 D dalvikvm: GC_CONCURRENT freed 684K, 11% free 10477K/11719K, paused 2ms+2ms
07-05 14:12:41.475  1370 10540 E DictionaryProvider:UpdateHandler: Can't read a file : android.util.MalformedJsonException: Use JsonReader.setLenient(true) to accept malformed JSON at line 1 column 20
07-05 14:12:41.608   545   548 D dalvikvm: GC_CONCURRENT freed 424K, 11% free 10440K/11719K, paused 2ms+2ms
07-05 14:12:41.776   545 10543 I DownloadManager: Initiating request for download 5078
07-05 14:12:41.854   545   548 D dalvikvm: GC_CONCURRENT freed 308K, 11% free 10545K/11719K, paused 2ms+2ms
07-05 14:12:41.979   545   548 D dalvikvm: GC_CONCURRENT freed 245K, 9% free 10735K/11719K, paused 1ms+2ms
07-05 14:12:42.147   545   548 D dalvikvm: GC_CONCURRENT freed 697K, 11% free 10490K/11719K, paused 2ms+3ms
07-05 14:12:42.440   545   548 D dalvikvm: GC_CONCURRENT freed 433K, 11% free 10443K/11719K, paused 2ms+2ms
07-05 14:12:42.718   545   548 D dalvikvm: GC_CONCURRENT freed 409K, 12% free 10424K/11719K, paused 2ms+3ms
07-05 14:12:42.815   545 10546 I DownloadManager: Initiating request for download 5079
07-05 14:12:42.917   545   548 D dalvikvm: GC_CONCURRENT freed 212K, 10% free 10649K/11719K, paused 2ms+2ms
07-05 14:12:43.042   545   548 D dalvikvm: GC_CONCURRENT freed 311K, 8% free 10808K/11719K, paused 2ms+4ms
07-05 14:12:43.221  1370 10548 E DictionaryProvider:UpdateHandler: Can't read a file : android.util.MalformedJsonException: Use JsonReader.setLenient(true) to accept malformed JSON at line 1 column 20
07-05 14:12:43.257  1370  1372 D dalvikvm: GC_CONCURRENT freed 385K, 7% free 9131K/9735K, paused 2ms+2ms
07-05 14:12:43.386   545   548 D dalvikvm: GC_CONCURRENT freed 826K, 11% free 10456K/11719K, paused 2ms+2ms
07-05 14:12:43.651   545   548 D dalvikvm: GC_CONCURRENT freed 415K, 11% free 10431K/11719K, paused 2ms+3ms
07-05 14:12:43.815   545 10551 I DownloadManager: Initiating request for download 5079
07-05 14:12:43.874   545   548 D dalvikvm: GC_CONCURRENT freed 292K, 10% free 10588K/11719K, paused 2ms+3ms
07-05 14:12:44.003   545   548 D dalvikvm: GC_CONCURRENT freed 278K, 8% free 10812K/11719K, paused 2ms+3ms
