07-05 14:32:01.789   545   548 D dalvikvm: GC_CONCURRENT freed 421K, 11% free 10513K/11719K, paused 1ms+2ms
07-05 14:32:02.059   545   548 D dalvikvm: GC_CONCURRENT freed 403K, 11% free 10501K/11719K, paused 2ms+3ms
07-05 14:32:02.094   545 14460 I DownloadManager: Initiating request for download 5542
07-05 14:32:02.211   545   548 D dalvikvm: GC_CONCURRENT freed 164K, 9% free 10772K/11719K, paused 2ms+3ms
07-05 14:32:02.332   545   548 D dalvikvm: GC_CONCURRENT freed 330K, 7% free 10939K/11719K, paused 2ms+3ms
07-05 14:32:02.391   993  1240 I PhoneLab-: Service Running
07-05 14:32:02.422   993  1240 I PhoneLab-LoggerService: app_49    1247  993   1956   1584  c00f181c 400107b4 S logcat
07-05 14:32:02.422   993  1240 I PhoneLab-LoggerService: Logcat pid from database 1247
07-05 14:32:02.426   993  1240 I PhoneLab-LoggerService: Logcat process found 1247
07-05 14:32:02.426   993  1240 I PhoneLab-LoggerService: Checking Threshold
07-05 14:32:02.426   993  1240 I PhoneLab-LoggerService: Starting to rename files
07-05 14:32:02.430   993  1240 I PhoneLab-LoggerService: Files found .. 50
07-05 14:32:02.430   993  1240 I PhoneLab-LoggerService: File 1 log.out.1
07-05 14:32:02.438   993  1240 I PhoneLab-LoggerService: Renamed successfully
07-05 14:32:02.664   545   548 D dalvikvm: GC_CONCURRENT freed 925K, 11% free 10531K/11719K, paused 2ms+2ms
07-05 14:32:02.942   545   548 D dalvikvm: GC_CONCURRENT freed 412K, 11% free 10511K/11719K, paused 1ms+2ms
07-05 14:32:03.153   545 14464 I DownloadManager: Initiating request for download 5543
07-05 14:32:03.215   545   548 D dalvikvm: GC_CONCURRENT freed 339K, 10% free 10580K/11719K, paused 2ms+4ms
07-05 14:32:03.336   545   548 D dalvikvm: GC_CONCURRENT freed 210K, 8% free 10813K/11719K, paused 2ms+3ms
07-05 14:32:03.477   545   548 D dalvikvm: GC_CONCURRENT freed 476K, 8% free 10836K/11719K, paused 2ms+2ms
07-05 14:32:03.629  1370 14466 E DictionaryProvider:UpdateHandler: Can't read a file : android.util.MalformedJsonException: Use JsonReader.setLenient(true) to accept malformed JSON at line 1 column 20
07-05 14:32:03.836   545   548 D dalvikvm: GC_CONCURRENT freed 785K, 11% free 10540K/11719K, paused 2ms+4ms
07-05 14:32:04.106   545   548 D dalvikvm: GC_CONCURRENT freed 420K, 11% free 10511K/11719K, paused 1ms+2ms
07-05 14:32:04.254   545 14469 I DownloadManager: Initiating request for download 5543
07-05 14:32:04.348   545   548 D dalvikvm: GC_CONCURRENT freed 273K, 9% free 10748K/11719K, paused 1ms+4ms
07-05 14:32:04.481   545   548 D dalvikvm: GC_CONCURRENT freed 372K, 7% free 10918K/11719K, paused 1ms+3ms
07-05 14:32:04.653   545 14469 D dalvikvm: GC_EXPLICIT freed 679K, 10% free 10606K/11719K, paused 2ms+4ms
07-05 14:32:04.922   545   548 D dalvikvm: GC_CONCURRENT freed 449K, 10% free 10564K/11719K, paused 1ms+3ms
07-05 14:32:05.196   545   548 D dalvikvm: GC_CONCURRENT freed 404K, 10% free 10556K/11719K, paused 2ms+2ms
07-05 14:32:06.508   545 14471 I DownloadManager: Initiating request for download 5544
07-05 14:32:06.614   545   548 D dalvikvm: GC_CONCURRENT freed 264K, 9% free 10727K/11719K, paused 2ms+3ms
07-05 14:32:06.742   545   548 D dalvikvm: GC_CONCURRENT freed 310K, 7% free 10902K/11719K, paused 2ms+3ms
07-05 14:32:06.985  1370 14474 E DictionaryProvider:UpdateHandler: Can't read a file : android.util.MalformedJsonException: Use JsonReader.setLenient(true) to accept malformed JSON at line 1 column 20
07-05 14:32:07.000   545   548 D dalvikvm: GC_CONCURRENT freed 865K, 10% free 10560K/11719K, paused 2ms+2ms
07-05 14:32:07.278   545   548 D dalvikvm: GC_CONCURRENT freed 426K, 11% free 10526K/11719K, paused 1ms+2ms
07-05 14:32:07.551   545   548 D dalvikvm: GC_CONCURRENT freed 407K, 11% free 10509K/11719K, paused 2ms+3ms
07-05 14:32:07.633   545 14477 I DownloadManager: Initiating request for download 5544
07-05 14:32:07.739   545   548 D dalvikvm: GC_CONCURRENT freed 196K, 9% free 10749K/11719K, paused 1ms+3ms
07-05 14:32:07.864   545   548 D dalvikvm: GC_CONCURRENT freed 329K, 7% free 10929K/11719K, paused 2ms+2ms
07-05 14:32:08.137   545   548 D dalvikvm: GC_CONCURRENT freed 907K, 11% free 10538K/11719K, paused 2ms+2ms
07-05 14:32:08.399   545   548 D dalvikvm: GC_CONCURRENT freed 409K, 11% free 10519K/11719K, paused 2ms+2ms
07-05 14:32:08.676   545 14480 I DownloadManager: Initiating request for download 5545
07-05 14:32:08.723   545   548 D dalvikvm: GC_CONCURRENT freed 409K, 11% free 10541K/11719K, paused 2ms+3ms
07-05 14:32:08.867   545   548 D dalvikvm: GC_CONCURRENT freed 179K, 8% free 10799K/11719K, paused 2ms+2ms
07-05 14:32:08.996   545   548 D dalvikvm: GC_CONCURRENT freed 451K, 8% free 10842K/11719K, paused 2ms+2ms
07-05 14:32:09.188  1370 14482 E DictionaryProvider:UpdateHandler: Can't read a file : android.util.MalformedJsonException: Use JsonReader.setLenient(true) to accept malformed JSON at line 1 column 20
07-05 14:32:09.328   545   548 D dalvikvm: GC_CONCURRENT freed 780K, 11% free 10546K/11719K, paused 2ms+2ms
07-05 14:32:09.594   545   548 D dalvikvm: GC_CONCURRENT freed 415K, 11% free 10521K/11719K, paused 2ms+2ms
07-05 14:32:09.785   545 14485 I DownloadManager: Initiating request for download 5545
07-05 14:32:09.840   545   548 D dalvikvm: GC_CONCURRENT freed 341K, 10% free 10587K/11719K, paused 2ms+3ms
07-05 14:32:09.961   545   548 D dalvikvm: GC_CONCURRENT freed 210K, 8% free 10823K/11719K, paused 2ms+3ms
07-05 14:32:10.098   545   548 D dalvikvm: GC_CONCURRENT freed 479K, 8% free 10845K/11719K, paused 2ms+2ms
07-05 14:32:10.418   545   548 D dalvikvm: GC_CONCURRENT freed 796K, 11% free 10535K/11719K, paused 2ms+2ms
07-05 14:32:10.684   545   548 D dalvikvm: GC_CONCURRENT freed 409K, 11% free 10517K/11719K, paused 2ms+3ms
07-05 14:32:10.864   545 14488 I DownloadManager: Initiating request for download 5546
07-05 14:32:10.957   545   548 D dalvikvm: GC_CONCURRENT freed 256K, 9% free 10688K/11719K, paused 2ms+3ms
07-05 14:32:11.082   545   548 D dalvikvm: GC_CONCURRENT freed 301K, 8% free 10875K/11719K, paused 2ms+3ms
07-05 14:32:11.262   545   548 D dalvikvm: GC_CONCURRENT freed 788K, 10% free 10587K/11719K, paused 2ms+3ms
07-05 14:32:11.328  1370 14490 E DictionaryProvider:UpdateHandler: Can't read a file : android.util.MalformedJsonException: Use JsonReader.setLenient(true) to accept malformed JSON at line 1 column 20
07-05 14:32:11.360  1370  1372 D dalvikvm: GC_CONCURRENT freed 363K, 7% free 9134K/9735K, paused 1ms+2ms
07-05 14:32:11.598   545   548 D dalvikvm: GC_CONCURRENT freed 445K, 11% free 10542K/11719K, paused 2ms+3ms
07-05 14:32:11.879   545   548 D dalvikvm: GC_CONCURRENT freed 415K, 11% free 10518K/11719K, paused 2ms+2ms
07-05 14:32:12.000   545 14493 I DownloadManager: Initiating request for download 5546
07-05 14:32:12.090   545   548 D dalvikvm: GC_CONCURRENT freed 241K, 9% free 10718K/11719K, paused 2ms+2ms
07-05 14:32:12.215   545   548 D dalvikvm: GC_CONCURRENT freed 317K, 8% free 10897K/11719K, paused 2ms+3ms
07-05 14:32:12.426   545   548 D dalvikvm: GC_CONCURRENT freed 854K, 10% free 10550K/11719K, paused 2ms+3ms
07-05 14:32:12.700   545   548 D dalvikvm: GC_CONCURRENT freed 406K, 11% free 10534K/11719K, paused 2ms+2ms
07-05 14:32:12.961   545   548 D dalvikvm: GC_CONCURRENT freed 406K, 11% free 10518K/11719K, paused 2ms+2ms
07-05 14:32:13.071   545 14496 I DownloadManager: Initiating request for download 5547
07-05 14:32:13.200   545   548 D dalvikvm: GC_CONCURRENT freed 216K, 8% free 10807K/11719K, paused 2ms+3ms
07-05 14:32:13.321   545   548 D dalvikvm: GC_CONCURRENT freed 363K, 7% free 10944K/11719K, paused 2ms+3ms
07-05 14:32:13.532   156   559 D dalvikvm: GC_EXPLICIT freed 506K, 13% free 14086K/16007K, paused 3ms+6ms
07-05 14:32:13.582  1370 14498 E DictionaryProvider:UpdateHandler: Can't read a file : android.util.MalformedJsonException: Use JsonReader.setLenient(true) to accept malformed JSON at line 1 column 20
07-05 14:32:13.707   545   548 D dalvikvm: GC_CONCURRENT freed 913K, 10% free 10550K/11719K, paused 2ms+3ms
07-05 14:32:13.965   545   548 D dalvikvm: GC_CONCURRENT freed 430K, 11% free 10511K/11719K, paused 2ms+3ms
07-05 14:32:14.184   545 14501 I DownloadManager: Initiating request for download 5547
07-05 14:32:14.239   545   548 D dalvikvm: GC_CONCURRENT freed 394K, 10% free 10557K/11719K, paused 2ms+3ms
07-05 14:32:14.360   545   548 D dalvikvm: GC_CONCURRENT freed 191K, 8% free 10802K/11719K, paused 1ms+2ms
07-05 14:32:14.492   545   548 D dalvikvm: GC_CONCURRENT freed 459K, 8% free 10837K/11719K, paused 2ms+2ms
07-05 14:32:14.809   545   548 D dalvikvm: GC_CONCURRENT freed 793K, 11% free 10528K/11719K, paused 2ms+3ms
07-05 14:32:15.078   545   548 D dalvikvm: GC_CONCURRENT freed 407K, 11% free 10510K/11719K, paused 2ms+2ms
07-05 14:32:15.289   545 14504 I DownloadManager: Initiating request for download 5548
07-05 14:32:15.371   545   548 D dalvikvm: GC_CONCURRENT freed 308K, 10% free 10639K/11719K, paused 3ms+3ms
07-05 14:32:15.496   545   548 D dalvikvm: GC_CONCURRENT freed 267K, 7% free 10900K/11719K, paused 2ms+3ms
07-05 14:32:15.668   545   548 D dalvikvm: GC_CONCURRENT freed 836K, 10% free 10571K/11719K, paused 2ms+3ms
07-05 14:32:15.750  1370 14506 E DictionaryProvider:UpdateHandler: Can't read a file : android.util.MalformedJsonException: Use JsonReader.setLenient(true) to accept malformed JSON at line 1 column 20
07-05 14:32:15.981   545   548 D dalvikvm: GC_CONCURRENT freed 434K, 11% free 10532K/11719K, paused 2ms+3ms
07-05 14:32:16.246   545   548 D dalvikvm: GC_CONCURRENT freed 415K, 11% free 10508K/11719K, paused 2ms+2ms
07-05 14:32:16.379   545 14509 I DownloadManager: Initiating request for download 5548
07-05 14:32:16.461   545   548 D dalvikvm: GC_CONCURRENT freed 241K, 9% free 10708K/11719K, paused 2ms+3ms
07-05 14:32:16.594   545   548 D dalvikvm: GC_CONCURRENT freed 315K, 7% free 10945K/11719K, paused 2ms+3ms
07-05 14:32:16.848   545   548 D dalvikvm: GC_CONCURRENT freed 929K, 11% free 10535K/11719K, paused 2ms+2ms
07-05 14:32:17.114   545   548 D dalvikvm: GC_CONCURRENT freed 406K, 11% free 10518K/11719K, paused 1ms+2ms
07-05 14:32:17.387   545   548 D dalvikvm: GC_CONCURRENT freed 401K, 11% free 10504K/11719K, paused 2ms+2ms
07-05 14:32:17.465   545 14512 I DownloadManager: Initiating request for download 5549
07-05 14:32:17.571   545   548 D dalvikvm: GC_CONCURRENT freed 178K, 9% free 10763K/11719K, paused 1ms+2ms
07-05 14:32:17.692   545   548 D dalvikvm: GC_CONCURRENT freed 330K, 7% free 10946K/11719K, paused 1ms+3ms
07-05 14:32:17.867  1370 14514 E DictionaryProvider:UpdateHandler: Can't read a file : android.util.MalformedJsonException: Use JsonReader.setLenient(true) to accept malformed JSON at line 1 column 20
07-05 14:32:18.008   545   548 D dalvikvm: GC_CONCURRENT freed 920K, 11% free 10544K/11719K, paused 2ms+2ms
07-05 14:32:18.270   545   548 D dalvikvm: GC_CONCURRENT freed 417K, 11% free 10517K/11719K, paused 1ms+2ms
07-05 14:32:18.489   545 14517 I DownloadManager: Initiating request for download 5549
07-05 14:32:18.547   545   548 D dalvikvm: GC_CONCURRENT freed 384K, 11% free 10544K/11719K, paused 2ms+2ms
07-05 14:32:18.653   545   548 D dalvikvm: GC_CONCURRENT freed 180K, 8% free 10801K/11719K, paused 2ms+3ms
07-05 14:32:18.793   545   548 D dalvikvm: GC_CONCURRENT freed 452K, 8% free 10851K/11719K, paused 2ms+2ms
07-05 14:32:19.102   545   548 D dalvikvm: GC_CONCURRENT freed 802K, 11% free 10537K/11719K, paused 2ms+3ms
07-05 14:32:19.375   545   548 D dalvikvm: GC_CONCURRENT freed 408K, 11% free 10516K/11719K, paused 2ms+2ms
07-05 14:32:19.590   545 14520 I DownloadManager: Initiating request for download 5550
07-05 14:32:19.653   545   548 D dalvikvm: GC_CONCURRENT freed 329K, 10% free 10584K/11719K, paused 2ms+3ms
07-05 14:32:19.778   545   548 D dalvikvm: GC_CONCURRENT freed 210K, 8% free 10820K/11719K, paused 2ms+3ms
07-05 14:32:19.914   545   548 D dalvikvm: GC_CONCURRENT freed 473K, 8% free 10844K/11719K, paused 2ms+2ms
07-05 14:32:20.071  1370 14522 E DictionaryProvider:UpdateHandler: Can't read a file : android.util.MalformedJsonException: Use JsonReader.setLenient(true) to accept malformed JSON at line 1 column 20
07-05 14:32:20.114  1370  1372 D dalvikvm: GC_CONCURRENT freed 394K, 7% free 9128K/9735K, paused 1ms+2ms
07-05 14:32:20.297   545   548 D dalvikvm: GC_CONCURRENT freed 789K, 11% free 10540K/11719K, paused 2ms+3ms
07-05 14:32:20.567   545   548 D dalvikvm: GC_CONCURRENT freed 415K, 11% free 10516K/11719K, paused 1ms+2ms
07-05 14:32:20.735   545 14525 I DownloadManager: Initiating request for download 5550
07-05 14:32:20.821   545   548 D dalvikvm: GC_CONCURRENT freed 291K, 9% free 10682K/11719K, paused 2ms+3ms
07-05 14:32:20.946   545   548 D dalvikvm: GC_CONCURRENT freed 297K, 8% free 10873K/11719K, paused 2ms+3ms
07-05 14:32:21.114   545   548 D dalvikvm: GC_CONCURRENT freed 787K, 10% free 10584K/11719K, paused 2ms+2ms
07-05 14:32:21.383   545   548 D dalvikvm: GC_CONCURRENT freed 416K, 10% free 10564K/11719K, paused 1ms+3ms
07-05 14:32:21.657   545   548 D dalvikvm: GC_CONCURRENT freed 406K, 10% free 10551K/11719K, paused 2ms+2ms
07-05 14:32:22.520   545 14527 I DownloadManager: Initiating request for download 5551
07-05 14:32:22.614   545   548 D dalvikvm: GC_CONCURRENT freed 238K, 9% free 10769K/11719K, paused 2ms+3ms
07-05 14:32:22.742   545   548 D dalvikvm: GC_CONCURRENT freed 325K, 7% free 10952K/11719K, paused 2ms+3ms
07-05 14:32:23.004  1370 14530 E DictionaryProvider:UpdateHandler: Can't read a file : android.util.MalformedJsonException: Use JsonReader.setLenient(true) to accept malformed JSON at line 1 column 20
07-05 14:32:23.043   545   548 D dalvikvm: GC_CONCURRENT freed 932K, 10% free 10562K/11719K, paused 2ms+2ms
07-05 14:32:23.071   545 14532 I DownloadManager: in removeSpuriousFiles
07-05 14:32:23.145   545 14532 D dalvikvm: GC_FOR_ALLOC freed 271K, 8% free 10803K/11719K, paused 23ms
07-05 14:32:23.200   545 14532 I DownloadManager: in removeSpuriousFiles, preserving file /data/data/com.android.providers.downloads/cache/metadata-29.htm
07-05 14:32:23.200   545 14532 I DownloadManager: in removeSpuriousFiles, preserving file /data/data/com.android.providers.downloads/cache/metadata-438.htm
07-05 14:32:23.200   545 14532 I DownloadManager: in removeSpuriousFiles, preserving file /data/data/com.android.providers.downloads/cache/metadata-165.htm
07-05 14:32:23.200   545 14532 I DownloadManager: in removeSpuriousFiles, preserving file /data/data/com.android.providers.downloads/cache/metadata-338.htm
07-05 14:32:23.200   545 14532 I DownloadManager: in removeSpuriousFiles, preserving file /data/data/com.android.providers.downloads/cache/metadata-179.htm
07-05 14:32:23.203   545 14532 I DownloadManager: in removeSpuriousFiles, preserving file /data/data/com.android.providers.downloads/cache/metadata-204.htm
07-05 14:32:23.203   545 14532 I DownloadManager: in removeSpuriousFiles, preserving file /data/data/com.android.providers.downloads/cache/metadata-316.htm
07-05 14:32:23.203   545 14532 I DownloadManager: in removeSpuriousFiles, preserving file /data/data/com.android.providers.downloads/cache/metadata-287.htm
07-05 14:32:23.203   545 14532 I DownloadManager: in removeSpuriousFiles, preserving file /data/data/com.android.providers.downloads/cache/metadata-377.htm
07-05 14:32:23.203   545 14532 I DownloadManager: in removeSpuriousFiles, preserving file /data/data/com.android.providers.downloads/cache/metadata-86.htm
07-05 14:32:23.203   545 14532 I DownloadManager: in removeSpuriousFiles, preserving file /data/data/com.android.providers.downloads/cache/metadata-106.htm
07-05 14:32:23.203   545 14532 I DownloadManager: in removeSpuriousFiles, preserving file /data/data/com.android.providers.downloads/cache/metadata-330.htm
07-05 14:32:23.203   545 14532 I DownloadManager: in removeSpuriousFiles, preserving file /data/data/com.android.providers.downloads/cache/metadata-435.htm
07-05 14:32:23.203   545 14532 I DownloadManager: in removeSpuriousFiles, preserving file /data/data/com.android.providers.downloads/cache/metadata-396.htm
07-05 14:32:23.203   545 14532 I DownloadManager: in removeSpuriousFiles, preserving file /data/data/com.android.providers.downloads/cache/metadata-2141.htm
07-05 14:32:23.207   545 14532 I DownloadManager: in removeSpuriousFiles, preserving file /data/data/com.android.providers.downloads/cache/metadata-568.htm
07-05 14:32:23.207   545 14532 I DownloadManager: in removeSpuriousFiles, preserving file /data/data/com.android.providers.downloads/cache/metadata-189.htm
07-05 14:32:23.207   545 14532 I DownloadManager: in removeSpuriousFiles, preserving file /data/data/com.android.providers.downloads/cache/metadata-498.htm
07-05 14:32:23.207   545 14532 I DownloadManager: in removeSpuriousFiles, preserving file /data/data/com.android.providers.downloads/cache/metadata-228.htm
07-05 14:32:23.207   545 14532 I DownloadManager: in removeSpuriousFiles, preserving file /data/data/com.android.providers.downloads/cache/metadata-246.htm
07-05 14:32:23.207   545 14532 I DownloadManager: in removeSpuriousFiles, preserving file /data/data/com.android.providers.downloads/cache/metadata-173.htm
07-05 14:32:23.207   545 14532 I DownloadManager: in removeSpuriousFiles, preserving file /data/data/com.android.providers.downloads/cache/metadata-236.htm
07-05 14:32:23.207   545 14532 I DownloadManager: in removeSpuriousFiles, preserving file /data/data/com.android.providers.downloads/cache/metadata-346.htm
07-05 14:32:23.207   545 14532 I DownloadManager: in removeSpuriousFiles, preserving file /data/data/com.android.providers.downloads/cache/metadata-1835.htm
07-05 14:32:23.207   545 14532 I DownloadManager: in removeSpuriousFiles, preserving file /data/data/com.android.providers.downloads/cache/metadata-256.htm
07-05 14:32:23.211   545 14532 I DownloadManager: in removeSpuriousFiles, preserving file /data/data/com.android.providers.downloads/cache/metadata-1509.htm
07-05 14:32:23.211   545 14532 I DownloadManager: in removeSpuriousFiles, preserving file /data/data/com.android.providers.downloads/cache/metadata-472.htm
07-05 14:32:23.211   545 14532 I DownloadManager: in removeSpuriousFiles, preserving file /data/data/com.android.providers.downloads/cache/metadata-1144.htm
07-05 14:32:23.211   545 14532 I DownloadManager: in removeSpuriousFiles, preserving file /data/data/com.android.providers.downloads/cache/metadata-422.htm
07-05 14:32:23.211   545 14532 I DownloadManager: in removeSpuriousFiles, preserving file /data/data/com.android.providers.downloads/cache/metadata-1286.htm
07-05 14:32:23.211   545 14532 I DownloadManager: in removeSpuriousFiles, preserving file /data/data/com.android.providers.downloads/cache/metadata-382.htm
07-05 14:32:23.211   545 14532 I DownloadManager: in removeSpuriousFiles, preserving file /data/data/com.android.providers.downloads/cache/metadata-835.htm
07-05 14:32:23.211   545 14532 I DownloadManager: in removeSpuriousFiles, preserving file /data/data/com.android.providers.downloads/cache/metadata-154.htm
07-05 14:32:23.211   545 14532 I DownloadManager: in removeSpuriousFiles, preserving file /data/data/com.android.providers.downloads/cache/metadata-509.htm
07-05 14:32:23.215   545 14532 I DownloadManager: in removeSpuriousFiles, preserving file /data/data/com.android.providers.downloads/cache/metadata-473.htm
07-05 14:32:23.215   545 14532 I DownloadManager: in removeSpuriousFiles, preserving file /data/data/com.android.providers.downloads/cache/metadata-1531.htm
07-05 14:32:23.215   545 14532 I DownloadManager: in removeSpuriousFiles, preserving file /data/data/com.android.providers.downloads/cache/metadata-592.htm
07-05 14:32:23.215   545 14532 I DownloadManager: in removeSpuriousFiles, preserving file /data/data/com.android.providers.downloads/cache/metadata-358.htm
07-05 14:32:23.215   545 14532 I DownloadManager: in removeSpuriousFiles, preserving file /data/data/com.android.providers.downloads/cache/metadata-417.htm
07-05 14:32:23.215   545 14532 I DownloadManager: in removeSpuriousFiles, preserving file /data/data/com.android.providers.downloads/cache/metadata-190.htm
07-05 14:32:23.215   545 14532 I DownloadManager: in removeSpuriousFiles, preserving file /data/data/com.android.providers.downloads/cache/metadata-1018.htm
07-05 14:32:23.219   545 14532 I DownloadManager: in removeSpuriousFiles, preserving file /data/data/com.android.providers.downloads/cache/metadata-603.htm
07-05 14:32:23.219   545 14532 I DownloadManager: in removeSpuriousFiles, preserving file /data/data/com.android.providers.downloads/cache/metadata-264.htm
07-05 14:32:23.219   545 14532 I DownloadManager: in removeSpuriousFiles, preserving file /data/data/com.android.providers.downloads/cache/metadata-582.htm
07-05 14:32:23.219   545 14532 I DownloadManager: in removeSpuriousFiles, preserving file /data/data/com.android.providers.downloads/cache/metadata-1080.htm
07-05 14:32:23.219   545 14532 I DownloadManager: in removeSpuriousFiles, preserving file /data/data/com.android.providers.downloads/cache/metadata-406.htm
07-05 14:32:23.219   545 14532 I DownloadManager: in removeSpuriousFiles, preserving file /data/data/com.android.providers.downloads/cache/metadata-485.htm
07-05 14:32:23.219   545 14532 I DownloadManager: in removeSpuriousFiles, preserving file /data/data/com.android.providers.downloads/cache/metadata-1377.htm
07-05 14:32:23.219   545 14532 I DownloadManager: in removeSpuriousFiles, preserving file /data/data/com.android.providers.downloads/cache/metadata-469.htm
07-05 14:32:23.223   545 14532 I DownloadManager: in removeSpuriousFiles, preserving file /data/data/com.android.providers.downloads/cache/metadata-1524.htm
07-05 14:32:23.223   545 14532 I DownloadManager: in removeSpuriousFiles, preserving file /data/data/com.android.providers.downloads/cache/metadata-492.htm
07-05 14:32:23.223   545 14532 I DownloadManager: in removeSpuriousFiles, preserving file /data/data/com.android.providers.downloads/cache/metadata-622.htm
07-05 14:32:23.223   545 14532 I DownloadManager: in removeSpuriousFiles, preserving file /data/data/com.android.providers.downloads/cache/metadata-1045.htm
07-05 14:32:23.223   545 14532 I DownloadManager: in removeSpuriousFiles, preserving file /data/data/com.android.providers.downloads/cache/metadata-2226.htm
07-05 14:32:23.223   545 14532 I DownloadManager: in removeSpuriousFiles, preserving file /data/data/com.android.providers.downloads/cache/metadata-479.htm
07-05 14:32:23.223   545 14532 I DownloadManager: in removeSpuriousFiles, preserving file /data/data/com.android.providers.downloads/cache/metadata-677.htm
07-05 14:32:23.227   545 14532 I DownloadManager: in removeSpuriousFiles, preserving file /data/data/com.android.providers.downloads/cache/metadata-1720.htm
07-05 14:32:23.227   545 14532 I DownloadManager: in removeSpuriousFiles, preserving file /data/data/com.android.providers.downloads/cache/metadata-2155.htm
07-05 14:32:23.227   545 14532 I DownloadManager: in removeSpuriousFiles, preserving file /data/data/com.android.providers.downloads/cache/metadata-361.htm
07-05 14:32:23.227   545 14532 I DownloadManager: in removeSpuriousFiles, preserving file /data/data/com.android.providers.downloads/cache/metadata-410.htm
07-05 14:32:23.227   545 14532 I DownloadManager: in removeSpuriousFiles, preserving file /data/data/com.android.providers.downloads/cache/metadata-484.htm
07-05 14:32:23.227   545 14532 I DownloadManager: in removeSpuriousFiles, preserving file /data/data/com.android.providers.downloads/cache/metadata-476.htm
07-05 14:32:23.231   545 14532 I DownloadManager: in removeSpuriousFiles, preserving file /data/data/com.android.providers.downloads/cache/metadata-457.htm
07-05 14:32:23.231   545 14532 I DownloadManager: in removeSpuriousFiles, preserving file /data/data/com.android.providers.downloads/cache/metadata-753.htm
07-05 14:32:23.231   545 14532 I DownloadManager: in removeSpuriousFiles, preserving file /data/data/com.android.providers.downloads/cache/metadata-293.htm
07-05 14:32:23.231   545 14532 I DownloadManager: in removeSpuriousFiles, preserving file /data/data/com.android.providers.downloads/cache/metadata-895.htm
07-05 14:32:23.231   545 14532 I DownloadManager: in removeSpuriousFiles, preserving file /data/data/com.android.providers.downloads/cache/metadata-558.htm
07-05 14:32:23.231   545 14532 I DownloadManager: in removeSpuriousFiles, preserving file /data/data/com.android.providers.downloads/cache/metadata-536.htm
07-05 14:32:23.235   545 14532 I DownloadManager: in removeSpuriousFiles, preserving file /data/data/com.android.providers.downloads/cache/metadata-1308.htm
07-05 14:32:23.235   545 14532 I DownloadManager: in removeSpuriousFiles, preserving file /data/data/com.android.providers.downloads/cache/metadata-402.htm
07-05 14:32:23.235   545 14532 I DownloadManager: in removeSpuriousFiles, preserving file /data/data/com.android.providers.downloads/cache/metadata-507.htm
07-05 14:32:23.235   545 14532 I DownloadManager: in removeSpuriousFiles, preserving file /data/data/com.android.providers.downloads/cache/metadata-1337.htm
07-05 14:32:23.235   545 14532 I DownloadManager: in removeSpuriousFiles, preserving file /data/data/com.android.providers.downloads/cache/metadata-510.htm
07-05 14:32:23.235   545 14532 I DownloadManager: in removeSpuriousFiles, preserving file /data/data/com.android.providers.downloads/cache/metadata-363.htm
07-05 14:32:23.239   545 14532 I DownloadManager: in removeSpuriousFiles, preserving file /data/data/com.android.providers.downloads/cache/metadata-570.htm
07-05 14:32:23.239   545 14532 I DownloadManager: in removeSpuriousFiles, preserving file /data/data/com.android.providers.downloads/cache/metadata-2318.htm
07-05 14:32:23.239   545 14532 I DownloadManager: in removeSpuriousFiles, preserving file /data/data/com.android.providers.downloads/cache/metadata-524.htm
07-05 14:32:23.239   545 14532 I DownloadManager: in removeSpuriousFiles, preserving file /data/data/com.android.providers.downloads/cache/metadata-1994.htm
07-05 14:32:23.239   545 14532 I DownloadManager: in removeSpuriousFiles, preserving file /data/data/com.android.providers.downloads/cache/metadata-1277.htm
07-05 14:32:23.239   545 14532 I DownloadManager: in removeSpuriousFiles, preserving file /data/data/com.android.providers.downloads/cache/metadata-1923.htm
07-05 14:32:23.242   545 14532 I DownloadManager: in removeSpuriousFiles, preserving file /data/data/com.android.providers.downloads/cache/metadata-1195.htm
07-05 14:32:23.242   545 14532 I DownloadManager: in removeSpuriousFiles, preserving file /data/data/com.android.providers.downloads/cache/metadata-1501.htm
07-05 14:32:23.242   545 14532 I DownloadManager: in removeSpuriousFiles, preserving file /data/data/com.android.providers.downloads/cache/metadata-514.htm
07-05 14:32:23.242   545 14532 I DownloadManager: in removeSpuriousFiles, preserving file /data/data/com.android.providers.downloads/cache/metadata-3040.htm
07-05 14:32:23.242   545 14532 I DownloadManager: in removeSpuriousFiles, preserving file /data/data/com.android.providers.downloads/cache/metadata-2035.htm
07-05 14:32:23.246   545 14532 I DownloadManager: in removeSpuriousFiles, preserving file /data/data/com.android.providers.downloads/cache/metadata-535.htm
07-05 14:32:23.246   545 14532 I DownloadManager: in removeSpuriousFiles, preserving file /data/data/com.android.providers.downloads/cache/metadata-1874.htm
07-05 14:32:23.246   545 14532 I DownloadManager: in removeSpuriousFiles, preserving file /data/data/com.android.providers.downloads/cache/metadata-2048.htm
07-05 14:32:23.246   545 14532 I DownloadManager: in removeSpuriousFiles, preserving file /data/data/com.android.providers.downloads/cache/metadata-1583.htm
07-05 14:32:23.246   545 14532 I DownloadManager: in removeSpuriousFiles, preserving file /data/data/com.android.providers.downloads/cache/metadata-490.htm
07-05 14:32:23.254   545 14532 I DownloadManager: in removeSpuriousFiles, preserving file /data/data/com.android.providers.downloads/cache/metadata-720.htm
07-05 14:32:23.254   545 14532 I DownloadManager: in removeSpuriousFiles, preserving file /data/data/com.android.providers.downloads/cache/metadata-84.htm
07-05 14:32:23.254   545 14532 I DownloadManager: in removeSpuriousFiles, preserving file /data/data/com.android.providers.downloads/cache/metadata-523.htm
07-05 14:32:23.254   545 14532 I DownloadManager: in removeSpuriousFiles, preserving file /data/data/com.android.providers.downloads/cache/metadata-280.htm
07-05 14:32:23.254   545 14532 I DownloadManager: in removeSpuriousFiles, preserving file /data/data/com.android.providers.downloads/cache/metadata-1555.htm
07-05 14:32:23.258   545 14532 I DownloadManager: in removeSpuriousFiles, preserving file /data/data/com.android.providers.downloads/cache/metadata-859.htm
07-05 14:32:23.258   545 14532 I DownloadManager: in removeSpuriousFiles, preserving file /data/data/com.android.providers.downloads/cache/metadata-1167.htm
07-05 14:32:23.258   545 14532 I DownloadManager: in removeSpuriousFiles, preserving file /data/data/com.android.providers.downloads/cache/metadata-2379.htm
07-05 14:32:23.258   545 14532 I DownloadManager: in removeSpuriousFiles, preserving file /data/data/com.android.providers.downloads/cache/metadata-493.htm
07-05 14:32:23.262   545 14532 I DownloadManager: in removeSpuriousFiles, preserving file /data/data/com.android.providers.downloads/cache/metadata-405.htm
07-05 14:32:23.262   545 14532 I DownloadManager: in removeSpuriousFiles, preserving file /data/data/com.android.providers.downloads/cache/metadata-632.htm
07-05 14:32:23.262   545 14532 I DownloadManager: in removeSpuriousFiles, preserving file /data/data/com.android.providers.downloads/cache/metadata-270.htm
07-05 14:32:23.262   545 14532 I DownloadManager: in removeSpuriousFiles, preserving file /data/data/com.android.providers.downloads/cache/metadata-1904.htm
07-05 14:32:23.262   545 14532 I DownloadManager: in removeSpuriousFiles, preserving file /data/data/com.android.providers.downloads/cache/metadata-477.htm
07-05 14:32:23.266   545 14532 I DownloadManager: in removeSpuriousFiles, preserving file /data/data/com.android.providers.downloads/cache/metadata-579.htm
07-05 14:32:23.266   545 14532 I DownloadManager: in removeSpuriousFiles, preserving file /data/data/com.android.providers.downloads/cache/metadata-952.htm
07-05 14:32:23.266   545 14532 I DownloadManager: in removeSpuriousFiles, preserving file /data/data/com.android.providers.downloads/cache/metadata-1333.htm
07-05 14:32:23.270   545 14532 I DownloadManager: in removeSpuriousFiles, preserving file /data/data/com.android.providers.downloads/cache/metadata-966.htm
07-05 14:32:23.270   545 14532 I DownloadManager: in removeSpuriousFiles, preserving file /data/data/com.android.providers.downloads/cache/metadata-648.htm
07-05 14:32:23.270   545 14532 I DownloadManager: in removeSpuriousFiles, preserving file /data/data/com.android.providers.downloads/cache/metadata-1469.htm
07-05 14:32:23.274   545 14532 I DownloadManager: in removeSpuriousFiles, preserving file /data/data/com.android.providers.downloads/cache/metadata-808.htm
07-05 14:32:23.274   545 14532 I DownloadManager: in removeSpuriousFiles, preserving file /data/data/com.android.providers.downloads/cache/metadata-1041.htm
07-05 14:32:23.274   545 14532 I DownloadManager: in removeSpuriousFiles, preserving file /data/data/com.android.providers.downloads/cache/metadata-1543.htm
07-05 14:32:23.274   545 14532 I DownloadManager: in removeSpuriousFiles, preserving file /data/data/com.android.providers.downloads/cache/metadata-1784.htm
07-05 14:32:23.278   545 14532 I DownloadManager: in removeSpuriousFiles, preserving file /data/data/com.android.providers.downloads/cache/metadata-1255.htm
07-05 14:32:23.278   545 14532 I DownloadManager: in removeSpuriousFiles, preserving file /data/data/com.android.providers.downloads/cache/metadata-909.htm
07-05 14:32:23.278   545 14532 I DownloadManager: in removeSpuriousFiles, preserving file /data/data/com.android.providers.downloads/cache/metadata-953.htm
07-05 14:32:23.282   545 14532 I DownloadManager: in removeSpuriousFiles, preserving file /data/data/com.android.providers.downloads/cache/metadata-4.htm
07-05 14:32:23.282   545 14532 I DownloadManager: in removeSpuriousFiles, preserving file /data/data/com.android.providers.downloads/cache/metadata-19.htm
07-05 14:32:23.282   545 14532 I DownloadManager: in removeSpuriousFiles, preserving file /data/data/com.android.providers.downloads/cache/metadata-308.htm
07-05 14:32:23.282   545 14532 I DownloadManager: in removeSpuriousFiles, preserving file /data/data/com.android.providers.downloads/cache/metadata-2.htm
07-05 14:32:23.282   545 14532 I DownloadManager: in removeSpuriousFiles, preserving file /data/data/com.android.providers.downloads/cache/metadata-13.htm
07-05 14:32:23.282   545 14532 I DownloadManager: in removeSpuriousFiles, preserving file /data/data/com.android.providers.downloads/cache/metadata-28.htm
07-05 14:32:23.282   545 14532 I DownloadManager: in removeSpuriousFiles, preserving file /data/data/com.android.providers.downloads/cache/metadata-23.htm
07-05 14:32:23.282   545 14532 I DownloadManager: in removeSpuriousFiles, preserving file /data/data/com.android.providers.downloads/cache/metadata-35.htm
07-05 14:32:23.282   545 14532 I DownloadManager: in removeSpuriousFiles, preserving file /data/data/com.android.providers.downloads/cache/metadata-46.htm
07-05 14:32:23.282   545 14532 I DownloadManager: in removeSpuriousFiles, preserving file /data/data/com.android.providers.downloads/cache/metadata-69.htm
07-05 14:32:23.282   545 14532 I DownloadManager: in removeSpuriousFiles, preserving file /data/data/com.android.providers.downloads/cache/metadata-285.htm
07-05 14:32:23.282   545 14532 I DownloadManager: in removeSpuriousFiles, preserving file /data/data/com.android.providers.downloads/cache/metadata-49.htm
07-05 14:32:23.282   545 14532 I DownloadManager: in removeSpuriousFiles, preserving file /data/data/com.android.providers.downloads/cache/metadata-267.htm
07-05 14:32:23.282   545 14532 I DownloadManager: in removeSpuriousFiles, preserving file /data/data/com.android.providers.downloads/cache/metadata-290.htm
07-05 14:32:23.282   545 14532 I DownloadManager: in removeSpuriousFiles, preserving file /data/data/com.android.providers.downloads/cache/metadata-607.htm
07-05 14:32:23.282   545 14532 I DownloadManager: in removeSpuriousFiles, preserving file /data/data/com.android.providers.downloads/cache/metadata-534.htm
07-05 14:32:23.282   545 14532 I DownloadManager: in removeSpuriousFiles, preserving file /data/data/com.android.providers.downloads/cache/metadata-56.htm
07-05 14:32:23.282   545 14532 I DownloadManager: in removeSpuriousFiles, preserving file /data/data/com.android.providers.downloads/cache/metadata-471.htm
07-05 14:32:23.282   545 14532 I DownloadManager: in removeSpuriousFiles, preserving file /data/data/com.android.providers.downloads/cache/metadata-1142.htm
07-05 14:32:23.285   545 14532 I DownloadManager: in removeSpuriousFiles, preserving file /data/data/com.android.providers.downloads/cache/metadata-309.htm
07-05 14:32:23.285   545 14532 I DownloadManager: in removeSpuriousFiles, preserving file /data/data/com.android.providers.downloads/cache/metadata-253.htm
07-05 14:32:23.285   545 14532 I DownloadManager: in removeSpuriousFiles, preserving file /data/data/com.android.providers.downloads/cache/metadata-1388.htm
07-05 14:32:23.285   545 14532 I DownloadManager: in removeSpuriousFiles, preserving file /data/data/com.android.providers.downloads/cache/metadata-962.htm
07-05 14:32:23.285   545 14532 I DownloadManager: in removeSpuriousFiles, preserving file /data/data/com.android.providers.downloads/cache/metadata-134.htm
07-05 14:32:23.285   545 14532 I DownloadManager: in removeSpuriousFiles, preserving file /data/data/com.android.providers.downloads/cache/metadata-449.htm
07-05 14:32:23.285   545 14532 I DownloadManager: in removeSpuriousFiles, preserving file /data/data/com.android.providers.downloads/cache/metadata-258.htm
07-05 14:32:23.285   545 14532 I DownloadManager: in removeSpuriousFiles, preserving file /data/data/com.android.providers.downloads/cache/metadata-200.htm
07-05 14:32:23.285   545 14532 I DownloadManager: in removeSpuriousFiles, preserving file /data/data/com.android.providers.downloads/cache/metadata-2170.htm
07-05 14:32:23.285   545 14532 I DownloadManager: in removeSpuriousFiles, preserving file /data/data/com.android.providers.downloads/cache/metadata-95.htm
07-05 14:32:23.289   545 14532 I DownloadManager: in removeSpuriousFiles, preserving file /data/data/com.android.providers.downloads/cache/metadata-223.htm
07-05 14:32:23.289   545 14532 I DownloadManager: in removeSpuriousFiles, preserving file /data/data/com.android.providers.downloads/cache/metadata-936.htm
07-05 14:32:23.289   545 14532 I DownloadManager: in removeSpuriousFiles, preserving file /data/data/com.android.providers.downloads/cache/metadata-110.htm
07-05 14:32:23.289   545 14532 I DownloadManager: in removeSpuriousFiles, preserving file /data/data/com.android.providers.downloads/cache/metadata-389.htm
07-05 14:32:23.289   545 14532 I DownloadManager: in removeSpuriousFiles, preserving file /data/data/com.android.providers.downloads/cache/metadata-279.htm
07-05 14:32:23.289   545 14532 I DownloadManager: in removeSpuriousFiles, preserving file /data/data/com.android.providers.downloads/cache/metadata-2055.htm
07-05 14:32:23.289   545 14532 I DownloadManager: in removeSpuriousFiles, preserving file /data/data/com.android.providers.downloads/cache/metadata-553.htm
07-05 14:32:23.289   545 14532 I DownloadManager: in removeSpuriousFiles, preserving file /data/data/com.android.providers.downloads/cache/metadata-444.htm
07-05 14:32:23.293   545 14532 I DownloadManager: in removeSpuriousFiles, preserving file /data/data/com.android.providers.downloads/cache/metadata-520.htm
07-05 14:32:23.293   545 14532 I DownloadManager: in removeSpuriousFiles, preserving file /data/data/com.android.providers.downloads/cache/metadata-384.htm
07-05 14:32:23.293   545 14532 I DownloadManager: in removeSpuriousFiles, preserving file /data/data/com.android.providers.downloads/cache/metadata-456.htm
07-05 14:32:23.293   545 14532 I DownloadManager: in removeSpuriousFiles, preserving file /data/data/com.android.providers.downloads/cache/metadata-448.htm
07-05 14:32:23.293   545 14532 I DownloadManager: in removeSpuriousFiles, preserving file /data/data/com.android.providers.downloads/cache/metadata-122.htm
07-05 14:32:23.293   545 14532 I DownloadManager: in removeSpuriousFiles, preserving file /data/data/com.android.providers.downloads/cache/metadata-195.htm
07-05 14:32:23.293   545 14532 I DownloadManager: in removeSpuriousFiles, preserving file /data/data/com.android.providers.downloads/cache/metadata-452.htm
07-05 14:32:23.293   545 14532 I DownloadManager: in removeSpuriousFiles, preserving file /data/data/com.android.providers.downloads/cache/metadata-454.htm
07-05 14:32:23.297   545 14532 I DownloadManager: in removeSpuriousFiles, preserving file /data/data/com.android.providers.downloads/cache/metadata-433.htm
07-05 14:32:23.297   545 14532 I DownloadManager: in removeSpuriousFiles, preserving file /data/data/com.android.providers.downloads/cache/metadata-98.htm
07-05 14:32:23.297   545 14532 I DownloadManager: in removeSpuriousFiles, preserving file /data/data/com.android.providers.downloads/cache/metadata-337.htm
07-05 14:32:23.297   545 14532 I DownloadManager: in removeSpuriousFiles, preserving file /data/data/com.android.providers.downloads/cache/metadata-1061.htm
07-05 14:32:23.297   545 14532 I DownloadManager: in removeSpuriousFiles, preserving file /data/data/com.android.providers.downloads/cache/metadata-282.htm
07-05 14:32:23.297   545 14532 I DownloadManager: in removeSpuriousFiles, preserving file /data/data/com.android.providers.downloads/cache/metadata-74.htm
07-05 14:32:23.297   545 14532 I DownloadManager: in removeSpuriousFiles, preserving file /data/data/com.android.providers.downloads/cache/metadata-697.htm
07-05 14:32:23.297   545 14532 I DownloadManager: in removeSpuriousFiles, preserving file /data/data/com.android.providers.downloads/cache/metadata-685.htm
07-05 14:32:23.301   545 14532 I DownloadManager: in removeSpuriousFiles, preserving file /data/data/com.android.providers.downloads/cache/metadata-2020.htm
07-05 14:32:23.301   545 14532 I DownloadManager: in removeSpuriousFiles, preserving file /data/data/com.android.providers.downloads/cache/metadata-1597.htm
07-05 14:32:23.301   545 14532 I DownloadManager: in removeSpuriousFiles, preserving file /data/data/com.android.providers.downloads/cache/metadata-628.htm
07-05 14:32:23.301   545 14532 I DownloadManager: in removeSpuriousFiles, preserving file /data/data/com.android.providers.downloads/cache/metadata-2484.htm
07-05 14:32:23.301   545 14532 I DownloadManager: in removeSpuriousFiles, preserving file /data/data/com.android.providers.downloads/cache/metadata-1442.htm
07-05 14:32:23.301   545 14532 I DownloadManager: in removeSpuriousFiles, preserving file /data/data/com.android.providers.downloads/cache/metadata-807.htm
07-05 14:32:23.301   545 14532 I DownloadManager: in removeSpuriousFiles, preserving file /data/data/com.android.providers.downloads/cache/metadata-260.htm
07-05 14:32:23.305   545 14532 I DownloadManager: in removeSpuriousFiles, preserving file /data/data/com.android.providers.downloads/cache/metadata-378.htm
07-05 14:32:23.305   545 14532 I DownloadManager: in removeSpuriousFiles, preserving file /data/data/com.android.providers.downloads/cache/metadata-1350.htm
07-05 14:32:23.305   545 14532 I DownloadManager: in removeSpuriousFiles, preserving file /data/data/com.android.providers.downloads/cache/metadata-2337.htm
07-05 14:32:23.305   545 14532 I DownloadManager: in removeSpuriousFiles, preserving file /data/data/com.android.providers.downloads/cache/metadata-571.htm
07-05 14:32:23.305   545 14532 I DownloadManager: in removeSpuriousFiles, preserving file /data/data/com.android.providers.downloads/cache/metadata-693.htm
07-05 14:32:23.305   545 14532 I DownloadManager: in removeSpuriousFiles, preserving file /data/data/com.android.providers.downloads/cache/metadata-554.htm
07-05 14:32:23.309   545 14532 I DownloadManager: in removeSpuriousFiles, preserving file /data/data/com.android.providers.downloads/cache/metadata-244.htm
07-05 14:32:23.309   545 14532 I DownloadManager: in removeSpuriousFiles, preserving file /data/data/com.android.providers.downloads/cache/metadata-1318.htm
07-05 14:32:23.309   545 14532 I DownloadManager: in removeSpuriousFiles, preserving file /data/data/com.android.providers.downloads/cache/metadata-679.htm
07-05 14:32:23.309   545 14532 I DownloadManager: in removeSpuriousFiles, preserving file /data/data/com.android.providers.downloads/cache/metadata-355.htm
07-05 14:32:23.309   545 14532 I DownloadManager: in removeSpuriousFiles, preserving file /data/data/com.android.providers.downloads/cache/metadata-1189.htm
07-05 14:32:23.309   545 14532 I DownloadManager: in removeSpuriousFiles, preserving file /data/data/com.android.providers.downloads/cache/metadata-391.htm
07-05 14:32:23.309   545 14532 I DownloadManager: in removeSpuriousFiles, preserving file /data/data/com.android.providers.downloads/cache/metadata-533.htm
07-05 14:32:23.313   545 14532 I DownloadManager: in removeSpuriousFiles, preserving file /data/data/com.android.providers.downloads/cache/metadata-2024.htm
07-05 14:32:23.313   545 14532 I DownloadManager: in removeSpuriousFiles, preserving file /data/data/com.android.providers.downloads/cache/metadata-563.htm
07-05 14:32:23.313   545 14532 I DownloadManager: in removeSpuriousFiles, preserving file /data/data/com.android.providers.downloads/cache/metadata-423.htm
07-05 14:32:23.313   545 14532 I DownloadManager: in removeSpuriousFiles, preserving file /data/data/com.android.providers.downloads/cache/metadata-588.htm
07-05 14:32:23.313   545 14532 I DownloadManager: in removeSpuriousFiles, preserving file /data/data/com.android.providers.downloads/cache/metadata-2022.htm
07-05 14:32:23.313   545 14532 I DownloadManager: in removeSpuriousFiles, preserving file /data/data/com.android.providers.downloads/cache/metadata-1454.htm
07-05 14:32:23.317   545 14532 I DownloadManager: in removeSpuriousFiles, preserving file /data/data/com.android.providers.downloads/cache/metadata-577.htm
07-05 14:32:23.317   545 14532 I DownloadManager: in removeSpuriousFiles, preserving file /data/data/com.android.providers.downloads/cache/metadata-111.htm
07-05 14:32:23.317   545 14532 I DownloadManager: in removeSpuriousFiles, preserving file /data/data/com.android.providers.downloads/cache/metadata-1929.htm
07-05 14:32:23.317   545 14532 I DownloadManager: in removeSpuriousFiles, preserving file /data/data/com.android.providers.downloads/cache/metadata-2322.htm
07-05 14:32:23.317   545 14532 I DownloadManager: in removeSpuriousFiles, preserving file /data/data/com.android.providers.downloads/cache/metadata-302.htm
07-05 14:32:23.317   545 14532 I DownloadManager: in removeSpuriousFiles, preserving file /data/data/com.android.providers.downloads/cache/metadata-1284.htm
07-05 14:32:23.321   545 14532 I DownloadManager: in removeSpuriousFiles, preserving file /data/data/com.android.providers.downloads/cache/metadata-974.htm
07-05 14:32:23.321   545 14532 I DownloadManager: in removeSpuriousFiles, preserving file /data/data/com.android.providers.downloads/cache/metadata-1517.htm
07-05 14:32:23.321   545 14532 I DownloadManager: in removeSpuriousFiles, preserving file /data/data/com.android.providers.downloads/cache/metadata-1162.htm
07-05 14:32:23.321   545 14532 I DownloadManager: in removeSpuriousFiles, preserving file /data/data/com.android.providers.downloads/cache/metadata-1179.htm
07-05 14:32:23.321   545 14532 I DownloadManager: in removeSpuriousFiles, preserving file /data/data/com.android.providers.downloads/cache/metadata-662.htm
07-05 14:32:23.321   545 14532 I DownloadManager: in removeSpuriousFiles, preserving file /data/data/com.android.providers.downloads/cache/metadata-689.htm
07-05 14:32:23.325   545 14532 I DownloadManager: in removeSpuriousFiles, preserving file /data/data/com.android.providers.downloads/cache/metadata-339.htm
07-05 14:32:23.325   545 14532 I DownloadManager: in removeSpuriousFiles, preserving file /data/data/com.android.providers.downloads/cache/metadata-591.htm
07-05 14:32:23.325   545 14532 I DownloadManager: in removeSpuriousFiles, preserving file /data/data/com.android.providers.downloads/cache/metadata-487.htm
07-05 14:32:23.325   545 14532 I DownloadManager: in removeSpuriousFiles, preserving file /data/data/com.android.providers.downloads/cache/metadata-1054.htm
07-05 14:32:23.325   545 14532 I DownloadManager: in removeSpuriousFiles, preserving file /data/data/com.android.providers.downloads/cache/metadata-833.htm
07-05 14:32:23.332   545 14532 I DownloadManager: in removeSpuriousFiles, preserving file /data/data/com.android.providers.downloads/cache/metadata-595.htm
07-05 14:32:23.332   545 14532 I DownloadManager: in removeSpuriousFiles, preserving file /data/data/com.android.providers.downloads/cache/metadata-566.htm
07-05 14:32:23.332   545 14532 I DownloadManager: in removeSpuriousFiles, preserving file /data/data/com.android.providers.downloads/cache/metadata-728.htm
07-05 14:32:23.332   545 14532 I DownloadManager: in removeSpuriousFiles, preserving file /data/data/com.android.providers.downloads/cache/metadata-1269.htm
07-05 14:32:23.332   545 14532 I DownloadManager: in removeSpuriousFiles, preserving file /data/data/com.android.providers.downloads/cache/metadata-1744.htm
07-05 14:32:23.336   545 14532 I DownloadManager: in removeSpuriousFiles, preserving file /data/data/com.android.providers.downloads/cache/metadata-3026.htm
07-05 14:32:23.336   545 14532 I DownloadManager: in removeSpuriousFiles, preserving file /data/data/com.android.providers.downloads/cache/metadata-740.htm
07-05 14:32:23.336   545 14532 I DownloadManager: in removeSpuriousFiles, preserving file /data/data/com.android.providers.downloads/cache/metadata-968.htm
07-05 14:32:23.336   545 14532 I DownloadManager: in removeSpuriousFiles, preserving file /data/data/com.android.providers.downloads/cache/metadata-458.htm
07-05 14:32:23.336   545 14532 I DownloadManager: in removeSpuriousFiles, preserving file /data/data/com.android.providers.downloads/cache/metadata-1273.htm
07-05 14:32:23.340   545 14532 I DownloadManager: in removeSpuriousFiles, preserving file /data/data/com.android.providers.downloads/cache/metadata-1586.htm
07-05 14:32:23.340   545 14532 I DownloadManager: in removeSpuriousFiles, preserving file /data/data/com.android.providers.downloads/cache/metadata-2291.htm
07-05 14:32:23.340   545 14532 I DownloadManager: in removeSpuriousFiles, preserving file /data/data/com.android.providers.downloads/cache/metadata-1010.htm
07-05 14:32:23.340   545 14532 I DownloadManager: in removeSpuriousFiles, preserving file /data/data/com.android.providers.downloads/cache/metadata-1172.htm
07-05 14:32:23.340   545 14532 I DownloadManager: in removeSpuriousFiles, preserving file /data/data/com.android.providers.downloads/cache/metadata-1450.htm
07-05 14:32:23.344   545 14532 I DownloadManager: in removeSpuriousFiles, preserving file /data/data/com.android.providers.downloads/cache/metadata-1857.htm
07-05 14:32:23.344   545 14532 I DownloadManager: in removeSpuriousFiles, preserving file /data/data/com.android.providers.downloads/cache/metadata-1209.htm
07-05 14:32:23.344   545 14532 I DownloadManager: in removeSpuriousFiles, preserving file /data/data/com.android.providers.downloads/cache/metadata-2801.htm
