07-05 11:58:43.510   545 12105 I DownloadManager: in removeSpuriousFiles, preserving file /data/data/com.android.providers.downloads/cache/metadata-2165.htm
07-05 11:58:43.510   545 12105 I DownloadManager: in removeSpuriousFiles, preserving file /data/data/com.android.providers.downloads/cache/metadata-1123.htm
07-05 11:58:43.510   545 12105 I DownloadManager: in removeSpuriousFiles, preserving file /data/data/com.android.providers.downloads/cache/metadata-693.htm
07-05 11:58:43.510   545 12105 I DownloadManager: in removeSpuriousFiles, preserving file /data/data/com.android.providers.downloads/cache/metadata-1.htm
07-05 11:58:43.510   545 12105 I DownloadManager: in removeSpuriousFiles, preserving file /data/data/com.android.providers.downloads/cache/metadata-4.htm
07-05 11:58:43.510   545 12105 I DownloadManager: in removeSpuriousFiles, preserving file /data/data/com.android.providers.downloads/cache/metadata-6.htm
07-05 11:58:43.513   545 12105 I DownloadManager: in removeSpuriousFiles, preserving file /data/data/com.android.providers.downloads/cache/metadata-10.htm
07-05 11:58:43.513   545 12105 I DownloadManager: in removeSpuriousFiles, preserving file /data/data/com.android.providers.downloads/cache/metadata-21.htm
07-05 11:58:43.513   545 12105 I DownloadManager: in removeSpuriousFiles, preserving file /data/data/com.android.providers.downloads/cache/metadata-11.htm
07-05 11:58:43.513   545 12105 I DownloadManager: in removeSpuriousFiles, preserving file /data/data/com.android.providers.downloads/cache/metadata-15.htm
07-05 11:58:43.513   545 12105 I DownloadManager: in removeSpuriousFiles, preserving file /data/data/com.android.providers.downloads/cache/metadata-31.htm
07-05 11:58:43.513   545 12105 I DownloadManager: in removeSpuriousFiles, preserving file /data/data/com.android.providers.downloads/cache/metadata-13.htm
07-05 11:58:43.513   545 12105 I DownloadManager: in removeSpuriousFiles, preserving file /data/data/com.android.providers.downloads/cache/metadata-22.htm
07-05 11:58:43.513   545 12105 I DownloadManager: in removeSpuriousFiles, preserving file /data/data/com.android.providers.downloads/cache/metadata-29.htm
07-05 11:58:43.513   545 12105 I DownloadManager: in removeSpuriousFiles, preserving file /data/data/com.android.providers.downloads/cache/metadata-37.htm
07-05 11:58:43.513   545 12105 I DownloadManager: in removeSpuriousFiles, preserving file /data/data/com.android.providers.downloads/cache/metadata-34.htm
07-05 11:58:43.513   545 12105 I DownloadManager: in removeSpuriousFiles, preserving file /data/data/com.android.providers.downloads/cache/metadata-28.htm
07-05 11:58:43.513   545 12105 I DownloadManager: in removeSpuriousFiles, preserving file /data/data/com.android.providers.downloads/cache/metadata-23.htm
07-05 11:58:43.513   545 12105 I DownloadManager: in removeSpuriousFiles, preserving file /data/data/com.android.providers.downloads/cache/metadata-1218.htm
07-05 11:58:43.513   545 12105 I DownloadManager: in removeSpuriousFiles, preserving file /data/data/com.android.providers.downloads/cache/metadata-38.htm
07-05 11:58:43.513   545 12105 I DownloadManager: in removeSpuriousFiles, preserving file /data/data/com.android.providers.downloads/cache/metadata-809.htm
07-05 11:58:43.513   545 12105 I DownloadManager: in removeSpuriousFiles, preserving file /data/data/com.android.providers.downloads/cache/metadata-36.htm
07-05 11:58:43.513   545 12105 I DownloadManager: in removeSpuriousFiles, preserving file /data/data/com.android.providers.downloads/cache/metadata-515.htm
07-05 11:58:43.513   545 12105 I DownloadManager: in removeSpuriousFiles, preserving file /data/data/com.android.providers.downloads/cache/metadata-1028.htm
07-05 11:58:43.513   545 12105 I DownloadManager: in removeSpuriousFiles, preserving file /data/data/com.android.providers.downloads/cache/metadata-1295.htm
07-05 11:58:43.513   545 12105 I DownloadManager: in removeSpuriousFiles, preserving file /data/data/com.android.providers.downloads/cache/metadata-1012.htm
07-05 11:58:43.513   545 12105 I DownloadManager: in removeSpuriousFiles, preserving file /data/data/com.android.providers.downloads/cache/metadata-1280.htm
07-05 11:58:43.513   545 12105 I DownloadManager: in removeSpuriousFiles, preserving file /data/data/com.android.providers.downloads/cache/metadata-40.htm
07-05 11:58:43.513   545 12105 I DownloadManager: in removeSpuriousFiles, preserving file /data/data/com.android.providers.downloads/cache/metadata-797.htm
07-05 11:58:43.513   545 12105 I DownloadManager: in removeSpuriousFiles, preserving file /data/data/com.android.providers.downloads/cache/metadata-51.htm
07-05 11:58:43.513   545 12105 I DownloadManager: in removeSpuriousFiles, preserving file /data/data/com.android.providers.downloads/cache/metadata-1159.htm
07-05 11:58:43.513   545 12105 I DownloadManager: in removeSpuriousFiles, preserving file /data/data/com.android.providers.downloads/cache/metadata-1517.htm
07-05 11:58:43.513   545 12105 I DownloadManager: in removeSpuriousFiles, preserving file /data/data/com.android.providers.downloads/cache/metadata-980.htm
07-05 11:58:43.513   545 12105 I DownloadManager: in removeSpuriousFiles, preserving file /data/data/com.android.providers.downloads/cache/metadata-1571.htm
07-05 11:58:43.513   545 12105 I DownloadManager: in removeSpuriousFiles, preserving file /data/data/com.android.providers.downloads/cache/metadata-858.htm
07-05 11:58:43.513   545 12105 I DownloadManager: in removeSpuriousFiles, preserving file /data/data/com.android.providers.downloads/cache/metadata-473.htm
07-05 11:58:43.513   545 12105 I DownloadManager: in removeSpuriousFiles, preserving file /data/data/com.android.providers.downloads/cache/metadata-990.htm
07-05 11:58:43.513   545 12105 I DownloadManager: in removeSpuriousFiles, preserving file /data/data/com.android.providers.downloads/cache/metadata-1366.htm
07-05 11:58:43.513   545 12105 I DownloadManager: in removeSpuriousFiles, preserving file /data/data/com.android.providers.downloads/cache/metadata-1958.htm
07-05 11:58:43.513   545 12105 I DownloadManager: in removeSpuriousFiles, preserving file /data/data/com.android.providers.downloads/cache/metadata-1241.htm
07-05 11:58:43.513   545 12105 I DownloadManager: in removeSpuriousFiles, preserving file /data/data/com.android.providers.downloads/cache/metadata-683.htm
07-05 11:58:43.513   545 12105 I DownloadManager: in removeSpuriousFiles, preserving file /data/data/com.android.providers.downloads/cache/metadata-1736.htm
07-05 11:58:43.513   545 12105 I DownloadManager: in removeSpuriousFiles, preserving file /data/data/com.android.providers.downloads/cache/metadata-511.htm
07-05 11:58:43.513   545 12105 I DownloadManager: in removeSpuriousFiles, preserving file /data/data/com.android.providers.downloads/cache/metadata-870.htm
07-05 11:58:43.513   545 12105 I DownloadManager: in removeSpuriousFiles, preserving file /data/data/com.android.providers.downloads/cache/metadata-832.htm
07-05 11:58:43.513   545 12105 I DownloadManager: in removeSpuriousFiles, preserving file /data/data/com.android.providers.downloads/cache/metadata-1117.htm
07-05 11:58:43.513   545 12105 I DownloadManager: in removeSpuriousFiles, preserving file /data/data/com.android.providers.downloads/cache/metadata-692.htm
07-05 11:58:43.513   545 12105 I DownloadManager: in removeSpuriousFiles, preserving file /data/data/com.android.providers.downloads/cache/metadata-1367.htm
07-05 11:58:43.513   545 12105 I DownloadManager: in removeSpuriousFiles, preserving file /data/data/com.android.providers.downloads/cache/metadata-1368.htm
07-05 11:58:43.513   545 12105 I DownloadManager: in removeSpuriousFiles, preserving file /data/data/com.android.providers.downloads/cache/metadata-654.htm
07-05 11:58:43.513   545 12105 I DownloadManager: in removeSpuriousFiles, preserving file /data/data/com.android.providers.downloads/cache/metadata-1827.htm
07-05 11:58:43.513   545 12105 I DownloadManager: in removeSpuriousFiles, preserving file /data/data/com.android.providers.downloads/cache/metadata-762.htm
07-05 11:58:43.513   545 12105 I DownloadManager: in removeSpuriousFiles, preserving file /data/data/com.android.providers.downloads/cache/metadata-1704.htm
07-05 11:58:43.513   545 12105 I DownloadManager: in removeSpuriousFiles, preserving file /data/data/com.android.providers.downloads/cache/metadata-1161.htm
07-05 11:58:43.513   545 12105 I DownloadManager: in removeSpuriousFiles, preserving file /data/data/com.android.providers.downloads/cache/metadata-658.htm
07-05 11:58:43.513   545 12105 I DownloadManager: in removeSpuriousFiles, preserving file /data/data/com.android.providers.downloads/cache/metadata-631.htm
07-05 11:58:43.513   545 12105 I DownloadManager: in removeSpuriousFiles, preserving file /data/data/com.android.providers.downloads/cache/metadata-729.htm
07-05 11:58:43.517   545 12105 I DownloadManager: in removeSpuriousFiles, preserving file /data/data/com.android.providers.downloads/cache/metadata-869.htm
07-05 11:58:43.517   545 12105 I DownloadManager: in removeSpuriousFiles, preserving file /data/data/com.android.providers.downloads/cache/metadata-1182.htm
07-05 11:58:43.517   545 12105 I DownloadManager: in removeSpuriousFiles, preserving file /data/data/com.android.providers.downloads/cache/metadata-696.htm
07-05 11:58:43.517   545 12105 I DownloadManager: in removeSpuriousFiles, preserving file /data/data/com.android.providers.downloads/cache/metadata-949.htm
07-05 11:58:43.517   545 12105 I DownloadManager: in removeSpuriousFiles, preserving file /data/data/com.android.providers.downloads/cache/metadata-2315.htm
07-05 11:58:43.517   545 12105 I DownloadManager: in removeSpuriousFiles, preserving file /data/data/com.android.providers.downloads/cache/metadata-1595.htm
07-05 11:58:43.517   545 12105 I DownloadManager: in removeSpuriousFiles, preserving file /data/data/com.android.providers.downloads/cache/metadata-765.htm
07-05 11:58:43.517   545 12105 I DownloadManager: in removeSpuriousFiles, preserving file /data/data/com.android.providers.downloads/cache/metadata-1774.htm
07-05 11:58:43.517   545 12105 I DownloadManager: in removeSpuriousFiles, preserving file /data/data/com.android.providers.downloads/cache/metadata-1176.htm
07-05 11:58:43.517   545 12105 I DownloadManager: in removeSpuriousFiles, preserving file /data/data/com.android.providers.downloads/cache/metadata-1219.htm
07-05 11:58:43.517   545 12105 I DownloadManager: in removeSpuriousFiles, preserving file /data/data/com.android.providers.downloads/cache/metadata-1154.htm
07-05 11:58:43.517   545 12105 I DownloadManager: in removeSpuriousFiles, preserving file /data/data/com.android.providers.downloads/cache/metadata-1555.htm
07-05 11:58:43.517   545 12105 I DownloadManager: in removeSpuriousFiles, preserving file /data/data/com.android.providers.downloads/cache/metadata-978.htm
07-05 11:58:43.517   545 12105 I DownloadManager: in removeSpuriousFiles, preserving file /data/data/com.android.providers.downloads/cache/metadata-1684.htm
07-05 11:58:43.517   545 12105 I DownloadManager: in removeSpuriousFiles, preserving file /data/data/com.android.providers.downloads/cache/metadata-1697.htm
07-05 11:58:43.517   545 12105 I DownloadManager: in removeSpuriousFiles, preserving file /data/data/com.android.providers.downloads/cache/metadata-1465.htm
07-05 11:58:43.517   545 12105 I DownloadManager: in removeSpuriousFiles, preserving file /data/data/com.android.providers.downloads/cache/metadata-602.htm
07-05 11:58:43.517   545 12105 I DownloadManager: in removeSpuriousFiles, preserving file /data/data/com.android.providers.downloads/cache/metadata-864.htm
07-05 11:58:43.517   545 12105 I DownloadManager: in removeSpuriousFiles, preserving file /data/data/com.android.providers.downloads/cache/metadata-1510.htm
07-05 11:58:43.517   545 12105 I DownloadManager: in removeSpuriousFiles, preserving file /data/data/com.android.providers.downloads/cache/metadata-1001.htm
07-05 11:58:43.517   545 12105 I DownloadManager: in removeSpuriousFiles, preserving file /data/data/com.android.providers.downloads/cache/metadata-1286.htm
07-05 11:58:43.517   545 12105 I DownloadManager: in removeSpuriousFiles, preserving file /data/data/com.android.providers.downloads/cache/metadata-1320.htm
07-05 11:58:43.517   545 12105 I DownloadManager: in removeSpuriousFiles, preserving file /data/data/com.android.providers.downloads/cache/metadata-2550.htm
07-05 11:58:43.517   545 12105 I DownloadManager: in removeSpuriousFiles, preserving file /data/data/com.android.providers.downloads/cache/metadata-1542.htm
07-05 11:58:43.517   545 12105 I DownloadManager: in removeSpuriousFiles, preserving file /data/data/com.android.providers.downloads/cache/metadata-1060.htm
07-05 11:58:43.517   545 12105 I DownloadManager: in removeSpuriousFiles, preserving file /data/data/com.android.providers.downloads/cache/metadata-1131.htm
07-05 11:58:43.517   545 12105 I DownloadManager: in removeSpuriousFiles, preserving file /data/data/com.android.providers.downloads/cache/metadata-2291.htm
07-05 11:58:43.517   545 12105 I DownloadManager: in removeSpuriousFiles, preserving file /data/data/com.android.providers.downloads/cache/metadata-879.htm
07-05 11:58:43.517   545 12105 I DownloadManager: in removeSpuriousFiles, preserving file /data/data/com.android.providers.downloads/cache/metadata-1171.htm
07-05 11:58:43.517   545 12105 I DownloadManager: in removeSpuriousFiles, preserving file /data/data/com.android.providers.downloads/cache/metadata-1608.htm
07-05 11:58:43.517   545 12105 I DownloadManager: in removeSpuriousFiles, preserving file /data/data/com.android.providers.downloads/cache/metadata-628.htm
07-05 11:58:43.517   545 12105 I DownloadManager: in removeSpuriousFiles, preserving file /data/data/com.android.providers.downloads/cache/metadata-1581.htm
07-05 11:58:43.517   545 12105 I DownloadManager: in removeSpuriousFiles, preserving file /data/data/com.android.providers.downloads/cache/metadata-2337.htm
07-05 11:58:43.517   545 12105 I DownloadManager: in removeSpuriousFiles, preserving file /data/data/com.android.providers.downloads/cache/metadata-889.htm
07-05 11:58:43.517   545 12105 I DownloadManager: in removeSpuriousFiles, preserving file /data/data/com.android.providers.downloads/cache/metadata-620.htm
07-05 11:58:43.521   545 12105 I DownloadManager: in removeSpuriousFiles, preserving file /data/data/com.android.providers.downloads/cache/metadata-1019.htm
07-05 11:58:43.521   545 12105 I DownloadManager: in removeSpuriousFiles, preserving file /data/data/com.android.providers.downloads/cache/metadata-1648.htm
07-05 11:58:43.521   545 12105 I DownloadManager: in removeSpuriousFiles, preserving file /data/data/com.android.providers.downloads/cache/metadata-1048.htm
07-05 11:58:43.521   545 12105 I DownloadManager: in removeSpuriousFiles, preserving file /data/data/com.android.providers.downloads/cache/metadata-1775.htm
07-05 11:58:43.521   545 12105 I DownloadManager: in removeSpuriousFiles, preserving file /data/data/com.android.providers.downloads/cache/metadata-579.htm
07-05 11:58:43.521   545 12105 I DownloadManager: in removeSpuriousFiles, preserving file /data/data/com.android.providers.downloads/cache/metadata-1262.htm
07-05 11:58:43.521   545 12105 I DownloadManager: in removeSpuriousFiles, preserving file /data/data/com.android.providers.downloads/cache/metadata-1506.htm
07-05 11:58:43.521   545 12105 I DownloadManager: in removeSpuriousFiles, preserving file /data/data/com.android.providers.downloads/cache/metadata-1005.htm
07-05 11:58:43.521   545 12105 I DownloadManager: in removeSpuriousFiles, preserving file /data/data/com.android.providers.downloads/cache/metadata-595.htm
07-05 11:58:43.521   545 12105 I DownloadManager: in removeSpuriousFiles, preserving file /data/data/com.android.providers.downloads/cache/metadata-945.htm
07-05 11:58:43.521   545 12105 I DownloadManager: in removeSpuriousFiles, preserving file /data/data/com.android.providers.downloads/cache/metadata-705.htm
07-05 11:58:43.521   545 12105 I DownloadManager: in removeSpuriousFiles, preserving file /data/data/com.android.providers.downloads/cache/metadata-716.htm
07-05 11:58:43.521   545 12105 I DownloadManager: in removeSpuriousFiles, preserving file /data/data/com.android.providers.downloads/cache/metadata-747.htm
07-05 11:58:43.521   545 12105 I DownloadManager: in removeSpuriousFiles, preserving file /data/data/com.android.providers.downloads/cache/metadata-1983.htm
07-05 11:58:43.521   545 12105 I DownloadManager: in removeSpuriousFiles, preserving file /data/data/com.android.providers.downloads/cache/metadata-1601.htm
07-05 11:58:43.521   545 12105 I DownloadManager: in removeSpuriousFiles, preserving file /data/data/com.android.providers.downloads/cache/metadata-1486.htm
07-05 11:58:43.521   545 12105 I DownloadManager: in removeSpuriousFiles, preserving file /data/data/com.android.providers.downloads/cache/metadata-1686.htm
07-05 11:58:43.521   545 12105 I DownloadManager: in removeSpuriousFiles, preserving file /data/data/com.android.providers.downloads/cache/metadata-867.htm
07-05 11:58:43.521   545 12105 I DownloadManager: in removeSpuriousFiles, preserving file /data/data/com.android.providers.downloads/cache/metadata-992.htm
07-05 11:58:43.521   545 12105 I DownloadManager: in removeSpuriousFiles, preserving file /data/data/com.android.providers.downloads/cache/metadata-976.htm
07-05 11:58:43.521   545 12105 I DownloadManager: in removeSpuriousFiles, preserving file /data/data/com.android.providers.downloads/cache/metadata-1567.htm
07-05 11:58:43.521   545 12105 I DownloadManager: in removeSpuriousFiles, preserving file /data/data/com.android.providers.downloads/cache/metadata-1257.htm
07-05 11:58:43.521   545 12105 I DownloadManager: in removeSpuriousFiles, preserving file /data/data/com.android.providers.downloads/cache/metadata-1593.htm
07-05 11:58:43.521   545 12105 I DownloadManager: in removeSpuriousFiles, preserving file /data/data/com.android.providers.downloads/cache/metadata-1552.htm
07-05 11:58:43.521   545 12105 I DownloadManager: in removeSpuriousFiles, preserving file /data/data/com.android.providers.downloads/cache/metadata-1452.htm
07-05 11:58:43.521   545 12105 I DownloadManager: in removeSpuriousFiles, preserving file /data/data/com.android.providers.downloads/cache/metadata-593.htm
07-05 11:58:43.521   545 12105 I DownloadManager: in removeSpuriousFiles, preserving file /data/data/com.android.providers.downloads/cache/metadata-1364.htm
07-05 11:58:43.521   545 12105 I DownloadManager: in removeSpuriousFiles, preserving file /data/data/com.android.providers.downloads/cache/metadata-1365.htm
07-05 11:58:43.521   545 12105 I DownloadManager: in removeSpuriousFiles, preserving file /data/data/com.android.providers.downloads/cache/metadata-745.htm
07-05 11:58:43.521   545 12105 I DownloadManager: in removeSpuriousFiles, preserving file /data/data/com.android.providers.downloads/cache/metadata-586.htm
07-05 11:58:43.521   545 12105 I DownloadManager: in removeSpuriousFiles, preserving file /data/data/com.android.providers.downloads/cache/metadata-1094.htm
07-05 11:58:43.521   545 12105 I DownloadManager: in removeSpuriousFiles, preserving file /data/data/com.android.providers.downloads/cache/metadata-292.htm
07-05 11:58:43.525   545 12105 I DownloadManager: deleting spurious file /cache/dalvik-cache
07-05 11:58:43.525   545 12105 I DownloadManager: deleting spurious file /data/data/com.android.providers.downloads/cache/metadata-2.htm
07-05 11:58:43.541   545 12105 I DownloadManager: deleting spurious file /data/data/com.android.providers.downloads/cache/metadata-8.htm
07-05 11:58:43.541   545 12105 I DownloadManager: deleting spurious file /data/data/com.android.providers.downloads/cache/metadata-20.htm
07-05 11:58:43.541   545 12105 I DownloadManager: deleting spurious file /data/data/com.android.providers.downloads/cache/metadata-17.htm
07-05 11:58:43.541   545 12105 I DownloadManager: deleting spurious file /data/data/com.android.providers.downloads/cache/metadata-19.htm
07-05 11:58:43.541   545 12105 I DownloadManager: deleting spurious file /data/data/com.android.providers.downloads/cache/metadata-18.htm
07-05 11:58:43.541   545 12105 I DownloadManager: deleting spurious file /data/data/com.android.providers.downloads/cache/metadata-25.htm
07-05 11:58:43.541   545 12105 I DownloadManager: deleting spurious file /data/data/com.android.providers.downloads/cache/metadata-27.htm
07-05 11:58:43.541   545 12105 I DownloadManager: deleting spurious file /data/data/com.android.providers.downloads/cache/metadata-24.htm
07-05 11:58:43.541   545 12105 I DownloadManager: deleting spurious file /data/data/com.android.providers.downloads/cache/metadata-30.htm
07-05 11:58:43.541   545 12105 I DownloadManager: deleting spurious file /data/data/com.android.providers.downloads/cache/metadata-47.htm
07-05 11:58:43.541   545 12105 I DownloadManager: deleting spurious file /data/data/com.android.providers.downloads/cache/metadata-48.htm
07-05 11:58:43.541   545 12105 I DownloadManager: deleting spurious file /data/data/com.android.providers.downloads/cache/metadata-26.htm
07-05 11:58:43.541   545 12105 I DownloadManager: deleting spurious file /data/data/com.android.providers.downloads/cache/metadata-32.htm
07-05 11:58:43.541   545 12105 I DownloadManager: deleting spurious file /data/data/com.android.providers.downloads/cache/metadata-42.htm
07-05 11:58:43.541   545 12105 I DownloadManager: deleting spurious file /data/data/com.android.providers.downloads/cache/metadata-41.htm
07-05 11:58:43.541   545 12105 I DownloadManager: deleting spurious file /data/data/com.android.providers.downloads/cache/metadata-876.htm
07-05 11:58:43.541   545 12105 I DownloadManager: deleting spurious file /data/data/com.android.providers.downloads/cache/metadata-445.htm
07-05 11:58:43.541   545 12105 I DownloadManager: deleting spurious file /data/data/com.android.providers.downloads/cache/metadata-46.htm
07-05 11:58:43.541   545 12105 I DownloadManager: deleting spurious file /data/data/com.android.providers.downloads/cache/metadata-902.htm
07-05 11:58:43.541   545 12105 I DownloadManager: deleting spurious file /data/data/com.android.providers.downloads/cache/metadata-466.htm
07-05 11:58:43.541   545 12105 I DownloadManager: deleting spurious file /data/data/com.android.providers.downloads/cache/metadata-1201.htm
07-05 11:58:43.541   545 12105 I DownloadManager: deleting spurious file /data/data/com.android.providers.downloads/cache/metadata-599.htm
07-05 11:58:43.545   545 12105 I DownloadManager: deleting spurious file /data/data/com.android.providers.downloads/cache/metadata-856.htm
07-05 11:58:43.545   545 12105 I DownloadManager: deleting spurious file /data/data/com.android.providers.downloads/cache/metadata-1553.htm
07-05 11:58:43.545   545 12105 I DownloadManager: deleting spurious file /data/data/com.android.providers.downloads/cache/metadata-872.htm
07-05 11:58:43.545   545 12105 I DownloadManager: deleting spurious file /data/data/com.android.providers.downloads/cache/metadata-1224.htm
07-05 11:58:43.545   545 12105 I DownloadManager: deleting spurious file /data/data/com.android.providers.downloads/cache/metadata-1518.htm
07-05 11:58:43.545   545 12105 I DownloadManager: deleting spurious file /data/data/com.android.providers.downloads/cache/metadata-1896.htm
07-05 11:58:43.545   545 12105 I DownloadManager: deleting spurious file /data/data/com.android.providers.downloads/cache/metadata-626.htm
07-05 11:58:43.545   545 12105 I DownloadManager: deleting spurious file /data/data/com.android.providers.downloads/cache/metadata-1721.htm
07-05 11:58:43.545   545 12105 I DownloadManager: deleting spurious file /data/data/com.android.providers.downloads/cache/metadata-1434.htm
07-05 11:58:43.545   545 12105 I DownloadManager: deleting spurious file /data/data/com.android.providers.downloads/cache/metadata-1407.htm
07-05 11:58:43.545   545 12105 I DownloadManager: deleting spurious file /data/data/com.android.providers.downloads/cache/metadata-1330.htm
07-05 11:58:43.545   545 12105 I DownloadManager: deleting spurious file /data/data/com.android.providers.downloads/cache/metadata-844.htm
07-05 11:58:43.549   545 12105 I DownloadManager: deleting spurious file /data/data/com.android.providers.downloads/cache/metadata-920.htm
07-05 11:58:43.549   545 12105 I DownloadManager: deleting spurious file /data/data/com.android.providers.downloads/cache/metadata-1231.htm
07-05 11:58:43.549   545 12105 I DownloadManager: deleting spurious file /data/data/com.android.providers.downloads/cache/metadata-2247.htm
07-05 11:58:43.549   545 12105 I DownloadManager: deleting spurious file /data/data/com.android.providers.downloads/cache/metadata-1566.htm
07-05 11:58:43.549   545 12105 I DownloadManager: deleting spurious file /data/data/com.android.providers.downloads/cache/metadata-1327.htm
07-05 11:58:43.549   545 12105 I DownloadManager: deleting spurious file /data/data/com.android.providers.downloads/cache/metadata-1403.htm
07-05 11:58:43.549   545 12105 I DownloadManager: deleting spurious file /data/data/com.android.providers.downloads/cache/metadata-1191.htm
07-05 11:58:43.549   545 12105 I DownloadManager: deleting spurious file /data/data/com.android.providers.downloads/cache/metadata-688.htm
07-05 11:58:43.549   545 12105 I DownloadManager: deleting spurious file /data/data/com.android.providers.downloads/cache/metadata-928.htm
07-05 11:58:43.549   545 12105 I DownloadManager: deleting spurious file /data/data/com.android.providers.downloads/cache/metadata-1209.htm
07-05 11:58:43.549   545 12105 I DownloadManager: deleting spurious file /data/data/com.android.providers.downloads/cache/metadata-1375.htm
07-05 11:58:43.549   545 12105 I DownloadManager: deleting spurious file /data/data/com.android.providers.downloads/cache/metadata-1349.htm
07-05 11:58:43.549   545 12105 I DownloadManager: deleting spurious file /data/data/com.android.providers.downloads/cache/metadata-2388.htm
07-05 11:58:43.549   545 12105 I DownloadManager: deleting spurious file /data/data/com.android.providers.downloads/cache/metadata-1587.htm
07-05 11:58:43.549   545 12105 I DownloadManager: deleting spurious file /data/data/com.android.providers.downloads/cache/metadata-1149.htm
07-05 11:58:43.549   545 12105 I DownloadManager: deleting spurious file /data/data/com.android.providers.downloads/cache/metadata-671.htm
07-05 11:58:43.549   545 12105 I DownloadManager: deleting spurious file /data/data/com.android.providers.downloads/cache/metadata-2208.htm
07-05 11:58:43.549   545 12105 I DownloadManager: deleting spurious file /data/data/com.android.providers.downloads/cache/metadata-1903.htm
07-05 11:58:43.549   545 12105 I DownloadManager: deleting spurious file /data/data/com.android.providers.downloads/cache/metadata-1021.htm
07-05 11:58:43.549   545 12105 I DownloadManager: deleting spurious file /data/data/com.android.providers.downloads/cache/metadata-956.htm
07-05 11:58:43.549   545 12105 I DownloadManager: deleting spurious file /data/data/com.android.providers.downloads/cache/metadata-2269.htm
07-05 11:58:43.549   545 12105 I DownloadManager: deleting spurious file /data/data/com.android.providers.downloads/cache/metadata-665.htm
07-05 11:58:43.549   545 12105 I DownloadManager: deleting spurious file /data/data/com.android.providers.downloads/cache/metadata-648.htm
07-05 11:58:43.549   545 12105 I DownloadManager: deleting spurious file /data/data/com.android.providers.downloads/cache/metadata-1346.htm
07-05 11:58:43.549   545 12105 I DownloadManager: deleting spurious file /data/data/com.android.providers.downloads/cache/metadata-1519.htm
07-05 11:58:43.549   545 12105 I DownloadManager: deleting spurious file /data/data/com.android.providers.downloads/cache/metadata-663.htm
07-05 11:58:43.552   545 12105 I DownloadManager: deleting spurious file /data/data/com.android.providers.downloads/cache/metadata-2381.htm
07-05 11:58:43.552   545 12105 I DownloadManager: deleting spurious file /data/data/com.android.providers.downloads/cache/metadata-1557.htm
07-05 11:58:43.552   545 12105 I DownloadManager: deleting spurious file /data/data/com.android.providers.downloads/cache/metadata-659.htm
07-05 11:58:43.552   545 12105 I DownloadManager: deleting spurious file /data/data/com.android.providers.downloads/cache/metadata-849.htm
07-05 11:58:43.552   545 12105 I DownloadManager: deleting spurious file /data/data/com.android.providers.downloads/cache/metadata-1588.htm
07-05 11:58:43.552   545 12105 I DownloadManager: deleting spurious file /data/data/com.android.providers.downloads/cache/metadata-1408.htm
07-05 11:58:43.552   545 12105 I DownloadManager: deleting spurious file /data/data/com.android.providers.downloads/cache/metadata-1596.htm
07-05 11:58:43.552   545 12105 I DownloadManager: deleting spurious file /data/data/com.android.providers.downloads/cache/metadata-1505.htm
07-05 11:58:43.552   545 12105 I DownloadManager: deleting spurious file /data/data/com.android.providers.downloads/cache/metadata-2251.htm
07-05 11:58:43.552   545 12105 I DownloadManager: deleting spurious file /data/data/com.android.providers.downloads/cache/metadata-736.htm
07-05 11:58:43.552   545 12105 I DownloadManager: deleting spurious file /data/data/com.android.providers.downloads/cache/metadata-1561.htm
07-05 11:58:43.552   545 12105 I DownloadManager: deleting spurious file /data/data/com.android.providers.downloads/cache/metadata-1417.htm
07-05 11:58:43.552   545 12105 I DownloadManager: deleting spurious file /data/data/com.android.providers.downloads/cache/metadata-1085.htm
07-05 11:58:43.552   545 12105 I DownloadManager: deleting spurious file /data/data/com.android.providers.downloads/cache/metadata-1614.htm
07-05 11:58:43.552   545 12105 I DownloadManager: deleting spurious file /data/data/com.android.providers.downloads/cache/metadata-1152.htm
07-05 11:58:43.552   545 12105 I DownloadManager: deleting spurious file /data/data/com.android.providers.downloads/cache/metadata-1084.htm
07-05 11:58:43.552   545 12105 I DownloadManager: deleting spurious file /data/data/com.android.providers.downloads/cache/metadata-632.htm
07-05 11:58:43.552   545 12105 I DownloadManager: deleting spurious file /data/data/com.android.providers.downloads/cache/metadata-1899.htm
07-05 11:58:43.552   545 12105 I DownloadManager: deleting spurious file /data/data/com.android.providers.downloads/cache/metadata-1202.htm
07-05 11:58:43.552   545 12105 I DownloadManager: deleting spurious file /data/data/com.android.providers.downloads/cache/metadata-1536.htm
07-05 11:58:43.552   545 12105 I DownloadManager: deleting spurious file /data/data/com.android.providers.downloads/cache/metadata-1181.htm
07-05 11:58:43.552   545 12105 I DownloadManager: deleting spurious file /data/data/com.android.providers.downloads/cache/metadata-791.htm
07-05 11:58:43.552   545 12105 I DownloadManager: deleting spurious file /data/data/com.android.providers.downloads/cache/metadata-1540.htm
07-05 11:58:43.552   545 12105 I DownloadManager: deleting spurious file /data/data/com.android.providers.downloads/cache/metadata-1239.htm
07-05 11:58:43.552   545 12105 I DownloadManager: deleting spurious file /data/data/com.android.providers.downloads/cache/metadata-951.htm
07-05 11:58:43.552   545 12105 I DownloadManager: deleting spurious file /data/data/com.android.providers.downloads/cache/metadata-842.htm
07-05 11:58:43.552   545 12105 I DownloadManager: deleting spurious file /data/data/com.android.providers.downloads/cache/metadata-1395.htm
07-05 11:58:43.556   545 12105 I DownloadManager: deleting spurious file /data/data/com.android.providers.downloads/cache/metadata-1053.htm
07-05 11:58:43.556   545 12105 I DownloadManager: deleting spurious file /data/data/com.android.providers.downloads/cache/metadata-721.htm
07-05 11:58:43.556   545 12105 I DownloadManager: deleting spurious file /data/data/com.android.providers.downloads/cache/metadata-1348.htm
07-05 11:58:43.556   545 12105 I DownloadManager: deleting spurious file /data/data/com.android.providers.downloads/cache/metadata-2050.htm
07-05 11:58:43.556   545 12105 I DownloadManager: deleting spurious file /data/data/com.android.providers.downloads/cache/metadata-811.htm
07-05 11:58:43.556   545 12105 I DownloadManager: deleting spurious file /data/data/com.android.providers.downloads/cache/metadata-929.htm
07-05 11:58:43.556   545 12105 I DownloadManager: deleting spurious file /data/data/com.android.providers.downloads/cache/metadata-650.htm
07-05 11:58:43.556   545 12105 I DownloadManager: deleting spurious file /data/data/com.android.providers.downloads/cache/metadata-1370.htm
07-05 11:58:43.556   545 12105 I DownloadManager: deleting spurious file /data/data/com.android.providers.downloads/cache/metadata-1363.htm
07-05 11:58:43.556   545 12105 I DownloadManager: deleting spurious file /data/data/com.android.providers.downloads/cache/metadata-629.htm
07-05 11:58:43.556   545 12105 I DownloadManager: deleting spurious file /data/data/com.android.providers.downloads/cache/metadata-581.htm
07-05 11:58:43.556   545 12105 I DownloadManager: deleting spurious file /data/data/com.android.providers.downloads/cache/metadata-1410.htm
07-05 11:58:43.556   545 12105 I DownloadManager: deleting spurious file /data/data/com.android.providers.downloads/cache/metadata-1355.htm
07-05 11:58:43.556   545 12105 I DownloadManager: deleting spurious file /data/data/com.android.providers.downloads/cache/metadata-1456.htm
07-05 11:58:43.556   545 12105 I DownloadManager: deleting spurious file /data/data/com.android.providers.downloads/cache/metadata-847.htm
07-05 11:58:43.556   545 12105 I DownloadManager: deleting spurious file /data/data/com.android.providers.downloads/cache/metadata-1163.htm
07-05 11:58:43.556   545 12105 I DownloadManager: deleting spurious file /data/data/com.android.providers.downloads/cache/metadata-855.htm
07-05 11:58:43.556   545 12105 I DownloadManager: deleting spurious file /data/data/com.android.providers.downloads/cache/metadata-1099.htm
07-05 11:58:43.556   545 12105 I DownloadManager: deleting spurious file /data/data/com.android.providers.downloads/cache/metadata-613.htm
07-05 11:58:43.556   545 12105 I DownloadManager: deleting spurious file /data/data/com.android.providers.downloads/cache/metadata-1026.htm
07-05 11:58:43.556   545 12105 I DownloadManager: deleting spurious file /data/data/com.android.providers.downloads/cache/metadata-1929.htm
07-05 11:58:43.556   545 12105 I DownloadManager: deleting spurious file /data/data/com.android.providers.downloads/cache/metadata-2117.htm
07-05 11:58:43.556   545 12105 I DownloadManager: deleting spurious file /data/data/com.android.providers.downloads/cache/metadata-1211.htm
07-05 11:58:43.556   545 12105 I DownloadManager: deleting spurious file /data/data/com.android.providers.downloads/cache/metadata-1523.htm
07-05 11:58:43.556   545 12105 I DownloadManager: deleting spurious file /data/data/com.android.providers.downloads/cache/metadata-1298.htm
07-05 11:58:43.560   545 12105 I DownloadManager: deleting spurious file /data/data/com.android.providers.downloads/cache/metadata-1230.htm
07-05 11:58:43.560   545 12105 I DownloadManager: deleting spurious file /data/data/com.android.providers.downloads/cache/metadata-1804.htm
07-05 11:58:43.560   545 12105 I DownloadManager: deleting spurious file /data/data/com.android.providers.downloads/cache/metadata-803.htm
07-05 11:58:43.560   545 12105 I DownloadManager: deleting spurious file /data/data/com.android.providers.downloads/cache/metadata-673.htm
07-05 11:58:43.560   545 12105 I DownloadManager: deleting spurious file /data/data/com.android.providers.downloads/cache/metadata-1844.htm
07-05 11:58:43.560   545 12105 I DownloadManager: deleting spurious file /data/data/com.android.providers.downloads/cache/metadata-881.htm
07-05 11:58:43.748   545   548 D dalvikvm: GC_CONCURRENT freed 731K, 11% free 10499K/11719K, paused 3ms+4ms
07-05 11:58:43.978   545   548 D dalvikvm: GC_CONCURRENT freed 399K, 11% free 10488K/11719K, paused 2ms+3ms
07-05 11:58:45.994   156   512 D dalvikvm: GC_EXPLICIT freed 546K, 16% free 13366K/15879K, paused 7ms+6ms
07-05 11:58:46.006   545 12106 I DownloadManager: Initiating request for download 1382
07-05 11:58:46.060   545   548 D dalvikvm: GC_CONCURRENT freed 350K, 10% free 10563K/11719K, paused 2ms+5ms
07-05 11:58:46.174   545   548 D dalvikvm: GC_CONCURRENT freed 246K, 9% free 10759K/11719K, paused 2ms+3ms
07-05 11:58:46.357   545   548 D dalvikvm: GC_CONCURRENT freed 699K, 11% free 10537K/11719K, paused 2ms+3ms
07-05 11:58:46.552   545   548 D dalvikvm: GC_CONCURRENT freed 409K, 11% free 10516K/11719K, paused 2ms+3ms
07-05 11:58:46.760   545   548 D dalvikvm: GC_CONCURRENT freed 403K, 11% free 10500K/11719K, paused 2ms+4ms
07-05 11:58:47.498   545   548 D dalvikvm: GC_CONCURRENT freed 378K, 11% free 10514K/11719K, paused 2ms+3ms
07-05 11:58:47.724   545   548 D dalvikvm: GC_CONCURRENT freed 406K, 11% free 10497K/11719K, paused 2ms+3ms
07-05 11:58:47.916   545   548 D dalvikvm: GC_CONCURRENT freed 405K, 11% free 10482K/11719K, paused 2ms+3ms
07-05 11:58:48.299   545   548 D dalvikvm: GC_CONCURRENT freed 391K, 11% free 10481K/11719K, paused 2ms+3ms
07-05 11:58:48.381  1370 12108 E DictionaryProvider:UpdateHandler: Can't read a file : android.util.MalformedJsonException: Use JsonReader.setLenient(true) to accept malformed JSON at line 1 column 20
07-05 11:58:48.588   545   548 D dalvikvm: GC_CONCURRENT freed 418K, 11% free 10467K/11719K, paused 2ms+2ms
07-05 11:58:48.834   545   548 D dalvikvm: GC_CONCURRENT freed 413K, 11% free 10458K/11719K, paused 2ms+3ms
07-05 11:58:49.002   545 12111 I DownloadManager: Initiating request for download 1382
07-05 11:58:49.002   545 12111 W DownloadManager: Aborting request for download 1382: Trying to resume a download that can't be resumed
07-05 11:58:50.361   545   548 D dalvikvm: GC_CONCURRENT freed 375K, 11% free 10467K/11719K, paused 21ms+2ms
07-05 11:58:50.736   545   548 D dalvikvm: GC_CONCURRENT freed 400K, 11% free 10465K/11719K, paused 2ms+3ms
07-05 11:58:50.947   545   548 D dalvikvm: GC_CONCURRENT freed 419K, 11% free 10432K/11719K, paused 2ms+3ms
07-05 11:58:52.494   545 12114 I DownloadManager: Initiating request for download 1383
07-05 11:58:52.568   545   548 D dalvikvm: GC_CONCURRENT freed 377K, 11% free 10466K/11719K, paused 2ms+3ms
07-05 11:58:52.697   545   548 D dalvikvm: GC_CONCURRENT freed 224K, 9% free 10676K/11719K, paused 2ms+3ms
07-05 11:58:52.834   545   548 D dalvikvm: GC_CONCURRENT freed 418K, 9% free 10694K/11719K, paused 2ms+3ms
07-05 11:58:53.107   545   548 D dalvikvm: GC_CONCURRENT freed 678K, 11% free 10468K/11719K, paused 2ms+3ms
07-05 11:58:53.322   545   548 D dalvikvm: GC_CONCURRENT freed 436K, 12% free 10420K/11719K, paused 2ms+2ms
07-05 11:58:54.107  1370 12116 E DictionaryProvider:UpdateHandler: Can't read a file : android.util.MalformedJsonException: Use JsonReader.setLenient(true) to accept malformed JSON at line 1 column 20
07-05 11:58:54.170   545   548 D dalvikvm: GC_CONCURRENT freed 391K, 11% free 10435K/11719K, paused 2ms+3ms
07-05 11:58:54.424   545   548 D dalvikvm: GC_CONCURRENT freed 418K, 12% free 10422K/11719K, paused 2ms+3ms
07-05 11:58:54.685   545   548 D dalvikvm: GC_CONCURRENT freed 410K, 12% free 10413K/11719K, paused 3ms+2ms
07-05 11:58:55.052   545   548 D dalvikvm: GC_CONCURRENT freed 383K, 11% free 10432K/11719K, paused 2ms+2ms
07-05 11:58:55.240   545   548 D dalvikvm: GC_CONCURRENT freed 427K, 12% free 10395K/11719K, paused 2ms+2ms
07-05 11:58:55.431   545   548 D dalvikvm: GC_CONCURRENT freed 403K, 12% free 10382K/11719K, paused 2ms+3ms
07-05 11:58:57.467   545 12119 I DownloadManager: Initiating request for download 1384
07-05 11:58:57.615   545   548 D dalvikvm: GC_CONCURRENT freed 295K, 11% free 10536K/11719K, paused 2ms+3ms
07-05 11:58:57.732   545   548 D dalvikvm: GC_CONCURRENT freed 273K, 9% free 10691K/11719K, paused 2ms+3ms
07-05 11:58:57.955  1370 12121 E DictionaryProvider:UpdateHandler: Can't read a file : android.util.MalformedJsonException: Use JsonReader.setLenient(true) to accept malformed JSON at line 1 column 20
07-05 11:58:57.978   545   548 D dalvikvm: GC_CONCURRENT freed 751K, 12% free 10398K/11719K, paused 2ms+2ms
07-05 11:58:58.185   545   548 D dalvikvm: GC_CONCURRENT freed 425K, 12% free 10365K/11719K, paused 1ms+2ms
07-05 11:58:58.334   545 12124 I DownloadManager: Initiating request for download 1384
07-05 11:58:58.396   545   548 D dalvikvm: GC_CONCURRENT freed 387K, 12% free 10405K/11719K, paused 2ms+2ms
07-05 11:58:58.498   545   548 D dalvikvm: GC_CONCURRENT freed 216K, 10% free 10620K/11719K, paused 2ms+3ms
07-05 11:58:58.646   545   548 D dalvikvm: GC_CONCURRENT freed 634K, 12% free 10400K/11719K, paused 1ms+2ms
07-05 11:58:58.861   545   548 D dalvikvm: GC_CONCURRENT freed 435K, 12% free 10353K/11719K, paused 1ms+2ms
07-05 11:58:59.052   545   548 D dalvikvm: GC_CONCURRENT freed 403K, 12% free 10336K/11719K, paused 2ms+3ms
07-05 11:58:59.146   545 12127 I DownloadManager: Initiating request for download 1385
07-05 11:58:59.252   545   548 D dalvikvm: GC_CONCURRENT freed 212K, 10% free 10548K/11719K, paused 2ms+3ms
07-05 11:58:59.353   545   548 D dalvikvm: GC_CONCURRENT freed 254K, 9% free 10691K/11719K, paused 2ms+3ms
07-05 11:58:59.588  1370 12129 E DictionaryProvider:UpdateHandler: Can't read a file : android.util.MalformedJsonException: Use JsonReader.setLenient(true) to accept malformed JSON at line 1 column 20
07-05 11:58:59.592   545   548 D dalvikvm: GC_CONCURRENT freed 766K, 12% free 10371K/11719K, paused 2ms+2ms
07-05 11:58:59.642  1370  1372 D dalvikvm: GC_CONCURRENT freed 360K, 7% free 9133K/9735K, paused 2ms+2ms
07-05 11:58:59.830   545   548 D dalvikvm: GC_CONCURRENT freed 414K, 12% free 10346K/11719K, paused 1ms+3ms
07-05 11:58:59.951   545 12132 I DownloadManager: Initiating request for download 1385
07-05 11:59:00.049   545   548 D dalvikvm: GC_CONCURRENT freed 318K, 11% free 10449K/11719K, paused 2ms+3ms
07-05 11:59:00.154   545   548 D dalvikvm: GC_CONCURRENT freed 254K, 10% free 10649K/11719K, paused 2ms+3ms
07-05 11:59:00.306   545   548 D dalvikvm: GC_CONCURRENT freed 671K, 12% free 10400K/11719K, paused 2ms+2ms
07-05 11:59:00.529   545   548 D dalvikvm: GC_CONCURRENT freed 435K, 12% free 10355K/11719K, paused 2ms+2ms
07-05 11:59:00.736   545   548 D dalvikvm: GC_CONCURRENT freed 408K, 12% free 10338K/11719K, paused 2ms+2ms
07-05 11:59:00.869   545 12135 D dalvikvm: GC_EXPLICIT freed 35K, 12% free 10382K/11719K, paused 3ms+8ms
07-05 11:59:00.873   545 12135 I DownloadManager: Initiating request for download 1386
07-05 11:59:00.986   545   548 D dalvikvm: GC_CONCURRENT freed 206K, 10% free 10615K/11719K, paused 2ms+3ms
07-05 11:59:01.107   545   548 D dalvikvm: GC_CONCURRENT freed 418K, 10% free 10624K/11719K, paused 1ms+2ms
07-05 11:59:01.248  1370 12137 E DictionaryProvider:UpdateHandler: Can't read a file : android.util.MalformedJsonException: Use JsonReader.setLenient(true) to accept malformed JSON at line 1 column 20
07-05 11:59:01.342   465   467 D dalvikvm: GC_CONCURRENT freed 439K, 6% free 10513K/11079K, paused 2ms+3ms
07-05 11:59:01.424   545   548 D dalvikvm: GC_CONCURRENT freed 669K, 12% free 10373K/11719K, paused 1ms+3ms
07-05 11:59:01.619   545   548 D dalvikvm: GC_CONCURRENT freed 421K, 12% free 10346K/11719K, paused 2ms+2ms
07-05 11:59:01.681   545 12140 I DownloadManager: Initiating request for download 1386
07-05 11:59:01.779   545   548 D dalvikvm: GC_CONCURRENT freed 219K, 10% free 10599K/11719K, paused 1ms+3ms
07-05 11:59:01.888   545   548 D dalvikvm: GC_CONCURRENT freed 393K, 10% free 10629K/11719K, paused 2ms+2ms
07-05 11:59:02.103   545   548 D dalvikvm: GC_CONCURRENT freed 675K, 12% free 10366K/11719K, paused 2ms+3ms
07-05 11:59:02.291   545   548 D dalvikvm: GC_CONCURRENT freed 405K, 12% free 10348K/11719K, paused 2ms+2ms
07-05 11:59:02.424   545 12143 I DownloadManager: Initiating request for download 1387
07-05 11:59:02.506   545   548 D dalvikvm: GC_CONCURRENT freed 270K, 11% free 10499K/11719K, paused 2ms+3ms
07-05 11:59:02.607   545   548 D dalvikvm: GC_CONCURRENT freed 271K, 10% free 10661K/11719K, paused 1ms+3ms
07-05 11:59:02.783   545   548 D dalvikvm: GC_CONCURRENT freed 680K, 12% free 10410K/11719K, paused 2ms+2ms
07-05 11:59:02.838  1370 12145 E DictionaryProvider:UpdateHandler: Can't read a file : android.util.MalformedJsonException: Use JsonReader.setLenient(true) to accept malformed JSON at line 1 column 20
07-05 11:59:02.881   465 12146 D dalvikvm: GC_EXPLICIT freed 254K, 8% free 10262K/11079K, paused 4ms+3ms
07-05 11:59:03.068   545   548 D dalvikvm: GC_CONCURRENT freed 432K, 12% free 10370K/11719K, paused 2ms+2ms
07-05 11:59:03.267   545   548 D dalvikvm: GC_CONCURRENT freed 415K, 12% free 10344K/11719K, paused 2ms+2ms
07-05 11:59:03.295   545 12148 I DownloadManager: Initiating request for download 1387
07-05 11:59:03.400   545   548 D dalvikvm: GC_CONCURRENT freed 182K, 10% free 10592K/11719K, paused 2ms+3ms
07-05 11:59:03.513   545   548 D dalvikvm: GC_CONCURRENT freed 379K, 10% free 10629K/11719K, paused 2ms+3ms
07-05 11:59:03.740   545   548 D dalvikvm: GC_CONCURRENT freed 673K, 12% free 10376K/11719K, paused 2ms+2ms
07-05 11:59:03.920   545   548 D dalvikvm: GC_CONCURRENT freed 417K, 12% free 10346K/11719K, paused 2ms+2ms
07-05 11:59:04.037   545 12151 I DownloadManager: Initiating request for download 1388
07-05 11:59:04.123   545   548 D dalvikvm: GC_CONCURRENT freed 249K, 11% free 10525K/11719K, paused 2ms+3ms
07-05 11:59:04.228   545   548 D dalvikvm: GC_CONCURRENT freed 279K, 9% free 10723K/11719K, paused 1ms+3ms
07-05 11:59:04.435  1370 12153 E DictionaryProvider:UpdateHandler: Can't read a file : android.util.MalformedJsonException: Use JsonReader.setLenient(true) to accept malformed JSON at line 1 column 20
07-05 11:59:04.443   545   548 D dalvikvm: GC_CONCURRENT freed 797K, 12% free 10387K/11719K, paused 3ms+4ms
07-05 11:59:04.662   545   548 D dalvikvm: GC_CONCURRENT freed 419K, 12% free 10359K/11719K, paused 2ms+6ms
07-05 11:59:04.779   545 12156 I DownloadManager: Initiating request for download 1388
07-05 11:59:04.842   545   548 D dalvikvm: GC_CONCURRENT freed 321K, 11% free 10468K/11719K, paused 2ms+3ms
07-05 11:59:04.947   545   548 D dalvikvm: GC_CONCURRENT freed 248K, 10% free 10664K/11719K, paused 2ms+3ms
07-05 11:59:05.099   545   548 D dalvikvm: GC_CONCURRENT freed 685K, 12% free 10410K/11719K, paused 2ms+2ms
07-05 11:59:05.322   545   548 D dalvikvm: GC_CONCURRENT freed 434K, 12% free 10370K/11719K, paused 2ms+2ms
07-05 11:59:05.521   545   548 D dalvikvm: GC_CONCURRENT freed 414K, 12% free 10345K/11719K, paused 2ms+3ms
07-05 11:59:05.572   545 12159 I DownloadManager: Initiating request for download 1389
07-05 11:59:05.681   545   548 D dalvikvm: GC_CONCURRENT freed 175K, 10% free 10592K/11719K, paused 2ms+3ms
07-05 11:59:05.791   545   548 D dalvikvm: GC_CONCURRENT freed 381K, 10% free 10625K/11719K, paused 2ms+2ms
07-05 11:59:05.959  1370 12161 E DictionaryProvider:UpdateHandler: Can't read a file : android.util.MalformedJsonException: Use JsonReader.setLenient(true) to accept malformed JSON at line 1 column 20
07-05 11:59:05.994  1370  1372 D dalvikvm: GC_CONCURRENT freed 393K, 7% free 9130K/9735K, paused 2ms+3ms
07-05 11:59:06.060   545   548 D dalvikvm: GC_CONCURRENT freed 654K, 12% free 10382K/11719K, paused 2ms+3ms
07-05 11:59:06.248   545   548 D dalvikvm: GC_CONCURRENT freed 416K, 12% free 10354K/11719K, paused 2ms+2ms
07-05 11:59:06.353   545 12164 I DownloadManager: Initiating request for download 1389
07-05 11:59:06.427   545   548 D dalvikvm: GC_CONCURRENT freed 270K, 11% free 10503K/11719K, paused 2ms+3ms
07-05 11:59:06.529   545   548 D dalvikvm: GC_CONCURRENT freed 277K, 9% free 10670K/11719K, paused 2ms+3ms
07-05 11:59:06.693   545   548 D dalvikvm: GC_CONCURRENT freed 686K, 12% free 10413K/11719K, paused 2ms+3ms
07-05 11:59:06.908   545   548 D dalvikvm: GC_CONCURRENT freed 436K, 12% free 10366K/11719K, paused 2ms+2ms
07-05 11:59:07.088   545   548 D dalvikvm: GC_CONCURRENT freed 405K, 12% free 10350K/11719K, paused 2ms+2ms
07-05 11:59:07.131   545 12167 I DownloadManager: Initiating request for download 1390
07-05 11:59:07.244   545   548 D dalvikvm: GC_CONCURRENT freed 172K, 10% free 10607K/11719K, paused 2ms+3ms
07-05 11:59:07.365   545   548 D dalvikvm: GC_CONCURRENT freed 396K, 10% free 10630K/11719K, paused 2ms+2ms
07-05 11:59:07.521  1370 12169 E DictionaryProvider:UpdateHandler: Can't read a file : android.util.MalformedJsonException: Use JsonReader.setLenient(true) to accept malformed JSON at line 1 column 20
07-05 11:59:07.627   545   548 D dalvikvm: GC_CONCURRENT freed 661K, 12% free 10380K/11719K, paused 1ms+3ms
07-05 11:59:07.822   545   548 D dalvikvm: GC_CONCURRENT freed 414K, 12% free 10360K/11719K, paused 2ms+2ms
07-05 11:59:07.920   545 12172 I DownloadManager: Initiating request for download 1390
07-05 11:59:08.002   156   168 D dalvikvm: GC_EXPLICIT freed 719K, 16% free 13366K/15879K, paused 2ms+6ms
07-05 11:59:08.072   545   548 D dalvikvm: GC_CONCURRENT freed 261K, 10% free 10573K/11719K, paused 2ms+2ms
07-05 11:59:08.181   545   548 D dalvikvm: GC_CONCURRENT freed 330K, 9% free 10710K/11719K, paused 2ms+3ms
07-05 11:59:08.404   545   548 D dalvikvm: GC_CONCURRENT freed 787K, 12% free 10370K/11719K, paused 2ms+2ms
07-05 11:59:08.580   545   548 D dalvikvm: GC_CONCURRENT freed 416K, 12% free 10345K/11719K, paused 1ms+2ms
07-05 11:59:08.736   545 12175 I DownloadManager: Initiating request for download 1391
07-05 11:59:08.830   545   548 D dalvikvm: GC_CONCURRENT freed 287K, 11% free 10500K/11719K, paused 2ms+3ms
07-05 11:59:08.935   545   548 D dalvikvm: GC_CONCURRENT freed 271K, 9% free 10687K/11719K, paused 2ms+3ms
07-05 11:59:09.103   545   548 D dalvikvm: GC_CONCURRENT freed 715K, 12% free 10403K/11719K, paused 1ms+2ms
07-05 11:59:09.181  1370 12177 E DictionaryProvider:UpdateHandler: Can't read a file : android.util.MalformedJsonException: Use JsonReader.setLenient(true) to accept malformed JSON at line 1 column 20
07-05 11:59:09.353   545   548 D dalvikvm: GC_CONCURRENT freed 428K, 12% free 10361K/11719K, paused 2ms+2ms
07-05 11:59:09.533   545   548 D dalvikvm: GC_CONCURRENT freed 408K, 12% free 10339K/11719K, paused 2ms+2ms
07-05 11:59:09.552   545 12180 I DownloadManager: Initiating request for download 1391
07-05 11:59:09.658   545   548 D dalvikvm: GC_CONCURRENT freed 181K, 10% free 10599K/11719K, paused 1ms+3ms
07-05 11:59:09.779   545   548 D dalvikvm: GC_CONCURRENT freed 404K, 10% free 10619K/11719K, paused 2ms+2ms
07-05 11:59:10.002   545   548 D dalvikvm: GC_CONCURRENT freed 664K, 12% free 10362K/11719K, paused 1ms+3ms
07-05 11:59:10.197   545   548 D dalvikvm: GC_CONCURRENT freed 407K, 12% free 10346K/11719K, paused 2ms+2ms
07-05 11:59:10.310   545 12183 I DownloadManager: Initiating request for download 1392
07-05 11:59:10.396   545   548 D dalvikvm: GC_CONCURRENT freed 250K, 10% free 10550K/11719K, paused 2ms+3ms
07-05 11:59:10.498   545   548 D dalvikvm: GC_CONCURRENT freed 294K, 9% free 10696K/11719K, paused 2ms+2ms
07-05 11:59:10.717  1370 12185 E DictionaryProvider:UpdateHandler: Can't read a file : android.util.MalformedJsonException: Use JsonReader.setLenient(true) to accept malformed JSON at line 1 column 20
07-05 11:59:10.740   545   548 D dalvikvm: GC_CONCURRENT freed 768K, 12% free 10389K/11719K, paused 3ms+2ms
07-05 11:59:10.943   545   548 D dalvikvm: GC_CONCURRENT freed 420K, 12% free 10360K/11719K, paused 2ms+2ms
07-05 11:59:11.068   545 12188 I DownloadManager: Initiating request for download 1392
07-05 11:59:11.123   545   548 D dalvikvm: GC_CONCURRENT freed 336K, 12% free 10414K/11719K, paused 2ms+3ms
07-05 11:59:11.236   545   548 D dalvikvm: GC_CONCURRENT freed 212K, 9% free 10676K/11719K, paused 2ms+3ms
07-05 11:59:11.385   545   548 D dalvikvm: GC_CONCURRENT freed 696K, 12% free 10416K/11719K, paused 2ms+3ms
07-05 11:59:11.603   545   548 D dalvikvm: GC_CONCURRENT freed 444K, 12% free 10366K/11719K, paused 2ms+2ms
07-05 11:59:11.795   545   548 D dalvikvm: GC_CONCURRENT freed 412K, 12% free 10343K/11719K, paused 2ms+3ms
07-05 11:59:11.877   545 12191 I DownloadManager: Initiating request for download 1393
07-05 11:59:11.994   545   548 D dalvikvm: GC_CONCURRENT freed 186K, 10% free 10589K/11719K, paused 2ms+2ms
07-05 11:59:12.107   545   548 D dalvikvm: GC_CONCURRENT freed 370K, 10% free 10637K/11719K, paused 2ms+3ms
07-05 11:59:12.263  1370 12193 E DictionaryProvider:UpdateHandler: Can't read a file : android.util.MalformedJsonException: Use JsonReader.setLenient(true) to accept malformed JSON at line 1 column 20
07-05 11:59:12.310  1370  1372 D dalvikvm: GC_CONCURRENT freed 388K, 7% free 9133K/9735K, paused 1ms+2ms
07-05 11:59:12.373   545   548 D dalvikvm: GC_CONCURRENT freed 675K, 12% free 10376K/11719K, paused 2ms+2ms
07-05 11:59:12.564   545   548 D dalvikvm: GC_CONCURRENT freed 414K, 12% free 10354K/11719K, paused 2ms+3ms
07-05 11:59:12.693   545 12196 I DownloadManager: Initiating request for download 1393
07-05 11:59:12.775   545   548 D dalvikvm: GC_CONCURRENT freed 289K, 11% free 10527K/11719K, paused 2ms+3ms
07-05 11:59:12.885   545   548 D dalvikvm: GC_CONCURRENT freed 286K, 9% free 10706K/11719K, paused 2ms+3ms
07-05 11:59:13.049   545   548 D dalvikvm: GC_CONCURRENT freed 739K, 12% free 10405K/11719K, paused 2ms+2ms
07-05 11:59:13.244   545   548 D dalvikvm: GC_CONCURRENT freed 399K, 12% free 10396K/11719K, paused 2ms+2ms
07-05 11:59:14.248   545 12198 I DownloadManager: Initiating request for download 1394
07-05 11:59:14.306   545   548 D dalvikvm: GC_CONCURRENT freed 358K, 11% free 10454K/11719K, paused 2ms+2ms
07-05 11:59:14.416   545   548 D dalvikvm: GC_CONCURRENT freed 205K, 10% free 10663K/11719K, paused 2ms+2ms
07-05 11:59:14.552   545   548 D dalvikvm: GC_CONCURRENT freed 636K, 11% free 10458K/11719K, paused 2ms+3ms
07-05 11:59:14.744  1370 12201 E DictionaryProvider:UpdateHandler: Can't read a file : android.util.MalformedJsonException: Use JsonReader.setLenient(true) to accept malformed JSON at line 1 column 20
07-05 11:59:14.849   545   548 D dalvikvm: GC_CONCURRENT freed 465K, 12% free 10381K/11719K, paused 2ms+4ms
07-05 11:59:15.056   545   548 D dalvikvm: GC_CONCURRENT freed 416K, 12% free 10353K/11719K, paused 1ms+3ms
07-05 11:59:15.146   545 12204 I DownloadManager: Initiating request for download 1394
07-05 11:59:15.244   545   548 D dalvikvm: GC_CONCURRENT freed 238K, 10% free 10561K/11719K, paused 2ms+3ms
07-05 11:59:15.345   545   548 D dalvikvm: GC_CONCURRENT freed 291K, 9% free 10702K/11719K, paused 2ms+3ms
07-05 11:59:15.552   545   548 D dalvikvm: GC_CONCURRENT freed 765K, 12% free 10377K/11719K, paused 2ms+3ms
07-05 11:59:15.760   545   548 D dalvikvm: GC_CONCURRENT freed 411K, 12% free 10355K/11719K, paused 2ms+2ms
07-05 11:59:15.912   545 12207 I DownloadManager: Initiating request for download 1395
07-05 11:59:15.970   545   548 D dalvikvm: GC_CONCURRENT freed 335K, 12% free 10424K/11719K, paused 2ms+3ms
07-05 11:59:16.084   545   548 D dalvikvm: GC_CONCURRENT freed 215K, 10% free 10640K/11719K, paused 2ms+2ms
07-05 11:59:16.232   545   548 D dalvikvm: GC_CONCURRENT freed 644K, 12% free 10424K/11719K, paused 2ms+2ms
07-05 11:59:16.310  1370 12209 E DictionaryProvider:UpdateHandler: Can't read a file : android.util.MalformedJsonException: Use JsonReader.setLenient(true) to accept malformed JSON at line 1 column 20
07-05 11:59:16.486   545   548 D dalvikvm: GC_CONCURRENT freed 434K, 12% free 10377K/11719K, paused 2ms+3ms
07-05 11:59:16.681   545   548 D dalvikvm: GC_CONCURRENT freed 410K, 12% free 10352K/11719K, paused 2ms+3ms
07-05 11:59:16.756   545 12212 I DownloadManager: Initiating request for download 1395
07-05 11:59:16.845   545   548 D dalvikvm: GC_CONCURRENT freed 224K, 10% free 10584K/11719K, paused 2ms+3ms
07-05 11:59:16.951   545   548 D dalvikvm: GC_CONCURRENT freed 301K, 9% free 10721K/11719K, paused 2ms+3ms
07-05 11:59:17.177   545   548 D dalvikvm: GC_CONCURRENT freed 784K, 12% free 10382K/11719K, paused 1ms+2ms
07-05 11:59:17.361   545   548 D dalvikvm: GC_CONCURRENT freed 411K, 12% free 10360K/11719K, paused 2ms+2ms
07-05 11:59:17.494   545 12215 I DownloadManager: Initiating request for download 1396
07-05 11:59:17.576   545   548 D dalvikvm: GC_CONCURRENT freed 287K, 11% free 10545K/11719K, paused 2ms+3ms
07-05 11:59:17.681   545   548 D dalvikvm: GC_CONCURRENT freed 290K, 9% free 10688K/11719K, paused 2ms+2ms
07-05 11:59:17.861   545   548 D dalvikvm: GC_CONCURRENT freed 717K, 12% free 10412K/11719K, paused 2ms+2ms
07-05 11:59:17.916  1370 12217 E DictionaryProvider:UpdateHandler: Can't read a file : android.util.MalformedJsonException: Use JsonReader.setLenient(true) to accept malformed JSON at line 1 column 20
07-05 11:59:18.103   545   548 D dalvikvm: GC_CONCURRENT freed 424K, 12% free 10385K/11719K, paused 2ms+3ms
07-05 11:59:18.299   545   548 D dalvikvm: GC_CONCURRENT freed 418K, 12% free 10355K/11719K, paused 2ms+2ms
07-05 11:59:18.302   545 12220 I DownloadManager: Initiating request for download 1396
07-05 11:59:18.420   545   548 D dalvikvm: GC_CONCURRENT freed 167K, 10% free 10611K/11719K, paused 2ms+2ms
07-05 11:59:18.525   545   548 D dalvikvm: GC_CONCURRENT freed 393K, 10% free 10642K/11719K, paused 2ms+2ms
07-05 11:59:18.728   545   548 D dalvikvm: GC_CONCURRENT freed 649K, 12% free 10408K/11719K, paused 2ms+2ms
07-05 11:59:18.920   545   548 D dalvikvm: GC_CONCURRENT freed 400K, 12% free 10397K/11719K, paused 2ms+3ms
07-05 11:59:20.115   545 12222 I DownloadManager: Initiating request for download 1397
07-05 11:59:20.201   545   548 D dalvikvm: GC_CONCURRENT freed 271K, 11% free 10535K/11719K, paused 2ms+3ms
07-05 11:59:20.306   545   548 D dalvikvm: GC_CONCURRENT freed 270K, 9% free 10681K/11719K, paused 2ms+3ms
07-05 11:59:20.478   545   548 D dalvikvm: GC_CONCURRENT freed 695K, 12% free 10422K/11719K, paused 2ms+3ms
07-05 11:59:20.560  1370 12225 E DictionaryProvider:UpdateHandler: Can't read a file : android.util.MalformedJsonException: Use JsonReader.setLenient(true) to accept malformed JSON at line 1 column 20
07-05 11:59:20.592  1370  1372 D dalvikvm: GC_CONCURRENT freed 397K, 7% free 9127K/9735K, paused 1ms+2ms
07-05 11:59:20.760   545   548 D dalvikvm: GC_CONCURRENT freed 430K, 12% free 10382K/11719K, paused 2ms+2ms
07-05 11:59:20.951   545   548 D dalvikvm: GC_CONCURRENT freed 412K, 12% free 10355K/11719K, paused 2ms+2ms
07-05 11:59:20.982   545 12228 I DownloadManager: Initiating request for download 1397
07-05 11:59:21.080   545   548 D dalvikvm: GC_CONCURRENT freed 181K, 10% free 10633K/11719K, paused 1ms+3ms
07-05 11:59:21.201   545   548 D dalvikvm: GC_CONCURRENT freed 421K, 10% free 10638K/11719K, paused 2ms+4ms
07-05 11:59:21.424   545   548 D dalvikvm: GC_CONCURRENT freed 671K, 12% free 10381K/11719K, paused 2ms+3ms
07-05 11:59:21.615   545   548 D dalvikvm: GC_CONCURRENT freed 410K, 12% free 10365K/11719K, paused 2ms+2ms
07-05 11:59:21.736   545 12231 I DownloadManager: Initiating request for download 1398
07-05 11:59:21.822   545   548 D dalvikvm: GC_CONCURRENT freed 247K, 11% free 10540K/11719K, paused 3ms+3ms
07-05 11:59:21.927   545   548 D dalvikvm: GC_CONCURRENT freed 271K, 9% free 10746K/11719K, paused 2ms+2ms
07-05 11:59:22.123   545   548 D dalvikvm: GC_CONCURRENT freed 781K, 12% free 10420K/11719K, paused 2ms+2ms
07-05 11:59:22.181  1370 12233 E DictionaryProvider:UpdateHandler: Can't read a file : android.util.MalformedJsonException: Use JsonReader.setLenient(true) to accept malformed JSON at line 1 column 20
07-05 11:59:22.369   545   548 D dalvikvm: GC_CONCURRENT freed 432K, 12% free 10378K/11719K, paused 2ms+3ms
07-05 11:59:22.506   545 12236 I DownloadManager: Initiating request for download 1398
07-05 11:59:22.603   545   548 D dalvikvm: GC_CONCURRENT freed 360K, 11% free 10430K/11719K, paused 2ms+3ms
07-05 11:59:22.705   545   548 D dalvikvm: GC_CONCURRENT freed 243K, 10% free 10627K/11719K, paused 2ms+2ms
07-05 11:59:22.826   545   548 D dalvikvm: GC_CONCURRENT freed 415K, 10% free 10639K/11719K, paused 1ms+2ms
07-05 11:59:23.049   545   548 D dalvikvm: GC_CONCURRENT freed 673K, 12% free 10380K/11719K, paused 2ms+2ms
07-05 11:59:23.256   545   548 D dalvikvm: GC_CONCURRENT freed 405K, 12% free 10362K/11719K, paused 2ms+2ms
07-05 11:59:23.400   156   530 D dalvikvm: GC_EXPLICIT freed 510K, 16% free 13365K/15879K, paused 2ms+5ms
07-05 11:59:23.408   545 12239 I DownloadManager: Initiating request for download 1399
07-05 11:59:23.502   545   548 D dalvikvm: GC_CONCURRENT freed 222K, 10% free 10591K/11719K, paused 2ms+3ms
07-05 11:59:23.603   545   548 D dalvikvm: GC_CONCURRENT freed 374K, 10% free 10633K/11719K, paused 2ms+3ms
07-05 11:59:23.822   545   548 D dalvikvm: GC_CONCURRENT freed 673K, 12% free 10381K/11719K, paused 2ms+2ms
07-05 11:59:23.881   545  1332 D dalvikvm: GC_EXPLICIT freed 10K, 12% free 10374K/11719K, paused 3ms+3ms
07-05 11:59:23.900  1370 12241 E DictionaryProvider:UpdateHandler: Can't read a file : android.util.MalformedJsonException: Use JsonReader.setLenient(true) to accept malformed JSON at line 1 column 20
07-05 11:59:24.119   545   548 D dalvikvm: GC_CONCURRENT freed 401K, 12% free 10371K/11719K, paused 1ms+3ms
07-05 11:59:24.240   545 12244 I DownloadManager: Initiating request for download 1399
07-05 11:59:24.326   545   548 D dalvikvm: GC_CONCURRENT freed 333K, 11% free 10486K/11719K, paused 2ms+3ms
07-05 11:59:24.431   545   548 D dalvikvm: GC_CONCURRENT freed 261K, 9% free 10667K/11719K, paused 2ms+2ms
07-05 11:59:24.584   545   548 D dalvikvm: GC_CONCURRENT freed 682K, 12% free 10422K/11719K, paused 2ms+2ms
07-05 11:59:24.802   545   548 D dalvikvm: GC_CONCURRENT freed 445K, 12% free 10366K/11719K, paused 2ms+3ms
07-05 11:59:25.006   545   548 D dalvikvm: GC_CONCURRENT freed 405K, 12% free 10348K/11719K, paused 2ms+3ms
07-05 11:59:25.064   545 12247 I DownloadManager: Initiating request for download 1400
07-05 11:59:25.181   545   548 D dalvikvm: GC_CONCURRENT freed 191K, 10% free 10593K/11719K, paused 1ms+3ms
07-05 11:59:25.299   545   548 D dalvikvm: GC_CONCURRENT freed 370K, 10% free 10640K/11719K, paused 2ms+3ms
07-05 11:59:25.467  1370 12249 E DictionaryProvider:UpdateHandler: Can't read a file : android.util.MalformedJsonException: Use JsonReader.setLenient(true) to accept malformed JSON at line 1 column 20
07-05 11:59:25.556   545   548 D dalvikvm: GC_CONCURRENT freed 669K, 12% free 10392K/11719K, paused 2ms+3ms
07-05 11:59:25.744   545   548 D dalvikvm: GC_CONCURRENT freed 424K, 12% free 10356K/11719K, paused 2ms+2ms
07-05 11:59:25.857   545 12252 I DownloadManager: Initiating request for download 1400
07-05 11:59:25.931   545   548 D dalvikvm: GC_CONCURRENT freed 288K, 11% free 10498K/11719K, paused 2ms+3ms
07-05 11:59:26.037   545   548 D dalvikvm: GC_CONCURRENT freed 256K, 9% free 10715K/11719K, paused 2ms+2ms
07-05 11:59:26.205   545   548 D dalvikvm: GC_CONCURRENT freed 746K, 12% free 10418K/11719K, paused 1ms+2ms
07-05 11:59:26.427   545   548 D dalvikvm: GC_CONCURRENT freed 440K, 12% free 10370K/11719K, paused 2ms+2ms
07-05 11:59:26.638   545 12255 I DownloadManager: Initiating request for download 1401
07-05 11:59:26.658   545   548 D dalvikvm: GC_CONCURRENT freed 401K, 12% free 10365K/11719K, paused 3ms+3ms
07-05 11:59:26.791   545   548 D dalvikvm: GC_CONCURRENT freed 174K, 10% free 10616K/11719K, paused 1ms+2ms
07-05 11:59:26.912   545   548 D dalvikvm: GC_CONCURRENT freed 397K, 10% free 10640K/11719K, paused 1ms+2ms
07-05 11:59:27.064  1370 12257 E DictionaryProvider:UpdateHandler: Can't read a file : android.util.MalformedJsonException: Use JsonReader.setLenient(true) to accept malformed JSON at line 1 column 20
07-05 11:59:27.103  1370  1372 D dalvikvm: GC_CONCURRENT freed 387K, 7% free 9130K/9735K, paused 2ms+2ms
07-05 11:59:27.185   545   548 D dalvikvm: GC_CONCURRENT freed 676K, 12% free 10382K/11719K, paused 2ms+3ms
07-05 11:59:27.381   545   548 D dalvikvm: GC_CONCURRENT freed 412K, 12% free 10357K/11719K, paused 1ms+2ms
07-05 11:59:27.474   545 12260 I DownloadManager: Initiating request for download 1401
07-05 11:59:27.556   545   548 D dalvikvm: GC_CONCURRENT freed 260K, 11% free 10528K/11719K, paused 2ms+3ms
07-05 11:59:27.670   545   548 D dalvikvm: GC_CONCURRENT freed 274K, 9% free 10743K/11719K, paused 1ms+4ms
07-05 11:59:27.865   545   548 D dalvikvm: GC_CONCURRENT freed 814K, 12% free 10381K/11719K, paused 2ms+2ms
07-05 11:59:28.056   545   548 D dalvikvm: GC_CONCURRENT freed 408K, 12% free 10362K/11719K, paused 1ms+2ms
07-05 11:59:28.232   545 12263 I DownloadManager: Initiating request for download 1402
07-05 11:59:28.299   545   548 D dalvikvm: GC_CONCURRENT freed 352K, 12% free 10429K/11719K, paused 2ms+3ms
07-05 11:59:28.408   545   548 D dalvikvm: GC_CONCURRENT freed 205K, 10% free 10638K/11719K, paused 2ms+2ms
07-05 11:59:28.533   545   548 D dalvikvm: GC_CONCURRENT freed 428K, 10% free 10642K/11719K, paused 1ms+4ms
07-05 11:59:28.677  1370 12265 E DictionaryProvider:UpdateHandler: Can't read a file : android.util.MalformedJsonException: Use JsonReader.setLenient(true) to accept malformed JSON at line 1 column 20
07-05 11:59:28.802   545   548 D dalvikvm: GC_CONCURRENT freed 675K, 12% free 10381K/11719K, paused 1ms+3ms
07-05 11:59:28.994   545   548 D dalvikvm: GC_CONCURRENT freed 410K, 12% free 10359K/11719K, paused 2ms+3ms
07-05 11:59:29.072   545 12268 I DownloadManager: Initiating request for download 1402
07-05 11:59:29.158   545   548 D dalvikvm: GC_CONCURRENT freed 248K, 10% free 10566K/11719K, paused 3ms+3ms
07-05 11:59:29.263   545   548 D dalvikvm: GC_CONCURRENT freed 274K, 9% free 10724K/11719K, paused 2ms+4ms
07-05 11:59:29.494   545   548 D dalvikvm: GC_CONCURRENT freed 784K, 12% free 10387K/11719K, paused 1ms+2ms
07-05 11:59:29.677   545   548 D dalvikvm: GC_CONCURRENT freed 411K, 12% free 10364K/11719K, paused 2ms+3ms
07-05 11:59:29.822   545 12271 I DownloadManager: Initiating request for download 1403
07-05 11:59:29.885   545   548 D dalvikvm: GC_CONCURRENT freed 320K, 11% free 10430K/11719K, paused 3ms+3ms
07-05 11:59:29.990   545   548 D dalvikvm: GC_CONCURRENT freed 223K, 9% free 10700K/11719K, paused 1ms+3ms
07-05 11:59:30.131   545   548 D dalvikvm: GC_CONCURRENT freed 714K, 12% free 10422K/11719K, paused 2ms+3ms
07-05 11:59:30.213  1370 12273 E DictionaryProvider:UpdateHandler: Can't read a file : android.util.MalformedJsonException: Use JsonReader.setLenient(true) to accept malformed JSON at line 1 column 20
07-05 11:59:30.338   682  1055 E GTalkService: connectionClosed: no XMPPConnection - That's strange!
07-05 11:59:30.381   545   548 D dalvikvm: GC_CONCURRENT freed 431K, 12% free 10383K/11719K, paused 2ms+2ms
07-05 11:59:30.580   545   548 D dalvikvm: GC_CONCURRENT freed 411K, 12% free 10360K/11719K, paused 2ms+2ms
07-05 11:59:30.631   545 12276 I DownloadManager: Initiating request for download 1403
07-05 11:59:30.728   545   548 D dalvikvm: GC_CONCURRENT freed 207K, 10% free 10597K/11719K, paused 2ms+3ms
07-05 11:59:30.838   545   548 D dalvikvm: GC_CONCURRENT freed 282K, 9% free 10735K/11719K, paused 2ms+2ms
07-05 11:59:31.049   545   548 D dalvikvm: GC_CONCURRENT freed 799K, 12% free 10385K/11719K, paused 2ms+2ms
07-05 11:59:31.244   545   548 D dalvikvm: GC_CONCURRENT freed 405K, 12% free 10370K/11719K, paused 2ms+2ms
07-05 11:59:31.396   545 12279 I DownloadManager: Initiating request for download 1404
07-05 11:59:31.467   545   548 D dalvikvm: GC_CONCURRENT freed 287K, 11% free 10501K/11719K, paused 2ms+2ms
07-05 11:59:31.568   545   548 D dalvikvm: GC_CONCURRENT freed 256K, 9% free 10675K/11719K, paused 2ms+3ms
07-05 11:59:31.724   545   548 D dalvikvm: GC_CONCURRENT freed 678K, 11% free 10433K/11719K, paused 2ms+3ms
07-05 11:59:31.830  1370 12281 E DictionaryProvider:UpdateHandler: Can't read a file : android.util.MalformedJsonException: Use JsonReader.setLenient(true) to accept malformed JSON at line 1 column 20
07-05 11:59:31.974   545   548 D dalvikvm: GC_CONCURRENT freed 434K, 12% free 10392K/11719K, paused 2ms+3ms
07-05 11:59:32.166   545   548 D dalvikvm: GC_CONCURRENT freed 418K, 12% free 10362K/11719K, paused 1ms+3ms
07-05 11:59:32.220   545 12284 I DownloadManager: Initiating request for download 1404
07-05 11:59:32.326   545   548 D dalvikvm: GC_CONCURRENT freed 199K, 10% free 10626K/11719K, paused 2ms+2ms
07-05 11:59:32.431   545   548 D dalvikvm: GC_CONCURRENT freed 406K, 10% free 10643K/11719K, paused 2ms+2ms
07-05 11:59:32.635   545   548 D dalvikvm: GC_CONCURRENT freed 673K, 12% free 10389K/11719K, paused 2ms+3ms
07-05 11:59:32.845   545   548 D dalvikvm: GC_CONCURRENT freed 404K, 12% free 10372K/11719K, paused 2ms+2ms
07-05 11:59:32.978   545 12287 I DownloadManager: Initiating request for download 1405
07-05 11:59:33.060   545   548 D dalvikvm: GC_CONCURRENT freed 291K, 10% free 10553K/11719K, paused 2ms+3ms
07-05 11:59:33.162   545   548 D dalvikvm: GC_CONCURRENT freed 285K, 9% free 10697K/11719K, paused 2ms+3ms
07-05 11:59:33.334   545   548 D dalvikvm: GC_CONCURRENT freed 703K, 12% free 10428K/11719K, paused 2ms+2ms
07-05 11:59:33.342   156   330 D ConnectivityService: handleInetConditionHoldEnd: net=1, condition=0, published condition=0
07-05 11:59:33.404  1370 12289 E DictionaryProvider:UpdateHandler: Can't read a file : android.util.MalformedJsonException: Use JsonReader.setLenient(true) to accept malformed JSON at line 1 column 20
07-05 11:59:33.451  1370  1372 D dalvikvm: GC_CONCURRENT freed 391K, 7% free 9128K/9735K, paused 1ms+2ms
07-05 11:59:33.615   545   548 D dalvikvm: GC_CONCURRENT freed 430K, 12% free 10393K/11719K, paused 1ms+3ms
07-05 11:59:33.806   545   548 D dalvikvm: GC_CONCURRENT freed 419K, 12% free 10365K/11719K, paused 2ms+2ms
07-05 11:59:33.842   545 12292 I DownloadManager: Initiating request for download 1405
07-05 11:59:33.967   545   548 D dalvikvm: GC_CONCURRENT freed 176K, 10% free 10651K/11719K, paused 2ms+3ms
07-05 11:59:34.076   545   548 D dalvikvm: GC_CONCURRENT freed 441K, 10% free 10646K/11719K, paused 2ms+2ms
07-05 11:59:34.302   545   548 D dalvikvm: GC_CONCURRENT freed 677K, 12% free 10386K/11719K, paused 2ms+2ms
07-05 11:59:34.494   545   548 D dalvikvm: GC_CONCURRENT freed 405K, 12% free 10373K/11719K, paused 2ms+2ms
07-05 11:59:34.619   545 12295 I DownloadManager: Initiating request for download 1406
07-05 11:59:34.701   545   548 D dalvikvm: GC_CONCURRENT freed 244K, 10% free 10551K/11719K, paused 2ms+3ms
07-05 11:59:34.810   545   548 D dalvikvm: GC_CONCURRENT freed 275K, 9% free 10731K/11719K, paused 2ms+3ms
07-05 11:59:34.998   545   548 D dalvikvm: GC_CONCURRENT freed 740K, 11% free 10443K/11719K, paused 2ms+3ms
07-05 11:59:35.064  1370 12297 E DictionaryProvider:UpdateHandler: Can't read a file : android.util.MalformedJsonException: Use JsonReader.setLenient(true) to accept malformed JSON at line 1 column 20
07-05 11:59:35.256   545   548 D dalvikvm: GC_CONCURRENT freed 434K, 12% free 10396K/11719K, paused 2ms+4ms
07-05 11:59:35.451   545   548 D dalvikvm: GC_CONCURRENT freed 409K, 12% free 10372K/11719K, paused 2ms+3ms
07-05 11:59:35.467   545 12300 I DownloadManager: Initiating request for download 1406
07-05 11:59:35.568   545   548 D dalvikvm: GC_CONCURRENT freed 171K, 10% free 10631K/11719K, paused 2ms+2ms
07-05 11:59:35.697   545   548 D dalvikvm: GC_CONCURRENT freed 398K, 10% free 10661K/11719K, paused 2ms+3ms
07-05 11:59:35.924   545   548 D dalvikvm: GC_CONCURRENT freed 688K, 12% free 10398K/11719K, paused 2ms+2ms
07-05 11:59:36.115   545   548 D dalvikvm: GC_CONCURRENT freed 407K, 12% free 10380K/11719K, paused 2ms+3ms
07-05 11:59:36.232   545 12303 I DownloadManager: Initiating request for download 1407
07-05 11:59:36.330   545   548 D dalvikvm: GC_CONCURRENT freed 260K, 10% free 10596K/11719K, paused 2ms+3ms
07-05 11:59:36.435   545   548 D dalvikvm: GC_CONCURRENT freed 309K, 9% free 10728K/11719K, paused 2ms+3ms
07-05 11:59:36.615   545   548 D dalvikvm: GC_CONCURRENT freed 771K, 12% free 10407K/11719K, paused 2ms+3ms
07-05 11:59:36.724   156   168 D dalvikvm: GC_EXPLICIT freed 517K, 16% free 13367K/15879K, paused 3ms+6ms
07-05 11:59:36.732  1370 12305 E DictionaryProvider:UpdateHandler: Can't read a file : android.util.MalformedJsonException: Use JsonReader.setLenient(true) to accept malformed JSON at line 1 column 20
07-05 11:59:36.818   465   467 D dalvikvm: GC_CONCURRENT freed 153K, 6% free 10502K/11079K, paused 2ms+2ms
07-05 11:59:36.978   545   548 D dalvikvm: GC_CONCURRENT freed 399K, 12% free 10396K/11719K, paused 2ms+5ms
07-05 11:59:37.142   545 12308 I DownloadManager: Initiating request for download 1407
07-05 11:59:37.177   545   548 D dalvikvm: GC_CONCURRENT freed 421K, 12% free 10388K/11719K, paused 1ms+2ms
07-05 11:59:37.291   545   548 D dalvikvm: GC_CONCURRENT freed 177K, 10% free 10628K/11719K, paused 2ms+3ms
07-05 11:59:37.412   545   548 D dalvikvm: GC_CONCURRENT freed 398K, 10% free 10655K/11719K, paused 1ms+3ms
07-05 11:59:37.638   545   548 D dalvikvm: GC_CONCURRENT freed 690K, 12% free 10385K/11719K, paused 2ms+3ms
07-05 11:59:37.830   545   548 D dalvikvm: GC_CONCURRENT freed 405K, 12% free 10369K/11719K, paused 1ms+3ms
07-05 11:59:37.955   545 12311 I DownloadManager: Initiating request for download 1408
07-05 11:59:38.041   545   548 D dalvikvm: GC_CONCURRENT freed 274K, 10% free 10563K/11719K, paused 2ms+4ms
07-05 11:59:38.150   545   548 D dalvikvm: GC_CONCURRENT freed 275K, 9% free 10724K/11719K, paused 2ms+2ms
07-05 11:59:38.345  1370 12313 E DictionaryProvider:UpdateHandler: Can't read a file : android.util.MalformedJsonException: Use JsonReader.setLenient(true) to accept malformed JSON at line 1 column 20
07-05 11:59:38.381   545   548 D dalvikvm: GC_CONCURRENT freed 787K, 12% free 10407K/11719K, paused 2ms+3ms
07-05 11:59:38.588   545   548 D dalvikvm: GC_CONCURRENT freed 422K, 12% free 10376K/11719K, paused 1ms+2ms
07-05 11:59:38.724   545 12316 I DownloadManager: Initiating request for download 1408
07-05 11:59:38.771   545   548 D dalvikvm: GC_CONCURRENT freed 365K, 12% free 10412K/11719K, paused 2ms+4ms
07-05 11:59:38.920   545   548 D dalvikvm: GC_CONCURRENT freed 203K, 10% free 10645K/11719K, paused 1ms+2ms
07-05 11:59:39.041   545   548 D dalvikvm: GC_CONCURRENT freed 421K, 10% free 10660K/11719K, paused 2ms+3ms
07-05 11:59:39.279   545   548 D dalvikvm: GC_CONCURRENT freed 695K, 12% free 10392K/11719K, paused 2ms+2ms
07-05 11:59:39.470   545   548 D dalvikvm: GC_CONCURRENT freed 412K, 12% free 10371K/11719K, paused 2ms+2ms
07-05 11:59:39.584   545 12319 I DownloadManager: Initiating request for download 1409
07-05 11:59:39.677   545   548 D dalvikvm: GC_CONCURRENT freed 222K, 10% free 10582K/11719K, paused 2ms+3ms
07-05 11:59:39.779   545   548 D dalvikvm: GC_CONCURRENT freed 283K, 9% free 10733K/11719K, paused 1ms+3ms
07-05 11:59:39.990  1370 12321 E DictionaryProvider:UpdateHandler: Can't read a file : android.util.MalformedJsonException: Use JsonReader.setLenient(true) to accept malformed JSON at line 1 column 20
07-05 11:59:39.998   545   548 D dalvikvm: GC_CONCURRENT freed 784K, 12% free 10411K/11719K, paused 2ms+3ms
07-05 11:59:40.037  1370  1372 D dalvikvm: GC_CONCURRENT freed 387K, 7% free 9132K/9735K, paused 1ms+2ms
07-05 11:59:40.220   545   548 D dalvikvm: GC_CONCURRENT freed 409K, 12% free 10387K/11719K, paused 2ms+2ms
07-05 11:59:40.353   545 12323 I DownloadManager: Initiating request for download 1409
07-05 11:59:40.404   545   548 D dalvikvm: GC_CONCURRENT freed 364K, 12% free 10409K/11719K, paused 2ms+2ms
07-05 11:59:40.490   545   548 D dalvikvm: GC_CONCURRENT freed 169K, 10% free 10639K/11719K, paused 2ms+3ms
07-05 11:59:40.584   545   548 D dalvikvm: GC_CONCURRENT freed 618K, 11% free 10434K/11719K, paused 2ms+2ms
07-05 11:59:41.674   545   548 D dalvikvm: GC_CONCURRENT freed 425K, 12% free 10396K/11719K, paused 2ms+2ms
07-05 11:59:41.865   545   548 D dalvikvm: GC_CONCURRENT freed 409K, 12% free 10377K/11719K, paused 2ms+3ms
07-05 11:59:41.994   545 12327 I DownloadManager: Initiating request for download 1410
07-05 11:59:42.080   545   548 D dalvikvm: GC_CONCURRENT freed 284K, 11% free 10532K/11719K, paused 2ms+3ms
07-05 11:59:42.181   545   548 D dalvikvm: GC_CONCURRENT freed 271K, 9% free 10693K/11719K, paused 2ms+3ms
07-05 11:59:42.338   545   548 D dalvikvm: GC_CONCURRENT freed 696K, 11% free 10445K/11719K, paused 1ms+2ms
07-05 11:59:42.408  1370 12329 E DictionaryProvider:UpdateHandler: Can't read a file : android.util.MalformedJsonException: Use JsonReader.setLenient(true) to accept malformed JSON at line 1 column 20
07-05 11:59:42.584   545   548 D dalvikvm: GC_CONCURRENT freed 437K, 12% free 10394K/11719K, paused 2ms+2ms
07-05 11:59:42.771   545   548 D dalvikvm: GC_CONCURRENT freed 413K, 12% free 10371K/11719K, paused 2ms+2ms
07-05 11:59:42.822   545 12332 I DownloadManager: Initiating request for download 1410
07-05 11:59:42.912   545   548 D dalvikvm: GC_CONCURRENT freed 193K, 10% free 10620K/11719K, paused 2ms+3ms
07-05 11:59:43.025   545   548 D dalvikvm: GC_CONCURRENT freed 383K, 10% free 10661K/11719K, paused 2ms+2ms
07-05 11:59:43.232   545   548 D dalvikvm: GC_CONCURRENT freed 686K, 12% free 10397K/11719K, paused 2ms+2ms
07-05 11:59:43.424   545   548 D dalvikvm: GC_CONCURRENT freed 404K, 12% free 10382K/11719K, paused 2ms+2ms
07-05 11:59:43.576   545 12335 I DownloadManager: Initiating request for download 1411
07-05 11:59:43.638   545   548 D dalvikvm: GC_CONCURRENT freed 322K, 11% free 10447K/11719K, paused 2ms+3ms
07-05 11:59:43.740   545   548 D dalvikvm: GC_CONCURRENT freed 214K, 9% free 10704K/11719K, paused 2ms+3ms
07-05 11:59:43.892   545   548 D dalvikvm: GC_CONCURRENT freed 708K, 11% free 10446K/11719K, paused 3ms+2ms
07-05 11:59:43.900   682   682 I GTalkService/c: [AndroidEndpoint@1095403848] connect: acct=1000001, state=CONNECTING
07-05 11:59:43.986  1370 12337 E DictionaryProvider:UpdateHandler: Can't read a file : android.util.MalformedJsonException: Use JsonReader.setLenient(true) to accept malformed JSON at line 1 column 20
07-05 11:59:44.150   545   548 D dalvikvm: GC_CONCURRENT freed 439K, 12% free 10398K/11719K, paused 2ms+3ms
07-05 11:59:44.338   545   548 D dalvikvm: GC_CONCURRENT freed 410K, 12% free 10374K/11719K, paused 2ms+2ms
07-05 11:59:44.408   545 12340 I DownloadManager: Initiating request for download 1411
07-05 11:59:44.506   545   548 D dalvikvm: GC_CONCURRENT freed 227K, 10% free 10621K/11719K, paused 3ms+3ms
07-05 11:59:44.607   545   548 D dalvikvm: GC_CONCURRENT freed 298K, 9% free 10753K/11719K, paused 2ms+2ms
07-05 11:59:44.842   545   548 D dalvikvm: GC_CONCURRENT freed 809K, 12% free 10398K/11719K, paused 2ms+3ms
07-05 11:59:45.037   545   548 D dalvikvm: GC_CONCURRENT freed 403K, 12% free 10382K/11719K, paused 1ms+2ms
07-05 11:59:45.177   545 12343 I DownloadManager: Initiating request for download 1412
07-05 11:59:45.263   545   548 D dalvikvm: GC_CONCURRENT freed 301K, 10% free 10565K/11719K, paused 2ms+3ms
07-05 11:59:45.369   545   548 D dalvikvm: GC_CONCURRENT freed 289K, 9% free 10716K/11719K, paused 2ms+3ms
07-05 11:59:45.537   545   548 D dalvikvm: GC_CONCURRENT freed 721K, 11% free 10443K/11719K, paused 2ms+3ms
07-05 11:59:45.599  1370 12345 E DictionaryProvider:UpdateHandler: Can't read a file : android.util.MalformedJsonException: Use JsonReader.setLenient(true) to accept malformed JSON at line 1 column 20
07-05 11:59:45.767   545   548 D dalvikvm: GC_CONCURRENT freed 427K, 12% free 10402K/11719K, paused 1ms+2ms
07-05 11:59:45.967   545   548 D dalvikvm: GC_CONCURRENT freed 409K, 12% free 10382K/11719K, paused 2ms+2ms
07-05 11:59:45.998   545 12347 I DownloadManager: Initiating request for download 1412
07-05 11:59:46.076   545   548 D dalvikvm: GC_CONCURRENT freed 186K, 10% free 10621K/11719K, paused 2ms+3ms
07-05 11:59:46.154   545   548 D dalvikvm: GC_CONCURRENT freed 363K, 10% free 10664K/11719K, paused 2ms+3ms
07-05 11:59:46.951   545 12347 D dalvikvm: GC_EXPLICIT freed 319K, 11% free 10444K/11719K, paused 3ms+5ms
07-05 11:59:47.197   545   548 D dalvikvm: GC_CONCURRENT freed 434K, 12% free 10401K/11719K, paused 2ms+3ms
07-05 11:59:47.385   545   548 D dalvikvm: GC_CONCURRENT freed 408K, 12% free 10381K/11719K, paused 2ms+2ms
07-05 11:59:47.510   545 12351 I DownloadManager: Initiating request for download 1413
07-05 11:59:47.592   545   548 D dalvikvm: GC_CONCURRENT freed 278K, 10% free 10612K/11719K, paused 3ms+3ms
07-05 11:59:47.705   545   548 D dalvikvm: GC_CONCURRENT freed 326K, 9% free 10743K/11719K, paused 2ms+3ms
07-05 11:59:47.912   545   548 D dalvikvm: GC_CONCURRENT freed 796K, 12% free 10414K/11719K, paused 1ms+2ms
07-05 11:59:47.920  1370 12353 E DictionaryProvider:UpdateHandler: Can't read a file : android.util.MalformedJsonException: Use JsonReader.setLenient(true) to accept malformed JSON at line 1 column 20
07-05 11:59:47.963  1370  1372 D dalvikvm: GC_CONCURRENT freed 393K, 7% free 9126K/9735K, paused 1ms+2ms
07-05 11:59:48.158   545   548 D dalvikvm: GC_CONCURRENT freed 409K, 12% free 10393K/11719K, paused 2ms+3ms
07-05 11:59:48.287   545 12356 I DownloadManager: Initiating request for download 1413
07-05 11:59:48.345   545   548 D dalvikvm: GC_CONCURRENT freed 367K, 11% free 10450K/11719K, paused 2ms+4ms
07-05 11:59:48.459   545   548 D dalvikvm: GC_CONCURRENT freed 210K, 9% free 10686K/11719K, paused 2ms+2ms
07-05 11:59:48.595   545   548 D dalvikvm: GC_CONCURRENT freed 671K, 11% free 10451K/11719K, paused 2ms+2ms
07-05 11:59:48.814   545   548 D dalvikvm: GC_CONCURRENT freed 442K, 12% free 10401K/11719K, paused 2ms+2ms
07-05 11:59:49.002   545   548 D dalvikvm: GC_CONCURRENT freed 406K, 12% free 10383K/11719K, paused 2ms+2ms
07-05 11:59:49.103   545 12359 I DownloadManager: Initiating request for download 1414
07-05 11:59:49.201   545   548 D dalvikvm: GC_CONCURRENT freed 230K, 10% free 10582K/11719K, paused 3ms+3ms
07-05 11:59:49.306   545   548 D dalvikvm: GC_CONCURRENT freed 286K, 9% free 10751K/11719K, paused 2ms+4ms
07-05 11:59:49.525  1370 12361 E DictionaryProvider:UpdateHandler: Can't read a file : android.util.MalformedJsonException: Use JsonReader.setLenient(true) to accept malformed JSON at line 1 column 20
07-05 11:59:49.549   545   548 D dalvikvm: GC_CONCURRENT freed 794K, 11% free 10431K/11719K, paused 2ms+2ms
07-05 11:59:49.752   545   548 D dalvikvm: GC_CONCURRENT freed 425K, 12% free 10394K/11719K, paused 1ms+2ms
07-05 11:59:49.881   545 12364 I DownloadManager: Initiating request for download 1414
07-05 11:59:49.935   545   548 D dalvikvm: GC_CONCURRENT freed 358K, 11% free 10453K/11719K, paused 2ms+3ms
07-05 11:59:50.041   545   548 D dalvikvm: GC_CONCURRENT freed 209K, 9% free 10672K/11719K, paused 2ms+3ms
07-05 11:59:50.174   545   548 D dalvikvm: GC_CONCURRENT freed 664K, 11% free 10450K/11719K, paused 2ms+3ms
07-05 11:59:50.396   545   548 D dalvikvm: GC_CONCURRENT freed 433K, 12% free 10404K/11719K, paused 2ms+2ms
07-05 11:59:50.584   545   548 D dalvikvm: GC_CONCURRENT freed 408K, 12% free 10389K/11719K, paused 2ms+3ms
07-05 11:59:50.685   545 12367 I DownloadManager: Initiating request for download 1415
07-05 11:59:50.771   545   548 D dalvikvm: GC_CONCURRENT freed 234K, 10% free 10586K/11719K, paused 2ms+2ms
07-05 11:59:50.881   545   548 D dalvikvm: GC_CONCURRENT freed 291K, 9% free 10746K/11719K, paused 2ms+2ms
07-05 11:59:51.076   545   548 D dalvikvm: GC_CONCURRENT freed 788K, 12% free 10414K/11719K, paused 2ms+3ms
07-05 11:59:51.131  1370 12369 E DictionaryProvider:UpdateHandler: Can't read a file : android.util.MalformedJsonException: Use JsonReader.setLenient(true) to accept malformed JSON at line 1 column 20
07-05 11:59:51.330   545   548 D dalvikvm: GC_CONCURRENT freed 396K, 12% free 10405K/11719K, paused 2ms+3ms
07-05 11:59:51.549   156   559 D dalvikvm: GC_EXPLICIT freed 497K, 16% free 13367K/15879K, paused 3ms+6ms
07-05 11:59:51.576   545 12372 I DownloadManager: Initiating request for download 1415
07-05 11:59:51.603   545   548 D dalvikvm: GC_CONCURRENT freed 398K, 12% free 10422K/11719K, paused 2ms+3ms
07-05 11:59:51.720   545   548 D dalvikvm: GC_CONCURRENT freed 198K, 9% free 10685K/11719K, paused 2ms+2ms
07-05 11:59:51.853   545   548 D dalvikvm: GC_CONCURRENT freed 477K, 10% free 10659K/11719K, paused 2ms+3ms
07-05 11:59:52.092   545   548 D dalvikvm: GC_CONCURRENT freed 687K, 12% free 10399K/11719K, paused 2ms+3ms
07-05 11:59:52.291   545   548 D dalvikvm: GC_CONCURRENT freed 414K, 12% free 10371K/11719K, paused 1ms+2ms
07-05 11:59:52.377   545 12375 I DownloadManager: Initiating request for download 1416
07-05 11:59:52.470   545   548 D dalvikvm: GC_CONCURRENT freed 228K, 10% free 10631K/11719K, paused 2ms+3ms
07-05 11:59:52.580   545   548 D dalvikvm: GC_CONCURRENT freed 307K, 9% free 10765K/11719K, paused 2ms+3ms
07-05 11:59:52.771  1370 12377 E DictionaryProvider:UpdateHandler: Can't read a file : android.util.MalformedJsonException: Use JsonReader.setLenient(true) to accept malformed JSON at line 1 column 20
07-05 11:59:52.838   545   548 D dalvikvm: GC_CONCURRENT freed 816K, 12% free 10411K/11719K, paused 2ms+3ms
07-05 11:59:53.025   545   548 D dalvikvm: GC_CONCURRENT freed 422K, 12% free 10379K/11719K, paused 1ms+2ms
07-05 11:59:53.138   545 12380 I DownloadManager: Initiating request for download 1416
07-05 11:59:53.201   545   548 D dalvikvm: GC_CONCURRENT freed 313K, 11% free 10494K/11719K, paused 1ms+3ms
07-05 11:59:53.310   545   548 D dalvikvm: GC_CONCURRENT freed 239K, 9% free 10728K/11719K, paused 1ms+3ms
07-05 11:59:53.467   545   548 D dalvikvm: GC_CONCURRENT freed 737K, 11% free 10438K/11719K, paused 2ms+2ms
07-05 11:59:53.670   545   548 D dalvikvm: GC_CONCURRENT freed 435K, 12% free 10390K/11719K, paused 2ms+3ms
07-05 11:59:53.861   545   548 D dalvikvm: GC_CONCURRENT freed 405K, 12% free 10377K/11719K, paused 2ms+3ms
07-05 11:59:53.943   545 12383 I DownloadManager: Initiating request for download 1417
07-05 11:59:54.052   545   548 D dalvikvm: GC_CONCURRENT freed 198K, 10% free 10655K/11719K, paused 2ms+3ms
07-05 11:59:54.170   545   548 D dalvikvm: GC_CONCURRENT freed 421K, 10% free 10664K/11719K, paused 2ms+2ms
07-05 11:59:54.381  1370 12385 E DictionaryProvider:UpdateHandler: Can't read a file : android.util.MalformedJsonException: Use JsonReader.setLenient(true) to accept malformed JSON at line 1 column 20
07-05 11:59:54.431   545   548 D dalvikvm: GC_CONCURRENT freed 698K, 12% free 10414K/11719K, paused 2ms+3ms
07-05 11:59:54.447  1370  1372 D dalvikvm: GC_CONCURRENT freed 388K, 7% free 9126K/9735K, paused 2ms+8ms
07-05 11:59:54.646   545   548 D dalvikvm: GC_CONCURRENT freed 420K, 12% free 10381K/11719K, paused 1ms+2ms
07-05 11:59:54.763   545 12388 I DownloadManager: Initiating request for download 1417
07-05 11:59:54.842   545   548 D dalvikvm: GC_CONCURRENT freed 291K, 10% free 10557K/11719K, paused 2ms+3ms
07-05 11:59:54.947   545   548 D dalvikvm: GC_CONCURRENT freed 278K, 9% free 10709K/11719K, paused 2ms+2ms
07-05 11:59:55.099   545   548 D dalvikvm: GC_CONCURRENT freed 709K, 11% free 10447K/11719K, paused 2ms+3ms
07-05 11:59:55.310   545   548 D dalvikvm: GC_CONCURRENT freed 440K, 12% free 10394K/11719K, paused 2ms+2ms
07-05 11:59:55.506   545   548 D dalvikvm: GC_CONCURRENT freed 405K, 12% free 10381K/11719K, paused 1ms+2ms
07-05 11:59:55.572   545 12391 I DownloadManager: Initiating request for download 1418
07-05 11:59:55.681   545   548 D dalvikvm: GC_CONCURRENT freed 193K, 10% free 10614K/11719K, paused 1ms+2ms
07-05 11:59:55.787   545   548 D dalvikvm: GC_CONCURRENT freed 369K, 9% free 10669K/11719K, paused 2ms+2ms
07-05 11:59:55.970  1370 12393 D dalvikvm: GC_EXPLICIT freed 105K, 7% free 9091K/9735K, paused 2ms+2ms
07-05 11:59:55.982  1370 12393 E DictionaryProvider:UpdateHandler: Can't read a file : android.util.MalformedJsonException: Use JsonReader.setLenient(true) to accept malformed JSON at line 1 column 20
07-05 11:59:56.056   545   548 D dalvikvm: GC_CONCURRENT freed 683K, 12% free 10420K/11719K, paused 1ms+2ms
07-05 11:59:56.244   545   548 D dalvikvm: GC_CONCURRENT freed 420K, 12% free 10392K/11719K, paused 1ms+2ms
07-05 11:59:56.373   545 12396 I DownloadManager: Initiating request for download 1418
07-05 11:59:56.427   545   548 D dalvikvm: GC_CONCURRENT freed 348K, 11% free 10451K/11719K, paused 2ms+2ms
07-05 11:59:56.533   545   548 D dalvikvm: GC_CONCURRENT freed 206K, 9% free 10667K/11719K, paused 2ms+2ms
07-05 11:59:56.666   545   548 D dalvikvm: GC_CONCURRENT freed 447K, 9% free 10679K/11719K, paused 3ms+2ms
07-05 11:59:56.904   545   548 D dalvikvm: GC_CONCURRENT freed 707K, 12% free 10401K/11719K, paused 2ms+3ms
07-05 11:59:57.103   545   548 D dalvikvm: GC_CONCURRENT freed 409K, 12% free 10378K/11719K, paused 2ms+2ms
07-05 11:59:57.189   545 12399 I DownloadManager: Initiating request for download 1419
07-05 11:59:57.287   545   548 D dalvikvm: GC_CONCURRENT freed 215K, 10% free 10613K/11719K, paused 3ms+2ms
07-05 11:59:57.404   545   548 D dalvikvm: GC_CONCURRENT freed 306K, 9% free 10764K/11719K, paused 1ms+3ms
07-05 11:59:57.611  1370 12401 E DictionaryProvider:UpdateHandler: Can't read a file : android.util.MalformedJsonException: Use JsonReader.setLenient(true) to accept malformed JSON at line 1 column 20
07-05 11:59:57.654   545   548 D dalvikvm: GC_CONCURRENT freed 815K, 12% free 10420K/11719K, paused 2ms+3ms
07-05 11:59:57.857   545   548 D dalvikvm: GC_CONCURRENT freed 414K, 12% free 10397K/11719K, paused 2ms+3ms
07-05 11:59:57.994   545 12404 I DownloadManager: Initiating request for download 1419
07-05 11:59:58.045   545   548 D dalvikvm: GC_CONCURRENT freed 333K, 11% free 10454K/11719K, paused 2ms+3ms
07-05 11:59:58.150   545   548 D dalvikvm: GC_CONCURRENT freed 211K, 9% free 10674K/11719K, paused 2ms+2ms
07-05 11:59:58.279   545   548 D dalvikvm: GC_CONCURRENT freed 443K, 9% free 10672K/11719K, paused 2ms+3ms
07-05 11:59:58.521   545   548 D dalvikvm: GC_CONCURRENT freed 696K, 12% free 10404K/11719K, paused 2ms+2ms
07-05 11:59:58.724   545   548 D dalvikvm: GC_CONCURRENT freed 409K, 12% free 10388K/11719K, paused 2ms+4ms
07-05 11:59:58.822   545 12407 I DownloadManager: Initiating request for download 1420
07-05 11:59:58.920   545   548 D dalvikvm: GC_CONCURRENT freed 222K, 10% free 10592K/11719K, paused 3ms+2ms
07-05 11:59:59.029   545   548 D dalvikvm: GC_CONCURRENT freed 280K, 9% free 10769K/11719K, paused 2ms+3ms
07-05 11:59:59.240  1370 12409 E DictionaryProvider:UpdateHandler: Can't read a file : android.util.MalformedJsonException: Use JsonReader.setLenient(true) to accept malformed JSON at line 1 column 20
07-05 11:59:59.271   545   548 D dalvikvm: GC_CONCURRENT freed 822K, 12% free 10426K/11719K, paused 2ms+2ms
07-05 11:59:59.478   545   548 D dalvikvm: GC_CONCURRENT freed 420K, 12% free 10392K/11719K, paused 2ms+2ms
07-05 11:59:59.607   545 12412 I DownloadManager: Initiating request for download 1420
07-05 11:59:59.658   545   548 D dalvikvm: GC_CONCURRENT freed 350K, 11% free 10455K/11719K, paused 2ms+3ms
07-05 11:59:59.767   545   548 D dalvikvm: GC_CONCURRENT freed 208K, 9% free 10674K/11719K, paused 2ms+3ms
07-05 11:59:59.900   545   548 D dalvikvm: GC_CONCURRENT freed 444K, 9% free 10677K/11719K, paused 2ms+3ms
07-05 12:00:00.158   545   548 D dalvikvm: GC_CONCURRENT freed 700K, 12% free 10406K/11719K, paused 1ms+2ms
07-05 12:00:00.349   545   548 D dalvikvm: GC_CONCURRENT freed 405K, 12% free 10387K/11719K, paused 2ms+2ms
07-05 12:00:00.443   545 12415 I DownloadManager: Initiating request for download 1421
07-05 12:00:00.541   545   548 D dalvikvm: GC_CONCURRENT freed 216K, 10% free 10584K/11719K, paused 2ms+2ms
07-05 12:00:00.646   545   548 D dalvikvm: GC_CONCURRENT freed 275K, 9% free 10737K/11719K, paused 2ms+3ms
07-05 12:00:00.826   545   548 D dalvikvm: GC_CONCURRENT freed 736K, 11% free 10453K/11719K, paused 1ms+2ms
07-05 12:00:00.885  1370 12417 E DictionaryProvider:UpdateHandler: Can't read a file : android.util.MalformedJsonException: Use JsonReader.setLenient(true) to accept malformed JSON at line 1 column 20
07-05 12:00:01.072   545   548 D dalvikvm: GC_CONCURRENT freed 431K, 12% free 10413K/11719K, paused 1ms+3ms
07-05 12:00:01.267   545   548 D dalvikvm: GC_CONCURRENT freed 415K, 12% free 10385K/11719K, paused 2ms+2ms
07-05 12:00:01.295   545 12420 I DownloadManager: Initiating request for download 1421
07-05 12:00:01.396   545   548 D dalvikvm: GC_CONCURRENT freed 184K, 10% free 10644K/11719K, paused 2ms+3ms
07-05 12:00:01.517   545   548 D dalvikvm: GC_CONCURRENT freed 399K, 9% free 10694K/11719K, paused 1ms+3ms
07-05 12:00:01.748   545   548 D dalvikvm: GC_CONCURRENT freed 717K, 12% free 10410K/11719K, paused 2ms+4ms
07-05 12:00:01.955   545   548 D dalvikvm: GC_CONCURRENT freed 406K, 12% free 10391K/11719K, paused 1ms+3ms
07-05 12:00:02.088   545 12423 I DownloadManager: Initiating request for download 1422
07-05 12:00:02.158   545   548 D dalvikvm: GC_CONCURRENT freed 265K, 10% free 10553K/11719K, paused 3ms+2ms
07-05 12:00:02.263   545   548 D dalvikvm: GC_CONCURRENT freed 262K, 9% free 10710K/11719K, paused 2ms+3ms
07-05 12:00:02.392   993  1240 I PhoneLab-: Service Running
07-05 12:00:02.431   545   548 D dalvikvm: GC_CONCURRENT freed 701K, 11% free 10455K/11719K, paused 2ms+3ms
07-05 12:00:02.435   993  1240 I PhoneLab-LoggerService: app_49    1247  993   1956   1584  c00f181c 400107b4 S logcat
07-05 12:00:02.435   993  1240 I PhoneLab-LoggerService: Logcat pid from database 1247
07-05 12:00:02.435   993  1240 I PhoneLab-LoggerService: Logcat process found 1247
07-05 12:00:02.435   993  1240 I PhoneLab-LoggerService: Checking Threshold
07-05 12:00:02.435   993  1240 I PhoneLab-LoggerService: Starting to rename files
07-05 12:00:02.439   993  1240 I PhoneLab-LoggerService: Files found .. 10
07-05 12:00:02.439   993  1240 I PhoneLab-LoggerService: File 1 log.out.1
07-05 12:00:02.447   993  1240 I PhoneLab-LoggerService: Renamed successfully
07-05 12:00:02.654   545   548 D dalvikvm: GC_CONCURRENT freed 429K, 12% free 10418K/11719K, paused 2ms+2ms
07-05 12:00:02.845   545   548 D dalvikvm: GC_CONCURRENT freed 411K, 12% free 10394K/11719K, paused 2ms+2ms
07-05 12:00:04.302  1370 12426 E DictionaryProvider:UpdateHandler: Can't read a file : android.util.MalformedJsonException: Use JsonReader.setLenient(true) to accept malformed JSON at line 1 column 20
07-05 12:00:04.334  1370  1372 D dalvikvm: GC_CONCURRENT freed 345K, 6% free 9162K/9735K, paused 1ms+2ms
07-05 12:00:04.470   545   548 D dalvikvm: GC_CONCURRENT freed 361K, 12% free 10422K/11719K, paused 2ms+3ms
07-05 12:00:04.666   545   548 D dalvikvm: GC_CONCURRENT freed 409K, 12% free 10401K/11719K, paused 2ms+2ms
07-05 12:00:04.861   545   548 D dalvikvm: GC_CONCURRENT freed 405K, 12% free 10407K/11719K, paused 2ms+3ms
07-05 12:00:05.119   545   548 D dalvikvm: GC_CONCURRENT freed 389K, 12% free 10412K/11719K, paused 2ms+2ms
07-05 12:00:05.306   545   548 D dalvikvm: GC_CONCURRENT freed 403K, 12% free 10396K/11719K, paused 1ms+3ms
07-05 12:00:05.455   545 12429 I DownloadManager: Initiating request for download 1423
07-05 12:00:05.549   545   548 D dalvikvm: GC_CONCURRENT freed 271K, 11% free 10546K/11719K, paused 2ms+3ms
07-05 12:00:05.654   545   548 D dalvikvm: GC_CONCURRENT freed 274K, 9% free 10718K/11719K, paused 2ms+4ms
07-05 12:00:05.802   545   548 D dalvikvm: GC_CONCURRENT freed 712K, 11% free 10458K/11719K, paused 2ms+2ms
07-05 12:00:05.900  1370 12431 E DictionaryProvider:UpdateHandler: Can't read a file : android.util.MalformedJsonException: Use JsonReader.setLenient(true) to accept malformed JSON at line 1 column 20
07-05 12:00:06.037   545   548 D dalvikvm: GC_CONCURRENT freed 430K, 12% free 10415K/11719K, paused 3ms+2ms
07-05 12:00:06.228   545   548 D dalvikvm: GC_CONCURRENT freed 410K, 12% free 10394K/11719K, paused 2ms+2ms
07-05 12:00:06.279   545 12434 I DownloadManager: Initiating request for download 1423
07-05 12:00:06.369   545   548 D dalvikvm: GC_CONCURRENT freed 202K, 10% free 10612K/11719K, paused 2ms+3ms
07-05 12:00:06.478   545   548 D dalvikvm: GC_CONCURRENT freed 289K, 8% free 10784K/11719K, paused 2ms+3ms
07-05 12:00:06.709   545   548 D dalvikvm: GC_CONCURRENT freed 829K, 12% free 10421K/11719K, paused 2ms+2ms
07-05 12:00:06.888   545   548 D dalvikvm: GC_CONCURRENT freed 411K, 12% free 10398K/11719K, paused 2ms+2ms
07-05 12:00:07.045   545 12437 I DownloadManager: Initiating request for download 1424
07-05 12:00:07.103   545   548 D dalvikvm: GC_CONCURRENT freed 315K, 11% free 10469K/11719K, paused 2ms+2ms
07-05 12:00:07.209   545   548 D dalvikvm: GC_CONCURRENT freed 209K, 9% free 10686K/11719K, paused 2ms+3ms
07-05 12:00:07.338   545   548 D dalvikvm: GC_CONCURRENT freed 444K, 9% free 10688K/11719K, paused 2ms+2ms
07-05 12:00:07.431   156   512 D dalvikvm: GC_EXPLICIT freed 512K, 16% free 13366K/15879K, paused 3ms+6ms
07-05 12:00:07.576  1370 12439 E DictionaryProvider:UpdateHandler: Can't read a file : android.util.MalformedJsonException: Use JsonReader.setLenient(true) to accept malformed JSON at line 1 column 20
07-05 12:00:07.666   545   548 D dalvikvm: GC_CONCURRENT freed 695K, 12% free 10426K/11719K, paused 2ms+3ms
07-05 12:00:07.845   545   548 D dalvikvm: GC_CONCURRENT freed 434K, 12% free 10381K/11719K, paused 2ms+3ms
07-05 12:00:07.920   545 12442 I DownloadManager: Initiating request for download 1424
07-05 12:00:08.006   545   548 D dalvikvm: GC_CONCURRENT freed 225K, 10% free 10613K/11719K, paused 2ms+2ms
07-05 12:00:08.115   545   548 D dalvikvm: GC_CONCURRENT freed 323K, 9% free 10764K/11719K, paused 2ms+3ms
07-05 12:00:08.334   545   548 D dalvikvm: GC_CONCURRENT freed 820K, 12% free 10411K/11719K, paused 2ms+2ms
07-05 12:00:08.537   545   548 D dalvikvm: GC_CONCURRENT freed 403K, 12% free 10395K/11719K, paused 2ms+2ms
07-05 12:00:08.705   545 12445 I DownloadManager: Initiating request for download 1425
07-05 12:00:08.767   545   548 D dalvikvm: GC_CONCURRENT freed 343K, 11% free 10456K/11719K, paused 2ms+3ms
07-05 12:00:08.873   545   548 D dalvikvm: GC_CONCURRENT freed 210K, 9% free 10690K/11719K, paused 2ms+3ms
07-05 12:00:09.010   545   548 D dalvikvm: GC_CONCURRENT freed 467K, 9% free 10684K/11719K, paused 1ms+3ms
07-05 12:00:09.150  1370 12447 E DictionaryProvider:UpdateHandler: Can't read a file : android.util.MalformedJsonException: Use JsonReader.setLenient(true) to accept malformed JSON at line 1 column 20
07-05 12:00:09.291   545   548 D dalvikvm: GC_CONCURRENT freed 703K, 12% free 10410K/11719K, paused 2ms+3ms
07-05 12:00:09.490   545   548 D dalvikvm: GC_CONCURRENT freed 414K, 12% free 10385K/11719K, paused 2ms+2ms
07-05 12:00:09.556   545 12450 I DownloadManager: Initiating request for download 1425
07-05 12:00:09.642   545   548 D dalvikvm: GC_CONCURRENT freed 224K, 10% free 10590K/11719K, paused 2ms+2ms
07-05 12:00:09.752   545   548 D dalvikvm: GC_CONCURRENT freed 282K, 9% free 10753K/11719K, paused 3ms+3ms
07-05 12:00:09.939   545   548 D dalvikvm: GC_CONCURRENT freed 796K, 12% free 10416K/11719K, paused 2ms+2ms
07-05 12:00:10.142   545   548 D dalvikvm: GC_CONCURRENT freed 410K, 12% free 10394K/11719K, paused 2ms+2ms
07-05 12:00:10.314   545 12453 I DownloadManager: Initiating request for download 1426
07-05 12:00:10.361   545   548 D dalvikvm: GC_CONCURRENT freed 382K, 12% free 10419K/11719K, paused 2ms+3ms
07-05 12:00:10.482   545   548 D dalvikvm: GC_CONCURRENT freed 184K, 9% free 10665K/11719K, paused 2ms+2ms
07-05 12:00:10.603   545   548 D dalvikvm: GC_CONCURRENT freed 422K, 9% free 10677K/11719K, paused 2ms+2ms
07-05 12:00:10.806   545  1332 D dalvikvm: GC_EXPLICIT freed 576K, 12% free 10420K/11719K, paused 2ms+4ms
07-05 12:00:10.814  1370 12455 E DictionaryProvider:UpdateHandler: Can't read a file : android.util.MalformedJsonException: Use JsonReader.setLenient(true) to accept malformed JSON at line 1 column 20
07-05 12:00:11.021   545   548 D dalvikvm: GC_CONCURRENT freed 409K, 12% free 10400K/11719K, paused 2ms+3ms
07-05 12:00:11.154   545 12458 I DownloadManager: Initiating request for download 1426
07-05 12:00:11.201   545   548 D dalvikvm: GC_CONCURRENT freed 364K, 11% free 10457K/11719K, paused 2ms+3ms
07-05 12:00:11.314   545   548 D dalvikvm: GC_CONCURRENT freed 213K, 9% free 10680K/11719K, paused 2ms+4ms
07-05 12:00:11.451   545   548 D dalvikvm: GC_CONCURRENT freed 452K, 9% free 10681K/11719K, paused 2ms+2ms
07-05 12:00:11.689   545   548 D dalvikvm: GC_CONCURRENT freed 704K, 12% free 10408K/11719K, paused 2ms+2ms
07-05 12:00:11.881   545   548 D dalvikvm: GC_CONCURRENT freed 407K, 12% free 10388K/11719K, paused 1ms+3ms
07-05 12:00:11.978   545 12461 I DownloadManager: Initiating request for download 1427
07-05 12:00:12.068   545   548 D dalvikvm: GC_CONCURRENT freed 224K, 10% free 10644K/11719K, paused 2ms+2ms
07-05 12:00:12.177   545   548 D dalvikvm: GC_CONCURRENT freed 319K, 9% free 10778K/11719K, paused 1ms+3ms
07-05 12:00:12.388  1370 12463 E DictionaryProvider:UpdateHandler: Can't read a file : android.util.MalformedJsonException: Use JsonReader.setLenient(true) to accept malformed JSON at line 1 column 20
07-05 12:00:12.447  1370  1372 D dalvikvm: GC_CONCURRENT freed 498K, 6% free 9168K/9735K, paused 2ms+5ms
07-05 12:00:12.474   545   548 D dalvikvm: GC_CONCURRENT freed 843K, 12% free 10419K/11719K, paused 2ms+2ms
07-05 12:00:12.670   545   548 D dalvikvm: GC_CONCURRENT freed 409K, 12% free 10402K/11719K, paused 2ms+2ms
07-05 12:00:12.787   545 12466 I DownloadManager: Initiating request for download 1427
07-05 12:00:12.861   545   548 D dalvikvm: GC_CONCURRENT freed 322K, 11% free 10520K/11719K, paused 2ms+3ms
07-05 12:00:12.970   545   548 D dalvikvm: GC_CONCURRENT freed 246K, 9% free 10701K/11719K, paused 3ms+2ms
07-05 12:00:13.099   545   548 D dalvikvm: GC_CONCURRENT freed 686K, 11% free 10455K/11719K, paused 2ms+2ms
07-05 12:00:13.322   545   548 D dalvikvm: GC_CONCURRENT freed 432K, 12% free 10417K/11719K, paused 2ms+2ms
07-05 12:00:13.510   545   548 D dalvikvm: GC_CONCURRENT freed 414K, 12% free 10390K/11719K, paused 2ms+2ms
07-05 12:00:13.607   545 12469 I DownloadManager: Initiating request for download 1428
07-05 12:00:13.713   545   548 D dalvikvm: GC_CONCURRENT freed 218K, 10% free 10596K/11719K, paused 2ms+2ms
07-05 12:00:13.818   545   548 D dalvikvm: GC_CONCURRENT freed 286K, 8% free 10793K/11719K, paused 2ms+3ms
07-05 12:00:14.033  1370 12471 E DictionaryProvider:UpdateHandler: Can't read a file : android.util.MalformedJsonException: Use JsonReader.setLenient(true) to accept malformed JSON at line 1 column 20
07-05 12:00:14.072   545   548 D dalvikvm: GC_CONCURRENT freed 858K, 12% free 10429K/11719K, paused 2ms+3ms
07-05 12:00:14.287   545   548 D dalvikvm: GC_CONCURRENT freed 417K, 12% free 10402K/11719K, paused 2ms+3ms
07-05 12:00:14.412   545 12474 I DownloadManager: Initiating request for download 1428
07-05 12:00:14.478   545   548 D dalvikvm: GC_CONCURRENT freed 337K, 11% free 10464K/11719K, paused 2ms+2ms
07-05 12:00:14.599   545   548 D dalvikvm: GC_CONCURRENT freed 212K, 9% free 10696K/11719K, paused 2ms+3ms
07-05 12:00:14.720   545   548 D dalvikvm: GC_CONCURRENT freed 459K, 9% free 10686K/11719K, paused 3ms+2ms
07-05 12:00:14.959   545   548 D dalvikvm: GC_CONCURRENT freed 705K, 12% free 10413K/11719K, paused 2ms+3ms
07-05 12:00:15.158   545   548 D dalvikvm: GC_CONCURRENT freed 407K, 12% free 10394K/11719K, paused 2ms+3ms
07-05 12:00:15.256   545 12477 I DownloadManager: Initiating request for download 1429
07-05 12:00:15.353   545   548 D dalvikvm: GC_CONCURRENT freed 215K, 10% free 10600K/11719K, paused 2ms+2ms
07-05 12:00:15.463   545   548 D dalvikvm: GC_CONCURRENT freed 299K, 9% free 10773K/11719K, paused 2ms+3ms
07-05 12:00:15.681  1370 12479 E DictionaryProvider:UpdateHandler: Can't read a file : android.util.MalformedJsonException: Use JsonReader.setLenient(true) to accept malformed JSON at line 1 column 20
07-05 12:00:15.697   545   548 D dalvikvm: GC_CONCURRENT freed 810K, 11% free 10437K/11719K, paused 2ms+2ms
07-05 12:00:15.888   545   548 D dalvikvm: GC_CONCURRENT freed 408K, 12% free 10414K/11719K, paused 2ms+2ms
07-05 12:00:16.037   545 12482 I DownloadManager: Initiating request for download 1429
07-05 12:00:16.084   545   548 D dalvikvm: GC_CONCURRENT freed 380K, 11% free 10439K/11719K, paused 2ms+3ms
07-05 12:00:16.201   545   548 D dalvikvm: GC_CONCURRENT freed 191K, 9% free 10674K/11719K, paused 1ms+3ms
07-05 12:00:16.322   545   548 D dalvikvm: GC_CONCURRENT freed 427K, 9% free 10688K/11719K, paused 2ms+2ms
07-05 12:00:16.506   545   548 D dalvikvm: GC_CONCURRENT freed 677K, 11% free 10447K/11719K, paused 2ms+2ms
07-05 12:00:16.701   545   548 D dalvikvm: GC_CONCURRENT freed 398K, 11% free 10440K/11719K, paused 2ms+2ms
07-05 12:00:17.201   545 12485 I DownloadManager: Initiating request for download 1430
07-05 12:00:17.302   545   548 D dalvikvm: GC_CONCURRENT freed 275K, 10% free 10588K/11719K, paused 1ms+3ms
07-05 12:00:17.412   545   548 D dalvikvm: GC_CONCURRENT freed 296K, 9% free 10754K/11719K, paused 2ms+3ms
07-05 12:00:17.580   545   548 D dalvikvm: GC_CONCURRENT freed 752K, 11% free 10464K/11719K, paused 1ms+2ms
07-05 12:00:17.638  1370 12488 E DictionaryProvider:UpdateHandler: Can't read a file : android.util.MalformedJsonException: Use JsonReader.setLenient(true) to accept malformed JSON at line 1 column 20
07-05 12:00:17.822   545   548 D dalvikvm: GC_CONCURRENT freed 432K, 12% free 10419K/11719K, paused 2ms+3ms
07-05 12:00:18.002   545   548 D dalvikvm: GC_CONCURRENT freed 410K, 12% free 10395K/11719K, paused 2ms+3ms
07-05 12:00:18.033   545 12491 I DownloadManager: Initiating request for download 1430
07-05 12:00:18.127   545   548 D dalvikvm: GC_CONCURRENT freed 179K, 10% free 10645K/11719K, paused 2ms+3ms
07-05 12:00:18.240   545   548 D dalvikvm: GC_CONCURRENT freed 378K, 9% free 10694K/11719K, paused 1ms+3ms
07-05 12:00:18.467   545   548 D dalvikvm: GC_CONCURRENT freed 705K, 12% free 10423K/11719K, paused 2ms+3ms
07-05 12:00:18.658   545   548 D dalvikvm: GC_CONCURRENT freed 408K, 12% free 10403K/11719K, paused 2ms+2ms
07-05 12:00:18.802   545 12494 I DownloadManager: Initiating request for download 1431
07-05 12:00:18.861   545   548 D dalvikvm: GC_CONCURRENT freed 328K, 11% free 10473K/11719K, paused 2ms+4ms
07-05 12:00:18.970   545   548 D dalvikvm: GC_CONCURRENT freed 210K, 9% free 10691K/11719K, paused 3ms+3ms
07-05 12:00:19.107   545   548 D dalvikvm: GC_CONCURRENT freed 680K, 11% free 10465K/11719K, paused 2ms+2ms
07-05 12:00:19.248  1370 12496 E DictionaryProvider:UpdateHandler: Can't read a file : android.util.MalformedJsonException: Use JsonReader.setLenient(true) to accept malformed JSON at line 1 column 20
07-05 12:00:19.326   465   467 D dalvikvm: GC_CONCURRENT freed 420K, 5% free 10537K/11079K, paused 1ms+3ms
07-05 12:00:19.392   545   548 D dalvikvm: GC_CONCURRENT freed 423K, 11% free 10436K/11719K, paused 1ms+3ms
07-05 12:00:19.584   545   548 D dalvikvm: GC_CONCURRENT freed 418K, 12% free 10407K/11719K, paused 2ms+2ms
07-05 12:00:19.674   545 12499 I DownloadManager: Initiating request for download 1431
07-05 12:00:19.767   545   548 D dalvikvm: GC_CONCURRENT freed 254K, 10% free 10629K/11719K, paused 2ms+2ms
07-05 12:00:19.885   545   548 D dalvikvm: GC_CONCURRENT freed 322K, 9% free 10759K/11719K, paused 2ms+4ms
07-05 12:00:20.052   545   548 D dalvikvm: GC_CONCURRENT freed 756K, 11% free 10461K/11719K, paused 2ms+3ms
07-05 12:00:20.260   545   548 D dalvikvm: GC_CONCURRENT freed 431K, 12% free 10417K/11719K, paused 2ms+3ms
07-05 12:00:20.459   545 12502 I DownloadManager: Initiating request for download 1432
07-05 12:00:20.486   545   548 D dalvikvm: GC_CONCURRENT freed 399K, 12% free 10408K/11719K, paused 2ms+3ms
07-05 12:00:20.615   545   548 D dalvikvm: GC_CONCURRENT freed 177K, 9% free 10681K/11719K, paused 2ms+3ms
07-05 12:00:20.732   545   548 D dalvikvm: GC_CONCURRENT freed 424K, 9% free 10700K/11719K, paused 2ms+2ms
07-05 12:00:20.892  1370 12504 E DictionaryProvider:UpdateHandler: Can't read a file : android.util.MalformedJsonException: Use JsonReader.setLenient(true) to accept malformed JSON at line 1 column 20
07-05 12:00:20.927  1370  1372 D dalvikvm: GC_CONCURRENT freed 484K, 7% free 9143K/9735K, paused 1ms+2ms
07-05 12:00:21.025   545   548 D dalvikvm: GC_CONCURRENT freed 705K, 11% free 10431K/11719K, paused 2ms+2ms
07-05 12:00:21.217   545   548 D dalvikvm: GC_CONCURRENT freed 413K, 12% free 10409K/11719K, paused 1ms+2ms
07-05 12:00:21.385   156   168 D dalvikvm: GC_EXPLICIT freed 529K, 16% free 13367K/15879K, paused 2ms+5ms
07-05 12:00:21.392   545 12507 I DownloadManager: Initiating request for download 1432
07-05 12:00:21.470   545   548 D dalvikvm: GC_CONCURRENT freed 273K, 10% free 10560K/11719K, paused 2ms+3ms
07-05 12:00:21.576   545   548 D dalvikvm: GC_CONCURRENT freed 280K, 9% free 10711K/11719K, paused 2ms+3ms
07-05 12:00:21.713   545   548 D dalvikvm: GC_CONCURRENT freed 698K, 11% free 10454K/11719K, paused 1ms+2ms
07-05 12:00:21.900   545   548 D dalvikvm: GC_CONCURRENT freed 404K, 11% free 10441K/11719K, paused 2ms+3ms
07-05 12:00:22.092   545   548 D dalvikvm: GC_CONCURRENT freed 404K, 12% free 10426K/11719K, paused 2ms+4ms
07-05 12:00:23.424   545 12509 I DownloadManager: Initiating request for download 1433
07-05 12:00:23.552   545   548 D dalvikvm: GC_CONCURRENT freed 233K, 10% free 10656K/11719K, paused 2ms+3ms
07-05 12:00:23.662   545   548 D dalvikvm: GC_CONCURRENT freed 328K, 8% free 10790K/11719K, paused 2ms+2ms
07-05 12:00:23.834  1370 12512 E DictionaryProvider:UpdateHandler: Can't read a file : android.util.MalformedJsonException: Use JsonReader.setLenient(true) to accept malformed JSON at line 1 column 20
07-05 12:00:23.927   545   548 D dalvikvm: GC_CONCURRENT freed 835K, 12% free 10423K/11719K, paused 2ms+2ms
07-05 12:00:24.115   545   548 D dalvikvm: GC_CONCURRENT freed 415K, 12% free 10397K/11719K, paused 1ms+3ms
07-05 12:00:24.244   545 12515 I DownloadManager: Initiating request for download 1433
07-05 12:00:24.295   545   548 D dalvikvm: GC_CONCURRENT freed 333K, 11% free 10463K/11719K, paused 1ms+3ms
07-05 12:00:24.408   545   548 D dalvikvm: GC_CONCURRENT freed 215K, 9% free 10709K/11719K, paused 2ms+3ms
07-05 12:00:24.545   545   548 D dalvikvm: GC_CONCURRENT freed 704K, 11% free 10458K/11719K, paused 2ms+2ms
07-05 12:00:24.775   545   548 D dalvikvm: GC_CONCURRENT freed 434K, 12% free 10411K/11719K, paused 2ms+2ms
07-05 12:00:24.970   545   548 D dalvikvm: GC_CONCURRENT freed 405K, 12% free 10397K/11719K, paused 2ms+2ms
07-05 12:00:25.072   545 12518 I DownloadManager: Initiating request for download 1434
07-05 12:00:25.170   545   548 D dalvikvm: GC_CONCURRENT freed 228K, 10% free 10619K/11719K, paused 3ms+3ms
07-05 12:00:25.275   545   548 D dalvikvm: GC_CONCURRENT freed 299K, 9% free 10755K/11719K, paused 2ms+3ms
07-05 12:00:25.467   545   548 D dalvikvm: GC_CONCURRENT freed 790K, 12% free 10428K/11719K, paused 1ms+2ms
07-05 12:00:25.517  1370 12520 E DictionaryProvider:UpdateHandler: Can't read a file : android.util.MalformedJsonException: Use JsonReader.setLenient(true) to accept malformed JSON at line 1 column 20
07-05 12:00:25.709   545   548 D dalvikvm: GC_CONCURRENT freed 405K, 12% free 10413K/11719K, paused 2ms+2ms
07-05 12:00:25.900   545   548 D dalvikvm: GC_CONCURRENT freed 410K, 12% free 10394K/11719K, paused 2ms+2ms
07-05 12:00:25.920   545 12523 I DownloadManager: Initiating request for download 1434
07-05 12:00:26.029   545   548 D dalvikvm: GC_CONCURRENT freed 175K, 10% free 10653K/11719K, paused 2ms+3ms
07-05 12:00:26.138   545   548 D dalvikvm: GC_CONCURRENT freed 396K, 9% free 10699K/11719K, paused 1ms+2ms
07-05 12:00:26.369   545   548 D dalvikvm: GC_CONCURRENT freed 715K, 12% free 10421K/11719K, paused 2ms+3ms
07-05 12:00:26.564   545   548 D dalvikvm: GC_CONCURRENT freed 412K, 12% free 10401K/11719K, paused 1ms+2ms
07-05 12:00:26.709   545 12526 I DownloadManager: Initiating request for download 1435
07-05 12:00:26.775   545   548 D dalvikvm: GC_CONCURRENT freed 299K, 11% free 10522K/11719K, paused 2ms+3ms
07-05 12:00:26.881   545   548 D dalvikvm: GC_CONCURRENT freed 242K, 9% free 10739K/11719K, paused 2ms+2ms
07-05 12:00:27.033   545   548 D dalvikvm: GC_CONCURRENT freed 733K, 11% free 10463K/11719K, paused 2ms+2ms
07-05 12:00:27.115  1370 12528 E DictionaryProvider:UpdateHandler: Can't read a file : android.util.MalformedJsonException: Use JsonReader.setLenient(true) to accept malformed JSON at line 1 column 20
07-05 12:00:27.283   545   548 D dalvikvm: GC_CONCURRENT freed 429K, 12% free 10428K/11719K, paused 2ms+3ms
07-05 12:00:27.467   545   548 D dalvikvm: GC_CONCURRENT freed 418K, 12% free 10398K/11719K, paused 2ms+2ms
07-05 12:00:27.529   545 12531 I DownloadManager: Initiating request for download 1435
07-05 12:00:27.615   545   548 D dalvikvm: GC_CONCURRENT freed 216K, 10% free 10605K/11719K, paused 2ms+3ms
07-05 12:00:27.724   545   548 D dalvikvm: GC_CONCURRENT freed 291K, 8% free 10786K/11719K, paused 3ms+3ms
07-05 12:00:27.904   545   548 D dalvikvm: GC_CONCURRENT freed 797K, 11% free 10452K/11719K, paused 1ms+2ms
07-05 12:00:28.084   545   548 D dalvikvm: GC_CONCURRENT freed 399K, 11% free 10445K/11719K, paused 2ms+2ms
07-05 12:00:28.552   545 12533 I DownloadManager: Initiating request for download 1436
07-05 12:00:28.619   545   548 D dalvikvm: GC_CONCURRENT freed 351K, 11% free 10514K/11719K, paused 2ms+2ms
07-05 12:00:28.724   545   548 D dalvikvm: GC_CONCURRENT freed 217K, 9% free 10730K/11719K, paused 2ms+2ms
07-05 12:00:28.853   545   548 D dalvikvm: GC_CONCURRENT freed 467K, 9% free 10733K/11719K, paused 1ms+2ms
07-05 12:00:29.056  1370 12536 E DictionaryProvider:UpdateHandler: Can't read a file : android.util.MalformedJsonException: Use JsonReader.setLenient(true) to accept malformed JSON at line 1 column 20
07-05 12:00:29.092  1370  1372 D dalvikvm: GC_CONCURRENT freed 402K, 7% free 9128K/9735K, paused 2ms+2ms
07-05 12:00:29.185   545   548 D dalvikvm: GC_CONCURRENT freed 750K, 11% free 10433K/11719K, paused 2ms+2ms
07-05 12:00:29.385   545   548 D dalvikvm: GC_CONCURRENT freed 418K, 12% free 10404K/11719K, paused 2ms+3ms
07-05 12:00:29.459   545 12539 I DownloadManager: Initiating request for download 1436
07-05 12:00:29.549   545   548 D dalvikvm: GC_CONCURRENT freed 234K, 10% free 10642K/11719K, paused 2ms+3ms
07-05 12:00:29.662   545   548 D dalvikvm: GC_CONCURRENT freed 317K, 8% free 10816K/11719K, paused 2ms+3ms
07-05 12:00:29.892   545   548 D dalvikvm: GC_CONCURRENT freed 865K, 12% free 10424K/11719K, paused 1ms+2ms
07-05 12:00:30.084   545   548 D dalvikvm: GC_CONCURRENT freed 406K, 12% free 10405K/11719K, paused 2ms+2ms
07-05 12:00:30.236   545 12542 I DownloadManager: Initiating request for download 1437
07-05 12:00:30.295   545   548 D dalvikvm: GC_CONCURRENT freed 324K, 11% free 10474K/11719K, paused 2ms+3ms
07-05 12:00:30.408   545   548 D dalvikvm: GC_CONCURRENT freed 207K, 9% free 10693K/11719K, paused 2ms+3ms
07-05 12:00:30.549   545   548 D dalvikvm: GC_CONCURRENT freed 435K, 9% free 10711K/11719K, paused 2ms+2ms
07-05 12:00:30.677  1370 12544 E DictionaryProvider:UpdateHandler: Can't read a file : android.util.MalformedJsonException: Use JsonReader.setLenient(true) to accept malformed JSON at line 1 column 20
07-05 12:00:30.818   545   548 D dalvikvm: GC_CONCURRENT freed 724K, 12% free 10427K/11719K, paused 2ms+3ms
07-05 12:00:31.017   545   548 D dalvikvm: GC_CONCURRENT freed 411K, 12% free 10404K/11719K, paused 2ms+2ms
07-05 12:00:31.103   545 12547 I DownloadManager: Initiating request for download 1437
07-05 12:00:31.185   545   548 D dalvikvm: GC_CONCURRENT freed 228K, 10% free 10620K/11719K, paused 2ms+2ms
07-05 12:00:31.291   545   548 D dalvikvm: GC_CONCURRENT freed 303K, 9% free 10765K/11719K, paused 2ms+3ms
07-05 12:00:31.482   545   548 D dalvikvm: GC_CONCURRENT freed 759K, 11% free 10471K/11719K, paused 2ms+3ms
07-05 12:00:31.701   545   548 D dalvikvm: GC_CONCURRENT freed 443K, 12% free 10422K/11719K, paused 2ms+2ms
07-05 12:00:31.904   545 12550 I DownloadManager: Initiating request for download 1438
07-05 12:00:31.931   545   548 D dalvikvm: GC_CONCURRENT freed 408K, 12% free 10408K/11719K, paused 2ms+3ms
07-05 12:00:32.056   545   548 D dalvikvm: GC_CONCURRENT freed 177K, 9% free 10685K/11719K, paused 2ms+2ms
07-05 12:00:32.177   545   548 D dalvikvm: GC_CONCURRENT freed 437K, 9% free 10702K/11719K, paused 2ms+2ms
07-05 12:00:32.310  1370 12552 E DictionaryProvider:UpdateHandler: Can't read a file : android.util.MalformedJsonException: Use JsonReader.setLenient(true) to accept malformed JSON at line 1 column 20
07-05 12:00:32.427   545   548 D dalvikvm: GC_CONCURRENT freed 705K, 11% free 10433K/11719K, paused 2ms+3ms
07-05 12:00:32.619   545   548 D dalvikvm: GC_CONCURRENT freed 414K, 12% free 10408K/11719K, paused 2ms+3ms
07-05 12:00:32.728   545 12555 I DownloadManager: Initiating request for download 1438
07-05 12:00:32.795   545   548 D dalvikvm: GC_CONCURRENT freed 277K, 10% free 10560K/11719K, paused 2ms+3ms
07-05 12:00:32.896   545   548 D dalvikvm: GC_CONCURRENT freed 260K, 9% free 10727K/11719K, paused 2ms+2ms
07-05 12:00:33.041   545   548 D dalvikvm: GC_CONCURRENT freed 703K, 11% free 10471K/11719K, paused 2ms+5ms
07-05 12:00:33.244   545   548 D dalvikvm: GC_CONCURRENT freed 429K, 12% free 10430K/11719K, paused 2ms+2ms
07-05 12:00:33.443   545   548 D dalvikvm: GC_CONCURRENT freed 412K, 12% free 10407K/11719K, paused 2ms+2ms
07-05 12:00:33.826   545 12558 I DownloadManager: Initiating request for download 1439
07-05 12:00:33.927   545   548 D dalvikvm: GC_CONCURRENT freed 222K, 9% free 10669K/11719K, paused 2ms+3ms
07-05 12:00:34.037   545   548 D dalvikvm: GC_CONCURRENT freed 329K, 8% free 10806K/11719K, paused 2ms+4ms
07-05 12:00:34.248  1370 12560 E DictionaryProvider:UpdateHandler: Can't read a file : android.util.MalformedJsonException: Use JsonReader.setLenient(true) to accept malformed JSON at line 1 column 20
07-05 12:00:34.299   545   548 D dalvikvm: GC_CONCURRENT freed 844K, 11% free 10444K/11719K, paused 1ms+3ms
07-05 12:00:34.498   545   548 D dalvikvm: GC_CONCURRENT freed 419K, 12% free 10416K/11719K, paused 2ms+2ms
07-05 12:00:34.619   545 12563 I DownloadManager: Initiating request for download 1439
07-05 12:00:34.681   545   548 D dalvikvm: GC_CONCURRENT freed 328K, 11% free 10481K/11719K, paused 2ms+2ms
07-05 12:00:34.791   545   548 D dalvikvm: GC_CONCURRENT freed 208K, 9% free 10704K/11719K, paused 2ms+2ms
07-05 12:00:34.912   545   548 D dalvikvm: GC_CONCURRENT freed 437K, 9% free 10707K/11719K, paused 2ms+3ms
07-05 12:00:35.037   545 12563 D dalvikvm: GC_EXPLICIT freed 349K, 11% free 10511K/11719K, paused 2ms+5ms
07-05 12:00:35.260   545   548 D dalvikvm: GC_CONCURRENT freed 471K, 11% free 10431K/11719K, paused 2ms+3ms
07-05 12:00:35.447   545   548 D dalvikvm: GC_CONCURRENT freed 411K, 12% free 10407K/11719K, paused 2ms+2ms
07-05 12:00:35.525   545 12566 I DownloadManager: Initiating request for download 1440
07-05 12:00:35.627   545   548 D dalvikvm: GC_CONCURRENT freed 187K, 10% free 10638K/11719K, paused 2ms+2ms
07-05 12:00:35.748   545   548 D dalvikvm: GC_CONCURRENT freed 293K, 8% free 10821K/11719K, paused 2ms+2ms
07-05 12:00:35.967   545   548 D dalvikvm: GC_CONCURRENT freed 867K, 11% free 10439K/11719K, paused 2ms+2ms
07-05 12:00:36.013  1370 12568 E DictionaryProvider:UpdateHandler: Can't read a file : android.util.MalformedJsonException: Use JsonReader.setLenient(true) to accept malformed JSON at line 1 column 20
07-05 12:00:36.056  1370  1372 D dalvikvm: GC_CONCURRENT freed 392K, 7% free 9127K/9735K, paused 1ms+3ms
07-05 12:00:36.224   545   548 D dalvikvm: GC_CONCURRENT freed 402K, 12% free 10424K/11719K, paused 2ms+2ms
07-05 12:00:36.345   545 12571 I DownloadManager: Initiating request for download 1440
07-05 12:00:36.400   545   548 D dalvikvm: GC_CONCURRENT freed 336K, 11% free 10482K/11719K, paused 2ms+2ms
07-05 12:00:36.506   545   548 D dalvikvm: GC_CONCURRENT freed 205K, 9% free 10701K/11719K, paused 2ms+3ms
07-05 12:00:36.627   545   548 D dalvikvm: GC_CONCURRENT freed 440K, 9% free 10709K/11719K, paused 2ms+2ms
07-05 12:00:36.865   545   548 D dalvikvm: GC_CONCURRENT freed 714K, 11% free 10432K/11719K, paused 2ms+2ms
07-05 12:00:37.056   545   548 D dalvikvm: GC_CONCURRENT freed 407K, 12% free 10413K/11719K, paused 2ms+4ms
07-05 12:00:37.248   156   568 D dalvikvm: GC_EXPLICIT freed 506K, 16% free 13366K/15879K, paused 3ms+6ms
07-05 12:00:37.256   545 12574 I DownloadManager: Initiating request for download 1441
07-05 12:00:37.342   545   548 D dalvikvm: GC_CONCURRENT freed 236K, 10% free 10606K/11719K, paused 2ms+4ms
07-05 12:00:37.443   545   548 D dalvikvm: GC_CONCURRENT freed 305K, 9% free 10756K/11719K, paused 2ms+3ms
07-05 12:00:37.635   545   548 D dalvikvm: GC_CONCURRENT freed 750K, 11% free 10464K/11719K, paused 2ms+3ms
07-05 12:00:37.705  1370 12576 E DictionaryProvider:UpdateHandler: Can't read a file : android.util.MalformedJsonException: Use JsonReader.setLenient(true) to accept malformed JSON at line 1 column 20
07-05 12:00:37.881   545   548 D dalvikvm: GC_CONCURRENT freed 432K, 12% free 10423K/11719K, paused 2ms+2ms
07-05 12:00:38.088   545   548 D dalvikvm: GC_CONCURRENT freed 414K, 12% free 10397K/11719K, paused 2ms+2ms
07-05 12:00:38.131   545 12579 I DownloadManager: Initiating request for download 1441
07-05 12:00:38.236   545   548 D dalvikvm: GC_CONCURRENT freed 179K, 10% free 10639K/11719K, paused 2ms+2ms
07-05 12:00:38.342   545   548 D dalvikvm: GC_CONCURRENT freed 288K, 8% free 10799K/11719K, paused 2ms+3ms
07-05 12:00:38.556   545   548 D dalvikvm: GC_CONCURRENT freed 847K, 12% free 10426K/11719K, paused 2ms+3ms
07-05 12:00:38.767   545   548 D dalvikvm: GC_CONCURRENT freed 403K, 12% free 10416K/11719K, paused 2ms+2ms
07-05 12:00:38.920   545 12582 I DownloadManager: Initiating request for download 1442
07-05 12:00:38.982   545   548 D dalvikvm: GC_CONCURRENT freed 328K, 11% free 10474K/11719K, paused 2ms+4ms
07-05 12:00:39.095   545   548 D dalvikvm: GC_CONCURRENT freed 205K, 9% free 10691K/11719K, paused 2ms+3ms
07-05 12:00:39.213   545   548 D dalvikvm: GC_CONCURRENT freed 431K, 9% free 10699K/11719K, paused 2ms+2ms
07-05 12:00:39.361  1370 12584 E DictionaryProvider:UpdateHandler: Can't read a file : android.util.MalformedJsonException: Use JsonReader.setLenient(true) to accept malformed JSON at line 1 column 20
07-05 12:00:39.478   545   548 D dalvikvm: GC_CONCURRENT freed 704K, 11% free 10431K/11719K, paused 1ms+2ms
07-05 12:00:39.674   545   548 D dalvikvm: GC_CONCURRENT freed 412K, 12% free 10405K/11719K, paused 2ms+2ms
07-05 12:00:39.767   545 12587 I DownloadManager: Initiating request for download 1442
07-05 12:00:39.853   545   548 D dalvikvm: GC_CONCURRENT freed 247K, 10% free 10625K/11719K, paused 2ms+2ms
07-05 12:00:39.967   545   548 D dalvikvm: GC_CONCURRENT freed 324K, 8% free 10788K/11719K, paused 2ms+3ms
07-05 12:00:40.154   545   548 D dalvikvm: GC_CONCURRENT freed 794K, 11% free 10467K/11719K, paused 2ms+3ms
07-05 12:00:40.361   545   548 D dalvikvm: GC_CONCURRENT freed 438K, 12% free 10417K/11719K, paused 2ms+3ms
07-05 12:00:40.568   545 12590 I DownloadManager: Initiating request for download 1443
07-05 12:00:40.642   545   548 D dalvikvm: GC_CONCURRENT freed 415K, 12% free 10424K/11719K, paused 3ms+6ms
07-05 12:00:40.771   545   548 D dalvikvm: GC_CONCURRENT freed 184K, 9% free 10678K/11719K, paused 1ms+2ms
07-05 12:00:40.892   545   548 D dalvikvm: GC_CONCURRENT freed 416K, 9% free 10705K/11719K, paused 2ms+3ms
07-05 12:00:41.076  1370 12592 E DictionaryProvider:UpdateHandler: Can't read a file : android.util.MalformedJsonException: Use JsonReader.setLenient(true) to accept malformed JSON at line 1 column 20
07-05 12:00:41.170   545   548 D dalvikvm: GC_CONCURRENT freed 707K, 11% free 10435K/11719K, paused 2ms+2ms
07-05 12:00:41.361   545   548 D dalvikvm: GC_CONCURRENT freed 412K, 12% free 10413K/11719K, paused 1ms+3ms
07-05 12:00:41.467   545 12595 I DownloadManager: Initiating request for download 1443
07-05 12:00:41.545   545   548 D dalvikvm: GC_CONCURRENT freed 285K, 10% free 10560K/11719K, paused 2ms+2ms
07-05 12:00:41.654   545   548 D dalvikvm: GC_CONCURRENT freed 271K, 9% free 10764K/11719K, paused 2ms+3ms
07-05 12:00:41.802   545   548 D dalvikvm: GC_CONCURRENT freed 758K, 11% free 10468K/11719K, paused 1ms+2ms
07-05 12:00:42.021   545   548 D dalvikvm: GC_CONCURRENT freed 435K, 12% free 10426K/11719K, paused 2ms+2ms
07-05 12:00:42.224   545   548 D dalvikvm: GC_CONCURRENT freed 411K, 12% free 10403K/11719K, paused 2ms+2ms
07-05 12:00:42.291   545 12598 I DownloadManager: Initiating request for download 1444
07-05 12:00:42.385   545   548 D dalvikvm: GC_CONCURRENT freed 195K, 10% free 10635K/11719K, paused 2ms+2ms
07-05 12:00:42.494   545   548 D dalvikvm: GC_CONCURRENT freed 294K, 8% free 10802K/11719K, paused 2ms+4ms
07-05 12:00:42.732  1370 12600 E DictionaryProvider:UpdateHandler: Can't read a file : android.util.MalformedJsonException: Use JsonReader.setLenient(true) to accept malformed JSON at line 1 column 20
07-05 12:00:42.752   545   548 D dalvikvm: GC_CONCURRENT freed 839K, 11% free 10446K/11719K, paused 2ms+2ms
07-05 12:00:42.791  1370  1372 D dalvikvm: GC_CONCURRENT freed 388K, 7% free 9130K/9735K, paused 4ms+2ms
07-05 12:00:42.982   545   548 D dalvikvm: GC_CONCURRENT freed 418K, 12% free 10419K/11719K, paused 1ms+3ms
07-05 12:00:43.115   545 12603 I DownloadManager: Initiating request for download 1444
07-05 12:00:43.166   545   548 D dalvikvm: GC_CONCURRENT freed 357K, 11% free 10477K/11719K, paused 2ms+3ms
07-05 12:00:43.279   545   548 D dalvikvm: GC_CONCURRENT freed 206K, 9% free 10749K/11719K, paused 2ms+2ms
07-05 12:00:43.424   545   548 D dalvikvm: GC_CONCURRENT freed 727K, 11% free 10478K/11719K, paused 2ms+2ms
07-05 12:00:43.635   545   548 D dalvikvm: GC_CONCURRENT freed 438K, 12% free 10429K/11719K, paused 2ms+2ms
07-05 12:00:43.826   545   548 D dalvikvm: GC_CONCURRENT freed 408K, 12% free 10409K/11719K, paused 2ms+2ms
07-05 12:00:43.939   545 12606 I DownloadManager: Initiating request for download 1445
07-05 12:00:44.021   545   548 D dalvikvm: GC_CONCURRENT freed 231K, 10% free 10646K/11719K, paused 2ms+2ms
07-05 12:00:44.138   545   548 D dalvikvm: GC_CONCURRENT freed 343K, 8% free 10796K/11719K, paused 2ms+4ms
07-05 12:00:44.353  1370 12608 E DictionaryProvider:UpdateHandler: Can't read a file : android.util.MalformedJsonException: Use JsonReader.setLenient(true) to accept malformed JSON at line 1 column 20
07-05 12:00:44.396   545   548 D dalvikvm: GC_CONCURRENT freed 842K, 11% free 10447K/11719K, paused 2ms+3ms
07-05 12:00:44.599   545   548 D dalvikvm: GC_CONCURRENT freed 416K, 12% free 10418K/11719K, paused 2ms+2ms
07-05 12:00:44.736   545 12611 I DownloadManager: Initiating request for download 1445
07-05 12:00:44.779   545   548 D dalvikvm: GC_CONCURRENT freed 371K, 11% free 10453K/11719K, paused 1ms+2ms
07-05 12:00:44.892   545   548 D dalvikvm: GC_CONCURRENT freed 206K, 9% free 10701K/11719K, paused 2ms+3ms
07-05 12:00:45.025   545   548 D dalvikvm: GC_CONCURRENT freed 441K, 9% free 10710K/11719K, paused 2ms+2ms
07-05 12:00:45.263   545   548 D dalvikvm: GC_CONCURRENT freed 720K, 12% free 10430K/11719K, paused 2ms+2ms
07-05 12:00:45.470   545   548 D dalvikvm: GC_CONCURRENT freed 407K, 12% free 10411K/11719K, paused 2ms+3ms
07-05 12:00:45.592   545 12614 I DownloadManager: Initiating request for download 1446
07-05 12:00:45.677   545   548 D dalvikvm: GC_CONCURRENT freed 238K, 10% free 10641K/11719K, paused 3ms+2ms
07-05 12:00:45.791   545   548 D dalvikvm: GC_CONCURRENT freed 314K, 8% free 10829K/11719K, paused 2ms+3ms
07-05 12:00:46.002  1370 12616 E DictionaryProvider:UpdateHandler: Can't read a file : android.util.MalformedJsonException: Use JsonReader.setLenient(true) to accept malformed JSON at line 1 column 20
07-05 12:00:46.017   545   548 D dalvikvm: GC_CONCURRENT freed 882K, 11% free 10444K/11719K, paused 2ms+3ms
07-05 12:00:46.240   545   548 D dalvikvm: GC_CONCURRENT freed 411K, 12% free 10421K/11719K, paused 2ms+2ms
07-05 12:00:46.385   545 12619 I DownloadManager: Initiating request for download 1446
07-05 12:00:46.439   545   548 D dalvikvm: GC_CONCURRENT freed 370K, 11% free 10455K/11719K, paused 1ms+2ms
07-05 12:00:46.549   545   548 D dalvikvm: GC_CONCURRENT freed 198K, 9% free 10698K/11719K, paused 2ms+3ms
07-05 12:00:46.677   545   548 D dalvikvm: GC_CONCURRENT freed 434K, 9% free 10716K/11719K, paused 2ms+2ms
07-05 12:00:46.916   545   548 D dalvikvm: GC_CONCURRENT freed 727K, 11% free 10433K/11719K, paused 2ms+3ms
07-05 12:00:47.111   545   548 D dalvikvm: GC_CONCURRENT freed 405K, 12% free 10416K/11719K, paused 2ms+2ms
07-05 12:00:47.220   545 12622 I DownloadManager: Initiating request for download 1447
07-05 12:00:47.306   545   548 D dalvikvm: GC_CONCURRENT freed 235K, 10% free 10593K/11719K, paused 2ms+2ms
07-05 12:00:47.412   545   548 D dalvikvm: GC_CONCURRENT freed 275K, 9% free 10750K/11719K, paused 2ms+3ms
07-05 12:00:47.568   545   548 D dalvikvm: GC_CONCURRENT freed 731K, 11% free 10479K/11719K, paused 2ms+3ms
07-05 12:00:47.650  1370 12624 E DictionaryProvider:UpdateHandler: Can't read a file : android.util.MalformedJsonException: Use JsonReader.setLenient(true) to accept malformed JSON at line 1 column 20
07-05 12:00:47.814   545   548 D dalvikvm: GC_CONCURRENT freed 428K, 11% free 10440K/11719K, paused 2ms+2ms
07-05 12:00:48.010   545   548 D dalvikvm: GC_CONCURRENT freed 412K, 12% free 10420K/11719K, paused 2ms+3ms
07-05 12:00:48.072   545 12627 I DownloadManager: Initiating request for download 1447
07-05 12:00:48.170   545   548 D dalvikvm: GC_CONCURRENT freed 218K, 9% free 10667K/11719K, paused 2ms+3ms
07-05 12:00:48.279   545   548 D dalvikvm: GC_CONCURRENT freed 324K, 8% free 10822K/11719K, paused 2ms+3ms
07-05 12:00:48.529   545   548 D dalvikvm: GC_CONCURRENT freed 860K, 11% free 10441K/11719K, paused 2ms+3ms
07-05 12:00:48.720   545   548 D dalvikvm: GC_CONCURRENT freed 407K, 12% free 10426K/11719K, paused 2ms+3ms
07-05 12:00:48.885   545 12630 I DownloadManager: Initiating request for download 1448
07-05 12:00:48.951   545   548 D dalvikvm: GC_CONCURRENT freed 328K, 11% free 10492K/11719K, paused 2ms+3ms
07-05 12:00:49.060   545   548 D dalvikvm: GC_CONCURRENT freed 203K, 9% free 10709K/11719K, paused 2ms+2ms
07-05 12:00:49.189   545   548 D dalvikvm: GC_CONCURRENT freed 438K, 9% free 10720K/11719K, paused 2ms+3ms
07-05 12:00:49.345  1370 12632 E DictionaryProvider:UpdateHandler: Can't read a file : android.util.MalformedJsonException: Use JsonReader.setLenient(true) to accept malformed JSON at line 1 column 20
07-05 12:00:49.388  1370  1372 D dalvikvm: GC_CONCURRENT freed 390K, 7% free 9131K/9735K, paused 1ms+2ms
07-05 12:00:49.474   545   548 D dalvikvm: GC_CONCURRENT freed 708K, 11% free 10451K/11719K, paused 2ms+2ms
07-05 12:00:49.670   545   548 D dalvikvm: GC_CONCURRENT freed 412K, 12% free 10430K/11719K, paused 2ms+3ms
07-05 12:00:49.775   545 12634 I DownloadManager: Initiating request for download 1448
07-05 12:00:49.853   545   548 D dalvikvm: GC_CONCURRENT freed 249K, 10% free 10594K/11719K, paused 2ms+4ms
07-05 12:00:49.947   545   548 D dalvikvm: GC_CONCURRENT freed 273K, 9% free 10754K/11719K, paused 2ms+3ms
07-05 12:00:50.713   545   548 D dalvikvm: GC_CONCURRENT freed 725K, 11% free 10483K/11719K, paused 2ms+2ms
07-05 12:00:50.900   545   548 D dalvikvm: GC_CONCURRENT freed 401K, 11% free 10471K/11719K, paused 2ms+3ms
07-05 12:00:51.099   545   548 D dalvikvm: GC_CONCURRENT freed 402K, 11% free 10458K/11719K, paused 1ms+2ms
07-05 12:00:51.584   545 12637 I DownloadManager: Initiating request for download 1449
07-05 12:00:51.705   545   548 D dalvikvm: GC_CONCURRENT freed 262K, 10% free 10648K/11719K, paused 2ms+4ms
07-05 12:00:51.814   545   548 D dalvikvm: GC_CONCURRENT freed 297K, 8% free 10806K/11719K, paused 2ms+3ms
07-05 12:00:52.052   156   514 D dalvikvm: GC_EXPLICIT freed 492K, 16% free 13365K/15879K, paused 2ms+5ms
07-05 12:00:52.115  1370 12640 E DictionaryProvider:UpdateHandler: Can't read a file : android.util.MalformedJsonException: Use JsonReader.setLenient(true) to accept malformed JSON at line 1 column 20
07-05 12:00:52.150   545   548 D dalvikvm: GC_CONCURRENT freed 838K, 11% free 10468K/11719K, paused 2ms+5ms
07-05 12:00:52.345   545   548 D dalvikvm: GC_CONCURRENT freed 442K, 12% free 10416K/11719K, paused 1ms+3ms
07-05 12:00:52.482   545 12643 I DownloadManager: Initiating request for download 1449
07-05 12:00:52.537   545   548 D dalvikvm: GC_CONCURRENT freed 376K, 11% free 10473K/11719K, paused 1ms+3ms
07-05 12:00:52.650   545   548 D dalvikvm: GC_CONCURRENT freed 197K, 9% free 10694K/11719K, paused 1ms+3ms
07-05 12:00:52.775   545   548 D dalvikvm: GC_CONCURRENT freed 430K, 9% free 10712K/11719K, paused 2ms+3ms
07-05 12:00:53.013   545   548 D dalvikvm: GC_CONCURRENT freed 728K, 11% free 10430K/11719K, paused 2ms+2ms
07-05 12:00:53.209   545   548 D dalvikvm: GC_CONCURRENT freed 409K, 12% free 10410K/11719K, paused 2ms+2ms
07-05 12:00:53.338   545 12646 I DownloadManager: Initiating request for download 1450
07-05 12:00:53.431   545   548 D dalvikvm: GC_CONCURRENT freed 242K, 10% free 10585K/11719K, paused 3ms+3ms
07-05 12:00:53.537   545   548 D dalvikvm: GC_CONCURRENT freed 287K, 9% free 10755K/11719K, paused 2ms+3ms
07-05 12:00:53.685   545   548 D dalvikvm: GC_CONCURRENT freed 743K, 11% free 10473K/11719K, paused 3ms+2ms
07-05 12:00:53.787  1370 12648 E DictionaryProvider:UpdateHandler: Can't read a file : android.util.MalformedJsonException: Use JsonReader.setLenient(true) to accept malformed JSON at line 1 column 20
07-05 12:00:53.931   545   548 D dalvikvm: GC_CONCURRENT freed 425K, 11% free 10434K/11719K, paused 2ms+2ms
07-05 12:00:54.131   545   548 D dalvikvm: GC_CONCURRENT freed 411K, 12% free 10412K/11719K, paused 1ms+3ms
07-05 12:00:54.189   545 12651 I DownloadManager: Initiating request for download 1450
07-05 12:00:54.295   545   548 D dalvikvm: GC_CONCURRENT freed 218K, 10% free 10630K/11719K, paused 2ms+3ms
07-05 12:00:54.396   545   548 D dalvikvm: GC_CONCURRENT freed 302K, 8% free 10793K/11719K, paused 2ms+4ms
07-05 12:00:54.599   545   548 D dalvikvm: GC_CONCURRENT freed 828K, 11% free 10434K/11719K, paused 2ms+3ms
07-05 12:00:54.806   545   548 D dalvikvm: GC_CONCURRENT freed 403K, 12% free 10421K/11719K, paused 2ms+2ms
07-05 12:00:54.967   545 12654 I DownloadManager: Initiating request for download 1451
07-05 12:00:55.029   545   548 D dalvikvm: GC_CONCURRENT freed 375K, 11% free 10443K/11719K, paused 2ms+3ms
07-05 12:00:55.154   545   548 D dalvikvm: GC_CONCURRENT freed 178K, 9% free 10685K/11719K, paused 2ms+3ms
07-05 12:00:55.271   545   548 D dalvikvm: GC_CONCURRENT freed 407K, 9% free 10715K/11719K, paused 2ms+3ms
07-05 12:00:55.424  1370 12656 E DictionaryProvider:UpdateHandler: Can't read a file : android.util.MalformedJsonException: Use JsonReader.setLenient(true) to accept malformed JSON at line 1 column 20
07-05 12:00:55.533   545   548 D dalvikvm: GC_CONCURRENT freed 712K, 11% free 10442K/11719K, paused 2ms+2ms
07-05 12:00:55.713   545   548 D dalvikvm: GC_CONCURRENT freed 411K, 12% free 10417K/11719K, paused 1ms+2ms
07-05 12:00:55.834   545 12659 I DownloadManager: Initiating request for download 1451
07-05 12:00:55.904   545   548 D dalvikvm: GC_CONCURRENT freed 318K, 11% free 10540K/11719K, paused 1ms+2ms
07-05 12:00:56.010   545   548 D dalvikvm: GC_CONCURRENT freed 250K, 9% free 10732K/11719K, paused 2ms+3ms
07-05 12:00:56.142   545   548 D dalvikvm: GC_CONCURRENT freed 717K, 11% free 10485K/11719K, paused 2ms+2ms
07-05 12:00:56.361   545   548 D dalvikvm: GC_CONCURRENT freed 438K, 11% free 10433K/11719K, paused 2ms+2ms
07-05 12:00:56.556   545   548 D dalvikvm: GC_CONCURRENT freed 406K, 12% free 10416K/11719K, paused 2ms+3ms
07-05 12:00:56.681   545 12662 I DownloadManager: Initiating request for download 1452
07-05 12:00:56.775   545   548 D dalvikvm: GC_CONCURRENT freed 229K, 10% free 10613K/11719K, paused 2ms+3ms
07-05 12:00:56.885   545   548 D dalvikvm: GC_CONCURRENT freed 292K, 8% free 10787K/11719K, paused 2ms+3ms
07-05 12:00:57.072   545   548 D dalvikvm: GC_CONCURRENT freed 815K, 11% free 10443K/11719K, paused 2ms+3ms
07-05 12:00:57.131  1370 12664 E DictionaryProvider:UpdateHandler: Can't read a file : android.util.MalformedJsonException: Use JsonReader.setLenient(true) to accept malformed JSON at line 1 column 20
07-05 12:00:57.174  1370  1372 D dalvikvm: GC_CONCURRENT freed 391K, 7% free 9128K/9735K, paused 2ms+2ms
07-05 12:00:57.349   545   548 D dalvikvm: GC_CONCURRENT freed 396K, 11% free 10435K/11719K, paused 3ms+3ms
07-05 12:00:57.545   545   548 D dalvikvm: GC_CONCURRENT freed 411K, 12% free 10411K/11719K, paused 2ms+4ms
07-05 12:00:57.580   545 12667 I DownloadManager: Initiating request for download 1452
07-05 12:00:57.689   545   548 D dalvikvm: GC_CONCURRENT freed 187K, 9% free 10666K/11719K, paused 2ms+2ms
07-05 12:00:57.791   545   548 D dalvikvm: GC_CONCURRENT freed 378K, 9% free 10719K/11719K, paused 2ms+2ms
07-05 12:00:58.017   545   548 D dalvikvm: GC_CONCURRENT freed 719K, 11% free 10446K/11719K, paused 2ms+3ms
07-05 12:00:58.205   545   548 D dalvikvm: GC_CONCURRENT freed 412K, 12% free 10423K/11719K, paused 2ms+3ms
07-05 12:00:58.365   545 12670 I DownloadManager: Initiating request for download 1453
07-05 12:00:58.431   545   548 D dalvikvm: GC_CONCURRENT freed 367K, 11% free 10489K/11719K, paused 3ms+3ms
07-05 12:00:58.549   545   548 D dalvikvm: GC_CONCURRENT freed 214K, 9% free 10714K/11719K, paused 2ms+3ms
07-05 12:00:58.685   545   548 D dalvikvm: GC_CONCURRENT freed 444K, 9% free 10724K/11719K, paused 2ms+2ms
07-05 12:00:58.861   545 12670 D dalvikvm: GC_EXPLICIT freed 529K, 11% free 10475K/11719K, paused 2ms+4ms
07-05 12:00:58.908  1370 12672 E DictionaryProvider:UpdateHandler: Can't read a file : android.util.MalformedJsonException: Use JsonReader.setLenient(true) to accept malformed JSON at line 1 column 20
07-05 12:00:58.998   465 12673 D dalvikvm: GC_EXPLICIT freed 436K, 6% free 10504K/11079K, paused 3ms+5ms
07-05 12:00:59.138   545   548 D dalvikvm: GC_CONCURRENT freed 432K, 11% free 10435K/11719K, paused 1ms+2ms
07-05 12:00:59.322   545 12675 I DownloadManager: Initiating request for download 1453
07-05 12:00:59.345   545   548 D dalvikvm: GC_CONCURRENT freed 399K, 11% free 10451K/11719K, paused 2ms+3ms
07-05 12:00:59.467   545   548 D dalvikvm: GC_CONCURRENT freed 180K, 9% free 10721K/11719K, paused 2ms+3ms
07-05 12:00:59.592   545   548 D dalvikvm: GC_CONCURRENT freed 459K, 9% free 10722K/11719K, paused 2ms+2ms
07-05 12:00:59.814   545   548 D dalvikvm: GC_CONCURRENT freed 727K, 11% free 10438K/11719K, paused 1ms+2ms
07-05 12:00:59.994   545   548 D dalvikvm: GC_CONCURRENT freed 403K, 12% free 10421K/11719K, paused 1ms+2ms
07-05 12:01:00.135   545 12678 I DownloadManager: Initiating request for download 1454
07-05 12:01:00.267   545   548 D dalvikvm: GC_CONCURRENT freed 259K, 10% free 10643K/11719K, paused 2ms+3ms
07-05 12:01:00.373   545   548 D dalvikvm: GC_CONCURRENT freed 341K, 9% free 10759K/11719K, paused 2ms+3ms
07-05 12:01:00.529   545   548 D dalvikvm: GC_CONCURRENT freed 733K, 11% free 10483K/11719K, paused 2ms+3ms
07-05 12:01:00.627  1370 12680 E DictionaryProvider:UpdateHandler: Can't read a file : android.util.MalformedJsonException: Use JsonReader.setLenient(true) to accept malformed JSON at line 1 column 20
07-05 12:01:00.787   545   548 D dalvikvm: GC_CONCURRENT freed 430K, 11% free 10443K/11719K, paused 2ms+2ms
07-05 12:01:00.978   545   548 D dalvikvm: GC_CONCURRENT freed 411K, 12% free 10422K/11719K, paused 2ms+3ms
07-05 12:01:01.025   545 12683 I DownloadManager: Initiating request for download 1454
07-05 12:01:01.119   545   548 D dalvikvm: GC_CONCURRENT freed 184K, 9% free 10670K/11719K, paused 3ms+3ms
07-05 12:01:01.232   545   548 D dalvikvm: GC_CONCURRENT freed 306K, 8% free 10834K/11719K, paused 2ms+3ms
07-05 12:01:01.474   545   548 D dalvikvm: GC_CONCURRENT freed 869K, 11% free 10443K/11719K, paused 2ms+3ms
07-05 12:01:01.666   545   548 D dalvikvm: GC_CONCURRENT freed 405K, 12% free 10428K/11719K, paused 2ms+2ms
07-05 12:01:01.842   545 12686 I DownloadManager: Initiating request for download 1455
07-05 12:01:01.896   545   548 D dalvikvm: GC_CONCURRENT freed 328K, 11% free 10496K/11719K, paused 3ms+3ms
07-05 12:01:02.006   545   548 D dalvikvm: GC_CONCURRENT freed 204K, 9% free 10715K/11719K, paused 2ms+2ms
07-05 12:01:02.142   545   548 D dalvikvm: GC_CONCURRENT freed 438K, 9% free 10739K/11719K, paused 2ms+3ms
07-05 12:01:02.365   545   548 D dalvikvm: GC_CONCURRENT freed 712K, 11% free 10476K/11719K, paused 2ms+3ms
07-05 12:01:02.568   545   548 D dalvikvm: GC_CONCURRENT freed 403K, 11% free 10463K/11719K, paused 2ms+2ms
07-05 12:01:02.670  1370 12688 E DictionaryProvider:UpdateHandler: Can't read a file : android.util.MalformedJsonException: Use JsonReader.setLenient(true) to accept malformed JSON at line 1 column 20
07-05 12:01:02.709   545 12690 I DownloadManager: Initiating request for download 1455
07-05 12:01:02.779   545   548 D dalvikvm: GC_CONCURRENT freed 271K, 10% free 10621K/11719K, paused 2ms+4ms
07-05 12:01:02.861   545   548 D dalvikvm: GC_CONCURRENT freed 295K, 9% free 10776K/11719K, paused 2ms+3ms
07-05 12:01:04.564   545   548 D dalvikvm: GC_CONCURRENT freed 753K, 11% free 10488K/11719K, paused 2ms+2ms
07-05 12:01:04.775   545   548 D dalvikvm: GC_CONCURRENT freed 433K, 11% free 10443K/11719K, paused 1ms+3ms
07-05 12:01:04.970   545   548 D dalvikvm: GC_CONCURRENT freed 410K, 12% free 10426K/11719K, paused 2ms+2ms
07-05 12:01:05.041   545 12694 I DownloadManager: Initiating request for download 1456
07-05 12:01:05.142   545   548 D dalvikvm: GC_CONCURRENT freed 201K, 9% free 10705K/11719K, paused 2ms+2ms
07-05 12:01:05.260   545   548 D dalvikvm: GC_CONCURRENT freed 424K, 9% free 10731K/11719K, paused 2ms+2ms
07-05 12:01:05.451  1370 12696 D dalvikvm: GC_EXPLICIT freed 360K, 7% free 9127K/9735K, paused 2ms+3ms
07-05 12:01:05.467  1370 12696 E DictionaryProvider:UpdateHandler: Can't read a file : android.util.MalformedJsonException: Use JsonReader.setLenient(true) to accept malformed JSON at line 1 column 20
07-05 12:01:05.549   545   548 D dalvikvm: GC_CONCURRENT freed 719K, 11% free 10461K/11719K, paused 2ms+3ms
07-05 12:01:05.740   545   548 D dalvikvm: GC_CONCURRENT freed 413K, 11% free 10434K/11719K, paused 2ms+2ms
07-05 12:01:05.888   545 12699 I DownloadManager: Initiating request for download 1456
07-05 12:01:05.931   545   548 D dalvikvm: GC_CONCURRENT freed 378K, 11% free 10465K/11719K, paused 2ms+3ms
07-05 12:01:06.056   545   548 D dalvikvm: GC_CONCURRENT freed 188K, 9% free 10708K/11719K, paused 1ms+2ms
07-05 12:01:06.174   545   548 D dalvikvm: GC_CONCURRENT freed 426K, 9% free 10737K/11719K, paused 1ms+2ms
07-05 12:01:06.408   545   548 D dalvikvm: GC_CONCURRENT freed 737K, 11% free 10451K/11719K, paused 1ms+3ms
07-05 12:01:06.611   545   548 D dalvikvm: GC_CONCURRENT freed 409K, 12% free 10429K/11719K, paused 1ms+3ms
07-05 12:01:06.744   545 12702 I DownloadManager: Initiating request for download 1457
07-05 12:01:06.830   545   548 D dalvikvm: GC_CONCURRENT freed 278K, 10% free 10614K/11719K, paused 2ms+3ms
07-05 12:01:06.943   545   548 D dalvikvm: GC_CONCURRENT freed 285K, 9% free 10778K/11719K, paused 2ms+2ms
07-05 12:01:07.103   545   548 D dalvikvm: GC_CONCURRENT freed 753K, 11% free 10492K/11719K, paused 2ms+3ms
07-05 12:01:07.181  1370 12704 E DictionaryProvider:UpdateHandler: Can't read a file : android.util.MalformedJsonException: Use JsonReader.setLenient(true) to accept malformed JSON at line 1 column 20
07-05 12:01:07.357   545   548 D dalvikvm: GC_CONCURRENT freed 427K, 11% free 10452K/11719K, paused 2ms+3ms
07-05 12:01:07.549   545   548 D dalvikvm: GC_CONCURRENT freed 412K, 12% free 10427K/11719K, paused 1ms+2ms
07-05 12:01:07.607   545 12707 I DownloadManager: Initiating request for download 1457
07-05 12:01:07.693   156   593 D dalvikvm: GC_EXPLICIT freed 538K, 16% free 13368K/15879K, paused 2ms+6ms
07-05 12:01:07.771   545   548 D dalvikvm: GC_CONCURRENT freed 202K, 9% free 10680K/11719K, paused 2ms+3ms
07-05 12:01:07.881   545   548 D dalvikvm: GC_CONCURRENT freed 327K, 8% free 10809K/11719K, paused 2ms+3ms
07-05 12:01:08.099   545   548 D dalvikvm: GC_CONCURRENT freed 840K, 11% free 10441K/11719K, paused 1ms+3ms
07-05 12:01:08.287   545   548 D dalvikvm: GC_CONCURRENT freed 407K, 12% free 10422K/11719K, paused 2ms+3ms
07-05 12:01:08.486   545 12710 I DownloadManager: Initiating request for download 1458
07-05 12:01:08.517   545   548 D dalvikvm: GC_CONCURRENT freed 383K, 11% free 10442K/11719K, paused 2ms+3ms
07-05 12:01:08.646   545   548 D dalvikvm: GC_CONCURRENT freed 196K, 9% free 10701K/11719K, paused 2ms+2ms
07-05 12:01:08.771   545   548 D dalvikvm: GC_CONCURRENT freed 423K, 9% free 10734K/11719K, paused 2ms+3ms
07-05 12:01:09.006   545   548 D dalvikvm: GC_CONCURRENT freed 741K, 11% free 10440K/11719K, paused 2ms+2ms
07-05 12:01:09.201   545   548 D dalvikvm: GC_CONCURRENT freed 407K, 12% free 10420K/11719K, paused 2ms+3ms
07-05 12:01:10.154  1370 12712 E DictionaryProvider:UpdateHandler: Can't read a file : android.util.MalformedJsonException: Use JsonReader.setLenient(true) to accept malformed JSON at line 1 column 20
07-05 12:01:10.728   545   548 D dalvikvm: GC_CONCURRENT freed 354K, 11% free 10455K/11719K, paused 2ms+3ms
07-05 12:01:10.916   545   548 D dalvikvm: GC_CONCURRENT freed 410K, 11% free 10437K/11719K, paused 1ms+3ms
07-05 12:01:11.111   545   548 D dalvikvm: GC_CONCURRENT freed 406K, 12% free 10422K/11719K, paused 2ms+3ms
07-05 12:01:11.232   545 12715 I DownloadManager: Initiating request for download 1459
07-05 12:01:11.322   545   548 D dalvikvm: GC_CONCURRENT freed 229K, 10% free 10611K/11719K, paused 2ms+3ms
07-05 12:01:11.427   545   548 D dalvikvm: GC_CONCURRENT freed 291K, 9% free 10779K/11719K, paused 2ms+3ms
07-05 12:01:11.599   545   548 D dalvikvm: GC_CONCURRENT freed 766K, 11% free 10482K/11719K, paused 2ms+3ms
07-05 12:01:11.681  1370 12717 E DictionaryProvider:UpdateHandler: Can't read a file : android.util.MalformedJsonException: Use JsonReader.setLenient(true) to accept malformed JSON at line 1 column 20
07-05 12:01:11.834   545   548 D dalvikvm: GC_CONCURRENT freed 429K, 11% free 10440K/11719K, paused 2ms+2ms
07-05 12:01:12.033   545   548 D dalvikvm: GC_CONCURRENT freed 410K, 12% free 10420K/11719K, paused 2ms+3ms
07-05 12:01:12.080   545 12720 I DownloadManager: Initiating request for download 1459
07-05 12:01:12.174   545   548 D dalvikvm: GC_CONCURRENT freed 195K, 10% free 10647K/11719K, paused 2ms+3ms
07-05 12:01:12.291   545   548 D dalvikvm: GC_CONCURRENT freed 296K, 8% free 10827K/11719K, paused 1ms+3ms
07-05 12:01:12.517   545   548 D dalvikvm: GC_CONCURRENT freed 861K, 11% free 10449K/11719K, paused 2ms+3ms
07-05 12:01:12.697   545   548 D dalvikvm: GC_CONCURRENT freed 412K, 12% free 10426K/11719K, paused 2ms+2ms
07-05 12:01:12.857   545 12723 I DownloadManager: Initiating request for download 1460
07-05 12:01:12.924   545   548 D dalvikvm: GC_CONCURRENT freed 361K, 11% free 10489K/11719K, paused 2ms+3ms
07-05 12:01:13.045   545   548 D dalvikvm: GC_CONCURRENT freed 205K, 9% free 10713K/11719K, paused 2ms+2ms
07-05 12:01:13.174   545   548 D dalvikvm: GC_CONCURRENT freed 435K, 9% free 10727K/11719K, paused 2ms+3ms
07-05 12:01:13.342  1370 12725 E DictionaryProvider:UpdateHandler: Can't read a file : android.util.MalformedJsonException: Use JsonReader.setLenient(true) to accept malformed JSON at line 1 column 20
07-05 12:01:13.373  1370  1372 D dalvikvm: GC_CONCURRENT freed 403K, 7% free 9135K/9735K, paused 2ms+2ms
07-05 12:01:13.478   545   548 D dalvikvm: GC_CONCURRENT freed 721K, 11% free 10449K/11719K, paused 1ms+3ms
07-05 12:01:13.677   545   548 D dalvikvm: GC_CONCURRENT freed 412K, 12% free 10424K/11719K, paused 2ms+2ms
07-05 12:01:13.787   545 12728 I DownloadManager: Initiating request for download 1460
07-05 12:01:13.881   545   548 D dalvikvm: GC_CONCURRENT freed 273K, 10% free 10631K/11719K, paused 2ms+3ms
07-05 12:01:13.990   545   548 D dalvikvm: GC_CONCURRENT freed 323K, 8% free 10785K/11719K, paused 2ms+3ms
07-05 12:01:14.158   545   548 D dalvikvm: GC_CONCURRENT freed 764K, 11% free 10485K/11719K, paused 2ms+3ms
07-05 12:01:14.373   545   548 D dalvikvm: GC_CONCURRENT freed 434K, 11% free 10437K/11719K, paused 2ms+3ms
07-05 12:01:14.564   545   548 D dalvikvm: GC_CONCURRENT freed 406K, 12% free 10419K/11719K, paused 2ms+3ms
07-05 12:01:14.638   545 12731 I DownloadManager: Initiating request for download 1461
07-05 12:01:14.748   545   548 D dalvikvm: GC_CONCURRENT freed 186K, 9% free 10691K/11719K, paused 2ms+3ms
07-05 12:01:14.853   545   548 D dalvikvm: GC_CONCURRENT freed 316K, 8% free 10833K/11719K, paused 2ms+2ms
07-05 12:01:15.029  1370 12733 E DictionaryProvider:UpdateHandler: Can't read a file : android.util.MalformedJsonException: Use JsonReader.setLenient(true) to accept malformed JSON at line 1 column 20
07-05 12:01:15.111   545   548 D dalvikvm: GC_CONCURRENT freed 854K, 11% free 10459K/11719K, paused 3ms+2ms
07-05 12:01:15.306   545   548 D dalvikvm: GC_CONCURRENT freed 417K, 12% free 10430K/11719K, paused 2ms+3ms
07-05 12:01:15.443   545 12736 I DownloadManager: Initiating request for download 1461
07-05 12:01:15.498   545   548 D dalvikvm: GC_CONCURRENT freed 359K, 11% free 10498K/11719K, paused 2ms+3ms
07-05 12:01:15.607   545   548 D dalvikvm: GC_CONCURRENT freed 208K, 9% free 10726K/11719K, paused 2ms+3ms
07-05 12:01:15.736   545   548 D dalvikvm: GC_CONCURRENT freed 450K, 9% free 10732K/11719K, paused 2ms+3ms
07-05 12:01:15.982   545   548 D dalvikvm: GC_CONCURRENT freed 733K, 11% free 10451K/11719K, paused 2ms+2ms
07-05 12:01:16.174   545   548 D dalvikvm: GC_CONCURRENT freed 413K, 12% free 10425K/11719K, paused 2ms+3ms
07-05 12:01:16.310   545 12739 I DownloadManager: Initiating request for download 1462
07-05 12:01:16.392   545   548 D dalvikvm: GC_CONCURRENT freed 241K, 10% free 10613K/11719K, paused 2ms+3ms
07-05 12:01:16.498   545   548 D dalvikvm: GC_CONCURRENT freed 285K, 9% free 10778K/11719K, paused 2ms+3ms
07-05 12:01:16.658   545   548 D dalvikvm: GC_CONCURRENT freed 751K, 11% free 10491K/11719K, paused 2ms+2ms
07-05 12:01:16.853   545   548 D dalvikvm: GC_CONCURRENT freed 411K, 11% free 10470K/11719K, paused 2ms+2ms
07-05 12:01:17.072  1370 12741 E DictionaryProvider:UpdateHandler: Can't read a file : android.util.MalformedJsonException: Use JsonReader.setLenient(true) to accept malformed JSON at line 1 column 20
07-05 12:01:17.092   545   548 D dalvikvm: GC_CONCURRENT freed 427K, 11% free 10445K/11719K, paused 2ms+3ms
07-05 12:01:17.162   545 12744 I DownloadManager: Initiating request for download 1462
07-05 12:01:17.260   545   548 D dalvikvm: GC_CONCURRENT freed 212K, 9% free 10678K/11719K, paused 1ms+3ms
07-05 12:01:17.369   545   548 D dalvikvm: GC_CONCURRENT freed 331K, 8% free 10833K/11719K, paused 1ms+2ms
07-05 12:01:17.603   545   548 D dalvikvm: GC_CONCURRENT freed 860K, 11% free 10456K/11719K, paused 2ms+3ms
07-05 12:01:17.818   545   548 D dalvikvm: GC_CONCURRENT freed 411K, 11% free 10434K/11719K, paused 1ms+3ms
07-05 12:01:17.998   545 12747 I DownloadManager: Initiating request for download 1463
07-05 12:01:18.064   545   548 D dalvikvm: GC_CONCURRENT freed 361K, 11% free 10505K/11719K, paused 2ms+4ms
07-05 12:01:18.181   545   548 D dalvikvm: GC_CONCURRENT freed 210K, 9% free 10727K/11719K, paused 2ms+3ms
07-05 12:01:18.310   545   548 D dalvikvm: GC_CONCURRENT freed 443K, 9% free 10739K/11719K, paused 1ms+2ms
07-05 12:01:18.463  1370 12749 E DictionaryProvider:UpdateHandler: Can't read a file : android.util.MalformedJsonException: Use JsonReader.setLenient(true) to accept malformed JSON at line 1 column 20
07-05 12:01:18.584   545   548 D dalvikvm: GC_CONCURRENT freed 729K, 11% free 10460K/11719K, paused 1ms+3ms
07-05 12:01:18.787   545   548 D dalvikvm: GC_CONCURRENT freed 414K, 11% free 10439K/11719K, paused 3ms+3ms
07-05 12:01:18.881   545 12752 I DownloadManager: Initiating request for download 1463
07-05 12:01:18.959   545   548 D dalvikvm: GC_CONCURRENT freed 259K, 10% free 10600K/11719K, paused 2ms+2ms
07-05 12:01:19.064   545   548 D dalvikvm: GC_CONCURRENT freed 284K, 9% free 10771K/11719K, paused 2ms+2ms
07-05 12:01:19.220   545   548 D dalvikvm: GC_CONCURRENT freed 740K, 11% free 10495K/11719K, paused 2ms+2ms
07-05 12:01:19.435   545   548 D dalvikvm: GC_CONCURRENT freed 433K, 11% free 10451K/11719K, paused 2ms+2ms
07-05 12:01:19.631   545   548 D dalvikvm: GC_CONCURRENT freed 409K, 12% free 10430K/11719K, paused 1ms+3ms
07-05 12:01:19.717   545 12755 I DownloadManager: Initiating request for download 1464
07-05 12:01:19.806   545   548 D dalvikvm: GC_CONCURRENT freed 214K, 9% free 10684K/11719K, paused 2ms+3ms
07-05 12:01:19.916   545   548 D dalvikvm: GC_CONCURRENT freed 328K, 8% free 10829K/11719K, paused 2ms+3ms
07-05 12:01:20.127  1370 12757 E DictionaryProvider:UpdateHandler: Can't read a file : android.util.MalformedJsonException: Use JsonReader.setLenient(true) to accept malformed JSON at line 1 column 20
07-05 12:01:20.142   545   548 D dalvikvm: GC_CONCURRENT freed 859K, 11% free 10465K/11719K, paused 2ms+2ms
07-05 12:01:20.189  1370  1372 D dalvikvm: GC_CONCURRENT freed 395K, 7% free 9129K/9735K, paused 2ms+2ms
07-05 12:01:20.381   545   548 D dalvikvm: GC_CONCURRENT freed 410K, 11% free 10448K/11719K, paused 2ms+3ms
07-05 12:01:20.537   545 12760 I DownloadManager: Initiating request for download 1464
07-05 12:01:20.580   545   548 D dalvikvm: GC_CONCURRENT freed 396K, 11% free 10463K/11719K, paused 2ms+3ms
07-05 12:01:20.701   545   548 D dalvikvm: GC_CONCURRENT freed 178K, 9% free 10723K/11719K, paused 2ms+2ms
07-05 12:01:20.822   545   548 D dalvikvm: GC_CONCURRENT freed 436K, 9% free 10744K/11719K, paused 1ms+2ms
07-05 12:01:21.060   545   548 D dalvikvm: GC_CONCURRENT freed 739K, 11% free 10459K/11719K, paused 2ms+2ms
07-05 12:01:21.260   545   548 D dalvikvm: GC_CONCURRENT freed 409K, 11% free 10437K/11719K, paused 1ms+2ms
07-05 12:01:21.412   545 12763 I DownloadManager: Initiating request for download 1465
07-05 12:01:21.506   545   548 D dalvikvm: GC_CONCURRENT freed 278K, 10% free 10629K/11719K, paused 2ms+3ms
07-05 12:01:21.615   545   548 D dalvikvm: GC_CONCURRENT freed 300K, 8% free 10785K/11719K, paused 2ms+2ms
07-05 12:01:21.767   545   548 D dalvikvm: GC_CONCURRENT freed 756K, 11% free 10500K/11719K, paused 2ms+2ms
07-05 12:01:21.853  1370 12765 E DictionaryProvider:UpdateHandler: Can't read a file : android.util.MalformedJsonException: Use JsonReader.setLenient(true) to accept malformed JSON at line 1 column 20
07-05 12:01:22.017   545   548 D dalvikvm: GC_CONCURRENT freed 427K, 11% free 10460K/11719K, paused 3ms+3ms
07-05 12:01:22.220   545   548 D dalvikvm: GC_CONCURRENT freed 412K, 11% free 10435K/11719K, paused 2ms+2ms
07-05 12:01:22.295   545 12768 I DownloadManager: Initiating request for download 1465
07-05 12:01:22.385   545   548 D dalvikvm: GC_CONCURRENT freed 224K, 10% free 10653K/11719K, paused 2ms+2ms
07-05 12:01:22.494   545   548 D dalvikvm: GC_CONCURRENT freed 302K, 8% free 10827K/11719K, paused 2ms+3ms
07-05 12:01:22.697   545   548 D dalvikvm: GC_CONCURRENT freed 811K, 11% free 10498K/11719K, paused 2ms+2ms
07-05 12:01:22.904   545   548 D dalvikvm: GC_CONCURRENT freed 439K, 11% free 10447K/11719K, paused 2ms+2ms
07-05 12:01:23.092   545 12771 I DownloadManager: Initiating request for download 1466
07-05 12:01:23.135   545   548 D dalvikvm: GC_CONCURRENT freed 408K, 11% free 10468K/11719K, paused 3ms+4ms
07-05 12:01:23.256   545   548 D dalvikvm: GC_CONCURRENT freed 196K, 9% free 10725K/11719K, paused 2ms+3ms
07-05 12:01:23.385   545   548 D dalvikvm: GC_CONCURRENT freed 433K, 9% free 10749K/11719K, paused 2ms+2ms
07-05 12:01:23.619   156   403 D dalvikvm: GC_EXPLICIT freed 503K, 16% free 13366K/15879K, paused 3ms+5ms
07-05 12:01:23.627  1370 12773 E DictionaryProvider:UpdateHandler: Can't read a file : android.util.MalformedJsonException: Use JsonReader.setLenient(true) to accept malformed JSON at line 1 column 20
07-05 12:01:23.740   545   548 D dalvikvm: GC_CONCURRENT freed 734K, 11% free 10470K/11719K, paused 2ms+3ms
07-05 12:01:23.939   545   548 D dalvikvm: GC_CONCURRENT freed 430K, 12% free 10426K/11719K, paused 2ms+2ms
07-05 12:01:24.049   545 12776 I DownloadManager: Initiating request for download 1466
07-05 12:01:24.127   545   548 D dalvikvm: GC_CONCURRENT freed 287K, 10% free 10630K/11719K, paused 2ms+3ms
07-05 12:01:24.236   545   548 D dalvikvm: GC_CONCURRENT freed 311K, 8% free 10786K/11719K, paused 2ms+2ms
07-05 12:01:24.404   545   548 D dalvikvm: GC_CONCURRENT freed 769K, 11% free 10488K/11719K, paused 2ms+2ms
07-05 12:01:24.517   545 12776 D dalvikvm: GC_EXPLICIT freed 120K, 11% free 10483K/11719K, paused 3ms+5ms
07-05 12:01:24.720   545   548 D dalvikvm: GC_CONCURRENT freed 438K, 11% free 10435K/11719K, paused 2ms+2ms
07-05 12:01:24.900   545 12779 I DownloadManager: Initiating request for download 1467
07-05 12:01:24.947   545   548 D dalvikvm: GC_CONCURRENT freed 393K, 11% free 10451K/11719K, paused 2ms+3ms
07-05 12:01:25.068   545   548 D dalvikvm: GC_CONCURRENT freed 200K, 9% free 10743K/11719K, paused 2ms+3ms
07-05 12:01:25.189   545   548 D dalvikvm: GC_CONCURRENT freed 470K, 9% free 10734K/11719K, paused 2ms+2ms
07-05 12:01:25.334  1370 12781 E DictionaryProvider:UpdateHandler: Can't read a file : android.util.MalformedJsonException: Use JsonReader.setLenient(true) to accept malformed JSON at line 1 column 20
07-05 12:01:25.467   545   548 D dalvikvm: GC_CONCURRENT freed 729K, 11% free 10453K/11719K, paused 2ms+2ms
07-05 12:01:25.670   545   548 D dalvikvm: GC_CONCURRENT freed 411K, 11% free 10430K/11719K, paused 2ms+2ms
07-05 12:01:25.767   545 12784 I DownloadManager: Initiating request for download 1467
07-05 12:01:25.845   545   548 D dalvikvm: GC_CONCURRENT freed 256K, 10% free 10591K/11719K, paused 2ms+3ms
07-05 12:01:25.951   545   548 D dalvikvm: GC_CONCURRENT freed 274K, 9% free 10760K/11719K, paused 1ms+2ms
07-05 12:01:26.088   545   548 D dalvikvm: GC_CONCURRENT freed 730K, 11% free 10492K/11719K, paused 2ms+2ms
07-05 12:01:26.306   545   548 D dalvikvm: GC_CONCURRENT freed 433K, 11% free 10447K/11719K, paused 2ms+2ms
07-05 12:01:26.498   545   548 D dalvikvm: GC_CONCURRENT freed 408K, 12% free 10430K/11719K, paused 2ms+2ms
07-05 12:01:26.603   545 12787 I DownloadManager: Initiating request for download 1468
07-05 12:01:26.685   545   548 D dalvikvm: GC_CONCURRENT freed 233K, 10% free 10661K/11719K, paused 2ms+3ms
07-05 12:01:26.795   545   548 D dalvikvm: GC_CONCURRENT freed 318K, 8% free 10813K/11719K, paused 2ms+3ms
07-05 12:01:26.990   545   548 D dalvikvm: GC_CONCURRENT freed 801K, 11% free 10496K/11719K, paused 2ms+2ms
07-05 12:01:27.041  1370 12789 E DictionaryProvider:UpdateHandler: Can't read a file : android.util.MalformedJsonException: Use JsonReader.setLenient(true) to accept malformed JSON at line 1 column 20
07-05 12:01:27.080  1370  1372 D dalvikvm: GC_CONCURRENT freed 389K, 7% free 9127K/9735K, paused 2ms+3ms
07-05 12:01:27.256   545   548 D dalvikvm: GC_CONCURRENT freed 434K, 11% free 10455K/11719K, paused 2ms+3ms
07-05 12:01:27.447   545   548 D dalvikvm: GC_CONCURRENT freed 420K, 12% free 10424K/11719K, paused 2ms+3ms
07-05 12:01:27.482   545 12792 I DownloadManager: Initiating request for download 1468
07-05 12:01:27.580   545   548 D dalvikvm: GC_CONCURRENT freed 169K, 9% free 10680K/11719K, paused 2ms+3ms
07-05 12:01:27.689   545   548 D dalvikvm: GC_CONCURRENT freed 289K, 8% free 10844K/11719K, paused 2ms+3ms
07-05 12:01:27.943   545   548 D dalvikvm: GC_CONCURRENT freed 876K, 11% free 10452K/11719K, paused 2ms+2ms
07-05 12:01:28.131   545   548 D dalvikvm: GC_CONCURRENT freed 404K, 11% free 10434K/11719K, paused 2ms+3ms
07-05 12:01:28.295   545 12795 I DownloadManager: Initiating request for download 1469
07-05 12:01:28.361   545   548 D dalvikvm: GC_CONCURRENT freed 353K, 11% free 10502K/11719K, paused 2ms+3ms
07-05 12:01:28.474   545   548 D dalvikvm: GC_CONCURRENT freed 207K, 9% free 10725K/11719K, paused 1ms+3ms
07-05 12:01:28.603   545   548 D dalvikvm: GC_CONCURRENT freed 439K, 9% free 10749K/11719K, paused 2ms+2ms
07-05 12:01:28.783  1370 12797 E DictionaryProvider:UpdateHandler: Can't read a file : android.util.MalformedJsonException: Use JsonReader.setLenient(true) to accept malformed JSON at line 1 column 20
07-05 12:01:28.881   545   548 D dalvikvm: GC_CONCURRENT freed 737K, 11% free 10468K/11719K, paused 1ms+3ms
07-05 12:01:29.072   545   548 D dalvikvm: GC_CONCURRENT freed 424K, 11% free 10433K/11719K, paused 2ms+3ms
07-05 12:01:29.170   545 12800 I DownloadManager: Initiating request for download 1469
07-05 12:01:29.256   545   548 D dalvikvm: GC_CONCURRENT freed 261K, 10% free 10626K/11719K, paused 2ms+3ms
07-05 12:01:29.361   545   548 D dalvikvm: GC_CONCURRENT freed 302K, 8% free 10785K/11719K, paused 2ms+3ms
07-05 12:01:29.525   545   548 D dalvikvm: GC_CONCURRENT freed 757K, 11% free 10501K/11719K, paused 2ms+3ms
07-05 12:01:29.732   545   548 D dalvikvm: GC_CONCURRENT freed 438K, 11% free 10457K/11719K, paused 3ms+3ms
07-05 12:01:29.924   545   548 D dalvikvm: GC_CONCURRENT freed 415K, 12% free 10430K/11719K, paused 2ms+2ms
07-05 12:01:30.006   545 12803 I DownloadManager: Initiating request for download 1470
07-05 12:01:30.099   545   548 D dalvikvm: GC_CONCURRENT freed 200K, 10% free 10657K/11719K, paused 2ms+2ms
07-05 12:01:30.209   545   548 D dalvikvm: GC_CONCURRENT freed 301K, 8% free 10833K/11719K, paused 3ms+3ms
07-05 12:01:30.427  1370 12805 E DictionaryProvider:UpdateHandler: Can't read a file : android.util.MalformedJsonException: Use JsonReader.setLenient(true) to accept malformed JSON at line 1 column 20
07-05 12:01:30.451   545   548 D dalvikvm: GC_CONCURRENT freed 852K, 11% free 10482K/11719K, paused 2ms+3ms
07-05 12:01:30.654   545   548 D dalvikvm: GC_CONCURRENT freed 423K, 11% free 10446K/11719K, paused 2ms+2ms
07-05 12:01:30.826   545 12808 I DownloadManager: Initiating request for download 1470
07-05 12:01:30.861   545   548 D dalvikvm: GC_CONCURRENT freed 409K, 11% free 10461K/11719K, paused 2ms+5ms
07-05 12:01:30.986   545   548 D dalvikvm: GC_CONCURRENT freed 192K, 9% free 10744K/11719K, paused 2ms+3ms
07-05 12:01:31.111   545   548 D dalvikvm: GC_CONCURRENT freed 458K, 9% free 10748K/11719K, paused 1ms+3ms
07-05 12:01:31.185  8446 11499 I Process : Sending signal. PID: 8446 SIG: 9
07-05 12:01:31.185   156   530 W InputManagerService: Window already focused, ignoring focus gain of: com.android.internal.view.IInputMethodClient$Stub$Proxy@41674fd8
07-05 12:01:31.193   156   514 I ActivityManager: Process com.android.deskclock (pid 8446) has died.
07-05 12:01:31.416   545   548 D dalvikvm: GC_CONCURRENT freed 748K, 11% free 10455K/11719K, paused 3ms+2ms
07-05 12:01:31.619   545   548 D dalvikvm: GC_CONCURRENT freed 406K, 11% free 10437K/11719K, paused 2ms+2ms
07-05 12:01:31.744   545 12811 I DownloadManager: Initiating request for download 1471
07-05 12:01:31.830   545   548 D dalvikvm: GC_CONCURRENT freed 254K, 10% free 10601K/11719K, paused 3ms+3ms
07-05 12:01:31.935   545   548 D dalvikvm: GC_CONCURRENT freed 275K, 9% free 10772K/11719K, paused 1ms+2ms
07-05 12:01:32.080   545   548 D dalvikvm: GC_CONCURRENT freed 731K, 11% free 10507K/11719K, paused 2ms+3ms
07-05 12:01:32.166  1370 12813 E DictionaryProvider:UpdateHandler: Can't read a file : android.util.MalformedJsonException: Use JsonReader.setLenient(true) to accept malformed JSON at line 1 column 20
07-05 12:01:32.322   545   548 D dalvikvm: GC_CONCURRENT freed 432K, 11% free 10463K/11719K, paused 2ms+2ms
07-05 12:01:32.502   545   548 D dalvikvm: GC_CONCURRENT freed 413K, 11% free 10437K/11719K, paused 2ms+3ms
07-05 12:01:32.584   545 12816 I DownloadManager: Initiating request for download 1471
07-05 12:01:32.670   545   548 D dalvikvm: GC_CONCURRENT freed 248K, 10% free 10632K/11719K, paused 2ms+3ms
07-05 12:01:32.775   545   548 D dalvikvm: GC_CONCURRENT freed 285K, 8% free 10798K/11719K, paused 2ms+3ms
07-05 12:01:32.955   545   548 D dalvikvm: GC_CONCURRENT freed 769K, 11% free 10499K/11719K, paused 2ms+2ms
07-05 12:01:33.166   545   548 D dalvikvm: GC_CONCURRENT freed 434K, 11% free 10453K/11719K, paused 2ms+2ms
07-05 12:01:33.353   545   548 D dalvikvm: GC_CONCURRENT freed 406K, 11% free 10442K/11719K, paused 2ms+2ms
07-05 12:01:33.427   545 12819 I DownloadManager: Initiating request for download 1472
07-05 12:01:33.529   545   548 D dalvikvm: GC_CONCURRENT freed 202K, 9% free 10706K/11719K, paused 2ms+3ms
07-05 12:01:33.642   545   548 D dalvikvm: GC_CONCURRENT freed 333K, 8% free 10856K/11719K, paused 1ms+3ms
07-05 12:01:33.857   545   548 D dalvikvm: GC_CONCURRENT freed 881K, 11% free 10465K/11719K, paused 2ms+3ms
07-05 12:01:33.892  1370 12821 E DictionaryProvider:UpdateHandler: Can't read a file : android.util.MalformedJsonException: Use JsonReader.setLenient(true) to accept malformed JSON at line 1 column 20
07-05 12:01:33.935  1370  1372 D dalvikvm: GC_CONCURRENT freed 388K, 7% free 9132K/9735K, paused 2ms+2ms
07-05 12:01:34.119   545   548 D dalvikvm: GC_CONCURRENT freed 400K, 11% free 10454K/11719K, paused 2ms+3ms
07-05 12:01:34.256   545 12824 I DownloadManager: Initiating request for download 1472
07-05 12:01:34.314   545   548 D dalvikvm: GC_CONCURRENT freed 379K, 11% free 10512K/11719K, paused 2ms+4ms
07-05 12:01:34.439   545   548 D dalvikvm: GC_CONCURRENT freed 204K, 9% free 10735K/11719K, paused 2ms+2ms
07-05 12:01:34.568   545   548 D dalvikvm: GC_CONCURRENT freed 438K, 9% free 10762K/11719K, paused 2ms+3ms
07-05 12:01:34.814   545   548 D dalvikvm: GC_CONCURRENT freed 760K, 11% free 10465K/11719K, paused 1ms+2ms
07-05 12:01:35.010   545   548 D dalvikvm: GC_CONCURRENT freed 412K, 11% free 10444K/11719K, paused 2ms+3ms
07-05 12:01:35.154   545 12827 I DownloadManager: Initiating request for download 1473
07-05 12:01:35.236   545   548 D dalvikvm: GC_CONCURRENT freed 248K, 10% free 10616K/11719K, paused 2ms+9ms
07-05 12:01:35.342   545   548 D dalvikvm: GC_CONCURRENT freed 283K, 8% free 10783K/11719K, paused 2ms+3ms
07-05 12:01:35.498   545   548 D dalvikvm: GC_CONCURRENT freed 741K, 11% free 10509K/11719K, paused 2ms+3ms
07-05 12:01:35.588  1370 12829 E DictionaryProvider:UpdateHandler: Can't read a file : android.util.MalformedJsonException: Use JsonReader.setLenient(true) to accept malformed JSON at line 1 column 20
07-05 12:01:35.748   545   548 D dalvikvm: GC_CONCURRENT freed 429K, 11% free 10469K/11719K, paused 2ms+3ms
07-05 12:01:35.927   545   548 D dalvikvm: GC_CONCURRENT freed 414K, 11% free 10442K/11719K, paused 2ms+2ms
07-05 12:01:36.010   545 12832 I DownloadManager: Initiating request for download 1473
07-05 12:01:36.099   545   548 D dalvikvm: GC_CONCURRENT freed 241K, 9% free 10691K/11719K, paused 2ms+3ms
07-05 12:01:36.209   545   548 D dalvikvm: GC_CONCURRENT freed 335K, 8% free 10849K/11719K, paused 1ms+3ms
07-05 12:01:36.279   362   362 I wpa_supplicant: wlan0: CTRL-EVENT-DISCONNECTED bssid=d0:c2:82:84:8d:50 reason=0
07-05 12:01:36.283    77   117 D CommandListener: Clearing all IP addresses on wlan0
07-05 12:01:36.291   156   330 D ConnectivityService: ConnectivityChange for WIFI: DISCONNECTED/DISCONNECTED
07-05 12:01:36.299   156   330 D ConnectivityService: Attempting to switch to mobile
07-05 12:01:36.302   156   330 D ConnectivityService: Attempting to switch to WIMAX
07-05 12:01:36.302   156   330 D ConnectivityService: Attempting to switch to BLUETOOTH_TETHER
07-05 12:01:36.306   156   330 E ConnectivityService: Exception trying to remove a route: java.lang.IllegalStateException: Unable to communicate with native dameon to add routes - com.android.server.NativeDaemonConnectorException: Cmd {interface route remove wlan0 default 128.205.59.254 32 0.0.0.0} failed with code 400 : {Failed to remove route from default table (No such process)}
07-05 12:01:36.314   156   330 D NetUtils: android_net_utils_resetConnections in env=0x6b2b60 clazz=0x1fa00001 iface=wlan0 mask=0x3
07-05 12:01:36.314   156   330 E ConnectivityService: Exception trying to remove a route: java.lang.IllegalStateException: Unable to communicate with native dameon to add routes - com.android.server.NativeDaemonConnectorException: Cmd {interface route remove wlan0 default 0.0.0.0 0 128.205.59.254} failed with code 400 : {Failed to remove route from default table (No such process)}
07-05 12:01:36.314   156   330 D ConnectivityService: resetConnections(wlan0, 3)
07-05 12:01:36.447   682  1055 E GTalkService: connectionClosed: no XMPPConnection - That's strange!
07-05 12:01:36.447   156   330 D ConnectivityService: handleInetConditionChange: no active default network - ignore
07-05 12:01:36.486   414   416 D dalvikvm: GC_CONCURRENT freed 419K, 37% free 10305K/16263K, paused 1ms+3ms
07-05 12:01:36.580   414   416 D dalvikvm: GC_CONCURRENT freed 503K, 37% free 10297K/16263K, paused 2ms+3ms
07-05 12:01:36.603   545 12832 W DownloadManager: Aborting request for download 1473: no network connection available
07-05 12:01:36.756   545   548 D dalvikvm: GC_CONCURRENT freed 865K, 11% free 10469K/11719K, paused 2ms+2ms
07-05 12:01:36.935   545   548 D dalvikvm: GC_CONCURRENT freed 405K, 11% free 10454K/11719K, paused 2ms+3ms
07-05 12:01:37.115   545 12834 I DownloadManager: Initiating request for download 1474
07-05 12:01:37.138   545 12834 W DownloadManager: Aborting request for download 1474: no network connection available
07-05 12:01:37.158   545   548 D dalvikvm: GC_CONCURRENT freed 396K, 11% free 10471K/11719K, paused 2ms+3ms
07-05 12:01:37.447   545   548 D dalvikvm: GC_CONCURRENT freed 392K, 11% free 10471K/11719K, paused 2ms+2ms
07-05 12:01:37.568   362   362 I wpa_supplicant: wlan0: Trying to associate with d0:c2:82:84:8d:51 (SSID='UB_Secure' freq=2462 MHz)
07-05 12:01:37.584   362   362 I wpa_supplicant: wlan0: CTRL-EVENT-DISCONNECTED bssid=d0:c2:82:84:8d:51 reason=0
07-05 12:01:37.603   362   362 I wpa_supplicant: wlan0: Associated with d0:c2:82:84:8d:51
07-05 12:01:37.611   362   362 I wpa_supplicant: wlan0: CTRL-EVENT-EAP-STARTED EAP authentication started
07-05 12:01:37.611   362   362 W wpa_supplicant: EAP: buildIdentity: identity configuration was not available
07-05 12:01:37.611   362   362 I wpa_supplicant: wlan0: CTRL-REQ-IDENTITY-4:Identity needed for SSID UB_Secure
07-05 12:01:37.642   682   685 D dalvikvm: GC_CONCURRENT freed 412K, 9% free 10085K/11079K, paused 3ms+4ms
07-05 12:01:37.720   545   548 D dalvikvm: GC_CONCURRENT freed 410K, 11% free 10448K/11719K, paused 2ms+3ms
07-05 12:01:37.978   545   548 D dalvikvm: GC_CONCURRENT freed 358K, 11% free 10483K/11719K, paused 2ms+2ms
07-05 12:01:38.170   545   548 D dalvikvm: GC_CONCURRENT freed 411K, 11% free 10463K/11719K, paused 2ms+2ms
07-05 12:01:38.361   545   548 D dalvikvm: GC_CONCURRENT freed 402K, 11% free 10450K/11719K, paused 2ms+2ms
07-05 12:01:39.377   156   333 D Tethering: MasterInitialState.processMessage what=3
07-05 12:01:39.467  1190  1190 I MediaUploader: No need to wake up
07-05 12:01:39.470   993   993 I PhoneLab-WiFiReceiver: Wi-Fi is disconnected!
07-05 12:01:39.470  1086  1105 D PicasaSyncManager: active network: null
07-05 12:01:39.474  1086  1105 D PicasaSyncManager: background data: true
07-05 12:01:39.552   682   798 D dalvikvm: GC_EXPLICIT freed 99K, 10% free 10082K/11079K, paused 7ms+7ms
07-05 12:01:39.599   156   641 D dalvikvm: GC_EXPLICIT freed 772K, 16% free 13355K/15879K, paused 7ms+6ms
07-05 12:01:42.830   156   330 D ConnectivityService: ConnectivityChange for mobile: CONNECTED/CONNECTED
07-05 12:01:42.900   156   326 D NetworkPolicy: applying policy NetworkPolicy[NetworkTemplate: matchRule=MOBILE_ALL, subscriberId=valid]: cycleDay=5, warningBytes=2147483648, limitBytes=-1, lastSnooze=-1 to ifaces [rmnet0]
07-05 12:01:43.834   156   330 D ConnectivityService: NetTransition Wakelock for WifiStateMachine released by timeout
07-05 12:01:45.904   156   333 D Tethering: MasterInitialState.processMessage what=3
07-05 12:01:45.947   682   682 I GTalkService/c: [AndroidEndpoint@1095403848] connect: acct=1000001, state=CONNECTING
07-05 12:01:45.970  1086  1105 D PicasaSyncManager: active network: NetworkInfo: type: mobile[CDMA - EvDo rev. A], state: CONNECTED/CONNECTED, reason: (unspecified), extra: , roaming: false, failover: true, isAvailable: true
07-05 12:01:45.982  1190  1190 I MediaUploader: No need to wake up
07-05 12:01:45.986  1086  1105 D PicasaSyncManager: background data: true
07-05 12:01:46.170   545   548 D dalvikvm: GC_CONCURRENT freed 362K, 11% free 10474K/11719K, paused 3ms+2ms
07-05 12:01:46.369   545   548 D dalvikvm: GC_CONCURRENT freed 422K, 11% free 10441K/11719K, paused 1ms+3ms
07-05 12:01:46.564   545   548 D dalvikvm: GC_CONCURRENT freed 402K, 12% free 10430K/11719K, paused 2ms+2ms
07-05 12:01:48.197   156   330 D ConnectivityService: handleInetConditionHoldEnd: net=0, condition=100, published condition=0
07-05 12:02:02.392   993  1240 I PhoneLab-: Service Running
07-05 12:02:02.482   993  1240 I PhoneLab-LoggerService: app_49    1247  993   1956   1584  c00f181c 400107b4 S logcat
07-05 12:02:02.482   993  1240 I PhoneLab-LoggerService: Logcat pid from database 1247
07-05 12:02:02.482   993  1240 I PhoneLab-LoggerService: Logcat process found 1247
07-05 12:02:02.482   993  1240 I PhoneLab-LoggerService: Checking Threshold
07-05 12:02:02.486   993  1240 I PhoneLab-LoggerService: Starting to rename files
07-05 12:02:02.486   993  1240 I PhoneLab-LoggerService: Files found .. 10
07-05 12:02:11.775   156   514 D AlarmManagerService: Kernel timezone updated to 240 minutes west of GMT
07-05 12:02:37.490   362   362 I wpa_supplicant: wlan0: CTRL-EVENT-DISCONNECTED bssid=d0:c2:82:84:8d:51 reason=0
07-05 12:02:39.599   362   362 I wpa_supplicant: wlan0: Trying to associate with d0:c2:82:84:8d:50 (SSID='UB_Wireless' freq=2462 MHz)
07-05 12:02:39.631   362   362 I wpa_supplicant: wlan0: CTRL-EVENT-DISCONNECTED bssid=d0:c2:82:84:8d:50 reason=0
07-05 12:02:40.713   362   362 I wpa_supplicant: wlan0: Trying to associate with d0:c2:82:66:6b:f0 (SSID='UB_Wireless' freq=2462 MHz)
07-05 12:02:40.779   362   362 I wpa_supplicant: wlan0: Associated with d0:c2:82:66:6b:f0
07-05 12:02:40.779   362   362 I wpa_supplicant: wlan0: CTRL-EVENT-CONNECTED - Connection to d0:c2:82:66:6b:f0 completed (reauth) [id=5 id_str=]
07-05 12:02:40.900   414   416 D dalvikvm: GC_CONCURRENT freed 274K, 36% free 10412K/16263K, paused 1ms+3ms
07-05 12:02:41.025   414   416 D dalvikvm: GC_CONCURRENT freed 489K, 37% free 10357K/16263K, paused 2ms+5ms
07-05 12:02:45.010   156   330 D ConnectivityService: ConnectivityChange for WIFI: CONNECTED/CONNECTED
07-05 12:02:45.010   156   330 D ConnectivityService: Policy requires mobile teardown
07-05 12:02:45.049   993   993 I PhoneLab-WiFiReceiver: Wi-Fi is connected!
07-05 12:02:45.049   993   993 I PhoneLab-WiFiReceiver: SSID: UB_Wireless BSSID: d0:c2:82:66:6b:f0 RSSI: -84 LinkSpeed: -1
07-05 12:02:45.049   993   993 I PhoneLab-Locks: wake lock acquired
07-05 12:02:45.056   993   993 I PhoneLab-UploadLogs: Transfering log files now
07-05 12:02:45.107   156   330 D ConnectivityService: ConnectivityChange for mobile: DISCONNECTED/DISCONNECTED
07-05 12:02:45.115   156   325 W NetworkStats: dropping UID delta from unknown iface: iface=wlan0 uid=0 set=DEFAULT tag=0x0 rxBytes=0 rxPackets=0 txBytes=272 txPackets=4 operations=0
07-05 12:02:45.119   156   330 D ConnectivityService: Attempting to switch to WIFI
07-05 12:02:45.119   156   330 D ConnectivityService: Attempting to switch to WIMAX
07-05 12:02:45.119   156   330 D ConnectivityService: Attempting to switch to BLUETOOTH_TETHER
07-05 12:02:45.138   156   330 D NetUtils: android_net_utils_resetConnections in env=0x6b2b60 clazz=0x41d00001 iface=rmnet0 mask=0x3
07-05 12:02:45.138   156   330 D ConnectivityService: resetConnections(rmnet0, 3)
07-05 12:02:45.260   993   995 D dalvikvm: GC_CONCURRENT freed 412K, 14% free 9201K/10695K, paused 1ms+7ms
07-05 12:02:45.306   414   416 D dalvikvm: GC_CONCURRENT freed 497K, 37% free 10302K/16263K, paused 2ms+5ms
07-05 12:02:45.334   993   995 D dalvikvm: GC_CONCURRENT freed 271K, 12% free 9423K/10695K, paused 2ms+4ms
07-05 12:02:45.365   993   993 I PhoneLab-UploadLogs: OnStartCommand
07-05 12:02:45.400   682 12840 W Smack/Packet: notify conn break (IOEx), close connection
07-05 12:02:45.412   993   995 D dalvikvm: GC_CONCURRENT freed 261K, 10% free 9674K/10695K, paused 3ms+3ms
07-05 12:02:45.424   993 12873 D dalvikvm: GC_FOR_ALLOC freed 345K, 10% free 9655K/10695K, paused 13ms
07-05 12:02:45.443   993 12873 D dalvikvm: GC_FOR_ALLOC freed 301K, 10% free 9655K/10695K, paused 12ms
07-05 12:02:45.459   993 12873 D dalvikvm: GC_FOR_ALLOC freed 301K, 10% free 9656K/10695K, paused 13ms
07-05 12:02:45.549   682 12840 I qtaguid : Failed write_ctrl(u 68) res=-1 errno=22
07-05 12:02:45.556   682 12840 I qtaguid : Untagging socket 68 failed errno=-22
07-05 12:02:45.560   682 12840 W NetworkManagementSocketTagger: untagSocket(68) failed with errno -22
07-05 12:02:45.681   156   330 D ConnectivityService: handleInetConditionChange: net=0 != default=1 - ignore
07-05 12:02:45.709   682   685 D dalvikvm: GC_CONCURRENT freed 323K, 9% free 10148K/11079K, paused 29ms+3ms
07-05 12:02:46.052   156   158 D dalvikvm: GC_CONCURRENT freed 971K, 16% free 13378K/15879K, paused 3ms+6ms
07-05 12:02:47.006   993 12873 W System.err: org.apache.http.client.ClientProtocolException
07-05 12:02:47.025   993 12873 W System.err: 	at org.apache.http.impl.client.AbstractHttpClient.execute(AbstractHttpClient.java:557)
07-05 12:02:47.029   993 12873 W System.err: 	at org.apache.http.impl.client.AbstractHttpClient.execute(AbstractHttpClient.java:487)
07-05 12:02:47.029   993 12873 W System.err: 	at com.loopj.android.http.AsyncHttpRequest.makeRequest(Unknown Source)
07-05 12:02:47.033   993 12873 W System.err: 	at com.loopj.android.http.AsyncHttpRequest.makeRequestWithRetries(Unknown Source)
07-05 12:02:47.037   993 12873 W System.err: 	at com.loopj.android.http.AsyncHttpRequest.run(Unknown Source)
07-05 12:02:47.037   993 12873 W System.err: 	at java.util.concurrent.Executors$RunnableAdapter.call(Executors.java:442)
07-05 12:02:47.041   993 12873 W System.err: 	at java.util.concurrent.FutureTask$Sync.innerRun(FutureTask.java:305)
07-05 12:02:47.041   993 12873 W System.err: 	at java.util.concurrent.FutureTask.run(FutureTask.java:137)
07-05 12:02:47.045   993 12873 W System.err: 	at java.util.concurrent.ThreadPoolExecutor.runWorker(ThreadPoolExecutor.java:1076)
07-05 12:02:47.045   993 12873 W System.err: 	at java.util.concurrent.ThreadPoolExecutor$Worker.run(ThreadPoolExecutor.java:569)
07-05 12:02:47.049   993 12873 W System.err: 	at java.lang.Thread.run(Thread.java:856)
07-05 12:02:47.060   993 12873 W System.err: Caused by: org.apache.http.client.NonRepeatableRequestException: Cannot retry request with a non-repeatable request entity
07-05 12:02:47.064   993 12873 W System.err: 	at org.apache.http.impl.client.DefaultRequestDirector.execute(DefaultRequestDirector.java:420)
07-05 12:02:47.064   993 12873 W System.err: 	at org.apache.http.impl.client.AbstractHttpClient.execute(AbstractHttpClient.java:555)
07-05 12:02:47.064   993 12873 W System.err: 	... 10 more
07-05 12:02:47.064   993   993 E PhoneLab-: Transfering 1341502082478.log failed
07-05 12:02:47.064   993   993 I PhoneLab-Locks: wake lock released
07-05 12:02:47.427   156   576 D AlarmManagerService: Kernel timezone updated to 240 minutes west of GMT
07-05 12:02:48.115   156   333 D Tethering: MasterInitialState.processMessage what=3
07-05 12:02:48.162   156   333 D Tethering: MasterInitialState.processMessage what=3
07-05 12:02:48.174   156   333 D Tethering: MasterInitialState.processMessage what=3
07-05 12:02:48.185   682   682 I GTalkService/c: [AndroidEndpoint@1095403848] connect: acct=1000001, state=CONNECTING
07-05 12:02:48.248   414   416 D dalvikvm: GC_CONCURRENT freed 330K, 36% free 10414K/16263K, paused 1ms+3ms
07-05 12:02:48.318  1086  1105 D PicasaSyncManager: active network: NetworkInfo: type: WIFI[], state: CONNECTED/CONNECTED, reason: (unspecified), extra: (none), roaming: false, failover: false, isAvailable: true
07-05 12:02:48.326  1086  1105 D PicasaSyncManager: background data: true
07-05 12:02:48.361  1190  1190 I MediaUploader: No need to wake up
07-05 12:02:48.400   414   416 D dalvikvm: GC_CONCURRENT freed 560K, 37% free 10251K/16263K, paused 7ms+3ms
07-05 12:02:48.482  1190  1190 I MediaUploader: No need to wake up
07-05 12:02:48.537  1190  1190 I MediaUploader: No need to wake up
07-05 12:02:48.607  1086  1105 D PicasaSyncManager: active network: NetworkInfo: type: WIFI[], state: CONNECTED/CONNECTED, reason: (unspecified), extra: (none), roaming: false, failover: false, isAvailable: true
07-05 12:02:48.607  1086  1105 D PicasaSyncManager: background data: true
07-05 12:02:48.799   545   548 D dalvikvm: GC_CONCURRENT freed 359K, 11% free 10463K/11719K, paused 2ms+2ms
07-05 12:02:48.994   545   548 D dalvikvm: GC_CONCURRENT freed 409K, 11% free 10440K/11719K, paused 2ms+2ms
07-05 12:02:49.193   545   548 D dalvikvm: GC_CONCURRENT freed 398K, 12% free 10428K/11719K, paused 2ms+2ms
07-05 12:02:49.283   545 12877 I DownloadManager: Initiating request for download 1473
07-05 12:02:49.287   545 12877 I DownloadManager: Skipping initiating request for download 1473; already completed
07-05 12:02:49.314   545 12879 I DownloadManager: Initiating request for download 1474
07-05 12:02:49.443   545   548 D dalvikvm: GC_CONCURRENT freed 212K, 10% free 10652K/11719K, paused 3ms+3ms
07-05 12:02:49.549   545   548 D dalvikvm: GC_CONCURRENT freed 298K, 8% free 10821K/11719K, paused 1ms+3ms
07-05 12:02:49.744   545   548 D dalvikvm: GC_CONCURRENT freed 821K, 11% free 10483K/11719K, paused 1ms+2ms
07-05 12:02:49.799  1370 12883 E DictionaryProvider:UpdateHandler: Can't read a file : android.util.MalformedJsonException: Use JsonReader.setLenient(true) to accept malformed JSON at line 1 column 20
07-05 12:02:49.982   545   548 D dalvikvm: GC_CONCURRENT freed 420K, 11% free 10450K/11719K, paused 2ms+2ms
07-05 12:02:50.174   545   548 D dalvikvm: GC_CONCURRENT freed 415K, 12% free 10426K/11719K, paused 2ms+3ms
07-05 12:02:50.205   545 12886 I DownloadManager: Initiating request for download 1474
07-05 12:02:50.306   545   548 D dalvikvm: GC_CONCURRENT freed 183K, 9% free 10690K/11719K, paused 2ms+3ms
07-05 12:02:50.412   545   548 D dalvikvm: GC_CONCURRENT freed 285K, 8% free 10850K/11719K, paused 2ms+2ms
07-05 12:02:50.650   545   548 D dalvikvm: GC_CONCURRENT freed 879K, 11% free 10460K/11719K, paused 2ms+2ms
07-05 12:02:50.834   545   548 D dalvikvm: GC_CONCURRENT freed 413K, 11% free 10441K/11719K, paused 2ms+2ms
07-05 12:02:51.088   545 12889 I DownloadManager: Initiating request for download 1475
07-05 12:02:51.142   545   548 D dalvikvm: GC_CONCURRENT freed 349K, 11% free 10505K/11719K, paused 2ms+3ms
07-05 12:02:51.299   545   548 D dalvikvm: GC_CONCURRENT freed 228K, 8% free 10788K/11719K, paused 1ms+3ms
07-05 12:02:51.513   545   548 D dalvikvm: GC_CONCURRENT freed 754K, 11% free 10509K/11719K, paused 7ms+7ms
07-05 12:02:51.638  1370 12891 E DictionaryProvider:UpdateHandler: Can't read a file : android.util.MalformedJsonException: Use JsonReader.setLenient(true) to accept malformed JSON at line 1 column 20
07-05 12:02:51.752   465   467 D dalvikvm: GC_CONCURRENT freed 419K, 6% free 10525K/11079K, paused 2ms+2ms
07-05 12:02:51.849   545   548 D dalvikvm: GC_CONCURRENT freed 436K, 11% free 10465K/11719K, paused 2ms+3ms
07-05 12:02:52.041   545   548 D dalvikvm: GC_CONCURRENT freed 417K, 11% free 10436K/11719K, paused 2ms+3ms
07-05 12:02:52.142   545 12894 I DownloadManager: Initiating request for download 1475
07-05 12:02:52.224   545   548 D dalvikvm: GC_CONCURRENT freed 260K, 10% free 10621K/11719K, paused 1ms+2ms
07-05 12:02:52.330   545   548 D dalvikvm: GC_CONCURRENT freed 290K, 8% free 10790K/11719K, paused 1ms+2ms
07-05 12:02:52.494   545   548 D dalvikvm: GC_CONCURRENT freed 760K, 11% free 10508K/11719K, paused 2ms+3ms
07-05 12:02:52.709   545   548 D dalvikvm: GC_CONCURRENT freed 443K, 11% free 10451K/11719K, paused 2ms+2ms
07-05 12:02:52.900   545   548 D dalvikvm: GC_CONCURRENT freed 407K, 11% free 10433K/11719K, paused 2ms+2ms
07-05 12:02:52.994   545 12897 I DownloadManager: Initiating request for download 1476
07-05 12:02:53.088   545   548 D dalvikvm: GC_CONCURRENT freed 202K, 10% free 10653K/11719K, paused 2ms+2ms
07-05 12:02:53.201   545   548 D dalvikvm: GC_CONCURRENT freed 299K, 8% free 10868K/11719K, paused 2ms+3ms
07-05 12:02:53.396   545   548 D dalvikvm: GC_CONCURRENT freed 864K, 11% free 10501K/11719K, paused 2ms+3ms
07-05 12:02:53.599   545   548 D dalvikvm: GC_CONCURRENT freed 408K, 11% free 10481K/11719K, paused 2ms+3ms
07-05 12:02:53.771   545   548 D dalvikvm: GC_CONCURRENT freed 365K, 11% free 10504K/11719K, paused 2ms+2ms
07-05 12:02:54.927   545   548 D dalvikvm: GC_CONCURRENT freed 406K, 11% free 10489K/11719K, paused 2ms+2ms
07-05 12:02:55.123   545   548 D dalvikvm: GC_CONCURRENT freed 406K, 11% free 10471K/11719K, paused 1ms+3ms
07-05 12:02:55.560  1370 12899 E DictionaryProvider:UpdateHandler: Can't read a file : android.util.MalformedJsonException: Use JsonReader.setLenient(true) to accept malformed JSON at line 1 column 20
07-05 12:02:55.599  1370  1372 D dalvikvm: GC_CONCURRENT freed 389K, 7% free 9133K/9735K, paused 2ms+2ms
07-05 12:02:55.670   545   548 D dalvikvm: GC_CONCURRENT freed 378K, 11% free 10484K/11719K, paused 2ms+3ms
07-05 12:02:55.845   545   548 D dalvikvm: GC_CONCURRENT freed 419K, 11% free 10451K/11719K, paused 2ms+3ms
07-05 12:02:56.033   545   548 D dalvikvm: GC_CONCURRENT freed 400K, 11% free 10442K/11719K, paused 1ms+2ms
07-05 12:02:56.291   545   548 D dalvikvm: GC_CONCURRENT freed 362K, 11% free 10468K/11719K, paused 2ms+2ms
07-05 12:02:56.486   545   548 D dalvikvm: GC_CONCURRENT freed 408K, 11% free 10449K/11719K, paused 2ms+2ms
07-05 12:02:56.681   545   548 D dalvikvm: GC_CONCURRENT freed 401K, 11% free 10436K/11719K, paused 2ms+2ms
07-05 12:02:56.806   545 12902 I DownloadManager: Initiating request for download 1477
07-05 12:02:56.904   545   548 D dalvikvm: GC_CONCURRENT freed 246K, 10% free 10653K/11719K, paused 2ms+4ms
07-05 12:02:57.010   545   548 D dalvikvm: GC_CONCURRENT freed 299K, 8% free 10813K/11719K, paused 2ms+3ms
07-05 12:02:57.193   545   548 D dalvikvm: GC_CONCURRENT freed 788K, 11% free 10501K/11719K, paused 2ms+2ms
07-05 12:02:57.267  1370 12904 E DictionaryProvider:UpdateHandler: Can't read a file : android.util.MalformedJsonException: Use JsonReader.setLenient(true) to accept malformed JSON at line 1 column 20
07-05 12:02:57.439   545   548 D dalvikvm: GC_CONCURRENT freed 432K, 11% free 10459K/11719K, paused 2ms+2ms
07-05 12:02:57.631   545   548 D dalvikvm: GC_CONCURRENT freed 411K, 11% free 10436K/11719K, paused 2ms+2ms
07-05 12:02:57.689   545 12907 I DownloadManager: Initiating request for download 1477
07-05 12:02:57.783   545   548 D dalvikvm: GC_CONCURRENT freed 192K, 9% free 10709K/11719K, paused 2ms+2ms
07-05 12:02:57.896   545   548 D dalvikvm: GC_CONCURRENT freed 323K, 8% free 10859K/11719K, paused 1ms+3ms
07-05 12:02:58.138   545   548 D dalvikvm: GC_CONCURRENT freed 885K, 11% free 10463K/11719K, paused 2ms+3ms
07-05 12:02:58.326   545   548 D dalvikvm: GC_CONCURRENT freed 405K, 11% free 10445K/11719K, paused 2ms+2ms
07-05 12:02:58.490   545 12910 I DownloadManager: Initiating request for download 1478
07-05 12:02:58.549   545   548 D dalvikvm: GC_CONCURRENT freed 363K, 11% free 10485K/11719K, paused 2ms+4ms
07-05 12:02:58.681   545   548 D dalvikvm: GC_CONCURRENT freed 196K, 9% free 10772K/11719K, paused 2ms+2ms
07-05 12:02:58.822   545   548 D dalvikvm: GC_CONCURRENT freed 487K, 9% free 10770K/11719K, paused 2ms+3ms
07-05 12:02:58.982  1370 12912 E DictionaryProvider:UpdateHandler: Can't read a file : android.util.MalformedJsonException: Use JsonReader.setLenient(true) to accept malformed JSON at line 1 column 20
07-05 12:02:59.099   545   548 D dalvikvm: GC_CONCURRENT freed 760K, 11% free 10478K/11719K, paused 1ms+3ms
07-05 12:02:59.291   545   548 D dalvikvm: GC_CONCURRENT freed 424K, 11% free 10442K/11719K, paused 2ms+2ms
07-05 12:02:59.443   156   512 D dalvikvm: GC_EXPLICIT freed 599K, 17% free 13328K/15879K, paused 2ms+6ms
07-05 12:02:59.451   545 12915 I DownloadManager: Initiating request for download 1478
07-05 12:02:59.537   545   548 D dalvikvm: GC_CONCURRENT freed 243K, 9% free 10678K/11719K, paused 2ms+3ms
07-05 12:02:59.650   545   548 D dalvikvm: GC_CONCURRENT freed 343K, 8% free 10818K/11719K, paused 2ms+3ms
07-05 12:02:59.838   545   548 D dalvikvm: GC_CONCURRENT freed 799K, 11% free 10497K/11719K, paused 2ms+2ms
07-05 12:03:00.049   545   548 D dalvikvm: GC_CONCURRENT freed 412K, 11% free 10475K/11719K, paused 2ms+2ms
07-05 12:03:00.263   545   548 D dalvikvm: GC_CONCURRENT freed 427K, 11% free 10435K/11719K, paused 2ms+3ms
07-05 12:03:00.330   545 12918 I DownloadManager: Initiating request for download 1479
07-05 12:03:00.439   545   548 D dalvikvm: GC_CONCURRENT freed 176K, 9% free 10682K/11719K, paused 3ms+3ms
07-05 12:03:00.560   545   548 D dalvikvm: GC_CONCURRENT freed 298K, 8% free 10854K/11719K, paused 3ms+3ms
07-05 12:03:00.748  1370 12920 E DictionaryProvider:UpdateHandler: Can't read a file : android.util.MalformedJsonException: Use JsonReader.setLenient(true) to accept malformed JSON at line 1 column 20
07-05 12:03:00.802   545   548 D dalvikvm: GC_CONCURRENT freed 869K, 11% free 10471K/11719K, paused 2ms+2ms
07-05 12:03:01.010   545   548 D dalvikvm: GC_CONCURRENT freed 415K, 11% free 10445K/11719K, paused 2ms+3ms
07-05 12:03:01.158   545 12923 I DownloadManager: Initiating request for download 1479
07-05 12:03:01.213   545   548 D dalvikvm: GC_CONCURRENT freed 393K, 11% free 10466K/11719K, paused 1ms+3ms
07-05 12:03:01.322   545   548 D dalvikvm: GC_CONCURRENT freed 178K, 9% free 10717K/11719K, paused 2ms+3ms
07-05 12:03:01.443   545   548 D dalvikvm: GC_CONCURRENT freed 417K, 9% free 10758K/11719K, paused 2ms+3ms
07-05 12:03:01.658   545 12923 D dalvikvm: GC_EXPLICIT freed 645K, 11% free 10493K/11719K, paused 2ms+3ms
07-05 12:03:01.861   545   548 D dalvikvm: GC_CONCURRENT freed 436K, 11% free 10451K/11719K, paused 1ms+2ms
07-05 12:03:02.049   545 12926 I DownloadManager: Initiating request for download 1480
07-05 12:03:02.131   545   548 D dalvikvm: GC_CONCURRENT freed 395K, 11% free 10471K/11719K, paused 3ms+7ms
07-05 12:03:02.263   545   548 D dalvikvm: GC_CONCURRENT freed 178K, 9% free 10728K/11719K, paused 2ms+3ms
07-05 12:03:02.385   545   548 D dalvikvm: GC_CONCURRENT freed 432K, 9% free 10760K/11719K, paused 2ms+3ms
07-05 12:03:02.549  1370 12928 E DictionaryProvider:UpdateHandler: Can't read a file : android.util.MalformedJsonException: Use JsonReader.setLenient(true) to accept malformed JSON at line 1 column 20
07-05 12:03:02.654  1370  1372 D dalvikvm: GC_CONCURRENT freed 420K, 7% free 9124K/9735K, paused 2ms+7ms
07-05 12:03:02.677   545   548 D dalvikvm: GC_CONCURRENT freed 745K, 11% free 10472K/11719K, paused 2ms+5ms
07-05 12:03:02.869   545   548 D dalvikvm: GC_CONCURRENT freed 415K, 11% free 10445K/11719K, paused 2ms+3ms
07-05 12:03:02.998   545 12931 I DownloadManager: Initiating request for download 1480
07-05 12:03:03.052   545   548 D dalvikvm: GC_CONCURRENT freed 329K, 11% free 10510K/11719K, paused 2ms+4ms
07-05 12:03:03.158   545   548 D dalvikvm: GC_CONCURRENT freed 204K, 9% free 10736K/11719K, paused 2ms+2ms
07-05 12:03:03.287   545   548 D dalvikvm: GC_CONCURRENT freed 434K, 9% free 10761K/11719K, paused 1ms+2ms
07-05 12:03:03.525   545   548 D dalvikvm: GC_CONCURRENT freed 756K, 11% free 10465K/11719K, paused 2ms+2ms
07-05 12:03:03.728   545   548 D dalvikvm: GC_CONCURRENT freed 412K, 11% free 10442K/11719K, paused 2ms+2ms
07-05 12:03:03.857   545 12934 I DownloadManager: Initiating request for download 1481
07-05 12:03:03.947   545   548 D dalvikvm: GC_CONCURRENT freed 270K, 10% free 10627K/11719K, paused 2ms+3ms
07-05 12:03:04.056   545   548 D dalvikvm: GC_CONCURRENT freed 298K, 8% free 10791K/11719K, paused 3ms+3ms
07-05 12:03:04.193   545   548 D dalvikvm: GC_CONCURRENT freed 753K, 11% free 10506K/11719K, paused 2ms+3ms
07-05 12:03:04.299  1370 12936 E DictionaryProvider:UpdateHandler: Can't read a file : android.util.MalformedJsonException: Use JsonReader.setLenient(true) to accept malformed JSON at line 1 column 20
07-05 12:03:04.451   545   548 D dalvikvm: GC_CONCURRENT freed 428K, 11% free 10474K/11719K, paused 2ms+2ms
07-05 12:03:04.635   545   548 D dalvikvm: GC_CONCURRENT freed 421K, 11% free 10441K/11719K, paused 2ms+3ms
07-05 12:03:04.709   545 12939 I DownloadManager: Initiating request for download 1481
07-05 12:03:04.799   545   548 D dalvikvm: GC_CONCURRENT freed 221K, 9% free 10684K/11719K, paused 2ms+3ms
07-05 12:03:04.908   545   548 D dalvikvm: GC_CONCURRENT freed 330K, 8% free 10834K/11719K, paused 2ms+3ms
07-05 12:03:05.103   545   548 D dalvikvm: GC_CONCURRENT freed 812K, 11% free 10506K/11719K, paused 2ms+3ms
07-05 12:03:05.318   545   548 D dalvikvm: GC_CONCURRENT freed 436K, 11% free 10456K/11719K, paused 2ms+2ms
07-05 12:03:05.525   545   548 D dalvikvm: GC_CONCURRENT freed 407K, 11% free 10438K/11719K, paused 2ms+3ms
07-05 12:03:05.603   545 12942 I DownloadManager: Initiating request for download 1482
07-05 12:03:05.717   545   548 D dalvikvm: GC_CONCURRENT freed 160K, 9% free 10692K/11719K, paused 2ms+3ms
07-05 12:03:05.838   545   548 D dalvikvm: GC_CONCURRENT freed 306K, 8% free 10884K/11719K, paused 2ms+3ms
07-05 12:03:06.088  1370 12944 E DictionaryProvider:UpdateHandler: Can't read a file : android.util.MalformedJsonException: Use JsonReader.setLenient(true) to accept malformed JSON at line 1 column 20
07-05 12:03:06.111   545   548 D dalvikvm: GC_CONCURRENT freed 922K, 11% free 10491K/11719K, paused 2ms+2ms
07-05 12:03:06.318   545   548 D dalvikvm: GC_CONCURRENT freed 422K, 11% free 10455K/11719K, paused 2ms+3ms
07-05 12:03:06.447   545 12947 I DownloadManager: Initiating request for download 1482
07-05 12:03:06.502   545   548 D dalvikvm: GC_CONCURRENT freed 331K, 11% free 10517K/11719K, paused 2ms+2ms
07-05 12:03:06.611   545   548 D dalvikvm: GC_CONCURRENT freed 202K, 9% free 10742K/11719K, paused 2ms+2ms
07-05 12:03:06.736   545   548 D dalvikvm: GC_CONCURRENT freed 442K, 9% free 10761K/11719K, paused 2ms+2ms
07-05 12:03:06.978   545   548 D dalvikvm: GC_CONCURRENT freed 750K, 11% free 10469K/11719K, paused 1ms+3ms
07-05 12:03:07.158   545   548 D dalvikvm: GC_CONCURRENT freed 411K, 11% free 10448K/11719K, paused 2ms+2ms
07-05 12:03:07.295   545 12950 I DownloadManager: Initiating request for download 1483
07-05 12:03:07.369   545   548 D dalvikvm: GC_CONCURRENT freed 270K, 10% free 10621K/11719K, paused 2ms+3ms
07-05 12:03:07.474   545   548 D dalvikvm: GC_CONCURRENT freed 284K, 8% free 10822K/11719K, paused 2ms+2ms
07-05 12:03:07.642   545   548 D dalvikvm: GC_CONCURRENT freed 791K, 11% free 10512K/11719K, paused 2ms+3ms
07-05 12:03:07.720  1370 12952 E DictionaryProvider:UpdateHandler: Can't read a file : android.util.MalformedJsonException: Use JsonReader.setLenient(true) to accept malformed JSON at line 1 column 20
07-05 12:03:07.892   545   548 D dalvikvm: GC_CONCURRENT freed 427K, 11% free 10477K/11719K, paused 2ms+3ms
07-05 12:03:08.092   545   548 D dalvikvm: GC_CONCURRENT freed 417K, 11% free 10453K/11719K, paused 2ms+3ms
07-05 12:03:08.174   545 12955 I DownloadManager: Initiating request for download 1483
07-05 12:03:08.271   545   548 D dalvikvm: GC_CONCURRENT freed 224K, 10% free 10655K/11719K, paused 2ms+3ms
07-05 12:03:08.377   545   548 D dalvikvm: GC_CONCURRENT freed 310K, 8% free 10837K/11719K, paused 2ms+3ms
07-05 12:03:08.572   545   548 D dalvikvm: GC_CONCURRENT freed 810K, 11% free 10510K/11719K, paused 2ms+2ms
07-05 12:03:08.783   545   548 D dalvikvm: GC_CONCURRENT freed 436K, 11% free 10466K/11719K, paused 2ms+3ms
07-05 12:03:08.978   545   548 D dalvikvm: GC_CONCURRENT freed 407K, 11% free 10446K/11719K, paused 2ms+2ms
07-05 12:03:09.033   545 12958 I DownloadManager: Initiating request for download 1484
07-05 12:03:09.150   545   548 D dalvikvm: GC_CONCURRENT freed 171K, 9% free 10728K/11719K, paused 2ms+2ms
07-05 12:03:09.256   545   548 D dalvikvm: GC_CONCURRENT freed 325K, 8% free 10874K/11719K, paused 2ms+3ms
07-05 12:03:09.467  1370 12960 E DictionaryProvider:UpdateHandler: Can't read a file : android.util.MalformedJsonException: Use JsonReader.setLenient(true) to accept malformed JSON at line 1 column 20
07-05 12:03:09.545   545   548 D dalvikvm: GC_CONCURRENT freed 894K, 11% free 10491K/11719K, paused 2ms+2ms
07-05 12:03:09.560  1370  1372 D dalvikvm: GC_CONCURRENT freed 390K, 7% free 9125K/9735K, paused 1ms+8ms
07-05 12:03:09.752   545   548 D dalvikvm: GC_CONCURRENT freed 422K, 11% free 10460K/11719K, paused 2ms+2ms
07-05 12:03:09.881   545 12963 I DownloadManager: Initiating request for download 1484
07-05 12:03:09.935   545   548 D dalvikvm: GC_CONCURRENT freed 347K, 11% free 10523K/11719K, paused 2ms+4ms
07-05 12:03:10.041   545   548 D dalvikvm: GC_CONCURRENT freed 204K, 9% free 10749K/11719K, paused 2ms+3ms
07-05 12:03:10.170   545   548 D dalvikvm: GC_CONCURRENT freed 440K, 9% free 10774K/11719K, paused 2ms+2ms
07-05 12:03:10.420   545   548 D dalvikvm: GC_CONCURRENT freed 761K, 11% free 10475K/11719K, paused 2ms+3ms
07-05 12:03:10.619   545   548 D dalvikvm: GC_CONCURRENT freed 408K, 11% free 10454K/11719K, paused 2ms+2ms
07-05 12:03:10.756   545 12966 I DownloadManager: Initiating request for download 1485
07-05 12:03:10.830   545   548 D dalvikvm: GC_CONCURRENT freed 268K, 10% free 10613K/11719K, paused 3ms+4ms
07-05 12:03:10.939   545   548 D dalvikvm: GC_CONCURRENT freed 276K, 8% free 10825K/11719K, paused 2ms+2ms
07-05 12:03:11.111   545   548 D dalvikvm: GC_CONCURRENT freed 788K, 11% free 10522K/11719K, paused 2ms+3ms
07-05 12:03:11.197  1370 12968 E DictionaryProvider:UpdateHandler: Can't read a file : android.util.MalformedJsonException: Use JsonReader.setLenient(true) to accept malformed JSON at line 1 column 20
07-05 12:03:11.361   545   548 D dalvikvm: GC_CONCURRENT freed 431K, 11% free 10481K/11719K, paused 2ms+2ms
07-05 12:03:11.552   545   548 D dalvikvm: GC_CONCURRENT freed 412K, 11% free 10454K/11719K, paused 2ms+2ms
07-05 12:03:11.635   545 12971 I DownloadManager: Initiating request for download 1485
07-05 12:03:11.720   545   548 D dalvikvm: GC_CONCURRENT freed 224K, 10% free 10652K/11719K, paused 1ms+3ms
07-05 12:03:11.834   545   548 D dalvikvm: GC_CONCURRENT freed 305K, 8% free 10879K/11719K, paused 2ms+3ms
07-05 12:03:12.037   545   548 D dalvikvm: GC_CONCURRENT freed 896K, 11% free 10488K/11719K, paused 2ms+2ms
07-05 12:03:12.248   545   548 D dalvikvm: GC_CONCURRENT freed 408K, 11% free 10467K/11719K, paused 2ms+2ms
07-05 12:03:12.443   545   548 D dalvikvm: GC_CONCURRENT freed 407K, 11% free 10449K/11719K, paused 2ms+2ms
07-05 12:03:12.494   545 12974 I DownloadManager: Initiating request for download 1486
07-05 12:03:12.611   545   548 D dalvikvm: GC_CONCURRENT freed 159K, 9% free 10714K/11719K, paused 2ms+3ms
07-05 12:03:12.720   545   548 D dalvikvm: GC_CONCURRENT freed 305K, 8% free 10885K/11719K, paused 2ms+4ms
07-05 12:03:12.904  1370 12976 E DictionaryProvider:UpdateHandler: Can't read a file : android.util.MalformedJsonException: Use JsonReader.setLenient(true) to accept malformed JSON at line 1 column 20
07-05 12:03:13.002   545   548 D dalvikvm: GC_CONCURRENT freed 892K, 11% free 10492K/11719K, paused 2ms+2ms
07-05 12:03:13.193   545   548 D dalvikvm: GC_CONCURRENT freed 418K, 11% free 10463K/11719K, paused 2ms+2ms
07-05 12:03:13.334   545 12979 I DownloadManager: Initiating request for download 1486
07-05 12:03:13.392   545   548 D dalvikvm: GC_CONCURRENT freed 363K, 11% free 10522K/11719K, paused 2ms+3ms
07-05 12:03:13.506   545   548 D dalvikvm: GC_CONCURRENT freed 198K, 9% free 10776K/11719K, paused 2ms+2ms
07-05 12:03:13.631   545   548 D dalvikvm: GC_CONCURRENT freed 477K, 9% free 10773K/11719K, paused 2ms+3ms
07-05 12:03:13.869   545   548 D dalvikvm: GC_CONCURRENT freed 754K, 11% free 10478K/11719K, paused 2ms+2ms
07-05 12:03:14.060   545   548 D dalvikvm: GC_CONCURRENT freed 410K, 11% free 10456K/11719K, paused 2ms+2ms
07-05 12:03:14.260   156   530 D dalvikvm: GC_EXPLICIT freed 526K, 17% free 13322K/15879K, paused 3ms+6ms
07-05 12:03:14.267   545 12982 I DownloadManager: Initiating request for download 1487
07-05 12:03:14.357   545   548 D dalvikvm: GC_CONCURRENT freed 252K, 10% free 10628K/11719K, paused 2ms+3ms
07-05 12:03:14.463   545   548 D dalvikvm: GC_CONCURRENT freed 301K, 8% free 10806K/11719K, paused 2ms+3ms
07-05 12:03:14.619   545   548 D dalvikvm: GC_CONCURRENT freed 770K, 11% free 10516K/11719K, paused 2ms+3ms
07-05 12:03:14.693  1370 12984 E DictionaryProvider:UpdateHandler: Can't read a file : android.util.MalformedJsonException: Use JsonReader.setLenient(true) to accept malformed JSON at line 1 column 20
07-05 12:03:14.865   545   548 D dalvikvm: GC_CONCURRENT freed 435K, 11% free 10470K/11719K, paused 2ms+3ms
07-05 12:03:15.056   545   548 D dalvikvm: GC_CONCURRENT freed 413K, 11% free 10446K/11719K, paused 2ms+4ms
07-05 12:03:15.154   545 12987 I DownloadManager: Initiating request for download 1487
07-05 12:03:15.295   545   548 D dalvikvm: GC_CONCURRENT freed 262K, 10% free 10654K/11719K, paused 2ms+2ms
07-05 12:03:15.396   545   548 D dalvikvm: GC_CONCURRENT freed 308K, 8% free 10798K/11719K, paused 2ms+3ms
07-05 12:03:15.549   545   548 D dalvikvm: GC_CONCURRENT freed 759K, 11% free 10506K/11719K, paused 2ms+2ms
07-05 12:03:15.736   545   548 D dalvikvm: GC_CONCURRENT freed 402K, 11% free 10492K/11719K, paused 2ms+2ms
07-05 12:03:15.935   545   548 D dalvikvm: GC_CONCURRENT freed 397K, 11% free 10481K/11719K, paused 2ms+3ms
07-05 12:03:16.177   545 12989 I DownloadManager: Initiating request for download 1488
07-05 12:03:16.306   545   548 D dalvikvm: GC_CONCURRENT freed 235K, 9% free 10679K/11719K, paused 2ms+3ms
07-05 12:03:16.412   545   548 D dalvikvm: GC_CONCURRENT freed 303K, 8% free 10846K/11719K, paused 2ms+3ms
07-05 12:03:16.623   545   548 D dalvikvm: GC_CONCURRENT freed 858K, 11% free 10480K/11719K, paused 2ms+3ms
07-05 12:03:16.666  1370 12992 E DictionaryProvider:UpdateHandler: Can't read a file : android.util.MalformedJsonException: Use JsonReader.setLenient(true) to accept malformed JSON at line 1 column 20
07-05 12:03:16.744  1370  1372 D dalvikvm: GC_CONCURRENT freed 363K, 7% free 9150K/9735K, paused 2ms+2ms
07-05 12:03:16.892   545   548 D dalvikvm: GC_CONCURRENT freed 406K, 11% free 10462K/11719K, paused 2ms+2ms
07-05 12:03:17.088   545   548 D dalvikvm: GC_CONCURRENT freed 406K, 11% free 10443K/11719K, paused 2ms+2ms
07-05 12:03:17.127   545 12995 I DownloadManager: Initiating request for download 1488
07-05 12:03:17.224   545   548 D dalvikvm: GC_CONCURRENT freed 175K, 9% free 10695K/11719K, paused 1ms+2ms
07-05 12:03:17.334   545   548 D dalvikvm: GC_CONCURRENT freed 302K, 8% free 10879K/11719K, paused 2ms+3ms
07-05 12:03:17.576   545   548 D dalvikvm: GC_CONCURRENT freed 904K, 11% free 10471K/11719K, paused 2ms+3ms
07-05 12:03:17.779   545   548 D dalvikvm: GC_CONCURRENT freed 405K, 11% free 10455K/11719K, paused 2ms+2ms
07-05 12:03:17.955   545 12998 I DownloadManager: Initiating request for download 1489
07-05 12:03:18.017   545   548 D dalvikvm: GC_CONCURRENT freed 363K, 11% free 10519K/11719K, paused 3ms+4ms
07-05 12:03:18.142   545   548 D dalvikvm: GC_CONCURRENT freed 204K, 8% free 10789K/11719K, paused 2ms+3ms
07-05 12:03:18.283   545   548 D dalvikvm: GC_CONCURRENT freed 493K, 9% free 10769K/11719K, paused 1ms+3ms
07-05 12:03:18.435  1370 13000 E DictionaryProvider:UpdateHandler: Can't read a file : android.util.MalformedJsonException: Use JsonReader.setLenient(true) to accept malformed JSON at line 1 column 20
07-05 12:03:18.568   545   548 D dalvikvm: GC_CONCURRENT freed 753K, 11% free 10475K/11719K, paused 1ms+7ms
07-05 12:03:18.767   545   548 D dalvikvm: GC_CONCURRENT freed 412K, 11% free 10455K/11719K, paused 2ms+2ms
07-05 12:03:18.861   545 13003 I DownloadManager: Initiating request for download 1489
07-05 12:03:18.943   545   548 D dalvikvm: GC_CONCURRENT freed 261K, 10% free 10635K/11719K, paused 2ms+3ms
07-05 12:03:19.052   545   548 D dalvikvm: GC_CONCURRENT freed 288K, 8% free 10813K/11719K, paused 2ms+2ms
07-05 12:03:19.201   545   548 D dalvikvm: GC_CONCURRENT freed 773K, 11% free 10521K/11719K, paused 2ms+2ms
07-05 12:03:19.416   545   548 D dalvikvm: GC_CONCURRENT freed 439K, 11% free 10468K/11719K, paused 2ms+3ms
07-05 12:03:19.607   545   548 D dalvikvm: GC_CONCURRENT freed 405K, 11% free 10450K/11719K, paused 2ms+2ms
07-05 12:03:19.709   545 13006 I DownloadManager: Initiating request for download 1490
07-05 12:03:19.795   545   548 D dalvikvm: GC_CONCURRENT freed 222K, 10% free 10659K/11719K, paused 2ms+2ms
07-05 12:03:19.908   545   548 D dalvikvm: GC_CONCURRENT freed 292K, 8% free 10848K/11719K, paused 2ms+3ms
07-05 12:03:20.099   545   548 D dalvikvm: GC_CONCURRENT freed 820K, 11% free 10519K/11719K, paused 2ms+2ms
07-05 12:03:20.154  1370 13008 E DictionaryProvider:UpdateHandler: Can't read a file : android.util.MalformedJsonException: Use JsonReader.setLenient(true) to accept malformed JSON at line 1 column 20
07-05 12:03:20.338   545   548 D dalvikvm: GC_CONCURRENT freed 433K, 11% free 10477K/11719K, paused 2ms+3ms
07-05 12:03:20.537   545   548 D dalvikvm: GC_CONCURRENT freed 414K, 11% free 10452K/11719K, paused 3ms+3ms
07-05 12:03:20.588   545 13011 I DownloadManager: Initiating request for download 1490
07-05 12:03:20.689   545   548 D dalvikvm: GC_CONCURRENT freed 199K, 9% free 10718K/11719K, paused 2ms+2ms
07-05 12:03:20.799   545   548 D dalvikvm: GC_CONCURRENT freed 326K, 8% free 10889K/11719K, paused 2ms+3ms
07-05 12:03:21.013   545   548 D dalvikvm: GC_CONCURRENT freed 883K, 11% free 10510K/11719K, paused 2ms+2ms
07-05 12:03:21.193   545   548 D dalvikvm: GC_CONCURRENT freed 401K, 11% free 10498K/11719K, paused 2ms+2ms
07-05 12:03:22.201   545 13013 I DownloadManager: Initiating request for download 1491
07-05 12:03:22.260   545   548 D dalvikvm: GC_CONCURRENT freed 354K, 10% free 10568K/11719K, paused 2ms+2ms
07-05 12:03:22.369   545   548 D dalvikvm: GC_CONCURRENT freed 239K, 8% free 10796K/11719K, paused 2ms+3ms
07-05 12:03:22.529   545   548 D dalvikvm: GC_CONCURRENT freed 503K, 9% free 10776K/11719K, paused 1ms+2ms
07-05 12:03:22.689  1370 13016 E DictionaryProvider:UpdateHandler: Can't read a file : android.util.MalformedJsonException: Use JsonReader.setLenient(true) to accept malformed JSON at line 1 column 20
07-05 12:03:22.806   545   548 D dalvikvm: GC_CONCURRENT freed 755K, 11% free 10483K/11719K, paused 2ms+2ms
07-05 12:03:23.002   545   548 D dalvikvm: GC_CONCURRENT freed 415K, 11% free 10459K/11719K, paused 3ms+2ms
07-05 12:03:23.099   545 13019 I DownloadManager: Initiating request for download 1491
07-05 12:03:23.181   545   548 D dalvikvm: GC_CONCURRENT freed 259K, 9% free 10678K/11719K, paused 2ms+3ms
07-05 12:03:23.295   545   548 D dalvikvm: GC_CONCURRENT freed 325K, 8% free 10871K/11719K, paused 1ms+3ms
07-05 12:03:23.478   545   548 D dalvikvm: GC_CONCURRENT freed 848K, 11% free 10518K/11719K, paused 2ms+2ms
07-05 12:03:23.689   545   548 D dalvikvm: GC_CONCURRENT freed 435K, 11% free 10470K/11719K, paused 2ms+3ms
07-05 12:03:23.877   545   548 D dalvikvm: GC_CONCURRENT freed 406K, 11% free 10451K/11719K, paused 2ms+2ms
07-05 12:03:23.947   545 13022 I DownloadManager: Initiating request for download 1492
07-05 12:03:24.052   545   548 D dalvikvm: GC_CONCURRENT freed 179K, 9% free 10742K/11719K, paused 2ms+3ms
07-05 12:03:24.174   545   548 D dalvikvm: GC_CONCURRENT freed 330K, 8% free 10899K/11719K, paused 2ms+2ms
07-05 12:03:24.345  1370 13024 E DictionaryProvider:UpdateHandler: Can't read a file : android.util.MalformedJsonException: Use JsonReader.setLenient(true) to accept malformed JSON at line 1 column 20
07-05 12:03:24.443  1370  1372 D dalvikvm: GC_CONCURRENT freed 415K, 7% free 9126K/9735K, paused 2ms+6ms
07-05 12:03:24.470   545   548 D dalvikvm: GC_CONCURRENT freed 913K, 11% free 10490K/11719K, paused 1ms+3ms
07-05 12:03:24.666   545   548 D dalvikvm: GC_CONCURRENT freed 417K, 11% free 10466K/11719K, paused 3ms+2ms
07-05 12:03:24.799   545 13027 I DownloadManager: Initiating request for download 1492
07-05 12:03:24.857   545   548 D dalvikvm: GC_CONCURRENT freed 353K, 11% free 10528K/11719K, paused 2ms+2ms
07-05 12:03:24.974   545   548 D dalvikvm: GC_CONCURRENT freed 196K, 9% free 10752K/11719K, paused 2ms+2ms
07-05 12:03:25.092   545   548 D dalvikvm: GC_CONCURRENT freed 441K, 9% free 10778K/11719K, paused 2ms+3ms
07-05 12:03:25.322   545   548 D dalvikvm: GC_CONCURRENT freed 756K, 11% free 10483K/11719K, paused 1ms+2ms
07-05 12:03:25.513   545   548 D dalvikvm: GC_CONCURRENT freed 407K, 11% free 10463K/11719K, paused 1ms+2ms
07-05 12:03:25.658   545 13030 I DownloadManager: Initiating request for download 1493
07-05 12:03:25.744   545   548 D dalvikvm: GC_CONCURRENT freed 309K, 10% free 10599K/11719K, paused 2ms+3ms
07-05 12:03:25.849   545   548 D dalvikvm: GC_CONCURRENT freed 263K, 8% free 10794K/11719K, paused 2ms+3ms
07-05 12:03:25.982   545   548 D dalvikvm: GC_CONCURRENT freed 489K, 8% free 10790K/11719K, paused 2ms+2ms
07-05 12:03:26.209   545   548 D dalvikvm: GC_CONCURRENT freed 746K, 11% free 10516K/11719K, paused 2ms+3ms
07-05 12:03:26.439   545  1332 D dalvikvm: GC_EXPLICIT freed 433K, 11% free 10466K/11719K, paused 2ms+2ms
07-05 12:03:26.467  1370 13032 D dalvikvm: GC_EXPLICIT freed 77K, 7% free 9091K/9735K, paused 1ms+2ms
07-05 12:03:26.474  1370 13032 E DictionaryProvider:UpdateHandler: Can't read a file : android.util.MalformedJsonException: Use JsonReader.setLenient(true) to accept malformed JSON at line 1 column 20
07-05 12:03:26.564   545 13035 I DownloadManager: Initiating request for download 1493
07-05 12:03:26.658   545   548 D dalvikvm: GC_CONCURRENT freed 222K, 9% free 10669K/11719K, paused 2ms+2ms
07-05 12:03:26.767   545   548 D dalvikvm: GC_CONCURRENT freed 301K, 8% free 10836K/11719K, paused 2ms+4ms
07-05 12:03:26.943   545   548 D dalvikvm: GC_CONCURRENT freed 796K, 11% free 10532K/11719K, paused 2ms+3ms
07-05 12:03:27.170   545   548 D dalvikvm: GC_CONCURRENT freed 443K, 11% free 10477K/11719K, paused 2ms+2ms
07-05 12:03:27.373   545   548 D dalvikvm: GC_CONCURRENT freed 406K, 11% free 10458K/11719K, paused 2ms+3ms
07-05 12:03:27.474   545 13038 I DownloadManager: Initiating request for download 1494
07-05 12:03:27.576   545   548 D dalvikvm: GC_CONCURRENT freed 195K, 9% free 10686K/11719K, paused 2ms+3ms
07-05 12:03:27.693   545   548 D dalvikvm: GC_CONCURRENT freed 311K, 8% free 10873K/11719K, paused 2ms+3ms
07-05 12:03:27.896   545   548 D dalvikvm: GC_CONCURRENT freed 878K, 11% free 10490K/11719K, paused 2ms+3ms
07-05 12:03:27.943  1370 13040 E DictionaryProvider:UpdateHandler: Can't read a file : android.util.MalformedJsonException: Use JsonReader.setLenient(true) to accept malformed JSON at line 1 column 20
07-05 12:03:28.150   545   548 D dalvikvm: GC_CONCURRENT freed 398K, 11% free 10481K/11719K, paused 2ms+3ms
07-05 12:03:28.342   545   548 D dalvikvm: GC_CONCURRENT freed 409K, 11% free 10466K/11719K, paused 1ms+3ms
07-05 12:03:28.369   545 13043 I DownloadManager: Initiating request for download 1494
07-05 12:03:28.474   545   548 D dalvikvm: GC_CONCURRENT freed 176K, 9% free 10727K/11719K, paused 2ms+3ms
07-05 12:03:28.584   545   548 D dalvikvm: GC_CONCURRENT freed 313K, 8% free 10895K/11719K, paused 1ms+3ms
07-05 12:03:28.814   545   548 D dalvikvm: GC_CONCURRENT freed 909K, 11% free 10490K/11719K, paused 2ms+3ms
07-05 12:03:29.017   545   548 D dalvikvm: GC_CONCURRENT freed 408K, 11% free 10470K/11719K, paused 2ms+2ms
07-05 12:03:29.185   545 13046 I DownloadManager: Initiating request for download 1495
07-05 12:03:29.256   545   548 D dalvikvm: GC_CONCURRENT freed 358K, 11% free 10540K/11719K, paused 2ms+4ms
07-05 12:03:29.373   545   548 D dalvikvm: GC_CONCURRENT freed 206K, 9% free 10765K/11719K, paused 3ms+2ms
07-05 12:03:29.494   545   548 D dalvikvm: GC_CONCURRENT freed 446K, 8% free 10802K/11719K, paused 2ms+3ms
07-05 12:03:29.720   156   593 D dalvikvm: GC_EXPLICIT freed 501K, 17% free 13323K/15879K, paused 3ms+6ms
07-05 12:03:29.728  1370 13048 E DictionaryProvider:UpdateHandler: Can't read a file : android.util.MalformedJsonException: Use JsonReader.setLenient(true) to accept malformed JSON at line 1 column 20
07-05 12:03:29.853   545   548 D dalvikvm: GC_CONCURRENT freed 776K, 11% free 10496K/11719K, paused 2ms+3ms
07-05 12:03:30.049   545   548 D dalvikvm: GC_CONCURRENT freed 432K, 11% free 10452K/11719K, paused 2ms+2ms
07-05 12:03:30.166   545 13051 I DownloadManager: Initiating request for download 1495
07-05 12:03:30.252   545   548 D dalvikvm: GC_CONCURRENT freed 289K, 10% free 10636K/11719K, paused 2ms+3ms
07-05 12:03:30.365   545   548 D dalvikvm: GC_CONCURRENT freed 296K, 8% free 10804K/11719K, paused 2ms+3ms
07-05 12:03:30.513   545   548 D dalvikvm: GC_CONCURRENT freed 761K, 11% free 10522K/11719K, paused 2ms+3ms
07-05 12:03:30.748   545   548 D dalvikvm: GC_CONCURRENT freed 439K, 11% free 10470K/11719K, paused 2ms+2ms
07-05 12:03:30.947   545   548 D dalvikvm: GC_CONCURRENT freed 405K, 11% free 10458K/11719K, paused 2ms+3ms
07-05 12:03:31.056   545 13054 I DownloadManager: Initiating request for download 1496
07-05 12:03:31.146   545   548 D dalvikvm: GC_CONCURRENT freed 234K, 9% free 10678K/11719K, paused 2ms+3ms
07-05 12:03:31.260   545   548 D dalvikvm: GC_CONCURRENT freed 331K, 8% free 10843K/11719K, paused 2ms+3ms
07-05 12:03:31.451   545   548 D dalvikvm: GC_CONCURRENT freed 817K, 11% free 10520K/11719K, paused 2ms+3ms
07-05 12:03:31.498  1370 13056 E DictionaryProvider:UpdateHandler: Can't read a file : android.util.MalformedJsonException: Use JsonReader.setLenient(true) to accept malformed JSON at line 1 column 20
07-05 12:03:31.693   545   548 D dalvikvm: GC_CONCURRENT freed 434K, 11% free 10478K/11719K, paused 2ms+2ms
07-05 12:03:31.881   545   548 D dalvikvm: GC_CONCURRENT freed 414K, 11% free 10455K/11719K, paused 2ms+2ms
07-05 12:03:31.927   545 13059 I DownloadManager: Initiating request for download 1496
07-05 12:03:32.025   545   548 D dalvikvm: GC_CONCURRENT freed 216K, 9% free 10750K/11719K, paused 3ms+3ms
07-05 12:03:32.142   545   548 D dalvikvm: GC_CONCURRENT freed 438K, 9% free 10777K/11719K, paused 2ms+3ms
07-05 12:03:32.373   545   548 D dalvikvm: GC_CONCURRENT freed 757K, 11% free 10483K/11719K, paused 1ms+3ms
07-05 12:03:32.588   545   548 D dalvikvm: GC_CONCURRENT freed 410K, 11% free 10464K/11719K, paused 2ms+2ms
07-05 12:03:32.767   545 13062 I DownloadManager: Initiating request for download 1497
07-05 12:03:32.826   545   548 D dalvikvm: GC_CONCURRENT freed 395K, 11% free 10487K/11719K, paused 2ms+3ms
07-05 12:03:32.951   545   548 D dalvikvm: GC_CONCURRENT freed 177K, 9% free 10751K/11719K, paused 2ms+3ms
07-05 12:03:33.076   545   548 D dalvikvm: GC_CONCURRENT freed 433K, 8% free 10798K/11719K, paused 1ms+3ms
07-05 12:03:33.248  1370 13064 E DictionaryProvider:UpdateHandler: Can't read a file : android.util.MalformedJsonException: Use JsonReader.setLenient(true) to accept malformed JSON at line 1 column 20
07-05 12:03:33.271  1370  1372 D dalvikvm: GC_CONCURRENT freed 344K, 6% free 9163K/9735K, paused 1ms+2ms
07-05 12:03:33.353   545   548 D dalvikvm: GC_CONCURRENT freed 777K, 11% free 10490K/11719K, paused 1ms+2ms
07-05 12:03:33.556   545   548 D dalvikvm: GC_CONCURRENT freed 411K, 11% free 10470K/11719K, paused 1ms+2ms
07-05 12:03:33.681   545 13066 I DownloadManager: Initiating request for download 1497
07-05 12:03:33.740   545   548 D dalvikvm: GC_CONCURRENT freed 333K, 11% free 10525K/11719K, paused 2ms+2ms
07-05 12:03:33.838   545   548 D dalvikvm: GC_CONCURRENT freed 191K, 9% free 10749K/11719K, paused 2ms+3ms
07-05 12:03:33.935   545   548 D dalvikvm: GC_CONCURRENT freed 420K, 9% free 10779K/11719K, paused 2ms+2ms
07-05 12:03:34.361   545   548 D dalvikvm: GC_CONCURRENT freed 726K, 11% free 10514K/11719K, paused 2ms+2ms
07-05 12:03:34.560   545   548 D dalvikvm: GC_CONCURRENT freed 402K, 11% free 10500K/11719K, paused 2ms+2ms
07-05 12:03:35.209   545 13069 I DownloadManager: Initiating request for download 1498
07-05 12:03:35.326   545   548 D dalvikvm: GC_CONCURRENT freed 380K, 11% free 10533K/11719K, paused 4ms+3ms
07-05 12:03:35.431   545   548 D dalvikvm: GC_CONCURRENT freed 200K, 9% free 10753K/11719K, paused 2ms+2ms
07-05 12:03:35.560   545   548 D dalvikvm: GC_CONCURRENT freed 435K, 8% free 10794K/11719K, paused 1ms+3ms
07-05 12:03:35.736  1370 13072 E DictionaryProvider:UpdateHandler: Can't read a file : android.util.MalformedJsonException: Use JsonReader.setLenient(true) to accept malformed JSON at line 1 column 20
07-05 12:03:35.791   465   467 D dalvikvm: GC_CONCURRENT freed 432K, 6% free 10514K/11079K, paused 2ms+3ms
07-05 12:03:35.892   545   548 D dalvikvm: GC_CONCURRENT freed 773K, 11% free 10489K/11719K, paused 1ms+2ms
07-05 12:03:36.072   545   548 D dalvikvm: GC_CONCURRENT freed 412K, 11% free 10463K/11719K, paused 2ms+2ms
07-05 12:03:36.197   545 13075 I DownloadManager: Initiating request for download 1498
07-05 12:03:36.252   545   548 D dalvikvm: GC_CONCURRENT freed 325K, 11% free 10530K/11719K, paused 2ms+3ms
07-05 12:03:36.357   545   548 D dalvikvm: GC_CONCURRENT freed 207K, 9% free 10763K/11719K, paused 2ms+2ms
07-05 12:03:36.486   545   548 D dalvikvm: GC_CONCURRENT freed 448K, 8% free 10783K/11719K, paused 2ms+2ms
07-05 12:03:36.728   545   548 D dalvikvm: GC_CONCURRENT freed 765K, 11% free 10481K/11719K, paused 2ms+2ms
07-05 12:03:36.920   545   548 D dalvikvm: GC_CONCURRENT freed 408K, 11% free 10463K/11719K, paused 2ms+3ms
07-05 12:03:37.052   545 13078 I DownloadManager: Initiating request for download 1499
07-05 12:03:37.135   545   548 D dalvikvm: GC_CONCURRENT freed 293K, 10% free 10595K/11719K, paused 2ms+3ms
07-05 12:03:37.244   545   548 D dalvikvm: GC_CONCURRENT freed 245K, 8% free 10831K/11719K, paused 2ms+2ms
07-05 12:03:37.381   545   548 D dalvikvm: GC_CONCURRENT freed 805K, 11% free 10524K/11719K, paused 2ms+3ms
07-05 12:03:37.513  1370 13080 E DictionaryProvider:UpdateHandler: Can't read a file : android.util.MalformedJsonException: Use JsonReader.setLenient(true) to accept malformed JSON at line 1 column 20
07-05 12:03:37.631   545   548 D dalvikvm: GC_CONCURRENT freed 421K, 11% free 10495K/11719K, paused 2ms+2ms
07-05 12:03:37.826   545   548 D dalvikvm: GC_CONCURRENT freed 419K, 11% free 10464K/11719K, paused 2ms+2ms
07-05 12:03:37.920   545 13083 I DownloadManager: Initiating request for download 1499
07-05 12:03:37.990   545   548 D dalvikvm: GC_CONCURRENT freed 248K, 10% free 10639K/11719K, paused 2ms+3ms
07-05 12:03:38.099   545   548 D dalvikvm: GC_CONCURRENT freed 282K, 8% free 10809K/11719K, paused 2ms+3ms
07-05 12:03:38.236   545   548 D dalvikvm: GC_CONCURRENT freed 764K, 11% free 10528K/11719K, paused 2ms+2ms
07-05 12:03:38.459   545   548 D dalvikvm: GC_CONCURRENT freed 432K, 11% free 10483K/11719K, paused 2ms+2ms
07-05 12:03:38.654   545   548 D dalvikvm: GC_CONCURRENT freed 408K, 11% free 10465K/11719K, paused 1ms+3ms
07-05 12:03:38.791   545 13086 I DownloadManager: Initiating request for download 1500
07-05 12:03:38.877   545   548 D dalvikvm: GC_CONCURRENT freed 237K, 9% free 10686K/11719K, paused 2ms+2ms
07-05 12:03:38.994   545   548 D dalvikvm: GC_CONCURRENT freed 327K, 8% free 10834K/11719K, paused 2ms+3ms
07-05 12:03:39.154   545   548 D dalvikvm: GC_CONCURRENT freed 789K, 11% free 10531K/11719K, paused 2ms+3ms
07-05 12:03:39.357   545   548 D dalvikvm: GC_CONCURRENT freed 435K, 11% free 10483K/11719K, paused 2ms+2ms
07-05 12:03:39.549   545   548 D dalvikvm: GC_CONCURRENT freed 405K, 11% free 10466K/11719K, paused 2ms+2ms
07-05 12:03:40.045  1370 13088 E DictionaryProvider:UpdateHandler: Can't read a file : android.util.MalformedJsonException: Use JsonReader.setLenient(true) to accept malformed JSON at line 1 column 20
07-05 12:03:40.185   545   548 D dalvikvm: GC_CONCURRENT freed 354K, 11% free 10504K/11719K, paused 2ms+3ms
07-05 12:03:40.381   545   548 D dalvikvm: GC_CONCURRENT freed 418K, 11% free 10475K/11719K, paused 2ms+2ms
07-05 12:03:40.560   545   548 D dalvikvm: GC_CONCURRENT freed 402K, 11% free 10461K/11719K, paused 2ms+2ms
07-05 12:03:40.810   545   548 D dalvikvm: GC_CONCURRENT freed 357K, 11% free 10492K/11719K, paused 2ms+2ms
07-05 12:03:40.998   545   548 D dalvikvm: GC_CONCURRENT freed 405K, 11% free 10473K/11719K, paused 2ms+2ms
07-05 12:03:41.201   545   548 D dalvikvm: GC_CONCURRENT freed 400K, 11% free 10461K/11719K, paused 2ms+2ms
07-05 12:03:41.279   545 13091 I DownloadManager: Initiating request for download 1501
07-05 12:03:41.388   545   548 D dalvikvm: GC_CONCURRENT freed 186K, 9% free 10720K/11719K, paused 2ms+2ms
07-05 12:03:41.502   545   548 D dalvikvm: GC_CONCURRENT freed 323K, 8% free 10891K/11719K, paused 3ms+3ms
07-05 12:03:41.717   545   548 D dalvikvm: GC_CONCURRENT freed 900K, 11% free 10492K/11719K, paused 2ms+2ms
07-05 12:03:41.767  1370 13093 E DictionaryProvider:UpdateHandler: Can't read a file : android.util.MalformedJsonException: Use JsonReader.setLenient(true) to accept malformed JSON at line 1 column 20
07-05 12:03:41.955   545   548 D dalvikvm: GC_CONCURRENT freed 400K, 11% free 10479K/11719K, paused 2ms+3ms
07-05 12:03:42.142   545   548 D dalvikvm: GC_CONCURRENT freed 403K, 11% free 10461K/11719K, paused 2ms+2ms
07-05 12:03:42.162   545 13096 I DownloadManager: Initiating request for download 1501
07-05 12:03:42.267   545   548 D dalvikvm: GC_CONCURRENT freed 151K, 9% free 10778K/11719K, paused 2ms+3ms
07-05 12:03:42.388   545   548 D dalvikvm: GC_CONCURRENT freed 457K, 8% free 10804K/11719K, paused 2ms+3ms
07-05 12:03:42.642   545   548 D dalvikvm: GC_CONCURRENT freed 785K, 11% free 10495K/11719K, paused 1ms+3ms
07-05 12:03:42.834   545   548 D dalvikvm: GC_CONCURRENT freed 409K, 11% free 10473K/11719K, paused 1ms+2ms
07-05 12:03:43.010   545 13099 I DownloadManager: Initiating request for download 1502
07-05 12:03:43.076   545   548 D dalvikvm: GC_CONCURRENT freed 348K, 11% free 10541K/11719K, paused 2ms+2ms
07-05 12:03:43.193   545   548 D dalvikvm: GC_CONCURRENT freed 202K, 9% free 10767K/11719K, paused 2ms+2ms
07-05 12:03:43.306   545   548 D dalvikvm: GC_CONCURRENT freed 447K, 8% free 10793K/11719K, paused 2ms+3ms
07-05 12:03:43.494  1370 13101 E DictionaryProvider:UpdateHandler: Can't read a file : android.util.MalformedJsonException: Use JsonReader.setLenient(true) to accept malformed JSON at line 1 column 20
07-05 12:03:43.529  1370  1372 D dalvikvm: GC_CONCURRENT freed 502K, 7% free 9141K/9735K, paused 2ms+3ms
07-05 12:03:43.607   545   548 D dalvikvm: GC_CONCURRENT freed 762K, 11% free 10501K/11719K, paused 2ms+2ms
07-05 12:03:43.799   545   548 D dalvikvm: GC_CONCURRENT freed 414K, 11% free 10475K/11719K, paused 2ms+2ms
07-05 12:03:43.916   545 13104 I DownloadManager: Initiating request for download 1502
07-05 12:03:43.974   545   548 D dalvikvm: GC_CONCURRENT freed 324K, 11% free 10540K/11719K, paused 2ms+3ms
07-05 12:03:44.076   545   548 D dalvikvm: GC_CONCURRENT freed 202K, 9% free 10772K/11719K, paused 2ms+2ms
07-05 12:03:44.205   545   548 D dalvikvm: GC_CONCURRENT freed 448K, 8% free 10810K/11719K, paused 2ms+2ms
07-05 12:03:44.447   545   548 D dalvikvm: GC_CONCURRENT freed 792K, 11% free 10491K/11719K, paused 1ms+2ms
07-05 12:03:44.642   545   548 D dalvikvm: GC_CONCURRENT freed 405K, 11% free 10473K/11719K, paused 3ms+3ms
07-05 12:03:44.779   545 13107 I DownloadManager: Initiating request for download 1503
07-05 12:03:44.869   545   548 D dalvikvm: GC_CONCURRENT freed 285K, 10% free 10663K/11719K, paused 2ms+3ms
07-05 12:03:44.978   545   548 D dalvikvm: GC_CONCURRENT freed 310K, 8% free 10884K/11719K, paused 2ms+3ms
07-05 12:03:45.166   545   548 D dalvikvm: GC_CONCURRENT freed 846K, 11% free 10538K/11719K, paused 1ms+2ms
07-05 12:03:45.232  1370 13109 E DictionaryProvider:UpdateHandler: Can't read a file : android.util.MalformedJsonException: Use JsonReader.setLenient(true) to accept malformed JSON at line 1 column 20
07-05 12:03:45.416   545   548 D dalvikvm: GC_CONCURRENT freed 429K, 11% free 10498K/11719K, paused 2ms+3ms
07-05 12:03:45.619   545   548 D dalvikvm: GC_CONCURRENT freed 417K, 11% free 10474K/11719K, paused 2ms+2ms
07-05 12:03:45.677   545 13112 I DownloadManager: Initiating request for download 1503
07-05 12:03:45.771   545   548 D dalvikvm: GC_CONCURRENT freed 219K, 9% free 10749K/11719K, paused 2ms+3ms
07-05 12:03:45.885   545   548 D dalvikvm: GC_CONCURRENT freed 346K, 7% free 10906K/11719K, paused 2ms+2ms
07-05 12:03:46.115   545   548 D dalvikvm: GC_CONCURRENT freed 914K, 11% free 10498K/11719K, paused 2ms+2ms
07-05 12:03:46.306   545   548 D dalvikvm: GC_CONCURRENT freed 409K, 11% free 10479K/11719K, paused 1ms+2ms
07-05 12:03:46.537   156   594 D dalvikvm: GC_EXPLICIT freed 503K, 17% free 13322K/15879K, paused 3ms+6ms
07-05 12:03:46.560   545 13115 I DownloadManager: Initiating request for download 1504
07-05 12:03:46.599   545   548 D dalvikvm: GC_CONCURRENT freed 377K, 11% free 10520K/11719K, paused 2ms+4ms
07-05 12:03:46.748   545   548 D dalvikvm: GC_CONCURRENT freed 198K, 9% free 10748K/11719K, paused 2ms+2ms
07-05 12:03:46.849   545   548 D dalvikvm: GC_CONCURRENT freed 319K, 8% free 10897K/11719K, paused 2ms+3ms
07-05 12:03:47.056  1370 13117 E DictionaryProvider:UpdateHandler: Can't read a file : android.util.MalformedJsonException: Use JsonReader.setLenient(true) to accept malformed JSON at line 1 column 20
07-05 12:03:47.072  1370  1377 I dalvikvm: Jit: resizing JitTable from 4096 to 8192
07-05 12:03:47.103   545   548 D dalvikvm: GC_CONCURRENT freed 907K, 11% free 10495K/11719K, paused 2ms+2ms
07-05 12:03:47.306   545   548 D dalvikvm: GC_CONCURRENT freed 416K, 11% free 10466K/11719K, paused 2ms+2ms
07-05 12:03:47.443   545 13120 I DownloadManager: Initiating request for download 1504
07-05 12:03:47.506   545   548 D dalvikvm: GC_CONCURRENT freed 328K, 11% free 10532K/11719K, paused 3ms+3ms
07-05 12:03:47.611   545   548 D dalvikvm: GC_CONCURRENT freed 200K, 9% free 10763K/11719K, paused 1ms+3ms
07-05 12:03:47.732   545   548 D dalvikvm: GC_CONCURRENT freed 442K, 8% free 10800K/11719K, paused 1ms+2ms
07-05 12:03:47.970   545   548 D dalvikvm: GC_CONCURRENT freed 785K, 11% free 10484K/11719K, paused 1ms+2ms
07-05 12:03:48.170   545   548 D dalvikvm: GC_CONCURRENT freed 407K, 11% free 10464K/11719K, paused 2ms+2ms
07-05 12:03:48.342   545 13123 I DownloadManager: Initiating request for download 1505
07-05 12:03:48.424   545   548 D dalvikvm: GC_CONCURRENT freed 301K, 10% free 10627K/11719K, paused 2ms+2ms
07-05 12:03:48.537   545   548 D dalvikvm: GC_CONCURRENT freed 293K, 8% free 10834K/11719K, paused 2ms+3ms
07-05 12:03:48.693   545   548 D dalvikvm: GC_CONCURRENT freed 787K, 11% free 10530K/11719K, paused 2ms+2ms
07-05 12:03:48.799  1370 13125 E DictionaryProvider:UpdateHandler: Can't read a file : android.util.MalformedJsonException: Use JsonReader.setLenient(true) to accept malformed JSON at line 1 column 20
07-05 12:03:48.939   545   548 D dalvikvm: GC_CONCURRENT freed 431K, 11% free 10487K/11719K, paused 2ms+3ms
07-05 12:03:49.135   545   548 D dalvikvm: GC_CONCURRENT freed 409K, 11% free 10465K/11719K, paused 2ms+3ms
07-05 12:03:49.228   545 13128 I DownloadManager: Initiating request for download 1505
07-05 12:03:49.314   545   548 D dalvikvm: GC_CONCURRENT freed 265K, 9% free 10667K/11719K, paused 2ms+3ms
07-05 12:03:49.424   545   548 D dalvikvm: GC_CONCURRENT freed 296K, 8% free 10841K/11719K, paused 2ms+3ms
07-05 12:03:49.595   545   548 D dalvikvm: GC_CONCURRENT freed 802K, 11% free 10540K/11719K, paused 2ms+3ms
07-05 12:03:49.814   545   548 D dalvikvm: GC_CONCURRENT freed 450K, 11% free 10485K/11719K, paused 2ms+3ms
07-05 12:03:50.010   545   548 D dalvikvm: GC_CONCURRENT freed 415K, 11% free 10461K/11719K, paused 1ms+2ms
07-05 12:03:50.092   545 13131 I DownloadManager: Initiating request for download 1506
07-05 12:03:50.197   545   548 D dalvikvm: GC_CONCURRENT freed 209K, 9% free 10746K/11719K, paused 2ms+3ms
07-05 12:03:50.310   545   548 D dalvikvm: GC_CONCURRENT freed 344K, 7% free 10902K/11719K, paused 2ms+3ms
07-05 12:03:50.498  1370 13133 E DictionaryProvider:UpdateHandler: Can't read a file : android.util.MalformedJsonException: Use JsonReader.setLenient(true) to accept malformed JSON at line 1 column 20
07-05 12:03:50.560  1370  1372 D dalvikvm: GC_CONCURRENT freed 402K, 7% free 9127K/9735K, paused 2ms+4ms
07-05 12:03:50.603   545   548 D dalvikvm: GC_CONCURRENT freed 916K, 11% free 10496K/11719K, paused 2ms+2ms
07-05 12:03:50.787   545   548 D dalvikvm: GC_CONCURRENT freed 413K, 11% free 10473K/11719K, paused 2ms+2ms
07-05 12:03:50.931   545 13136 I DownloadManager: Initiating request for download 1506
07-05 12:03:50.990   545   548 D dalvikvm: GC_CONCURRENT freed 388K, 11% free 10512K/11719K, paused 2ms+4ms
07-05 12:03:51.107   545   548 D dalvikvm: GC_CONCURRENT freed 185K, 9% free 10756K/11719K, paused 2ms+3ms
07-05 12:03:51.228   545   548 D dalvikvm: GC_CONCURRENT freed 423K, 8% free 10795K/11719K, paused 2ms+3ms
07-05 12:03:51.427   545 13136 D dalvikvm: GC_EXPLICIT freed 684K, 11% free 10526K/11719K, paused 2ms+4ms
07-05 12:03:51.627   545   548 D dalvikvm: GC_CONCURRENT freed 441K, 11% free 10473K/11719K, paused 3ms+2ms
07-05 12:03:51.814   545 13139 I DownloadManager: Initiating request for download 1507
07-05 12:03:51.857   545   548 D dalvikvm: GC_CONCURRENT freed 408K, 11% free 10487K/11719K, paused 2ms+3ms
07-05 12:03:51.978   545   548 D dalvikvm: GC_CONCURRENT freed 167K, 9% free 10744K/11719K, paused 2ms+2ms
07-05 12:03:52.092   545   548 D dalvikvm: GC_CONCURRENT freed 411K, 8% free 10801K/11719K, paused 2ms+3ms
07-05 12:03:52.267  1370 13141 E DictionaryProvider:UpdateHandler: Can't read a file : android.util.MalformedJsonException: Use JsonReader.setLenient(true) to accept malformed JSON at line 1 column 20
07-05 12:03:52.357   545   548 D dalvikvm: GC_CONCURRENT freed 769K, 11% free 10504K/11719K, paused 2ms+3ms
07-05 12:03:52.549   545   548 D dalvikvm: GC_CONCURRENT freed 415K, 11% free 10475K/11719K, paused 2ms+3ms
07-05 12:03:52.732   545 13144 I DownloadManager: Initiating request for download 1507
07-05 12:03:52.771   545   548 D dalvikvm: GC_CONCURRENT freed 398K, 11% free 10508K/11719K, paused 2ms+3ms
07-05 12:03:52.888   545   548 D dalvikvm: GC_CONCURRENT freed 186K, 9% free 10780K/11719K, paused 2ms+3ms
07-05 12:03:53.013   545   548 D dalvikvm: GC_CONCURRENT freed 461K, 8% free 10797K/11719K, paused 2ms+2ms
07-05 12:03:53.252   545   548 D dalvikvm: GC_CONCURRENT freed 777K, 11% free 10490K/11719K, paused 2ms+2ms
07-05 12:03:53.451   545   548 D dalvikvm: GC_CONCURRENT freed 405K, 11% free 10473K/11719K, paused 2ms+2ms
07-05 12:03:53.603   545 13147 I DownloadManager: Initiating request for download 1508
07-05 12:03:53.658   545   548 D dalvikvm: GC_CONCURRENT freed 319K, 11% free 10543K/11719K, paused 2ms+2ms
07-05 12:03:53.771   545   548 D dalvikvm: GC_CONCURRENT freed 223K, 8% free 10796K/11719K, paused 1ms+3ms
07-05 12:03:53.900   545   548 D dalvikvm: GC_CONCURRENT freed 483K, 8% free 10798K/11719K, paused 2ms+3ms
07-05 12:03:54.049  1370 13149 E DictionaryProvider:UpdateHandler: Can't read a file : android.util.MalformedJsonException: Use JsonReader.setLenient(true) to accept malformed JSON at line 1 column 20
07-05 12:03:54.072   545 13151 I DownloadManager: in removeSpuriousFiles
07-05 12:03:54.146   545   548 D dalvikvm: GC_CONCURRENT freed 725K, 9% free 10665K/11719K, paused 2ms+4ms
07-05 12:03:54.232   545   548 D dalvikvm: GC_CONCURRENT freed 358K, 8% free 10855K/11719K, paused 1ms+4ms
07-05 12:03:54.252   545 13151 I DownloadManager: in removeSpuriousFiles, preserving file /data/data/com.android.providers.downloads/cache/metadata-162.htm
07-05 12:03:54.252   545 13151 I DownloadManager: in removeSpuriousFiles, preserving file /data/data/com.android.providers.downloads/cache/metadata-133.htm
07-05 12:03:54.256   545 13151 I DownloadManager: in removeSpuriousFiles, preserving file /data/data/com.android.providers.downloads/cache/metadata-300.htm
07-05 12:03:54.256   545 13151 I DownloadManager: in removeSpuriousFiles, preserving file /data/data/com.android.providers.downloads/cache/metadata-158.htm
07-05 12:03:54.256   545 13151 I DownloadManager: in removeSpuriousFiles, preserving file /data/data/com.android.providers.downloads/cache/metadata-207.htm
07-05 12:03:54.256   545 13151 I DownloadManager: in removeSpuriousFiles, preserving file /data/data/com.android.providers.downloads/cache/metadata-148.htm
07-05 12:03:54.256   545 13151 I DownloadManager: in removeSpuriousFiles, preserving file /data/data/com.android.providers.downloads/cache/metadata-320.htm
07-05 12:03:54.256   545 13151 I DownloadManager: in removeSpuriousFiles, preserving file /data/data/com.android.providers.downloads/cache/metadata-139.htm
07-05 12:03:54.256   545 13151 I DownloadManager: in removeSpuriousFiles, preserving file /data/data/com.android.providers.downloads/cache/metadata-74.htm
07-05 12:03:54.256   545 13151 I DownloadManager: in removeSpuriousFiles, preserving file /data/data/com.android.providers.downloads/cache/metadata-291.htm
07-05 12:03:54.256   545 13151 I DownloadManager: in removeSpuriousFiles, preserving file /data/data/com.android.providers.downloads/cache/metadata-70.htm
07-05 12:03:54.256   545 13151 I DownloadManager: in removeSpuriousFiles, preserving file /data/data/com.android.providers.downloads/cache/metadata-226.htm
07-05 12:03:54.256   545 13151 I DownloadManager: in removeSpuriousFiles, preserving file /data/data/com.android.providers.downloads/cache/metadata-178.htm
07-05 12:03:54.256   545 13151 I DownloadManager: in removeSpuriousFiles, preserving file /data/data/com.android.providers.downloads/cache/metadata-284.htm
07-05 12:03:54.256   545 13151 I DownloadManager: in removeSpuriousFiles, preserving file /data/data/com.android.providers.downloads/cache/metadata-84.htm
07-05 12:03:54.256   545 13151 I DownloadManager: in removeSpuriousFiles, preserving file /data/data/com.android.providers.downloads/cache/metadata-268.htm
07-05 12:03:54.256   545 13151 I DownloadManager: in removeSpuriousFiles, preserving file /data/data/com.android.providers.downloads/cache/metadata-254.htm
07-05 12:03:54.256   545 13151 I DownloadManager: in removeSpuriousFiles, preserving file /data/data/com.android.providers.downloads/cache/metadata-115.htm
07-05 12:03:54.256   545 13151 I DownloadManager: in removeSpuriousFiles, preserving file /data/data/com.android.providers.downloads/cache/metadata-210.htm
07-05 12:03:54.256   545 13151 I DownloadManager: in removeSpuriousFiles, preserving file /data/data/com.android.providers.downloads/cache/metadata-149.htm
07-05 12:03:54.260   545 13151 I DownloadManager: in removeSpuriousFiles, preserving file /data/data/com.android.providers.downloads/cache/metadata-218.htm
07-05 12:03:54.260   545 13151 I DownloadManager: in removeSpuriousFiles, preserving file /data/data/com.android.providers.downloads/cache/metadata-295.htm
07-05 12:03:54.260   545 13151 I DownloadManager: in removeSpuriousFiles, preserving file /data/data/com.android.providers.downloads/cache/metadata-110.htm
07-05 12:03:54.260   545 13151 I DownloadManager: in removeSpuriousFiles, preserving file /data/data/com.android.providers.downloads/cache/metadata-91.htm
07-05 12:03:54.260   545 13151 I DownloadManager: in removeSpuriousFiles, preserving file /data/data/com.android.providers.downloads/cache/metadata-146.htm
07-05 12:03:54.260   545 13151 I DownloadManager: in removeSpuriousFiles, preserving file /data/data/com.android.providers.downloads/cache/metadata-160.htm
07-05 12:03:54.260   545 13151 I DownloadManager: in removeSpuriousFiles, preserving file /data/data/com.android.providers.downloads/cache/metadata-120.htm
07-05 12:03:54.260   545 13151 I DownloadManager: in removeSpuriousFiles, preserving file /data/data/com.android.providers.downloads/cache/metadata-368.htm
07-05 12:03:54.260   545 13151 I DownloadManager: in removeSpuriousFiles, preserving file /data/data/com.android.providers.downloads/cache/metadata-239.htm
07-05 12:03:54.260   545 13151 I DownloadManager: in removeSpuriousFiles, preserving file /data/data/com.android.providers.downloads/cache/metadata-243.htm
07-05 12:03:54.260   545 13151 I DownloadManager: in removeSpuriousFiles, preserving file /data/data/com.android.providers.downloads/cache/metadata-375.htm
07-05 12:03:54.260   545 13151 I DownloadManager: in removeSpuriousFiles, preserving file /data/data/com.android.providers.downloads/cache/metadata-262.htm
07-05 12:03:54.260   545 13151 I DownloadManager: in removeSpuriousFiles, preserving file /data/data/com.android.providers.downloads/cache/metadata-277.htm
07-05 12:03:54.260   545 13151 I DownloadManager: in removeSpuriousFiles, preserving file /data/data/com.android.providers.downloads/cache/metadata-209.htm
07-05 12:03:54.263   545 13151 I DownloadManager: in removeSpuriousFiles, preserving file /data/data/com.android.providers.downloads/cache/metadata-314.htm
07-05 12:03:54.263   545 13151 I DownloadManager: in removeSpuriousFiles, preserving file /data/data/com.android.providers.downloads/cache/metadata-249.htm
07-05 12:03:54.263   545 13151 I DownloadManager: in removeSpuriousFiles, preserving file /data/data/com.android.providers.downloads/cache/metadata-267.htm
07-05 12:03:54.263   545 13151 I DownloadManager: in removeSpuriousFiles, preserving file /data/data/com.android.providers.downloads/cache/metadata-231.htm
07-05 12:03:54.263   545 13151 I DownloadManager: in removeSpuriousFiles, preserving file /data/data/com.android.providers.downloads/cache/metadata-198.htm
07-05 12:03:54.263   545 13151 I DownloadManager: in removeSpuriousFiles, preserving file /data/data/com.android.providers.downloads/cache/metadata-108.htm
07-05 12:03:54.263   545 13151 I DownloadManager: in removeSpuriousFiles, preserving file /data/data/com.android.providers.downloads/cache/metadata-364.htm
07-05 12:03:54.263   545 13151 I DownloadManager: in removeSpuriousFiles, preserving file /data/data/com.android.providers.downloads/cache/metadata-232.htm
07-05 12:03:54.267   545 13151 I DownloadManager: in removeSpuriousFiles, preserving file /data/data/com.android.providers.downloads/cache/metadata-334.htm
07-05 12:03:54.267   545 13151 I DownloadManager: in removeSpuriousFiles, preserving file /data/data/com.android.providers.downloads/cache/metadata-286.htm
07-05 12:03:54.267   545 13151 I DownloadManager: in removeSpuriousFiles, preserving file /data/data/com.android.providers.downloads/cache/metadata-384.htm
07-05 12:03:54.267   545 13151 I DownloadManager: in removeSpuriousFiles, preserving file /data/data/com.android.providers.downloads/cache/metadata-306.htm
07-05 12:03:54.267   545 13151 I DownloadManager: in removeSpuriousFiles, preserving file /data/data/com.android.providers.downloads/cache/metadata-266.htm
07-05 12:03:54.267   545 13151 I DownloadManager: in removeSpuriousFiles, preserving file /data/data/com.android.providers.downloads/cache/metadata-132.htm
07-05 12:03:54.267   545 13151 I DownloadManager: in removeSpuriousFiles, preserving file /data/data/com.android.providers.downloads/cache/metadata-326.htm
07-05 12:03:54.267   545 13151 I DownloadManager: in removeSpuriousFiles, preserving file /data/data/com.android.providers.downloads/cache/metadata-227.htm
07-05 12:03:54.267   545 13151 I DownloadManager: in removeSpuriousFiles, preserving file /data/data/com.android.providers.downloads/cache/metadata-194.htm
07-05 12:03:54.267   545 13151 I DownloadManager: in removeSpuriousFiles, preserving file /data/data/com.android.providers.downloads/cache/metadata-228.htm
07-05 12:03:54.267   545 13151 I DownloadManager: in removeSpuriousFiles, preserving file /data/data/com.android.providers.downloads/cache/metadata-360.htm
07-05 12:03:54.267   545 13151 I DownloadManager: in removeSpuriousFiles, preserving file /data/data/com.android.providers.downloads/cache/metadata-260.htm
07-05 12:03:54.267   545 13151 I DownloadManager: in removeSpuriousFiles, preserving file /data/data/com.android.providers.downloads/cache/metadata-131.htm
07-05 12:03:54.267   545 13151 I DownloadManager: in removeSpuriousFiles, preserving file /data/data/com.android.providers.downloads/cache/metadata-233.htm
07-05 12:03:54.267   545 13151 I DownloadManager: in removeSpuriousFiles, preserving file /data/data/com.android.providers.downloads/cache/metadata-123.htm
07-05 12:03:54.267   545 13151 I DownloadManager: in removeSpuriousFiles, preserving file /data/data/com.android.providers.downloads/cache/metadata-229.htm
07-05 12:03:54.271   545 13151 I DownloadManager: in removeSpuriousFiles, preserving file /data/data/com.android.providers.downloads/cache/metadata-264.htm
07-05 12:03:54.271   545 13151 I DownloadManager: in removeSpuriousFiles, preserving file /data/data/com.android.providers.downloads/cache/metadata-187.htm
07-05 12:03:54.271   545 13151 I DownloadManager: in removeSpuriousFiles, preserving file /data/data/com.android.providers.downloads/cache/metadata-383.htm
07-05 12:03:54.271   545 13151 I DownloadManager: in removeSpuriousFiles, preserving file /data/data/com.android.providers.downloads/cache/metadata-394.htm
07-05 12:03:54.271   545 13151 I DownloadManager: in removeSpuriousFiles, preserving file /data/data/com.android.providers.downloads/cache/metadata-85.htm
07-05 12:03:54.271   545 13151 I DownloadManager: in removeSpuriousFiles, preserving file /data/data/com.android.providers.downloads/cache/metadata-211.htm
07-05 12:03:54.271   545 13151 I DownloadManager: in removeSpuriousFiles, preserving file /data/data/com.android.providers.downloads/cache/metadata-406.htm
07-05 12:03:54.271   545 13151 I DownloadManager: in removeSpuriousFiles, preserving file /data/data/com.android.providers.downloads/cache/metadata-331.htm
07-05 12:03:54.271   545 13151 I DownloadManager: in removeSpuriousFiles, preserving file /data/data/com.android.providers.downloads/cache/metadata-163.htm
07-05 12:03:54.271   545 13151 I DownloadManager: in removeSpuriousFiles, preserving file /data/data/com.android.providers.downloads/cache/metadata-112.htm
07-05 12:03:54.271   545 13151 I DownloadManager: in removeSpuriousFiles, preserving file /data/data/com.android.providers.downloads/cache/metadata-145.htm
07-05 12:03:54.271   545 13151 I DownloadManager: in removeSpuriousFiles, preserving file /data/data/com.android.providers.downloads/cache/metadata-278.htm
07-05 12:03:54.271   545 13151 I DownloadManager: in removeSpuriousFiles, preserving file /data/data/com.android.providers.downloads/cache/metadata-244.htm
07-05 12:03:54.271   545 13151 I DownloadManager: in removeSpuriousFiles, preserving file /data/data/com.android.providers.downloads/cache/metadata-370.htm
07-05 12:03:54.271   545 13151 I DownloadManager: in removeSpuriousFiles, preserving file /data/data/com.android.providers.downloads/cache/metadata-328.htm
07-05 12:03:54.271   545 13151 I DownloadManager: in removeSpuriousFiles, preserving file /data/data/com.android.providers.downloads/cache/metadata-322.htm
07-05 12:03:54.271   545 13151 I DownloadManager: in removeSpuriousFiles, preserving file /data/data/com.android.providers.downloads/cache/metadata-397.htm
07-05 12:03:54.275   545 13151 I DownloadManager: in removeSpuriousFiles, preserving file /data/data/com.android.providers.downloads/cache/metadata-206.htm
07-05 12:03:54.275   545 13151 I DownloadManager: in removeSpuriousFiles, preserving file /data/data/com.android.providers.downloads/cache/metadata-236.htm
07-05 12:03:54.275   545 13151 I DownloadManager: in removeSpuriousFiles, preserving file /data/data/com.android.providers.downloads/cache/metadata-165.htm
07-05 12:03:54.275   545 13151 I DownloadManager: in removeSpuriousFiles, preserving file /data/data/com.android.providers.downloads/cache/metadata-304.htm
07-05 12:03:54.275   545 13151 I DownloadManager: in removeSpuriousFiles, preserving file /data/data/com.android.providers.downloads/cache/metadata-289.htm
07-05 12:03:54.275   545 13151 I DownloadManager: in removeSpuriousFiles, preserving file /data/data/com.android.providers.downloads/cache/metadata-261.htm
07-05 12:03:54.275   545 13151 I DownloadManager: in removeSpuriousFiles, preserving file /data/data/com.android.providers.downloads/cache/metadata-282.htm
07-05 12:03:54.275   545 13151 I DownloadManager: in removeSpuriousFiles, preserving file /data/data/com.android.providers.downloads/cache/metadata-182.htm
07-05 12:03:54.275   545 13151 I DownloadManager: in removeSpuriousFiles, preserving file /data/data/com.android.providers.downloads/cache/metadata-446.htm
07-05 12:03:54.275   545 13151 I DownloadManager: in removeSpuriousFiles, preserving file /data/data/com.android.providers.downloads/cache/metadata-323.htm
07-05 12:03:54.275   545 13151 I DownloadManager: in removeSpuriousFiles, preserving file /data/data/com.android.providers.downloads/cache/metadata-212.htm
07-05 12:03:54.275   545 13151 I DownloadManager: in removeSpuriousFiles, preserving file /data/data/com.android.providers.downloads/cache/metadata-248.htm
07-05 12:03:54.275   545 13151 I DownloadManager: in removeSpuriousFiles, preserving file /data/data/com.android.providers.downloads/cache/metadata-259.htm
07-05 12:03:54.275   545 13151 I DownloadManager: in removeSpuriousFiles, preserving file /data/data/com.android.providers.downloads/cache/metadata-418.htm
07-05 12:03:54.275   545 13151 I DownloadManager: in removeSpuriousFiles, preserving file /data/data/com.android.providers.downloads/cache/metadata-367.htm
07-05 12:03:54.279   545 13151 I DownloadManager: in removeSpuriousFiles, preserving file /data/data/com.android.providers.downloads/cache/metadata-329.htm
07-05 12:03:54.279   545 13151 I DownloadManager: in removeSpuriousFiles, preserving file /data/data/com.android.providers.downloads/cache/metadata-344.htm
07-05 12:03:54.279   545 13151 I DownloadManager: in removeSpuriousFiles, preserving file /data/data/com.android.providers.downloads/cache/metadata-353.htm
07-05 12:03:54.279   545 13151 I DownloadManager: in removeSpuriousFiles, preserving file /data/data/com.android.providers.downloads/cache/metadata-273.htm
07-05 12:03:54.279   545 13151 I DownloadManager: in removeSpuriousFiles, preserving file /data/data/com.android.providers.downloads/cache/metadata-252.htm
07-05 12:03:54.279   545 13151 I DownloadManager: in removeSpuriousFiles, preserving file /data/data/com.android.providers.downloads/cache/metadata-374.htm
07-05 12:03:54.279   545 13151 I DownloadManager: in removeSpuriousFiles, preserving file /data/data/com.android.providers.downloads/cache/metadata-447.htm
07-05 12:03:54.279   545 13151 I DownloadManager: in removeSpuriousFiles, preserving file /data/data/com.android.providers.downloads/cache/metadata-381.htm
07-05 12:03:54.279   545 13151 I DownloadManager: in removeSpuriousFiles, preserving file /data/data/com.android.providers.downloads/cache/metadata-436.htm
07-05 12:03:54.279   545 13151 I DownloadManager: in removeSpuriousFiles, preserving file /data/data/com.android.providers.downloads/cache/metadata-412.htm
07-05 12:03:54.279   545 13151 I DownloadManager: in removeSpuriousFiles, preserving file /data/data/com.android.providers.downloads/cache/metadata-349.htm
07-05 12:03:54.279   545 13151 I DownloadManager: in removeSpuriousFiles, preserving file /data/data/com.android.providers.downloads/cache/metadata-435.htm
07-05 12:03:54.279   545 13151 I DownloadManager: in removeSpuriousFiles, preserving file /data/data/com.android.providers.downloads/cache/metadata-44.htm
07-05 12:03:54.279   545 13151 I DownloadManager: in removeSpuriousFiles, preserving file /data/data/com.android.providers.downloads/cache/metadata-312.htm
07-05 12:03:54.279   545 13151 I DownloadManager: in removeSpuriousFiles, preserving file /data/data/com.android.providers.downloads/cache/metadata-65.htm
07-05 12:03:54.279   545 13151 I DownloadManager: in removeSpuriousFiles, preserving file /data/data/com.android.providers.downloads/cache/metadata-392.htm
07-05 12:03:54.279   545 13151 I DownloadManager: in removeSpuriousFiles, preserving file /data/data/com.android.providers.downloads/cache/metadata-71.htm
07-05 12:03:54.283   545 13151 I DownloadManager: in removeSpuriousFiles, preserving file /data/data/com.android.providers.downloads/cache/metadata-49.htm
07-05 12:03:54.283   545 13151 I DownloadManager: in removeSpuriousFiles, preserving file /data/data/com.android.providers.downloads/cache/metadata-222.htm
07-05 12:03:54.283   545 13151 I DownloadManager: in removeSpuriousFiles, preserving file /data/data/com.android.providers.downloads/cache/metadata-317.htm
07-05 12:03:54.283   545 13151 I DownloadManager: in removeSpuriousFiles, preserving file /data/data/com.android.providers.downloads/cache/metadata-345.htm
07-05 12:03:54.283   545 13151 I DownloadManager: in removeSpuriousFiles, preserving file /data/data/com.android.providers.downloads/cache/metadata-256.htm
07-05 12:03:54.283   545 13151 I DownloadManager: in removeSpuriousFiles, preserving file /data/data/com.android.providers.downloads/cache/metadata-237.htm
07-05 12:03:54.283   545 13151 I DownloadManager: in removeSpuriousFiles, preserving file /data/data/com.android.providers.downloads/cache/metadata-327.htm
07-05 12:03:54.283   545 13151 I DownloadManager: in removeSpuriousFiles, preserving file /data/data/com.android.providers.downloads/cache/metadata-169.htm
07-05 12:03:54.283   545 13151 I DownloadManager: in removeSpuriousFiles, preserving file /data/data/com.android.providers.downloads/cache/metadata-208.htm
07-05 12:03:54.283   545 13151 I DownloadManager: in removeSpuriousFiles, preserving file /data/data/com.android.providers.downloads/cache/metadata-279.htm
07-05 12:03:54.283   545 13151 I DownloadManager: in removeSpuriousFiles, preserving file /data/data/com.android.providers.downloads/cache/metadata-100.htm
07-05 12:03:54.283   545 13151 I DownloadManager: in removeSpuriousFiles, preserving file /data/data/com.android.providers.downloads/cache/metadata-193.htm
07-05 12:03:54.283   545 13151 I DownloadManager: in removeSpuriousFiles, preserving file /data/data/com.android.providers.downloads/cache/metadata-83.htm
07-05 12:03:54.283   545 13151 I DownloadManager: in removeSpuriousFiles, preserving file /data/data/com.android.providers.downloads/cache/metadata-156.htm
07-05 12:03:54.283   545 13151 I DownloadManager: in removeSpuriousFiles, preserving file /data/data/com.android.providers.downloads/cache/metadata-251.htm
07-05 12:03:54.283   545 13151 I DownloadManager: in removeSpuriousFiles, preserving file /data/data/com.android.providers.downloads/cache/metadata-354.htm
07-05 12:03:54.283   545 13151 I DownloadManager: in removeSpuriousFiles, preserving file /data/data/com.android.providers.downloads/cache/metadata-141.htm
07-05 12:03:54.287   545 13151 I DownloadManager: in removeSpuriousFiles, preserving file /data/data/com.android.providers.downloads/cache/metadata-170.htm
07-05 12:03:54.287   545 13151 I DownloadManager: in removeSpuriousFiles, preserving file /data/data/com.android.providers.downloads/cache/metadata-324.htm
07-05 12:03:54.287   545 13151 I DownloadManager: in removeSpuriousFiles, preserving file /data/data/com.android.providers.downloads/cache/metadata-190.htm
07-05 12:03:54.287   545 13151 I DownloadManager: in removeSpuriousFiles, preserving file /data/data/com.android.providers.downloads/cache/metadata-362.htm
07-05 12:03:54.287   545 13151 I DownloadManager: in removeSpuriousFiles, preserving file /data/data/com.android.providers.downloads/cache/metadata-180.htm
07-05 12:03:54.287   545 13151 I DownloadManager: in removeSpuriousFiles, preserving file /data/data/com.android.providers.downloads/cache/metadata-246.htm
07-05 12:03:54.287   545 13151 I DownloadManager: in removeSpuriousFiles, preserving file /data/data/com.android.providers.downloads/cache/metadata-294.htm
07-05 12:03:54.287   545 13151 I DownloadManager: in removeSpuriousFiles, preserving file /data/data/com.android.providers.downloads/cache/metadata-303.htm
07-05 12:03:54.287   545 13151 I DownloadManager: in removeSpuriousFiles, preserving file /data/data/com.android.providers.downloads/cache/metadata-155.htm
07-05 12:03:54.287   545 13151 I DownloadManager: in removeSpuriousFiles, preserving file /data/data/com.android.providers.downloads/cache/metadata-365.htm
07-05 12:03:54.287   545 13151 I DownloadManager: in removeSpuriousFiles, preserving file /data/data/com.android.providers.downloads/cache/metadata-373.htm
07-05 12:03:54.287   545 13151 I DownloadManager: in removeSpuriousFiles, preserving file /data/data/com.android.providers.downloads/cache/metadata-159.htm
07-05 12:03:54.287   545 13151 I DownloadManager: in removeSpuriousFiles, preserving file /data/data/com.android.providers.downloads/cache/metadata-388.htm
07-05 12:03:54.287   545 13151 I DownloadManager: in removeSpuriousFiles, preserving file /data/data/com.android.providers.downloads/cache/metadata-404.htm
07-05 12:03:54.287   545 13151 I DownloadManager: in removeSpuriousFiles, preserving file /data/data/com.android.providers.downloads/cache/metadata-315.htm
07-05 12:03:54.287   545 13151 I DownloadManager: in removeSpuriousFiles, preserving file /data/data/com.android.providers.downloads/cache/metadata-103.htm
07-05 12:03:54.287   545 13151 I DownloadManager: in removeSpuriousFiles, preserving file /data/data/com.android.providers.downloads/cache/metadata-311.htm
07-05 12:03:54.287   545 13151 I DownloadManager: in removeSpuriousFiles, preserving file /data/data/com.android.providers.downloads/cache/metadata-396.htm
07-05 12:03:54.287   545 13151 I DownloadManager: in removeSpuriousFiles, preserving file /data/data/com.android.providers.downloads/cache/metadata-390.htm
07-05 12:03:54.291   545 13151 I DownloadManager: in removeSpuriousFiles, preserving file /data/data/com.android.providers.downloads/cache/metadata-94.htm
07-05 12:03:54.291   545 13151 I DownloadManager: in removeSpuriousFiles, preserving file /data/data/com.android.providers.downloads/cache/metadata-213.htm
07-05 12:03:54.291   545 13151 I DownloadManager: in removeSpuriousFiles, preserving file /data/data/com.android.providers.downloads/cache/metadata-725.htm
07-05 12:03:54.291   545 13151 I DownloadManager: in removeSpuriousFiles, preserving file /data/data/com.android.providers.downloads/cache/metadata-274.htm
07-05 12:03:54.291   545 13151 I DownloadManager: in removeSpuriousFiles, preserving file /data/data/com.android.providers.downloads/cache/metadata-336.htm
07-05 12:03:54.291   545 13151 I DownloadManager: in removeSpuriousFiles, preserving file /data/data/com.android.providers.downloads/cache/metadata-175.htm
07-05 12:03:54.291   545 13151 I DownloadManager: in removeSpuriousFiles, preserving file /data/data/com.android.providers.downloads/cache/metadata-308.htm
07-05 12:03:54.291   545 13151 I DownloadManager: in removeSpuriousFiles, preserving file /data/data/com.android.providers.downloads/cache/metadata-341.htm
07-05 12:03:54.291   545 13151 I DownloadManager: in removeSpuriousFiles, preserving file /data/data/com.android.providers.downloads/cache/metadata-366.htm
07-05 12:03:54.291   545 13151 I DownloadManager: in removeSpuriousFiles, preserving file /data/data/com.android.providers.downloads/cache/metadata-427.htm
07-05 12:03:54.291   545 13151 I DownloadManager: in removeSpuriousFiles, preserving file /data/data/com.android.providers.downloads/cache/metadata-117.htm
07-05 12:03:54.291   545 13151 I DownloadManager: in removeSpuriousFiles, preserving file /data/data/com.android.providers.downloads/cache/metadata-379.htm
07-05 12:03:54.291   545 13151 I DownloadManager: in removeSpuriousFiles, preserving file /data/data/com.android.providers.downloads/cache/metadata-425.htm
07-05 12:03:54.291   545 13151 I DownloadManager: in removeSpuriousFiles, preserving file /data/data/com.android.providers.downloads/cache/metadata-241.htm
07-05 12:03:54.291   545 13151 I DownloadManager: in removeSpuriousFiles, preserving file /data/data/com.android.providers.downloads/cache/metadata-459.htm
07-05 12:03:54.291   545 13151 I DownloadManager: in removeSpuriousFiles, preserving file /data/data/com.android.providers.downloads/cache/metadata-171.htm
07-05 12:03:54.291   545 13151 I DownloadManager: in removeSpuriousFiles, preserving file /data/data/com.android.providers.downloads/cache/metadata-386.htm
07-05 12:03:54.295   545 13151 I DownloadManager: in removeSpuriousFiles, preserving file /data/data/com.android.providers.downloads/cache/metadata-285.htm
07-05 12:03:54.295   545 13151 I DownloadManager: in removeSpuriousFiles, preserving file /data/data/com.android.providers.downloads/cache/metadata-422.htm
07-05 12:03:54.295   545 13151 I DownloadManager: in removeSpuriousFiles, preserving file /data/data/com.android.providers.downloads/cache/metadata-398.htm
07-05 12:03:54.295   545 13151 I DownloadManager: in removeSpuriousFiles, preserving file /data/data/com.android.providers.downloads/cache/metadata-415.htm
07-05 12:03:54.295   545 13151 I DownloadManager: in removeSpuriousFiles, preserving file /data/data/com.android.providers.downloads/cache/metadata-448.htm
07-05 12:03:54.295   545 13151 I DownloadManager: in removeSpuriousFiles, preserving file /data/data/com.android.providers.downloads/cache/metadata-468.htm
07-05 12:03:54.295   545 13151 I DownloadManager: in removeSpuriousFiles, preserving file /data/data/com.android.providers.downloads/cache/metadata-335.htm
07-05 12:03:54.295   545 13151 I DownloadManager: in removeSpuriousFiles, preserving file /data/data/com.android.providers.downloads/cache/metadata-269.htm
07-05 12:03:54.295   545 13151 I DownloadManager: in removeSpuriousFiles, preserving file /data/data/com.android.providers.downloads/cache/metadata-1044.htm
07-05 12:03:54.295   545 13151 I DownloadManager: in removeSpuriousFiles, preserving file /data/data/com.android.providers.downloads/cache/metadata-313.htm
07-05 12:03:54.295   545 13151 I DownloadManager: in removeSpuriousFiles, preserving file /data/data/com.android.providers.downloads/cache/metadata-316.htm
07-05 12:03:54.295   545 13151 I DownloadManager: in removeSpuriousFiles, preserving file /data/data/com.android.providers.downloads/cache/metadata-338.htm
07-05 12:03:54.295   545 13151 I DownloadManager: in removeSpuriousFiles, preserving file /data/data/com.android.providers.downloads/cache/metadata-358.htm
07-05 12:03:54.299   545 13151 I DownloadManager: in removeSpuriousFiles, preserving file /data/data/com.android.providers.downloads/cache/metadata-439.htm
07-05 12:03:54.299   545 13151 I DownloadManager: in removeSpuriousFiles, preserving file /data/data/com.android.providers.downloads/cache/metadata-1291.htm
07-05 12:03:54.299   545 13151 I DownloadManager: in removeSpuriousFiles, preserving file /data/data/com.android.providers.downloads/cache/metadata-342.htm
07-05 12:03:54.299   545 13151 I DownloadManager: in removeSpuriousFiles, preserving file /data/data/com.android.providers.downloads/cache/metadata-296.htm
07-05 12:03:54.299   545 13151 I DownloadManager: in removeSpuriousFiles, preserving file /data/data/com.android.providers.downloads/cache/metadata-297.htm
07-05 12:03:54.299   545 13151 I DownloadManager: in removeSpuriousFiles, preserving file /data/data/com.android.providers.downloads/cache/metadata-223.htm
07-05 12:03:54.299   545 13151 I DownloadManager: in removeSpuriousFiles, preserving file /data/data/com.android.providers.downloads/cache/metadata-348.htm
07-05 12:03:54.299   545 13151 I DownloadManager: in removeSpuriousFiles, preserving file /data/data/com.android.providers.downloads/cache/metadata-184.htm
07-05 12:03:54.299   545 13151 I DownloadManager: in removeSpuriousFiles, preserving file /data/data/com.android.providers.downloads/cache/metadata-346.htm
07-05 12:03:54.299   545 13151 I DownloadManager: in removeSpuriousFiles, preserving file /data/data/com.android.providers.downloads/cache/metadata-462.htm
07-05 12:03:54.299   545 13151 I DownloadManager: in removeSpuriousFiles, preserving file /data/data/com.android.providers.downloads/cache/metadata-255.htm
07-05 12:03:54.299   545 13151 I DownloadManager: in removeSpuriousFiles, preserving file /data/data/com.android.providers.downloads/cache/metadata-283.htm
07-05 12:03:54.299   545 13151 I DownloadManager: in removeSpuriousFiles, preserving file /data/data/com.android.providers.downloads/cache/metadata-417.htm
07-05 12:03:54.299   545 13151 I DownloadManager: in removeSpuriousFiles, preserving file /data/data/com.android.providers.downloads/cache/metadata-461.htm
07-05 12:03:54.299   545 13151 I DownloadManager: in removeSpuriousFiles, preserving file /data/data/com.android.providers.downloads/cache/metadata-467.htm
07-05 12:03:54.299   545 13151 I DownloadManager: in removeSpuriousFiles, preserving file /data/data/com.android.providers.downloads/cache/metadata-430.htm
07-05 12:03:54.302   545 13151 I DownloadManager: in removeSpuriousFiles, preserving file /data/data/com.android.providers.downloads/cache/metadata-424.htm
07-05 12:03:54.302   545 13151 I DownloadManager: in removeSpuriousFiles, preserving file /data/data/com.android.providers.downloads/cache/metadata-350.htm
07-05 12:03:54.302   545 13151 I DownloadManager: in removeSpuriousFiles, preserving file /data/data/com.android.providers.downloads/cache/metadata-369.htm
07-05 12:03:54.302   545 13151 I DownloadManager: in removeSpuriousFiles, preserving file /data/data/com.android.providers.downloads/cache/metadata-410.htm
07-05 12:03:54.302   545 13151 I DownloadManager: in removeSpuriousFiles, preserving file /data/data/com.android.providers.downloads/cache/metadata-486.htm
07-05 12:03:54.302   545 13151 I DownloadManager: in removeSpuriousFiles, preserving file /data/data/com.android.providers.downloads/cache/metadata-347.htm
07-05 12:03:54.302   545 13151 I DownloadManager: in removeSpuriousFiles, preserving file /data/data/com.android.providers.downloads/cache/metadata-831.htm
07-05 12:03:54.302   545 13151 I DownloadManager: in removeSpuriousFiles, preserving file /data/data/com.android.providers.downloads/cache/metadata-400.htm
07-05 12:03:54.302   545 13151 I DownloadManager: in removeSpuriousFiles, preserving file /data/data/com.android.providers.downloads/cache/metadata-457.htm
07-05 12:03:54.302   545 13151 I DownloadManager: in removeSpuriousFiles, preserving file /data/data/com.android.providers.downloads/cache/metadata-544.htm
07-05 12:03:54.302   545 13151 I DownloadManager: in removeSpuriousFiles, preserving file /data/data/com.android.providers.downloads/cache/metadata-380.htm
07-05 12:03:54.302   545 13151 I DownloadManager: in removeSpuriousFiles, preserving file /data/data/com.android.providers.downloads/cache/metadata-471.htm
07-05 12:03:54.302   545 13151 I DownloadManager: in removeSpuriousFiles, preserving file /data/data/com.android.providers.downloads/cache/metadata-428.htm
07-05 12:03:54.302   545 13151 I DownloadManager: in removeSpuriousFiles, preserving file /data/data/com.android.providers.downloads/cache/metadata-583.htm
07-05 12:03:54.302   545 13151 I DownloadManager: in removeSpuriousFiles, preserving file /data/data/com.android.providers.downloads/cache/metadata-460.htm
07-05 12:03:54.306   545 13151 I DownloadManager: in removeSpuriousFiles, preserving file /data/data/com.android.providers.downloads/cache/metadata-500.htm
07-05 12:03:54.306   545 13151 I DownloadManager: in removeSpuriousFiles, preserving file /data/data/com.android.providers.downloads/cache/metadata-507.htm
07-05 12:03:54.306   545 13151 I DownloadManager: in removeSpuriousFiles, preserving file /data/data/com.android.providers.downloads/cache/metadata-480.htm
07-05 12:03:54.306   545 13151 I DownloadManager: in removeSpuriousFiles, preserving file /data/data/com.android.providers.downloads/cache/metadata-298.htm
07-05 12:03:54.306   545 13151 I DownloadManager: in removeSpuriousFiles, preserving file /data/data/com.android.providers.downloads/cache/metadata-1147.htm
07-05 12:03:54.306   545 13151 I DownloadManager: in removeSpuriousFiles, preserving file /data/data/com.android.providers.downloads/cache/metadata-438.htm
07-05 12:03:54.310   545 13151 I DownloadManager: in removeSpuriousFiles, preserving file /data/data/com.android.providers.downloads/cache/metadata-499.htm
07-05 12:03:54.310   545 13151 I DownloadManager: in removeSpuriousFiles, preserving file /data/data/com.android.providers.downloads/cache/metadata-332.htm
07-05 12:03:54.310   545 13151 I DownloadManager: in removeSpuriousFiles, preserving file /data/data/com.android.providers.downloads/cache/metadata-516.htm
07-05 12:03:54.310   545 13151 I DownloadManager: in removeSpuriousFiles, preserving file /data/data/com.android.providers.downloads/cache/metadata-401.htm
07-05 12:03:54.310   545 13151 I DownloadManager: in removeSpuriousFiles, preserving file /data/data/com.android.providers.downloads/cache/metadata-510.htm
07-05 12:03:54.310   545 13151 I DownloadManager: in removeSpuriousFiles, preserving file /data/data/com.android.providers.downloads/cache/metadata-167.htm
07-05 12:03:54.310   545 13151 I DownloadManager: in removeSpuriousFiles, preserving file /data/data/com.android.providers.downloads/cache/metadata-552.htm
07-05 12:03:54.310   545 13151 I DownloadManager: in removeSpuriousFiles, preserving file /data/data/com.android.providers.downloads/cache/metadata-420.htm
07-05 12:03:54.310   545 13151 I DownloadManager: in removeSpuriousFiles, preserving file /data/data/com.android.providers.downloads/cache/metadata-357.htm
07-05 12:03:54.310   545 13151 I DownloadManager: in removeSpuriousFiles, preserving file /data/data/com.android.providers.downloads/cache/metadata-960.htm
07-05 12:03:54.310   545 13151 I DownloadManager: in removeSpuriousFiles, preserving file /data/data/com.android.providers.downloads/cache/metadata-441.htm
07-05 12:03:54.310   545 13151 I DownloadManager: in removeSpuriousFiles, preserving file /data/data/com.android.providers.downloads/cache/metadata-382.htm
07-05 12:03:54.310   545 13151 I DownloadManager: in removeSpuriousFiles, preserving file /data/data/com.android.providers.downloads/cache/metadata-437.htm
07-05 12:03:54.310   545 13151 I DownloadManager: in removeSpuriousFiles, preserving file /data/data/com.android.providers.downloads/cache/metadata-506.htm
07-05 12:03:54.310   545 13151 I DownloadManager: in removeSpuriousFiles, preserving file /data/data/com.android.providers.downloads/cache/metadata-498.htm
07-05 12:03:54.314   545 13151 I DownloadManager: in removeSpuriousFiles, preserving file /data/data/com.android.providers.downloads/cache/metadata-1197.htm
07-05 12:03:54.314   545 13151 I DownloadManager: in removeSpuriousFiles, preserving file /data/data/com.android.providers.downloads/cache/metadata-488.htm
07-05 12:03:54.314   545 13151 I DownloadManager: in removeSpuriousFiles, preserving file /data/data/com.android.providers.downloads/cache/metadata-1306.htm
07-05 12:03:54.314   545 13151 I DownloadManager: in removeSpuriousFiles, preserving file /data/data/com.android.providers.downloads/cache/metadata-414.htm
07-05 12:03:54.314   545 13151 I DownloadManager: in removeSpuriousFiles, preserving file /data/data/com.android.providers.downloads/cache/metadata-343.htm
07-05 12:03:54.314   545 13151 I DownloadManager: in removeSpuriousFiles, preserving file /data/data/com.android.providers.downloads/cache/metadata-351.htm
07-05 12:03:54.314   545 13151 I DownloadManager: in removeSpuriousFiles, preserving file /data/data/com.android.providers.downloads/cache/metadata-301.htm
07-05 12:03:54.314   545 13151 I DownloadManager: in removeSpuriousFiles, preserving file /data/data/com.android.providers.downloads/cache/metadata-275.htm
07-05 12:03:54.314   545 13151 I DownloadManager: in removeSpuriousFiles, preserving file /data/data/com.android.providers.downloads/cache/metadata-293.htm
07-05 12:03:54.314   545 13151 I DownloadManager: in removeSpuriousFiles, preserving file /data/data/com.android.providers.downloads/cache/metadata-450.htm
07-05 12:03:54.314   545 13151 I DownloadManager: in removeSpuriousFiles, preserving file /data/data/com.android.providers.downloads/cache/metadata-96.htm
07-05 12:03:54.314   545 13151 I DownloadManager: in removeSpuriousFiles, preserving file /data/data/com.android.providers.downloads/cache/metadata-385.htm
07-05 12:03:54.314   545 13151 I DownloadManager: in removeSpuriousFiles, preserving file /data/data/com.android.providers.downloads/cache/metadata-225.htm
07-05 12:03:54.314   545 13151 I DownloadManager: in removeSpuriousFiles, preserving file /data/data/com.android.providers.downloads/cache/metadata-66.htm
07-05 12:03:54.314   545 13151 I DownloadManager: in removeSpuriousFiles, preserving file /data/data/com.android.providers.downloads/cache/metadata-276.htm
07-05 12:03:54.314   545 13151 I DownloadManager: in removeSpuriousFiles, preserving file /data/data/com.android.providers.downloads/cache/metadata-325.htm
07-05 12:03:54.314   545 13151 I DownloadManager: in removeSpuriousFiles, preserving file /data/data/com.android.providers.downloads/cache/metadata-271.htm
07-05 12:03:54.314   545 13151 I DownloadManager: in removeSpuriousFiles, preserving file /data/data/com.android.providers.downloads/cache/metadata-405.htm
07-05 12:03:54.314   545 13151 I DownloadManager: in removeSpuriousFiles, preserving file /data/data/com.android.providers.downloads/cache/metadata-421.htm
07-05 12:03:54.318   545 13151 I DownloadManager: in removeSpuriousFiles, preserving file /data/data/com.android.providers.downloads/cache/metadata-102.htm
07-05 12:03:54.318   545 13151 I DownloadManager: in removeSpuriousFiles, preserving file /data/data/com.android.providers.downloads/cache/metadata-399.htm
07-05 12:03:54.318   545 13151 I DownloadManager: in removeSpuriousFiles, preserving file /data/data/com.android.providers.downloads/cache/metadata-109.htm
07-05 12:03:54.318   545 13151 I DownloadManager: in removeSpuriousFiles, preserving file /data/data/com.android.providers.downloads/cache/metadata-179.htm
07-05 12:03:54.318   545 13151 I DownloadManager: in removeSpuriousFiles, preserving file /data/data/com.android.providers.downloads/cache/metadata-186.htm
07-05 12:03:54.318   545 13151 I DownloadManager: in removeSpuriousFiles, preserving file /data/data/com.android.providers.downloads/cache/metadata-333.htm
07-05 12:03:54.318   545 13151 I DownloadManager: in removeSpuriousFiles, preserving file /data/data/com.android.providers.downloads/cache/metadata-144.htm
07-05 12:03:54.318   545 13151 I DownloadManager: in removeSpuriousFiles, preserving file /data/data/com.android.providers.downloads/cache/metadata-389.htm
07-05 12:03:54.318   545 13151 I DownloadManager: in removeSpuriousFiles, preserving file /data/data/com.android.providers.downloads/cache/metadata-250.htm
07-05 12:03:54.318   545 13151 I DownloadManager: in removeSpuriousFiles, preserving file /data/data/com.android.providers.downloads/cache/metadata-1063.htm
07-05 12:03:54.318   545 13151 I DownloadManager: in removeSpuriousFiles, preserving file /data/data/com.android.providers.downloads/cache/metadata-195.htm
07-05 12:03:54.318   545 13151 I DownloadManager: in removeSpuriousFiles, preserving file /data/data/com.android.providers.downloads/cache/metadata-86.htm
07-05 12:03:54.318   545 13151 I DownloadManager: in removeSpuriousFiles, preserving file /data/data/com.android.providers.downloads/cache/metadata-97.htm
07-05 12:03:54.318   545 13151 I DownloadManager: in removeSpuriousFiles, preserving file /data/data/com.android.providers.downloads/cache/metadata-407.htm
07-05 12:03:54.318   545 13151 I DownloadManager: in removeSpuriousFiles, preserving file /data/data/com.android.providers.downloads/cache/metadata-514.htm
07-05 12:03:54.318   545 13151 I DownloadManager: in removeSpuriousFiles, preserving file /data/data/com.android.providers.downloads/cache/metadata-476.htm
07-05 12:03:54.318   545 13151 I DownloadManager: in removeSpuriousFiles, preserving file /data/data/com.android.providers.downloads/cache/metadata-413.htm
07-05 12:03:54.318   545 13151 I DownloadManager: in removeSpuriousFiles, preserving file /data/data/com.android.providers.downloads/cache/metadata-242.htm
07-05 12:03:54.322   545 13151 I DownloadManager: in removeSpuriousFiles, preserving file /data/data/com.android.providers.downloads/cache/metadata-166.htm
07-05 12:03:54.322   545 13151 I DownloadManager: in removeSpuriousFiles, preserving file /data/data/com.android.providers.downloads/cache/metadata-340.htm
07-05 12:03:54.322   545 13151 I DownloadManager: in removeSpuriousFiles, preserving file /data/data/com.android.providers.downloads/cache/metadata-531.htm
07-05 12:03:54.322   545 13151 I DownloadManager: in removeSpuriousFiles, preserving file /data/data/com.android.providers.downloads/cache/metadata-444.htm
07-05 12:03:54.322   545 13151 I DownloadManager: in removeSpuriousFiles, preserving file /data/data/com.android.providers.downloads/cache/metadata-484.htm
07-05 12:03:54.322   545 13151 I DownloadManager: in removeSpuriousFiles, preserving file /data/data/com.android.providers.downloads/cache/metadata-1030.htm
07-05 12:03:54.322   545 13151 I DownloadManager: in removeSpuriousFiles, preserving file /data/data/com.android.providers.downloads/cache/metadata-782.htm
07-05 12:03:54.322   545 13151 I DownloadManager: in removeSpuriousFiles, preserving file /data/data/com.android.providers.downloads/cache/metadata-281.htm
07-05 12:03:54.322   545 13151 I DownloadManager: in removeSpuriousFiles, preserving file /data/data/com.android.providers.downloads/cache/metadata-173.htm
07-05 12:03:54.322   545 13151 I DownloadManager: in removeSpuriousFiles, preserving file /data/data/com.android.providers.downloads/cache/metadata-526.htm
07-05 12:03:54.322   545 13151 I DownloadManager: in removeSpuriousFiles, preserving file /data/data/com.android.providers.downloads/cache/metadata-537.htm
07-05 12:03:54.322   545 13151 I DownloadManager: in removeSpuriousFiles, preserving file /data/data/com.android.providers.downloads/cache/metadata-330.htm
07-05 12:03:54.322   545 13151 I DownloadManager: in removeSpuriousFiles, preserving file /data/data/com.android.providers.downloads/cache/metadata-495.htm
07-05 12:03:54.322   545 13151 I DownloadManager: in removeSpuriousFiles, preserving file /data/data/com.android.providers.downloads/cache/metadata-501.htm
07-05 12:03:54.322   545 13151 I DownloadManager: in removeSpuriousFiles, preserving file /data/data/com.android.providers.downloads/cache/metadata-391.htm
07-05 12:03:54.322   545 13151 I DownloadManager: in removeSpuriousFiles, preserving file /data/data/com.android.providers.downloads/cache/metadata-411.htm
07-05 12:03:54.322   545 13151 I DownloadManager: in removeSpuriousFiles, preserving file /data/data/com.android.providers.downloads/cache/metadata-1343.htm
07-05 12:03:54.326   545 13151 I DownloadManager: in removeSpuriousFiles, preserving file /data/data/com.android.providers.downloads/cache/metadata-493.htm
07-05 12:03:54.326   545 13151 I DownloadManager: in removeSpuriousFiles, preserving file /data/data/com.android.providers.downloads/cache/metadata-518.htm
07-05 12:03:54.326   545 13151 I DownloadManager: in removeSpuriousFiles, preserving file /data/data/com.android.providers.downloads/cache/metadata-265.htm
07-05 12:03:54.326   545 13151 I DownloadManager: in removeSpuriousFiles, preserving file /data/data/com.android.providers.downloads/cache/metadata-815.htm
07-05 12:03:54.326   545 13151 I DownloadManager: in removeSpuriousFiles, preserving file /data/data/com.android.providers.downloads/cache/metadata-106.htm
07-05 12:03:54.326   545 13151 I DownloadManager: in removeSpuriousFiles, preserving file /data/data/com.android.providers.downloads/cache/metadata-485.htm
07-05 12:03:54.326   545 13151 I DownloadManager: in removeSpuriousFiles, preserving file /data/data/com.android.providers.downloads/cache/metadata-263.htm
07-05 12:03:54.326   545 13151 I DownloadManager: in removeSpuriousFiles, preserving file /data/data/com.android.providers.downloads/cache/metadata-408.htm
07-05 12:03:54.326   545 13151 I DownloadManager: in removeSpuriousFiles, preserving file /data/data/com.android.providers.downloads/cache/metadata-458.htm
07-05 12:03:54.326   545 13151 I DownloadManager: in removeSpuriousFiles, preserving file /data/data/com.android.providers.downloads/cache/metadata-970.htm
07-05 12:03:54.326   545 13151 I DownloadManager: in removeSpuriousFiles, preserving file /data/data/com.android.providers.downloads/cache/metadata-530.htm
07-05 12:03:54.326   545 13151 I DownloadManager: in removeSpuriousFiles, preserving file /data/data/com.android.providers.downloads/cache/metadata-917.htm
07-05 12:03:54.326   545 13151 I DownloadManager: in removeSpuriousFiles, preserving file /data/data/com.android.providers.downloads/cache/metadata-469.htm
07-05 12:03:54.326   545 13151 I DownloadManager: in removeSpuriousFiles, preserving file /data/data/com.android.providers.downloads/cache/metadata-564.htm
07-05 12:03:54.326   545 13151 I DownloadManager: in removeSpuriousFiles, preserving file /data/data/com.android.providers.downloads/cache/metadata-492.htm
07-05 12:03:54.326   545 13151 I DownloadManager: in removeSpuriousFiles, preserving file /data/data/com.android.providers.downloads/cache/metadata-1423.htm
07-05 12:03:54.326   545 13151 I DownloadManager: in removeSpuriousFiles, preserving file /data/data/com.android.providers.downloads/cache/metadata-426.htm
07-05 12:03:54.330   545 13151 I DownloadManager: in removeSpuriousFiles, preserving file /data/data/com.android.providers.downloads/cache/metadata-633.htm
07-05 12:03:54.330   545 13151 I DownloadManager: in removeSpuriousFiles, preserving file /data/data/com.android.providers.downloads/cache/metadata-1020.htm
07-05 12:03:54.330   545 13151 I DownloadManager: in removeSpuriousFiles, preserving file /data/data/com.android.providers.downloads/cache/metadata-568.htm
07-05 12:03:54.330   545 13151 I DownloadManager: in removeSpuriousFiles, preserving file /data/data/com.android.providers.downloads/cache/metadata-204.htm
07-05 12:03:54.330   545 13151 I DownloadManager: in removeSpuriousFiles, preserving file /data/data/com.android.providers.downloads/cache/metadata-494.htm
07-05 12:03:54.330   545 13151 I DownloadManager: in removeSpuriousFiles, preserving file /data/data/com.android.providers.downloads/cache/metadata-521.htm
07-05 12:03:54.330   545 13151 I DownloadManager: in removeSpuriousFiles, preserving file /data/data/com.android.providers.downloads/cache/metadata-748.htm
07-05 12:03:54.330   545 13151 I DownloadManager: in removeSpuriousFiles, preserving file /data/data/com.android.providers.downloads/cache/metadata-554.htm
07-05 12:03:54.330   545 13151 I DownloadManager: in removeSpuriousFiles, preserving file /data/data/com.android.providers.downloads/cache/metadata-288.htm
07-05 12:03:54.330   545 13151 I DownloadManager: in removeSpuriousFiles, preserving file /data/data/com.android.providers.downloads/cache/metadata-930.htm
07-05 12:03:54.330   545 13151 I DownloadManager: in removeSpuriousFiles, preserving file /data/data/com.android.providers.downloads/cache/metadata-363.htm
07-05 12:03:54.330   545 13151 I DownloadManager: in removeSpuriousFiles, preserving file /data/data/com.android.providers.downloads/cache/metadata-545.htm
07-05 12:03:54.330   545 13151 I DownloadManager: in removeSpuriousFiles, preserving file /data/data/com.android.providers.downloads/cache/metadata-87.htm
07-05 12:03:54.330   545 13151 I DownloadManager: in removeSpuriousFiles, preserving file /data/data/com.android.providers.downloads/cache/metadata-452.htm
07-05 12:03:54.330   545 13151 I DownloadManager: in removeSpuriousFiles, preserving file /data/data/com.android.providers.downloads/cache/metadata-359.htm
07-05 12:03:54.330   545 13151 I DownloadManager: in removeSpuriousFiles, preserving file /data/data/com.android.providers.downloads/cache/metadata-668.htm
07-05 12:03:54.334   545 13151 I DownloadManager: in removeSpuriousFiles, preserving file /data/data/com.android.providers.downloads/cache/metadata-463.htm
07-05 12:03:54.334   545 13151 I DownloadManager: in removeSpuriousFiles, preserving file /data/data/com.android.providers.downloads/cache/metadata-582.htm
07-05 12:03:54.334   545 13151 I DownloadManager: in removeSpuriousFiles, preserving file /data/data/com.android.providers.downloads/cache/metadata-483.htm
07-05 12:03:54.334   545 13151 I DownloadManager: in removeSpuriousFiles, preserving file /data/data/com.android.providers.downloads/cache/metadata-478.htm
07-05 12:03:54.334   545 13151 I DownloadManager: in removeSpuriousFiles, preserving file /data/data/com.android.providers.downloads/cache/metadata-603.htm
07-05 12:03:54.334   545 13151 I DownloadManager: in removeSpuriousFiles, preserving file /data/data/com.android.providers.downloads/cache/metadata-541.htm
07-05 12:03:54.334   545 13151 I DownloadManager: in removeSpuriousFiles, preserving file /data/data/com.android.providers.downloads/cache/metadata-520.htm
07-05 12:03:54.334   545 13151 I DownloadManager: in removeSpuriousFiles, preserving file /data/data/com.android.providers.downloads/cache/metadata-522.htm
07-05 12:03:54.334   545 13151 I DownloadManager: in removeSpuriousFiles, preserving file /data/data/com.android.providers.downloads/cache/metadata-416.htm
07-05 12:03:54.334   545 13151 I DownloadManager: in removeSpuriousFiles, preserving file /data/data/com.android.providers.downloads/cache/metadata-553.htm
07-05 12:03:54.334   545 13151 I DownloadManager: in removeSpuriousFiles, preserving file /data/data/com.android.providers.downloads/cache/metadata-1032.htm
07-05 12:03:54.334   545 13151 I DownloadManager: in removeSpuriousFiles, preserving file /data/data/com.android.providers.downloads/cache/metadata-431.htm
07-05 12:03:54.334   545 13151 I DownloadManager: in removeSpuriousFiles, preserving file /data/data/com.android.providers.downloads/cache/metadata-1206.htm
07-05 12:03:54.334   545 13151 I DownloadManager: in removeSpuriousFiles, preserving file /data/data/com.android.providers.downloads/cache/metadata-702.htm
07-05 12:03:54.334   545 13151 I DownloadManager: in removeSpuriousFiles, preserving file /data/data/com.android.providers.downloads/cache/metadata-634.htm
07-05 12:03:54.338   545 13151 I DownloadManager: in removeSpuriousFiles, preserving file /data/data/com.android.providers.downloads/cache/metadata-409.htm
07-05 12:03:54.338   545 13151 I DownloadManager: in removeSpuriousFiles, preserving file /data/data/com.android.providers.downloads/cache/metadata-403.htm
07-05 12:03:54.338   545 13151 I DownloadManager: in removeSpuriousFiles, preserving file /data/data/com.android.providers.downloads/cache/metadata-491.htm
07-05 12:03:54.338   545 13151 I DownloadManager: in removeSpuriousFiles, preserving file /data/data/com.android.providers.downloads/cache/metadata-482.htm
07-05 12:03:54.338   545 13151 I DownloadManager: in removeSpuriousFiles, preserving file /data/data/com.android.providers.downloads/cache/metadata-574.htm
07-05 12:03:54.338   545 13151 I DownloadManager: in removeSpuriousFiles, preserving file /data/data/com.android.providers.downloads/cache/metadata-257.htm
07-05 12:03:54.338   545 13151 I DownloadManager: in removeSpuriousFiles, preserving file /data/data/com.android.providers.downloads/cache/metadata-638.htm
07-05 12:03:54.338   545 13151 I DownloadManager: in removeSpuriousFiles, preserving file /data/data/com.android.providers.downloads/cache/metadata-419.htm
07-05 12:03:54.338   545 13151 I DownloadManager: in removeSpuriousFiles, preserving file /data/data/com.android.providers.downloads/cache/metadata-1268.htm
07-05 12:03:54.338   545 13151 I DownloadManager: in removeSpuriousFiles, preserving file /data/data/com.android.providers.downloads/cache/metadata-472.htm
07-05 12:03:54.338   545 13151 I DownloadManager: in removeSpuriousFiles, preserving file /data/data/com.android.providers.downloads/cache/metadata-1043.htm
07-05 12:03:54.338   545 13151 I DownloadManager: in removeSpuriousFiles, preserving file /data/data/com.android.providers.downloads/cache/metadata-669.htm
07-05 12:03:54.338   545 13151 I DownloadManager: in removeSpuriousFiles, preserving file /data/data/com.android.providers.downloads/cache/metadata-1024.htm
07-05 12:03:54.338   545 13151 I DownloadManager: in removeSpuriousFiles, preserving file /data/data/com.android.providers.downloads/cache/metadata-1399.htm
07-05 12:03:54.342   545 13151 I DownloadManager: in removeSpuriousFiles, preserving file /data/data/com.android.providers.downloads/cache/metadata-114.htm
07-05 12:03:54.342   545 13151 I DownloadManager: in removeSpuriousFiles, preserving file /data/data/com.android.providers.downloads/cache/metadata-936.htm
07-05 12:03:54.342   545 13151 I DownloadManager: in removeSpuriousFiles, preserving file /data/data/com.android.providers.downloads/cache/metadata-1245.htm
07-05 12:03:54.342   545 13151 I DownloadManager: in removeSpuriousFiles, preserving file /data/data/com.android.providers.downloads/cache/metadata-560.htm
07-05 12:03:54.342   545 13151 I DownloadManager: in removeSpuriousFiles, preserving file /data/data/com.android.providers.downloads/cache/metadata-549.htm
07-05 12:03:54.342   545 13151 I DownloadManager: in removeSpuriousFiles, preserving file /data/data/com.android.providers.downloads/cache/metadata-744.htm
07-05 12:03:54.342   545 13151 I DownloadManager: in removeSpuriousFiles, preserving file /data/data/com.android.providers.downloads/cache/metadata-543.htm
07-05 12:03:54.342   545 13151 I DownloadManager: in removeSpuriousFiles, preserving file /data/data/com.android.providers.downloads/cache/metadata-1459.htm
07-05 12:03:54.345   545 13151 I DownloadManager: in removeSpuriousFiles, preserving file /data/data/com.android.providers.downloads/cache/metadata-33.htm
07-05 12:03:54.345   545 13151 I DownloadManager: in removeSpuriousFiles, preserving file /data/data/com.android.providers.downloads/cache/metadata-270.htm
07-05 12:03:54.345   545 13151 I DownloadManager: in removeSpuriousFiles, preserving file /data/data/com.android.providers.downloads/cache/metadata-339.htm
07-05 12:03:54.345   545 13151 I DownloadManager: in removeSpuriousFiles, preserving file /data/data/com.android.providers.downloads/cache/metadata-310.htm
07-05 12:03:54.345   545 13151 I DownloadManager: in removeSpuriousFiles, preserving file /data/data/com.android.providers.downloads/cache/metadata-337.htm
07-05 12:03:54.345   545 13151 I DownloadManager: in removeSpuriousFiles, preserving file /data/data/com.android.providers.downloads/cache/metadata-1481.htm
07-05 12:03:54.345   545 13151 I DownloadManager: in removeSpuriousFiles, preserving file /data/data/com.android.providers.downloads/cache/metadata-821.htm
07-05 12:03:54.345   545 13151 I DownloadManager: in removeSpuriousFiles, preserving file /data/data/com.android.providers.downloads/cache/metadata-356.htm
07-05 12:03:54.345   545 13151 I DownloadManager: in removeSpuriousFiles, preserving file /data/data/com.android.providers.downloads/cache/metadata-305.htm
07-05 12:03:54.345   545 13151 I DownloadManager: in removeSpuriousFiles, preserving file /data/data/com.android.providers.downloads/cache/metadata-528.htm
07-05 12:03:54.345   545 13151 I DownloadManager: in removeSpuriousFiles, preserving file /data/data/com.android.providers.downloads/cache/metadata-987.htm
07-05 12:03:54.345   545 13151 I DownloadManager: in removeSpuriousFiles, preserving file /data/data/com.android.providers.downloads/cache/metadata-678.htm
07-05 12:03:54.345   545 13151 I DownloadManager: in removeSpuriousFiles, preserving file /data/data/com.android.providers.downloads/cache/metadata-465.htm
07-05 12:03:54.345   545 13151 I DownloadManager: in removeSpuriousFiles, preserving file /data/data/com.android.providers.downloads/cache/metadata-640.htm
07-05 12:03:54.345   545 13151 I DownloadManager: in removeSpuriousFiles, preserving file /data/data/com.android.providers.downloads/cache/metadata-307.htm
07-05 12:03:54.345   545 13151 I DownloadManager: in removeSpuriousFiles, preserving file /data/data/com.android.providers.downloads/cache/metadata-432.htm
07-05 12:03:54.345   545 13151 I DownloadManager: in removeSpuriousFiles, preserving file /data/data/com.android.providers.downloads/cache/metadata-443.htm
07-05 12:03:54.345   545 13151 I DownloadManager: in removeSpuriousFiles, preserving file /data/data/com.android.providers.downloads/cache/metadata-555.htm
07-05 12:03:54.345   545 13151 I DownloadManager: in removeSpuriousFiles, preserving file /data/data/com.android.providers.downloads/cache/metadata-826.htm
07-05 12:03:54.349   545 13151 I DownloadManager: in removeSpuriousFiles, preserving file /data/data/com.android.providers.downloads/cache/metadata-454.htm
07-05 12:03:54.349   545 13151 I DownloadManager: in removeSpuriousFiles, preserving file /data/data/com.android.providers.downloads/cache/metadata-361.htm
07-05 12:03:54.349   545 13151 I DownloadManager: in removeSpuriousFiles, preserving file /data/data/com.android.providers.downloads/cache/metadata-1186.htm
07-05 12:03:54.349   545 13151 I DownloadManager: in removeSpuriousFiles, preserving file /data/data/com.android.providers.downloads/cache/metadata-565.htm
07-05 12:03:54.349   545 13151 I DownloadManager: in removeSpuriousFiles, preserving file /data/data/com.android.providers.downloads/cache/metadata-449.htm
07-05 12:03:54.349   545 13151 I DownloadManager: in removeSpuriousFiles, preserving file /data/data/com.android.providers.downloads/cache/metadata-577.htm
07-05 12:03:54.349   545 13151 I DownloadManager: in removeSpuriousFiles, preserving file /data/data/com.android.providers.downloads/cache/metadata-378.htm
07-05 12:03:54.349   545 13151 I DownloadManager: in removeSpuriousFiles, preserving file /data/data/com.android.providers.downloads/cache/metadata-559.htm
07-05 12:03:54.349   545 13151 I DownloadManager: in removeSpuriousFiles, preserving file /data/data/com.android.providers.downloads/cache/metadata-562.htm
07-05 12:03:54.349   545 13151 I DownloadManager: in removeSpuriousFiles, preserving file /data/data/com.android.providers.downloads/cache/metadata-1414.htm
07-05 12:03:54.349   545 13151 I DownloadManager: in removeSpuriousFiles, preserving file /data/data/com.android.providers.downloads/cache/metadata-504.htm
07-05 12:03:54.349   545 13151 I DownloadManager: in removeSpuriousFiles, preserving file /data/data/com.android.providers.downloads/cache/metadata-287.htm
07-05 12:03:54.349   545 13151 I DownloadManager: in removeSpuriousFiles, preserving file /data/data/com.android.providers.downloads/cache/metadata-497.htm
07-05 12:03:54.349   545 13151 I DownloadManager: in removeSpuriousFiles, preserving file /data/data/com.android.providers.downloads/cache/metadata-913.htm
07-05 12:03:54.349   545 13151 I DownloadManager: in removeSpuriousFiles, preserving file /data/data/com.android.providers.downloads/cache/metadata-464.htm
07-05 12:03:54.349   545 13151 I DownloadManager: in removeSpuriousFiles, preserving file /data/data/com.android.providers.downloads/cache/metadata-540.htm
07-05 12:03:54.349   545 13151 I DownloadManager: in removeSpuriousFiles, preserving file /data/data/com.android.providers.downloads/cache/metadata-558.htm
07-05 12:03:54.349   545 13151 I DownloadManager: in removeSpuriousFiles, preserving file /data/data/com.android.providers.downloads/cache/metadata-535.htm
07-05 12:03:54.353   545 13151 I DownloadManager: in removeSpuriousFiles, preserving file /data/data/com.android.providers.downloads/cache/metadata-440.htm
07-05 12:03:54.353   545 13151 I DownloadManager: in removeSpuriousFiles, preserving file /data/data/com.android.providers.downloads/cache/metadata-508.htm
07-05 12:03:54.353   545 13151 I DownloadManager: in removeSpuriousFiles, preserving file /data/data/com.android.providers.downloads/cache/metadata-1255.htm
07-05 12:03:54.353   545 13151 I DownloadManager: in removeSpuriousFiles, preserving file /data/data/com.android.providers.downloads/cache/metadata-533.htm
07-05 12:03:54.353   545 13151 I DownloadManager: in removeSpuriousFiles, preserving file /data/data/com.android.providers.downloads/cache/metadata-98.htm
07-05 12:03:54.353   545 13151 I DownloadManager: in removeSpuriousFiles, preserving file /data/data/com.android.providers.downloads/cache/metadata-505.htm
07-05 12:03:54.353   545 13151 I DownloadManager: in removeSpuriousFiles, preserving file /data/data/com.android.providers.downloads/cache/metadata-502.htm
07-05 12:03:54.353   545 13151 I DownloadManager: in removeSpuriousFiles, preserving file /data/data/com.android.providers.downloads/cache/metadata-1087.htm
07-05 12:03:54.353   545 13151 I DownloadManager: in removeSpuriousFiles, preserving file /data/data/com.android.providers.downloads/cache/metadata-434.htm
07-05 12:03:54.353   545 13151 I DownloadManager: in removeSpuriousFiles, preserving file /data/data/com.android.providers.downloads/cache/metadata-616.htm
07-05 12:03:54.353   545 13151 I DownloadManager: in removeSpuriousFiles, preserving file /data/data/com.android.providers.downloads/cache/metadata-608.htm
07-05 12:03:54.353   545 13151 I DownloadManager: in removeSpuriousFiles, preserving file /data/data/com.android.providers.downloads/cache/metadata-641.htm
07-05 12:03:54.353   545 13151 I DownloadManager: in removeSpuriousFiles, preserving file /data/data/com.android.providers.downloads/cache/metadata-238.htm
07-05 12:03:54.353   545 13151 I DownloadManager: in removeSpuriousFiles, preserving file /data/data/com.android.providers.downloads/cache/metadata-523.htm
07-05 12:03:54.353   545 13151 I DownloadManager: in removeSpuriousFiles, preserving file /data/data/com.android.providers.downloads/cache/metadata-487.htm
07-05 12:03:54.353   545 13151 I DownloadManager: in removeSpuriousFiles, preserving file /data/data/com.android.providers.downloads/cache/metadata-235.htm
07-05 12:03:54.353   545 13151 I DownloadManager: in removeSpuriousFiles, preserving file /data/data/com.android.providers.downloads/cache/metadata-99.htm
07-05 12:03:54.353   545 13151 I DownloadManager: in removeSpuriousFiles, preserving file /data/data/com.android.providers.downloads/cache/metadata-1424.htm
07-05 12:03:54.357   545 13151 I DownloadManager: in removeSpuriousFiles, preserving file /data/data/com.android.providers.downloads/cache/metadata-600.htm
07-05 12:03:54.357   545 13151 I DownloadManager: in removeSpuriousFiles, preserving file /data/data/com.android.providers.downloads/cache/metadata-738.htm
07-05 12:03:54.357   545 13151 I DownloadManager: in removeSpuriousFiles, preserving file /data/data/com.android.providers.downloads/cache/metadata-524.htm
07-05 12:03:54.357   545 13151 I DownloadManager: in removeSpuriousFiles, preserving file /data/data/com.android.providers.downloads/cache/metadata-542.htm
07-05 12:03:54.357   545 13151 I DownloadManager: in removeSpuriousFiles, preserving file /data/data/com.android.providers.downloads/cache/metadata-731.htm
07-05 12:03:54.357   545 13151 I DownloadManager: in removeSpuriousFiles, preserving file /data/data/com.android.providers.downloads/cache/metadata-525.htm
07-05 12:03:54.357   545 13151 I DownloadManager: in removeSpuriousFiles, preserving file /data/data/com.android.providers.downloads/cache/metadata-551.htm
07-05 12:03:54.357   545 13151 I DownloadManager: in removeSpuriousFiles, preserving file /data/data/com.android.providers.downloads/cache/metadata-703.htm
07-05 12:03:54.357   545 13151 I DownloadManager: in removeSpuriousFiles, preserving file /data/data/com.android.providers.downloads/cache/metadata-309.htm
07-05 12:03:54.357   545 13151 I DownloadManager: in removeSpuriousFiles, preserving file /data/data/com.android.providers.downloads/cache/metadata-1305.htm
07-05 12:03:54.357   545 13151 I DownloadManager: in removeSpuriousFiles, preserving file /data/data/com.android.providers.downloads/cache/metadata-1304.htm
07-05 12:03:54.357   545 13151 I DownloadManager: in removeSpuriousFiles, preserving file /data/data/com.android.providers.downloads/cache/metadata-1162.htm
07-05 12:03:54.357   545 13151 I DownloadManager: in removeSpuriousFiles, preserving file /data/data/com.android.providers.downloads/cache/metadata-1196.htm
07-05 12:03:54.357   545 13151 I DownloadManager: in removeSpuriousFiles, preserving file /data/data/com.android.providers.downloads/cache/metadata-727.htm
07-05 12:03:54.357   545 13151 I DownloadManager: in removeSpuriousFiles, preserving file /data/data/com.android.providers.downloads/cache/metadata-519.htm
07-05 12:03:54.357   545 13151 I DownloadManager: in removeSpuriousFiles, preserving file /data/data/com.android.providers.downloads/cache/metadata-1413.htm
07-05 12:03:54.357   545 13151 I DownloadManager: in removeSpuriousFiles, preserving file /data/data/com.android.providers.downloads/cache/metadata-622.htm
07-05 12:03:54.361   545 13151 I DownloadManager: in removeSpuriousFiles, preserving file /data/data/com.android.providers.downloads/cache/metadata-1402.htm
07-05 12:03:54.361   545 13151 I DownloadManager: in removeSpuriousFiles, preserving file /data/data/com.android.providers.downloads/cache/metadata-1962.htm
07-05 12:03:54.361   545 13151 I DownloadManager: in removeSpuriousFiles, preserving file /data/data/com.android.providers.downloads/cache/metadata-618.htm
07-05 12:03:54.361   545 13151 I DownloadManager: in removeSpuriousFiles, preserving file /data/data/com.android.providers.downloads/cache/metadata-570.htm
07-05 12:03:54.361   545 13151 I DownloadManager: in removeSpuriousFiles, preserving file /data/data/com.android.providers.downloads/cache/metadata-247.htm
07-05 12:03:54.361   545 13151 I DownloadManager: in removeSpuriousFiles, preserving file /data/data/com.android.providers.downloads/cache/metadata-853.htm
07-05 12:03:54.361   545 13151 I DownloadManager: in removeSpuriousFiles, preserving file /data/data/com.android.providers.downloads/cache/metadata-733.htm
07-05 12:03:54.361   545 13151 I DownloadManager: in removeSpuriousFiles, preserving file /data/data/com.android.providers.downloads/cache/metadata-1140.htm
07-05 12:03:54.361   545 13151 I DownloadManager: in removeSpuriousFiles, preserving file /data/data/com.android.providers.downloads/cache/metadata-572.htm
07-05 12:03:54.361   545 13151 I DownloadManager: in removeSpuriousFiles, preserving file /data/data/com.android.providers.downloads/cache/metadata-1120.htm
07-05 12:03:54.361   545 13151 I DownloadManager: in removeSpuriousFiles, preserving file /data/data/com.android.providers.downloads/cache/metadata-1338.htm
07-05 12:03:54.365   545 13151 I DownloadManager: in removeSpuriousFiles, preserving file /data/data/com.android.providers.downloads/cache/metadata-1244.htm
07-05 12:03:54.365   545 13151 I DownloadManager: in removeSpuriousFiles, preserving file /data/data/com.android.providers.downloads/cache/metadata-646.htm
07-05 12:03:54.365   545 13151 I DownloadManager: in removeSpuriousFiles, preserving file /data/data/com.android.providers.downloads/cache/metadata-1080.htm
07-05 12:03:54.365   545 13151 I DownloadManager: in removeSpuriousFiles, preserving file /data/data/com.android.providers.downloads/cache/metadata-1208.htm
07-05 12:03:54.365   545 13151 I DownloadManager: in removeSpuriousFiles, preserving file /data/data/com.android.providers.downloads/cache/metadata-596.htm
07-05 12:03:54.365   545 13151 I DownloadManager: in removeSpuriousFiles, preserving file /data/data/com.android.providers.downloads/cache/metadata-823.htm
07-05 12:03:54.365   545 13151 I DownloadManager: in removeSpuriousFiles, preserving file /data/data/com.android.providers.downloads/cache/metadata-660.htm
07-05 12:03:54.365   545 13151 I DownloadManager: in removeSpuriousFiles, preserving file /data/data/com.android.providers.downloads/cache/metadata-1276.htm
07-05 12:03:54.365   545 13151 I DownloadManager: in removeSpuriousFiles, preserving file /data/data/com.android.providers.downloads/cache/metadata-470.htm
07-05 12:03:54.365   545 13151 I DownloadManager: in removeSpuriousFiles, preserving file /data/data/com.android.providers.downloads/cache/metadata-601.htm
07-05 12:03:54.365   545 13151 I DownloadManager: in removeSpuriousFiles, preserving file /data/data/com.android.providers.downloads/cache/metadata-635.htm
07-05 12:03:54.365   545 13151 I DownloadManager: in removeSpuriousFiles, preserving file /data/data/com.android.providers.downloads/cache/metadata-993.htm
07-05 12:03:54.365   545 13151 I DownloadManager: in removeSpuriousFiles, preserving file /data/data/com.android.providers.downloads/cache/metadata-916.htm
07-05 12:03:54.365   545 13151 I DownloadManager: in removeSpuriousFiles, preserving file /data/data/com.android.providers.downloads/cache/metadata-1433.htm
07-05 12:03:54.369   545 13151 I DownloadManager: in removeSpuriousFiles, preserving file /data/data/com.android.providers.downloads/cache/metadata-1055.htm
07-05 12:03:54.369   545 13151 I DownloadManager: in removeSpuriousFiles, preserving file /data/data/com.android.providers.downloads/cache/metadata-898.htm
07-05 12:03:54.369   545 13151 I DownloadManager: in removeSpuriousFiles, preserving file /data/data/com.android.providers.downloads/cache/metadata-674.htm
07-05 12:03:54.369   545 13151 I DownloadManager: in removeSpuriousFiles, preserving file /data/data/com.android.providers.downloads/cache/metadata-1113.htm
07-05 12:03:54.369   545 13151 I DownloadManager: in removeSpuriousFiles, preserving file /data/data/com.android.providers.downloads/cache/metadata-1168.htm
07-05 12:03:54.369   545 13151 I DownloadManager: in removeSpuriousFiles, preserving file /data/data/com.android.providers.downloads/cache/metadata-1333.htm
07-05 12:03:54.369   545 13151 I DownloadManager: in removeSpuriousFiles, preserving file /data/data/com.android.providers.downloads/cache/metadata-1184.htm
07-05 12:03:54.369   545 13151 I DownloadManager: in removeSpuriousFiles, preserving file /data/data/com.android.providers.downloads/cache/metadata-611.htm
07-05 12:03:54.369   545 13151 I DownloadManager: in removeSpuriousFiles, preserving file /data/data/com.android.providers.downloads/cache/metadata-875.htm
07-05 12:03:54.369   545 13151 I DownloadManager: in removeSpuriousFiles, preserving file /data/data/com.android.providers.downloads/cache/metadata-585.htm
07-05 12:03:54.369   545 13151 I DownloadManager: in removeSpuriousFiles, preserving file /data/data/com.android.providers.downloads/cache/metadata-1334.htm
07-05 12:03:54.369   545 13151 I DownloadManager: in removeSpuriousFiles, preserving file /data/data/com.android.providers.downloads/cache/metadata-455.htm
07-05 12:03:54.369   545 13151 I DownloadManager: in removeSpuriousFiles, preserving file /data/data/com.android.providers.downloads/cache/metadata-592.htm
07-05 12:03:54.369   545 13151 I DownloadManager: in removeSpuriousFiles, preserving file /data/data/com.android.providers.downloads/cache/metadata-1675.htm
07-05 12:03:54.369   545 13151 I DownloadManager: in removeSpuriousFiles, preserving file /data/data/com.android.providers.downloads/cache/metadata-557.htm
07-05 12:03:54.369   545 13151 I DownloadManager: in removeSpuriousFiles, preserving file /data/data/com.android.providers.downloads/cache/metadata-1619.htm
07-05 12:03:54.373   545 13151 I DownloadManager: in removeSpuriousFiles, preserving file /data/data/com.android.providers.downloads/cache/metadata-1590.htm
07-05 12:03:54.373   545 13151 I DownloadManager: in removeSpuriousFiles, preserving file /data/data/com.android.providers.downloads/cache/metadata-838.htm
07-05 12:03:54.373   545 13151 I DownloadManager: in removeSpuriousFiles, preserving file /data/data/com.android.providers.downloads/cache/metadata-429.htm
07-05 12:03:54.373   545 13151 I DownloadManager: in removeSpuriousFiles, preserving file /data/data/com.android.providers.downloads/cache/metadata-1144.htm
07-05 12:03:54.373   545 13151 I DownloadManager: in removeSpuriousFiles, preserving file /data/data/com.android.providers.downloads/cache/metadata-670.htm
07-05 12:03:54.373   545 13151 I DownloadManager: in removeSpuriousFiles, preserving file /data/data/com.android.providers.downloads/cache/metadata-1104.htm
07-05 12:03:54.373   545 13151 I DownloadManager: in removeSpuriousFiles, preserving file /data/data/com.android.providers.downloads/cache/metadata-561.htm
07-05 12:03:54.373   545 13151 I DownloadManager: in removeSpuriousFiles, preserving file /data/data/com.android.providers.downloads/cache/metadata-689.htm
07-05 12:03:54.373   545 13151 I DownloadManager: in removeSpuriousFiles, preserving file /data/data/com.android.providers.downloads/cache/metadata-612.htm
07-05 12:03:54.373   545 13151 I DownloadManager: in removeSpuriousFiles, preserving file /data/data/com.android.providers.downloads/cache/metadata-1093.htm
07-05 12:03:54.373   545 13151 I DownloadManager: in removeSpuriousFiles, preserving file /data/data/com.android.providers.downloads/cache/metadata-1155.htm
07-05 12:03:54.373   545 13151 I DownloadManager: in removeSpuriousFiles, preserving file /data/data/com.android.providers.downloads/cache/metadata-272.htm
07-05 12:03:54.373   545 13151 I DownloadManager: in removeSpuriousFiles, preserving file /data/data/com.android.providers.downloads/cache/metadata-129.htm
07-05 12:03:54.373   545 13151 I DownloadManager: in removeSpuriousFiles, preserving file /data/data/com.android.providers.downloads/cache/metadata-456.htm
07-05 12:03:54.373   545 13151 I DownloadManager: in removeSpuriousFiles, preserving file /data/data/com.android.providers.downloads/cache/metadata-1261.htm
07-05 12:03:54.373   545 13151 I DownloadManager: in removeSpuriousFiles, preserving file /data/data/com.android.providers.downloads/cache/metadata-503.htm
07-05 12:03:54.373   545 13151 I DownloadManager: in removeSpuriousFiles, preserving file /data/data/com.android.providers.downloads/cache/metadata-1058.htm
