07-20 21:05:13.636   887   900 D PicasaSyncManager: active network: NetworkInfo: type: mobile[CDMA - EvDo rev. A], state: CONNECTED/CONNECTED, reason: 2GVoiceCallEnded, extra: , roaming: false, failover: false, isAvailable: true
07-20 21:05:13.687   887   900 D PicasaSyncManager: background data: true
07-20 21:05:13.711   865   865 I MediaUploader: No need to wake up
07-20 21:05:13.722   463   463 I PhoneLab-WiFiReceiver: Wi-Fi is disconnected!
07-20 21:05:13.816   865   865 I MediaUploader: No need to wake up
07-20 21:05:13.840   887   900 D PicasaSyncManager: active network: NetworkInfo: type: mobile[CDMA - EvDo rev. A], state: CONNECTED/CONNECTED, reason: 2GVoiceCallEnded, extra: , roaming: false, failover: false, isAvailable: true
07-20 21:05:13.840   887   900 D PicasaSyncManager: background data: true
07-20 21:05:14.015   144   146 D dalvikvm: GC_CONCURRENT freed 999K, 12% free 13482K/15239K, paused 5ms+14ms
07-20 21:05:14.097   144   200 D ConnectivityService: handleInetConditionHoldEnd: net=0, condition=100, published condition=100
07-20 21:05:14.246   270   272 D dalvikvm: GC_CONCURRENT freed 328K, 8% free 10254K/11079K, paused 10ms+18ms
07-20 21:05:14.679   270   272 D dalvikvm: GC_CONCURRENT freed 1295K, 16% free 9346K/11079K, paused 3ms+4ms
07-20 21:05:15.019   270   272 D dalvikvm: GC_CONCURRENT freed 327K, 16% free 9406K/11079K, paused 2ms+3ms
07-20 21:05:15.406   270   272 D dalvikvm: GC_CONCURRENT freed 325K, 15% free 9472K/11079K, paused 3ms+12ms
07-20 21:05:15.746   270   272 D dalvikvm: GC_CONCURRENT freed 329K, 14% free 9528K/11079K, paused 3ms+3ms
07-20 21:05:16.117   270   272 D dalvikvm: GC_CONCURRENT freed 326K, 14% free 9589K/11079K, paused 2ms+4ms
07-20 21:05:16.418   270   272 D dalvikvm: GC_CONCURRENT freed 327K, 13% free 9650K/11079K, paused 3ms+5ms
07-20 21:05:16.808   270   272 D dalvikvm: GC_CONCURRENT freed 325K, 13% free 9715K/11079K, paused 2ms+4ms
07-20 21:05:17.187   270   272 D dalvikvm: GC_CONCURRENT freed 328K, 12% free 9775K/11079K, paused 2ms+4ms
07-20 21:05:17.484   270   272 D dalvikvm: GC_CONCURRENT freed 328K, 12% free 9833K/11079K, paused 2ms+14ms
07-20 21:05:17.812   270   272 D dalvikvm: GC_CONCURRENT freed 326K, 11% free 9894K/11079K, paused 2ms+4ms
07-20 21:05:18.215   270   272 D dalvikvm: GC_CONCURRENT freed 326K, 11% free 9954K/11079K, paused 3ms+12ms
07-20 21:05:18.597   270   272 D dalvikvm: GC_CONCURRENT freed 326K, 10% free 10014K/11079K, paused 3ms+4ms
07-20 21:05:18.640   268   268 I wpa_supplicant: wlan0: Trying to associate with SSID 'UBMESH2'
07-20 21:05:18.656   268   268 I wpa_supplicant: wlan0: Association request to the driver failed
07-20 21:05:18.656   268   268 I wpa_supplicant: wlan0: CTRL-EVENT-DISCONNECTED bssid=ca:a0:65:f4:2f:a6 reason=0
07-20 21:05:18.660    75   117 D CommandListener: Clearing all IP addresses on wlan0
07-20 21:05:18.675   144   200 D ConnectivityService: ConnectivityChange for WIFI: DISCONNECTED/DISCONNECTED
07-20 21:05:18.675   144   200 D ConnectivityService: Attempting to switch to mobile
07-20 21:05:18.675   144   200 D ConnectivityService: Attempting to switch to WIMAX
07-20 21:05:18.675   144   200 D ConnectivityService: Attempting to switch to BLUETOOTH_TETHER
07-20 21:05:18.695   144   195 W NetworkStats: dropping UID delta from unknown iface: iface=wlan0 uid=0 set=DEFAULT tag=0x0 rxBytes=0 rxPackets=0 txBytes=328 txPackets=5 operations=0
07-20 21:05:18.718   144   196 D NetworkPolicy: applying policy NetworkPolicy[NetworkTemplate: matchRule=MOBILE_ALL, subscriberId=valid]: cycleDay=5, warningBytes=2147483648, limitBytes=-1, lastSnooze=-1 to ifaces [rmnet0]
07-20 21:05:18.765   268   268 E wpa_supplicant: ioctl[SIOCSIWPRIV] (cscan): -1
07-20 21:05:18.765   268   268 W wpa_supplicant: wlan0: Failed to initiate AP scan
07-20 21:05:18.781   144   196 D NetworkPolicy: applying policy NetworkPolicy[NetworkTemplate: matchRule=MOBILE_ALL, subscriberId=valid]: cycleDay=5, warningBytes=2147483648, limitBytes=-1, lastSnooze=-1 to ifaces [rmnet0]
07-20 21:05:19.093   270   272 D dalvikvm: GC_CONCURRENT freed 326K, 10% free 10076K/11079K, paused 2ms+3ms
07-20 21:05:19.132   268   268 I wpa_supplicant: wlan0: Associated with fe:64:14:da:59:2a
07-20 21:05:19.132   268   268 I wpa_supplicant: wlan0: CTRL-EVENT-CONNECTED - Connection to fe:64:14:da:59:2a completed (reauth) [id=6 id_str=]
07-20 21:05:19.230   463   465 D dalvikvm: GC_CONCURRENT freed 456K, 7% free 9077K/9671K, paused 3ms+12ms
07-20 21:05:19.652   270   272 D dalvikvm: GC_CONCURRENT freed 326K, 9% free 10139K/11079K, paused 3ms+4ms
07-20 21:05:19.988   270   272 D dalvikvm: GC_CONCURRENT freed 327K, 8% free 10197K/11079K, paused 2ms+3ms
07-20 21:05:21.695   144   204 D Tethering: MasterInitialState.processMessage what=3
07-20 21:05:21.742   144   204 D Tethering: MasterInitialState.processMessage what=3
07-20 21:05:21.816   865   865 I MediaUploader: No need to wake up
07-20 21:05:21.824   463   463 I PhoneLab-WiFiReceiver: Wi-Fi is disconnected!
07-20 21:05:21.855   887   900 D PicasaSyncManager: active network: NetworkInfo: type: mobile[CDMA - EvDo rev. A], state: CONNECTED/CONNECTED, reason: 2GVoiceCallEnded, extra: , roaming: false, failover: false, isAvailable: true
07-20 21:05:21.871   887   900 D PicasaSyncManager: background data: true
07-20 21:05:21.882   887   900 D PicasaSyncManager: active network: NetworkInfo: type: mobile[CDMA - EvDo rev. A], state: CONNECTED/CONNECTED, reason: 2GVoiceCallEnded, extra: , roaming: false, failover: false, isAvailable: true
07-20 21:05:21.922   865   865 I MediaUploader: No need to wake up
07-20 21:05:21.937   887   900 D PicasaSyncManager: background data: true
07-20 21:05:22.215   270   272 D dalvikvm: GC_CONCURRENT freed 326K, 8% free 10259K/11079K, paused 2ms+27ms
07-20 21:05:22.394   144   200 D ConnectivityService: handleInetConditionHoldEnd: net=0, condition=100, published condition=100
07-20 21:05:22.523   144   146 D dalvikvm: GC_CONCURRENT freed 1001K, 12% free 13480K/15239K, paused 4ms+10ms
07-20 21:05:22.742   270   272 D dalvikvm: GC_CONCURRENT freed 1295K, 16% free 9351K/11079K, paused 2ms+12ms
07-20 21:05:23.093   270   272 D dalvikvm: GC_CONCURRENT freed 326K, 16% free 9410K/11079K, paused 2ms+5ms
07-20 21:05:23.382   270   272 D dalvikvm: GC_CONCURRENT freed 325K, 15% free 9472K/11079K, paused 1ms+4ms
07-20 21:05:23.715   270   272 D dalvikvm: GC_CONCURRENT freed 326K, 14% free 9532K/11079K, paused 2ms+32ms
07-20 21:05:24.097   270   272 D dalvikvm: GC_CONCURRENT freed 326K, 14% free 9592K/11079K, paused 4ms+18ms
07-20 21:05:24.449   270   272 D dalvikvm: GC_CONCURRENT freed 327K, 13% free 9654K/11079K, paused 3ms+4ms
07-20 21:05:24.882   270   272 D dalvikvm: GC_CONCURRENT freed 326K, 13% free 9715K/11079K, paused 2ms+3ms
07-20 21:05:25.152   144  1150 E DhcpStateMachine: DHCP failed on wlan0: Timed out waiting for DHCP to finish
07-20 21:05:25.261   270   272 D dalvikvm: GC_CONCURRENT freed 325K, 12% free 9777K/11079K, paused 3ms+3ms
07-20 21:05:25.355   144   198 E WifiStateMachine: IP configuration failed
07-20 21:05:25.363    75   117 D CommandListener: Clearing all IP addresses on wlan0
07-20 21:05:25.379   144   200 D ConnectivityService: ConnectivityChange for WIFI: DISCONNECTED/DISCONNECTED
07-20 21:05:25.379   144   200 D ConnectivityService: Attempting to switch to mobile
07-20 21:05:25.379   144   200 D ConnectivityService: Attempting to switch to WIMAX
07-20 21:05:25.379   144   200 D ConnectivityService: Attempting to switch to BLUETOOTH_TETHER
07-20 21:05:25.394   144   195 W NetworkStats: dropping UID delta from unknown iface: iface=wlan0 uid=0 set=DEFAULT tag=0x0 rxBytes=0 rxPackets=0 txBytes=252 txPackets=4 operations=0
07-20 21:05:25.406   144  1160 E DhcpStateMachine: DHCP failed on wlan0: DHCP result was failed
07-20 21:05:25.437   144   196 D NetworkPolicy: applying policy NetworkPolicy[NetworkTemplate: matchRule=MOBILE_ALL, subscriberId=valid]: cycleDay=5, warningBytes=2147483648, limitBytes=-1, lastSnooze=-1 to ifaces [rmnet0]
07-20 21:05:25.488   144   196 D NetworkPolicy: applying policy NetworkPolicy[NetworkTemplate: matchRule=MOBILE_ALL, subscriberId=valid]: cycleDay=5, warningBytes=2147483648, limitBytes=-1, lastSnooze=-1 to ifaces [rmnet0]
07-20 21:05:25.515   144  1158 E DhcpStateMachine: DHCP failed on wlan0: DHCP result was failed
07-20 21:05:25.539   144  1162 E DhcpStateMachine: DHCP failed on wlan0: DHCP result was failed
07-20 21:05:25.828   270   272 D dalvikvm: GC_CONCURRENT freed 326K, 12% free 9839K/11079K, paused 2ms+5ms
07-20 21:05:26.246   270   272 D dalvikvm: GC_CONCURRENT freed 328K, 11% free 9897K/11079K, paused 2ms+3ms
07-20 21:05:26.519   268   268 I wpa_supplicant: wlan0: Trying to associate with SSID 'UBMESH2'
07-20 21:05:26.527   268   268 I wpa_supplicant: wlan0: Association request to the driver failed
07-20 21:05:26.531   268   268 I wpa_supplicant: wlan0: CTRL-EVENT-DISCONNECTED bssid=00:00:00:00:00:00 reason=0
07-20 21:05:26.636   268   268 E wpa_supplicant: ioctl[SIOCSIWPRIV] (cscan): -1
07-20 21:05:26.636   268   268 W wpa_supplicant: wlan0: Failed to initiate AP scan
07-20 21:05:26.652   270   272 D dalvikvm: GC_CONCURRENT freed 327K, 11% free 9957K/11079K, paused 57ms+5ms
07-20 21:05:27.007   268   268 I wpa_supplicant: wlan0: Associated with 7e:83:c8:3e:41:f5
07-20 21:05:27.007   268   268 I wpa_supplicant: wlan0: CTRL-EVENT-CONNECTED - Connection to 7e:83:c8:3e:41:f5 completed (reauth) [id=6 id_str=]
07-20 21:05:27.097   270   272 D dalvikvm: GC_CONCURRENT freed 327K, 10% free 10017K/11079K, paused 2ms+13ms
07-20 21:05:27.562   270   272 D dalvikvm: GC_CONCURRENT freed 325K, 10% free 10078K/11079K, paused 2ms+3ms
07-20 21:05:27.992   270   272 D dalvikvm: GC_CONCURRENT freed 324K, 9% free 10141K/11079K, paused 3ms+3ms
07-20 21:05:28.390   144   204 D Tethering: MasterInitialState.processMessage what=3
07-20 21:05:28.437   144   204 D Tethering: MasterInitialState.processMessage what=3
07-20 21:05:28.547   865   865 I MediaUploader: No need to wake up
07-20 21:05:28.558   463   463 I PhoneLab-WiFiReceiver: Wi-Fi is disconnected!
07-20 21:05:28.570   270   272 D dalvikvm: GC_CONCURRENT freed 326K, 8% free 10205K/11079K, paused 3ms+13ms
07-20 21:05:28.695   865   865 I MediaUploader: No need to wake up
07-20 21:05:28.707   887   900 D PicasaSyncManager: active network: NetworkInfo: type: mobile[CDMA - EvDo rev. A], state: CONNECTED/CONNECTED, reason: 2GVoiceCallEnded, extra: , roaming: false, failover: false, isAvailable: true
07-20 21:05:28.722   887   900 D PicasaSyncManager: background data: true
07-20 21:05:28.754   443   446 D dalvikvm: GC_CONCURRENT freed 424K, 8% free 10118K/10887K, paused 2ms+4ms
07-20 21:05:28.765   887   900 D PicasaSyncManager: active network: NetworkInfo: type: mobile[CDMA - EvDo rev. A], state: CONNECTED/CONNECTED, reason: 2GVoiceCallEnded, extra: , roaming: false, failover: false, isAvailable: true
07-20 21:05:28.781   887   900 D PicasaSyncManager: background data: true
07-20 21:05:28.941   144   200 D ConnectivityService: handleInetConditionHoldEnd: net=0, condition=100, published condition=100
07-20 21:05:29.332   270   272 D dalvikvm: GC_CONCURRENT freed 322K, 8% free 10270K/11079K, paused 2ms+4ms
07-20 21:05:29.707   270   272 D dalvikvm: GC_CONCURRENT freed 483K, 9% free 10173K/11079K, paused 2ms+10ms
07-20 21:05:30.070   214   214 I PowerUI : updating low battery warning: level=7 [-1]
07-20 21:05:30.132   270   272 D dalvikvm: GC_CONCURRENT freed 399K, 9% free 10163K/11079K, paused 10ms+3ms
07-20 21:05:30.539   144   146 D dalvikvm: GC_CONCURRENT freed 1016K, 12% free 13471K/15239K, paused 7ms+14ms
07-20 21:05:34.640   268   268 I wpa_supplicant: wlan0: Trying to associate with SSID 'UBMESH2'
07-20 21:05:34.652   268   268 I wpa_supplicant: wlan0: Association request to the driver failed
07-20 21:05:34.656   268   268 I wpa_supplicant: wlan0: CTRL-EVENT-DISCONNECTED bssid=7e:83:c8:3e:41:f5 reason=0
07-20 21:05:34.660    75   117 D CommandListener: Clearing all IP addresses on wlan0
07-20 21:05:34.668   144   200 D ConnectivityService: ConnectivityChange for WIFI: DISCONNECTED/DISCONNECTED
07-20 21:05:34.668   144   200 D ConnectivityService: Attempting to switch to mobile
07-20 21:05:34.668   144   200 D ConnectivityService: Attempting to switch to WIMAX
07-20 21:05:34.668   144   200 D ConnectivityService: Attempting to switch to BLUETOOTH_TETHER
07-20 21:05:34.687   144   195 W NetworkStats: dropping UID delta from unknown iface: iface=wlan0 uid=0 set=DEFAULT tag=0x0 rxBytes=0 rxPackets=0 txBytes=328 txPackets=5 operations=0
07-20 21:05:34.738   144   196 D NetworkPolicy: applying policy NetworkPolicy[NetworkTemplate: matchRule=MOBILE_ALL, subscriberId=valid]: cycleDay=5, warningBytes=2147483648, limitBytes=-1, lastSnooze=-1 to ifaces [rmnet0]
07-20 21:05:34.757   268   268 E wpa_supplicant: ioctl[SIOCSIWPRIV] (cscan): -1
07-20 21:05:34.757   268   268 W wpa_supplicant: wlan0: Failed to initiate AP scan
07-20 21:05:34.765   144   196 D NetworkPolicy: applying policy NetworkPolicy[NetworkTemplate: matchRule=MOBILE_ALL, subscriberId=valid]: cycleDay=5, warningBytes=2147483648, limitBytes=-1, lastSnooze=-1 to ifaces [rmnet0]
07-20 21:05:35.132   268   268 I wpa_supplicant: wlan0: Associated with 12:bf:f4:04:a0:24
07-20 21:05:35.132   268   268 I wpa_supplicant: wlan0: CTRL-EVENT-CONNECTED - Connection to 12:bf:f4:04:a0:24 completed (reauth) [id=6 id_str=]
07-20 21:05:37.687   144   204 D Tethering: MasterInitialState.processMessage what=3
07-20 21:05:37.734   144   204 D Tethering: MasterInitialState.processMessage what=3
07-20 21:05:37.765   887   900 D PicasaSyncManager: active network: NetworkInfo: type: mobile[CDMA - EvDo rev. A], state: CONNECTED/CONNECTED, reason: 2GVoiceCallEnded, extra: , roaming: false, failover: false, isAvailable: true
07-20 21:05:37.765   887   900 D PicasaSyncManager: background data: true
07-20 21:05:37.828   865   865 I MediaUploader: No need to wake up
07-20 21:05:37.840   463   463 I PhoneLab-WiFiReceiver: Wi-Fi is disconnected!
07-20 21:05:37.906   887   900 D PicasaSyncManager: active network: NetworkInfo: type: mobile[CDMA - EvDo rev. A], state: CONNECTED/CONNECTED, reason: 2GVoiceCallEnded, extra: , roaming: false, failover: false, isAvailable: true
07-20 21:05:37.933   865   865 I MediaUploader: No need to wake up
07-20 21:05:37.949   887   900 D PicasaSyncManager: background data: true
07-20 21:05:38.254   144   200 D ConnectivityService: handleInetConditionHoldEnd: net=0, condition=100, published condition=100
07-20 21:05:38.425   270   272 D dalvikvm: GC_CONCURRENT freed 299K, 8% free 10251K/11079K, paused 2ms+17ms
07-20 21:05:38.894   144   146 D dalvikvm: GC_CONCURRENT freed 988K, 12% free 13476K/15239K, paused 3ms+12ms
07-20 21:05:38.980   270   272 D dalvikvm: GC_CONCURRENT freed 1260K, 16% free 9378K/11079K, paused 2ms+4ms
07-20 21:05:39.273   270   272 D dalvikvm: GC_CONCURRENT freed 325K, 15% free 9441K/11079K, paused 3ms+12ms
07-20 21:05:39.636   270   272 D dalvikvm: GC_CONCURRENT freed 328K, 15% free 9499K/11079K, paused 2ms+5ms
07-20 21:05:40.039   270   272 D dalvikvm: GC_CONCURRENT freed 326K, 14% free 9560K/11079K, paused 2ms+3ms
07-20 21:05:40.429   270   272 D dalvikvm: GC_CONCURRENT freed 326K, 14% free 9621K/11079K, paused 2ms+11ms
07-20 21:05:40.750   270   272 D dalvikvm: GC_CONCURRENT freed 326K, 13% free 9681K/11079K, paused 2ms+13ms
07-20 21:05:41.148   270   272 D dalvikvm: GC_CONCURRENT freed 324K, 13% free 9744K/11079K, paused 2ms+5ms
07-20 21:05:41.453   270   272 D dalvikvm: GC_CONCURRENT freed 326K, 12% free 9804K/11079K, paused 10ms+12ms
07-20 21:05:41.761   270   272 D dalvikvm: GC_CONCURRENT freed 328K, 11% free 9863K/11079K, paused 2ms+4ms
07-20 21:05:42.097   270   272 D dalvikvm: GC_CONCURRENT freed 326K, 11% free 9924K/11079K, paused 2ms+5ms
07-20 21:05:42.429   270   272 D dalvikvm: GC_CONCURRENT freed 326K, 10% free 9985K/11079K, paused 3ms+12ms
07-20 21:05:42.765   268   268 I wpa_supplicant: wlan0: Trying to associate with SSID 'UBMESH2'
07-20 21:05:42.781   268   268 I wpa_supplicant: wlan0: Association request to the driver failed
07-20 21:05:42.781   268   268 I wpa_supplicant: wlan0: CTRL-EVENT-DISCONNECTED bssid=12:bf:f4:04:a0:24 reason=0
07-20 21:05:42.785    75   117 D CommandListener: Clearing all IP addresses on wlan0
07-20 21:05:42.797   144   200 D ConnectivityService: ConnectivityChange for WIFI: DISCONNECTED/DISCONNECTED
07-20 21:05:42.797   144   200 D ConnectivityService: Attempting to switch to mobile
07-20 21:05:42.797   144   200 D ConnectivityService: Attempting to switch to WIMAX
07-20 21:05:42.797   144   200 D ConnectivityService: Attempting to switch to BLUETOOTH_TETHER
07-20 21:05:42.812   144   195 W NetworkStats: dropping UID delta from unknown iface: iface=wlan0 uid=0 set=DEFAULT tag=0x0 rxBytes=0 rxPackets=0 txBytes=328 txPackets=5 operations=0
07-20 21:05:42.875   144   196 D NetworkPolicy: applying policy NetworkPolicy[NetworkTemplate: matchRule=MOBILE_ALL, subscriberId=valid]: cycleDay=5, warningBytes=2147483648, limitBytes=-1, lastSnooze=-1 to ifaces [rmnet0]
07-20 21:05:42.886   268   268 E wpa_supplicant: ioctl[SIOCSIWPRIV] (cscan): -1
07-20 21:05:42.886   268   268 W wpa_supplicant: wlan0: Failed to initiate AP scan
07-20 21:05:42.902   144   196 D NetworkPolicy: applying policy NetworkPolicy[NetworkTemplate: matchRule=MOBILE_ALL, subscriberId=valid]: cycleDay=5, warningBytes=2147483648, limitBytes=-1, lastSnooze=-1 to ifaces [rmnet0]
07-20 21:05:42.957   270   272 D dalvikvm: GC_CONCURRENT freed 327K, 10% free 10046K/11079K, paused 2ms+3ms
07-20 21:05:43.261   268   268 I wpa_supplicant: wlan0: Associated with a6:2a:c6:aa:6a:a8
07-20 21:05:43.261   268   268 I wpa_supplicant: wlan0: CTRL-EVENT-CONNECTED - Connection to a6:2a:c6:aa:6a:a8 completed (reauth) [id=6 id_str=]
07-20 21:05:43.363   270   272 D dalvikvm: GC_CONCURRENT freed 325K, 9% free 10108K/11079K, paused 2ms+13ms
07-20 21:05:43.785   270   272 D dalvikvm: GC_CONCURRENT freed 326K, 9% free 10168K/11079K, paused 1ms+12ms
07-20 21:05:44.168   270   272 D dalvikvm: GC_CONCURRENT freed 327K, 8% free 10229K/11079K, paused 1ms+12ms
07-20 21:05:45.812   144   204 D Tethering: MasterInitialState.processMessage what=3
07-20 21:05:45.836   144   204 D Tethering: MasterInitialState.processMessage what=3
07-20 21:05:45.914   865   865 I MediaUploader: No need to wake up
07-20 21:05:45.925   463   463 I PhoneLab-WiFiReceiver: Wi-Fi is disconnected!
07-20 21:05:45.968   887   900 D PicasaSyncManager: active network: NetworkInfo: type: mobile[CDMA - EvDo rev. A], state: CONNECTED/CONNECTED, reason: 2GVoiceCallEnded, extra: , roaming: false, failover: false, isAvailable: true
07-20 21:05:46.015   887   900 D PicasaSyncManager: background data: true
07-20 21:05:46.031   865   865 I MediaUploader: No need to wake up
07-20 21:05:46.054   887   900 D PicasaSyncManager: active network: NetworkInfo: type: mobile[CDMA - EvDo rev. A], state: CONNECTED/CONNECTED, reason: 2GVoiceCallEnded, extra: , roaming: false, failover: false, isAvailable: true
07-20 21:05:46.058   887   900 D PicasaSyncManager: background data: true
07-20 21:05:46.340   144   200 D ConnectivityService: handleInetConditionHoldEnd: net=0, condition=100, published condition=100
07-20 21:05:46.535   270   272 D dalvikvm: GC_CONCURRENT freed 327K, 8% free 10289K/11079K, paused 3ms+17ms
07-20 21:05:46.879   270   272 D dalvikvm: GC_CONCURRENT freed 1295K, 16% free 9382K/11079K, paused 2ms+12ms
07-20 21:05:47.265   270   272 D dalvikvm: GC_CONCURRENT freed 326K, 15% free 9444K/11079K, paused 2ms+5ms
07-20 21:05:47.601   270   272 D dalvikvm: GC_CONCURRENT freed 327K, 15% free 9504K/11079K, paused 2ms+3ms
07-20 21:05:47.785   144   146 D dalvikvm: GC_CONCURRENT freed 992K, 12% free 13480K/15239K, paused 5ms+15ms
07-20 21:05:48.168   270   272 D dalvikvm: GC_CONCURRENT freed 326K, 14% free 9564K/11079K, paused 2ms+4ms
07-20 21:05:48.515   270   272 D dalvikvm: GC_CONCURRENT freed 326K, 14% free 9625K/11079K, paused 3ms+3ms
07-20 21:05:48.840   270   272 D dalvikvm: GC_CONCURRENT freed 326K, 13% free 9686K/11079K, paused 2ms+6ms
07-20 21:05:49.140   270   272 D dalvikvm: GC_CONCURRENT freed 326K, 13% free 9747K/11079K, paused 3ms+4ms
07-20 21:05:49.543   270   272 D dalvikvm: GC_CONCURRENT freed 326K, 12% free 9812K/11079K, paused 1ms+5ms
07-20 21:05:49.988   270   272 D dalvikvm: GC_CONCURRENT freed 330K, 11% free 9870K/11079K, paused 2ms+3ms
07-20 21:05:50.418   270   272 D dalvikvm: GC_CONCURRENT freed 327K, 11% free 9929K/11079K, paused 2ms+4ms
07-20 21:05:50.816   270   272 D dalvikvm: GC_CONCURRENT freed 327K, 10% free 9989K/11079K, paused 2ms+4ms
07-20 21:05:50.890   268   268 I wpa_supplicant: wlan0: Trying to associate with SSID 'UBMESH2'
07-20 21:05:50.902   268   268 I wpa_supplicant: wlan0: Association request to the driver failed
07-20 21:05:50.906   268   268 I wpa_supplicant: wlan0: CTRL-EVENT-DISCONNECTED bssid=a6:2a:c6:aa:6a:a8 reason=0
07-20 21:05:50.910    75   117 D CommandListener: Clearing all IP addresses on wlan0
07-20 21:05:50.922   144   200 D ConnectivityService: ConnectivityChange for WIFI: DISCONNECTED/DISCONNECTED
07-20 21:05:50.922   144   200 D ConnectivityService: Attempting to switch to mobile
07-20 21:05:50.922   144   200 D ConnectivityService: Attempting to switch to WIMAX
07-20 21:05:50.922   144   200 D ConnectivityService: Attempting to switch to BLUETOOTH_TETHER
07-20 21:05:50.937   144   195 W NetworkStats: dropping UID delta from unknown iface: iface=wlan0 uid=0 set=DEFAULT tag=0x0 rxBytes=0 rxPackets=0 txBytes=328 txPackets=5 operations=0
07-20 21:05:50.980   144   196 D NetworkPolicy: applying policy NetworkPolicy[NetworkTemplate: matchRule=MOBILE_ALL, subscriberId=valid]: cycleDay=5, warningBytes=2147483648, limitBytes=-1, lastSnooze=-1 to ifaces [rmnet0]
07-20 21:05:51.011   268   268 E wpa_supplicant: ioctl[SIOCSIWPRIV] (cscan): -1
07-20 21:05:51.011   268   268 W wpa_supplicant: wlan0: Failed to initiate AP scan
07-20 21:05:51.027   144   196 D NetworkPolicy: applying policy NetworkPolicy[NetworkTemplate: matchRule=MOBILE_ALL, subscriberId=valid]: cycleDay=5, warningBytes=2147483648, limitBytes=-1, lastSnooze=-1 to ifaces [rmnet0]
07-20 21:05:51.312   270   272 D dalvikvm: GC_CONCURRENT freed 326K, 10% free 10052K/11079K, paused 2ms+4ms
07-20 21:05:51.379   268   268 I wpa_supplicant: wlan0: Associated with 4a:0b:50:5c:05:c1
07-20 21:05:51.379   268   268 I wpa_supplicant: wlan0: CTRL-EVENT-CONNECTED - Connection to 4a:0b:50:5c:05:c1 completed (reauth) [id=6 id_str=]
07-20 21:05:51.769   270   272 D dalvikvm: GC_CONCURRENT freed 326K, 9% free 10113K/11079K, paused 3ms+3ms
07-20 21:05:52.187   270   272 D dalvikvm: GC_CONCURRENT freed 327K, 9% free 10172K/11079K, paused 1ms+5ms
07-20 21:05:52.590   270   272 D dalvikvm: GC_CONCURRENT freed 326K, 8% free 10233K/11079K, paused 2ms+3ms
07-20 21:05:53.933   144   204 D Tethering: MasterInitialState.processMessage what=3
07-20 21:05:53.976   144   204 D Tethering: MasterInitialState.processMessage what=3
07-20 21:05:54.125   865   865 I MediaUploader: No need to wake up
07-20 21:05:54.140   463   463 I PhoneLab-WiFiReceiver: Wi-Fi is disconnected!
07-20 21:05:54.183   887   900 D PicasaSyncManager: active network: NetworkInfo: type: mobile[CDMA - EvDo rev. A], state: CONNECTED/CONNECTED, reason: 2GVoiceCallEnded, extra: , roaming: false, failover: false, isAvailable: true
07-20 21:05:54.191   887   900 D PicasaSyncManager: background data: true
07-20 21:05:54.191   887   900 D PicasaSyncManager: active network: NetworkInfo: type: mobile[CDMA - EvDo rev. A], state: CONNECTED/CONNECTED, reason: 2GVoiceCallEnded, extra: , roaming: false, failover: false, isAvailable: true
07-20 21:05:54.191   887   900 D PicasaSyncManager: background data: true
07-20 21:05:54.211   865   865 I MediaUploader: No need to wake up
07-20 21:05:54.218   443   446 D dalvikvm: GC_CONCURRENT freed 422K, 7% free 10129K/10887K, paused 2ms+3ms
07-20 21:05:54.476   144   200 D ConnectivityService: handleInetConditionHoldEnd: net=0, condition=100, published condition=100
07-20 21:05:54.683   270   272 D dalvikvm: GC_CONCURRENT freed 328K, 8% free 10293K/11079K, paused 3ms+26ms
07-20 21:05:54.972   270   272 D dalvikvm: GC_CONCURRENT freed 1292K, 16% free 9388K/11079K, paused 2ms+4ms
07-20 21:05:55.316   270   272 D dalvikvm: GC_CONCURRENT freed 327K, 15% free 9450K/11079K, paused 3ms+5ms
07-20 21:05:55.668   270   272 D dalvikvm: GC_CONCURRENT freed 328K, 15% free 9508K/11079K, paused 2ms+5ms
07-20 21:05:56.027   270   272 D dalvikvm: GC_CONCURRENT freed 327K, 14% free 9569K/11079K, paused 2ms+6ms
07-20 21:05:56.382   270   272 D dalvikvm: GC_CONCURRENT freed 326K, 14% free 9628K/11079K, paused 2ms+10ms
07-20 21:05:56.562   144   146 D dalvikvm: GC_CONCURRENT freed 997K, 12% free 13484K/15239K, paused 3ms+11ms
07-20 21:05:56.855   270   272 D dalvikvm: GC_CONCURRENT freed 326K, 13% free 9689K/11079K, paused 3ms+3ms
07-20 21:05:57.175   270   272 D dalvikvm: GC_CONCURRENT freed 324K, 12% free 9751K/11079K, paused 2ms+11ms
07-20 21:05:57.425   144  1164 E DhcpStateMachine: DHCP failed on wlan0: Timed out waiting for DHCP to finish
07-20 21:05:57.590   270   272 D dalvikvm: GC_CONCURRENT freed 326K, 12% free 9814K/11079K, paused 2ms+5ms
07-20 21:05:57.632   144   198 E WifiStateMachine: IP configuration failed
07-20 21:05:57.636    75   117 D CommandListener: Clearing all IP addresses on wlan0
07-20 21:05:57.652   144   200 D ConnectivityService: ConnectivityChange for WIFI: DISCONNECTED/DISCONNECTED
07-20 21:05:57.652   144   200 D ConnectivityService: Attempting to switch to mobile
07-20 21:05:57.652   144   200 D ConnectivityService: Attempting to switch to WIMAX
07-20 21:05:57.652   144   200 D ConnectivityService: Attempting to switch to BLUETOOTH_TETHER
07-20 21:05:57.668   144   195 W NetworkStats: dropping UID delta from unknown iface: iface=wlan0 uid=0 set=DEFAULT tag=0x0 rxBytes=0 rxPackets=0 txBytes=328 txPackets=5 operations=0
07-20 21:05:57.672   144  1174 E DhcpStateMachine: DHCP failed on wlan0: DHCP result was failed
07-20 21:05:57.715   144   196 D NetworkPolicy: applying policy NetworkPolicy[NetworkTemplate: matchRule=MOBILE_ALL, subscriberId=valid]: cycleDay=5, warningBytes=2147483648, limitBytes=-1, lastSnooze=-1 to ifaces [rmnet0]
07-20 21:05:57.761   144  1172 E DhcpStateMachine: DHCP failed on wlan0: DHCP result was failed
07-20 21:05:57.765   144  1176 E DhcpStateMachine: DHCP failed on wlan0: DHCP result was failed
07-20 21:05:57.769   144   196 D NetworkPolicy: applying policy NetworkPolicy[NetworkTemplate: matchRule=MOBILE_ALL, subscriberId=valid]: cycleDay=5, warningBytes=2147483648, limitBytes=-1, lastSnooze=-1 to ifaces [rmnet0]
07-20 21:05:58.125   270   272 D dalvikvm: GC_CONCURRENT freed 328K, 11% free 9872K/11079K, paused 2ms+5ms
07-20 21:05:58.527   270   272 D dalvikvm: GC_CONCURRENT freed 326K, 11% free 9933K/11079K, paused 3ms+3ms
07-20 21:05:58.800   268   268 I wpa_supplicant: wlan0: Trying to associate with SSID 'UBMESH2'
07-20 21:05:58.808   268   268 I wpa_supplicant: wlan0: Association request to the driver failed
07-20 21:05:58.812   268   268 I wpa_supplicant: wlan0: CTRL-EVENT-DISCONNECTED bssid=00:00:00:00:00:00 reason=0
07-20 21:05:58.914   268   268 E wpa_supplicant: ioctl[SIOCSIWPRIV] (cscan): -1
07-20 21:05:58.914   268   268 W wpa_supplicant: wlan0: Failed to initiate AP scan
07-20 21:05:59.007   270   272 D dalvikvm: GC_CONCURRENT freed 328K, 10% free 9995K/11079K, paused 2ms+12ms
07-20 21:05:59.285   268   268 I wpa_supplicant: wlan0: Associated with f2:34:89:a2:4d:10
07-20 21:05:59.289   268   268 I wpa_supplicant: wlan0: CTRL-EVENT-CONNECTED - Connection to f2:34:89:a2:4d:10 completed (reauth) [id=6 id_str=]
07-20 21:05:59.347   270   272 D dalvikvm: GC_CONCURRENT freed 327K, 10% free 10056K/11079K, paused 3ms+53ms
07-20 21:05:59.703   270   272 D dalvikvm: GC_CONCURRENT freed 325K, 9% free 10118K/11079K, paused 2ms+5ms
07-20 21:06:00.090   270   272 D dalvikvm: GC_CONCURRENT freed 327K, 9% free 10177K/11079K, paused 1ms+3ms
07-20 21:06:00.539   270   272 D dalvikvm: GC_CONCURRENT freed 327K, 8% free 10239K/11079K, paused 3ms+3ms
07-20 21:06:00.668   144   204 D Tethering: MasterInitialState.processMessage what=3
07-20 21:06:00.695   144   204 D Tethering: MasterInitialState.processMessage what=3
07-20 21:06:00.711   887   900 D PicasaSyncManager: active network: NetworkInfo: type: mobile[CDMA - EvDo rev. A], state: CONNECTED/CONNECTED, reason: 2GVoiceCallEnded, extra: , roaming: false, failover: false, isAvailable: true
07-20 21:06:00.715   887   900 D PicasaSyncManager: background data: true
07-20 21:06:00.761   865   865 I MediaUploader: No need to wake up
07-20 21:06:00.765   463   463 I PhoneLab-WiFiReceiver: Wi-Fi is disconnected!
07-20 21:06:00.863   865   865 I MediaUploader: No need to wake up
07-20 21:06:00.890   887   900 D PicasaSyncManager: active network: NetworkInfo: type: mobile[CDMA - EvDo rev. A], state: CONNECTED/CONNECTED, reason: 2GVoiceCallEnded, extra: , roaming: false, failover: false, isAvailable: true
07-20 21:06:00.890   887   900 D PicasaSyncManager: background data: true
07-20 21:06:01.203   144   200 D ConnectivityService: handleInetConditionHoldEnd: net=0, condition=100, published condition=100
07-20 21:06:01.340   270   272 D dalvikvm: GC_CONCURRENT freed 327K, 8% free 10299K/11079K, paused 2ms+25ms
07-20 21:06:01.754   270   272 D dalvikvm: GC_CONCURRENT freed 1294K, 16% free 9391K/11079K, paused 3ms+13ms
07-20 21:06:02.125   270   272 D dalvikvm: GC_CONCURRENT freed 325K, 15% free 9452K/11079K, paused 2ms+11ms
07-20 21:06:02.515   270   272 D dalvikvm: GC_CONCURRENT freed 327K, 15% free 9511K/11079K, paused 2ms+4ms
07-20 21:06:02.929   270   272 D dalvikvm: GC_CONCURRENT freed 325K, 14% free 9572K/11079K, paused 1ms+13ms
07-20 21:06:03.320   270   272 D dalvikvm: GC_CONCURRENT freed 326K, 14% free 9632K/11079K, paused 1ms+4ms
07-20 21:06:03.613   270   272 D dalvikvm: GC_CONCURRENT freed 324K, 13% free 9693K/11079K, paused 3ms+13ms
07-20 21:06:04.039   270   272 D dalvikvm: GC_CONCURRENT freed 323K, 12% free 9755K/11079K, paused 2ms+3ms
07-20 21:06:04.453   270   272 D dalvikvm: GC_CONCURRENT freed 326K, 12% free 9815K/11079K, paused 3ms+4ms
07-20 21:06:04.898   144   146 D dalvikvm: GC_CONCURRENT freed 1015K, 12% free 13470K/15239K, paused 3ms+12ms
07-20 21:06:05.004   270   272 D dalvikvm: GC_CONCURRENT freed 326K, 11% free 9875K/11079K, paused 2ms+11ms
07-20 21:06:05.414   270   272 D dalvikvm: GC_CONCURRENT freed 326K, 11% free 9935K/11079K, paused 3ms+4ms
07-20 21:06:05.836   270   272 D dalvikvm: GC_CONCURRENT freed 325K, 10% free 10001K/11079K, paused 2ms+5ms
07-20 21:06:06.195   270   272 D dalvikvm: GC_CONCURRENT freed 329K, 10% free 10060K/11079K, paused 2ms+12ms
07-20 21:06:06.562   270   272 D dalvikvm: GC_CONCURRENT freed 326K, 9% free 10121K/11079K, paused 5ms+3ms
07-20 21:06:06.922   268   268 I wpa_supplicant: wlan0: Trying to associate with SSID 'UBMESH2'
07-20 21:06:06.929   268   268 I wpa_supplicant: wlan0: Association request to the driver failed
07-20 21:06:06.937   268   268 I wpa_supplicant: wlan0: CTRL-EVENT-DISCONNECTED bssid=f2:34:89:a2:4d:10 reason=0
07-20 21:06:06.941    75   117 D CommandListener: Clearing all IP addresses on wlan0
07-20 21:06:06.961   144   200 D ConnectivityService: ConnectivityChange for WIFI: DISCONNECTED/DISCONNECTED
07-20 21:06:06.961   144   200 D ConnectivityService: Attempting to switch to mobile
07-20 21:06:06.961   144   200 D ConnectivityService: Attempting to switch to WIMAX
07-20 21:06:06.961   144   200 D ConnectivityService: Attempting to switch to BLUETOOTH_TETHER
07-20 21:06:06.980   144   195 W NetworkStats: dropping UID delta from unknown iface: iface=wlan0 uid=0 set=DEFAULT tag=0x0 rxBytes=0 rxPackets=0 txBytes=328 txPackets=5 operations=0
07-20 21:06:07.031   144   196 D NetworkPolicy: applying policy NetworkPolicy[NetworkTemplate: matchRule=MOBILE_ALL, subscriberId=valid]: cycleDay=5, warningBytes=2147483648, limitBytes=-1, lastSnooze=-1 to ifaces [rmnet0]
07-20 21:06:07.035   144   196 D NetworkPolicy: applying policy NetworkPolicy[NetworkTemplate: matchRule=MOBILE_ALL, subscriberId=valid]: cycleDay=5, warningBytes=2147483648, limitBytes=-1, lastSnooze=-1 to ifaces [rmnet0]
07-20 21:06:07.039   268   268 E wpa_supplicant: ioctl[SIOCSIWPRIV] (cscan): -1
07-20 21:06:07.039   268   268 W wpa_supplicant: wlan0: Failed to initiate AP scan
07-20 21:06:07.129   270   272 D dalvikvm: GC_CONCURRENT freed 327K, 9% free 10183K/11079K, paused 2ms+6ms
07-20 21:06:07.410   268   268 I wpa_supplicant: wlan0: Associated with aa:0c:bf:9f:06:0c
07-20 21:06:07.410   268   268 I wpa_supplicant: wlan0: CTRL-EVENT-CONNECTED - Connection to aa:0c:bf:9f:06:0c completed (reauth) [id=6 id_str=]
07-20 21:06:07.636   270   272 D dalvikvm: GC_CONCURRENT freed 327K, 8% free 10244K/11079K, paused 3ms+5ms
07-20 21:06:09.972   144   204 D Tethering: MasterInitialState.processMessage what=3
07-20 21:06:10.039   144   204 D Tethering: MasterInitialState.processMessage what=3
07-20 21:06:10.109   865   865 I MediaUploader: No need to wake up
07-20 21:06:10.121   463   463 I PhoneLab-WiFiReceiver: Wi-Fi is disconnected!
07-20 21:06:10.199   887   900 D PicasaSyncManager: active network: NetworkInfo: type: mobile[CDMA - EvDo rev. A], state: CONNECTED/CONNECTED, reason: 2GVoiceCallEnded, extra: , roaming: false, failover: false, isAvailable: true
07-20 21:06:10.222   865   865 I MediaUploader: No need to wake up
07-20 21:06:10.242   887   900 D PicasaSyncManager: background data: true
07-20 21:06:10.250   887   900 D PicasaSyncManager: active network: NetworkInfo: type: mobile[CDMA - EvDo rev. A], state: CONNECTED/CONNECTED, reason: 2GVoiceCallEnded, extra: , roaming: false, failover: false, isAvailable: true
07-20 21:06:10.254   887   900 D PicasaSyncManager: background data: true
07-20 21:06:10.543   144   200 D ConnectivityService: handleInetConditionHoldEnd: net=0, condition=100, published condition=100
07-20 21:06:10.562   144   442 D dalvikvm: GC_EXPLICIT freed 822K, 12% free 13413K/15239K, paused 6ms+17ms
07-20 21:06:10.929   270   272 D dalvikvm: GC_CONCURRENT freed 330K, 8% free 10301K/11079K, paused 4ms+26ms
07-20 21:06:11.359   270   272 D dalvikvm: GC_CONCURRENT freed 1292K, 16% free 9395K/11079K, paused 1ms+4ms
07-20 21:06:11.738   270   272 D dalvikvm: GC_CONCURRENT freed 325K, 15% free 9460K/11079K, paused 3ms+3ms
07-20 21:06:12.125   270   272 D dalvikvm: GC_CONCURRENT freed 329K, 15% free 9517K/11079K, paused 2ms+5ms
07-20 21:06:12.500   270   272 D dalvikvm: GC_CONCURRENT freed 327K, 14% free 9576K/11079K, paused 3ms+4ms
07-20 21:06:12.886   270   272 D dalvikvm: GC_CONCURRENT freed 325K, 14% free 9639K/11079K, paused 2ms+5ms
07-20 21:06:13.242   270   272 D dalvikvm: GC_CONCURRENT freed 326K, 13% free 9698K/11079K, paused 2ms+3ms
07-20 21:06:13.617   270   272 D dalvikvm: GC_CONCURRENT freed 324K, 12% free 9760K/11079K, paused 1ms+3ms
07-20 21:06:14.093   270   272 D dalvikvm: GC_CONCURRENT freed 326K, 12% free 9820K/11079K, paused 3ms+3ms
07-20 21:06:14.492   270   272 D dalvikvm: GC_CONCURRENT freed 327K, 11% free 9882K/11079K, paused 2ms+11ms
07-20 21:06:14.808   270   272 D dalvikvm: GC_CONCURRENT freed 327K, 11% free 9942K/11079K, paused 2ms+3ms
07-20 21:06:15.047   268   268 I wpa_supplicant: wlan0: Trying to associate with SSID 'UBMESH2'
07-20 21:06:15.066   268   268 I wpa_supplicant: wlan0: Association request to the driver failed
07-20 21:06:15.066   268   268 I wpa_supplicant: wlan0: CTRL-EVENT-DISCONNECTED bssid=aa:0c:bf:9f:06:0c reason=0
07-20 21:06:15.074    75   117 D CommandListener: Clearing all IP addresses on wlan0
07-20 21:06:15.090   144   200 D ConnectivityService: ConnectivityChange for WIFI: DISCONNECTED/DISCONNECTED
07-20 21:06:15.090   144   200 D ConnectivityService: Attempting to switch to mobile
07-20 21:06:15.090   144   200 D ConnectivityService: Attempting to switch to WIMAX
07-20 21:06:15.090   144   200 D ConnectivityService: Attempting to switch to BLUETOOTH_TETHER
07-20 21:06:15.109   144   195 W NetworkStats: dropping UID delta from unknown iface: iface=wlan0 uid=0 set=DEFAULT tag=0x0 rxBytes=0 rxPackets=0 txBytes=252 txPackets=4 operations=0
07-20 21:06:15.148   144   196 D NetworkPolicy: applying policy NetworkPolicy[NetworkTemplate: matchRule=MOBILE_ALL, subscriberId=valid]: cycleDay=5, warningBytes=2147483648, limitBytes=-1, lastSnooze=-1 to ifaces [rmnet0]
07-20 21:06:15.164   144   196 D NetworkPolicy: applying policy NetworkPolicy[NetworkTemplate: matchRule=MOBILE_ALL, subscriberId=valid]: cycleDay=5, warningBytes=2147483648, limitBytes=-1, lastSnooze=-1 to ifaces [rmnet0]
07-20 21:06:15.172   268   268 E wpa_supplicant: ioctl[SIOCSIWPRIV] (cscan): -1
07-20 21:06:15.172   268   268 W wpa_supplicant: wlan0: Failed to initiate AP scan
07-20 21:06:15.406   270   272 D dalvikvm: GC_CONCURRENT freed 328K, 10% free 10001K/11079K, paused 3ms+3ms
07-20 21:06:15.547   268   268 I wpa_supplicant: wlan0: Associated with 2a:33:41:9c:0c:e2
07-20 21:06:15.547   268   268 I wpa_supplicant: wlan0: CTRL-EVENT-CONNECTED - Connection to 2a:33:41:9c:0c:e2 completed (reauth) [id=6 id_str=]
07-20 21:06:15.890   270   272 D dalvikvm: GC_CONCURRENT freed 325K, 10% free 10063K/11079K, paused 1ms+4ms
07-20 21:06:16.281   270   272 D dalvikvm: GC_CONCURRENT freed 323K, 9% free 10126K/11079K, paused 2ms+3ms
07-20 21:06:16.609   270   272 D dalvikvm: GC_CONCURRENT freed 326K, 9% free 10186K/11079K, paused 3ms+4ms
07-20 21:06:17.097   270   272 D dalvikvm: GC_CONCURRENT freed 327K, 8% free 10248K/11079K, paused 3ms+5ms
07-20 21:06:18.113   144   204 D Tethering: MasterInitialState.processMessage what=3
07-20 21:06:18.132   144   204 D Tethering: MasterInitialState.processMessage what=3
07-20 21:06:18.195   887   900 D PicasaSyncManager: active network: NetworkInfo: type: mobile[CDMA - EvDo rev. A], state: CONNECTED/CONNECTED, reason: 2GVoiceCallEnded, extra: , roaming: false, failover: false, isAvailable: true
07-20 21:06:18.195   887   900 D PicasaSyncManager: background data: true
07-20 21:06:18.234   865   865 I MediaUploader: No need to wake up
07-20 21:06:18.257   463   463 I PhoneLab-WiFiReceiver: Wi-Fi is disconnected!
07-20 21:06:18.367   887   900 D PicasaSyncManager: active network: NetworkInfo: type: mobile[CDMA - EvDo rev. A], state: CONNECTED/CONNECTED, reason: 2GVoiceCallEnded, extra: , roaming: false, failover: false, isAvailable: true
07-20 21:06:18.367   887   900 D PicasaSyncManager: background data: true
07-20 21:06:18.386   865   865 I MediaUploader: No need to wake up
07-20 21:06:18.410   443   446 D dalvikvm: GC_CONCURRENT freed 432K, 7% free 10133K/10887K, paused 2ms+8ms
07-20 21:06:18.675   144   200 D ConnectivityService: handleInetConditionHoldEnd: net=0, condition=100, published condition=100
07-20 21:06:19.039   144   146 D dalvikvm: GC_CONCURRENT freed 921K, 12% free 13481K/15239K, paused 3ms+12ms
07-20 21:06:19.179   270   272 D dalvikvm: GC_CONCURRENT freed 329K, 7% free 10308K/11079K, paused 2ms+10ms
07-20 21:06:19.570   270   272 D dalvikvm: GC_CONCURRENT freed 1293K, 16% free 9402K/11079K, paused 1ms+12ms
07-20 21:06:19.972   270   272 D dalvikvm: GC_CONCURRENT freed 327K, 15% free 9461K/11079K, paused 2ms+3ms
07-20 21:06:20.090   214   214 I PowerUI : updating low battery warning: level=7 [-1]
07-20 21:06:20.433   270   272 D dalvikvm: GC_CONCURRENT freed 328K, 15% free 9521K/11079K, paused 2ms+13ms
07-20 21:06:20.879   270   272 D dalvikvm: GC_CONCURRENT freed 327K, 14% free 9581K/11079K, paused 2ms+4ms
07-20 21:06:21.230   270   272 D dalvikvm: GC_CONCURRENT freed 326K, 13% free 9641K/11079K, paused 3ms+5ms
07-20 21:06:21.550   270   272 D dalvikvm: GC_CONCURRENT freed 325K, 13% free 9701K/11079K, paused 2ms+10ms
07-20 21:06:21.965   270   272 D dalvikvm: GC_CONCURRENT freed 324K, 12% free 9764K/11079K, paused 2ms+4ms
07-20 21:06:22.394   463   950 I PhoneLab-: Service Running
07-20 21:06:22.414   270   272 D dalvikvm: GC_CONCURRENT freed 327K, 12% free 9824K/11079K, paused 3ms+3ms
07-20 21:06:22.511   463   950 I PhoneLab-LoggerService: app_49    954   463   1480   1108  c00f181c 400107b4 S logcat
07-20 21:06:22.511   463   950 I PhoneLab-LoggerService: Logcat pid from database 954
07-20 21:06:22.511   463   950 I PhoneLab-LoggerService: Logcat process found 954
07-20 21:06:22.511   463   950 I PhoneLab-LoggerService: Checking Threshold
07-20 21:06:22.511   463   950 I PhoneLab-LoggerService: Starting to rename files
07-20 21:06:22.515   463   950 I PhoneLab-LoggerService: Files found .. 3
07-20 21:06:22.515   463   950 I PhoneLab-LoggerService: File 1 log.out.1
07-20 21:06:22.527   463   950 I PhoneLab-LoggerService: Renamed successfully
07-20 21:06:22.918   270   272 D dalvikvm: GC_CONCURRENT freed 325K, 11% free 9885K/11079K, paused 3ms+3ms
07-20 21:06:23.203   268   268 I wpa_supplicant: wlan0: Trying to associate with SSID 'UBMESH2'
07-20 21:06:23.222   268   268 I wpa_supplicant: wlan0: Association request to the driver failed
07-20 21:06:23.222   268   268 I wpa_supplicant: wlan0: CTRL-EVENT-DISCONNECTED bssid=2a:33:41:9c:0c:e2 reason=0
07-20 21:06:23.226    75   117 D CommandListener: Clearing all IP addresses on wlan0
07-20 21:06:23.234   144   200 D ConnectivityService: ConnectivityChange for WIFI: DISCONNECTED/DISCONNECTED
07-20 21:06:23.234   144   200 D ConnectivityService: Attempting to switch to mobile
07-20 21:06:23.234   144   200 D ConnectivityService: Attempting to switch to WIMAX
07-20 21:06:23.234   144   200 D ConnectivityService: Attempting to switch to BLUETOOTH_TETHER
07-20 21:06:23.246   144   195 W NetworkStats: dropping UID delta from unknown iface: iface=wlan0 uid=0 set=DEFAULT tag=0x0 rxBytes=0 rxPackets=0 txBytes=252 txPackets=4 operations=0
07-20 21:06:23.328   144   196 D NetworkPolicy: applying policy NetworkPolicy[NetworkTemplate: matchRule=MOBILE_ALL, subscriberId=valid]: cycleDay=5, warningBytes=2147483648, limitBytes=-1, lastSnooze=-1 to ifaces [rmnet0]
07-20 21:06:23.336   268   268 E wpa_supplicant: ioctl[SIOCSIWPRIV] (cscan): -1
07-20 21:06:23.336   268   268 W wpa_supplicant: wlan0: Failed to initiate AP scan
07-20 21:06:23.355   144   196 D NetworkPolicy: applying policy NetworkPolicy[NetworkTemplate: matchRule=MOBILE_ALL, subscriberId=valid]: cycleDay=5, warningBytes=2147483648, limitBytes=-1, lastSnooze=-1 to ifaces [rmnet0]
07-20 21:06:23.496   270   272 D dalvikvm: GC_CONCURRENT freed 326K, 11% free 9946K/11079K, paused 2ms+5ms
07-20 21:06:23.695   268   268 I wpa_supplicant: wlan0: Associated with d6:ed:b1:23:89:19
07-20 21:06:23.695   268   268 I wpa_supplicant: wlan0: CTRL-EVENT-CONNECTED - Connection to d6:ed:b1:23:89:19 completed (reauth) [id=6 id_str=]
07-20 21:06:23.976   270   272 D dalvikvm: GC_CONCURRENT freed 327K, 10% free 10006K/11079K, paused 4ms+3ms
07-20 21:06:24.347   270   272 D dalvikvm: GC_CONCURRENT freed 326K, 10% free 10067K/11079K, paused 1ms+11ms
07-20 21:06:24.730   270   272 D dalvikvm: GC_CONCURRENT freed 324K, 9% free 10128K/11079K, paused 2ms+3ms
07-20 21:06:25.121   270   272 D dalvikvm: GC_CONCURRENT freed 327K, 9% free 10189K/11079K, paused 1ms+11ms
07-20 21:06:26.250   144   204 D Tethering: MasterInitialState.processMessage what=3
07-20 21:06:26.316   144   204 D Tethering: MasterInitialState.processMessage what=3
07-20 21:06:26.398   865   865 I MediaUploader: No need to wake up
07-20 21:06:26.414   463   463 I PhoneLab-WiFiReceiver: Wi-Fi is disconnected!
07-20 21:06:26.472   887   900 D PicasaSyncManager: active network: NetworkInfo: type: mobile[CDMA - EvDo rev. A], state: CONNECTED/CONNECTED, reason: 2GVoiceCallEnded, extra: , roaming: false, failover: false, isAvailable: true
07-20 21:06:26.519   887   900 D PicasaSyncManager: background data: true
07-20 21:06:26.519   865   865 I MediaUploader: No need to wake up
07-20 21:06:26.550   887   900 D PicasaSyncManager: active network: NetworkInfo: type: mobile[CDMA - EvDo rev. A], state: CONNECTED/CONNECTED, reason: 2GVoiceCallEnded, extra: , roaming: false, failover: false, isAvailable: true
07-20 21:06:26.558   887   900 D PicasaSyncManager: background data: true
07-20 21:06:26.640   270   272 D dalvikvm: GC_CONCURRENT freed 336K, 8% free 10252K/11079K, paused 15ms+28ms
07-20 21:06:26.820   144   200 D ConnectivityService: handleInetConditionHoldEnd: net=0, condition=100, published condition=100
07-20 21:06:27.203   270   272 D dalvikvm: GC_CONCURRENT freed 1298K, 16% free 9342K/11079K, paused 4ms+5ms
07-20 21:06:27.406   144   146 D dalvikvm: GC_CONCURRENT freed 996K, 12% free 13482K/15239K, paused 3ms+12ms
07-20 21:06:27.707   270   272 D dalvikvm: GC_CONCURRENT freed 324K, 16% free 9403K/11079K, paused 1ms+10ms
07-20 21:06:28.039   270   272 D dalvikvm: GC_CONCURRENT freed 326K, 15% free 9464K/11079K, paused 2ms+12ms
07-20 21:06:28.484   270   272 D dalvikvm: GC_CONCURRENT freed 327K, 15% free 9525K/11079K, paused 2ms+4ms
07-20 21:06:28.875   270   272 D dalvikvm: GC_CONCURRENT freed 325K, 14% free 9587K/11079K, paused 2ms+5ms
07-20 21:06:29.211   270   272 D dalvikvm: GC_CONCURRENT freed 326K, 13% free 9647K/11079K, paused 3ms+12ms
07-20 21:06:29.660   270   272 D dalvikvm: GC_CONCURRENT freed 327K, 13% free 9707K/11079K, paused 3ms+3ms
07-20 21:06:29.703   144  1178 E DhcpStateMachine: DHCP failed on wlan0: Timed out waiting for DHCP to finish
07-20 21:06:29.906   144   198 E WifiStateMachine: IP configuration failed
07-20 21:06:29.910    75   117 D CommandListener: Clearing all IP addresses on wlan0
07-20 21:06:29.925   144   200 D ConnectivityService: ConnectivityChange for WIFI: DISCONNECTED/SCANNING
07-20 21:06:29.925   144   200 D ConnectivityService: Attempting to switch to mobile
07-20 21:06:29.925   144   200 D ConnectivityService: Attempting to switch to WIMAX
07-20 21:06:29.925   144   200 D ConnectivityService: Attempting to switch to BLUETOOTH_TETHER
07-20 21:06:29.953   144  1189 E DhcpStateMachine: DHCP failed on wlan0: DHCP result was failed
07-20 21:06:29.957   144   195 W NetworkStats: dropping UID delta from unknown iface: iface=wlan0 uid=0 set=DEFAULT tag=0x0 rxBytes=0 rxPackets=0 txBytes=252 txPackets=4 operations=0
07-20 21:06:29.984   144   196 D NetworkPolicy: applying policy NetworkPolicy[NetworkTemplate: matchRule=MOBILE_ALL, subscriberId=valid]: cycleDay=5, warningBytes=2147483648, limitBytes=-1, lastSnooze=-1 to ifaces [rmnet0]
07-20 21:06:29.996   144   196 D NetworkPolicy: applying policy NetworkPolicy[NetworkTemplate: matchRule=MOBILE_ALL, subscriberId=valid]: cycleDay=5, warningBytes=2147483648, limitBytes=-1, lastSnooze=-1 to ifaces [rmnet0]
07-20 21:06:30.027   144  1187 E DhcpStateMachine: DHCP failed on wlan0: DHCP result was failed
07-20 21:06:30.078   144  1192 E DhcpStateMachine: DHCP failed on wlan0: DHCP result was failed
07-20 21:06:30.164   270   272 D dalvikvm: GC_CONCURRENT freed 323K, 12% free 9769K/11079K, paused 2ms+4ms
07-20 21:06:30.609   270   272 D dalvikvm: GC_CONCURRENT freed 325K, 12% free 9836K/11079K, paused 2ms+5ms
07-20 21:06:31.004   270   272 D dalvikvm: GC_CONCURRENT freed 331K, 11% free 9896K/11079K, paused 2ms+4ms
07-20 21:06:31.062   268   268 I wpa_supplicant: wlan0: Trying to associate with SSID 'UBMESH2'
07-20 21:06:31.078   268   268 I wpa_supplicant: wlan0: Association request to the driver failed
07-20 21:06:31.086   268   268 I wpa_supplicant: wlan0: CTRL-EVENT-DISCONNECTED bssid=00:00:00:00:00:00 reason=0
07-20 21:06:31.187   268   268 E wpa_supplicant: ioctl[SIOCSIWPRIV] (cscan): -1
07-20 21:06:31.187   268   268 W wpa_supplicant: wlan0: Failed to initiate AP scan
07-20 21:06:31.515   270   272 D dalvikvm: GC_CONCURRENT freed 331K, 11% free 9952K/11079K, paused 2ms+4ms
07-20 21:06:31.558   268   268 I wpa_supplicant: wlan0: Associated with 3e:36:e9:b1:64:e4
07-20 21:06:31.558   268   268 I wpa_supplicant: wlan0: CTRL-EVENT-CONNECTED - Connection to 3e:36:e9:b1:64:e4 completed (reauth) [id=6 id_str=]
07-20 21:06:32.086   270   272 D dalvikvm: GC_CONCURRENT freed 327K, 10% free 10012K/11079K, paused 2ms+12ms
07-20 21:06:32.484   270   272 D dalvikvm: GC_CONCURRENT freed 325K, 10% free 10073K/11079K, paused 2ms+5ms
07-20 21:06:32.941   144   204 D Tethering: MasterInitialState.processMessage what=3
07-20 21:06:32.957   144   204 D Tethering: MasterInitialState.processMessage what=3
07-20 21:06:32.957   270   272 D dalvikvm: GC_CONCURRENT freed 325K, 9% free 10139K/11079K, paused 3ms+5ms
07-20 21:06:33.101   865   865 I MediaUploader: No need to wake up
07-20 21:06:33.113   463   463 I PhoneLab-WiFiReceiver: Wi-Fi is disconnected!
07-20 21:06:33.172   887   900 D PicasaSyncManager: active network: NetworkInfo: type: mobile[CDMA - EvDo rev. A], state: CONNECTED/CONNECTED, reason: 2GVoiceCallEnded, extra: , roaming: false, failover: false, isAvailable: true
07-20 21:06:33.195   865   865 I MediaUploader: No need to wake up
07-20 21:06:33.211   887   900 D PicasaSyncManager: background data: true
07-20 21:06:33.211   887   900 D PicasaSyncManager: active network: NetworkInfo: type: mobile[CDMA - EvDo rev. A], state: CONNECTED/CONNECTED, reason: 2GVoiceCallEnded, extra: , roaming: false, failover: false, isAvailable: true
07-20 21:06:33.215   887   900 D PicasaSyncManager: background data: true
07-20 21:06:33.476   144   200 D ConnectivityService: handleInetConditionHoldEnd: net=0, condition=100, published condition=100
07-20 21:06:33.590   270   272 D dalvikvm: GC_CONCURRENT freed 332K, 8% free 10193K/11079K, paused 3ms+5ms
07-20 21:06:34.000   270   272 D dalvikvm: GC_CONCURRENT freed 304K, 8% free 10280K/11079K, paused 2ms+5ms
07-20 21:06:34.523   270   272 D dalvikvm: GC_CONCURRENT freed 493K, 9% free 10181K/11079K, paused 2ms+3ms
07-20 21:06:34.972   270   272 D dalvikvm: GC_CONCURRENT freed 404K, 9% free 10164K/11079K, paused 4ms+16ms
07-20 21:06:35.433   144   146 D dalvikvm: GC_CONCURRENT freed 1040K, 12% free 13440K/15239K, paused 3ms+13ms
07-20 21:06:39.203   268   268 I wpa_supplicant: wlan0: Trying to associate with SSID 'UBMESH2'
07-20 21:06:39.215   268   268 I wpa_supplicant: wlan0: Association request to the driver failed
07-20 21:06:39.218   268   268 I wpa_supplicant: wlan0: CTRL-EVENT-DISCONNECTED bssid=3e:36:e9:b1:64:e4 reason=0
07-20 21:06:39.226    75   117 D CommandListener: Clearing all IP addresses on wlan0
07-20 21:06:39.234   144   200 D ConnectivityService: ConnectivityChange for WIFI: DISCONNECTED/DISCONNECTED
07-20 21:06:39.234   144   200 D ConnectivityService: Attempting to switch to mobile
07-20 21:06:39.234   144   200 D ConnectivityService: Attempting to switch to WIMAX
07-20 21:06:39.234   144   200 D ConnectivityService: Attempting to switch to BLUETOOTH_TETHER
07-20 21:06:39.261   144   195 W NetworkStats: dropping UID delta from unknown iface: iface=wlan0 uid=0 set=DEFAULT tag=0x0 rxBytes=0 rxPackets=0 txBytes=328 txPackets=5 operations=0
07-20 21:06:39.324   268   268 E wpa_supplicant: ioctl[SIOCSIWPRIV] (cscan): -1
07-20 21:06:39.324   268   268 W wpa_supplicant: wlan0: Failed to initiate AP scan
07-20 21:06:39.347   144   196 D NetworkPolicy: applying policy NetworkPolicy[NetworkTemplate: matchRule=MOBILE_ALL, subscriberId=valid]: cycleDay=5, warningBytes=2147483648, limitBytes=-1, lastSnooze=-1 to ifaces [rmnet0]
07-20 21:06:39.363   144   196 D NetworkPolicy: applying policy NetworkPolicy[NetworkTemplate: matchRule=MOBILE_ALL, subscriberId=valid]: cycleDay=5, warningBytes=2147483648, limitBytes=-1, lastSnooze=-1 to ifaces [rmnet0]
07-20 21:06:39.691   268   268 I wpa_supplicant: wlan0: Associated with 7a:40:7b:f5:20:53
07-20 21:06:39.695   268   268 I wpa_supplicant: wlan0: CTRL-EVENT-CONNECTED - Connection to 7a:40:7b:f5:20:53 completed (reauth) [id=6 id_str=]
07-20 21:06:42.254   144   204 D Tethering: MasterInitialState.processMessage what=3
07-20 21:06:42.316   144   204 D Tethering: MasterInitialState.processMessage what=3
07-20 21:06:42.379   887   900 D PicasaSyncManager: active network: NetworkInfo: type: mobile[CDMA - EvDo rev. A], state: CONNECTED/CONNECTED, reason: 2GVoiceCallEnded, extra: , roaming: false, failover: false, isAvailable: true
07-20 21:06:42.457   865   865 I MediaUploader: No need to wake up
07-20 21:06:42.465   463   463 I PhoneLab-WiFiReceiver: Wi-Fi is disconnected!
07-20 21:06:42.535   887   900 D PicasaSyncManager: background data: true
07-20 21:06:42.574   443   446 D dalvikvm: GC_CONCURRENT freed 428K, 7% free 10142K/10887K, paused 4ms+3ms
07-20 21:06:42.590   887   900 D PicasaSyncManager: active network: NetworkInfo: type: mobile[CDMA - EvDo rev. A], state: CONNECTED/CONNECTED, reason: 2GVoiceCallEnded, extra: , roaming: false, failover: false, isAvailable: true
07-20 21:06:42.609   865   865 I MediaUploader: No need to wake up
07-20 21:06:42.617   887   900 D PicasaSyncManager: background data: true
07-20 21:06:42.847   144   200 D ConnectivityService: handleInetConditionHoldEnd: net=0, condition=100, published condition=100
07-20 21:06:43.191   144   146 D dalvikvm: GC_CONCURRENT freed 991K, 12% free 13444K/15239K, paused 2ms+13ms
07-20 21:06:43.351   270   272 D dalvikvm: GC_CONCURRENT freed 313K, 8% free 10237K/11079K, paused 61ms+17ms
07-20 21:06:43.785   270   272 D dalvikvm: GC_CONCURRENT freed 1250K, 16% free 9372K/11079K, paused 3ms+3ms
07-20 21:06:44.203   270   272 D dalvikvm: GC_CONCURRENT freed 325K, 15% free 9434K/11079K, paused 3ms+4ms
07-20 21:06:44.648   270   272 D dalvikvm: GC_CONCURRENT freed 327K, 15% free 9494K/11079K, paused 3ms+11ms
07-20 21:06:45.050   270   272 D dalvikvm: GC_CONCURRENT freed 326K, 14% free 9554K/11079K, paused 2ms+10ms
07-20 21:06:45.484   270   272 D dalvikvm: GC_CONCURRENT freed 326K, 14% free 9615K/11079K, paused 1ms+5ms
07-20 21:06:45.898   270   272 D dalvikvm: GC_CONCURRENT freed 325K, 13% free 9675K/11079K, paused 2ms+4ms
07-20 21:06:46.211   270   272 D dalvikvm: GC_CONCURRENT freed 324K, 13% free 9737K/11079K, paused 2ms+4ms
07-20 21:06:46.613   270   272 D dalvikvm: GC_CONCURRENT freed 326K, 12% free 9798K/11079K, paused 3ms+4ms
07-20 21:06:47.047   270   272 D dalvikvm: GC_CONCURRENT freed 327K, 12% free 9859K/11079K, paused 2ms+4ms
07-20 21:06:47.328   268   268 I wpa_supplicant: wlan0: Trying to associate with SSID 'UBMESH2'
07-20 21:06:47.340   268   268 I wpa_supplicant: wlan0: Association request to the driver failed
07-20 21:06:47.343   268   268 I wpa_supplicant: wlan0: CTRL-EVENT-DISCONNECTED bssid=7a:40:7b:f5:20:53 reason=0
07-20 21:06:47.347    75   117 D CommandListener: Clearing all IP addresses on wlan0
07-20 21:06:47.363   144   200 D ConnectivityService: ConnectivityChange for WIFI: DISCONNECTED/DISCONNECTED
07-20 21:06:47.363   144   200 D ConnectivityService: Attempting to switch to mobile
07-20 21:06:47.363   144   200 D ConnectivityService: Attempting to switch to WIMAX
07-20 21:06:47.363   144   200 D ConnectivityService: Attempting to switch to BLUETOOTH_TETHER
07-20 21:06:47.379   144   195 W NetworkStats: dropping UID delta from unknown iface: iface=wlan0 uid=0 set=DEFAULT tag=0x0 rxBytes=0 rxPackets=0 txBytes=328 txPackets=5 operations=0
07-20 21:06:47.449   268   268 E wpa_supplicant: ioctl[SIOCSIWPRIV] (cscan): -1
07-20 21:06:47.449   268   268 W wpa_supplicant: wlan0: Failed to initiate AP scan
07-20 21:06:47.465   144   196 D NetworkPolicy: applying policy NetworkPolicy[NetworkTemplate: matchRule=MOBILE_ALL, subscriberId=valid]: cycleDay=5, warningBytes=2147483648, limitBytes=-1, lastSnooze=-1 to ifaces [rmnet0]
07-20 21:06:47.488   144   196 D NetworkPolicy: applying policy NetworkPolicy[NetworkTemplate: matchRule=MOBILE_ALL, subscriberId=valid]: cycleDay=5, warningBytes=2147483648, limitBytes=-1, lastSnooze=-1 to ifaces [rmnet0]
07-20 21:06:47.668   270   272 D dalvikvm: GC_CONCURRENT freed 326K, 11% free 9918K/11079K, paused 2ms+11ms
07-20 21:06:47.820   268   268 I wpa_supplicant: wlan0: Associated with 72:a3:72:e2:68:eb
07-20 21:06:47.820   268   268 I wpa_supplicant: wlan0: CTRL-EVENT-CONNECTED - Connection to 72:a3:72:e2:68:eb completed (reauth) [id=6 id_str=]
07-20 21:06:48.179   270   272 D dalvikvm: GC_CONCURRENT freed 327K, 10% free 9978K/11079K, paused 3ms+13ms
07-20 21:06:48.629   270   272 D dalvikvm: GC_CONCURRENT freed 326K, 10% free 10040K/11079K, paused 2ms+3ms
07-20 21:06:49.058   270   272 D dalvikvm: GC_CONCURRENT freed 324K, 9% free 10102K/11079K, paused 2ms+4ms
07-20 21:06:49.531   270   272 D dalvikvm: GC_CONCURRENT freed 326K, 9% free 10167K/11079K, paused 2ms+9ms
07-20 21:06:49.980   270   272 D dalvikvm: GC_CONCURRENT freed 329K, 8% free 10224K/11079K, paused 2ms+4ms
07-20 21:06:50.379   144   204 D Tethering: MasterInitialState.processMessage what=3
07-20 21:06:50.382   144   204 D Tethering: MasterInitialState.processMessage what=3
07-20 21:06:50.476   865   865 I MediaUploader: No need to wake up
07-20 21:06:50.480   463   463 I PhoneLab-WiFiReceiver: Wi-Fi is disconnected!
07-20 21:06:50.500   887   900 D PicasaSyncManager: active network: NetworkInfo: type: mobile[CDMA - EvDo rev. A], state: CONNECTED/CONNECTED, reason: 2GVoiceCallEnded, extra: , roaming: false, failover: false, isAvailable: true
07-20 21:06:50.500   887   900 D PicasaSyncManager: background data: true
07-20 21:06:50.547   887   900 D PicasaSyncManager: active network: NetworkInfo: type: mobile[CDMA - EvDo rev. A], state: CONNECTED/CONNECTED, reason: 2GVoiceCallEnded, extra: , roaming: false, failover: false, isAvailable: true
07-20 21:06:50.578   865   865 I MediaUploader: No need to wake up
07-20 21:06:50.590   887   900 D PicasaSyncManager: background data: true
07-20 21:06:50.918   144   200 D ConnectivityService: handleInetConditionHoldEnd: net=0, condition=100, published condition=100
07-20 21:06:51.015   144   146 D dalvikvm: GC_CONCURRENT freed 994K, 12% free 13447K/15239K, paused 3ms+14ms
07-20 21:06:51.304   270   272 D dalvikvm: GC_CONCURRENT freed 327K, 8% free 10286K/11079K, paused 2ms+17ms
07-20 21:06:51.679   270   272 D dalvikvm: GC_CONCURRENT freed 1296K, 16% free 9377K/11079K, paused 2ms+12ms
07-20 21:06:52.093   270   272 D dalvikvm: GC_CONCURRENT freed 328K, 15% free 9438K/11079K, paused 2ms+4ms
07-20 21:06:52.554   270   272 D dalvikvm: GC_CONCURRENT freed 326K, 15% free 9498K/11079K, paused 2ms+11ms
07-20 21:06:52.972   270   272 D dalvikvm: GC_CONCURRENT freed 326K, 14% free 9558K/11079K, paused 3ms+10ms
07-20 21:06:53.398   270   272 D dalvikvm: GC_CONCURRENT freed 326K, 14% free 9618K/11079K, paused 2ms+5ms
07-20 21:06:53.836   270   272 D dalvikvm: GC_CONCURRENT freed 324K, 13% free 9680K/11079K, paused 2ms+5ms
07-20 21:06:54.254   270   272 D dalvikvm: GC_CONCURRENT freed 325K, 13% free 9742K/11079K, paused 2ms+13ms
07-20 21:06:54.660   270   272 D dalvikvm: GC_CONCURRENT freed 326K, 12% free 9802K/11079K, paused 3ms+12ms
07-20 21:06:55.074   270   272 D dalvikvm: GC_CONCURRENT freed 327K, 11% free 9862K/11079K, paused 3ms+4ms
07-20 21:06:55.453   268   268 I wpa_supplicant: wlan0: Trying to associate with SSID 'UBMESH2'
07-20 21:06:55.465   268   268 I wpa_supplicant: wlan0: Association request to the driver failed
07-20 21:06:55.468   268   268 I wpa_supplicant: wlan0: CTRL-EVENT-DISCONNECTED bssid=72:a3:72:e2:68:eb reason=0
07-20 21:06:55.472    75   117 D CommandListener: Clearing all IP addresses on wlan0
07-20 21:06:55.488   144   200 D ConnectivityService: ConnectivityChange for WIFI: DISCONNECTED/DISCONNECTED
07-20 21:06:55.488   144   200 D ConnectivityService: Attempting to switch to mobile
07-20 21:06:55.488   144   200 D ConnectivityService: Attempting to switch to WIMAX
07-20 21:06:55.488   144   200 D ConnectivityService: Attempting to switch to BLUETOOTH_TETHER
07-20 21:06:55.504   144   195 W NetworkStats: dropping UID delta from unknown iface: iface=wlan0 uid=0 set=DEFAULT tag=0x0 rxBytes=0 rxPackets=0 txBytes=252 txPackets=4 operations=0
07-20 21:06:55.535   144   196 D NetworkPolicy: applying policy NetworkPolicy[NetworkTemplate: matchRule=MOBILE_ALL, subscriberId=valid]: cycleDay=5, warningBytes=2147483648, limitBytes=-1, lastSnooze=-1 to ifaces [rmnet0]
07-20 21:06:55.547   144   196 D NetworkPolicy: applying policy NetworkPolicy[NetworkTemplate: matchRule=MOBILE_ALL, subscriberId=valid]: cycleDay=5, warningBytes=2147483648, limitBytes=-1, lastSnooze=-1 to ifaces [rmnet0]
07-20 21:06:55.574   268   268 E wpa_supplicant: ioctl[SIOCSIWPRIV] (cscan): -1
07-20 21:06:55.574   268   268 W wpa_supplicant: wlan0: Failed to initiate AP scan
07-20 21:06:55.668   270   272 D dalvikvm: GC_CONCURRENT freed 326K, 11% free 9923K/11079K, paused 2ms+5ms
07-20 21:06:55.941   268   268 I wpa_supplicant: wlan0: Associated with 62:4b:0a:58:5a:76
07-20 21:06:55.941   268   268 I wpa_supplicant: wlan0: CTRL-EVENT-CONNECTED - Connection to 62:4b:0a:58:5a:76 completed (reauth) [id=6 id_str=]
07-20 21:06:56.187   270   272 D dalvikvm: GC_CONCURRENT freed 327K, 10% free 9983K/11079K, paused 3ms+11ms
07-20 21:06:56.621   270   272 D dalvikvm: GC_CONCURRENT freed 326K, 10% free 10044K/11079K, paused 2ms+4ms
07-20 21:06:57.078   270   272 D dalvikvm: GC_CONCURRENT freed 325K, 9% free 10106K/11079K, paused 2ms+11ms
07-20 21:06:57.429   270   272 D dalvikvm: GC_CONCURRENT freed 325K, 9% free 10166K/11079K, paused 1ms+4ms
07-20 21:06:57.757   270   272 D dalvikvm: GC_CONCURRENT freed 325K, 8% free 10228K/11079K, paused 2ms+5ms
07-20 21:06:58.066   270   272 D dalvikvm: GC_CONCURRENT freed 393K, 8% free 10222K/11079K, paused 2ms+3ms
07-20 21:06:58.257   270   272 D dalvikvm: GC_CONCURRENT freed 440K, 9% free 10168K/11079K, paused 2ms+2ms
07-20 21:06:58.500   144   204 D Tethering: MasterInitialState.processMessage what=3
07-20 21:06:58.527   144   204 D Tethering: MasterInitialState.processMessage what=3
07-20 21:06:58.535   887   900 D PicasaSyncManager: active network: NetworkInfo: type: mobile[CDMA - EvDo rev. A], state: CONNECTED/CONNECTED, reason: 2GVoiceCallEnded, extra: , roaming: false, failover: false, isAvailable: true
07-20 21:06:58.539   887   900 D PicasaSyncManager: background data: true
07-20 21:06:58.574   865   865 I MediaUploader: No need to wake up
07-20 21:06:58.578   463   463 I PhoneLab-WiFiReceiver: Wi-Fi is disconnected!
07-20 21:06:58.605   887   900 D PicasaSyncManager: active network: NetworkInfo: type: mobile[CDMA - EvDo rev. A], state: CONNECTED/CONNECTED, reason: 2GVoiceCallEnded, extra: , roaming: false, failover: false, isAvailable: true
07-20 21:06:58.617   865   865 I MediaUploader: No need to wake up
07-20 21:06:58.625   887   900 D PicasaSyncManager: background data: true
07-20 21:06:58.754   270   272 D dalvikvm: GC_CONCURRENT freed 395K, 9% free 10164K/11079K, paused 2ms+8ms
07-20 21:06:58.933   270   272 D dalvikvm: GC_CONCURRENT freed 1205K, 16% free 9345K/11079K, paused 2ms+3ms
07-20 21:06:59.027   144   200 D ConnectivityService: handleInetConditionHoldEnd: net=0, condition=100, published condition=100
07-20 21:06:59.105   270   272 D dalvikvm: GC_CONCURRENT freed 326K, 16% free 9406K/11079K, paused 2ms+3ms
07-20 21:06:59.273   270   272 D dalvikvm: GC_CONCURRENT freed 326K, 15% free 9469K/11079K, paused 2ms+3ms
07-20 21:06:59.429   270   272 D dalvikvm: GC_CONCURRENT freed 330K, 15% free 9527K/11079K, paused 2ms+3ms
07-20 21:06:59.582   270   272 D dalvikvm: GC_CONCURRENT freed 326K, 14% free 9587K/11079K, paused 2ms+3ms
07-20 21:06:59.750   270   272 D dalvikvm: GC_CONCURRENT freed 325K, 13% free 9649K/11079K, paused 3ms+3ms
07-20 21:06:59.922   270   272 D dalvikvm: GC_CONCURRENT freed 326K, 13% free 9710K/11079K, paused 2ms+3ms
07-20 21:07:00.132   270   272 D dalvikvm: GC_CONCURRENT freed 325K, 12% free 9772K/11079K, paused 2ms+4ms
07-20 21:07:00.308   270   272 D dalvikvm: GC_CONCURRENT freed 327K, 12% free 9832K/11079K, paused 2ms+3ms
07-20 21:07:00.511   270   272 D dalvikvm: GC_CONCURRENT freed 327K, 11% free 9891K/11079K, paused 3ms+4ms
07-20 21:07:00.683   270   272 D dalvikvm: GC_CONCURRENT freed 327K, 11% free 9951K/11079K, paused 2ms+3ms
07-20 21:07:00.882   270   272 D dalvikvm: GC_CONCURRENT freed 326K, 10% free 10012K/11079K, paused 1ms+7ms
07-20 21:07:01.090   270   272 D dalvikvm: GC_CONCURRENT freed 326K, 10% free 10073K/11079K, paused 2ms+3ms
07-20 21:07:01.273   270   272 D dalvikvm: GC_CONCURRENT freed 325K, 9% free 10137K/11079K, paused 2ms+4ms
07-20 21:07:01.461   270   272 D dalvikvm: GC_CONCURRENT freed 327K, 8% free 10196K/11079K, paused 2ms+4ms
07-20 21:07:01.988   144  1194 E DhcpStateMachine: DHCP failed on wlan0: Timed out waiting for DHCP to finish
07-20 21:07:02.199   144   198 E WifiStateMachine: IP configuration failed
07-20 21:07:02.199   144   198 E WifiStateMachine: Failed 10 times, Disabling 6
07-20 21:07:02.222   144  1204 E DhcpStateMachine: DHCP failed on wlan0: DHCP result was failed
07-20 21:07:02.226   268   268 I wpa_supplicant: wlan0: CTRL-EVENT-DISCONNECTED bssid=00:00:00:00:00:00 reason=0
07-20 21:07:02.234    75   117 D CommandListener: Clearing all IP addresses on wlan0
07-20 21:07:02.257   144   200 D ConnectivityService: ConnectivityChange for WIFI: DISCONNECTED/DISCONNECTED
07-20 21:07:02.257   144   200 D ConnectivityService: Attempting to switch to mobile
07-20 21:07:02.257   144   200 D ConnectivityService: Attempting to switch to WIMAX
07-20 21:07:02.257   144   200 D ConnectivityService: Attempting to switch to BLUETOOTH_TETHER
07-20 21:07:02.269   144   195 W NetworkStats: dropping UID delta from unknown iface: iface=wlan0 uid=0 set=DEFAULT tag=0x0 rxBytes=0 rxPackets=0 txBytes=328 txPackets=5 operations=0
07-20 21:07:02.304   144  1202 E DhcpStateMachine: DHCP failed on wlan0: DHCP result was failed
07-20 21:07:02.316   144   196 D NetworkPolicy: applying policy NetworkPolicy[NetworkTemplate: matchRule=MOBILE_ALL, subscriberId=valid]: cycleDay=5, warningBytes=2147483648, limitBytes=-1, lastSnooze=-1 to ifaces [rmnet0]
07-20 21:07:02.324   144   196 D NetworkPolicy: applying policy NetworkPolicy[NetworkTemplate: matchRule=MOBILE_ALL, subscriberId=valid]: cycleDay=5, warningBytes=2147483648, limitBytes=-1, lastSnooze=-1 to ifaces [rmnet0]
07-20 21:07:02.332   144  1206 E DhcpStateMachine: DHCP failed on wlan0: DHCP result was failed
07-20 21:07:02.418   144   146 D dalvikvm: GC_CONCURRENT freed 1116K, 12% free 13440K/15239K, paused 4ms+10ms
07-20 21:07:05.281   144   204 D Tethering: MasterInitialState.processMessage what=3
07-20 21:07:05.340   144   204 D Tethering: MasterInitialState.processMessage what=3
07-20 21:07:05.351   887   900 D PicasaSyncManager: active network: NetworkInfo: type: mobile[CDMA - EvDo rev. A], state: CONNECTED/CONNECTED, reason: 2GVoiceCallEnded, extra: , roaming: false, failover: false, isAvailable: true
07-20 21:07:05.351   887   900 D PicasaSyncManager: background data: true
07-20 21:07:05.386   865   865 I MediaUploader: No need to wake up
07-20 21:07:05.386   463   463 I PhoneLab-WiFiReceiver: Wi-Fi is disconnected!
07-20 21:07:05.418   887   900 D PicasaSyncManager: active network: NetworkInfo: type: mobile[CDMA - EvDo rev. A], state: CONNECTED/CONNECTED, reason: 2GVoiceCallEnded, extra: , roaming: false, failover: false, isAvailable: true
07-20 21:07:05.437   865   865 I MediaUploader: No need to wake up
07-20 21:07:05.445   887   900 D PicasaSyncManager: background data: true
07-20 21:07:05.465   443   446 D dalvikvm: GC_CONCURRENT freed 438K, 7% free 10142K/10887K, paused 2ms+2ms
07-20 21:07:05.648   270   272 D dalvikvm: GC_CONCURRENT freed 327K, 8% free 10257K/11079K, paused 2ms+9ms
07-20 21:07:05.824   144   200 D ConnectivityService: handleInetConditionHoldEnd: net=0, condition=100, published condition=100
07-20 21:07:05.879   270   272 D dalvikvm: GC_CONCURRENT freed 1295K, 16% free 9349K/11079K, paused 3ms+3ms
07-20 21:07:06.031   270   272 D dalvikvm: GC_CONCURRENT freed 326K, 16% free 9410K/11079K, paused 1ms+3ms
07-20 21:07:06.183   270   272 D dalvikvm: GC_CONCURRENT freed 326K, 15% free 9470K/11079K, paused 2ms+3ms
07-20 21:07:06.347   270   272 D dalvikvm: GC_CONCURRENT freed 325K, 14% free 9534K/11079K, paused 1ms+3ms
07-20 21:07:06.519   270   272 D dalvikvm: GC_CONCURRENT freed 328K, 14% free 9595K/11079K, paused 1ms+3ms
07-20 21:07:06.687   270   272 D dalvikvm: GC_CONCURRENT freed 326K, 13% free 9653K/11079K, paused 2ms+3ms
07-20 21:07:06.847   270   272 D dalvikvm: GC_CONCURRENT freed 326K, 13% free 9712K/11079K, paused 2ms+3ms
07-20 21:07:07.004   270   272 D dalvikvm: GC_CONCURRENT freed 324K, 12% free 9776K/11079K, paused 1ms+3ms
07-20 21:07:07.160   270   272 D dalvikvm: GC_CONCURRENT freed 326K, 12% free 9837K/11079K, paused 2ms+3ms
07-20 21:07:07.336   270   272 D dalvikvm: GC_CONCURRENT freed 329K, 11% free 9898K/11079K, paused 2ms+4ms
07-20 21:07:07.492   270   272 D dalvikvm: GC_CONCURRENT freed 327K, 11% free 9957K/11079K, paused 2ms+3ms
07-20 21:07:07.648   270   272 D dalvikvm: GC_CONCURRENT freed 327K, 10% free 10016K/11079K, paused 1ms+3ms
07-20 21:07:07.816   270   272 D dalvikvm: GC_CONCURRENT freed 324K, 10% free 10080K/11079K, paused 3ms+3ms
07-20 21:07:07.980   270   272 D dalvikvm: GC_CONCURRENT freed 325K, 9% free 10141K/11079K, paused 1ms+4ms
07-20 21:07:08.152   270   272 D dalvikvm: GC_CONCURRENT freed 327K, 8% free 10200K/11079K, paused 2ms+3ms
07-20 21:07:10.160   214   214 I PowerUI : updating low battery warning: level=6 [-1]
07-20 21:08:00.129   214   214 I PowerUI : updating low battery warning: level=6 [-1]
07-20 21:08:22.386   463   950 I PhoneLab-: Service Running
07-20 21:08:22.484   463   950 I PhoneLab-LoggerService: app_49    954   463   1480   1108  c00f181c 400107b4 S logcat
07-20 21:08:22.484   463   950 I PhoneLab-LoggerService: Logcat pid from database 954
07-20 21:08:22.488   463   950 I PhoneLab-LoggerService: Logcat process found 954
07-20 21:08:22.488   463   950 I PhoneLab-LoggerService: Checking Threshold
07-20 21:08:22.488   463   950 I PhoneLab-LoggerService: Starting to rename files
07-20 21:08:22.488   463   950 I PhoneLab-LoggerService: Files found .. 3
07-20 21:08:50.152   214   214 I PowerUI : updating low battery warning: level=6 [-1]
07-20 21:09:40.160   214   214 I PowerUI : updating low battery warning: level=6 [-1]
07-20 21:10:22.386   463   950 I PhoneLab-: Service Running
07-20 21:10:22.465   463   950 I PhoneLab-LoggerService: app_49    954   463   1480   1108  c00f181c 400107b4 S logcat
07-20 21:10:22.465   463   950 I PhoneLab-LoggerService: Logcat pid from database 954
07-20 21:10:22.468   463   950 I PhoneLab-LoggerService: Logcat process found 954
07-20 21:10:22.468   463   950 I PhoneLab-LoggerService: Checking Threshold
07-20 21:10:22.468   463   950 I PhoneLab-LoggerService: Starting to rename files
07-20 21:10:22.468   463   950 I PhoneLab-LoggerService: Files found .. 3
07-20 21:10:30.191   214   214 I PowerUI : updating low battery warning: level=6 [-1]
07-20 21:11:20.195   214   214 I PowerUI : updating low battery warning: level=6 [-1]
07-20 21:12:10.230   214   214 I PowerUI : updating low battery warning: level=6 [-1]
07-20 21:12:10.273   214   225 W MediaPlayer-JNI: MediaPlayer finalized without being released
07-20 21:12:10.277   214   217 D dalvikvm: GC_CONCURRENT freed 404K, 30% free 9755K/13767K, paused 15ms+3ms
07-20 21:12:22.386   463   950 I PhoneLab-: Service Running
07-20 21:12:22.492   463   950 I PhoneLab-LoggerService: app_49    954   463   1480   1108  c00f181c 400107b4 S logcat
07-20 21:12:22.492   463   950 I PhoneLab-LoggerService: Logcat pid from database 954
07-20 21:12:22.492   463   950 I PhoneLab-LoggerService: Logcat process found 954
07-20 21:12:22.492   463   950 I PhoneLab-LoggerService: Checking Threshold
07-20 21:12:22.492   463   950 I PhoneLab-LoggerService: Starting to rename files
07-20 21:12:22.492   463   950 I PhoneLab-LoggerService: Files found .. 3
07-20 21:12:22.507   463   465 D dalvikvm: GC_CONCURRENT freed 401K, 6% free 9100K/9671K, paused 1ms+2ms
07-20 21:12:49.535   850   852 D dalvikvm: GC_CONCURRENT freed 277K, 6% free 10236K/10887K, paused 2ms+3ms
07-20 21:13:00.257   214   214 I PowerUI : updating low battery warning: level=6 [-1]
07-20 21:13:36.187   144   173 I ActivityManager: Start proc com.google.android.apps.maps for service com.google.android.apps.maps/com.google.googlenav.prefetch.android.PrefetcherService: pid=1215 uid=10027 gids={3003, 1015}
07-20 21:13:36.257    79    79 D dalvikvm: GC_EXPLICIT freed 37K, 4% free 9026K/9347K, paused 4ms+7ms
07-20 21:13:36.324    79    79 D dalvikvm: GC_EXPLICIT freed <1K, 4% free 9026K/9347K, paused 2ms+6ms
07-20 21:13:36.367    79    79 D dalvikvm: GC_EXPLICIT freed <1K, 4% free 9026K/9347K, paused 1ms+5ms
07-20 21:13:36.429  1215  1217 D dalvikvm: GC_CONCURRENT freed 174K, 3% free 9358K/9607K, paused 3ms+2ms
07-20 21:13:36.500  1215  1215 I ActivityThread: Pub com.google.android.maps.LayerInfoProvider: com.google.googlenav.layer.LayerInfoProvider
07-20 21:13:36.547  1215  1215 I ActivityThread: Pub com.google.android.maps.TrafficAppWidgetProvider: com.google.googlenav.appwidget.traffic.TrafficAppWidgetProvider
07-20 21:13:36.550  1215  1215 I ActivityThread: Pub com.google.android.maps.SuggestionProvider: com.google.googlenav.suggest.android.SuggestProvider
07-20 21:13:36.574  1215  1215 I ActivityThread: Pub com.google.android.maps.LocalActivePlacesProvider: com.google.googlenav.provider.LocalActivePlacesProvider
07-20 21:13:36.582  1215  1215 I ActivityThread: Pub com.google.android.maps.StarredItemProvider: com.google.googlenav.provider.StarredItemProvider
07-20 21:13:36.590  1215  1217 D dalvikvm: GC_CONCURRENT freed 203K, 4% free 9654K/9991K, paused 2ms+3ms
07-20 21:13:36.734  1215  1217 D dalvikvm: GC_CONCURRENT freed 275K, 4% free 9901K/10247K, paused 1ms+5ms
07-20 21:13:36.793  1215  1215 I ActivityThread: Pub com.google.android.maps.LocalSuggestionProvider: com.google.googlenav.provider.LocalSuggestionProvider
07-20 21:13:36.793  1215  1215 I ActivityThread: Pub com.google.android.maps.SearchHistoryProvider: com.google.googlenav.provider.SearchHistoryProvider
07-20 21:13:36.793  1215  1215 I ActivityThread: Pub com.google.android.maps.NavigationAvailabilityProvider: com.google.googlenav.provider.NavigationAvailabilityProvider
07-20 21:13:36.886   443   446 D dalvikvm: GC_CONCURRENT freed 312K, 6% free 10235K/10887K, paused 2ms+17ms
07-20 21:13:36.961   144   352 D dalvikvm: JIT code cache reset in 5 ms (1048440 bytes 1/0)
07-20 21:13:36.988   144   352 D dalvikvm: GC_EXPLICIT freed 902K, 13% free 13379K/15239K, paused 2ms+12ms
07-20 21:13:37.090  1215  1217 D dalvikvm: GC_CONCURRENT freed 301K, 4% free 10122K/10503K, paused 2ms+5ms
07-20 21:13:47.187   144   407 I ActivityManager: No longer want com.google.android.partnersetup (pid 495): hidden #16
07-20 21:13:50.222   214   214 I PowerUI : updating low battery warning: level=6 [-1]
07-20 21:14:09.371   443   750 I EventLogService: Aggregate from 1342831452018 (log), 1342831449144 (data)
07-20 21:14:22.390   463   950 I PhoneLab-: Service Running
07-20 21:14:22.480   463   463 I PhoneLab-Locks: wake lock acquired
07-20 21:14:22.492   463  1241 I PhoneLab-PeriodicCheckService: User info is synched
07-20 21:14:22.511   463   950 I PhoneLab-LoggerService: app_49    954   463   1480   1108  c00f181c 400107b4 S logcat
07-20 21:14:22.511   463   950 I PhoneLab-LoggerService: Logcat pid from database 954
07-20 21:14:22.511   463   950 I PhoneLab-LoggerService: Logcat process found 954
07-20 21:14:22.511   463   950 I PhoneLab-LoggerService: Checking Threshold
07-20 21:14:22.511   463   950 I PhoneLab-LoggerService: Starting to rename files
07-20 21:14:22.511   463   950 I PhoneLab-LoggerService: Files found .. 3
07-20 21:14:22.515   463  1241 I PhoneLab-PeriodicCheckService: Logger Service is running
07-20 21:14:22.519   463   463 I PhoneLab-Locks: wake lock acquired
07-20 21:14:22.523   463   463 I PhoneLab-StatusMonitor: Status Monitoring is started
07-20 21:14:22.531   463   463 E PhoneLab-PhoneLabManifest: java.io.FileNotFoundException: /data/data/edu.buffalo.cse.phonelab.phonelabservices/files/manifest.xml: open failed: ENOENT (No such file or directory)
07-20 21:14:22.531   463   463 I PhoneLab-Locks: wake lock released
07-20 21:14:22.535   463  1241 I PhoneLab-Locks: wake lock acquired
07-20 21:14:22.539   463   463 I PhoneLab-UploadLogs: Transfering log files now
07-20 21:14:22.539   463  1241 I PhoneLab-PeriodicCheckService: Rescheduling periodic checking...
07-20 21:14:22.543   463  1241 I PhoneLab-Locks: wake lock released
07-20 21:14:22.644   463   465 D dalvikvm: GC_CONCURRENT freed 423K, 6% free 9236K/9735K, paused 1ms+2ms
07-20 21:14:22.675   463   463 D dalvikvm: GC_FOR_ALLOC freed 147K, 7% free 9264K/9863K, paused 14ms
07-20 21:14:22.675   463   463 I dalvikvm-heap: Grow heap (frag case) to 9.363MB for 254548-byte allocation
07-20 21:14:22.691   463   463 D dalvikvm: GC_FOR_ALLOC freed 120K, 8% free 9392K/10119K, paused 13ms
07-20 21:14:22.691   463   463 I dalvikvm-heap: Grow heap (frag case) to 9.738MB for 516692-byte allocation
07-20 21:14:22.718   463   465 D dalvikvm: GC_CONCURRENT freed 248K, 10% free 9648K/10631K, paused 2ms+2ms
07-20 21:14:22.722   463   463 I PhoneLab-UploadLogs: OnStartCommand
07-20 21:14:23.203   463  1244 D dalvikvm: GC_FOR_ALLOC freed 383K, 10% free 9631K/10631K, paused 33ms
07-20 21:14:23.218   463  1244 D dalvikvm: GC_FOR_ALLOC freed 301K, 10% free 9632K/10631K, paused 13ms
07-20 21:14:23.234   463  1244 D dalvikvm: GC_FOR_ALLOC freed 301K, 10% free 9638K/10631K, paused 13ms
07-20 21:14:27.507   463   463 I PhoneLab-: 1342832631643.log is deleted
07-20 21:14:27.507   463   463 I PhoneLab-: Response: {"data": "done", "err": ""}
07-20 21:14:27.554   463   465 D dalvikvm: GC_CONCURRENT freed 953K, 14% free 9176K/10631K, paused 3ms+2ms
07-20 21:14:27.609   463   465 D dalvikvm: GC_CONCURRENT freed 305K, 13% free 9279K/10631K, paused 2ms+3ms
07-20 21:14:27.625   463   463 D dalvikvm: GC_FOR_ALLOC freed 120K, 12% free 9407K/10631K, paused 13ms
07-20 21:14:27.668   463   465 D dalvikvm: GC_CONCURRENT freed 298K, 10% free 9620K/10631K, paused 2ms+2ms
07-20 21:14:27.886   463  1247 D dalvikvm: GC_FOR_ALLOC freed 306K, 10% free 9641K/10631K, paused 40ms
07-20 21:14:27.902   463  1247 D dalvikvm: GC_FOR_ALLOC freed 301K, 10% free 9641K/10631K, paused 13ms
07-20 21:14:27.918   463  1247 D dalvikvm: GC_FOR_ALLOC freed 301K, 10% free 9642K/10631K, paused 13ms
07-20 21:14:31.976   463   463 I PhoneLab-: 1342832782516.log is deleted
07-20 21:14:31.976   463   463 I PhoneLab-: Response: {"data": "done", "err": ""}
07-20 21:14:31.984   463   463 I PhoneLab-UploadLogs: No log files to transfer
07-20 21:14:31.984   463   463 I PhoneLab-Locks: wake lock released
07-20 21:14:40.277   214   214 I PowerUI : updating low battery warning: level=5 [-1]
07-20 21:15:30.293   214   214 I PowerUI : updating low battery warning: level=5 [-1]
07-20 21:16:22.386   463   950 I PhoneLab-: Service Running
07-20 21:16:22.468   463   950 I PhoneLab-LoggerService: app_49    954   463   1480   1108  c00f181c 400107b4 S logcat
07-20 21:16:22.468   463   950 I PhoneLab-LoggerService: Logcat pid from database 954
07-20 21:16:22.468   463   950 I PhoneLab-LoggerService: Logcat process found 954
07-20 21:16:22.468   463   950 I PhoneLab-LoggerService: Checking Threshold
07-20 21:17:49.742   214   217 D dalvikvm: GC_CONCURRENT freed 91K, 27% free 10058K/13767K, paused 4ms+3ms
07-20 21:17:49.914   214   217 D dalvikvm: GC_CONCURRENT freed 567K, 29% free 9890K/13767K, paused 2ms+7ms
07-20 21:18:00.355   214   214 I PowerUI : updating low battery warning: level=5 [-1]
07-20 21:18:22.386   463   950 I PhoneLab-: Service Running
07-20 21:18:22.507   463   465 D dalvikvm: GC_CONCURRENT freed 886K, 14% free 9168K/10631K, paused 1ms+5ms
07-20 21:18:22.511   463   950 I PhoneLab-LoggerService: app_49    954   463   1480   1108  c00f181c 400107b4 S logcat
07-20 21:18:22.515   463   950 I PhoneLab-LoggerService: Logcat pid from database 954
07-20 21:18:22.519   463   950 I PhoneLab-LoggerService: Logcat process found 954
07-20 21:18:22.519   463   950 I PhoneLab-LoggerService: Checking Threshold
07-20 21:18:38.890   144   146 D dalvikvm: GC_CONCURRENT freed 964K, 13% free 13382K/15239K, paused 11ms+5ms
07-20 21:18:50.379   214   214 I PowerUI : updating low battery warning: level=5 [-1]
07-20 21:19:23.066   214   217 D dalvikvm: GC_CONCURRENT freed 554K, 29% free 9806K/13767K, paused 2ms+3ms
07-20 21:19:23.222   214   217 D dalvikvm: GC_CONCURRENT freed 336K, 29% free 9870K/13767K, paused 2ms+2ms
07-20 21:19:23.246   214   214 D PhoneStatusBar: disable: < expand icons alerts ticker system_info BACK* HOME* RECENT CLOCK* >
07-20 21:19:40.398   214   214 I PowerUI : updating low battery warning: level=5 [-1]
07-20 21:20:22.386   463   950 I PhoneLab-: Service Running
07-20 21:20:22.480   463   950 I PhoneLab-LoggerService: app_49    954   463   1480   1108  c00f181c 400107b4 S logcat
07-20 21:20:22.480   463   950 I PhoneLab-LoggerService: Logcat pid from database 954
07-20 21:20:22.480   463   950 I PhoneLab-LoggerService: Logcat process found 954
07-20 21:20:22.480   463   950 I PhoneLab-LoggerService: Checking Threshold
07-20 21:20:30.457   214   214 I PowerUI : updating low battery warning: level=5 [-1]
07-20 21:21:58.558   850   852 D dalvikvm: GC_CONCURRENT freed 383K, 6% free 10239K/10887K, paused 2ms+4ms
07-20 21:22:02.949   443   446 D dalvikvm: GC_CONCURRENT freed 352K, 6% free 10269K/10887K, paused 2ms+4ms
07-20 21:22:10.468   214   214 I PowerUI : updating low battery warning: level=5 [-1]
07-20 21:22:22.386   463   950 I PhoneLab-: Service Running
07-20 21:22:22.461   463   950 I PhoneLab-LoggerService: app_49    954   463   1480   1108  c00f181c 400107b4 S logcat
07-20 21:22:22.465   463   950 I PhoneLab-LoggerService: Logcat pid from database 954
07-20 21:22:22.465   463   950 I PhoneLab-LoggerService: Logcat process found 954
07-20 21:22:22.465   463   950 I PhoneLab-LoggerService: Checking Threshold
07-20 21:23:00.492   214   214 I PowerUI : updating low battery warning: level=5 [-1]
07-20 21:23:50.539   214   214 I PowerUI : updating low battery warning: level=5 [-1]
07-20 21:24:22.386   463   950 I PhoneLab-: Service Running
07-20 21:24:22.476   463   950 I PhoneLab-LoggerService: app_49    954   463   1480   1108  c00f181c 400107b4 S logcat
07-20 21:24:22.476   463   950 I PhoneLab-LoggerService: Logcat pid from database 954
07-20 21:24:22.476   463   950 I PhoneLab-LoggerService: Logcat process found 954
07-20 21:24:22.476   463   950 I PhoneLab-LoggerService: Checking Threshold
07-20 21:24:40.550   214   214 I PowerUI : updating low battery warning: level=5 [-1]
07-20 21:25:30.558   214   214 I PowerUI : updating low battery warning: level=5 [-1]
07-20 21:26:20.574   214   214 I PowerUI : updating low battery warning: level=5 [-1]
07-20 21:26:22.386   463   950 I PhoneLab-: Service Running
07-20 21:26:22.465   463   950 I PhoneLab-LoggerService: app_49    954   463   1480   1108  c00f181c 400107b4 S logcat
07-20 21:26:22.465   463   950 I PhoneLab-LoggerService: Logcat pid from database 954
07-20 21:26:22.465   463   950 I PhoneLab-LoggerService: Logcat process found 954
07-20 21:26:22.468   463   950 I PhoneLab-LoggerService: Checking Threshold
07-20 21:27:10.605   214   214 I PowerUI : updating low battery warning: level=4 [-2]
07-20 21:27:10.609    81    81 I AwesomePlayer: setDataSource_l('/system/media/audio/ui/LowBattery.ogg')
07-20 21:27:10.636    81   125 I AwesomePlayer: setDataSource_l('/system/media/audio/ui/LowBattery.ogg')
07-20 21:27:10.660   214   214 W MediaPlayer: mediaplayer went away with unhandled events
07-20 21:27:10.660   214   214 W MediaPlayer: mediaplayer went away with unhandled events
07-20 21:27:10.668    81   124 D AudioHardware: AudioHardware pcm playback is exiting standby.
07-20 21:27:10.668    81   124 D AudioHardware: openPcmOut_l() mPcmOpenCnt: 0
07-20 21:27:14.406    81   124 D AudioHardware: AudioHardware pcm playback is going to standby.
07-20 21:27:14.410    81   124 D AudioHardware: closePcmOut_l() mPcmOpenCnt: 1
07-20 21:28:00.629   214   214 I PowerUI : updating low battery warning: level=4 [-2]
07-20 21:28:22.386   463   950 I PhoneLab-: Service Running
07-20 21:28:22.484   463   950 I PhoneLab-LoggerService: app_49    954   463   1480   1108  c00f181c 400107b4 S logcat
07-20 21:28:22.484   463   950 I PhoneLab-LoggerService: Logcat pid from database 954
07-20 21:28:22.484   463   950 I PhoneLab-LoggerService: Logcat process found 954
07-20 21:28:22.488   463   950 I PhoneLab-LoggerService: Checking Threshold
07-20 21:28:50.644   214   214 I PowerUI : updating low battery warning: level=4 [-2]
07-20 21:29:38.347   268   268 I wpa_supplicant: wlan0: Trying to associate with e0:91:f5:69:e1:52 (SSID='NETGEAR' freq=2462 MHz)
07-20 21:29:38.515   268   268 I wpa_supplicant: wlan0: Associated with e0:91:f5:69:e1:52
07-20 21:29:38.515   268   268 I wpa_supplicant: wlan0: CTRL-EVENT-CONNECTED - Connection to e0:91:f5:69:e1:52 completed (reauth) [id=0 id_str=]
07-20 21:29:39.332   144   198 D DhcpInfoInternal: makeLinkProperties with empty dns2!
07-20 21:29:39.336   144   198 D DhcpInfoInternal: makeLinkProperties with empty dns2!
07-20 21:29:39.363   144   200 D ConnectivityService: ConnectivityChange for WIFI: CONNECTED/CONNECTED
07-20 21:29:39.363   144   200 D ConnectivityService: Policy requires mobile teardown
07-20 21:29:39.390   463   463 I PhoneLab-WiFiReceiver: Wi-Fi is connected!
07-20 21:29:39.414   463   463 I PhoneLab-WiFiReceiver: SSID: NETGEAR BSSID: e0:91:f5:69:e1:52 RSSI: -200 LinkSpeed: -1
07-20 21:29:39.425   463   463 I PhoneLab-Locks: wake lock acquired
07-20 21:29:39.461   463   463 I PhoneLab-UploadLogs: Transfering log files now
07-20 21:29:39.461   144   200 D ConnectivityService: ConnectivityChange for mobile: DISCONNECTED/DISCONNECTED
07-20 21:29:39.461   144   200 D ConnectivityService: Attempting to switch to WIFI
07-20 21:29:39.461   144   200 D ConnectivityService: Attempting to switch to WIMAX
07-20 21:29:39.461   144   200 D ConnectivityService: Attempting to switch to BLUETOOTH_TETHER
07-20 21:29:39.465   463   463 I PhoneLab-UploadLogs: No log files to transfer
07-20 21:29:39.465   463   463 I PhoneLab-Locks: wake lock released
07-20 21:29:39.519   144   146 D dalvikvm: GC_CONCURRENT freed 1031K, 12% free 13445K/15239K, paused 2ms+8ms
07-20 21:29:39.523   463   463 I PhoneLab-UploadLogs: OnStartCommand
07-20 21:29:39.527   144   200 D NetUtils: android_net_utils_resetConnections in env=0x1adf658 clazz=0x5600001 iface=rmnet0 mask=0x3
07-20 21:29:39.527   144   200 D ConnectivityService: resetConnections(rmnet0, 3)
07-20 21:29:39.543   144   195 W NetworkStats: dropping UID delta from unknown iface: iface=wlan0 uid=0 set=DEFAULT tag=0x0 rxBytes=0 rxPackets=0 txBytes=140 txPackets=2 operations=0
07-20 21:29:39.636   443  1007 W Smack/Packet: notify conn break (IOEx), close connection
07-20 21:29:39.785   443  1007 I qtaguid : Failed write_ctrl(u 67) res=-1 errno=22
07-20 21:29:39.785   443  1007 I qtaguid : Untagging socket 67 failed errno=-22
07-20 21:29:39.789   443  1007 W NetworkManagementSocketTagger: untagSocket(67) failed with errno -22
07-20 21:29:39.804   144   200 D ConnectivityService: handleInetConditionChange: net=0 != default=1 - ignore
07-20 21:29:42.468   144   204 D Tethering: MasterInitialState.processMessage what=3
07-20 21:29:42.500   443   443 I GTalkService/c: [AndroidEndpoint@1094982312] connect: acct=1000000, state=CONNECTING
07-20 21:29:42.504   887   900 D PicasaSyncManager: active network: NetworkInfo: type: WIFI[], state: CONNECTED/CONNECTED, reason: (unspecified), extra: (none), roaming: false, failover: false, isAvailable: true
07-20 21:29:42.539   865   865 I MediaUploader: No need to wake up
07-20 21:29:42.547   144   204 D Tethering: MasterInitialState.processMessage what=3
07-20 21:29:42.562   144   204 D Tethering: MasterInitialState.processMessage what=3
07-20 21:29:42.578   887   900 D PicasaSyncManager: background data: true
07-20 21:29:42.613   865   865 I MediaUploader: No need to wake up
07-20 21:29:42.652   865   865 I MediaUploader: No need to wake up
07-20 21:29:42.703   887   900 D PicasaSyncManager: active network: NetworkInfo: type: WIFI[], state: CONNECTED/CONNECTED, reason: (unspecified), extra: (none), roaming: false, failover: false, isAvailable: true
07-20 21:29:42.703   887   900 D PicasaSyncManager: background data: true
07-20 21:29:42.828   270   272 D dalvikvm: GC_CONCURRENT freed 330K, 8% free 10265K/11079K, paused 2ms+9ms
07-20 21:29:42.988   270   272 D dalvikvm: GC_CONCURRENT freed 1297K, 16% free 9355K/11079K, paused 2ms+4ms
07-20 21:29:43.136   270   272 D dalvikvm: GC_CONCURRENT freed 327K, 16% free 9414K/11079K, paused 2ms+3ms
07-20 21:29:43.300   270   272 D dalvikvm: GC_CONCURRENT freed 326K, 15% free 9474K/11079K, paused 1ms+4ms
07-20 21:29:43.468   270   272 D dalvikvm: GC_CONCURRENT freed 325K, 14% free 9536K/11079K, paused 1ms+3ms
07-20 21:29:43.632   270   272 D dalvikvm: GC_CONCURRENT freed 328K, 14% free 9597K/11079K, paused 2ms+4ms
07-20 21:29:43.789   270   272 D dalvikvm: GC_CONCURRENT freed 328K, 13% free 9657K/11079K, paused 2ms+3ms
07-20 21:29:43.949   270   272 D dalvikvm: GC_CONCURRENT freed 326K, 13% free 9718K/11079K, paused 2ms+5ms
07-20 21:29:44.101   270   272 D dalvikvm: GC_CONCURRENT freed 328K, 12% free 9780K/11079K, paused 1ms+4ms
07-20 21:29:44.254   270   272 D dalvikvm: GC_CONCURRENT freed 329K, 12% free 9841K/11079K, paused 1ms+4ms
07-20 21:29:44.398   270   272 D dalvikvm: GC_CONCURRENT freed 326K, 11% free 9901K/11079K, paused 1ms+3ms
07-20 21:29:44.562   270   272 D dalvikvm: GC_CONCURRENT freed 325K, 11% free 9961K/11079K, paused 2ms+3ms
07-20 21:29:44.711   270   272 D dalvikvm: GC_CONCURRENT freed 326K, 10% free 10022K/11079K, paused 2ms+3ms
07-20 21:29:44.871   270   272 D dalvikvm: GC_CONCURRENT freed 326K, 9% free 10083K/11079K, paused 2ms+3ms
07-20 21:29:45.023   270   272 D dalvikvm: GC_CONCURRENT freed 326K, 9% free 10145K/11079K, paused 1ms+3ms
07-20 21:29:45.125   214   214 I PowerUI : updating low battery warning: level=4 [-2]
07-20 21:29:45.242   270   272 D dalvikvm: GC_CONCURRENT freed 326K, 8% free 10206K/11079K, paused 2ms+4ms
07-20 21:29:45.465   270   272 D dalvikvm: GC_CONCURRENT freed 332K, 8% free 10265K/11079K, paused 2ms+4ms
07-20 21:29:45.652   270   272 D dalvikvm: GC_CONCURRENT freed 480K, 9% free 10173K/11079K, paused 2ms+2ms
07-20 21:29:45.847   270   272 D dalvikvm: GC_CONCURRENT freed 403K, 9% free 10161K/11079K, paused 1ms+2ms
07-20 21:29:47.461   268   268 I wpa_supplicant: wlan0: CTRL-EVENT-DISCONNECTED bssid=e0:91:f5:69:e1:52 reason=0
07-20 21:29:47.468    75   117 D CommandListener: Clearing all IP addresses on wlan0
07-20 21:29:47.535   144   200 D ConnectivityService: ConnectivityChange for WIFI: DISCONNECTED/DISCONNECTED
07-20 21:29:47.539   144   200 D ConnectivityService: Attempting to switch to mobile
07-20 21:29:47.543   144   200 D ConnectivityService: Attempting to switch to WIMAX
07-20 21:29:47.543   144   200 D ConnectivityService: Attempting to switch to BLUETOOTH_TETHER
07-20 21:29:47.582   144   200 E ConnectivityService: Exception trying to remove a route: java.lang.IllegalStateException: Unable to communicate with native dameon to add routes - com.android.server.NativeDaemonConnectorException: Cmd {interface route remove wlan0 default 192.168.1.1 32 0.0.0.0} failed with code 400 : {Failed to remove route from default table (No such process)}
07-20 21:29:47.586   144   200 D NetUtils: android_net_utils_resetConnections in env=0x1adf658 clazz=0x14000001 iface=wlan0 mask=0x3
07-20 21:29:47.586   144   200 E ConnectivityService: Exception trying to remove a route: java.lang.IllegalStateException: Unable to communicate with native dameon to add routes - com.android.server.NativeDaemonConnectorException: Cmd {interface route remove wlan0 default 0.0.0.0 0 192.168.1.1} failed with code 400 : {Failed to remove route from default table (No such process)}
07-20 21:29:47.586   144   200 D ConnectivityService: resetConnections(wlan0, 3)
07-20 21:29:47.703   443   844 E GTalkService: connectionClosed: no XMPPConnection - That's strange!
07-20 21:29:47.707   144   200 D ConnectivityService: handleInetConditionChange: no active default network - ignore
07-20 21:29:50.621   144   204 D Tethering: MasterInitialState.processMessage what=3
07-20 21:29:50.687   887   900 D PicasaSyncManager: active network: null
07-20 21:29:50.707   865   865 I MediaUploader: No need to wake up
07-20 21:29:50.711   463   463 I PhoneLab-WiFiReceiver: Wi-Fi is disconnected!
07-20 21:29:50.711   887   900 D PicasaSyncManager: background data: true
07-20 21:29:50.754   865   867 D dalvikvm: GC_CONCURRENT freed 381K, 5% free 9083K/9543K, paused 1ms+4ms
07-20 21:29:50.793   443   446 D dalvikvm: GC_CONCURRENT freed 513K, 7% free 10166K/10887K, paused 2ms+3ms
07-20 21:29:52.828   144   146 D dalvikvm: GC_CONCURRENT freed 1032K, 13% free 13406K/15239K, paused 3ms+6ms
07-20 21:29:55.601   144   200 D ConnectivityService: ConnectivityChange for mobile: CONNECTED/CONNECTED
07-20 21:29:55.703   144   196 D NetworkPolicy: applying policy NetworkPolicy[NetworkTemplate: matchRule=MOBILE_ALL, subscriberId=valid]: cycleDay=5, warningBytes=2147483648, limitBytes=-1, lastSnooze=-1 to ifaces [rmnet0]
07-20 21:29:55.730   306   308 D dalvikvm: GC_CONCURRENT freed 826K, 8% free 11982K/12935K, paused 7ms+5ms
07-20 21:29:56.605   144   200 D ConnectivityService: NetTransition Wakelock for WifiStateMachine released by timeout
07-20 21:29:58.691   144   204 D Tethering: MasterInitialState.processMessage what=3
07-20 21:29:58.746   443   443 I GTalkService/c: [AndroidEndpoint@1094982312] connect: acct=1000000, state=CONNECTING
07-20 21:29:58.773   865   865 I MediaUploader: No need to wake up
07-20 21:29:58.785   887   900 D PicasaSyncManager: active network: NetworkInfo: type: mobile[CDMA - EvDo rev. A], state: CONNECTED/CONNECTED, reason: (unspecified), extra: , roaming: false, failover: true, isAvailable: true
07-20 21:29:58.785   887   900 D PicasaSyncManager: background data: true
07-20 21:29:58.980   270   272 D dalvikvm: GC_CONCURRENT freed 281K, 8% free 10268K/11079K, paused 1ms+8ms
07-20 21:29:59.140   270   272 D dalvikvm: GC_CONCURRENT freed 1269K, 16% free 9387K/11079K, paused 2ms+3ms
07-20 21:29:59.285   270   272 D dalvikvm: GC_CONCURRENT freed 326K, 15% free 9446K/11079K, paused 2ms+3ms
07-20 21:29:59.429   270   272 D dalvikvm: GC_CONCURRENT freed 326K, 15% free 9507K/11079K, paused 2ms+3ms
07-20 21:29:59.574   270   272 D dalvikvm: GC_CONCURRENT freed 327K, 14% free 9567K/11079K, paused 2ms+3ms
07-20 21:29:59.738   270   272 D dalvikvm: GC_CONCURRENT freed 325K, 14% free 9627K/11079K, paused 1ms+3ms
07-20 21:29:59.886   270   272 D dalvikvm: GC_CONCURRENT freed 325K, 13% free 9687K/11079K, paused 2ms+4ms
07-20 21:30:00.113   270   272 D dalvikvm: GC_CONCURRENT freed 324K, 12% free 9751K/11079K, paused 2ms+4ms
07-20 21:30:00.289   270   272 D dalvikvm: GC_CONCURRENT freed 328K, 12% free 9812K/11079K, paused 2ms+5ms
07-20 21:30:00.488   270   272 D dalvikvm: GC_CONCURRENT freed 326K, 11% free 9872K/11079K, paused 1ms+3ms
07-20 21:30:00.648   270   272 D dalvikvm: GC_CONCURRENT freed 327K, 11% free 9932K/11079K, paused 1ms+3ms
07-20 21:30:00.820   270   272 D dalvikvm: GC_CONCURRENT freed 326K, 10% free 9992K/11079K, paused 2ms+3ms
07-20 21:30:00.941   144   200 D ConnectivityService: handleInetConditionHoldEnd: net=0, condition=100, published condition=0
07-20 21:30:00.976   270   272 D dalvikvm: GC_CONCURRENT freed 327K, 10% free 10053K/11079K, paused 2ms+4ms
07-20 21:30:01.129   270   272 D dalvikvm: GC_CONCURRENT freed 325K, 9% free 10115K/11079K, paused 2ms+4ms
07-20 21:30:01.277   270   272 D dalvikvm: GC_CONCURRENT freed 326K, 9% free 10176K/11079K, paused 2ms+3ms
07-20 21:30:01.441   270   272 D dalvikvm: GC_CONCURRENT freed 326K, 8% free 10237K/11079K, paused 2ms+3ms
07-20 21:30:22.386   463   950 I PhoneLab-: Service Running
07-20 21:30:22.500   463   950 I PhoneLab-LoggerService: app_49    954   463   1480   1108  c00f181c 400107b4 S logcat
07-20 21:30:22.500   463   950 I PhoneLab-LoggerService: Logcat pid from database 954
07-20 21:30:22.500   463   950 I PhoneLab-LoggerService: Logcat process found 954
07-20 21:30:22.500   463   950 I PhoneLab-LoggerService: Checking Threshold
07-20 21:30:35.179   214   214 I PowerUI : updating low battery warning: level=4 [-2]
07-20 21:30:37.437   214   225 W MediaPlayer-JNI: MediaPlayer finalized without being released
07-20 21:30:37.441   214   217 D dalvikvm: GC_CONCURRENT freed 294K, 27% free 10083K/13767K, paused 2ms+2ms
07-20 21:30:37.527   214   217 D dalvikvm: GC_CONCURRENT freed 486K, 28% free 10040K/13767K, paused 2ms+2ms
07-20 21:30:53.613   214   217 D dalvikvm: GC_CONCURRENT freed 544K, 28% free 9993K/13767K, paused 2ms+2ms
07-20 21:30:53.672   214   217 D dalvikvm: GC_CONCURRENT freed 497K, 28% free 9944K/13767K, paused 1ms+2ms
07-20 21:30:53.765   214   217 D dalvikvm: GC_CONCURRENT freed 469K, 28% free 9913K/13767K, paused 2ms+2ms
07-20 21:31:09.761   443   446 D dalvikvm: GC_CONCURRENT freed 389K, 7% free 10166K/10887K, paused 2ms+3ms
07-20 21:31:25.203   214   214 I PowerUI : updating low battery warning: level=3 [-2]
07-20 21:32:00.015   144   161 I ActivityManager: No longer want com.google.android.onetimeinitializer (pid 781): hidden #16
07-20 21:32:00.019   144   161 I ActivityManager: No longer want com.android.mms (pid 755): hidden #17
07-20 21:32:15.218   214   214 I PowerUI : updating low battery warning: level=3 [-2]
07-20 21:32:22.386   463   950 I PhoneLab-: Service Running
07-20 21:32:22.484   463   950 I PhoneLab-LoggerService: app_49    954   463   1480   1108  c00f181c 400107b4 S logcat
07-20 21:32:22.484   463   950 I PhoneLab-LoggerService: Logcat pid from database 954
07-20 21:32:22.488   463   950 I PhoneLab-LoggerService: Logcat process found 954
07-20 21:32:22.488   463   950 I PhoneLab-LoggerService: Checking Threshold
07-20 21:32:22.500   463   465 D dalvikvm: GC_CONCURRENT freed 427K, 14% free 9146K/10631K, paused 2ms+2ms
07-20 21:32:56.629   144   160 V BackupManagerService: Running a backup pass
07-20 21:32:56.644   144   213 W BackupManagerService: Requested unavailable transport: com.google.android.backup/.BackupTransportService
07-20 21:32:56.648   144   213 V BackupManagerService: Backup requested but no transport available
07-20 21:33:02.336   144   171 I power   : *** set_screen_state 0
07-20 21:33:02.379    78   121 D SurfaceFlinger: About to give-up screen, flinger = 0x6a918
07-20 21:33:02.527   144   146 D dalvikvm: GC_CONCURRENT freed 794K, 11% free 13689K/15239K, paused 2ms+5ms
07-20 21:33:04.000   144   175 D dalvikvm: GC_FOR_ALLOC freed 83K, 11% free 13606K/15239K, paused 516ms
07-20 21:33:04.000   144   175 I dalvikvm-heap: Grow heap (frag case) to 13.465MB for 104992-byte allocation
07-20 21:33:04.082   144   170 D dalvikvm: GC_FOR_ALLOC freed 1K, 11% free 13706K/15367K, paused 63ms
07-20 21:33:04.148   144   175 D dalvikvm: GC_FOR_ALLOC freed 3K, 11% free 13708K/15367K, paused 50ms
07-20 21:33:04.148   144   175 I dalvikvm-heap: Grow heap (frag case) to 13.566MB for 104992-byte allocation
07-20 21:33:04.211   144   170 D dalvikvm: GC_FOR_ALLOC freed 2K, 11% free 13809K/15495K, paused 46ms
07-20 21:33:04.277   144   175 D dalvikvm: GC_FOR_ALLOC freed <1K, 11% free 13811K/15495K, paused 48ms
07-20 21:33:04.277   144   175 I dalvikvm-heap: Grow heap (frag case) to 13.666MB for 104992-byte allocation
07-20 21:33:04.339   144   170 D dalvikvm: GC_FOR_ALLOC freed <1K, 11% free 13912K/15623K, paused 49ms
07-20 21:33:04.402   144   175 D dalvikvm: GC_FOR_ALLOC freed <1K, 11% free 13913K/15623K, paused 50ms
07-20 21:33:04.402   144   175 I dalvikvm-heap: Grow heap (frag case) to 13.765MB for 104992-byte allocation
07-20 21:33:04.461   144   170 D dalvikvm: GC_FOR_ALLOC freed <1K, 12% free 14015K/15751K, paused 47ms
07-20 21:33:04.468   144   175 V TransportControlView: Create TCV com.android.internal.widget.TransportControlView@416c47a0
07-20 21:33:05.518   214   214 I PowerUI : updating low battery warning: level=3 [-2]
07-20 21:34:09.047   214   214 I PowerUI : updating low battery warning: level=3 [-2]
07-20 21:35:12.046   214   214 I PowerUI : updating low battery warning: level=2 [-2]
07-20 21:36:16.043   214   214 I PowerUI : updating low battery warning: level=2 [-2]
07-20 21:37:19.039   214   214 I PowerUI : updating low battery warning: level=2 [-2]
07-20 21:39:26.047   214   214 I PowerUI : updating low battery warning: level=2 [-2]
07-20 21:40:30.039   214   214 I PowerUI : updating low battery warning: level=1 [-2]
07-20 21:41:33.046   214   214 I PowerUI : updating low battery warning: level=1 [-2]
07-20 21:42:37.058   214   214 I PowerUI : updating low battery warning: level=1 [-2]
07-20 21:43:36.214   214   214 I PowerUI : updating low battery warning: level=1 [-2]
07-20 21:44:09.484   443   750 I EventLogService: Aggregate from 1342833249379 (log), 1342833249379 (data)
07-20 21:44:22.570   463   463 I PhoneLab-Locks: wake lock acquired
07-20 21:44:22.593   463  1312 I PhoneLab-PeriodicCheckService: User info is synched
07-20 21:44:22.597   463  1312 I PhoneLab-PeriodicCheckService: Logger Service is running
07-20 21:44:22.601   463   463 I PhoneLab-Locks: wake lock acquired
07-20 21:44:22.601   463   463 I PhoneLab-StatusMonitor: Status Monitoring is started
07-20 21:44:22.605   463   463 E PhoneLab-PhoneLabManifest: java.io.FileNotFoundException: /data/data/edu.buffalo.cse.phonelab.phonelabservices/files/manifest.xml: open failed: ENOENT (No such file or directory)
07-20 21:44:22.605   463   463 I PhoneLab-Locks: wake lock released
07-20 21:44:22.609   463  1312 I PhoneLab-Locks: wake lock acquired
07-20 21:44:22.613   463   463 I PhoneLab-UploadLogs: Transfering log files now
07-20 21:44:22.613   463   463 I PhoneLab-UploadLogs: No log files to transfer
07-20 21:44:22.613   463   463 I PhoneLab-Locks: wake lock released
07-20 21:44:22.613   463   463 I PhoneLab-UploadLogs: OnStartCommand
07-20 21:44:22.613   463  1312 I PhoneLab-PeriodicCheckService: Rescheduling periodic checking...
07-20 21:44:22.617   463  1312 I PhoneLab-Locks: wake lock released
07-20 21:45:47.047   214   214 I PowerUI : updating low battery warning: level=1 [-2]
07-20 21:46:51.043   214   214 I PowerUI : updating low battery warning: level=1 [-2]
07-20 21:47:55.019   144   170 I ActivityManager: START {act=android.intent.action.ACTION_REQUEST_SHUTDOWN flg=0x10000000 cmp=android/com.android.server.ShutdownActivity (has extras)} from pid 144
07-20 21:47:55.023   343   343 D OpenGLRenderer: Flushing caches (mode 0)
07-20 21:47:55.039   144   160 I ShutdownActivity: onCreate(): confirm=false
07-20 21:47:55.066   144   160 D ShutdownThread: Notifying thread to start shutdown longPressBehavior=1
07-20 21:47:55.074   214   214 I PowerUI : updating low battery warning: level=0 [-2]
07-20 21:47:55.101   144  1314 I ShutdownThread: Sending shutdown broadcast...
07-20 21:47:55.164   144   160 W SyncManager: Writing sync state before shutdown...
07-20 21:47:55.195   343   343 D OpenGLRenderer: Flushing caches (mode 1)
07-20 21:47:55.343   144   146 D dalvikvm: GC_CONCURRENT freed 1622K, 14% free 13644K/15751K, paused 2ms+6ms
07-20 21:47:55.421   144  1314 I ShutdownThread: Shutting down activity manager...
07-20 21:47:55.421   144   160 W ActivityManager: finishReceiver called but no pending broadcasts
07-20 21:47:55.421   144  1314 I UsageStats: Writing usage stats before shutdown...
07-20 21:47:55.457   144  1314 W BatteryStats: Writing battery stats before shutdown...
07-20 21:47:55.515   144  1314 W ShutdownThread: Turning off radio...
07-20 21:47:55.550   144  1314 I ShutdownThread: Waiting for Bluetooth and Radio...
07-20 21:47:56.906   144   200 D ConnectivityService: ConnectivityChange for mobile: DISCONNECTED/DISCONNECTED
07-20 21:47:56.906   144   200 D ConnectivityService: Attempting to switch to WIFI
07-20 21:47:56.906   144   200 D ConnectivityService: Attempting to switch to WIMAX
07-20 21:47:56.906   144   200 D ConnectivityService: Attempting to switch to BLUETOOTH_TETHER
07-20 21:47:56.910   144   200 E ConnectivityService: Exception trying to remove a route: java.lang.IllegalStateException: Unable to communicate with native dameon to add routes - com.android.server.NativeDaemonConnectorException: Cmd {interface route remove rmnet0 default 25.39.56.1 32 0.0.0.0} failed with code 400 : {Failed to remove route from default table (No such process)}
07-20 21:47:56.914   144   200 D NetUtils: android_net_utils_resetConnections in env=0x1adf658 clazz=0x35f00001 iface=rmnet0 mask=0x3
07-20 21:47:56.914   144   200 E ConnectivityService: Exception trying to remove a route: java.lang.IllegalStateException: Unable to communicate with native dameon to add routes - com.android.server.NativeDaemonConnectorException: Cmd {interface route remove rmnet0 default 0.0.0.0 0 25.39.56.1} failed with code 400 : {Failed to remove route from default table (No such process)}
07-20 21:47:56.914   144   200 D ConnectivityService: resetConnections(rmnet0, 3)
07-20 21:47:57.015   144   161 I ActivityManager: Start proc com.google.android.partnersetup for broadcast com.google.android.partnersetup/.PhoneStateReceiver: pid=1330 uid=10015 gids={3003}
07-20 21:47:57.019   306   306 D SAN_SERVICE: *******************************************
07-20 21:47:57.019   306   306 D SAN_SERVICE: DM App Phone Service State - 3
07-20 21:47:57.019   306   306 D SAN_SERVICE: *******************************************
07-20 21:47:57.058   144  1314 I ShutdownThread: Radio and Bluetooth shutdown complete.
07-20 21:47:57.058   144  1314 I ShutdownThread: Shutting down MountService
07-20 21:47:57.058   144   207 I PackageManager: Updating external media status from mounted to unmounted
07-20 21:47:57.058   144  1314 I MountService: Shutting down
07-20 21:47:57.101  1330  1330 I ActivityThread: Pub com.google.android.partnersetup.rlzprovider: com.google.android.partnersetup.RlzProvider
07-20 21:47:57.101  1330  1330 I ActivityThread: Pub com.google.android.partnersetup.rlzappprovider: com.google.android.partnersetup.RlzAppProvider
07-20 21:47:57.117   144   329 I ActivityManager: No longer want com.android.voicedialer (pid 817): hidden #16
07-20 21:47:57.132   443   624 D NetworkLocator: null cell state delivered
07-20 21:47:57.140   144   174 I ActivityManager: Displayed android/com.android.server.ShutdownActivity: +2s120ms
07-20 21:47:57.148   443   624 D NetworkLocator: null cell state delivered
07-20 21:47:57.152   443   624 D NetworkLocator: null cell state delivered
07-20 21:47:57.156   443  1297 W Smack/Packet: notify conn break (IOEx), close connection
07-20 21:47:57.156   144   164 I PackageManager: No secure containers on sdcard
07-20 21:47:57.156    72   104 D VoldCmdListener: asec list
07-20 21:47:57.296    72   104 D VoldCmdListener: storage users /mnt/sdcard
07-20 21:47:57.312   443  1297 I qtaguid : Failed write_ctrl(u 67) res=-1 errno=22
07-20 21:47:57.328   443  1297 I qtaguid : Untagging socket 67 failed errno=-22
07-20 21:47:57.328   443  1297 W NetworkManagementSocketTagger: untagSocket(67) failed with errno -22
07-20 21:47:57.371   144   200 D ConnectivityService: handleInetConditionChange: no active default network - ignore
07-20 21:47:57.429   144   207 W ActivityManager: Killing processes unmount media at adjustment 9
07-20 21:47:57.429   144   207 W ActivityManager: Killing ProcessRecord{41676b38 1215:com.google.android.apps.maps/10027} (adj 10): unmount media
07-20 21:47:57.437    72   104 D VoldCmdListener: storage users /mnt/sdcard
07-20 21:47:57.539   144   207 I MountService: Retrying to kill storage users again
07-20 21:47:57.570    72   104 D VoldCmdListener: storage users /mnt/sdcard
07-20 21:47:57.691   144   146 D dalvikvm: GC_CONCURRENT freed 1280K, 15% free 13513K/15751K, paused 2ms+9ms
07-20 21:47:57.754   144   207 W ActivityManager: Killing processes unmount media at adjustment 0
07-20 21:47:57.754    72   104 D VoldCmdListener: storage users /mnt/sdcard
07-20 21:47:57.859   144   207 I MountService: Retrying to kill storage users again
07-20 21:47:57.886    72   104 D VoldCmdListener: storage users /mnt/sdcard
07-20 21:47:58.023   144   207 W ActivityManager: Killing processes unmount media at adjustment 0
07-20 21:47:58.023    72   104 D VoldCmdListener: storage users /mnt/sdcard
07-20 21:47:58.129   144   207 I MountService: Retrying to kill storage users again
07-20 21:47:58.156    72   104 D VoldCmdListener: storage users /mnt/sdcard
07-20 21:47:58.289   144   207 W ActivityManager: Killing processes unmount media at adjustment 0
07-20 21:47:58.293    72   104 D VoldCmdListener: storage users /mnt/sdcard
07-20 21:47:58.394   144   207 I MountService: Retrying to kill storage users again
07-20 21:47:58.425    72   104 D VoldCmdListener: storage users /mnt/sdcard
07-20 21:47:58.539   144   207 W ActivityManager: Killing processes unmount media at adjustment 0
07-20 21:47:58.539    72   104 D VoldCmdListener: storage users /mnt/sdcard
07-20 21:47:58.644   144   207 I MountService: Failed to unmount media inspite of 4 retries. Forcibly killing processes now
07-20 21:47:58.703   144   207 D dalvikvm: GC_EXPLICIT freed 90K, 15% free 13454K/15751K, paused 2ms+4ms
07-20 21:47:58.703   144   207 I PackageManager: Updating external media status from unmounted to unmounted
07-20 21:47:58.703    72   104 D VoldCmdListener: volume unmount /mnt/sdcard force
07-20 21:47:58.703    72   104 D Vold    : Volume sdcard state changing 4 (Mounted) -> 5 (Unmounting)
07-20 21:47:58.703   144   209 D MountService: sendStorageIntent Intent { act=android.intent.action.MEDIA_EJECT dat=file:///mnt/sdcard (has extras) }
07-20 21:47:59.711    72   104 I Vold    : /mnt/secure/staging/.android_secure sucessfully unmounted
07-20 21:47:59.711    72   104 I Vold    : /mnt/secure/asec sucessfully unmounted
07-20 21:47:59.711    72   104 W Vold    : Failed to unmount /mnt/secure/staging (Device or resource busy, retries 9, action 0)
07-20 21:47:59.871    72   104 E ProcessKiller: Process logcat (954) has open file /mnt/secure/staging/.log/log.out
07-20 21:47:59.964   144   204 D Tethering: MasterInitialState.processMessage what=3
07-20 21:48:00.000   887   900 D PicasaSyncManager: active network: null
07-20 21:48:00.058   865   865 I MediaUploader: No need to wake up
07-20 21:48:00.089   887   900 D PicasaSyncManager: background data: true
07-20 21:48:00.144   443   947 D dalvikvm: GC_EXPLICIT freed 317K, 7% free 10145K/10887K, paused 5ms+3ms
07-20 21:48:00.879    72   104 W Vold    : Failed to unmount /mnt/secure/staging (Device or resource busy, retries 8, action 0)
07-20 21:48:01.058    72   104 E ProcessKiller: Process logcat (954) has open file /mnt/secure/staging/.log/log.out
07-20 21:48:02.062    72   104 W Vold    : Failed to unmount /mnt/secure/staging (Device or resource busy, retries 7, action 0)
07-20 21:48:02.238    72   104 E ProcessKiller: Process logcat (954) has open file /mnt/secure/staging/.log/log.out
07-20 21:48:03.242    72   104 W Vold    : Failed to unmount /mnt/secure/staging (Device or resource busy, retries 6, action 0)
07-20 21:48:03.398    72   104 E ProcessKiller: Process logcat (954) has open file /mnt/secure/staging/.log/log.out
07-20 21:48:04.402    72   104 W Vold    : Failed to unmount /mnt/secure/staging (Device or resource busy, retries 5, action 0)
07-20 21:48:04.558    72   104 E ProcessKiller: Process logcat (954) has open file /mnt/secure/staging/.log/log.out
07-20 21:48:05.566    72   104 W Vold    : Failed to unmount /mnt/secure/staging (Device or resource busy, retries 4, action 0)
07-20 21:48:05.707    72   104 E ProcessKiller: Process logcat (954) has open file /mnt/secure/staging/.log/log.out
07-20 21:48:06.711    72   104 W Vold    : Failed to unmount /mnt/secure/staging (Device or resource busy, retries 3, action 0)
07-20 21:48:06.871    72   104 E ProcessKiller: Process logcat (954) has open file /mnt/secure/staging/.log/log.out
07-20 21:48:07.875    72   104 W Vold    : Failed to unmount /mnt/secure/staging (Device or resource busy, retries 2, action 1)
07-20 21:48:08.035    72   104 E ProcessKiller: Process logcat (954) has open file /mnt/secure/staging/.log/log.out
--------- beginning of /dev/log/main
12-31 20:47:16.843    76    76 I DEBUG   : debuggerd: Jun 28 2012 18:17:40
--------- beginning of /dev/log/system
12-31 20:47:17.015    72    72 I Vold    : Vold 2.1 (the revenge) firing up
12-31 20:47:17.058    75    75 I Netd    : Netd 1.0 starting
12-31 20:47:17.062    72    72 D Vold    : Volume sdcard state changing -1 (Initializing) -> 0 (No-Media)
12-31 20:47:17.152    72    98 D Vold    : Volume sdcard state changing 0 (No-Media) -> 2 (Pending)
12-31 20:47:17.152    72    98 D Vold    : Volume sdcard state changing 2 (Pending) -> 1 (Idle-Unmounted)
12-31 20:47:17.152    72    98 W Vold    : Duplicate state (1)
12-31 20:47:17.152    72    98 W Vold    : Duplicate state (1)
12-31 20:47:17.152    72    98 W Vold    : Duplicate state (1)
12-31 20:47:17.152    72    98 W Vold    : Duplicate state (1)
12-31 20:47:17.472   109   109 I recovery: Recovery image already installed 
12-31 20:47:17.539    80    80 I         : ServiceManager: 0x61f910
12-31 20:47:17.714    79    79 D AndroidRuntime: 
12-31 20:47:17.714    79    79 D AndroidRuntime: >>>>>> AndroidRuntime START com.android.internal.os.ZygoteInit <<<<<<
12-31 20:47:17.714    79    79 D AndroidRuntime: CheckJNI is OFF
12-31 20:47:17.734    78    78 I SurfaceFlinger: SurfaceFlinger is starting
12-31 20:47:17.734    78   120 I SurfaceFlinger: SurfaceFlinger's main thread ready to run. Initializing graphics H/W...
12-31 20:47:17.902    78   120 D libEGL  : loaded /system/lib/egl/libGLES_android.so
12-31 20:47:17.933    81    81 I         : ServiceManager: 0xa58958
12-31 20:47:17.933    78   120 D libEGL  : loaded /vendor/lib/egl/libEGL_POWERVR_SGX540_120.so
12-31 20:47:17.945    81    81 I AudioFlinger: Loaded primary audio interface from LEGACY Audio HW HAL (audio)
12-31 20:47:17.945    81    81 I AudioFlinger: Using 'LEGACY Audio HW HAL' (audio.primary) as the primary audio interface
12-31 20:47:17.953    81    81 I AudioFlinger: Loaded a2dp audio interface from A2DP Audio HW HAL (audio)
12-31 20:47:17.953    81    81 D AudioHardwareInterface: setMode(NORMAL)
12-31 20:47:17.957    81    81 I CameraService: CameraService started (pid=81)
12-31 20:47:17.968    81   124 I AudioFlinger: AudioFlinger's thread 0xa599a0 ready to run
12-31 20:47:17.968    81   124 W AudioFlinger: Thread AudioOut_1 cannot connect to the power manager service
12-31 20:47:17.968    81   124 D AudioHardware: AudioStreamOutALSA::setParameters() routing=2
12-31 20:47:17.968    81   123 D AudioHardware: ### setVoiceVolume_l
12-31 20:47:17.968    81    81 I AudioPolicyService: Loaded audio policy from LEGACY Audio Policy HAL (audio_policy)
12-31 20:47:18.042    78   120 D libEGL  : loaded /vendor/lib/egl/libGLESv1_CM_POWERVR_SGX540_120.so
12-31 20:47:18.074    78   120 D libEGL  : loaded /vendor/lib/egl/libGLESv2_POWERVR_SGX540_120.so
12-31 20:47:18.160    78   120 I SurfaceFlinger: EGL informations:
12-31 20:47:18.160    78   120 I SurfaceFlinger: # of configs : 30
12-31 20:47:18.160    78   120 I SurfaceFlinger: vendor    : Android
12-31 20:47:18.160    78   120 I SurfaceFlinger: version   : 1.4 Android META-EGL
12-31 20:47:18.160    78   120 I SurfaceFlinger: extensions: EGL_KHR_image EGL_KHR_image_base EGL_KHR_image_base EGL_KHR_gl_texture_2D_image EGL_KHR_gl_texture_cubemap_image EGL_KHR_gl_renderbuffer_image EGL_KHR_fence_sync EGL_ANDROID_image_native_buffer EGL_ANDROID_image_native_buffer 
12-31 20:47:18.160    78   120 I SurfaceFlinger: Client API: OpenGL ES
12-31 20:47:18.160    78   120 I SurfaceFlinger: EGLSurface: 8-8-8-8, config=0x1
12-31 20:47:18.160    78   120 I SurfaceFlinger: OpenGL informations:
12-31 20:47:18.160    78   120 I SurfaceFlinger: vendor    : Imagination Technologies
12-31 20:47:18.160    78   120 I SurfaceFlinger: renderer  : PowerVR SGX 540
12-31 20:47:18.160    78   120 I SurfaceFlinger: version   : OpenGL ES-CM 1.1
12-31 20:47:18.160    78   120 I SurfaceFlinger: extensions: GL_OES_byte_coordinates GL_OES_fixed_point GL_OES_single_precision GL_OES_matrix_get GL_OES_read_format GL_OES_compressed_paletted_texture GL_OES_point_sprite GL_OES_point_size_array GL_OES_matrix_palette GL_OES_draw_texture GL_OES_query_matrix GL_OES_texture_env_crossbar GL_OES_texture_mirrored_repeat GL_OES_texture_cube_map GL_OES_blend_subtract GL_OES_blend_func_separate GL_OES_blend_equation_separate GL_OES_stencil_wrap GL_OES_extended_matrix_palette GL_OES_framebuffer_object GL_OES_rgb8_rgba8 GL_OES_depth24 GL_OES_stencil8 GL_OES_compressed_ETC1_RGB8_texture GL_OES_mapbuffer GL_OES_EGL_image GL_OES_EGL_image_external GL_EXT_multi_draw_arrays GL_OES_required_internalformat GL_IMG_read_format GL_IMG_texture_compression_pvrtc GL_IMG_texture_format_BGRA8888 GL_EXT_texture_format_BGRA8888 GL_OES_egl_sync GL_IMG_vertex_array_object
12-31 20:47:18.160    78   120 I SurfaceFlinger: GL_MAX_TEXTURE_SIZE = 2048
12-31 20:47:18.160    78   120 I SurfaceFlinger: GL_MAX_VIEWPORT_DIMS = 2048 x 2048
12-31 20:47:18.160    78   120 I SurfaceFlinger: flags = 00010000
12-31 20:47:18.179    78   120 I hwcomposer: int hwc_device_open(const hw_module_t*, const char*, hw_device_t**)::win-0 add[0] 4b7af000 
12-31 20:47:18.179    78   120 I hwcomposer: int hwc_device_open(const hw_module_t*, const char*, hw_device_t**)::win-0 add[1] 4b926000 
12-31 20:47:18.179    78   120 I hwcomposer: int hwc_device_open(const hw_module_t*, const char*, hw_device_t**)::win-0 add[2] 4ba9d000 
12-31 20:47:18.179    78   120 D hwcomposer: int hwc_device_open(const hw_module_t*, const char*, hw_device_t**):: success
12-31 20:47:18.343   128   139 D libEGL  : loaded /system/lib/egl/libGLES_android.so
12-31 20:47:18.347   128   139 D libEGL  : loaded /vendor/lib/egl/libEGL_POWERVR_SGX540_120.so
12-31 20:47:18.351   128   139 D libEGL  : loaded /vendor/lib/egl/libGLESv1_CM_POWERVR_SGX540_120.so
12-31 20:47:18.355   128   139 D libEGL  : loaded /vendor/lib/egl/libGLESv2_POWERVR_SGX540_120.so
12-31 20:47:19.175    79    79 I SamplingProfilerIntegration: Profiling disabled.
12-31 20:47:19.195    79    79 I Zygote  : Preloading classes...
12-31 20:47:19.199    79    79 D dalvikvm: GC_EXPLICIT freed 36K, 85% free 409K/2560K, paused 1ms+0ms
12-31 20:47:19.210    79    79 D dalvikvm: GC_EXPLICIT freed 4K, 82% free 473K/2560K, paused 0ms+1ms
12-31 20:47:19.230    79    79 D dalvikvm: GC_EXPLICIT freed 20K, 81% free 509K/2560K, paused 0ms+0ms
12-31 20:47:19.242    79    79 D dalvikvm: GC_EXPLICIT freed 27K, 80% free 536K/2560K, paused 0ms+1ms
12-31 20:47:19.253    79    79 D dalvikvm: GC_EXPLICIT freed 15K, 78% free 576K/2560K, paused 0ms+1ms
12-31 20:47:19.449    79    79 D dalvikvm: GC_EXPLICIT freed 27K, 77% free 603K/2560K, paused 0ms+1ms
12-31 20:47:19.628    79    79 D dalvikvm: GC_EXPLICIT freed 30K, 76% free 635K/2560K, paused 0ms+1ms
12-31 20:47:19.640    79    79 D TextLayoutCache: Using debug level: 0 - Debug Enabled: 0
12-31 20:47:19.656    79    79 W Zygote  : Class not found for preloading: android.media.AudioManager$2
12-31 20:47:19.722    79    79 I dalvikvm: threadid=1: recursive native library load attempt (/system/lib/libmedia_jni.so)
12-31 20:47:19.722    79    79 D MtpDeviceJNI: register_android_mtp_MtpDevice
12-31 20:47:19.726    79    79 I dalvikvm: threadid=1: recursive native library load attempt (/system/lib/libmedia_jni.so)
12-31 20:47:19.726    79    79 I dalvikvm: threadid=1: recursive native library load attempt (/system/lib/libmedia_jni.so)
12-31 20:47:19.734    79    79 W Zygote  : Class not found for preloading: android.media.IRemoteControlClientDispatcher
12-31 20:47:19.734    79    79 W Zygote  : Class not found for preloading: android.media.IRemoteControlClientDispatcher$Stub
12-31 20:47:19.750    79    79 D dalvikvm: GC_EXPLICIT freed 20K, 74% free 672K/2560K, paused 1ms+0ms
12-31 20:47:19.941    79    79 D dalvikvm: GC_FOR_ALLOC freed 216K, 63% free 968K/2560K, paused 8ms
12-31 20:47:20.000    79    79 D dalvikvm: GC_EXPLICIT freed 44K, 61% free 1023K/2560K, paused 1ms+1ms
12-31 20:47:20.085    79    79 D dalvikvm: GC_EXPLICIT freed 27K, 59% free 1052K/2560K, paused 1ms+1ms
12-31 20:47:20.406    79    79 D dalvikvm: GC_EXPLICIT freed 8K, 57% free 1100K/2560K, paused 1ms+11ms
12-31 20:47:20.441    79    79 D dalvikvm: GC_EXPLICIT freed 23K, 55% free 1166K/2560K, paused 0ms+1ms
12-31 20:47:20.507    79    79 D dalvikvm: GC_EXPLICIT freed 48K, 44% free 1445K/2560K, paused 1ms+1ms
12-31 20:47:20.523    79    79 W Zygote  : Class not found for preloading: android.text.TextDirectionHeuristics$CharCount
12-31 20:47:20.531    79    79 W Zygote  : Class not found for preloading: android.text.method.WordIterator$1
12-31 20:47:20.554    79    79 D dalvikvm: GC_EXPLICIT freed 34K, 43% free 1479K/2560K, paused 2ms+2ms
12-31 20:47:20.578    79    79 D dalvikvm: GC_EXPLICIT freed 32K, 42% free 1502K/2560K, paused 2ms+1ms
12-31 20:47:20.914    79    79 I dalvikvm: threadid=1: recursive native library load attempt (/system/lib/libwebcore.so)
12-31 20:47:20.914    79    79 D dalvikvm: No JNI_OnLoad found in /system/lib/libchromium_net.so 0x0, skipping init
12-31 20:47:20.953    79    79 D dalvikvm: GC_EXPLICIT freed 26K, 40% free 1550K/2560K, paused 2ms+1ms
12-31 20:47:20.980    79    79 W Zygote  : Class not found for preloading: android.widget.EdgeGlow
12-31 20:47:21.042    79    79 D dalvikvm: GC_EXPLICIT freed 25K, 39% free 1579K/2560K, paused 2ms+4ms
12-31 20:47:21.117    79    79 D dalvikvm: GC_EXPLICIT freed 71K, 37% free 1625K/2560K, paused 1ms+1ms
12-31 20:47:21.140    79    79 E PhonePolicy: Could not preload class for phone policy: com.android.internal.policy.impl.PhoneWindow$ContextMenuCallback
12-31 20:47:21.179    79    79 D dalvikvm: GC_EXPLICIT freed 33K, 36% free 1647K/2560K, paused 1ms+1ms
12-31 20:47:21.210    79    79 D dalvikvm: GC_EXPLICIT freed 28K, 35% free 1675K/2560K, paused 2ms+1ms
12-31 20:47:21.234    79    79 D dalvikvm: GC_EXPLICIT freed 26K, 34% free 1706K/2560K, paused 2ms+2ms
12-31 20:47:21.285    79    79 D dalvikvm: GC_EXPLICIT freed 32K, 33% free 1731K/2560K, paused 1ms+2ms
12-31 20:47:21.308    79    79 D dalvikvm: GC_EXPLICIT freed 31K, 32% free 1759K/2560K, paused 1ms+2ms
12-31 20:47:21.343    79    79 D dalvikvm: GC_EXPLICIT freed 71K, 30% free 1815K/2560K, paused 1ms+1ms
12-31 20:47:21.394    79    79 D dalvikvm: GC_EXPLICIT freed 39K, 29% free 1831K/2560K, paused 1ms+2ms
12-31 20:47:22.015    79    79 I System  : Loaded time zone names for  in 598ms (594ms in ICU)
12-31 20:47:22.386    79    79 I System  : Loaded time zone names for en_US in 370ms (366ms in ICU)
12-31 20:47:22.402    79    79 D dalvikvm: GC_EXPLICIT freed 327K, 25% free 1944K/2560K, paused 2ms+2ms
12-31 20:47:22.425    79    79 D dalvikvm: GC_EXPLICIT freed 15K, 22% free 2005K/2560K, paused 1ms+1ms
12-31 20:47:22.500    79    79 D dalvikvm: GC_EXPLICIT freed 51K, 21% free 2037K/2560K, paused 2ms+2ms
12-31 20:47:22.527    79    79 D dalvikvm: GC_EXPLICIT freed 28K, 20% free 2068K/2560K, paused 1ms+1ms
12-31 20:47:22.550    79    79 D dalvikvm: GC_EXPLICIT freed 37K, 19% free 2085K/2560K, paused 1ms+2ms
12-31 20:47:22.605    79    79 D dalvikvm: GC_EXPLICIT freed 32K, 18% free 2107K/2560K, paused 2ms+1ms
12-31 20:47:22.613    79    79 I Zygote  : ...preloaded 2297 classes in 3417ms.
12-31 20:47:22.628    79    79 D dalvikvm: GC_EXPLICIT freed 22K, 18% free 2112K/2560K, paused 1ms+2ms
12-31 20:47:22.628    79    79 I Zygote  : Preloading resources...
12-31 20:47:22.652    79    79 D dalvikvm: GC_EXPLICIT freed 1K, 15% free 2196K/2560K, paused 1ms+2ms
12-31 20:47:22.703    79    79 D dalvikvm: GC_EXPLICIT freed 1K, 12% free 2265K/2560K, paused 1ms+4ms
12-31 20:47:22.726    79    79 D dalvikvm: GC_EXPLICIT freed 1K, 9% free 2333K/2560K, paused 1ms+2ms
12-31 20:47:22.750    79    79 D dalvikvm: GC_EXPLICIT freed 1K, 7% free 2385K/2560K, paused 1ms+2ms
12-31 20:47:22.773    79    79 D dalvikvm: GC_EXPLICIT freed 2K, 8% free 2432K/2627K, paused 1ms+1ms
12-31 20:47:22.824    79    79 D dalvikvm: GC_EXPLICIT freed 2K, 8% free 2493K/2691K, paused 2ms+2ms
12-31 20:47:22.843    79    79 D dalvikvm: GC_EXPLICIT freed 2K, 6% free 2545K/2691K, paused 1ms+1ms
12-31 20:47:22.867    79    79 D dalvikvm: GC_EXPLICIT freed 2K, 6% free 2599K/2755K, paused 1ms+2ms
12-31 20:47:22.886    79    79 D dalvikvm: GC_EXPLICIT freed 2K, 6% free 2653K/2819K, paused 1ms+1ms
12-31 20:47:22.937    79    79 D dalvikvm: GC_EXPLICIT freed 3K, 7% free 2710K/2883K, paused 1ms+2ms
12-31 20:47:22.964    79    79 D dalvikvm: GC_EXPLICIT freed 2K, 7% free 2761K/2947K, paused 2ms+2ms
12-31 20:47:22.984    79    79 D dalvikvm: GC_EXPLICIT freed 2K, 5% free 2817K/2947K, paused 1ms+1ms
12-31 20:47:23.007    79    79 D dalvikvm: GC_EXPLICIT freed 2K, 5% free 2869K/3011K, paused 1ms+2ms
12-31 20:47:23.054    79    79 D dalvikvm: GC_EXPLICIT freed 3K, 5% free 2924K/3075K, paused 1ms+2ms
12-31 20:47:23.078    79    79 D dalvikvm: GC_EXPLICIT freed 2K, 6% free 2980K/3139K, paused 1ms+1ms
12-31 20:47:23.097    79    79 D dalvikvm: GC_EXPLICIT freed 2K, 6% free 3030K/3203K, paused 1ms+2ms
12-31 20:47:23.121    79    79 D dalvikvm: GC_EXPLICIT freed 2K, 4% free 3083K/3203K, paused 1ms+1ms
12-31 20:47:23.171    79    79 D dalvikvm: GC_EXPLICIT freed 2K, 4% free 3141K/3267K, paused 2ms+2ms
12-31 20:47:23.195    79    79 D dalvikvm: GC_EXPLICIT freed 2K, 5% free 3189K/3331K, paused 2ms+2ms
12-31 20:47:23.218    79    79 D dalvikvm: GC_EXPLICIT freed 2K, 4% free 3264K/3395K, paused 2ms+2ms
12-31 20:47:23.242    79    79 D dalvikvm: GC_EXPLICIT freed 1K, 4% free 3333K/3459K, paused 2ms+1ms
12-31 20:47:23.292    79    79 D dalvikvm: GC_EXPLICIT freed 1K, 4% free 3387K/3523K, paused 1ms+1ms
12-31 20:47:23.316    79    79 D dalvikvm: GC_EXPLICIT freed 2K, 5% free 3444K/3587K, paused 2ms+2ms
12-31 20:47:23.339    79    79 D dalvikvm: GC_EXPLICIT freed 2K, 5% free 3500K/3651K, paused 1ms+1ms
12-31 20:47:23.378    79    79 D dalvikvm: GC_EXPLICIT freed 2K, 3% free 3556K/3651K, paused 1ms+14ms
12-31 20:47:23.414    79    79 D dalvikvm: GC_EXPLICIT freed 5K, 3% free 3608K/3715K, paused 2ms+2ms
12-31 20:47:23.437    79    79 D dalvikvm: GC_EXPLICIT freed 2K, 4% free 3665K/3779K, paused 1ms+1ms
12-31 20:47:23.460    79    79 D dalvikvm: GC_EXPLICIT freed 4K, 4% free 3718K/3843K, paused 2ms+1ms
12-31 20:47:23.503    79    79 D dalvikvm: GC_EXPLICIT freed 2K, 2% free 3771K/3843K, paused 1ms+2ms
12-31 20:47:23.531    79    79 D dalvikvm: GC_EXPLICIT freed 2K, 3% free 3826K/3907K, paused 2ms+2ms
12-31 20:47:23.566    79    79 D dalvikvm: GC_EXPLICIT freed 10K, 2% free 3928K/3971K, paused 1ms+2ms
12-31 20:47:23.609    79    79 D dalvikvm: GC_EXPLICIT freed 6K, 3% free 4006K/4099K, paused 1ms+2ms
12-31 20:47:23.644    79    79 D dalvikvm: GC_EXPLICIT freed 3K, 3% free 4071K/4163K, paused 2ms+1ms
12-31 20:47:23.667    79    79 D dalvikvm: GC_EXPLICIT freed 2K, 1% free 4122K/4163K, paused 1ms+1ms
12-31 20:47:23.695    79    79 D dalvikvm: GC_EXPLICIT freed 3K, 1% free 4206K/4227K, paused 2ms+2ms
12-31 20:47:23.746    79    79 D dalvikvm: GC_EXPLICIT freed 3K, 2% free 4290K/4355K, paused 2ms+2ms
12-31 20:47:23.769    79    79 D dalvikvm: GC_EXPLICIT freed 4K, 1% free 4340K/4355K, paused 2ms+2ms
12-31 20:47:23.792    79    79 D dalvikvm: GC_EXPLICIT freed 2K, 1% free 4392K/4419K, paused 1ms+1ms
12-31 20:47:23.816    79    79 D dalvikvm: GC_EXPLICIT freed 1K, 1% free 4462K/4483K, paused 1ms+2ms
12-31 20:47:23.863    79    79 D dalvikvm: GC_EXPLICIT freed 1K, 2% free 4554K/4611K, paused 1ms+1ms
12-31 20:47:23.886    79    79 D dalvikvm: GC_EXPLICIT freed <1K, 2% free 5175K/5251K, paused 1ms+2ms
12-31 20:47:23.910    79    79 D dalvikvm: GC_EXPLICIT freed 2K, 1% free 5235K/5251K, paused 1ms+1ms
12-31 20:47:23.937    79    79 D dalvikvm: GC_EXPLICIT freed 4K, 1% free 5287K/5315K, paused 1ms+1ms
12-31 20:47:23.992    79    79 D dalvikvm: GC_EXPLICIT freed 1K, 1% free 5344K/5379K, paused 11ms+2ms
12-31 20:47:24.011    79    79 D dalvikvm: GC_EXPLICIT freed <1K, 1% free 5399K/5443K, paused 2ms+2ms
12-31 20:47:24.035    79    79 D dalvikvm: GC_EXPLICIT freed <1K, 1% free 5455K/5507K, paused 2ms+2ms
12-31 20:47:24.093    79    79 D dalvikvm: GC_EXPLICIT freed 6K, 2% free 5892K/5955K, paused 1ms+3ms
12-31 20:47:24.121    79    79 D dalvikvm: GC_EXPLICIT freed 5K, 1% free 5991K/6019K, paused 2ms+2ms
12-31 20:47:24.144    79    79 D dalvikvm: GC_EXPLICIT freed 3K, 1% free 6042K/6083K, paused 1ms+2ms
12-31 20:47:24.195    79    79 D dalvikvm: GC_EXPLICIT freed 5K, 2% free 7077K/7171K, paused 1ms+1ms
12-31 20:47:24.238    79    79 D dalvikvm: GC_EXPLICIT freed 2K, 2% free 8100K/8259K, paused 2ms+1ms
12-31 20:47:24.265    79    79 D dalvikvm: GC_EXPLICIT freed 3K, 2% free 8163K/8259K, paused 2ms+1ms
12-31 20:47:24.304    79    79 D dalvikvm: GC_EXPLICIT freed 3K, 1% free 8215K/8259K, paused 2ms+1ms
12-31 20:47:24.339    79    79 D dalvikvm: GC_EXPLICIT freed 4K, 1% free 8262K/8323K, paused 2ms+2ms
12-31 20:47:24.367    79    79 D dalvikvm: GC_EXPLICIT freed 4K, 1% free 8312K/8323K, paused 2ms+2ms
12-31 20:47:24.394    79    79 D dalvikvm: GC_EXPLICIT freed 3K, 1% free 8360K/8387K, paused 1ms+1ms
12-31 20:47:24.449    79    79 D dalvikvm: GC_EXPLICIT freed 3K, 1% free 8417K/8451K, paused 2ms+2ms
12-31 20:47:24.480    79    79 D dalvikvm: GC_EXPLICIT freed 2K, 1% free 8482K/8515K, paused 1ms+2ms
12-31 20:47:24.503    79    79 D dalvikvm: GC_EXPLICIT freed 1K, 1% free 8550K/8579K, paused 2ms+1ms
12-31 20:47:24.554    79    79 D dalvikvm: GC_EXPLICIT freed 1K, 1% free 8616K/8643K, paused 1ms+2ms
12-31 20:47:24.582    79    79 D dalvikvm: GC_EXPLICIT freed 3K, 1% free 8668K/8707K, paused 1ms+2ms
12-31 20:47:24.609    79    79 D dalvikvm: GC_EXPLICIT freed 3K, 1% free 8717K/8771K, paused 1ms+1ms
12-31 20:47:24.648    79    79 D dalvikvm: GC_EXPLICIT freed 3K, 1% free 8766K/8835K, paused 1ms+1ms
12-31 20:47:24.683    79    79 D dalvikvm: GC_EXPLICIT freed 2K, 1% free 8815K/8835K, paused 6ms+2ms
12-31 20:47:24.707    79    79 D dalvikvm: GC_EXPLICIT freed 1K, 1% free 8865K/8899K, paused 1ms+2ms
12-31 20:47:24.730    79    79 D dalvikvm: GC_EXPLICIT freed 1K, 1% free 8960K/9027K, paused 1ms+2ms
12-31 20:47:24.792    79    79 D dalvikvm: GC_EXPLICIT freed 6K, 1% free 9023K/9091K, paused 1ms+2ms
12-31 20:47:24.792    79    79 I Zygote  : ...preloaded 379 resources in 2163ms.
12-31 20:47:24.800    79    79 I Zygote  : ...preloaded 31 resources in 9ms.
12-31 20:47:24.820    79    79 D dalvikvm: GC_EXPLICIT freed 25K, 1% free 9024K/9091K, paused 2ms+2ms
12-31 20:47:24.843    79    79 D dalvikvm: GC_EXPLICIT freed 9K, 1% free 9015K/9091K, paused 1ms+2ms
12-31 20:47:24.863    79    79 D dalvikvm: GC_EXPLICIT freed <1K, 1% free 9015K/9091K, paused 2ms+2ms
12-31 20:47:24.898    79    79 I dalvikvm: System server process 144 has been created
12-31 20:47:24.902    79    79 I Zygote  : Accepting command socket connections
12-31 20:47:25.015   144   144 I sysproc : Entered system_init()
12-31 20:47:25.015   144   144 I sysproc : ServiceManager: 0x5ff8d0
12-31 20:47:25.015   144   144 D SensorService: nuSensorService starting...
12-31 20:47:25.070   144   157 E AKMD2   : libkam : Unable to load settings file, using defaults.
12-31 20:47:25.125   144   144 I SensorService: KR3DM 3-axis Accelerometer
12-31 20:47:25.125   144   144 I SensorService: AK8973 3-axis Magnetic field sensor
12-31 20:47:25.125   144   144 I SensorService: AK8973 Orientation sensor
12-31 20:47:25.128   144   144 I SensorService: GP2A Light sensor
12-31 20:47:25.128   144   144 I SensorService: GP2A Proximity sensor
12-31 20:47:25.128   144   144 I SensorService: K3G Gyroscope sensor
12-31 20:47:25.132   144   144 I sysproc : System server: starting Android runtime.
12-31 20:47:25.132   144   144 I sysproc : System server: starting Android services.
12-31 20:47:25.132   144   144 I SystemServer: Entered the Android system server!
12-31 20:47:25.140   144   159 D SensorService: nuSensorService thread starting...
12-31 20:47:25.152   144   144 I sysproc : System server: entering thread pool.
12-31 20:47:25.152   144   160 I SystemServer: Entropy Service
12-31 20:47:25.191   144   160 I SystemServer: Power Manager
12-31 20:47:25.195   144   160 I SystemServer: Activity Manager
12-31 20:47:25.207   144   161 I ActivityManager: Memory class: 48
12-31 20:47:25.238   144   161 W UsageStats: Usage stats version changed; dropping
12-31 20:47:25.320   144   147 D dalvikvm: GC_CONCURRENT freed 183K, 3% free 9352K/9607K, paused 1ms+2ms
12-31 20:47:25.343   144   161 I ActivityManager: Enabled StrictMode logging for AThread's Looper
12-31 20:47:25.343   144   160 I SystemServer: Telephony Registry
12-31 20:47:25.347   144   160 I SystemServer: Package Manager
12-31 20:47:25.449   144   147 D dalvikvm: GC_CONCURRENT freed 545K, 7% free 9374K/9991K, paused 2ms+2ms
12-31 20:47:25.453   144   165 D StrictMode: No activity manager; failed to Dropbox violation.
12-31 20:47:25.601   144   147 D dalvikvm: GC_CONCURRENT freed 331K, 6% free 9485K/9991K, paused 2ms+2ms
12-31 20:47:26.082   144   147 D dalvikvm: GC_CONCURRENT freed 305K, 5% free 9681K/10119K, paused 7ms+2ms
12-31 20:47:26.121   144   160 W PackageParser: No actions in intent filter at /system/app/Bluetooth.apk Binary XML file line #125
12-31 20:47:26.363   144   160 I PackageManager: /system/app/ChromeBookmarksSyncAdapter.apk changed; collecting certs
12-31 20:47:26.402   144   160 W PackageManager: Signature mismatch for shared user : SharedUserSetting{4138b118 com.google.uid.shared/10020}
12-31 20:47:26.402   144   160 E PackageManager: Package com.google.android.syncadapters.bookmarks has no signatures that match those in shared user com.google.uid.shared; ignoring!
12-31 20:47:26.484   144   160 W PackageParser: No actions in intent filter at /system/app/Contacts.apk Binary XML file line #525
12-31 20:47:26.628   144   147 D dalvikvm: GC_CONCURRENT freed 217K, 3% free 9953K/10247K, paused 3ms+3ms
12-31 20:47:26.863   144   160 I PackageManager: /system/app/GoogleBackupTransport.apk changed; collecting certs
12-31 20:47:26.890   144   160 W PackageManager: Signature mismatch for shared user : SharedUserSetting{41325c20 android.uid.system/1000}
12-31 20:47:26.890   144   160 E PackageManager: Package com.google.android.backup has no signatures that match those in shared user android.uid.system; ignoring!
12-31 20:47:27.054   144   160 I PackageManager: /system/app/GoogleLoginService.apk changed; collecting certs
12-31 20:47:27.175   144   147 D dalvikvm: GC_CONCURRENT freed 367K, 5% free 10103K/10567K, paused 8ms+3ms
12-31 20:47:27.199   144   160 D dalvikvm: GC_FOR_ALLOC freed 226K, 6% free 10065K/10695K, paused 19ms
12-31 20:47:27.300   144   160 W PackageManager: Signature mismatch for shared user : SharedUserSetting{4138b118 com.google.uid.shared/10020}
12-31 20:47:27.300   144   160 E PackageManager: Package com.google.android.gsf.login has no signatures that match those in shared user com.google.uid.shared; ignoring!
12-31 20:47:27.312   144   147 D dalvikvm: GC_CONCURRENT freed 225K, 4% free 10351K/10695K, paused 1ms+4ms
12-31 20:47:27.335   144   160 W ResourceType: Failure getting entry for 0x7f02004b (t=1 e=75) in package 0 (error -75)
12-31 20:47:27.433   144   160 I PackageManager: /system/app/KeyChain.apk changed; collecting certs
12-31 20:47:27.445   144   160 W PackageManager: Signature mismatch for shared user : SharedUserSetting{41325c20 android.uid.system/1000}
12-31 20:47:27.445   144   160 E PackageManager: Package com.android.keychain has no signatures that match those in shared user android.uid.system; ignoring!
12-31 20:47:27.691   144   147 D dalvikvm: GC_CONCURRENT freed 285K, 4% free 10533K/10951K, paused 3ms+5ms
12-31 20:47:28.742   144   160 I PackageManager: /system/app/SprintMenu.apk changed; collecting certs
12-31 20:47:28.753   144   147 D dalvikvm: GC_CONCURRENT freed 600K, 7% free 10471K/11143K, paused 9ms+4ms
12-31 20:47:28.781   144   160 D dalvikvm: GC_FOR_ALLOC freed 152K, 7% free 10376K/11143K, paused 22ms
12-31 20:47:28.781   144   160 I dalvikvm-heap: Grow heap (frag case) to 10.217MB for 16400-byte allocation
12-31 20:47:28.808   144   160 D dalvikvm: GC_FOR_ALLOC freed 8K, 8% free 10383K/11207K, paused 21ms
12-31 20:47:28.824   144   160 W PackageManager: Signature mismatch for shared user : SharedUserSetting{41325df8 android.uid.phone/1001}
12-31 20:47:28.824   144   160 E PackageManager: Package com.android.sprintmenu has no signatures that match those in shared user android.uid.phone; ignoring!
12-31 20:47:29.027   144   160 I PackageManager: Package com.android.vending at /system/app/Vending.apk ignored: updated version 8011019 better than this 8011015
12-31 20:47:29.230   144   160 I PackageManager: /system/app/VpnDialogs.apk changed; collecting certs
12-31 20:47:29.328   144   160 W PackageManager: Signature mismatch for shared user : SharedUserSetting{41325c20 android.uid.system/1000}
12-31 20:47:29.328   144   160 E PackageManager: Package com.android.vpndialogs has no signatures that match those in shared user android.uid.system; ignoring!
12-31 20:47:29.355   144   147 D dalvikvm: GC_CONCURRENT freed 326K, 6% free 10569K/11207K, paused 7ms+4ms
12-31 20:47:29.355   144   160 W PackageParser: Unknown element under <application>: category at /system/app/WiMAXHiddenMenu.apk Binary XML file line #289
12-31 20:47:29.359   144   160 I PackageManager: /system/app/WiMAXHiddenMenu.apk changed; collecting certs
12-31 20:47:29.390   144   160 W PackageManager: Signature mismatch for shared user : SharedUserSetting{41325c20 android.uid.system/1000}
12-31 20:47:29.390   144   160 E PackageManager: Package com.samsung.wimax has no signatures that match those in shared user android.uid.system; ignoring!
12-31 20:47:29.437   144   160 D PackageManager: No files in app dir /vendor/app
12-31 20:47:29.437    83    83 I installd: new connection
12-31 20:47:29.437   144   160 I Installer: connecting...
12-31 20:47:29.453   144   160 I PackageParser: og.android.tether: compat added android.permission.WRITE_EXTERNAL_STORAGE
12-31 20:47:29.687   144   160 W PackageParser: Unknown element under <manifest>: supports-gl-texture at /data/app/com.google.earth-2.apk Binary XML file line #3
12-31 20:47:29.730   144   147 D dalvikvm: GC_CONCURRENT freed 384K, 6% free 10600K/11207K, paused 4ms+5ms
12-31 20:47:30.800   144   147 D dalvikvm: GC_CONCURRENT freed 210K, 4% free 10808K/11207K, paused 2ms+5ms
12-31 20:47:31.730   144   160 I PackageManager: Time to scan packages: 5.964 seconds
12-31 20:47:31.738   144   160 W PackageManager: Unknown permission com.android.vending.permission.UPDATE_MARKET_FAILURE in package com.android.vending.updater
12-31 20:47:31.742   144   160 W PackageManager: Unknown permission android.permission.ADD_SYSTEM_SERVICE in package com.android.phone
12-31 20:47:31.746   144   160 W PackageManager: Unknown permission com.google.android.apps.googlevoice.permission.AUTO_SEND in package com.google.android.voicesearch
12-31 20:47:31.746   144   160 W PackageManager: Unknown permission com.google.android.gm.permission.AUTO_SEND in package com.google.android.voicesearch
12-31 20:47:31.746   144   160 W PackageManager: Not granting permission com.google.android.providers.settings.permission.READ_GSETTINGS to package com.google.android.voicesearch (protectionLevel=2 flags=0x8be45)
12-31 20:47:31.746   144   160 W PackageManager: Not granting permission android.permission.SEND_DOWNLOAD_COMPLETED_INTENTS to package com.android.browser (protectionLevel=2 flags=0x9be45)
12-31 20:47:31.750   144   160 W PackageManager: Unknown permission com.google.android.gm.permission.READ_GMAIL in package com.google.android.talk
12-31 20:47:31.753   144   160 W PackageManager: Unknown permission android.permission.READ_OWNER_DATA in package com.google.android.setupwizard
12-31 20:47:31.753   144   160 W PackageManager: Unknown permission android.permission.WRITE_OWNER_DATA in package com.google.android.setupwizard
12-31 20:47:31.753   144   160 W PackageManager: Not granting permission com.google.android.googleapps.permission.ACCESS_GOOGLE_PASSWORD to package com.google.android.setupwizard (protectionLevel=2 flags=0x8be05)
12-31 20:47:31.753   144   160 W PackageManager: Not granting permission com.google.android.providers.settings.permission.READ_GSETTINGS to package com.google.android.setupwizard (protectionLevel=2 flags=0x8be05)
12-31 20:47:31.753   144   160 W PackageManager: Not granting permission com.google.android.providers.settings.permission.WRITE_GSETTINGS to package com.google.android.setupwizard (protectionLevel=2 flags=0x8be05)
12-31 20:47:31.753   144   160 W PackageManager: Unknown permission android.permission.READ_EXTERNAL_STORAGE in package com.android.videoeditor
12-31 20:47:31.757   144   160 W PackageManager: Unknown permission com.google.android.gm.permission.READ_GMAIL in package com.google.android.apps.uploader
12-31 20:47:31.761   144   160 W PackageManager: Not granting permission com.google.android.voicesearch.SHORTCUTS_ACCESS to package com.google.android.googlequicksearchbox (protectionLevel=2 flags=0x8be45)
12-31 20:47:31.761   144   160 W PackageManager: Unknown permission android.permission.READ_EXTERNAL_STORAGE in package com.android.vending
12-31 20:47:31.761   144   160 W PackageManager: Not granting permission android.permission.CHANGE_COMPONENT_ENABLED_STATE to package com.android.vending (protectionLevel=3 flags=0xabec5)
12-31 20:47:31.761   144   160 W PackageManager: Not granting permission android.permission.SEND_DOWNLOAD_COMPLETED_INTENTS to package com.android.vending (protectionLevel=2 flags=0xabec5)
12-31 20:47:31.761   144   160 W PackageManager: Not granting permission android.permission.STATUS_BAR to package com.android.vending (protectionLevel=3 flags=0xabec5)
12-31 20:47:31.765   144   160 W PackageManager: Unknown permission com.sprint.internal.permission.CONNECTIONMANAGER in package com.samsung.update
12-31 20:47:31.765   144   160 W PackageManager: Unknown permission com.sprint.internal.permission.SYSTEMPROPERTIES in package com.samsung.update
12-31 20:47:31.765   144   160 W PackageManager: Unknown permission com.sprint.internal.permission.SYSTEMPROPERTIES_WRITE in package com.samsung.update
12-31 20:47:31.765   144   160 W PackageManager: Unknown permission com.android.providers.im.permission.READ_ONLY in package com.google.android.apps.maps
12-31 20:47:31.769   144   160 W PackageManager: Not granting permission android.permission.DEVICE_POWER to package com.android.deskclock (protectionLevel=2 flags=0x8be45)
12-31 20:47:31.792   144   160 W PackageManager: Not granting permission android.permission.DEVICE_POWER to package com.android.facelock (protectionLevel=2 flags=0x8be45)
12-31 20:47:31.867   144   147 D dalvikvm: GC_CONCURRENT freed 278K, 4% free 11049K/11399K, paused 3ms+3ms
12-31 20:47:32.007   144   160 D dalvikvm: GC_EXPLICIT freed 303K, 5% free 10951K/11463K, paused 2ms+4ms
12-31 20:47:32.007   144   160 I SystemServer: Account Manager
12-31 20:47:32.019   144   160 D PackageManager: generateServicesMap(android.accounts.AccountAuthenticator): 2 services unchanged
12-31 20:47:32.042   144   160 I SystemServer: Content Manager
12-31 20:47:32.136   144   160 D PackageManager: generateServicesMap(android.content.SyncAdapter): 9 services unchanged
12-31 20:47:32.140   144   160 I ActivityThread: Pub settings: com.android.providers.settings.SettingsProvider
12-31 20:47:32.140   144   160 I SystemServer: System Content Providers
12-31 20:47:32.378   144   169 D SettingsProvider: cache for settings table 'secure' rows=55; fullycached=true
12-31 20:47:32.414   144   169 D SettingsProvider: cache for settings table 'system' rows=66; fullycached=true
12-31 20:47:32.507   144   160 I SystemServer: Lights Service
12-31 20:47:32.511   144   160 I SystemServer: Battery Service
12-31 20:47:32.523   144   147 D dalvikvm: GC_CONCURRENT freed 295K, 4% free 11189K/11591K, paused 2ms+3ms
12-31 20:47:32.523   144   160 I SystemServer: Vibrator Service
12-31 20:47:32.542   144   160 I power   : *** set_screen_state 1
12-31 20:47:32.546   144   160 D AlarmManagerService: Kernel timezone updated to 300 minutes west of GMT
12-31 20:47:32.546   144   160 I SystemServer: Alarm Manager
12-31 20:47:32.550   144   160 I SystemServer: Init Watchdog
12-31 20:47:32.554   144   160 I SystemServer: Window Manager
12-31 20:47:32.558   144   174 I InputManager: Initializing input manager
12-31 20:47:32.570   144   175 W StatusBarManager: warning: no STATUS_BAR_SERVICE
12-31 20:47:32.589   144   174 I InputManager: Starting input manager
12-31 20:47:32.589   144   174 I WindowManager: Enabled StrictMode logging for WMThread's Looper
12-31 20:47:32.589   144   160 I SystemServer: Bluetooth Service
12-31 20:47:32.597   144   175 I WindowManager: Enabled StrictMode for PolicyThread's Looper
12-31 20:47:32.601   144   160 I BluetoothProfileState: Message:Entering Stable State
12-31 20:47:32.644   144   180 D EventHub: No input device configuration file found for device 'compass'.
12-31 20:47:32.648   144   160 I BluetoothProfileState: Message:Entering Stable State
12-31 20:47:32.648   144   160 I BluetoothProfileState: Message:Entering Stable State
12-31 20:47:32.652   144   180 D EventHub: No input device configuration file found for device 'cypress-touchkey'.
12-31 20:47:32.656   144   180 I EventHub: New device: id=2, fd=118, path='/dev/input/event5', name='cypress-touchkey', classes=0x1, configuration='', keyLayout='/system/usr/keylayout/cypress-touchkey.kl', keyCharacterMap='/system/usr/keychars/cypress-touchkey.kcm', builtinKeyboard=false
12-31 20:47:32.656   144   180 D EventHub: No input device configuration file found for device 'lightsensor-level'.
12-31 20:47:32.656   144   188 D BluetoothAdapterStateMachine: PowerOff process message: 5
12-31 20:47:32.656   144   160 I SystemServer: Input Method Service
12-31 20:47:32.656   144   160 W InputManagerService: Couldn't create dir.: /data/system/inputmethod
12-31 20:47:32.664   144   180 D EventHub: No input device configuration file found for device 'proximity'.
12-31 20:47:32.671   144   180 D EventHub: No input device configuration file found for device 'herring-keypad'.
12-31 20:47:32.671   144   180 I EventHub: New device: id=5, fd=125, path='/dev/input/event2', name='herring-keypad', classes=0x1, configuration='', keyLayout='/system/usr/keylayout/herring-keypad.kl', keyCharacterMap='/system/usr/keychars/herring-keypad.kcm', builtinKeyboard=false
12-31 20:47:32.671   144   180 D EventHub: No input device configuration file found for device 'gyro'.
12-31 20:47:32.679   144   180 I EventHub: New device: id=7, fd=126, path='/dev/input/event0', name='mxt224_ts_input', classes=0x14, configuration='/system/usr/idc/mxt224_ts_input.idc', keyLayout='', keyCharacterMap='', builtinKeyboard=false
12-31 20:47:32.679   144   180 I InputReader:   Touch device 'mxt224_ts_input' could not query the properties of its associated display 0.  The device will be inoperable until the display size becomes available.
12-31 20:47:32.679   144   180 I InputReader: Device added: id=7, name='mxt224_ts_input', sources=0x00001002
12-31 20:47:32.679   144   180 I InputReader: Device added: id=5, name='herring-keypad', sources=0x00000101
12-31 20:47:32.679   144   180 I InputReader: Device added: id=2, name='cypress-touchkey', sources=0x00000101
12-31 20:47:32.695   144   160 W ResourceType: Failure getting entry for 0x7f060000 (t=5 e=0) in package 0 (error -75)
12-31 20:47:32.718   144   160 I SystemServer: Accessibility Manager
12-31 20:47:32.722   144   180 I InputReader: Reconfiguring input devices.  changes=0x00000004
12-31 20:47:32.722   144   180 I InputReader: Device reconfigured: id=7, name='mxt224_ts_input', surface size is now 480x800, mode is 1
12-31 20:47:32.722    78    78 D PermissionCache: checking android.permission.ACCESS_SURFACE_FLINGER for uid=1000 => granted (268 us)
12-31 20:47:32.722   144   160 I ActivityManager: Config changed: {1.0 0mcc0mnc en_US layoutdir=0 sw320dp w320dp h508dp nrml long port ?uimode ?night finger -keyb/v/h -nav/h s.2}
12-31 20:47:32.726   144   160 I SystemServer: Device Policy
12-31 20:47:32.726   144   160 I SystemServer: Status Bar
12-31 20:47:32.726   144   160 I SystemServer: Clipboard Service
12-31 20:47:32.730   144   160 I SystemServer: NetworkManagement Service
12-31 20:47:32.730   144   160 I SystemServer: Text Service Manager Service
12-31 20:47:32.734   144   160 I SystemServer: NetworkStats Service
12-31 20:47:32.734   144   160 I SystemServer: NetworkPolicy Service
12-31 20:47:32.738   144   160 I SystemServer: Wi-Fi P2pService
12-31 20:47:32.742   144   160 I SystemServer: Wi-Fi Service
12-31 20:47:32.765    75   118 E CommandListener: Failed to open /proc/sys/net/ipv6/conf/wlan0/disable_ipv6: No such file or directory
12-31 20:47:32.769   144   160 E WifiStateMachine: Failed to disable IPv6: java.lang.IllegalStateException: Unable to communicate to native daemon for disabling ipv6
12-31 20:47:32.777   144   160 I SystemServer: Connectivity Service
12-31 20:47:32.777   144   160 D ConnectivityService: ConnectivityService starting up
12-31 20:47:32.781   144   160 E ConnectivityService: Ignoring protectedNetwork 10
12-31 20:47:32.781   144   160 E ConnectivityService: Ignoring protectedNetwork 11
12-31 20:47:32.781   144   160 E ConnectivityService: Ignoring protectedNetwork 12
12-31 20:47:32.785   144   160 D ConnectivityService: wimaxJarLocation: /vendor/lib/wimax_service.jar
12-31 20:47:32.816   144   188 I bluedroid: Starting hciattach daemon
12-31 20:47:32.816   144   188 I bluedroid: bt_enable: ret: -1, errno: 19
12-31 20:47:32.855   144   160 D dalvikvm: DexOpt: --- BEGIN 'wimax_service.jar' (bootstrap=0) ---
12-31 20:47:32.898   144   147 D dalvikvm: GC_CONCURRENT freed 388K, 5% free 11346K/11847K, paused 2ms+4ms
12-31 20:47:32.917   144   188 I bluedroid: bt_enable: ret: -1, errno: 19
12-31 20:47:33.007   202   202 D dalvikvm: DexOpt: load 11ms, verify+opt 71ms
12-31 20:47:33.015   144   188 I bluedroid: bt_enable: ret: -1, errno: 19
12-31 20:47:33.035   144   160 D dalvikvm: DexOpt: --- END 'wimax_service.jar' (success) ---
12-31 20:47:33.035   144   160 D dalvikvm: DEX prep '/vendor/lib/wimax_service.jar': unzip in 55ms, rewrite 180ms
12-31 20:47:33.039   144   160 D ConnectivityService: Starting Wimax Service... 
12-31 20:47:33.050   144   160 I dalvikvm: Could not find method android.net.InterfaceConfiguration.setLinkAddress, referenced from method android.net.fourG.wimax.WimaxStateTracker.configureInterface
12-31 20:47:33.050   144   160 W dalvikvm: VFY: unable to resolve virtual method 45: Landroid/net/InterfaceConfiguration;.setLinkAddress (Landroid/net/LinkAddress;)V
12-31 20:47:33.050   144   160 D dalvikvm: VFY: replacing opcode 0x6e at 0x0042
12-31 20:47:33.085   144   160 E MobileDataStateTracker: default: Ignoring feature request because could not acquire PhoneService
12-31 20:47:33.085   144   160 E MobileDataStateTracker: default: Could not enable APN type "default"
12-31 20:47:33.085   144   160 D NetworkManagementService: Registering observer
12-31 20:47:33.085   144   160 D NetworkManagementService: Registering observer
12-31 20:47:33.089   144   160 I WifiService: WifiService starting up with Wi-Fi enabled
12-31 20:47:33.093   144   160 I SystemServer: Throttle Service
12-31 20:47:33.093   144   160 I SystemServer: Mount Service
12-31 20:47:33.097   144   160 D MountService: got storage path: /mnt/sdcard description: USB storage primary: true removable: false emulated: false mtpReserve: 0 allowMassStorage: true maxFileSize: 4294967296
12-31 20:47:33.101   144   160 I SystemServer: Notification Manager
12-31 20:47:33.105   144   160 I SystemServer: Device Storage Monitor
12-31 20:47:33.105   144   160 I SystemServer: Location Manager
12-31 20:47:33.105   144   160 I SystemServer: Country Detector
12-31 20:47:33.109   144   160 I SystemServer: Search Service
12-31 20:47:33.109   144   160 I SystemServer: DropBox Service
12-31 20:47:33.109   144   160 I SystemServer: Wallpaper Service
12-31 20:47:33.117   144   188 I bluedroid: bt_enable: ret: -1, errno: 19
12-31 20:47:33.121   144   160 I SystemServer: Audio Service
12-31 20:47:33.128    72    99 D VoldCmdListener: volume list
12-31 20:47:33.132   144   210 I PackageManager: Updating external media status from unmounted to unmounted
12-31 20:47:33.132   144   210 D MountService: volume state changed for /mnt/sdcard (null -> unmounted)
12-31 20:47:33.144    81   123 D AudioHardware: ### setVoiceVolume_l
12-31 20:47:33.152   144   160 I SystemServer: Dock Observer
12-31 20:47:33.156   144   160 I SystemServer: Wired Accessory Observer
12-31 20:47:33.156   144   160 I SystemServer: USB Service
12-31 20:47:33.160   144   160 I SystemServer: UI Mode Manager Service
12-31 20:47:33.160   144   160 I SystemServer: Backup Service
12-31 20:47:33.164   144   160 V BackupManagerService: Initializing package tracking
12-31 20:47:33.218   144   188 I bluedroid: bt_enable: ret: -1, errno: 19
12-31 20:47:33.316   144   188 I bluedroid: bt_enable: ret: -1, errno: 19
12-31 20:47:33.328   144   147 D dalvikvm: GC_CONCURRENT freed 241K, 3% free 11712K/12039K, paused 2ms+4ms
12-31 20:47:33.359   144   160 V BackupManagerService: addPackageParticipantsLocked: all
12-31 20:47:33.359   144   160 I BackupManagerService: New app com.android.calendar never backed up; scheduling
12-31 20:47:33.371   144   160 I BackupManagerService: New app com.android.inputmethod.latin never backed up; scheduling
12-31 20:47:33.375   144   160 I BackupManagerService: New app com.android.nfc never backed up; scheduling
12-31 20:47:33.378   144   160 I BackupManagerService: New app com.android.sharedstoragebackup never backed up; scheduling
12-31 20:47:33.382   144   160 I BackupManagerService: New app com.android.vending never backed up; scheduling
12-31 20:47:33.386   144   160 V BackupManagerService: Registering transport android/com.android.internal.backup.LocalTransport = com.android.internal.backup.LocalTransport@41394068
12-31 20:47:33.386   144   160 V BackupManagerService: Starting with transport com.google.android.backup/.BackupTransportService
12-31 20:47:33.386   144   160 V BackupManagerService: Google transport not present
12-31 20:47:33.386   144   160 I BackupManagerService: Found stale backup journal, scheduling
12-31 20:47:33.394   144   160 I BackupManagerService:   com.android.calendar
12-31 20:47:33.394   144   160 I BackupManagerService:   com.android.inputmethod.latin
12-31 20:47:33.394   144   160 I BackupManagerService:   com.android.nfc
12-31 20:47:33.394   144   160 I BackupManagerService:   com.android.sharedstoragebackup
12-31 20:47:33.394   144   160 I BackupManagerService:   com.android.vending
12-31 20:47:33.394   144   160 I BackupManagerService:   com.android.providers.settings
12-31 20:47:33.398   144   160 I BackupManagerService: Backup enabled => true
12-31 20:47:33.398   144   160 I SystemServer: AppWidget Service
12-31 20:47:33.402   144   160 I SystemServer: Recognition Service
12-31 20:47:33.402   144   160 I SystemServer: DiskStats Service
12-31 20:47:33.402   144   160 I SystemServer: SamplingProfiler Service
12-31 20:47:33.406   144   160 I SystemServer: NetworkTimeUpdateService
12-31 20:47:33.410   144   160 I WindowManager: SAFE MODE not enabled
12-31 20:47:33.410   144   151 D dalvikvm: JIT started for system_server
12-31 20:47:33.417   144   188 I bluedroid: bt_enable: ret: -1, errno: 19
12-31 20:47:33.425   144   160 D PowerManagerService: system ready!
12-31 20:47:33.453   144   160 I ActivityManager: System now ready
12-31 20:47:33.460   144   160 I SystemServer: Making services ready
12-31 20:47:33.460   144   160 D SystemServer: Starting service: Intent { cmp=com.android.systemui/.SystemUIService }
12-31 20:47:33.468   144   160 I Zygote  : Process: zygote socket opened
12-31 20:47:33.515   144   188 I bluedroid: bt_enable: ret: -1, errno: 19
12-31 20:47:33.527   144   160 I ActivityManager: Start proc com.android.systemui for service com.android.systemui/.SystemUIService: pid=214 uid=1000 gids={1015, 3002, 3001, 3003}
12-31 20:47:33.527   144   160 D NetworkManagementService: enabling bandwidth control
12-31 20:47:33.617   144   188 I bluedroid: bt_enable: ret: -1, errno: 19
12-31 20:47:33.683   214   214 D SystemUIService: loading: class com.android.systemui.statusbar.phone.PhoneStatusBar
12-31 20:47:33.687   214   214 D SystemUIService: running: com.android.systemui.statusbar.phone.PhoneStatusBar@413280b0
12-31 20:47:33.718   144   188 I bluedroid: bt_enable: ret: -1, errno: 19
12-31 20:47:33.722   144   147 D dalvikvm: GC_CONCURRENT freed 321K, 4% free 12081K/12487K, paused 3ms+14ms
12-31 20:47:33.742   144   175 V TransportControlView: Create TCV com.android.internal.widget.TransportControlView@41501620
12-31 20:47:33.816   144   188 I bluedroid: bt_enable: ret: -1, errno: 19
12-31 20:47:33.917   144   188 I bluedroid: bt_enable: ret: -1, errno: 19
12-31 20:47:34.019   144   188 I bluedroid: bt_enable: ret: -1, errno: 19
12-31 20:47:34.093   144   160 D NetworkManagementService: Registering observer
12-31 20:47:34.101   214   216 D dalvikvm: GC_CONCURRENT freed 106K, 3% free 9319K/9543K, paused 2ms+4ms
12-31 20:47:34.117   144   188 I bluedroid: bt_enable: ret: -1, errno: 19
12-31 20:47:34.160   144   160 D NetworkManagementService: Registering observer
12-31 20:47:34.171   144   160 I ActivityManager: Config changed: {1.0 0mcc0mnc en_US layoutdir=0 sw320dp w320dp h508dp nrml long port finger -keyb/v/h -nav/h s.3}
12-31 20:47:34.179    75   118 D SoftapController: Softap fwReload - Ok
12-31 20:47:34.179    75   118 D CommandListener: Setting iface cfg
12-31 20:47:34.179    75   118 D CommandListener: Trying to bring down wlan0
12-31 20:47:34.179    75   118 D CommandListener: broadcast flag ignored
12-31 20:47:34.179    75   118 D CommandListener: multicast flag ignored
12-31 20:47:34.179   144   198 D NetworkManagementService: rsp <213 00:90:4c:11:22:33 0.0.0.0 0 [down broadcast multicast]>
12-31 20:47:34.179   144   198 D NetworkManagementService: flags <[down broadcast multicast]>
12-31 20:47:34.187   144   144 I StatusBarManagerService: registerStatusBar bar=com.android.internal.statusbar.IStatusBar$Stub$Proxy@415da958
12-31 20:47:34.187   214   214 D PhoneStatusBar: disable: < expand icons alerts ticker system_info BACK* HOME* RECENT* CLOCK* >
12-31 20:47:34.218   144   188 I bluedroid: bt_enable: ret: -1, errno: 19
12-31 20:47:34.312   144   161 I ActivityManager: Start proc android.process.media for broadcast com.android.providers.media/.UsbReceiver: pid=270 uid=10025 gids={1015, 1023, 1024, 2001, 3003, 3007}
12-31 20:47:34.316   214   214 D StorageNotification: Startup with UMS connection false (media state unmounted)
12-31 20:47:34.320   144   188 I bluedroid: bt_enable: ret: -1, errno: 19
12-31 20:47:34.332   214   276 I StorageNotification: UMS connection changed to false (media state unmounted)
12-31 20:47:34.343   214   214 D SystemUIService: loading: class com.android.systemui.power.PowerUI
12-31 20:47:34.343   214   214 D SystemUIService: running: com.android.systemui.power.PowerUI@41383258
12-31 20:47:34.394   144   160 W InputManagerService: Ignoring setImeWindowStatus of uid 1000 token: null
12-31 20:47:34.417   144   188 I bluedroid: bt_enable: ret: -1, errno: 19
12-31 20:47:34.437   144   199 D WifiService: New client listening to asynchronous messages
12-31 20:47:34.457   144   160 I ActivityManager: Start proc com.android.inputmethod.latin for service com.android.inputmethod.latin/.LatinIME: pid=284 uid=10075 gids={}
12-31 20:47:34.492   270   270 I ActivityThread: Pub media: com.android.providers.media.MediaProvider
12-31 20:47:34.496   144   160 D NetworkManagementService: Registering observer
12-31 20:47:34.519   144   188 I bluedroid: bt_enable: ret: -1, errno: 19
12-31 20:47:34.570   144   296 W ThrottleService: unable to find stats for iface rmnet0
12-31 20:47:34.640   144   147 D dalvikvm: GC_CONCURRENT freed 317K, 4% free 12536K/12935K, paused 2ms+19ms
12-31 20:47:34.644   144   188 I bluedroid: bt_enable: ret: 0, errno: 19
12-31 20:47:34.644   144   188 I bluedroid: Starting bluetoothd deamon
12-31 20:47:34.644   144   160 I ActivityManager: Start proc com.android.phone for added application com.android.phone: pid=301 uid=1001 gids={3002, 3001, 3003, 1015}
12-31 20:47:34.652   144   188 E BluetoothEventLoop.cpp: get_adapter_path: D-Bus error: org.freedesktop.DBus.Error.ServiceUnknown (The name org.bluez was not provided by any .service files)
12-31 20:47:34.664   144   188 E BluetoothEventLoop.cpp: get_adapter_path: D-Bus error: org.freedesktop.DBus.Error.ServiceUnknown (The name org.bluez was not provided by any .service files)
12-31 20:47:34.675   144   188 E BluetoothEventLoop.cpp: get_adapter_path: D-Bus error: org.freedesktop.DBus.Error.ServiceUnknown (The name org.bluez was not provided by any .service files)
12-31 20:47:34.687   144   188 E BluetoothEventLoop.cpp: get_adapter_path: D-Bus error: org.freedesktop.DBus.Error.ServiceUnknown (The name org.bluez was not provided by any .service files)
12-31 20:47:34.687   201   201 E brcm_patchram_plus: Done setting line discpline
12-31 20:47:34.699   144   188 E BluetoothEventLoop.cpp: get_adapter_path: D-Bus error: org.freedesktop.DBus.Error.ServiceUnknown (The name org.bluez was not provided by any .service files)
12-31 20:47:34.710   144   188 E BluetoothEventLoop.cpp: get_adapter_path: D-Bus error: org.freedesktop.DBus.Error.ServiceUnknown (The name org.bluez was not provided by any .service files)
12-31 20:47:34.730   144   188 E BluetoothEventLoop.cpp: get_adapter_path: D-Bus error: org.freedesktop.DBus.Error.ServiceUnknown (The name org.bluez was not provided by any .service files)
12-31 20:47:34.734   144   160 I ActivityManager: Start proc com.android.nfc for added application com.android.nfc: pid=328 uid=1027 gids={3002, 3001}
12-31 20:47:34.742   144   188 E BluetoothEventLoop.cpp: get_adapter_path: D-Bus error: org.freedesktop.DBus.Error.ServiceUnknown (The name org.bluez was not provided by any .service files)
12-31 20:47:34.746   144   160 I ActivityManager: START {act=android.intent.action.MAIN cat=[android.intent.category.HOME] flg=0x10000000 cmp=com.android.launcher/com.android.launcher2.Launcher} from pid 0
12-31 20:47:34.753   144   188 E BluetoothEventLoop.cpp: get_adapter_path: D-Bus error: org.freedesktop.DBus.Error.ServiceUnknown (The name org.bluez was not provided by any .service files)
12-31 20:47:34.773   144   188 E BluetoothEventLoop.cpp: get_adapter_path: D-Bus error: org.freedesktop.DBus.Error.ServiceUnknown (The name org.bluez was not provided by any .service files)
12-31 20:47:34.773   144   292 D libsecgps: gps_get_gps_interface:
12-31 20:47:34.773   144   292 E libsecgps: gps_get_extension: gps-debug is not implemented
12-31 20:47:34.812   144   188 E BluetoothEventLoop.cpp: get_adapter_path: D-Bus error: org.bluez.Error.NoSuchAdapter (No such adapter)
12-31 20:47:34.812   144   188 E BluetoothEventLoop.cpp: failure setting up Event Loop!
12-31 20:47:34.820   144   160 I ActivityManager: Start proc com.android.launcher for activity com.android.launcher/com.android.launcher2.Launcher: pid=341 uid=10031 gids={}
12-31 20:47:34.820   144   160 I SystemServer: Enabled StrictMode for system server main thread.
12-31 20:47:34.894   270   270 I ActivityThread: Pub downloads: com.android.providers.downloads.DownloadProvider
12-31 20:47:35.062   270   270 I ActivityThread: Pub drm: com.android.providers.drm.DrmProvider
12-31 20:47:35.066   270   359 I DownloadManager: in removeSpuriousFiles
12-31 20:47:35.140   301   301 I ActivityThread: Pub telephony: com.android.providers.telephony.TelephonyProvider
12-31 20:47:35.265   328   328 I NfcService: Starting NFC service
12-31 20:47:35.277   341   341 I ActivityThread: Pub com.android.launcher2.settings: com.android.launcher2.LauncherProvider
12-31 20:47:35.292   301   301 W TelephonyProvider: onCreate: confFile=/system/etc/apns-conf.xml oldCheckSum=-1
12-31 20:47:35.328   328   328 D NFC JNI : NFC Service : loading JNI
12-31 20:47:35.417   301   301 I ActivityThread: Pub icc: com.android.phone.IccProvider
12-31 20:47:35.445   301   301 I ActivityThread: Pub mms: com.android.providers.telephony.MmsProvider
12-31 20:47:35.457   301   301 I ActivityThread: Pub sms: com.android.providers.telephony.SmsProvider
12-31 20:47:35.460   301   301 I ActivityThread: Pub mms-sms: com.android.providers.telephony.MmsSmsProvider
12-31 20:47:35.492   144   188 E BluetoothService.cpp: setBluetoothTetheringNative true
12-31 20:47:35.496   144   363 D BluetoothEventLoop: Property Changed: Pairable : false
12-31 20:47:35.496   144   363 D BluetoothEventLoop: Property Changed: Powered : false
12-31 20:47:35.496   144   363 D BluetoothEventLoop: Property Changed: UUIDs : 6
12-31 20:47:35.503   144   188 D BluetoothAdapterStateMachine: WarmUp process message: 54
12-31 20:47:35.507   144   363 D BluetoothEventLoop: Property Changed: UUIDs : 7
12-31 20:47:35.507   144   363 D BluetoothEventLoop: Property Changed: UUIDs : 8
12-31 20:47:35.507   144   363 D BluetoothEventLoop: Property Changed: UUIDs : 9
12-31 20:47:35.511   144   363 D BluetoothEventLoop: Property Changed: UUIDs : 10
12-31 20:47:35.519   144   188 D BluetoothAdapterStateMachine: WarmUp process message: 51
12-31 20:47:35.589   267   267 I wpa_supplicant: rfkill: Cannot open RFKILL control device
12-31 20:47:35.597   328   328 I RegisteredComponentCache: ComponentInfo: ResolveInfo{41334fa8 com.android.apps.tag.TagViewer p=0 o=0 m=0x108000}, techs: android.nfc.tech.Ndef, 
12-31 20:47:35.742   341   344 D dalvikvm: GC_CONCURRENT freed 235K, 4% free 9208K/9543K, paused 2ms+3ms
12-31 20:47:35.808   144   161 I ActivityManager: Start proc com.android.settings for broadcast com.android.settings/.widget.SettingsAppWidgetProvider: pid=373 uid=1000 gids={1015, 3002, 3001, 3003}
12-31 20:47:35.847   301   305 D dalvikvm: GC_CONCURRENT freed 275K, 4% free 9192K/9543K, paused 9ms+14ms
12-31 20:47:35.867   284   285 D dalvikvm: GC_CONCURRENT freed 189K, 3% free 9338K/9607K, paused 3ms+16ms
12-31 20:47:35.867   144   198 E WifiConfigStore: Missing id while parsing configuration
12-31 20:47:35.867   144   198 E WifiConfigStore: Missing id while parsing configuration
12-31 20:47:35.871   144   198 E WifiConfigStore: Missing id while parsing configuration
12-31 20:47:35.871   144   198 E WifiConfigStore: Missing id while parsing configuration
12-31 20:47:35.871   144   198 E WifiConfigStore: Missing id while parsing configuration
12-31 20:47:35.871   144   198 E WifiConfigStore: Missing id while parsing configuration
12-31 20:47:35.871   144   198 E WifiConfigStore: Missing id while parsing configuration
12-31 20:47:35.871   144   198 E WifiConfigStore: Missing id while parsing configuration
12-31 20:47:35.898   144   336 I ActivityManager: Start proc com.google.android.inputmethod.latin.dictionarypack for content provider com.google.android.inputmethod.latin.dictionarypack/.DictionaryProvider: pid=385 uid=10041 gids={3003, 1015}
12-31 20:47:35.949   144   155 I ActivityManager: Start proc android.process.acore for content provider com.android.providers.userdictionary/.UserDictionaryProvider: pid=396 uid=10008 gids={3003, 1015}
12-31 20:47:36.050    79    79 D dalvikvm: GC_EXPLICIT freed 34K, 4% free 9027K/9347K, paused 15ms+8ms
12-31 20:47:36.117    79    79 D dalvikvm: GC_EXPLICIT freed <1K, 4% free 9027K/9347K, paused 1ms+5ms
12-31 20:47:36.167    79    79 D dalvikvm: GC_EXPLICIT freed <1K, 4% free 9027K/9347K, paused 4ms+7ms
12-31 20:47:36.203   144   156 I ActivityManager: Start proc com.android.smspush for service com.android.smspush/.WapPushManager: pid=416 uid=10097 gids={}
12-31 20:47:36.261   267   267 I wpa_supplicant: wlan0: Trying to associate with SSID 'UBMESH2'
12-31 20:47:36.285   396   396 I ActivityThread: Pub com.android.voicemail: com.android.providers.contacts.VoicemailContentProvider
12-31 20:47:36.304   385   385 I ActivityThread: Pub com.android.inputmethod.latin.dictionarypack: com.google.android.inputmethod.latin.dictionarypack.DictionaryProvider
12-31 20:47:36.308   373   373 D LocalBluetoothProfileManager: LocalBluetoothProfileManager construction complete
12-31 20:47:36.343   301   301 D CAT     : CatService: Running CAT service. STK app installed:false
12-31 20:47:36.343   301   301 D CAT     : CatService: NEW sInstance
12-31 20:47:36.382   341   344 D dalvikvm: GC_CONCURRENT freed 107K, 3% free 9533K/9735K, paused 6ms+36ms
12-31 20:47:36.421   396   396 I ActivityThread: Pub user_dictionary: com.android.providers.userdictionary.UserDictionaryProvider
12-31 20:47:36.421   396   396 I ActivityThread: Pub com.android.social: com.android.providers.contacts.SocialProvider
12-31 20:47:36.429   396   396 I ActivityThread: Pub applications: com.android.providers.applications.ApplicationsProvider
12-31 20:47:36.515   341   365 W ResourceType: No package identifier when getting value for resource number 0x00000000
12-31 20:47:36.519   144   144 I SearchManagerService: Building list of searchable activities
12-31 20:47:36.582   301   301 D MccTable: updateMccMncConfiguration: mcc=310, mnc=120
12-31 20:47:36.582   301   301 D MccTable: locale set to en_us
12-31 20:47:36.582   301   301 D MccTable: WIFI_COUNTRY_CODE set to us
12-31 20:47:36.582   144   405 I WifiService: WifiService trying to set country code to us with persist set to true
12-31 20:47:36.585   144   156 I ActivityManager: Config changed: {1.0 310mcc120mnc en_US layoutdir=0 sw320dp w320dp h508dp nrml long port finger -keyb/v/h -nav/h s.4}
12-31 20:47:36.625   301   301 D CallManager: registerPhone(CDMA Handler (com.android.internal.telephony.PhoneProxy) {41352768})
12-31 20:47:36.671   301   305 D dalvikvm: GC_CONCURRENT freed 302K, 5% free 9341K/9735K, paused 2ms+15ms
12-31 20:47:36.707   341   365 D Launcher.Model: getPackInfo failed for package com.cooliris.media
12-31 20:47:36.746   267   267 I wpa_supplicant: wlan0: Associated with 42:92:14:93:a4:99
12-31 20:47:36.746   267   267 I wpa_supplicant: wlan0: CTRL-EVENT-CONNECTED - Connection to 42:92:14:93:a4:99 completed (auth) [id=6 id_str=]
12-31 20:47:36.804   214   216 D dalvikvm: GC_CONCURRENT freed 144K, 3% free 9596K/9863K, paused 2ms+10ms
12-31 20:47:36.804   396   399 D dalvikvm: GC_CONCURRENT freed 340K, 5% free 9147K/9607K, paused 2ms+12ms
12-31 20:47:36.808   144   161 I ActivityManager: Start proc edu.buffalo.cse.phonelab.phonelabservices for broadcast edu.buffalo.cse.phonelab.phonelabservices/edu.buffalo.cse.phonelab.receivers.WiFiReceiver: pid=440 uid=10049 gids={3003, 1015, 1007, 2001}
12-31 20:47:36.910   301   301 D Bluetooth HS/HF: CDMA call state: IDLE prev state:IDLE
12-31 20:47:36.914   396   396 I ActivityThread: Pub contacts;com.android.contacts: com.android.providers.contacts.ContactsProvider2
12-31 20:47:37.003   144   414 W ActivityManager: Unable to start service Intent { act=com.android.ussd.IExtendedNetworkService }: not found
12-31 20:47:37.015   341   344 D dalvikvm: GC_CONCURRENT freed 262K, 4% free 9775K/10119K, paused 8ms+5ms
12-31 20:47:37.042   301   301 D OtaUtils: CdmaOtaConfigData constructor!
12-31 20:47:37.042   301   301 D OtaUtils: CdmaOtaInCallScreenState: constructor init to UNDEFINED
12-31 20:47:37.136   341   365 W ResourceType: No package identifier when getting value for resource number 0x00000000
12-31 20:47:37.156   144   161 I ActivityManager: Start proc com.google.android.partnersetup for broadcast com.google.android.partnersetup/.PhoneStateReceiver: pid=457 uid=10015 gids={3003}
12-31 20:47:37.203   396   396 I ActivityThread: Pub call_log: com.android.providers.contacts.CallLogProvider
12-31 20:47:37.285   341   344 D dalvikvm: GC_CONCURRENT freed 229K, 4% free 9951K/10311K, paused 2ms+3ms
12-31 20:47:37.320   144   147 D dalvikvm: GC_CONCURRENT freed 632K, 6% free 12799K/13511K, paused 2ms+5ms
12-31 20:47:37.472   457   457 I ActivityThread: Pub com.google.android.partnersetup.rlzprovider: com.google.android.partnersetup.RlzProvider
12-31 20:47:37.507   457   457 I ActivityThread: Pub com.google.android.partnersetup.rlzappprovider: com.google.android.partnersetup.RlzAppProvider
12-31 20:47:37.738   301   301 D Bluetooth HSHFP: Starting BluetoothHeadsetService
12-31 20:47:37.761   301   301 D CAT     : CatService: SIM ready. Reporting STK service running now...
12-31 20:47:37.855   144   155 D dalvikvm: GC_EXPLICIT freed 293K, 6% free 12856K/13639K, paused 3ms+16ms
12-31 20:47:37.949   301   305 D dalvikvm: GC_CONCURRENT freed 375K, 5% free 9399K/9863K, paused 2ms+2ms
12-31 20:47:37.964   301   301 V SipBroadcastReceiver: start auto registration
12-31 20:47:38.035   328   328 I NfceeAccess: read 3 signature(s) for NFCEE access
12-31 20:47:38.058   328   331 D dalvikvm: GC_CONCURRENT freed 298K, 5% free 9174K/9607K, paused 2ms+2ms
12-31 20:47:38.164   328   485 D NfcService: checking on firmware download
12-31 20:47:38.164   328   485 D NfcService: NFC is off.  Checking firmware version
12-31 20:47:38.179   328   485 D NativeNfcManager: prev modtime: 1217592000000
12-31 20:47:38.179   328   485 D NativeNfcManager: new modtime: 1217592000000
12-31 20:47:38.191   144   156 D AlarmManagerService: Kernel timezone updated to 300 minutes west of GMT
12-31 20:47:38.195   301   301 D SystemClock: Setting time of day to sec=1342882153
07-21 10:49:13.368   341   344 D dalvikvm: GC_CONCURRENT freed 450K, 6% free 9959K/10503K, paused 12ms+9ms
07-21 10:49:13.395   341   365 W ResourceType: No package identifier when getting value for resource number 0x00000000
07-21 10:49:13.419   341   341 D Launcher.Model: Reload apps on config change. curr_mcc:310 prevmcc:0
07-21 10:49:13.458   341   341 D libEGL  : loaded /system/lib/egl/libGLES_android.so
07-21 10:49:13.462   341   341 D libEGL  : loaded /vendor/lib/egl/libEGL_POWERVR_SGX540_120.so
07-21 10:49:13.462   341   365 W ResourceType: No package identifier when getting value for resource number 0x00000000
07-21 10:49:13.473   341   341 D libEGL  : loaded /vendor/lib/egl/libGLESv1_CM_POWERVR_SGX540_120.so
07-21 10:49:13.477   341   365 D Launcher.Model: getPackInfo failed for package com.cooliris.media
07-21 10:49:13.481   341   341 D libEGL  : loaded /vendor/lib/egl/libGLESv2_POWERVR_SGX540_120.so
07-21 10:49:13.524   341   365 W ResourceType: No package identifier when getting value for resource number 0x00000000
07-21 10:49:13.552   341   341 D OpenGLRenderer: Enabling debug mode 0
07-21 10:49:13.657   341   344 D dalvikvm: GC_CONCURRENT freed 320K, 5% free 10137K/10567K, paused 3ms+5ms
07-21 10:49:13.919   270   272 D dalvikvm: GC_CONCURRENT freed 239K, 4% free 9296K/9607K, paused 193ms+12ms
07-21 10:49:14.134   144   292 I ActivityManager: Start proc com.google.process.gapps for service com.google.android.location/.NetworkLocationService: pid=490 uid=10020 gids={3003, 1015, 2001, 1007, 3006}
07-21 10:49:14.138   490   490 I dalvikvm: Turning on JNI app bug workarounds for target SDK version 12...
07-21 10:49:14.169   490   490 I ActivityThread: Pub com.google.settings: com.google.android.gsf.settings.GoogleSettingsProvider
07-21 10:49:14.251   396   399 D dalvikvm: GC_CONCURRENT freed 177K, 4% free 9369K/9671K, paused 2ms+2ms
07-21 10:49:14.286   490   490 I ActivityThread: Pub subscribedfeeds: com.google.android.gsf.subscribedfeeds.SubscribedFeedsProvider
07-21 10:49:14.317   490   490 I ActivityThread: Pub com.google.contacts.gal.provider: com.google.android.syncadapters.contacts.GalProvider
07-21 10:49:14.345   490   490 I ActivityThread: Pub com.google.android.gsf.gservices: com.google.android.gsf.gservices.GservicesProvider
07-21 10:49:14.345   490   490 I GservicesProvider: Gservices pushing to system: true; secure: true
07-21 10:49:14.345   490   490 I ActivityThread: Pub com.google.android.providers.talk: com.google.android.gsf.talk.TalkProvider
07-21 10:49:14.384   490   490 D NetworkLocationService: onCreate com.google.android.location.NetworkLocationService@41366ba8
07-21 10:49:14.415   490   490 D NetworkLocationClient: ANDROID minProtocolVersion 1 maxProtocolVersion 1 releaseVersion -1
07-21 10:49:14.415   490   490 D NetworkLocationClient: binding to Intent { act=com.google.android.location.internal.ANDROID_NLP }
07-21 10:49:14.438   490   493 D dalvikvm: GC_CONCURRENT freed 316K, 5% free 9216K/9607K, paused 2ms+4ms
07-21 10:49:14.485   214   276 I StorageNotification: UMS connection changed to false (media state unmounted)
07-21 10:49:14.528   490   490 D NetworkLocationService: onBind com.google.android.location.NetworkLocationProvidercom.google.android.location.NetworkLocationService@41366ba8
07-21 10:49:14.540   490   490 D NetworkLocationService: onBind com.google.android.location.GeocodeProvidercom.google.android.location.NetworkLocationService@41366ba8
07-21 10:49:14.563   214   214 D dalvikvm: GC_FOR_ALLOC freed 46K, 3% free 9589K/9863K, paused 47ms
07-21 10:49:14.583   214   214 I dalvikvm-heap: Grow heap (frag case) to 12.363MB for 3072016-byte allocation
07-21 10:49:14.645   214   216 D dalvikvm: GC_CONCURRENT freed 3K, 3% free 12586K/12871K, paused 2ms+9ms
07-21 10:49:14.677   144   513 D dalvikvm: GC_FOR_ALLOC freed 468K, 6% free 13086K/13831K, paused 105ms
07-21 10:49:14.903   490   493 D dalvikvm: GC_CONCURRENT freed 527K, 7% free 9259K/9863K, paused 2ms+9ms
07-21 10:49:14.942   490   490 D androidInternalNlpService: onCreate com.google.android.location.internal.server.NetworkLocationService@4135f0f8
07-21 10:49:14.989   490   517 D NetworkLocationRealOs: NLPv2 file already exists; ignoring any NLPv1 files
07-21 10:49:15.001   490   490 D androidNlpServiceThread: ANDROID minProtocolVersion 1 maxProtocolVersion 1 releaseVersion -1
07-21 10:49:15.130   144   160 V BackupManagerService: Running a backup pass
07-21 10:49:15.145    78    78 I SurfaceFlinger: Boot is finished (22429 ms)
07-21 10:49:15.188   144   213 W BackupManagerService: Requested unavailable transport: com.google.android.backup/.BackupTransportService
07-21 10:49:15.188   144   213 V BackupManagerService: Backup requested but no transport available
07-21 10:49:15.208   144   160 D PowerManagerService: bootCompleted
07-21 10:49:15.212   144   160 V DevicePolicyManagerService: Sending password expiration notifications for action android.intent.action.BOOT_COMPLETED
07-21 10:49:15.223    72    99 D VoldCmdListener: volume mount /mnt/sdcard
07-21 10:49:15.223    72    99 I Vold    : /dev/block/vold/179:3 being considered for volume sdcard
07-21 10:49:15.223    72    99 D Vold    : Volume sdcard state changing 1 (Idle-Unmounted) -> 3 (Checking)
07-21 10:49:15.223   144   209 D MountService: volume state changed for /mnt/sdcard (unmounted -> checking)
07-21 10:49:15.227   214   276 I StorageNotification: Media {/mnt/sdcard} state changed from {unmounted} -> {checking}
07-21 10:49:15.227   144   209 D MountService: sendStorageIntent Intent { act=android.intent.action.MEDIA_CHECKING dat=file:///mnt/sdcard (has extras) }
07-21 10:49:15.251   144   160 V WiredAccessoryObserver: init()
07-21 10:49:15.294   144   160 W WiredAccessoryObserver: This kernel does not have wired headset support
07-21 10:49:15.294   144   160 W WiredAccessoryObserver: This kernel does not have wired headset support
07-21 10:49:15.352   144   160 D AlarmManagerService: Kernel timezone updated to 240 minutes west of GMT
07-21 10:49:15.399   144   160 I ActivityManager: Start proc com.android.calendar for broadcast com.android.calendar/.widget.CalendarAppWidgetService$CalendarFactory: pid=539 uid=10084 gids={3003}
07-21 10:49:15.505   144   147 D dalvikvm: GC_CONCURRENT freed 1292K, 10% free 12818K/14215K, paused 3ms+11ms
07-21 10:49:15.727    72    99 I /system/bin/fsck_msdos: ** /dev/block/vold/179:3
07-21 10:49:15.727    72    99 I /system/bin/fsck_msdos: ** Phase 1 - Read FAT (compare skipped)
07-21 10:49:15.727    72    99 I /system/bin/fsck_msdos: Attempting to allocate 13624 KB for FAT
07-21 10:49:15.770   539   539 I ActivityThread: Pub com.android.calendar.CalendarRecentSuggestionsProvider: com.android.calendar.CalendarRecentSuggestionsProvider
07-21 10:49:15.895   490   490 D NetworkLocationClient: onServiceConnected to ComponentInfo{com.google.android.location/com.google.android.location.internal.server.NetworkLocationService}
07-21 10:49:16.001   144   174 D dalvikvm: GC_EXPLICIT freed 58K, 11% free 12779K/14215K, paused 4ms+9ms
07-21 10:49:16.020   144   144 I ActivityManager: Start proc com.socialnmobile.dictapps.notepad.color.note for broadcast com.socialnmobile.dictapps.notepad.color.note/com.socialnmobile.colornote.receiver.TimeChangedReceiver: pid=573 uid=10001 gids={1015, 3003}
07-21 10:49:16.028   573   573 I dalvikvm: Turning on JNI app bug workarounds for target SDK version 4...
07-21 10:49:16.079   573   573 I ActivityThread: Pub note.socialnmobile.provider.colornote: com.socialnmobile.colornote.data.NoteProvider
07-21 10:49:16.091   573   573 I NoteProvider: databasePath=/data/data/com.socialnmobile.dictapps.notepad.color.note/databases/colornote.db
07-21 10:49:16.102   144   144 I ActivityManager: Start proc com.android.providers.calendar for content provider com.android.providers.calendar/.CalendarProvider2: pid=586 uid=10048 gids={3003, 1015}
07-21 10:49:16.173   144   195 W NetworkStats: dropping UID delta from unknown iface: iface=wlan0 uid=0 set=DEFAULT tag=0x0 rxBytes=0 rxPackets=0 txBytes=196 txPackets=3 operations=0
07-21 10:49:16.231   586   586 I ActivityThread: Pub com.android.calendar: com.android.providers.calendar.CalendarProvider2
07-21 10:49:16.290   144   156 I ActivityManager: Start proc com.android.deskclock for broadcast com.android.deskclock/.AlarmInitReceiver: pid=601 uid=10080 gids={}
07-21 10:49:16.333   601   601 I ActivityThread: Pub com.android.deskclock: com.android.deskclock.AlarmProvider
07-21 10:49:16.352   601   614 E SQLiteOpenHelper: Couldn't open alarms.db for writing (will try read-only):
07-21 10:49:16.352   601   614 E SQLiteOpenHelper: android.database.sqlite.SQLiteException: Can't downgrade database from version 7 to 5
07-21 10:49:16.352   601   614 E SQLiteOpenHelper: 	at android.database.sqlite.SQLiteOpenHelper.onDowngrade(SQLiteOpenHelper.java:307)
07-21 10:49:16.352   601   614 E SQLiteOpenHelper: 	at android.database.sqlite.SQLiteOpenHelper.getWritableDatabase(SQLiteOpenHelper.java:168)
07-21 10:49:16.352   601   614 E SQLiteOpenHelper: 	at android.database.sqlite.SQLiteOpenHelper.getReadableDatabase(SQLiteOpenHelper.java:231)
07-21 10:49:16.352   601   614 E SQLiteOpenHelper: 	at com.android.deskclock.AlarmProvider.query(AlarmProvider.java:72)
07-21 10:49:16.352   601   614 E SQLiteOpenHelper: 	at android.content.ContentProvider$Transport.query(ContentProvider.java:178)
07-21 10:49:16.352   601   614 E SQLiteOpenHelper: 	at android.content.ContentResolver.query(ContentResolver.java:311)
07-21 10:49:16.352   601   614 E SQLiteOpenHelper: 	at com.android.deskclock.Alarms.getFilteredAlarmsCursor(Alarms.java:143)
07-21 10:49:16.352   601   614 E SQLiteOpenHelper: 	at com.android.deskclock.Alarms.disableExpiredAlarms(Alarms.java:352)
07-21 10:49:16.352   601   614 E SQLiteOpenHelper: 	at com.android.deskclock.AlarmInitReceiver$1.run(AlarmInitReceiver.java:45)
07-21 10:49:16.352   601   614 E SQLiteOpenHelper: 	at android.os.Handler.handleCallback(Handler.java:605)
07-21 10:49:16.352   601   614 E SQLiteOpenHelper: 	at android.os.Handler.dispatchMessage(Handler.java:92)
07-21 10:49:16.352   601   614 E SQLiteOpenHelper: 	at android.os.Looper.loop(Looper.java:137)
07-21 10:49:16.352   601   614 E SQLiteOpenHelper: 	at android.os.HandlerThread.run(HandlerThread.java:60)
07-21 10:49:16.356   601   614 W dalvikvm: threadid=11: thread exiting with uncaught exception (group=0x40a2a1f8)
07-21 10:49:16.356   601   614 E AndroidRuntime: FATAL EXCEPTION: AsyncHandler
07-21 10:49:16.356   601   614 E AndroidRuntime: android.database.sqlite.SQLiteException: Can't upgrade read-only database from version 7 to 5: /data/data/com.android.deskclock/databases/alarms.db
07-21 10:49:16.356   601   614 E AndroidRuntime: 	at android.database.sqlite.SQLiteOpenHelper.getReadableDatabase(SQLiteOpenHelper.java:244)
07-21 10:49:16.356   601   614 E AndroidRuntime: 	at com.android.deskclock.AlarmProvider.query(AlarmProvider.java:72)
07-21 10:49:16.356   601   614 E AndroidRuntime: 	at android.content.ContentProvider$Transport.query(ContentProvider.java:178)
07-21 10:49:16.356   601   614 E AndroidRuntime: 	at android.content.ContentResolver.query(ContentResolver.java:311)
07-21 10:49:16.356   601   614 E AndroidRuntime: 	at com.android.deskclock.Alarms.getFilteredAlarmsCursor(Alarms.java:143)
07-21 10:49:16.356   601   614 E AndroidRuntime: 	at com.android.deskclock.Alarms.disableExpiredAlarms(Alarms.java:352)
07-21 10:49:16.356   601   614 E AndroidRuntime: 	at com.android.deskclock.AlarmInitReceiver$1.run(AlarmInitReceiver.java:45)
07-21 10:49:16.356   601   614 E AndroidRuntime: 	at android.os.Handler.handleCallback(Handler.java:605)
07-21 10:49:16.356   601   614 E AndroidRuntime: 	at android.os.Handler.dispatchMessage(Handler.java:92)
07-21 10:49:16.356   601   614 E AndroidRuntime: 	at android.os.Looper.loop(Looper.java:137)
07-21 10:49:16.356   601   614 E AndroidRuntime: 	at android.os.HandlerThread.run(HandlerThread.java:60)
07-21 10:49:16.548   490   493 D dalvikvm: GC_CONCURRENT freed 266K, 4% free 9504K/9863K, paused 3ms+3ms
07-21 10:49:16.716   490   493 D dalvikvm: GC_CONCURRENT freed 234K, 4% free 9806K/10119K, paused 2ms+3ms
07-21 10:49:16.919   490   493 D dalvikvm: GC_CONCURRENT freed 813K, 9% free 9547K/10439K, paused 2ms+3ms
07-21 10:49:16.946   490   620 I EventLogService: Aggregate from 1342875683441 (log), 1342875683441 (data)
07-21 10:49:16.958   490   507 D androidNetworkLocationListeners: Still have listener com.google.android.location.internal.client.NetworkLocationClient$1@41373ff0
07-21 10:49:17.091   490   493 D dalvikvm: GC_CONCURRENT freed 381K, 9% free 9579K/10439K, paused 3ms+4ms
07-21 10:49:17.091   144   405 I ActivityManager: Start proc com.android.contacts for broadcast com.android.contacts/.calllog.CallLogReceiver: pid=626 uid=10008 gids={3003, 1015}
07-21 10:49:17.169   490   507 D androidNetworkLocationListeners: Still have listener com.google.android.location.internal.client.NetworkLocationClient$1@41373ff0
07-21 10:49:17.263   301   301 V OtaStartupReceiver: onReceive: intent action=android.intent.action.BOOT_COMPLETED  mOtaspMode=-1
07-21 10:49:17.263   301   301 D OtaStartupReceiver: Register our PhoneStateListener
07-21 10:49:17.266   301   301 V OtaStartupReceiver: resolvInfo = null, provisioned = true, runningSetupWizard = true
07-21 10:49:17.266   301   301 D OtaStartupReceiver: call OtaUtils.maybeDoOtaCall
07-21 10:49:17.266   301   301 D OtaUtils: phoneNeedsActivation is set to false
07-21 10:49:17.266   301   301 D OtaUtils: otaShowActivationScreen: 1
07-21 10:49:17.266   301   301 D OtaUtils: maybeDoOtaCall: voice capable; activation NOT started.
07-21 10:49:17.266   301   301 V OtaStartupReceiver: onOtaspChanged: mOtaspMode=3
07-21 10:49:17.302   301   301 D SynmlBootReceiver: SynmlBootReceiver  onReceive = Intent { act=android.intent.action.BOOT_COMPLETED flg=0x10 cmp=com.samsung.update/.SyncmlBootReceiver }
07-21 10:49:17.302   301   301 D SynmlBootReceiver: SynmlBootReceiver  onReceive action = android.intent.action.BOOT_COMPLETED
07-21 10:49:17.302   301   301 D SynmlBootReceiver: BOOT_COMPLETED 
07-21 10:49:17.302   301   301 I SynmlBootReceiver:  san_service()starting ...
07-21 10:49:17.309   301   301 D SynmlBootReceiver: onReceive  End
07-21 10:49:17.317   301   301 I SAN_SERVICE: onCreate
07-21 10:49:17.317   301   301 V SANService: onStart(): intent_action = com.samsung.update.SAN_SERVICE
07-21 10:49:17.317   301   301 V SANService: In on Start: started = false
07-21 10:49:17.317   301   301 V SANService: Starting thread
07-21 10:49:17.321   301   301 D SAN_SERVICE: *******************************************
07-21 10:49:17.321   301   301 D SAN_SERVICE: DM App Phone Service State - 0
07-21 10:49:17.325   301   301 D SAN_SERVICE: *******************************************
07-21 10:49:17.325   301   301 D SAN_SERVICE: *******************************************
07-21 10:49:17.325   301   301 D SAN_SERVICE: DM App Phone Call State - 0
07-21 10:49:17.325   301   301 D SAN_SERVICE: *******************************************
07-21 10:49:17.329   144   405 I ActivityManager: Start proc tunein.player for broadcast tunein.player/.Startup: pid=646 uid=10054 gids={3003}
07-21 10:49:17.333   626   642 W AccountTypeManager: No authenticator found for type=com.google, ignoring it.
07-21 10:49:17.348   301   645 V SAN_SERVICE: Background Thread has stopped san_empty false
07-21 10:49:17.348   301   301 I SAN_SERVICE: onDestroy
07-21 10:49:17.360   646   646 I dalvikvm: Turning on JNI app bug workarounds for target SDK version 9...
07-21 10:49:17.364   626   642 I AccountTypeManager: Loaded meta-data for 1 account types, 0 accounts in 77ms(wall) 8ms(cpu)
07-21 10:49:17.391   626   643 E DefaultVoicemailNotifier: No voicemails to notify about: clear the notification.
07-21 10:49:17.438   646   646 I ActivityThread: Pub tunein.player.repositoryprovider: tunein.player.Repository
07-21 10:49:17.462   646   646 I RT      : Launching TuneIn Radio free version
07-21 10:49:17.466   646   646 I RT      : ALARM: Device has booted, scheduling an alarm
07-21 10:49:17.481   144   662 I RecoverySystem: No recovery log file
07-21 10:49:17.540   144   662 I BootReceiver: Copying /proc/last_kmsg to DropBox (SYSTEM_LAST_KMSG)
07-21 10:49:17.575   144   147 D dalvikvm: GC_CONCURRENT freed 584K, 8% free 13137K/14215K, paused 3ms+5ms
07-21 10:49:18.056   341   344 D dalvikvm: GC_CONCURRENT freed 263K, 4% free 10297K/10695K, paused 2ms+3ms
07-21 10:49:18.434   586   586 I CalendarProvider2: Sending notification intent: Intent { act=android.intent.action.PROVIDER_CHANGED dat=content://com.android.calendar }
07-21 10:49:18.434   586   586 W ContentResolver: Failed to get type for: content://com.android.calendar (Unknown URL content://com.android.calendar)
07-21 10:49:18.860   270   359 I DownloadManager: in removeSpuriousFiles, preserving file /data/data/com.android.providers.downloads/cache/metadata-318.htm
07-21 10:49:18.891   270   359 I DownloadManager: in removeSpuriousFiles, preserving file /data/data/com.android.providers.downloads/cache/metadata-422.htm
07-21 10:49:18.891   270   359 I DownloadManager: in removeSpuriousFiles, preserving file /data/data/com.android.providers.downloads/cache/metadata-266.htm
07-21 10:49:18.891   270   359 I DownloadManager: in removeSpuriousFiles, preserving file /data/data/com.android.providers.downloads/cache/metadata-330.htm
07-21 10:49:18.891   270   359 I DownloadManager: in removeSpuriousFiles, preserving file /data/data/com.android.providers.downloads/cache/metadata-556.htm
07-21 10:49:18.891   270   359 I DownloadManager: in removeSpuriousFiles, preserving file /data/data/com.android.providers.downloads/cache/metadata-198.htm
07-21 10:49:18.895   270   359 I DownloadManager: in removeSpuriousFiles, preserving file /data/data/com.android.providers.downloads/cache/metadata-165.htm
07-21 10:49:18.895   270   359 I DownloadManager: in removeSpuriousFiles, preserving file /data/data/com.android.providers.downloads/cache/metadata-408.htm
07-21 10:49:18.895   270   359 I DownloadManager: in removeSpuriousFiles, preserving file /data/data/com.android.providers.downloads/cache/metadata-804.htm
07-21 10:49:18.895   270   359 I DownloadManager: in removeSpuriousFiles, preserving file /data/data/com.android.providers.downloads/cache/metadata-228.htm
07-21 10:49:18.895   270   359 I DownloadManager: in removeSpuriousFiles, preserving file /data/data/com.android.providers.downloads/cache/metadata-382.htm
07-21 10:49:18.895   270   359 I DownloadManager: in removeSpuriousFiles, preserving file /data/data/com.android.providers.downloads/cache/metadata-516.htm
07-21 10:49:18.895   270   359 I DownloadManager: in removeSpuriousFiles, preserving file /data/data/com.android.providers.downloads/cache/metadata-510.htm
07-21 10:49:18.895   270   359 I DownloadManager: in removeSpuriousFiles, preserving file /data/data/com.android.providers.downloads/cache/metadata-246.htm
07-21 10:49:18.895   270   359 I DownloadManager: in removeSpuriousFiles, preserving file /data/data/com.android.providers.downloads/cache/metadata-189.htm
07-21 10:49:18.895   270   359 I DownloadManager: in removeSpuriousFiles, preserving file /data/data/com.android.providers.downloads/cache/metadata-827.htm
07-21 10:49:18.899   270   359 I DownloadManager: in removeSpuriousFiles, preserving file /data/data/com.android.providers.downloads/cache/metadata-472.htm
07-21 10:49:18.899   270   359 I DownloadManager: in removeSpuriousFiles, preserving file /data/data/com.android.providers.downloads/cache/metadata-485.htm
07-21 10:49:18.899   270   359 I DownloadManager: in removeSpuriousFiles, preserving file /data/data/com.android.providers.downloads/cache/metadata-490.htm
07-21 10:49:18.899   270   359 I DownloadManager: in removeSpuriousFiles, preserving file /data/data/com.android.providers.downloads/cache/metadata-349.htm
07-21 10:49:18.899   270   359 I DownloadManager: in removeSpuriousFiles, preserving file /data/data/com.android.providers.downloads/cache/metadata-354.htm
07-21 10:49:18.899   270   359 I DownloadManager: in removeSpuriousFiles, preserving file /data/data/com.android.providers.downloads/cache/metadata-572.htm
07-21 10:49:18.899   270   359 I DownloadManager: in removeSpuriousFiles, preserving file /data/data/com.android.providers.downloads/cache/metadata-1466.htm
07-21 10:49:18.899   270   359 I DownloadManager: in removeSpuriousFiles, preserving file /data/data/com.android.providers.downloads/cache/metadata-2382.htm
07-21 10:49:18.899   270   359 I DownloadManager: in removeSpuriousFiles, preserving file /data/data/com.android.providers.downloads/cache/metadata-310.htm
07-21 10:49:18.899   270   359 I DownloadManager: in removeSpuriousFiles, preserving file /data/data/com.android.providers.downloads/cache/metadata-373.htm
07-21 10:49:18.899   270   359 I DownloadManager: in removeSpuriousFiles, preserving file /data/data/com.android.providers.downloads/cache/metadata-720.htm
07-21 10:49:18.899   270   359 I DownloadManager: in removeSpuriousFiles, preserving file /data/data/com.android.providers.downloads/cache/metadata-514.htm
07-21 10:49:18.903   270   359 I DownloadManager: in removeSpuriousFiles, preserving file /data/data/com.android.providers.downloads/cache/metadata-446.htm
07-21 10:49:18.907   270   359 I DownloadManager: in removeSpuriousFiles, preserving file /data/data/com.android.providers.downloads/cache/metadata-115.htm
07-21 10:49:18.907   270   359 I DownloadManager: in removeSpuriousFiles, preserving file /data/data/com.android.providers.downloads/cache/metadata-238.htm
07-21 10:49:18.907   270   359 I DownloadManager: in removeSpuriousFiles, preserving file /data/data/com.android.providers.downloads/cache/metadata-272.htm
07-21 10:49:18.907   270   359 I DownloadManager: in removeSpuriousFiles, preserving file /data/data/com.android.providers.downloads/cache/metadata-479.htm
07-21 10:49:18.907   270   359 I DownloadManager: in removeSpuriousFiles, preserving file /data/data/com.android.providers.downloads/cache/metadata-486.htm
07-21 10:49:18.907   270   359 I DownloadManager: in removeSpuriousFiles, preserving file /data/data/com.android.providers.downloads/cache/metadata-1141.htm
07-21 10:49:18.907   270   359 I DownloadManager: in removeSpuriousFiles, preserving file /data/data/com.android.providers.downloads/cache/metadata-652.htm
07-21 10:49:18.911   270   359 I DownloadManager: in removeSpuriousFiles, preserving file /data/data/com.android.providers.downloads/cache/metadata-829.htm
07-21 10:49:18.911   270   359 I DownloadManager: in removeSpuriousFiles, preserving file /data/data/com.android.providers.downloads/cache/metadata-429.htm
07-21 10:49:18.911   270   359 I DownloadManager: in removeSpuriousFiles, preserving file /data/data/com.android.providers.downloads/cache/metadata-473.htm
07-21 10:49:18.911   270   359 I DownloadManager: in removeSpuriousFiles, preserving file /data/data/com.android.providers.downloads/cache/metadata-343.htm
07-21 10:49:18.911   270   359 I DownloadManager: in removeSpuriousFiles, preserving file /data/data/com.android.providers.downloads/cache/metadata-1306.htm
07-21 10:49:18.911   270   359 I DownloadManager: in removeSpuriousFiles, preserving file /data/data/com.android.providers.downloads/cache/metadata-457.htm
07-21 10:49:18.911   270   359 I DownloadManager: in removeSpuriousFiles, preserving file /data/data/com.android.providers.downloads/cache/metadata-2307.htm
07-21 10:49:18.911   270   359 I DownloadManager: in removeSpuriousFiles, preserving file /data/data/com.android.providers.downloads/cache/metadata-465.htm
07-21 10:49:18.915   270   359 I DownloadManager: in removeSpuriousFiles, preserving file /data/data/com.android.providers.downloads/cache/metadata-370.htm
07-21 10:49:18.915   270   359 I DownloadManager: in removeSpuriousFiles, preserving file /data/data/com.android.providers.downloads/cache/metadata-409.htm
07-21 10:49:18.915   270   359 I DownloadManager: in removeSpuriousFiles, preserving file /data/data/com.android.providers.downloads/cache/metadata-346.htm
07-21 10:49:18.919   270   359 I DownloadManager: in removeSpuriousFiles, preserving file /data/data/com.android.providers.downloads/cache/metadata-2578.htm
07-21 10:49:18.923   270   359 I DownloadManager: in removeSpuriousFiles, preserving file /data/data/com.android.providers.downloads/cache/metadata-801.htm
07-21 10:49:18.923   270   359 I DownloadManager: in removeSpuriousFiles, preserving file /data/data/com.android.providers.downloads/cache/metadata-1081.htm
07-21 10:49:18.923   270   359 I DownloadManager: in removeSpuriousFiles, preserving file /data/data/com.android.providers.downloads/cache/metadata-880.htm
07-21 10:49:18.923   270   359 I DownloadManager: in removeSpuriousFiles, preserving file /data/data/com.android.providers.downloads/cache/metadata-535.htm
07-21 10:49:18.923   270   359 I DownloadManager: in removeSpuriousFiles, preserving file /data/data/com.android.providers.downloads/cache/metadata-918.htm
07-21 10:49:18.923   270   359 I DownloadManager: in removeSpuriousFiles, preserving file /data/data/com.android.providers.downloads/cache/metadata-173.htm
07-21 10:49:18.923   270   359 I DownloadManager: in removeSpuriousFiles, preserving file /data/data/com.android.providers.downloads/cache/metadata-1552.htm
07-21 10:49:18.923   270   359 I DownloadManager: in removeSpuriousFiles, preserving file /data/data/com.android.providers.downloads/cache/metadata-112.htm
07-21 10:49:18.927   270   359 I DownloadManager: in removeSpuriousFiles, preserving file /data/data/com.android.providers.downloads/cache/metadata-1067.htm
07-21 10:49:18.927   270   359 I DownloadManager: in removeSpuriousFiles, preserving file /data/data/com.android.providers.downloads/cache/metadata-1910.htm
07-21 10:49:18.927   270   359 I DownloadManager: in removeSpuriousFiles, preserving file /data/data/com.android.providers.downloads/cache/metadata-183.htm
07-21 10:49:18.927   270   359 I DownloadManager: in removeSpuriousFiles, preserving file /data/data/com.android.providers.downloads/cache/metadata-619.htm
07-21 10:49:18.931   270   359 I DownloadManager: in removeSpuriousFiles, preserving file /data/data/com.android.providers.downloads/cache/metadata-308.htm
07-21 10:49:18.934   270   359 I DownloadManager: in removeSpuriousFiles, preserving file /data/data/com.android.providers.downloads/cache/metadata-1171.htm
07-21 10:49:18.934   270   359 I DownloadManager: in removeSpuriousFiles, preserving file /data/data/com.android.providers.downloads/cache/metadata-1487.htm
07-21 10:49:18.934   270   359 I DownloadManager: in removeSpuriousFiles, preserving file /data/data/com.android.providers.downloads/cache/metadata-888.htm
07-21 10:49:18.934   270   359 I DownloadManager: in removeSpuriousFiles, preserving file /data/data/com.android.providers.downloads/cache/metadata-1164.htm
07-21 10:49:18.934   270   359 I DownloadManager: in removeSpuriousFiles, preserving file /data/data/com.android.providers.downloads/cache/metadata-1447.htm
07-21 10:49:18.934   270   359 I DownloadManager: in removeSpuriousFiles, preserving file /data/data/com.android.providers.downloads/cache/metadata-477.htm
07-21 10:49:18.938   270   359 I DownloadManager: in removeSpuriousFiles, preserving file /data/data/com.android.providers.downloads/cache/metadata-1267.htm
07-21 10:49:18.938   270   359 I DownloadManager: in removeSpuriousFiles, preserving file /data/data/com.android.providers.downloads/cache/metadata-1717.htm
07-21 10:49:18.938   270   359 I DownloadManager: in removeSpuriousFiles, preserving file /data/data/com.android.providers.downloads/cache/metadata-386.htm
07-21 10:49:18.938   270   359 I DownloadManager: in removeSpuriousFiles, preserving file /data/data/com.android.providers.downloads/cache/metadata-1059.htm
07-21 10:49:18.938   270   359 I DownloadManager: in removeSpuriousFiles, preserving file /data/data/com.android.providers.downloads/cache/metadata-915.htm
07-21 10:49:18.938   270   359 I DownloadManager: in removeSpuriousFiles, preserving file /data/data/com.android.providers.downloads/cache/metadata-493.htm
07-21 10:49:18.942   270   359 I DownloadManager: in removeSpuriousFiles, preserving file /data/data/com.android.providers.downloads/cache/metadata-2036.htm
07-21 10:49:18.942   270   359 I DownloadManager: in removeSpuriousFiles, preserving file /data/data/com.android.providers.downloads/cache/metadata-1655.htm
07-21 10:49:18.946   270   359 I DownloadManager: in removeSpuriousFiles, preserving file /data/data/com.android.providers.downloads/cache/metadata-1250.htm
07-21 10:49:18.946   270   359 I DownloadManager: in removeSpuriousFiles, preserving file /data/data/com.android.providers.downloads/cache/metadata-1217.htm
07-21 10:49:18.946   270   359 I DownloadManager: in removeSpuriousFiles, preserving file /data/data/com.android.providers.downloads/cache/metadata-1542.htm
07-21 10:49:18.946   270   359 I DownloadManager: in removeSpuriousFiles, preserving file /data/data/com.android.providers.downloads/cache/metadata-492.htm
07-21 10:49:18.946   270   359 I DownloadManager: in removeSpuriousFiles, preserving file /data/data/com.android.providers.downloads/cache/metadata-1843.htm
07-21 10:49:18.950   270   359 I DownloadManager: in removeSpuriousFiles, preserving file /data/data/com.android.providers.downloads/cache/metadata-1561.htm
07-21 10:49:18.950   270   359 I DownloadManager: in removeSpuriousFiles, preserving file /data/data/com.android.providers.downloads/cache/metadata-509.htm
07-21 10:49:18.950   270   359 I DownloadManager: in removeSpuriousFiles, preserving file /data/data/com.android.providers.downloads/cache/metadata-2167.htm
07-21 10:49:18.950   270   359 I DownloadManager: in removeSpuriousFiles, preserving file /data/data/com.android.providers.downloads/cache/metadata-864.htm
07-21 10:49:18.954   270   359 I DownloadManager: in removeSpuriousFiles, preserving file /data/data/com.android.providers.downloads/cache/metadata-1066.htm
07-21 10:49:18.954   270   359 I DownloadManager: in removeSpuriousFiles, preserving file /data/data/com.android.providers.downloads/cache/metadata-1105.htm
07-21 10:49:18.954   270   359 I DownloadManager: in removeSpuriousFiles, preserving file /data/data/com.android.providers.downloads/cache/metadata-1127.htm
07-21 10:49:18.954   270   359 I DownloadManager: in removeSpuriousFiles, preserving file /data/data/com.android.providers.downloads/cache/metadata-1319.htm
07-21 10:49:18.954   270   359 I DownloadManager: in removeSpuriousFiles, preserving file /data/data/com.android.providers.downloads/cache/metadata-1863.htm
07-21 10:49:18.970   270   359 I DownloadManager: in removeSpuriousFiles, preserving file /data/data/com.android.providers.downloads/cache/metadata-1591.htm
07-21 10:49:19.005   270   359 I DownloadManager: in removeSpuriousFiles, preserving file /data/data/com.android.providers.downloads/cache/metadata-1074.htm
07-21 10:49:19.005   270   359 I DownloadManager: in removeSpuriousFiles, preserving file /data/data/com.android.providers.downloads/cache/metadata-846.htm
07-21 10:49:19.005   270   359 I DownloadManager: in removeSpuriousFiles, preserving file /data/data/com.android.providers.downloads/cache/metadata-532.htm
07-21 10:49:19.005   270   359 I DownloadManager: in removeSpuriousFiles, preserving file /data/data/com.android.providers.downloads/cache/metadata-1483.htm
07-21 10:49:19.005   270   359 I DownloadManager: in removeSpuriousFiles, preserving file /data/data/com.android.providers.downloads/cache/metadata-508.htm
07-21 10:49:19.005   270   359 I DownloadManager: in removeSpuriousFiles, preserving file /data/data/com.android.providers.downloads/cache/metadata-1091.htm
07-21 10:49:19.009   270   359 I DownloadManager: in removeSpuriousFiles, preserving file /data/data/com.android.providers.downloads/cache/metadata-993.htm
07-21 10:49:19.009   270   359 I DownloadManager: in removeSpuriousFiles, preserving file /data/data/com.android.providers.downloads/cache/metadata-719.htm
07-21 10:49:19.009   270   359 I DownloadManager: in removeSpuriousFiles, preserving file /data/data/com.android.providers.downloads/cache/metadata-1514.htm
07-21 10:49:19.009   270   359 I DownloadManager: in removeSpuriousFiles, preserving file /data/data/com.android.providers.downloads/cache/metadata-980.htm
07-21 10:49:19.009   270   359 I DownloadManager: in removeSpuriousFiles, preserving file /data/data/com.android.providers.downloads/cache/metadata-1830.htm
07-21 10:49:19.009   270   359 I DownloadManager: in removeSpuriousFiles, preserving file /data/data/com.android.providers.downloads/cache/metadata-1697.htm
07-21 10:49:19.009   270   359 I DownloadManager: in removeSpuriousFiles, preserving file /data/data/com.android.providers.downloads/cache/metadata-1167.htm
07-21 10:49:19.013   270   359 I DownloadManager: in removeSpuriousFiles, preserving file /data/data/com.android.providers.downloads/cache/metadata-582.htm
07-21 10:49:19.013   270   359 I DownloadManager: in removeSpuriousFiles, preserving file /data/data/com.android.providers.downloads/cache/metadata-2.htm
07-21 10:49:19.028   270   359 I DownloadManager: in removeSpuriousFiles, preserving file /data/data/com.android.providers.downloads/cache/metadata-29.htm
07-21 10:49:19.028   270   359 I DownloadManager: in removeSpuriousFiles, preserving file /data/data/com.android.providers.downloads/cache/metadata-28.htm
07-21 10:49:19.028   270   359 I DownloadManager: in removeSpuriousFiles, preserving file /data/data/com.android.providers.downloads/cache/metadata-8.htm
07-21 10:49:19.028   270   359 I DownloadManager: in removeSpuriousFiles, preserving file /data/data/com.android.providers.downloads/cache/metadata-19.htm
07-21 10:49:19.028   270   359 I DownloadManager: in removeSpuriousFiles, preserving file /data/data/com.android.providers.downloads/cache/metadata-47.htm
07-21 10:49:19.028   270   359 I DownloadManager: in removeSpuriousFiles, preserving file /data/data/com.android.providers.downloads/cache/metadata-46.htm
07-21 10:49:19.028   270   359 I DownloadManager: in removeSpuriousFiles, preserving file /data/data/com.android.providers.downloads/cache/metadata-33.htm
07-21 10:49:19.028   270   359 I DownloadManager: in removeSpuriousFiles, preserving file /data/data/com.android.providers.downloads/cache/metadata-34.htm
07-21 10:49:19.028   270   359 I DownloadManager: in removeSpuriousFiles, preserving file /data/data/com.android.providers.downloads/cache/metadata-420.htm
07-21 10:49:19.028   270   359 I DownloadManager: in removeSpuriousFiles, preserving file /data/data/com.android.providers.downloads/cache/metadata-469.htm
07-21 10:49:19.028   270   359 I DownloadManager: in removeSpuriousFiles, preserving file /data/data/com.android.providers.downloads/cache/metadata-92.htm
07-21 10:49:19.028   270   359 I DownloadManager: in removeSpuriousFiles, preserving file /data/data/com.android.providers.downloads/cache/metadata-190.htm
07-21 10:49:19.028   270   359 I DownloadManager: in removeSpuriousFiles, preserving file /data/data/com.android.providers.downloads/cache/metadata-36.htm
07-21 10:49:19.028   270   359 I DownloadManager: in removeSpuriousFiles, preserving file /data/data/com.android.providers.downloads/cache/metadata-110.htm
07-21 10:49:19.032   270   359 I DownloadManager: in removeSpuriousFiles, preserving file /data/data/com.android.providers.downloads/cache/metadata-1743.htm
07-21 10:49:19.032   270   359 I DownloadManager: in removeSpuriousFiles, preserving file /data/data/com.android.providers.downloads/cache/metadata-66.htm
07-21 10:49:19.032   270   359 I DownloadManager: in removeSpuriousFiles, preserving file /data/data/com.android.providers.downloads/cache/metadata-86.htm
07-21 10:49:19.032   270   359 I DownloadManager: in removeSpuriousFiles, preserving file /data/data/com.android.providers.downloads/cache/metadata-309.htm
07-21 10:49:19.036   270   272 D dalvikvm: GC_CONCURRENT freed 391K, 5% free 9374K/9863K, paused 2ms+2ms
07-21 10:49:19.036   270   359 I DownloadManager: in removeSpuriousFiles, preserving file /data/data/com.android.providers.downloads/cache/metadata-378.htm
07-21 10:49:19.036   270   359 I DownloadManager: in removeSpuriousFiles, preserving file /data/data/com.android.providers.downloads/cache/metadata-483.htm
07-21 10:49:19.036   270   359 I DownloadManager: in removeSpuriousFiles, preserving file /data/data/com.android.providers.downloads/cache/metadata-577.htm
07-21 10:49:19.036   270   359 I DownloadManager: in removeSpuriousFiles, preserving file /data/data/com.android.providers.downloads/cache/metadata-360.htm
07-21 10:49:19.036   270   359 I DownloadManager: in removeSpuriousFiles, preserving file /data/data/com.android.providers.downloads/cache/metadata-1213.htm
07-21 10:49:19.036   270   359 I DownloadManager: in removeSpuriousFiles, preserving file /data/data/com.android.providers.downloads/cache/metadata-282.htm
07-21 10:49:19.040   270   359 I DownloadManager: in removeSpuriousFiles, preserving file /data/data/com.android.providers.downloads/cache/metadata-256.htm
07-21 10:49:19.040   270   359 I DownloadManager: in removeSpuriousFiles, preserving file /data/data/com.android.providers.downloads/cache/metadata-95.htm
07-21 10:49:19.040   270   359 I DownloadManager: in removeSpuriousFiles, preserving file /data/data/com.android.providers.downloads/cache/metadata-267.htm
07-21 10:49:19.040   270   359 I DownloadManager: in removeSpuriousFiles, preserving file /data/data/com.android.providers.downloads/cache/metadata-1162.htm
07-21 10:49:19.040   270   359 I DownloadManager: in removeSpuriousFiles, preserving file /data/data/com.android.providers.downloads/cache/metadata-506.htm
07-21 10:49:19.040   270   359 I DownloadManager: in removeSpuriousFiles, preserving file /data/data/com.android.providers.downloads/cache/metadata-287.htm
07-21 10:49:19.040   270   359 I DownloadManager: in removeSpuriousFiles, preserving file /data/data/com.android.providers.downloads/cache/metadata-1818.htm
07-21 10:49:19.040   270   359 I DownloadManager: in removeSpuriousFiles, preserving file /data/data/com.android.providers.downloads/cache/metadata-383.htm
07-21 10:49:19.040   270   359 I DownloadManager: in removeSpuriousFiles, preserving file /data/data/com.android.providers.downloads/cache/metadata-396.htm
07-21 10:49:19.040   270   359 I DownloadManager: in removeSpuriousFiles, preserving file /data/data/com.android.providers.downloads/cache/metadata-1956.htm
07-21 10:49:19.040   270   359 I DownloadManager: in removeSpuriousFiles, preserving file /data/data/com.android.providers.downloads/cache/metadata-154.htm
07-21 10:49:19.048   270   359 I DownloadManager: in removeSpuriousFiles, preserving file /data/data/com.android.providers.downloads/cache/metadata-339.htm
07-21 10:49:19.052   270   359 I DownloadManager: in removeSpuriousFiles, preserving file /data/data/com.android.providers.downloads/cache/metadata-591.htm
07-21 10:49:19.052   270   359 I DownloadManager: in removeSpuriousFiles, preserving file /data/data/com.android.providers.downloads/cache/metadata-253.htm
07-21 10:49:19.052   270   359 I DownloadManager: in removeSpuriousFiles, preserving file /data/data/com.android.providers.downloads/cache/metadata-388.htm
07-21 10:49:19.052   270   359 I DownloadManager: in removeSpuriousFiles, preserving file /data/data/com.android.providers.downloads/cache/metadata-364.htm
07-21 10:49:19.052   270   359 I DownloadManager: in removeSpuriousFiles, preserving file /data/data/com.android.providers.downloads/cache/metadata-2026.htm
07-21 10:49:19.052   270   359 I DownloadManager: in removeSpuriousFiles, preserving file /data/data/com.android.providers.downloads/cache/metadata-857.htm
07-21 10:49:19.052   270   359 I DownloadManager: in removeSpuriousFiles, preserving file /data/data/com.android.providers.downloads/cache/metadata-423.htm
07-21 10:49:19.052   270   359 I DownloadManager: in removeSpuriousFiles, preserving file /data/data/com.android.providers.downloads/cache/metadata-244.htm
07-21 10:49:19.052   270   359 I DownloadManager: in removeSpuriousFiles, preserving file /data/data/com.android.providers.downloads/cache/metadata-507.htm
07-21 10:49:19.052   270   359 I DownloadManager: in removeSpuriousFiles, preserving file /data/data/com.android.providers.downloads/cache/metadata-358.htm
07-21 10:49:19.056   270   359 I DownloadManager: in removeSpuriousFiles, preserving file /data/data/com.android.providers.downloads/cache/metadata-1284.htm
07-21 10:49:19.056   270   359 I DownloadManager: in removeSpuriousFiles, preserving file /data/data/com.android.providers.downloads/cache/metadata-1235.htm
07-21 10:49:19.056   270   359 I DownloadManager: in removeSpuriousFiles, preserving file /data/data/com.android.providers.downloads/cache/metadata-1808.htm
07-21 10:49:19.056   270   359 I DownloadManager: in removeSpuriousFiles, preserving file /data/data/com.android.providers.downloads/cache/metadata-293.htm
07-21 10:49:19.059   270   359 I DownloadManager: in removeSpuriousFiles, preserving file /data/data/com.android.providers.downloads/cache/metadata-285.htm
07-21 10:49:19.059   270   359 I DownloadManager: in removeSpuriousFiles, preserving file /data/data/com.android.providers.downloads/cache/metadata-191.htm
07-21 10:49:19.059   270   359 I DownloadManager: in removeSpuriousFiles, preserving file /data/data/com.android.providers.downloads/cache/metadata-1166.htm
07-21 10:49:19.059   270   359 I DownloadManager: in removeSpuriousFiles, preserving file /data/data/com.android.providers.downloads/cache/metadata-1032.htm
07-21 10:49:19.059   270   359 I DownloadManager: in removeSpuriousFiles, preserving file /data/data/com.android.providers.downloads/cache/metadata-494.htm
07-21 10:49:19.059   270   359 I DownloadManager: in removeSpuriousFiles, preserving file /data/data/com.android.providers.downloads/cache/metadata-571.htm
07-21 10:49:19.059   270   359 I DownloadManager: in removeSpuriousFiles, preserving file /data/data/com.android.providers.downloads/cache/metadata-229.htm
07-21 10:49:19.059   270   359 I DownloadManager: in removeSpuriousFiles, preserving file /data/data/com.android.providers.downloads/cache/metadata-578.htm
07-21 10:49:19.063   270   359 I DownloadManager: in removeSpuriousFiles, preserving file /data/data/com.android.providers.downloads/cache/metadata-363.htm
07-21 10:49:19.063   270   359 I DownloadManager: in removeSpuriousFiles, preserving file /data/data/com.android.providers.downloads/cache/metadata-316.htm
07-21 10:49:19.063   270   359 I DownloadManager: in removeSpuriousFiles, preserving file /data/data/com.android.providers.downloads/cache/metadata-384.htm
07-21 10:49:19.063   270   359 I DownloadManager: in removeSpuriousFiles, preserving file /data/data/com.android.providers.downloads/cache/metadata-258.htm
07-21 10:49:19.063   270   359 I DownloadManager: in removeSpuriousFiles, preserving file /data/data/com.android.providers.downloads/cache/metadata-1616.htm
07-21 10:49:19.063   270   359 I DownloadManager: in removeSpuriousFiles, preserving file /data/data/com.android.providers.downloads/cache/metadata-128.htm
07-21 10:49:19.063   270   359 I DownloadManager: in removeSpuriousFiles, preserving file /data/data/com.android.providers.downloads/cache/metadata-1712.htm
07-21 10:49:19.063   270   359 I DownloadManager: in removeSpuriousFiles, preserving file /data/data/com.android.providers.downloads/cache/metadata-260.htm
07-21 10:49:19.063   270   359 I DownloadManager: in removeSpuriousFiles, preserving file /data/data/com.android.providers.downloads/cache/metadata-950.htm
07-21 10:49:19.063   270   359 I DownloadManager: in removeSpuriousFiles, preserving file /data/data/com.android.providers.downloads/cache/metadata-891.htm
07-21 10:49:19.063   270   359 I DownloadManager: in removeSpuriousFiles, preserving file /data/data/com.android.providers.downloads/cache/metadata-377.htm
07-21 10:49:19.063   270   359 I DownloadManager: in removeSpuriousFiles, preserving file /data/data/com.android.providers.downloads/cache/metadata-403.htm
07-21 10:49:19.063   270   359 I DownloadManager: in removeSpuriousFiles, preserving file /data/data/com.android.providers.downloads/cache/metadata-929.htm
07-21 10:49:19.071   270   359 I DownloadManager: in removeSpuriousFiles, preserving file /data/data/com.android.providers.downloads/cache/metadata-280.htm
07-21 10:49:19.071   270   359 I DownloadManager: in removeSpuriousFiles, preserving file /data/data/com.android.providers.downloads/cache/metadata-2063.htm
07-21 10:49:19.071   270   359 I DownloadManager: in removeSpuriousFiles, preserving file /data/data/com.android.providers.downloads/cache/metadata-2079.htm
07-21 10:49:19.071   270   359 I DownloadManager: in removeSpuriousFiles, preserving file /data/data/com.android.providers.downloads/cache/metadata-461.htm
07-21 10:49:19.075   270   359 I DownloadManager: in removeSpuriousFiles, preserving file /data/data/com.android.providers.downloads/cache/metadata-1352.htm
07-21 10:49:19.075   270   359 I DownloadManager: in removeSpuriousFiles, preserving file /data/data/com.android.providers.downloads/cache/metadata-484.htm
07-21 10:49:19.075   270   359 I DownloadManager: in removeSpuriousFiles, preserving file /data/data/com.android.providers.downloads/cache/metadata-1088.htm
07-21 10:49:19.075   270   359 I DownloadManager: in removeSpuriousFiles, preserving file /data/data/com.android.providers.downloads/cache/metadata-426.htm
07-21 10:49:19.075   270   359 I DownloadManager: in removeSpuriousFiles, preserving file /data/data/com.android.providers.downloads/cache/metadata-1589.htm
07-21 10:49:19.075   270   359 I DownloadManager: in removeSpuriousFiles, preserving file /data/data/com.android.providers.downloads/cache/metadata-438.htm
07-21 10:49:19.075   270   359 I DownloadManager: in removeSpuriousFiles, preserving file /data/data/com.android.providers.downloads/cache/metadata-463.htm
07-21 10:49:19.075   270   359 I DownloadManager: in removeSpuriousFiles, preserving file /data/data/com.android.providers.downloads/cache/metadata-69.htm
07-21 10:49:19.075   270   359 I DownloadManager: in removeSpuriousFiles, preserving file /data/data/com.android.providers.downloads/cache/metadata-355.htm
07-21 10:49:19.075   270   359 I DownloadManager: in removeSpuriousFiles, preserving file /data/data/com.android.providers.downloads/cache/metadata-1497.htm
07-21 10:49:19.075   270   359 I DownloadManager: in removeSpuriousFiles, preserving file /data/data/com.android.providers.downloads/cache/metadata-1031.htm
07-21 10:49:19.083   270   359 I DownloadManager: in removeSpuriousFiles, preserving file /data/data/com.android.providers.downloads/cache/metadata-1471.htm
07-21 10:49:19.083   270   359 I DownloadManager: in removeSpuriousFiles, preserving file /data/data/com.android.providers.downloads/cache/metadata-468.htm
07-21 10:49:19.083   270   359 I DownloadManager: in removeSpuriousFiles, preserving file /data/data/com.android.providers.downloads/cache/metadata-602.htm
07-21 10:49:19.083   270   359 I DownloadManager: in removeSpuriousFiles, preserving file /data/data/com.android.providers.downloads/cache/metadata-967.htm
07-21 10:49:19.083   270   359 I DownloadManager: in removeSpuriousFiles, preserving file /data/data/com.android.providers.downloads/cache/metadata-536.htm
07-21 10:49:19.083   270   359 I DownloadManager: in removeSpuriousFiles, preserving file /data/data/com.android.providers.downloads/cache/metadata-1116.htm
07-21 10:49:19.083   270   359 I DownloadManager: in removeSpuriousFiles, preserving file /data/data/com.android.providers.downloads/cache/metadata-524.htm
07-21 10:49:19.083   270   359 I DownloadManager: in removeSpuriousFiles, preserving file /data/data/com.android.providers.downloads/cache/metadata-517.htm
07-21 10:49:19.083   270   359 I DownloadManager: in removeSpuriousFiles, preserving file /data/data/com.android.providers.downloads/cache/metadata-2118.htm
07-21 10:49:19.087   270   359 I DownloadManager: in removeSpuriousFiles, preserving file /data/data/com.android.providers.downloads/cache/metadata-1033.htm
07-21 10:49:19.087   270   359 I DownloadManager: in removeSpuriousFiles, preserving file /data/data/com.android.providers.downloads/cache/metadata-1841.htm
07-21 10:49:19.087   270   359 I DownloadManager: in removeSpuriousFiles, preserving file /data/data/com.android.providers.downloads/cache/metadata-2012.htm
07-21 10:49:19.087   270   359 I DownloadManager: in removeSpuriousFiles, preserving file /data/data/com.android.providers.downloads/cache/metadata-1369.htm
07-21 10:49:19.087   270   359 I DownloadManager: in removeSpuriousFiles, preserving file /data/data/com.android.providers.downloads/cache/metadata-1196.htm
07-21 10:49:19.087   270   359 I DownloadManager: in removeSpuriousFiles, preserving file /data/data/com.android.providers.downloads/cache/metadata-1633.htm
07-21 10:49:19.087   270   359 I DownloadManager: in removeSpuriousFiles, preserving file /data/data/com.android.providers.downloads/cache/metadata-1344.htm
07-21 10:49:19.095   270   359 I DownloadManager: in removeSpuriousFiles, preserving file /data/data/com.android.providers.downloads/cache/metadata-2303.htm
07-21 10:49:19.095   270   359 I DownloadManager: in removeSpuriousFiles, preserving file /data/data/com.android.providers.downloads/cache/metadata-898.htm
07-21 10:49:19.098   270   359 I DownloadManager: in removeSpuriousFiles, preserving file /data/data/com.android.providers.downloads/cache/metadata-738.htm
07-21 10:49:19.098   270   359 I DownloadManager: in removeSpuriousFiles, preserving file /data/data/com.android.providers.downloads/cache/metadata-1102.htm
07-21 10:49:19.098   270   359 I DownloadManager: in removeSpuriousFiles, preserving file /data/data/com.android.providers.downloads/cache/metadata-669.htm
07-21 10:49:19.098   270   359 I DownloadManager: in removeSpuriousFiles, preserving file /data/data/com.android.providers.downloads/cache/metadata-553.htm
07-21 10:49:19.098   270   359 I DownloadManager: in removeSpuriousFiles, preserving file /data/data/com.android.providers.downloads/cache/metadata-620.htm
07-21 10:49:19.098   270   359 I DownloadManager: in removeSpuriousFiles, preserving file /data/data/com.android.providers.downloads/cache/metadata-874.htm
07-21 10:49:19.098   270   359 I DownloadManager: in removeSpuriousFiles, preserving file /data/data/com.android.providers.downloads/cache/metadata-1649.htm
07-21 10:49:19.102   270   359 I DownloadManager: in removeSpuriousFiles, preserving file /data/data/com.android.providers.downloads/cache/metadata-1481.htm
07-21 10:49:19.106   270   359 I DownloadManager: in removeSpuriousFiles, preserving file /data/data/com.android.providers.downloads/cache/metadata-642.htm
07-21 10:49:19.106   270   359 I DownloadManager: in removeSpuriousFiles, preserving file /data/data/com.android.providers.downloads/cache/metadata-458.htm
07-21 10:49:19.106   270   359 I DownloadManager: in removeSpuriousFiles, preserving file /data/data/com.android.providers.downloads/cache/metadata-1269.htm
07-21 10:49:19.106   270   359 I DownloadManager: in removeSpuriousFiles, preserving file /data/data/com.android.providers.downloads/cache/metadata-1842.htm
07-21 10:49:19.106   270   359 I DownloadManager: in removeSpuriousFiles, preserving file /data/data/com.android.providers.downloads/cache/metadata-389.htm
07-21 10:49:19.106   270   359 I DownloadManager: in removeSpuriousFiles, preserving file /data/data/com.android.providers.downloads/cache/metadata-784.htm
07-21 10:49:19.106   270   359 I DownloadManager: in removeSpuriousFiles, preserving file /data/data/com.android.providers.downloads/cache/metadata-10.htm
07-21 10:49:19.110   270   359 I DownloadManager: in removeSpuriousFiles, preserving file /data/data/com.android.providers.downloads/cache/metadata-575.htm
07-21 10:49:19.110   270   359 I DownloadManager: in removeSpuriousFiles, preserving file /data/data/com.android.providers.downloads/cache/metadata-5.htm
07-21 10:49:19.114   270   359 I DownloadManager: in removeSpuriousFiles, preserving file /data/data/com.android.providers.downloads/cache/metadata-166.htm
07-21 10:49:19.114   270   359 I DownloadManager: in removeSpuriousFiles, preserving file /data/data/com.android.providers.downloads/cache/metadata-1976.htm
07-21 10:49:19.114   270   359 I DownloadManager: in removeSpuriousFiles, preserving file /data/data/com.android.providers.downloads/cache/metadata-15.htm
07-21 10:49:19.114   270   359 I DownloadManager: in removeSpuriousFiles, preserving file /data/data/com.android.providers.downloads/cache/metadata-596.htm
07-21 10:49:19.126   270   359 I DownloadManager: in removeSpuriousFiles, preserving file /data/data/com.android.providers.downloads/cache/metadata-21.htm
07-21 10:49:19.126   270   359 I DownloadManager: in removeSpuriousFiles, preserving file /data/data/com.android.providers.downloads/cache/metadata-290.htm
07-21 10:49:19.126   270   359 I DownloadManager: in removeSpuriousFiles, preserving file /data/data/com.android.providers.downloads/cache/metadata-54.htm
07-21 10:49:19.126   270   359 I DownloadManager: in removeSpuriousFiles, preserving file /data/data/com.android.providers.downloads/cache/metadata-523.htm
07-21 10:49:19.126   270   359 I DownloadManager: in removeSpuriousFiles, preserving file /data/data/com.android.providers.downloads/cache/metadata-59.htm
07-21 10:49:19.126   270   359 I DownloadManager: in removeSpuriousFiles, preserving file /data/data/com.android.providers.downloads/cache/metadata-98.htm
07-21 10:49:19.126   270   359 I DownloadManager: in removeSpuriousFiles, preserving file /data/data/com.android.providers.downloads/cache/metadata-222.htm
07-21 10:49:19.126   270   359 I DownloadManager: in removeSpuriousFiles, preserving file /data/data/com.android.providers.downloads/cache/metadata-178.htm
07-21 10:49:19.126   270   359 I DownloadManager: in removeSpuriousFiles, preserving file /data/data/com.android.providers.downloads/cache/metadata-106.htm
07-21 10:49:19.126   270   359 I DownloadManager: in removeSpuriousFiles, preserving file /data/data/com.android.providers.downloads/cache/metadata-56.htm
07-21 10:49:19.126   270   359 I DownloadManager: in removeSpuriousFiles, preserving file /data/data/com.android.providers.downloads/cache/metadata-381.htm
07-21 10:49:19.126   270   359 I DownloadManager: in removeSpuriousFiles, preserving file /data/data/com.android.providers.downloads/cache/metadata-512.htm
07-21 10:49:19.126   270   359 I DownloadManager: in removeSpuriousFiles, preserving file /data/data/com.android.providers.downloads/cache/metadata-1431.htm
07-21 10:49:19.126   270   359 I DownloadManager: in removeSpuriousFiles, preserving file /data/data/com.android.providers.downloads/cache/metadata-1549.htm
07-21 10:49:19.126   270   359 I DownloadManager: in removeSpuriousFiles, preserving file /data/data/com.android.providers.downloads/cache/metadata-108.htm
07-21 10:49:19.126   270   359 I DownloadManager: in removeSpuriousFiles, preserving file /data/data/com.android.providers.downloads/cache/metadata-547.htm
07-21 10:49:19.126   270   359 I DownloadManager: in removeSpuriousFiles, preserving file /data/data/com.android.providers.downloads/cache/metadata-600.htm
07-21 10:49:19.126   270   359 I DownloadManager: in removeSpuriousFiles, preserving file /data/data/com.android.providers.downloads/cache/metadata-790.htm
07-21 10:49:19.126   270   359 I DownloadManager: in removeSpuriousFiles, preserving file /data/data/com.android.providers.downloads/cache/metadata-405.htm
07-21 10:49:19.126   270   359 I DownloadManager: in removeSpuriousFiles, preserving file /data/data/com.android.providers.downloads/cache/metadata-239.htm
07-21 10:49:19.130   270   359 I DownloadManager: in removeSpuriousFiles, preserving file /data/data/com.android.providers.downloads/cache/metadata-200.htm
07-21 10:49:19.130   270   359 I DownloadManager: in removeSpuriousFiles, preserving file /data/data/com.android.providers.downloads/cache/metadata-584.htm
07-21 10:49:19.130   270   359 I DownloadManager: in removeSpuriousFiles, preserving file /data/data/com.android.providers.downloads/cache/metadata-192.htm
07-21 10:49:19.130   270   359 I DownloadManager: in removeSpuriousFiles, preserving file /data/data/com.android.providers.downloads/cache/metadata-682.htm
07-21 10:49:19.130   270   359 I DownloadManager: in removeSpuriousFiles, preserving file /data/data/com.android.providers.downloads/cache/metadata-1312.htm
07-21 10:49:19.130   270   359 I DownloadManager: in removeSpuriousFiles, preserving file /data/data/com.android.providers.downloads/cache/metadata-136.htm
07-21 10:49:19.130   270   359 I DownloadManager: in removeSpuriousFiles, preserving file /data/data/com.android.providers.downloads/cache/metadata-223.htm
07-21 10:49:19.130   270   359 I DownloadManager: in removeSpuriousFiles, preserving file /data/data/com.android.providers.downloads/cache/metadata-870.htm
07-21 10:49:19.130   270   359 I DownloadManager: in removeSpuriousFiles, preserving file /data/data/com.android.providers.downloads/cache/metadata-347.htm
07-21 10:49:19.130   270   359 I DownloadManager: in removeSpuriousFiles, preserving file /data/data/com.android.providers.downloads/cache/metadata-424.htm
07-21 10:49:19.130   270   359 I DownloadManager: in removeSpuriousFiles, preserving file /data/data/com.android.providers.downloads/cache/metadata-1786.htm
07-21 10:49:19.130   270   359 I DownloadManager: in removeSpuriousFiles, preserving file /data/data/com.android.providers.downloads/cache/metadata-1043.htm
07-21 10:49:19.130   270   359 I DownloadManager: in removeSpuriousFiles, preserving file /data/data/com.android.providers.downloads/cache/metadata-1247.htm
07-21 10:49:19.130   270   359 I DownloadManager: in removeSpuriousFiles, preserving file /data/data/com.android.providers.downloads/cache/metadata-443.htm
07-21 10:49:19.130   270   359 I DownloadManager: in removeSpuriousFiles, preserving file /data/data/com.android.providers.downloads/cache/metadata-1187.htm
07-21 10:49:19.130   270   359 I DownloadManager: in removeSpuriousFiles, preserving file /data/data/com.android.providers.downloads/cache/metadata-1229.htm
07-21 10:49:19.130   270   359 I DownloadManager: in removeSpuriousFiles, preserving file /data/data/com.android.providers.downloads/cache/metadata-1612.htm
07-21 10:49:19.130   270   359 I DownloadManager: in removeSpuriousFiles, preserving file /data/data/com.android.providers.downloads/cache/metadata-455.htm
07-21 10:49:19.130   270   359 I DownloadManager: in removeSpuriousFiles, preserving file /data/data/com.android.providers.downloads/cache/metadata-780.htm
07-21 10:49:19.130   270   359 I DownloadManager: in removeSpuriousFiles, preserving file /data/data/com.android.providers.downloads/cache/metadata-1515.htm
07-21 10:49:19.130   270   359 I DownloadManager: in removeSpuriousFiles, preserving file /data/data/com.android.providers.downloads/cache/metadata-934.htm
07-21 10:49:19.138   270   359 I DownloadManager: in removeSpuriousFiles, preserving file /data/data/com.android.providers.downloads/cache/metadata-417.htm
07-21 10:49:19.138   270   359 I DownloadManager: in removeSpuriousFiles, preserving file /data/data/com.android.providers.downloads/cache/metadata-279.htm
07-21 10:49:19.138   270   359 I DownloadManager: in removeSpuriousFiles, preserving file /data/data/com.android.providers.downloads/cache/metadata-1418.htm
07-21 10:49:19.138   270   359 I DownloadManager: in removeSpuriousFiles, preserving file /data/data/com.android.providers.downloads/cache/metadata-1897.htm
07-21 10:49:19.138   270   359 I DownloadManager: in removeSpuriousFiles, preserving file /data/data/com.android.providers.downloads/cache/metadata-1095.htm
07-21 10:49:19.138   270   359 I DownloadManager: in removeSpuriousFiles, preserving file /data/data/com.android.providers.downloads/cache/metadata-487.htm
07-21 10:49:19.138   270   359 I DownloadManager: in removeSpuriousFiles, preserving file /data/data/com.android.providers.downloads/cache/metadata-1651.htm
07-21 10:49:19.138   270   359 I DownloadManager: in removeSpuriousFiles, preserving file /data/data/com.android.providers.downloads/cache/metadata-410.htm
07-21 10:49:19.138   270   359 I DownloadManager: in removeSpuriousFiles, preserving file /data/data/com.android.providers.downloads/cache/metadata-1040.htm
07-21 10:49:19.141   270   359 I DownloadManager: in removeSpuriousFiles, preserving file /data/data/com.android.providers.downloads/cache/metadata-435.htm
07-21 10:49:19.141   270   359 I DownloadManager: in removeSpuriousFiles, preserving file /data/data/com.android.providers.downloads/cache/metadata-1016.htm
07-21 10:49:19.141   270   359 I DownloadManager: in removeSpuriousFiles, preserving file /data/data/com.android.providers.downloads/cache/metadata-452.htm
07-21 10:49:19.141   270   359 I DownloadManager: in removeSpuriousFiles, preserving file /data/data/com.android.providers.downloads/cache/metadata-221.htm
07-21 10:49:19.141   270   359 I DownloadManager: in removeSpuriousFiles, preserving file /data/data/com.android.providers.downloads/cache/metadata-815.htm
07-21 10:49:19.141   270   359 I DownloadManager: in removeSpuriousFiles, preserving file /data/data/com.android.providers.downloads/cache/metadata-332.htm
07-21 10:49:19.141   270   359 I DownloadManager: in removeSpuriousFiles, preserving file /data/data/com.android.providers.downloads/cache/metadata-341.htm
07-21 10:49:19.141   270   359 I DownloadManager: in removeSpuriousFiles, preserving file /data/data/com.android.providers.downloads/cache/metadata-604.htm
07-21 10:49:19.141   270   359 I DownloadManager: in removeSpuriousFiles, preserving file /data/data/com.android.providers.downloads/cache/metadata-570.htm
07-21 10:49:19.141   270   359 I DownloadManager: in removeSpuriousFiles, preserving file /data/data/com.android.providers.downloads/cache/metadata-433.htm
07-21 10:49:19.141   270   359 I DownloadManager: in removeSpuriousFiles, preserving file /data/data/com.android.providers.downloads/cache/metadata-1126.htm
07-21 10:49:19.141   270   359 I DownloadManager: in removeSpuriousFiles, preserving file /data/data/com.android.providers.downloads/cache/metadata-1855.htm
07-21 10:49:19.141   270   359 I DownloadManager: in removeSpuriousFiles, preserving file /data/data/com.android.providers.downloads/cache/metadata-100.htm
07-21 10:49:19.141   270   359 I DownloadManager: in removeSpuriousFiles, preserving file /data/data/com.android.providers.downloads/cache/metadata-558.htm
07-21 10:49:19.141   270   359 I DownloadManager: in removeSpuriousFiles, preserving file /data/data/com.android.providers.downloads/cache/metadata-634.htm
07-21 10:49:19.149   270   359 I DownloadManager: in removeSpuriousFiles, preserving file /data/data/com.android.providers.downloads/cache/metadata-1959.htm
07-21 10:49:19.149   270   359 I DownloadManager: in removeSpuriousFiles, preserving file /data/data/com.android.providers.downloads/cache/metadata-1290.htm
07-21 10:49:19.149   270   359 I DownloadManager: in removeSpuriousFiles, preserving file /data/data/com.android.providers.downloads/cache/metadata-407.htm
07-21 10:49:19.149   270   359 I DownloadManager: in removeSpuriousFiles, preserving file /data/data/com.android.providers.downloads/cache/metadata-1553.htm
07-21 10:49:19.149   270   359 I DownloadManager: in removeSpuriousFiles, preserving file /data/data/com.android.providers.downloads/cache/metadata-1776.htm
07-21 10:49:19.149   270   359 I DownloadManager: in removeSpuriousFiles, preserving file /data/data/com.android.providers.downloads/cache/metadata-1328.htm
07-21 10:49:19.149   270   359 I DownloadManager: in removeSpuriousFiles, preserving file /data/data/com.android.providers.downloads/cache/metadata-2095.htm
07-21 10:49:19.153   270   359 I DownloadManager: in removeSpuriousFiles, preserving file /data/data/com.android.providers.downloads/cache/metadata-1734.htm
07-21 10:49:19.153   270   359 I DownloadManager: in removeSpuriousFiles, preserving file /data/data/com.android.providers.downloads/cache/metadata-1024.htm
07-21 10:49:19.153   270   359 I DownloadManager: in removeSpuriousFiles, preserving file /data/data/com.android.providers.downloads/cache/metadata-559.htm
07-21 10:49:19.153   270   359 I DownloadManager: in removeSpuriousFiles, preserving file /data/data/com.android.providers.downloads/cache/metadata-1353.htm
07-21 10:49:19.153   270   359 I DownloadManager: in removeSpuriousFiles, preserving file /data/data/com.android.providers.downloads/cache/metadata-1327.htm
07-21 10:49:19.153   270   359 I DownloadManager: in removeSpuriousFiles, preserving file /data/data/com.android.providers.downloads/cache/metadata-691.htm
07-21 10:49:19.153   270   359 I DownloadManager: in removeSpuriousFiles, preserving file /data/data/com.android.providers.downloads/cache/metadata-2704.htm
07-21 10:49:19.157   270   359 I DownloadManager: in removeSpuriousFiles, preserving file /data/data/com.android.providers.downloads/cache/metadata-1144.htm
07-21 10:49:19.157   270   359 I DownloadManager: in removeSpuriousFiles, preserving file /data/data/com.android.providers.downloads/cache/metadata-1681.htm
07-21 10:49:19.157   270   359 I DownloadManager: in removeSpuriousFiles, preserving file /data/data/com.android.providers.downloads/cache/metadata-595.htm
07-21 10:49:19.157   270   359 I DownloadManager: in removeSpuriousFiles, preserving file /data/data/com.android.providers.downloads/cache/metadata-648.htm
07-21 10:49:19.157   270   359 I DownloadManager: in removeSpuriousFiles, preserving file /data/data/com.android.providers.downloads/cache/metadata-1140.htm
07-21 10:49:19.157   270   359 I DownloadManager: in removeSpuriousFiles, preserving file /data/data/com.android.providers.downloads/cache/metadata-541.htm
07-21 10:49:19.157   270   359 I DownloadManager: in removeSpuriousFiles, preserving file /data/data/com.android.providers.downloads/cache/metadata-1347.htm
07-21 10:49:19.157   270   359 I DownloadManager: in removeSpuriousFiles, preserving file /data/data/com.android.providers.downloads/cache/metadata-1135.htm
07-21 10:49:19.157   270   359 I DownloadManager: in removeSpuriousFiles, preserving file /data/data/com.android.providers.downloads/cache/metadata-502.htm
07-21 10:49:19.157   270   359 I DownloadManager: in removeSpuriousFiles, preserving file /data/data/com.android.providers.downloads/cache/metadata-1954.htm
07-21 10:49:19.157   270   359 I DownloadManager: in removeSpuriousFiles, preserving file /data/data/com.android.providers.downloads/cache/metadata-464.htm
07-21 10:49:19.157   270   359 I DownloadManager: in removeSpuriousFiles, preserving file /data/data/com.android.providers.downloads/cache/metadata-454.htm
07-21 10:49:19.161   270   359 I DownloadManager: in removeSpuriousFiles, preserving file /data/data/com.android.providers.downloads/cache/metadata-500.htm
07-21 10:49:19.161   270   359 I DownloadManager: in removeSpuriousFiles, preserving file /data/data/com.android.providers.downloads/cache/metadata-920.htm
07-21 10:49:19.165   270   359 I DownloadManager: in removeSpuriousFiles, preserving file /data/data/com.android.providers.downloads/cache/metadata-393.htm
07-21 10:49:19.165   270   359 I DownloadManager: in removeSpuriousFiles, preserving file /data/data/com.android.providers.downloads/cache/metadata-574.htm
07-21 10:49:19.165   270   359 I DownloadManager: in removeSpuriousFiles, preserving file /data/data/com.android.providers.downloads/cache/metadata-1129.htm
07-21 10:49:19.165   270   359 I DownloadManager: in removeSpuriousFiles, preserving file /data/data/com.android.providers.downloads/cache/metadata-496.htm
07-21 10:49:19.165   270   359 I DownloadManager: in removeSpuriousFiles, preserving file /data/data/com.android.providers.downloads/cache/metadata-1593.htm
07-21 10:49:19.165   270   359 I DownloadManager: in removeSpuriousFiles, preserving file /data/data/com.android.providers.downloads/cache/metadata-1070.htm
07-21 10:49:19.165   270   359 I DownloadManager: in removeSpuriousFiles, preserving file /data/data/com.android.providers.downloads/cache/metadata-1090.htm
07-21 10:49:19.165   270   359 I DownloadManager: in removeSpuriousFiles, preserving file /data/data/com.android.providers.downloads/cache/metadata-1366.htm
07-21 10:49:19.165   270   359 I DownloadManager: in removeSpuriousFiles, preserving file /data/data/com.android.providers.downloads/cache/metadata-2129.htm
07-21 10:49:19.165   270   359 I DownloadManager: in removeSpuriousFiles, preserving file /data/data/com.android.providers.downloads/cache/metadata-1456.htm
07-21 10:49:19.173   270   359 I DownloadManager: in removeSpuriousFiles, preserving file /data/data/com.android.providers.downloads/cache/metadata-723.htm
07-21 10:49:19.173   270   359 I DownloadManager: in removeSpuriousFiles, preserving file /data/data/com.android.providers.downloads/cache/metadata-984.htm
07-21 10:49:19.173   270   359 I DownloadManager: in removeSpuriousFiles, preserving file /data/data/com.android.providers.downloads/cache/metadata-1076.htm
07-21 10:49:19.173   270   359 I DownloadManager: in removeSpuriousFiles, preserving file /data/data/com.android.providers.downloads/cache/metadata-1349.htm
07-21 10:49:19.173   270   359 I DownloadManager: in removeSpuriousFiles, preserving file /data/data/com.android.providers.downloads/cache/metadata-689.htm
07-21 10:49:19.173   270   359 I DownloadManager: in removeSpuriousFiles, preserving file /data/data/com.android.providers.downloads/cache/metadata-1955.htm
07-21 10:49:19.173   270   359 I DownloadManager: in removeSpuriousFiles, preserving file /data/data/com.android.providers.downloads/cache/metadata-425.htm
07-21 10:49:19.173   270   359 I DownloadManager: in removeSpuriousFiles, preserving file /data/data/com.android.providers.downloads/cache/metadata-936.htm
07-21 10:49:19.181   270   359 I DownloadManager: in removeSpuriousFiles, preserving file /data/data/com.android.providers.downloads/cache/metadata-1595.htm
07-21 10:49:19.181   270   359 I DownloadManager: in removeSpuriousFiles, preserving file /data/data/com.android.providers.downloads/cache/metadata-1057.htm
07-21 10:49:19.181   270   359 I DownloadManager: in removeSpuriousFiles, preserving file /data/data/com.android.providers.downloads/cache/metadata-1120.htm
07-21 10:49:19.181   270   359 I DownloadManager: in removeSpuriousFiles, preserving file /data/data/com.android.providers.downloads/cache/metadata-1931.htm
07-21 10:49:19.181   270   359 I DownloadManager: in removeSpuriousFiles, preserving file /data/data/com.android.providers.downloads/cache/metadata-1172.htm
07-21 10:49:19.181   270   359 I DownloadManager: in removeSpuriousFiles, preserving file /data/data/com.android.providers.downloads/cache/metadata-1644.htm
07-21 10:49:19.181   270   359 I DownloadManager: in removeSpuriousFiles, preserving file /data/data/com.android.providers.downloads/cache/metadata-1293.htm
07-21 10:49:19.181   270   359 I DownloadManager: in removeSpuriousFiles, preserving file /data/data/com.android.providers.downloads/cache/metadata-9.htm
07-21 10:49:19.181   270   359 I DownloadManager: in removeSpuriousFiles, preserving file /data/data/com.android.providers.downloads/cache/metadata-24.htm
07-21 10:49:19.181   270   359 I DownloadManager: in removeSpuriousFiles, preserving file /data/data/com.android.providers.downloads/cache/metadata-22.htm
07-21 10:49:19.181   270   359 I DownloadManager: in removeSpuriousFiles, preserving file /data/data/com.android.providers.downloads/cache/metadata-1.htm
07-21 10:49:19.181   270   359 I DownloadManager: in removeSpuriousFiles, preserving file /data/data/com.android.providers.downloads/cache/metadata-57.htm
07-21 10:49:19.181   270   359 I DownloadManager: in removeSpuriousFiles, preserving file /data/data/com.android.providers.downloads/cache/metadata-37.htm
07-21 10:49:19.181   270   359 I DownloadManager: in removeSpuriousFiles, preserving file /data/data/com.android.providers.downloads/cache/metadata-40.htm
07-21 10:49:19.181   270   359 I DownloadManager: in removeSpuriousFiles, preserving file /data/data/com.android.providers.downloads/cache/metadata-44.htm
07-21 10:49:19.181   270   359 I DownloadManager: in removeSpuriousFiles, preserving file /data/data/com.android.providers.downloads/cache/metadata-55.htm
07-21 10:49:19.181   270   359 I DownloadManager: in removeSpuriousFiles, preserving file /data/data/com.android.providers.downloads/cache/metadata-917.htm
07-21 10:49:19.181   270   359 I DownloadManager: in removeSpuriousFiles, preserving file /data/data/com.android.providers.downloads/cache/metadata-62.htm
07-21 10:49:19.181   270   359 I DownloadManager: in removeSpuriousFiles, preserving file /data/data/com.android.providers.downloads/cache/metadata-460.htm
07-21 10:49:19.181   270   359 I DownloadManager: in removeSpuriousFiles, preserving file /data/data/com.android.providers.downloads/cache/metadata-444.htm
07-21 10:49:19.188   270   359 I DownloadManager: in removeSpuriousFiles, preserving file /data/data/com.android.providers.downloads/cache/metadata-302.htm
07-21 10:49:19.188   270   359 I DownloadManager: in removeSpuriousFiles, preserving file /data/data/com.android.providers.downloads/cache/metadata-1325.htm
07-21 10:49:19.188   270   359 I DownloadManager: in removeSpuriousFiles, preserving file /data/data/com.android.providers.downloads/cache/metadata-710.htm
07-21 10:49:19.188   270   359 I DownloadManager: in removeSpuriousFiles, preserving file /data/data/com.android.providers.downloads/cache/metadata-401.htm
07-21 10:49:19.188   270   359 I DownloadManager: in removeSpuriousFiles, preserving file /data/data/com.android.providers.downloads/cache/metadata-58.htm
07-21 10:49:19.188   270   359 I DownloadManager: in removeSpuriousFiles, preserving file /data/data/com.android.providers.downloads/cache/metadata-67.htm
07-21 10:49:19.188   270   359 I DownloadManager: in removeSpuriousFiles, preserving file /data/data/com.android.providers.downloads/cache/metadata-259.htm
07-21 10:49:19.188   270   359 I DownloadManager: in removeSpuriousFiles, preserving file /data/data/com.android.providers.downloads/cache/metadata-1839.htm
07-21 10:49:19.188   270   359 I DownloadManager: in removeSpuriousFiles, preserving file /data/data/com.android.providers.downloads/cache/metadata-549.htm
07-21 10:49:19.188   270   359 I DownloadManager: in removeSpuriousFiles, preserving file /data/data/com.android.providers.downloads/cache/metadata-414.htm
07-21 10:49:19.188   270   359 I DownloadManager: in removeSpuriousFiles, preserving file /data/data/com.android.providers.downloads/cache/metadata-129.htm
07-21 10:49:19.188   270   359 I DownloadManager: in removeSpuriousFiles, preserving file /data/data/com.android.providers.downloads/cache/metadata-122.htm
07-21 10:49:19.188   270   359 I DownloadManager: in removeSpuriousFiles, preserving file /data/data/com.android.providers.downloads/cache/metadata-131.htm
07-21 10:49:19.188   270   359 I DownloadManager: in removeSpuriousFiles, preserving file /data/data/com.android.providers.downloads/cache/metadata-589.htm
07-21 10:49:19.188   270   359 I DownloadManager: in removeSpuriousFiles, preserving file /data/data/com.android.providers.downloads/cache/metadata-504.htm
07-21 10:49:19.188   270   359 I DownloadManager: in removeSpuriousFiles, preserving file /data/data/com.android.providers.downloads/cache/metadata-538.htm
07-21 10:49:19.188   270   359 I DownloadManager: in removeSpuriousFiles, preserving file /data/data/com.android.providers.downloads/cache/metadata-603.htm
07-21 10:49:19.188   270   359 I DownloadManager: in removeSpuriousFiles, preserving file /data/data/com.android.providers.downloads/cache/metadata-1407.htm
07-21 10:49:19.196   270   359 I DownloadManager: in removeSpuriousFiles, preserving file /data/data/com.android.providers.downloads/cache/metadata-513.htm
07-21 10:49:19.196   270   359 I DownloadManager: in removeSpuriousFiles, preserving file /data/data/com.android.providers.downloads/cache/metadata-972.htm
07-21 10:49:19.196   270   359 I DownloadManager: in removeSpuriousFiles, preserving file /data/data/com.android.providers.downloads/cache/metadata-1104.htm
07-21 10:49:19.196   270   359 I DownloadManager: in removeSpuriousFiles, preserving file /data/data/com.android.providers.downloads/cache/metadata-299.htm
07-21 10:49:19.196   270   359 I DownloadManager: in removeSpuriousFiles, preserving file /data/data/com.android.providers.downloads/cache/metadata-1097.htm
07-21 10:49:19.196   270   359 I DownloadManager: in removeSpuriousFiles, preserving file /data/data/com.android.providers.downloads/cache/metadata-325.htm
07-21 10:49:19.196   270   359 I DownloadManager: in removeSpuriousFiles, preserving file /data/data/com.android.providers.downloads/cache/metadata-1908.htm
07-21 10:49:19.196   270   359 I DownloadManager: in removeSpuriousFiles, preserving file /data/data/com.android.providers.downloads/cache/metadata-1492.htm
07-21 10:49:19.196   270   359 I DownloadManager: in removeSpuriousFiles, preserving file /data/data/com.android.providers.downloads/cache/metadata-99.htm
07-21 10:49:19.196   270   359 I DownloadManager: in removeSpuriousFiles, preserving file /data/data/com.android.providers.downloads/cache/metadata-1314.htm
07-21 10:49:19.196   270   359 I DownloadManager: in removeSpuriousFiles, preserving file /data/data/com.android.providers.downloads/cache/metadata-1323.htm
07-21 10:49:19.196   270   359 I DownloadManager: in removeSpuriousFiles, preserving file /data/data/com.android.providers.downloads/cache/metadata-1948.htm
07-21 10:49:19.196   270   359 I DownloadManager: in removeSpuriousFiles, preserving file /data/data/com.android.providers.downloads/cache/metadata-501.htm
07-21 10:49:19.196   270   359 I DownloadManager: in removeSpuriousFiles, preserving file /data/data/com.android.providers.downloads/cache/metadata-278.htm
07-21 10:49:19.200   270   359 I DownloadManager: in removeSpuriousFiles, preserving file /data/data/com.android.providers.downloads/cache/metadata-542.htm
07-21 10:49:19.200   270   359 I DownloadManager: in removeSpuriousFiles, preserving file /data/data/com.android.providers.downloads/cache/metadata-616.htm
07-21 10:49:19.200   270   359 I DownloadManager: in removeSpuriousFiles, preserving file /data/data/com.android.providers.downloads/cache/metadata-951.htm
07-21 10:49:19.200   270   359 I DownloadManager: in removeSpuriousFiles, preserving file /data/data/com.android.providers.downloads/cache/metadata-1965.htm
07-21 10:49:19.200   270   359 I DownloadManager: in removeSpuriousFiles, preserving file /data/data/com.android.providers.downloads/cache/metadata-134.htm
07-21 10:49:19.200   270   359 I DownloadManager: in removeSpuriousFiles, preserving file /data/data/com.android.providers.downloads/cache/metadata-583.htm
07-21 10:49:19.200   270   359 I DownloadManager: in removeSpuriousFiles, preserving file /data/data/com.android.providers.downloads/cache/metadata-1521.htm
07-21 10:49:19.200   270   359 I DownloadManager: in removeSpuriousFiles, preserving file /data/data/com.android.providers.downloads/cache/metadata-529.htm
07-21 10:49:19.200   270   359 I DownloadManager: in removeSpuriousFiles, preserving file /data/data/com.android.providers.downloads/cache/metadata-324.htm
07-21 10:49:19.200   270   359 I DownloadManager: in removeSpuriousFiles, preserving file /data/data/com.android.providers.downloads/cache/metadata-979.htm
07-21 10:49:19.200   270   359 I DownloadManager: in removeSpuriousFiles, preserving file /data/data/com.android.providers.downloads/cache/metadata-415.htm
07-21 10:49:19.200   270   359 I DownloadManager: in removeSpuriousFiles, preserving file /data/data/com.android.providers.downloads/cache/metadata-520.htm
07-21 10:49:19.200   270   359 I DownloadManager: in removeSpuriousFiles, preserving file /data/data/com.android.providers.downloads/cache/metadata-2119.htm
07-21 10:49:19.200   270   359 I DownloadManager: in removeSpuriousFiles, preserving file /data/data/com.android.providers.downloads/cache/metadata-1777.htm
07-21 10:49:19.200   270   359 I DownloadManager: in removeSpuriousFiles, preserving file /data/data/com.android.providers.downloads/cache/metadata-1698.htm
07-21 10:49:19.200   270   359 I DownloadManager: in removeSpuriousFiles, preserving file /data/data/com.android.providers.downloads/cache/metadata-586.htm
07-21 10:49:19.200   270   359 I DownloadManager: in removeSpuriousFiles, preserving file /data/data/com.android.providers.downloads/cache/metadata-543.htm
07-21 10:49:19.200   270   359 I DownloadManager: in removeSpuriousFiles, preserving file /data/data/com.android.providers.downloads/cache/metadata-2163.htm
07-21 10:49:19.200   270   359 I DownloadManager: in removeSpuriousFiles, preserving file /data/data/com.android.providers.downloads/cache/metadata-1118.htm
07-21 10:49:19.200   270   359 I DownloadManager: in removeSpuriousFiles, preserving file /data/data/com.android.providers.downloads/cache/metadata-533.htm
07-21 10:49:19.216   270   359 I DownloadManager: in removeSpuriousFiles, preserving file /data/data/com.android.providers.downloads/cache/metadata-818.htm
07-21 10:49:19.216   270   359 I DownloadManager: in removeSpuriousFiles, preserving file /data/data/com.android.providers.downloads/cache/metadata-91.htm
07-21 10:49:19.216   270   359 I DownloadManager: in removeSpuriousFiles, preserving file /data/data/com.android.providers.downloads/cache/metadata-498.htm
07-21 10:49:19.216   270   359 I DownloadManager: in removeSpuriousFiles, preserving file /data/data/com.android.providers.downloads/cache/metadata-1367.htm
07-21 10:49:19.216   270   359 I DownloadManager: in removeSpuriousFiles, preserving file /data/data/com.android.providers.downloads/cache/metadata-2380.htm
07-21 10:49:19.216   270   359 I DownloadManager: in removeSpuriousFiles, preserving file /data/data/com.android.providers.downloads/cache/metadata-675.htm
07-21 10:49:19.216   270   359 I DownloadManager: in removeSpuriousFiles, preserving file /data/data/com.android.providers.downloads/cache/metadata-1130.htm
07-21 10:49:19.216   270   359 I DownloadManager: in removeSpuriousFiles, preserving file /data/data/com.android.providers.downloads/cache/metadata-563.htm
07-21 10:49:19.216   270   359 I DownloadManager: in removeSpuriousFiles, preserving file /data/data/com.android.providers.downloads/cache/metadata-539.htm
07-21 10:49:19.216   270   359 I DownloadManager: in removeSpuriousFiles, preserving file /data/data/com.android.providers.downloads/cache/metadata-441.htm
07-21 10:49:19.216   270   359 I DownloadManager: in removeSpuriousFiles, preserving file /data/data/com.android.providers.downloads/cache/metadata-1184.htm
07-21 10:49:19.216   270   359 I DownloadManager: in removeSpuriousFiles, preserving file /data/data/com.android.providers.downloads/cache/metadata-1994.htm
07-21 10:49:19.216   270   359 I DownloadManager: in removeSpuriousFiles, preserving file /data/data/com.android.providers.downloads/cache/metadata-456.htm
07-21 10:49:19.216   270   359 I DownloadManager: in removeSpuriousFiles, preserving file /data/data/com.android.providers.downloads/cache/metadata-515.htm
07-21 10:49:19.216   270   359 I DownloadManager: in removeSpuriousFiles, preserving file /data/data/com.android.providers.downloads/cache/metadata-611.htm
07-21 10:49:19.216   270   359 I DownloadManager: in removeSpuriousFiles, preserving file /data/data/com.android.providers.downloads/cache/metadata-994.htm
07-21 10:49:19.220   270   359 I DownloadManager: in removeSpuriousFiles, preserving file /data/data/com.android.providers.downloads/cache/metadata-1790.htm
07-21 10:49:19.220   270   359 I DownloadManager: in removeSpuriousFiles, preserving file /data/data/com.android.providers.downloads/cache/metadata-1153.htm
07-21 10:49:19.220   270   359 I DownloadManager: in removeSpuriousFiles, preserving file /data/data/com.android.providers.downloads/cache/metadata-1350.htm
07-21 10:49:19.220   270   359 I DownloadManager: in removeSpuriousFiles, preserving file /data/data/com.android.providers.downloads/cache/metadata-2070.htm
07-21 10:49:19.220   270   359 I DownloadManager: in removeSpuriousFiles, preserving file /data/data/com.android.providers.downloads/cache/metadata-1920.htm
07-21 10:49:19.220   270   359 I DownloadManager: in removeSpuriousFiles, preserving file /data/data/com.android.providers.downloads/cache/metadata-1163.htm
07-21 10:49:19.220   270   359 I DownloadManager: in removeSpuriousFiles, preserving file /data/data/com.android.providers.downloads/cache/metadata-1278.htm
07-21 10:49:19.220   270   359 I DownloadManager: in removeSpuriousFiles, preserving file /data/data/com.android.providers.downloads/cache/metadata-641.htm
07-21 10:49:19.220   270   359 I DownloadManager: in removeSpuriousFiles, preserving file /data/data/com.android.providers.downloads/cache/metadata-840.htm
07-21 10:49:19.220   270   359 I DownloadManager: in removeSpuriousFiles, preserving file /data/data/com.android.providers.downloads/cache/metadata-1165.htm
07-21 10:49:19.220   270   359 I DownloadManager: in removeSpuriousFiles, preserving file /data/data/com.android.providers.downloads/cache/metadata-1362.htm
07-21 10:49:19.220   270   359 I DownloadManager: in removeSpuriousFiles, preserving file /data/data/com.android.providers.downloads/cache/metadata-1547.htm
07-21 10:49:19.220   270   359 I DownloadManager: in removeSpuriousFiles, preserving file /data/data/com.android.providers.downloads/cache/metadata-833.htm
07-21 10:49:19.220   270   359 I DownloadManager: in removeSpuriousFiles, preserving file /data/data/com.android.providers.downloads/cache/metadata-766.htm
07-21 10:49:19.220   270   359 I DownloadManager: in removeSpuriousFiles, preserving file /data/data/com.android.providers.downloads/cache/metadata-1008.htm
07-21 10:49:19.220   270   359 I DownloadManager: in removeSpuriousFiles, preserving file /data/data/com.android.providers.downloads/cache/metadata-866.htm
07-21 10:49:19.220   270   359 I DownloadManager: in removeSpuriousFiles, preserving file /data/data/com.android.providers.downloads/cache/metadata-1489.htm
07-21 10:49:19.220   270   359 I DownloadManager: in removeSpuriousFiles, preserving file /data/data/com.android.providers.downloads/cache/metadata-561.htm
07-21 10:49:19.220   270   359 I DownloadManager: in removeSpuriousFiles, preserving file /data/data/com.android.providers.downloads/cache/metadata-622.htm
07-21 10:49:19.220   270   359 I DownloadManager: in removeSpuriousFiles, preserving file /data/data/com.android.providers.downloads/cache/metadata-732.htm
07-21 10:49:19.220   270   359 I DownloadManager: in removeSpuriousFiles, preserving file /data/data/com.android.providers.downloads/cache/metadata-1573.htm
07-21 10:49:19.223   270   359 I DownloadManager: in removeSpuriousFiles, preserving file /data/data/com.android.providers.downloads/cache/metadata-1298.htm
07-21 10:49:19.223   270   359 I DownloadManager: in removeSpuriousFiles, preserving file /data/data/com.android.providers.downloads/cache/metadata-674.htm
07-21 10:49:19.223   270   359 I DownloadManager: in removeSpuriousFiles, preserving file /data/data/com.android.providers.downloads/cache/metadata-2060.htm
07-21 10:49:19.223   270   359 I DownloadManager: in removeSpuriousFiles, preserving file /data/data/com.android.providers.downloads/cache/metadata-795.htm
07-21 10:49:19.227   270   359 I DownloadManager: in removeSpuriousFiles, preserving file /data/data/com.android.providers.downloads/cache/metadata-1052.htm
07-21 10:49:19.227   270   359 I DownloadManager: in removeSpuriousFiles, preserving file /data/data/com.android.providers.downloads/cache/metadata-1872.htm
07-21 10:49:19.227   270   359 I DownloadManager: in removeSpuriousFiles, preserving file /data/data/com.android.providers.downloads/cache/metadata-1169.htm
07-21 10:49:19.227   270   359 I DownloadManager: in removeSpuriousFiles, preserving file /data/data/com.android.providers.downloads/cache/metadata-1501.htm
07-21 10:49:19.227   270   359 I DownloadManager: in removeSpuriousFiles, preserving file /data/data/com.android.providers.downloads/cache/metadata-966.htm
07-21 10:49:19.227   270   359 I DownloadManager: in removeSpuriousFiles, preserving file /data/data/com.android.providers.downloads/cache/metadata-1475.htm
07-21 10:49:19.227   270   359 I DownloadManager: in removeSpuriousFiles, preserving file /data/data/com.android.providers.downloads/cache/metadata-1096.htm
07-21 10:49:19.227   270   359 I DownloadManager: in removeSpuriousFiles, preserving file /data/data/com.android.providers.downloads/cache/metadata-607.htm
07-21 10:49:19.231   270   359 I DownloadManager: in removeSpuriousFiles, preserving file /data/data/com.android.providers.downloads/cache/metadata-755.htm
07-21 10:49:19.231   270   359 I DownloadManager: in removeSpuriousFiles, preserving file /data/data/com.android.providers.downloads/cache/metadata-1230.htm
07-21 10:49:19.231   270   359 I DownloadManager: in removeSpuriousFiles, preserving file /data/data/com.android.providers.downloads/cache/metadata-2484.htm
07-21 10:49:19.231   270   359 I DownloadManager: in removeSpuriousFiles, preserving file /data/data/com.android.providers.downloads/cache/metadata-1584.htm
07-21 10:49:19.231   270   359 I DownloadManager: in removeSpuriousFiles, preserving file /data/data/com.android.providers.downloads/cache/metadata-503.htm
07-21 10:49:19.231   270   359 I DownloadManager: in removeSpuriousFiles, preserving file /data/data/com.android.providers.downloads/cache/metadata-747.htm
07-21 10:49:19.231   270   359 I DownloadManager: in removeSpuriousFiles, preserving file /data/data/com.android.providers.downloads/cache/metadata-1296.htm
07-21 10:49:19.231   270   359 I DownloadManager: in removeSpuriousFiles, preserving file /data/data/com.android.providers.downloads/cache/metadata-1945.htm
07-21 10:49:19.231   270   359 I DownloadManager: in removeSpuriousFiles, preserving file /data/data/com.android.providers.downloads/cache/metadata-1467.htm
07-21 10:49:19.231   270   359 I DownloadManager: in removeSpuriousFiles, preserving file /data/data/com.android.providers.downloads/cache/metadata-1708.htm
07-21 10:49:19.239   270   359 I DownloadManager: in removeSpuriousFiles, preserving file /data/data/com.android.providers.downloads/cache/metadata-579.htm
07-21 10:49:19.239   270   359 I DownloadManager: in removeSpuriousFiles, preserving file /data/data/com.android.providers.downloads/cache/metadata-2043.htm
07-21 10:49:19.239   270   359 I DownloadManager: in removeSpuriousFiles, preserving file /data/data/com.android.providers.downloads/cache/metadata-379.htm
07-21 10:49:19.239   270   359 I DownloadManager: in removeSpuriousFiles, preserving file /data/data/com.android.providers.downloads/cache/metadata-391.htm
07-21 10:49:19.239   270   359 I DownloadManager: in removeSpuriousFiles, preserving file /data/data/com.android.providers.downloads/cache/metadata-53.htm
07-21 10:49:19.239   270   359 I DownloadManager: in removeSpuriousFiles, preserving file /data/data/com.android.providers.downloads/cache/metadata-151.htm
07-21 10:49:19.239   270   359 I DownloadManager: in removeSpuriousFiles, preserving file /data/data/com.android.providers.downloads/cache/metadata-430.htm
07-21 10:49:19.239   270   359 I DownloadManager: in removeSpuriousFiles, preserving file /data/data/com.android.providers.downloads/cache/metadata-41.htm
07-21 10:49:19.239   270   359 I DownloadManager: in removeSpuriousFiles, preserving file /data/data/com.android.providers.downloads/cache/metadata-395.htm
07-21 10:49:19.239   270   359 I DownloadManager: in removeSpuriousFiles, preserving file /data/data/com.android.providers.downloads/cache/metadata-42.htm
07-21 10:49:19.239   270   359 I DownloadManager: in removeSpuriousFiles, preserving file /data/data/com.android.providers.downloads/cache/metadata-142.htm
07-21 10:49:19.239   270   359 I DownloadManager: in removeSpuriousFiles, preserving file /data/data/com.android.providers.downloads/cache/metadata-17.htm
07-21 10:49:19.239   270   359 I DownloadManager: in removeSpuriousFiles, preserving file /data/data/com.android.providers.downloads/cache/metadata-111.htm
07-21 10:49:19.239   270   359 I DownloadManager: in removeSpuriousFiles, preserving file /data/data/com.android.providers.downloads/cache/metadata-437.htm
07-21 10:49:19.239   270   359 I DownloadManager: in removeSpuriousFiles, preserving file /data/data/com.android.providers.downloads/cache/metadata-564.htm
07-21 10:49:19.239   270   359 I DownloadManager: in removeSpuriousFiles, preserving file /data/data/com.android.providers.downloads/cache/metadata-372.htm
07-21 10:49:19.239   270   359 I DownloadManager: in removeSpuriousFiles, preserving file /data/data/com.android.providers.downloads/cache/metadata-32.htm
07-21 10:49:19.239   270   359 I DownloadManager: in removeSpuriousFiles, preserving file /data/data/com.android.providers.downloads/cache/metadata-209.htm
07-21 10:49:19.239   270   359 I DownloadManager: in removeSpuriousFiles, preserving file /data/data/com.android.providers.downloads/cache/metadata-181.htm
07-21 10:49:19.239   270   359 I DownloadManager: in removeSpuriousFiles, preserving file /data/data/com.android.providers.downloads/cache/metadata-230.htm
07-21 10:49:19.239   270   359 I DownloadManager: in removeSpuriousFiles, preserving file /data/data/com.android.providers.downloads/cache/metadata-421.htm
07-21 10:49:19.239   270   359 I DownloadManager: in removeSpuriousFiles, preserving file /data/data/com.android.providers.downloads/cache/metadata-70.htm
07-21 10:49:19.239   270   359 I DownloadManager: in removeSpuriousFiles, preserving file /data/data/com.android.providers.downloads/cache/metadata-367.htm
07-21 10:49:19.239   270   359 I DownloadManager: in removeSpuriousFiles, preserving file /data/data/com.android.providers.downloads/cache/metadata-527.htm
07-21 10:49:19.243   270   359 I DownloadManager: in removeSpuriousFiles, preserving file /data/data/com.android.providers.downloads/cache/metadata-808.htm
07-21 10:49:19.243   270   359 I DownloadManager: in removeSpuriousFiles, preserving file /data/data/com.android.providers.downloads/cache/metadata-68.htm
07-21 10:49:19.243   270   359 I DownloadManager: in removeSpuriousFiles, preserving file /data/data/com.android.providers.downloads/cache/metadata-573.htm
07-21 10:49:19.243   270   359 I DownloadManager: in removeSpuriousFiles, preserving file /data/data/com.android.providers.downloads/cache/metadata-214.htm
07-21 10:49:19.243   270   359 I DownloadManager: in removeSpuriousFiles, preserving file /data/data/com.android.providers.downloads/cache/metadata-145.htm
07-21 10:49:19.243   270   359 I DownloadManager: in removeSpuriousFiles, preserving file /data/data/com.android.providers.downloads/cache/metadata-431.htm
07-21 10:49:19.243   270   359 I DownloadManager: in removeSpuriousFiles, preserving file /data/data/com.android.providers.downloads/cache/metadata-1416.htm
07-21 10:49:19.243   270   359 I DownloadManager: in removeSpuriousFiles, preserving file /data/data/com.android.providers.downloads/cache/metadata-1331.htm
07-21 10:49:19.243   270   359 I DownloadManager: in removeSpuriousFiles, preserving file /data/data/com.android.providers.downloads/cache/metadata-74.htm
07-21 10:49:19.243   270   359 I DownloadManager: in removeSpuriousFiles, preserving file /data/data/com.android.providers.downloads/cache/metadata-609.htm
07-21 10:49:19.243   270   359 I DownloadManager: in removeSpuriousFiles, preserving file /data/data/com.android.providers.downloads/cache/metadata-594.htm
07-21 10:49:19.243   270   359 I DownloadManager: in removeSpuriousFiles, preserving file /data/data/com.android.providers.downloads/cache/metadata-196.htm
07-21 10:49:19.243   270   359 I DownloadManager: in removeSpuriousFiles, preserving file /data/data/com.android.providers.downloads/cache/metadata-1503.htm
07-21 10:49:19.243   270   359 I DownloadManager: in removeSpuriousFiles, preserving file /data/data/com.android.providers.downloads/cache/metadata-628.htm
07-21 10:49:19.243   270   359 I DownloadManager: in removeSpuriousFiles, preserving file /data/data/com.android.providers.downloads/cache/metadata-185.htm
07-21 10:49:19.243   270   359 I DownloadManager: in removeSpuriousFiles, preserving file /data/data/com.android.providers.downloads/cache/metadata-177.htm
07-21 10:49:19.243   270   359 I DownloadManager: in removeSpuriousFiles, preserving file /data/data/com.android.providers.downloads/cache/metadata-470.htm
07-21 10:49:19.243   270   359 I DownloadManager: in removeSpuriousFiles, preserving file /data/data/com.android.providers.downloads/cache/metadata-1128.htm
07-21 10:49:19.243   270   359 I DownloadManager: in removeSpuriousFiles, preserving file /data/data/com.android.providers.downloads/cache/metadata-402.htm
07-21 10:49:19.243   270   359 I DownloadManager: in removeSpuriousFiles, preserving file /data/data/com.android.providers.downloads/cache/metadata-1396.htm
07-21 10:49:19.243   270   359 I DownloadManager: in removeSpuriousFiles, preserving file /data/data/com.android.providers.downloads/cache/metadata-1069.htm
07-21 10:49:19.243   270   359 I DownloadManager: in removeSpuriousFiles, preserving file /data/data/com.android.providers.downloads/cache/metadata-207.htm
07-21 10:49:19.251   270   359 I DownloadManager: in removeSpuriousFiles, preserving file /data/data/com.android.providers.downloads/cache/metadata-973.htm
07-21 10:49:19.251   270   359 I DownloadManager: in removeSpuriousFiles, preserving file /data/data/com.android.providers.downloads/cache/metadata-376.htm
07-21 10:49:19.251   270   359 I DownloadManager: in removeSpuriousFiles, preserving file /data/data/com.android.providers.downloads/cache/metadata-143.htm
07-21 10:49:19.251   270   359 I DownloadManager: in removeSpuriousFiles, preserving file /data/data/com.android.providers.downloads/cache/metadata-1493.htm
07-21 10:49:19.251   270   359 I DownloadManager: in removeSpuriousFiles, preserving file /data/data/com.android.providers.downloads/cache/metadata-342.htm
07-21 10:49:19.251   270   359 I DownloadManager: in removeSpuriousFiles, preserving file /data/data/com.android.providers.downloads/cache/metadata-1423.htm
07-21 10:49:19.251   270   359 I DownloadManager: in removeSpuriousFiles, preserving file /data/data/com.android.providers.downloads/cache/metadata-699.htm
07-21 10:49:19.251   270   359 I DownloadManager: in removeSpuriousFiles, preserving file /data/data/com.android.providers.downloads/cache/metadata-317.htm
07-21 10:49:19.251   270   359 I DownloadManager: in removeSpuriousFiles, preserving file /data/data/com.android.providers.downloads/cache/metadata-1397.htm
07-21 10:49:19.251   270   359 I DownloadManager: in removeSpuriousFiles, preserving file /data/data/com.android.providers.downloads/cache/metadata-297.htm
07-21 10:49:19.251   270   359 I DownloadManager: in removeSpuriousFiles, preserving file /data/data/com.android.providers.downloads/cache/metadata-939.htm
07-21 10:49:19.251   270   359 I DownloadManager: in removeSpuriousFiles, preserving file /data/data/com.android.providers.downloads/cache/metadata-1435.htm
07-21 10:49:19.255   270   359 I DownloadManager: in removeSpuriousFiles, preserving file /data/data/com.android.providers.downloads/cache/metadata-225.htm
07-21 10:49:19.255   270   359 I DownloadManager: in removeSpuriousFiles, preserving file /data/data/com.android.providers.downloads/cache/metadata-938.htm
07-21 10:49:19.255   270   359 I DownloadManager: in removeSpuriousFiles, preserving file /data/data/com.android.providers.downloads/cache/metadata-670.htm
07-21 10:49:19.255   270   359 I DownloadManager: in removeSpuriousFiles, preserving file /data/data/com.android.providers.downloads/cache/metadata-568.htm
07-21 10:49:19.255   270   359 I DownloadManager: in removeSpuriousFiles, preserving file /data/data/com.android.providers.downloads/cache/metadata-442.htm
07-21 10:49:19.255   270   359 I DownloadManager: in removeSpuriousFiles, preserving file /data/data/com.android.providers.downloads/cache/metadata-1262.htm
07-21 10:49:19.255   270   359 I DownloadManager: in removeSpuriousFiles, preserving file /data/data/com.android.providers.downloads/cache/metadata-928.htm
07-21 10:49:19.255   270   359 I DownloadManager: in removeSpuriousFiles, preserving file /data/data/com.android.providers.downloads/cache/metadata-2202.htm
07-21 10:49:19.255   270   359 I DownloadManager: in removeSpuriousFiles, preserving file /data/data/com.android.providers.downloads/cache/metadata-632.htm
07-21 10:49:19.255   270   359 I DownloadManager: in removeSpuriousFiles, preserving file /data/data/com.android.providers.downloads/cache/metadata-679.htm
07-21 10:49:19.255   270   359 I DownloadManager: in removeSpuriousFiles, preserving file /data/data/com.android.providers.downloads/cache/metadata-901.htm
07-21 10:49:19.255   270   359 I DownloadManager: in removeSpuriousFiles, preserving file /data/data/com.android.providers.downloads/cache/metadata-588.htm
07-21 10:49:19.259   270   359 I DownloadManager: in removeSpuriousFiles, preserving file /data/data/com.android.providers.downloads/cache/metadata-1050.htm
07-21 10:49:19.259   270   359 I DownloadManager: in removeSpuriousFiles, preserving file /data/data/com.android.providers.downloads/cache/metadata-708.htm
07-21 10:49:19.259   270   359 I DownloadManager: in removeSpuriousFiles, preserving file /data/data/com.android.providers.downloads/cache/metadata-1775.htm
07-21 10:49:19.259   270   359 I DownloadManager: in removeSpuriousFiles, preserving file /data/data/com.android.providers.downloads/cache/metadata-1457.htm
07-21 10:49:19.259   270   359 I DownloadManager: in removeSpuriousFiles, preserving file /data/data/com.android.providers.downloads/cache/metadata-2514.htm
07-21 10:49:19.259   270   359 I DownloadManager: in removeSpuriousFiles, preserving file /data/data/com.android.providers.downloads/cache/metadata-1149.htm
07-21 10:49:19.259   270   359 I DownloadManager: in removeSpuriousFiles, preserving file /data/data/com.android.providers.downloads/cache/metadata-555.htm
07-21 10:49:19.259   270   359 I DownloadManager: in removeSpuriousFiles, preserving file /data/data/com.android.providers.downloads/cache/metadata-1446.htm
07-21 10:49:19.259   270   359 I DownloadManager: in removeSpuriousFiles, preserving file /data/data/com.android.providers.downloads/cache/metadata-791.htm
07-21 10:49:19.259   270   359 I DownloadManager: in removeSpuriousFiles, preserving file /data/data/com.android.providers.downloads/cache/metadata-1326.htm
07-21 10:49:19.259   270   359 I DownloadManager: in removeSpuriousFiles, preserving file /data/data/com.android.providers.downloads/cache/metadata-215.htm
07-21 10:49:19.259   270   359 I DownloadManager: in removeSpuriousFiles, preserving file /data/data/com.android.providers.downloads/cache/metadata-2794.htm
07-21 10:49:19.259   270   359 I DownloadManager: in removeSpuriousFiles, preserving file /data/data/com.android.providers.downloads/cache/metadata-1958.htm
07-21 10:49:19.259   270   359 I DownloadManager: in removeSpuriousFiles, preserving file /data/data/com.android.providers.downloads/cache/metadata-597.htm
07-21 10:49:19.259   270   359 I DownloadManager: in removeSpuriousFiles, preserving file /data/data/com.android.providers.downloads/cache/metadata-1881.htm
07-21 10:49:19.259   270   359 I DownloadManager: in removeSpuriousFiles, preserving file /data/data/com.android.providers.downloads/cache/metadata-2454.htm
07-21 10:49:19.259   270   359 I DownloadManager: in removeSpuriousFiles, preserving file /data/data/com.android.providers.downloads/cache/metadata-2551.htm
07-21 10:49:19.259   270   359 I DownloadManager: in removeSpuriousFiles, preserving file /data/data/com.android.providers.downloads/cache/metadata-135.htm
07-21 10:49:19.266   270   359 I DownloadManager: in removeSpuriousFiles, preserving file /data/data/com.android.providers.downloads/cache/metadata-319.htm
07-21 10:49:19.266   270   359 I DownloadManager: in removeSpuriousFiles, preserving file /data/data/com.android.providers.downloads/cache/metadata-1146.htm
07-21 10:49:19.266   270   359 I DownloadManager: in removeSpuriousFiles, preserving file /data/data/com.android.providers.downloads/cache/metadata-962.htm
07-21 10:49:19.266   270   359 I DownloadManager: in removeSpuriousFiles, preserving file /data/data/com.android.providers.downloads/cache/metadata-511.htm
07-21 10:49:19.266   270   359 I DownloadManager: in removeSpuriousFiles, preserving file /data/data/com.android.providers.downloads/cache/metadata-944.htm
07-21 10:49:19.270   270   359 I DownloadManager: in removeSpuriousFiles, preserving file /data/data/com.android.providers.downloads/cache/metadata-522.htm
07-21 10:49:19.270   270   359 I DownloadManager: in removeSpuriousFiles, preserving file /data/data/com.android.providers.downloads/cache/metadata-964.htm
07-21 10:49:19.270   270   359 I DownloadManager: in removeSpuriousFiles, preserving file /data/data/com.android.providers.downloads/cache/metadata-1834.htm
07-21 10:49:19.270   270   359 I DownloadManager: in removeSpuriousFiles, preserving file /data/data/com.android.providers.downloads/cache/metadata-1133.htm
07-21 10:49:19.270   270   359 I DownloadManager: in removeSpuriousFiles, preserving file /data/data/com.android.providers.downloads/cache/metadata-252.htm
07-21 10:49:19.270   270   359 I DownloadManager: in removeSpuriousFiles, preserving file /data/data/com.android.providers.downloads/cache/metadata-2227.htm
07-21 10:49:19.270   270   359 I DownloadManager: in removeSpuriousFiles, preserving file /data/data/com.android.providers.downloads/cache/metadata-1620.htm
07-21 10:49:19.270   270   359 I DownloadManager: in removeSpuriousFiles, preserving file /data/data/com.android.providers.downloads/cache/metadata-1257.htm
07-21 10:49:19.274   270   359 I DownloadManager: in removeSpuriousFiles, preserving file /data/data/com.android.providers.downloads/cache/metadata-1901.htm
07-21 10:49:19.274   270   359 I DownloadManager: in removeSpuriousFiles, preserving file /data/data/com.android.providers.downloads/cache/metadata-1248.htm
07-21 10:49:19.274   270   359 I DownloadManager: in removeSpuriousFiles, preserving file /data/data/com.android.providers.downloads/cache/metadata-1075.htm
07-21 10:49:19.274   270   359 I DownloadManager: in removeSpuriousFiles, preserving file /data/data/com.android.providers.downloads/cache/metadata-1577.htm
07-21 10:49:19.278   270   359 I DownloadManager: in removeSpuriousFiles, preserving file /data/data/com.android.providers.downloads/cache/metadata-174.htm
07-21 10:49:19.278   270   359 I DownloadManager: in removeSpuriousFiles, preserving file /data/data/com.android.providers.downloads/cache/metadata-1191.htm
07-21 10:49:19.278   270   359 I DownloadManager: in removeSpuriousFiles, preserving file /data/data/com.android.providers.downloads/cache/metadata-1240.htm
07-21 10:49:19.278   270   359 I DownloadManager: in removeSpuriousFiles, preserving file /data/data/com.android.providers.downloads/cache/metadata-2432.htm
07-21 10:49:19.278   270   359 I DownloadManager: in removeSpuriousFiles, preserving file /data/data/com.android.providers.downloads/cache/metadata-610.htm
07-21 10:49:19.278   270   359 I DownloadManager: in removeSpuriousFiles, preserving file /data/data/com.android.providers.downloads/cache/metadata-1264.htm
07-21 10:49:19.278   270   359 I DownloadManager: in removeSpuriousFiles, preserving file /data/data/com.android.providers.downloads/cache/metadata-521.htm
07-21 10:49:19.278   270   359 I DownloadManager: in removeSpuriousFiles, preserving file /data/data/com.android.providers.downloads/cache/metadata-1713.htm
07-21 10:49:19.278   270   359 I DownloadManager: in removeSpuriousFiles, preserving file /data/data/com.android.providers.downloads/cache/metadata-1502.htm
07-21 10:49:19.282   270   359 I DownloadManager: in removeSpuriousFiles, preserving file /data/data/com.android.providers.downloads/cache/metadata-1410.htm
07-21 10:49:19.282   270   359 I DownloadManager: in removeSpuriousFiles, preserving file /data/data/com.android.providers.downloads/cache/metadata-1506.htm
07-21 10:49:19.282   270   359 I DownloadManager: in removeSpuriousFiles, preserving file /data/data/com.android.providers.downloads/cache/metadata-1996.htm
07-21 10:49:19.282   270   359 I DownloadManager: in removeSpuriousFiles, preserving file /data/data/com.android.providers.downloads/cache/metadata-1254.htm
07-21 10:49:19.282   270   359 I DownloadManager: in removeSpuriousFiles, preserving file /data/data/com.android.providers.downloads/cache/metadata-1051.htm
07-21 10:49:19.282   270   359 I DownloadManager: in removeSpuriousFiles, preserving file /data/data/com.android.providers.downloads/cache/metadata-1342.htm
07-21 10:49:19.282   270   359 I DownloadManager: in removeSpuriousFiles, preserving file /data/data/com.android.providers.downloads/cache/metadata-1848.htm
07-21 10:49:19.282   270   359 I DownloadManager: in removeSpuriousFiles, preserving file /data/data/com.android.providers.downloads/cache/metadata-2171.htm
07-21 10:49:19.282   270   359 I DownloadManager: in removeSpuriousFiles, preserving file /data/data/com.android.providers.downloads/cache/metadata-1428.htm
07-21 10:49:19.282   270   359 I DownloadManager: in removeSpuriousFiles, preserving file /data/data/com.android.providers.downloads/cache/metadata-995.htm
07-21 10:49:19.282   270   359 I DownloadManager: in removeSpuriousFiles, preserving file /data/data/com.android.providers.downloads/cache/metadata-23.htm
07-21 10:49:19.282   270   359 I DownloadManager: in removeSpuriousFiles, preserving file /data/data/com.android.providers.downloads/cache/metadata-12.htm
07-21 10:49:19.282   270   359 I DownloadManager: in removeSpuriousFiles, preserving file /data/data/com.android.providers.downloads/cache/metadata-11.htm
07-21 10:49:19.282   270   359 I DownloadManager: in removeSpuriousFiles, preserving file /data/data/com.android.providers.downloads/cache/metadata-31.htm
07-21 10:49:19.282   270   359 I DownloadManager: in removeSpuriousFiles, preserving file /data/data/com.android.providers.downloads/cache/metadata-321.htm
07-21 10:49:19.282   270   359 I DownloadManager: in removeSpuriousFiles, preserving file /data/data/com.android.providers.downloads/cache/metadata-39.htm
07-21 10:49:19.282   270   359 I DownloadManager: in removeSpuriousFiles, preserving file /data/data/com.android.providers.downloads/cache/metadata-35.htm
07-21 10:49:19.282   270   359 I DownloadManager: in removeSpuriousFiles, preserving file /data/data/com.android.providers.downloads/cache/metadata-25.htm
07-21 10:49:19.282   270   359 I DownloadManager: in removeSpuriousFiles, preserving file /data/data/com.android.providers.downloads/cache/metadata-491.htm
07-21 10:49:19.286   270   359 I DownloadManager: in removeSpuriousFiles, preserving file /data/data/com.android.providers.downloads/cache/metadata-72.htm
07-21 10:49:19.286   270   359 I DownloadManager: in removeSpuriousFiles, preserving file /data/data/com.android.providers.downloads/cache/metadata-362.htm
07-21 10:49:19.286   270   359 I DownloadManager: in removeSpuriousFiles, preserving file /data/data/com.android.providers.downloads/cache/metadata-450.htm
07-21 10:49:19.286   270   359 I DownloadManager: in removeSpuriousFiles, preserving file /data/data/com.android.providers.downloads/cache/metadata-219.htm
07-21 10:49:19.286   270   359 I DownloadManager: in removeSpuriousFiles, preserving file /data/data/com.android.providers.downloads/cache/metadata-954.htm
07-21 10:49:19.286   270   359 I DownloadManager: in removeSpuriousFiles, preserving file /data/data/com.android.providers.downloads/cache/metadata-557.htm
07-21 10:49:19.286   270   359 I DownloadManager: in removeSpuriousFiles, preserving file /data/data/com.android.providers.downloads/cache/metadata-60.htm
07-21 10:49:19.286   270   359 I DownloadManager: in removeSpuriousFiles, preserving file /data/data/com.android.providers.downloads/cache/metadata-139.htm
07-21 10:49:19.286   270   359 I DownloadManager: in removeSpuriousFiles, preserving file /data/data/com.android.providers.downloads/cache/metadata-172.htm
07-21 10:49:19.286   270   359 I DownloadManager: in removeSpuriousFiles, preserving file /data/data/com.android.providers.downloads/cache/metadata-127.htm
07-21 10:49:19.286   270   359 I DownloadManager: in removeSpuriousFiles, preserving file /data/data/com.android.providers.downloads/cache/metadata-1338.htm
07-21 10:49:19.286   270   359 I DownloadManager: in removeSpuriousFiles, preserving file /data/data/com.android.providers.downloads/cache/metadata-313.htm
07-21 10:49:19.286   270   359 I DownloadManager: in removeSpuriousFiles, preserving file /data/data/com.android.providers.downloads/cache/metadata-449.htm
07-21 10:49:19.286   270   359 I DownloadManager: in removeSpuriousFiles, preserving file /data/data/com.android.providers.downloads/cache/metadata-195.htm
07-21 10:49:19.286   270   359 I DownloadManager: in removeSpuriousFiles, preserving file /data/data/com.android.providers.downloads/cache/metadata-345.htm
07-21 10:49:19.286   270   359 I DownloadManager: in removeSpuriousFiles, preserving file /data/data/com.android.providers.downloads/cache/metadata-248.htm
07-21 10:49:19.286   270   359 I DownloadManager: in removeSpuriousFiles, preserving file /data/data/com.android.providers.downloads/cache/metadata-932.htm
07-21 10:49:19.286   270   359 I DownloadManager: in removeSpuriousFiles, preserving file /data/data/com.android.providers.downloads/cache/metadata-385.htm
07-21 10:49:19.286   270   359 I DownloadManager: in removeSpuriousFiles, preserving file /data/data/com.android.providers.downloads/cache/metadata-2556.htm
07-21 10:49:19.290   270   359 I DownloadManager: in removeSpuriousFiles, preserving file /data/data/com.android.providers.downloads/cache/metadata-1125.htm
07-21 10:49:19.290   270   359 I DownloadManager: in removeSpuriousFiles, preserving file /data/data/com.android.providers.downloads/cache/metadata-631.htm
07-21 10:49:19.290   270   359 I DownloadManager: in removeSpuriousFiles, preserving file /data/data/com.android.providers.downloads/cache/metadata-161.htm
07-21 10:49:19.290   270   359 I DownloadManager: in removeSpuriousFiles, preserving file /data/data/com.android.providers.downloads/cache/metadata-2139.htm
07-21 10:49:19.290   270   359 I DownloadManager: in removeSpuriousFiles, preserving file /data/data/com.android.providers.downloads/cache/metadata-337.htm
07-21 10:49:19.290   270   359 I DownloadManager: in removeSpuriousFiles, preserving file /data/data/com.android.providers.downloads/cache/metadata-1563.htm
07-21 10:49:19.294   270   359 I DownloadManager: in removeSpuriousFiles, preserving file /data/data/com.android.providers.downloads/cache/metadata-2082.htm
07-21 10:49:19.294   270   359 I DownloadManager: in removeSpuriousFiles, preserving file /data/data/com.android.providers.downloads/cache/metadata-226.htm
07-21 10:49:19.294   270   359 I DownloadManager: in removeSpuriousFiles, preserving file /data/data/com.android.providers.downloads/cache/metadata-1379.htm
07-21 10:49:19.329   270   359 I DownloadManager: in removeSpuriousFiles, preserving file /data/data/com.android.providers.downloads/cache/metadata-474.htm
07-21 10:49:19.329   270   359 I DownloadManager: in removeSpuriousFiles, preserving file /data/data/com.android.providers.downloads/cache/metadata-956.htm
07-21 10:49:19.329   270   359 I DownloadManager: in removeSpuriousFiles, preserving file /data/data/com.android.providers.downloads/cache/metadata-164.htm
07-21 10:49:19.329   270   359 I DownloadManager: in removeSpuriousFiles, preserving file /data/data/com.android.providers.downloads/cache/metadata-82.htm
07-21 10:49:19.329   270   359 I DownloadManager: in removeSpuriousFiles, preserving file /data/data/com.android.providers.downloads/cache/metadata-576.htm
07-21 10:49:19.329   270   359 I DownloadManager: in removeSpuriousFiles, preserving file /data/data/com.android.providers.downloads/cache/metadata-1299.htm
07-21 10:49:19.329   270   359 I DownloadManager: in removeSpuriousFiles, preserving file /data/data/com.android.providers.downloads/cache/metadata-90.htm
07-21 10:49:19.329   270   359 I DownloadManager: in removeSpuriousFiles, preserving file /data/data/com.android.providers.downloads/cache/metadata-71.htm
07-21 10:49:19.329   270   359 I DownloadManager: in removeSpuriousFiles, preserving file /data/data/com.android.providers.downloads/cache/metadata-758.htm
07-21 10:49:19.329   270   359 I DownloadManager: in removeSpuriousFiles, preserving file /data/data/com.android.providers.downloads/cache/metadata-295.htm
07-21 10:49:19.329   270   359 I DownloadManager: in removeSpuriousFiles, preserving file /data/data/com.android.providers.downloads/cache/metadata-257.htm
07-21 10:49:19.329   270   359 I DownloadManager: in removeSpuriousFiles, preserving file /data/data/com.android.providers.downloads/cache/metadata-398.htm
07-21 10:49:19.329   270   359 I DownloadManager: in removeSpuriousFiles, preserving file /data/data/com.android.providers.downloads/cache/metadata-2361.htm
07-21 10:49:19.329   270   359 I DownloadManager: in removeSpuriousFiles, preserving file /data/data/com.android.providers.downloads/cache/metadata-245.htm
07-21 10:49:19.329   270   359 I DownloadManager: in removeSpuriousFiles, preserving file /data/data/com.android.providers.downloads/cache/metadata-1488.htm
07-21 10:49:19.329   270   359 I DownloadManager: in removeSpuriousFiles, preserving file /data/data/com.android.providers.downloads/cache/metadata-2327.htm
07-21 10:49:19.329   270   359 I DownloadManager: in removeSpuriousFiles, preserving file /data/data/com.android.providers.downloads/cache/metadata-123.htm
07-21 10:49:19.329   270   359 I DownloadManager: in removeSpuriousFiles, preserving file /data/data/com.android.providers.downloads/cache/metadata-194.htm
07-21 10:49:19.329   270   359 I DownloadManager: in removeSpuriousFiles, preserving file /data/data/com.android.providers.downloads/cache/metadata-394.htm
07-21 10:49:19.329   270   359 I DownloadManager: in removeSpuriousFiles, preserving file /data/data/com.android.providers.downloads/cache/metadata-497.htm
07-21 10:49:19.329   270   359 I DownloadManager: in removeSpuriousFiles, preserving file /data/data/com.android.providers.downloads/cache/metadata-366.htm
07-21 10:49:19.329   270   359 I DownloadManager: in removeSpuriousFiles, preserving file /data/data/com.android.providers.downloads/cache/metadata-569.htm
07-21 10:49:19.329   270   359 I DownloadManager: in removeSpuriousFiles, preserving file /data/data/com.android.providers.downloads/cache/metadata-1406.htm
07-21 10:49:19.329   270   359 I DownloadManager: in removeSpuriousFiles, preserving file /data/data/com.android.providers.downloads/cache/metadata-292.htm
07-21 10:49:19.333   270   359 I DownloadManager: in removeSpuriousFiles, preserving file /data/data/com.android.providers.downloads/cache/metadata-2540.htm
07-21 10:49:19.333   270   359 I DownloadManager: in removeSpuriousFiles, preserving file /data/data/com.android.providers.downloads/cache/metadata-471.htm
07-21 10:49:19.333   270   359 I DownloadManager: in removeSpuriousFiles, preserving file /data/data/com.android.providers.downloads/cache/metadata-1613.htm
07-21 10:49:19.333   270   359 I DownloadManager: in removeSpuriousFiles, preserving file /data/data/com.android.providers.downloads/cache/metadata-466.htm
07-21 10:49:19.333   270   359 I DownloadManager: in removeSpuriousFiles, preserving file /data/data/com.android.providers.downloads/cache/metadata-210.htm
07-21 10:49:19.333   270   359 I DownloadManager: in removeSpuriousFiles, preserving file /data/data/com.android.providers.downloads/cache/metadata-2117.htm
07-21 10:49:19.333   270   359 I DownloadManager: in removeSpuriousFiles, preserving file /data/data/com.android.providers.downloads/cache/metadata-1297.htm
07-21 10:49:19.333   270   359 I DownloadManager: in removeSpuriousFiles, preserving file /data/data/com.android.providers.downloads/cache/metadata-991.htm
07-21 10:49:19.333   270   359 I DownloadManager: in removeSpuriousFiles, preserving file /data/data/com.android.providers.downloads/cache/metadata-856.htm
07-21 10:49:19.333   270   359 I DownloadManager: in removeSpuriousFiles, preserving file /data/data/com.android.providers.downloads/cache/metadata-935.htm
07-21 10:49:19.333   270   359 I DownloadManager: in removeSpuriousFiles, preserving file /data/data/com.android.providers.downloads/cache/metadata-1246.htm
07-21 10:49:19.337   270   359 I DownloadManager: in removeSpuriousFiles, preserving file /data/data/com.android.providers.downloads/cache/metadata-617.htm
07-21 10:49:19.337   270   359 I DownloadManager: in removeSpuriousFiles, preserving file /data/data/com.android.providers.downloads/cache/metadata-799.htm
07-21 10:49:19.337   270   359 I DownloadManager: in removeSpuriousFiles, preserving file /data/data/com.android.providers.downloads/cache/metadata-1180.htm
07-21 10:49:19.337   270   359 I DownloadManager: in removeSpuriousFiles, preserving file /data/data/com.android.providers.downloads/cache/metadata-560.htm
07-21 10:49:19.337   270   359 I DownloadManager: in removeSpuriousFiles, preserving file /data/data/com.android.providers.downloads/cache/metadata-924.htm
07-21 10:49:19.337   270   359 I DownloadManager: in removeSpuriousFiles, preserving file /data/data/com.android.providers.downloads/cache/metadata-1079.htm
07-21 10:49:19.341   270   359 I DownloadManager: in removeSpuriousFiles, preserving file /data/data/com.android.providers.downloads/cache/metadata-1759.htm
07-21 10:49:19.341   270   359 I DownloadManager: in removeSpuriousFiles, preserving file /data/data/com.android.providers.downloads/cache/metadata-1363.htm
07-21 10:49:19.341   270   359 I DownloadManager: in removeSpuriousFiles, preserving file /data/data/com.android.providers.downloads/cache/metadata-716.htm
07-21 10:49:19.341   270   359 I DownloadManager: in removeSpuriousFiles, preserving file /data/data/com.android.providers.downloads/cache/metadata-182.htm
07-21 10:49:19.341   270   359 I DownloadManager: in removeSpuriousFiles, preserving file /data/data/com.android.providers.downloads/cache/metadata-1434.htm
07-21 10:49:19.341   270   359 I DownloadManager: in removeSpuriousFiles, preserving file /data/data/com.android.providers.downloads/cache/metadata-756.htm
07-21 10:49:19.341   270   359 I DownloadManager: in removeSpuriousFiles, preserving file /data/data/com.android.providers.downloads/cache/metadata-637.htm
07-21 10:49:19.341   270   359 I DownloadManager: in removeSpuriousFiles, preserving file /data/data/com.android.providers.downloads/cache/metadata-922.htm
07-21 10:49:19.341   270   359 I DownloadManager: in removeSpuriousFiles, preserving file /data/data/com.android.providers.downloads/cache/metadata-961.htm
07-21 10:49:19.341   270   359 I DownloadManager: in removeSpuriousFiles, preserving file /data/data/com.android.providers.downloads/cache/metadata-1409.htm
07-21 10:49:19.341   270   359 I DownloadManager: in removeSpuriousFiles, preserving file /data/data/com.android.providers.downloads/cache/metadata-770.htm
07-21 10:49:19.341   270   359 I DownloadManager: in removeSpuriousFiles, preserving file /data/data/com.android.providers.downloads/cache/metadata-2376.htm
07-21 10:49:19.341   270   359 I DownloadManager: in removeSpuriousFiles, preserving file /data/data/com.android.providers.downloads/cache/metadata-1568.htm
07-21 10:49:19.345   270   359 I DownloadManager: in removeSpuriousFiles, preserving file /data/data/com.android.providers.downloads/cache/metadata-1737.htm
07-21 10:49:19.345   270   359 I DownloadManager: in removeSpuriousFiles, preserving file /data/data/com.android.providers.downloads/cache/metadata-592.htm
07-21 10:49:19.345   270   359 I DownloadManager: in removeSpuriousFiles, preserving file /data/data/com.android.providers.downloads/cache/metadata-361.htm
07-21 10:49:19.345   270   359 I DownloadManager: in removeSpuriousFiles, preserving file /data/data/com.android.providers.downloads/cache/metadata-1528.htm
07-21 10:49:19.345   270   359 I DownloadManager: in removeSpuriousFiles, preserving file /data/data/com.android.providers.downloads/cache/metadata-1263.htm
07-21 10:49:19.345   270   359 I DownloadManager: in removeSpuriousFiles, preserving file /data/data/com.android.providers.downloads/cache/metadata-1042.htm
07-21 10:49:19.345   270   359 I DownloadManager: in removeSpuriousFiles, preserving file /data/data/com.android.providers.downloads/cache/metadata-2214.htm
07-21 10:49:19.345   270   359 I DownloadManager: in removeSpuriousFiles, preserving file /data/data/com.android.providers.downloads/cache/metadata-977.htm
07-21 10:49:19.345   270   359 I DownloadManager: in removeSpuriousFiles, preserving file /data/data/com.android.providers.downloads/cache/metadata-315.htm
07-21 10:49:19.352   270   359 I DownloadManager: in removeSpuriousFiles, preserving file /data/data/com.android.providers.downloads/cache/metadata-130.htm
07-21 10:49:19.352   270   359 I DownloadManager: in removeSpuriousFiles, preserving file /data/data/com.android.providers.downloads/cache/metadata-334.htm
07-21 10:49:19.352   270   359 I DownloadManager: in removeSpuriousFiles, preserving file /data/data/com.android.providers.downloads/cache/metadata-623.htm
07-21 10:49:19.352   270   359 I DownloadManager: in removeSpuriousFiles, preserving file /data/data/com.android.providers.downloads/cache/metadata-948.htm
07-21 10:49:19.352   270   359 I DownloadManager: in removeSpuriousFiles, preserving file /data/data/com.android.providers.downloads/cache/metadata-1122.htm
07-21 10:49:19.352   270   359 I DownloadManager: in removeSpuriousFiles, preserving file /data/data/com.android.providers.downloads/cache/metadata-1322.htm
07-21 10:49:19.352   270   359 I DownloadManager: in removeSpuriousFiles, preserving file /data/data/com.android.providers.downloads/cache/metadata-903.htm
07-21 10:49:19.352   270   359 I DownloadManager: in removeSpuriousFiles, preserving file /data/data/com.android.providers.downloads/cache/metadata-998.htm
07-21 10:49:19.352   270   359 I DownloadManager: in removeSpuriousFiles, preserving file /data/data/com.android.providers.downloads/cache/metadata-1847.htm
07-21 10:49:19.352   270   359 I DownloadManager: in removeSpuriousFiles, preserving file /data/data/com.android.providers.downloads/cache/metadata-141.htm
07-21 10:49:19.352   270   359 I DownloadManager: in removeSpuriousFiles, preserving file /data/data/com.android.providers.downloads/cache/metadata-1203.htm
07-21 10:49:19.352   270   359 I DownloadManager: in removeSpuriousFiles, preserving file /data/data/com.android.providers.downloads/cache/metadata-683.htm
07-21 10:49:19.352   270   359 I DownloadManager: in removeSpuriousFiles, preserving file /data/data/com.android.providers.downloads/cache/metadata-565.htm
07-21 10:49:19.352   270   359 I DownloadManager: in removeSpuriousFiles, preserving file /data/data/com.android.providers.downloads/cache/metadata-1951.htm
07-21 10:49:19.352   270   359 I DownloadManager: in removeSpuriousFiles, preserving file /data/data/com.android.providers.downloads/cache/metadata-660.htm
07-21 10:49:19.360   270   359 I DownloadManager: in removeSpuriousFiles, preserving file /data/data/com.android.providers.downloads/cache/metadata-663.htm
07-21 10:49:19.364   270   359 I DownloadManager: in removeSpuriousFiles, preserving file /data/data/com.android.providers.downloads/cache/metadata-1282.htm
07-21 10:49:19.364   270   359 I DownloadManager: in removeSpuriousFiles, preserving file /data/data/com.android.providers.downloads/cache/metadata-1205.htm
07-21 10:49:19.364   270   359 I DownloadManager: in removeSpuriousFiles, preserving file /data/data/com.android.providers.downloads/cache/metadata-2040.htm
07-21 10:49:19.364   270   359 I DownloadManager: in removeSpuriousFiles, preserving file /data/data/com.android.providers.downloads/cache/metadata-789.htm
07-21 10:49:19.364   270   359 I DownloadManager: in removeSpuriousFiles, preserving file /data/data/com.android.providers.downloads/cache/metadata-904.htm
07-21 10:49:19.364   270   359 I DownloadManager: in removeSpuriousFiles, preserving file /data/data/com.android.providers.downloads/cache/metadata-519.htm
07-21 10:49:19.364   270   359 I DownloadManager: in removeSpuriousFiles, preserving file /data/data/com.android.providers.downloads/cache/metadata-89.htm
07-21 10:49:19.364   270   359 I DownloadManager: in removeSpuriousFiles, preserving file /data/data/com.android.providers.downloads/cache/metadata-232.htm
07-21 10:49:19.364   270   359 I DownloadManager: in removeSpuriousFiles, preserving file /data/data/com.android.providers.downloads/cache/metadata-3.htm
07-21 10:49:19.364   270   359 I DownloadManager: in removeSpuriousFiles, preserving file /data/data/com.android.providers.downloads/cache/metadata-2271.htm
07-21 10:49:19.364   270   359 I DownloadManager: in removeSpuriousFiles, preserving file /data/data/com.android.providers.downloads/cache/metadata-20.htm
07-21 10:49:19.364   270   359 I DownloadManager: in removeSpuriousFiles, preserving file /data/data/com.android.providers.downloads/cache/metadata-26.htm
07-21 10:49:19.364   270   359 I DownloadManager: in removeSpuriousFiles, preserving file /data/data/com.android.providers.downloads/cache/metadata-51.htm
07-21 10:49:19.364   270   359 I DownloadManager: in removeSpuriousFiles, preserving file /data/data/com.android.providers.downloads/cache/metadata-38.htm
07-21 10:49:19.364   270   359 I DownloadManager: in removeSpuriousFiles, preserving file /data/data/com.android.providers.downloads/cache/metadata-301.htm
07-21 10:49:19.364   270   359 I DownloadManager: in removeSpuriousFiles, preserving file /data/data/com.android.providers.downloads/cache/metadata-688.htm
07-21 10:49:19.364   270   359 I DownloadManager: in removeSpuriousFiles, preserving file /data/data/com.android.providers.downloads/cache/metadata-188.htm
07-21 10:49:19.364   270   359 I DownloadManager: in removeSpuriousFiles, preserving file /data/data/com.android.providers.downloads/cache/metadata-314.htm
07-21 10:49:19.364   270   359 I DownloadManager: in removeSpuriousFiles, preserving file /data/data/com.android.providers.downloads/cache/metadata-530.htm
07-21 10:49:19.364   270   359 I DownloadManager: in removeSpuriousFiles, preserving file /data/data/com.android.providers.downloads/cache/metadata-63.htm
07-21 10:49:19.364   270   359 I DownloadManager: in removeSpuriousFiles, preserving file /data/data/com.android.providers.downloads/cache/metadata-418.htm
07-21 10:49:19.364   270   359 I DownloadManager: in removeSpuriousFiles, preserving file /data/data/com.android.providers.downloads/cache/metadata-138.htm
07-21 10:49:19.364   270   359 I DownloadManager: in removeSpuriousFiles, preserving file /data/data/com.android.providers.downloads/cache/metadata-368.htm
07-21 10:49:19.364   270   359 I DownloadManager: in removeSpuriousFiles, preserving file /data/data/com.android.providers.downloads/cache/metadata-206.htm
07-21 10:49:19.364   270   359 I DownloadManager: in removeSpuriousFiles, preserving file /data/data/com.android.providers.downloads/cache/metadata-153.htm
07-21 10:49:19.364   270   359 I DownloadManager: in removeSpuriousFiles, preserving file /data/data/com.android.providers.downloads/cache/metadata-175.htm
07-21 10:49:19.399   270   359 I DownloadManager: in removeSpuriousFiles, preserving file /data/data/com.android.providers.downloads/cache/metadata-201.htm
07-21 10:49:19.399   270   359 I DownloadManager: in removeSpuriousFiles, preserving file /data/data/com.android.providers.downloads/cache/metadata-217.htm
07-21 10:49:19.399   270   359 I DownloadManager: in removeSpuriousFiles, preserving file /data/data/com.android.providers.downloads/cache/metadata-126.htm
07-21 10:49:19.399   270   359 I DownloadManager: in removeSpuriousFiles, preserving file /data/data/com.android.providers.downloads/cache/metadata-312.htm
07-21 10:49:19.399   270   359 I DownloadManager: in removeSpuriousFiles, preserving file /data/data/com.android.providers.downloads/cache/metadata-273.htm
07-21 10:49:19.399   270   359 I DownloadManager: in removeSpuriousFiles, preserving file /data/data/com.android.providers.downloads/cache/metadata-348.htm
07-21 10:49:19.399   270   359 I DownloadManager: in removeSpuriousFiles, preserving file /data/data/com.android.providers.downloads/cache/metadata-1285.htm
07-21 10:49:19.403   270   359 I DownloadManager: in removeSpuriousFiles, preserving file /data/data/com.android.providers.downloads/cache/metadata-140.htm
