06-12 01:00:18.949   142   172 I ActivityManager: Displayed com.google.android.talk/.BuddyListCombo: +1s0ms
06-12 01:00:18.957  8252  8252 D OpenGLRenderer: Flushing caches (mode 0)
06-12 01:00:19.039  8252  8252 D vclib:CallStateClient: stopListening
06-12 01:00:19.039  8252  8252 D vclib:CallStateClient: startListening
06-12 01:00:19.246  8252  8254 D dalvikvm: GC_CONCURRENT freed 216K, 4% free 9937K/10247K, paused 2ms+4ms
06-12 01:00:19.727  8314  8316 D dalvikvm: GC_CONCURRENT freed 167K, 4% free 9430K/9735K, paused 2ms+2ms
06-12 01:00:20.664    81   122 D AudioHardware: AudioHardware pcm playback is going to standby.
06-12 01:00:20.664    81   122 D AudioHardware: closePcmOut_l() mPcmOpenCnt: 1
06-12 01:00:20.715  8252  8254 D dalvikvm: GC_CONCURRENT freed 273K, 4% free 10097K/10503K, paused 2ms+4ms
06-12 01:00:20.981  8120  8122 D dalvikvm: GC_CONCURRENT freed 267K, 7% free 9810K/10439K, paused 2ms+3ms
06-12 01:00:21.266  8120  8332 D dalvikvm: GC_EXPLICIT freed 114K, 7% free 9777K/10439K, paused 2ms+5ms
06-12 01:00:22.719  8252  8254 D dalvikvm: GC_CONCURRENT freed 464K, 6% free 10106K/10695K, paused 4ms+5ms
06-12 01:00:23.094  8252  8254 D dalvikvm: GC_CONCURRENT freed 458K, 6% free 10055K/10695K, paused 2ms+4ms
06-12 01:00:23.930  8120  8122 D dalvikvm: GC_CONCURRENT freed 323K, 6% free 9839K/10439K, paused 4ms+4ms
06-12 01:00:26.106  8252  8252 D dalvikvm: GC_FOR_ALLOC freed 350K, 6% free 10088K/10695K, paused 26ms
06-12 01:00:26.344  8314  8316 D dalvikvm: GC_CONCURRENT freed 421K, 6% free 9434K/9991K, paused 4ms+3ms
06-12 01:00:26.410   213   213 D dalvikvm: GC_EXPLICIT freed 601K, 22% free 12206K/15623K, paused 3ms+29ms
06-12 01:00:26.559  8252  8252 D dalvikvm: GC_FOR_ALLOC freed 284K, 5% free 10162K/10695K, paused 20ms
06-12 01:00:26.660  8252  8252 D dalvikvm: GC_FOR_ALLOC freed 138K, 4% free 10332K/10759K, paused 20ms
06-12 01:00:26.902  8252  8254 D dalvikvm: GC_CONCURRENT freed 167K, 3% free 10644K/10887K, paused 2ms+6ms
06-12 01:00:28.176  8252  8254 D dalvikvm: GC_CONCURRENT freed 378K, 5% free 10722K/11207K, paused 2ms+11ms
06-12 01:00:31.402   386   386 D dalvikvm: GC_EXPLICIT freed 2992K, 29% free 13020K/18311K, paused 4ms+16ms
06-12 01:00:32.359    81   122 D AudioHardware: AudioHardware pcm playback is exiting standby.
06-12 01:00:32.359    81   122 D AudioHardware: openPcmOut_l() mPcmOpenCnt: 0
06-12 01:00:32.477  8252  8252 D vclib:CallStateClient: stopListening
06-12 01:00:32.547  8252  8252 D vclib:CallStateClient: startListening
06-12 01:00:32.613  8252  8254 D dalvikvm: GC_CONCURRENT freed 716K, 8% free 10523K/11335K, paused 2ms+5ms
06-12 01:00:32.891  8120  8122 D dalvikvm: GC_CONCURRENT freed 358K, 6% free 9876K/10439K, paused 5ms+6ms
06-12 01:00:32.969  8252  8252 D dalvikvm: GC_FOR_ALLOC freed 428K, 10% free 10226K/11335K, paused 20ms
06-12 01:00:33.250  8252  8252 D dalvikvm: GC_FOR_ALLOC freed 149K, 10% free 10314K/11335K, paused 38ms
06-12 01:00:33.250  8252  8252 I dalvikvm-heap: Grow heap (frag case) to 10.180MB for 36880-byte allocation
06-12 01:00:33.273  8252  8252 D dalvikvm: GC_FOR_ALLOC freed 10K, 10% free 10340K/11399K, paused 22ms
06-12 01:00:35.266   335   338 D dalvikvm: GC_CONCURRENT freed 406K, 12% free 10617K/11975K, paused 1ms+5ms
06-12 01:00:35.449    81   122 D AudioHardware: AudioHardware pcm playback is going to standby.
06-12 01:00:35.449    81   122 D AudioHardware: closePcmOut_l() mPcmOpenCnt: 1
06-12 01:00:37.582    81   122 D AudioHardware: AudioHardware pcm playback is exiting standby.
06-12 01:00:37.582    81   122 D AudioHardware: openPcmOut_l() mPcmOpenCnt: 0
06-12 01:00:39.438   142   158 D dalvikvm: GC_EXPLICIT freed 760K, 31% free 16132K/23047K, paused 30ms+8ms
06-12 01:00:39.988   142   177 I ActivityManager: START {act=android.intent.action.MAIN cat=[android.intent.category.HOME] flg=0x10200000 cmp=com.android.launcher/com.android.launcher2.Launcher} from pid 142
06-12 01:00:40.496  8252  8252 D OpenGLRenderer: Flushing caches (mode 0)
06-12 01:00:40.598  8252  8252 W IInputConnectionWrapper: showStatusIcon on inactive InputConnection
06-12 01:00:40.637  8252  8252 D OpenGLRenderer: Flushing caches (mode 1)
06-12 01:00:40.672    81   122 D AudioHardware: AudioHardware pcm playback is going to standby.
06-12 01:00:40.672    81   122 D AudioHardware: closePcmOut_l() mPcmOpenCnt: 1
06-12 01:00:41.141  8252  8252 D vclib:CallStateClient: stopListening
06-12 01:00:41.152  8252  8252 D OpenGLRenderer: Flushing caches (mode 2)
06-12 01:00:41.164  8252  8252 D OpenGLRenderer: Flushing caches (mode 0)
06-12 01:00:50.941   335   335 D dalvikvm: GC_EXPLICIT freed 45K, 12% free 10586K/11975K, paused 2ms+3ms
06-12 01:00:55.957   356   356 D dalvikvm: GC_EXPLICIT freed 28K, 14% free 12016K/13895K, paused 2ms+9ms
06-12 01:00:56.000   142   153 D dalvikvm: GC_EXPLICIT freed 195K, 31% free 16110K/23047K, paused 15ms+6ms
06-12 01:00:57.313   142   276 I ActivityManager: Start proc com.google.android.gsf.login for service com.google.android.gsf.login/com.google.android.gsf.loginservice.GoogleLoginService: pid=8366 uid=10009 gids={3003, 1015, 1007, 2001, 3006}
06-12 01:00:57.566  8120  8122 D dalvikvm: GC_CONCURRENT freed 406K, 6% free 9897K/10439K, paused 2ms+5ms
06-12 01:01:05.285   438   438 D dalvikvm: GC_EXPLICIT freed <1K, 4% free 9033K/9347K, paused 10ms+2ms
06-12 01:01:10.316  8120  8120 D dalvikvm: GC_EXPLICIT freed 83K, 6% free 9828K/10439K, paused 15ms+3ms
06-12 01:01:15.313   319   319 D dalvikvm: GC_EXPLICIT freed <1K, 27% free 9082K/12359K, paused 12ms+2ms
06-12 01:01:20.336  7984  7984 D dalvikvm: GC_EXPLICIT freed 18K, 5% free 9411K/9863K, paused 10ms+3ms
06-12 01:01:20.801  7096  7110 I PhoneLab-: Service Running
06-12 01:01:20.859  7096  7110 I PhoneLab-LoggerService: app_38    1028  1     1428   984   c00f181c 400107b4 S logcat
06-12 01:01:20.859  7096  7110 I PhoneLab-LoggerService: Logcat pid from database 1028
06-12 01:01:20.859  7096  7110 I PhoneLab-LoggerService: Logcat process found 1028
06-12 01:01:20.859  7096  7110 I PhoneLab-LoggerService: Checking Threshold
06-12 01:01:20.859  7096  7110 I PhoneLab-LoggerService: Starting to rename files
06-12 01:01:20.859  7096  7110 I PhoneLab-LoggerService: Files found .. 2
06-12 01:01:25.344  7096  7096 D dalvikvm: GC_EXPLICIT freed 128K, 15% free 9088K/10631K, paused 9ms+2ms
06-12 01:01:29.555   142  6372 D AlarmManagerService: Kernel timezone updated to 240 minutes west of GMT
06-12 01:01:29.559   356   356 D SystemClock: Setting time of day to sec=1339477290
06-12 01:01:30.111   142   159 I ActivityManager: Start proc com.android.calendar for broadcast com.android.calendar/.widget.CalendarAppWidgetService$CalendarFactory: pid=8383 uid=10005 gids={3003}
06-12 01:01:30.197  8383  8383 I ActivityThread: Pub com.android.calendar.CalendarRecentSuggestionsProvider: com.android.calendar.CalendarRecentSuggestionsProvider
06-12 01:01:30.263   142   376 I ActivityManager: Start proc com.android.deskclock for broadcast com.android.deskclock/.AlarmInitReceiver: pid=8399 uid=10011 gids={}
06-12 01:01:30.298   142  6372 I ActivityManager: Start proc com.android.providers.calendar for content provider com.android.providers.calendar/.CalendarProvider2: pid=8408 uid=10006 gids={3003, 1015}
06-12 01:01:30.357  8399  8399 I ActivityThread: Pub com.android.deskclock: com.android.deskclock.AlarmProvider
06-12 01:01:30.388  8408  8408 I ActivityThread: Pub com.android.calendar: com.android.providers.calendar.CalendarProvider2
06-12 01:01:30.474  8399  8425 V AlarmClock: AlarmInitReceiver finished
06-12 01:01:30.560  8120  8430 D dalvikvm: GC_FOR_ALLOC freed 249K, 6% free 9899K/10439K, paused 21ms
06-12 01:01:31.622  8408  8408 I CalendarProvider2: Sending notification intent: Intent { act=android.intent.action.PROVIDER_CHANGED dat=content://com.android.calendar }
06-12 01:01:31.630  8408  8408 W ContentResolver: Failed to get type for: content://com.android.calendar (Unknown URL content://com.android.calendar)
06-12 01:01:36.787  8066  8066 D dalvikvm: GC_EXPLICIT freed 205K, 4% free 10837K/11271K, paused 17ms+3ms
06-12 01:01:51.005   142   169 I power   : *** set_screen_state 0
06-12 01:01:51.099    78   118 D SurfaceFlinger: About to give-up screen, flinger = 0xf19918
06-12 01:01:51.197   369  2924 D NfcService: NFC-C OFF, disconnect
06-12 01:01:56.105   142   173 V TransportControlView: Create TCV com.android.internal.widget.TransportControlView@4193a2c0
06-12 01:01:56.144   213   213 D PhoneStatusBar: disable: < expand icons alerts ticker system_info back home RECENT* clock >
06-12 01:02:05.058   213   213 D PhoneStatusBar: disable: < expand icons alerts ticker system_info BACK* HOME* RECENT CLOCK* >
06-12 01:02:05.449  8314  8316 D dalvikvm: GC_CONCURRENT freed 362K, 6% free 9491K/9991K, paused 2ms+3ms
06-12 01:05:15.007   142   158 V BackupManagerService: Running a backup pass
06-12 01:05:15.011   142   212 V BackupManagerService: clearing pending backups
06-12 01:05:15.011   142   212 V PerformBackupTask: Beginning backup of 1 targets
06-12 01:05:15.156   142   144 D dalvikvm: GC_CONCURRENT freed 699K, 26% free 17065K/23047K, paused 5ms+7ms
06-12 01:05:15.242   142   212 D PerformBackupTask: processOneBackup doBackup() on @pm@
06-12 01:05:15.246   142   212 V BackupServiceBinder: doBackup() invoked
06-12 01:05:15.257   142   212 I PerformBackupTask: no backup data written; not calling transport
06-12 01:05:15.261   142   158 D SettingsBackupAgent: onCreate() invoked
06-12 01:05:15.261   142   212 D PerformBackupTask: starting agent for backup of BackupRequest{pkg=com.android.providers.settings}
06-12 01:05:15.261   142   158 V ActivityThread: handleCreateBackupAgent: CreateBackupAgentData{appInfo=ApplicationInfo{4149d4c0 com.android.providers.settings} backupAgent=com.android.providers.settings.SettingsBackupAgent mode=0}
06-12 01:05:15.261   142   158 V ActivityThread: Initializing agent class com.android.providers.settings.SettingsBackupAgent
06-12 01:05:15.265   142   212 V BackupServiceBinder: doBackup() invoked
06-12 01:05:15.265   142   212 D BackupManagerService: awaiting agent for ApplicationInfo{4149d4c0 com.android.providers.settings}
06-12 01:05:15.265   142   158 D BackupManagerService: agentConnected pkg=com.android.providers.settings agent=android.app.backup.BackupAgent$BackupServiceBinder@4155f328
06-12 01:05:15.265   142   212 D PerformBackupTask: processOneBackup doBackup() on com.android.providers.settings
06-12 01:05:15.304   142   212 V LocalTransport: performBackup() pkg=com.android.providers.settings
06-12 01:05:15.304   142   158 V ActivityThread: handleDestroyBackupAgent: CreateBackupAgentData{appInfo=ApplicationInfo{4149d4c0 com.android.providers.settings} backupAgent=com.android.providers.settings.SettingsBackupAgent mode=0}
06-12 01:05:15.308   142   212 V LocalTransport: Got change set key=system size=948 key64=c3lzdGVt
06-12 01:05:15.312   142   212 V LocalTransport:   data size 948
06-12 01:05:15.316   142   212 V LocalTransport: finishBackup()
06-12 01:05:15.320   142   212 I PerformBackupTask: Backup pass finished.
06-12 01:10:29.097  8120  8441 I EventLogService: Aggregate from 1339476028687 (log), 1339476028687 (data)
06-12 01:10:29.347  8120  8122 D dalvikvm: GC_CONCURRENT freed 335K, 5% free 9991K/10503K, paused 2ms+3ms
06-12 01:23:49.152   213   215 D dalvikvm: GC_CONCURRENT freed 741K, 21% free 12413K/15623K, paused 2ms+8ms
06-12 01:25:59.023   142   171 I ActivityManager: Start proc com.google.android.gm for service com.google.android.gm/.provider.MailIndexerService: pid=8443 uid=10019 gids={3003, 1015}
06-12 01:25:59.179  8443  8443 I ActivityThread: Pub gmail-ls: com.google.android.gm.provider.MailProvider
06-12 01:25:59.191  8443  8443 I ActivityThread: Pub com.google.android.gm: com.google.android.gm.provider.PublicContentProvider
06-12 01:25:59.199  8443  8443 I ActivityThread: Pub com.google.android.gmail.SuggestionProvider: com.google.android.gm.SuggestionsProvider
06-12 01:25:59.371  8443  8458 W Gmail   : No MailEngine for account: 21bhaavyaakapoor@gmail.com
06-12 01:25:59.464  7096  7096 I PhoneLab-Locks: wake lock acquired
06-12 01:25:59.492  7096  8460 I PhoneLab-PeriodicCheckService: User info is synched
06-12 01:25:59.500  7096  8460 I PhoneLab-PeriodicCheckService: Logger Service is running
06-12 01:25:59.503  7096  7096 I PhoneLab-Locks: wake lock acquired
06-12 01:25:59.507  7096  7096 I PhoneLab-StatusMonitor: Status Monitoring is started
06-12 01:25:59.507  7096  7096 E PhoneLab-PhoneLabManifest: java.io.FileNotFoundException: /data/data/edu.buffalo.cse.phonelab.phonelabservices/files/manifest.xml: open failed: ENOENT (No such file or directory)
06-12 01:25:59.507  7096  7096 I PhoneLab-Locks: wake lock released
06-12 01:25:59.515  7096  8460 I PhoneLab-Locks: wake lock acquired
06-12 01:25:59.515  7096  7096 I PhoneLab-UploadLogs: Transfering log files now
06-12 01:25:59.519  7096  8460 I PhoneLab-PeriodicCheckService: Rescheduling periodic checking...
06-12 01:25:59.519  7096  8460 I PhoneLab-Locks: wake lock released
06-12 01:25:59.570  7096  7098 D dalvikvm: GC_CONCURRENT freed 391K, 14% free 9201K/10631K, paused 2ms+2ms
06-12 01:25:59.589  7096  7096 D dalvikvm: GC_FOR_ALLOC freed 177K, 12% free 9392K/10631K, paused 12ms
06-12 01:25:59.605  7096  7096 I PhoneLab-UploadLogs: OnStartCommand
06-12 01:25:59.621  7096  7098 D dalvikvm: GC_CONCURRENT freed 299K, 10% free 9604K/10631K, paused 2ms+2ms
06-12 01:26:01.488  7096  8462 D dalvikvm: GC_FOR_ALLOC freed 307K, 10% free 9624K/10631K, paused 43ms
06-12 01:26:01.503  7096  8462 D dalvikvm: GC_FOR_ALLOC freed 301K, 10% free 9624K/10631K, paused 11ms
06-12 01:26:01.515  7096  8462 D dalvikvm: GC_FOR_ALLOC freed 301K, 10% free 9625K/10631K, paused 12ms
06-12 01:26:11.257  7096  7096 I PhoneLab-: 1339476560989.log is deleted
06-12 01:26:11.257  7096  7096 I PhoneLab-: Response: {"data": "done", "err": ""}
06-12 01:26:11.269  7096  7096 I PhoneLab-UploadLogs: No log files to transfer
06-12 01:26:11.269  7096  7096 I PhoneLab-Locks: wake lock released
06-12 01:40:29.367  8120  8465 I EventLogService: Aggregate from 1339477829281 (log), 1339477829281 (data)
06-12 01:42:29.152   213   215 D dalvikvm: GC_CONCURRENT freed 952K, 21% free 12482K/15623K, paused 2ms+10ms
06-12 01:44:50.699  8443  8445 D dalvikvm: GC_CONCURRENT freed 247K, 4% free 9220K/9543K, paused 15ms+2ms
06-12 01:44:50.816  8443  8445 D dalvikvm: GC_CONCURRENT freed 260K, 4% free 9447K/9799K, paused 2ms+2ms
06-12 01:44:50.832  8443  8469 I Gmail   : calculateUnknownSyncRationalesAndPurgeInBackground: queueing
06-12 01:44:50.851  8443  8469 I Gmail   : calculateUnknownSyncRationalesAndPurgeInBackground: queueing
06-12 01:44:50.871  8443  8469 I Gmail   : calculateUnknownSyncRationalesAndPurgeInBackground: running
06-12 01:44:50.988  8443  8469 I Gmail   : calculateUnknownSyncRationalesAndPurgeInBackground: running
06-12 01:44:51.004  8120  8161 D dalvikvm: GC_EXPLICIT freed 219K, 6% free 9929K/10503K, paused 3ms+4ms
06-12 01:44:51.011  8443  8468 I Gmail   : MainSyncRequestProto: lowestBkwdConvoId: 0, highestHandledServerOp: 1058901, normalSync: true
06-12 01:44:53.254  8443  8445 D dalvikvm: GC_CONCURRENT freed 419K, 6% free 9436K/9991K, paused 2ms+6ms
06-12 01:44:55.062  8443  8445 D dalvikvm: GC_CONCURRENT freed 389K, 6% free 9466K/9991K, paused 2ms+2ms
06-12 01:44:55.136  8443  8468 D dalvikvm: GC_EXPLICIT freed 79K, 6% free 9456K/9991K, paused 1ms+3ms
06-12 01:44:55.144  8443  8468 I Gmail   : MainSyncRequestProto: lowestBkwdConvoId: 0, highestHandledServerOp: 1058988, normalSync: true
06-12 01:44:55.277   142   144 D dalvikvm: JIT code cache reset in 4 ms (1048528 bytes 9/0)
06-12 01:44:55.293   142   144 D dalvikvm: GC_CONCURRENT freed 1840K, 26% free 17116K/23047K, paused 3ms+14ms
06-12 01:44:56.144  8443  8468 D dalvikvm: GC_EXPLICIT freed 205K, 5% free 9508K/9991K, paused 4ms+6ms
06-12 01:44:56.152  8443  8468 I Gmail   : MainSyncRequestProto: lowestBkwdConvoId: 0, highestHandledServerOp: 1058991, normalSync: true
06-12 01:44:56.187  8443  8468 W Gmail   : Scheduling index for 300000 ms from now
06-12 01:44:56.211  8443  8468 I Gmail   : Sending notification intent: Intent { act=android.intent.action.PROVIDER_CHANGED dat=content://gmail-ls/unread/^i (has extras) }
06-12 01:44:56.281  8443  8468 I Gmail   : Sending notification intent: Intent { act=android.intent.action.PROVIDER_CHANGED dat=content://gmail-ls/unread/^iim (has extras) }
06-12 01:44:56.293  8443  8475 W Gmail   : Showing notification with unreadCount of 1202 and unseenCount of 1
06-12 01:44:56.484  8443  8445 D dalvikvm: GC_CONCURRENT freed 307K, 5% free 9628K/10055K, paused 2ms+3ms
06-12 01:44:56.554   142  8478 I AudioService:  AudioFocus  requestAudioFocus() from android.media.AudioManager@414e9f90
06-12 01:44:56.574    81   122 D AudioHardware: AudioHardware pcm playback is exiting standby.
06-12 01:44:56.574    81   122 D AudioHardware: openPcmOut_l() mPcmOpenCnt: 0
06-12 01:44:58.461   142  8478 I AudioService:  AudioFocus  abandonAudioFocus() from android.media.AudioManager@414e9f90
06-12 01:45:01.546    81   122 D AudioHardware: AudioHardware pcm playback is going to standby.
06-12 01:45:01.550    81   122 D AudioHardware: closePcmOut_l() mPcmOpenCnt: 1
06-12 01:47:50.308   142   376 D dalvikvm: GC_EXPLICIT freed 332K, 26% free 17067K/23047K, paused 3ms+6ms
06-12 01:47:50.375  8408  8412 D dalvikvm: GC_CONCURRENT freed 328K, 5% free 9137K/9543K, paused 1ms+2ms
06-12 01:47:50.390  8443  8484 I Gmail   : MainSyncRequestProto: lowestBkwdConvoId: 0, highestHandledServerOp: 1058991, normalSync: true
06-12 01:47:51.164  8443  8484 D dalvikvm: GC_EXPLICIT freed 126K, 5% free 9563K/10055K, paused 2ms+3ms
06-12 01:47:51.168  8443  8484 I Gmail   : MainSyncRequestProto: lowestBkwdConvoId: 0, highestHandledServerOp: 1058991, normalSync: true
06-12 01:47:51.179  8443  8484 W Gmail   : Scheduling index for 300000 ms from now
06-12 01:54:19.523   213   215 D dalvikvm: GC_CONCURRENT freed 1059K, 21% free 12472K/15623K, paused 2ms+281ms
06-12 01:54:19.742   142  8486 I AudioService:  AudioFocus  requestAudioFocus() from android.media.AudioManager@414e9f90
06-12 01:54:19.761    81   122 D AudioHardware: AudioHardware pcm playback is exiting standby.
06-12 01:54:19.761    81   122 D AudioHardware: openPcmOut_l() mPcmOpenCnt: 0
06-12 01:54:21.644   142  8486 I AudioService:  AudioFocus  abandonAudioFocus() from android.media.AudioManager@414e9f90
06-12 01:54:24.730    81   122 D AudioHardware: AudioHardware pcm playback is going to standby.
06-12 01:54:24.730    81   122 D AudioHardware: closePcmOut_l() mPcmOpenCnt: 1
06-12 01:55:59.535  7096  7096 I PhoneLab-Locks: wake lock acquired
06-12 01:55:59.566  7096  8494 I PhoneLab-PeriodicCheckService: User info is synched
06-12 01:55:59.566  7096  8494 I PhoneLab-PeriodicCheckService: Logger Service is running
06-12 01:55:59.570  7096  7096 I PhoneLab-Locks: wake lock acquired
06-12 01:55:59.574  7096  7096 I PhoneLab-StatusMonitor: Status Monitoring is started
06-12 01:55:59.593  7096  7096 E PhoneLab-PhoneLabManifest: java.io.FileNotFoundException: /data/data/edu.buffalo.cse.phonelab.phonelabservices/files/manifest.xml: open failed: ENOENT (No such file or directory)
06-12 01:55:59.593  7096  7096 I PhoneLab-Locks: wake lock released
06-12 01:55:59.593  7096  8494 I PhoneLab-Locks: wake lock acquired
06-12 01:55:59.597  7096  7096 I PhoneLab-UploadLogs: Transfering log files now
06-12 01:55:59.597  7096  7096 I PhoneLab-UploadLogs: No log files to transfer
06-12 01:55:59.597  7096  7096 I PhoneLab-Locks: wake lock released
06-12 01:55:59.601  7096  8494 I PhoneLab-PeriodicCheckService: Rescheduling periodic checking...
06-12 01:55:59.601  7096  8494 I PhoneLab-Locks: wake lock released
06-12 01:55:59.605  7096  7096 I PhoneLab-UploadLogs: OnStartCommand
06-12 02:01:27.234  7096  7098 D dalvikvm: GC_CONCURRENT freed 886K, 15% free 9134K/10631K, paused 2ms+14ms
06-12 02:01:28.047  7096  7110 I PhoneLab-: Service Running
06-12 02:01:28.132  7096  7110 I PhoneLab-LoggerService: app_38    1028  1     1428   984   c00ab7c8 40010474 D logcat
06-12 02:01:28.132  7096  7110 I PhoneLab-LoggerService: Logcat pid from database 1028
06-12 02:01:28.132  7096  7110 I PhoneLab-LoggerService: Logcat process found 1028
06-12 02:01:28.132  7096  7110 I PhoneLab-LoggerService: Checking Threshold
06-12 02:01:28.136  7096  7110 I PhoneLab-: Service Running
06-12 02:01:28.164  7096  7110 I PhoneLab-LoggerService: app_38    1028  1     1428   984   c00ab7c8 40010474 D logcat
06-12 02:01:28.164  7096  7110 I PhoneLab-LoggerService: Logcat pid from database 1028
06-12 02:01:28.164  7096  7110 I PhoneLab-LoggerService: Logcat process found 1028
06-12 02:01:28.164  7096  7110 I PhoneLab-LoggerService: Checking Threshold
06-12 02:01:28.164  7096  7110 I PhoneLab-: Service Running
06-12 02:01:28.195  7096  7110 I PhoneLab-LoggerService: app_38    1028  1     1428   984   c00ab7c8 40010474 D logcat
06-12 02:01:28.195  7096  7110 I PhoneLab-LoggerService: Logcat pid from database 1028
06-12 02:01:28.195  7096  7110 I PhoneLab-LoggerService: Logcat process found 1028
06-12 02:01:28.195  7096  7110 I PhoneLab-LoggerService: Checking Threshold
06-12 02:01:28.199  7096  7110 I PhoneLab-: Service Running
06-12 02:01:28.238  7096  7110 I PhoneLab-LoggerService: app_38    1028  1     1428   984   c00f181c 400107b4 S logcat
06-12 02:01:28.238  7096  7110 I PhoneLab-LoggerService: Logcat pid from database 1028
06-12 02:01:28.238  7096  7110 I PhoneLab-LoggerService: Logcat process found 1028
06-12 02:01:28.238  7096  7110 I PhoneLab-LoggerService: Checking Threshold
06-12 02:01:28.238  7096  7110 I PhoneLab-: Service Running
06-12 02:01:28.347   142  8501 I AudioService:  AudioFocus  requestAudioFocus() from android.media.AudioManager@414e9f90
06-12 02:01:28.363    81   122 D AudioHardware: AudioHardware pcm playback is exiting standby.
06-12 02:01:28.363    81   122 D AudioHardware: openPcmOut_l() mPcmOpenCnt: 0
06-12 02:01:28.379  7096  7110 I PhoneLab-LoggerService: app_38    1028  1     1428   984   c00f181c 400107b4 S logcat
06-12 02:01:28.382  7096  7110 I PhoneLab-LoggerService: Logcat pid from database 1028
06-12 02:01:28.382  7096  7110 I PhoneLab-LoggerService: Logcat process found 1028
06-12 02:01:28.382  7096  7110 I PhoneLab-LoggerService: Checking Threshold
06-12 02:01:28.382  7096  7110 I PhoneLab-: Service Running
06-12 02:01:28.418  7096  7110 I PhoneLab-LoggerService: app_38    1028  1     1428   984   c00f181c 400107b4 S logcat
06-12 02:01:28.418  7096  7110 I PhoneLab-LoggerService: Logcat pid from database 1028
06-12 02:01:28.418  7096  7110 I PhoneLab-LoggerService: Logcat process found 1028
06-12 02:01:28.418  7096  7110 I PhoneLab-LoggerService: Checking Threshold
06-12 02:01:28.418  7096  7110 I PhoneLab-: Service Running
06-12 02:01:28.492  7096  7110 I PhoneLab-LoggerService: app_38    1028  1     1428   984   c00f181c 400107b4 S logcat
06-12 02:01:28.492  7096  7110 I PhoneLab-LoggerService: Logcat pid from database 1028
06-12 02:01:28.492  7096  7110 I PhoneLab-LoggerService: Logcat process found 1028
06-12 02:01:28.492  7096  7110 I PhoneLab-LoggerService: Checking Threshold
06-12 02:01:28.492  7096  7110 I PhoneLab-: Service Running
06-12 02:01:28.550  7096  7098 D dalvikvm: GC_CONCURRENT freed 397K, 15% free 9123K/10631K, paused 3ms+1ms
06-12 02:01:28.554  7096  7110 I PhoneLab-LoggerService: app_38    1028  1     1428   984   c00f181c 400107b4 S logcat
06-12 02:01:28.558  7096  7110 I PhoneLab-LoggerService: Logcat pid from database 1028
06-12 02:01:28.558  7096  7110 I PhoneLab-LoggerService: Logcat process found 1028
06-12 02:01:28.558  7096  7110 I PhoneLab-LoggerService: Checking Threshold
06-12 02:01:28.558  7096  7110 I PhoneLab-: Service Running
06-12 02:01:28.601  7096  7110 I PhoneLab-LoggerService: app_38    1028  1     1428   984   c00f181c 400107b4 S logcat
06-12 02:01:28.601  7096  7110 I PhoneLab-LoggerService: Logcat pid from database 1028
06-12 02:01:28.601  7096  7110 I PhoneLab-LoggerService: Logcat process found 1028
06-12 02:01:28.601  7096  7110 I PhoneLab-LoggerService: Checking Threshold
06-12 02:01:28.601  7096  7110 I PhoneLab-: Service Running
06-12 02:01:28.640  7096  7110 I PhoneLab-LoggerService: app_38    1028  1     1428   984   c00f181c 400107b4 S logcat
06-12 02:01:28.640  7096  7110 I PhoneLab-LoggerService: Logcat pid from database 1028
06-12 02:01:28.640  7096  7110 I PhoneLab-LoggerService: Logcat process found 1028
06-12 02:01:28.640  7096  7110 I PhoneLab-LoggerService: Checking Threshold
06-12 02:01:28.640  7096  7110 I PhoneLab-: Service Running
06-12 02:01:28.675  7096  7110 I PhoneLab-LoggerService: app_38    1028  1     1428   984   c00f181c 400107b4 S logcat
06-12 02:01:28.675  7096  7110 I PhoneLab-LoggerService: Logcat pid from database 1028
06-12 02:01:28.675  7096  7110 I PhoneLab-LoggerService: Logcat process found 1028
06-12 02:01:28.675  7096  7110 I PhoneLab-LoggerService: Checking Threshold
06-12 02:01:28.675  7096  7110 I PhoneLab-: Service Running
06-12 02:01:28.711  7096  7110 I PhoneLab-LoggerService: app_38    1028  1     1428   984   c00f181c 400107b4 S logcat
06-12 02:01:28.715  7096  7110 I PhoneLab-LoggerService: Logcat pid from database 1028
06-12 02:01:28.715  7096  7110 I PhoneLab-LoggerService: Logcat process found 1028
06-12 02:01:28.715  7096  7110 I PhoneLab-LoggerService: Checking Threshold
06-12 02:01:28.715  7096  7110 I PhoneLab-: Service Running
06-12 02:01:28.750  7096  7110 I PhoneLab-LoggerService: app_38    1028  1     1428   984   c00f181c 400107b4 S logcat
06-12 02:01:28.750  7096  7110 I PhoneLab-LoggerService: Logcat pid from database 1028
06-12 02:01:28.750  7096  7110 I PhoneLab-LoggerService: Logcat process found 1028
06-12 02:01:28.750  7096  7110 I PhoneLab-LoggerService: Checking Threshold
06-12 02:01:28.750  7096  7110 I PhoneLab-: Service Running
06-12 02:01:28.785  7096  7110 I PhoneLab-LoggerService: app_38    1028  1     1428   984   c00f181c 400107b4 S logcat
06-12 02:01:28.785  7096  7110 I PhoneLab-LoggerService: Logcat pid from database 1028
06-12 02:01:28.785  7096  7110 I PhoneLab-LoggerService: Logcat process found 1028
06-12 02:01:28.785  7096  7110 I PhoneLab-LoggerService: Checking Threshold
06-12 02:01:28.785  7096  7110 I PhoneLab-: Service Running
06-12 02:01:28.820  7096  7110 I PhoneLab-LoggerService: app_38    1028  1     1428   984   c00f181c 400107b4 S logcat
06-12 02:01:28.824  7096  7110 I PhoneLab-LoggerService: Logcat pid from database 1028
06-12 02:01:28.824  7096  7110 I PhoneLab-LoggerService: Logcat process found 1028
06-12 02:01:28.824  7096  7110 I PhoneLab-LoggerService: Checking Threshold
06-12 02:01:28.824  7096  7110 I PhoneLab-: Service Running
06-12 02:01:28.840  8443  8492 W Gmail   : Successful index run, cancel next scheduled index run
06-12 02:01:28.879  7096  7110 I PhoneLab-LoggerService: app_38    1028  1     1428   984   c00f181c 400107b4 S logcat
06-12 02:01:28.879  7096  7110 I PhoneLab-LoggerService: Logcat pid from database 1028
06-12 02:01:28.879  7096  7110 I PhoneLab-LoggerService: Logcat process found 1028
06-12 02:01:28.879  7096  7110 I PhoneLab-LoggerService: Checking Threshold
06-12 02:01:28.879  7096  7110 I PhoneLab-: Service Running
06-12 02:01:28.886  7096  7098 D dalvikvm: GC_CONCURRENT freed 401K, 15% free 9137K/10631K, paused 2ms+3ms
06-12 02:01:28.957  7096  7110 I PhoneLab-LoggerService: app_38    1028  1     1428   984   c00f181c 400107b4 S logcat
06-12 02:01:28.957  7096  7110 I PhoneLab-LoggerService: Logcat pid from database 1028
06-12 02:01:28.957  7096  7110 I PhoneLab-LoggerService: Logcat process found 1028
06-12 02:01:28.957  7096  7110 I PhoneLab-LoggerService: Checking Threshold
06-12 02:01:28.957  7096  7110 I PhoneLab-: Service Running
06-12 02:01:28.984  7096  7110 I PhoneLab-LoggerService: app_38    1028  1     1428   984   c00f181c 400107b4 S logcat
06-12 02:01:28.984  7096  7110 I PhoneLab-LoggerService: Logcat pid from database 1028
06-12 02:01:28.988  7096  7110 I PhoneLab-LoggerService: Logcat process found 1028
06-12 02:01:28.988  7096  7110 I PhoneLab-LoggerService: Checking Threshold
06-12 02:01:28.988  7096  7110 I PhoneLab-: Service Running
06-12 02:01:29.015  7096  7110 I PhoneLab-LoggerService: app_38    1028  1     1428   984   c00f181c 400107b4 S logcat
06-12 02:01:29.015  7096  7110 I PhoneLab-LoggerService: Logcat pid from database 1028
06-12 02:01:29.015  7096  7110 I PhoneLab-LoggerService: Logcat process found 1028
06-12 02:01:29.015  7096  7110 I PhoneLab-LoggerService: Checking Threshold
06-12 02:01:29.015  7096  7110 I PhoneLab-: Service Running
06-12 02:01:29.043  7096  7110 I PhoneLab-LoggerService: app_38    1028  1     1428   984   c00f181c 400107b4 S logcat
06-12 02:01:29.043  7096  7110 I PhoneLab-LoggerService: Logcat pid from database 1028
06-12 02:01:29.043  7096  7110 I PhoneLab-LoggerService: Logcat process found 1028
06-12 02:01:29.043  7096  7110 I PhoneLab-LoggerService: Checking Threshold
06-12 02:01:29.043  7096  7110 I PhoneLab-: Service Running
06-12 02:01:29.070  7096  7110 I PhoneLab-LoggerService: app_38    1028  1     1428   984   c00f181c 400107b4 S logcat
06-12 02:01:29.070  7096  7110 I PhoneLab-LoggerService: Logcat pid from database 1028
06-12 02:01:29.070  7096  7110 I PhoneLab-LoggerService: Logcat process found 1028
06-12 02:01:29.070  7096  7110 I PhoneLab-LoggerService: Checking Threshold
06-12 02:01:29.074  7096  7110 I PhoneLab-: Service Running
06-12 02:01:29.101  7096  7110 I PhoneLab-LoggerService: app_38    1028  1     1428   984   c00f181c 400107b4 S logcat
06-12 02:01:29.101  7096  7110 I PhoneLab-LoggerService: Logcat pid from database 1028
06-12 02:01:29.101  7096  7110 I PhoneLab-LoggerService: Logcat process found 1028
06-12 02:01:29.101  7096  7110 I PhoneLab-LoggerService: Checking Threshold
06-12 02:01:29.101  7096  7110 I PhoneLab-: Service Running
06-12 02:01:29.129  7096  7110 I PhoneLab-LoggerService: app_38    1028  1     1428   984   c00f181c 400107b4 S logcat
06-12 02:01:29.129  7096  7110 I PhoneLab-LoggerService: Logcat pid from database 1028
06-12 02:01:29.129  7096  7110 I PhoneLab-LoggerService: Logcat process found 1028
06-12 02:01:29.129  7096  7110 I PhoneLab-LoggerService: Checking Threshold
06-12 02:01:29.129  7096  7110 I PhoneLab-: Service Running
06-12 02:01:29.168  7096  7110 I PhoneLab-LoggerService: app_38    1028  1     1428   984   c00f181c 400107b4 S logcat
06-12 02:01:29.168  7096  7110 I PhoneLab-LoggerService: Logcat pid from database 1028
06-12 02:01:29.168  7096  7110 I PhoneLab-LoggerService: Logcat process found 1028
06-12 02:01:29.168  7096  7110 I PhoneLab-LoggerService: Checking Threshold
06-12 02:01:29.168  7096  7110 I PhoneLab-: Service Running
06-12 02:01:29.187  7096  7098 D dalvikvm: GC_CONCURRENT freed 415K, 15% free 9124K/10631K, paused 1ms+2ms
06-12 02:01:29.211  7096  7110 I PhoneLab-LoggerService: app_38    1028  1     1428   984   c00f181c 400107b4 S logcat
06-12 02:01:29.211  7096  7110 I PhoneLab-LoggerService: Logcat pid from database 1028
06-12 02:01:29.211  7096  7110 I PhoneLab-LoggerService: Logcat process found 1028
06-12 02:01:29.211  7096  7110 I PhoneLab-LoggerService: Checking Threshold
06-12 02:01:29.211  7096  7110 I PhoneLab-: Service Running
06-12 02:01:29.238  7096  7110 I PhoneLab-LoggerService: app_38    1028  1     1428   984   c00f181c 400107b4 S logcat
06-12 02:01:29.238  7096  7110 I PhoneLab-LoggerService: Logcat pid from database 1028
06-12 02:01:29.238  7096  7110 I PhoneLab-LoggerService: Logcat process found 1028
06-12 02:01:29.242  7096  7110 I PhoneLab-LoggerService: Checking Threshold
06-12 02:01:29.242  7096  7110 I PhoneLab-: Service Running
06-12 02:01:29.269  7096  7110 I PhoneLab-LoggerService: app_38    1028  1     1428   984   c00f181c 400107b4 S logcat
06-12 02:01:29.269  7096  7110 I PhoneLab-LoggerService: Logcat pid from database 1028
06-12 02:01:29.269  7096  7110 I PhoneLab-LoggerService: Logcat process found 1028
06-12 02:01:29.269  7096  7110 I PhoneLab-LoggerService: Checking Threshold
06-12 02:01:29.269  7096  7110 I PhoneLab-: Service Running
06-12 02:01:29.297  7096  7110 I PhoneLab-LoggerService: app_38    1028  1     1428   984   c00f181c 400107b4 S logcat
06-12 02:01:29.297  7096  7110 I PhoneLab-LoggerService: Logcat pid from database 1028
06-12 02:01:29.297  7096  7110 I PhoneLab-LoggerService: Logcat process found 1028
06-12 02:01:29.297  7096  7110 I PhoneLab-LoggerService: Checking Threshold
06-12 02:01:29.297  7096  7110 I PhoneLab-: Service Running
06-12 02:01:29.324  7096  7110 I PhoneLab-LoggerService: app_38    1028  1     1428   984   c00f181c 400107b4 S logcat
06-12 02:01:29.324  7096  7110 I PhoneLab-LoggerService: Logcat pid from database 1028
06-12 02:01:29.324  7096  7110 I PhoneLab-LoggerService: Logcat process found 1028
06-12 02:01:29.324  7096  7110 I PhoneLab-LoggerService: Checking Threshold
06-12 02:01:29.328  7096  7110 I PhoneLab-: Service Running
06-12 02:01:29.351  7096  7110 I PhoneLab-LoggerService: app_38    1028  1     1428   984   c00f181c 400107b4 S logcat
06-12 02:01:29.355  7096  7110 I PhoneLab-LoggerService: Logcat pid from database 1028
06-12 02:01:29.355  7096  7110 I PhoneLab-LoggerService: Logcat process found 1028
06-12 02:01:29.355  7096  7110 I PhoneLab-LoggerService: Checking Threshold
06-12 02:01:30.254   142  8501 I AudioService:  AudioFocus  abandonAudioFocus() from android.media.AudioManager@414e9f90
06-12 02:01:33.340    81   122 D AudioHardware: AudioHardware pcm playback is going to standby.
06-12 02:01:33.340    81   122 D AudioHardware: closePcmOut_l() mPcmOpenCnt: 1
06-12 02:08:27.011   142   158 V BackupManagerService: Running a backup pass
06-12 02:08:27.109   142   212 V BackupManagerService: Backup requested but nothing pending
06-12 02:10:29.461  8120  8531 I EventLogService: Aggregate from 1339479629369 (log), 1339479629369 (data)
06-12 02:16:27.136   213   215 D dalvikvm: GC_CONCURRENT freed 1005K, 20% free 12511K/15623K, paused 1ms+8ms
06-12 02:23:17.285  8120  8122 D dalvikvm: GC_CONCURRENT freed 355K, 6% free 10020K/10567K, paused 2ms+3ms
06-12 02:23:17.355  8443  8534 I Gmail   : MainSyncRequestProto: lowestBkwdConvoId: 0, highestHandledServerOp: 1058991, normalSync: true
06-12 02:23:19.394  8443  8445 D dalvikvm: GC_CONCURRENT freed 348K, 5% free 9640K/10119K, paused 2ms+2ms
06-12 02:23:21.375  8443  8445 D dalvikvm: GC_CONCURRENT freed 449K, 6% free 9598K/10183K, paused 2ms+2ms
06-12 02:23:21.449  8443  8534 D dalvikvm: GC_EXPLICIT freed 26K, 6% free 9592K/10183K, paused 2ms+3ms
06-12 02:23:21.453  8443  8534 I Gmail   : MainSyncRequestProto: lowestBkwdConvoId: 0, highestHandledServerOp: 1059030, normalSync: true
06-12 02:23:22.461  8443  8534 D dalvikvm: GC_EXPLICIT freed 188K, 6% free 9615K/10183K, paused 9ms+3ms
06-12 02:23:22.468  8443  8534 I Gmail   : MainSyncRequestProto: lowestBkwdConvoId: 0, highestHandledServerOp: 1059033, normalSync: true
06-12 02:23:22.476  8443  8534 W Gmail   : Scheduling index for 300000 ms from now
06-12 02:23:22.500  8443  8534 I Gmail   : Sending notification intent: Intent { act=android.intent.action.PROVIDER_CHANGED dat=content://gmail-ls/unread/^i (has extras) }
06-12 02:23:22.523  8443  8538 W Gmail   : Showing notification with unreadCount of 1203 and unseenCount of 2
06-12 02:23:22.539  8443  8534 I Gmail   : Sending notification intent: Intent { act=android.intent.action.PROVIDER_CHANGED dat=content://gmail-ls/unread/^iim (has extras) }
06-12 02:23:22.668  8443  8539 I Gmail   : MainSyncRequestProto: lowestBkwdConvoId: 0, highestHandledServerOp: 1059033, normalSync: true
06-12 02:23:23.339  8443  8539 D dalvikvm: GC_EXPLICIT freed 213K, 6% free 9639K/10183K, paused 2ms+3ms
06-12 02:23:23.343  8443  8539 I Gmail   : MainSyncRequestProto: lowestBkwdConvoId: 0, highestHandledServerOp: 1059033, normalSync: true
06-12 02:23:23.355  8443  8539 W Gmail   : Scheduling index for 300000 ms from now
06-12 02:26:00.007  7096  7096 I PhoneLab-Locks: wake lock acquired
06-12 02:26:00.039  7096  8540 I PhoneLab-PeriodicCheckService: User info is synched
06-12 02:26:00.039  7096  8540 I PhoneLab-PeriodicCheckService: Logger Service is running
06-12 02:26:00.043  7096  8540 I PhoneLab-Locks: wake lock acquired
06-12 02:26:00.047  7096  7096 I PhoneLab-UploadLogs: Transfering log files now
06-12 02:26:00.047  7096  7096 I PhoneLab-UploadLogs: No log files to transfer
06-12 02:26:00.047  7096  7096 I PhoneLab-Locks: wake lock released
06-12 02:26:00.047  7096  7096 I PhoneLab-UploadLogs: OnStartCommand
06-12 02:26:00.054  7096  8540 I PhoneLab-PeriodicCheckService: Rescheduling periodic checking...
06-12 02:26:00.054  7096  8540 I PhoneLab-Locks: wake lock released
06-12 02:28:27.293   142   144 D dalvikvm: GC_CONCURRENT freed 1785K, 26% free 17188K/23047K, paused 3ms+15ms
06-12 02:28:27.367  8443  8542 I Gmail   : MainSyncRequestProto: lowestBkwdConvoId: 0, highestHandledServerOp: 1059033, normalSync: true
06-12 02:28:29.867  8443  8445 D dalvikvm: GC_CONCURRENT freed 411K, 6% free 9644K/10183K, paused 2ms+3ms
06-12 02:28:29.941  8443  8542 D dalvikvm: GC_EXPLICIT freed 80K, 6% free 9621K/10183K, paused 2ms+3ms
06-12 02:28:29.949  8443  8542 I Gmail   : MainSyncRequestProto: lowestBkwdConvoId: 0, highestHandledServerOp: 1059056, normalSync: true
06-12 02:28:30.804  8443  8542 D dalvikvm: GC_FOR_ALLOC freed 45K, 5% free 9683K/10183K, paused 18ms
06-12 02:28:30.839  8443  8542 D dalvikvm: GC_FOR_ALLOC freed 7K, 6% free 9771K/10311K, paused 15ms
06-12 02:28:30.839  8443  8542 I dalvikvm-heap: Grow heap (frag case) to 9.708MB for 97026-byte allocation
06-12 02:28:30.855  8443  8542 D dalvikvm: GC_FOR_ALLOC freed 143K, 7% free 9723K/10439K, paused 15ms
06-12 02:28:30.976  8443  8445 D dalvikvm: GC_CONCURRENT freed 491K, 8% free 9642K/10439K, paused 2ms+2ms
06-12 02:28:31.132  8443  8542 D dalvikvm: GC_EXPLICIT freed 42K, 8% free 9637K/10439K, paused 9ms+3ms
06-12 02:28:31.136  8443  8542 I Gmail   : MainSyncRequestProto: lowestBkwdConvoId: 0, highestHandledServerOp: 1059056, normalSync: true
06-12 02:28:31.144  8443  8542 W Gmail   : Scheduling index for 300000 ms from now
06-12 02:28:31.168  8443  8542 I Gmail   : Sending notification intent: Intent { act=android.intent.action.PROVIDER_CHANGED dat=content://gmail-ls/unread/^i (has extras) }
06-12 02:28:31.191  8443  8543 W Gmail   : Showing notification with unreadCount of 1204 and unseenCount of 3
06-12 02:28:31.296   213   215 D dalvikvm: GC_CONCURRENT freed 973K, 19% free 12664K/15623K, paused 2ms+8ms
06-12 02:28:32.629  8274  8545 I DownloadManager: Initiating request for download 294
06-12 02:28:35.156  8274  8276 D dalvikvm: GC_CONCURRENT freed 358K, 6% free 9244K/9735K, paused 15ms+2ms
06-12 02:28:36.601  8274  8551 I DownloadManager: deleting /data/data/com.android.providers.downloads/cache/downloadfile.jpeg
06-12 02:28:36.617  8274  8552 I DownloadManager: Initiating request for download 295
06-12 02:28:39.234  8274  8276 D dalvikvm: GC_CONCURRENT freed 345K, 5% free 9318K/9799K, paused 13ms+2ms
06-12 02:28:39.500   142   376 D dalvikvm: GC_EXPLICIT freed 324K, 26% free 17118K/23047K, paused 6ms+7ms
06-12 02:28:39.586  8274  8558 I DownloadManager: deleting /data/data/com.android.providers.downloads/cache/downloadfile.jpeg
06-12 02:28:39.851  8274  8560 I DownloadManager: Initiating request for download 296
06-12 02:28:42.437  8274  8276 D dalvikvm: GC_CONCURRENT freed 410K, 6% free 9326K/9863K, paused 3ms+3ms
06-12 02:28:42.523  8274  8565 I DownloadManager: deleting /data/data/com.android.providers.downloads/cache/downloadfile.jpeg
06-12 02:28:43.746  8274  8567 I DownloadManager: Initiating request for download 297
06-12 02:28:46.332  8443  8445 D dalvikvm: GC_CONCURRENT freed 328K, 8% free 9696K/10439K, paused 2ms+3ms
06-12 02:28:46.527  8274  8276 D dalvikvm: GC_CONCURRENT freed 431K, 6% free 9295K/9863K, paused 2ms+4ms
06-12 02:28:46.566  8274  8573 I DownloadManager: deleting /data/data/com.android.providers.downloads/cache/downloadfile.jpeg
06-12 02:28:46.574  8274  8574 I DownloadManager: Initiating request for download 298
06-12 02:28:49.238  8366  8368 D dalvikvm: GC_CONCURRENT freed 303K, 5% free 9169K/9607K, paused 1ms+3ms
06-12 02:28:49.257  8274  8580 I DownloadManager: deleting /data/data/com.android.providers.downloads/cache/downloadfile.jpeg
06-12 02:28:49.484  8274  8582 I DownloadManager: Initiating request for download 299
06-12 02:28:50.988  8274  8276 D dalvikvm: GC_CONCURRENT freed 409K, 6% free 9333K/9863K, paused 1ms+4ms
06-12 02:28:52.511  8274  8587 I DownloadManager: deleting /data/data/com.android.providers.downloads/cache/downloadfile.jpeg
06-12 02:28:52.953  8274  8589 I DownloadManager: Initiating request for download 300
06-12 02:28:54.168  8274  8276 D dalvikvm: GC_CONCURRENT freed 395K, 6% free 9340K/9863K, paused 2ms+3ms
06-12 02:28:56.433   142  6372 D dalvikvm: GC_EXPLICIT freed 334K, 26% free 17140K/23047K, paused 4ms+7ms
06-12 02:28:56.480  8274  8594 I DownloadManager: deleting /data/data/com.android.providers.downloads/cache/downloadfile.jpeg
06-12 02:28:56.632  8274  8596 I DownloadManager: Initiating request for download 301
06-12 02:28:58.683  8274  8276 D dalvikvm: GC_CONCURRENT freed 405K, 6% free 9339K/9863K, paused 13ms+3ms
06-12 02:28:59.671  8274  8601 I DownloadManager: deleting /data/data/com.android.providers.downloads/cache/downloadfile.jpeg
06-12 02:28:59.894  8274  8603 D dalvikvm: GC_EXPLICIT freed 281K, 7% free 9268K/9863K, paused 4ms+7ms
06-12 02:28:59.902  8274  8603 I DownloadManager: Initiating request for download 302
06-12 02:29:05.652  8274  8608 I DownloadManager: deleting /data/data/com.android.providers.downloads/cache/downloadfile.gif
06-12 02:29:05.804  8274  8610 I DownloadManager: Initiating request for download 303
06-12 02:29:06.984  8274  8276 D dalvikvm: GC_CONCURRENT freed 366K, 6% free 9295K/9863K, paused 12ms+2ms
06-12 02:29:09.496  8443  8615 D dalvikvm: GC_EXPLICIT freed 375K, 8% free 9701K/10439K, paused 2ms+6ms
06-12 02:29:11.230  8274  8616 I DownloadManager: deleting /data/data/com.android.providers.downloads/cache/downloadfile.gif
06-12 02:29:11.250  8274  8617 I DownloadManager: Initiating request for download 304
06-12 02:29:15.242  8274  8276 D dalvikvm: GC_CONCURRENT freed 437K, 6% free 9289K/9863K, paused 13ms+2ms
06-12 02:29:16.332  8274  8624 I DownloadManager: deleting /data/data/com.android.providers.downloads/cache/downloadfile.gif
06-12 02:29:16.496  8274  8626 I DownloadManager: Initiating request for download 305
06-12 02:29:19.113  8274  8276 D dalvikvm: GC_CONCURRENT freed 395K, 6% free 9341K/9863K, paused 2ms+2ms
06-12 02:29:20.242   142   499 D dalvikvm: GC_EXPLICIT freed 418K, 26% free 17150K/23047K, paused 3ms+8ms
06-12 02:29:20.324  8274  8631 I DownloadManager: deleting /data/data/com.android.providers.downloads/cache/downloadfile.gif
06-12 02:29:20.332  8274  8632 I DownloadManager: Initiating request for download 306
06-12 02:29:23.226  8274  8276 D dalvikvm: GC_CONCURRENT freed 439K, 6% free 9350K/9927K, paused 1ms+3ms
06-12 02:29:23.226  8274  8638 I DownloadManager: deleting /data/data/com.android.providers.downloads/cache/downloadfile.gif
06-12 02:29:23.492  8274  8640 I DownloadManager: Initiating request for download 307
06-12 02:29:25.668  8274  8645 I DownloadManager: deleting /data/data/com.android.providers.downloads/cache/downloadfile.jpeg
06-12 02:30:01.222   142  8648 I AudioService:  AudioFocus  abandonAudioFocus() from android.media.AudioManager@414e9f90
06-12 02:31:47.453   142  8650 I AudioService:  AudioFocus  requestAudioFocus() from android.media.AudioManager@414e9f90
06-12 02:31:47.484    81   122 D AudioHardware: AudioHardware pcm playback is exiting standby.
06-12 02:31:47.484    81   122 D AudioHardware: openPcmOut_l() mPcmOpenCnt: 0
06-12 02:31:47.492  8383  8385 D dalvikvm: GC_CONCURRENT freed 314K, 5% free 9152K/9543K, paused 2ms+1ms
06-12 02:31:49.367   142  8650 I AudioService:  AudioFocus  abandonAudioFocus() from android.media.AudioManager@414e9f90
06-12 02:31:52.453    81   122 D AudioHardware: AudioHardware pcm playback is going to standby.
06-12 02:31:52.457    81   122 D AudioHardware: closePcmOut_l() mPcmOpenCnt: 1
06-12 02:31:54.043   142  8656 I AudioService:  AudioFocus  abandonAudioFocus() from android.media.AudioManager@414e9f90
06-12 02:38:05.316  8443  8658 I Gmail   : MainSyncRequestProto: lowestBkwdConvoId: 0, highestHandledServerOp: 1059056, normalSync: true
06-12 02:38:06.574  8443  8445 D dalvikvm: GC_CONCURRENT freed 363K, 7% free 9732K/10439K, paused 2ms+3ms
06-12 02:38:08.058  8443  8445 D dalvikvm: GC_CONCURRENT freed 450K, 8% free 9681K/10439K, paused 2ms+3ms
06-12 02:38:08.172  8443  8658 D dalvikvm: GC_EXPLICIT freed 216K, 8% free 9656K/10439K, paused 2ms+2ms
06-12 02:38:08.175  8443  8658 I Gmail   : MainSyncRequestProto: lowestBkwdConvoId: 0, highestHandledServerOp: 1059109, normalSync: true
06-12 02:38:08.187  8443  8658 W Gmail   : Scheduling index for 300000 ms from now
06-12 02:38:08.218  8443  8658 I Gmail   : Sending notification intent: Intent { act=android.intent.action.PROVIDER_CHANGED dat=content://gmail-ls/unread/^i (has extras) }
06-12 02:38:08.246  8443  8659 W Gmail   : Showing notification with unreadCount of 1203 and unseenCount of 3
06-12 02:38:08.269  8443  8658 I Gmail   : Sending notification intent: Intent { act=android.intent.action.PROVIDER_CHANGED dat=content://gmail-ls/unread/^iim (has extras) }
06-12 02:39:32.265   213   215 D dalvikvm: GC_CONCURRENT freed 1310K, 21% free 12460K/15623K, paused 2ms+26ms
06-12 02:39:34.304  8066  8069 D dalvikvm: GC_CONCURRENT freed 387K, 5% free 10939K/11463K, paused 8ms+3ms
06-12 02:39:38.201  8443  8663 I Gmail   : MainSyncRequestProto: lowestBkwdConvoId: 0, highestHandledServerOp: 1059109, normalSync: true
06-12 02:39:39.221  8443  8445 D dalvikvm: GC_CONCURRENT freed 353K, 8% free 9698K/10439K, paused 4ms+6ms
06-12 02:39:39.401  8443  8663 D dalvikvm: GC_EXPLICIT freed 114K, 8% free 9661K/10439K, paused 4ms+2ms
06-12 02:39:39.404  8443  8663 I Gmail   : MainSyncRequestProto: lowestBkwdConvoId: 0, highestHandledServerOp: 1059133, normalSync: true
06-12 02:39:39.416  8443  8663 W Gmail   : Scheduling index for 300000 ms from now
06-12 02:39:39.444  8443  8663 I Gmail   : Sending notification intent: Intent { act=android.intent.action.PROVIDER_CHANGED dat=content://gmail-ls/unread/^i (has extras) }
06-12 02:39:39.471  8443  8664 W Gmail   : Showing notification with unreadCount of 1202 and unseenCount of 3
06-12 02:39:41.233  7096  7110 I PhoneLab-: Service Running
06-12 02:39:41.307  7096  7110 I PhoneLab-LoggerService: app_38    1028  1     1428   984   c00f181c 400107b4 S logcat
06-12 02:39:41.307  7096  7110 I PhoneLab-LoggerService: Logcat pid from database 1028
06-12 02:39:41.307  7096  7110 I PhoneLab-LoggerService: Logcat process found 1028
06-12 02:39:41.307  7096  7110 I PhoneLab-LoggerService: Checking Threshold
06-12 02:39:41.307  7096  7110 I PhoneLab-: Service Running
06-12 02:39:41.346  7096  7098 D dalvikvm: GC_CONCURRENT freed 399K, 15% free 9134K/10631K, paused 2ms+2ms
06-12 02:39:41.354  7096  7110 I PhoneLab-LoggerService: app_38    1028  1     1428   984   c00f181c 400107b4 S logcat
06-12 02:39:41.354  7096  7110 I PhoneLab-LoggerService: Logcat pid from database 1028
06-12 02:39:41.354  7096  7110 I PhoneLab-LoggerService: Logcat process found 1028
06-12 02:39:41.354  7096  7110 I PhoneLab-LoggerService: Checking Threshold
06-12 02:39:41.354  7096  7110 I PhoneLab-: Service Running
06-12 02:39:41.385  7096  7110 I PhoneLab-LoggerService: app_38    1028  1     1428   984   c00f181c 400107b4 S logcat
06-12 02:39:41.385  7096  7110 I PhoneLab-LoggerService: Logcat pid from database 1028
06-12 02:39:41.385  7096  7110 I PhoneLab-LoggerService: Logcat process found 1028
06-12 02:39:41.385  7096  7110 I PhoneLab-LoggerService: Checking Threshold
06-12 02:39:41.385  7096  7110 I PhoneLab-: Service Running
06-12 02:39:41.412  7096  7110 I PhoneLab-LoggerService: app_38    1028  1     1428   984   c00f181c 400107b4 S logcat
06-12 02:39:41.412  7096  7110 I PhoneLab-LoggerService: Logcat pid from database 1028
06-12 02:39:41.412  7096  7110 I PhoneLab-LoggerService: Logcat process found 1028
06-12 02:39:41.412  7096  7110 I PhoneLab-LoggerService: Checking Threshold
06-12 02:39:41.412  7096  7110 I PhoneLab-: Service Running
06-12 02:39:41.440  7096  7110 I PhoneLab-LoggerService: app_38    1028  1     1428   984   c00f181c 400107b4 S logcat
06-12 02:39:41.440  7096  7110 I PhoneLab-LoggerService: Logcat pid from database 1028
06-12 02:39:41.440  7096  7110 I PhoneLab-LoggerService: Logcat process found 1028
06-12 02:39:41.440  7096  7110 I PhoneLab-LoggerService: Checking Threshold
06-12 02:39:41.440  7096  7110 I PhoneLab-: Service Running
06-12 02:40:04.148  7096  7110 I PhoneLab-LoggerService: app_38    1028  1     1428   984   c00f181c 400107b4 S logcat
06-12 02:40:04.148  7096  7110 I PhoneLab-LoggerService: Logcat pid from database 1028
06-12 02:40:04.148  7096  7110 I PhoneLab-LoggerService: Logcat process found 1028
06-12 02:40:04.148  7096  7110 I PhoneLab-LoggerService: Checking Threshold
06-12 02:40:04.148  7096  7110 I PhoneLab-: Service Running
06-12 02:40:04.222  7096  7110 I PhoneLab-LoggerService: app_38    1028  1     1428   984   c00f181c 400107b4 S logcat
06-12 02:40:04.226  7096  7110 I PhoneLab-LoggerService: Logcat pid from database 1028
06-12 02:40:04.226  7096  7110 I PhoneLab-LoggerService: Logcat process found 1028
06-12 02:40:04.226  7096  7110 I PhoneLab-LoggerService: Checking Threshold
06-12 02:40:04.226  7096  7110 I PhoneLab-: Service Running
06-12 02:40:04.254  7096  7110 I PhoneLab-LoggerService: app_38    1028  1     1428   984   c00f181c 400107b4 S logcat
06-12 02:40:04.254  7096  7110 I PhoneLab-LoggerService: Logcat pid from database 1028
