06-14 12:49:30.996   141   178 I InputReader: Dropping virtual key from device cypress-touchkey because virtual keys are temporarily disabled for the next 183.104ms.  keyCode=84, scanCode=217
06-14 12:49:31.113   141   178 I InputReader: Dropping key up from device cypress-touchkey because the key was not down.  keyCode=84, scanCode=217
06-14 12:49:31.515   141   144 D dalvikvm: GC_CONCURRENT freed 1378K, 19% free 14703K/18119K, paused 5ms+12ms
06-14 12:49:31.898   141   178 I InputReader: Dropping virtual key from device cypress-touchkey because virtual keys are temporarily disabled for the next 186.529ms.  keyCode=82, scanCode=139
06-14 12:49:32.000   141   178 I InputReader: Dropping key up from device cypress-touchkey because the key was not down.  keyCode=82, scanCode=139
06-14 12:49:32.621   141   178 I InputReader: Dropping virtual key from device cypress-touchkey because virtual keys are temporarily disabled for the next 182.129ms.  keyCode=82, scanCode=139
06-14 12:49:32.703   141   178 I InputReader: Dropping key up from device cypress-touchkey because the key was not down.  keyCode=82, scanCode=139
06-14 12:49:42.867  3204  3206 D dalvikvm: GC_CONCURRENT freed 386K, 34% free 10536K/15751K, paused 3ms+3ms
06-14 12:49:49.855   141   178 I InputReader: Dropping virtual key from device cypress-touchkey because virtual keys are temporarily disabled for the next 155.562ms.  keyCode=82, scanCode=139
06-14 12:49:50.152   141   178 I InputReader: Dropping key up from device cypress-touchkey because the key was not down.  keyCode=82, scanCode=139
06-14 12:49:56.293  3204  3206 D dalvikvm: GC_CONCURRENT freed 385K, 34% free 10537K/15751K, paused 4ms+3ms
06-14 12:49:59.800   141   178 I InputReader: Dropping virtual key from device cypress-touchkey because virtual keys are temporarily disabled for the next 37.858ms.  keyCode=84, scanCode=217
06-14 12:49:59.808   141   144 D dalvikvm: GC_CONCURRENT freed 1305K, 19% free 14701K/18119K, paused 3ms+9ms
06-14 12:49:59.867   141   178 I InputReader: Dropping key up from device cypress-touchkey because the key was not down.  keyCode=84, scanCode=217
06-14 12:50:00.039   384   384 D OpenGLRenderer: Flushing caches (mode 1)
06-14 12:50:06.910   141   141 I ActivityManager: START {cmp=com.halfbrick.fruitninjafree/com.halfbrick.fruitninja.FruitNinjaAdViewer} from pid 3204
06-14 12:50:07.215  3204  3204 I halfbrick.Mortar: Touch has lost focus
06-14 12:50:07.234   217   217 V PhoneStatusBar: setLightsOn(true)
06-14 12:50:07.289   141   172 I ActivityManager: Displayed com.halfbrick.fruitninjafree/com.halfbrick.fruitninja.FruitNinjaAdViewer: +160ms
06-14 12:50:07.316  3204  3206 D dalvikvm: GC_CONCURRENT freed 368K, 33% free 10602K/15751K, paused 2ms+3ms
06-14 12:50:09.398  3204  3204 W Activity: Restart
06-14 12:50:09.886   141   157 I Process : Sending signal. PID: 3204 SIG: 3
06-14 12:50:09.886  3204  3208 I dalvikvm: threadid=3: reacting to signal 3
06-14 12:50:09.894  3204  3208 I dalvikvm: Wrote stack traces to '/data/anr/traces.txt'
06-14 12:50:09.914   217   217 V PhoneStatusBar: setLightsOn(true)
06-14 12:50:09.922  3204  3204 I halfbrick.Mortar: Touch has gained focus
06-14 12:50:19.090  3204  3257 W CodeID  : arcade_mode
06-14 12:50:19.109   141   144 D dalvikvm: GC_CONCURRENT freed 1301K, 19% free 14718K/18119K, paused 3ms+22ms
06-14 12:50:19.132  3204  3998 W System.err: java.lang.NullPointerException
06-14 12:50:19.136  3204  3998 W System.err: 	at com.beintoo.main.managers.SubmitScoreManager$1.run(SubmitScoreManager.java:58)
06-14 12:50:19.136  3204  3998 W System.err: 	at java.lang.Thread.run(Thread.java:856)
06-14 12:50:19.191  3204  3206 D dalvikvm: GC_CONCURRENT freed 413K, 33% free 10607K/15751K, paused 2ms+8ms
06-14 12:50:19.195  3204  3204 D webviewglue: nativeDestroy view: 0x1df2610
06-14 12:50:21.254  3204  4005 I AdMobSDK: AdMob SDK version is 20101109-ANDROID-3312276cc1406347
06-14 12:50:21.257  3204  4005 I AdMobSDK: To get test ads on this device use AdManager.setTestDevices( new String[] { "EA0DD0E25D43E5CAB9BC552970202701" } )
06-14 12:50:21.269  3204  4005 I AdMobSDK: Publisher ID set to a14d3e0d0eacb7e
06-14 12:50:21.269  3204  4005 I AdMobSDK: Interstitial Publisher ID set to a14d3e0d0eacb7e
06-14 12:50:21.582  3204  4005 I AdMobSDK: No fill.  Server replied that no ads are available (314ms)
06-14 12:50:21.582  3204  3204 W AdmobInterstitial: Failed!
06-14 12:50:21.613  3204  3204 W Settings: Setting android_id has moved from android.provider.Settings.System to android.provider.Settings.Secure, returning read-only value.
06-14 12:50:21.683  3204  3204 W MobClix Interstitial: Loading
06-14 12:50:21.773  3204  3206 D dalvikvm: GC_CONCURRENT freed 496K, 33% free 10603K/15751K, paused 5ms+5ms
06-14 12:50:23.800  3204  3206 D dalvikvm: GC_CONCURRENT freed 378K, 32% free 10737K/15751K, paused 5ms+5ms
06-14 12:50:23.800  3204  3204 D webviewglue: nativeDestroy view: 0x1df2610
06-14 12:50:38.105   141   144 D dalvikvm: GC_CONCURRENT freed 1323K, 19% free 14704K/18119K, paused 13ms+6ms
06-14 12:50:39.289  3204  3206 D dalvikvm: GC_CONCURRENT freed 510K, 33% free 10675K/15751K, paused 3ms+5ms
06-14 12:50:39.289  3204  3204 D webviewglue: nativeDestroy view: 0x248eaf0
06-14 12:50:53.117  3204  3206 D dalvikvm: GC_CONCURRENT freed 461K, 33% free 10640K/15751K, paused 3ms+7ms
06-14 12:50:56.820   141   178 I InputReader: Dropping virtual key from device cypress-touchkey because virtual keys are temporarily disabled for the next 180.505ms.  keyCode=84, scanCode=217
06-14 12:50:56.824    82   126 W AudioTrack: stepServer() could not lock cblk
06-14 12:50:56.937   141   178 I InputReader: Dropping key up from device cypress-touchkey because the key was not down.  keyCode=84, scanCode=217
06-14 12:50:58.004   141   178 I InputReader: Dropping virtual key from device cypress-touchkey because virtual keys are temporarily disabled for the next 177.092ms.  keyCode=84, scanCode=217
06-14 12:50:58.050   141   178 I InputReader: Dropping key up from device cypress-touchkey because the key was not down.  keyCode=84, scanCode=217
06-14 12:51:00.035   384   384 D OpenGLRenderer: Flushing caches (mode 1)
06-14 12:51:05.093   141   144 D dalvikvm: GC_CONCURRENT freed 1305K, 19% free 14706K/18119K, paused 7ms+9ms
06-14 12:51:07.511  3204  3206 D dalvikvm: GC_CONCURRENT freed 416K, 33% free 10640K/15751K, paused 7ms+2ms
06-14 12:51:08.152   547  1277 I PhoneLab-: Service Running
06-14 12:51:08.238   547  1277 I PhoneLab-LoggerService: app_38    1287  547   1428   1060  c00f181c 400107b4 S logcat
06-14 12:51:08.238   547  1277 I PhoneLab-LoggerService: Logcat pid from database 1287
06-14 12:51:08.238   547  1277 I PhoneLab-LoggerService: Logcat process found 1287
06-14 12:51:08.238   547  1277 I PhoneLab-LoggerService: Checking Threshold
06-14 12:51:08.238   547  1277 I PhoneLab-LoggerService: Starting to rename files
06-14 12:51:08.246   547  1277 I PhoneLab-LoggerService: Files found .. 2
06-14 12:51:08.246   547  1277 I PhoneLab-LoggerService: File 1 log.out.1
06-14 12:51:08.250   547  1277 I PhoneLab-LoggerService: Renamed successfully
06-14 12:51:21.894  3204  3206 D dalvikvm: GC_CONCURRENT freed 414K, 33% free 10641K/15751K, paused 3ms+5ms
06-14 12:51:22.320   141   178 I InputReader: Dropping virtual key from device cypress-touchkey because virtual keys are temporarily disabled for the next 189.700ms.  keyCode=84, scanCode=217
06-14 12:51:22.433   141   178 I InputReader: Dropping key up from device cypress-touchkey because the key was not down.  keyCode=84, scanCode=217
06-14 12:51:32.605   141   144 D dalvikvm: GC_CONCURRENT freed 1308K, 19% free 14703K/18119K, paused 6ms+8ms
06-14 12:51:35.398  3204  3206 D dalvikvm: GC_CONCURRENT freed 416K, 33% free 10640K/15751K, paused 2ms+5ms
06-14 12:51:48.937  3204  3206 D dalvikvm: GC_CONCURRENT freed 416K, 33% free 10640K/15751K, paused 9ms+4ms
06-14 12:51:55.347   141   178 I InputReader: Dropping virtual key from device cypress-touchkey because virtual keys are temporarily disabled for the next 187.728ms.  keyCode=82, scanCode=139
06-14 12:51:55.414   141   178 I InputReader: Dropping key up from device cypress-touchkey because the key was not down.  keyCode=82, scanCode=139
06-14 12:51:57.086   141   178 I InputReader: Dropping virtual key from device cypress-touchkey because virtual keys are temporarily disabled for the next 193.301ms.  keyCode=82, scanCode=139
06-14 12:51:57.168   141   178 I InputReader: Dropping key up from device cypress-touchkey because the key was not down.  keyCode=82, scanCode=139
06-14 12:51:58.840   141   178 I InputReader: Dropping virtual key from device cypress-touchkey because virtual keys are temporarily disabled for the next 168.716ms.  keyCode=82, scanCode=139
06-14 12:51:58.875   141   144 D dalvikvm: GC_CONCURRENT freed 1304K, 19% free 14702K/18119K, paused 3ms+6ms
06-14 12:51:58.890   141   178 I InputReader: Dropping key up from device cypress-touchkey because the key was not down.  keyCode=82, scanCode=139
06-14 12:51:59.382   141   178 I InputReader: Dropping virtual key from device cypress-touchkey because virtual keys are temporarily disabled for the next 176.441ms.  keyCode=84, scanCode=217
06-14 12:51:59.433   141   178 I InputReader: Dropping key up from device cypress-touchkey because the key was not down.  keyCode=84, scanCode=217
06-14 12:52:00.039   384   384 D OpenGLRenderer: Flushing caches (mode 1)
06-14 12:52:02.004   141   178 I InputReader: Dropping virtual key from device cypress-touchkey because virtual keys are temporarily disabled for the next 186.603ms.  keyCode=84, scanCode=217
06-14 12:52:02.172   141   178 I InputReader: Dropping key up from device cypress-touchkey because the key was not down.  keyCode=84, scanCode=217
06-14 12:52:02.437  3204  3206 D dalvikvm: GC_CONCURRENT freed 416K, 33% free 10640K/15751K, paused 6ms+2ms
06-14 12:52:15.937  3204  3206 D dalvikvm: GC_CONCURRENT freed 415K, 33% free 10641K/15751K, paused 6ms+4ms
06-14 12:52:25.101   141   144 D dalvikvm: GC_CONCURRENT freed 1304K, 19% free 14704K/18119K, paused 8ms+8ms
06-14 12:52:27.894  3204  3204 W MobClix Interstitial: Not ready
06-14 12:52:29.402  3204  3206 D dalvikvm: GC_CONCURRENT freed 415K, 33% free 10642K/15751K, paused 5ms+3ms
06-14 12:52:37.242  3204  3257 W CodeID  : arcade_mode
06-14 12:52:37.242  3204  3211 I dalvikvm: Total arena pages for JIT: 18
06-14 12:52:37.257  3204  5033 W System.err: java.lang.NullPointerException
06-14 12:52:37.257  3204  5033 W System.err: 	at com.beintoo.main.managers.SubmitScoreManager$1.run(SubmitScoreManager.java:58)
06-14 12:52:37.257  3204  5033 W System.err: 	at java.lang.Thread.run(Thread.java:856)
06-14 12:52:37.734  3204  3206 D dalvikvm: GC_CONCURRENT freed 415K, 33% free 10645K/15751K, paused 3ms+3ms
06-14 12:52:38.121  3204  3204 W MobClix rect: Loading
06-14 12:52:39.414  3204  3206 D dalvikvm: GC_CONCURRENT freed 341K, 32% free 10764K/15751K, paused 5ms+4ms
06-14 12:52:41.922  2449  2492 D dalvikvm: GC_EXPLICIT freed 414K, 9% free 10006K/10951K, paused 10ms+5ms
06-14 12:52:42.547   141   144 D dalvikvm: GC_CONCURRENT freed 1302K, 19% free 14707K/18119K, paused 3ms+6ms
06-14 12:52:54.277  3204  3206 D dalvikvm: GC_CONCURRENT freed 514K, 33% free 10707K/15751K, paused 5ms+4ms
06-14 12:53:00.035   384   384 D OpenGLRenderer: Flushing caches (mode 1)
06-14 12:53:05.754  3204  3206 D dalvikvm: GC_CONCURRENT freed 424K, 32% free 10720K/15751K, paused 4ms+3ms
06-14 12:53:08.152   547  1277 I PhoneLab-: Service Running
06-14 12:53:08.246   547  1277 I PhoneLab-LoggerService: app_38    1287  547   1428   1060  c00f181c 400107b4 S logcat
06-14 12:53:08.246   547  1277 I PhoneLab-LoggerService: Logcat pid from database 1287
06-14 12:53:08.246   547  1277 I PhoneLab-LoggerService: Logcat process found 1287
06-14 12:53:08.246   547  1277 I PhoneLab-LoggerService: Checking Threshold
06-14 12:53:08.246   547  1277 I PhoneLab-LoggerService: Starting to rename files
06-14 12:53:08.246   547  1277 I PhoneLab-LoggerService: Files found .. 2
06-14 12:53:09.855   141   144 D dalvikvm: GC_CONCURRENT freed 1307K, 19% free 14705K/18119K, paused 6ms+10ms
06-14 12:53:11.066   303   730 I EventLogService: Aggregate from 1339690990988 (log), 1339690990988 (data)
06-14 12:53:11.984   547   547 I PhoneLab-Locks: wake lock acquired
06-14 12:53:12.000   547  5236 I PhoneLab-PeriodicCheckService: User info is synched
06-14 12:53:12.007   547  5236 I PhoneLab-PeriodicCheckService: Logger Service is running
06-14 12:53:12.011   547  5236 I PhoneLab-Locks: wake lock acquired
06-14 12:53:12.015   547   547 I PhoneLab-UploadLogs: Transfering log files now
06-14 12:53:12.023   547  5236 I PhoneLab-PeriodicCheckService: Rescheduling periodic checking...
06-14 12:53:12.148   547   548 D dalvikvm: GC_CONCURRENT freed 510K, 17% free 9264K/11079K, paused 3ms+2ms
06-14 12:53:12.254   547   547 D dalvikvm: GC_FOR_ALLOC freed 261K, 16% free 9356K/11079K, paused 61ms
06-14 12:53:12.312   547   547 D dalvikvm: GC_FOR_ALLOC freed 120K, 15% free 9484K/11079K, paused 57ms
06-14 12:53:12.355   547   547 I PhoneLab-UploadLogs: OnStartCommand
06-14 12:53:12.367   141   153 D dalvikvm: GC_EXPLICIT freed 163K, 19% free 14715K/18119K, paused 4ms+15ms
06-14 12:53:12.379   547  5236 I PhoneLab-Locks: wake lock released
06-14 12:53:12.394   547   548 D dalvikvm: GC_CONCURRENT freed 294K, 13% free 9701K/11079K, paused 2ms+3ms
06-14 12:53:12.488   547  5243 D dalvikvm: GC_FOR_ALLOC freed 312K, 13% free 9716K/11079K, paused 31ms
06-14 12:53:12.523   547  5243 D dalvikvm: GC_FOR_ALLOC freed 301K, 13% free 9716K/11079K, paused 32ms
06-14 12:53:12.550   547  5243 D dalvikvm: GC_FOR_ALLOC freed 301K, 13% free 9717K/11079K, paused 24ms
06-14 12:53:15.433   547   547 I PhoneLab-: 1339692668247.log is deleted
06-14 12:53:15.433   547   547 I PhoneLab-: Response: {"data": "done", "err": ""}
06-14 12:53:15.433   547   547 I PhoneLab-UploadLogs: No log files to transfer
06-14 12:53:15.437   547   547 I PhoneLab-Locks: wake lock released
06-14 12:53:19.215  3204  3206 D dalvikvm: GC_CONCURRENT freed 457K, 32% free 10727K/15751K, paused 9ms+4ms
06-14 12:53:23.445   547   547 I PhoneLab-Locks: wake lock acquired
06-14 12:53:23.465   547   547 I PhoneLab-StatusMonitor: Status Monitoring is started
06-14 12:53:23.550   547   548 D dalvikvm: GC_CONCURRENT freed 979K, 17% free 9249K/11079K, paused 3ms+5ms
06-14 12:53:23.629   547   547 I PhoneLab-StatusMonitor: Value: 10 - unit: min
06-14 12:53:23.629   547   547 I PhoneLab-StatusMonitor: Running interval: 600000
06-14 12:53:23.636   547   547 I PhoneLab-StatusMonitor: Rescheduling status monitoring...
06-14 12:53:23.640   547   547 I PhoneLab-Locks: wake lock released
06-14 12:53:23.648   547   547 I PhoneLab-StatusMonitorLocation: Learning Location
06-14 12:53:23.648   547   547 I PhoneLab-Locks: wake lock acquired
06-14 12:53:23.660   547   547 I PhoneLab-Locks: wake lock acquired
06-14 12:53:23.668   547   547 I PhoneLab-StatusMonitorLocation: Learning Signal Strgth
06-14 12:53:23.668   547   547 I PhoneLab-Locks: wake lock acquired
06-14 12:53:23.683   303   575 D androidNetworkLocationListeners: Still have listener com.google.android.location.internal.client.NetworkLocationClient$1@4138edc0
06-14 12:53:23.703   303   575 D androidNetworkLocationListeners: Still have listener com.google.android.location.internal.client.NetworkLocationClient$1@4138edc0
06-14 12:53:23.715   547   547 I PhoneLab-StatusMonitorBattery: Battery_level: 87
06-14 12:53:23.715   547   547 I PhoneLab-Locks: wake lock released
06-14 12:53:23.718   547   547 I PhoneLab-StatusMonitorSignal: Signal_Strength: -76 asu: 19
06-14 12:53:23.718   547   547 I PhoneLab-Locks: wake lock released
06-14 12:53:24.949   547   547 I PhoneLab-StatusMonitorLocation: Location_Latitude: 42.9553147 Longitude: -78.8289285 Accuracy: 36.0
06-14 12:53:24.953   303   575 D androidNetworkLocationListeners: Still have listener com.google.android.location.internal.client.NetworkLocationClient$1@4138edc0
06-14 12:53:24.953   547   547 I PhoneLab-Locks: wake lock released
06-14 12:53:26.281   303   305 D dalvikvm: GC_CONCURRENT freed 504K, 7% free 10413K/11079K, paused 3ms+4ms
06-14 12:53:31.750  3204  3206 D dalvikvm: GC_CONCURRENT freed 438K, 32% free 10733K/15751K, paused 2ms+5ms
06-14 12:53:31.750  3204  3204 D webviewglue: nativeDestroy view: 0x2488ef0
06-14 12:53:36.343   141   144 D dalvikvm: GC_CONCURRENT freed 1295K, 19% free 14724K/18119K, paused 4ms+6ms
06-14 12:53:40.047   141   178 I InputReader: Dropping virtual key from device cypress-touchkey because virtual keys are temporarily disabled for the next 176.440ms.  keyCode=82, scanCode=139
06-14 12:53:40.261   141   178 I InputReader: Dropping key up from device cypress-touchkey because the key was not down.  keyCode=82, scanCode=139
06-14 12:53:40.953   141   178 I InputReader: Dropping virtual key from device cypress-touchkey because virtual keys are temporarily disabled for the next 154.251ms.  keyCode=84, scanCode=217
06-14 12:53:41.066   141   178 I InputReader: Dropping key up from device cypress-touchkey because the key was not down.  keyCode=84, scanCode=217
06-14 12:53:42.504  3204  3206 D dalvikvm: GC_CONCURRENT freed 445K, 32% free 10733K/15751K, paused 3ms+4ms
06-14 12:53:42.504  3204  3204 D webviewglue: nativeDestroy view: 0x1f0e148
06-14 12:53:44.418   141   357 I ActivityManager: START {cmp=com.halfbrick.fruitninjafree/com.halfbrick.fruitninja.FruitNinjaMenu} from pid 3204
06-14 12:53:44.672  3204  3204 D dalvikvm: GC_FOR_ALLOC freed 107K, 33% free 10705K/15751K, paused 28ms
06-14 12:53:44.672  3204  3204 I dalvikvm-heap: Grow heap (frag case) to 11.113MB for 614416-byte allocation
06-14 12:53:44.742  3204  3206 D dalvikvm: GC_CONCURRENT freed 2K, 29% free 11303K/15751K, paused 3ms+6ms
06-14 12:53:44.797  3204  3204 I halfbrick.Mortar: Touch has lost focus
06-14 12:53:44.812   217   217 V PhoneStatusBar: setLightsOn(true)
06-14 12:53:44.871   141   172 I ActivityManager: Displayed com.halfbrick.fruitninjafree/com.halfbrick.fruitninja.FruitNinjaMenu: +242ms
06-14 12:53:46.090  3204  3204 I halfbrick.FruitNinja: Received a CANCEL!
06-14 12:53:46.090  3204  3204 W Activity: Restart
06-14 12:53:46.578   141   157 I Process : Sending signal. PID: 3204 SIG: 3
06-14 12:53:46.582  3204  3208 I dalvikvm: threadid=3: reacting to signal 3
06-14 12:53:46.590  3204  3208 I dalvikvm: Wrote stack traces to '/data/anr/traces.txt'
06-14 12:53:46.656   217   217 V PhoneStatusBar: setLightsOn(true)
06-14 12:53:46.726  3204  3204 I halfbrick.Mortar: Touch has gained focus
06-14 12:53:57.277  3204  3206 D dalvikvm: GC_CONCURRENT freed 370K, 27% free 11570K/15751K, paused 3ms+6ms
06-14 12:53:58.312   141   144 D dalvikvm: GC_CONCURRENT freed 1309K, 19% free 14723K/18119K, paused 6ms+6ms
06-14 12:53:59.324  3204  3204 W MobClix Rectangle: Not yet ready!
06-14 12:54:00.078   384   384 D OpenGLRenderer: Flushing caches (mode 1)
06-14 12:54:03.382  1429  1431 D dalvikvm: GC_CONCURRENT freed 323K, 6% free 9820K/10439K, paused 3ms+11ms
06-14 12:54:08.543  3204  3257 W CodeID  : arcade_mode
06-14 12:54:08.562  3204  5709 W System.err: java.lang.NullPointerException
06-14 12:54:08.562  3204  5709 W System.err: 	at com.beintoo.main.managers.SubmitScoreManager$1.run(SubmitScoreManager.java:58)
06-14 12:54:08.562  3204  5709 W System.err: 	at java.lang.Thread.run(Thread.java:856)
06-14 12:54:09.465  3204  3204 W MobClix rect: Loading
06-14 12:54:09.621  3204  3206 D dalvikvm: GC_CONCURRENT freed 1554K, 32% free 10774K/15751K, paused 2ms+5ms
06-14 12:54:09.621  3204  3204 D webviewglue: nativeDestroy view: 0x1e90128
06-14 12:54:15.922   141   144 D dalvikvm: GC_CONCURRENT freed 1324K, 19% free 14707K/18119K, paused 5ms+6ms
06-14 12:54:20.664  3204  3206 D dalvikvm: GC_CONCURRENT freed 498K, 32% free 10737K/15751K, paused 5ms+4ms
06-14 12:54:20.664  3204  3204 D webviewglue: nativeDestroy view: 0x26a1770
06-14 12:54:25.238   141   366 I ActivityManager: START {cmp=com.halfbrick.fruitninjafree/com.halfbrick.fruitninja.FruitNinjaMenu} from pid 3204
06-14 12:54:25.406  3204  3204 D dalvikvm: GC_FOR_ALLOC freed 186K, 33% free 10710K/15751K, paused 24ms
06-14 12:54:25.410  3204  3204 I dalvikvm-heap: Grow heap (frag case) to 11.118MB for 614416-byte allocation
06-14 12:54:25.468  3204  3206 D dalvikvm: GC_CONCURRENT freed 1K, 29% free 11308K/15751K, paused 3ms+5ms
06-14 12:54:25.515  3204  3204 I halfbrick.Mortar: Touch has lost focus
06-14 12:54:25.527   217   217 V PhoneStatusBar: setLightsOn(true)
06-14 12:54:25.590   141   172 I ActivityManager: Displayed com.halfbrick.fruitninjafree/com.halfbrick.fruitninja.FruitNinjaMenu: +220ms
06-14 12:54:26.843  3204  3204 E halfbrick.fruitninja: Error setting value for GHOST_TRAIL in Java
06-14 12:54:26.843  3204  3204 E halfbrick.fruitninja: Errror setting value for DRIVER_FIX in Java
06-14 12:54:26.879  3204  3204 I halfbrick.FruitNinja: Received an OK!
06-14 12:54:26.879  3204  3204 W Activity: Restart
06-14 12:54:27.371   141   157 I Process : Sending signal. PID: 3204 SIG: 3
06-14 12:54:27.371  3204  3208 I dalvikvm: threadid=3: reacting to signal 3
06-14 12:54:27.379  3204  3208 I dalvikvm: Wrote stack traces to '/data/anr/traces.txt'
06-14 12:54:27.465   217   217 V PhoneStatusBar: setLightsOn(true)
06-14 12:54:27.472  3204  3204 I halfbrick.Mortar: Touch has gained focus
06-14 12:54:37.902   141   144 D dalvikvm: GC_CONCURRENT freed 1292K, 19% free 14722K/18119K, paused 6ms+6ms
06-14 12:54:38.293  3204  3206 D dalvikvm: GC_CONCURRENT freed 373K, 27% free 11572K/15751K, paused 6ms+4ms
06-14 12:54:58.300  3204  3206 D dalvikvm: GC_CONCURRENT freed 1559K, 32% free 10740K/15751K, paused 4ms+3ms
06-14 12:54:58.304  3204  3204 D webviewglue: nativeDestroy view: 0x26679b8
06-14 12:55:00.039   384   384 D OpenGLRenderer: Flushing caches (mode 1)
06-14 12:55:04.218   141   144 D dalvikvm: GC_CONCURRENT freed 1324K, 19% free 14706K/18119K, paused 8ms+5ms
06-14 12:55:04.461   141   177 I ActivityManager: START {act=android.intent.action.MAIN cat=[android.intent.category.HOME] flg=0x10200000 cmp=com.android.launcher/com.android.launcher2.Launcher} from pid 141
06-14 12:55:04.609   141   178 I InputReader: Reconfiguring input devices.  changes=0x00000004
06-14 12:55:04.609   141   178 I InputReader: Device reconfigured: id=7, name='mxt224_ts_input', surface size is now 480x800, mode is 1
06-14 12:55:04.640   141   408 I ActivityManager: Config changed: {1.0 310mcc120mnc en_US layoutdir=0 sw320dp w320dp h508dp nrml long port finger -keyb/v/h -nav/h s.10}
06-14 12:55:04.711  3204  3204 I halfbrick.Mortar: Touch has lost focus
06-14 12:55:04.828   217   219 D dalvikvm: GC_CONCURRENT freed 544K, 12% free 9878K/11143K, paused 5ms+3ms
06-14 12:55:04.918  3204  3204 W IInputConnectionWrapper: showStatusIcon on inactive InputConnection
06-14 12:55:04.918   141   408 W InputManagerService: Starting input on non-focused client com.android.internal.view.IInputMethodClient$Stub$Proxy@4167ea48 (uid=10062 pid=3204)
06-14 12:55:06.976   141   172 D dalvikvm: GC_EXPLICIT freed 190K, 19% free 14713K/18119K, paused 5ms+10ms
06-14 12:55:07.562    82   126 D AudioHardware: AudioHardware pcm playback is going to standby.
06-14 12:55:07.562    82   126 D AudioHardware: closePcmOut_l() mPcmOpenCnt: 1
06-14 12:55:07.859    82   126 D AudioHardware: AudioHardware pcm playback is exiting standby.
06-14 12:55:07.859    82   126 D AudioHardware: openPcmOut_l() mPcmOpenCnt: 0
06-14 12:55:08.152   547  1277 I PhoneLab-: Service Running
06-14 12:55:08.172   384   863 D dalvikvm: GC_FOR_ALLOC freed 1578K, 24% free 13398K/17607K, paused 35ms
06-14 12:55:08.300   384   863 D dalvikvm: GC_FOR_ALLOC freed 962K, 24% free 13496K/17607K, paused 25ms
06-14 12:55:08.382   547  1277 I PhoneLab-LoggerService: app_38    1287  547   1428   1060  c00f181c 400107b4 S logcat
06-14 12:55:08.386   547  1277 I PhoneLab-LoggerService: Logcat pid from database 1287
06-14 12:55:08.386   547  1277 I PhoneLab-LoggerService: Logcat process found 1287
06-14 12:55:08.386   547  1277 I PhoneLab-LoggerService: Checking Threshold
06-14 12:55:08.414   547   548 D dalvikvm: GC_CONCURRENT freed 440K, 17% free 9209K/11079K, paused 3ms+19ms
06-14 12:55:08.515   384   419 D dalvikvm: GC_FOR_ALLOC freed 1582K, 26% free 13184K/17607K, paused 32ms
06-14 12:55:08.800   384   556 D dalvikvm: GC_FOR_ALLOC freed 921K, 25% free 13370K/17607K, paused 29ms
06-14 12:55:08.906   384   556 D dalvikvm: GC_FOR_ALLOC freed 920K, 24% free 13466K/17607K, paused 27ms
06-14 12:55:09.058   384   388 D dalvikvm: GC_CONCURRENT freed 1046K, 22% free 13864K/17607K, paused 3ms+8ms
06-14 12:55:10.082   141   868 I ActivityManager: START {act=android.intent.action.MAIN cat=[android.intent.category.LAUNCHER] flg=0x10200000 cmp=com.halfbrick.fruitninjafree/com.halfbrick.fruitninja.FruitNinjaActivity} from pid 384
06-14 12:55:10.140   141   178 I InputReader: Reconfiguring input devices.  changes=0x00000004
06-14 12:55:10.140   141   178 I InputReader: Device reconfigured: id=7, name='mxt224_ts_input', surface size is now 480x800, mode is 1
06-14 12:55:10.175   141   364 I ActivityManager: Config changed: {1.0 310mcc120mnc en_US layoutdir=0 sw320dp w533dp h294dp nrml long land finger -keyb/v/h -nav/h s.11}
06-14 12:55:10.242  3204  3204 W Activity: Restart
06-14 12:55:10.254   384   384 D OpenGLRenderer: Flushing caches (mode 0)
06-14 12:55:10.422   384   384 D OpenGLRenderer: Flushing caches (mode 0)
06-14 12:55:10.621   141   157 I Process : Sending signal. PID: 3204 SIG: 3
06-14 12:55:10.621  3204  3208 I dalvikvm: threadid=3: reacting to signal 3
06-14 12:55:10.636  3204  3208 I dalvikvm: Wrote stack traces to '/data/anr/traces.txt'
06-14 12:55:11.086   217   217 V PhoneStatusBar: setLightsOn(true)
06-14 12:55:11.097  3204  3204 I halfbrick.Mortar: Touch has gained focus
06-14 12:55:11.125   141   157 I Process : Sending signal. PID: 3204 SIG: 3
06-14 12:55:11.125  3204  3208 I dalvikvm: threadid=3: reacting to signal 3
06-14 12:55:11.125   384   384 W IInputConnectionWrapper: showStatusIcon on inactive InputConnection
06-14 12:55:11.125   141   366 W InputManagerService: Starting input on non-focused client com.android.internal.view.IInputMethodClient$Stub$Proxy@41666670 (uid=10027 pid=384)
06-14 12:55:11.172  3204  3208 I dalvikvm: Wrote stack traces to '/data/anr/traces.txt'
06-14 12:55:11.211   384   384 D OpenGLRenderer: Flushing caches (mode 1)
06-14 12:55:12.632   141   172 D dalvikvm: GC_EXPLICIT freed 298K, 19% free 14715K/18119K, paused 11ms+12ms
06-14 12:55:18.261  3204  3206 D dalvikvm: GC_CONCURRENT freed 486K, 33% free 10702K/15751K, paused 6ms+3ms
06-14 12:55:31.297  3204  3206 D dalvikvm: GC_CONCURRENT freed 422K, 32% free 10732K/15751K, paused 3ms+4ms
06-14 12:55:39.273   141   144 D dalvikvm: GC_CONCURRENT freed 1332K, 19% free 14692K/18119K, paused 5ms+9ms
06-14 12:55:43.777  3204  3206 D dalvikvm: GC_CONCURRENT freed 441K, 32% free 10738K/15751K, paused 5ms+4ms
06-14 12:55:43.785  3204  3204 D webviewglue: nativeDestroy view: 0x24644a0
06-14 12:55:54.625  3204  3206 D dalvikvm: GC_CONCURRENT freed 448K, 32% free 10738K/15751K, paused 2ms+5ms
06-14 12:55:54.625  3204  3204 D webviewglue: nativeDestroy view: 0x233d540
06-14 12:56:00.105   217   219 D dalvikvm: GC_CONCURRENT freed 267K, 11% free 10002K/11143K, paused 2ms+5ms
06-14 12:56:04.726  3204  3204 W MobClix Rectangle: Not yet ready!
06-14 12:56:05.164   141   144 D dalvikvm: GC_CONCURRENT freed 1303K, 19% free 14693K/18119K, paused 6ms+5ms
06-14 12:56:09.254  3204  3206 D dalvikvm: GC_CONCURRENT freed 487K, 33% free 10699K/15751K, paused 5ms+3ms
06-14 12:56:11.300  3204  3211 I dalvikvm: Jit: resizing JitTable from 4096 to 8192
06-14 12:56:13.941  3204  3257 W CodeID  : arcade_mode
06-14 12:56:13.957  3204  6456 W System.err: java.lang.NullPointerException
06-14 12:56:13.957  3204  6456 W System.err: 	at com.beintoo.main.managers.SubmitScoreManager$1.run(SubmitScoreManager.java:58)
06-14 12:56:13.957  3204  6456 W System.err: 	at java.lang.Thread.run(Thread.java:856)
06-14 12:56:14.410  3204  3206 D dalvikvm: GC_CONCURRENT freed 395K, 32% free 10743K/15751K, paused 2ms+3ms
06-14 12:56:14.410  3204  3204 D webviewglue: nativeDestroy view: 0x234b4e0
06-14 12:56:17.765   141   144 D dalvikvm: GC_CONCURRENT freed 1321K, 19% free 14698K/18119K, paused 2ms+8ms
06-14 12:56:18.648  3204  3206 D dalvikvm: GC_CONCURRENT freed 494K, 33% free 10703K/15751K, paused 3ms+5ms
06-14 12:56:29.535  3204  3206 D dalvikvm: GC_CONCURRENT freed 439K, 33% free 10701K/15751K, paused 5ms+3ms
06-14 12:56:37.617   141   144 D dalvikvm: GC_CONCURRENT freed 1309K, 19% free 14692K/18119K, paused 5ms+6ms
06-14 12:56:43.656  3204  3206 D dalvikvm: GC_CONCURRENT freed 436K, 33% free 10700K/15751K, paused 5ms+5ms
06-14 12:56:49.953   303  2929 D dalvikvm: GC_FOR_ALLOC freed 141K, 6% free 10451K/11079K, paused 56ms
06-14 12:56:49.953   303  2929 I dalvikvm-heap: Grow heap (frag case) to 10.315MB for 36880-byte allocation
06-14 12:56:49.992   303  2929 D dalvikvm: GC_FOR_ALLOC freed 11K, 6% free 10476K/11143K, paused 37ms
06-14 12:56:50.078   141  6667 I ActivityManager: Start proc android.process.media for content provider com.android.providers.media/.MediaProvider: pid=6668 uid=10012 gids={1015, 1023, 1024, 2001, 3003, 3007}
06-14 12:56:50.257  6668  6668 I ActivityThread: Pub downloads: com.android.providers.downloads.DownloadProvider
06-14 12:56:50.328  6668  6668 I ActivityThread: Pub drm: com.android.providers.drm.DrmProvider
06-14 12:56:50.347  6668  6682 I DownloadManager: in removeSpuriousFiles
06-14 12:56:50.351  6668  6668 I ActivityThread: Pub media: com.android.providers.media.MediaProvider
06-14 12:56:50.422  6668  6682 I DownloadManager: deleting spurious file /cache/backup
06-14 12:56:50.543   217   217 D dalvikvm: GC_FOR_ALLOC freed 68K, 9% free 10195K/11143K, paused 44ms
06-14 12:56:50.726   217   219 D dalvikvm: GC_CONCURRENT freed 375K, 9% free 10220K/11143K, paused 2ms+8ms
06-14 12:56:50.742  6668  6670 D dalvikvm: GC_CONCURRENT freed 370K, 5% free 9162K/9607K, paused 10ms+11ms
06-14 12:56:50.816   217   217 D dalvikvm: GC_FOR_ALLOC freed 37K, 9% free 10183K/11143K, paused 81ms
06-14 12:56:50.816   217   217 I dalvikvm-heap: Grow heap (frag case) to 10.309MB for 310416-byte allocation
06-14 12:56:50.894   217   217 D dalvikvm: GC_FOR_ALLOC freed <1K, 9% free 10486K/11463K, paused 57ms
06-14 12:56:51.066   141  6667 I AudioService:  AudioFocus  requestAudioFocus() from android.media.AudioManager@4151fea0
06-14 12:56:51.078   141  6666 W NotificationService: Notification sound delayed by 1064msecs
06-14 12:56:52.980   141  6667 I AudioService:  AudioFocus  abandonAudioFocus() from android.media.AudioManager@4151fea0
06-14 12:56:53.738   141  6703 I AudioService:  AudioFocus  requestAudioFocus() from android.media.AudioManager@4151fea0
06-14 12:56:55.652   141  6703 I AudioService:  AudioFocus  abandonAudioFocus() from android.media.AudioManager@4151fea0
06-14 12:56:57.785   217   219 D dalvikvm: GC_CONCURRENT freed 429K, 8% free 10550K/11463K, paused 3ms+10ms
06-14 12:56:57.902  3204  3206 D dalvikvm: GC_CONCURRENT freed 436K, 33% free 10700K/15751K, paused 4ms+8ms
06-14 12:56:58.984   141   144 D dalvikvm: GC_CONCURRENT freed 1202K, 19% free 14789K/18119K, paused 6ms+7ms
06-14 12:56:59.929   217   217 D dalvikvm: GC_FOR_ALLOC freed 501K, 13% free 10057K/11463K, paused 25ms
06-14 12:56:59.996   217   217 D dalvikvm: GC_FOR_ALLOC freed 301K, 13% free 10057K/11463K, paused 22ms
06-14 12:57:00.152   217   219 D dalvikvm: GC_CONCURRENT freed 380K, 13% free 10074K/11463K, paused 2ms+10ms
06-14 12:57:08.152   547  1277 I PhoneLab-: Service Running
06-14 12:57:08.257   547  1277 I PhoneLab-LoggerService: app_38    1287  547   1428   1060  c00f181c 400107b4 S logcat
06-14 12:57:08.257   547  1277 I PhoneLab-LoggerService: Logcat pid from database 1287
06-14 12:57:08.257   547  1277 I PhoneLab-LoggerService: Logcat process found 1287
06-14 12:57:08.257   547  1277 I PhoneLab-LoggerService: Checking Threshold
06-14 12:57:12.047  3204  3206 D dalvikvm: GC_CONCURRENT freed 436K, 33% free 10700K/15751K, paused 5ms+5ms
06-14 12:57:25.300   141   144 D dalvikvm: GC_CONCURRENT freed 1371K, 19% free 14743K/18119K, paused 5ms+6ms
06-14 12:57:26.179  3204  3206 D dalvikvm: GC_CONCURRENT freed 434K, 33% free 10700K/15751K, paused 6ms+3ms
06-14 12:57:40.347  3204  3206 D dalvikvm: GC_CONCURRENT freed 436K, 33% free 10699K/15751K, paused 5ms+3ms
06-14 12:57:48.441   303   305 D dalvikvm: GC_CONCURRENT freed 387K, 7% free 10475K/11143K, paused 6ms+11ms
06-14 12:57:51.820   141   144 D dalvikvm: GC_CONCURRENT freed 1314K, 19% free 14741K/18119K, paused 5ms+7ms
06-14 12:57:54.480  3204  3206 D dalvikvm: GC_CONCURRENT freed 435K, 33% free 10700K/15751K, paused 5ms+3ms
06-14 12:58:08.679  3204  3206 D dalvikvm: GC_CONCURRENT freed 436K, 33% free 10700K/15751K, paused 5ms+5ms
06-14 12:58:18.054   141   144 D dalvikvm: GC_CONCURRENT freed 1307K, 19% free 14745K/18119K, paused 6ms+7ms
06-14 12:58:22.832  3204  3206 D dalvikvm: GC_CONCURRENT freed 436K, 33% free 10700K/15751K, paused 5ms+3ms
06-14 12:58:37.015  3204  3206 D dalvikvm: GC_CONCURRENT freed 436K, 33% free 10700K/15751K, paused 5ms+4ms
06-14 12:58:44.515   141   144 D dalvikvm: GC_CONCURRENT freed 1315K, 19% free 14742K/18119K, paused 6ms+6ms
06-14 12:58:49.597  3204  3204 W MobClix Rectangle: Not yet ready!
06-14 12:58:51.179  3204  3206 D dalvikvm: GC_CONCURRENT freed 435K, 33% free 10700K/15751K, paused 5ms+5ms
06-14 12:58:58.824  3204  3257 W CodeID  : arcade_mode
06-14 12:58:58.840  3204  7126 W System.err: java.lang.NullPointerException
06-14 12:58:58.840  3204  7126 W System.err: 	at com.beintoo.main.managers.SubmitScoreManager$1.run(SubmitScoreManager.java:58)
06-14 12:58:58.840  3204  7126 W System.err: 	at java.lang.Thread.run(Thread.java:856)
06-14 12:58:59.472  3204  3206 D dalvikvm: GC_CONCURRENT freed 438K, 33% free 10701K/15751K, paused 3ms+3ms
06-14 12:59:01.277   141   144 D dalvikvm: GC_CONCURRENT freed 1334K, 19% free 14746K/18119K, paused 3ms+4ms
06-14 12:59:03.562  3204  3206 D dalvikvm: GC_CONCURRENT freed 438K, 33% free 10701K/15751K, paused 3ms+3ms
06-14 12:59:07.660  3204  3206 D dalvikvm: GC_CONCURRENT freed 440K, 33% free 10700K/15751K, paused 2ms+7ms
06-14 12:59:08.152   547  1277 I PhoneLab-: Service Running
06-14 12:59:08.257   141   144 D dalvikvm: GC_CONCURRENT freed 1339K, 19% free 14746K/18119K, paused 3ms+8ms
06-14 12:59:08.382   547  1277 I PhoneLab-LoggerService: app_38    1287  547   1428   1060  c00f181c 400107b4 S logcat
06-14 12:59:08.382   547  1277 I PhoneLab-LoggerService: Logcat pid from database 1287
06-14 12:59:08.382   547  1277 I PhoneLab-LoggerService: Logcat process found 1287
06-14 12:59:08.382   547  1277 I PhoneLab-LoggerService: Checking Threshold
06-14 12:59:09.836  1058  1060 D dalvikvm: GC_CONCURRENT freed 486K, 6% free 10517K/11143K, paused 3ms+3ms
06-14 12:59:11.797  3204  3206 D dalvikvm: GC_CONCURRENT freed 438K, 33% free 10701K/15751K, paused 2ms+3ms
06-14 12:59:15.250   141   144 D dalvikvm: GC_CONCURRENT freed 1340K, 19% free 14744K/18119K, paused 3ms+9ms
06-14 12:59:15.898  3204  3206 D dalvikvm: GC_CONCURRENT freed 439K, 33% free 10700K/15751K, paused 3ms+5ms
06-14 12:59:19.988  3204  3206 D dalvikvm: GC_CONCURRENT freed 438K, 33% free 10701K/15751K, paused 2ms+3ms
06-14 12:59:22.129   141   144 D dalvikvm: GC_CONCURRENT freed 1335K, 19% free 14745K/18119K, paused 3ms+4ms
06-14 12:59:24.101  3204  3206 D dalvikvm: GC_CONCURRENT freed 439K, 33% free 10701K/15751K, paused 3ms+4ms
06-14 12:59:33.871  3204  3206 D dalvikvm: GC_CONCURRENT freed 437K, 33% free 10699K/15751K, paused 4ms+4ms
06-14 12:59:39.215   141   144 D dalvikvm: GC_CONCURRENT freed 1319K, 19% free 14740K/18119K, paused 6ms+6ms
06-14 12:59:43.379   141   152 D dalvikvm: GC_EXPLICIT freed 208K, 19% free 14739K/18119K, paused 7ms+8ms
06-14 12:59:48.906  3204  3206 D dalvikvm: GC_CONCURRENT freed 435K, 33% free 10699K/15751K, paused 5ms+4ms
06-14 13:00:03.070  3204  3206 D dalvikvm: GC_CONCURRENT freed 435K, 33% free 10699K/15751K, paused 4ms+3ms
06-14 13:00:09.937   141   144 D dalvikvm: GC_CONCURRENT freed 1311K, 19% free 14740K/18119K, paused 5ms+6ms
06-14 13:00:17.195  3204  3206 D dalvikvm: GC_CONCURRENT freed 435K, 33% free 10699K/15751K, paused 5ms+4ms
06-14 13:00:31.347  3204  3206 D dalvikvm: GC_CONCURRENT freed 435K, 33% free 10699K/15751K, paused 6ms+4ms
06-14 13:00:36.968   141   144 D dalvikvm: GC_CONCURRENT freed 1317K, 19% free 14740K/18119K, paused 21ms+8ms
06-14 13:00:45.476  3204  3206 D dalvikvm: GC_CONCURRENT freed 434K, 33% free 10699K/15751K, paused 2ms+4ms
06-14 13:00:59.293   141   178 I InputReader: Dropping virtual key from device cypress-touchkey because virtual keys are temporarily disabled for the next 191.885ms.  keyCode=82, scanCode=139
06-14 13:00:59.386   141   178 I InputReader: Dropping key up from device cypress-touchkey because the key was not down.  keyCode=82, scanCode=139
06-14 13:00:59.605  3204  3206 D dalvikvm: GC_CONCURRENT freed 434K, 33% free 10700K/15751K, paused 4ms+6ms
06-14 13:01:00.422   141   178 I InputReader: Dropping virtual key from device cypress-touchkey because virtual keys are temporarily disabled for the next 168.172ms.  keyCode=82, scanCode=139
06-14 13:01:00.586   141   178 I InputReader: Dropping key up from device cypress-touchkey because the key was not down.  keyCode=82, scanCode=139
06-14 13:01:01.109   141   178 I InputReader: Dropping virtual key from device cypress-touchkey because virtual keys are temporarily disabled for the next 186.797ms.  keyCode=82, scanCode=139
06-14 13:01:01.195   141   178 I InputReader: Dropping key up from device cypress-touchkey because the key was not down.  keyCode=82, scanCode=139
06-14 13:01:01.734   141   178 I InputReader: Dropping virtual key from device cypress-touchkey because virtual keys are temporarily disabled for the next 119.508ms.  keyCode=82, scanCode=139
06-14 13:01:01.800   141   178 I InputReader: Dropping key up from device cypress-touchkey because the key was not down.  keyCode=82, scanCode=139
06-14 13:01:03.386   141   144 D dalvikvm: GC_CONCURRENT freed 1311K, 19% free 14744K/18119K, paused 4ms+11ms
06-14 13:01:03.441   141   178 I InputReader: Dropping virtual key from device cypress-touchkey because virtual keys are temporarily disabled for the next 171.653ms.  keyCode=82, scanCode=139
06-14 13:01:03.590   141   178 I InputReader: Dropping key up from device cypress-touchkey because the key was not down.  keyCode=82, scanCode=139
06-14 13:01:06.015   141   178 I InputReader: Dropping virtual key from device cypress-touchkey because virtual keys are temporarily disabled for the next 170.167ms.  keyCode=4, scanCode=158
06-14 13:01:08.152   547  1277 I PhoneLab-: Service Running
06-14 13:01:08.222   547  1277 I PhoneLab-LoggerService: app_38    1287  547   1428   1060  c00f181c 400107b4 S logcat
06-14 13:01:08.222   547  1277 I PhoneLab-LoggerService: Logcat pid from database 1287
06-14 13:01:08.222   547  1277 I PhoneLab-LoggerService: Logcat process found 1287
06-14 13:01:08.222   547  1277 I PhoneLab-LoggerService: Checking Threshold
06-14 13:01:13.726  3204  3206 D dalvikvm: GC_CONCURRENT freed 435K, 33% free 10700K/15751K, paused 4ms+4ms
06-14 13:01:27.883  3204  3206 D dalvikvm: GC_CONCURRENT freed 436K, 33% free 10699K/15751K, paused 3ms+4ms
06-14 13:01:30.429   141   144 D dalvikvm: GC_CONCURRENT freed 1318K, 19% free 14739K/18119K, paused 3ms+5ms
06-14 13:01:32.636   141   178 I InputReader: Dropping virtual key from device cypress-touchkey because virtual keys are temporarily disabled for the next 181.512ms.  keyCode=84, scanCode=217
06-14 13:01:32.687   141   178 I InputReader: Dropping key up from device cypress-touchkey because the key was not down.  keyCode=84, scanCode=217
06-14 13:01:33.933   141   178 I InputReader: Dropping virtual key from device cypress-touchkey because virtual keys are temporarily disabled for the next 189.870ms.  keyCode=84, scanCode=217
06-14 13:01:34.000   141   178 I InputReader: Dropping key up from device cypress-touchkey because the key was not down.  keyCode=84, scanCode=217
06-14 13:01:34.379   141   178 I InputReader: Dropping virtual key from device cypress-touchkey because virtual keys are temporarily disabled for the next 176.689ms.  keyCode=84, scanCode=217
06-14 13:01:34.461   141   178 I InputReader: Dropping key up from device cypress-touchkey because the key was not down.  keyCode=84, scanCode=217
06-14 13:01:36.031   141   178 I InputReader: Dropping virtual key from device cypress-touchkey because virtual keys are temporarily disabled for the next 185.007ms.  keyCode=84, scanCode=217
06-14 13:01:36.097   141   178 I InputReader: Dropping key up from device cypress-touchkey because the key was not down.  keyCode=84, scanCode=217
06-14 13:01:36.410   141   178 I InputReader: Dropping virtual key from device cypress-touchkey because virtual keys are temporarily disabled for the next 185.798ms.  keyCode=82, scanCode=139
06-14 13:01:36.476   141   178 I InputReader: Dropping key up from device cypress-touchkey because the key was not down.  keyCode=82, scanCode=139
06-14 13:01:37.148   141   178 I InputReader: Dropping virtual key from device cypress-touchkey because virtual keys are temporarily disabled for the next 196.653ms.  keyCode=82, scanCode=139
06-14 13:01:37.234   141   178 I InputReader: Dropping key up from device cypress-touchkey because the key was not down.  keyCode=82, scanCode=139
06-14 13:01:37.578   141   178 I InputReader: Dropping virtual key from device cypress-touchkey because virtual keys are temporarily disabled for the next 174.682ms.  keyCode=82, scanCode=139
06-14 13:01:37.691   141   178 I InputReader: Dropping key up from device cypress-touchkey because the key was not down.  keyCode=82, scanCode=139
06-14 13:01:41.679  3204  3204 W MobClix Rectangle: Not yet ready!
06-14 13:01:42.027  3204  3206 D dalvikvm: GC_CONCURRENT freed 435K, 33% free 10699K/15751K, paused 6ms+5ms
06-14 13:01:50.902  3204  3257 W CodeID  : arcade_mode
06-14 13:01:50.918  3204  8200 W System.err: java.lang.NullPointerException
06-14 13:01:50.918  3204  8200 W System.err: 	at com.beintoo.main.managers.SubmitScoreManager$1.run(SubmitScoreManager.java:58)
06-14 13:01:50.918  3204  8200 W System.err: 	at java.lang.Thread.run(Thread.java:856)
06-14 13:01:51.164  3204  3206 D dalvikvm: GC_CONCURRENT freed 435K, 33% free 10702K/15751K, paused 3ms+5ms
06-14 13:01:51.808   141   144 D dalvikvm: GC_CONCURRENT freed 1326K, 19% free 14746K/18119K, paused 3ms+5ms
06-14 13:01:59.258  3204  3206 D dalvikvm: GC_CONCURRENT freed 438K, 33% free 10701K/15751K, paused 5ms+3ms
06-14 13:02:13.433  3204  3206 D dalvikvm: GC_CONCURRENT freed 436K, 33% free 10701K/15751K, paused 2ms+7ms
06-14 13:02:13.476   141   144 D dalvikvm: GC_CONCURRENT freed 1328K, 19% free 14737K/18119K, paused 6ms+12ms
06-14 13:02:27.566  3204  3206 D dalvikvm: GC_CONCURRENT freed 435K, 33% free 10701K/15751K, paused 4ms+2ms
06-14 13:02:40.304   141   144 D dalvikvm: GC_CONCURRENT freed 1311K, 19% free 14736K/18119K, paused 3ms+6ms
06-14 13:02:41.750  3204  3206 D dalvikvm: GC_CONCURRENT freed 435K, 33% free 10701K/15751K, paused 5ms+3ms
06-14 13:02:55.886  3204  3206 D dalvikvm: GC_CONCURRENT freed 435K, 33% free 10701K/15751K, paused 3ms+4ms
06-14 13:03:02.691   141   178 I InputReader: Dropping virtual key from device cypress-touchkey because virtual keys are temporarily disabled for the next 159.638ms.  keyCode=82, scanCode=139
06-14 13:03:02.789   141   178 I InputReader: Dropping key up from device cypress-touchkey because the key was not down.  keyCode=82, scanCode=139
06-14 13:03:03.300   141   178 I InputReader: Dropping virtual key from device cypress-touchkey because virtual keys are temporarily disabled for the next 177.129ms.  keyCode=82, scanCode=139
06-14 13:03:03.414   141   178 I InputReader: Dropping key up from device cypress-touchkey because the key was not down.  keyCode=82, scanCode=139
06-14 13:03:03.875   141   178 I InputReader: Dropping virtual key from device cypress-touchkey because virtual keys are temporarily disabled for the next 181.527ms.  keyCode=82, scanCode=139
06-14 13:03:03.957   141   178 I InputReader: Dropping key up from device cypress-touchkey because the key was not down.  keyCode=82, scanCode=139
06-14 13:03:04.890   141   178 I InputReader: Dropping virtual key from device cypress-touchkey because virtual keys are temporarily disabled for the next 167.311ms.  keyCode=82, scanCode=139
06-14 13:03:04.972   141   178 I InputReader: Dropping key up from device cypress-touchkey because the key was not down.  keyCode=82, scanCode=139
06-14 13:03:05.941   141   178 I InputReader: Dropping virtual key from device cypress-touchkey because virtual keys are temporarily disabled for the next 177.478ms.  keyCode=82, scanCode=139
06-14 13:03:06.090   141   178 I InputReader: Dropping key up from device cypress-touchkey because the key was not down.  keyCode=82, scanCode=139
06-14 13:03:06.984   141   144 D dalvikvm: GC_CONCURRENT freed 1311K, 19% free 14736K/18119K, paused 4ms+5ms
06-14 13:03:07.074   141   178 I InputReader: Dropping virtual key from device cypress-touchkey because virtual keys are temporarily disabled for the next 158.549ms.  keyCode=84, scanCode=217
06-14 13:03:07.187   141   178 I InputReader: Dropping key up from device cypress-touchkey because the key was not down.  keyCode=84, scanCode=217
06-14 13:03:08.152   547  1277 I PhoneLab-: Service Running
06-14 13:03:08.273   547  1277 I PhoneLab-LoggerService: app_38    1287  547   1428   1060  c00f181c 400107b4 S logcat
06-14 13:03:08.277   547  1277 I PhoneLab-LoggerService: Logcat pid from database 1287
06-14 13:03:08.277   547  1277 I PhoneLab-LoggerService: Logcat process found 1287
06-14 13:03:08.277   547  1277 I PhoneLab-LoggerService: Checking Threshold
06-14 13:03:10.070  3204  3206 D dalvikvm: GC_CONCURRENT freed 436K, 33% free 10701K/15751K, paused 3ms+4ms
06-14 13:03:10.515   141   178 I InputReader: Dropping virtual key from device cypress-touchkey because virtual keys are temporarily disabled for the next 155.819ms.  keyCode=82, scanCode=139
06-14 13:03:10.761   141   178 I InputReader: Dropping key up from device cypress-touchkey because the key was not down.  keyCode=82, scanCode=139
06-14 13:03:14.336   141   178 I InputReader: Dropping virtual key from device cypress-touchkey because virtual keys are temporarily disabled for the next 133.846ms.  keyCode=82, scanCode=139
06-14 13:03:14.484   141   178 I InputReader: Dropping key up from device cypress-touchkey because the key was not down.  keyCode=82, scanCode=139
06-14 13:03:20.742   141   178 I InputReader: Dropping virtual key from device cypress-touchkey because virtual keys are temporarily disabled for the next 132.452ms.  keyCode=82, scanCode=139
06-14 13:03:20.957   141   178 I InputReader: Dropping key up from device cypress-touchkey because the key was not down.  keyCode=82, scanCode=139
06-14 13:03:21.285  3204  3204 W MobClix Rectangle: Not yet ready!
06-14 13:03:23.648   547   547 I PhoneLab-Locks: wake lock acquired
06-14 13:03:23.660   547   547 I PhoneLab-StatusMonitor: Status Monitoring is started
06-14 13:03:23.765   547   548 D dalvikvm: GC_CONCURRENT freed 471K, 17% free 9250K/11079K, paused 3ms+6ms
06-14 13:03:23.797   547   547 I PhoneLab-StatusMonitor: Value: 10 - unit: min
06-14 13:03:23.797   547   547 I PhoneLab-StatusMonitor: Running interval: 600000
06-14 13:03:23.804   547   547 I PhoneLab-StatusMonitor: Rescheduling status monitoring...
06-14 13:03:23.804   547   547 I PhoneLab-Locks: wake lock released
06-14 13:03:23.820   547   547 I PhoneLab-StatusMonitorLocation: Learning Location
06-14 13:03:23.820   547   547 I PhoneLab-Locks: wake lock acquired
06-14 13:03:23.828   547   547 I PhoneLab-Locks: wake lock acquired
06-14 13:03:23.832   303   575 D androidNetworkLocationListeners: Still have listener com.google.android.location.internal.client.NetworkLocationClient$1@4138edc0
06-14 13:03:23.843   547   547 I PhoneLab-StatusMonitorLocation: Learning Signal Strgth
06-14 13:03:23.843   547   547 I PhoneLab-Locks: wake lock acquired
06-14 13:03:23.859   303   575 D androidNetworkLocationListeners: Still have listener com.google.android.location.internal.client.NetworkLocationClient$1@4138edc0
06-14 13:03:23.871   547   547 I PhoneLab-StatusMonitorBattery: Battery_level: 84
06-14 13:03:23.871   547   547 I PhoneLab-Locks: wake lock released
06-14 13:03:23.875   547   547 I PhoneLab-StatusMonitorSignal: Signal_Strength: -76 asu: 19
06-14 13:03:23.875   547   547 I PhoneLab-Locks: wake lock released
06-14 13:03:24.265  3204  3206 D dalvikvm: GC_CONCURRENT freed 436K, 33% free 10702K/15751K, paused 5ms+4ms
06-14 13:03:25.199   303   305 D dalvikvm: GC_CONCURRENT freed 542K, 7% free 10444K/11143K, paused 2ms+10ms
06-14 13:03:25.230   547   547 I PhoneLab-StatusMonitorLocation: Location_Latitude: 42.9553137 Longitude: -78.8289283 Accuracy: 43.0
06-14 13:03:25.234   547   547 I PhoneLab-Locks: wake lock released
06-14 13:03:25.250   303   575 D androidNetworkLocationListeners: Still have listener com.google.android.location.internal.client.NetworkLocationClient$1@4138edc0
06-14 13:03:30.093   141   144 D dalvikvm: GC_CONCURRENT freed 1314K, 19% free 14757K/18119K, paused 3ms+6ms
06-14 13:03:30.500  3204  3257 W CodeID  : arcade_mode
06-14 13:03:30.515  3204  8966 W System.err: java.lang.NullPointerException
06-14 13:03:30.515  3204  8966 W System.err: 	at com.beintoo.main.managers.SubmitScoreManager$1.run(SubmitScoreManager.java:58)
06-14 13:03:30.515  3204  8966 W System.err: 	at java.lang.Thread.run(Thread.java:856)
06-14 13:03:31.523  3204  3206 D dalvikvm: GC_CONCURRENT freed 438K, 33% free 10703K/15751K, paused 2ms+5ms
06-14 13:03:35.656  3204  3206 D dalvikvm: GC_CONCURRENT freed 446K, 33% free 10706K/15751K, paused 2ms+3ms
06-14 13:03:37.070   141   144 D dalvikvm: GC_CONCURRENT freed 1351K, 19% free 14747K/18119K, paused 3ms+7ms
06-14 13:03:37.828  3204  3206 D dalvikvm: GC_CONCURRENT freed 408K, 32% free 10739K/15751K, paused 3ms+3ms
06-14 13:03:41.871  3204  3206 D dalvikvm: GC_CONCURRENT freed 458K, 32% free 10733K/15751K, paused 2ms+4ms
06-14 13:03:44.058   141   144 D dalvikvm: GC_CONCURRENT freed 1339K, 19% free 14746K/18119K, paused 3ms+5ms
06-14 13:03:46.066  3204  3206 D dalvikvm: GC_CONCURRENT freed 449K, 32% free 10733K/15751K, paused 2ms+4ms
06-14 13:03:50.273  3204  3206 D dalvikvm: GC_CONCURRENT freed 451K, 32% free 10732K/15751K, paused 2ms+4ms
06-14 13:03:51.031   141   144 D dalvikvm: GC_CONCURRENT freed 1339K, 19% free 14749K/18119K, paused 3ms+8ms
06-14 13:03:54.468  3204  3206 D dalvikvm: GC_CONCURRENT freed 450K, 32% free 10732K/15751K, paused 3ms+3ms
06-14 13:03:55.148   303   305 D dalvikvm: GC_CONCURRENT freed 398K, 7% free 10435K/11143K, paused 18ms+5ms
06-14 13:03:57.984   141   144 D dalvikvm: GC_CONCURRENT freed 1342K, 19% free 14748K/18119K, paused 3ms+6ms
06-14 13:03:58.664  3204  3206 D dalvikvm: GC_CONCURRENT freed 450K, 32% free 10732K/15751K, paused 3ms+7ms
06-14 13:04:02.898  3204  3206 D dalvikvm: GC_CONCURRENT freed 450K, 32% free 10732K/15751K, paused 2ms+2ms
06-14 13:04:04.914   141   144 D dalvikvm: GC_CONCURRENT freed 1339K, 19% free 14749K/18119K, paused 4ms+6ms
06-14 13:04:07.105  3204  3206 D dalvikvm: GC_CONCURRENT freed 450K, 32% free 10732K/15751K, paused 3ms+4ms
06-14 13:04:11.300  3204  3206 D dalvikvm: GC_CONCURRENT freed 449K, 32% free 10732K/15751K, paused 2ms+6ms
06-14 13:04:11.906   141   144 D dalvikvm: GC_CONCURRENT freed 1340K, 19% free 14747K/18119K, paused 3ms+5ms
06-14 13:04:15.496  3204  3206 D dalvikvm: GC_CONCURRENT freed 450K, 32% free 10732K/15751K, paused 2ms+7ms
06-14 13:04:18.879   141   144 D dalvikvm: GC_CONCURRENT freed 1341K, 19% free 14746K/18119K, paused 4ms+6ms
06-14 13:04:19.699  3204  3206 D dalvikvm: GC_CONCURRENT freed 450K, 32% free 10732K/15751K, paused 2ms+3ms
06-14 13:04:23.894  3204  3206 D dalvikvm: GC_CONCURRENT freed 450K, 32% free 10733K/15751K, paused 2ms+4ms
06-14 13:04:25.804   141   144 D dalvikvm: GC_CONCURRENT freed 1337K, 19% free 14747K/18119K, paused 4ms+9ms
06-14 13:04:28.109  3204  3206 D dalvikvm: GC_CONCURRENT freed 450K, 32% free 10732K/15751K, paused 3ms+3ms
06-14 13:04:32.324  3204  3206 D dalvikvm: GC_CONCURRENT freed 450K, 32% free 10733K/15751K, paused 3ms+3ms
06-14 13:04:32.812   141   144 D dalvikvm: GC_CONCURRENT freed 1339K, 19% free 14747K/18119K, paused 3ms+6ms
06-14 13:04:36.523  3204  3206 D dalvikvm: GC_CONCURRENT freed 450K, 32% free 10731K/15751K, paused 2ms+5ms
06-14 13:04:39.789   141   144 D dalvikvm: GC_CONCURRENT freed 1337K, 19% free 14749K/18119K, paused 3ms+8ms
06-14 13:04:40.703  3204  3206 D dalvikvm: GC_CONCURRENT freed 448K, 32% free 10732K/15751K, paused 2ms+6ms
06-14 13:04:44.910  3204  3206 D dalvikvm: GC_CONCURRENT freed 450K, 32% free 10732K/15751K, paused 2ms+3ms
06-14 13:04:46.781   141   144 D dalvikvm: GC_CONCURRENT freed 1342K, 19% free 14747K/18119K, paused 3ms+6ms
06-14 13:04:49.125  3204  3206 D dalvikvm: GC_CONCURRENT freed 450K, 32% free 10732K/15751K, paused 2ms+5ms
06-14 13:04:53.336  3204  3206 D dalvikvm: GC_CONCURRENT freed 450K, 32% free 10732K/15751K, paused 2ms+4ms
06-14 13:04:53.734   141   144 D dalvikvm: GC_CONCURRENT freed 1338K, 19% free 14749K/18119K, paused 3ms+8ms
06-14 13:04:57.550  3204  3206 D dalvikvm: GC_CONCURRENT freed 450K, 32% free 10732K/15751K, paused 2ms+2ms
06-14 13:05:00.621   141   144 D dalvikvm: GC_CONCURRENT freed 1337K, 19% free 14751K/18119K, paused 2ms+8ms
06-14 13:05:01.758  3204  3206 D dalvikvm: GC_CONCURRENT freed 451K, 32% free 10731K/15751K, paused 3ms+4ms
06-14 13:05:05.961  3204  3206 D dalvikvm: GC_CONCURRENT freed 448K, 32% free 10732K/15751K, paused 4ms+3ms
06-14 13:05:07.578   141   144 D dalvikvm: GC_CONCURRENT freed 1343K, 19% free 14746K/18119K, paused 3ms+5ms
06-14 13:05:08.152   547  1277 I PhoneLab-: Service Running
06-14 13:05:08.246   547  1277 I PhoneLab-LoggerService: app_38    1287  547   1428   1060  c00f181c 400107b4 S logcat
06-14 13:05:08.250   547  1277 I PhoneLab-LoggerService: Logcat pid from database 1287
06-14 13:05:08.250   547  1277 I PhoneLab-LoggerService: Logcat process found 1287
06-14 13:05:08.250   547  1277 I PhoneLab-LoggerService: Checking Threshold
06-14 13:05:10.175  3204  3206 D dalvikvm: GC_CONCURRENT freed 450K, 32% free 10732K/15751K, paused 2ms+5ms
06-14 13:05:14.410  3204  3206 D dalvikvm: GC_CONCURRENT freed 450K, 32% free 10732K/15751K, paused 3ms+6ms
06-14 13:05:14.539   141   144 D dalvikvm: GC_CONCURRENT freed 1334K, 19% free 14748K/18119K, paused 4ms+5ms
06-14 13:05:18.633  3204  3206 D dalvikvm: GC_CONCURRENT freed 450K, 32% free 10732K/15751K, paused 3ms+4ms
06-14 13:05:21.515   141   144 D dalvikvm: GC_CONCURRENT freed 1340K, 19% free 14747K/18119K, paused 4ms+7ms
06-14 13:05:22.836  3204  3206 D dalvikvm: GC_CONCURRENT freed 450K, 32% free 10732K/15751K, paused 3ms+3ms
06-14 13:05:27.047  3204  3206 D dalvikvm: GC_CONCURRENT freed 450K, 32% free 10732K/15751K, paused 2ms+5ms
06-14 13:05:28.519   141   144 D dalvikvm: GC_CONCURRENT freed 1339K, 19% free 14746K/18119K, paused 3ms+7ms
06-14 13:05:31.261  3204  3206 D dalvikvm: GC_CONCURRENT freed 450K, 32% free 10732K/15751K, paused 2ms+5ms
06-14 13:05:35.508  3204  3206 D dalvikvm: GC_CONCURRENT freed 451K, 32% free 10732K/15751K, paused 2ms+6ms
06-14 13:05:35.535   141   144 D dalvikvm: GC_CONCURRENT freed 1335K, 19% free 14741K/18119K, paused 4ms+9ms
06-14 13:05:39.715  3204  3206 D dalvikvm: GC_CONCURRENT freed 449K, 32% free 10732K/15751K, paused 3ms+3ms
06-14 13:05:42.437   141   144 D dalvikvm: GC_CONCURRENT freed 1332K, 19% free 14747K/18119K, paused 3ms+7ms
06-14 13:05:43.922  3204  3206 D dalvikvm: GC_CONCURRENT freed 450K, 32% free 10732K/15751K, paused 3ms+4ms
06-14 13:05:48.133  3204  3206 D dalvikvm: GC_CONCURRENT freed 450K, 32% free 10732K/15751K, paused 2ms+3ms
06-14 13:05:49.429   141   144 D dalvikvm: GC_CONCURRENT freed 1338K, 19% free 14746K/18119K, paused 3ms+7ms
06-14 13:05:52.328  3204  3206 D dalvikvm: GC_CONCURRENT freed 450K, 32% free 10732K/15751K, paused 2ms+3ms
06-14 13:05:56.425   141   144 D dalvikvm: GC_CONCURRENT freed 1339K, 19% free 14746K/18119K, paused 3ms+7ms
06-14 13:05:56.547  3204  3206 D dalvikvm: GC_CONCURRENT freed 450K, 32% free 10732K/15751K, paused 3ms+4ms
06-14 13:06:00.758  3204  3206 D dalvikvm: GC_CONCURRENT freed 450K, 32% free 10733K/15751K, paused 2ms+3ms
06-14 13:06:03.254   141   144 D dalvikvm: GC_CONCURRENT freed 1336K, 19% free 14749K/18119K, paused 4ms+9ms
06-14 13:06:04.953  3204  3206 D dalvikvm: GC_CONCURRENT freed 450K, 32% free 10732K/15751K, paused 3ms+3ms
06-14 13:06:09.164  3204  3206 D dalvikvm: GC_CONCURRENT freed 450K, 32% free 10732K/15751K, paused 3ms+3ms
06-14 13:06:10.230   141   144 D dalvikvm: GC_CONCURRENT freed 1340K, 19% free 14747K/18119K, paused 3ms+7ms
06-14 13:06:13.363  3204  3206 D dalvikvm: GC_CONCURRENT freed 450K, 32% free 10732K/15751K, paused 3ms+4ms
06-14 13:06:17.218   141   144 D dalvikvm: GC_CONCURRENT freed 1338K, 19% free 14747K/18119K, paused 4ms+6ms
06-14 13:06:17.574  3204  3206 D dalvikvm: GC_CONCURRENT freed 450K, 32% free 10732K/15751K, paused 2ms+3ms
06-14 13:06:21.769  3204  3206 D dalvikvm: GC_CONCURRENT freed 450K, 32% free 10732K/15751K, paused 2ms+3ms
06-14 13:06:24.215   141   144 D dalvikvm: GC_CONCURRENT freed 1339K, 19% free 14747K/18119K, paused 3ms+8ms
06-14 13:06:25.988  3204  3206 D dalvikvm: GC_CONCURRENT freed 450K, 32% free 10732K/15751K, paused 2ms+4ms
06-14 13:06:30.199  3204  3206 D dalvikvm: GC_CONCURRENT freed 450K, 32% free 10732K/15751K, paused 3ms+3ms
06-14 13:06:31.226   141   144 D dalvikvm: GC_CONCURRENT freed 1338K, 19% free 14749K/18119K, paused 4ms+5ms
06-14 13:06:34.414  3204  3206 D dalvikvm: GC_CONCURRENT freed 450K, 32% free 10733K/15751K, paused 2ms+4ms
06-14 13:06:38.218   141   144 D dalvikvm: GC_CONCURRENT freed 1340K, 19% free 14747K/18119K, paused 3ms+7ms
06-14 13:06:38.629  3204  3206 D dalvikvm: GC_CONCURRENT freed 450K, 32% free 10732K/15751K, paused 3ms+4ms
06-14 13:06:42.847  3204  3206 D dalvikvm: GC_CONCURRENT freed 450K, 32% free 10732K/15751K, paused 3ms+3ms
06-14 13:06:45.226   141   144 D dalvikvm: GC_CONCURRENT freed 1338K, 19% free 14747K/18119K, paused 3ms+6ms
06-14 13:06:47.054  3204  3206 D dalvikvm: GC_CONCURRENT freed 450K, 32% free 10732K/15751K, paused 3ms+3ms
06-14 13:06:51.265  3204  3206 D dalvikvm: GC_CONCURRENT freed 450K, 32% free 10732K/15751K, paused 2ms+3ms
06-14 13:06:52.191   141   144 D dalvikvm: GC_CONCURRENT freed 1338K, 19% free 14747K/18119K, paused 3ms+8ms
06-14 13:06:55.461  3204  3206 D dalvikvm: GC_CONCURRENT freed 450K, 32% free 10732K/15751K, paused 3ms+4ms
06-14 13:06:59.164   141   144 D dalvikvm: GC_CONCURRENT freed 1337K, 19% free 14747K/18119K, paused 4ms+5ms
06-14 13:06:59.660  3204  3206 D dalvikvm: GC_CONCURRENT freed 450K, 32% free 10732K/15751K, paused 2ms+4ms
06-14 13:07:03.875  3204  3206 D dalvikvm: GC_CONCURRENT freed 450K, 32% free 10732K/15751K, paused 3ms+5ms
06-14 13:07:06.070   141   144 D dalvikvm: GC_CONCURRENT freed 1335K, 19% free 14748K/18119K, paused 3ms+4ms
06-14 13:07:08.086  3204  3206 D dalvikvm: GC_CONCURRENT freed 450K, 32% free 10732K/15751K, paused 2ms+5ms
06-14 13:07:08.152   547  1277 I PhoneLab-: Service Running
06-14 13:07:08.226   547  1277 I PhoneLab-LoggerService: app_38    1287  547   1428   1060  c00f181c 400107b4 S logcat
06-14 13:07:08.226   547  1277 I PhoneLab-LoggerService: Logcat pid from database 1287
06-14 13:07:08.226   547  1277 I PhoneLab-LoggerService: Logcat process found 1287
06-14 13:07:08.226   547  1277 I PhoneLab-LoggerService: Checking Threshold
06-14 13:07:11.425   141   144 D dalvikvm: GC_CONCURRENT freed 1342K, 19% free 14745K/18119K, paused 4ms+7ms
06-14 13:07:12.297  3204  3206 D dalvikvm: GC_CONCURRENT freed 450K, 32% free 10732K/15751K, paused 3ms+5ms
06-14 13:07:16.496  3204  3206 D dalvikvm: GC_CONCURRENT freed 450K, 32% free 10732K/15751K, paused 3ms+3ms
06-14 13:07:18.394   141   144 D dalvikvm: GC_CONCURRENT freed 1339K, 19% free 14746K/18119K, paused 3ms+7ms
06-14 13:07:20.695  3204  3206 D dalvikvm: GC_CONCURRENT freed 450K, 32% free 10732K/15751K, paused 2ms+5ms
06-14 13:07:24.906  3204  3206 D dalvikvm: GC_CONCURRENT freed 450K, 32% free 10732K/15751K, paused 2ms+6ms
06-14 13:07:25.359   141   144 D dalvikvm: GC_CONCURRENT freed 1341K, 19% free 14744K/18119K, paused 3ms+6ms
06-14 13:07:29.121  3204  3206 D dalvikvm: GC_CONCURRENT freed 450K, 32% free 10732K/15751K, paused 3ms+5ms
06-14 13:07:32.332   141   144 D dalvikvm: GC_CONCURRENT freed 1336K, 19% free 14745K/18119K, paused 3ms+6ms
06-14 13:07:33.332  3204  3206 D dalvikvm: GC_CONCURRENT freed 450K, 32% free 10732K/15751K, paused 2ms+3ms
06-14 13:07:37.543  3204  3206 D dalvikvm: GC_CONCURRENT freed 450K, 32% free 10732K/15751K, paused 3ms+3ms
06-14 13:07:39.328   141   144 D dalvikvm: GC_CONCURRENT freed 1340K, 19% free 14743K/18119K, paused 3ms+9ms
06-14 13:07:41.746  3204  3206 D dalvikvm: GC_CONCURRENT freed 450K, 32% free 10732K/15751K, paused 3ms+4ms
06-14 13:07:45.957  3204  3206 D dalvikvm: GC_CONCURRENT freed 450K, 32% free 10732K/15751K, paused 2ms+4ms
06-14 13:07:46.269   141   144 D dalvikvm: GC_CONCURRENT freed 1336K, 19% free 14743K/18119K, paused 3ms+6ms
06-14 13:07:50.187  3204  3206 D dalvikvm: GC_CONCURRENT freed 450K, 32% free 10732K/15751K, paused 2ms+3ms
06-14 13:07:53.250   141   144 D dalvikvm: GC_CONCURRENT freed 1340K, 19% free 14743K/18119K, paused 3ms+8ms
06-14 13:07:54.383  3204  3206 D dalvikvm: GC_CONCURRENT freed 450K, 32% free 10732K/15751K, paused 2ms+4ms
06-14 13:07:58.597  3204  3206 D dalvikvm: GC_CONCURRENT freed 450K, 32% free 10733K/15751K, paused 3ms+3ms
06-14 13:08:00.207   141   144 D dalvikvm: GC_CONCURRENT freed 1336K, 19% free 14744K/18119K, paused 3ms+6ms
06-14 13:08:02.843  3204  3206 D dalvikvm: GC_CONCURRENT freed 450K, 32% free 10732K/15751K, paused 3ms+2ms
06-14 13:08:07.050  3204  3206 D dalvikvm: GC_CONCURRENT freed 450K, 32% free 10732K/15751K, paused 2ms+4ms
06-14 13:08:07.222   141   144 D dalvikvm: GC_CONCURRENT freed 1339K, 19% free 14746K/18119K, paused 3ms+8ms
06-14 13:08:11.273  3204  3206 D dalvikvm: GC_CONCURRENT freed 450K, 32% free 10732K/15751K, paused 3ms+5ms
06-14 13:08:14.226   141   144 D dalvikvm: GC_CONCURRENT freed 1340K, 19% free 14744K/18119K, paused 3ms+5ms
06-14 13:08:15.492  3204  3206 D dalvikvm: GC_CONCURRENT freed 450K, 32% free 10731K/15751K, paused 2ms+2ms
06-14 13:08:19.683  3204  3206 D dalvikvm: GC_CONCURRENT freed 448K, 32% free 10732K/15751K, paused 3ms+4ms
06-14 13:08:21.234   141   144 D dalvikvm: GC_CONCURRENT freed 1337K, 19% free 14745K/18119K, paused 4ms+5ms
06-14 13:08:23.894  3204  3206 D dalvikvm: GC_CONCURRENT freed 450K, 32% free 10732K/15751K, paused 2ms+5ms
06-14 13:08:28.121  3204  3206 D dalvikvm: GC_CONCURRENT freed 449K, 32% free 10732K/15751K, paused 3ms+3ms
06-14 13:08:28.218   141   144 D dalvikvm: GC_CONCURRENT freed 1332K, 19% free 14743K/18119K, paused 3ms+5ms
06-14 13:08:32.347  3204  3206 D dalvikvm: GC_CONCURRENT freed 449K, 32% free 10733K/15751K, paused 2ms+4ms
06-14 13:08:35.093   141   144 D dalvikvm: GC_CONCURRENT freed 1336K, 19% free 14745K/18119K, paused 4ms+7ms
06-14 13:08:36.554  3204  3206 D dalvikvm: GC_CONCURRENT freed 450K, 32% free 10732K/15751K, paused 3ms+3ms
06-14 13:08:40.754  3204  3206 D dalvikvm: GC_CONCURRENT freed 450K, 32% free 10732K/15751K, paused 3ms+6ms
06-14 13:08:42.078   141   144 D dalvikvm: GC_CONCURRENT freed 1339K, 19% free 14745K/18119K, paused 3ms+9ms
06-14 13:08:44.965  3204  3206 D dalvikvm: GC_CONCURRENT freed 450K, 32% free 10733K/15751K, paused 2ms+4ms
06-14 13:08:49.062   141   144 D dalvikvm: GC_CONCURRENT freed 1340K, 19% free 14746K/18119K, paused 4ms+5ms
06-14 13:08:49.179  3204  3206 D dalvikvm: GC_CONCURRENT freed 450K, 32% free 10732K/15751K, paused 2ms+4ms
06-14 13:08:53.390  3204  3206 D dalvikvm: GC_CONCURRENT freed 450K, 32% free 10732K/15751K, paused 3ms+5ms
06-14 13:08:56.058   141   144 D dalvikvm: GC_CONCURRENT freed 1339K, 19% free 14744K/18119K, paused 3ms+6ms
06-14 13:08:57.590  3204  3206 D dalvikvm: GC_CONCURRENT freed 450K, 32% free 10732K/15751K, paused 3ms+5ms
06-14 13:09:01.800  3204  3206 D dalvikvm: GC_CONCURRENT freed 450K, 32% free 10733K/15751K, paused 2ms+4ms
06-14 13:09:02.957   141   144 D dalvikvm: GC_CONCURRENT freed 1339K, 19% free 14744K/18119K, paused 4ms+6ms
06-14 13:09:05.984  3204  3206 D dalvikvm: GC_CONCURRENT freed 449K, 32% free 10732K/15751K, paused 2ms+3ms
06-14 13:09:08.152   547  1277 I PhoneLab-: Service Running
06-14 13:09:08.254   547  1277 I PhoneLab-LoggerService: app_38    1287  547   1428   1060  c00f181c 400107b4 S logcat
06-14 13:09:08.265   547  1277 I PhoneLab-LoggerService: Logcat pid from database 1287
06-14 13:09:08.265   547  1277 I PhoneLab-LoggerService: Logcat process found 1287
06-14 13:09:08.265   547  1277 I PhoneLab-LoggerService: Checking Threshold
06-14 13:09:09.914   141   144 D dalvikvm: GC_CONCURRENT freed 1337K, 19% free 14743K/18119K, paused 3ms+6ms
06-14 13:09:10.179  3204  3206 D dalvikvm: GC_CONCURRENT freed 449K, 32% free 10732K/15751K, paused 2ms+6ms
06-14 13:09:14.390  3204  3206 D dalvikvm: GC_CONCURRENT freed 450K, 32% free 10732K/15751K, paused 3ms+4ms
06-14 13:09:16.910   141   144 D dalvikvm: GC_CONCURRENT freed 1337K, 19% free 14743K/18119K, paused 3ms+8ms
06-14 13:09:18.605  3204  3206 D dalvikvm: GC_CONCURRENT freed 450K, 32% free 10733K/15751K, paused 2ms+5ms
06-14 13:09:22.816  3204  3206 D dalvikvm: GC_CONCURRENT freed 450K, 32% free 10732K/15751K, paused 4ms+4ms
06-14 13:09:23.828   141   144 D dalvikvm: GC_CONCURRENT freed 1337K, 19% free 14743K/18119K, paused 4ms+6ms
06-14 13:09:27.011  3204  3206 D dalvikvm: GC_CONCURRENT freed 450K, 32% free 10732K/15751K, paused 2ms+3ms
06-14 13:09:30.800   141   144 D dalvikvm: GC_CONCURRENT freed 1338K, 19% free 14743K/18119K, paused 4ms+8ms
06-14 13:09:31.211  3204  3206 D dalvikvm: GC_CONCURRENT freed 450K, 32% free 10732K/15751K, paused 2ms+4ms
06-14 13:09:35.422  3204  3206 D dalvikvm: GC_CONCURRENT freed 450K, 32% free 10732K/15751K, paused 2ms+5ms
06-14 13:09:37.816   141   144 D dalvikvm: GC_CONCURRENT freed 1339K, 19% free 14743K/18119K, paused 4ms+6ms
06-14 13:09:39.636  3204  3206 D dalvikvm: GC_CONCURRENT freed 450K, 32% free 10733K/15751K, paused 2ms+3ms
06-14 13:09:43.855  3204  3206 D dalvikvm: GC_CONCURRENT freed 452K, 32% free 10732K/15751K, paused 3ms+5ms
06-14 13:09:44.758   141   144 D dalvikvm: GC_CONCURRENT freed 1336K, 19% free 14743K/18119K, paused 3ms+6ms
06-14 13:09:48.062  3204  3206 D dalvikvm: GC_CONCURRENT freed 450K, 32% free 10732K/15751K, paused 2ms+3ms
06-14 13:09:51.722   141   144 D dalvikvm: GC_CONCURRENT freed 1338K, 19% free 14746K/18119K, paused 3ms+7ms
06-14 13:09:52.258  3204  3206 D dalvikvm: GC_CONCURRENT freed 450K, 32% free 10732K/15751K, paused 2ms+4ms
06-14 13:09:56.472  3204  3206 D dalvikvm: GC_CONCURRENT freed 450K, 32% free 10733K/15751K, paused 3ms+4ms
06-14 13:09:58.738   141   144 D dalvikvm: GC_CONCURRENT freed 1341K, 19% free 14743K/18119K, paused 4ms+7ms
06-14 13:10:00.683  3204  3206 D dalvikvm: GC_CONCURRENT freed 450K, 32% free 10732K/15751K, paused 3ms+4ms
06-14 13:10:04.883  3204  3206 D dalvikvm: GC_CONCURRENT freed 450K, 32% free 10733K/15751K, paused 3ms+5ms
06-14 13:10:05.648   141   144 D dalvikvm: GC_CONCURRENT freed 1337K, 19% free 14745K/18119K, paused 3ms+8ms
06-14 13:10:09.113  3204  3206 D dalvikvm: GC_CONCURRENT freed 450K, 32% free 10732K/15751K, paused 2ms+3ms
06-14 13:10:12.566   141   144 D dalvikvm: GC_CONCURRENT freed 1338K, 19% free 14745K/18119K, paused 3ms+8ms
06-14 13:10:13.308  3204  3206 D dalvikvm: GC_CONCURRENT freed 450K, 32% free 10733K/15751K, paused 3ms+4ms
06-14 13:10:17.504  3204  3206 D dalvikvm: GC_CONCURRENT freed 450K, 32% free 10732K/15751K, paused 3ms+5ms
06-14 13:10:19.554   141   144 D dalvikvm: GC_CONCURRENT freed 1340K, 19% free 14744K/18119K, paused 9ms+9ms
06-14 13:10:21.718  3204  3206 D dalvikvm: GC_CONCURRENT freed 449K, 32% free 10733K/15751K, paused 3ms+4ms
06-14 13:10:25.914  3204  3206 D dalvikvm: GC_CONCURRENT freed 450K, 32% free 10732K/15751K, paused 2ms+2ms
06-14 13:10:26.550   141   144 D dalvikvm: GC_CONCURRENT freed 1337K, 19% free 14743K/18119K, paused 2ms+7ms
06-14 13:10:30.125  3204  3206 D dalvikvm: GC_CONCURRENT freed 450K, 32% free 10732K/15751K, paused 2ms+7ms
06-14 13:10:33.511   141   144 D dalvikvm: GC_CONCURRENT freed 1337K, 19% free 14745K/18119K, paused 3ms+5ms
06-14 13:10:34.336  3204  3206 D dalvikvm: GC_CONCURRENT freed 450K, 32% free 10732K/15751K, paused 3ms+2ms
06-14 13:10:38.543  3204  3206 D dalvikvm: GC_CONCURRENT freed 450K, 32% free 10733K/15751K, paused 2ms+5ms
06-14 13:10:40.539   141   144 D dalvikvm: GC_CONCURRENT freed 1341K, 19% free 14743K/18119K, paused 3ms+7ms
06-14 13:10:42.754  3204  3206 D dalvikvm: GC_CONCURRENT freed 450K, 32% free 10732K/15751K, paused 4ms+5ms
06-14 13:10:46.972  3204  3206 D dalvikvm: GC_CONCURRENT freed 450K, 32% free 10732K/15751K, paused 2ms+2ms
06-14 13:10:47.547   141   144 D dalvikvm: GC_CONCURRENT freed 1337K, 19% free 14743K/18119K, paused 2ms+6ms
06-14 13:10:51.179  3204  3206 D dalvikvm: GC_CONCURRENT freed 450K, 32% free 10732K/15751K, paused 2ms+4ms
06-14 13:10:54.488   141   144 D dalvikvm: GC_CONCURRENT freed 1334K, 19% free 14745K/18119K, paused 2ms+6ms
06-14 13:10:55.398  3204  3206 D dalvikvm: GC_CONCURRENT freed 450K, 32% free 10732K/15751K, paused 2ms+4ms
06-14 13:10:59.605  3204  3206 D dalvikvm: GC_CONCURRENT freed 450K, 32% free 10732K/15751K, paused 3ms+4ms
06-14 13:11:00.101   217   219 D dalvikvm: GC_CONCURRENT freed 457K, 13% free 10000K/11463K, paused 8ms+7ms
06-14 13:11:01.347   141   144 D dalvikvm: GC_CONCURRENT freed 1337K, 19% free 14746K/18119K, paused 3ms+7ms
06-14 13:11:03.840  3204  3206 D dalvikvm: GC_CONCURRENT freed 450K, 32% free 10732K/15751K, paused 2ms+6ms
06-14 13:11:08.050  3204  3206 D dalvikvm: GC_CONCURRENT freed 450K, 32% free 10732K/15751K, paused 2ms+4ms
06-14 13:11:08.152   547  1277 I PhoneLab-: Service Running
06-14 13:11:08.328   141   144 D dalvikvm: GC_CONCURRENT freed 1339K, 19% free 14745K/18119K, paused 3ms+6ms
06-14 13:11:08.511   547   548 D dalvikvm: GC_CONCURRENT freed 439K, 17% free 9223K/11079K, paused 1ms+16ms
06-14 13:11:08.515   547  1277 I PhoneLab-LoggerService: app_38    1287  547   1428   1060  c00f181c 400107b4 S logcat
06-14 13:11:08.515   547  1277 I PhoneLab-LoggerService: Logcat pid from database 1287
06-14 13:11:08.515   547  1277 I PhoneLab-LoggerService: Logcat process found 1287
06-14 13:11:08.515   547  1277 I PhoneLab-LoggerService: Checking Threshold
06-14 13:11:12.246  3204  3206 D dalvikvm: GC_CONCURRENT freed 450K, 32% free 10732K/15751K, paused 3ms+4ms
06-14 13:11:15.285   141   144 D dalvikvm: GC_CONCURRENT freed 1340K, 19% free 14744K/18119K, paused 4ms+7ms
06-14 13:11:16.445  3204  3206 D dalvikvm: GC_CONCURRENT freed 450K, 32% free 10732K/15751K, paused 3ms+3ms
06-14 13:11:20.656  3204  3206 D dalvikvm: GC_CONCURRENT freed 450K, 32% free 10732K/15751K, paused 2ms+3ms
06-14 13:11:22.293   141   144 D dalvikvm: GC_CONCURRENT freed 1344K, 19% free 14738K/18119K, paused 4ms+7ms
06-14 13:11:24.867  3204  3206 D dalvikvm: GC_CONCURRENT freed 450K, 32% free 10732K/15751K, paused 2ms+4ms
06-14 13:11:29.062  3204  3206 D dalvikvm: GC_CONCURRENT freed 450K, 32% free 10732K/15751K, paused 2ms+3ms
06-14 13:11:29.269   141   144 D dalvikvm: GC_CONCURRENT freed 1336K, 19% free 14738K/18119K, paused 3ms+8ms
06-14 13:11:33.281  3204  3206 D dalvikvm: GC_CONCURRENT freed 450K, 32% free 10732K/15751K, paused 3ms+5ms
06-14 13:11:36.254   141   144 D dalvikvm: GC_CONCURRENT freed 1336K, 19% free 14740K/18119K, paused 3ms+6ms
06-14 13:11:37.492  3204  3206 D dalvikvm: GC_CONCURRENT freed 450K, 32% free 10733K/15751K, paused 3ms+2ms
06-14 13:11:41.707  3204  3206 D dalvikvm: GC_CONCURRENT freed 450K, 32% free 10732K/15751K, paused 2ms+4ms
06-14 13:11:43.238   141   144 D dalvikvm: GC_CONCURRENT freed 1340K, 19% free 14739K/18119K, paused 4ms+5ms
06-14 13:11:44.871   303  2929 D dalvikvm: GC_EXPLICIT freed 352K, 7% free 10451K/11143K, paused 13ms+15ms
06-14 13:11:45.902  3204  3206 D dalvikvm: GC_CONCURRENT freed 450K, 32% free 10732K/15751K, paused 3ms+4ms
06-14 13:11:50.136  3204  3206 D dalvikvm: GC_CONCURRENT freed 452K, 32% free 10731K/15751K, paused 2ms+8ms
06-14 13:11:50.164   141   144 D dalvikvm: GC_CONCURRENT freed 1334K, 19% free 14736K/18119K, paused 4ms+10ms
06-14 13:11:54.367  3204  3206 D dalvikvm: GC_CONCURRENT freed 448K, 32% free 10732K/15751K, paused 3ms+4ms
06-14 13:11:57.086   141   144 D dalvikvm: GC_CONCURRENT freed 1331K, 19% free 14740K/18119K, paused 3ms+8ms
06-14 13:11:58.582  3204  3206 D dalvikvm: GC_CONCURRENT freed 450K, 32% free 10732K/15751K, paused 4ms+3ms
06-14 13:12:02.797  3204  3206 D dalvikvm: GC_CONCURRENT freed 450K, 32% free 10732K/15751K, paused 3ms+3ms
06-14 13:12:04.008   141   144 D dalvikvm: GC_CONCURRENT freed 1337K, 19% free 14739K/18119K, paused 3ms+8ms
06-14 13:12:07.008  3204  3206 D dalvikvm: GC_CONCURRENT freed 450K, 32% free 10732K/15751K, paused 3ms+3ms
06-14 13:12:10.957   141   144 D dalvikvm: GC_CONCURRENT freed 1337K, 19% free 14741K/18119K, paused 3ms+6ms
06-14 13:12:11.199  3204  3206 D dalvikvm: GC_CONCURRENT freed 450K, 32% free 10732K/15751K, paused 2ms+4ms
06-14 13:12:15.410  3204  3206 D dalvikvm: GC_CONCURRENT freed 450K, 32% free 10732K/15751K, paused 3ms+3ms
06-14 13:12:17.941   141   144 D dalvikvm: GC_CONCURRENT freed 1339K, 19% free 14739K/18119K, paused 3ms+6ms
06-14 13:12:19.617  3204  3206 D dalvikvm: GC_CONCURRENT freed 450K, 32% free 10732K/15751K, paused 2ms+5ms
06-14 13:12:23.828  3204  3206 D dalvikvm: GC_CONCURRENT freed 450K, 32% free 10732K/15751K, paused 2ms+4ms
06-14 13:12:24.949   141   144 D dalvikvm: GC_CONCURRENT freed 1337K, 19% free 14738K/18119K, paused 4ms+6ms
06-14 13:12:28.039  3204  3206 D dalvikvm: GC_CONCURRENT freed 450K, 32% free 10732K/15751K, paused 3ms+4ms
06-14 13:12:31.906   141   144 D dalvikvm: GC_CONCURRENT freed 1337K, 19% free 14740K/18119K, paused 3ms+7ms
06-14 13:12:32.234  3204  3206 D dalvikvm: GC_CONCURRENT freed 450K, 32% free 10732K/15751K, paused 3ms+4ms
06-14 13:12:36.425  3204  3206 D dalvikvm: GC_CONCURRENT freed 448K, 32% free 10733K/15751K, paused 2ms+4ms
06-14 13:12:38.879   141   144 D dalvikvm: GC_CONCURRENT freed 1338K, 19% free 14739K/18119K, paused 3ms+8ms
06-14 13:12:40.625  3204  3206 D dalvikvm: GC_CONCURRENT freed 451K, 32% free 10732K/15751K, paused 2ms+3ms
06-14 13:12:44.824  3204  3206 D dalvikvm: GC_CONCURRENT freed 450K, 32% free 10732K/15751K, paused 2ms+6ms
06-14 13:12:45.765   141   144 D dalvikvm: GC_CONCURRENT freed 1333K, 19% free 14740K/18119K, paused 3ms+5ms
06-14 13:12:49.035  3204  3206 D dalvikvm: GC_CONCURRENT freed 450K, 32% free 10732K/15751K, paused 3ms+4ms
06-14 13:12:52.738   141   144 D dalvikvm: GC_CONCURRENT freed 1341K, 19% free 14738K/18119K, paused 4ms+8ms
06-14 13:12:53.230  3204  3206 D dalvikvm: GC_CONCURRENT freed 450K, 32% free 10732K/15751K, paused 2ms+3ms
06-14 13:12:57.422  3204  3206 D dalvikvm: GC_CONCURRENT freed 450K, 32% free 10732K/15751K, paused 3ms+5ms
06-14 13:12:59.695   141   144 D dalvikvm: GC_CONCURRENT freed 1334K, 19% free 14741K/18119K, paused 4ms+7ms
06-14 13:13:01.621  3204  3206 D dalvikvm: GC_CONCURRENT freed 450K, 32% free 10732K/15751K, paused 3ms+4ms
06-14 13:13:05.820  3204  3206 D dalvikvm: GC_CONCURRENT freed 450K, 32% free 10732K/15751K, paused 3ms+5ms
06-14 13:13:06.566   141   144 D dalvikvm: GC_CONCURRENT freed 1337K, 19% free 14739K/18119K, paused 3ms+5ms
06-14 13:13:08.152   547  1277 I PhoneLab-: Service Running
06-14 13:13:08.250   547  1277 I PhoneLab-LoggerService: app_38    1287  547   1428   1060  c00f181c 400107b4 S logcat
06-14 13:13:08.250   547  1277 I PhoneLab-LoggerService: Logcat pid from database 1287
06-14 13:13:08.250   547  1277 I PhoneLab-LoggerService: Logcat process found 1287
06-14 13:13:08.250   547  1277 I PhoneLab-LoggerService: Checking Threshold
06-14 13:13:10.008  3204  3206 D dalvikvm: GC_CONCURRENT freed 450K, 32% free 10732K/15751K, paused 3ms+6ms
06-14 13:13:10.793  1429  1431 D dalvikvm: GC_CONCURRENT freed 392K, 6% free 9816K/10439K, paused 5ms+7ms
06-14 13:13:13.484   141   144 D dalvikvm: GC_CONCURRENT freed 1335K, 19% free 14740K/18119K, paused 3ms+6ms
06-14 13:13:14.211  3204  3206 D dalvikvm: GC_CONCURRENT freed 450K, 32% free 10732K/15751K, paused 2ms+3ms
06-14 13:13:18.406  3204  3206 D dalvikvm: GC_CONCURRENT freed 450K, 32% free 10733K/15751K, paused 2ms+2ms
06-14 13:13:20.394   141   144 D dalvikvm: GC_CONCURRENT freed 1336K, 19% free 14741K/18119K, paused 3ms+8ms
06-14 13:13:22.597  3204  3206 D dalvikvm: GC_CONCURRENT freed 450K, 32% free 10732K/15751K, paused 2ms+6ms
06-14 13:13:23.808   547   547 I PhoneLab-Locks: wake lock acquired
06-14 13:13:23.812   547   547 I PhoneLab-StatusMonitor: Status Monitoring is started
06-14 13:13:23.925   547   548 D dalvikvm: GC_CONCURRENT freed 440K, 17% free 9285K/11079K, paused 3ms+10ms
06-14 13:13:23.929   547   547 I PhoneLab-StatusMonitor: Value: 10 - unit: min
06-14 13:13:23.929   547   547 I PhoneLab-StatusMonitor: Running interval: 600000
06-14 13:13:23.937   547   547 I PhoneLab-StatusMonitor: Rescheduling status monitoring...
06-14 13:13:23.937   547   547 I PhoneLab-Locks: wake lock released
06-14 13:13:23.945   547   547 I PhoneLab-StatusMonitorLocation: Learning Location
06-14 13:13:23.945   547   547 I PhoneLab-Locks: wake lock acquired
06-14 13:13:23.961   547   547 I PhoneLab-Locks: wake lock acquired
06-14 13:13:23.968   547   547 I PhoneLab-StatusMonitorLocation: Learning Signal Strgth
06-14 13:13:23.968   547   547 I PhoneLab-Locks: wake lock acquired
06-14 13:13:23.972   303   575 D androidNetworkLocationListeners: Still have listener com.google.android.location.internal.client.NetworkLocationClient$1@4138edc0
06-14 13:13:24.015   303   575 D androidNetworkLocationListeners: Still have listener com.google.android.location.internal.client.NetworkLocationClient$1@4138edc0
06-14 13:13:24.015   547   547 I PhoneLab-StatusMonitorBattery: Battery_level: 81
06-14 13:13:24.027   547   547 I PhoneLab-Locks: wake lock released
06-14 13:13:24.043   547   547 I PhoneLab-StatusMonitorSignal: Signal_Strength: -65 asu: 24
06-14 13:13:24.043   547   547 I PhoneLab-Locks: wake lock released
06-14 13:13:25.343   547   547 I PhoneLab-StatusMonitorLocation: Location_Latitude: 42.9552032 Longitude: -78.8288529 Accuracy: 40.0
06-14 13:13:25.343   547   547 I PhoneLab-Locks: wake lock released
06-14 13:13:25.359   303   575 D androidNetworkLocationListeners: Still have listener com.google.android.location.internal.client.NetworkLocationClient$1@4138edc0
06-14 13:13:26.859  3204  3206 D dalvikvm: GC_CONCURRENT freed 451K, 32% free 10732K/15751K, paused 3ms+5ms
06-14 13:13:26.883   141   144 D dalvikvm: GC_CONCURRENT freed 1324K, 19% free 14751K/18119K, paused 5ms+15ms
06-14 13:13:27.062   303   305 D dalvikvm: GC_CONCURRENT freed 521K, 7% free 10413K/11143K, paused 44ms+4ms
06-14 13:13:31.086  3204  3206 D dalvikvm: GC_CONCURRENT freed 449K, 32% free 10732K/15751K, paused 2ms+4ms
06-14 13:13:33.781   141   144 D dalvikvm: GC_CONCURRENT freed 1346K, 19% free 14744K/18119K, paused 4ms+8ms
06-14 13:13:35.285  3204  3206 D dalvikvm: GC_CONCURRENT freed 450K, 32% free 10732K/15751K, paused 2ms+5ms
06-14 13:13:39.492  3204  3206 D dalvikvm: GC_CONCURRENT freed 450K, 32% free 10732K/15751K, paused 3ms+3ms
06-14 13:13:40.789   141   144 D dalvikvm: GC_CONCURRENT freed 1339K, 19% free 14743K/18119K, paused 3ms+5ms
06-14 13:13:43.711  3204  3206 D dalvikvm: GC_CONCURRENT freed 450K, 32% free 10732K/15751K, paused 3ms+4ms
06-14 13:13:47.785   141   144 D dalvikvm: GC_CONCURRENT freed 1339K, 19% free 14742K/18119K, paused 3ms+7ms
06-14 13:13:47.918  3204  3206 D dalvikvm: GC_CONCURRENT freed 449K, 32% free 10733K/15751K, paused 2ms+4ms
06-14 13:13:52.117  3204  3206 D dalvikvm: GC_CONCURRENT freed 451K, 32% free 10732K/15751K, paused 2ms+3ms
06-14 13:13:54.742   141   144 D dalvikvm: GC_CONCURRENT freed 1337K, 19% free 14743K/18119K, paused 3ms+7ms
06-14 13:13:56.312  3204  3206 D dalvikvm: GC_CONCURRENT freed 450K, 32% free 10732K/15751K, paused 2ms+4ms
06-14 13:14:00.531  3204  3206 D dalvikvm: GC_CONCURRENT freed 450K, 32% free 10732K/15751K, paused 2ms+4ms
06-14 13:14:01.675   141   144 D dalvikvm: GC_CONCURRENT freed 1337K, 19% free 14744K/18119K, paused 3ms+6ms
06-14 13:14:04.761  3204  3206 D dalvikvm: GC_CONCURRENT freed 450K, 32% free 10732K/15751K, paused 2ms+4ms
06-14 13:14:08.660   141   144 D dalvikvm: GC_CONCURRENT freed 1338K, 19% free 14743K/18119K, paused 3ms+8ms
06-14 13:14:08.972  3204  3206 D dalvikvm: GC_CONCURRENT freed 450K, 32% free 10732K/15751K, paused 2ms+4ms
06-14 13:14:13.187  3204  3206 D dalvikvm: GC_CONCURRENT freed 450K, 32% free 10732K/15751K, paused 3ms+4ms
06-14 13:14:15.668   141   144 D dalvikvm: GC_CONCURRENT freed 1337K, 19% free 14743K/18119K, paused 4ms+6ms
06-14 13:14:17.398  3204  3206 D dalvikvm: GC_CONCURRENT freed 450K, 32% free 10732K/15751K, paused 3ms+4ms
06-14 13:14:21.593  3204  3206 D dalvikvm: GC_CONCURRENT freed 450K, 32% free 10732K/15751K, paused 2ms+5ms
06-14 13:14:22.574   141   144 D dalvikvm: GC_CONCURRENT freed 1336K, 19% free 14744K/18119K, paused 3ms+9ms
06-14 13:14:25.777  3204  3206 D dalvikvm: GC_CONCURRENT freed 450K, 32% free 10731K/15751K, paused 3ms+6ms
06-14 13:14:29.543   141   144 D dalvikvm: GC_CONCURRENT freed 1339K, 19% free 14743K/18119K, paused 4ms+8ms
06-14 13:14:29.957  3204  3206 D dalvikvm: GC_CONCURRENT freed 447K, 32% free 10733K/15751K, paused 2ms+3ms
06-14 13:14:34.164  3204  3206 D dalvikvm: GC_CONCURRENT freed 451K, 32% free 10732K/15751K, paused 2ms+3ms
06-14 13:14:36.504   141   144 D dalvikvm: GC_CONCURRENT freed 1337K, 19% free 14744K/18119K, paused 3ms+7ms
06-14 13:14:38.359  3204  3206 D dalvikvm: GC_CONCURRENT freed 450K, 32% free 10732K/15751K, paused 2ms+4ms
06-14 13:14:42.566  3204  3206 D dalvikvm: GC_CONCURRENT freed 450K, 32% free 10732K/15751K, paused 2ms+4ms
06-14 13:14:43.504   141   144 D dalvikvm: GC_CONCURRENT freed 1340K, 19% free 14745K/18119K, paused 3ms+6ms
06-14 13:14:46.761  3204  3206 D dalvikvm: GC_CONCURRENT freed 450K, 32% free 10732K/15751K, paused 4ms+6ms
06-14 13:14:50.117   141   144 D dalvikvm: GC_CONCURRENT freed 1338K, 19% free 14746K/18119K, paused 3ms+6ms
06-14 13:14:50.961  3204  3206 D dalvikvm: GC_CONCURRENT freed 450K, 32% free 10732K/15751K, paused 2ms+5ms
06-14 13:14:55.160  3204  3206 D dalvikvm: GC_CONCURRENT freed 450K, 32% free 10732K/15751K, paused 3ms+2ms
06-14 13:14:57.086   141   144 D dalvikvm: GC_CONCURRENT freed 1338K, 19% free 14743K/18119K, paused 3ms+5ms
06-14 13:14:59.355  3204  3206 D dalvikvm: GC_CONCURRENT freed 450K, 32% free 10732K/15751K, paused 3ms+5ms
06-14 13:15:03.586  3204  3206 D dalvikvm: GC_CONCURRENT freed 450K, 32% free 10732K/15751K, paused 3ms+4ms
06-14 13:15:03.996   141   144 D dalvikvm: GC_CONCURRENT freed 1335K, 19% free 14745K/18119K, paused 3ms+9ms
06-14 13:15:07.781  3204  3206 D dalvikvm: GC_CONCURRENT freed 450K, 32% free 10732K/15751K, paused 2ms+4ms
06-14 13:15:08.152   547  1277 I PhoneLab-: Service Running
06-14 13:15:08.250   547  1277 I PhoneLab-LoggerService: app_38    1287  547   1428   1060  c00f181c 400107b4 S logcat
06-14 13:15:08.258   547  1277 I PhoneLab-LoggerService: Logcat pid from database 1287
06-14 13:15:08.261   547  1277 I PhoneLab-LoggerService: Logcat process found 1287
06-14 13:15:08.261   547  1277 I PhoneLab-LoggerService: Checking Threshold
06-14 13:15:10.894   141   144 D dalvikvm: GC_CONCURRENT freed 1338K, 19% free 14745K/18119K, paused 3ms+8ms
06-14 13:15:11.980  3204  3206 D dalvikvm: GC_CONCURRENT freed 450K, 32% free 10732K/15751K, paused 3ms+4ms
06-14 13:15:16.191  3204  3206 D dalvikvm: GC_CONCURRENT freed 450K, 32% free 10732K/15751K, paused 2ms+3ms
06-14 13:15:17.886   141   144 D dalvikvm: GC_CONCURRENT freed 1339K, 19% free 14744K/18119K, paused 3ms+7ms
06-14 13:15:20.394  3204  3206 D dalvikvm: GC_CONCURRENT freed 450K, 32% free 10732K/15751K, paused 2ms+4ms
06-14 13:15:24.605  3204  3206 D dalvikvm: GC_CONCURRENT freed 450K, 32% free 10732K/15751K, paused 2ms+3ms
06-14 13:15:24.894   141   144 D dalvikvm: GC_CONCURRENT freed 1337K, 19% free 14745K/18119K, paused 3ms+7ms
06-14 13:15:28.816  3204  3206 D dalvikvm: GC_CONCURRENT freed 450K, 32% free 10732K/15751K, paused 3ms+4ms
06-14 13:15:31.867   141   144 D dalvikvm: GC_CONCURRENT freed 1338K, 19% free 14745K/18119K, paused 3ms+5ms
06-14 13:15:33.011  3204  3206 D dalvikvm: GC_CONCURRENT freed 450K, 32% free 10732K/15751K, paused 3ms+4ms
06-14 13:15:37.207  3204  3206 D dalvikvm: GC_CONCURRENT freed 450K, 32% free 10732K/15751K, paused 2ms+3ms
06-14 13:15:38.847   141   144 D dalvikvm: GC_CONCURRENT freed 1336K, 19% free 14745K/18119K, paused 3ms+9ms
06-14 13:15:41.422  3204  3206 D dalvikvm: GC_CONCURRENT freed 450K, 32% free 10732K/15751K, paused 2ms+4ms
06-14 13:15:45.636  3204  3206 D dalvikvm: GC_CONCURRENT freed 450K, 32% free 10732K/15751K, paused 2ms+3ms
06-14 13:15:45.840   141   144 D dalvikvm: GC_CONCURRENT freed 1335K, 19% free 14745K/18119K, paused 3ms+6ms
06-14 13:15:49.867  3204  3206 D dalvikvm: GC_CONCURRENT freed 450K, 32% free 10732K/15751K, paused 2ms+4ms
06-14 13:15:52.812   141   144 D dalvikvm: GC_CONCURRENT freed 1339K, 19% free 14744K/18119K, paused 3ms+8ms
06-14 13:15:54.062  3204  3206 D dalvikvm: GC_CONCURRENT freed 450K, 32% free 10732K/15751K, paused 3ms+3ms
06-14 13:15:58.258  3204  3206 D dalvikvm: GC_CONCURRENT freed 450K, 32% free 10732K/15751K, paused 3ms+4ms
06-14 13:15:59.789   141   144 D dalvikvm: GC_CONCURRENT freed 1338K, 19% free 14744K/18119K, paused 3ms+7ms
06-14 13:16:02.472  3204  3206 D dalvikvm: GC_CONCURRENT freed 450K, 32% free 10732K/15751K, paused 2ms+5ms
06-14 13:16:03.386  1429  1481 D dalvikvm: GC_EXPLICIT freed 139K, 7% free 9738K/10439K, paused 3ms+14ms
06-14 13:16:06.605   141   144 D dalvikvm: GC_CONCURRENT freed 1335K, 19% free 14746K/18119K, paused 4ms+8ms
06-14 13:16:06.695  3204  3206 D dalvikvm: GC_CONCURRENT freed 450K, 32% free 10732K/15751K, paused 2ms+4ms
06-14 13:16:10.894  3204  3206 D dalvikvm: GC_CONCURRENT freed 450K, 32% free 10732K/15751K, paused 2ms+3ms
06-14 13:16:13.586   141   144 D dalvikvm: GC_CONCURRENT freed 1340K, 19% free 14746K/18119K, paused 2ms+6ms
06-14 13:16:15.082  3204  3206 D dalvikvm: GC_CONCURRENT freed 448K, 32% free 10732K/15751K, paused 2ms+5ms
06-14 13:16:19.273  3204  3206 D dalvikvm: GC_CONCURRENT freed 450K, 32% free 10732K/15751K, paused 2ms+3ms
06-14 13:16:20.570   141   144 D dalvikvm: GC_CONCURRENT freed 1340K, 19% free 14744K/18119K, paused 4ms+7ms
06-14 13:16:23.468  3204  3206 D dalvikvm: GC_CONCURRENT freed 450K, 32% free 10733K/15751K, paused 3ms+2ms
06-14 13:16:27.562   141   144 D dalvikvm: GC_CONCURRENT freed 1336K, 19% free 14746K/18119K, paused 3ms+6ms
06-14 13:16:27.683  3204  3206 D dalvikvm: GC_CONCURRENT freed 450K, 32% free 10732K/15751K, paused 2ms+5ms
06-14 13:16:31.883  3204  3206 D dalvikvm: GC_CONCURRENT freed 448K, 32% free 10733K/15751K, paused 3ms+5ms
06-14 13:16:34.586   141   144 D dalvikvm: GC_CONCURRENT freed 1340K, 19% free 14747K/18119K, paused 3ms+8ms
06-14 13:16:36.086  3204  3206 D dalvikvm: GC_CONCURRENT freed 450K, 32% free 10732K/15751K, paused 3ms+7ms
06-14 13:16:40.269  3204  3206 D dalvikvm: GC_CONCURRENT freed 449K, 32% free 10732K/15751K, paused 3ms+4ms
06-14 13:16:41.578   141   144 D dalvikvm: GC_CONCURRENT freed 1341K, 19% free 14744K/18119K, paused 3ms+7ms
06-14 13:16:44.488  3204  3206 D dalvikvm: GC_CONCURRENT freed 450K, 32% free 10732K/15751K, paused 3ms+3ms
06-14 13:16:48.558   141   144 D dalvikvm: GC_CONCURRENT freed 1339K, 19% free 14745K/18119K, paused 4ms+5ms
06-14 13:16:48.683  3204  3206 D dalvikvm: GC_CONCURRENT freed 449K, 32% free 10732K/15751K, paused 2ms+5ms
06-14 13:16:52.894  3204  3206 D dalvikvm: GC_CONCURRENT freed 450K, 32% free 10732K/15751K, paused 3ms+5ms
06-14 13:16:55.500   141   144 D dalvikvm: GC_CONCURRENT freed 1336K, 19% free 14746K/18119K, paused 3ms+6ms
06-14 13:16:57.105  3204  3206 D dalvikvm: GC_CONCURRENT freed 450K, 32% free 10732K/15751K, paused 3ms+3ms
06-14 13:17:01.308  3204  3206 D dalvikvm: GC_CONCURRENT freed 450K, 32% free 10732K/15751K, paused 2ms+3ms
06-14 13:17:02.418   141   144 D dalvikvm: GC_CONCURRENT freed 1340K, 19% free 14746K/18119K, paused 3ms+8ms
06-14 13:17:05.515  3204  3206 D dalvikvm: GC_CONCURRENT freed 450K, 32% free 10732K/15751K, paused 2ms+3ms
06-14 13:17:08.152   547  1277 I PhoneLab-: Service Running
06-14 13:17:08.254   547  1277 I PhoneLab-LoggerService: app_38    1287  547   1428   1060  c00f181c 400107b4 S logcat
06-14 13:17:08.254   547  1277 I PhoneLab-LoggerService: Logcat pid from database 1287
06-14 13:17:08.254   547  1277 I PhoneLab-LoggerService: Logcat process found 1287
06-14 13:17:08.254   547  1277 I PhoneLab-LoggerService: Checking Threshold
06-14 13:17:09.371   141   144 D dalvikvm: GC_CONCURRENT freed 1338K, 19% free 14747K/18119K, paused 3ms+6ms
06-14 13:17:09.730  3204  3206 D dalvikvm: GC_CONCURRENT freed 450K, 32% free 10732K/15751K, paused 2ms+3ms
06-14 13:17:13.945  3204  3206 D dalvikvm: GC_CONCURRENT freed 450K, 32% free 10732K/15751K, paused 2ms+4ms
06-14 13:17:16.371   141   144 D dalvikvm: GC_CONCURRENT freed 1339K, 19% free 14746K/18119K, paused 3ms+5ms
06-14 13:17:18.140  3204  3206 D dalvikvm: GC_CONCURRENT freed 450K, 32% free 10732K/15751K, paused 2ms+3ms
06-14 13:17:22.351  3204  3206 D dalvikvm: GC_CONCURRENT freed 450K, 32% free 10732K/15751K, paused 3ms+5ms
06-14 13:17:23.367   141   144 D dalvikvm: GC_CONCURRENT freed 1340K, 19% free 14745K/18119K, paused 3ms+6ms
06-14 13:17:26.554  3204  3206 D dalvikvm: GC_CONCURRENT freed 450K, 32% free 10733K/15751K, paused 2ms+3ms
06-14 13:17:30.312   141   144 D dalvikvm: GC_CONCURRENT freed 1336K, 19% free 14746K/18119K, paused 3ms+6ms
06-14 13:17:30.769  3204  3206 D dalvikvm: GC_CONCURRENT freed 450K, 32% free 10732K/15751K, paused 3ms+4ms
06-14 13:17:34.976  3204  3206 D dalvikvm: GC_CONCURRENT freed 450K, 32% free 10733K/15751K, paused 2ms+5ms
06-14 13:17:37.312   141   144 D dalvikvm: GC_CONCURRENT freed 1340K, 19% free 14745K/18119K, paused 2ms+7ms
06-14 13:17:39.179  3204  3206 D dalvikvm: GC_CONCURRENT freed 449K, 32% free 10732K/15751K, paused 2ms+4ms
06-14 13:17:43.386  3204  3206 D dalvikvm: GC_CONCURRENT freed 448K, 32% free 10732K/15751K, paused 2ms+3ms
06-14 13:17:44.234   141   144 D dalvikvm: GC_CONCURRENT freed 1335K, 19% free 14748K/18119K, paused 3ms+8ms
06-14 13:17:47.582  3204  3206 D dalvikvm: GC_CONCURRENT freed 450K, 32% free 10732K/15751K, paused 3ms+5ms
06-14 13:17:51.230   141   144 D dalvikvm: GC_CONCURRENT freed 1342K, 19% free 14748K/18119K, paused 4ms+7ms
06-14 13:17:51.777  3204  3206 D dalvikvm: GC_CONCURRENT freed 450K, 32% free 10732K/15751K, paused 2ms+5ms
06-14 13:17:55.992  3204  3206 D dalvikvm: GC_CONCURRENT freed 450K, 32% free 10732K/15751K, paused 3ms+4ms
06-14 13:17:58.222   141   144 D dalvikvm: GC_CONCURRENT freed 1340K, 19% free 14745K/18119K, paused 3ms+8ms
06-14 13:18:00.187  3204  3206 D dalvikvm: GC_CONCURRENT freed 450K, 32% free 10732K/15751K, paused 2ms+4ms
06-14 13:18:04.383  3204  3206 D dalvikvm: GC_CONCURRENT freed 450K, 32% free 10732K/15751K, paused 2ms+3ms
06-14 13:18:05.117   141   144 D dalvikvm: GC_CONCURRENT freed 1339K, 19% free 14746K/18119K, paused 3ms+8ms
06-14 13:18:08.601  3204  3206 D dalvikvm: GC_CONCURRENT freed 450K, 32% free 10732K/15751K, paused 3ms+5ms
06-14 13:18:12.113   141   144 D dalvikvm: GC_CONCURRENT freed 1338K, 19% free 14745K/18119K, paused 2ms+4ms
06-14 13:18:12.808  3204  3206 D dalvikvm: GC_CONCURRENT freed 450K, 32% free 10732K/15751K, paused 3ms+2ms
06-14 13:18:17.008  3204  3206 D dalvikvm: GC_CONCURRENT freed 450K, 32% free 10732K/15751K, paused 3ms+3ms
06-14 13:18:19.093   141   144 D dalvikvm: GC_CONCURRENT freed 1340K, 19% free 14745K/18119K, paused 4ms+8ms
06-14 13:18:21.207  3204  3206 D dalvikvm: GC_CONCURRENT freed 450K, 32% free 10733K/15751K, paused 2ms+5ms
06-14 13:18:25.418  3204  3206 D dalvikvm: GC_CONCURRENT freed 450K, 32% free 10732K/15751K, paused 4ms+4ms
06-14 13:18:26.105   141   144 D dalvikvm: GC_CONCURRENT freed 1339K, 19% free 14745K/18119K, paused 3ms+8ms
06-14 13:18:29.633  3204  3206 D dalvikvm: GC_CONCURRENT freed 450K, 32% free 10732K/15751K, paused 2ms+4ms
06-14 13:18:33.031   141   144 D dalvikvm: GC_CONCURRENT freed 1335K, 19% free 14747K/18119K, paused 3ms+5ms
06-14 13:18:33.863  3204  3206 D dalvikvm: GC_CONCURRENT freed 450K, 32% free 10733K/15751K, paused 2ms+4ms
06-14 13:18:36.332  3204  3206 D dalvikvm: GC_CONCURRENT freed 440K, 32% free 10771K/15751K, paused 3ms+3ms
06-14 13:18:40.035   141   144 D dalvikvm: GC_CONCURRENT freed 1337K, 19% free 14748K/18119K, paused 3ms+6ms
06-14 13:18:40.461  3204  3206 D dalvikvm: GC_CONCURRENT freed 501K, 32% free 10732K/15751K, paused 3ms+3ms
06-14 13:18:44.648  3204  3206 D dalvikvm: GC_CONCURRENT freed 451K, 32% free 10732K/15751K, paused 2ms+6ms
06-14 13:18:47.015   141   144 D dalvikvm: GC_CONCURRENT freed 1342K, 19% free 14745K/18119K, paused 3ms+9ms
06-14 13:18:48.863  3204  3206 D dalvikvm: GC_CONCURRENT freed 450K, 32% free 10732K/15751K, paused 2ms+7ms
06-14 13:18:53.047  3204  3206 D dalvikvm: GC_CONCURRENT freed 449K, 32% free 10732K/15751K, paused 2ms+4ms
06-14 13:18:54.027   141   144 D dalvikvm: GC_CONCURRENT freed 1338K, 19% free 14745K/18119K, paused 3ms+7ms
06-14 13:18:57.242  3204  3206 D dalvikvm: GC_CONCURRENT freed 448K, 32% free 10732K/15751K, paused 3ms+5ms
06-14 13:19:00.910   141   144 D dalvikvm: GC_CONCURRENT freed 1338K, 19% free 14746K/18119K, paused 3ms+8ms
06-14 13:19:01.422  3204  3206 D dalvikvm: GC_CONCURRENT freed 449K, 32% free 10732K/15751K, paused 3ms+4ms
06-14 13:19:03.113   141  8983 I AudioService:  AudioFocus  requestAudioFocus() from android.media.AudioManager@4151fea0
06-14 13:19:03.304   217   219 D dalvikvm: GC_CONCURRENT freed 240K, 12% free 10200K/11463K, paused 2ms+9ms
06-14 13:19:03.433   217   219 D dalvikvm: GC_CONCURRENT freed 309K, 10% free 10354K/11463K, paused 3ms+7ms
06-14 13:19:03.543   217   217 D dalvikvm: GC_FOR_ALLOC freed 231K, 12% free 10182K/11463K, paused 21ms
06-14 13:19:04.105   141   483 D dalvikvm: GC_EXPLICIT freed 623K, 19% free 14749K/18119K, paused 3ms+35ms
06-14 13:19:04.707   217   219 D dalvikvm: GC_CONCURRENT freed 133K, 9% free 10531K/11463K, paused 2ms+6ms
06-14 13:19:05.039   141  8983 I AudioService:  AudioFocus  abandonAudioFocus() from android.media.AudioManager@4151fea0
06-14 13:19:06.011  3204  3206 D dalvikvm: GC_CONCURRENT freed 448K, 32% free 10732K/15751K, paused 4ms+3ms
06-14 13:19:08.152   547  1277 I PhoneLab-: Service Running
06-14 13:19:08.230   547  1277 I PhoneLab-LoggerService: app_38    1287  547   1428   1060  c00f181c 400107b4 S logcat
06-14 13:19:08.234   547  1277 I PhoneLab-LoggerService: Logcat pid from database 1287
06-14 13:19:08.242   547  1277 I PhoneLab-LoggerService: Logcat process found 1287
06-14 13:19:08.242   547  1277 I PhoneLab-LoggerService: Checking Threshold
06-14 13:19:08.609   217   219 D dalvikvm: GC_CONCURRENT freed 608K, 10% free 10362K/11463K, paused 2ms+7ms
06-14 13:19:08.703   217   219 D dalvikvm: GC_CONCURRENT freed 714K, 13% free 10057K/11463K, paused 2ms+8ms
06-14 13:19:10.359  3204  3206 D dalvikvm: GC_CONCURRENT freed 450K, 32% free 10732K/15751K, paused 2ms+5ms
06-14 13:19:11.078   141   144 D dalvikvm: GC_CONCURRENT freed 1341K, 19% free 14747K/18119K, paused 3ms+9ms
06-14 13:19:14.558  3204  3206 D dalvikvm: GC_CONCURRENT freed 450K, 32% free 10733K/15751K, paused 2ms+3ms
06-14 13:19:18.019   141   144 D dalvikvm: GC_CONCURRENT freed 1339K, 19% free 14749K/18119K, paused 3ms+7ms
06-14 13:19:18.742  3204  3206 D dalvikvm: GC_CONCURRENT freed 449K, 32% free 10732K/15751K, paused 3ms+3ms
06-14 13:19:22.933  3204  3206 D dalvikvm: GC_CONCURRENT freed 450K, 32% free 10732K/15751K, paused 2ms+5ms
06-14 13:19:24.980   141   144 D dalvikvm: GC_CONCURRENT freed 1342K, 19% free 14748K/18119K, paused 3ms+7ms
06-14 13:19:27.129  3204  3206 D dalvikvm: GC_CONCURRENT freed 451K, 32% free 10732K/15751K, paused 2ms+5ms
06-14 13:19:31.324  3204  3206 D dalvikvm: GC_CONCURRENT freed 450K, 32% free 10732K/15751K, paused 3ms+5ms
06-14 13:19:31.945   141   144 D dalvikvm: GC_CONCURRENT freed 1341K, 19% free 14746K/18119K, paused 4ms+10ms
06-14 13:19:35.515  3204  3206 D dalvikvm: GC_CONCURRENT freed 450K, 32% free 10732K/15751K, paused 3ms+3ms
06-14 13:19:38.875   141   144 D dalvikvm: GC_CONCURRENT freed 1337K, 19% free 14748K/18119K, paused 3ms+6ms
06-14 13:19:39.718  3204  3206 D dalvikvm: GC_CONCURRENT freed 451K, 32% free 10732K/15751K, paused 2ms+4ms
06-14 13:19:43.922  3204  3206 D dalvikvm: GC_CONCURRENT freed 450K, 32% free 10733K/15751K, paused 3ms+4ms
06-14 13:19:45.847   141   144 D dalvikvm: GC_CONCURRENT freed 1342K, 19% free 14746K/18119K, paused 4ms+6ms
06-14 13:19:48.004   303   305 D dalvikvm: GC_CONCURRENT freed 359K, 7% free 10440K/11143K, paused 6ms+5ms
06-14 13:19:48.140  3204  3206 D dalvikvm: GC_CONCURRENT freed 451K, 32% free 10732K/15751K, paused 2ms+4ms
06-14 13:19:52.343  3204  3206 D dalvikvm: GC_CONCURRENT freed 450K, 32% free 10732K/15751K, paused 2ms+3ms
06-14 13:19:52.730   141   144 D dalvikvm: GC_CONCURRENT freed 1335K, 19% free 14747K/18119K, paused 3ms+5ms
06-14 13:19:56.531  3204  3206 D dalvikvm: GC_CONCURRENT freed 451K, 32% free 10732K/15751K, paused 2ms+7ms
06-14 13:19:59.652   141   144 D dalvikvm: GC_CONCURRENT freed 1337K, 19% free 14748K/18119K, paused 3ms+5ms
06-14 13:20:00.738  3204  3206 D dalvikvm: GC_CONCURRENT freed 449K, 32% free 10732K/15751K, paused 2ms+4ms
06-14 13:20:04.941  3204  3206 D dalvikvm: GC_CONCURRENT freed 450K, 32% free 10732K/15751K, paused 2ms+2ms
06-14 13:20:06.547   141   144 D dalvikvm: GC_CONCURRENT freed 1339K, 19% free 14750K/18119K, paused 3ms+6ms
06-14 13:20:09.140  3204  3206 D dalvikvm: GC_CONCURRENT freed 451K, 32% free 10732K/15751K, paused 2ms+4ms
06-14 13:20:13.355  3204  3206 D dalvikvm: GC_CONCURRENT freed 450K, 32% free 10732K/15751K, paused 2ms+5ms
06-14 13:20:13.488   141   144 D dalvikvm: GC_CONCURRENT freed 1339K, 19% free 14747K/18119K, paused 4ms+5ms
06-14 13:20:17.574  3204  3206 D dalvikvm: GC_CONCURRENT freed 450K, 32% free 10732K/15751K, paused 3ms+3ms
06-14 13:20:20.465   141   144 D dalvikvm: GC_CONCURRENT freed 1340K, 19% free 14746K/18119K, paused 3ms+6ms
06-14 13:20:21.773  3204  3206 D dalvikvm: GC_CONCURRENT freed 448K, 32% free 10733K/15751K, paused 3ms+3ms
06-14 13:20:25.984  3204  3206 D dalvikvm: GC_CONCURRENT freed 450K, 32% free 10732K/15751K, paused 2ms+5ms
06-14 13:20:27.441   141   144 D dalvikvm: GC_CONCURRENT freed 1335K, 19% free 14750K/18119K, paused 3ms+6ms
06-14 13:20:30.183  3204  3206 D dalvikvm: GC_CONCURRENT freed 451K, 32% free 10731K/15751K, paused 2ms+4ms
06-14 13:20:34.418  3204  3206 D dalvikvm: GC_CONCURRENT freed 450K, 32% free 10732K/15751K, paused 2ms+8ms
06-14 13:20:34.441   141   144 D dalvikvm: GC_CONCURRENT freed 1338K, 19% free 14744K/18119K, paused 3ms+14ms
06-14 13:20:38.633  3204  3206 D dalvikvm: GC_CONCURRENT freed 450K, 32% free 10732K/15751K, paused 3ms+4ms
06-14 13:20:41.410   141   144 D dalvikvm: GC_CONCURRENT freed 1335K, 19% free 14746K/18119K, paused 3ms+9ms
06-14 13:20:42.828  3204  3206 D dalvikvm: GC_CONCURRENT freed 451K, 32% free 10732K/15751K, paused 2ms+7ms
06-14 13:20:47.027  3204  3206 D dalvikvm: GC_CONCURRENT freed 450K, 32% free 10733K/15751K, paused 2ms+4ms
06-14 13:20:48.383   141   144 D dalvikvm: GC_CONCURRENT freed 1337K, 19% free 14746K/18119K, paused 3ms+7ms
06-14 13:20:51.226  3204  3206 D dalvikvm: GC_CONCURRENT freed 451K, 32% free 10732K/15751K, paused 3ms+4ms
06-14 13:20:55.367   141   144 D dalvikvm: GC_CONCURRENT freed 1340K, 19% free 14743K/18119K, paused 4ms+7ms
06-14 13:20:55.449  3204  3206 D dalvikvm: GC_CONCURRENT freed 448K, 32% free 10733K/15751K, paused 2ms+3ms
06-14 13:20:59.648  3204  3206 D dalvikvm: GC_CONCURRENT freed 451K, 32% free 10733K/15751K, paused 2ms+4ms
06-14 13:21:02.211   141   144 D dalvikvm: GC_CONCURRENT freed 1331K, 19% free 14749K/18119K, paused 3ms+5ms
06-14 13:21:03.840  3204  3206 D dalvikvm: GC_CONCURRENT freed 451K, 32% free 10731K/15751K, paused 3ms+7ms
06-14 13:21:08.031  3204  3206 D dalvikvm: GC_CONCURRENT freed 449K, 32% free 10732K/15751K, paused 3ms+3ms
06-14 13:21:08.152   547  1277 I PhoneLab-: Service Running
06-14 13:21:08.273   547  1277 I PhoneLab-LoggerService: app_38    1287  547   1428   1060  c00f181c 400107b4 S logcat
06-14 13:21:08.273   547  1277 I PhoneLab-LoggerService: Logcat pid from database 1287
06-14 13:21:08.273   547  1277 I PhoneLab-LoggerService: Logcat process found 1287
06-14 13:21:08.273   547  1277 I PhoneLab-LoggerService: Checking Threshold
06-14 13:21:09.203   141   144 D dalvikvm: GC_CONCURRENT freed 1342K, 19% free 14747K/18119K, paused 3ms+6ms
06-14 13:21:12.238  3204  3206 D dalvikvm: GC_CONCURRENT freed 450K, 32% free 10732K/15751K, paused 2ms+6ms
06-14 13:21:16.179   141   144 D dalvikvm: GC_CONCURRENT freed 1340K, 19% free 14747K/18119K, paused 3ms+8ms
06-14 13:21:16.425  3204  3206 D dalvikvm: GC_CONCURRENT freed 449K, 32% free 10733K/15751K, paused 3ms+4ms
06-14 13:21:20.636  3204  3206 D dalvikvm: GC_CONCURRENT freed 451K, 32% free 10732K/15751K, paused 2ms+4ms
06-14 13:21:23.172   141   144 D dalvikvm: GC_CONCURRENT freed 1337K, 19% free 14748K/18119K, paused 3ms+5ms
06-14 13:21:24.840  3204  3206 D dalvikvm: GC_CONCURRENT freed 450K, 32% free 10731K/15751K, paused 3ms+6ms
06-14 13:21:29.023  3204  3206 D dalvikvm: GC_CONCURRENT freed 449K, 32% free 10732K/15751K, paused 2ms+3ms
06-14 13:21:30.144   141   144 D dalvikvm: GC_CONCURRENT freed 1339K, 19% free 14747K/18119K, paused 3ms+8ms
06-14 13:21:33.215  3204  3206 D dalvikvm: GC_CONCURRENT freed 450K, 32% free 10732K/15751K, paused 3ms+5ms
06-14 13:21:37.117   141   144 D dalvikvm: GC_CONCURRENT freed 1339K, 19% free 14747K/18119K, paused 4ms+7ms
06-14 13:21:37.406  3204  3206 D dalvikvm: GC_CONCURRENT freed 449K, 32% free 10733K/15751K, paused 3ms+5ms
06-14 13:21:41.617  3204  3206 D dalvikvm: GC_CONCURRENT freed 450K, 32% free 10733K/15751K, paused 3ms+4ms
06-14 13:21:44.133   141   144 D dalvikvm: GC_CONCURRENT freed 1338K, 19% free 14748K/18119K, paused 3ms+6ms
06-14 13:21:45.820  3204  3206 D dalvikvm: GC_CONCURRENT freed 450K, 32% free 10732K/15751K, paused 2ms+5ms
06-14 13:21:50.008  3204  3206 D dalvikvm: GC_CONCURRENT freed 449K, 32% free 10732K/15751K, paused 3ms+4ms
06-14 13:21:51.062   141   144 D dalvikvm: GC_CONCURRENT freed 1337K, 19% free 14749K/18119K, paused 3ms+6ms
06-14 13:21:54.211  3204  3206 D dalvikvm: GC_CONCURRENT freed 451K, 32% free 10732K/15751K, paused 2ms+6ms
06-14 13:21:58.050   141   144 D dalvikvm: GC_CONCURRENT freed 1343K, 19% free 14747K/18119K, paused 3ms+8ms
06-14 13:21:58.398  3204  3206 D dalvikvm: GC_CONCURRENT freed 449K, 32% free 10732K/15751K, paused 2ms+2ms
06-14 13:22:02.605  3204  3206 D dalvikvm: GC_CONCURRENT freed 450K, 32% free 10733K/15751K, paused 2ms+3ms
06-14 13:22:04.953   141   144 D dalvikvm: GC_CONCURRENT freed 1337K, 19% free 14749K/18119K, paused 4ms+6ms
06-14 13:22:06.804  3204  3206 D dalvikvm: GC_CONCURRENT freed 451K, 32% free 10732K/15751K, paused 3ms+3ms
06-14 13:22:10.992  3204  3206 D dalvikvm: GC_CONCURRENT freed 450K, 32% free 10731K/15751K, paused 3ms+3ms
06-14 13:22:11.855   141   144 D dalvikvm: GC_CONCURRENT freed 1341K, 19% free 14748K/18119K, paused 3ms+5ms
06-14 13:22:15.179  3204  3206 D dalvikvm: GC_CONCURRENT freed 449K, 32% free 10732K/15751K, paused 2ms+4ms
06-14 13:22:18.828   141   144 D dalvikvm: GC_CONCURRENT freed 1339K, 19% free 14747K/18119K, paused 3ms+5ms
06-14 13:22:19.371  3204  3206 D dalvikvm: GC_CONCURRENT freed 450K, 32% free 10733K/15751K, paused 3ms+3ms
06-14 13:22:23.570  3204  3206 D dalvikvm: GC_CONCURRENT freed 451K, 32% free 10732K/15751K, paused 3ms+4ms
06-14 13:22:25.800   141   144 D dalvikvm: GC_CONCURRENT freed 1338K, 19% free 14748K/18119K, paused 4ms+6ms
06-14 13:22:27.754  3204  3206 D dalvikvm: GC_CONCURRENT freed 450K, 32% free 10732K/15751K, paused 3ms+6ms
06-14 13:22:31.953  3204  3206 D dalvikvm: GC_CONCURRENT freed 449K, 32% free 10732K/15751K, paused 3ms+2ms
06-14 13:22:32.793   141   144 D dalvikvm: GC_CONCURRENT freed 1340K, 19% free 14747K/18119K, paused 3ms+9ms
06-14 13:22:36.152  3204  3206 D dalvikvm: GC_CONCURRENT freed 450K, 32% free 10732K/15751K, paused 2ms+6ms
06-14 13:22:39.773   141   144 D dalvikvm: GC_CONCURRENT freed 1338K, 19% free 14747K/18119K, paused 3ms+7ms
06-14 13:22:40.355  3204  3206 D dalvikvm: GC_CONCURRENT freed 451K, 32% free 10732K/15751K, paused 3ms+5ms
06-14 13:22:44.574  3204  3206 D dalvikvm: GC_CONCURRENT freed 450K, 32% free 10732K/15751K, paused 3ms+4ms
06-14 13:22:46.652   141   144 D dalvikvm: GC_CONCURRENT freed 1336K, 19% free 14749K/18119K, paused 3ms+6ms
06-14 13:22:48.765  3204  3206 D dalvikvm: GC_CONCURRENT freed 449K, 32% free 10732K/15751K, paused 3ms+2ms
06-14 13:22:52.957  3204  3206 D dalvikvm: GC_CONCURRENT freed 449K, 32% free 10732K/15751K, paused 2ms+2ms
06-14 13:22:53.648   141   144 D dalvikvm: GC_CONCURRENT freed 1341K, 19% free 14747K/18119K, paused 4ms+6ms
06-14 13:22:57.144  3204  3206 D dalvikvm: GC_CONCURRENT freed 450K, 32% free 10732K/15751K, paused 2ms+3ms
06-14 13:23:00.543   141   144 D dalvikvm: GC_CONCURRENT freed 1337K, 19% free 14749K/18119K, paused 3ms+7ms
06-14 13:23:01.340  3204  3206 D dalvikvm: GC_CONCURRENT freed 449K, 32% free 10733K/15751K, paused 3ms+3ms
06-14 13:23:05.547  3204  3206 D dalvikvm: GC_CONCURRENT freed 450K, 32% free 10732K/15751K, paused 3ms+3ms
06-14 13:23:07.511   141   144 D dalvikvm: GC_CONCURRENT freed 1342K, 19% free 14747K/18119K, paused 4ms+8ms
06-14 13:23:08.152   547  1277 I PhoneLab-: Service Running
06-14 13:23:08.250   547  1277 I PhoneLab-LoggerService: app_38    1287  547   1428   1060  c00f181c 400107b4 S logcat
06-14 13:23:08.250   547  1277 I PhoneLab-LoggerService: Logcat pid from database 1287
06-14 13:23:08.250   547  1277 I PhoneLab-LoggerService: Logcat process found 1287
06-14 13:23:08.250   547  1277 I PhoneLab-LoggerService: Checking Threshold
06-14 13:23:09.734  3204  3206 D dalvikvm: GC_CONCURRENT freed 450K, 32% free 10732K/15751K, paused 3ms+4ms
06-14 13:23:11.164   303   767 I EventLogService: Aggregate from 1339692791081 (log), 1339692791081 (data)
06-14 13:23:12.375   547   547 I PhoneLab-Locks: wake lock acquired
06-14 13:23:12.390   547  8994 I PhoneLab-PeriodicCheckService: User info is synched
06-14 13:23:12.410   547  8994 I PhoneLab-PeriodicCheckService: Logger Service is running
06-14 13:23:12.410   547  8994 I PhoneLab-Locks: wake lock acquired
06-14 13:23:12.418   547   547 I PhoneLab-UploadLogs: Transfering log files now
06-14 13:23:12.422   547   547 I PhoneLab-UploadLogs: No log files to transfer
06-14 13:23:12.422   547   547 I PhoneLab-Locks: wake lock released
06-14 13:23:12.422   547   547 I PhoneLab-UploadLogs: OnStartCommand
06-14 13:23:12.429   547  8994 I PhoneLab-PeriodicCheckService: Rescheduling periodic checking...
06-14 13:23:12.441   547  8994 I PhoneLab-Locks: wake lock released
06-14 13:23:13.922  3204  3206 D dalvikvm: GC_CONCURRENT freed 449K, 32% free 10732K/15751K, paused 3ms+3ms
06-14 13:23:14.230   141   144 D dalvikvm: GC_CONCURRENT freed 1332K, 19% free 14753K/18119K, paused 3ms+5ms
06-14 13:23:18.129  3204  3206 D dalvikvm: GC_CONCURRENT freed 450K, 32% free 10732K/15751K, paused 2ms+5ms
06-14 13:23:21.183   141   144 D dalvikvm: GC_CONCURRENT freed 1386K, 19% free 14754K/18119K, paused 3ms+8ms
06-14 13:23:22.332  3204  3206 D dalvikvm: GC_CONCURRENT freed 449K, 32% free 10732K/15751K, paused 4ms+4ms
06-14 13:23:23.941   547   547 I PhoneLab-Locks: wake lock acquired
06-14 13:23:23.945   547   547 I PhoneLab-StatusMonitor: Status Monitoring is started
06-14 13:23:24.011   547   548 D dalvikvm: GC_CONCURRENT freed 558K, 17% free 9239K/11079K, paused 2ms+8ms
06-14 13:23:24.066   547   547 I PhoneLab-StatusMonitor: Value: 10 - unit: min
06-14 13:23:24.066   547   547 I PhoneLab-StatusMonitor: Running interval: 600000
06-14 13:23:24.074   547   547 I PhoneLab-StatusMonitor: Rescheduling status monitoring...
06-14 13:23:24.074   547   547 I PhoneLab-Locks: wake lock released
06-14 13:23:24.086   547   547 I PhoneLab-StatusMonitorLocation: Learning Location
06-14 13:23:24.086   547   547 I PhoneLab-Locks: wake lock acquired
06-14 13:23:24.101   547   547 I PhoneLab-Locks: wake lock acquired
06-14 13:23:24.109   547   547 I PhoneLab-StatusMonitorLocation: Learning Signal Strgth
06-14 13:23:24.109   547   547 I PhoneLab-Locks: wake lock acquired
06-14 13:23:24.129   303   575 D androidNetworkLocationListeners: Still have listener com.google.android.location.internal.client.NetworkLocationClient$1@4138edc0
06-14 13:23:24.164   303   575 D androidNetworkLocationListeners: Still have listener com.google.android.location.internal.client.NetworkLocationClient$1@4138edc0
06-14 13:23:24.191   547   547 I PhoneLab-StatusMonitorBattery: Battery_level: 78
06-14 13:23:24.191   547   547 I PhoneLab-Locks: wake lock released
06-14 13:23:24.207   547   547 I PhoneLab-StatusMonitorSignal: Signal_Strength: -76 asu: 19
06-14 13:23:24.207   547   547 I PhoneLab-Locks: wake lock released
06-14 13:23:24.246   547   548 D dalvikvm: GC_CONCURRENT freed 444K, 18% free 9184K/11079K, paused 2ms+2ms
06-14 13:23:25.535   303   305 D dalvikvm: GC_CONCURRENT freed 517K, 7% free 10434K/11143K, paused 11ms+12ms
06-14 13:23:25.605   303   575 D androidNetworkLocationListeners: Still have listener com.google.android.location.internal.client.NetworkLocationClient$1@4138edc0
06-14 13:23:25.605   547   547 I PhoneLab-StatusMonitorLocation: Location_Latitude: 42.9552244 Longitude: -78.8288601 Accuracy: 37.0
06-14 13:23:25.605   547   547 I PhoneLab-Locks: wake lock released
06-14 13:23:26.566  3204  3206 D dalvikvm: GC_CONCURRENT freed 448K, 32% free 10733K/15751K, paused 3ms+4ms
06-14 13:23:27.953   141   144 D dalvikvm: GC_CONCURRENT freed 1332K, 19% free 14762K/18119K, paused 4ms+9ms
06-14 13:23:30.761  3204  3206 D dalvikvm: GC_CONCURRENT freed 450K, 32% free 10731K/15751K, paused 2ms+7ms
06-14 13:23:34.851   141   144 D dalvikvm: GC_CONCURRENT freed 1361K, 19% free 14745K/18119K, paused 4ms+8ms
06-14 13:23:34.965  3204  3206 D dalvikvm: GC_CONCURRENT freed 449K, 32% free 10732K/15751K, paused 2ms+5ms
06-14 13:23:38.660  2695  2696 D dalvikvm: GC_CONCURRENT freed 570K, 7% free 10831K/11527K, paused 24ms+5ms
06-14 13:23:39.160  3204  3206 D dalvikvm: GC_CONCURRENT freed 451K, 32% free 10732K/15751K, paused 2ms+5ms
06-14 13:23:41.750   141   144 D dalvikvm: GC_CONCURRENT freed 1335K, 19% free 14749K/18119K, paused 3ms+9ms
06-14 13:23:43.355  3204  3206 D dalvikvm: GC_CONCURRENT freed 450K, 32% free 10732K/15751K, paused 3ms+4ms
06-14 13:23:47.539  3204  3206 D dalvikvm: GC_CONCURRENT freed 449K, 32% free 10732K/15751K, paused 2ms+3ms
06-14 13:23:48.730   141   144 D dalvikvm: GC_CONCURRENT freed 1347K, 19% free 14742K/18119K, paused 4ms+8ms
06-14 13:23:51.722  3204  3206 D dalvikvm: GC_CONCURRENT freed 449K, 32% free 10732K/15751K, paused 3ms+4ms
06-14 13:23:55.722   141   144 D dalvikvm: GC_CONCURRENT freed 1339K, 19% free 14742K/18119K, paused 4ms+7ms
06-14 13:23:55.914  3204  3206 D dalvikvm: GC_CONCURRENT freed 448K, 32% free 10732K/15751K, paused 3ms+3ms
06-14 13:24:00.129  3204  3206 D dalvikvm: GC_CONCURRENT freed 450K, 32% free 10731K/15751K, paused 2ms+7ms
06-14 13:24:02.625   141   144 D dalvikvm: GC_CONCURRENT freed 1334K, 19% free 14743K/18119K, paused 2ms+9ms
06-14 13:24:04.324  3204  3206 D dalvikvm: GC_CONCURRENT freed 449K, 32% free 10732K/15751K, paused 2ms+5ms
06-14 13:24:08.531  3204  3206 D dalvikvm: GC_CONCURRENT freed 450K, 32% free 10732K/15751K, paused 3ms+6ms
06-14 13:24:09.597   141   144 D dalvikvm: GC_CONCURRENT freed 1337K, 19% free 14742K/18119K, paused 4ms+6ms
06-14 13:24:12.730  3204  3206 D dalvikvm: GC_CONCURRENT freed 451K, 32% free 10732K/15751K, paused 3ms+4ms
06-14 13:24:16.562   141   144 D dalvikvm: GC_CONCURRENT freed 1337K, 19% free 14743K/18119K, paused 3ms+5ms
06-14 13:24:16.941  3204  3206 D dalvikvm: GC_CONCURRENT freed 450K, 32% free 10732K/15751K, paused 2ms+6ms
06-14 13:24:21.133  3204  3206 D dalvikvm: GC_CONCURRENT freed 450K, 32% free 10731K/15751K, paused 2ms+3ms
06-14 13:24:23.476   141   144 D dalvikvm: GC_CONCURRENT freed 1337K, 19% free 14745K/18119K, paused 3ms+5ms
06-14 13:24:25.316  3204  3206 D dalvikvm: GC_CONCURRENT freed 449K, 32% free 10732K/15751K, paused 2ms+4ms
06-14 13:24:29.508  3204  3206 D dalvikvm: GC_CONCURRENT freed 451K, 32% free 10732K/15751K, paused 2ms+5ms
06-14 13:24:30.453   141   144 D dalvikvm: GC_CONCURRENT freed 1341K, 19% free 14742K/18119K, paused 3ms+7ms
06-14 13:24:33.699  3204  3206 D dalvikvm: GC_CONCURRENT freed 451K, 32% free 10732K/15751K, paused 2ms+5ms
06-14 13:24:37.425   141   144 D dalvikvm: GC_CONCURRENT freed 1338K, 19% free 14742K/18119K, paused 4ms+8ms
06-14 13:24:37.890  3204  3206 D dalvikvm: GC_CONCURRENT freed 449K, 32% free 10732K/15751K, paused 2ms+3ms
06-14 13:24:42.090  3204  3206 D dalvikvm: GC_CONCURRENT freed 449K, 32% free 10732K/15751K, paused 4ms+6ms
06-14 13:24:44.425   141   144 D dalvikvm: GC_CONCURRENT freed 1336K, 19% free 14742K/18119K, paused 3ms+8ms
06-14 13:24:46.285  3204  3206 D dalvikvm: GC_CONCURRENT freed 448K, 32% free 10732K/15751K, paused 3ms+6ms
06-14 13:24:50.476  3204  3206 D dalvikvm: GC_CONCURRENT freed 448K, 32% free 10732K/15751K, paused 3ms+3ms
06-14 13:24:51.406   141   144 D dalvikvm: GC_CONCURRENT freed 1337K, 19% free 14742K/18119K, paused 2ms+6ms
06-14 13:24:54.664  3204  3206 D dalvikvm: GC_CONCURRENT freed 449K, 32% free 10733K/15751K, paused 3ms+3ms
06-14 13:24:58.371   141   144 D dalvikvm: GC_CONCURRENT freed 1336K, 19% free 14742K/18119K, paused 3ms+5ms
06-14 13:24:58.863  3204  3206 D dalvikvm: GC_CONCURRENT freed 450K, 32% free 10733K/15751K, paused 3ms+3ms
06-14 13:25:03.058  3204  3206 D dalvikvm: GC_CONCURRENT freed 451K, 32% free 10732K/15751K, paused 2ms+6ms
06-14 13:25:05.238   141   144 D dalvikvm: GC_CONCURRENT freed 1337K, 19% free 14742K/18119K, paused 4ms+8ms
06-14 13:25:07.246  3204  3206 D dalvikvm: GC_CONCURRENT freed 449K, 32% free 10733K/15751K, paused 4ms+3ms
06-14 13:25:08.152   547  1277 I PhoneLab-: Service Running
06-14 13:25:08.254   547  1277 I PhoneLab-LoggerService: app_38    1287  547   1428   1060  c00f181c 400107b4 S logcat
06-14 13:25:08.258   547  1277 I PhoneLab-LoggerService: Logcat pid from database 1287
06-14 13:25:08.258   547  1277 I PhoneLab-LoggerService: Logcat process found 1287
06-14 13:25:08.258   547  1277 I PhoneLab-LoggerService: Checking Threshold
06-14 13:25:11.429  3204  3206 D dalvikvm: GC_CONCURRENT freed 450K, 32% free 10733K/15751K, paused 2ms+3ms
06-14 13:25:12.179   141   144 D dalvikvm: GC_CONCURRENT freed 1336K, 19% free 14742K/18119K, paused 3ms+5ms
06-14 13:25:15.633  3204  3206 D dalvikvm: GC_CONCURRENT freed 451K, 32% free 10732K/15751K, paused 2ms+4ms
06-14 13:25:19.156   141   144 D dalvikvm: GC_CONCURRENT freed 1339K, 19% free 14741K/18119K, paused 4ms+8ms
06-14 13:25:19.832  3204  3206 D dalvikvm: GC_CONCURRENT freed 450K, 32% free 10732K/15751K, paused 3ms+3ms
06-14 13:25:24.031  3204  3206 D dalvikvm: GC_CONCURRENT freed 449K, 32% free 10732K/15751K, paused 4ms+6ms
06-14 13:25:26.152   141   144 D dalvikvm: GC_CONCURRENT freed 1336K, 19% free 14742K/18119K, paused 4ms+6ms
06-14 13:25:28.218  3204  3206 D dalvikvm: GC_CONCURRENT freed 448K, 32% free 10732K/15751K, paused 2ms+5ms
06-14 13:25:32.402  3204  3206 D dalvikvm: GC_CONCURRENT freed 448K, 32% free 10733K/15751K, paused 3ms+3ms
06-14 13:25:33.136   141   144 D dalvikvm: GC_CONCURRENT freed 1336K, 19% free 14743K/18119K, paused 4ms+5ms
06-14 13:25:36.601  3204  3206 D dalvikvm: GC_CONCURRENT freed 450K, 32% free 10731K/15751K, paused 3ms+6ms
06-14 13:25:40.113   141   144 D dalvikvm: GC_CONCURRENT freed 1338K, 19% free 14743K/18119K, paused 3ms+5ms
06-14 13:25:40.793  3204  3206 D dalvikvm: GC_CONCURRENT freed 449K, 32% free 10732K/15751K, paused 3ms+6ms
06-14 13:25:44.996  3204  3206 D dalvikvm: GC_CONCURRENT freed 450K, 32% free 10732K/15751K, paused 2ms+6ms
06-14 13:25:47.109   141   144 D dalvikvm: GC_CONCURRENT freed 1341K, 19% free 14741K/18119K, paused 4ms+8ms
06-14 13:25:49.191  3204  3206 D dalvikvm: GC_CONCURRENT freed 450K, 32% free 10732K/15751K, paused 2ms+4ms
06-14 13:25:53.394  3204  3206 D dalvikvm: GC_CONCURRENT freed 449K, 32% free 10732K/15751K, paused 2ms+3ms
06-14 13:25:54.105   141   144 D dalvikvm: GC_CONCURRENT freed 1337K, 19% free 14742K/18119K, paused 2ms+7ms
06-14 13:25:57.593  3204  3206 D dalvikvm: GC_CONCURRENT freed 448K, 32% free 10732K/15751K, paused 2ms+4ms
06-14 13:26:00.937   141   144 D dalvikvm: GC_CONCURRENT freed 1336K, 19% free 14744K/18119K, paused 4ms+8ms
06-14 13:26:01.797  3204  3206 D dalvikvm: GC_CONCURRENT freed 449K, 32% free 10733K/15751K, paused 2ms+4ms
06-14 13:26:05.988  3204  3206 D dalvikvm: GC_CONCURRENT freed 451K, 32% free 10731K/15751K, paused 3ms+4ms
06-14 13:26:07.890   141   144 D dalvikvm: GC_CONCURRENT freed 1338K, 19% free 14742K/18119K, paused 3ms+7ms
06-14 13:26:10.179  3204  3206 D dalvikvm: GC_CONCURRENT freed 449K, 32% free 10732K/15751K, paused 3ms+5ms
06-14 13:26:14.383  3204  3206 D dalvikvm: GC_CONCURRENT freed 450K, 32% free 10731K/15751K, paused 2ms+5ms
06-14 13:26:14.867   141   144 D dalvikvm: GC_CONCURRENT freed 1336K, 19% free 14743K/18119K, paused 3ms+7ms
06-14 13:26:17.742  1058  1060 D dalvikvm: GC_CONCURRENT freed 392K, 6% free 10508K/11143K, paused 3ms+13ms
06-14 13:26:18.570  3204  3206 D dalvikvm: GC_CONCURRENT freed 449K, 32% free 10732K/15751K, paused 2ms+4ms
06-14 13:26:21.855   141   144 D dalvikvm: GC_CONCURRENT freed 1338K, 19% free 14742K/18119K, paused 3ms+9ms
06-14 13:26:22.773  3204  3206 D dalvikvm: GC_CONCURRENT freed 450K, 32% free 10733K/15751K, paused 2ms+4ms
06-14 13:26:26.965  3204  3206 D dalvikvm: GC_CONCURRENT freed 449K, 32% free 10733K/15751K, paused 2ms+3ms
06-14 13:26:28.836   141   144 D dalvikvm: GC_CONCURRENT freed 1338K, 19% free 14743K/18119K, paused 3ms+5ms
06-14 13:26:31.168  3204  3206 D dalvikvm: GC_CONCURRENT freed 450K, 32% free 10732K/15751K, paused 2ms+2ms
06-14 13:26:35.363  3204  3206 D dalvikvm: GC_CONCURRENT freed 451K, 32% free 10732K/15751K, paused 2ms+5ms
06-14 13:26:35.812   141   144 D dalvikvm: GC_CONCURRENT freed 1337K, 19% free 14742K/18119K, paused 3ms+9ms
06-14 13:26:39.562  3204  3206 D dalvikvm: GC_CONCURRENT freed 450K, 32% free 10732K/15751K, paused 2ms+7ms
06-14 13:26:42.789   141   144 D dalvikvm: GC_CONCURRENT freed 1337K, 19% free 14742K/18119K, paused 4ms+6ms
06-14 13:26:43.758  3204  3206 D dalvikvm: GC_CONCURRENT freed 450K, 32% free 10733K/15751K, paused 2ms+2ms
06-14 13:26:47.941  3204  3206 D dalvikvm: GC_CONCURRENT freed 449K, 32% free 10732K/15751K, paused 3ms+3ms
06-14 13:26:49.761   141   144 D dalvikvm: GC_CONCURRENT freed 1338K, 19% free 14742K/18119K, paused 3ms+8ms
06-14 13:26:52.156  3204  3206 D dalvikvm: GC_CONCURRENT freed 450K, 32% free 10733K/15751K, paused 2ms+4ms
06-14 13:26:56.351  3204  3206 D dalvikvm: GC_CONCURRENT freed 449K, 32% free 10732K/15751K, paused 3ms+3ms
06-14 13:26:56.664   141   144 D dalvikvm: GC_CONCURRENT freed 1337K, 19% free 14743K/18119K, paused 3ms+8ms
06-14 13:27:00.535  3204  3206 D dalvikvm: GC_CONCURRENT freed 450K, 32% free 10732K/15751K, paused 3ms+3ms
06-14 13:27:03.547   141   144 D dalvikvm: GC_CONCURRENT freed 1338K, 19% free 14743K/18119K, paused 3ms+8ms
06-14 13:27:04.722  3204  3206 D dalvikvm: GC_CONCURRENT freed 449K, 32% free 10732K/15751K, paused 3ms+4ms
06-14 13:27:08.152   547  1277 I PhoneLab-: Service Running
06-14 13:27:08.265   547  1277 I PhoneLab-LoggerService: app_38    1287  547   1428   1060  c00f181c 400107b4 S logcat
06-14 13:27:08.265   547  1277 I PhoneLab-LoggerService: Logcat pid from database 1287
06-14 13:27:08.265   547  1277 I PhoneLab-LoggerService: Logcat process found 1287
06-14 13:27:08.265   547  1277 I PhoneLab-LoggerService: Checking Threshold
06-14 13:27:08.902  3204  3206 D dalvikvm: GC_CONCURRENT freed 449K, 32% free 10732K/15751K, paused 3ms+4ms
06-14 13:27:10.508   141   144 D dalvikvm: GC_CONCURRENT freed 1337K, 19% free 14742K/18119K, paused 3ms+8ms
06-14 13:27:13.082  3204  3206 D dalvikvm: GC_CONCURRENT freed 448K, 32% free 10733K/15751K, paused 3ms+3ms
06-14 13:27:17.297  3204  3206 D dalvikvm: GC_CONCURRENT freed 450K, 32% free 10732K/15751K, paused 5ms+4ms
06-14 13:27:17.504   141   144 D dalvikvm: GC_CONCURRENT freed 1336K, 19% free 14742K/18119K, paused 3ms+5ms
06-14 13:27:21.500  3204  3206 D dalvikvm: GC_CONCURRENT freed 450K, 32% free 10733K/15751K, paused 3ms+3ms
06-14 13:27:24.476   141   144 D dalvikvm: GC_CONCURRENT freed 1338K, 19% free 14742K/18119K, paused 4ms+8ms
06-14 13:27:25.691  3204  3206 D dalvikvm: GC_CONCURRENT freed 449K, 32% free 10732K/15751K, paused 3ms+5ms
06-14 13:27:29.898  3204  3206 D dalvikvm: GC_CONCURRENT freed 450K, 32% free 10732K/15751K, paused 3ms+3ms
06-14 13:27:31.472   141   144 D dalvikvm: GC_CONCURRENT freed 1337K, 19% free 14743K/18119K, paused 3ms+5ms
06-14 13:27:34.117  3204  3206 D dalvikvm: GC_CONCURRENT freed 450K, 32% free 10733K/15751K, paused 2ms+3ms
06-14 13:27:38.340  3204  3206 D dalvikvm: GC_CONCURRENT freed 451K, 32% free 10732K/15751K, paused 2ms+2ms
06-14 13:27:38.500   141   144 D dalvikvm: GC_CONCURRENT freed 1337K, 19% free 14742K/18119K, paused 2ms+6ms
06-14 13:27:42.547  3204  3206 D dalvikvm: GC_CONCURRENT freed 451K, 32% free 10732K/15751K, paused 2ms+4ms
06-14 13:27:45.398   141   144 D dalvikvm: GC_CONCURRENT freed 1337K, 19% free 14743K/18119K, paused 4ms+8ms
06-14 13:27:46.761  3204  3206 D dalvikvm: GC_CONCURRENT freed 450K, 32% free 10733K/15751K, paused 3ms+3ms
06-14 13:27:50.968  3204  3206 D dalvikvm: GC_CONCURRENT freed 451K, 32% free 10732K/15751K, paused 2ms+3ms
06-14 13:27:52.410   141   144 D dalvikvm: GC_CONCURRENT freed 1339K, 19% free 14742K/18119K, paused 3ms+9ms
06-14 13:27:55.172  3204  3206 D dalvikvm: GC_CONCURRENT freed 450K, 32% free 10733K/15751K, paused 3ms+3ms
06-14 13:27:59.386   141   144 D dalvikvm: GC_CONCURRENT freed 1332K, 19% free 14744K/18119K, paused 3ms+14ms
06-14 13:27:59.410  3204  3206 D dalvikvm: GC_CONCURRENT freed 452K, 32% free 10731K/15751K, paused 2ms+4ms
06-14 13:28:03.617  3204  3206 D dalvikvm: GC_CONCURRENT freed 449K, 32% free 10731K/15751K, paused 2ms+7ms
06-14 13:28:06.293   141   144 D dalvikvm: GC_CONCURRENT freed 1338K, 19% free 14745K/18119K, paused 4ms+5ms
06-14 13:28:07.797  3204  3206 D dalvikvm: GC_CONCURRENT freed 447K, 32% free 10733K/15751K, paused 3ms+5ms
06-14 13:28:12.000  3204  3206 D dalvikvm: GC_CONCURRENT freed 450K, 32% free 10732K/15751K, paused 3ms+3ms
06-14 13:28:13.297   141   144 D dalvikvm: GC_CONCURRENT freed 1342K, 19% free 14741K/18119K, paused 4ms+6ms
06-14 13:28:16.187  3204  3206 D dalvikvm: GC_CONCURRENT freed 451K, 32% free 10732K/15751K, paused 3ms+5ms
06-14 13:28:20.269   141   144 D dalvikvm: GC_CONCURRENT freed 1337K, 19% free 14742K/18119K, paused 4ms+5ms
06-14 13:28:20.383  3204  3206 D dalvikvm: GC_CONCURRENT freed 448K, 32% free 10732K/15751K, paused 2ms+4ms
06-14 13:28:24.578  3204  3206 D dalvikvm: GC_CONCURRENT freed 450K, 32% free 10732K/15751K, paused 2ms+5ms
06-14 13:28:27.258   141   144 D dalvikvm: GC_CONCURRENT freed 1338K, 19% free 14742K/18119K, paused 3ms+7ms
06-14 13:28:28.769  3204  3206 D dalvikvm: GC_CONCURRENT freed 451K, 32% free 10731K/15751K, paused 2ms+2ms
06-14 13:28:32.953  3204  3206 D dalvikvm: GC_CONCURRENT freed 448K, 32% free 10732K/15751K, paused 3ms+6ms
06-14 13:28:34.207   141   144 D dalvikvm: GC_CONCURRENT freed 1339K, 19% free 14741K/18119K, paused 3ms+6ms
06-14 13:28:37.148  3204  3206 D dalvikvm: GC_CONCURRENT freed 451K, 32% free 10732K/15751K, paused 2ms+3ms
06-14 13:28:41.175   141   144 D dalvikvm: GC_CONCURRENT freed 1338K, 19% free 14741K/18119K, paused 5ms+9ms
06-14 13:28:41.332  3204  3206 D dalvikvm: GC_CONCURRENT freed 450K, 32% free 10732K/15751K, paused 2ms+4ms
06-14 13:28:45.535  3204  3206 D dalvikvm: GC_CONCURRENT freed 449K, 32% free 10733K/15751K, paused 2ms+3ms
06-14 13:28:48.152   141   144 D dalvikvm: GC_CONCURRENT freed 1336K, 19% free 14741K/18119K, paused 3ms+8ms
06-14 13:28:49.746  3204  3206 D dalvikvm: GC_CONCURRENT freed 450K, 32% free 10732K/15751K, paused 2ms+3ms
06-14 13:28:53.949  3204  3206 D dalvikvm: GC_CONCURRENT freed 450K, 32% free 10733K/15751K, paused 2ms+3ms
06-14 13:28:55.148   141   144 D dalvikvm: GC_CONCURRENT freed 1339K, 19% free 14741K/18119K, paused 4ms+8ms
06-14 13:28:58.156  3204  3206 D dalvikvm: GC_CONCURRENT freed 451K, 32% free 10732K/15751K, paused 2ms+3ms
06-14 13:29:02.054   141   144 D dalvikvm: GC_CONCURRENT freed 1337K, 19% free 14742K/18119K, paused 4ms+8ms
06-14 13:29:02.367  3204  3206 D dalvikvm: GC_CONCURRENT freed 450K, 32% free 10733K/15751K, paused 2ms+3ms
06-14 13:29:06.582  3204  3206 D dalvikvm: GC_CONCURRENT freed 451K, 32% free 10732K/15751K, paused 2ms+3ms
06-14 13:29:08.152   547  1277 I PhoneLab-: Service Running
06-14 13:29:08.258   547  1277 I PhoneLab-LoggerService: app_38    1287  547   1428   1060  c00f181c 400107b4 S logcat
06-14 13:29:08.258   547  1277 I PhoneLab-LoggerService: Logcat pid from database 1287
06-14 13:29:08.261   547  1277 I PhoneLab-LoggerService: Logcat process found 1287
06-14 13:29:08.261   547  1277 I PhoneLab-LoggerService: Checking Threshold
06-14 13:29:09.027   141   144 D dalvikvm: GC_CONCURRENT freed 1339K, 19% free 14742K/18119K, paused 4ms+9ms
06-14 13:29:10.773  3204  3206 D dalvikvm: GC_CONCURRENT freed 450K, 32% free 10732K/15751K, paused 2ms+5ms
06-14 13:29:14.965  3204  3206 D dalvikvm: GC_CONCURRENT freed 450K, 32% free 10733K/15751K, paused 3ms+3ms
06-14 13:29:16.000   141   144 D dalvikvm: GC_CONCURRENT freed 1336K, 19% free 14742K/18119K, paused 4ms+8ms
06-14 13:29:19.179  3204  3206 D dalvikvm: GC_CONCURRENT freed 451K, 32% free 10732K/15751K, paused 2ms+7ms
06-14 13:29:22.906   141   144 D dalvikvm: GC_CONCURRENT freed 1336K, 19% free 14743K/18119K, paused 3ms+8ms
06-14 13:29:23.371  3204  3206 D dalvikvm: GC_CONCURRENT freed 451K, 32% free 10731K/15751K, paused 3ms+4ms
06-14 13:29:27.562  3204  3206 D dalvikvm: GC_CONCURRENT freed 448K, 32% free 10732K/15751K, paused 2ms+4ms
06-14 13:29:29.890   141   144 D dalvikvm: GC_CONCURRENT freed 1337K, 19% free 14741K/18119K, paused 4ms+6ms
06-14 13:29:31.785  3204  3206 D dalvikvm: GC_CONCURRENT freed 451K, 32% free 10732K/15751K, paused 2ms+6ms
06-14 13:29:35.976  3204  3206 D dalvikvm: GC_CONCURRENT freed 450K, 32% free 10732K/15751K, paused 2ms+6ms
06-14 13:29:36.875   141   144 D dalvikvm: GC_CONCURRENT freed 1338K, 19% free 14741K/18119K, paused 4ms+8ms
06-14 13:29:40.172  3204  3206 D dalvikvm: GC_CONCURRENT freed 451K, 32% free 10731K/15751K, paused 3ms+6ms
06-14 13:29:43.847   141   144 D dalvikvm: GC_CONCURRENT freed 1336K, 19% free 14744K/18119K, paused 4ms+7ms
06-14 13:29:44.363  3204  3206 D dalvikvm: GC_CONCURRENT freed 448K, 32% free 10732K/15751K, paused 3ms+3ms
06-14 13:29:48.566  3204  3206 D dalvikvm: GC_CONCURRENT freed 451K, 32% free 10732K/15751K, paused 3ms+8ms
06-14 13:29:50.843   141   144 D dalvikvm: GC_CONCURRENT freed 1340K, 19% free 14744K/18119K, paused 3ms+4ms
06-14 13:29:52.781  3204  3206 D dalvikvm: GC_CONCURRENT freed 450K, 32% free 10732K/15751K, paused 2ms+4ms
06-14 13:29:56.972  3204  3206 D dalvikvm: GC_CONCURRENT freed 450K, 32% free 10733K/15751K, paused 3ms+3ms
06-14 13:29:57.828   141   144 D dalvikvm: GC_CONCURRENT freed 1339K, 19% free 14742K/18119K, paused 4ms+6ms
06-14 13:30:01.172  3204  3206 D dalvikvm: GC_CONCURRENT freed 451K, 32% free 10732K/15751K, paused 3ms+5ms
06-14 13:30:04.718   141   144 D dalvikvm: GC_CONCURRENT freed 1336K, 19% free 14745K/18119K, paused 3ms+5ms
06-14 13:30:05.363  3204  3206 D dalvikvm: GC_CONCURRENT freed 450K, 32% free 10731K/15751K, paused 3ms+5ms
06-14 13:30:09.558  3204  3206 D dalvikvm: GC_CONCURRENT freed 449K, 32% free 10733K/15751K, paused 2ms+4ms
06-14 13:30:11.679   141   144 D dalvikvm: GC_CONCURRENT freed 1342K, 19% free 14741K/18119K, paused 4ms+9ms
06-14 13:30:13.758  3204  3206 D dalvikvm: GC_CONCURRENT freed 450K, 32% free 10732K/15751K, paused 3ms+5ms
06-14 13:30:17.961  3204  3206 D dalvikvm: GC_CONCURRENT freed 450K, 32% free 10733K/15751K, paused 2ms+3ms
06-14 13:30:18.668   141   144 D dalvikvm: GC_CONCURRENT freed 1339K, 19% free 14741K/18119K, paused 4ms+6ms
06-14 13:30:22.168  3204  3206 D dalvikvm: GC_CONCURRENT freed 451K, 32% free 10732K/15751K, paused 2ms+6ms
06-14 13:30:25.648   141   144 D dalvikvm: GC_CONCURRENT freed 1336K, 19% free 14742K/18119K, paused 4ms+5ms
06-14 13:30:26.363  3204  3206 D dalvikvm: GC_CONCURRENT freed 450K, 32% free 10732K/15751K, paused 2ms+5ms
06-14 13:30:30.558  3204  3206 D dalvikvm: GC_CONCURRENT freed 450K, 32% free 10731K/15751K, paused 2ms+7ms
06-14 13:30:32.636   141   144 D dalvikvm: GC_CONCURRENT freed 1338K, 19% free 14742K/18119K, paused 4ms+6ms
06-14 13:30:34.761  3204  3206 D dalvikvm: GC_CONCURRENT freed 449K, 32% free 10732K/15751K, paused 2ms+5ms
06-14 13:30:38.953  3204  3206 D dalvikvm: GC_CONCURRENT freed 450K, 32% free 10733K/15751K, paused 3ms+3ms
06-14 13:30:39.562   141   144 D dalvikvm: GC_CONCURRENT freed 1337K, 19% free 14743K/18119K, paused 3ms+5ms
06-14 13:30:43.160  3204  3206 D dalvikvm: GC_CONCURRENT freed 451K, 32% free 10732K/15751K, paused 2ms+5ms
06-14 13:30:46.531   141   144 D dalvikvm: GC_CONCURRENT freed 1339K, 19% free 14741K/18119K, paused 3ms+7ms
06-14 13:30:47.355  3204  3206 D dalvikvm: GC_CONCURRENT freed 450K, 32% free 10731K/15751K, paused 2ms+6ms
06-14 13:30:51.531  3204  3206 D dalvikvm: GC_CONCURRENT freed 447K, 32% free 10732K/15751K, paused 3ms+2ms
06-14 13:30:53.523   141   144 D dalvikvm: GC_CONCURRENT freed 1338K, 19% free 14741K/18119K, paused 4ms+9ms
06-14 13:30:55.726  3204  3206 D dalvikvm: GC_CONCURRENT freed 449K, 32% free 10732K/15751K, paused 3ms+5ms
06-14 13:30:59.922  3204  3206 D dalvikvm: GC_CONCURRENT freed 450K, 32% free 10732K/15751K, paused 2ms+3ms
06-14 13:31:00.418   141   144 D dalvikvm: GC_CONCURRENT freed 1338K, 19% free 14742K/18119K, paused 3ms+9ms
06-14 13:31:04.129  3204  3206 D dalvikvm: GC_CONCURRENT freed 450K, 32% free 10732K/15751K, paused 2ms+4ms
06-14 13:31:07.316   141   144 D dalvikvm: GC_CONCURRENT freed 1334K, 19% free 14745K/18119K, paused 3ms+7ms
06-14 13:31:08.152   547  1277 I PhoneLab-: Service Running
06-14 13:31:08.304  3204  3206 D dalvikvm: GC_CONCURRENT freed 450K, 32% free 10733K/15751K, paused 2ms+4ms
06-14 13:31:08.379   547  1277 I PhoneLab-LoggerService: app_38    1287  547   1428   1060  c00f181c 400107b4 S logcat
06-14 13:31:08.379   547  1277 I PhoneLab-LoggerService: Logcat pid from database 1287
06-14 13:31:08.379   547  1277 I PhoneLab-LoggerService: Logcat process found 1287
06-14 13:31:08.379   547  1277 I PhoneLab-LoggerService: Checking Threshold
06-14 13:31:12.519  3204  3206 D dalvikvm: GC_CONCURRENT freed 451K, 32% free 10732K/15751K, paused 2ms+4ms
06-14 13:31:14.289   141   144 D dalvikvm: GC_CONCURRENT freed 1341K, 19% free 14742K/18119K, paused 3ms+6ms
06-14 13:31:16.711  3204  3206 D dalvikvm: GC_CONCURRENT freed 451K, 32% free 10732K/15751K, paused 3ms+4ms
06-14 13:31:20.898  3204  3206 D dalvikvm: GC_CONCURRENT freed 448K, 32% free 10732K/15751K, paused 2ms+3ms
06-14 13:31:21.265   141   144 D dalvikvm: GC_CONCURRENT freed 1340K, 19% free 14741K/18119K, paused 3ms+9ms
06-14 13:31:25.090  3204  3206 D dalvikvm: GC_CONCURRENT freed 450K, 32% free 10732K/15751K, paused 2ms+5ms
06-14 13:31:28.242   141   144 D dalvikvm: GC_CONCURRENT freed 1338K, 19% free 14741K/18119K, paused 4ms+7ms
06-14 13:31:29.273  3204  3206 D dalvikvm: GC_CONCURRENT freed 449K, 32% free 10732K/15751K, paused 3ms+3ms
06-14 13:31:33.461  3204  3206 D dalvikvm: GC_CONCURRENT freed 450K, 32% free 10732K/15751K, paused 2ms+3ms
06-14 13:31:35.215   141   144 D dalvikvm: GC_CONCURRENT freed 1337K, 19% free 14742K/18119K, paused 3ms+5ms
06-14 13:31:37.648  3204  3206 D dalvikvm: GC_CONCURRENT freed 449K, 32% free 10732K/15751K, paused 3ms+3ms
06-14 13:31:41.843  3204  3206 D dalvikvm: GC_CONCURRENT freed 450K, 32% free 10732K/15751K, paused 2ms+4ms
06-14 13:31:42.211   141   144 D dalvikvm: GC_CONCURRENT freed 1339K, 19% free 14741K/18119K, paused 3ms+8ms
06-14 13:31:46.047  3204  3206 D dalvikvm: GC_CONCURRENT freed 450K, 32% free 10731K/15751K, paused 2ms+3ms
06-14 13:31:49.191   141   144 D dalvikvm: GC_CONCURRENT freed 1337K, 19% free 14744K/18119K, paused 3ms+7ms
06-14 13:31:50.238  3204  3206 D dalvikvm: GC_CONCURRENT freed 448K, 32% free 10733K/15751K, paused 3ms+5ms
06-14 13:31:54.429  3204  3206 D dalvikvm: GC_CONCURRENT freed 450K, 32% free 10732K/15751K, paused 3ms+2ms
06-14 13:31:56.129   141   144 D dalvikvm: GC_CONCURRENT freed 1339K, 19% free 14743K/18119K, paused 4ms+8ms
06-14 13:31:56.859   303   305 D dalvikvm: GC_CONCURRENT freed 413K, 7% free 10411K/11143K, paused 6ms+5ms
06-14 13:31:58.629  3204  3206 D dalvikvm: GC_CONCURRENT freed 449K, 32% free 10732K/15751K, paused 2ms+5ms
06-14 13:32:02.859  3204  3206 D dalvikvm: GC_CONCURRENT freed 450K, 32% free 10732K/15751K, paused 3ms+5ms
06-14 13:32:03.000   141   144 D dalvikvm: GC_CONCURRENT freed 1334K, 19% free 14743K/18119K, paused 3ms+8ms
06-14 13:32:07.082  3204  3206 D dalvikvm: GC_CONCURRENT freed 450K, 32% free 10733K/15751K, paused 2ms+4ms
06-14 13:32:09.976   141   144 D dalvikvm: GC_CONCURRENT freed 1340K, 19% free 14743K/18119K, paused 3ms+5ms
06-14 13:32:11.265  3204  3206 D dalvikvm: GC_CONCURRENT freed 449K, 32% free 10732K/15751K, paused 3ms+3ms
06-14 13:32:15.457  3204  3206 D dalvikvm: GC_CONCURRENT freed 450K, 32% free 10732K/15751K, paused 2ms+6ms
06-14 13:32:16.957   141   144 D dalvikvm: GC_CONCURRENT freed 1338K, 19% free 14743K/18119K, paused 3ms+5ms
06-14 13:32:19.652  3204  3206 D dalvikvm: GC_CONCURRENT freed 450K, 32% free 10733K/15751K, paused 3ms+4ms
06-14 13:32:23.898  3204  3206 D dalvikvm: GC_CONCURRENT freed 452K, 32% free 10733K/15751K, paused 2ms+3ms
06-14 13:32:23.953   141   144 D dalvikvm: GC_CONCURRENT freed 1334K, 19% free 14740K/18119K, paused 3ms+10ms
06-14 13:32:28.117  3204  3206 D dalvikvm: GC_CONCURRENT freed 451K, 32% free 10732K/15751K, paused 2ms+7ms
06-14 13:32:30.914   141   144 D dalvikvm: GC_CONCURRENT freed 1337K, 19% free 14743K/18119K, paused 3ms+6ms
06-14 13:32:32.297  3204  3206 D dalvikvm: GC_CONCURRENT freed 449K, 32% free 10732K/15751K, paused 3ms+3ms
06-14 13:32:36.480  3204  3206 D dalvikvm: GC_CONCURRENT freed 449K, 32% free 10732K/15751K, paused 3ms+2ms
06-14 13:32:37.925   141   144 D dalvikvm: GC_CONCURRENT freed 1339K, 19% free 14742K/18119K, paused 3ms+6ms
06-14 13:32:39.824   141   157 V BackupManagerService: Running a backup pass
06-14 13:32:39.828   141   211 V BackupManagerService: Backup requested but nothing pending
06-14 13:32:40.691  3204  3206 D dalvikvm: GC_CONCURRENT freed 449K, 32% free 10732K/15751K, paused 3ms+5ms
06-14 13:32:44.800   141   144 D dalvikvm: GC_CONCURRENT freed 1338K, 19% free 14740K/18119K, paused 2ms+9ms
06-14 13:32:44.883  3204  3206 D dalvikvm: GC_CONCURRENT freed 445K, 32% free 10734K/15751K, paused 2ms+4ms
06-14 13:32:49.082  3204  3206 D dalvikvm: GC_CONCURRENT freed 452K, 32% free 10732K/15751K, paused 2ms+4ms
06-14 13:32:51.816   141   144 D dalvikvm: GC_CONCURRENT freed 1336K, 19% free 14742K/18119K, paused 4ms+9ms
06-14 13:32:53.297  3204  3206 D dalvikvm: GC_CONCURRENT freed 450K, 32% free 10733K/15751K, paused 2ms+2ms
06-14 13:32:57.164   217   219 D dalvikvm: GC_CONCURRENT freed 441K, 13% free 10000K/11463K, paused 2ms+10ms
06-14 13:32:57.504  3204  3206 D dalvikvm: GC_CONCURRENT freed 451K, 32% free 10731K/15751K, paused 2ms+7ms
06-14 13:32:58.824   141   144 D dalvikvm: GC_CONCURRENT freed 1337K, 19% free 14741K/18119K, paused 3ms+5ms
06-14 13:33:01.711  3204  3206 D dalvikvm: GC_CONCURRENT freed 449K, 32% free 10732K/15751K, paused 3ms+5ms
06-14 13:33:05.711   141   144 D dalvikvm: GC_CONCURRENT freed 1335K, 19% free 14742K/18119K, paused 3ms+7ms
06-14 13:33:05.906  3204  3206 D dalvikvm: GC_CONCURRENT freed 450K, 32% free 10731K/15751K, paused 3ms+5ms
06-14 13:33:08.152   547  1277 I PhoneLab-: Service Running
06-14 13:33:08.246   547  1277 I PhoneLab-LoggerService: app_38    1287  547   1428   1060  c00f181c 400107b4 S logcat
06-14 13:33:08.246   547  1277 I PhoneLab-LoggerService: Logcat pid from database 1287
06-14 13:33:08.246   547  1277 I PhoneLab-LoggerService: Logcat process found 1287
06-14 13:33:08.246   547  1277 I PhoneLab-LoggerService: Checking Threshold
06-14 13:33:10.097  3204  3206 D dalvikvm: GC_CONCURRENT freed 449K, 32% free 10732K/15751K, paused 3ms+3ms
06-14 13:33:12.699   141   144 D dalvikvm: GC_CONCURRENT freed 1340K, 19% free 14741K/18119K, paused 4ms+7ms
06-14 13:33:14.308  3204  3206 D dalvikvm: GC_CONCURRENT freed 450K, 32% free 10732K/15751K, paused 2ms+7ms
06-14 13:33:18.488  3204  3206 D dalvikvm: GC_CONCURRENT freed 449K, 32% free 10732K/15751K, paused 3ms+3ms
06-14 13:33:19.640   141   144 D dalvikvm: GC_CONCURRENT freed 1333K, 19% free 14744K/18119K, paused 3ms+6ms
06-14 13:33:22.675  3204  3206 D dalvikvm: GC_CONCURRENT freed 451K, 32% free 10732K/15751K, paused 2ms+5ms
06-14 13:33:24.078   547   547 I PhoneLab-Locks: wake lock acquired
06-14 13:33:24.086   547   547 I PhoneLab-StatusMonitor: Status Monitoring is started
06-14 13:33:24.164   547   548 D dalvikvm: GC_CONCURRENT freed 445K, 17% free 9250K/11079K, paused 2ms+6ms
06-14 13:33:24.199   547   547 I PhoneLab-StatusMonitor: Value: 10 - unit: min
06-14 13:33:24.203   547   547 I PhoneLab-StatusMonitor: Running interval: 600000
06-14 13:33:24.207   547   547 I PhoneLab-StatusMonitor: Rescheduling status monitoring...
06-14 13:33:24.211   547   547 I PhoneLab-Locks: wake lock released
06-14 13:33:24.222   547   547 I PhoneLab-StatusMonitorLocation: Learning Location
06-14 13:33:24.222   547   547 I PhoneLab-Locks: wake lock acquired
06-14 13:33:24.230   547   547 I PhoneLab-Locks: wake lock acquired
06-14 13:33:24.230   303   575 D androidNetworkLocationListeners: Still have listener com.google.android.location.internal.client.NetworkLocationClient$1@4138edc0
06-14 13:33:24.242   547   547 I PhoneLab-StatusMonitorLocation: Learning Signal Strgth
06-14 13:33:24.242   547   547 I PhoneLab-Locks: wake lock acquired
06-14 13:33:24.261   303   575 D androidNetworkLocationListeners: Still have listener com.google.android.location.internal.client.NetworkLocationClient$1@4138edc0
06-14 13:33:24.297   547   547 I PhoneLab-StatusMonitorBattery: Battery_level: 75
06-14 13:33:24.297   547   547 I PhoneLab-Locks: wake lock released
06-14 13:33:24.308   547   547 I PhoneLab-StatusMonitorSignal: Signal_Strength: -76 asu: 19
06-14 13:33:24.308   547   547 I PhoneLab-Locks: wake lock released
06-14 13:33:25.613   547   547 I PhoneLab-StatusMonitorLocation: Location_Latitude: 42.9552588 Longitude: -78.8288738 Accuracy: 36.0
06-14 13:33:25.617   547   547 I PhoneLab-Locks: wake lock released
06-14 13:33:25.617   303   575 D androidNetworkLocationListeners: Still have listener com.google.android.location.internal.client.NetworkLocationClient$1@4138edc0
06-14 13:33:26.129   141   144 D dalvikvm: GC_CONCURRENT freed 1329K, 19% free 14754K/18119K, paused 3ms+8ms
06-14 13:33:26.914  3204  3206 D dalvikvm: GC_CONCURRENT freed 452K, 32% free 10733K/15751K, paused 2ms+3ms
06-14 13:33:27.144   303   305 D dalvikvm: GC_CONCURRENT freed 473K, 7% free 10409K/11143K, paused 5ms+4ms
06-14 13:33:29.961   141   177 I ActivityManager: START {act=android.intent.action.MAIN cat=[android.intent.category.HOME] flg=0x10200000 cmp=com.android.launcher/com.android.launcher2.Launcher} from pid 141
06-14 13:33:30.129   141   178 I InputReader: Reconfiguring input devices.  changes=0x00000004
06-14 13:33:30.129   141   178 I InputReader: Device reconfigured: id=7, name='mxt224_ts_input', surface size is now 480x800, mode is 1
06-14 13:33:30.156   141   483 I ActivityManager: Config changed: {1.0 310mcc120mnc en_US layoutdir=0 sw320dp w320dp h508dp nrml long port finger -keyb/v/h -nav/h s.12}
06-14 13:33:30.250  3204  3204 I halfbrick.Mortar: Touch has lost focus
06-14 13:33:30.418  3204  3204 W IInputConnectionWrapper: showStatusIcon on inactive InputConnection
06-14 13:33:30.418   141   483 W InputManagerService: Starting input on non-focused client com.android.internal.view.IInputMethodClient$Stub$Proxy@4167ea48 (uid=10062 pid=3204)
06-14 13:33:32.437   141   172 D dalvikvm: GC_EXPLICIT freed 960K, 19% free 14757K/18119K, paused 16ms+6ms
06-14 13:33:33.070    82   126 D AudioHardware: AudioHardware pcm playback is going to standby.
06-14 13:33:33.074    82   126 D AudioHardware: closePcmOut_l() mPcmOpenCnt: 1
06-14 13:33:36.203  3204  3206 D dalvikvm: GC_CONCURRENT freed 429K, 32% free 10779K/15751K, paused 8ms+3ms
06-14 13:34:30.351   141   169 I power   : *** set_screen_state 0
06-14 13:34:30.390   141   178 I InputReader: Dropping key up from device cypress-touchkey because the key was not down.  keyCode=4, scanCode=158
06-14 13:34:30.406    79   119 D SurfaceFlinger: About to give-up screen, flinger = 0x1464918
06-14 13:34:30.480   371   673 D NfcService: NFC-C OFF, disconnect
06-14 13:34:30.586  1058  1320 D dalvikvm: GC_EXPLICIT freed 85K, 6% free 10510K/11143K, paused 9ms+3ms
06-14 13:34:35.488   141   173 V TransportControlView: Create TCV com.android.internal.widget.TransportControlView@413358c8
06-14 13:34:35.519   217   217 D PhoneStatusBar: disable: < expand icons alerts ticker system_info back home RECENT* clock >
06-14 13:34:35.550   217   217 D PhoneStatusBar: disable: < expand icons alerts ticker system_info BACK* HOME* RECENT CLOCK* >
06-14 13:35:08.152   547  1277 I PhoneLab-: Service Running
06-14 13:35:08.222   547  1277 I PhoneLab-LoggerService: app_38    1287  547   1428   1060  c00f181c 400107b4 S logcat
06-14 13:35:08.222   547  1277 I PhoneLab-LoggerService: Logcat pid from database 1287
06-14 13:35:08.222   547  1277 I PhoneLab-LoggerService: Logcat process found 1287
06-14 13:35:08.222   547  1277 I PhoneLab-LoggerService: Checking Threshold
06-14 13:37:07.769   141   144 D dalvikvm: GC_CONCURRENT freed 463K, 14% free 15652K/18119K, paused 7ms+6ms
06-14 13:37:08.152   547  1277 I PhoneLab-: Service Running
06-14 13:37:08.246   547  1277 I PhoneLab-LoggerService: app_38    1287  547   1428   1060  c00f181c 400107b4 S logcat
06-14 13:37:08.246   547  1277 I PhoneLab-LoggerService: Logcat pid from database 1287
06-14 13:37:08.246   547  1277 I PhoneLab-LoggerService: Logcat process found 1287
06-14 13:37:08.246   547  1277 I PhoneLab-LoggerService: Checking Threshold
06-14 13:39:08.152   547  1277 I PhoneLab-: Service Running
06-14 13:39:08.234   547   548 D dalvikvm: GC_CONCURRENT freed 444K, 17% free 9222K/11079K, paused 1ms+1ms
06-14 13:39:08.238   547  1277 I PhoneLab-LoggerService: app_38    1287  547   1428   1060  c00f181c 400107b4 S logcat
06-14 13:39:08.238   547  1277 I PhoneLab-LoggerService: Logcat pid from database 1287
06-14 13:39:08.246   547  1277 I PhoneLab-LoggerService: Logcat process found 1287
06-14 13:39:08.246   547  1277 I PhoneLab-LoggerService: Checking Threshold
06-14 13:41:08.152   547  1277 I PhoneLab-: Service Running
06-14 13:41:08.230   547  1277 I PhoneLab-LoggerService: app_38    1287  547   1428   1060  c00f181c 400107b4 S logcat
06-14 13:41:08.230   547  1277 I PhoneLab-LoggerService: Logcat pid from database 1287
06-14 13:41:08.230   547  1277 I PhoneLab-LoggerService: Logcat process found 1287
06-14 13:41:08.230   547  1277 I PhoneLab-LoggerService: Checking Threshold
06-14 13:43:08.152   547  1277 I PhoneLab-: Service Running
06-14 13:43:08.222   547  1277 I PhoneLab-LoggerService: app_38    1287  547   1428   1060  c00f181c 400107b4 S logcat
06-14 13:43:08.222   547  1277 I PhoneLab-LoggerService: Logcat pid from database 1287
06-14 13:43:08.222   547  1277 I PhoneLab-LoggerService: Logcat process found 1287
06-14 13:43:08.222   547  1277 I PhoneLab-LoggerService: Checking Threshold
06-14 13:43:16.398  1058  1058 D dalvikvm: GC_EXPLICIT freed 99K, 6% free 10516K/11143K, paused 2ms+2ms
06-14 13:43:24.230   547   547 I PhoneLab-Locks: wake lock acquired
06-14 13:43:24.324   141   408 D dalvikvm: GC_EXPLICIT freed 326K, 14% free 15645K/18119K, paused 12ms+6ms
06-14 13:43:24.328   547   547 I PhoneLab-StatusMonitor: Status Monitoring is started
06-14 13:43:24.375   547   548 D dalvikvm: GC_CONCURRENT freed 474K, 17% free 9251K/11079K, paused 2ms+2ms
06-14 13:43:24.383   547   547 I PhoneLab-StatusMonitor: Value: 10 - unit: min
06-14 13:43:24.383   547   547 I PhoneLab-StatusMonitor: Running interval: 600000
06-14 13:43:24.390   547   547 I PhoneLab-StatusMonitor: Rescheduling status monitoring...
06-14 13:43:24.394   547   547 I PhoneLab-Locks: wake lock released
06-14 13:43:24.398   547   547 I PhoneLab-StatusMonitorLocation: Learning Location
06-14 13:43:24.398   547   547 I PhoneLab-Locks: wake lock acquired
06-14 13:43:24.402   547   547 I PhoneLab-Locks: wake lock acquired
06-14 13:43:24.402   303   575 D androidNetworkLocationListeners: Still have listener com.google.android.location.internal.client.NetworkLocationClient$1@4138edc0
06-14 13:43:24.406   547   547 I PhoneLab-StatusMonitorLocation: Learning Signal Strgth
06-14 13:43:24.406   547   547 I PhoneLab-Locks: wake lock acquired
06-14 13:43:24.414   303   575 D androidNetworkLocationListeners: Still have listener com.google.android.location.internal.client.NetworkLocationClient$1@4138edc0
06-14 13:43:24.414   547   547 I PhoneLab-StatusMonitorBattery: Battery_level: 74
06-14 13:43:24.414   547   547 I PhoneLab-Locks: wake lock released
06-14 13:43:24.422   547   547 I PhoneLab-StatusMonitorSignal: Signal_Strength: -76 asu: 19
06-14 13:43:24.422   547   547 I PhoneLab-Locks: wake lock released
06-14 13:43:25.687   547   547 I PhoneLab-StatusMonitorLocation: Location_Latitude: 42.955315 Longitude: -78.8289265 Accuracy: 36.0
06-14 13:43:25.687   303   575 D androidNetworkLocationListeners: Still have listener com.google.android.location.internal.client.NetworkLocationClient$1@4138edc0
06-14 13:43:25.687   547   547 I PhoneLab-Locks: wake lock released
06-14 13:43:27.004   303   305 D dalvikvm: GC_CONCURRENT freed 498K, 7% free 10409K/11143K, paused 2ms+3ms
06-14 13:44:45.633   217   219 D dalvikvm: GC_CONCURRENT freed 497K, 14% free 9925K/11463K, paused 2ms+19ms
06-14 13:44:45.660   141  9026 I AudioService:  AudioFocus  requestAudioFocus() from android.media.AudioManager@4151fea0
06-14 13:44:45.675    82   126 D AudioHardware: AudioHardware pcm playback is exiting standby.
06-14 13:44:45.675    82   126 D AudioHardware: openPcmOut_l() mPcmOpenCnt: 0
06-14 13:44:45.816   217   219 D dalvikvm: GC_CONCURRENT freed 221K, 11% free 10204K/11463K, paused 1ms+2ms
06-14 13:44:46.008   217   217 D dalvikvm: GC_FOR_ALLOC freed 558K, 13% free 10014K/11463K, paused 32ms
06-14 13:44:47.558   141  9026 I AudioService:  AudioFocus  abandonAudioFocus() from android.media.AudioManager@4151fea0
06-14 13:44:50.644    82   126 D AudioHardware: AudioHardware pcm playback is going to standby.
06-14 13:44:50.648    82   126 D AudioHardware: closePcmOut_l() mPcmOpenCnt: 1
06-14 13:44:51.961   141  9033 I AudioService:  AudioFocus  abandonAudioFocus() from android.media.AudioManager@4151fea0
06-14 13:44:52.027   217   219 D dalvikvm: GC_CONCURRENT freed 330K, 12% free 10125K/11463K, paused 2ms+2ms
06-14 13:44:52.093   217   219 D dalvikvm: GC_CONCURRENT freed 473K, 12% free 10149K/11463K, paused 2ms+2ms
06-14 13:45:08.152   547  1277 I PhoneLab-: Service Running
06-14 13:45:08.222   547  1277 I PhoneLab-LoggerService: app_38    1287  547   1428   1060  c00f181c 400107b4 S logcat
06-14 13:45:08.222   547  1277 I PhoneLab-LoggerService: Logcat pid from database 1287
06-14 13:45:08.222   547  1277 I PhoneLab-LoggerService: Logcat process found 1287
06-14 13:45:08.222   547  1277 I PhoneLab-LoggerService: Checking Threshold
06-14 13:47:08.152   547  1277 I PhoneLab-: Service Running
06-14 13:47:08.222   547  1277 I PhoneLab-LoggerService: app_38    1287  547   1428   1060  c00f181c 400107b4 S logcat
06-14 13:47:08.222   547  1277 I PhoneLab-LoggerService: Logcat pid from database 1287
06-14 13:47:08.222   547  1277 I PhoneLab-LoggerService: Logcat process found 1287
06-14 13:47:08.222   547  1277 I PhoneLab-LoggerService: Checking Threshold
06-14 13:49:08.152   547  1277 I PhoneLab-: Service Running
06-14 13:49:08.222   547  1277 I PhoneLab-LoggerService: app_38    1287  547   1428   1060  c00f181c 400107b4 S logcat
06-14 13:49:08.222   547  1277 I PhoneLab-LoggerService: Logcat pid from database 1287
06-14 13:49:08.222   547  1277 I PhoneLab-LoggerService: Logcat process found 1287
06-14 13:49:08.222   547  1277 I PhoneLab-LoggerService: Checking Threshold
06-14 13:51:08.152   547  1277 I PhoneLab-: Service Running
06-14 13:51:08.222   547  1277 I PhoneLab-LoggerService: app_38    1287  547   1428   1060  c00f181c 400107b4 S logcat
06-14 13:51:08.222   547  1277 I PhoneLab-LoggerService: Logcat pid from database 1287
06-14 13:51:08.222   547  1277 I PhoneLab-LoggerService: Logcat process found 1287
06-14 13:51:08.222   547  1277 I PhoneLab-LoggerService: Checking Threshold
06-14 13:53:08.152   547  1277 I PhoneLab-: Service Running
06-14 13:53:08.230   547  1277 I PhoneLab-LoggerService: app_38    1287  547   1428   1060  c00f181c 400107b4 S logcat
06-14 13:53:08.230   547  1277 I PhoneLab-LoggerService: Logcat pid from database 1287
06-14 13:53:08.230   547  1277 I PhoneLab-LoggerService: Logcat process found 1287
06-14 13:53:08.230   547  1277 I PhoneLab-LoggerService: Checking Threshold
06-14 13:53:08.238   547   548 D dalvikvm: GC_CONCURRENT freed 433K, 17% free 9213K/11079K, paused 2ms+1ms
06-14 13:53:11.336   303  1146 I EventLogService: Aggregate from 1339694591174 (log), 1339694591174 (data)
06-14 13:53:12.465   547   547 I PhoneLab-Locks: wake lock acquired
06-14 13:53:12.492   547  9040 I PhoneLab-PeriodicCheckService: User info is synched
06-14 13:53:12.496   547  9040 I PhoneLab-PeriodicCheckService: Logger Service is running
06-14 13:53:12.496   547  9040 I PhoneLab-Locks: wake lock acquired
06-14 13:53:12.496   547   547 I PhoneLab-UploadLogs: Transfering log files now
06-14 13:53:12.496   547   547 I PhoneLab-UploadLogs: No log files to transfer
06-14 13:53:12.496   547   547 I PhoneLab-Locks: wake lock released
06-14 13:53:12.500   547   547 I PhoneLab-UploadLogs: OnStartCommand
06-14 13:53:12.500   547  9040 I PhoneLab-PeriodicCheckService: Rescheduling periodic checking...
06-14 13:53:12.500   547  9040 I PhoneLab-Locks: wake lock released
06-14 13:53:24.410   547   547 I PhoneLab-Locks: wake lock acquired
06-14 13:53:24.449   547   547 I PhoneLab-StatusMonitor: Status Monitoring is started
06-14 13:53:24.496   547   548 D dalvikvm: GC_CONCURRENT freed 383K, 16% free 9340K/11079K, paused 1ms+2ms
06-14 13:53:24.500   547   547 I PhoneLab-StatusMonitor: Value: 10 - unit: min
06-14 13:53:24.500   547   547 I PhoneLab-StatusMonitor: Running interval: 600000
06-14 13:53:24.504   547   547 I PhoneLab-StatusMonitor: Rescheduling status monitoring...
06-14 13:53:24.508   547   547 I PhoneLab-Locks: wake lock released
06-14 13:53:24.511   547   547 I PhoneLab-StatusMonitorLocation: Learning Location
06-14 13:53:24.511   547   547 I PhoneLab-Locks: wake lock acquired
06-14 13:53:24.511   547   547 I PhoneLab-Locks: wake lock acquired
06-14 13:53:24.515   303   575 D androidNetworkLocationListeners: Still have listener com.google.android.location.internal.client.NetworkLocationClient$1@4138edc0
06-14 13:53:24.523   547   547 I PhoneLab-StatusMonitorLocation: Learning Signal Strgth
06-14 13:53:24.523   547   547 I PhoneLab-Locks: wake lock acquired
06-14 13:53:24.531   303   575 D androidNetworkLocationListeners: Still have listener com.google.android.location.internal.client.NetworkLocationClient$1@4138edc0
06-14 13:53:24.531   547   547 I PhoneLab-StatusMonitorBattery: Battery_level: 73
06-14 13:53:24.535   547   547 I PhoneLab-Locks: wake lock released
06-14 13:53:24.539   547   547 I PhoneLab-StatusMonitorSignal: Signal_Strength: -76 asu: 19
06-14 13:53:24.539   547   547 I PhoneLab-Locks: wake lock released
06-14 13:53:25.836   547   547 I PhoneLab-StatusMonitorLocation: Location_Latitude: 42.9552963 Longitude: -78.8289201 Accuracy: 33.0
06-14 13:53:25.836   303   575 D androidNetworkLocationListeners: Still have listener com.google.android.location.internal.client.NetworkLocationClient$1@4138edc0
06-14 13:53:25.836   547   547 I PhoneLab-Locks: wake lock released
06-14 13:53:25.859   303   305 D dalvikvm: GC_CONCURRENT freed 471K, 7% free 10431K/11143K, paused 2ms+3ms
06-14 13:55:08.152   547  1277 I PhoneLab-: Service Running
06-14 13:55:08.222   547  1277 I PhoneLab-LoggerService: app_38    1287  547   1428   1060  c00f181c 400107b4 S logcat
06-14 13:55:08.222   547  1277 I PhoneLab-LoggerService: Logcat pid from database 1287
06-14 13:55:08.222   547  1277 I PhoneLab-LoggerService: Logcat process found 1287
06-14 13:55:08.222   547  1277 I PhoneLab-LoggerService: Checking Threshold
06-14 13:57:08.152   547  1277 I PhoneLab-: Service Running
06-14 13:57:08.250   547  1277 I PhoneLab-LoggerService: app_38    1287  547   1428   1060  c00f181c 400107b4 S logcat
06-14 13:57:08.250   547  1277 I PhoneLab-LoggerService: Logcat pid from database 1287
06-14 13:57:08.250   547  1277 I PhoneLab-LoggerService: Logcat process found 1287
06-14 13:57:08.250   547  1277 I PhoneLab-LoggerService: Checking Threshold
06-14 13:58:32.504  2449  2451 D dalvikvm: GC_CONCURRENT freed 363K, 9% free 10027K/10951K, paused 1ms+3ms
06-14 13:59:08.152   547  1277 I PhoneLab-: Service Running
06-14 13:59:08.242   547  1277 I PhoneLab-LoggerService: app_38    1287  547   1428   1060  c00f181c 400107b4 S logcat
06-14 13:59:08.242   547  1277 I PhoneLab-LoggerService: Logcat pid from database 1287
06-14 13:59:08.242   547  1277 I PhoneLab-LoggerService: Logcat process found 1287
06-14 13:59:08.242   547  1277 I PhoneLab-LoggerService: Checking Threshold
06-14 14:01:08.152   547  1277 I PhoneLab-: Service Running
06-14 14:01:08.222   547  1277 I PhoneLab-LoggerService: app_38    1287  547   1428   1060  c00f181c 400107b4 S logcat
06-14 14:01:08.222   547  1277 I PhoneLab-LoggerService: Logcat pid from database 1287
06-14 14:01:08.222   547  1277 I PhoneLab-LoggerService: Logcat process found 1287
06-14 14:01:08.222   547  1277 I PhoneLab-LoggerService: Checking Threshold
06-14 14:03:00.097   217   219 D dalvikvm: GC_CONCURRENT freed 642K, 14% free 9891K/11463K, paused 2ms+3ms
06-14 14:03:08.152   547  1277 I PhoneLab-: Service Running
06-14 14:03:08.222   547  1277 I PhoneLab-LoggerService: app_38    1287  547   1428   1060  c00f181c 400107b4 S logcat
06-14 14:03:08.222   547  1277 I PhoneLab-LoggerService: Logcat pid from database 1287
06-14 14:03:08.222   547  1277 I PhoneLab-LoggerService: Logcat process found 1287
06-14 14:03:08.222   547  1277 I PhoneLab-LoggerService: Checking Threshold
06-14 14:03:24.535   547   547 I PhoneLab-Locks: wake lock acquired
06-14 14:03:24.554   547   547 I PhoneLab-StatusMonitor: Status Monitoring is started
06-14 14:03:24.593   547   548 D dalvikvm: GC_CONCURRENT freed 598K, 17% free 9253K/11079K, paused 2ms+3ms
06-14 14:03:24.613   547   547 I PhoneLab-StatusMonitor: Value: 10 - unit: min
06-14 14:03:24.613   547   547 I PhoneLab-StatusMonitor: Running interval: 600000
06-14 14:03:24.617   547   547 I PhoneLab-StatusMonitor: Rescheduling status monitoring...
06-14 14:03:24.621   547   547 I PhoneLab-Locks: wake lock released
06-14 14:03:24.625   547   547 I PhoneLab-StatusMonitorLocation: Learning Location
06-14 14:03:24.625   547   547 I PhoneLab-Locks: wake lock acquired
06-14 14:03:24.625   547   547 I PhoneLab-Locks: wake lock acquired
06-14 14:03:24.629   303   575 D androidNetworkLocationListeners: Still have listener com.google.android.location.internal.client.NetworkLocationClient$1@4138edc0
06-14 14:03:24.633   547   547 I PhoneLab-StatusMonitorLocation: Learning Signal Strgth
06-14 14:03:24.633   547   547 I PhoneLab-Locks: wake lock acquired
06-14 14:03:24.636   303   575 D androidNetworkLocationListeners: Still have listener com.google.android.location.internal.client.NetworkLocationClient$1@4138edc0
06-14 14:03:24.644   547   547 I PhoneLab-StatusMonitorBattery: Battery_level: 72
06-14 14:03:24.644   547   547 I PhoneLab-Locks: wake lock released
06-14 14:03:24.648   547   547 I PhoneLab-StatusMonitorSignal: Signal_Strength: -86 asu: 14
06-14 14:03:24.648   547   547 I PhoneLab-Locks: wake lock released
06-14 14:03:25.922   547   547 I PhoneLab-StatusMonitorLocation: Location_Latitude: 42.9553157 Longitude: -78.8289284 Accuracy: 34.0
06-14 14:03:25.922   303   575 D androidNetworkLocationListeners: Still have listener com.google.android.location.internal.client.NetworkLocationClient$1@4138edc0
06-14 14:03:25.922   547   547 I PhoneLab-Locks: wake lock released
06-14 14:03:25.945   303   305 D dalvikvm: GC_CONCURRENT freed 495K, 7% free 10416K/11143K, paused 2ms+4ms
06-14 14:03:36.168  3204  3206 D dalvikvm: GC_CONCURRENT freed 414K, 32% free 10840K/15751K, paused 2ms+3ms
06-14 14:04:50.379  1058  1060 D dalvikvm: GC_CONCURRENT freed 390K, 6% free 10509K/11143K, paused 15ms+2ms
06-14 14:05:08.152   547  1277 I PhoneLab-: Service Running
06-14 14:05:08.222   547  1277 I PhoneLab-LoggerService: app_38    1287  547   1428   1060  c00f181c 400107b4 S logcat
06-14 14:05:08.222   547  1277 I PhoneLab-LoggerService: Logcat pid from database 1287
06-14 14:05:08.222   547  1277 I PhoneLab-LoggerService: Logcat process found 1287
06-14 14:05:08.222   547  1277 I PhoneLab-LoggerService: Checking Threshold
06-14 14:07:08.152   547  1277 I PhoneLab-: Service Running
06-14 14:07:08.234   547  1277 I PhoneLab-LoggerService: app_38    1287  547   1428   1060  c00f181c 400107b4 S logcat
06-14 14:07:08.234   547  1277 I PhoneLab-LoggerService: Logcat pid from database 1287
06-14 14:07:08.234   547  1277 I PhoneLab-LoggerService: Logcat process found 1287
06-14 14:07:08.234   547  1277 I PhoneLab-LoggerService: Checking Threshold
06-14 14:07:08.238   547   548 D dalvikvm: GC_CONCURRENT freed 455K, 17% free 9218K/11079K, paused 1ms+1ms
06-14 14:08:00.144   141   144 D dalvikvm: GC_CONCURRENT freed 1478K, 14% free 15703K/18119K, paused 3ms+6ms
06-14 14:09:08.152   547  1277 I PhoneLab-: Service Running
06-14 14:09:08.222   547  1277 I PhoneLab-LoggerService: app_38    1287  547   1428   1060  c00f181c 400107b4 S logcat
06-14 14:09:08.222   547  1277 I PhoneLab-LoggerService: Logcat pid from database 1287
06-14 14:09:08.222   547  1277 I PhoneLab-LoggerService: Logcat process found 1287
06-14 14:09:08.222   547  1277 I PhoneLab-LoggerService: Checking Threshold
06-14 14:09:55.968  1229  9060 I Gmail   : MainSyncRequestProto: lowestBkwdConvoId: 0, highestHandledServerOp: 1067010, normalSync: true
06-14 14:09:58.113  1229  1231 D dalvikvm: GC_CONCURRENT freed 538K, 12% free 11133K/12615K, paused 7ms+4ms
06-14 14:09:58.242  1229  9060 D dalvikvm: GC_EXPLICIT freed 258K, 13% free 11058K/12615K, paused 3ms+5ms
06-14 14:09:58.324  1229  9060 I Gmail   : MainSyncRequestProto: lowestBkwdConvoId: 0, highestHandledServerOp: 1067145, normalSync: true
06-14 14:09:59.578  1229  9060 D dalvikvm: GC_EXPLICIT freed 173K, 13% free 11084K/12615K, paused 4ms+3ms
06-14 14:09:59.582  1229  9060 I Gmail   : MainSyncRequestProto: lowestBkwdConvoId: 0, highestHandledServerOp: 1067148, normalSync: true
06-14 14:09:59.593  1229  9060 W Gmail   : Scheduling index for 300000 ms from now
06-14 14:09:59.617  1229  9060 I Gmail   : Sending notification intent: Intent { act=android.intent.action.PROVIDER_CHANGED dat=content://gmail-ls/unread/^i (has extras) }
06-14 14:09:59.664  1229  9060 I Gmail   : Sending notification intent: Intent { act=android.intent.action.PROVIDER_CHANGED dat=content://gmail-ls/unread/^iim (has extras) }
06-14 14:09:59.672  1229  9065 W Gmail   : Showing notification with unreadCount of 1202 and unseenCount of 1
06-14 14:09:59.801   141  9067 I AudioService:  AudioFocus  requestAudioFocus() from android.media.AudioManager@4151fea0
06-14 14:09:59.820    82   126 D AudioHardware: AudioHardware pcm playback is exiting standby.
06-14 14:09:59.820    82   126 D AudioHardware: openPcmOut_l() mPcmOpenCnt: 0
06-14 14:09:59.945  1229  9072 I Gmail   : MainSyncRequestProto: lowestBkwdConvoId: 0, highestHandledServerOp: 1067148, normalSync: true
06-14 14:09:59.980   217   219 D dalvikvm: GC_CONCURRENT freed 117K, 11% free 10207K/11463K, paused 2ms+3ms
06-14 14:10:00.160   217   217 D dalvikvm: GC_FOR_ALLOC freed 526K, 13% free 10018K/11463K, paused 17ms
06-14 14:10:00.859  1229  9072 D dalvikvm: GC_EXPLICIT freed 274K, 12% free 11104K/12615K, paused 2ms+3ms
06-14 14:10:00.863  1229  9072 I Gmail   : MainSyncRequestProto: lowestBkwdConvoId: 0, highestHandledServerOp: 1067148, normalSync: true
06-14 14:10:00.875  1229  9072 W Gmail   : Scheduling index for 300000 ms from now
06-14 14:10:01.703   141  9067 I AudioService:  AudioFocus  abandonAudioFocus() from android.media.AudioManager@4151fea0
06-14 14:10:04.789    82   126 D AudioHardware: AudioHardware pcm playback is going to standby.
06-14 14:10:04.793    82   126 D AudioHardware: closePcmOut_l() mPcmOpenCnt: 1
06-14 14:11:01.011  1229  9074 I Gmail   : MainSyncRequestProto: lowestBkwdConvoId: 0, highestHandledServerOp: 1067148, normalSync: true
06-14 14:11:01.691  1229  1231 D dalvikvm: GC_CONCURRENT freed 578K, 12% free 11103K/12615K, paused 2ms+4ms
06-14 14:11:01.758  1229  9074 D dalvikvm: GC_EXPLICIT freed 53K, 13% free 11061K/12615K, paused 2ms+4ms
06-14 14:11:01.765  1229  9074 I Gmail   : MainSyncRequestProto: lowestBkwdConvoId: 0, highestHandledServerOp: 1067179, normalSync: true
06-14 14:11:01.773  1229  9074 W Gmail   : Scheduling index for 300000 ms from now
06-14 14:11:01.804  1229  9074 I Gmail   : Sending notification intent: Intent { act=android.intent.action.PROVIDER_CHANGED dat=content://gmail-ls/unread/^i (has extras) }
06-14 14:11:01.843  1229  9074 I Gmail   : Sending notification intent: Intent { act=android.intent.action.PROVIDER_CHANGED dat=content://gmail-ls/unread/^iim (has extras) }
06-14 14:11:01.898  1229  1242 D dalvikvm: GC_EXPLICIT freed 134K, 13% free 11086K/12615K, paused 3ms+4ms
06-14 14:11:08.152   547  1277 I PhoneLab-: Service Running
06-14 14:11:08.222   547  1277 I PhoneLab-LoggerService: app_38    1287  547   1428   1060  c00f181c 400107b4 S logcat
06-14 14:11:08.222   547  1277 I PhoneLab-LoggerService: Logcat pid from database 1287
06-14 14:11:08.222   547  1277 I PhoneLab-LoggerService: Logcat process found 1287
06-14 14:11:08.222   547  1277 I PhoneLab-LoggerService: Checking Threshold
06-14 14:13:08.152   547  1277 I PhoneLab-: Service Running
06-14 14:13:08.222   547  1277 I PhoneLab-LoggerService: app_38    1287  547   1428   1060  c00f181c 400107b4 S logcat
06-14 14:13:08.222   547  1277 I PhoneLab-LoggerService: Logcat pid from database 1287
06-14 14:13:08.222   547  1277 I PhoneLab-LoggerService: Logcat process found 1287
06-14 14:13:08.222   547  1277 I PhoneLab-LoggerService: Checking Threshold
06-14 14:13:24.660   547   547 I PhoneLab-Locks: wake lock acquired
06-14 14:13:24.683   547   547 I PhoneLab-StatusMonitor: Status Monitoring is started
06-14 14:13:24.734   547   548 D dalvikvm: GC_CONCURRENT freed 461K, 17% free 9269K/11079K, paused 2ms+2ms
06-14 14:13:24.742   547   547 I PhoneLab-StatusMonitor: Value: 10 - unit: min
06-14 14:13:24.742   547   547 I PhoneLab-StatusMonitor: Running interval: 600000
06-14 14:13:24.754   547   547 I PhoneLab-StatusMonitor: Rescheduling status monitoring...
06-14 14:13:24.758   547   547 I PhoneLab-Locks: wake lock released
06-14 14:13:24.761   547   547 I PhoneLab-StatusMonitorLocation: Learning Location
06-14 14:13:24.761   547   547 I PhoneLab-Locks: wake lock acquired
06-14 14:13:24.765   547   547 I PhoneLab-Locks: wake lock acquired
06-14 14:13:24.765   303   575 D androidNetworkLocationListeners: Still have listener com.google.android.location.internal.client.NetworkLocationClient$1@4138edc0
06-14 14:13:24.765   547   547 I PhoneLab-StatusMonitorLocation: Learning Signal Strgth
06-14 14:13:24.769   547   547 I PhoneLab-Locks: wake lock acquired
06-14 14:13:24.777   303   575 D androidNetworkLocationListeners: Still have listener com.google.android.location.internal.client.NetworkLocationClient$1@4138edc0
06-14 14:13:24.777   547   547 I PhoneLab-StatusMonitorBattery: Battery_level: 71
06-14 14:13:24.777   547   547 I PhoneLab-Locks: wake lock released
06-14 14:13:24.781   547   547 I PhoneLab-StatusMonitorSignal: Signal_Strength: -76 asu: 19
06-14 14:13:24.781   547   547 I PhoneLab-Locks: wake lock released
06-14 14:13:26.070   303   305 D dalvikvm: GC_CONCURRENT freed 492K, 7% free 10436K/11143K, paused 2ms+3ms
06-14 14:13:26.086   547   547 I PhoneLab-StatusMonitorLocation: Location_Latitude: 42.9553138 Longitude: -78.8289281 Accuracy: 43.0
06-14 14:13:26.086   303   575 D androidNetworkLocationListeners: Still have listener com.google.android.location.internal.client.NetworkLocationClient$1@4138edc0
06-14 14:13:26.086   547   547 I PhoneLab-Locks: wake lock released
06-14 14:15:08.152   547  1277 I PhoneLab-: Service Running
06-14 14:15:08.222   547  1277 I PhoneLab-LoggerService: app_38    1287  547   1428   1060  c00f181c 400107b4 S logcat
06-14 14:15:08.222   547  1277 I PhoneLab-LoggerService: Logcat pid from database 1287
06-14 14:15:08.222   547  1277 I PhoneLab-LoggerService: Logcat process found 1287
06-14 14:15:08.222   547  1277 I PhoneLab-LoggerService: Checking Threshold
06-14 14:17:07.301   141   364 D dalvikvm: GC_EXPLICIT freed 1132K, 14% free 15709K/18119K, paused 21ms+7ms
06-14 14:17:08.152   547  1277 I PhoneLab-: Service Running
06-14 14:17:08.218   547  1277 I PhoneLab-LoggerService: app_38    1287  547   1428   1060  c00f181c 400107b4 S logcat
06-14 14:17:08.218   547  1277 I PhoneLab-LoggerService: Logcat pid from database 1287
06-14 14:17:08.218   547  1277 I PhoneLab-LoggerService: Logcat process found 1287
06-14 14:17:08.218   547  1277 I PhoneLab-LoggerService: Checking Threshold
06-14 14:19:08.152   547  1277 I PhoneLab-: Service Running
06-14 14:19:08.222   547  1277 I PhoneLab-LoggerService: app_38    1287  547   1428   1060  c00f181c 400107b4 S logcat
06-14 14:19:08.222   547  1277 I PhoneLab-LoggerService: Logcat pid from database 1287
06-14 14:19:08.226   547  1277 I PhoneLab-LoggerService: Logcat process found 1287
06-14 14:19:08.226   547  1277 I PhoneLab-LoggerService: Checking Threshold
06-14 14:21:08.152   547  1277 I PhoneLab-: Service Running
06-14 14:21:08.226   547  1277 I PhoneLab-LoggerService: app_38    1287  547   1428   1060  c00f181c 400107b4 S logcat
06-14 14:21:08.226   547  1277 I PhoneLab-LoggerService: Logcat pid from database 1287
06-14 14:21:08.226   547  1277 I PhoneLab-LoggerService: Logcat process found 1287
06-14 14:21:08.226   547  1277 I PhoneLab-LoggerService: Checking Threshold
06-14 14:22:09.008  1229  9098 W Gmail   : Successful index run, cancel next scheduled index run
06-14 14:23:08.152   547  1277 I PhoneLab-: Service Running
06-14 14:23:08.238   547   548 D dalvikvm: GC_CONCURRENT freed 455K, 17% free 9224K/11079K, paused 2ms+2ms
06-14 14:23:08.242   547  1277 I PhoneLab-LoggerService: app_38    1287  547   1428   1056  c00f181c 400107b4 S logcat
06-14 14:23:08.242   547  1277 I PhoneLab-LoggerService: Logcat pid from database 1287
06-14 14:23:08.242   547  1277 I PhoneLab-LoggerService: Logcat process found 1287
06-14 14:23:08.242   547  1277 I PhoneLab-LoggerService: Checking Threshold
06-14 14:23:11.433   303  1147 I EventLogService: Aggregate from 1339696391338 (log), 1339696391338 (data)
06-14 14:23:12.519   547   547 I PhoneLab-Locks: wake lock acquired
06-14 14:23:12.551   547  9101 I PhoneLab-PeriodicCheckService: User info is synched
06-14 14:23:12.554   547  9101 I PhoneLab-PeriodicCheckService: Logger Service is running
06-14 14:23:12.554   547  9101 I PhoneLab-Locks: wake lock acquired
06-14 14:23:12.554   547   547 I PhoneLab-UploadLogs: Transfering log files now
06-14 14:23:12.558   547   547 I PhoneLab-UploadLogs: No log files to transfer
06-14 14:23:12.558   547   547 I PhoneLab-Locks: wake lock released
06-14 14:23:12.558   547   547 I PhoneLab-UploadLogs: OnStartCommand
06-14 14:23:12.558   547  9101 I PhoneLab-PeriodicCheckService: Rescheduling periodic checking...
06-14 14:23:12.558   547  9101 I PhoneLab-Locks: wake lock released
06-14 14:23:24.777   547   547 I PhoneLab-Locks: wake lock acquired
06-14 14:23:24.804   547   547 I PhoneLab-StatusMonitor: Status Monitoring is started
06-14 14:23:24.851   547   548 D dalvikvm: GC_CONCURRENT freed 412K, 16% free 9316K/11079K, paused 2ms+2ms
06-14 14:23:24.855   547   547 I PhoneLab-StatusMonitor: Value: 10 - unit: min
06-14 14:23:24.855   547   547 I PhoneLab-StatusMonitor: Running interval: 600000
06-14 14:23:24.863   547   547 I PhoneLab-StatusMonitor: Rescheduling status monitoring...
06-14 14:23:24.863   547   547 I PhoneLab-Locks: wake lock released
06-14 14:23:24.867   547   547 I PhoneLab-StatusMonitorLocation: Learning Location
06-14 14:23:24.867   547   547 I PhoneLab-Locks: wake lock acquired
06-14 14:23:24.871   547   547 I PhoneLab-Locks: wake lock acquired
06-14 14:23:24.879   547   547 I PhoneLab-StatusMonitorLocation: Learning Signal Strgth
06-14 14:23:24.879   547   547 I PhoneLab-Locks: wake lock acquired
06-14 14:23:24.883   303   575 D androidNetworkLocationListeners: Still have listener com.google.android.location.internal.client.NetworkLocationClient$1@4138edc0
06-14 14:23:24.890   303   575 D androidNetworkLocationListeners: Still have listener com.google.android.location.internal.client.NetworkLocationClient$1@4138edc0
06-14 14:23:24.890   547   547 I PhoneLab-StatusMonitorBattery: Battery_level: 71
06-14 14:23:24.890   547   547 I PhoneLab-Locks: wake lock released
06-14 14:23:24.894   547   547 I PhoneLab-StatusMonitorSignal: Signal_Strength: -76 asu: 19
06-14 14:23:24.894   547   547 I PhoneLab-Locks: wake lock released
06-14 14:23:26.176   303   305 D dalvikvm: GC_CONCURRENT freed 527K, 7% free 10420K/11143K, paused 2ms+3ms
06-14 14:23:26.203   547   547 I PhoneLab-StatusMonitorLocation: Location_Latitude: 42.9553148 Longitude: -78.828928 Accuracy: 37.0
06-14 14:23:26.203   303   575 D androidNetworkLocationListeners: Still have listener com.google.android.location.internal.client.NetworkLocationClient$1@4138edc0
06-14 14:23:26.207   547   547 I PhoneLab-Locks: wake lock released
06-14 14:23:39.984  2695  2696 D dalvikvm: GC_CONCURRENT freed 489K, 7% free 10823K/11527K, paused 2ms+8ms
06-14 14:23:40.500  2695  2696 D dalvikvm: GC_CONCURRENT freed 456K, 6% free 10841K/11527K, paused 2ms+3ms
06-14 14:24:22.976   303   305 D dalvikvm: GC_CONCURRENT freed 380K, 6% free 10492K/11143K, paused 9ms+3ms
06-14 14:24:23.047   217   219 D dalvikvm: GC_CONCURRENT freed 255K, 12% free 10187K/11463K, paused 2ms+2ms
06-14 14:24:23.074   141  9111 I AudioService:  AudioFocus  requestAudioFocus() from android.media.AudioManager@4151fea0
06-14 14:24:23.090    82   126 D AudioHardware: AudioHardware pcm playback is exiting standby.
06-14 14:24:23.090    82   126 D AudioHardware: openPcmOut_l() mPcmOpenCnt: 0
06-14 14:24:23.226   217   219 D dalvikvm: GC_CONCURRENT freed 223K, 9% free 10445K/11463K, paused 2ms+3ms
06-14 14:24:23.449   217   217 D dalvikvm: GC_FOR_ALLOC freed 550K, 11% free 10275K/11463K, paused 33ms
06-14 14:24:24.972   141  9111 I AudioService:  AudioFocus  abandonAudioFocus() from android.media.AudioManager@4151fea0
06-14 14:24:28.062    82   126 D AudioHardware: AudioHardware pcm playback is going to standby.
06-14 14:24:28.062    82   126 D AudioHardware: closePcmOut_l() mPcmOpenCnt: 1
06-14 14:24:28.136   217   219 D dalvikvm: GC_CONCURRENT freed 154K, 9% free 10514K/11463K, paused 19ms+3ms
06-14 14:24:34.672   217   217 D dalvikvm: GC_FOR_ALLOC freed 661K, 11% free 10205K/11463K, paused 17ms
06-14 14:24:34.746   217   219 D dalvikvm: GC_CONCURRENT freed 283K, 10% free 10385K/11463K, paused 2ms+3ms
06-14 14:25:08.152   547  1277 I PhoneLab-: Service Running
06-14 14:25:08.234   547  1277 I PhoneLab-LoggerService: app_38    1287  547   1428   1056  c00f181c 400107b4 S logcat
06-14 14:25:08.234   547  1277 I PhoneLab-LoggerService: Logcat pid from database 1287
06-14 14:25:08.234   547  1277 I PhoneLab-LoggerService: Logcat process found 1287
06-14 14:25:08.234   547  1277 I PhoneLab-LoggerService: Checking Threshold
06-14 14:27:08.152   547  1277 I PhoneLab-: Service Running
06-14 14:27:08.222   547  1277 I PhoneLab-LoggerService: app_38    1287  547   1428   1056  c00f181c 400107b4 S logcat
06-14 14:27:08.222   547  1277 I PhoneLab-LoggerService: Logcat pid from database 1287
06-14 14:27:08.222   547  1277 I PhoneLab-LoggerService: Logcat process found 1287
06-14 14:27:08.222   547  1277 I PhoneLab-LoggerService: Checking Threshold
06-14 14:28:22.679   303  2927 D dalvikvm: GC_FOR_ALLOC freed 237K, 7% free 10448K/11143K, paused 27ms
06-14 14:28:23.488   303  2927 D dalvikvm: GC_FOR_ALLOC freed 226K, 7% free 10447K/11143K, paused 35ms
06-14 14:28:24.426   303  2927 D dalvikvm: GC_FOR_ALLOC freed 231K, 7% free 10451K/11143K, paused 21ms
06-14 14:28:25.152   303  2927 D dalvikvm: GC_FOR_ALLOC freed 219K, 7% free 10451K/11143K, paused 19ms
06-14 14:28:28.246   303   305 D dalvikvm: GC_CONCURRENT freed 366K, 7% free 10469K/11143K, paused 15ms+5ms
06-14 14:28:29.976   141  9121 I AudioService:  AudioFocus  requestAudioFocus() from android.media.AudioManager@4151fea0
06-14 14:28:29.996    82   126 D AudioHardware: AudioHardware pcm playback is exiting standby.
06-14 14:28:29.996    82   126 D AudioHardware: openPcmOut_l() mPcmOpenCnt: 0
06-14 14:28:30.031   217   217 D dalvikvm: GC_FOR_ALLOC freed 449K, 11% free 10295K/11463K, paused 15ms
06-14 14:28:30.090   141  9127 I AudioService:  AudioFocus  abandonAudioFocus() from android.media.AudioManager@4151fea0
06-14 14:28:30.125   217   217 D dalvikvm: GC_FOR_ALLOC freed 373K, 11% free 10274K/11463K, paused 17ms
06-14 14:28:30.183   217   217 D dalvikvm: GC_FOR_ALLOC freed 362K, 11% free 10274K/11463K, paused 15ms
06-14 14:28:30.261   217   219 D dalvikvm: GC_CONCURRENT freed 334K, 10% free 10417K/11463K, paused 2ms+3ms
06-14 14:28:33.090    82   126 D AudioHardware: AudioHardware pcm playback is going to standby.
06-14 14:28:33.090    82   126 D AudioHardware: closePcmOut_l() mPcmOpenCnt: 1
06-14 14:29:08.152   547  1277 I PhoneLab-: Service Running
06-14 14:29:08.242   547  1277 I PhoneLab-LoggerService: app_38    1287  547   1428   1056  c00f181c 400107b4 S logcat
06-14 14:29:08.242   547  1277 I PhoneLab-LoggerService: Logcat pid from database 1287
06-14 14:29:08.242   547  1277 I PhoneLab-LoggerService: Logcat process found 1287
06-14 14:29:08.242   547  1277 I PhoneLab-LoggerService: Checking Threshold
06-14 14:31:08.152   547  1277 I PhoneLab-: Service Running
06-14 14:31:08.222   547  1277 I PhoneLab-LoggerService: app_38    1287  547   1428   1056  c00f181c 400107b4 S logcat
06-14 14:31:08.226   547  1277 I PhoneLab-LoggerService: Logcat pid from database 1287
06-14 14:31:08.226   547  1277 I PhoneLab-LoggerService: Logcat process found 1287
06-14 14:31:08.226   547  1277 I PhoneLab-LoggerService: Checking Threshold
06-14 14:33:08.152   547  1277 I PhoneLab-: Service Running
06-14 14:33:08.242   547  1277 I PhoneLab-LoggerService: app_38    1287  547   1428   1056  c00f181c 400107b4 S logcat
06-14 14:33:08.246   547  1277 I PhoneLab-LoggerService: Logcat pid from database 1287
06-14 14:33:08.246   547  1277 I PhoneLab-LoggerService: Logcat process found 1287
06-14 14:33:08.246   547  1277 I PhoneLab-LoggerService: Checking Threshold
06-14 14:33:24.883   547   547 I PhoneLab-Locks: wake lock acquired
06-14 14:33:24.914   547   547 I PhoneLab-StatusMonitor: Status Monitoring is started
06-14 14:33:24.968   547   548 D dalvikvm: GC_CONCURRENT freed 581K, 17% free 9245K/11079K, paused 2ms+2ms
06-14 14:33:24.992   547   547 I PhoneLab-StatusMonitor: Value: 10 - unit: min
06-14 14:33:24.992   547   547 I PhoneLab-StatusMonitor: Running interval: 600000
06-14 14:33:25.000   547   547 I PhoneLab-StatusMonitor: Rescheduling status monitoring...
06-14 14:33:25.000   547   547 I PhoneLab-Locks: wake lock released
06-14 14:33:25.004   547   547 I PhoneLab-StatusMonitorLocation: Learning Location
06-14 14:33:25.004   547   547 I PhoneLab-Locks: wake lock acquired
06-14 14:33:25.008   547   547 I PhoneLab-Locks: wake lock acquired
06-14 14:33:25.008   303   575 D androidNetworkLocationListeners: Still have listener com.google.android.location.internal.client.NetworkLocationClient$1@4138edc0
06-14 14:33:25.011   547   547 I PhoneLab-StatusMonitorLocation: Learning Signal Strgth
06-14 14:33:25.011   547   547 I PhoneLab-Locks: wake lock acquired
06-14 14:33:25.019   303   575 D androidNetworkLocationListeners: Still have listener com.google.android.location.internal.client.NetworkLocationClient$1@4138edc0
06-14 14:33:25.019   547   547 I PhoneLab-StatusMonitorBattery: Battery_level: 70
06-14 14:33:25.023   547   547 I PhoneLab-Locks: wake lock released
06-14 14:33:25.031   547   547 I PhoneLab-StatusMonitorSignal: Signal_Strength: -76 asu: 19
06-14 14:33:25.031   547   547 I PhoneLab-Locks: wake lock released
06-14 14:33:26.340   547   547 I PhoneLab-StatusMonitorLocation: Location_Latitude: 42.9553144 Longitude: -78.8289281 Accuracy: 37.0
06-14 14:33:26.340   303   575 D androidNetworkLocationListeners: Still have listener com.google.android.location.internal.client.NetworkLocationClient$1@4138edc0
06-14 14:33:26.340   547   547 I PhoneLab-Locks: wake lock released
06-14 14:33:27.672   303   305 D dalvikvm: GC_CONCURRENT freed 552K, 7% free 10429K/11143K, paused 12ms+3ms
06-14 14:33:38.414  3204  3206 D dalvikvm: GC_CONCURRENT freed 532K, 32% free 10862K/15751K, paused 14ms+3ms
06-14 14:35:08.152   547  1277 I PhoneLab-: Service Running
06-14 14:35:08.230   547  1277 I PhoneLab-LoggerService: app_38    1287  547   1428   1056  c00f181c 400107b4 S logcat
06-14 14:35:08.230   547  1277 I PhoneLab-LoggerService: Logcat pid from database 1287
06-14 14:35:08.230   547  1277 I PhoneLab-LoggerService: Logcat process found 1287
06-14 14:35:08.230   547  1277 I PhoneLab-LoggerService: Checking Threshold
06-14 14:35:08.238   547   548 D dalvikvm: GC_CONCURRENT freed 422K, 17% free 9213K/11079K, paused 2ms+2ms
06-14 14:35:34.730   141   157 V BackupManagerService: Running a backup pass
06-14 14:35:34.742   141   211 V BackupManagerService: Backup requested but nothing pending
06-14 14:37:05.765   303  2927 D dalvikvm: GC_FOR_ALLOC freed 338K, 7% free 10449K/11143K, paused 27ms
06-14 14:37:05.945   141   408 D dalvikvm: JIT code cache reset in 4 ms (1048532 bytes 3/0)
06-14 14:37:05.968   141   408 D dalvikvm: GC_EXPLICIT freed 1421K, 14% free 15741K/18119K, paused 15ms+12ms
06-14 14:37:06.668   303  2927 D dalvikvm: GC_FOR_ALLOC freed 217K, 7% free 10449K/11143K, paused 19ms
06-14 14:37:07.781   303  2927 D dalvikvm: GC_FOR_ALLOC freed 231K, 7% free 10451K/11143K, paused 20ms
06-14 14:37:08.152   547  1277 I PhoneLab-: Service Running
06-14 14:37:08.187   547  1277 I PhoneLab-LoggerService: app_38    1287  547   1428   1056  c00f181c 400107b4 S logcat
06-14 14:37:08.187   547  1277 I PhoneLab-LoggerService: Logcat pid from database 1287
06-14 14:37:08.187   547  1277 I PhoneLab-LoggerService: Logcat process found 1287
06-14 14:37:08.187   547  1277 I PhoneLab-LoggerService: Checking Threshold
06-14 14:37:10.402   303   305 D dalvikvm: GC_CONCURRENT freed 379K, 7% free 10458K/11143K, paused 8ms+3ms
06-14 14:37:11.398   141  9139 I AudioService:  AudioFocus  requestAudioFocus() from android.media.AudioManager@4151fea0
06-14 14:37:11.402   217   219 D dalvikvm: GC_CONCURRENT freed 638K, 11% free 10229K/11463K, paused 24ms+3ms
06-14 14:37:11.422    82   126 D AudioHardware: AudioHardware pcm playback is exiting standby.
06-14 14:37:11.422    82   126 D AudioHardware: openPcmOut_l() mPcmOpenCnt: 0
06-14 14:37:11.547   217   219 D dalvikvm: GC_CONCURRENT freed 208K, 9% free 10460K/11463K, paused 2ms+2ms
06-14 14:37:11.761   217   217 D dalvikvm: GC_FOR_ALLOC freed 543K, 11% free 10274K/11463K, paused 32ms
06-14 14:37:13.312   141  9139 I AudioService:  AudioFocus  abandonAudioFocus() from android.media.AudioManager@4151fea0
06-14 14:37:16.402    82   126 D AudioHardware: AudioHardware pcm playback is going to standby.
06-14 14:37:16.402    82   126 D AudioHardware: closePcmOut_l() mPcmOpenCnt: 1
06-14 14:38:17.500   141  9145 I AudioService:  AudioFocus  abandonAudioFocus() from android.media.AudioManager@4151fea0
06-14 14:38:17.601   217   219 D dalvikvm: GC_CONCURRENT freed 339K, 10% free 10387K/11463K, paused 2ms+2ms
06-14 14:38:17.668   217   219 D dalvikvm: GC_CONCURRENT freed 464K, 10% free 10396K/11463K, paused 1ms+3ms
06-14 14:38:21.715  1058  1060 D dalvikvm: GC_CONCURRENT freed 383K, 6% free 10509K/11143K, paused 15ms+2ms
06-14 14:39:08.152   547  1277 I PhoneLab-: Service Running
06-14 14:39:08.222   547  1277 I PhoneLab-LoggerService: app_38    1287  547   1428   1056  c00f181c 400107b4 S logcat
06-14 14:39:08.222   547  1277 I PhoneLab-LoggerService: Logcat pid from database 1287
06-14 14:39:08.222   547  1277 I PhoneLab-LoggerService: Logcat process found 1287
06-14 14:39:08.222   547  1277 I PhoneLab-LoggerService: Checking Threshold
06-14 14:41:08.152   547  1277 I PhoneLab-: Service Running
06-14 14:41:08.222   547  1277 I PhoneLab-LoggerService: app_38    1287  547   1428   1056  c00f181c 400107b4 S logcat
06-14 14:41:08.222   547  1277 I PhoneLab-LoggerService: Logcat pid from database 1287
06-14 14:41:08.222   547  1277 I PhoneLab-LoggerService: Logcat process found 1287
06-14 14:41:08.222   547  1277 I PhoneLab-LoggerService: Checking Threshold
06-14 14:41:22.215  1229  9149 I Gmail   : MainSyncRequestProto: lowestBkwdConvoId: 0, highestHandledServerOp: 1067179, normalSync: true
06-14 14:41:23.426  1229  1231 D dalvikvm: GC_CONCURRENT freed 561K, 12% free 11108K/12615K, paused 4ms+11ms
06-14 14:41:23.574  1229  9149 D dalvikvm: GC_EXPLICIT freed 355K, 13% free 11058K/12615K, paused 2ms+4ms
06-14 14:41:23.578  1229  9149 I Gmail   : MainSyncRequestProto: lowestBkwdConvoId: 0, highestHandledServerOp: 1067342, normalSync: true
06-14 14:41:24.394  1229  1231 D dalvikvm: GC_CONCURRENT freed 472K, 12% free 11183K/12615K, paused 2ms+4ms
06-14 14:41:24.656  1229  9149 D dalvikvm: GC_EXPLICIT freed 231K, 12% free 11110K/12615K, paused 10ms+3ms
06-14 14:41:24.664  1229  9149 I Gmail   : MainSyncRequestProto: lowestBkwdConvoId: 0, highestHandledServerOp: 1067345, normalSync: true
06-14 14:41:24.672  1229  9149 W Gmail   : Scheduling index for 300000 ms from now
06-14 14:41:24.695  1229  9149 I Gmail   : Sending notification intent: Intent { act=android.intent.action.PROVIDER_CHANGED dat=content://gmail-ls/unread/^i (has extras) }
06-14 14:41:24.722  1229  9154 W Gmail   : Showing notification with unreadCount of 1202 and unseenCount of 2
06-14 14:41:24.785  1229  9149 I Gmail   : Sending notification intent: Intent { act=android.intent.action.PROVIDER_CHANGED dat=content://gmail-ls/unread/^iim (has extras) }
06-14 14:41:24.863  1229  9156 I Gmail   : MainSyncRequestProto: lowestBkwdConvoId: 0, highestHandledServerOp: 1067345, normalSync: true
06-14 14:41:25.301  1229  9156 D dalvikvm: GC_EXPLICIT freed 247K, 13% free 11096K/12615K, paused 2ms+3ms
06-14 14:41:25.308  1229  9156 I Gmail   : MainSyncRequestProto: lowestBkwdConvoId: 0, highestHandledServerOp: 1067345, normalSync: true
06-14 14:41:25.316  1229  9156 W Gmail   : Scheduling index for 300000 ms from now
06-14 14:41:27.851   217   219 D dalvikvm: GC_CONCURRENT freed 555K, 11% free 10246K/11463K, paused 12ms+3ms
06-14 14:43:08.152   547  1277 I PhoneLab-: Service Running
06-14 14:43:08.222   547  1277 I PhoneLab-LoggerService: app_38    1287  547   1428   1056  c00f181c 400107b4 S logcat
06-14 14:43:08.222   547  1277 I PhoneLab-LoggerService: Logcat pid from database 1287
06-14 14:43:08.222   547  1277 I PhoneLab-LoggerService: Logcat process found 1287
06-14 14:43:08.222   547  1277 I PhoneLab-LoggerService: Checking Threshold
06-14 14:43:25.019   547   547 I PhoneLab-Locks: wake lock acquired
06-14 14:43:25.051   547   547 I PhoneLab-StatusMonitor: Status Monitoring is started
06-14 14:43:25.093   547   548 D dalvikvm: GC_CONCURRENT freed 463K, 17% free 9261K/11079K, paused 2ms+2ms
06-14 14:43:25.105   547   547 I PhoneLab-StatusMonitor: Value: 10 - unit: min
06-14 14:43:25.109   547   547 I PhoneLab-StatusMonitor: Running interval: 600000
06-14 14:43:25.117   547   547 I PhoneLab-StatusMonitor: Rescheduling status monitoring...
06-14 14:43:25.117   547   547 I PhoneLab-Locks: wake lock released
06-14 14:43:25.121   547   547 I PhoneLab-StatusMonitorLocation: Learning Location
06-14 14:43:25.121   547   547 I PhoneLab-Locks: wake lock acquired
06-14 14:43:25.125   547   547 I PhoneLab-Locks: wake lock acquired
06-14 14:43:25.125   303   575 D androidNetworkLocationListeners: Still have listener com.google.android.location.internal.client.NetworkLocationClient$1@4138edc0
06-14 14:43:25.129   547   547 I PhoneLab-StatusMonitorLocation: Learning Signal Strgth
06-14 14:43:25.129   547   547 I PhoneLab-Locks: wake lock acquired
06-14 14:43:25.140   303   575 D androidNetworkLocationListeners: Still have listener com.google.android.location.internal.client.NetworkLocationClient$1@4138edc0
06-14 14:43:25.140   547   547 I PhoneLab-StatusMonitorBattery: Battery_level: 70
06-14 14:43:25.140   547   547 I PhoneLab-Locks: wake lock released
06-14 14:43:25.144   547   547 I PhoneLab-StatusMonitorSignal: Signal_Strength: -76 asu: 19
06-14 14:43:25.144   547   547 I PhoneLab-Locks: wake lock released
06-14 14:43:26.441   547   547 I PhoneLab-StatusMonitorLocation: Location_Latitude: 42.9553049 Longitude: -78.8289222 Accuracy: 37.0
06-14 14:43:26.441   303   575 D androidNetworkLocationListeners: Still have listener com.google.android.location.internal.client.NetworkLocationClient$1@4138edc0
06-14 14:43:26.441   547   547 I PhoneLab-Locks: wake lock released
06-14 14:43:26.465   303   305 D dalvikvm: GC_CONCURRENT freed 439K, 7% free 10451K/11143K, paused 2ms+3ms
06-14 14:45:08.152   547  1277 I PhoneLab-: Service Running
06-14 14:45:08.222   547  1277 I PhoneLab-LoggerService: app_38    1287  547   1428   1056  c00f181c 400107b4 S logcat
06-14 14:45:08.222   547  1277 I PhoneLab-LoggerService: Logcat pid from database 1287
06-14 14:45:08.222   547  1277 I PhoneLab-LoggerService: Logcat process found 1287
06-14 14:45:08.222   547  1277 I PhoneLab-LoggerService: Checking Threshold
06-14 14:47:08.152   547  1277 I PhoneLab-: Service Running
06-14 14:47:08.222   547  1277 I PhoneLab-LoggerService: app_38    1287  547   1428   1056  c00f181c 400107b4 S logcat
06-14 14:47:08.222   547  1277 I PhoneLab-LoggerService: Logcat pid from database 1287
06-14 14:47:08.222   547  1277 I PhoneLab-LoggerService: Logcat process found 1287
06-14 14:47:08.222   547  1277 I PhoneLab-LoggerService: Checking Threshold
06-14 14:48:00.062   217   225 I dalvikvm: Jit: resizing JitTable from 4096 to 8192
06-14 14:49:08.152   547  1277 I PhoneLab-: Service Running
06-14 14:49:08.222   547  1277 I PhoneLab-LoggerService: app_38    1287  547   1428   1056  c00f181c 400107b4 S logcat
06-14 14:49:08.222   547  1277 I PhoneLab-LoggerService: Logcat pid from database 1287
06-14 14:49:08.222   547  1277 I PhoneLab-LoggerService: Logcat process found 1287
06-14 14:49:08.222   547  1277 I PhoneLab-LoggerService: Checking Threshold
06-14 14:51:08.152   547  1277 I PhoneLab-: Service Running
06-14 14:51:08.258   547   548 D dalvikvm: GC_CONCURRENT freed 448K, 17% free 9223K/11079K, paused 2ms+6ms
06-14 14:51:08.261   547  1277 I PhoneLab-LoggerService: app_38    1287  547   1428   1056  c00f181c 400107b4 S logcat
06-14 14:51:08.261   547  1277 I PhoneLab-LoggerService: Logcat pid from database 1287
06-14 14:51:08.261   547  1277 I PhoneLab-LoggerService: Logcat process found 1287
06-14 14:51:08.261   547  1277 I PhoneLab-LoggerService: Checking Threshold
06-14 14:52:07.840  1229  9168 W Gmail   : Successful index run, cancel next scheduled index run
06-14 14:53:08.152   547  1277 I PhoneLab-: Service Running
06-14 14:53:08.222   547  1277 I PhoneLab-LoggerService: app_38    1287  547   1428   1056  c00f181c 400107b4 S logcat
06-14 14:53:08.222   547  1277 I PhoneLab-LoggerService: Logcat pid from database 1287
06-14 14:53:08.222   547  1277 I PhoneLab-LoggerService: Logcat process found 1287
06-14 14:53:08.222   547  1277 I PhoneLab-LoggerService: Checking Threshold
06-14 14:53:11.523   303  1199 I EventLogService: Aggregate from 1339698191435 (log), 1339698191435 (data)
06-14 14:53:12.582   547   547 I PhoneLab-Locks: wake lock acquired
06-14 14:53:12.609   547  9171 I PhoneLab-PeriodicCheckService: User info is synched
06-14 14:53:12.613   547  9171 I PhoneLab-PeriodicCheckService: Logger Service is running
06-14 14:53:12.613   547  9171 I PhoneLab-Locks: wake lock acquired
06-14 14:53:12.617   547   547 I PhoneLab-UploadLogs: Transfering log files now
06-14 14:53:12.617   547   547 I PhoneLab-UploadLogs: No log files to transfer
06-14 14:53:12.617   547   547 I PhoneLab-Locks: wake lock released
06-14 14:53:12.617   547   547 I PhoneLab-UploadLogs: OnStartCommand
06-14 14:53:12.617   547  9171 I PhoneLab-PeriodicCheckService: Rescheduling periodic checking...
06-14 14:53:12.621   547  9171 I PhoneLab-Locks: wake lock released
06-14 14:53:25.136   547   547 I PhoneLab-Locks: wake lock acquired
06-14 14:53:25.168   547   547 I PhoneLab-StatusMonitor: Status Monitoring is started
06-14 14:53:25.215   547   548 D dalvikvm: GC_CONCURRENT freed 445K, 17% free 9283K/11079K, paused 2ms+3ms
06-14 14:53:25.218   547   547 I PhoneLab-StatusMonitor: Value: 10 - unit: min
06-14 14:53:25.218   547   547 I PhoneLab-StatusMonitor: Running interval: 600000
06-14 14:53:25.230   547   547 I PhoneLab-StatusMonitor: Rescheduling status monitoring...
06-14 14:53:25.230   547   547 I PhoneLab-Locks: wake lock released
06-14 14:53:25.242   547   547 I PhoneLab-StatusMonitorLocation: Learning Location
06-14 14:53:25.242   547   547 I PhoneLab-Locks: wake lock acquired
06-14 14:53:25.250   547   547 I PhoneLab-Locks: wake lock acquired
06-14 14:53:25.250   303   575 D androidNetworkLocationListeners: Still have listener com.google.android.location.internal.client.NetworkLocationClient$1@4138edc0
06-14 14:53:25.258   547   547 I PhoneLab-StatusMonitorLocation: Learning Signal Strgth
06-14 14:53:25.258   547   547 I PhoneLab-Locks: wake lock acquired
06-14 14:53:25.308   303   575 D androidNetworkLocationListeners: Still have listener com.google.android.location.internal.client.NetworkLocationClient$1@4138edc0
06-14 14:53:25.332   141   144 D dalvikvm: GC_CONCURRENT freed 1592K, 14% free 15716K/18119K, paused 2ms+7ms
06-14 14:53:25.332   547   547 I PhoneLab-StatusMonitorBattery: Battery_level: 69
06-14 14:53:25.351   547   547 I PhoneLab-Locks: wake lock released
06-14 14:53:25.351   547   547 I PhoneLab-StatusMonitorSignal: Signal_Strength: -76 asu: 19
06-14 14:53:25.351   547   547 I PhoneLab-Locks: wake lock released
06-14 14:53:25.625   141   173 I power   : *** set_screen_state 1
06-14 14:53:25.746   141   173 I WindowManager: Lock screen displayed!
06-14 14:53:25.820    79   119 D SurfaceFlinger: Screen about to return, flinger = 0x1464918
06-14 14:53:26.519   217   217 D PhoneStatusBar: disable: < expand icons alerts ticker system_info BACK HOME recent* CLOCK >
06-14 14:53:26.535   371  1991 D NfcService: NFC-C ON
06-14 14:53:26.539    82   126 D AudioHardware: AudioHardware pcm playback is exiting standby.
06-14 14:53:26.539    82   126 D AudioHardware: openPcmOut_l() mPcmOpenCnt: 0
06-14 14:53:26.543   141   483 W InputManagerService: Window already focused, ignoring focus gain of: com.android.internal.view.IInputMethodClient$Stub$Proxy@416b74d0
06-14 14:53:26.558   217   217 D PhoneStatusBar: disable: < expand icons alerts ticker system_info back* home* recent clock* >
06-14 14:53:26.562  3204  3204 W Activity: Restart
06-14 14:53:26.793   303   305 D dalvikvm: GC_CONCURRENT freed 536K, 7% free 10426K/11143K, paused 13ms+4ms
06-14 14:53:26.843   547   547 I PhoneLab-StatusMonitorLocation: Location_Latitude: 42.955315 Longitude: -78.8289265 Accuracy: 36.0
06-14 14:53:26.847   303   575 D androidNetworkLocationListeners: Still have listener com.google.android.location.internal.client.NetworkLocationClient$1@4138edc0
06-14 14:53:26.847   547   547 I PhoneLab-Locks: wake lock released
06-14 14:53:27.476  1429  1431 D dalvikvm: GC_CONCURRENT freed 294K, 6% free 9841K/10439K, paused 2ms+4ms
06-14 14:53:27.789   141   319 D dalvikvm: GC_EXPLICIT freed 400K, 15% free 15504K/18119K, paused 4ms+7ms
06-14 14:53:27.840   303   305 D dalvikvm: GC_CONCURRENT freed 348K, 7% free 10463K/11143K, paused 3ms+3ms
06-14 14:53:27.890   303  2929 D dalvikvm: GC_EXPLICIT freed 64K, 7% free 10432K/11143K, paused 2ms+4ms
06-14 14:53:28.097   141   483 I ActivityManager: START {act=android.intent.action.VIEW dat=content://gmail-ls/account/21bhaavyaakapoor@gmail.com/label/^i typ=application/gmail-ls flg=0x10008000 cmp=com.google.android.gm/.ConversationListActivityGmail bnds=[96,119][480,215] (has extras)} from pid -1
06-14 14:53:28.172   141   408 W KeyguardViewMediator: verifyUnlock called when not externally disabled
06-14 14:53:28.250  1229  1229 D webviewglue: nativeDestroy view: 0x1e5ecf0
06-14 14:53:28.289  1229  1229 D webviewglue: nativeDestroy view: 0x2281ed0
06-14 14:53:28.386   141   364 I ActivityManager: START {act=android.intent.action.VIEW dat=content://gmail-ls/account/21bhaavyaakapoor@gmail.com/label/^i typ=application/gmail-ls flg=0x6000000 cmp=com.google.android.gm/.GmailActivity bnds=[96,119][480,215] (has extras)} from pid 1229
06-14 14:53:28.504   384   384 D OpenGLRenderer: Flushing caches (mode 1)
06-14 14:53:28.722   384   384 D OpenGLRenderer: Flushing caches (mode 0)
06-14 14:53:28.804  1229  1231 D dalvikvm: GC_CONCURRENT freed 415K, 11% free 11255K/12615K, paused 9ms+9ms
06-14 14:53:28.902   141   157 I Process : Sending signal. PID: 1229 SIG: 3
06-14 14:53:28.902  1229  1234 I dalvikvm: threadid=3: reacting to signal 3
06-14 14:53:29.027  1229  1234 I dalvikvm: Wrote stack traces to '/data/anr/traces.txt'
06-14 14:53:29.105   141   172 I ActivityManager: Displayed com.google.android.gm/.GmailActivity: +705ms (total +915ms)
06-14 14:53:29.562   303   305 D dalvikvm: GC_CONCURRENT freed 386K, 7% free 10443K/11143K, paused 2ms+3ms
06-14 14:53:29.941  1229  2334 I Gmail   : Sending notification intent: Intent { act=android.intent.action.PROVIDER_CHANGED dat=content://gmail-ls/unread/^i (has extras) }
06-14 14:53:30.136   217   219 D dalvikvm: GC_CONCURRENT freed 596K, 12% free 10102K/11463K, paused 2ms+2ms
06-14 14:53:30.211   217   219 D dalvikvm: GC_CONCURRENT freed 559K, 13% free 10018K/11463K, paused 2ms+2ms
06-14 14:53:31.187    82   126 D AudioHardware: AudioHardware pcm playback is going to standby.
06-14 14:53:31.191    82   126 D AudioHardware: closePcmOut_l() mPcmOpenCnt: 1
06-14 14:53:32.508    82   126 D AudioHardware: AudioHardware pcm playback is exiting standby.
06-14 14:53:32.508    82   126 D AudioHardware: openPcmOut_l() mPcmOpenCnt: 0
06-14 14:53:32.711  1229  1231 D dalvikvm: GC_CONCURRENT freed 628K, 10% free 11365K/12615K, paused 2ms+7ms
06-14 14:53:33.914  1229  1231 D dalvikvm: GC_CONCURRENT freed 648K, 10% free 11379K/12615K, paused 3ms+5ms
06-14 14:53:35.383  1229  2349 I Gmail   : Sending notification intent: Intent { act=android.intent.action.PROVIDER_CHANGED dat=content://gmail-ls/unread/^iim (has extras) }
06-14 14:53:35.551  1229  1231 D dalvikvm: GC_CONCURRENT freed 495K, 9% free 11545K/12615K, paused 7ms+7ms
06-14 14:53:35.601    82   126 D AudioHardware: AudioHardware pcm playback is going to standby.
06-14 14:53:35.601    82   126 D AudioHardware: closePcmOut_l() mPcmOpenCnt: 1
06-14 14:53:35.965   303   305 D dalvikvm: GC_CONCURRENT freed 353K, 6% free 10478K/11143K, paused 2ms+5ms
06-14 14:53:42.980   141   178 I InputReader: Reconfiguring input devices.  changes=0x00000004
06-14 14:53:42.980   141   178 I InputReader: Device reconfigured: id=7, name='mxt224_ts_input', surface size is now 480x800, mode is 1
06-14 14:53:43.011   141   157 I ActivityManager: Config changed: {1.0 310mcc120mnc en_US layoutdir=0 sw320dp w533dp h294dp nrml long land finger -keyb/v/h -nav/h s.13}
06-14 14:53:43.058  1229  1229 D OpenGLRenderer: Flushing caches (mode 0)
06-14 14:53:43.133  1229  1229 D webviewglue: nativeDestroy view: 0x2281ed0
06-14 14:53:43.152   217   217 D dalvikvm: GC_FOR_ALLOC freed 561K, 16% free 9702K/11463K, paused 21ms
06-14 14:53:43.222  1229  1229 D webviewglue: nativeDestroy view: 0x1f6f3b8
06-14 14:53:43.297  1229  1229 D dalvikvm: GC_EXPLICIT freed 551K, 10% free 11403K/12615K, paused 8ms+5ms
06-14 14:53:43.789  1229  1231 D dalvikvm: GC_CONCURRENT freed 495K, 8% free 11704K/12615K, paused 3ms+13ms
06-14 14:53:45.199  1229  1231 D dalvikvm: GC_CONCURRENT freed 675K, 7% free 11937K/12743K, paused 2ms+9ms
06-14 14:53:45.375   141   357 D dalvikvm: GC_EXPLICIT freed 1529K, 20% free 14572K/18119K, paused 3ms+8ms
06-14 14:53:45.761   141   172 D dalvikvm: GC_EXPLICIT freed 76K, 20% free 14498K/18119K, paused 13ms+5ms
06-14 14:54:05.125  1229  9188 I Gmail   : MainSyncRequestProto: lowestBkwdConvoId: 0, highestHandledServerOp: 1067345, normalSync: true
06-14 14:54:08.781  1229  1231 D dalvikvm: GC_CONCURRENT freed 795K, 8% free 12003K/12935K, paused 4ms+9ms
06-14 14:54:08.968  1229  9188 D dalvikvm: GC_EXPLICIT freed 609K, 11% free 11553K/12935K, paused 2ms+11ms
06-14 14:54:09.078  1229  9188 I Gmail   : MainSyncRequestProto: lowestBkwdConvoId: 0, highestHandledServerOp: 1067362, normalSync: true
06-14 14:54:09.093  1229  9188 W Gmail   : Scheduling index for 300000 ms from now
06-14 14:54:09.211  1229  9191 I Gmail   : MainSyncRequestProto: lowestBkwdConvoId: 0, highestHandledServerOp: 1067362, normalSync: true
06-14 14:54:11.047  1229  9191 D dalvikvm: GC_EXPLICIT freed 404K, 9% free 11812K/12935K, paused 2ms+12ms
06-14 14:54:11.164  1229  9191 I Gmail   : MainSyncRequestProto: lowestBkwdConvoId: 0, highestHandledServerOp: 1067379, normalSync: true
06-14 14:54:11.176  1229  9191 W Gmail   : Scheduling index for 300000 ms from now
06-14 14:54:32.812   141   169 I power   : *** set_screen_state 0
06-14 14:54:32.867    79   119 D SurfaceFlinger: About to give-up screen, flinger = 0x1464918
06-14 14:54:33.011   371   421 D NfcService: NFC-C OFF, disconnect
06-14 14:54:37.914   141   173 V TransportControlView: Create TCV com.android.internal.widget.TransportControlView@41336010
06-14 14:54:37.980   217   217 D PhoneStatusBar: disable: < expand icons alerts ticker system_info back home RECENT* clock >
06-14 14:54:38.000   141   173 D android.widget.GridLayout: horizontal constraints: x1 - x0 > 214, x2 - x1 > 96, x3 - x2 > 300, x3 - x0 < 480 are inconsistent; permanently removing: x3 - x0 < 480. 
06-14 14:54:38.008   141   178 I InputReader: Reconfiguring input devices.  changes=0x00000004
06-14 14:54:38.008   141   178 I InputReader: Device reconfigured: id=7, name='mxt224_ts_input', surface size is now 480x800, mode is 1
06-14 14:54:38.023   141   173 I ActivityManager: Config changed: {1.0 310mcc120mnc en_US layoutdir=0 sw320dp w320dp h508dp nrml long port finger -keyb/v/h -nav/h s.14}
06-14 14:54:38.039  1229  1229 D OpenGLRenderer: Flushing caches (mode 0)
06-14 14:54:38.133  1229  1229 D webviewglue: nativeDestroy view: 0x2226218
06-14 14:54:38.144  1229  1229 D webviewglue: nativeDestroy view: 0x1d49600
06-14 14:54:38.156   141   144 D dalvikvm: GC_CONCURRENT freed 386K, 15% free 15431K/18119K, paused 5ms+12ms
06-14 14:54:38.211   141   173 V TransportControlView: Create TCV com.android.internal.widget.TransportControlView@413371d8
06-14 14:54:38.293   217   217 D dalvikvm: GC_FOR_ALLOC freed 386K, 16% free 9695K/11463K, paused 66ms
06-14 14:54:38.312  1229  1229 D dalvikvm: GC_EXPLICIT freed 543K, 11% free 11592K/12935K, paused 2ms+7ms
06-14 14:54:38.336   217   217 D PhoneStatusBar: disable: < expand icons alerts ticker system_info BACK* HOME* RECENT CLOCK* >
06-14 14:54:38.437  1229  1229 W PhoneWindow: Previously focused view reported id 2131689606 during save, but can't be found during restore.
06-14 14:54:38.687  1229  1231 D dalvikvm: GC_CONCURRENT freed 719K, 10% free 11723K/12935K, paused 2ms+6ms
06-14 14:54:40.090  1229  1231 D dalvikvm: GC_CONCURRENT freed 674K, 8% free 11942K/12935K, paused 6ms+5ms
06-14 14:54:40.414  1229  2331 D dalvikvm: GC_EXPLICIT freed 233K, 9% free 11830K/12935K, paused 2ms+4ms
06-14 14:54:43.074   141   172 W WindowManager: App freeze timeout expired.
06-14 14:55:08.152   547  1277 I PhoneLab-: Service Running
06-14 14:55:08.238   547  1277 I PhoneLab-LoggerService: app_38    1287  547   1428   1056  c00f181c 400107b4 S logcat
06-14 14:55:08.242   547  1277 I PhoneLab-LoggerService: Logcat pid from database 1287
06-14 14:55:08.242   547  1277 I PhoneLab-LoggerService: Logcat process found 1287
06-14 14:55:08.242   547  1277 I PhoneLab-LoggerService: Checking Threshold
06-14 14:55:09.953   141  9194 D dalvikvm: GC_EXPLICIT freed 678K, 15% free 15405K/18119K, paused 3ms+6ms
06-14 14:55:09.976  1229  9199 I Gmail   : MainSyncRequestProto: lowestBkwdConvoId: 0, highestHandledServerOp: 1067379, normalSync: true
06-14 14:55:10.926  1229  9199 D dalvikvm: GC_EXPLICIT freed 218K, 8% free 11938K/12935K, paused 2ms+9ms
06-14 14:55:11.023  1229  9199 I Gmail   : MainSyncRequestProto: lowestBkwdConvoId: 0, highestHandledServerOp: 1067382, normalSync: true
06-14 14:55:11.058  1229  9199 W Gmail   : Scheduling index for 300000 ms from now
06-14 14:57:08.152   547  1277 I PhoneLab-: Service Running
06-14 14:57:08.222   547  1277 I PhoneLab-LoggerService: app_38    1287  547   1428   1056  c00f181c 400107b4 S logcat
06-14 14:57:08.222   547  1277 I PhoneLab-LoggerService: Logcat pid from database 1287
06-14 14:57:08.226   547  1277 I PhoneLab-LoggerService: Logcat process found 1287
06-14 14:57:08.226   547  1277 I PhoneLab-LoggerService: Checking Threshold
06-14 14:59:08.152   547  1277 I PhoneLab-: Service Running
06-14 14:59:08.222   547  1277 I PhoneLab-LoggerService: app_38    1287  547   1428   1056  c00f181c 400107b4 S logcat
06-14 14:59:08.226   547  1277 I PhoneLab-LoggerService: Logcat pid from database 1287
06-14 14:59:08.226   547  1277 I PhoneLab-LoggerService: Logcat process found 1287
06-14 14:59:08.226   547  1277 I PhoneLab-LoggerService: Checking Threshold
06-14 15:01:08.152   547  1277 I PhoneLab-: Service Running
06-14 15:01:08.222   547  1277 I PhoneLab-LoggerService: app_38    1287  547   1428   1056  c00f181c 400107b4 S logcat
06-14 15:01:08.226   547  1277 I PhoneLab-LoggerService: Logcat pid from database 1287
06-14 15:01:08.226   547  1277 I PhoneLab-LoggerService: Logcat process found 1287
06-14 15:01:08.226   547  1277 I PhoneLab-LoggerService: Checking Threshold
06-14 15:03:08.152   547  1277 I PhoneLab-: Service Running
06-14 15:03:08.222   547  1277 I PhoneLab-LoggerService: app_38    1287  547   1428   1056  c00f181c 400107b4 S logcat
06-14 15:03:08.222   547  1277 I PhoneLab-LoggerService: Logcat pid from database 1287
06-14 15:03:08.222   547  1277 I PhoneLab-LoggerService: Logcat process found 1287
06-14 15:03:08.222   547  1277 I PhoneLab-LoggerService: Checking Threshold
06-14 15:03:16.394  1058  1058 D dalvikvm: GC_EXPLICIT freed 326K, 6% free 10518K/11143K, paused 4ms+2ms
06-14 15:03:25.265   547   547 I PhoneLab-Locks: wake lock acquired
06-14 15:03:25.285   547   547 I PhoneLab-StatusMonitor: Status Monitoring is started
06-14 15:03:25.320   547   548 D dalvikvm: GC_CONCURRENT freed 551K, 17% free 9243K/11079K, paused 2ms+3ms
06-14 15:03:25.347   547   547 I PhoneLab-StatusMonitor: Value: 10 - unit: min
06-14 15:03:25.347   547   547 I PhoneLab-StatusMonitor: Running interval: 600000
06-14 15:03:25.351   547   547 I PhoneLab-StatusMonitor: Rescheduling status monitoring...
06-14 15:03:25.355   547   547 I PhoneLab-Locks: wake lock released
06-14 15:03:25.359   547   547 I PhoneLab-StatusMonitorLocation: Learning Location
06-14 15:03:25.359   547   547 I PhoneLab-Locks: wake lock acquired
06-14 15:03:25.363   547   547 I PhoneLab-Locks: wake lock acquired
06-14 15:03:25.363   303   575 D androidNetworkLocationListeners: Still have listener com.google.android.location.internal.client.NetworkLocationClient$1@4138edc0
06-14 15:03:25.367   547   547 I PhoneLab-StatusMonitorLocation: Learning Signal Strgth
06-14 15:03:25.367   547   547 I PhoneLab-Locks: wake lock acquired
06-14 15:03:25.383   303   575 D androidNetworkLocationListeners: Still have listener com.google.android.location.internal.client.NetworkLocationClient$1@4138edc0
06-14 15:03:25.390   547   547 I PhoneLab-StatusMonitorBattery: Battery_level: 69
06-14 15:03:25.394   547   547 I PhoneLab-Locks: wake lock released
06-14 15:03:25.394   547   547 I PhoneLab-StatusMonitorSignal: Signal_Strength: -76 asu: 19
06-14 15:03:25.394   547   547 I PhoneLab-Locks: wake lock released
06-14 15:03:25.406   547   548 D dalvikvm: GC_CONCURRENT freed 450K, 18% free 9184K/11079K, paused 1ms+2ms
06-14 15:03:26.683   547   547 I PhoneLab-StatusMonitorLocation: Location_Latitude: 42.9552217 Longitude: -78.8288658 Accuracy: 36.0
06-14 15:03:26.683   303   575 D androidNetworkLocationListeners: Still have listener com.google.android.location.internal.client.NetworkLocationClient$1@4138edc0
06-14 15:03:26.687   547   547 I PhoneLab-Locks: wake lock released
06-14 15:03:27.968   303   305 D dalvikvm: GC_CONCURRENT freed 551K, 7% free 10439K/11143K, paused 2ms+3ms
06-14 15:03:40.308  3204  3206 D dalvikvm: GC_CONCURRENT freed 477K, 31% free 10884K/15751K, paused 14ms+3ms
06-14 15:05:08.152   547  1277 I PhoneLab-: Service Running
06-14 15:05:08.222   547  1277 I PhoneLab-LoggerService: app_38    1287  547   1428   1056  c00f181c 400107b4 S logcat
06-14 15:05:08.226   547  1277 I PhoneLab-LoggerService: Logcat pid from database 1287
06-14 15:05:08.226   547  1277 I PhoneLab-LoggerService: Logcat process found 1287
06-14 15:05:08.226   547  1277 I PhoneLab-LoggerService: Checking Threshold
06-14 15:07:07.777  1229  9211 W Gmail   : Successful index run, cancel next scheduled index run
06-14 15:07:08.152   547  1277 I PhoneLab-: Service Running
06-14 15:07:08.250   547  1277 I PhoneLab-LoggerService: app_38    1287  547   1428   1056  c00f181c 400107b4 S logcat
06-14 15:07:08.250   547  1277 I PhoneLab-LoggerService: Logcat pid from database 1287
06-14 15:07:08.250   547  1277 I PhoneLab-LoggerService: Logcat process found 1287
06-14 15:07:08.250   547  1277 I PhoneLab-LoggerService: Checking Threshold
06-14 15:09:08.152   547  1277 I PhoneLab-: Service Running
06-14 15:09:08.222   547  1277 I PhoneLab-LoggerService: app_38    1287  547   1428   1056  c00f181c 400107b4 S logcat
06-14 15:09:08.222   547  1277 I PhoneLab-LoggerService: Logcat pid from database 1287
06-14 15:09:08.222   547  1277 I PhoneLab-LoggerService: Logcat process found 1287
06-14 15:09:08.222   547  1277 I PhoneLab-LoggerService: Checking Threshold
06-14 15:11:08.152   547  1277 I PhoneLab-: Service Running
06-14 15:11:08.222   547  1277 I PhoneLab-LoggerService: app_38    1287  547   1428   1056  c00f181c 400107b4 S logcat
06-14 15:11:08.222   547  1277 I PhoneLab-LoggerService: Logcat pid from database 1287
06-14 15:11:08.222   547  1277 I PhoneLab-LoggerService: Logcat process found 1287
06-14 15:11:08.222   547  1277 I PhoneLab-LoggerService: Checking Threshold
06-14 15:13:08.152   547  1277 I PhoneLab-: Service Running
06-14 15:13:08.222   547  1277 I PhoneLab-LoggerService: app_38    1287  547   1428   1056  c00f181c 400107b4 S logcat
06-14 15:13:08.222   547  1277 I PhoneLab-LoggerService: Logcat pid from database 1287
06-14 15:13:08.222   547  1277 I PhoneLab-LoggerService: Logcat process found 1287
06-14 15:13:08.222   547  1277 I PhoneLab-LoggerService: Checking Threshold
06-14 15:13:25.379   547   547 I PhoneLab-Locks: wake lock acquired
06-14 15:13:25.406   547   547 I PhoneLab-StatusMonitor: Status Monitoring is started
06-14 15:13:25.445   547   548 D dalvikvm: GC_CONCURRENT freed 445K, 17% free 9249K/11079K, paused 2ms+2ms
06-14 15:13:25.465   547   547 I PhoneLab-StatusMonitor: Value: 10 - unit: min
06-14 15:13:25.465   547   547 I PhoneLab-StatusMonitor: Running interval: 600000
06-14 15:13:25.468   547   547 I PhoneLab-StatusMonitor: Rescheduling status monitoring...
06-14 15:13:25.468   547   547 I PhoneLab-Locks: wake lock released
06-14 15:13:25.476   547   547 I PhoneLab-StatusMonitorLocation: Learning Location
06-14 15:13:25.476   547   547 I PhoneLab-Locks: wake lock acquired
06-14 15:13:25.476   547   547 I PhoneLab-Locks: wake lock acquired
06-14 15:13:25.480   303   575 D androidNetworkLocationListeners: Still have listener com.google.android.location.internal.client.NetworkLocationClient$1@4138edc0
06-14 15:13:25.480   547   547 I PhoneLab-StatusMonitorLocation: Learning Signal Strgth
06-14 15:13:25.480   547   547 I PhoneLab-Locks: wake lock acquired
06-14 15:13:25.488   303   575 D androidNetworkLocationListeners: Still have listener com.google.android.location.internal.client.NetworkLocationClient$1@4138edc0
06-14 15:13:25.492   547   547 I PhoneLab-StatusMonitorBattery: Battery_level: 68
06-14 15:13:25.492   547   547 I PhoneLab-Locks: wake lock released
06-14 15:13:25.496   547   547 I PhoneLab-StatusMonitorSignal: Signal_Strength: -76 asu: 19
06-14 15:13:25.496   547   547 I PhoneLab-Locks: wake lock released
06-14 15:13:26.773   547   547 I PhoneLab-StatusMonitorLocation: Location_Latitude: 42.9552991 Longitude: -78.8289226 Accuracy: 39.0
06-14 15:13:26.773   303   575 D androidNetworkLocationListeners: Still have listener com.google.android.location.internal.client.NetworkLocationClient$1@4138edc0
06-14 15:13:26.773   547   547 I PhoneLab-Locks: wake lock released
06-14 15:13:28.074   303   305 D dalvikvm: GC_CONCURRENT freed 524K, 7% free 10427K/11143K, paused 2ms+3ms
06-14 15:15:08.152   547  1277 I PhoneLab-: Service Running
06-14 15:15:08.222   547  1277 I PhoneLab-LoggerService: app_38    1287  547   1428   1056  c00f181c 400107b4 S logcat
06-14 15:15:08.222   547  1277 I PhoneLab-LoggerService: Logcat pid from database 1287
06-14 15:15:08.222   547  1277 I PhoneLab-LoggerService: Logcat process found 1287
06-14 15:15:08.222   547  1277 I PhoneLab-LoggerService: Checking Threshold
06-14 15:17:08.152   547  1277 I PhoneLab-: Service Running
06-14 15:17:08.222   547  1277 I PhoneLab-LoggerService: app_38    1287  547   1428   1056  c00f181c 400107b4 S logcat
06-14 15:17:08.226   547  1277 I PhoneLab-LoggerService: Logcat pid from database 1287
06-14 15:17:08.226   547  1277 I PhoneLab-LoggerService: Logcat process found 1287
06-14 15:17:08.226   547  1277 I PhoneLab-LoggerService: Checking Threshold
06-14 15:19:00.101   217   219 D dalvikvm: GC_CONCURRENT freed 199K, 14% free 9883K/11463K, paused 2ms+3ms
06-14 15:19:08.152   547  1277 I PhoneLab-: Service Running
06-14 15:19:08.261   547   548 D dalvikvm: GC_CONCURRENT freed 436K, 17% free 9226K/11079K, paused 1ms+3ms
06-14 15:19:08.265   547  1277 I PhoneLab-LoggerService: app_38    1287  547   1428   1056  c00f181c 400107b4 S logcat
06-14 15:19:08.265   547  1277 I PhoneLab-LoggerService: Logcat pid from database 1287
06-14 15:19:08.265   547  1277 I PhoneLab-LoggerService: Logcat process found 1287
06-14 15:19:08.265   547  1277 I PhoneLab-LoggerService: Checking Threshold
06-14 15:20:00.156   141   144 D dalvikvm: GC_CONCURRENT freed 1421K, 15% free 15472K/18119K, paused 3ms+6ms
06-14 15:21:08.152   547  1277 I PhoneLab-: Service Running
06-14 15:21:08.222   547  1277 I PhoneLab-LoggerService: app_38    1287  547   1428   1056  c00f181c 400107b4 S logcat
06-14 15:21:08.222   547  1277 I PhoneLab-LoggerService: Logcat pid from database 1287
06-14 15:21:08.222   547  1277 I PhoneLab-LoggerService: Logcat process found 1287
06-14 15:21:08.222   547  1277 I PhoneLab-LoggerService: Checking Threshold
06-14 15:23:08.152   547  1277 I PhoneLab-: Service Running
06-14 15:23:08.222   547  1277 I PhoneLab-LoggerService: app_38    1287  547   1428   1056  c00f181c 400107b4 S logcat
06-14 15:23:08.222   547  1277 I PhoneLab-LoggerService: Logcat pid from database 1287
06-14 15:23:08.222   547  1277 I PhoneLab-LoggerService: Logcat process found 1287
06-14 15:23:08.222   547  1277 I PhoneLab-LoggerService: Checking Threshold
06-14 15:23:11.613   303   730 I EventLogService: Aggregate from 1339699991525 (log), 1339699991525 (data)
06-14 15:23:12.636   547   547 I PhoneLab-Locks: wake lock acquired
06-14 15:23:12.668   547  9227 I PhoneLab-PeriodicCheckService: User info is synched
06-14 15:23:12.672   547  9227 I PhoneLab-PeriodicCheckService: Logger Service is running
06-14 15:23:12.672   547  9227 I PhoneLab-Locks: wake lock acquired
06-14 15:23:12.676   547   547 I PhoneLab-UploadLogs: Transfering log files now
06-14 15:23:12.676   547   547 I PhoneLab-UploadLogs: No log files to transfer
06-14 15:23:12.676   547   547 I PhoneLab-Locks: wake lock released
06-14 15:23:12.676   547   547 I PhoneLab-UploadLogs: OnStartCommand
06-14 15:23:12.676   547  9227 I PhoneLab-PeriodicCheckService: Rescheduling periodic checking...
06-14 15:23:12.679   547  9227 I PhoneLab-Locks: wake lock released
06-14 15:23:25.492   547   547 I PhoneLab-Locks: wake lock acquired
06-14 15:23:25.519   547   547 I PhoneLab-StatusMonitor: Status Monitoring is started
06-14 15:23:25.574   547   548 D dalvikvm: GC_CONCURRENT freed 426K, 16% free 9311K/11079K, paused 1ms+3ms
06-14 15:23:25.590   547   547 I PhoneLab-StatusMonitor: Value: 10 - unit: min
06-14 15:23:25.590   547   547 I PhoneLab-StatusMonitor: Running interval: 600000
06-14 15:23:25.597   547   547 I PhoneLab-StatusMonitor: Rescheduling status monitoring...
06-14 15:23:25.601   547   547 I PhoneLab-Locks: wake lock released
06-14 15:23:25.605   547   547 I PhoneLab-StatusMonitorLocation: Learning Location
06-14 15:23:25.605   547   547 I PhoneLab-Locks: wake lock acquired
06-14 15:23:25.609   547   547 I PhoneLab-Locks: wake lock acquired
06-14 15:23:25.609   303   575 D androidNetworkLocationListeners: Still have listener com.google.android.location.internal.client.NetworkLocationClient$1@4138edc0
06-14 15:23:25.613   547   547 I PhoneLab-StatusMonitorLocation: Learning Signal Strgth
06-14 15:23:25.613   547   547 I PhoneLab-Locks: wake lock acquired
06-14 15:23:25.621   303   575 D androidNetworkLocationListeners: Still have listener com.google.android.location.internal.client.NetworkLocationClient$1@4138edc0
06-14 15:23:25.625   547   547 I PhoneLab-StatusMonitorBattery: Battery_level: 68
06-14 15:23:25.625   547   547 I PhoneLab-Locks: wake lock released
06-14 15:23:25.629   547   547 I PhoneLab-StatusMonitorSignal: Signal_Strength: -76 asu: 19
06-14 15:23:25.629   547   547 I PhoneLab-Locks: wake lock released
06-14 15:23:26.890   547   547 I PhoneLab-StatusMonitorLocation: Location_Latitude: 42.9553144 Longitude: -78.8289282 Accuracy: 37.0
06-14 15:23:26.890   303   575 D androidNetworkLocationListeners: Still have listener com.google.android.location.internal.client.NetworkLocationClient$1@4138edc0
06-14 15:23:26.890   547   547 I PhoneLab-Locks: wake lock released
06-14 15:23:28.211   303   305 D dalvikvm: GC_CONCURRENT freed 509K, 7% free 10429K/11143K, paused 2ms+3ms
06-14 15:24:49.840  1058  1060 D dalvikvm: GC_CONCURRENT freed 392K, 6% free 10509K/11143K, paused 15ms+2ms
06-14 15:25:08.152   547  1277 I PhoneLab-: Service Running
06-14 15:25:08.222   547  1277 I PhoneLab-LoggerService: app_38    1287  547   1428   1056  c00f181c 400107b4 S logcat
06-14 15:25:08.222   547  1277 I PhoneLab-LoggerService: Logcat pid from database 1287
06-14 15:25:08.222   547  1277 I PhoneLab-LoggerService: Logcat process found 1287
06-14 15:25:08.222   547  1277 I PhoneLab-LoggerService: Checking Threshold
06-14 15:27:08.152   547  1277 I PhoneLab-: Service Running
06-14 15:27:08.222   547  1277 I PhoneLab-LoggerService: app_38    1287  547   1428   1056  c00f181c 400107b4 S logcat
06-14 15:27:08.222   547  1277 I PhoneLab-LoggerService: Logcat pid from database 1287
06-14 15:27:08.222   547  1277 I PhoneLab-LoggerService: Logcat process found 1287
06-14 15:27:08.222   547  1277 I PhoneLab-LoggerService: Checking Threshold
06-14 15:28:50.683  1229  9238 I Gmail   : MainSyncRequestProto: lowestBkwdConvoId: 0, highestHandledServerOp: 1067382, normalSync: true
06-14 15:29:08.152   547  1277 I PhoneLab-: Service Running
06-14 15:29:08.222   547  1277 I PhoneLab-LoggerService: app_38    1287  547   1428   1056  c00f181c 400107b4 S logcat
06-14 15:29:08.222   547  1277 I PhoneLab-LoggerService: Logcat pid from database 1287
06-14 15:29:08.222   547  1277 I PhoneLab-LoggerService: Logcat process found 1287
06-14 15:29:08.222   547  1277 I PhoneLab-LoggerService: Checking Threshold
06-14 15:29:50.996  1229  9238 E Gmail   : IOException: Read timed out
06-14 15:29:51.090   141   166 D SyncManager: failed sync operation 21bhaavyaakapoor@gmail.com (com.google), gmail-ls, SERVER, earliestRunTime 54402891, SyncResult: stats [ numIoExceptions: 1]
06-14 15:29:51.144  2739  2754 D AccountTypeManager: Registering external account type=com.kakao.talk, packageName=com.kakao.talk
06-14 15:29:51.187  2739  2754 W ResourceType: getEntry failing because entryIndex 393 is beyond type entryCount 189
06-14 15:29:51.187  2739  2754 W ResourceType: Failure getting entry for 0x7f020189 (t=1 e=393) in package 0 (error -2147483647)
06-14 15:29:51.187  2739  2754 D AccountTypeManager: Registering external account type=com.whatsapp, packageName=com.whatsapp
06-14 15:29:51.211  2739  2754 W ResourceType: getEntry failing because entryIndex 603 is beyond type entryCount 189
06-14 15:29:51.211  2739  2754 W ResourceType: Failure getting entry for 0x7f02025b (t=1 e=603) in package 0 (error -2147483647)
06-14 15:29:51.215  2739  2754 D AccountTypeManager: Registering external account type=com.skype.contacts.sync, packageName=com.skype.raider
06-14 15:29:51.301  2739  2754 W ResourceType: getEntry failing because entryIndex 1377 is beyond type entryCount 189
06-14 15:29:51.301  2739  2754 W ResourceType: Failure getting entry for 0x7f020561 (t=1 e=1377) in package 0 (error -2147483647)
06-14 15:29:51.301  2739  2754 W ResourceType: getEntry failing because entryIndex 1378 is beyond type entryCount 189
06-14 15:29:51.301  2739  2754 W ResourceType: Failure getting entry for 0x7f020562 (t=1 e=1378) in package 0 (error -2147483647)
06-14 15:29:51.301  2739  2754 W ResourceType: getEntry failing because entryIndex 1379 is beyond type entryCount 189
06-14 15:29:51.301  2739  2754 W ResourceType: Failure getting entry for 0x7f020563 (t=1 e=1379) in package 0 (error -2147483647)
06-14 15:29:51.301  2739  2754 W ResourceType: getEntry failing because entryIndex 1778 is beyond type entryCount 189
06-14 15:29:51.301  2739  2754 W ResourceType: Failure getting entry for 0x7f0206f2 (t=1 e=1778) in package 0 (error -2147483647)
06-14 15:29:51.301  2739  2754 D AccountTypeManager: Registering external account type=com.facebook.auth.login, packageName=com.facebook.katana
06-14 15:29:51.363  2739  2754 W ResourceType: getEntry failing because entryIndex 344 is beyond type entryCount 189
06-14 15:29:51.363  2739  2754 W ResourceType: Failure getting entry for 0x7f020158 (t=1 e=344) in package 0 (error -2147483647)
06-14 15:29:51.363  2739  2754 D AccountTypeManager: Registering 1 extension packages
06-14 15:29:51.379  2739  2754 I AccountTypeManager: Loaded meta-data for 6 account types, 4 accounts in 252ms(wall) 38ms(cpu)
06-14 15:30:21.562  1229  1231 D dalvikvm: GC_CONCURRENT freed 702K, 7% free 12100K/12935K, paused 5ms+5ms
06-14 15:30:21.590  1229  9241 I Gmail   : MainSyncRequestProto: lowestBkwdConvoId: 0, highestHandledServerOp: 1067382, normalSync: true
06-14 15:30:21.672   141  9195 D dalvikvm: GC_EXPLICIT freed 756K, 15% free 15446K/18119K, paused 3ms+6ms
06-14 15:30:22.988  1229  9241 D dalvikvm: GC_EXPLICIT freed 898K, 8% free 11998K/12935K, paused 6ms+7ms
06-14 15:30:23.027  1229  9241 I Gmail   : MainSyncRequestProto: lowestBkwdConvoId: 0, highestHandledServerOp: 1067463, normalSync: true
06-14 15:30:24.765  1229  9241 D dalvikvm: GC_EXPLICIT freed 518K, 8% free 11963K/12935K, paused 6ms+13ms
06-14 15:30:24.836  1229  9241 I Gmail   : MainSyncRequestProto: lowestBkwdConvoId: 0, highestHandledServerOp: 1067466, normalSync: true
06-14 15:30:24.855  1229  9241 W Gmail   : Scheduling index for 300000 ms from now
06-14 15:30:24.949  1229  9241 I Gmail   : Sending notification intent: Intent { act=android.intent.action.PROVIDER_CHANGED dat=content://gmail-ls/unread/^i (has extras) }
06-14 15:30:24.992  1229  9248 W Gmail   : Showing notification with unreadCount of 1202 and unseenCount of 1
06-14 15:30:25.004  1229  9241 I Gmail   : Sending notification intent: Intent { act=android.intent.action.PROVIDER_CHANGED dat=content://gmail-ls/unread/^iim (has extras) }
06-14 15:30:25.125   141  9250 I AudioService:  AudioFocus  requestAudioFocus() from android.media.AudioManager@4151fea0
06-14 15:30:25.148    82   126 D AudioHardware: AudioHardware pcm playback is exiting standby.
06-14 15:30:25.148    82   126 D AudioHardware: openPcmOut_l() mPcmOpenCnt: 0
06-14 15:30:25.265   217   219 D dalvikvm: GC_CONCURRENT freed 142K, 11% free 10215K/11463K, paused 1ms+2ms
06-14 15:30:25.273  2739  2754 D AccountTypeManager: Registering external account type=com.kakao.talk, packageName=com.kakao.talk
06-14 15:30:25.293  2739  2754 W ResourceType: getEntry failing because entryIndex 393 is beyond type entryCount 189
06-14 15:30:25.297  2739  2754 W ResourceType: Failure getting entry for 0x7f020189 (t=1 e=393) in package 0 (error -2147483647)
06-14 15:30:25.297  2739  2754 D AccountTypeManager: Registering external account type=com.whatsapp, packageName=com.whatsapp
06-14 15:30:25.301  2739  2754 W ResourceType: getEntry failing because entryIndex 603 is beyond type entryCount 189
06-14 15:30:25.301  2739  2754 W ResourceType: Failure getting entry for 0x7f02025b (t=1 e=603) in package 0 (error -2147483647)
06-14 15:30:25.304  2739  2754 D AccountTypeManager: Registering external account type=com.skype.contacts.sync, packageName=com.skype.raider
06-14 15:30:25.304  2739  2754 W ResourceType: getEntry failing because entryIndex 1377 is beyond type entryCount 189
06-14 15:30:25.304  2739  2754 W ResourceType: Failure getting entry for 0x7f020561 (t=1 e=1377) in package 0 (error -2147483647)
06-14 15:30:25.304  2739  2754 W ResourceType: getEntry failing because entryIndex 1378 is beyond type entryCount 189
06-14 15:30:25.304  2739  2754 W ResourceType: Failure getting entry for 0x7f020562 (t=1 e=1378) in package 0 (error -2147483647)
06-14 15:30:25.304  2739  2754 W ResourceType: getEntry failing because entryIndex 1379 is beyond type entryCount 189
06-14 15:30:25.304  2739  2754 W ResourceType: Failure getting entry for 0x7f020563 (t=1 e=1379) in package 0 (error -2147483647)
06-14 15:30:25.304  2739  2754 W ResourceType: getEntry failing because entryIndex 1778 is beyond type entryCount 189
06-14 15:30:25.304  2739  2754 W ResourceType: Failure getting entry for 0x7f0206f2 (t=1 e=1778) in package 0 (error -2147483647)
06-14 15:30:25.304  2739  2754 D AccountTypeManager: Registering external account type=com.facebook.auth.login, packageName=com.facebook.katana
06-14 15:30:25.324  2739  2754 W ResourceType: getEntry failing because entryIndex 344 is beyond type entryCount 189
06-14 15:30:25.324  2739  2754 W ResourceType: Failure getting entry for 0x7f020158 (t=1 e=344) in package 0 (error -2147483647)
06-14 15:30:25.324  2739  2754 D AccountTypeManager: Registering 1 extension packages
06-14 15:30:25.379   217   219 D dalvikvm: GC_CONCURRENT freed 539K, 12% free 10098K/11463K, paused 2ms+2ms
06-14 15:30:25.386  2739  2754 I AccountTypeManager: Loaded meta-data for 6 account types, 4 accounts in 182ms(wall) 11ms(cpu)
06-14 15:30:26.261  1229  1231 D dalvikvm: GC_CONCURRENT freed 765K, 7% free 12217K/13063K, paused 2ms+7ms
06-14 15:30:27.043   141  9250 I AudioService:  AudioFocus  abandonAudioFocus() from android.media.AudioManager@4151fea0
06-14 15:30:30.125    82   126 D AudioHardware: AudioHardware pcm playback is going to standby.
06-14 15:30:30.129    82   126 D AudioHardware: closePcmOut_l() mPcmOpenCnt: 1
06-14 15:31:08.152   547  1277 I PhoneLab-: Service Running
06-14 15:31:08.222   547  1277 I PhoneLab-LoggerService: app_38    1287  547   1428   1056  c00f181c 400107b4 S logcat
06-14 15:31:08.222   547  1277 I PhoneLab-LoggerService: Logcat pid from database 1287
06-14 15:31:08.222   547  1277 I PhoneLab-LoggerService: Logcat process found 1287
06-14 15:31:08.222   547  1277 I PhoneLab-LoggerService: Checking Threshold
06-14 15:33:08.152   547  1277 I PhoneLab-: Service Running
06-14 15:33:08.234   547  1277 I PhoneLab-LoggerService: app_38    1287  547   1428   1056  c00f181c 400107b4 S logcat
06-14 15:33:08.234   547  1277 I PhoneLab-LoggerService: Logcat pid from database 1287
06-14 15:33:08.234   547  1277 I PhoneLab-LoggerService: Logcat process found 1287
06-14 15:33:08.234   547  1277 I PhoneLab-LoggerService: Checking Threshold
06-14 15:33:08.238   547   548 D dalvikvm: GC_CONCURRENT freed 504K, 17% free 9214K/11079K, paused 2ms+2ms
06-14 15:33:25.148  1229  9258 I Gmail   : MainSyncRequestProto: lowestBkwdConvoId: 0, highestHandledServerOp: 1067466, normalSync: true
06-14 15:33:25.617   547   547 I PhoneLab-Locks: wake lock acquired
06-14 15:33:25.648   547   547 I PhoneLab-StatusMonitor: Status Monitoring is started
06-14 15:33:25.691   547   547 I PhoneLab-StatusMonitor: Value: 10 - unit: min
06-14 15:33:25.699   547   547 I PhoneLab-StatusMonitor: Running interval: 600000
06-14 15:33:25.699   547   548 D dalvikvm: GC_CONCURRENT freed 461K, 17% free 9264K/11079K, paused 2ms+2ms
06-14 15:33:25.707   547   547 I PhoneLab-StatusMonitor: Rescheduling status monitoring...
06-14 15:33:25.707   547   547 I PhoneLab-Locks: wake lock released
06-14 15:33:25.711   547   547 I PhoneLab-StatusMonitorLocation: Learning Location
06-14 15:33:25.711   547   547 I PhoneLab-Locks: wake lock acquired
06-14 15:33:25.715   547   547 I PhoneLab-Locks: wake lock acquired
06-14 15:33:25.715   303   575 D androidNetworkLocationListeners: Still have listener com.google.android.location.internal.client.NetworkLocationClient$1@4138edc0
06-14 15:33:25.722   547   547 I PhoneLab-StatusMonitorLocation: Learning Signal Strgth
06-14 15:33:25.722   547   547 I PhoneLab-Locks: wake lock acquired
06-14 15:33:25.730   303   575 D androidNetworkLocationListeners: Still have listener com.google.android.location.internal.client.NetworkLocationClient$1@4138edc0
06-14 15:33:25.734   547   547 I PhoneLab-StatusMonitorBattery: Battery_level: 67
06-14 15:33:25.734   547   547 I PhoneLab-Locks: wake lock released
06-14 15:33:25.738   547   547 I PhoneLab-StatusMonitorSignal: Signal_Strength: -76 asu: 19
06-14 15:33:25.738   547   547 I PhoneLab-Locks: wake lock released
06-14 15:33:26.258  1229  1231 D dalvikvm: GC_CONCURRENT freed 1090K, 10% free 12101K/13319K, paused 2ms+6ms
06-14 15:33:26.570  1229  9258 D dalvikvm: GC_EXPLICIT freed 536K, 9% free 12237K/13319K, paused 2ms+7ms
06-14 15:33:26.578  1229  9258 I Gmail   : MainSyncRequestProto: lowestBkwdConvoId: 0, highestHandledServerOp: 1067509, normalSync: true
06-14 15:33:26.594  1229  9258 W Gmail   : Scheduling index for 300000 ms from now
06-14 15:33:26.726  1229  9258 I Gmail   : Sending notification intent: Intent { act=android.intent.action.PROVIDER_CHANGED dat=content://gmail-ls/unread/^i (has extras) }
06-14 15:33:26.789  1229  9258 I Gmail   : Sending notification intent: Intent { act=android.intent.action.PROVIDER_CHANGED dat=content://gmail-ls/unread/^iim (has extras) }
06-14 15:33:26.969   141  9194 D dalvikvm: GC_EXPLICIT freed 573K, 15% free 15478K/18119K, paused 3ms+7ms
06-14 15:33:27.051   547   547 I PhoneLab-StatusMonitorLocation: Location_Latitude: 42.9553164 Longitude: -78.8289275 Accuracy: 33.0
06-14 15:33:27.051   303   575 D androidNetworkLocationListeners: Still have listener com.google.android.location.internal.client.NetworkLocationClient$1@4138edc0
06-14 15:33:27.051   547   547 I PhoneLab-Locks: wake lock released
06-14 15:33:27.078   303   305 D dalvikvm: GC_CONCURRENT freed 386K, 7% free 10443K/11143K, paused 2ms+3ms
06-14 15:33:28.281   303   623 D WifiLocator: Not enough positive cache hits compared to misses. Need server request. hasLocation=1 noLocation=0 cacheMiss=3
06-14 15:33:28.285   303   623 D NetworkLocator: Not reporting location since the new location has worse accuracy than the previous one.
06-14 15:33:28.308   303   577 I System.out: [INFO:54646457]: LogSource: Running flush
06-14 15:33:28.308   303   578 I System.out: [INFO:54646459]: LogSource: Sending payload [bytes=504]
06-14 15:33:28.761   303   578 I System.out: [INFO:54646911]: LogSource: Response [http=200,length=233]
06-14 15:33:28.769   303   577 I System.out: [INFO:54646917]: LogSource: Read id 4, status code 200
06-14 15:33:28.894   303   305 D dalvikvm: GC_CONCURRENT freed 419K, 7% free 10451K/11143K, paused 4ms+2ms
06-14 15:35:08.152   547  1277 I PhoneLab-: Service Running
06-14 15:35:08.222   547  1277 I PhoneLab-LoggerService: app_38    1287  547   1428   1056  c00f181c 400107b4 S logcat
06-14 15:35:08.222   547  1277 I PhoneLab-LoggerService: Logcat pid from database 1287
06-14 15:35:08.222   547  1277 I PhoneLab-LoggerService: Logcat process found 1287
06-14 15:35:08.222   547  1277 I PhoneLab-LoggerService: Checking Threshold
06-14 15:36:13.890  1058  9268 E com.kakao.talk: {SyncAdapterThread-1}-[com.kakao.talk.g.dq.<init>():91] java.lang.RuntimeException: Can't create handler inside thread that has not called Looper.prepare()
06-14 15:36:13.890  1058  9268 E com.kakao.talk: 	at android.os.Handler.<init>(Handler.java:121)
06-14 15:36:13.890  1058  9268 E com.kakao.talk: 	at com.kakao.talk.i.k.<init>(SourceFile:106)
06-14 15:36:13.890  1058  9268 E com.kakao.talk: 	at com.kakao.talk.i.j.<init>(SourceFile:106)
06-14 15:36:13.890  1058  9268 E com.kakao.talk: 	at com.kakao.talk.c.m.b(SourceFile:121)
06-14 15:36:13.890  1058  9268 E com.kakao.talk: 	at com.kakao.talk.c.m.f(SourceFile:399)
06-14 15:36:13.890  1058  9268 E com.kakao.talk: 	at com.kakao.talk.g.dq.c(SourceFile:1013)
06-14 15:36:13.890  1058  9268 E com.kakao.talk: 	at com.kakao.talk.g.dq.h(SourceFile:281)
06-14 15:36:13.890  1058  9268 E com.kakao.talk: 	at com.kakao.talk.g.dq.<init>(SourceFile:91)
06-14 15:36:13.890  1058  9268 E com.kakao.talk: 	at com.kakao.talk.g.dq.a(SourceFile:98)
06-14 15:36:13.890  1058  9268 E com.kakao.talk: 	at com.kakao.talk.synccontact.b.onPerformSync(SourceFile:75)
06-14 15:36:13.890  1058  9268 E com.kakao.talk: 	at android.content.AbstractThreadedSyncAdapter$SyncThread.run(AbstractThreadedSyncAdapter.java:247)
06-14 15:37:08.152   547  1277 I PhoneLab-: Service Running
06-14 15:37:08.219   547  1277 I PhoneLab-LoggerService: app_38    1287  547   1428   1056  c00f181c 400107b4 S logcat
06-14 15:37:08.219   547  1277 I PhoneLab-LoggerService: Logcat pid from database 1287
06-14 15:37:08.219   547  1277 I PhoneLab-LoggerService: Logcat process found 1287
06-14 15:37:08.219   547  1277 I PhoneLab-LoggerService: Checking Threshold
06-14 15:38:29.633   141   157 V BackupManagerService: Running a backup pass
06-14 15:38:29.644   141   211 V BackupManagerService: Backup requested but nothing pending
06-14 15:39:08.152   547  1277 I PhoneLab-: Service Running
06-14 15:39:08.222   547  1277 I PhoneLab-LoggerService: app_38    1287  547   1428   1056  c00f181c 400107b4 S logcat
06-14 15:39:08.222   547  1277 I PhoneLab-LoggerService: Logcat pid from database 1287
06-14 15:39:08.222   547  1277 I PhoneLab-LoggerService: Logcat process found 1287
06-14 15:39:08.222   547  1277 I PhoneLab-LoggerService: Checking Threshold
06-14 15:41:08.152   547  1277 I PhoneLab-: Service Running
06-14 15:41:08.246   547  1277 I PhoneLab-LoggerService: app_38    1287  547   1428   1056  c00f181c 400107b4 S logcat
06-14 15:41:08.246   547  1277 I PhoneLab-LoggerService: Logcat pid from database 1287
06-14 15:41:08.246   547  1277 I PhoneLab-LoggerService: Logcat process found 1287
06-14 15:41:08.246   547  1277 I PhoneLab-LoggerService: Checking Threshold
06-14 15:41:24.515  1229  9273 I Gmail   : MainSyncRequestProto: lowestBkwdConvoId: 0, highestHandledServerOp: 1067509, normalSync: true
06-14 15:41:25.644  1229  1231 D dalvikvm: JIT code cache reset in 4 ms (1048508 bytes 1/0)
06-14 15:41:25.652  1229  1231 D dalvikvm: GC_CONCURRENT freed 986K, 9% free 12253K/13383K, paused 16ms+11ms
06-14 15:41:25.929  1229  9273 D dalvikvm: GC_EXPLICIT freed 607K, 11% free 11981K/13383K, paused 6ms+14ms
06-14 15:41:26.027  1229  9273 I Gmail   : MainSyncRequestProto: lowestBkwdConvoId: 0, highestHandledServerOp: 1067546, normalSync: true
06-14 15:41:26.695  1229  9273 D dalvikvm: GC_EXPLICIT freed 445K, 9% free 12236K/13383K, paused 2ms+8ms
06-14 15:41:26.703  1229  9273 I Gmail   : MainSyncRequestProto: lowestBkwdConvoId: 0, highestHandledServerOp: 1067546, normalSync: true
06-14 15:41:26.715  1229  9273 W Gmail   : Scheduling index for 300000 ms from now
06-14 15:41:26.750  1229  9273 I Gmail   : Sending notification intent: Intent { act=android.intent.action.PROVIDER_CHANGED dat=content://gmail-ls/unread/^i (has extras) }
06-14 15:41:26.777  1229  9275 W Gmail   : Showing notification with unreadCount of 1202 and unseenCount of 2
06-14 15:41:26.863   217   219 D dalvikvm: GC_CONCURRENT freed 328K, 11% free 10225K/11463K, paused 2ms+2ms
06-14 15:41:39.832  1229  9277 I Gmail   : MainSyncRequestProto: lowestBkwdConvoId: 0, highestHandledServerOp: 1067546, normalSync: true
06-14 15:41:39.937  1229  9277 D dalvikvm: GC_EXPLICIT freed 737K, 9% free 12222K/13383K, paused 5ms+6ms
06-14 15:41:40.820  1229  1231 D dalvikvm: GC_CONCURRENT freed 979K, 9% free 12196K/13383K, paused 2ms+7ms
06-14 15:41:40.969  1229  9277 D dalvikvm: GC_EXPLICIT freed 284K, 10% free 12056K/13383K, paused 2ms+25ms
06-14 15:41:41.117  1229  9277 I Gmail   : MainSyncRequestProto: lowestBkwdConvoId: 0, highestHandledServerOp: 1067580, normalSync: true
06-14 15:41:41.133  1229  9277 W Gmail   : Scheduling index for 300000 ms from now
06-14 15:41:41.164  1229  9277 I Gmail   : Sending notification intent: Intent { act=android.intent.action.PROVIDER_CHANGED dat=content://gmail-ls/unread/^i (has extras) }
06-14 15:41:41.332   141   868 D dalvikvm: GC_EXPLICIT freed 808K, 15% free 15525K/18119K, paused 3ms+7ms
06-14 15:41:41.551  1229  9282 I Gmail   : MainSyncRequestProto: lowestBkwdConvoId: 0, highestHandledServerOp: 1067580, normalSync: true
06-14 15:41:43.355  1229  1231 D dalvikvm: GC_CONCURRENT freed 715K, 9% free 12233K/13383K, paused 3ms+6ms
06-14 15:41:43.508  1229  9282 D dalvikvm: GC_EXPLICIT freed 324K, 11% free 11987K/13383K, paused 2ms+15ms
06-14 15:41:43.609  1229  9282 I Gmail   : MainSyncRequestProto: lowestBkwdConvoId: 0, highestHandledServerOp: 1067606, normalSync: true
06-14 15:41:44.207  1229  9282 D dalvikvm: GC_EXPLICIT freed 411K, 9% free 12191K/13383K, paused 2ms+8ms
06-14 15:41:44.222  1229  9282 I Gmail   : MainSyncRequestProto: lowestBkwdConvoId: 0, highestHandledServerOp: 1067606, normalSync: true
06-14 15:41:44.238  1229  9282 W Gmail   : Scheduling index for 300000 ms from now
06-14 15:41:44.301  1229  9282 I Gmail   : Sending notification intent: Intent { act=android.intent.action.PROVIDER_CHANGED dat=content://gmail-ls/unread/^i (has extras) }
06-14 15:41:44.340  1229  9283 W Gmail   : Showing notification with unreadCount of 1202 and unseenCount of 3
06-14 15:43:08.152   547  1277 I PhoneLab-: Service Running
06-14 15:43:08.222   547  1277 I PhoneLab-LoggerService: app_38    1287  547   1428   1056  c00f181c 400107b4 S logcat
06-14 15:43:08.222   547  1277 I PhoneLab-LoggerService: Logcat pid from database 1287
06-14 15:43:08.222   547  1277 I PhoneLab-LoggerService: Logcat process found 1287
06-14 15:43:08.222   547  1277 I PhoneLab-LoggerService: Checking Threshold
06-14 15:43:25.726   547   547 I PhoneLab-Locks: wake lock acquired
06-14 15:43:25.758   547   547 I PhoneLab-StatusMonitor: Status Monitoring is started
06-14 15:43:25.820   547   548 D dalvikvm: GC_CONCURRENT freed 526K, 17% free 9250K/11079K, paused 2ms+2ms
06-14 15:43:25.840   547   547 I PhoneLab-StatusMonitor: Value: 10 - unit: min
06-14 15:43:25.840   547   547 I PhoneLab-StatusMonitor: Running interval: 600000
06-14 15:43:25.851   547   547 I PhoneLab-StatusMonitor: Rescheduling status monitoring...
06-14 15:43:25.867   547   567 D dalvikvm: GC_EXPLICIT freed 302K, 17% free 9225K/11079K, paused 2ms+2ms
06-14 15:43:25.871   547   547 I PhoneLab-Locks: wake lock released
06-14 15:43:25.875   547   547 I PhoneLab-StatusMonitorLocation: Learning Location
06-14 15:43:25.875   547   547 I PhoneLab-Locks: wake lock acquired
06-14 15:43:25.879   547   547 I PhoneLab-Locks: wake lock acquired
06-14 15:43:25.879   303   575 D androidNetworkLocationListeners: Still have listener com.google.android.location.internal.client.NetworkLocationClient$1@4138edc0
06-14 15:43:25.883   547   547 I PhoneLab-StatusMonitorLocation: Learning Signal Strgth
06-14 15:43:25.883   547   547 I PhoneLab-Locks: wake lock acquired
06-14 15:43:25.890   303   575 D androidNetworkLocationListeners: Still have listener com.google.android.location.internal.client.NetworkLocationClient$1@4138edc0
06-14 15:43:25.890   547   547 I PhoneLab-StatusMonitorBattery: Battery_level: 67
06-14 15:43:25.894   547   547 I PhoneLab-Locks: wake lock released
06-14 15:43:25.902   547   547 I PhoneLab-StatusMonitorSignal: Signal_Strength: -76 asu: 19
06-14 15:43:25.902   547   547 I PhoneLab-Locks: wake lock released
06-14 15:43:27.152   547   547 I PhoneLab-StatusMonitorLocation: Location_Latitude: 42.9552835 Longitude: -78.8289353 Accuracy: 42.0
06-14 15:43:27.156   547   547 I PhoneLab-Locks: wake lock released
06-14 15:43:27.156   303   575 D androidNetworkLocationListeners: Still have listener com.google.android.location.internal.client.NetworkLocationClient$1@4138edc0
06-14 15:43:28.449   303   305 D dalvikvm: GC_CONCURRENT freed 496K, 7% free 10466K/11143K, paused 2ms+3ms
06-14 15:44:04.586  1229  9291 I Gmail   : getStartSyncRequest: handledServerOpId: 1067606, upperFetchedConvoId: 1404230035005505536, lowerFetchedConvoId: 0, ackedClientOp: 40
06-14 15:44:05.640  1229  1231 D dalvikvm: GC_CONCURRENT freed 838K, 9% free 12307K/13383K, paused 3ms+8ms
06-14 15:44:05.926  1229  1231 D dalvikvm: GC_CONCURRENT freed 1347K, 11% free 11971K/13447K, paused 2ms+4ms
06-14 15:44:06.211  1229  9291 I Gmail   : checkLabelsSets changed the label sets to: included([^^out, ^r]), partial([^i, ^f, ^iim]), all([^imi, ^iim, ^all, userlabel:-865698022, ^io_im, userlabel:2914456, userlabel:2896756, ^imn, userlabel:-1914468933, userlabel:443164224, userlabel:-1492276993, userlabel:-1492276994, userlabel:-1749541632, ^i, userlabel:3655441, userlabel:227992689, ^g, ^f, userlabel:94101, ^k, userlabel:-1508083783, userlabel:93982, userlabel:-808725189, userlabel:102618, ^b, userlabel:93692, userlabel:-1492276990, userlabel:-1492276991, userlabel:-1492276992, userlabel:3026, userlabel:3025, ^t, ^u, ^r, userlabel:843908213, ^s, userlabel:-1492383895])
06-14 15:44:06.355  1229  9291 D dalvikvm: GC_EXPLICIT freed 802K, 11% free 11998K/13447K, paused 2ms+9ms
06-14 15:44:06.449  1229  9291 I Gmail   : MainSyncRequestProto: lowestBkwdConvoId: 0, highestHandledServerOp: 1067606, normalSync: true
06-14 15:44:06.469  1229  9291 W Gmail   : Scheduling index for 300000 ms from now
06-14 15:44:06.496  1229  9291 I Gmail   : Sending notification intent: Intent { act=android.intent.action.PROVIDER_CHANGED dat=content://gmail-ls/unread/^i (has extras) }
06-14 15:44:06.515  1229  9292 W Gmail   : Showing notification with unreadCount of 1201 and unseenCount of 3
06-14 15:44:08.695   141   389 D dalvikvm: GC_EXPLICIT freed 620K, 15% free 15514K/18119K, paused 22ms+6ms
06-14 15:45:08.152   547  1277 I PhoneLab-: Service Running
06-14 15:45:08.222   547  1277 I PhoneLab-LoggerService: app_38    1287  547   1428   1056  c00f181c 400107b4 S logcat
06-14 15:45:08.222   547  1277 I PhoneLab-LoggerService: Logcat pid from database 1287
06-14 15:45:08.222   547  1277 I PhoneLab-LoggerService: Logcat process found 1287
06-14 15:45:08.222   547  1277 I PhoneLab-LoggerService: Checking Threshold
06-14 15:47:08.152   547  1277 I PhoneLab-: Service Running
06-14 15:47:08.222   547  1277 I PhoneLab-LoggerService: app_38    1287  547   1428   1056  c00f181c 400107b4 S logcat
06-14 15:47:08.222   547  1277 I PhoneLab-LoggerService: Logcat pid from database 1287
06-14 15:47:08.222   547  1277 I PhoneLab-LoggerService: Logcat process found 1287
06-14 15:47:08.222   547  1277 I PhoneLab-LoggerService: Checking Threshold
06-14 15:48:36.183  3204  3206 D dalvikvm: GC_CONCURRENT freed 645K, 32% free 10850K/15751K, paused 15ms+6ms
06-14 15:49:08.152   547  1277 I PhoneLab-: Service Running
06-14 15:49:08.234   547  1277 I PhoneLab-LoggerService: app_38    1287  547   1428   1056  c00f181c 400107b4 S logcat
06-14 15:49:08.234   547  1277 I PhoneLab-LoggerService: Logcat pid from database 1287
06-14 15:49:08.234   547  1277 I PhoneLab-LoggerService: Logcat process found 1287
06-14 15:49:08.234   547  1277 I PhoneLab-LoggerService: Checking Threshold
06-14 15:50:00.101   217   219 D dalvikvm: GC_CONCURRENT freed 438K, 12% free 10174K/11463K, paused 1ms+2ms
06-14 15:51:08.152   547  1277 I PhoneLab-: Service Running
06-14 15:51:08.222   547  1277 I PhoneLab-LoggerService: app_38    1287  547   1428   1056  c00f181c 400107b4 S logcat
06-14 15:51:08.222   547  1277 I PhoneLab-LoggerService: Logcat pid from database 1287
06-14 15:51:08.222   547  1277 I PhoneLab-LoggerService: Logcat process found 1287
06-14 15:51:08.222   547  1277 I PhoneLab-LoggerService: Checking Threshold
06-14 15:52:07.883  1229  1231 D dalvikvm: GC_CONCURRENT freed 588K, 9% free 12285K/13447K, paused 2ms+4ms
06-14 15:52:08.238  1229  9299 W Gmail   : Successful index run, cancel next scheduled index run
06-14 15:53:08.152   547  1277 I PhoneLab-: Service Running
06-14 15:53:08.222   547  1277 I PhoneLab-LoggerService: app_38    1287  547   1428   1056  c00f181c 400107b4 S logcat
06-14 15:53:08.222   547  1277 I PhoneLab-LoggerService: Logcat pid from database 1287
06-14 15:53:08.222   547  1277 I PhoneLab-LoggerService: Logcat process found 1287
06-14 15:53:08.222   547  1277 I PhoneLab-LoggerService: Checking Threshold
06-14 15:53:11.699   303   767 I EventLogService: Aggregate from 1339701791614 (log), 1339701791614 (data)
06-14 15:53:12.711   547   547 I PhoneLab-Locks: wake lock acquired
06-14 15:53:12.734   547  9302 I PhoneLab-PeriodicCheckService: User info is synched
06-14 15:53:12.734   547  9302 I PhoneLab-PeriodicCheckService: Logger Service is running
06-14 15:53:12.734   547  9302 I PhoneLab-Locks: wake lock acquired
06-14 15:53:12.738   547   547 I PhoneLab-UploadLogs: Transfering log files now
06-14 15:53:12.738   547   547 I PhoneLab-UploadLogs: No log files to transfer
06-14 15:53:12.738   547   547 I PhoneLab-Locks: wake lock released
06-14 15:53:12.738   547   547 I PhoneLab-UploadLogs: OnStartCommand
06-14 15:53:12.742   547  9302 I PhoneLab-PeriodicCheckService: Rescheduling periodic checking...
06-14 15:53:12.742   547  9302 I PhoneLab-Locks: wake lock released
06-14 15:53:16.418  1058  1060 D dalvikvm: GC_CONCURRENT freed 371K, 6% free 10525K/11143K, paused 16ms+2ms
06-14 15:53:25.886   547   547 I PhoneLab-Locks: wake lock acquired
06-14 15:53:25.926   547   547 I PhoneLab-StatusMonitor: Status Monitoring is started
06-14 15:53:25.969   547   548 D dalvikvm: GC_CONCURRENT freed 489K, 17% free 9247K/11079K, paused 2ms+2ms
06-14 15:53:25.988   547   547 I PhoneLab-StatusMonitor: Value: 10 - unit: min
06-14 15:53:25.988   547   547 I PhoneLab-StatusMonitor: Running interval: 600000
06-14 15:53:25.996   547   547 I PhoneLab-StatusMonitor: Rescheduling status monitoring...
06-14 15:53:25.996   547   547 I PhoneLab-Locks: wake lock released
06-14 15:53:26.000   547   547 I PhoneLab-StatusMonitorLocation: Learning Location
06-14 15:53:26.000   547   547 I PhoneLab-Locks: wake lock acquired
06-14 15:53:26.004   547   547 I PhoneLab-Locks: wake lock acquired
06-14 15:53:26.008   547   547 I PhoneLab-StatusMonitorLocation: Learning Signal Strgth
06-14 15:53:26.008   547   547 I PhoneLab-Locks: wake lock acquired
06-14 15:53:26.008   303   575 D androidNetworkLocationListeners: Still have listener com.google.android.location.internal.client.NetworkLocationClient$1@4138edc0
06-14 15:53:26.015   303   575 D androidNetworkLocationListeners: Still have listener com.google.android.location.internal.client.NetworkLocationClient$1@4138edc0
06-14 15:53:26.015   547   547 I PhoneLab-StatusMonitorBattery: Battery_level: 66
06-14 15:53:26.023   547   547 I PhoneLab-Locks: wake lock released
06-14 15:53:26.027   547   547 I PhoneLab-StatusMonitorSignal: Signal_Strength: -76 asu: 19
06-14 15:53:26.027   547   547 I PhoneLab-Locks: wake lock released
06-14 15:53:27.316   547   547 I PhoneLab-StatusMonitorLocation: Location_Latitude: 42.9552213 Longitude: -78.8288747 Accuracy: 39.0
06-14 15:53:27.316   303   575 D androidNetworkLocationListeners: Still have listener com.google.android.location.internal.client.NetworkLocationClient$1@4138edc0
06-14 15:53:27.320   547   547 I PhoneLab-Locks: wake lock released
06-14 15:53:27.340   303   305 D dalvikvm: GC_CONCURRENT freed 427K, 7% free 10453K/11143K, paused 2ms+3ms
06-14 15:54:41.883   141   173 I power   : *** set_screen_state 1
06-14 15:54:42.004   141   173 I WindowManager: Lock screen displayed!
06-14 15:54:42.129    79   119 D SurfaceFlinger: Screen about to return, flinger = 0x1464918
06-14 15:54:43.031   217   217 D PhoneStatusBar: disable: < expand icons alerts ticker system_info BACK HOME recent* CLOCK >
06-14 15:54:43.047   371   673 D NfcService: NFC-C ON
06-14 15:54:43.051    82   126 D AudioHardware: AudioHardware pcm playback is exiting standby.
06-14 15:54:43.051    82   126 D AudioHardware: openPcmOut_l() mPcmOpenCnt: 0
06-14 15:54:43.082   217   217 D PhoneStatusBar: disable: < expand icons alerts ticker system_info back* home* recent clock* >
06-14 15:54:43.140  3204  3204 W Activity: Restart
06-14 15:54:43.332  1229  2332 I Gmail   : Sending notification intent: Intent { act=android.intent.action.PROVIDER_CHANGED dat=content://gmail-ls/unread/^i (has extras) }
06-14 15:54:43.461   217   219 D dalvikvm: GC_CONCURRENT freed 486K, 13% free 10084K/11463K, paused 1ms+5ms
06-14 15:54:43.547   217   219 D dalvikvm: GC_CONCURRENT freed 464K, 12% free 10093K/11463K, paused 2ms+2ms
06-14 15:54:43.742  1429  1431 D dalvikvm: GC_CONCURRENT freed 398K, 6% free 9832K/10439K, paused 2ms+4ms
06-14 15:54:43.801   303   305 D dalvikvm: GC_CONCURRENT freed 395K, 7% free 10472K/11143K, paused 2ms+3ms
06-14 15:54:44.789   141  9311 I AudioService:  AudioFocus  abandonAudioFocus() from android.media.AudioManager@4151fea0
06-14 15:54:46.215    82   126 D AudioHardware: AudioHardware pcm playback is going to standby.
06-14 15:54:46.215    82   126 D AudioHardware: closePcmOut_l() mPcmOpenCnt: 1
06-14 15:54:46.918   141   177 I ActivityManager: START {act=android.intent.action.MAIN cat=[android.intent.category.HOME] flg=0x10200000 cmp=com.android.launcher/com.android.launcher2.Launcher} from pid 141
06-14 15:54:47.121  1229  1229 D OpenGLRenderer: Flushing caches (mode 0)
06-14 15:54:47.195  1229  1229 D OpenGLRenderer: Flushing caches (mode 1)
06-14 15:54:47.281   141   483 W InputManagerService: Starting input on non-focused client com.android.internal.view.IInputMethodClient$Stub$Proxy@415f3458 (uid=10019 pid=1229)
06-14 15:54:51.004   141   158 W ActivityManager: Permission denied: checkComponentPermission() owningUid=10054
06-14 15:54:51.008   141   158 W ActivityManager: Permission Denial: broadcasting Intent { act=android.appwidget.action.APPWIDGET_DELETED flg=0x10 cmp=com.android.settings.wimax/.widget.WimaxWidgetProvider (has extras) } from android (pid=384, uid=10027) is not exported from uid 10054 due to receiver com.android.settings.wimax/com.android.settings.wimax.widget.WimaxWidgetProvider
06-14 15:54:51.008   141   158 W ActivityManager: Permission denied: checkComponentPermission() owningUid=10054
06-14 15:54:51.008   141   158 W ActivityManager: Permission Denial: broadcasting Intent { act=android.appwidget.action.APPWIDGET_DISABLED flg=0x10 cmp=com.android.settings.wimax/.widget.WimaxWidgetProvider } from android (pid=384, uid=10027) is not exported from uid 10054 due to receiver com.android.settings.wimax/com.android.settings.wimax.widget.WimaxWidgetProvider
06-14 15:54:53.410   141   153 D AlarmManagerService: Kernel timezone updated to 240 minutes west of GMT
06-14 15:54:53.422   355   355 D SystemClock: Setting time of day to sec=1339703693
06-14 15:54:53.129   141   158 I ActivityManager: Start proc com.android.calendar for broadcast com.android.calendar/.widget.CalendarAppWidgetService$CalendarFactory: pid=9317 uid=10005 gids={3003}
06-14 15:54:53.402  9317  9317 I ActivityThread: Pub com.android.calendar.CalendarRecentSuggestionsProvider: com.android.calendar.CalendarRecentSuggestionsProvider
06-14 15:54:53.547   141   868 I ActivityManager: Start proc com.android.deskclock for broadcast com.android.deskclock/.AlarmInitReceiver: pid=9333 uid=10011 gids={}
06-14 15:54:53.602   141   153 I ActivityManager: Start proc com.android.providers.calendar for content provider com.android.providers.calendar/.CalendarProvider2: pid=9345 uid=10006 gids={3003, 1015}
06-14 15:54:53.707  9333  9333 I ActivityThread: Pub com.android.deskclock: com.android.deskclock.AlarmProvider
06-14 15:54:53.813  9345  9345 I ActivityThread: Pub com.android.calendar: com.android.providers.calendar.CalendarProvider2
06-14 15:54:53.941  9333  9359 V AlarmClock: AlarmInitReceiver finished
06-14 15:54:55.199  9345  9345 I CalendarProvider2: Sending notification intent: Intent { act=android.intent.action.PROVIDER_CHANGED dat=content://com.android.calendar }
06-14 15:54:55.203  9345  9345 W ContentResolver: Failed to get type for: content://com.android.calendar (Unknown URL content://com.android.calendar)
06-14 15:54:56.617   384   388 D dalvikvm: GC_CONCURRENT freed 2184K, 25% free 13271K/17607K, paused 11ms+9ms
06-14 15:55:08.156   547  1277 I PhoneLab-: Service Running
06-14 15:55:08.266   547  1277 I PhoneLab-LoggerService: app_38    1287  547   1428   1056  c00f181c 400107b4 S logcat
06-14 15:55:08.266   547  1277 I PhoneLab-LoggerService: Logcat pid from database 1287
06-14 15:55:08.266   547  1277 I PhoneLab-LoggerService: Logcat process found 1287
06-14 15:55:08.266   547  1277 I PhoneLab-LoggerService: Checking Threshold
06-14 15:55:23.301   384   388 D dalvikvm: GC_CONCURRENT freed 1266K, 25% free 13380K/17607K, paused 2ms+9ms
06-14 15:55:44.238   141   152 D AlarmManagerService: Kernel timezone updated to 240 minutes west of GMT
06-14 15:55:46.195   141   483 I ActivityManager: START {act=android.intent.action.MAIN cat=[android.intent.category.LAUNCHER] flg=0x10200000 cmp=com.whatsapp/.Main bnds=[360,556][480,706]} from pid 384
06-14 15:55:46.207    82   126 D AudioHardware: AudioHardware pcm playback is exiting standby.
06-14 15:55:46.207    82   126 D AudioHardware: openPcmOut_l() mPcmOpenCnt: 0
06-14 15:55:46.473   141   868 I ActivityManager: START {cmp=com.whatsapp/.Conversations} from pid 2449
06-14 15:55:46.566   141   144 D dalvikvm: GC_CONCURRENT freed 1580K, 15% free 15559K/18119K, paused 9ms+19ms
06-14 15:55:46.652   384   384 D OpenGLRenderer: Flushing caches (mode 1)
06-14 15:55:46.719  2449  2451 D dalvikvm: GC_CONCURRENT freed 320K, 8% free 10152K/10951K, paused 10ms+5ms
06-14 15:55:46.879  2449  2451 D dalvikvm: GC_CONCURRENT freed 29K, 4% free 10535K/10951K, paused 13ms+11ms
06-14 15:55:46.922   384   384 D OpenGLRenderer: Flushing caches (mode 0)
06-14 15:55:47.008   141   157 I Process : Sending signal. PID: 2449 SIG: 3
06-14 15:55:47.008  2449  2454 I dalvikvm: threadid=3: reacting to signal 3
06-14 15:55:47.043   331   335 D dalvikvm: GC_CONCURRENT freed 1136K, 13% free 10307K/11719K, paused 30ms+3ms
06-14 15:55:47.094  2449  2454 I dalvikvm: Wrote stack traces to '/data/anr/traces.txt'
06-14 15:55:47.129   217   217 V PhoneStatusBar: setLightsOn(true)
06-14 15:55:47.207   141   172 I ActivityManager: Displayed com.whatsapp/.Conversations: +727ms (total +868ms)
06-14 15:55:48.953   141   177 I ActivityManager: START {act=android.intent.action.MAIN cat=[android.intent.category.HOME] flg=0x10200000 cmp=com.android.launcher/com.android.launcher2.Launcher} from pid 141
06-14 15:55:49.301    82   126 D AudioHardware: AudioHardware pcm playback is going to standby.
06-14 15:55:49.301    82   126 D AudioHardware: closePcmOut_l() mPcmOpenCnt: 1
06-14 15:55:51.094    82   126 D AudioHardware: AudioHardware pcm playback is exiting standby.
06-14 15:55:51.094    82   126 D AudioHardware: openPcmOut_l() mPcmOpenCnt: 0
06-14 15:55:51.219   141  9194 I WindowManager: WIN DEATH: Window{41368ee0 com.android.contacts/com.android.contacts.activities.DialtactsActivity paused=false}
06-14 15:55:51.223   141   408 I ActivityManager: Process com.android.contacts (pid 2739) has died.
06-14 15:55:51.238   141   357 I WindowManager: WIN DEATH: Window{4186b318 com.android.contacts/com.android.contacts.CallDetailActivity paused=false}
06-14 15:55:51.242   141   152 I WindowManager: WIN DEATH: Window{418679a0 com.android.contacts/com.android.contacts.activities.ContactDetailActivity paused=false}
06-14 15:55:51.359   384  1427 D dalvikvm: GC_FOR_ALLOC freed 938K, 24% free 13522K/17607K, paused 32ms
06-14 15:55:51.547   384  1427 D dalvikvm: GC_FOR_ALLOC freed 966K, 22% free 13750K/17607K, paused 34ms
06-14 15:55:51.832   384   388 D dalvikvm: GC_CONCURRENT freed 1889K, 24% free 13426K/17607K, paused 4ms+7ms
06-14 15:55:52.090   384   419 D dalvikvm: GC_FOR_ALLOC freed 619K, 24% free 13489K/17607K, paused 29ms
06-14 15:55:52.195   384   419 D dalvikvm: GC_FOR_ALLOC freed 919K, 23% free 13586K/17607K, paused 29ms
06-14 15:55:52.395   384   388 D dalvikvm: GC_CONCURRENT freed 1048K, 21% free 13982K/17607K, paused 3ms+9ms
06-14 15:55:54.184    82   126 D AudioHardware: AudioHardware pcm playback is going to standby.
06-14 15:55:54.184    82   126 D AudioHardware: closePcmOut_l() mPcmOpenCnt: 1
06-14 15:55:54.801    82   126 D AudioHardware: AudioHardware pcm playback is exiting standby.
06-14 15:55:54.801    82   126 D AudioHardware: openPcmOut_l() mPcmOpenCnt: 0
06-14 15:55:54.902   141   141 I ActivityManager: START {act=android.intent.action.MAIN cat=[android.intent.category.LAUNCHER] flg=0x10200000 cmp=com.android.deskclock/.DeskClock} from pid 384
06-14 15:55:55.086   384   384 D OpenGLRenderer: Flushing caches (mode 1)
06-14 15:55:55.133  9333  9333 D libEGL  : loaded /system/lib/egl/libGLES_android.so
06-14 15:55:55.148  9333  9333 D libEGL  : loaded /vendor/lib/egl/libEGL_POWERVR_SGX540_120.so
06-14 15:55:55.164   384   384 D OpenGLRenderer: Flushing caches (mode 0)
06-14 15:55:55.172  9333  9333 D libEGL  : loaded /vendor/lib/egl/libGLESv1_CM_POWERVR_SGX540_120.so
06-14 15:55:55.176  9333  9333 D libEGL  : loaded /vendor/lib/egl/libGLESv2_POWERVR_SGX540_120.so
06-14 15:55:55.254  9333  9333 D OpenGLRenderer: Enabling debug mode 0
06-14 15:55:55.387   141   172 I ActivityManager: Displayed com.android.deskclock/.DeskClock: +429ms
06-14 15:55:55.430   141   483 W InputManagerService: Starting input on non-focused client com.android.internal.view.IInputMethodClient$Stub$Proxy@41666670 (uid=10027 pid=384)
06-14 15:55:56.648   141   868 I ActivityManager: START {cmp=com.android.deskclock/.AlarmClock} from pid 9333
06-14 15:55:56.984  9333  9335 D dalvikvm: GC_CONCURRENT freed 216K, 4% free 9267K/9607K, paused 7ms+3ms
06-14 15:55:57.055  9333  9333 D OpenGLRenderer: Flushing caches (mode 0)
06-14 15:55:57.234   141   157 I Process : Sending signal. PID: 9333 SIG: 3
06-14 15:55:57.234  9333  9337 I dalvikvm: threadid=3: reacting to signal 3
06-14 15:55:57.242  9333  9337 I dalvikvm: Wrote stack traces to '/data/anr/traces.txt'
06-14 15:55:57.273   141   172 I ActivityManager: Displayed com.android.deskclock/.AlarmClock: +541ms
06-14 15:55:59.102   141   394 I ActivityManager: START {cmp=com.android.deskclock/.SetAlarm} from pid 9333
06-14 15:55:59.438   141   172 I ActivityManager: Displayed com.android.deskclock/.SetAlarm: +315ms
06-14 15:55:59.484  9333  9333 D OpenGLRenderer: Flushing caches (mode 0)
06-14 15:55:59.648  9333  9335 D dalvikvm: GC_CONCURRENT freed 120K, 3% free 9573K/9799K, paused 11ms+7ms
06-14 15:55:59.656  9333  9342 W MediaPlayer-JNI: MediaPlayer finalized without being released
06-14 15:56:02.164    82   126 D AudioHardware: AudioHardware pcm playback is going to standby.
06-14 15:56:02.164    82   126 D AudioHardware: closePcmOut_l() mPcmOpenCnt: 1
06-14 15:56:07.422   141  9194 D dalvikvm: GC_EXPLICIT freed 1406K, 18% free 15028K/18119K, paused 13ms+7ms
06-14 15:56:07.441    82   126 D AudioHardware: AudioHardware pcm playback is exiting standby.
06-14 15:56:07.441    82   126 D AudioHardware: openPcmOut_l() mPcmOpenCnt: 0
06-14 15:56:10.531    82   126 D AudioHardware: AudioHardware pcm playback is going to standby.
06-14 15:56:10.531    82   126 D AudioHardware: closePcmOut_l() mPcmOpenCnt: 1
06-14 15:56:11.051    82   126 D AudioHardware: AudioHardware pcm playback is exiting standby.
06-14 15:56:11.051    82   126 D AudioHardware: openPcmOut_l() mPcmOpenCnt: 0
06-14 15:56:14.141    82   126 D AudioHardware: AudioHardware pcm playback is going to standby.
06-14 15:56:14.145    82   126 D AudioHardware: closePcmOut_l() mPcmOpenCnt: 1
06-14 15:56:14.664    82   126 D AudioHardware: AudioHardware pcm playback is exiting standby.
06-14 15:56:14.664    82   126 D AudioHardware: openPcmOut_l() mPcmOpenCnt: 0
06-14 15:56:14.785  9333  9335 D dalvikvm: GC_CONCURRENT freed 391K, 6% free 9608K/10119K, paused 25ms+4ms
06-14 15:56:14.871   141   153 W BackupManagerService: dataChanged but no participant pkg='com.android.providers.settings' uid=10011
06-14 15:56:15.164  9333  9333 D OpenGLRenderer: Flushing caches (mode 0)
06-14 15:56:17.590   141   177 I ActivityManager: START {act=android.intent.action.MAIN cat=[android.intent.category.HOME] flg=0x10200000 cmp=com.android.launcher/com.android.launcher2.Launcher} from pid 141
06-14 15:56:17.699  9333  9333 D OpenGLRenderer: Flushing caches (mode 0)
06-14 15:56:17.742   141   868 W InputManagerService: Starting input on non-focused client com.android.internal.view.IInputMethodClient$Stub$Proxy@416adeb0 (uid=10011 pid=9333)
06-14 15:56:17.750  9333  9333 D OpenGLRenderer: Flushing caches (mode 1)
06-14 15:56:17.754    82   126 D AudioHardware: AudioHardware pcm playback is going to standby.
06-14 15:56:17.754    82   126 D AudioHardware: closePcmOut_l() mPcmOpenCnt: 1
06-14 15:57:08.152   547  1277 I PhoneLab-: Service Running
06-14 15:57:08.262   547  1277 I PhoneLab-LoggerService: app_38    1287  547   1428   1056  c00f181c 400107b4 S logcat
06-14 15:57:08.262   547  1277 I PhoneLab-LoggerService: Logcat pid from database 1287
06-14 15:57:08.262   547  1277 I PhoneLab-LoggerService: Logcat process found 1287
06-14 15:57:08.262   547  1277 I PhoneLab-LoggerService: Checking Threshold
06-14 15:57:08.270   547   548 D dalvikvm: GC_CONCURRENT freed 453K, 17% free 9210K/11079K, paused 8ms+2ms
06-14 15:57:19.555   141   169 I power   : *** set_screen_state 0
06-14 15:57:19.609    79   119 D SurfaceFlinger: About to give-up screen, flinger = 0x1464918
06-14 15:57:19.676   371  1523 D NfcService: NFC-C OFF, disconnect
06-14 15:57:24.746   141   144 D dalvikvm: GC_CONCURRENT freed 913K, 14% free 15594K/18119K, paused 5ms+6ms
06-14 15:57:24.754   141   173 V TransportControlView: Create TCV com.android.internal.widget.TransportControlView@41618608
06-14 15:57:24.801   217   217 D PhoneStatusBar: disable: < expand icons alerts ticker system_info back home RECENT* clock >
06-14 15:57:24.820   217   217 D PhoneStatusBar: disable: < expand icons alerts ticker system_info BACK* HOME* RECENT CLOCK* >
06-14 15:59:08.152   547  1277 I PhoneLab-: Service Running
06-14 15:59:08.238   547  1277 I PhoneLab-LoggerService: app_38    1287  547   1428   1056  c00f181c 400107b4 S logcat
06-14 15:59:08.238   547  1277 I PhoneLab-LoggerService: Logcat pid from database 1287
06-14 15:59:08.238   547  1277 I PhoneLab-LoggerService: Logcat process found 1287
06-14 15:59:08.238   547  1277 I PhoneLab-LoggerService: Checking Threshold
06-14 16:01:08.152   547  1277 I PhoneLab-: Service Running
06-14 16:01:08.246   547  1277 I PhoneLab-LoggerService: app_38    1287  547   1428   1056  c00f181c 400107b4 S logcat
06-14 16:01:08.246   547  1277 I PhoneLab-LoggerService: Logcat pid from database 1287
06-14 16:01:08.246   547  1277 I PhoneLab-LoggerService: Logcat process found 1287
06-14 16:01:08.246   547  1277 I PhoneLab-LoggerService: Checking Threshold
06-14 16:03:08.152   547  1277 I PhoneLab-: Service Running
06-14 16:03:08.223   547  1277 I PhoneLab-LoggerService: app_38    1287  547   1428   1056  c00f181c 400107b4 S logcat
06-14 16:03:08.223   547  1277 I PhoneLab-LoggerService: Logcat pid from database 1287
06-14 16:03:08.227   547  1277 I PhoneLab-LoggerService: Logcat process found 1287
06-14 16:03:08.227   547  1277 I PhoneLab-LoggerService: Checking Threshold
06-14 16:03:16.531  1058  1058 D dalvikvm: GC_EXPLICIT freed 123K, 6% free 10528K/11143K, paused 2ms+3ms
06-14 16:03:25.672   547   547 I PhoneLab-Locks: wake lock acquired
06-14 16:03:25.684   547   547 I PhoneLab-StatusMonitor: Status Monitoring is started
06-14 16:03:25.742   547   548 D dalvikvm: GC_CONCURRENT freed 471K, 17% free 9251K/11079K, paused 2ms+3ms
06-14 16:03:25.762   547   547 I PhoneLab-StatusMonitor: Value: 10 - unit: min
06-14 16:03:25.762   547   547 I PhoneLab-StatusMonitor: Running interval: 600000
06-14 16:03:25.770   547   547 I PhoneLab-StatusMonitor: Rescheduling status monitoring...
06-14 16:03:25.770   547   547 I PhoneLab-Locks: wake lock released
06-14 16:03:25.773   547   547 I PhoneLab-StatusMonitorLocation: Learning Location
06-14 16:03:25.777   547   547 I PhoneLab-Locks: wake lock acquired
06-14 16:03:25.781   547   547 I PhoneLab-Locks: wake lock acquired
06-14 16:03:25.781   303   575 D androidNetworkLocationListeners: Still have listener com.google.android.location.internal.client.NetworkLocationClient$1@4138edc0
06-14 16:03:25.785   547   547 I PhoneLab-StatusMonitorLocation: Learning Signal Strgth
06-14 16:03:25.785   547   547 I PhoneLab-Locks: wake lock acquired
06-14 16:03:25.793   547   547 I PhoneLab-StatusMonitorBattery: Battery_level: 66
06-14 16:03:25.797   303   575 D androidNetworkLocationListeners: Still have listener com.google.android.location.internal.client.NetworkLocationClient$1@4138edc0
06-14 16:03:25.797   547   547 I PhoneLab-Locks: wake lock released
06-14 16:03:25.801   547   547 I PhoneLab-StatusMonitorSignal: Signal_Strength: -76 asu: 19
06-14 16:03:25.801   547   547 I PhoneLab-Locks: wake lock released
06-14 16:03:27.098   547   547 I PhoneLab-StatusMonitorLocation: Location_Latitude: 42.9552873 Longitude: -78.8289279 Accuracy: 33.0
06-14 16:03:27.098   303   575 D androidNetworkLocationListeners: Still have listener com.google.android.location.internal.client.NetworkLocationClient$1@4138edc0
06-14 16:03:27.102   547   547 I PhoneLab-Locks: wake lock released
06-14 16:03:27.121   303   305 D dalvikvm: GC_CONCURRENT freed 465K, 7% free 10470K/11143K, paused 2ms+4ms
06-14 16:05:08.152   547  1277 I PhoneLab-: Service Running
06-14 16:05:08.223   547  1277 I PhoneLab-LoggerService: app_38    1287  547   1428   1056  c00f181c 400107b4 S logcat
06-14 16:05:08.223   547  1277 I PhoneLab-LoggerService: Logcat pid from database 1287
06-14 16:05:08.227   547  1277 I PhoneLab-LoggerService: Logcat process found 1287
06-14 16:05:08.227   547  1277 I PhoneLab-LoggerService: Checking Threshold
06-14 16:05:31.688   141   483 D AlarmManagerService: Kernel timezone updated to 240 minutes west of GMT
06-14 16:05:31.719   355   355 D SystemClock: Setting time of day to sec=1339704331
06-14 16:05:31.146  9333  9359 V AlarmClock: AlarmInitReceiver finished
06-14 16:05:31.236  9345  9348 D dalvikvm: GC_CONCURRENT freed 328K, 5% free 9142K/9607K, paused 2ms+2ms
06-14 16:07:08.150   547  1277 I PhoneLab-: Service Running
06-14 16:07:08.220   547  1277 I PhoneLab-LoggerService: app_38    1287  547   1428   1056  c00f181c 400107b4 S logcat
06-14 16:07:08.220   547  1277 I PhoneLab-LoggerService: Logcat pid from database 1287
06-14 16:07:08.220   547  1277 I PhoneLab-LoggerService: Logcat process found 1287
06-14 16:07:08.220   547  1277 I PhoneLab-LoggerService: Checking Threshold
06-14 16:07:30.158   141   408 D AlarmManagerService: Kernel timezone updated to 240 minutes west of GMT
06-14 16:09:08.150   547  1277 I PhoneLab-: Service Running
06-14 16:09:08.220   547  1277 I PhoneLab-LoggerService: app_38    1287  547   1428   1056  c00f181c 400107b4 S logcat
06-14 16:09:08.224   547  1277 I PhoneLab-LoggerService: Logcat pid from database 1287
06-14 16:09:08.224   547  1277 I PhoneLab-LoggerService: Logcat process found 1287
06-14 16:09:08.224   547  1277 I PhoneLab-LoggerService: Checking Threshold
06-14 16:10:26.873   303   305 D dalvikvm: GC_CONCURRENT freed 374K, 6% free 10486K/11143K, paused 3ms+3ms
06-14 16:10:28.334  1229  9413 I Gmail   : getStartSyncRequest: handledServerOpId: 1067606, upperFetchedConvoId: 1404230035005505536, lowerFetchedConvoId: 0, ackedClientOp: 40
06-14 16:10:30.123  1229  1231 D dalvikvm: GC_CONCURRENT freed 1309K, 11% free 12062K/13511K, paused 2ms+12ms
06-14 16:10:30.373  1229  1231 D dalvikvm: GC_CONCURRENT freed 1200K, 13% free 11771K/13511K, paused 2ms+4ms
06-14 16:10:30.591  1229  9413 I Gmail   : checkLabelsSets changed the label sets to: included([^^out, ^r]), partial([^i, ^f, ^iim]), all([^imi, ^iim, ^all, userlabel:-865698022, ^io_im, userlabel:2914456, userlabel:2896756, ^imn, userlabel:-1914468933, userlabel:443164224, userlabel:-1492276993, userlabel:-1492276994, userlabel:-1749541632, ^i, userlabel:3655441, userlabel:227992689, ^g, ^f, userlabel:94101, ^k, userlabel:-1508083783, userlabel:93982, userlabel:-808725189, userlabel:102618, ^b, userlabel:93692, userlabel:-1492276990, userlabel:-1492276991, userlabel:-1492276992, userlabel:3026, userlabel:3025, ^t, ^u, ^r, userlabel:843908213, ^s, userlabel:-1492383895])
06-14 16:10:31.029  1229  1231 D dalvikvm: GC_CONCURRENT freed 833K, 14% free 11733K/13511K, paused 23ms+4ms
06-14 16:10:31.084  1229  9413 D dalvikvm: GC_EXPLICIT freed 7K, 14% free 11729K/13511K, paused 2ms+6ms
06-14 16:10:31.209  1229  9413 I Gmail   : MainSyncRequestProto: lowestBkwdConvoId: 0, highestHandledServerOp: 1067606, normalSync: true
06-14 16:10:31.251  1229  9413 W Gmail   : Scheduling index for 300000 ms from now
06-14 16:10:31.330   141   166 I ActivityManager: Start proc com.google.android.syncadapters.calendar for service com.google.android.syncadapters.calendar/.CalendarSyncAdapterService: pid=9416 uid=10020 gids={3003}
06-14 16:10:31.353    80    80 D dalvikvm: GC_EXPLICIT freed 37K, 4% free 9027K/9347K, paused 2ms+2ms
06-14 16:10:31.396    80    80 D dalvikvm: GC_EXPLICIT freed <1K, 4% free 9027K/9347K, paused 3ms+7ms
06-14 16:10:31.423    80    80 D dalvikvm: GC_EXPLICIT freed <1K, 4% free 9027K/9347K, paused 1ms+3ms
06-14 16:10:31.658   141   144 D dalvikvm: GC_CONCURRENT freed 1193K, 13% free 15927K/18119K, paused 3ms+7ms
06-14 16:10:32.041  9416  9419 D dalvikvm: GC_CONCURRENT freed 303K, 5% free 9168K/9607K, paused 9ms+2ms
06-14 16:10:32.568   303   305 D dalvikvm: GC_CONCURRENT freed 316K, 6% free 10555K/11143K, paused 6ms+3ms
06-14 16:10:32.591   141   152 I ActivityManager: Process com.android.vending (pid 3216) has died.
06-14 16:10:32.861  1429  2760 D dalvikvm: GC_EXPLICIT freed 235K, 7% free 9756K/10439K, paused 2ms+3ms
06-14 16:10:33.837  2449  2731 D dalvikvm: GC_EXPLICIT freed 75K, 4% free 10550K/10951K, paused 2ms+3ms
06-14 16:10:34.068   141   394 D dalvikvm: GC_EXPLICIT freed 456K, 14% free 15737K/18119K, paused 2ms+5ms
06-14 16:10:34.126   141   166 I ActivityManager: Start proc com.google.android.gallery3d for service com.google.android.gallery3d/com.google.android.picasasync.PicasaSyncService: pid=9440 uid=10017 gids={3003, 1015}
06-14 16:10:34.228  9440  9440 I ActivityThread: Pub com.google.android.gallery3d.GooglePhotoProvider: com.google.android.picasasync.PicasaContentProvider
06-14 16:10:34.369  9440  9443 D dalvikvm: GC_CONCURRENT freed 418K, 6% free 9114K/9607K, paused 11ms+4ms
06-14 16:10:34.404  9440  9440 I ActivityThread: Pub com.google.android.gallery3d.provider: com.android.gallery3d.provider.GalleryProvider
06-14 16:10:34.470  9440  9443 D dalvikvm: GC_CONCURRENT freed 390K, 5% free 9188K/9671K, paused 2ms+3ms
06-14 16:10:34.501  9440  9440 D UploadsManager: load newPhotoTracker: null
06-14 16:10:34.501  9440  9440 D UploadsManager: load all accounts: null
06-14 16:10:34.501  9440  9440 D UploadsManager: load all account-album pairs: null
06-14 16:10:34.501  9440  9440 V PicasaContentProvider: querySettings: defaults: {sync_on_wifi_only=1, auto_upload_account_type=null, sync_on_battery=1, sync_picasa_on_wifi_only=1, auto_upload_enabled=0, video_upload_wifi_only=1, sync_on_roaming=0, auto_upload_account_name=null}
06-14 16:10:34.509  9440  9440 D UploadsManager:    settings not changed
06-14 16:10:34.513  9440  9453 D PicasaSync: sync account database
06-14 16:10:34.544   141   394 I ActivityManager: Process com.android.sprintmenu (pid 3152) has died.
06-14 16:10:34.544   141   394 W ActivityManager: Scheduling restart of crashed service com.android.sprintmenu/.HiddenPhoneService in 5000ms
06-14 16:10:34.568  9440  9453 D PicasaSync: accounts in DB=1
06-14 16:10:34.568  9440  9453 V PicasaContentProvider: querySettings: defaults: {sync_on_wifi_only=1, auto_upload_account_type=null, sync_on_battery=1, sync_picasa_on_wifi_only=1, auto_upload_enabled=0, video_upload_wifi_only=1, sync_on_roaming=0, auto_upload_account_name=null}
06-14 16:10:34.587  9440  9453 D PicasaSyncManager: active network: NetworkInfo: type: WIFI[], state: CONNECTED/CONNECTED, reason: (unspecified), extra: (none), roaming: false, failover: false, isAvailable: true
06-14 16:10:34.587  9440  9453 D PicasaSyncManager: background data: true
06-14 16:10:34.662  9440  9455 D PicasaSyncService: start to perform sync on 21bhaavyaakapoor@gmail.com
06-14 16:10:34.666  9440  9453 V PicasaContentProvider: querySettings: defaults: {sync_on_wifi_only=1, auto_upload_account_type=null, sync_on_battery=1, sync_picasa_on_wifi_only=1, auto_upload_enabled=0, video_upload_wifi_only=1, sync_on_roaming=0, auto_upload_account_name=null}
06-14 16:10:34.669  9440  9453 D PicasaSyncManager: request sync for MetadataSyncTask (21bhaavyaakapoor@gmail.com)
06-14 16:10:34.673  9440  9453 D PicasaSyncManager: battery info: false
06-14 16:10:34.685  9440  9453 V PicasaContentProvider: querySettings: defaults: {sync_on_wifi_only=1, auto_upload_account_type=null, sync_on_battery=1, sync_picasa_on_wifi_only=1, auto_upload_enabled=0, video_upload_wifi_only=1, sync_on_roaming=0, auto_upload_account_name=null}
06-14 16:10:34.685  9440  9455 D PicasaSyncManager: perform sync task: MetadataSyncTask (21bhaavyaakapoor@gmail.com)
06-14 16:10:34.794  9440  9455 D PicasaAPI: getAlbums for 21bhaavyaakapoor@gmail.com, etag = W/"A0ICRHk_eyp7ImA9WhVUEUo."
06-14 16:10:35.087  9440  9443 D dalvikvm: GC_CONCURRENT freed 290K, 5% free 9320K/9735K, paused 2ms+2ms
06-14 16:10:35.349  9440  9455 E PicasaAPI:     getAlbums fail - uri: https://picasaweb.google.com/data/feed/api/user/21bhaavyaakapoor?max-results=1000&imgmax=d&thumbsize=640u&visibility=visible&v=4&alt=json&fd=shapes&kind=album, status code: 403
06-14 16:10:35.353  9440  9455 V PicasaAPI:    done
06-14 16:10:35.353  9440  9455 D MetricsUtils: [PicasaApi.getAlbums in:486 out:636 time:558]
06-14 16:10:35.552   303   865 D dalvikvm: GC_EXPLICIT freed 415K, 6% free 10568K/11143K, paused 5ms+3ms
06-14 16:10:35.634  1459  1461 D dalvikvm: GC_CONCURRENT freed 379K, 5% free 9318K/9799K, paused 1ms+3ms
06-14 16:10:36.466  9440  9455 D PicasaAPI: getAlbums for 21bhaavyaakapoor@gmail.com, etag = W/"A0ICRHk_eyp7ImA9WhVUEUo."
06-14 16:10:36.939  9440  9455 V PicasaAPI:    done
06-14 16:10:36.939  9440  9455 D MetricsUtils: [PicasaApi.getAlbums in:265 out:703 time:471]
06-14 16:10:36.939  9440  9455 D MetricsUtils: [PicasaSyncHelper.syncAlbums 21bhaavyaakapoor@gmail.com time:2149]
06-14 16:10:36.982  9440  9455 D PicasaAPI: getAlbumPhotos for 110758639372886968641 / 5627646280269566385, etag: W/"AkIERHczcCp7ImA9WhdTEkU."
06-14 16:10:37.751  9440  9455 D PicasaAPI:    done
06-14 16:10:37.751  9440  9455 D MetricsUtils: [PicasaApi.getAlbumPhotos in:207 out:756 time:772]
06-14 16:10:37.755  9440  9455 D MetricsUtils: [PicasaSyncHelper.syncPhotos 5627646280269566385 time:794]
06-14 16:10:37.775  9440  9455 D PicasaAPI: getAlbumPhotos for 110758639372886968641 / 5627646925820703457, etag: W/"CUIMQHc6eyp7ImA9WhVVEE4."
06-14 16:10:38.568  9440  9455 D PicasaAPI:    done
06-14 16:10:38.568  9440  9455 D MetricsUtils: [PicasaApi.getAlbumPhotos in:207 out:756 time:794]
06-14 16:10:38.572  9440  9455 D MetricsUtils: [PicasaSyncHelper.syncPhotos 5627646925820703457 time:811]
06-14 16:10:38.587  9440  9455 D PicasaAPI: getAlbumPhotos for 110758639372886968641 / 5631493436390480193, etag: W/"CU4CQ3Y_eCp7ImA9WhVWEU4."
06-14 16:10:39.384  9440  9455 D PicasaAPI:    done
06-14 16:10:39.388  9440  9455 D MetricsUtils: [PicasaApi.getAlbumPhotos in:207 out:756 time:800]
06-14 16:10:39.388  9440  9455 D MetricsUtils: [PicasaSyncHelper.syncPhotos 5631493436390480193 time:815]
06-14 16:10:39.412  9440  9455 D PicasaAPI: getAlbumPhotos for 110758639372886968641 / 5631494727538131585, etag: W/"DE4DRnw-fyp7ImA9WhVQEk4."
06-14 16:10:39.623   141   158 I ActivityManager: Start proc com.android.sprintmenu for service com.android.sprintmenu/.HiddenPhoneService: pid=9460 uid=1001 gids={3002, 3001, 3003, 1015}
06-14 16:10:40.201  9440  9455 D PicasaAPI:    done
06-14 16:10:40.205  9440  9455 D MetricsUtils: [PicasaApi.getAlbumPhotos in:207 out:756 time:790]
06-14 16:10:40.205  9440  9455 D MetricsUtils: [PicasaSyncHelper.syncPhotos 5631494727538131585 time:810]
06-14 16:10:40.220  9440  9455 D PicasaAPI: getAlbumPhotos for 110758639372886968641 / 5644632544915837969, etag: W/"CUMHQ3g8eip7ImA9WhdXEkk."
06-14 16:10:40.509  9440  9455 D PicasaAPI:    done
06-14 16:10:40.513  9440  9455 D MetricsUtils: [PicasaApi.getAlbumPhotos in:207 out:756 time:291]
06-14 16:10:40.513  9440  9455 D MetricsUtils: [PicasaSyncHelper.syncPhotos 5644632544915837969 time:304]
06-14 16:10:40.623  9440  9455 D PicasaSyncManager: sync complete: SyncResult: stats []
06-14 16:10:40.919  9440  9443 D dalvikvm: GC_CONCURRENT freed 359K, 6% free 9368K/9863K, paused 14ms+2ms
06-14 16:10:40.919  9440  9453 V PicasaContentProvider: querySettings: defaults: {sync_on_wifi_only=1, auto_upload_account_type=null, sync_on_battery=1, sync_picasa_on_wifi_only=1, auto_upload_enabled=0, video_upload_wifi_only=1, sync_on_roaming=0, auto_upload_account_name=null}
06-14 16:10:40.919  9440  9455 D MetricsUtils: [PicasaSyncManager.getNextSyncTask time:291]
06-14 16:10:40.919  9440  9455 D PicasaSyncManager: perform sync task: PrefetchFullImage (21bhaavyaakapoor@gmail.com)
06-14 16:10:41.025  9440  9455 D PicasaSyncManager: sync complete: SyncResult: stats []
06-14 16:10:41.033  9440  9453 V PicasaContentProvider: querySettings: defaults: {sync_on_wifi_only=1, auto_upload_account_type=null, sync_on_battery=1, sync_picasa_on_wifi_only=1, auto_upload_enabled=0, video_upload_wifi_only=1, sync_on_roaming=0, auto_upload_account_name=null}
06-14 16:10:41.037  9440  9455 D PicasaSyncManager: perform sync task: PrefetchAlbumCover (21bhaavyaakapoor@gmail.com)
06-14 16:10:41.084  9440  9455 D PicasaSyncManager: sync complete: SyncResult: stats []
06-14 16:10:41.107  9440  9453 V PicasaContentProvider: querySettings: defaults: {sync_on_wifi_only=1, auto_upload_account_type=null, sync_on_battery=1, sync_picasa_on_wifi_only=1, auto_upload_enabled=0, video_upload_wifi_only=1, sync_on_roaming=0, auto_upload_account_name=null}
06-14 16:10:41.111  9440  9455 D PicasaSyncManager: perform sync task: PrefetchScreenNail (21bhaavyaakapoor@gmail.com)
06-14 16:10:41.166  9440  9455 D PicasaSyncManager: sync complete: SyncResult: stats []
06-14 16:10:41.209  9440  9455 D PicasaSyncService: sync finished - false
06-14 16:10:41.283   141   408 I ActivityManager: Start proc com.android.browser for content provider com.android.browser/.provider.BrowserProvider2: pid=9477 uid=10003 gids={3003, 1015}
06-14 16:10:41.334   141   389 I ActivityManager: Process com.halfbrick.fruitninjafree (pid 3204) has died.
06-14 16:10:41.337    82    82 W AudioFlinger: session id 73 not found for pid 82
06-14 16:10:41.337   141   868 I WindowManager: WIN DEATH: Window{41356928 com.halfbrick.fruitninjafree/com.halfbrick.fruitninja.FruitNinjaActivity paused=false}
06-14 16:10:41.345    82    82 W AudioFlinger: session id 85 not found for pid 82
06-14 16:10:41.353   141   868 W WindowManager: Force-removing child win Window{41695530 SurfaceView paused=false} from container Window{41356928 com.halfbrick.fruitninjafree/com.halfbrick.fruitninja.FruitNinjaActivity paused=false}
06-14 16:10:41.384   141   152 W WindowManager: Failed looking up window
06-14 16:10:41.384   141   152 W WindowManager: java.lang.IllegalArgumentException: Requested window android.os.BinderProxy@41314c88 does not exist
06-14 16:10:41.384   141   152 W WindowManager: 	at com.android.server.wm.WindowManagerService.windowForClientLocked(WindowManagerService.java:7163)
06-14 16:10:41.384   141   152 W WindowManager: 	at com.android.server.wm.WindowManagerService.windowForClientLocked(WindowManagerService.java:7154)
06-14 16:10:41.384   141   152 W WindowManager: 	at com.android.server.wm.WindowState$DeathRecipient.binderDied(WindowState.java:1545)
06-14 16:10:41.384   141   152 W WindowManager: 	at android.os.BinderProxy.sendDeathNotice(Binder.java:417)
06-14 16:10:41.384   141   152 W WindowManager: 	at dalvik.system.NativeStart.run(Native Method)
06-14 16:10:41.384   141   152 I WindowManager: WIN DEATH: null
06-14 16:10:41.412  9477  9477 I ActivityThread: Pub com.android.browser;browser: com.android.browser.provider.BrowserProvider2
06-14 16:10:41.423  9477  9477 I ActivityThread: Pub com.android.browser.home: com.android.browser.homepages.HomeProvider
06-14 16:10:41.423  9477  9477 I ActivityThread: Pub com.android.browser.snapshots: com.android.browser.provider.SnapshotProvider
06-14 16:10:42.431   303   305 D dalvikvm: GC_CONCURRENT freed 345K, 5% free 10659K/11143K, paused 8ms+3ms
06-14 16:10:42.962  9416  9419 D dalvikvm: GC_CONCURRENT freed 360K, 6% free 9237K/9735K, paused 2ms+3ms
06-14 16:10:43.009  1459  1461 D dalvikvm: GC_CONCURRENT freed 360K, 6% free 9366K/9863K, paused 2ms+2ms
06-14 16:10:45.826  9440  9511 D PicasaSyncService: start to perform sync on 21bhaavyaakapoor@gmail.com
06-14 16:10:45.834  9440  9511 D PicasaSyncService: sync finished - false
06-14 16:10:46.154  9345  9348 D dalvikvm: GC_CONCURRENT freed 281K, 5% free 9266K/9671K, paused 3ms+3ms
06-14 16:10:46.209  9345  9362 D dalvikvm: GC_EXPLICIT freed 132K, 6% free 9139K/9671K, paused 5ms+2ms
06-14 16:10:46.576  9416  9419 D dalvikvm: GC_CONCURRENT freed 413K, 6% free 9249K/9799K, paused 2ms+3ms
06-14 16:10:46.611  9416  9515 D dalvikvm: GC_EXPLICIT freed 49K, 7% free 9203K/9799K, paused 2ms+2ms
06-14 16:10:46.998   141   868 D dalvikvm: GC_EXPLICIT freed 811K, 13% free 15802K/18119K, paused 2ms+6ms
06-14 16:11:08.150   547  1277 I PhoneLab-: Service Running
06-14 16:11:08.232   547  1277 I PhoneLab-LoggerService: app_38    1287  547   1428   1056  c00f181c 400107b4 S logcat
06-14 16:11:08.232   547  1277 I PhoneLab-LoggerService: Logcat pid from database 1287
06-14 16:11:08.236   547  1277 I PhoneLab-LoggerService: Logcat process found 1287
06-14 16:11:08.236   547  1277 I PhoneLab-LoggerService: Checking Threshold
06-14 16:11:16.947  9345  9345 I CalendarProvider2: Sending notification intent: Intent { act=android.intent.action.PROVIDER_CHANGED dat=content://com.android.calendar }
06-14 16:11:16.947  9345  9345 W ContentResolver: Failed to get type for: content://com.android.calendar (Unknown URL content://com.android.calendar)
06-14 16:11:17.064  9317  9319 D dalvikvm: GC_CONCURRENT freed 306K, 5% free 9161K/9543K, paused 10ms+2ms
06-14 16:11:46.865   217   219 D dalvikvm: GC_CONCURRENT freed 590K, 14% free 9890K/11463K, paused 11ms+2ms
06-14 16:13:08.150   547  1277 I PhoneLab-: Service Running
06-14 16:13:08.228   547   548 D dalvikvm: GC_CONCURRENT freed 442K, 17% free 9224K/11079K, paused 2ms+6ms
06-14 16:13:08.232   547  1277 I PhoneLab-LoggerService: app_38    1287  547   1428   1056  c00f181c 400107b4 S logcat
06-14 16:13:08.236   547  1277 I PhoneLab-LoggerService: Logcat pid from database 1287
06-14 16:13:08.236   547  1277 I PhoneLab-LoggerService: Logcat process found 1287
06-14 16:13:08.236   547  1277 I PhoneLab-LoggerService: Checking Threshold
06-14 16:13:25.150   547   547 I PhoneLab-Locks: wake lock acquired
06-14 16:13:25.177   547   547 I PhoneLab-StatusMonitor: Status Monitoring is started
06-14 16:13:25.236   547   548 D dalvikvm: GC_CONCURRENT freed 393K, 16% free 9342K/11079K, paused 2ms+7ms
06-14 16:13:25.236   547   547 I PhoneLab-StatusMonitor: Value: 10 - unit: min
06-14 16:13:25.236   547   547 I PhoneLab-StatusMonitor: Running interval: 600000
06-14 16:13:25.244   547   547 I PhoneLab-StatusMonitor: Rescheduling status monitoring...
06-14 16:13:25.244   547   547 I PhoneLab-Locks: wake lock released
06-14 16:13:25.248   547   547 I PhoneLab-StatusMonitorLocation: Learning Location
06-14 16:13:25.248   547   547 I PhoneLab-Locks: wake lock acquired
06-14 16:13:25.251   547   547 I PhoneLab-Locks: wake lock acquired
06-14 16:13:25.251   303   575 D androidNetworkLocationListeners: Still have listener com.google.android.location.internal.client.NetworkLocationClient$1@4138edc0
06-14 16:13:25.263   547   547 I PhoneLab-StatusMonitorLocation: Learning Signal Strgth
06-14 16:13:25.263   547   547 I PhoneLab-Locks: wake lock acquired
06-14 16:13:25.271   303   575 D androidNetworkLocationListeners: Still have listener com.google.android.location.internal.client.NetworkLocationClient$1@4138edc0
06-14 16:13:25.271   547   547 I PhoneLab-StatusMonitorBattery: Battery_level: 65
06-14 16:13:25.275   547   547 I PhoneLab-Locks: wake lock released
06-14 16:13:25.279   547   547 I PhoneLab-StatusMonitorSignal: Signal_Strength: -76 asu: 19
06-14 16:13:25.279   547   547 I PhoneLab-Locks: wake lock released
06-14 16:13:26.568   547   547 I PhoneLab-StatusMonitorLocation: Location_Latitude: 42.9552838 Longitude: -78.8289349 Accuracy: 36.0
06-14 16:13:26.572   303   575 D androidNetworkLocationListeners: Still have listener com.google.android.location.internal.client.NetworkLocationClient$1@4138edc0
06-14 16:13:26.572   547   547 I PhoneLab-Locks: wake lock released
06-14 16:13:27.869   303   305 D dalvikvm: GC_CONCURRENT freed 541K, 6% free 10629K/11271K, paused 2ms+3ms
06-14 16:15:08.150   547  1277 I PhoneLab-: Service Running
06-14 16:15:08.220   547  1277 I PhoneLab-LoggerService: app_38    1287  547   1428   1056  c00f181c 400107b4 S logcat
06-14 16:15:08.220   547  1277 I PhoneLab-LoggerService: Logcat pid from database 1287
06-14 16:15:08.220   547  1277 I PhoneLab-LoggerService: Logcat process found 1287
06-14 16:15:08.220   547  1277 I PhoneLab-LoggerService: Checking Threshold
06-14 16:17:08.150   547  1277 I PhoneLab-: Service Running
06-14 16:17:08.220   547  1277 I PhoneLab-LoggerService: app_38    1287  547   1428   1056  c00f181c 400107b4 S logcat
06-14 16:17:08.220   547  1277 I PhoneLab-LoggerService: Logcat pid from database 1287
06-14 16:17:08.220   547  1277 I PhoneLab-LoggerService: Logcat process found 1287
06-14 16:17:08.220   547  1277 I PhoneLab-LoggerService: Checking Threshold
06-14 16:19:08.150   547  1277 I PhoneLab-: Service Running
06-14 16:19:08.216   547  1277 I PhoneLab-LoggerService: app_38    1287  547   1428   1056  c00f181c 400107b4 S logcat
06-14 16:19:08.216   547  1277 I PhoneLab-LoggerService: Logcat pid from database 1287
06-14 16:19:08.216   547  1277 I PhoneLab-LoggerService: Logcat process found 1287
06-14 16:19:08.216   547  1277 I PhoneLab-LoggerService: Checking Threshold
06-14 16:21:08.150   547  1277 I PhoneLab-: Service Running
06-14 16:21:08.220   547  1277 I PhoneLab-LoggerService: app_38    1287  547   1428   1056  c00f181c 400107b4 S logcat
06-14 16:21:08.220   547  1277 I PhoneLab-LoggerService: Logcat pid from database 1287
06-14 16:21:08.220   547  1277 I PhoneLab-LoggerService: Logcat process found 1287
06-14 16:21:08.220   547  1277 I PhoneLab-LoggerService: Checking Threshold
06-14 16:22:07.853  1229  9533 W Gmail   : Successful index run, cancel next scheduled index run
06-14 16:23:08.150   547  1277 I PhoneLab-: Service Running
06-14 16:23:08.220   547  1277 I PhoneLab-LoggerService: app_38    1287  547   1428   1056  c00f181c 400107b4 S logcat
06-14 16:23:08.220   547  1277 I PhoneLab-LoggerService: Logcat pid from database 1287
06-14 16:23:08.220   547  1277 I PhoneLab-LoggerService: Logcat process found 1287
06-14 16:23:08.220   547  1277 I PhoneLab-LoggerService: Checking Threshold
06-14 16:23:11.787   547   547 I PhoneLab-Locks: wake lock acquired
06-14 16:23:11.794   303  1199 I EventLogService: Aggregate from 1339703591701 (log), 1339703591701 (data)
06-14 16:23:11.802   547  9536 I PhoneLab-PeriodicCheckService: User info is synched
06-14 16:23:11.802   547  9536 I PhoneLab-PeriodicCheckService: Logger Service is running
06-14 16:23:11.802   547  9536 I PhoneLab-Locks: wake lock acquired
06-14 16:23:11.806   547   547 I PhoneLab-UploadLogs: Transfering log files now
06-14 16:23:11.806   547   547 I PhoneLab-UploadLogs: No log files to transfer
06-14 16:23:11.806   547   547 I PhoneLab-Locks: wake lock released
06-14 16:23:11.806   547   547 I PhoneLab-UploadLogs: OnStartCommand
06-14 16:23:11.814   547  9536 I PhoneLab-PeriodicCheckService: Rescheduling periodic checking...
06-14 16:23:11.814   547  9536 I PhoneLab-Locks: wake lock released
06-14 16:23:25.263   547   547 I PhoneLab-Locks: wake lock acquired
06-14 16:23:25.267   547   547 I PhoneLab-StatusMonitor: Status Monitoring is started
06-14 16:23:25.302   547   548 D dalvikvm: GC_CONCURRENT freed 604K, 17% free 9245K/11079K, paused 2ms+2ms
06-14 16:23:25.326   547   547 I PhoneLab-StatusMonitor: Value: 10 - unit: min
06-14 16:23:25.326   547   547 I PhoneLab-StatusMonitor: Running interval: 600000
06-14 16:23:25.334   547   547 I PhoneLab-StatusMonitor: Rescheduling status monitoring...
06-14 16:23:25.334   547   547 I PhoneLab-Locks: wake lock released
06-14 16:23:25.337   547   547 I PhoneLab-StatusMonitorLocation: Learning Location
06-14 16:23:25.337   547   547 I PhoneLab-Locks: wake lock acquired
06-14 16:23:25.341   547   547 I PhoneLab-Locks: wake lock acquired
06-14 16:23:25.341   303   575 D androidNetworkLocationListeners: Still have listener com.google.android.location.internal.client.NetworkLocationClient$1@4138edc0
06-14 16:23:25.345   547   547 I PhoneLab-StatusMonitorLocation: Learning Signal Strgth
06-14 16:23:25.345   547   547 I PhoneLab-Locks: wake lock acquired
06-14 16:23:25.357   303   575 D androidNetworkLocationListeners: Still have listener com.google.android.location.internal.client.NetworkLocationClient$1@4138edc0
06-14 16:23:25.357   547   547 I PhoneLab-StatusMonitorBattery: Battery_level: 65
06-14 16:23:25.357   547   547 I PhoneLab-Locks: wake lock released
06-14 16:23:25.361   547   547 I PhoneLab-StatusMonitorSignal: Signal_Strength: -76 asu: 19
06-14 16:23:25.361   547   547 I PhoneLab-Locks: wake lock released
06-14 16:23:25.404   355   358 D dalvikvm: GC_CONCURRENT freed 872K, 8% free 11993K/12999K, paused 5ms+3ms
06-14 16:23:26.626   547   547 I PhoneLab-StatusMonitorLocation: Location_Latitude: 42.9552835 Longitude: -78.8289354 Accuracy: 42.0
06-14 16:23:26.626   303   575 D androidNetworkLocationListeners: Still have listener com.google.android.location.internal.client.NetworkLocationClient$1@4138edc0
06-14 16:23:26.626   547   547 I PhoneLab-Locks: wake lock released
06-14 16:23:27.923   303   305 D dalvikvm: GC_CONCURRENT freed 548K, 6% free 10618K/11271K, paused 2ms+3ms
06-14 16:23:42.013  2695  2696 D dalvikvm: GC_CONCURRENT freed 513K, 6% free 10840K/11527K, paused 11ms+3ms
06-14 16:24:48.919  1058  1060 D dalvikvm: GC_CONCURRENT freed 392K, 6% free 10520K/11143K, paused 14ms+2ms
06-14 16:25:08.150   547  1277 I PhoneLab-: Service Running
06-14 16:25:08.228   547  1277 I PhoneLab-LoggerService: app_38    1287  547   1428   1056  c00f181c 400107b4 S logcat
06-14 16:25:08.228   547  1277 I PhoneLab-LoggerService: Logcat pid from database 1287
06-14 16:25:08.228   547  1277 I PhoneLab-LoggerService: Logcat process found 1287
06-14 16:25:08.228   547  1277 I PhoneLab-LoggerService: Checking Threshold
06-14 16:25:08.236   547   548 D dalvikvm: GC_CONCURRENT freed 423K, 17% free 9213K/11079K, paused 1ms+2ms
06-14 16:27:08.150   547  1277 I PhoneLab-: Service Running
06-14 16:27:08.220   547  1277 I PhoneLab-LoggerService: app_38    1287  547   1428   1056  c00f181c 400107b4 S logcat
06-14 16:27:08.220   547  1277 I PhoneLab-LoggerService: Logcat pid from database 1287
06-14 16:27:08.220   547  1277 I PhoneLab-LoggerService: Logcat process found 1287
06-14 16:27:08.220   547  1277 I PhoneLab-LoggerService: Checking Threshold
06-14 16:29:08.150   547  1277 I PhoneLab-: Service Running
06-14 16:29:08.220   547  1277 I PhoneLab-LoggerService: app_38    1287  547   1428   1056  c00f181c 400107b4 S logcat
06-14 16:29:08.220   547  1277 I PhoneLab-LoggerService: Logcat pid from database 1287
06-14 16:29:08.220   547  1277 I PhoneLab-LoggerService: Logcat process found 1287
06-14 16:29:08.220   547  1277 I PhoneLab-LoggerService: Checking Threshold
06-14 16:31:08.150   547  1277 I PhoneLab-: Service Running
06-14 16:31:08.220   547  1277 I PhoneLab-LoggerService: app_38    1287  547   1428   1056  c00f181c 400107b4 S logcat
06-14 16:31:08.220   547  1277 I PhoneLab-LoggerService: Logcat pid from database 1287
06-14 16:31:08.220   547  1277 I PhoneLab-LoggerService: Logcat process found 1287
06-14 16:31:08.220   547  1277 I PhoneLab-LoggerService: Checking Threshold
06-14 16:33:08.150   547  1277 I PhoneLab-: Service Running
06-14 16:33:08.240   547  1277 I PhoneLab-LoggerService: app_38    1287  547   1428   1056  c00f181c 400107b4 S logcat
06-14 16:33:08.240   547  1277 I PhoneLab-LoggerService: Logcat pid from database 1287
06-14 16:33:08.240   547  1277 I PhoneLab-LoggerService: Logcat process found 1287
06-14 16:33:08.240   547  1277 I PhoneLab-LoggerService: Checking Threshold
06-14 16:33:25.357   547   547 I PhoneLab-Locks: wake lock acquired
06-14 16:33:25.384   547   547 I PhoneLab-StatusMonitor: Status Monitoring is started
06-14 16:33:25.423   547   548 D dalvikvm: GC_CONCURRENT freed 464K, 17% free 9260K/11079K, paused 2ms+2ms
06-14 16:33:25.443   547   547 I PhoneLab-StatusMonitor: Value: 10 - unit: min
06-14 16:33:25.443   547   547 I PhoneLab-StatusMonitor: Running interval: 600000
06-14 16:33:25.447   547   547 I PhoneLab-StatusMonitor: Rescheduling status monitoring...
06-14 16:33:25.447   547   547 I PhoneLab-Locks: wake lock released
06-14 16:33:25.451   547   547 I PhoneLab-StatusMonitorLocation: Learning Location
06-14 16:33:25.451   547   547 I PhoneLab-Locks: wake lock acquired
06-14 16:33:25.455   547   547 I PhoneLab-Locks: wake lock acquired
06-14 16:33:25.455   303   575 D androidNetworkLocationListeners: Still have listener com.google.android.location.internal.client.NetworkLocationClient$1@4138edc0
06-14 16:33:25.459   547   547 I PhoneLab-StatusMonitorLocation: Learning Signal Strgth
06-14 16:33:25.459   547   547 I PhoneLab-Locks: wake lock acquired
06-14 16:33:25.466   303   575 D androidNetworkLocationListeners: Still have listener com.google.android.location.internal.client.NetworkLocationClient$1@4138edc0
06-14 16:33:25.466   547   547 I PhoneLab-StatusMonitorBattery: Battery_level: 64
06-14 16:33:25.474   547   547 I PhoneLab-Locks: wake lock released
06-14 16:33:25.478   547   547 I PhoneLab-StatusMonitorSignal: Signal_Strength: -76 asu: 19
06-14 16:33:25.478   547   547 I PhoneLab-Locks: wake lock released
06-14 16:33:26.724   547   547 I PhoneLab-StatusMonitorLocation: Location_Latitude: 42.955315 Longitude: -78.8289239 Accuracy: 40.0
06-14 16:33:26.724   303   575 D androidNetworkLocationListeners: Still have listener com.google.android.location.internal.client.NetworkLocationClient$1@4138edc0
06-14 16:33:26.724   547   547 I PhoneLab-Locks: wake lock released
06-14 16:33:28.052   303   305 D dalvikvm: GC_CONCURRENT freed 507K, 6% free 10613K/11271K, paused 2ms+3ms
06-14 16:34:05.162   141   144 D dalvikvm: GC_CONCURRENT freed 1529K, 13% free 15845K/18119K, paused 7ms+8ms
06-14 16:35:08.150   547  1277 I PhoneLab-: Service Running
06-14 16:35:08.220   547  1277 I PhoneLab-LoggerService: app_38    1287  547   1428   1056  c00f181c 400107b4 S logcat
06-14 16:35:08.220   547  1277 I PhoneLab-LoggerService: Logcat pid from database 1287
06-14 16:35:08.220   547  1277 I PhoneLab-LoggerService: Logcat process found 1287
06-14 16:35:08.220   547  1277 I PhoneLab-LoggerService: Checking Threshold
06-14 16:37:08.150   547  1277 I PhoneLab-: Service Running
06-14 16:37:08.216   547  1277 I PhoneLab-LoggerService: app_38    1287  547   1428   1056  c00f181c 400107b4 S logcat
06-14 16:37:08.216   547  1277 I PhoneLab-LoggerService: Logcat pid from database 1287
06-14 16:37:08.216   547  1277 I PhoneLab-LoggerService: Logcat process found 1287
06-14 16:37:08.216   547  1277 I PhoneLab-LoggerService: Checking Threshold
06-14 16:39:08.150   547  1277 I PhoneLab-: Service Running
06-14 16:39:08.216   547  1277 I PhoneLab-LoggerService: app_38    1287  547   1428   1056  c00f181c 400107b4 S logcat
06-14 16:39:08.216   547  1277 I PhoneLab-LoggerService: Logcat pid from database 1287
06-14 16:39:08.216   547  1277 I PhoneLab-LoggerService: Logcat process found 1287
06-14 16:39:08.216   547  1277 I PhoneLab-LoggerService: Checking Threshold
06-14 16:41:08.150   547  1277 I PhoneLab-: Service Running
06-14 16:41:08.232   547   548 D dalvikvm: GC_CONCURRENT freed 443K, 17% free 9231K/11079K, paused 2ms+2ms
06-14 16:41:08.236   547  1277 I PhoneLab-LoggerService: app_38    1287  547   1428   1056  c00f181c 400107b4 S logcat
06-14 16:41:08.236   547  1277 I PhoneLab-LoggerService: Logcat pid from database 1287
06-14 16:41:08.236   547  1277 I PhoneLab-LoggerService: Logcat process found 1287
06-14 16:41:08.236   547  1277 I PhoneLab-LoggerService: Checking Threshold
06-14 16:41:24.529   141   157 V BackupManagerService: Running a backup pass
06-14 16:41:24.544   141   211 V BackupManagerService: Backup requested but nothing pending
06-14 16:43:08.150   547  1277 I PhoneLab-: Service Running
06-14 16:43:08.220   547  1277 I PhoneLab-LoggerService: app_38    1287  547   1428   1056  c00f181c 400107b4 S logcat
06-14 16:43:08.220   547  1277 I PhoneLab-LoggerService: Logcat pid from database 1287
06-14 16:43:08.220   547  1277 I PhoneLab-LoggerService: Logcat process found 1287
06-14 16:43:08.220   547  1277 I PhoneLab-LoggerService: Checking Threshold
06-14 16:43:25.470   547   547 I PhoneLab-Locks: wake lock acquired
06-14 16:43:25.498   547   547 I PhoneLab-StatusMonitor: Status Monitoring is started
06-14 16:43:25.556   547   548 D dalvikvm: GC_CONCURRENT freed 438K, 17% free 9296K/11079K, paused 2ms+2ms
06-14 16:43:25.560   547   547 I PhoneLab-StatusMonitor: Value: 10 - unit: min
06-14 16:43:25.560   547   547 I PhoneLab-StatusMonitor: Running interval: 600000
06-14 16:43:25.568   547   547 I PhoneLab-StatusMonitor: Rescheduling status monitoring...
06-14 16:43:25.572   547   547 I PhoneLab-Locks: wake lock released
06-14 16:43:25.576   547   547 I PhoneLab-StatusMonitorLocation: Learning Location
06-14 16:43:25.576   547   547 I PhoneLab-Locks: wake lock acquired
06-14 16:43:25.580   547   547 I PhoneLab-Locks: wake lock acquired
06-14 16:43:25.580   303   575 D androidNetworkLocationListeners: Still have listener com.google.android.location.internal.client.NetworkLocationClient$1@4138edc0
06-14 16:43:25.584   547   547 I PhoneLab-StatusMonitorLocation: Learning Signal Strgth
06-14 16:43:25.584   547   547 I PhoneLab-Locks: wake lock acquired
06-14 16:43:25.591   303   575 D androidNetworkLocationListeners: Still have listener com.google.android.location.internal.client.NetworkLocationClient$1@4138edc0
06-14 16:43:25.591   547   547 I PhoneLab-StatusMonitorBattery: Battery_level: 64
06-14 16:43:25.599   547   547 I PhoneLab-Locks: wake lock released
06-14 16:43:25.603   547   547 I PhoneLab-StatusMonitorSignal: Signal_Strength: -76 asu: 19
06-14 16:43:25.603   547   547 I PhoneLab-Locks: wake lock released
06-14 16:43:26.861   547   547 I PhoneLab-StatusMonitorLocation: Location_Latitude: 42.9552799 Longitude: -78.8289295 Accuracy: 36.0
06-14 16:43:26.861   303   575 D androidNetworkLocationListeners: Still have listener com.google.android.location.internal.client.NetworkLocationClient$1@4138edc0
06-14 16:43:26.861   547   547 I PhoneLab-Locks: wake lock released
06-14 16:43:28.173   303   305 D dalvikvm: GC_CONCURRENT freed 481K, 6% free 10615K/11271K, paused 2ms+3ms
06-14 16:45:08.146   547  1277 I PhoneLab-: Service Running
06-14 16:45:08.173   547  1277 I PhoneLab-LoggerService: app_38    1287  547   1428   1056  c00f181c 400107b4 S logcat
06-14 16:45:08.177   547  1277 I PhoneLab-LoggerService: Logcat pid from database 1287
06-14 16:45:08.177   547  1277 I PhoneLab-LoggerService: Logcat process found 1287
06-14 16:45:08.177   547  1277 I PhoneLab-LoggerService: Checking Threshold
06-14 16:47:08.150   547  1277 I PhoneLab-: Service Running
06-14 16:47:08.224   547  1277 I PhoneLab-LoggerService: app_38    1287  547   1428   1056  c00f181c 400107b4 S logcat
06-14 16:47:08.224   547  1277 I PhoneLab-LoggerService: Logcat pid from database 1287
06-14 16:47:08.224   547  1277 I PhoneLab-LoggerService: Logcat process found 1287
06-14 16:47:08.224   547  1277 I PhoneLab-LoggerService: Checking Threshold
06-14 16:49:08.150   547  1277 I PhoneLab-: Service Running
06-14 16:49:08.216   547  1277 I PhoneLab-LoggerService: app_38    1287  547   1428   1056  c00f181c 400107b4 S logcat
06-14 16:49:08.216   547  1277 I PhoneLab-LoggerService: Logcat pid from database 1287
06-14 16:49:08.216   547  1277 I PhoneLab-LoggerService: Logcat process found 1287
06-14 16:49:08.216   547  1277 I PhoneLab-LoggerService: Checking Threshold
06-14 16:51:02.439  1229  9568 I Gmail   : MainSyncRequestProto: lowestBkwdConvoId: 0, highestHandledServerOp: 1067606, normalSync: true
06-14 16:51:05.021  1229  9568 D dalvikvm: GC_EXPLICIT freed 639K, 13% free 11795K/13511K, paused 7ms+5ms
06-14 16:51:05.041  1229  9568 I Gmail   : MainSyncRequestProto: lowestBkwdConvoId: 0, highestHandledServerOp: 1067746, normalSync: true
06-14 16:51:06.552  1229  9568 D dalvikvm: GC_EXPLICIT freed 318K, 13% free 11760K/13511K, paused 9ms+4ms
06-14 16:51:06.556  1229  9568 I Gmail   : MainSyncRequestProto: lowestBkwdConvoId: 0, highestHandledServerOp: 1067749, normalSync: true
06-14 16:51:06.568  1229  9568 W Gmail   : Scheduling index for 300000 ms from now
06-14 16:51:06.587  1229  9568 I Gmail   : Sending notification intent: Intent { act=android.intent.action.PROVIDER_CHANGED dat=content://gmail-ls/unread/^i (has extras) }
06-14 16:51:06.646  1229  9568 I Gmail   : Sending notification intent: Intent { act=android.intent.action.PROVIDER_CHANGED dat=content://gmail-ls/unread/^iim (has extras) }
06-14 16:51:06.662  1229  9573 W Gmail   : Showing notification with unreadCount of 1202 and unseenCount of 1
06-14 16:51:06.857   141  9575 I AudioService:  AudioFocus  requestAudioFocus() from android.media.AudioManager@4151fea0
06-14 16:51:06.876  1229  9577 I Gmail   : MainSyncRequestProto: lowestBkwdConvoId: 0, highestHandledServerOp: 1067749, normalSync: true
06-14 16:51:06.876    82   126 D AudioHardware: AudioHardware pcm playback is exiting standby.
06-14 16:51:06.876    82   126 D AudioHardware: openPcmOut_l() mPcmOpenCnt: 0
06-14 16:51:07.017   217   219 D dalvikvm: GC_CONCURRENT freed 331K, 13% free 9975K/11463K, paused 18ms+5ms
06-14 16:51:07.150   217   219 D dalvikvm: GC_CONCURRENT freed 230K, 12% free 10199K/11463K, paused 2ms+3ms
06-14 16:51:07.314   217   219 D dalvikvm: GC_CONCURRENT freed 565K, 13% free 10020K/11463K, paused 3ms+3ms
06-14 16:51:07.603  1229  9577 D dalvikvm: GC_EXPLICIT freed 349K, 13% free 11780K/13511K, paused 2ms+5ms
06-14 16:51:07.607  1229  9577 I Gmail   : MainSyncRequestProto: lowestBkwdConvoId: 0, highestHandledServerOp: 1067749, normalSync: true
06-14 16:51:07.619  1229  9577 W Gmail   : Scheduling index for 300000 ms from now
06-14 16:51:08.150   547  1277 I PhoneLab-: Service Running
06-14 16:51:08.244   547  1277 I PhoneLab-LoggerService: app_38    1287  547   1428   1056  c00f181c 400107b4 S logcat
06-14 16:51:08.244   547  1277 I PhoneLab-LoggerService: Logcat pid from database 1287
06-14 16:51:08.244   547  1277 I PhoneLab-LoggerService: Logcat process found 1287
06-14 16:51:08.244   547  1277 I PhoneLab-LoggerService: Checking Threshold
06-14 16:51:08.759   141  9575 I AudioService:  AudioFocus  abandonAudioFocus() from android.media.AudioManager@4151fea0
06-14 16:51:11.849    82   126 D AudioHardware: AudioHardware pcm playback is going to standby.
06-14 16:51:11.849    82   126 D AudioHardware: closePcmOut_l() mPcmOpenCnt: 1
06-14 16:53:08.150   547  1277 I PhoneLab-: Service Running
06-14 16:53:08.220   547  1277 I PhoneLab-LoggerService: app_38    1287  547   1428   1056  c00f181c 400107b4 S logcat
06-14 16:53:08.220   547  1277 I PhoneLab-LoggerService: Logcat pid from database 1287
06-14 16:53:08.220   547  1277 I PhoneLab-LoggerService: Logcat process found 1287
06-14 16:53:08.220   547  1277 I PhoneLab-LoggerService: Checking Threshold
06-14 16:53:11.837   547   547 I PhoneLab-Locks: wake lock acquired
06-14 16:53:11.888   547  9583 I PhoneLab-PeriodicCheckService: User info is synched
06-14 16:53:11.896   547  9583 I PhoneLab-PeriodicCheckService: Logger Service is running
06-14 16:53:11.896   547  9583 I PhoneLab-Locks: wake lock acquired
06-14 16:53:11.896   547   547 I PhoneLab-UploadLogs: Transfering log files now
06-14 16:53:11.896   547   547 I PhoneLab-UploadLogs: No log files to transfer
06-14 16:53:11.896   547   547 I PhoneLab-Locks: wake lock released
06-14 16:53:11.900   547   547 I PhoneLab-UploadLogs: OnStartCommand
06-14 16:53:11.900   547  9583 I PhoneLab-PeriodicCheckService: Rescheduling periodic checking...
06-14 16:53:11.900   547  9583 I PhoneLab-Locks: wake lock released
06-14 16:53:11.904   303   730 I EventLogService: Aggregate from 1339705391798 (log), 1339705391798 (data)
06-14 16:53:12.025   141   141 D dalvikvm: GC_EXPLICIT freed 1524K, 13% free 15881K/18119K, paused 3ms+7ms
06-14 16:53:25.572   547   547 I PhoneLab-Locks: wake lock acquired
06-14 16:53:25.603   547   547 I PhoneLab-StatusMonitor: Status Monitoring is started
06-14 16:53:25.654   547   548 D dalvikvm: GC_CONCURRENT freed 569K, 17% free 9238K/11079K, paused 1ms+2ms
06-14 16:53:25.677   547   547 I PhoneLab-StatusMonitor: Value: 10 - unit: min
06-14 16:53:25.677   547   547 I PhoneLab-StatusMonitor: Running interval: 600000
06-14 16:53:25.685   547   547 I PhoneLab-StatusMonitor: Rescheduling status monitoring...
06-14 16:53:25.685   547   547 I PhoneLab-Locks: wake lock released
06-14 16:53:25.689   547   547 I PhoneLab-StatusMonitorLocation: Learning Location
06-14 16:53:25.689   547   547 I PhoneLab-Locks: wake lock acquired
06-14 16:53:25.693   547   547 I PhoneLab-Locks: wake lock acquired
06-14 16:53:25.697   303   575 D androidNetworkLocationListeners: Still have listener com.google.android.location.internal.client.NetworkLocationClient$1@4138edc0
06-14 16:53:25.709   547   547 I PhoneLab-StatusMonitorLocation: Learning Signal Strgth
06-14 16:53:25.709   547   547 I PhoneLab-Locks: wake lock acquired
06-14 16:53:25.716   547   548 D dalvikvm: GC_CONCURRENT freed 440K, 18% free 9186K/11079K, paused 3ms+2ms
06-14 16:53:25.724   547   547 I PhoneLab-StatusMonitorBattery: Battery_level: 64
06-14 16:53:25.724   303   575 D androidNetworkLocationListeners: Still have listener com.google.android.location.internal.client.NetworkLocationClient$1@4138edc0
06-14 16:53:25.728   547   547 I PhoneLab-Locks: wake lock released
06-14 16:53:25.732   547   547 I PhoneLab-StatusMonitorSignal: Signal_Strength: -76 asu: 19
06-14 16:53:25.732   547   547 I PhoneLab-Locks: wake lock released
06-14 16:53:27.025   547   547 I PhoneLab-StatusMonitorLocation: Location_Latitude: 42.955287 Longitude: -78.8289279 Accuracy: 33.0
06-14 16:53:27.025   303   575 D androidNetworkLocationListeners: Still have listener com.google.android.location.internal.client.NetworkLocationClient$1@4138edc0
06-14 16:53:27.025   547   547 I PhoneLab-Locks: wake lock released
06-14 16:53:28.337   303   305 D dalvikvm: GC_CONCURRENT freed 516K, 6% free 10632K/11271K, paused 2ms+3ms
06-14 16:55:00.099   141  9194 W BackupManagerService: dataChanged but no participant pkg='com.android.providers.settings' uid=10011
06-14 16:55:00.123  9333  9359 V AlarmClock: Recevied alarm set for 16:55:00.000 PM
06-14 16:55:00.232   217   217 D PhoneStatusBar: Notification has fullScreenIntent; sending fullScreenIntent
