07-04 11:03:34.558   215   218 D dalvikvm: GC_CONCURRENT freed 395K, 15% free 10105K/11783K, paused 3ms+3ms
07-04 11:03:34.996   336   336 D dalvikvm: GC_FOR_ALLOC freed 953K, 20% free 10604K/13127K, paused 114ms
07-04 11:03:35.004   336   336 I dalvikvm-heap: Grow heap (frag case) to 11.019MB for 622096-byte allocation
07-04 11:03:35.027   215   218 D dalvikvm: GC_CONCURRENT freed 467K, 14% free 10138K/11783K, paused 2ms+8ms
07-04 11:03:35.101   336   339 D dalvikvm: GC_CONCURRENT freed 7K, 15% free 11205K/13127K, paused 3ms+3ms
07-04 11:03:35.379  6704  6706 D dalvikvm: GC_CONCURRENT freed 279K, 4% free 9482K/9863K, paused 3ms+5ms
07-04 11:03:35.402  6704  6704 D dalvikvm: GC_FOR_ALLOC freed 6K, 4% free 9476K/9863K, paused 21ms
07-04 11:03:35.402  6704  6704 I dalvikvm-heap: Grow heap (frag case) to 9.616MB for 307216-byte allocation
07-04 11:03:35.429  6704  6713 D dalvikvm: GC_FOR_ALLOC freed 0K, 4% free 9776K/10183K, paused 18ms
07-04 11:03:35.730    81   124 D AudioHardware: AudioHardware pcm playback is going to standby.
07-04 11:03:35.730    81   124 D AudioHardware: closePcmOut_l() mPcmOpenCnt: 1
07-04 11:03:35.793   145   429 W InputManagerService: Window already focused, ignoring focus gain of: com.android.internal.view.IInputMethodClient$Stub$Proxy@4176ba38
07-04 11:03:36.605  6116  6118 D dalvikvm: GC_CONCURRENT freed 411K, 8% free 10831K/11655K, paused 9ms+19ms
07-04 11:03:36.832  6116  6135 I System.out: [INFO:1958755]: LogSource: Response [http=200,length=79]
07-04 11:03:36.832  6116  6134 I System.out: [INFO:1958757]: LogSource: Response [http=200,length=79]
07-04 11:03:36.839  6116  6134 I System.out: [INFO:1958765]: LogSource: Sending payload [bytes=430]
07-04 11:03:36.843  6116  6135 I System.out: [INFO:1958769]: LogSource: Sending payload [bytes=534]
07-04 11:03:37.816  6704  6706 D dalvikvm: GC_CONCURRENT freed 417K, 6% free 9786K/10311K, paused 3ms+3ms
07-04 11:03:40.023   145   157 D dalvikvm: GC_EXPLICIT freed 1109K, 22% free 14867K/18951K, paused 2ms+7ms
07-04 11:03:40.203  6704  6706 D dalvikvm: GC_CONCURRENT freed 375K, 5% free 9927K/10375K, paused 8ms+6ms
07-04 11:03:40.312  6704  6706 D dalvikvm: GC_CONCURRENT freed 451K, 5% free 10041K/10567K, paused 1ms+3ms
07-04 11:03:42.254    81   124 D AudioHardware: AudioHardware pcm playback is exiting standby.
07-04 11:03:42.254    81   124 D AudioHardware: openPcmOut_l() mPcmOpenCnt: 0
07-04 11:03:42.468  2913  2915 D dalvikvm: GC_CONCURRENT freed 324K, 6% free 9754K/10375K, paused 2ms+9ms
07-04 11:03:42.726   336   336 D dalvikvm: GC_FOR_ALLOC freed 1021K, 20% free 10609K/13127K, paused 92ms
07-04 11:03:42.726   336   336 I dalvikvm-heap: Grow heap (frag case) to 11.024MB for 622096-byte allocation
07-04 11:03:42.773   336   339 D dalvikvm: GC_CONCURRENT freed 8K, 15% free 11209K/13127K, paused 3ms+3ms
07-04 11:03:45.343    81   124 D AudioHardware: AudioHardware pcm playback is going to standby.
07-04 11:03:45.343    81   124 D AudioHardware: closePcmOut_l() mPcmOpenCnt: 1
07-04 11:03:48.156    81   124 D AudioHardware: AudioHardware pcm playback is exiting standby.
07-04 11:03:48.156    81   124 D AudioHardware: openPcmOut_l() mPcmOpenCnt: 0
07-04 11:03:48.316   359   780 D MmsSmsProvider: getSingleAddressId: insert new canonical_address for xxxxxx, _id=1
07-04 11:03:48.320   359   780 D MmsSmsProvider: getThreadId: create new thread_id for recipients xxxxxxxx
07-04 11:03:48.343   359   780 D MmsSmsProvider: insertThread: created new thread_id 1 for recipientIds xxxxxxx
07-04 11:03:48.562  6704  6706 D dalvikvm: GC_CONCURRENT freed 362K, 5% free 10106K/10567K, paused 2ms+14ms
07-04 11:03:48.609   336   336 D dalvikvm: GC_FOR_ALLOC freed 761K, 20% free 10601K/13127K, paused 66ms
07-04 11:03:48.609   336   336 I dalvikvm-heap: Grow heap (frag case) to 11.016MB for 622096-byte allocation
07-04 11:03:48.668   215   218 D dalvikvm: GC_CONCURRENT freed 388K, 14% free 10136K/11783K, paused 2ms+7ms
07-04 11:03:48.683   336   339 D dalvikvm: GC_CONCURRENT freed 1K, 15% free 11207K/13127K, paused 2ms+12ms
07-04 11:03:49.515  6704  6739 D dalvikvm: GC_FOR_ALLOC freed 130K, 6% free 10070K/10631K, paused 18ms
07-04 11:03:49.625  6704  6739 I dalvikvm-heap: Grow heap (frag case) to 28.652MB for 19660816-byte allocation
07-04 11:03:49.668  6704  6704 D dalvikvm: GC_FOR_ALLOC freed <1K, 3% free 29269K/29895K, paused 23ms
07-04 11:03:49.718  6704  6706 D dalvikvm: GC_CONCURRENT freed 2K, 3% free 29267K/29895K, paused 2ms+3ms
07-04 11:03:50.402  6704  6739 D dalvikvm: GC_FOR_ALLOC freed 20556K, 68% free 10289K/31367K, paused 20ms
07-04 11:03:50.445  6704  6706 D dalvikvm: GC_CONCURRENT freed 418K, 67% free 10359K/31367K, paused 2ms+5ms
07-04 11:03:51.156   359  2666 D dalvikvm: GC_EXPLICIT freed 306K, 6% free 9543K/10119K, paused 11ms+3ms
07-04 11:03:51.273    81   124 D AudioHardware: AudioHardware pcm playback is going to standby.
07-04 11:03:51.277    81   124 D AudioHardware: closePcmOut_l() mPcmOpenCnt: 1
07-04 11:03:51.320  6704  6740 V TransactionSettings: APN setting: MMSC: http://mms.sprintpcs.com looked for: null
07-04 11:03:51.359   145  1941 D ConnectivityService: startUsingNetworkFeature reconnecting to 0: enableMMS
07-04 11:03:51.535  6704  6706 D dalvikvm: GC_CONCURRENT freed 650K, 68% free 10149K/31367K, paused 2ms+10ms
07-04 11:03:51.687  6704  6706 D dalvikvm: GC_CONCURRENT freed 416K, 68% free 10238K/31367K, paused 2ms+5ms
07-04 11:03:51.793  6704  6706 D dalvikvm: GC_CONCURRENT freed 451K, 68% free 10284K/31367K, paused 2ms+4ms
07-04 11:03:51.910  6704  6706 D dalvikvm: GC_CONCURRENT freed 134K, 67% free 10562K/31367K, paused 2ms+11ms
07-04 11:03:52.039  6704  6706 D dalvikvm: GC_CONCURRENT freed 530K, 67% free 10544K/31367K, paused 3ms+4ms
07-04 11:03:52.086  6704  6706 D dalvikvm: GC_CONCURRENT freed 203K, 66% free 10853K/31367K, paused 1ms+4ms
07-04 11:03:52.254   145   147 D dalvikvm: GC_CONCURRENT freed 1242K, 21% free 15051K/18951K, paused 4ms+6ms
07-04 11:03:55.054   215   218 D dalvikvm: GC_CONCURRENT freed 681K, 16% free 9933K/11783K, paused 2ms+3ms
07-04 11:03:57.027  6116  6131 E GoogleVoice: UpdateService: updateException(): WatchdogException
07-04 11:03:57.101   215   215 D dalvikvm: GC_FOR_ALLOC freed 266K, 15% free 10033K/11783K, paused 17ms
07-04 11:03:57.140  6116  6131 I GoogleVoice: UpdateService: Rescheduled retry
07-04 11:03:57.199   215   218 D dalvikvm: GC_CONCURRENT freed 361K, 14% free 10164K/11783K, paused 1ms+3ms
07-04 11:03:57.375   215   218 D dalvikvm: GC_CONCURRENT freed 388K, 14% free 10197K/11783K, paused 3ms+5ms
07-04 11:03:57.527  6081  6094 I PhoneLab-: Service Running
07-04 11:03:57.613  6081  6094 I PhoneLab-LoggerService: app_36    958   1     1444   1000  c00f181c 400107b4 S logcat
07-04 11:03:57.613  6081  6094 I PhoneLab-LoggerService: Logcat pid from database 958
07-04 11:03:57.613  6081  6094 I PhoneLab-LoggerService: Logcat process found 958
07-04 11:03:57.613  6081  6094 I PhoneLab-LoggerService: Checking Threshold
07-04 11:03:57.886   145   201 D ConnectivityService: ConnectivityChange for mobile_mms: CONNECTED/CONNECTED
07-04 11:03:57.980   359   361 D dalvikvm: GC_CONCURRENT freed 476K, 6% free 9526K/10119K, paused 13ms+6ms
07-04 11:03:58.086   145   197 D NetworkPolicy: applying policy NetworkPolicy[NetworkTemplate: matchRule=MOBILE_ALL, subscriberId=valid]: cycleDay=2, warningBytes=2147483648, limitBytes=-1, lastSnooze=-1 to ifaces [rmnet0]
07-04 11:04:00.089   145   344 I ActivityManager: START {dat=googlevoice://conversations/2de60b2e5932e15734873b7661481cb737115faa flg=0x4000000 cmp=com.google.android.apps.googlevoice/.PhoneCallListActivity bnds=[0,119][480,215]} from pid -1
07-04 11:04:00.093   145   344 W ActivityManager: startActivity called from non-Activity context; forcing Intent.FLAG_ACTIVITY_NEW_TASK for: Intent { dat=googlevoice://conversations/2de60b2e5932e15734873b7661481cb737115faa flg=0x4000000 cmp=com.google.android.apps.googlevoice/.PhoneCallListActivity bnds=[0,119][480,215] }
07-04 11:04:00.101    81   124 D AudioHardware: AudioHardware pcm playback is exiting standby.
07-04 11:04:00.101    81   124 D AudioHardware: openPcmOut_l() mPcmOpenCnt: 0
07-04 11:04:00.207   145   387 W KeyguardViewMediator: verifyUnlock called when not externally disabled
07-04 11:04:00.375  6116  6116 D dalvikvm: GC_FOR_ALLOC freed 272K, 7% free 10854K/11655K, paused 84ms
07-04 11:04:00.414  6704  6704 D OpenGLRenderer: Flushing caches (mode 1)
07-04 11:04:00.523  6116  6116 W GoogleVoice: PhoneCallListActivity: unknown action, threading as Intent.ACTION_MAIN: null
07-04 11:04:00.531   215   218 D dalvikvm: GC_CONCURRENT freed 562K, 15% free 10099K/11783K, paused 3ms+8ms
07-04 11:04:00.535  6116  6132 I System.out: [INFO:1982462]: LogSource: Running flush
07-04 11:04:00.652   145   161 I Process : Sending signal. PID: 6116 SIG: 3
07-04 11:04:00.652  6116  6121 I dalvikvm: threadid=3: reacting to signal 3
07-04 11:04:00.718  6116  6121 I dalvikvm: Wrote stack traces to '/data/anr/traces.txt'
07-04 11:04:00.824  6116  6756 D dalvikvm: GC_FOR_ALLOC freed 114K, 7% free 10928K/11655K, paused 28ms
07-04 11:04:00.867  6116  6756 D dalvikvm: GC_FOR_ALLOC freed 18K, 7% free 10935K/11655K, paused 24ms
07-04 11:04:00.867  6116  6756 I dalvikvm-heap: Grow heap (frag case) to 10.788MB for 36880-byte allocation
07-04 11:04:00.902  6116  6116 D dalvikvm: GC_FOR_ALLOC freed <1K, 7% free 10971K/11719K, paused 25ms
07-04 11:04:01.011   145   205 D Tethering: MasterInitialState.processMessage what=3
07-04 11:04:01.023  2913  2915 D dalvikvm: GC_CONCURRENT freed 381K, 6% free 9763K/10375K, paused 2ms+7ms
07-04 11:04:01.039  6116  6756 D dalvikvm: GC_FOR_ALLOC freed 68K, 7% free 10952K/11719K, paused 74ms
07-04 11:04:01.070  5544  5544 D DAL     : lrb android.net.conn.CONNECTIVITY_CHANGE
07-04 11:04:01.070  5544  5544 D DAL     : lrb Starting displayBannerIfNotConnectedTask
07-04 11:04:01.125  5544  5544 D DAL     : lrb updateCurrentView
07-04 11:04:01.125  5544  5544 I DAL     : lrb updateHeader
07-04 11:04:01.125  5544  5544 D DAL     : lrb abortRequests
07-04 11:04:01.160   145   161 I Process : Sending signal. PID: 6116 SIG: 3
07-04 11:04:01.160  6116  6121 I dalvikvm: threadid=3: reacting to signal 3
07-04 11:04:01.179  5774  5789 D PicasaSyncManager: active network: NetworkInfo: type: WIFI[], state: CONNECTED/CONNECTED, reason: (unspecified), extra: (none), roaming: false, failover: false, isAvailable: true
07-04 11:04:01.179  5774  5789 D PicasaSyncManager: background data: true
07-04 11:04:01.187  6116  6121 I dalvikvm: Wrote stack traces to '/data/anr/traces.txt'
07-04 11:04:01.269  5018  5018 I MediaUploader: No need to wake up
07-04 11:04:01.296  2913  4490 D dalvikvm: GC_EXPLICIT freed 180K, 8% free 9641K/10375K, paused 9ms+8ms
07-04 11:04:01.449   145  6107 D dalvikvm: GC_EXPLICIT freed 1008K, 22% free 14873K/18951K, paused 8ms+7ms
07-04 11:04:01.492   145   175 I ActivityManager: Displayed com.google.android.apps.googlevoice/.PhoneCallListActivity: +1s342ms
07-04 11:04:01.617   145   201 D ConnectivityService: handleInetConditionHoldEnd: net=1, condition=100, published condition=100
07-04 11:04:01.644  5034  5034 W ContextScopeImpl: thread=1 tried to enter the scope of the application context. Ignored.
07-04 11:04:01.746  6116  6756 D dalvikvm: GC_EXPLICIT freed 133K, 7% free 11004K/11719K, paused 2ms+4ms
07-04 11:04:01.875  6704  6704 V TransactionSettings: APN setting: MMSC: http://mms.sprintpcs.com looked for: null
07-04 11:04:01.945  2913  2915 D dalvikvm: GC_CONCURRENT freed 246K, 6% free 9782K/10375K, paused 2ms+10ms
07-04 11:04:02.039   145   312 W InputManagerService: Starting input on non-focused client com.android.internal.view.IInputMethodClient$Stub$Proxy@4172c870 (uid=10030 pid=6704)
07-04 11:04:02.043  6704  6704 W IInputConnectionWrapper: showStatusIcon on inactive InputConnection
07-04 11:04:02.058  6704  6704 D OpenGLRenderer: Flushing caches (mode 0)
07-04 11:04:02.171   145   145 I ActivityManager: No longer want com.android.quicksearchbox (pid 6388): hidden #16
07-04 11:04:02.195  6704  6706 D dalvikvm: GC_CONCURRENT freed 826K, 67% free 10527K/31367K, paused 4ms+4ms
07-04 11:04:02.218  6704  6760 D dalvikvm: GC_FOR_ALLOC freed 207K, 66% free 10700K/31367K, paused 18ms
07-04 11:04:02.246  6704  6760 D dalvikvm: GC_FOR_ALLOC freed 416K, 66% free 10767K/31367K, paused 18ms
07-04 11:04:03.199    81   124 D AudioHardware: AudioHardware pcm playback is going to standby.
07-04 11:04:03.199    81   124 D AudioHardware: closePcmOut_l() mPcmOpenCnt: 1
07-04 11:04:05.539  6116  6132 I System.out: [INFO:1987463]: LogSource: Running delayed flush
07-04 11:04:05.550  6116  6132 I System.out: [INFO:1987475]: LogSource: Running flush
07-04 11:04:10.554  6116  6132 I System.out: [INFO:1992477]: LogSource: Running delayed flush
07-04 11:04:10.570  6116  6132 I System.out: [INFO:1992489]: LogSource: Running flush
07-04 11:04:11.836   296   296 I wpa_supplicant: wlan0: CTRL-EVENT-DISCONNECTED bssid=00:14:d1:c4:4d:13 reason=0
07-04 11:04:11.839    75   114 D CommandListener: Clearing all IP addresses on wlan0
07-04 11:04:11.898   145   201 D ConnectivityService: ConnectivityChange for WIFI: DISCONNECTED/DISCONNECTED
07-04 11:04:11.910   145   201 D ConnectivityService: Attempting to switch to mobile
07-04 11:04:11.910   145   201 D ConnectivityService: Attempting to switch to WIMAX
07-04 11:04:11.910   145   201 D ConnectivityService: Attempting to switch to BLUETOOTH_TETHER
07-04 11:04:11.941   145   201 D NetUtils: android_net_utils_resetConnections in env=0xeb36a8 clazz=0x3db00001 iface=wlan0 mask=0x3
07-04 11:04:11.941   145   201 E ConnectivityService: Exception trying to remove a route: java.lang.IllegalStateException: Unable to communicate with native dameon to add routes - com.android.server.NativeDaemonConnectorException: Cmd {interface route remove wlan0 default 192.168.1.1 32 0.0.0.0} failed with code 400 : {Failed to remove route from default table (No such process)}
07-04 11:04:11.941   145   201 E ConnectivityService: Exception trying to remove a route: java.lang.IllegalStateException: Unable to communicate with native dameon to add routes - com.android.server.NativeDaemonConnectorException: Cmd {interface route remove wlan0 default 0.0.0.0 0 192.168.1.1} failed with code 400 : {Failed to remove route from default table (No such process)}
07-04 11:04:11.941   145   201 D ConnectivityService: resetConnections(wlan0, 3)
07-04 11:04:11.961   145   201 D ConnectivityService: ConnectivityChange for mobile: CONNECTED/CONNECTED
07-04 11:04:12.043   145   197 D NetworkPolicy: applying policy NetworkPolicy[NetworkTemplate: matchRule=MOBILE_ALL, subscriberId=valid]: cycleDay=2, warningBytes=2147483648, limitBytes=-1, lastSnooze=-1 to ifaces [rmnet0, rmnet0]
07-04 11:04:12.050   145   197 D NetworkPolicy: applying policy NetworkPolicy[NetworkTemplate: matchRule=MOBILE_ALL, subscriberId=valid]: cycleDay=2, warningBytes=2147483648, limitBytes=-1, lastSnooze=-1 to ifaces [rmnet0, rmnet0]
07-04 11:04:12.109   275  6470 W Smack/Packet: notify conn break (IOEx), close connection
07-04 11:04:12.269   275  6470 I qtaguid : Failed write_ctrl(u 68) res=-1 errno=22
07-04 11:04:12.269   275  6470 I qtaguid : Untagging socket 68 failed errno=-22
07-04 11:04:12.273   275  6470 W NetworkManagementSocketTagger: untagSocket(68) failed with errno -22
07-04 11:04:12.300   145   201 D ConnectivityService: handleInetConditionChange: net=1 != default=0 - ignore
07-04 11:04:12.699  2913  5253 D dalvikvm: GC_EXPLICIT freed 311K, 7% free 9733K/10375K, paused 2ms+4ms
07-04 11:04:12.964   145   201 D ConnectivityService: NetTransition Wakelock for WifiStateMachine released by timeout
07-04 11:04:13.023  2913  2915 D dalvikvm: GC_CONCURRENT freed 366K, 6% free 9813K/10375K, paused 2ms+9ms
07-04 11:04:14.992   145   205 D Tethering: MasterInitialState.processMessage what=3
07-04 11:04:15.031   145   205 D Tethering: MasterInitialState.processMessage what=3
07-04 11:04:15.050   275   275 I GTalkService/c: [AndroidEndpoint@1093801808] connect: acct=1000000, state=CONNECTING
07-04 11:04:15.050  5544  5544 D DAL     : lrb android.net.conn.CONNECTIVITY_CHANGE
07-04 11:04:15.050  5544  5544 D DAL     : lrb Starting displayBannerIfNotConnectedTask
07-04 11:04:15.054   275   275 I GTalkService/c: [GTalkConnection@1094681192] connect: acct=1, state=CONNECTING
07-04 11:04:15.058  5544  5544 D DAL     : lrb updateCurrentView
07-04 11:04:15.058  5544  5544 I DAL     : lrb updateHeader
07-04 11:04:15.058  5544  5544 D DAL     : lrb abortRequests
07-04 11:04:15.058  5544  5544 D DAL     : lrb android.net.conn.CONNECTIVITY_CHANGE
07-04 11:04:15.058  5544  5544 D DAL     : lrb Starting displayBannerIfNotConnectedTask
07-04 11:04:15.062  5544  5544 D DAL     : lrb updateCurrentView
07-04 11:04:15.062  5544  5544 I DAL     : lrb updateHeader
07-04 11:04:15.062  5544  5544 D DAL     : lrb abortRequests
07-04 11:04:15.062  5774  5789 D PicasaSyncManager: active network: NetworkInfo: type: mobile[CDMA - EvDo rev. A], state: CONNECTED/CONNECTED, reason: apnSwitched, extra: , roaming: false, failover: true, isAvailable: true
07-04 11:04:15.089  5774  5789 D PicasaSyncManager: background data: true
07-04 11:04:15.109  5018  5018 I MediaUploader: No need to wake up
07-04 11:04:15.113  6081  6081 I PhoneLab-WiFiReceiver: Wi-Fi is disconnected!
07-04 11:04:15.129  5034  5034 W ContextScopeImpl: thread=1 tried to enter the scope of the application context. Ignored.
07-04 11:04:15.168  5018  5018 I MediaUploader: No need to wake up
07-04 11:04:15.187  5034  5034 W ContextScopeImpl: thread=1 tried to enter the scope of the application context. Ignored.
07-04 11:04:15.304   275   277 D dalvikvm: GC_CONCURRENT freed 457K, 8% free 10476K/11271K, paused 8ms+7ms
07-04 11:04:15.343  6704  6760 D dalvikvm: GC_EXPLICIT freed 613K, 67% free 10453K/31367K, paused 2ms+5ms
07-04 11:04:15.351   145   430 D ConnectivityService: stopUsingNetworkFeature: teardown net 0: enableMMS
07-04 11:04:15.359   145   201 D ConnectivityService: ConnectivityChange for mobile_mms: DISCONNECTED/DISCONNECTED
07-04 11:04:15.457   145   197 D NetworkPolicy: applying policy NetworkPolicy[NetworkTemplate: matchRule=MOBILE_ALL, subscriberId=valid]: cycleDay=2, warningBytes=2147483648, limitBytes=-1, lastSnooze=-1 to ifaces [rmnet0]
07-04 11:04:15.468   145   197 D NetworkPolicy: applying policy NetworkPolicy[NetworkTemplate: matchRule=MOBILE_ALL, subscriberId=valid]: cycleDay=2, warningBytes=2147483648, limitBytes=-1, lastSnooze=-1 to ifaces [rmnet0]
07-04 11:04:15.492  5774  5789 D PicasaSyncManager: active network: NetworkInfo: type: mobile[CDMA - EvDo rev. A], state: CONNECTED/CONNECTED, reason: apnSwitched, extra: , roaming: false, failover: false, isAvailable: true
07-04 11:04:15.492  5774  5789 D PicasaSyncManager: background data: true
07-04 11:04:15.570  6116  6132 I System.out: [INFO:1997495]: LogSource: Running delayed flush
07-04 11:04:15.578   145   584 D dalvikvm: GC_EXPLICIT freed 1331K, 22% free 14947K/18951K, paused 3ms+9ms
07-04 11:04:15.578  6116  6132 I System.out: [INFO:1997505]: LogSource: Running flush
07-04 11:04:16.269  6116  6133 I System.out: [INFO:1998193]: LogSource: Response [http=200,length=164]
07-04 11:04:16.281  6116  6133 I System.out: [INFO:1998206]: LogSource: Sending payload [bytes=1268]
07-04 11:04:16.691  6116  6118 D dalvikvm: GC_CONCURRENT freed 506K, 6% free 11095K/11783K, paused 2ms+4ms
07-04 11:04:16.699  6116  6123 I dalvikvm: Jit: resizing JitTable from 8192 to 16384
07-04 11:04:16.781  2913  4299 D dalvikvm: GC_EXPLICIT freed 331K, 7% free 9735K/10375K, paused 4ms+5ms
07-04 11:04:16.839  6116  6774 D dalvikvm: GC_EXPLICIT freed 145K, 7% free 11003K/11783K, paused 2ms+4ms
07-04 11:04:16.933   145   201 D ConnectivityService: handleInetConditionHoldEnd: net=0, condition=100, published condition=0
07-04 11:04:17.269  2913  2915 D dalvikvm: GC_CONCURRENT freed 378K, 6% free 9813K/10375K, paused 2ms+4ms
07-04 11:04:17.648  6116  6133 I System.out: [INFO:1999573]: LogSource: Response [http=200,length=478]
07-04 11:04:17.660  6116  6132 I System.out: [INFO:1999583]: LogSource: Read id 65, status code 200
07-04 11:04:17.671  6116  6133 I System.out: [INFO:1999594]: LogSource: Sending payload [bytes=1268]
07-04 11:04:17.707  6116  6132 I System.out: [INFO:1999634]: LogSource: Read id 63, status code 200
07-04 11:04:17.711  6116  6132 I System.out: [INFO:1999635]: LogSource: Read id 64, status code 200
07-04 11:04:17.957  6116  6134 I System.out: [INFO:1999883]: LogSource: Response [http=200,length=318]
07-04 11:04:17.964  6116  6135 I System.out: [INFO:1999886]: LogSource: Response [http=200,length=24]
07-04 11:04:17.972  6116  6135 I System.out: [INFO:1999896]: LogSource: Sending payload [bytes=620]
07-04 11:04:17.972  6116  6134 I System.out: [INFO:1999897]: LogSource: Sending payload [bytes=1268]
07-04 11:04:18.140  6116  6118 D dalvikvm: GC_CONCURRENT freed 477K, 6% free 11078K/11783K, paused 2ms+7ms
07-04 11:04:18.277  2913  5253 D dalvikvm: GC_EXPLICIT freed 313K, 7% free 9724K/10375K, paused 2ms+4ms
07-04 11:04:18.390   145   205 D Tethering: MasterInitialState.processMessage what=3
07-04 11:04:18.449  5544  5544 D DAL     : lrb android.net.conn.CONNECTIVITY_CHANGE
07-04 11:04:18.449  5544  5544 D DAL     : lrb Starting displayBannerIfNotConnectedTask
07-04 11:04:18.500  5544  5544 D DAL     : lrb updateCurrentView
07-04 11:04:18.500  5544  5544 I DAL     : lrb updateHeader
07-04 11:04:18.500  5544  5544 D DAL     : lrb abortRequests
07-04 11:04:18.500  5544  5544 D DAL     : lrb android.net.conn.CONNECTIVITY_CHANGE
07-04 11:04:18.500  5544  5544 D DAL     : lrb Starting displayBannerIfNotConnectedTask
07-04 11:04:18.527   145   156 D dalvikvm: GC_EXPLICIT freed 233K, 22% free 14875K/18951K, paused 3ms+10ms
07-04 11:04:18.636  5018  5018 I MediaUploader: No need to wake up
07-04 11:04:18.656  5034  5034 W ContextScopeImpl: thread=1 tried to enter the scope of the application context. Ignored.
07-04 11:04:18.726  5544  5544 D DAL     : lrb updateCurrentView
07-04 11:04:18.726  5544  5544 I DAL     : lrb updateHeader
07-04 11:04:18.726  5544  5544 D DAL     : lrb abortRequests
07-04 11:04:18.773  5018  5018 I MediaUploader: No need to wake up
07-04 11:04:18.796  5774  5789 D PicasaSyncManager: active network: NetworkInfo: type: mobile[CDMA - EvDo rev. A], state: CONNECTED/CONNECTED, reason: apnSwitched, extra: , roaming: false, failover: false, isAvailable: true
07-04 11:04:18.847  5034  5034 W ContextScopeImpl: thread=1 tried to enter the scope of the application context. Ignored.
07-04 11:04:18.925  2913  2915 D dalvikvm: GC_CONCURRENT freed 367K, 6% free 9820K/10375K, paused 2ms+5ms
07-04 11:04:19.007  5774  5789 D PicasaSyncManager: background data: true
07-04 11:04:19.023  6116  6298 D dalvikvm: GC_EXPLICIT freed 369K, 6% free 11110K/11783K, paused 2ms+5ms
07-04 11:04:19.039   145   201 D ConnectivityService: handleInetConditionHoldEnd: net=0, condition=100, published condition=100
07-04 11:04:19.070  5774  5789 D PicasaSyncManager: active network: NetworkInfo: type: mobile[CDMA - EvDo rev. A], state: CONNECTED/CONNECTED, reason: apnSwitched, extra: , roaming: false, failover: false, isAvailable: true
07-04 11:04:19.082  5774  5789 D PicasaSyncManager: background data: true
07-04 11:04:19.101  6116  6133 I System.out: [INFO:2001026]: LogSource: Response [http=200,length=478]
07-04 11:04:19.101  6116  6133 I System.out: [INFO:2001027]: LogSource: Sending payload [bytes=430]
07-04 11:04:19.101  6116  6132 I System.out: [INFO:2001028]: LogSource: Read id 65, status code 200
07-04 11:04:19.105  6116  6132 I System.out: [INFO:2001029]: LogSource: Read id 63, status code 200
07-04 11:04:19.105  6116  6132 I System.out: [INFO:2001029]: LogSource: Read id 64, status code 200
07-04 11:04:19.113  5034  5036 D dalvikvm: GC_CONCURRENT freed 364K, 5% free 9942K/10439K, paused 2ms+4ms
07-04 11:04:19.277   275   849 D dalvikvm: GC_EXPLICIT freed 379K, 8% free 10472K/11271K, paused 10ms+3ms
07-04 11:04:19.382  6116  6135 I System.out: [INFO:2001309]: LogSource: Response [http=200,length=403]
07-04 11:04:19.386  6116  6132 I System.out: [INFO:2001310]: LogSource: Read id 66, status code 200
07-04 11:04:19.386  6116  6132 I System.out: [INFO:2001311]: LogSource: Read id 57, status code 200
07-04 11:04:19.386  6116  6132 I System.out: [INFO:2001312]: LogSource: Read id 58, status code 200
07-04 11:04:19.394  6116  6135 I System.out: [INFO:2001320]: LogSource: Sending payload [bytes=430]
07-04 11:04:19.398  6116  6132 I System.out: [INFO:2001322]: LogSource: Read id 59, status code 200
07-04 11:04:19.410  6116  6132 I System.out: [INFO:2001333]: LogSource: Read id 60, status code 200
07-04 11:04:19.410  6116  6132 I System.out: [INFO:2001334]: LogSource: Read id 62, status code 200
07-04 11:04:19.457   145   205 D Tethering: MasterInitialState.processMessage what=3
07-04 11:04:19.734  6116  6134 I System.out: [INFO:2001659]: LogSource: Response [http=200,length=478]
07-04 11:04:19.734  6116  6134 I System.out: [INFO:2001660]: LogSource: Sending payload [bytes=430]
07-04 11:04:19.734  6116  6132 I System.out: [INFO:2001661]: LogSource: Read id 65, status code 200
07-04 11:04:19.738  6116  6132 I System.out: [INFO:2001662]: LogSource: Read id 63, status code 200
07-04 11:04:19.738  6116  6132 I System.out: [INFO:2001662]: LogSource: Read id 64, status code 200
07-04 11:04:19.832  2913  2928 D dalvikvm: GC_EXPLICIT freed 334K, 7% free 9729K/10375K, paused 2ms+6ms
07-04 11:04:19.980  6116  6135 I System.out: [INFO:2001905]: LogSource: Response [http=200,length=318]
07-04 11:04:19.980  6116  6132 I System.out: [INFO:2001905]: LogSource: Read id 66, status code 200
07-04 11:04:20.004  6116  6133 I System.out: [INFO:2001928]: LogSource: Response [http=200,length=318]
07-04 11:04:20.004  6116  6132 I System.out: [INFO:2001929]: LogSource: Read id 66, status code 200
07-04 11:04:20.218  2913  2915 D dalvikvm: GC_CONCURRENT freed 369K, 6% free 9806K/10375K, paused 9ms+8ms
07-04 11:04:20.226  6116  6134 I System.out: [INFO:2002152]: LogSource: Response [http=200,length=318]
07-04 11:04:20.226  6116  6132 I System.out: [INFO:2002153]: LogSource: Read id 66, status code 200
07-04 11:04:20.296   145   430 D dalvikvm: GC_EXPLICIT freed 353K, 22% free 14874K/18951K, paused 2ms+6ms
07-04 11:04:20.371  5059  5061 D dalvikvm: GC_CONCURRENT freed 380K, 6% free 9365K/9927K, paused 2ms+33ms
07-04 11:04:20.418  6116  6118 D dalvikvm: GC_CONCURRENT freed 592K, 7% free 11119K/11847K, paused 3ms+5ms
07-04 11:04:20.531   145   391 W InputManagerService: Window already focused, ignoring focus gain of: com.android.internal.view.IInputMethodClient$Stub$Proxy@417a6280
07-04 11:04:20.816  2913  2924 D dalvikvm: GC_EXPLICIT freed 306K, 7% free 9720K/10375K, paused 2ms+4ms
07-04 11:04:21.007  6116  6782 D dalvikvm: GC_EXPLICIT freed 286K, 7% free 11072K/11847K, paused 2ms+5ms
07-04 11:04:21.214  2913  2915 D dalvikvm: GC_CONCURRENT freed 377K, 6% free 9842K/10375K, paused 2ms+4ms
07-04 11:04:22.226   145   180 I ActivityManager: START {act=android.intent.action.MAIN cat=[android.intent.category.HOME] flg=0x10200000 cmp=com.android.launcher/com.android.launcher2.Launcher} from pid 145
07-04 11:04:22.367   145   429 W InputManagerService: Starting input on non-focused client com.android.internal.view.IInputMethodClient$Stub$Proxy@416fe0b8 (uid=10056 pid=6116)
07-04 11:04:22.789   275   979 I EventLogService: Aggregate from 1341412462588 (log), 1341412462588 (data)
07-04 11:04:22.882   145   156 I ActivityManager: No longer want com.android.deskclock (pid 6489): hidden #16
07-04 11:04:23.015   296   296 I wpa_supplicant: wlan0: Associated with 00:14:d1:c4:4d:13
07-04 11:04:23.046   296   296 I wpa_supplicant: wlan0: WPA: Key negotiation completed with 00:14:d1:c4:4d:13 [PTK=CCMP GTK=TKIP]
07-04 11:04:23.050   296   296 I wpa_supplicant: wlan0: CTRL-EVENT-CONNECTED - Connection to 00:14:d1:c4:4d:13 completed (reauth) [id=1 id_str=]
07-04 11:04:23.644   145   199 D DhcpInfoInternal: makeLinkProperties with empty dns2!
07-04 11:04:23.648   145   199 D DhcpInfoInternal: makeLinkProperties with empty dns2!
07-04 11:04:23.656   145   201 D ConnectivityService: ConnectivityChange for WIFI: CONNECTED/CONNECTED
07-04 11:04:23.656   145   201 D ConnectivityService: Policy requires mobile teardown
07-04 11:04:23.671  6081  6081 I PhoneLab-WiFiReceiver: Wi-Fi is connected!
07-04 11:04:23.671  6081  6081 I PhoneLab-WiFiReceiver: SSID: linksys BSSID: 00:14:d1:c4:4d:13 RSSI: -200 LinkSpeed: -1
07-04 11:04:23.671  6081  6081 I PhoneLab-Locks: wake lock acquired
07-04 11:04:23.683  6081  6081 I PhoneLab-UploadLogs: Transfering log files now
07-04 11:04:23.683  6081  6081 I PhoneLab-UploadLogs: No log files to transfer
07-04 11:04:23.683  6081  6081 I PhoneLab-Locks: wake lock released
07-04 11:04:23.711  6081  6081 I PhoneLab-UploadLogs: OnStartCommand
07-04 11:04:23.730   145   201 D ConnectivityService: ConnectivityChange for mobile: DISCONNECTED/DISCONNECTED
07-04 11:04:23.730   145   201 D ConnectivityService: Attempting to switch to WIFI
07-04 11:04:23.730   145   201 D ConnectivityService: Attempting to switch to WIMAX
07-04 11:04:23.730   145   201 D ConnectivityService: Attempting to switch to BLUETOOTH_TETHER
07-04 11:04:23.742   145   201 D NetUtils: android_net_utils_resetConnections in env=0xeb36a8 clazz=0x6af00001 iface=rmnet0 mask=0x3
07-04 11:04:23.742   145   201 D ConnectivityService: resetConnections(rmnet0, 3)
07-04 11:04:23.754    81   124 D AudioHardware: AudioHardware pcm playback is exiting standby.
07-04 11:04:23.754    81   124 D AudioHardware: openPcmOut_l() mPcmOpenCnt: 0
07-04 11:04:23.757   145   196 W NetworkStats: dropping UID delta from unknown iface: iface=wlan0 uid=0 set=DEFAULT tag=0x0 rxBytes=328 rxPackets=1 txBytes=140 txPackets=2 operations=0
07-04 11:04:24.086   390   393 D dalvikvm: GC_CONCURRENT freed 4392K, 38% free 11385K/18183K, paused 2ms+6ms
07-04 11:04:24.160  6116  6132 I System.out: [INFO:2006030]: LogSource: Running flush
07-04 11:04:24.214   390  1311 D dalvikvm: GC_FOR_ALLOC freed 429K, 38% free 11400K/18183K, paused 27ms
07-04 11:04:24.214   390  1311 I dalvikvm-heap: Grow heap (frag case) to 12.080MB for 925072-byte allocation
07-04 11:04:24.218  6116  6135 I System.out: [INFO:2006145]: LogSource: Sending payload [bytes=430]
07-04 11:04:24.254   390   390 D dalvikvm: GC_FOR_ALLOC freed 1K, 33% free 12302K/18183K, paused 23ms
07-04 11:04:24.308   390   393 D dalvikvm: GC_CONCURRENT freed <1K, 33% free 12344K/18183K, paused 2ms+5ms
07-04 11:04:24.433   275  6771 W Smack/Packet: notify conn break (IOEx), close connection
07-04 11:04:24.484  6116  6132 I System.out: [INFO:2006411]: LogSource: Running flush
07-04 11:04:24.500   390   393 D dalvikvm: GC_CONCURRENT freed 1475K, 35% free 11887K/18183K, paused 2ms+4ms
07-04 11:04:24.523   390  1699 D dalvikvm: GC_FOR_ALLOC freed 136K, 36% free 11751K/18183K, paused 23ms
07-04 11:04:24.523   390  1699 I dalvikvm-heap: Grow heap (frag case) to 12.767MB for 1286224-byte allocation
07-04 11:04:24.527  6116  6133 I System.out: [INFO:2006451]: LogSource: Sending payload [bytes=429]
07-04 11:04:24.566   390  1311 D dalvikvm: GC_FOR_ALLOC freed <1K, 29% free 13007K/18183K, paused 24ms
07-04 11:04:24.644   275  6771 I qtaguid : Failed write_ctrl(u 68) res=-1 errno=22
07-04 11:04:24.644   275  6771 I qtaguid : Untagging socket 68 failed errno=-22
07-04 11:04:24.644   275  6771 W NetworkManagementSocketTagger: untagSocket(68) failed with errno -22
07-04 11:04:24.648   145   201 D ConnectivityService: handleInetConditionChange: net=0 != default=1 - ignore
07-04 11:04:24.722   390   432 D dalvikvm: GC_FOR_ALLOC freed 2300K, 38% free 11287K/18183K, paused 32ms
07-04 11:04:24.726   390   432 I dalvikvm-heap: Grow heap (frag case) to 12.315MB for 1286224-byte allocation
07-04 11:04:24.765   390   390 D dalvikvm: GC_FOR_ALLOC freed 3K, 32% free 12539K/18183K, paused 26ms
07-04 11:04:24.855   390   393 D dalvikvm: GC_CONCURRENT freed 7K, 31% free 12567K/18183K, paused 2ms+4ms
07-04 11:04:25.007   390   432 D dalvikvm: GC_FOR_ALLOC freed 1886K, 37% free 11555K/18183K, paused 29ms
07-04 11:04:25.117   390   432 D dalvikvm: GC_FOR_ALLOC freed 29K, 34% free 12179K/18183K, paused 28ms
07-04 11:04:25.117   390   432 I dalvikvm-heap: Grow heap (frag case) to 13.224MB for 1327120-byte allocation
07-04 11:04:25.152   390   390 D dalvikvm: GC_FOR_ALLOC freed 3K, 26% free 13471K/18183K, paused 26ms
07-04 11:04:25.265   390   393 D dalvikvm: GC_CONCURRENT freed 9K, 26% free 13632K/18183K, paused 3ms+6ms
07-04 11:04:25.464   390   393 D dalvikvm: GC_CONCURRENT freed 2207K, 29% free 12920K/18183K, paused 2ms+5ms
07-04 11:04:25.632   390   393 D dalvikvm: GC_CONCURRENT freed 1281K, 29% free 12930K/18183K, paused 3ms+4ms
07-04 11:04:25.711   390   393 D dalvikvm: GC_CONCURRENT freed 575K, 26% free 13613K/18183K, paused 3ms+8ms
07-04 11:04:25.898   390   393 D dalvikvm: GC_CONCURRENT freed 1309K, 25% free 13800K/18183K, paused 2ms+10ms
07-04 11:04:25.937   145   429 I ActivityManager: START {act=android.intent.action.MAIN cat=[android.intent.category.LAUNCHER] flg=0x10200000 cmp=com.android.mms/.ui.ConversationList} from pid 390
07-04 11:04:26.039   145   156 W InputManagerService: Starting input on non-focused client com.android.internal.view.IInputMethodClient$Stub$Proxy@4172c870 (uid=10030 pid=6704)
07-04 11:04:26.144  6704  6816 D Mms     : [429] markAsRead: update read/seen for thread uri: content://mms-sms/conversations/1
07-04 11:04:26.175   390   390 D OpenGLRenderer: Flushing caches (mode 1)
07-04 11:04:26.293   359   361 D dalvikvm: GC_CONCURRENT freed 385K, 6% free 9528K/10119K, paused 3ms+15ms
07-04 11:04:26.316  6704  6706 D dalvikvm: GC_CONCURRENT freed 726K, 68% free 10238K/31367K, paused 2ms+4ms
07-04 11:04:26.394  6704  6704 D dalvikvm: GC_FOR_ALLOC freed 321K, 68% free 10235K/31367K, paused 22ms
07-04 11:04:26.414   145   430 W InputManagerService: Starting input on non-focused client com.android.internal.view.IInputMethodClient$Stub$Proxy@417a2a48 (uid=10025 pid=390)
07-04 11:04:26.453  6704  6706 D dalvikvm: GC_CONCURRENT freed 170K, 67% free 10574K/31367K, paused 2ms+4ms
07-04 11:04:26.476   145   161 I Process : Sending signal. PID: 6704 SIG: 3
07-04 11:04:26.476  6704  6708 I dalvikvm: threadid=3: reacting to signal 3
07-04 11:04:26.500  6704  6708 I dalvikvm: Wrote stack traces to '/data/anr/traces.txt'
07-04 11:04:26.742   145   205 D Tethering: MasterInitialState.processMessage what=3
07-04 11:04:26.800   145   205 D Tethering: MasterInitialState.processMessage what=3
07-04 11:04:26.804   145   205 D Tethering: MasterInitialState.processMessage what=3
07-04 11:04:26.804   275   275 I GTalkService/c: [AndroidEndpoint@1093801808] connect: acct=1000000, state=CONNECTING
07-04 11:04:26.808   275   275 I GTalkService/c: [GTalkConnection@1094681192] connect: acct=1, state=CONNECTING
07-04 11:04:26.832  5544  5544 D DAL     : lrb android.net.conn.CONNECTIVITY_CHANGE
07-04 11:04:26.832  5544  5544 D DAL     : lrb Starting displayBannerIfNotConnectedTask
07-04 11:04:26.847   390   390 D OpenGLRenderer: Flushing caches (mode 0)
07-04 11:04:26.886   145   147 D dalvikvm: GC_CONCURRENT freed 1193K, 21% free 15086K/18951K, paused 4ms+10ms
07-04 11:04:26.933  5544  5544 D DAL     : lrb updateCurrentView
07-04 11:04:26.933  5544  5544 I DAL     : lrb updateHeader
07-04 11:04:26.941  5544  5544 D DAL     : lrb abortRequests
07-04 11:04:26.941  5544  5544 D DAL     : lrb android.net.conn.CONNECTIVITY_CHANGE
07-04 11:04:26.941  5544  5544 D DAL     : lrb Starting displayBannerIfNotConnectedTask
07-04 11:04:26.941  5774  5789 D PicasaSyncManager: active network: NetworkInfo: type: WIFI[], state: CONNECTED/CONNECTED, reason: (unspecified), extra: (none), roaming: false, failover: false, isAvailable: true
07-04 11:04:27.011  6704  6706 D dalvikvm: GC_CONCURRENT freed 474K, 67% free 10520K/31367K, paused 2ms+6ms
07-04 11:04:27.050  5544  5544 D DAL     : lrb updateCurrentView
07-04 11:04:27.050  5544  5544 I DAL     : lrb updateHeader
07-04 11:04:27.050  5544  5544 D DAL     : lrb abortRequests
07-04 11:04:27.050  5544  5544 D DAL     : lrb android.net.conn.CONNECTIVITY_CHANGE
07-04 11:04:27.050  5544  5544 D DAL     : lrb Starting displayBannerIfNotConnectedTask
07-04 11:04:27.066  5774  5789 D PicasaSyncManager: background data: true
07-04 11:04:27.086   145   312 D dalvikvm: GC_EXPLICIT freed 95K, 21% free 15014K/18951K, paused 3ms+7ms
07-04 11:04:27.125  5018  5018 I MediaUploader: No need to wake up
07-04 11:04:27.144  5544  5544 D DAL     : lrb updateCurrentView
07-04 11:04:27.144  5544  5544 I DAL     : lrb updateHeader
07-04 11:04:27.144  5544  5544 D DAL     : lrb abortRequests
07-04 11:04:27.203  6704  6706 D dalvikvm: GC_CONCURRENT freed 378K, 67% free 10584K/31367K, paused 2ms+4ms
07-04 11:04:27.289  6704  6706 D dalvikvm: GC_CONCURRENT freed 254K, 66% free 10850K/31367K, paused 4ms+4ms
07-04 11:04:27.418   390  1311 D dalvikvm: GC_FOR_ALLOC freed 3123K, 34% free 12040K/18183K, paused 351ms
07-04 11:04:27.449   390  1311 I dalvikvm-heap: Grow heap (frag case) to 13.089MB for 1327120-byte allocation
07-04 11:04:27.574  5034  5034 W ContextScopeImpl: thread=1 tried to enter the scope of the application context. Ignored.
07-04 11:04:27.734  5018  5018 I MediaUploader: No need to wake up
07-04 11:04:27.781   336   336 D dalvikvm: GC_FOR_ALLOC freed 855K, 20% free 10603K/13127K, paused 133ms
07-04 11:04:27.785   336   336 I dalvikvm-heap: Grow heap (frag case) to 11.018MB for 622096-byte allocation
07-04 11:04:27.855   336   357 D dalvikvm: GC_FOR_ALLOC freed 4K, 15% free 11207K/13127K, paused 61ms
07-04 11:04:27.961   215   215 D dalvikvm: GC_FOR_ALLOC freed 488K, 16% free 9978K/11783K, paused 82ms
07-04 11:04:28.015   336   339 D dalvikvm: GC_CONCURRENT freed 36K, 15% free 11217K/13127K, paused 10ms+5ms
07-04 11:04:28.046   390   393 D dalvikvm: GC_CONCURRENT freed 31K, 27% free 13305K/18183K, paused 3ms+4ms
07-04 11:04:28.105  5034  5034 W ContextScopeImpl: thread=1 tried to enter the scope of the application context. Ignored.
07-04 11:04:28.171  5018  5018 I MediaUploader: No need to wake up
07-04 11:04:28.207  5034  5034 W ContextScopeImpl: thread=1 tried to enter the scope of the application context. Ignored.
07-04 11:04:28.269  6116  6135 I System.out: [INFO:2010195]: LogSource: Response [http=200,length=318]
07-04 11:04:28.269  6116  6132 I System.out: [INFO:2010196]: LogSource: Read id 67, status code 200
07-04 11:04:28.359   275   277 D dalvikvm: GC_CONCURRENT freed 428K, 8% free 10453K/11271K, paused 4ms+6ms
07-04 11:04:28.382  5774  5789 D PicasaSyncManager: active network: NetworkInfo: type: WIFI[], state: CONNECTED/CONNECTED, reason: (unspecified), extra: (none), roaming: false, failover: false, isAvailable: true
07-04 11:04:28.382  5774  5789 D PicasaSyncManager: background data: true
07-04 11:04:28.515  6116  6133 I System.out: [INFO:2010441]: LogSource: Response [http=200,length=324]
07-04 11:04:28.515  6116  6132 I System.out: [INFO:2010442]: LogSource: Read id 68, status code 200
07-04 11:04:28.535  6116  6132 I System.out: [INFO:2010458]: LogSource: Running flush
07-04 11:04:28.535  6116  6132 I System.out: [INFO:2010459]: LogSource: Running flush
07-04 11:04:28.535  6116  6134 I System.out: [INFO:2010461]: LogSource: Sending payload [bytes=1181]
07-04 11:04:28.910    81   124 D AudioHardware: AudioHardware pcm playback is going to standby.
07-04 11:04:28.910    81   124 D AudioHardware: closePcmOut_l() mPcmOpenCnt: 1
07-04 11:04:28.929  6116  6134 I System.out: [INFO:2010853]: LogSource: Response [http=200,length=17495]
07-04 11:04:28.929  6116  6132 I System.out: [INFO:2010854]: LogSource: Read id 69, status code 200
07-04 11:04:28.968  6116  6118 D dalvikvm: GC_CONCURRENT freed 503K, 7% free 11136K/11847K, paused 5ms+4ms
07-04 11:04:29.406   215   215 D dalvikvm: GC_FOR_ALLOC freed 402K, 16% free 9938K/11783K, paused 44ms
07-04 11:04:32.617   145   430 D AlarmManagerService: Kernel timezone updated to 240 minutes west of GMT
07-04 11:04:32.617   359   359 D SystemClock: Setting time of day to sec=1341414273
07-04 11:04:33.124   145   429 I ActivityManager: Start proc com.android.deskclock for broadcast com.android.deskclock/.AlarmInitReceiver: pid=6826 uid=10011 gids={}
07-04 11:04:33.175  6826  6826 I ActivityThread: Pub com.android.deskclock: com.android.deskclock.AlarmProvider
07-04 11:04:33.237  6826  6839 V AlarmClock: AlarmInitReceiver finished
07-04 11:04:33.464  6116  6132 I System.out: [INFO:2015387]: LogSource: Read id 70, status code 200
07-04 11:04:33.601  6116  6132 I System.out: [INFO:2015525]: LogSource: Read id 71, status code 200
07-04 11:04:33.820   145  1941 W AppWidgetService: updateAppWidgetProvider: provider doesn't exist: ComponentInfo{com.google.android.apps.googlevoice/com.google.android.apps.googlevoice.widget.WidgetSettingsProvider}
07-04 11:04:33.839   145   391 W AppWidgetService: updateAppWidgetProvider: provider doesn't exist: ComponentInfo{com.google.android.apps.googlevoice/com.google.android.apps.googlevoice.widget.WidgetInboxProvider}
07-04 11:04:33.917  6116  6116 D GoogleVoice: com.google.android.apps.googlevoice.vvm.service.GvVvmService$Handler Handling message 1001
07-04 11:04:33.917  6116  6116 D GoogleVoice: com.google.android.apps.googlevoice.vvm.service.GvVvmService$Handler Handling message 1011
07-04 11:04:33.921  6116  6847 I GoogleVoice: Deleting all voicemails
07-04 11:04:33.964   145   156 W AppWidgetService: updateAppWidgetProvider: provider doesn't exist: ComponentInfo{com.google.android.apps.googlevoice/com.google.android.apps.googlevoice.widget.WidgetSettingsProvider}
07-04 11:04:33.968   145   312 W AppWidgetService: updateAppWidgetProvider: provider doesn't exist: ComponentInfo{com.google.android.apps.googlevoice/com.google.android.apps.googlevoice.widget.WidgetInboxProvider}
07-04 11:04:34.003   145   343 W AppWidgetService: updateAppWidgetProvider: provider doesn't exist: ComponentInfo{com.google.android.apps.googlevoice/com.google.android.apps.googlevoice.widget.WidgetSettingsProvider}
07-04 11:04:34.011  6116  6132 I System.out: [INFO:2015934]: LogSource: Running flush
07-04 11:04:34.011  6116  6135 I System.out: [INFO:2015937]: LogSource: Sending payload [bytes=547]
07-04 11:04:34.066  6116  6118 D dalvikvm: GC_CONCURRENT freed 881K, 9% free 11011K/11975K, paused 2ms+7ms
07-04 11:04:34.073   145   430 W AppWidgetService: updateAppWidgetProvider: provider doesn't exist: ComponentInfo{com.google.android.apps.googlevoice/com.google.android.apps.googlevoice.widget.WidgetInboxProvider}
07-04 11:04:34.085  6116  6132 I System.out: [INFO:2016009]: LogSource: Running flush
07-04 11:04:34.085  6116  6133 I System.out: [INFO:2016010]: LogSource: Sending payload [bytes=534]
07-04 11:04:34.144  6116  6135 I System.out: [INFO:2016069]: LogSource: Response [http=200,length=369]
07-04 11:04:34.144  6116  6132 I System.out: [INFO:2016070]: LogSource: Read id 75, status code 200
07-04 11:04:34.148  6116  6132 I System.out: [INFO:2016072]: LogSource: Read id 72, status code 200
07-04 11:04:34.148  6116  6132 I System.out: [INFO:2016072]: LogSource: Read id 73, status code 200
07-04 11:04:34.167  6116  6132 I System.out: [INFO:2016088]: LogSource: Read id 74, status code 200
07-04 11:04:34.210   145   180 I ActivityManager: START {act=android.intent.action.MAIN cat=[android.intent.category.HOME] flg=0x10200000 cmp=com.android.launcher/com.android.launcher2.Launcher} from pid 145
07-04 11:04:34.312   145   201 D ConnectivityService: handleInetConditionHoldEnd: net=1, condition=100, published condition=0
07-04 11:04:34.339  6116  6133 I System.out: [INFO:2016262]: LogSource: Response [http=200,length=85]
07-04 11:04:34.339  6116  6132 I System.out: [INFO:2016263]: LogSource: Read id 76, status code 200
07-04 11:04:34.429  6704  6704 D OpenGLRenderer: Flushing caches (mode 1)
07-04 11:04:34.448  6116  6132 I System.out: [INFO:2016373]: LogSource: Running flush
07-04 11:04:34.456  6116  6134 I System.out: [INFO:2016380]: LogSource: Sending payload [bytes=429]
07-04 11:04:34.464  6704  6704 W IInputConnectionWrapper: showStatusIcon on inactive InputConnection
07-04 11:04:34.464   145   343 W InputManagerService: Starting input on non-focused client com.android.internal.view.IInputMethodClient$Stub$Proxy@4172c870 (uid=10030 pid=6704)
07-04 11:04:34.468  6704  6704 D OpenGLRenderer: Flushing caches (mode 0)
07-04 11:04:34.605  6116  6134 I System.out: [INFO:2016531]: LogSource: Response [http=200,length=324]
07-04 11:04:34.609  6116  6132 I System.out: [INFO:2016532]: LogSource: Read id 77, status code 200
07-04 11:04:34.636  6116  6116 D GoogleVoice: com.google.android.apps.googlevoice.vvm.service.GvVvmService$Handler Handling message 1001
07-04 11:04:34.636  6116  6116 D GoogleVoice: com.google.android.apps.googlevoice.vvm.service.GvVvmService$Handler Handling message 1011
07-04 11:04:34.644  6116  6853 I GoogleVoice: Deleting all voicemails
07-04 11:04:34.691   145   157 W AppWidgetService: updateAppWidgetProvider: provider doesn't exist: ComponentInfo{com.google.android.apps.googlevoice/com.google.android.apps.googlevoice.widget.WidgetSettingsProvider}
07-04 11:04:34.706   145   145 W AppWidgetService: updateAppWidgetProvider: provider doesn't exist: ComponentInfo{com.google.android.apps.googlevoice/com.google.android.apps.googlevoice.widget.WidgetInboxProvider}
07-04 11:04:34.816  2913  4490 D dalvikvm: GC_EXPLICIT freed 379K, 6% free 9757K/10375K, paused 4ms+9ms
07-04 11:04:34.941   145   145 I ActivityManager: No longer want com.android.providers.calendar (pid 6501): hidden #16
07-04 11:04:34.999   145   391 W AppWidgetService: updateAppWidgetProvider: provider doesn't exist: ComponentInfo{com.google.android.apps.googlevoice/com.google.android.apps.googlevoice.widget.WidgetSettingsProvider}
07-04 11:04:35.015   145   343 W AppWidgetService: updateAppWidgetProvider: provider doesn't exist: ComponentInfo{com.google.android.apps.googlevoice/com.google.android.apps.googlevoice.widget.WidgetInboxProvider}
07-04 11:04:35.062  6116  6118 D dalvikvm: GC_CONCURRENT freed 631K, 9% free 10976K/11975K, paused 5ms+9ms
07-04 11:04:35.722   275   277 D dalvikvm: GC_CONCURRENT freed 341K, 7% free 10505K/11271K, paused 4ms+5ms
07-04 11:04:35.980   145   430 I ActivityManager: START {act=android.intent.action.MAIN cat=[android.intent.category.LAUNCHER] flg=0x10000000 pkg=com.google.android.apps.googlevoice cmp=com.google.android.apps.googlevoice/.SplashActivity bnds=[288,706][384,802]} from pid 390
07-04 11:04:35.995    81   124 D AudioHardware: AudioHardware pcm playback is exiting standby.
07-04 11:04:35.995    81   124 D AudioHardware: openPcmOut_l() mPcmOpenCnt: 0
07-04 11:04:36.011  6116  6116 W GoogleVoice: PhoneCallListActivity: unknown action, threading as Intent.ACTION_MAIN: null
07-04 11:04:36.023  6116  6132 I System.out: [INFO:2017946]: LogSource: Running flush
07-04 11:04:36.027  6116  6135 I System.out: [INFO:2017950]: LogSource: Sending payload [bytes=442]
07-04 11:04:36.175  6116  6135 I System.out: [INFO:2018098]: LogSource: Response [http=200,length=79]
07-04 11:04:36.175  6116  6132 I System.out: [INFO:2018099]: LogSource: Read id 78, status code 200
07-04 11:04:36.202   390   390 D OpenGLRenderer: Flushing caches (mode 1)
07-04 11:04:36.335   145   175 I ActivityManager: Displayed com.google.android.apps.googlevoice/.SplashActivity: +326ms
07-04 11:04:36.362   390   390 D OpenGLRenderer: Flushing caches (mode 0)
07-04 11:04:36.362   145  1941 I ActivityManager: START {cmp=com.google.android.apps.googlevoice/.activity.conversationlist.ConversationListActivity (has extras)} from pid 6116
07-04 11:04:36.421  6116  6132 I System.out: [INFO:2018348]: LogSource: Running flush
07-04 11:04:36.425  6116  6133 I System.out: [INFO:2018349]: LogSource: Sending payload [bytes=430]
07-04 11:04:36.445  6116  6132 I System.out: [INFO:2018370]: LogSource: Running flush
07-04 11:04:36.448  6116  6134 I System.out: [INFO:2018373]: LogSource: Sending payload [bytes=429]
07-04 11:04:36.511  6116  6132 I System.out: [INFO:2018437]: LogSource: Running flush
07-04 11:04:36.515  6116  6135 I System.out: [INFO:2018440]: LogSource: Sending payload [bytes=468]
07-04 11:04:36.570  6116  6134 I System.out: [INFO:2018496]: LogSource: Response [http=200,length=324]
07-04 11:04:36.573  6116  6132 I System.out: [INFO:2018497]: LogSource: Read id 80, status code 200
07-04 11:04:36.628  6116  6133 I System.out: [INFO:2018554]: LogSource: Response [http=200,length=318]
07-04 11:04:36.628  6116  6132 I System.out: [INFO:2018554]: LogSource: Read id 79, status code 200
07-04 11:04:36.702  6116  6118 D dalvikvm: GC_CONCURRENT freed 529K, 8% free 11100K/11975K, paused 5ms+5ms
07-04 11:04:36.835  6116  6135 I System.out: [INFO:2018760]: LogSource: Response [http=200,length=335]
07-04 11:04:36.835  6116  6132 I System.out: [INFO:2018761]: LogSource: Read id 82, status code 200
07-04 11:04:36.847  6116  6132 I System.out: [INFO:2018772]: LogSource: Read id 81, status code 200
07-04 11:04:36.913   145   161 I Process : Sending signal. PID: 6116 SIG: 3
07-04 11:04:36.913  6116  6121 I dalvikvm: threadid=3: reacting to signal 3
07-04 11:04:36.941  6116  6121 I dalvikvm: Wrote stack traces to '/data/anr/traces.txt'
07-04 11:04:36.987  6116  6855 D dalvikvm: GC_FOR_ALLOC freed 129K, 8% free 11128K/11975K, paused 37ms
07-04 11:04:36.987  6116  6855 I dalvikvm-heap: Grow heap (frag case) to 10.976MB for 36880-byte allocation
07-04 11:04:37.030  6116  6116 D dalvikvm: GC_FOR_ALLOC freed 1K, 8% free 11163K/12039K, paused 31ms
07-04 11:04:37.112  6116  6855 D dalvikvm: GC_FOR_ALLOC freed 80K, 8% free 11142K/12039K, paused 30ms
07-04 11:04:37.265  2913  2915 D dalvikvm: GC_CONCURRENT freed 410K, 6% free 9810K/10375K, paused 1ms+15ms
07-04 11:04:37.413   145   161 I Process : Sending signal. PID: 6116 SIG: 3
