07-10 17:36:00.781  8708  8744 I System.out: [INFO:3479511]: LogSource: Running flush
07-10 17:36:00.785  8708  8745 I System.out: [INFO:3479514]: LogSource: Sending payload [bytes=593]
07-10 17:36:00.808    81   128 D AudioHardware: AudioHardware pcm playback is exiting standby.
07-10 17:36:00.808    81   128 D AudioHardware: openPcmOut_l() mPcmOpenCnt: 0
07-10 17:36:00.839  8708  8744 I System.out: [INFO:3479568]: LogSource: Running flush
07-10 17:36:00.843  8708  8744 I System.out: [INFO:3479573]: LogSource: Running flush
07-10 17:36:00.843  8708  8747 I System.out: [INFO:3479574]: LogSource: Sending payload [bytes=855]
07-10 17:36:01.093   332   335 D dalvikvm: GC_CONCURRENT freed 1207K, 19% free 10640K/13063K, paused 8ms+4ms
07-10 17:36:01.156  8708  8745 I System.out: [INFO:3479884]: LogSource: Response [http=200,length=147]
07-10 17:36:01.156  8708  8744 I System.out: [INFO:3479886]: LogSource: Read id 46, status code 200
07-10 17:36:01.164  8708  8744 I System.out: [INFO:3479893]: LogSource: Read id 45, status code 200
07-10 17:36:01.164  8708  8744 I System.out: [INFO:3479894]: LogSource: Read id 43, status code 200
07-10 17:36:01.164  8708  8744 I System.out: [INFO:3479894]: LogSource: Read id 44, status code 200
07-10 17:36:01.168  8708  8744 I System.out: [INFO:3479897]: LogSource: Read id 42, status code 200
07-10 17:36:01.214   332   332 D dalvikvm: GC_FOR_ALLOC freed 36K, 19% free 10607K/13063K, paused 54ms
07-10 17:36:01.218   332   332 I dalvikvm-heap: Grow heap (frag case) to 11.021MB for 622096-byte allocation
07-10 17:36:01.254   332   335 D dalvikvm: GC_CONCURRENT freed <1K, 15% free 11214K/13063K, paused 2ms+3ms
07-10 17:36:01.683  8708  8747 I System.out: [INFO:3480415]: LogSource: Response [http=200,length=401]
07-10 17:36:01.687  8708  8744 I System.out: [INFO:3480418]: LogSource: Read id 47, status code 200
07-10 17:36:01.707  8708  8744 I System.out: [INFO:3480438]: LogSource: Read id 48, status code 200
07-10 17:36:01.757  8708  8744 I System.out: [INFO:3480488]: LogSource: Running flush
07-10 17:36:01.796  8708  8746 I System.out: [INFO:3480526]: LogSource: Sending payload [bytes=429]
07-10 17:36:01.863  9145  9147 D dalvikvm: GC_CONCURRENT freed 385K, 6% free 9734K/10247K, paused 18ms+15ms
07-10 17:36:01.906  8708  8709 D dalvikvm: GC_CONCURRENT freed 396K, 7% free 10568K/11271K, paused 21ms+6ms
07-10 17:36:02.343  8708  8746 I System.out: [INFO:3481070]: LogSource: Response [http=200,length=309]
07-10 17:36:02.351  8708  8744 I System.out: [INFO:3481081]: LogSource: Read id 49, status code 200
07-10 17:36:02.398  8708  8744 I System.out: [INFO:3481127]: LogSource: Running flush
07-10 17:36:02.398  8708  8744 I System.out: [INFO:3481128]: LogSource: Running flush
07-10 17:36:02.402  8708  8745 I System.out: [INFO:3481130]: LogSource: Sending payload [bytes=1181]
07-10 17:36:03.433  8708  8745 I System.out: [INFO:3482157]: LogSource: Response [http=200,length=17966]
07-10 17:36:03.441  8708  8744 I System.out: [INFO:3482171]: LogSource: Read id 50, status code 200
07-10 17:36:03.558  8708  8744 I System.out: [INFO:3482290]: LogSource: Read id 51, status code 200
07-10 17:36:03.582  8708  8744 I System.out: [INFO:3482311]: LogSource: Read id 52, status code 200
07-10 17:36:03.754  8708  8709 D dalvikvm: GC_CONCURRENT freed 435K, 6% free 10649K/11271K, paused 2ms+7ms
07-10 17:36:03.890   144   844 W AppWidgetService: updateAppWidgetProvider: provider doesn't exist: ComponentInfo{com.google.android.apps.googlevoice/com.google.android.apps.googlevoice.widget.WidgetSettingsProvider}
07-10 17:36:03.894   144  1262 W AppWidgetService: updateAppWidgetProvider: provider doesn't exist: ComponentInfo{com.google.android.apps.googlevoice/com.google.android.apps.googlevoice.widget.WidgetInboxProvider}
07-10 17:36:03.898    81   128 D AudioHardware: AudioHardware pcm playback is going to standby.
07-10 17:36:03.898    81   128 D AudioHardware: closePcmOut_l() mPcmOpenCnt: 1
07-10 17:36:03.921   144   156 W AppWidgetService: updateAppWidgetProvider: provider doesn't exist: ComponentInfo{com.google.android.apps.googlevoice/com.google.android.apps.googlevoice.widget.WidgetSettingsProvider}
07-10 17:36:03.929   144   344 W AppWidgetService: updateAppWidgetProvider: provider doesn't exist: ComponentInfo{com.google.android.apps.googlevoice/com.google.android.apps.googlevoice.widget.WidgetInboxProvider}
07-10 17:36:03.980  8708  8708 D GoogleVoice: com.google.android.apps.googlevoice.vvm.service.GvVvmService$Handler Handling message 1001
07-10 17:36:03.988  8708  8708 D GoogleVoice: com.google.android.apps.googlevoice.vvm.service.GvVvmService$Handler Handling message 1011
07-10 17:36:03.992  8708  9316 I GoogleVoice: Deleting all voicemails
07-10 17:36:04.152  8708  8709 D dalvikvm: GC_CONCURRENT freed 531K, 6% free 10604K/11271K, paused 2ms+3ms
07-10 17:36:04.632   144   179 I ActivityManager: START {act=android.intent.action.MAIN cat=[android.intent.category.HOME] flg=0x10200000 cmp=com.android.launcher/com.android.launcher2.Launcher} from pid 144
07-10 17:36:04.843   214   216 D dalvikvm: GC_CONCURRENT freed 475K, 12% free 10160K/11527K, paused 2ms+12ms
07-10 17:36:04.921   390   390 W IInputConnectionWrapper: getExtractedText on inactive InputConnection
07-10 17:36:04.921   390   390 W IInputConnectionWrapper: getExtractedText on inactive InputConnection
07-10 17:36:04.937   390   390 W IInputConnectionWrapper: getExtractedText on inactive InputConnection
07-10 17:36:04.937   390   390 W IInputConnectionWrapper: getTextBeforeCursor on inactive InputConnection
07-10 17:36:04.941   390   390 W IInputConnectionWrapper: getTextAfterCursor on inactive InputConnection
07-10 17:36:04.941   390   390 W IInputConnectionWrapper: getExtractedText on inactive InputConnection
07-10 17:36:04.941   390   390 W IInputConnectionWrapper: getTextBeforeCursor on inactive InputConnection
07-10 17:36:04.941   390   390 W IInputConnectionWrapper: getTextAfterCursor on inactive InputConnection
07-10 17:36:04.945   390   390 W IInputConnectionWrapper: beginBatchEdit on inactive InputConnection
07-10 17:36:04.945   390   390 W IInputConnectionWrapper: endBatchEdit on inactive InputConnection
07-10 17:36:04.945   390   390 W IInputConnectionWrapper: getExtractedText on inactive InputConnection
07-10 17:36:04.949   390   390 W IInputConnectionWrapper: getTextBeforeCursor on inactive InputConnection
07-10 17:36:04.953   390   390 W IInputConnectionWrapper: getTextAfterCursor on inactive InputConnection
07-10 17:36:04.953   390   390 W IInputConnectionWrapper: beginBatchEdit on inactive InputConnection
07-10 17:36:04.957   390   390 W IInputConnectionWrapper: endBatchEdit on inactive InputConnection
07-10 17:36:04.957   390   390 W IInputConnectionWrapper: getExtractedText on inactive InputConnection
07-10 17:36:06.070   144  4494 I ActivityManager: START {act=android.intent.action.MAIN cat=[android.intent.category.LAUNCHER] flg=0x10000000 pkg=com.google.android.gm cmp=com.google.android.gm/.ConversationListActivityGmail bnds=[96,706][192,802]} from pid 390
07-10 17:36:06.113    81   128 D AudioHardware: AudioHardware pcm playback is exiting standby.
07-10 17:36:06.113    81   128 D AudioHardware: openPcmOut_l() mPcmOpenCnt: 0
07-10 17:36:06.218   390   390 D OpenGLRenderer: Flushing caches (mode 1)
07-10 17:36:06.605  8980  8982 D dalvikvm: GC_CONCURRENT freed 198K, 5% free 10451K/10951K, paused 15ms+4ms
07-10 17:36:06.621   144   174 I ActivityManager: Displayed com.google.android.gm/.ConversationListActivityGmail: +496ms
07-10 17:36:06.656   390   390 D OpenGLRenderer: Flushing caches (mode 0)
07-10 17:36:06.660   144   366 W InputManagerService: Starting input on non-focused client com.android.internal.view.IInputMethodClient$Stub$Proxy@41909918 (uid=10056 pid=8708)
07-10 17:36:06.925  8980  8980 D dalvikvm: GC_EXPLICIT freed 90K, 5% free 10434K/10951K, paused 8ms+3ms
07-10 17:36:10.519  8980  8982 D dalvikvm: GC_CONCURRENT freed 272K, 4% free 10664K/11015K, paused 5ms+5ms
07-10 17:36:11.707  8980  8982 D dalvikvm: GC_CONCURRENT freed 463K, 6% free 10674K/11271K, paused 3ms+4ms
07-10 17:36:15.519    81   128 D AudioHardware: AudioHardware pcm playback is going to standby.
07-10 17:36:15.523    81   128 D AudioHardware: closePcmOut_l() mPcmOpenCnt: 1
07-10 17:36:15.679    81   128 D AudioHardware: AudioHardware pcm playback is exiting standby.
07-10 17:36:15.679    81   128 D AudioHardware: openPcmOut_l() mPcmOpenCnt: 0
07-10 17:36:15.820  8980  8982 D dalvikvm: GC_CONCURRENT freed 416K, 5% free 10748K/11271K, paused 10ms+7ms
07-10 17:36:16.078  8980  8980 D dalvikvm: GC_FOR_ALLOC freed 89K, 5% free 10739K/11271K, paused 67ms
07-10 17:36:16.082  8980  8980 I dalvikvm-heap: Grow heap (frag case) to 11.293MB for 768016-byte allocation
07-10 17:36:16.105  8980  8980 D dalvikvm: GC_FOR_ALLOC freed 3K, 5% free 11486K/12039K, paused 24ms
07-10 17:36:16.207  8980  8982 D dalvikvm: GC_CONCURRENT freed 6K, 5% free 11521K/12039K, paused 2ms+9ms
07-10 17:36:16.773  8980  8980 W webcore : java.lang.Throwable: EventHub.removeMessages(int what = 107) is not supported before the WebViewCore is set up.
07-10 17:36:16.773  8980  8980 W webcore : 	at android.webkit.WebViewCore$EventHub.removeMessages(WebViewCore.java:1683)
07-10 17:36:16.773  8980  8980 W webcore : 	at android.webkit.WebViewCore$EventHub.access$7900(WebViewCore.java:926)
07-10 17:36:16.773  8980  8980 W webcore : 	at android.webkit.WebViewCore.removeMessages(WebViewCore.java:1795)
07-10 17:36:16.773  8980  8980 W webcore : 	at android.webkit.WebView.sendOurVisibleRect(WebView.java:2917)
07-10 17:36:16.773  8980  8980 W webcore : 	at android.webkit.ZoomManager.setZoomScale(ZoomManager.java:593)
07-10 17:36:16.773  8980  8980 W webcore : 	at android.webkit.ZoomManager.access$1700(ZoomManager.java:49)
07-10 17:36:16.773  8980  8980 W webcore : 	at android.webkit.ZoomManager$PostScale.run(ZoomManager.java:984)
07-10 17:36:16.773  8980  8980 W webcore : 	at android.os.Handler.handleCallback(Handler.java:605)
07-10 17:36:16.773  8980  8980 W webcore : 	at android.os.Handler.dispatchMessage(Handler.java:92)
07-10 17:36:16.773  8980  8980 W webcore : 	at android.os.Looper.loop(Looper.java:137)
07-10 17:36:16.773  8980  8980 W webcore : 	at android.app.ActivityThread.main(ActivityThread.java:4424)
07-10 17:36:16.773  8980  8980 W webcore : 	at java.lang.reflect.Method.invokeNative(Native Method)
07-10 17:36:16.773  8980  8980 W webcore : 	at java.lang.reflect.Method.invoke(Method.java:511)
07-10 17:36:16.773  8980  8980 W webcore : 	at com.android.internal.os.ZygoteInit$MethodAndArgsCaller.run(ZygoteInit.java:784)
07-10 17:36:16.773  8980  8980 W webcore : 	at com.android.internal.os.ZygoteInit.main(ZygoteInit.java:551)
07-10 17:36:16.773  8980  8980 W webcore : 	at dalvik.system.NativeStart.main(Native Method)
07-10 17:36:16.992  8980  8982 D dalvikvm: GC_CONCURRENT freed 448K, 5% free 11959K/12487K, paused 2ms+5ms
07-10 17:36:17.117  8980  8980 D dalvikvm: GC_FOR_ALLOC freed 725K, 8% free 12004K/12999K, paused 37ms
07-10 17:36:18.195   144  7642 I ActivityManager: Process com.google.android.talk (pid 8803) has died.
07-10 17:36:18.328  8980  8987 I dalvikvm: Jit: resizing JitTable from 4096 to 8192
07-10 17:36:18.441  8980  8980 D dalvikvm: GC_FOR_ALLOC freed 394K, 9% free 11950K/12999K, paused 35ms
07-10 17:36:18.441  8980  8980 I dalvikvm-heap: Grow heap (frag case) to 12.477MB for 768016-byte allocation
07-10 17:36:18.472  8980  8980 D dalvikvm: GC_FOR_ALLOC freed 8K, 8% free 12691K/13767K, paused 31ms
07-10 17:36:18.773    81   128 D AudioHardware: AudioHardware pcm playback is going to standby.
07-10 17:36:18.773    81   128 D AudioHardware: closePcmOut_l() mPcmOpenCnt: 1
07-10 17:36:19.050   144   144 I ActivityManager: Process com.google.android.apps.maps:FriendService (pid 8896) has died.
07-10 17:36:21.437  8980  8980 D webviewglue: nativeDestroy view: 0xb346e0
07-10 17:36:21.445  8980  8980 D webviewglue: nativeDestroy view: 0xd84600
07-10 17:36:21.562  8980  8982 D dalvikvm: GC_CONCURRENT freed 2299K, 18% free 11610K/14023K, paused 7ms+12ms
07-10 17:36:27.367   144   844 D dalvikvm: GC_EXPLICIT freed 1450K, 18% free 16304K/19655K, paused 23ms+9ms
07-10 17:36:27.371    81   128 D AudioHardware: AudioHardware pcm playback is exiting standby.
07-10 17:36:27.371    81   128 D AudioHardware: openPcmOut_l() mPcmOpenCnt: 0
07-10 17:36:29.234  8980  8980 D dalvikvm: GC_FOR_ALLOC freed 698K, 18% free 11616K/14023K, paused 33ms
07-10 17:36:29.328  8980  8982 D dalvikvm: GC_CONCURRENT freed 718K, 17% free 11754K/14023K, paused 2ms+4ms
07-10 17:36:29.918  8980  8982 D dalvikvm: GC_CONCURRENT freed 527K, 15% free 12013K/14023K, paused 8ms+5ms
07-10 17:36:30.304  8708  8708 D GoogleVoice: A notification tickle arrived.
07-10 17:36:30.476  8980  8982 D dalvikvm: GC_CONCURRENT freed 160K, 9% free 12822K/14023K, paused 53ms+8ms
07-10 17:36:30.789   144   427 W AppWidgetService: updateAppWidgetProvider: provider doesn't exist: ComponentInfo{com.google.android.apps.googlevoice/com.google.android.apps.googlevoice.widget.WidgetSettingsProvider}
07-10 17:36:30.804   144  1262 W AppWidgetService: updateAppWidgetProvider: provider doesn't exist: ComponentInfo{com.google.android.apps.googlevoice/com.google.android.apps.googlevoice.widget.WidgetInboxProvider}
07-10 17:36:30.980  8708  8709 D dalvikvm: GC_CONCURRENT freed 559K, 7% free 10543K/11271K, paused 3ms+33ms
07-10 17:36:31.015  9145  9175 D dalvikvm: GC_EXPLICIT freed 256K, 7% free 9614K/10247K, paused 107ms+32ms
07-10 17:36:31.086   214   216 D dalvikvm: GC_CONCURRENT freed 546K, 13% free 10041K/11527K, paused 2ms+8ms
07-10 17:36:31.156   144  1262 W AppWidgetService: updateAppWidgetProvider: provider doesn't exist: ComponentInfo{com.google.android.apps.googlevoice/com.google.android.apps.googlevoice.widget.WidgetSettingsProvider}
07-10 17:36:31.160   144   385 W AppWidgetService: updateAppWidgetProvider: provider doesn't exist: ComponentInfo{com.google.android.apps.googlevoice/com.google.android.apps.googlevoice.widget.WidgetInboxProvider}
07-10 17:36:31.199  8708  8744 I System.out: [INFO:3509931]: LogSource: Running flush
07-10 17:36:31.203  8708  8744 I System.out: [INFO:3509932]: LogSource: Running flush
07-10 17:36:31.214  8708  8747 I System.out: [INFO:3509946]: LogSource: Sending payload [bytes=919]
07-10 17:36:31.257  8708  8744 I System.out: [INFO:3509986]: LogSource: Running flush
07-10 17:36:31.257  8708  8746 I System.out: [INFO:3509987]: LogSource: Sending payload [bytes=521]
07-10 17:36:31.269  8708  8708 D GoogleVoice: com.google.android.apps.googlevoice.vvm.service.GvVvmService$Handler Handling message 1001
07-10 17:36:31.289   144   844 W AppWidgetService: updateAppWidgetProvider: provider doesn't exist: ComponentInfo{com.google.android.apps.googlevoice/com.google.android.apps.googlevoice.widget.WidgetSettingsProvider}
07-10 17:36:31.296  8708  8708 D GoogleVoice: com.google.android.apps.googlevoice.vvm.service.GvVvmService$Handler Handling message 1011
07-10 17:36:31.300   144   155 W AppWidgetService: updateAppWidgetProvider: provider doesn't exist: ComponentInfo{com.google.android.apps.googlevoice/com.google.android.apps.googlevoice.widget.WidgetInboxProvider}
07-10 17:36:31.316  8708  9346 I GoogleVoice: Deleting all voicemails
07-10 17:36:31.347  8708  8744 I System.out: [INFO:3510079]: LogSource: Running flush
07-10 17:36:31.359  8708  8745 I System.out: [INFO:3510091]: LogSource: Sending payload [bytes=520]
07-10 17:36:31.589  8980  8980 D dalvikvm: GC_FOR_ALLOC freed 1151K, 13% free 12401K/14215K, paused 37ms
07-10 17:36:31.671  8708  8746 I System.out: [INFO:3510401]: LogSource: Response [http=200,length=22]
07-10 17:36:31.820  8708  8744 I System.out: [INFO:3510550]: LogSource: Read id 58, status code 200
07-10 17:36:32.117  8708  8709 D dalvikvm: GC_CONCURRENT freed 420K, 7% free 10506K/11271K, paused 2ms+3ms
07-10 17:36:32.187  8708  8747 I System.out: [INFO:3510915]: LogSource: Response [http=200,length=3575]
07-10 17:36:32.187  8708  8744 I System.out: [INFO:3510917]: LogSource: Read id 56, status code 200
07-10 17:36:32.199  8708  8744 I System.out: [INFO:3510928]: LogSource: Read id 57, status code 200
07-10 17:36:32.203    81   128 D AudioHardware: AudioHardware pcm playback is going to standby.
07-10 17:36:32.203    81   128 D AudioHardware: closePcmOut_l() mPcmOpenCnt: 1
07-10 17:36:32.214  8980  9348 I Gmail   : MainSyncRequestProto: lowestBkwdConvoId: 0, highestHandledServerOp: 1875862, normalSync: true
07-10 17:36:32.312  8708  8744 I System.out: [INFO:3511042]: LogSource: Read id 55, status code 200
07-10 17:36:32.312  8708  8744 I System.out: [INFO:3511042]: LogSource: Read id 53, status code 200
07-10 17:36:32.320  8708  8744 I System.out: [INFO:3511051]: LogSource: Read id 54, status code 200
07-10 17:36:32.546   144   344 W AppWidgetService: updateAppWidgetProvider: provider doesn't exist: ComponentInfo{com.google.android.apps.googlevoice/com.google.android.apps.googlevoice.widget.WidgetSettingsProvider}
07-10 17:36:32.550   144  6748 W AppWidgetService: updateAppWidgetProvider: provider doesn't exist: ComponentInfo{com.google.android.apps.googlevoice/com.google.android.apps.googlevoice.widget.WidgetInboxProvider}
07-10 17:36:32.586   144  1262 W AppWidgetService: updateAppWidgetProvider: provider doesn't exist: ComponentInfo{com.google.android.apps.googlevoice/com.google.android.apps.googlevoice.widget.WidgetSettingsProvider}
07-10 17:36:32.597  8708  8744 I System.out: [INFO:3511328]: LogSource: Running flush
07-10 17:36:32.597  8708  8708 D GoogleVoice: com.google.android.apps.googlevoice.vvm.service.GvVvmService$Handler Handling message 1001
07-10 17:36:32.597   144   385 W AppWidgetService: updateAppWidgetProvider: provider doesn't exist: ComponentInfo{com.google.android.apps.googlevoice/com.google.android.apps.googlevoice.widget.WidgetInboxProvider}
07-10 17:36:32.601  8708  8708 D GoogleVoice: com.google.android.apps.googlevoice.vvm.service.GvVvmService$Handler Handling message 1011
07-10 17:36:32.605  8708  8746 I System.out: [INFO:3511336]: LogSource: Sending payload [bytes=522]
07-10 17:36:32.629  8708  8709 D dalvikvm: GC_CONCURRENT freed 430K, 7% free 10588K/11271K, paused 14ms+5ms
07-10 17:36:32.632  8708  9351 I GoogleVoice: Deleting all voicemails
07-10 17:36:32.652   144   156 W AppWidgetService: updateAppWidgetProvider: provider doesn't exist: ComponentInfo{com.google.android.apps.googlevoice/com.google.android.apps.googlevoice.widget.WidgetSettingsProvider}
07-10 17:36:32.660   144  7642 W AppWidgetService: updateAppWidgetProvider: provider doesn't exist: ComponentInfo{com.google.android.apps.googlevoice/com.google.android.apps.googlevoice.widget.WidgetInboxProvider}
07-10 17:36:33.910   214   216 D dalvikvm: GC_CONCURRENT freed 260K, 12% free 10205K/11527K, paused 2ms+3ms
07-10 17:36:34.582   144   144 I ActivityManager: Process com.google.android.gallery3d (pid 8489) has died.
07-10 17:36:34.597  8708  8745 I System.out: [INFO:3513329]: LogSource: Response [http=200,length=22]
07-10 17:36:34.609  8708  8744 I System.out: [INFO:3513341]: LogSource: Read id 59, status code 200
07-10 17:36:34.640  8708  8746 I System.out: [INFO:3513369]: LogSource: Response [http=200,length=22]
07-10 17:36:34.640  8708  8744 I System.out: [INFO:3513369]: LogSource: Read id 60, status code 200
07-10 17:36:34.992  8980  8982 D dalvikvm: GC_CONCURRENT freed 1023K, 13% free 12390K/14215K, paused 3ms+10ms
07-10 17:36:37.023  8980  9348 D dalvikvm: GC_EXPLICIT freed 392K, 14% free 12319K/14215K, paused 4ms+9ms
07-10 17:36:37.062  8980  9348 I Gmail   : MainSyncRequestProto: lowestBkwdConvoId: 0, highestHandledServerOp: 1875879, normalSync: true
07-10 17:36:38.433  8980  9348 D dalvikvm: GC_EXPLICIT freed 360K, 13% free 12487K/14215K, paused 2ms+12ms
07-10 17:36:38.441  8980  9348 I Gmail   : MainSyncRequestProto: lowestBkwdConvoId: 0, highestHandledServerOp: 1875879, normalSync: true
07-10 17:36:38.445  8980  9348 I Gmail   : lowestBackward conversation id 0
07-10 17:36:38.457  8980  9348 W Gmail   : Scheduling index for 300000 ms from now
07-10 17:36:38.632  8980  9353 I Gmail   : MainSyncRequestProto: lowestBkwdConvoId: 0, highestHandledServerOp: 1875879, normalSync: true
07-10 17:36:39.984   144  7642 D dalvikvm: GC_EXPLICIT freed 1380K, 22% free 15504K/19655K, paused 3ms+8ms
07-10 17:36:40.117  8980  9353 D dalvikvm: GC_EXPLICIT freed 566K, 12% free 12578K/14215K, paused 3ms+6ms
07-10 17:36:40.125  8980  9353 I Gmail   : MainSyncRequestProto: lowestBkwdConvoId: 0, highestHandledServerOp: 1875879, normalSync: true
07-10 17:36:40.125  8980  9353 I Gmail   : lowestBackward conversation id 0
07-10 17:36:40.136  8980  9353 W Gmail   : Scheduling index for 300000 ms from now
07-10 17:36:49.496   144  9046 D AlarmManagerService: Kernel timezone updated to 240 minutes west of GMT
07-10 17:36:52.195   144   179 I ActivityManager: START {act=android.intent.action.MAIN cat=[android.intent.category.HOME] flg=0x10200000 cmp=com.android.launcher/com.android.launcher2.Launcher} from pid 144
07-10 17:36:52.386  8980  8980 D OpenGLRenderer: Flushing caches (mode 0)
07-10 17:36:52.441  8980  8980 D OpenGLRenderer: Flushing caches (mode 1)
07-10 17:36:52.441   144  6748 W InputManagerService: Starting input on non-focused client com.android.internal.view.IInputMethodClient$Stub$Proxy@415c2ba0 (uid=10058 pid=8980)
07-10 17:36:53.683   144   171 I power   : *** set_screen_state 0
07-10 17:36:53.742    78   121 D SurfaceFlinger: About to give-up screen, flinger = 0x1e16918
07-10 17:36:53.793   144   175 V TransportControlView: Create TCV com.android.internal.widget.TransportControlView@415981d0
07-10 17:36:53.871   214   214 D PhoneStatusBar: disable: < expand icons alerts ticker system_info back home RECENT* clock >
07-10 17:36:53.890   371  1469 D NfcService: NFC-C OFF, disconnect
07-10 17:36:53.918   214   214 D PhoneStatusBar: disable: < expand icons alerts ticker system_info BACK* HOME* RECENT CLOCK* >
07-10 17:37:23.378   144   155 D AlarmManagerService: Kernel timezone updated to 240 minutes west of GMT
07-10 17:37:50.007   144   175 I power   : *** set_screen_state 1
07-10 17:37:50.031   144   175 I WindowManager: Lock screen displayed!
07-10 17:37:50.218    78   121 D SurfaceFlinger: Screen about to return, flinger = 0x1e16918
07-10 17:37:50.718   144   200 D ConnectivityService: ConnectivityChange for mobile: DISCONNECTED/DISCONNECTED
07-10 17:37:50.718   144   200 D ConnectivityService: Attempting to switch to WIFI
07-10 17:37:50.746   144   200 D ConnectivityService: Attempting to switch to WIMAX
07-10 17:37:50.750   144   200 D ConnectivityService: Attempting to switch to BLUETOOTH_TETHER
07-10 17:37:50.773   358   358 D SAN_SERVICE: *******************************************
07-10 17:37:50.773   358   358 D SAN_SERVICE: DM App Phone Service State - 1
07-10 17:37:50.773   358   358 D SAN_SERVICE: *******************************************
07-10 17:37:50.773   144   200 D NetUtils: android_net_utils_resetConnections in env=0x7913f0 clazz=0xa0c00001 iface=rmnet0 mask=0x3
07-10 17:37:50.773   144   200 D ConnectivityService: resetConnections(rmnet0, 3)
07-10 17:37:50.996  8665  9095 W Smack/Packet: notify conn break (IOEx), close connection
07-10 17:37:51.004   144   146 D dalvikvm: GC_CONCURRENT freed 841K, 18% free 16287K/19655K, paused 8ms+9ms
07-10 17:37:51.207   214   214 D PhoneStatusBar: disable: < expand icons alerts ticker system_info BACK HOME recent* CLOCK >
07-10 17:37:51.211   371   424 D NfcService: NFC-C ON
07-10 17:37:51.226   144  6748 W InputManagerService: Window already focused, ignoring focus gain of: com.android.internal.view.IInputMethodClient$Stub$Proxy@41644518
07-10 17:37:51.242   214   214 D PhoneStatusBar: disable: < expand icons alerts ticker system_info back* home* recent clock* >
07-10 17:37:51.281  8665  9095 I qtaguid : Failed write_ctrl(u 67) res=-1 errno=22
07-10 17:37:51.281  8665  9095 I qtaguid : Untagging socket 67 failed errno=-22
07-10 17:37:51.281  8665  9095 W NetworkManagementSocketTagger: untagSocket(67) failed with errno -22
07-10 17:37:51.293   144   200 D ConnectivityService: handleInetConditionChange: no active default network - ignore
07-10 17:37:53.836   144   204 D Tethering: MasterInitialState.processMessage what=3
07-10 17:37:53.964   144  7642 I ActivityManager: Start proc com.google.android.gallery3d for broadcast com.google.android.gallery3d/com.google.android.picasasync.ConnectivityReceiver: pid=9357 uid=10016 gids={3003, 1015}
07-10 17:37:54.199  9357  9357 I ActivityThread: Pub com.google.android.gallery3d.GooglePhotoProvider: com.google.android.picasasync.PicasaContentProvider
07-10 17:37:54.332  9357  9358 D dalvikvm: GC_CONCURRENT freed 418K, 6% free 9117K/9607K, paused 13ms+3ms
07-10 17:37:54.382  9357  9357 I ActivityThread: Pub com.google.android.gallery3d.provider: com.android.gallery3d.provider.GalleryProvider
07-10 17:37:54.449  9357  9358 D dalvikvm: GC_CONCURRENT freed 382K, 6% free 9160K/9671K, paused 4ms+2ms
07-10 17:37:54.550  9357  9357 D UploadsManager: load newPhotoTracker: null
07-10 17:37:54.550  9357  9357 D UploadsManager: load all accounts: null
07-10 17:37:54.550  9357  9357 D UploadsManager: load all account-album pairs: null
07-10 17:37:54.550  9357  9357 V PicasaContentProvider: querySettings: defaults: {sync_on_wifi_only=1, auto_upload_account_type=null, sync_on_battery=1, sync_picasa_on_wifi_only=1, auto_upload_enabled=0, video_upload_wifi_only=1, sync_on_roaming=0, auto_upload_account_name=null}
07-10 17:37:54.558  9357  9357 D UploadsManager:    settings not changed
07-10 17:37:54.589  9357  9370 D PicasaSync: sync account database
07-10 17:37:54.664  9071  9071 I MediaUploader: No need to wake up
07-10 17:37:54.726  9357  9370 D PicasaSync: accounts in DB=1
07-10 17:37:54.726  9357  9370 V PicasaContentProvider: querySettings: defaults: {sync_on_wifi_only=1, auto_upload_account_type=null, sync_on_battery=1, sync_picasa_on_wifi_only=1, auto_upload_enabled=0, video_upload_wifi_only=1, sync_on_roaming=0, auto_upload_account_name=null}
07-10 17:37:54.730  9357  9370 D PicasaSyncManager: active network: null
07-10 17:37:54.730  9357  9370 D PicasaSyncManager: background data: true
07-10 17:37:54.851  9357  9370 D PicasaSyncManager: battery info: false
07-10 17:37:55.839    81   128 D AudioHardware: AudioHardware pcm playback is exiting standby.
07-10 17:37:55.839    81   128 D AudioHardware: openPcmOut_l() mPcmOpenCnt: 0
07-10 17:37:56.257   214   216 D dalvikvm: GC_CONCURRENT freed 491K, 13% free 10131K/11527K, paused 5ms+2ms
07-10 17:37:56.636   144  1262 W InputManagerService: Window already focused, ignoring focus gain of: com.android.internal.view.IInputMethodClient$Stub$Proxy@41744ff0
07-10 17:37:56.734   214   214 D dalvikvm: GC_FOR_ALLOC freed 557K, 14% free 9938K/11527K, paused 32ms
07-10 17:37:56.781   214   216 D dalvikvm: GC_CONCURRENT freed 520K, 15% free 9887K/11527K, paused 2ms+2ms
07-10 17:37:56.855   214   216 D dalvikvm: GC_CONCURRENT freed 522K, 15% free 9861K/11527K, paused 1ms+3ms
07-10 17:37:58.933    81   128 D AudioHardware: AudioHardware pcm playback is going to standby.
07-10 17:37:58.933    81   128 D AudioHardware: closePcmOut_l() mPcmOpenCnt: 1
07-10 17:38:01.363   144   379 I ActivityManager: START {act=android.intent.action.MAIN cat=[android.intent.category.LAUNCHER] flg=0x10200000 cmp=com.android.camera/.Camera bnds=[240,405][360,555]} from pid 390
07-10 17:38:01.371    81   128 D AudioHardware: AudioHardware pcm playback is exiting standby.
07-10 17:38:01.371    81   128 D AudioHardware: openPcmOut_l() mPcmOpenCnt: 0
07-10 17:38:01.523   144   385 I ActivityManager: Start proc com.android.camera for activity com.android.camera/.Camera: pid=9377 uid=10007 gids={1006, 1015}
07-10 17:38:01.636   390   390 D OpenGLRenderer: Flushing caches (mode 1)
07-10 17:38:01.718   390   390 D OpenGLRenderer: Flushing caches (mode 0)
07-10 17:38:01.730   144   308 I ActivityManager: Process com.google.android.apps.maps:LocationFriendService (pid 8909) has died.
07-10 17:38:01.839  9377  9391 V CameraHolder: open camera 0
07-10 17:38:01.847    81    81 I CameraService: Opening camera 0
07-10 17:38:01.847    81    81 I CameraHardwareSec: int android::HAL_camera_device_open(const hw_module_t*, const char*, hw_device_t**): open camera 0
07-10 17:38:01.871    81    81 E SecCamera: initCamera: m_cam_fd(37), m_jpeg_fd(0)
07-10 17:38:01.871    81    81 I SecCamera: Name of input channel[0] is S5K4ECGX
07-10 17:38:01.879    81    81 E SecCamera: initCamera: m_cam_fd2(38)
07-10 17:38:01.879    81    81 I SecCamera: Name of input channel[0] is S5K4ECGX
07-10 17:38:01.879    81    81 I SecCamera: initCamera : initialized
07-10 17:38:01.879    81    81 I SecCamera: Name of input channel[0] is S5K4ECGX
07-10 17:38:01.882    81    81 I CameraHardwareSec: int android::HAL_camera_device_open(const hw_module_t*, const char*, hw_device_t**): opened camera 0 (0x1a8b798)
07-10 17:38:01.886    81  9396 I CameraHardwareSec: int android::CameraHardwareSec::previewThreadWrapper(): starting
07-10 17:38:01.886    81  9396 I CameraHardwareSec: int android::CameraHardwareSec::previewThreadWrapper(): calling mSecCamera->stopPreview() and waiting
07-10 17:38:01.886    81  9396 W SecCamera: int android::SecCamera::stopPreview(): doing nothing because m_flag_camera_start is zero
07-10 17:38:01.921    81    81 I AwesomePlayer: setDataSource_l('/system/media/audio/ui/camera_click.ogg')
07-10 17:38:01.992    81    81 I AwesomePlayer: setDataSource_l('/system/media/audio/ui/VideoRecord.ogg')
07-10 17:38:02.105   144   160 I Process : Sending signal. PID: 9377 SIG: 3
07-10 17:38:02.105  9377  9382 I dalvikvm: threadid=3: reacting to signal 3
07-10 17:38:02.191  9377  9382 I dalvikvm: Wrote stack traces to '/data/anr/traces.txt'
07-10 17:38:02.226  9377  9379 D dalvikvm: GC_CONCURRENT freed 220K, 4% free 9272K/9607K, paused 19ms+9ms
07-10 17:38:02.269  9377  9377 D dalvikvm: GC_FOR_ALLOC freed 10K, 4% free 9301K/9607K, paused 16ms
07-10 17:38:02.269  9377  9377 I dalvikvm-heap: Grow heap (frag case) to 9.508MB for 373696-byte allocation
07-10 17:38:02.293  9377  9377 D dalvikvm: GC_FOR_ALLOC freed 3K, 4% free 9663K/9991K, paused 14ms
07-10 17:38:02.343  9377  9377 D dalvikvm: GC_FOR_ALLOC freed 20K, 3% free 9872K/10119K, paused 19ms
07-10 17:38:02.363  9377  9405 D Camera  : app passed NULL surface
07-10 17:38:02.371  9377  9405 V camera  : Preview size is 640x480
07-10 17:38:02.398  9377  9405 V camera  : startPreview
07-10 17:38:02.398    81   129 E CameraHardwareSec: preview window is NULL!
07-10 17:38:02.398    81   129 I CameraHardwareSec: virtual android::status_t android::CameraHardwareSec::startPreview() : deferring
07-10 17:38:02.464  9377  9379 D dalvikvm: GC_CONCURRENT freed 138K, 3% free 10248K/10503K, paused 2ms+3ms
07-10 17:38:02.539  9377  9377 D libEGL  : loaded /system/lib/egl/libGLES_android.so
07-10 17:38:02.546  9377  9377 D libEGL  : loaded /vendor/lib/egl/libEGL_POWERVR_SGX540_120.so
07-10 17:38:02.578  9377  9377 D libEGL  : loaded /vendor/lib/egl/libGLESv1_CM_POWERVR_SGX540_120.so
07-10 17:38:02.582  9377  9377 D libEGL  : loaded /vendor/lib/egl/libGLESv2_POWERVR_SGX540_120.so
07-10 17:38:02.593   144   160 I Process : Sending signal. PID: 9377 SIG: 3
07-10 17:38:02.593  9377  9382 I dalvikvm: threadid=3: reacting to signal 3
07-10 17:38:02.605  9377  9382 I dalvikvm: Wrote stack traces to '/data/anr/traces.txt'
07-10 17:38:02.652  9377  9377 D OpenGLRenderer: Enabling debug mode 0
07-10 17:38:02.660  9377  9377 V camera  : surfaceChanged. w=480. h=640
07-10 17:38:03.105   144   160 I Process : Sending signal. PID: 9377 SIG: 3
07-10 17:38:03.105  9377  9382 I dalvikvm: threadid=3: reacting to signal 3
07-10 17:38:03.148  9377  9382 I dalvikvm: Wrote stack traces to '/data/anr/traces.txt'
07-10 17:38:03.386    81  2809 D CameraHardwareSec: mPreviewHeap(fd(37), size(460800), width(640), height(480))
07-10 17:38:03.390    81  9396 I CameraHardwareSec: int android::CameraHardwareSec::previewThreadWrapper(): return from wait
07-10 17:38:03.480   144   174 I ActivityManager: Displayed com.android.camera/.Camera: +1s991ms
07-10 17:38:03.574  9377  9377 D CameraStorage: External storage state=mounted
07-10 17:38:03.668  9377  9377 D dalvikvm: GC_FOR_ALLOC freed 88K, 2% free 10300K/10503K, paused 26ms
07-10 17:38:03.699  9377  9377 I dalvikvm-heap: Grow heap (frag case) to 11.299MB for 1228816-byte allocation
07-10 17:38:03.711   144   344 I ActivityManager: Process com.google.android.music:main (pid 9016) has died.
07-10 17:38:03.730  9377  9407 D dalvikvm: GC_FOR_ALLOC freed <1K, 2% free 11499K/11719K, paused 16ms
07-10 17:38:03.793  9377  9379 D dalvikvm: GC_CONCURRENT freed 130K, 2% free 11551K/11719K, paused 18ms+3ms
07-10 17:38:04.468    81   128 D AudioHardware: AudioHardware pcm playback is going to standby.
07-10 17:38:04.468    81   128 D AudioHardware: closePcmOut_l() mPcmOpenCnt: 1
07-10 17:38:07.308   144   179 I ActivityManager: START {act=android.intent.action.MAIN cat=[android.intent.category.HOME] flg=0x10200000 cmp=com.android.launcher/com.android.launcher2.Launcher} from pid 144
07-10 17:38:07.351  9377  9377 V camera  : stopPreview
07-10 17:38:07.714    81  9396 I CameraHardwareSec: int android::CameraHardwareSec::previewThreadWrapper(): calling mSecCamera->stopPreview() and waiting
07-10 17:38:07.738    81    81 I CameraHardwareSec: void android::CameraHardwareSec::stopPreviewInternal() : preview not running, doing nothing
07-10 17:38:07.738    81   129 I CameraHardwareSec: void android::CameraHardwareSec::stopPreviewInternal() : preview not running, doing nothing
07-10 17:38:07.738    81  9396 I CameraHardwareSec: int android::CameraHardwareSec::previewThreadWrapper(): return from wait
07-10 17:38:07.738    81  9396 I CameraHardwareSec: int android::CameraHardwareSec::previewThreadWrapper(): exiting
07-10 17:38:07.738    81  9396 W SecCamera: int android::SecCamera::stopPreview(): doing nothing because m_flag_camera_start is zero
07-10 17:38:07.742    81   129 W SecCamera: int android::SecCamera::stopRecord(): doing nothing because m_flag_record_start is zero
07-10 17:38:07.742    81   129 I SecCamera: DeinitCamera: m_cam_fd(37)
07-10 17:38:07.754    81   129 I SecCamera: DeinitCamera: m_cam_fd2(38)
07-10 17:38:07.777    81   129 E CameraHardwareSec: preview window is NULL!
07-10 17:38:07.777    81   129 I CameraService: Destroying camera 0
07-10 17:38:07.777    81   129 I CameraHardwareSec: int android::HAL_camera_device_close(hw_device_t*)
07-10 17:38:07.777    81   129 I SecCamera: DeinitCamera : already deinitialized
07-10 17:38:07.785    81  2809 W AudioFlinger: session id 211 not found for pid 81
07-10 17:38:07.785    81  2809 W AudioFlinger: session id 212 not found for pid 81
07-10 17:38:07.906  9377  9377 D OpenGLRenderer: Flushing caches (mode 0)
07-10 17:38:07.957  9377  9377 D OpenGLRenderer: Flushing caches (mode 1)
07-10 17:38:09.761   358   358 D SAN_SERVICE: *******************************************
07-10 17:38:09.761   358   358 D SAN_SERVICE: DM App Phone Service State - 1
07-10 17:38:09.761   358   358 D SAN_SERVICE: *******************************************
07-10 17:38:12.242   144  9046 I ActivityManager: Process com.google.android.inputmethod.latin.dictionarypack (pid 9195) has died.
07-10 17:38:12.543    81   128 D AudioHardware: AudioHardware pcm playback is exiting standby.
07-10 17:38:12.543    81   128 D AudioHardware: openPcmOut_l() mPcmOpenCnt: 0
07-10 17:38:12.703   390   393 D dalvikvm: GC_CONCURRENT freed 4794K, 36% free 11381K/17543K, paused 6ms+13ms
07-10 17:38:12.843   390   455 D dalvikvm: GC_FOR_ALLOC freed 405K, 35% free 11547K/17543K, paused 38ms
07-10 17:38:12.847   390   455 I dalvikvm-heap: Grow heap (frag case) to 12.229MB for 925072-byte allocation
07-10 17:38:12.890   390  6904 D dalvikvm: GC_FOR_ALLOC freed 1K, 30% free 12449K/17543K, paused 27ms
07-10 17:38:13.031   390   393 D dalvikvm: GC_CONCURRENT freed 62K, 29% free 12517K/17543K, paused 3ms+6ms
07-10 17:38:13.277   390   393 D dalvikvm: GC_CONCURRENT freed 1287K, 30% free 12361K/17543K, paused 5ms+5ms
07-10 17:38:13.433   390  6903 D dalvikvm: GC_FOR_ALLOC freed 1076K, 36% free 11397K/17543K, paused 30ms
07-10 17:38:13.445   390  6903 I dalvikvm-heap: Grow heap (frag case) to 12.426MB for 1286224-byte allocation
07-10 17:38:13.488   390  6904 D dalvikvm: GC_FOR_ALLOC freed 2K, 28% free 12650K/17543K, paused 28ms
07-10 17:38:13.562   390   393 D dalvikvm: GC_CONCURRENT freed 4K, 28% free 12647K/17543K, paused 13ms+5ms
07-10 17:38:13.589   390  6904 D dalvikvm: GC_FOR_ALLOC freed 0K, 28% free 12647K/17543K, paused 26ms
07-10 17:38:13.597   390  6904 I dalvikvm-heap: Grow heap (frag case) to 13.648MB for 1286224-byte allocation
07-10 17:38:13.644   390   390 D dalvikvm: GC_FOR_ALLOC freed 0K, 21% free 13903K/17543K, paused 34ms
07-10 17:38:13.839   390   399 I dalvikvm: Jit: resizing JitTable from 4096 to 8192
07-10 17:38:14.062   390  6905 D dalvikvm: GC_FOR_ALLOC freed 3111K, 32% free 12028K/17543K, paused 32ms
07-10 17:38:14.070   144  7089 I ActivityManager: Process com.android.calendar (pid 8285) has died.
07-10 17:38:14.144   390   393 D dalvikvm: GC_CONCURRENT freed 16K, 27% free 12916K/17543K, paused 3ms+9ms
07-10 17:38:14.336   390   393 D dalvikvm: GC_CONCURRENT freed 1587K, 29% free 12611K/17543K, paused 2ms+8ms
07-10 17:38:14.418   390  8402 D dalvikvm: GC_FOR_ALLOC freed 615K, 28% free 12712K/17543K, paused 21ms
07-10 17:38:14.421   390  8402 I dalvikvm-heap: Grow heap (frag case) to 13.710MB for 1286224-byte allocation
07-10 17:38:14.464   390  6903 D dalvikvm: GC_FOR_ALLOC freed 246K, 22% free 13722K/17543K, paused 42ms
07-10 17:38:14.546   390   393 D dalvikvm: GC_CONCURRENT freed 1K, 22% free 13838K/17543K, paused 1ms+8ms
07-10 17:38:14.687   390  6903 D dalvikvm: GC_FOR_ALLOC freed 1556K, 23% free 13569K/17543K, paused 26ms
07-10 17:38:14.746   390   455 D dalvikvm: GC_FOR_ALLOC freed 1478K, 25% free 13242K/17543K, paused 23ms
07-10 17:38:14.800   390  6903 D dalvikvm: GC_FOR_ALLOC freed 591K, 26% free 13091K/17543K, paused 22ms
07-10 17:38:14.839   390   393 D dalvikvm: GC_CONCURRENT freed 1K, 18% free 14386K/17543K, paused 1ms+4ms
07-10 17:38:15.632    81   128 D AudioHardware: AudioHardware pcm playback is going to standby.
07-10 17:38:15.632    81   128 D AudioHardware: closePcmOut_l() mPcmOpenCnt: 1
07-10 17:38:18.562  7602  7615 I PhoneLab-: Service Running
07-10 17:38:18.691  7602  7615 I PhoneLab-LoggerService: app_36    1287  1     1444   1004  c00f181c 400107b4 S logcat
07-10 17:38:18.691  7602  7615 I PhoneLab-LoggerService: Logcat pid from database 1287
07-10 17:38:18.691  7602  7615 I PhoneLab-LoggerService: Logcat process found 1287
07-10 17:38:18.691  7602  7615 I PhoneLab-LoggerService: Checking Threshold
07-10 17:38:18.695  7602  7615 I PhoneLab-LoggerService: Starting to rename files
07-10 17:38:18.695  7602  7615 I PhoneLab-LoggerService: Files found .. 2
07-10 17:38:18.695  7602  7615 I PhoneLab-LoggerService: File 1 log.out.1
07-10 17:38:18.699  7602  7615 I PhoneLab-LoggerService: Renamed successfully
07-10 17:38:18.703  7602  7615 I PhoneLab-: Service Running
07-10 17:38:18.738  7602  7615 I PhoneLab-LoggerService: app_36    1287  1     1444   1004  c00f181c 400107b4 S logcat
07-10 17:38:18.738  7602  7615 I PhoneLab-LoggerService: Logcat pid from database 1287
07-10 17:38:18.738  7602  7615 I PhoneLab-LoggerService: Logcat process found 1287
07-10 17:38:18.738  7602  7615 I PhoneLab-LoggerService: Checking Threshold
07-10 17:38:18.738  7602  7615 I PhoneLab-LoggerService: Starting to rename files
07-10 17:38:18.738  7602  7615 I PhoneLab-LoggerService: Files found .. 2
07-10 17:38:21.191    81   128 D AudioHardware: AudioHardware pcm playback is exiting standby.
07-10 17:38:21.191    81   128 D AudioHardware: openPcmOut_l() mPcmOpenCnt: 0
07-10 17:38:21.289   144   427 I ActivityManager: START {act=android.intent.action.MAIN cat=[android.intent.category.LAUNCHER] flg=0x10200000 cmp=com.google.android.gallery3d/com.android.gallery3d.app.Gallery} from pid 390
07-10 17:38:21.597   390   390 D OpenGLRenderer: Flushing caches (mode 1)
07-10 17:38:21.656   390   390 D OpenGLRenderer: Flushing caches (mode 0)
07-10 17:38:21.718  9357  9357 V StateManager: startState class com.android.gallery3d.app.AlbumSetPage
07-10 17:38:21.839   144   160 I Process : Sending signal. PID: 9357 SIG: 3
07-10 17:38:21.839  9357  9359 I dalvikvm: threadid=3: reacting to signal 3
07-10 17:38:21.890  9357  9359 I dalvikvm: Wrote stack traces to '/data/anr/traces.txt'
07-10 17:38:21.921  9357  9358 D dalvikvm: GC_CONCURRENT freed 232K, 4% free 9424K/9735K, paused 9ms+3ms
07-10 17:38:22.011  9357  9357 V GalleryActionBar: showClusterMenu: runner=com.android.gallery3d.app.AlbumSetPage@41342ae8
07-10 17:38:22.031  9357  9357 D Gallery.MultiSetSync: onSyncDone: MTP devices #pending=2
07-10 17:38:22.031  9357  9357 D Gallery.MultiSetSync:   request sync: MTP devices
07-10 17:38:22.031  9357  9357 D Gallery.MultiSetSync: onSyncDone: Local albums #pending=1
07-10 17:38:22.031  9357  9357 D Gallery.MultiSetSync:   request sync: Local albums
07-10 17:38:22.066  9357  9417 V MtpDeviceSet: loadDevices: [], size=0
07-10 17:38:22.109  9357  9357 D Gallery.MultiSetSync:   request sync: Picasa albums
07-10 17:38:22.129  9357  9418 D ImmediateSync: sync album list:1 account(s)
07-10 17:38:22.226  9357  9357 D libEGL  : loaded /system/lib/egl/libGLES_android.so
07-10 17:38:22.269  9357  9357 D libEGL  : loaded /vendor/lib/egl/libEGL_POWERVR_SGX540_120.so
07-10 17:38:22.281  9357  9357 D libEGL  : loaded /vendor/lib/egl/libGLESv1_CM_POWERVR_SGX540_120.so
07-10 17:38:22.289  9357  9357 D libEGL  : loaded /vendor/lib/egl/libGLESv2_POWERVR_SGX540_120.so
07-10 17:38:22.339   144   160 I Process : Sending signal. PID: 9357 SIG: 3
07-10 17:38:22.339  9357  9359 I dalvikvm: threadid=3: reacting to signal 3
07-10 17:38:22.375  9357  9359 I dalvikvm: Wrote stack traces to '/data/anr/traces.txt'
07-10 17:38:22.398  9357  9357 D OpenGLRenderer: Enabling debug mode 0
07-10 17:38:22.414  9357  9416 I GalleryEGLConfigChooser: Config chosen: R5 G6 B5 A0 D24 S8 ID7 CAVEAT12344 
07-10 17:38:22.554  9357  9416 I GLRootView: onSurfaceChanged: 480x800, gl10: com.google.android.gles_jni.GLImpl@413c7600
07-10 17:38:22.554  9357  9416 I GLRootView: layout content pane 480x800
07-10 17:38:22.640  9357  9418 D ImmediateSync: sync albums for geoffrey.challen@gmail.com
07-10 17:38:22.726  9357  9418 D PicasaAPI: getAlbums for geoffrey.challen@gmail.com, etag = W/"DUINQHw6eyp7ImA9WhJTEk4."
07-10 17:38:22.742   144   174 I ActivityManager: Displayed com.google.android.gallery3d/com.android.gallery3d.app.Gallery: +1s405ms
07-10 17:38:22.765   358   358 D SAN_SERVICE: *******************************************
07-10 17:38:22.765   358   358 D SAN_SERVICE: DM App Phone Service State - 1
07-10 17:38:22.765   358   358 D SAN_SERVICE: *******************************************
07-10 17:38:22.769   144  6748 W InputManagerService: Starting input on non-focused client com.android.internal.view.IInputMethodClient$Stub$Proxy@41716510 (uid=10025 pid=390)
07-10 17:38:22.832  9357  9357 W IInputConnectionWrapper: showStatusIcon on inactive InputConnection
07-10 17:38:22.836  9357  9417 V MtpDeviceSet: loadDevices: [], size=0
07-10 17:38:22.968  9357  9358 D dalvikvm: GC_CONCURRENT freed 493K, 6% free 9491K/10055K, paused 7ms+5ms
07-10 17:38:23.168  9357  9423 W BlobCache: cannot read header
07-10 17:38:23.195  9357  9418 W GDataClient: Request failed: https://picasaweb.google.com/data/feed/api/user/geoffrey.challen?max-results=1000&imgmax=d&thumbsize=640u&visibility=visible&v=4&alt=json&fd=shapes&kind=album
07-10 17:38:23.195  9357  9418 E PicasaAPI: getAlbums fail
07-10 17:38:23.195  9357  9418 V PicasaAPI:    done
07-10 17:38:23.195  9357  9418 D MetricsUtils: [PicasaApi.getAlbums time:472]
07-10 17:38:23.195  9357  9418 D MetricsUtils: [PicasaSyncHelper.syncAlbums geoffrey.challen@gmail.com time:508]
07-10 17:38:23.199  9357  9418 D ImmediateSync: sync all incomplete 2
07-10 17:38:23.207  9357  9357 D PicasaAlbumSet: sync result: all: 2
07-10 17:38:23.211  9357  9357 D Gallery.MultiSetSync: onSyncDone: Picasa albums #pending=0
07-10 17:38:23.211  9357  9357 D AlbumSetPage: onSyncDone: All albums result=2
07-10 17:38:23.343  9357  9423 D dalvikvm: GC_FOR_ALLOC freed 267K, 6% free 9555K/10119K, paused 25ms
07-10 17:38:23.347  9357  9423 I dalvikvm-heap: Grow heap (frag case) to 9.693MB for 307216-byte allocation
07-10 17:38:23.371  9357  9424 D dalvikvm: GC_FOR_ALLOC freed 1K, 6% free 9854K/10439K, paused 24ms
07-10 17:38:23.437  9357  9424 D dalvikvm: GC_FOR_ALLOC freed 30K, 6% free 9840K/10439K, paused 25ms
07-10 17:38:23.441  9357  9424 I dalvikvm-heap: Grow heap (frag case) to 9.828MB for 156832-byte allocation
07-10 17:38:23.476  9357  9416 D dalvikvm: GC_FOR_ALLOC freed 0K, 7% free 9993K/10631K, paused 23ms
07-10 17:38:23.511  9357  9423 D dalvikvm: GC_FOR_ALLOC freed 15K, 7% free 9978K/10631K, paused 29ms
07-10 17:38:23.515  9357  9423 I dalvikvm-heap: Grow heap (frag case) to 9.965MB for 160016-byte allocation
07-10 17:38:23.546  9357  9416 D dalvikvm: GC_FOR_ALLOC freed 0K, 7% free 10135K/10823K, paused 23ms
07-10 17:38:23.757  9357  9425 W BlobCache: cannot read header
07-10 17:38:23.789  9357  9425 D MetricsUtils: [OPEN content://com.google.android.gallery3d.GooglePhotoProvider/albumcovers/5713894085710166753 time:162]
07-10 17:38:23.824  9357  9425 D dalvikvm: GC_FOR_ALLOC freed 406K, 9% free 9882K/10823K, paused 28ms
07-10 17:38:23.898  9357  9426 D dalvikvm: GC_FOR_ALLOC freed 58K, 8% free 10050K/10823K, paused 25ms
07-10 17:38:23.898  9357  9426 I dalvikvm-heap: Grow heap (frag case) to 10.036MB for 160016-byte allocation
07-10 17:38:23.929  9357  9416 D dalvikvm: GC_FOR_ALLOC freed 13K, 8% free 10193K/11015K, paused 21ms
07-10 17:38:24.039  9357  9425 D dalvikvm: GC_FOR_ALLOC freed 89K, 6% free 10355K/11015K, paused 26ms
07-10 17:38:24.039  9357  9425 I dalvikvm-heap: Grow heap (frag case) to 10.333MB for 160016-byte allocation
07-10 17:38:24.066  9357  9357 D dalvikvm: GC_FOR_ALLOC freed 2K, 7% free 10508K/11207K, paused 19ms
07-10 17:38:24.281    81   128 D AudioHardware: AudioHardware pcm playback is going to standby.
07-10 17:38:24.281    81   128 D AudioHardware: closePcmOut_l() mPcmOpenCnt: 1
07-10 17:38:25.261  9357  9357 V StateManager: startStateForResult class com.android.gallery3d.app.AlbumPage, 1
07-10 17:38:25.281  9357  9357 D ImmediateSync: cancel sync all
07-10 17:38:25.308  9357  9357 D AlbumPage: onSyncDone: Camera result=0
07-10 17:38:25.312  9357  9416 I GLRootView: layout content pane 480x800
07-10 17:38:25.394  9357  9426 D dalvikvm: GC_FOR_ALLOC freed 316K, 7% free 10481K/11207K, paused 20ms
07-10 17:38:25.433  9357  9423 D dalvikvm: GC_FOR_ALLOC freed 898K, 13% free 9753K/11207K, paused 17ms
07-10 17:38:25.476  9357  9426 D dalvikvm: GC_FOR_ALLOC freed 16K, 11% free 10065K/11207K, paused 17ms
07-10 17:38:25.543  9357  9358 D dalvikvm: GC_CONCURRENT freed 14K, 7% free 10510K/11207K, paused 2ms+2ms
07-10 17:38:25.562  9357  9426 D dalvikvm: GC_FOR_ALLOC freed 25K, 7% free 10485K/11207K, paused 19ms
07-10 17:38:25.566  9357  9426 I dalvikvm-heap: Grow heap (frag case) to 10.460MB for 160016-byte allocation
07-10 17:38:25.597  9357  9416 D dalvikvm: GC_FOR_ALLOC freed 300K, 10% free 10341K/11399K, paused 15ms
07-10 17:38:25.714  9357  9358 D dalvikvm: GC_CONCURRENT freed 449K, 10% free 10364K/11399K, paused 1ms+3ms
07-10 17:38:25.773  9357  9423 D dalvikvm: GC_FOR_ALLOC freed 25K, 7% free 10654K/11399K, paused 20ms
07-10 17:38:25.773  9357  9423 I dalvikvm-heap: Grow heap (frag case) to 10.625MB for 160016-byte allocation
07-10 17:38:25.800  9357  9416 D dalvikvm: GC_FOR_ALLOC freed 0K, 7% free 10811K/11591K, paused 16ms
07-10 17:38:25.894  9357  9426 D dalvikvm: GC_FOR_ALLOC freed 756K, 11% free 10373K/11591K, paused 16ms
07-10 17:38:25.921  9357  9423 D dalvikvm: GC_FOR_ALLOC freed 1K, 8% free 10688K/11591K, paused 18ms
07-10 17:38:25.964  9357  9426 D dalvikvm: GC_FOR_ALLOC freed 18K, 6% free 10971K/11591K, paused 18ms
07-10 17:38:25.964  9357  9426 I dalvikvm-heap: Grow heap (frag case) to 10.935MB for 160016-byte allocation
07-10 17:38:25.992  9357  9416 D dalvikvm: GC_FOR_ALLOC freed 0K, 6% free 11127K/11783K, paused 17ms
07-10 17:38:26.023  9357  9423 D dalvikvm: GC_FOR_ALLOC freed 17K, 6% free 11111K/11783K, paused 17ms
07-10 17:38:26.023  9357  9423 I dalvikvm-heap: Grow heap (frag case) to 11.072MB for 160016-byte allocation
07-10 17:38:26.043  9357  9423 D dalvikvm: GC_FOR_ALLOC freed 300K, 9% free 10967K/11975K, paused 18ms
07-10 17:38:26.144  9357  9423 D dalvikvm: GC_FOR_ALLOC freed 407K, 8% free 11027K/11975K, paused 18ms
07-10 17:38:26.183  9357  9426 D dalvikvm: GC_FOR_ALLOC freed 20K, 6% free 11308K/11975K, paused 29ms
07-10 17:38:26.230  9357  9423 D dalvikvm: GC_FOR_ALLOC freed 343K, 9% free 11134K/12167K, paused 17ms
07-10 17:38:26.293  9357  9426 D dalvikvm: GC_FOR_ALLOC freed 364K, 10% free 11012K/12167K, paused 17ms
07-10 17:38:26.355  9357  9425 D dalvikvm: GC_FOR_ALLOC freed 117K, 8% free 11297K/12167K, paused 21ms
07-10 17:38:26.359  9357  9425 I dalvikvm-heap: Grow heap (frag case) to 11.394MB for 307216-byte allocation
07-10 17:38:26.359   144   844 I ActivityManager: Process com.android.providers.calendar (pid 7992) has died.
07-10 17:38:26.386  9357  9416 D dalvikvm: GC_FOR_ALLOC freed 0K, 8% free 11597K/12487K, paused 16ms
07-10 17:38:26.418  9357  9426 D dalvikvm: GC_FOR_ALLOC freed 0K, 8% free 11597K/12487K, paused 17ms
07-10 17:38:26.421  9357  9426 I dalvikvm-heap: Grow heap (frag case) to 11.546MB for 160016-byte allocation
07-10 17:38:26.449  9357  9416 D dalvikvm: GC_FOR_ALLOC freed <1K, 8% free 11754K/12679K, paused 19ms
07-10 17:38:26.554  9357  9426 D dalvikvm: GC_FOR_ALLOC freed 721K, 11% free 11312K/12679K, paused 18ms
07-10 17:38:26.648  9357  9423 D dalvikvm: GC_FOR_ALLOC freed 409K, 10% free 11480K/12679K, paused 19ms
07-10 17:38:26.683  9357  9426 D dalvikvm: GC_FOR_ALLOC freed 1K, 7% free 11803K/12679K, paused 22ms
07-10 17:38:26.683  9357  9426 I dalvikvm-heap: Grow heap (frag case) to 11.888MB for 307216-byte allocation
07-10 17:38:26.711  9357  9416 D dalvikvm: GC_FOR_ALLOC freed 0K, 7% free 12103K/12999K, paused 17ms
07-10 17:38:26.824  9357  9423 D dalvikvm: GC_FOR_ALLOC freed 774K, 11% free 11816K/13191K, paused 22ms
07-10 17:38:26.875  9357  9423 D dalvikvm: GC_FOR_ALLOC freed 92K, 7% free 12374K/13191K, paused 24ms
07-10 17:38:26.882  9357  9357 V StateManager: startStateForResult class com.android.gallery3d.app.PhotoPage, 2
07-10 17:38:26.961  9357  9416 I GLRootView: layout content pane 480x800
07-10 17:38:27.125  9357  9424 D dalvikvm: GC_FOR_ALLOC freed 900K, 12% free 11874K/13383K, paused 23ms
07-10 17:38:27.129  9357  9424 I dalvikvm-heap: Grow heap (frag case) to 12.836MB for 1228816-byte allocation
07-10 17:38:27.171  9357  9416 D dalvikvm: GC_FOR_ALLOC freed 2195K, 26% free 10879K/14599K, paused 31ms
07-10 17:38:27.234  9357  9358 D dalvikvm: GC_CONCURRENT freed 146K, 26% free 10896K/14599K, paused 3ms+4ms
07-10 17:38:27.726  9357  9416 I GLRootView: layout content pane 480x800
07-10 17:38:27.781  9357  9358 D dalvikvm: GC_CONCURRENT freed 567K, 26% free 10909K/14599K, paused 2ms+6ms
07-10 17:38:27.808  9357  9416 D dalvikvm: GC_FOR_ALLOC freed 1K, 22% free 11528K/14599K, paused 19ms
07-10 17:38:27.847  9357  9358 D dalvikvm: GC_CONCURRENT freed <1K, 17% free 12260K/14599K, paused 2ms+3ms
07-10 17:38:27.871  9357  9416 D dalvikvm: GC_FOR_ALLOC freed <1K, 12% free 12936K/14599K, paused 18ms
07-10 17:38:27.972  9357  9426 D dalvikvm: GC_FOR_ALLOC freed 55K, 7% free 13578K/14599K, paused 19ms
07-10 17:38:27.976  9357  9426 I dalvikvm-heap: Grow heap (frag case) to 14.500MB for 1228816-byte allocation
07-10 17:38:28.000  9357  9423 D dalvikvm: GC_FOR_ALLOC freed 1K, 7% free 14776K/15815K, paused 21ms
07-10 17:38:28.023   144  9046 I ActivityManager: Process com.android.deskclock (pid 7979) has died.
07-10 17:38:28.230  9357  9423 D dalvikvm: GC_FOR_ALLOC freed 155K, 3% free 16348K/16775K, paused 21ms
07-10 17:38:28.269   144  7642 I ActivityManager: Process com.android.musicfx (pid 9051) has died.
07-10 17:38:28.421  9357  9423 D dalvikvm: GC_FOR_ALLOC freed 817K, 7% free 17131K/18375K, paused 19ms
07-10 17:38:28.546   144  7089 I ActivityManager: Process com.google.android.apps.googlevoice (pid 8708) has died.
07-10 17:38:28.546   144  7089 W ActivityManager: Scheduling restart of crashed service com.google.android.apps.googlevoice/.UpdateService in 5000ms
07-10 17:38:28.546   144  7089 W ActivityManager: Scheduling restart of crashed service com.google.android.apps.googlevoice/.widget.WidgetService in 15000ms
07-10 17:38:28.546   144  7089 W ActivityManager: Scheduling restart of crashed service com.google.android.apps.googlevoice/.CallLogService in 25000ms
07-10 17:38:28.546   144  7089 I WindowManager: WIN DEATH: Window{416e5920 com.google.android.apps.googlevoice/com.google.android.apps.googlevoice.PhoneCallListActivity paused=false}
07-10 17:38:28.597   390   390 D OpenGLRenderer: Flushing caches (mode 1)
07-10 17:38:28.621  8980  8980 D OpenGLRenderer: Flushing caches (mode 2)
07-10 17:38:28.621  9377  9377 D OpenGLRenderer: Flushing caches (mode 2)
07-10 17:38:28.629  9377  9377 D OpenGLRenderer: Flushing caches (mode 0)
07-10 17:38:28.660  8980  8980 D OpenGLRenderer: Flushing caches (mode 0)
07-10 17:38:28.660  8980  8980 D OpenGLRenderer: Flushing caches (mode 0)
07-10 17:38:28.660  8980  8980 W ManagedEGLContext: doTerminate failed: EGL count is 2 but managed count is 1
07-10 17:38:28.664  9357  9424 D dalvikvm: GC_FOR_ALLOC freed 1111K, 8% free 17755K/19207K, paused 22ms
07-10 17:38:28.816  9357  9424 D dalvikvm: GC_FOR_ALLOC freed 1130K, 9% free 18291K/19911K, paused 20ms
07-10 17:38:28.921  9357  9426 D dalvikvm: GC_FOR_ALLOC freed 1221K, 9% free 18692K/20423K, paused 19ms
07-10 17:38:28.925  9357  9426 I dalvikvm-heap: Grow heap (frag case) to 19.495MB for 1228816-byte allocation
07-10 17:38:28.945  9357  9424 D dalvikvm: GC_FOR_ALLOC freed <1K, 9% free 19891K/21639K, paused 19ms
07-10 17:38:29.078  9357  9424 D dalvikvm: GC_FOR_ALLOC freed 769K, 7% free 20495K/21959K, paused 20ms
07-10 17:38:29.230  9357  9424 D dalvikvm: GC_FOR_ALLOC freed 1181K, 8% free 20677K/22471K, paused 22ms
07-10 17:38:29.336  9357  9424 D dalvikvm: GC_FOR_ALLOC freed 710K, 8% free 20992K/22663K, paused 20ms
07-10 17:38:29.414  9357  9424 D dalvikvm: GC_FOR_ALLOC freed 384K, 7% free 21433K/22983K, paused 20ms
07-10 17:38:29.504  9357  9424 D dalvikvm: GC_FOR_ALLOC freed 689K, 9% free 21455K/23495K, paused 21ms
07-10 17:38:29.562  9357  9424 D dalvikvm: GC_FOR_ALLOC freed 371K, 8% free 21645K/23495K, paused 19ms
07-10 17:38:29.625  9357  9423 D dalvikvm: GC_FOR_ALLOC freed 379K, 8% free 21838K/23687K, paused 19ms
07-10 17:38:29.707  9357  9423 D dalvikvm: GC_FOR_ALLOC freed 568K, 7% free 22431K/24007K, paused 24ms
07-10 17:38:29.757  9357  9423 D dalvikvm: GC_FOR_ALLOC freed 877K, 10% free 22248K/24519K, paused 20ms
07-10 17:38:29.800  9357  9426 D dalvikvm: GC_FOR_ALLOC freed 44K, 9% free 22542K/24519K, paused 18ms
07-10 17:38:29.804  9357  9426 I dalvikvm-heap: Grow heap (frag case) to 23.254MB for 1228816-byte allocation
07-10 17:38:29.824  9357  9423 D dalvikvm: GC_FOR_ALLOC freed <1K, 8% free 23742K/25735K, paused 20ms
07-10 17:38:29.882  9357  9423 D dalvikvm: GC_FOR_ALLOC freed 367K, 9% free 23599K/25735K, paused 22ms
07-10 17:38:29.914  9357  9423 D dalvikvm: GC_FOR_ALLOC freed 14K, 8% free 23885K/25735K, paused 22ms
07-10 17:38:29.968  9357  9423 D dalvikvm: GC_FOR_ALLOC freed 353K, 9% free 23757K/25927K, paused 20ms
07-10 17:38:30.004  9357  9423 D dalvikvm: GC_FOR_ALLOC freed 15K, 8% free 24041K/25927K, paused 21ms
07-10 17:38:30.058  9357  9423 D dalvikvm: GC_FOR_ALLOC freed 355K, 9% free 23912K/26119K, paused 21ms
07-10 17:38:30.129  9357  9423 D dalvikvm: GC_FOR_ALLOC freed 367K, 8% free 24068K/26119K, paused 25ms
07-10 17:38:30.164  9357  9423 D dalvikvm: GC_FOR_ALLOC freed 13K, 7% free 24354K/26119K, paused 22ms
07-10 17:38:30.218  9357  9423 D dalvikvm: GC_FOR_ALLOC freed 351K, 8% free 24221K/26311K, paused 21ms
07-10 17:38:30.254  9357  9423 D dalvikvm: GC_FOR_ALLOC freed 10K, 7% free 24511K/26311K, paused 24ms
07-10 17:38:30.304  9357  9423 D dalvikvm: GC_FOR_ALLOC freed 344K, 9% free 24378K/26503K, paused 21ms
07-10 17:38:30.336  9357  9423 D dalvikvm: GC_FOR_ALLOC freed 10K, 7% free 24667K/26503K, paused 21ms
07-10 17:38:30.386  9357  9423 D dalvikvm: GC_FOR_ALLOC freed 344K, 9% free 24533K/26695K, paused 22ms
07-10 17:38:30.421  9357  9423 D dalvikvm: GC_FOR_ALLOC freed 10K, 8% free 24824K/26695K, paused 21ms
07-10 17:38:30.472  9357  9423 D dalvikvm: GC_FOR_ALLOC freed 326K, 9% free 24691K/26887K, paused 23ms
07-10 17:38:30.539  9357  9423 D dalvikvm: GC_FOR_ALLOC freed 353K, 8% free 24847K/26887K, paused 20ms
07-10 17:38:30.578  9357  9423 D dalvikvm: GC_FOR_ALLOC freed 10K, 7% free 25136K/26887K, paused 21ms
07-10 17:38:30.629  9357  9423 D dalvikvm: GC_FOR_ALLOC freed 344K, 8% free 25007K/27079K, paused 22ms
07-10 17:38:30.660  9357  9423 D dalvikvm: GC_FOR_ALLOC freed 14K, 7% free 25293K/27079K, paused 19ms
07-10 17:38:30.711  9357  9424 D dalvikvm: GC_FOR_ALLOC freed 370K, 8% free 25197K/27271K, paused 20ms
07-10 17:38:30.750  9357  9424 D dalvikvm: GC_FOR_ALLOC freed 43K, 7% free 25515K/27271K, paused 19ms
07-10 17:38:30.804  9357  9424 D dalvikvm: GC_FOR_ALLOC freed 412K, 8% free 25458K/27463K, paused 20ms
07-10 17:38:30.839  9357  9424 D dalvikvm: GC_FOR_ALLOC freed 22K, 7% free 25736K/27463K, paused 20ms
07-10 17:38:30.890  9357  9424 D dalvikvm: GC_FOR_ALLOC freed 743K, 8% free 25480K/27655K, paused 19ms
07-10 17:38:30.914  9357  9423 D dalvikvm: GC_FOR_ALLOC freed 1K, 7% free 25793K/27655K, paused 20ms
07-10 17:38:30.953  9357  9423 D dalvikvm: GC_FOR_ALLOC freed 331K, 8% free 25925K/27975K, paused 19ms
07-10 17:38:30.996  9357  9424 D dalvikvm: GC_FOR_ALLOC freed 382K, 8% free 25817K/27975K, paused 20ms
07-10 17:38:31.027  9357  9426 D dalvikvm: GC_FOR_ALLOC freed 25K, 7% free 26094K/27975K, paused 20ms
07-10 17:38:31.031  9357  9426 I dalvikvm-heap: Grow heap (frag case) to 26.723MB for 1228816-byte allocation
07-10 17:38:31.050  9357  9423 D dalvikvm: GC_FOR_ALLOC freed 0K, 7% free 27294K/29191K, paused 21ms
07-10 17:38:31.105  9357  9423 D dalvikvm: GC_FOR_ALLOC freed 407K, 8% free 27145K/29383K, paused 21ms
07-10 17:38:31.140  9357  9423 D dalvikvm: GC_FOR_ALLOC freed 12K, 7% free 27432K/29383K, paused 22ms
07-10 17:38:31.195  9357  9423 D dalvikvm: GC_FOR_ALLOC freed 347K, 8% free 27301K/29575K, paused 22ms
07-10 17:38:31.230  9357  9423 D dalvikvm: GC_FOR_ALLOC freed 12K, 7% free 27589K/29575K, paused 21ms
07-10 17:38:31.285  9357  9423 D dalvikvm: GC_FOR_ALLOC freed 349K, 8% free 27461K/29767K, paused 21ms
07-10 17:38:31.324  9357  9423 D dalvikvm: GC_FOR_ALLOC freed 16K, 7% free 27745K/29767K, paused 23ms
07-10 17:38:31.324  9357  9423 I dalvikvm-heap: Grow heap (frag case) to 27.316MB for 160016-byte allocation
07-10 17:38:31.347  9357  9423 D dalvikvm: GC_FOR_ALLOC freed 0K, 7% free 27901K/29959K, paused 22ms
07-10 17:38:31.398  9357  9423 D dalvikvm: GC_FOR_ALLOC freed 352K, 8% free 27614K/29959K, paused 23ms
07-10 17:38:31.464  9357  9423 D dalvikvm: GC_FOR_ALLOC freed 358K, 8% free 27771K/29959K, paused 24ms
07-10 17:38:31.500  9357  9423 D dalvikvm: GC_FOR_ALLOC freed 13K, 7% free 28058K/29959K, paused 22ms
07-10 17:38:31.562  9357  9423 D dalvikvm: GC_FOR_ALLOC freed 350K, 8% free 27933K/30151K, paused 24ms
07-10 17:38:31.597  9357  9423 D dalvikvm: GC_FOR_ALLOC freed 18K, 7% free 28214K/30151K, paused 22ms
07-10 17:38:31.652  9357  9424 D dalvikvm: GC_FOR_ALLOC freed 356K, 8% free 28086K/30343K, paused 22ms
07-10 17:38:31.683  9357  9424 D dalvikvm: GC_FOR_ALLOC freed 15K, 7% free 28371K/30343K, paused 22ms
07-10 17:38:31.742  9357  9423 D dalvikvm: GC_FOR_ALLOC freed 353K, 8% free 28245K/30535K, paused 22ms
07-10 17:38:31.777  9357  9423 D dalvikvm: GC_FOR_ALLOC freed 17K, 7% free 28527K/30535K, paused 21ms
07-10 17:38:31.777  9357  9423 I dalvikvm-heap: Grow heap (frag case) to 28.081MB for 160016-byte allocation
07-10 17:38:31.800  9357  9423 D dalvikvm: GC_FOR_ALLOC freed 0K, 7% free 28684K/30727K, paused 23ms
07-10 17:38:32.336  9357  9425 D dalvikvm: GC_FOR_ALLOC freed 810K, 8% free 28402K/30727K, paused 26ms
07-10 17:38:32.339  9357  9425 I dalvikvm-heap: Grow heap (frag case) to 28.315MB for 534544-byte allocation
07-10 17:38:32.363  9357  9423 D dalvikvm: GC_FOR_ALLOC freed <1K, 8% free 28923K/31303K, paused 24ms
07-10 17:38:32.390  9357  9425 D skia    : WARNING: One-shot allocator has already allocated (alloc count = 1)
07-10 17:38:32.418  9357  9425 D dalvikvm: GC_FOR_ALLOC freed 522K, 9% free 28690K/31303K, paused 24ms
07-10 17:38:32.449  9357  9425 D skia    : WARNING: One-shot allocator has already allocated (alloc count = 1)
07-10 17:38:32.472  9357  9425 D dalvikvm: GC_FOR_ALLOC freed 256K, 8% free 28952K/31303K, paused 22ms
07-10 17:38:32.488  9357  9425 D skia    : WARNING: One-shot allocator has already allocated (alloc count = 1)
07-10 17:38:32.511  9357  9425 D dalvikvm: GC_FOR_ALLOC freed 902K, 10% free 28445K/31303K, paused 21ms
07-10 17:38:32.562  9357  9425 D skia    : WARNING: One-shot allocator has already allocated (alloc count = 1)
07-10 17:38:32.593  9357  9425 D dalvikvm: GC_FOR_ALLOC freed 909K, 10% free 28434K/31303K, paused 23ms
07-10 17:38:32.617  9357  9425 D skia    : WARNING: One-shot allocator has already allocated (alloc count = 1)
07-10 17:38:32.644  9357  9425 D dalvikvm: GC_FOR_ALLOC freed 782K, 10% free 28434K/31303K, paused 22ms
07-10 17:38:32.687  9357  9425 D skia    : WARNING: One-shot allocator has already allocated (alloc count = 1)
07-10 17:38:32.711  9357  9425 D dalvikvm: GC_FOR_ALLOC freed 677K, 10% free 28402K/31303K, paused 19ms
07-10 17:38:32.722  9357  9425 D skia    : WARNING: One-shot allocator has already allocated (alloc count = 1)
07-10 17:38:32.742  9357  9425 D dalvikvm: GC_FOR_ALLOC freed 770K, 10% free 28402K/31303K, paused 20ms
07-10 17:38:32.757  9357  9425 D skia    : WARNING: One-shot allocator has already allocated (alloc count = 1)
07-10 17:38:32.777  9357  9425 D dalvikvm: GC_FOR_ALLOC freed 778K, 10% free 28402K/31303K, paused 20ms
07-10 17:38:32.796  9357  9425 D skia    : WARNING: One-shot allocator has already allocated (alloc count = 1)
07-10 17:38:32.820  9357  9425 D dalvikvm: GC_FOR_ALLOC freed 755K, 10% free 28402K/31303K, paused 20ms
07-10 17:38:32.832  9357  9425 D skia    : WARNING: One-shot allocator has already allocated (alloc count = 1)
07-10 17:38:32.855  9357  9425 D dalvikvm: GC_FOR_ALLOC freed 778K, 10% free 28402K/31303K, paused 20ms
07-10 17:38:32.867  9357  9425 D skia    : WARNING: One-shot allocator has already allocated (alloc count = 1)
07-10 17:38:32.890  9357  9425 D dalvikvm: GC_FOR_ALLOC freed 774K, 10% free 28402K/31303K, paused 19ms
07-10 17:38:32.902  9357  9425 D skia    : WARNING: One-shot allocator has already allocated (alloc count = 1)
07-10 17:38:32.925  9357  9425 D dalvikvm: GC_FOR_ALLOC freed 782K, 10% free 28402K/31303K, paused 19ms
07-10 17:38:32.937  9357  9425 D skia    : WARNING: One-shot allocator has already allocated (alloc count = 1)
07-10 17:38:32.961  9357  9425 D dalvikvm: GC_FOR_ALLOC freed 770K, 10% free 28402K/31303K, paused 19ms
07-10 17:38:32.972  9357  9425 D skia    : WARNING: One-shot allocator has already allocated (alloc count = 1)
07-10 17:38:32.996  9357  9425 D dalvikvm: GC_FOR_ALLOC freed 778K, 10% free 28402K/31303K, paused 20ms
07-10 17:38:33.019  9357  9425 D skia    : WARNING: One-shot allocator has already allocated (alloc count = 1)
07-10 17:38:33.031  9357  9425 D skia    : WARNING: One-shot allocator has already allocated (alloc count = 1)
07-10 17:38:33.062  9357  9425 D dalvikvm: GC_FOR_ALLOC freed 1021K, 10% free 28413K/31303K, paused 26ms
07-10 17:38:33.062   144   155 I ActivityManager: Process com.google.android.apps.docs (pid 8928) has died.
07-10 17:38:33.078  9357  9425 D skia    : WARNING: One-shot allocator has already allocated (alloc count = 1)
07-10 17:38:33.097  9357  9425 D dalvikvm: GC_FOR_ALLOC freed 267K, 8% free 28924K/31303K, paused 20ms
07-10 17:38:33.121  9357  9425 D dalvikvm: GC_FOR_ALLOC freed 778K, 10% free 28402K/31303K, paused 20ms
07-10 17:38:33.132  9357  9425 D skia    : WARNING: One-shot allocator has already allocated (alloc count = 1)
07-10 17:38:33.156  9357  9425 D dalvikvm: GC_FOR_ALLOC freed 774K, 10% free 28402K/31303K, paused 19ms
07-10 17:38:33.179  9357  9425 D skia    : WARNING: One-shot allocator has already allocated (alloc count = 1)
07-10 17:38:33.203  9357  9425 D dalvikvm: GC_FOR_ALLOC freed 641K, 10% free 28402K/31303K, paused 20ms
07-10 17:38:33.214  9357  9425 D skia    : WARNING: One-shot allocator has already allocated (alloc count = 1)
07-10 17:38:33.222  9357  9425 D skia    : WARNING: One-shot allocator has already allocated (alloc count = 1)
07-10 17:38:33.242  9357  9425 D dalvikvm: GC_FOR_ALLOC freed 911K, 10% free 28413K/31303K, paused 19ms
07-10 17:38:33.269  9357  9425 D skia    : WARNING: One-shot allocator has already allocated (alloc count = 1)
07-10 17:38:33.289  9357  9425 D dalvikvm: GC_FOR_ALLOC freed 912K, 10% free 28402K/31303K, paused 20ms
07-10 17:38:33.304  9357  9425 D skia    : WARNING: One-shot allocator has already allocated (alloc count = 1)
07-10 17:38:33.324  9357  9425 D dalvikvm: GC_FOR_ALLOC freed 770K, 10% free 28402K/31303K, paused 20ms
07-10 17:38:33.336  9357  9425 D skia    : WARNING: One-shot allocator has already allocated (alloc count = 1)
07-10 17:38:33.355  9357  9425 D skia    : WARNING: One-shot allocator has already allocated (alloc count = 1)
07-10 17:38:33.375  9357  9425 D dalvikvm: GC_FOR_ALLOC freed 778K, 9% free 28602K/31303K, paused 21ms
07-10 17:38:33.398  9357  9425 D dalvikvm: GC_FOR_ALLOC freed 654K, 10% free 28402K/31303K, paused 19ms
07-10 17:38:33.418  9357  9425 D skia    : WARNING: One-shot allocator has already allocated (alloc count = 1)
07-10 17:38:33.441  9357  9425 D dalvikvm: GC_FOR_ALLOC freed 749K, 10% free 28402K/31303K, paused 20ms
07-10 17:38:33.453  9357  9425 D skia    : WARNING: One-shot allocator has already allocated (alloc count = 1)
07-10 17:38:33.476  9357  9425 D dalvikvm: GC_FOR_ALLOC freed 778K, 10% free 28402K/31303K, paused 19ms
07-10 17:38:33.488  9357  9425 D skia    : WARNING: One-shot allocator has already allocated (alloc count = 1)
07-10 17:38:33.511  9357  9425 D dalvikvm: GC_FOR_ALLOC freed 774K, 10% free 28402K/31303K, paused 20ms
07-10 17:38:33.523  9357  9425 D skia    : WARNING: One-shot allocator has already allocated (alloc count = 1)
07-10 17:38:33.543  9357  9425 D dalvikvm: GC_FOR_ALLOC freed 782K, 10% free 28402K/31303K, paused 19ms
07-10 17:38:33.562  9357  9425 D skia    : WARNING: One-shot allocator has already allocated (alloc count = 1)
07-10 17:38:33.601  9357  9425 D dalvikvm: GC_FOR_ALLOC freed 770K, 10% free 28402K/31303K, paused 36ms
07-10 17:38:33.601   144   161 I ActivityManager: Start proc com.google.android.apps.googlevoice for service com.google.android.apps.googlevoice/.UpdateService: pid=9438 uid=10056 gids={3003, 1015}
07-10 17:38:33.617  9357  9425 D skia    : WARNING: One-shot allocator has already allocated (alloc count = 1)
07-10 17:38:33.644  9357  9425 D dalvikvm: GC_FOR_ALLOC freed 762K, 10% free 28402K/31303K, paused 26ms
07-10 17:38:33.695  9357  9425 D skia    : WARNING: One-shot allocator has already allocated (alloc count = 1)
07-10 17:38:33.738   390   390 D OpenGLRenderer: Flushing caches (mode 2)
07-10 17:38:33.742  9357  9425 D dalvikvm: GC_FOR_ALLOC freed 893K, 10% free 28402K/31303K, paused 35ms
07-10 17:38:33.769  9357  9425 D skia    : WARNING: One-shot allocator has already allocated (alloc count = 1)
07-10 17:38:33.796  9357  9425 D dalvikvm: GC_FOR_ALLOC freed 778K, 10% free 28402K/31303K, paused 24ms
07-10 17:38:33.812  9357  9425 D skia    : WARNING: One-shot allocator has already allocated (alloc count = 1)
07-10 17:38:33.839   390   390 D OpenGLRenderer: Flushing caches (mode 0)
07-10 17:38:33.859   144   308 I ActivityManager: Process com.google.android.apps.uploader (pid 9071) has died.
07-10 17:38:33.879  9357  9425 D dalvikvm: GC_FOR_ALLOC freed 774K, 10% free 28402K/31303K, paused 29ms
07-10 17:38:33.914  9357  9425 D skia    : WARNING: One-shot allocator has already allocated (alloc count = 1)
07-10 17:38:33.945  9357  9425 D dalvikvm: GC_FOR_ALLOC freed 641K, 10% free 28402K/31303K, paused 26ms
07-10 17:38:33.961  9357  9425 D skia    : WARNING: One-shot allocator has already allocated (alloc count = 1)
07-10 17:38:33.988  9357  9425 D dalvikvm: GC_FOR_ALLOC freed 765K, 10% free 28402K/31303K, paused 24ms
07-10 17:38:34.011  9357  9425 D skia    : WARNING: One-shot allocator has already allocated (alloc count = 1)
07-10 17:38:34.043  9357  9425 D dalvikvm: GC_FOR_ALLOC freed 770K, 10% free 28403K/31303K, paused 25ms
07-10 17:38:34.086  9357  9425 D skia    : WARNING: One-shot allocator has already allocated (alloc count = 1)
07-10 17:38:34.117  9357  9425 D dalvikvm: GC_FOR_ALLOC freed 636K, 10% free 28403K/31303K, paused 24ms
07-10 17:38:34.132  9357  9425 D skia    : WARNING: One-shot allocator has already allocated (alloc count = 1)
07-10 17:38:34.164  9357  9425 D dalvikvm: GC_FOR_ALLOC freed 770K, 10% free 28403K/31303K, paused 29ms
07-10 17:38:34.195  9357  9425 D skia    : WARNING: One-shot allocator has already allocated (alloc count = 1)
07-10 17:38:34.222  9438  9439 D dalvikvm: GC_CONCURRENT freed 240K, 4% free 9288K/9607K, paused 12ms+25ms
07-10 17:38:34.226  9357  9425 D dalvikvm: GC_FOR_ALLOC freed 778K, 10% free 28403K/31303K, paused 26ms
07-10 17:38:34.254  9357  9425 D skia    : WARNING: One-shot allocator has already allocated (alloc count = 1)
07-10 17:38:34.269  9357  9425 D skia    : WARNING: One-shot allocator has already allocated (alloc count = 1)
07-10 17:38:34.296  9357  9425 D dalvikvm: GC_FOR_ALLOC freed 1120K, 10% free 28403K/31303K, paused 26ms
07-10 17:38:34.367  9357  9425 D skia    : WARNING: One-shot allocator has already allocated (alloc count = 1)
07-10 17:38:34.398  9357  9425 D dalvikvm: GC_FOR_ALLOC freed 778K, 10% free 28403K/31303K, paused 22ms
07-10 17:38:34.445  9357  9425 D skia    : WARNING: One-shot allocator has already allocated (alloc count = 1)
07-10 17:38:34.488   144   146 D dalvikvm: GC_CONCURRENT freed 1430K, 16% free 16555K/19655K, paused 9ms+10ms
07-10 17:38:34.558  9357  9425 D dalvikvm: GC_FOR_ALLOC freed 774K, 10% free 28403K/31303K, paused 46ms
07-10 17:38:34.617  9357  9425 D skia    : WARNING: One-shot allocator has already allocated (alloc count = 1)
07-10 17:38:34.660  9357  9425 D dalvikvm: GC_FOR_ALLOC freed 782K, 10% free 28403K/31303K, paused 35ms
07-10 17:38:34.800  9357  9425 D skia    : WARNING: One-shot allocator has already allocated (alloc count = 1)
07-10 17:38:34.937  9438  9439 D dalvikvm: GC_CONCURRENT freed 416K, 5% free 9436K/9927K, paused 6ms+7ms
07-10 17:38:34.937  9438  9446 W CursorWrapperInner: Cursor finalized without prior close()
07-10 17:38:34.937  9438  9446 W CursorWrapperInner: Cursor finalized without prior close()
07-10 17:38:34.937  9438  9446 W CursorWrapperInner: Cursor finalized without prior close()
07-10 17:38:35.113   144   144 D dalvikvm: GC_EXPLICIT freed 881K, 21% free 15679K/19655K, paused 3ms+7ms
07-10 17:38:35.171  9438  9439 D dalvikvm: GC_CONCURRENT freed 331K, 5% free 9595K/10055K, paused 2ms+3ms
07-10 17:38:35.265  9357  9425 D dalvikvm: GC_FOR_ALLOC freed 785K, 10% free 28434K/31303K, paused 26ms
07-10 17:38:35.414   144  4494 I ActivityManager: Process com.google.android.gm (pid 8980) has died.
07-10 17:38:35.418   144   156 I WindowManager: WIN DEATH: Window{41671028 com.google.android.gm/com.google.android.gm.ConversationListActivityGmail paused=false}
07-10 17:38:35.437   144   366 I WindowManager: WIN DEATH: Window{4188cd50 com.google.android.gm/com.google.android.gm.ConversationListActivityGmail paused=false}
07-10 17:38:35.504  9145  9147 D dalvikvm: GC_CONCURRENT freed 328K, 5% free 9779K/10247K, paused 2ms+13ms
07-10 17:38:35.687  9145  9158 D dalvikvm: GC_EXPLICIT freed 300K, 6% free 9681K/10247K, paused 2ms+5ms
07-10 17:38:35.730  9357  9425 D skia    : WARNING: One-shot allocator has already allocated (alloc count = 1)
07-10 17:38:35.757  9357  9425 D dalvikvm: GC_FOR_ALLOC freed 778K, 10% free 28434K/31303K, paused 21ms
07-10 17:38:35.781  9357  9425 D skia    : WARNING: One-shot allocator has already allocated (alloc count = 1)
07-10 17:38:35.789  9357  9425 D skia    : WARNING: One-shot allocator has already allocated (alloc count = 1)
07-10 17:38:35.816  9357  9425 D dalvikvm: GC_FOR_ALLOC freed 902K, 10% free 28445K/31303K, paused 20ms
07-10 17:38:35.859  9357  9425 D skia    : WARNING: One-shot allocator has already allocated (alloc count = 1)
07-10 17:38:35.882  9357  9425 D dalvikvm: GC_FOR_ALLOC freed 909K, 10% free 28434K/31303K, paused 21ms
07-10 17:38:35.902  9357  9425 D skia    : WARNING: One-shot allocator has already allocated (alloc count = 1)
07-10 17:38:35.933  9357  9425 D dalvikvm: GC_FOR_ALLOC freed 782K, 10% free 28434K/31303K, paused 21ms
07-10 17:38:35.976  9357  9425 D skia    : WARNING: One-shot allocator has already allocated (alloc count = 1)
07-10 17:38:36.000  9357  9425 D dalvikvm: GC_FOR_ALLOC freed 644K, 10% free 28434K/31303K, paused 20ms
07-10 17:38:36.023  9357  9425 D skia    : WARNING: One-shot allocator has already allocated (alloc count = 1)
07-10 17:38:36.050  9357  9425 D dalvikvm: GC_FOR_ALLOC freed 770K, 10% free 28434K/31303K, paused 20ms
07-10 17:38:36.070  9357  9425 D skia    : WARNING: One-shot allocator has already allocated (alloc count = 1)
07-10 17:38:36.097  9357  9425 D dalvikvm: GC_FOR_ALLOC freed 778K, 10% free 28434K/31303K, paused 21ms
07-10 17:38:36.125  9357  9425 D skia    : WARNING: One-shot allocator has already allocated (alloc count = 1)
07-10 17:38:36.148  9357  9425 D dalvikvm: GC_FOR_ALLOC freed 788K, 10% free 28402K/31303K, paused 20ms
07-10 17:38:36.160  9357  9425 D skia    : WARNING: One-shot allocator has already allocated (alloc count = 1)
07-10 17:38:36.179  9357  9425 D dalvikvm: GC_FOR_ALLOC freed 778K, 10% free 28402K/31303K, paused 20ms
07-10 17:38:36.191  9357  9425 D skia    : WARNING: One-shot allocator has already allocated (alloc count = 1)
07-10 17:38:36.214  9357  9425 D dalvikvm: GC_FOR_ALLOC freed 774K, 10% free 28402K/31303K, paused 19ms
07-10 17:38:36.226  9357  9425 D skia    : WARNING: One-shot allocator has already allocated (alloc count = 1)
07-10 17:38:36.250  9357  9425 D dalvikvm: GC_FOR_ALLOC freed 782K, 10% free 28402K/31303K, paused 20ms
07-10 17:38:36.265  9357  9425 D skia    : WARNING: One-shot allocator has already allocated (alloc count = 1)
07-10 17:38:36.289  9357  9425 D dalvikvm: GC_FOR_ALLOC freed 771K, 10% free 28402K/31303K, paused 21ms
07-10 17:38:36.339  9357  9425 D skia    : WARNING: One-shot allocator has already allocated (alloc count = 1)
07-10 17:38:36.371  9357  9425 D dalvikvm: GC_FOR_ALLOC freed 785K, 10% free 28401K/31303K, paused 21ms
07-10 17:38:36.386  9357  9425 D skia    : WARNING: One-shot allocator has already allocated (alloc count = 1)
07-10 17:38:36.414  9357  9425 D dalvikvm: GC_FOR_ALLOC freed 512K, 9% free 28655K/31303K, paused 22ms
07-10 17:38:36.886  9357  9425 D dalvikvm: GC_FOR_ALLOC freed 530K, 10% free 28402K/31303K, paused 20ms
07-10 17:38:36.902  9357  9425 D skia    : WARNING: One-shot allocator has already allocated (alloc count = 1)
07-10 17:38:36.929  9357  9425 D dalvikvm: GC_FOR_ALLOC freed 779K, 10% free 28434K/31303K, paused 21ms
07-10 17:38:36.949  9357  9425 D skia    : WARNING: One-shot allocator has already allocated (alloc count = 1)
07-10 17:38:36.961  9357  9425 D skia    : WARNING: One-shot allocator has already allocated (alloc count = 1)
07-10 17:38:36.984  9357  9425 D dalvikvm: GC_FOR_ALLOC freed 902K, 10% free 28446K/31303K, paused 22ms
07-10 17:38:37.031  9357  9425 D skia    : WARNING: One-shot allocator has already allocated (alloc count = 1)
07-10 17:38:37.058  9357  9425 D dalvikvm: GC_FOR_ALLOC freed 909K, 10% free 28435K/31303K, paused 21ms
07-10 17:38:37.086  9357  9425 D skia    : WARNING: One-shot allocator has already allocated (alloc count = 1)
07-10 17:38:37.109  9357  9425 D dalvikvm: GC_FOR_ALLOC freed 782K, 10% free 28435K/31303K, paused 20ms
07-10 17:38:37.160  9357  9425 D skia    : WARNING: One-shot allocator has already allocated (alloc count = 1)
07-10 17:38:37.187  9357  9425 D dalvikvm: GC_FOR_ALLOC freed 644K, 10% free 28435K/31303K, paused 21ms
07-10 17:38:37.214  9357  9425 D skia    : WARNING: One-shot allocator has already allocated (alloc count = 1)
07-10 17:38:37.238  9357  9425 D dalvikvm: GC_FOR_ALLOC freed 770K, 10% free 28435K/31303K, paused 22ms
07-10 17:38:37.261  9357  9425 D skia    : WARNING: One-shot allocator has already allocated (alloc count = 1)
07-10 17:38:37.293  9357  9425 D dalvikvm: GC_FOR_ALLOC freed 778K, 10% free 28435K/31303K, paused 23ms
07-10 17:38:37.324  9357  9425 D skia    : WARNING: One-shot allocator has already allocated (alloc count = 1)
07-10 17:38:37.355  9357  9425 D dalvikvm: GC_FOR_ALLOC freed 755K, 10% free 28435K/31303K, paused 21ms
07-10 17:38:37.367  9357  9425 D skia    : WARNING: One-shot allocator has already allocated (alloc count = 1)
07-10 17:38:37.390  9357  9425 D dalvikvm: GC_FOR_ALLOC freed 811K, 10% free 28402K/31303K, paused 21ms
07-10 17:38:37.402  9357  9425 D skia    : WARNING: One-shot allocator has already allocated (alloc count = 1)
07-10 17:38:37.425  9357  9425 D dalvikvm: GC_FOR_ALLOC freed 774K, 10% free 28402K/31303K, paused 20ms
07-10 17:38:37.437  9357  9425 D skia    : WARNING: One-shot allocator has already allocated (alloc count = 1)
07-10 17:38:37.461  9357  9425 D dalvikvm: GC_FOR_ALLOC freed 782K, 10% free 28402K/31303K, paused 19ms
07-10 17:38:37.476  9357  9425 D skia    : WARNING: One-shot allocator has already allocated (alloc count = 1)
07-10 17:38:37.496  9357  9425 D dalvikvm: GC_FOR_ALLOC freed 770K, 10% free 28402K/31303K, paused 20ms
07-10 17:38:37.507  9357  9425 D skia    : WARNING: One-shot allocator has already allocated (alloc count = 1)
07-10 17:38:37.531  9357  9425 D dalvikvm: GC_FOR_ALLOC freed 778K, 10% free 28402K/31303K, paused 19ms
07-10 17:38:37.554  9357  9425 D skia    : WARNING: One-shot allocator has already allocated (alloc count = 1)
07-10 17:38:37.562  9357  9425 D skia    : WARNING: One-shot allocator has already allocated (alloc count = 1)
07-10 17:38:37.586  9357  9425 D dalvikvm: GC_FOR_ALLOC freed 1021K, 10% free 28413K/31303K, paused 20ms
07-10 17:38:37.597  9357  9425 D skia    : WARNING: One-shot allocator has already allocated (alloc count = 1)
07-10 17:38:37.621  9357  9425 D dalvikvm: GC_FOR_ALLOC freed 267K, 8% free 28924K/31303K, paused 20ms
07-10 17:38:37.640  9357  9425 D dalvikvm: GC_FOR_ALLOC freed 778K, 10% free 28402K/31303K, paused 20ms
07-10 17:38:37.652  9357  9425 D skia    : WARNING: One-shot allocator has already allocated (alloc count = 1)
07-10 17:38:37.675  9357  9425 D dalvikvm: GC_FOR_ALLOC freed 774K, 10% free 28402K/31303K, paused 20ms
07-10 17:38:37.699  9357  9425 D skia    : WARNING: One-shot allocator has already allocated (alloc count = 1)
07-10 17:38:37.722  9357  9425 D dalvikvm: GC_FOR_ALLOC freed 641K, 10% free 28402K/31303K, paused 21ms
07-10 17:38:37.734  9357  9425 D skia    : WARNING: One-shot allocator has already allocated (alloc count = 1)
07-10 17:38:37.742  9357  9425 D skia    : WARNING: One-shot allocator has already allocated (alloc count = 1)
07-10 17:38:37.761  9357  9425 D dalvikvm: GC_FOR_ALLOC freed 911K, 10% free 28413K/31303K, paused 20ms
07-10 17:38:37.793  9357  9425 D skia    : WARNING: One-shot allocator has already allocated (alloc count = 1)
07-10 17:38:37.812  9357  9425 D dalvikvm: GC_FOR_ALLOC freed 912K, 10% free 28402K/31303K, paused 20ms
07-10 17:38:37.824  9357  9425 D skia    : WARNING: One-shot allocator has already allocated (alloc count = 1)
07-10 17:38:37.847  9357  9425 D dalvikvm: GC_FOR_ALLOC freed 770K, 10% free 28402K/31303K, paused 20ms
07-10 17:38:37.859  9357  9425 D skia    : WARNING: One-shot allocator has already allocated (alloc count = 1)
07-10 17:38:37.879  9357  9425 D skia    : WARNING: One-shot allocator has already allocated (alloc count = 1)
07-10 17:38:37.898  9357  9425 D dalvikvm: GC_FOR_ALLOC freed 778K, 9% free 28602K/31303K, paused 20ms
07-10 17:38:37.921  9357  9425 D dalvikvm: GC_FOR_ALLOC freed 654K, 10% free 28402K/31303K, paused 20ms
07-10 17:38:37.937  9357  9425 D skia    : WARNING: One-shot allocator has already allocated (alloc count = 1)
07-10 17:38:37.961  9357  9425 D dalvikvm: GC_FOR_ALLOC freed 749K, 10% free 28402K/31303K, paused 20ms
07-10 17:38:37.972  9357  9425 D skia    : WARNING: One-shot allocator has already allocated (alloc count = 1)
07-10 17:38:37.996  9357  9425 D dalvikvm: GC_FOR_ALLOC freed 778K, 10% free 28402K/31303K, paused 20ms
07-10 17:38:38.007  9357  9425 D skia    : WARNING: One-shot allocator has already allocated (alloc count = 1)
07-10 17:38:38.031  9357  9425 D dalvikvm: GC_FOR_ALLOC freed 774K, 10% free 28402K/31303K, paused 20ms
07-10 17:38:38.043  9357  9425 D skia    : WARNING: One-shot allocator has already allocated (alloc count = 1)
07-10 17:38:38.066  9357  9425 D dalvikvm: GC_FOR_ALLOC freed 782K, 10% free 28402K/31303K, paused 20ms
07-10 17:38:38.078  9357  9425 D skia    : WARNING: One-shot allocator has already allocated (alloc count = 1)
07-10 17:38:38.101  9357  9425 D dalvikvm: GC_FOR_ALLOC freed 770K, 10% free 28402K/31303K, paused 20ms
07-10 17:38:38.113  9357  9425 D skia    : WARNING: One-shot allocator has already allocated (alloc count = 1)
07-10 17:38:38.136  9357  9425 D dalvikvm: GC_FOR_ALLOC freed 762K, 10% free 28402K/31303K, paused 20ms
07-10 17:38:38.160  9357  9425 D skia    : WARNING: One-shot allocator has already allocated (alloc count = 1)
07-10 17:38:38.183  9357  9425 D dalvikvm: GC_FOR_ALLOC freed 893K, 10% free 28402K/31303K, paused 20ms
07-10 17:38:38.195  9357  9425 D skia    : WARNING: One-shot allocator has already allocated (alloc count = 1)
07-10 17:38:38.214  9357  9425 D dalvikvm: GC_FOR_ALLOC freed 778K, 10% free 28402K/31303K, paused 20ms
07-10 17:38:38.226  9357  9425 D skia    : WARNING: One-shot allocator has already allocated (alloc count = 1)
07-10 17:38:38.250  9357  9425 D dalvikvm: GC_FOR_ALLOC freed 774K, 10% free 28402K/31303K, paused 20ms
07-10 17:38:38.269  9357  9425 D skia    : WARNING: One-shot allocator has already allocated (alloc count = 1)
07-10 17:38:38.293  9357  9425 D dalvikvm: GC_FOR_ALLOC freed 641K, 10% free 28402K/31303K, paused 20ms
07-10 17:38:38.304  9357  9425 D skia    : WARNING: One-shot allocator has already allocated (alloc count = 1)
07-10 17:38:38.328  9357  9425 D dalvikvm: GC_FOR_ALLOC freed 765K, 10% free 28402K/31303K, paused 19ms
07-10 17:38:38.347  9357  9425 D skia    : WARNING: One-shot allocator has already allocated (alloc count = 1)
07-10 17:38:38.371  9357  9425 D dalvikvm: GC_FOR_ALLOC freed 770K, 10% free 28402K/31303K, paused 20ms
07-10 17:38:38.394  9357  9425 D skia    : WARNING: One-shot allocator has already allocated (alloc count = 1)
07-10 17:38:38.414  9357  9425 D dalvikvm: GC_FOR_ALLOC freed 636K, 10% free 28402K/31303K, paused 20ms
07-10 17:38:38.429  9357  9425 D skia    : WARNING: One-shot allocator has already allocated (alloc count = 1)
07-10 17:38:38.449  9357  9425 D dalvikvm: GC_FOR_ALLOC freed 770K, 10% free 28402K/31303K, paused 20ms
07-10 17:38:38.464  9357  9425 D skia    : WARNING: One-shot allocator has already allocated (alloc count = 1)
07-10 17:38:38.484  9357  9425 D dalvikvm: GC_FOR_ALLOC freed 778K, 10% free 28402K/31303K, paused 20ms
07-10 17:38:38.507  9357  9425 D skia    : WARNING: One-shot allocator has already allocated (alloc count = 1)
07-10 17:38:38.515  9357  9425 D skia    : WARNING: One-shot allocator has already allocated (alloc count = 1)
07-10 17:38:38.535  9357  9425 D dalvikvm: GC_FOR_ALLOC freed 1120K, 10% free 28403K/31303K, paused 20ms
07-10 17:38:38.546  9357  9425 D skia    : WARNING: One-shot allocator has already allocated (alloc count = 1)
07-10 17:38:38.570  9357  9425 D dalvikvm: GC_FOR_ALLOC freed 778K, 10% free 28402K/31303K, paused 20ms
07-10 17:38:38.582  9357  9425 D skia    : WARNING: One-shot allocator has already allocated (alloc count = 1)
07-10 17:38:38.605  9357  9425 D dalvikvm: GC_FOR_ALLOC freed 774K, 10% free 28402K/31303K, paused 20ms
07-10 17:38:38.617  9357  9425 D skia    : WARNING: One-shot allocator has already allocated (alloc count = 1)
07-10 17:38:38.640  9357  9425 D dalvikvm: GC_FOR_ALLOC freed 782K, 10% free 28402K/31303K, paused 20ms
07-10 17:38:38.652  9357  9425 D skia    : WARNING: One-shot allocator has already allocated (alloc count = 1)
07-10 17:38:38.675  9357  9425 D dalvikvm: GC_FOR_ALLOC freed 754K, 10% free 28402K/31303K, paused 20ms
07-10 17:38:38.687  9357  9425 D skia    : WARNING: One-shot allocator has already allocated (alloc count = 1)
07-10 17:38:38.711  9357  9425 D dalvikvm: GC_FOR_ALLOC freed 778K, 10% free 28402K/31303K, paused 20ms
07-10 17:38:38.730  9357  9425 D skia    : WARNING: One-shot allocator has already allocated (alloc count = 1)
07-10 17:38:38.757  9357  9425 D dalvikvm: GC_FOR_ALLOC freed 893K, 10% free 28402K/31303K, paused 21ms
07-10 17:38:38.769  9357  9425 D skia    : WARNING: One-shot allocator has already allocated (alloc count = 1)
07-10 17:38:38.793  9357  9425 D dalvikvm: GC_FOR_ALLOC freed 778K, 10% free 28402K/31303K, paused 20ms
07-10 17:38:38.804  9357  9425 D skia    : WARNING: One-shot allocator has already allocated (alloc count = 1)
07-10 17:38:38.824  9357  9425 D dalvikvm: GC_FOR_ALLOC freed 758K, 10% free 28402K/31303K, paused 20ms
07-10 17:38:38.843  9357  9425 D skia    : WARNING: One-shot allocator has already allocated (alloc count = 1)
07-10 17:38:38.867  9357  9425 D dalvikvm: GC_FOR_ALLOC freed 768K, 10% free 28402K/31303K, paused 20ms
07-10 17:38:38.890  9357  9425 D skia    : WARNING: One-shot allocator has already allocated (alloc count = 1)
07-10 17:38:38.910  9357  9425 D dalvikvm: GC_FOR_ALLOC freed 633K, 10% free 28402K/31303K, paused 20ms
07-10 17:38:38.925  9357  9425 D skia    : WARNING: One-shot allocator has already allocated (alloc count = 1)
07-10 17:38:38.945  9357  9425 D dalvikvm: GC_FOR_ALLOC freed 782K, 10% free 28402K/31303K, paused 20ms
07-10 17:38:38.972  9357  9425 D skia    : WARNING: One-shot allocator has already allocated (alloc count = 1)
07-10 17:38:38.992  9357  9425 D dalvikvm: GC_FOR_ALLOC freed 644K, 10% free 28402K/31303K, paused 20ms
07-10 17:38:39.007  9357  9425 D skia    : WARNING: One-shot allocator has already allocated (alloc count = 1)
07-10 17:38:39.027  9357  9425 D dalvikvm: GC_FOR_ALLOC freed 770K, 10% free 28402K/31303K, paused 19ms
07-10 17:38:39.043  9357  9425 D skia    : WARNING: One-shot allocator has already allocated (alloc count = 1)
07-10 17:38:39.066  9357  9425 D dalvikvm: GC_FOR_ALLOC freed 778K, 10% free 28402K/31303K, paused 20ms
07-10 17:38:39.086  9357  9425 D skia    : WARNING: One-shot allocator has already allocated (alloc count = 1)
07-10 17:38:39.109  9357  9425 D dalvikvm: GC_FOR_ALLOC freed 755K, 10% free 28403K/31303K, paused 20ms
07-10 17:38:39.121  9357  9425 D skia    : WARNING: One-shot allocator has already allocated (alloc count = 1)
07-10 17:38:39.140  9357  9425 D dalvikvm: GC_FOR_ALLOC freed 762K, 10% free 28402K/31303K, paused 20ms
07-10 17:38:39.152  9357  9425 D skia    : WARNING: One-shot allocator has already allocated (alloc count = 1)
07-10 17:38:39.175  9357  9425 D dalvikvm: GC_FOR_ALLOC freed 774K, 10% free 28402K/31303K, paused 20ms
07-10 17:38:39.187  9357  9425 D skia    : WARNING: One-shot allocator has already allocated (alloc count = 1)
07-10 17:38:39.211  9357  9425 D dalvikvm: GC_FOR_ALLOC freed 782K, 10% free 28402K/31303K, paused 20ms
07-10 17:38:39.222  9357  9425 D skia    : WARNING: One-shot allocator has already allocated (alloc count = 1)
07-10 17:38:39.250  9357  9425 D dalvikvm: GC_FOR_ALLOC freed 770K, 10% free 28402K/31303K, paused 20ms
07-10 17:38:39.273  9357  9425 D skia    : WARNING: One-shot allocator has already allocated (alloc count = 1)
07-10 17:38:39.300  9357  9425 D dalvikvm: GC_FOR_ALLOC freed 527K, 9% free 28659K/31303K, paused 21ms
07-10 17:38:39.312  9357  9425 D skia    : WARNING: One-shot allocator has already allocated (alloc count = 1)
07-10 17:38:39.339  9357  9425 D dalvikvm: GC_FOR_ALLOC freed 436K, 8% free 28914K/31303K, paused 22ms
07-10 17:38:39.343  9357  9425 I dalvikvm-heap: Grow heap (frag case) to 28.811MB for 530448-byte allocation
07-10 17:38:39.382  9357  9357 D dalvikvm: GC_FOR_ALLOC freed <1K, 8% free 29432K/31879K, paused 30ms
07-10 17:38:39.414  9357  9425 D skia    : WARNING: One-shot allocator has already allocated (alloc count = 1)
07-10 17:38:39.937  9357  9425 D dalvikvm: GC_FOR_ALLOC freed 1312K, 11% free 28435K/31879K, paused 22ms
07-10 17:38:39.961  9357  9425 D skia    : WARNING: One-shot allocator has already allocated (alloc count = 1)
07-10 17:38:39.988  9357  9425 D skia    : WARNING: One-shot allocator has already allocated (alloc count = 1)
07-10 17:38:40.000  9357  9425 D skia    : WARNING: One-shot allocator has already allocated (alloc count = 1)
07-10 17:38:40.027  9357  9425 D dalvikvm: GC_FOR_ALLOC freed 1681K, 11% free 28446K/31879K, paused 21ms
07-10 17:38:40.066  9357  9425 D skia    : WARNING: One-shot allocator has already allocated (alloc count = 1)
07-10 17:38:40.093  9357  9425 D skia    : WARNING: One-shot allocator has already allocated (alloc count = 1)
07-10 17:38:40.117  9357  9425 D dalvikvm: GC_FOR_ALLOC freed 909K, 10% free 28961K/31879K, paused 22ms
07-10 17:38:40.164  9357  9425 D skia    : WARNING: One-shot allocator has already allocated (alloc count = 1)
07-10 17:38:40.187  9357  9425 D dalvikvm: GC_FOR_ALLOC freed 782K, 10% free 28823K/31879K, paused 21ms
07-10 17:38:40.211  9357  9425 D skia    : WARNING: One-shot allocator has already allocated (alloc count = 1)
07-10 17:38:40.238  9357  9425 D dalvikvm: GC_FOR_ALLOC freed 1415K, 11% free 28435K/31879K, paused 22ms
07-10 17:38:40.257  9357  9425 D skia    : WARNING: One-shot allocator has already allocated (alloc count = 1)
07-10 17:38:40.281  9357  9425 D skia    : WARNING: One-shot allocator has already allocated (alloc count = 1)
07-10 17:38:40.304  9357  9425 D dalvikvm: GC_FOR_ALLOC freed 1566K, 11% free 28403K/31879K, paused 20ms
07-10 17:38:40.316  9357  9425 D skia    : WARNING: One-shot allocator has already allocated (alloc count = 1)
07-10 17:38:40.332  9357  9425 D skia    : WARNING: One-shot allocator has already allocated (alloc count = 1)
07-10 17:38:40.351  9357  9425 D dalvikvm: GC_FOR_ALLOC freed 1552K, 11% free 28402K/31879K, paused 20ms
07-10 17:38:40.363  9357  9425 D skia    : WARNING: One-shot allocator has already allocated (alloc count = 1)
07-10 17:38:40.379  9357  9425 D skia    : WARNING: One-shot allocator has already allocated (alloc count = 1)
07-10 17:38:40.402  9357  9425 D dalvikvm: GC_FOR_ALLOC freed 1552K, 11% free 28402K/31879K, paused 20ms
07-10 17:38:40.414  9357  9425 D skia    : WARNING: One-shot allocator has already allocated (alloc count = 1)
07-10 17:38:40.441  9357  9425 D skia    : WARNING: One-shot allocator has already allocated (alloc count = 1)
07-10 17:38:40.464  9357  9425 D dalvikvm: GC_FOR_ALLOC freed 1160K, 11% free 28658K/31879K, paused 20ms
07-10 17:38:40.468  9357  9425 D skia    : WARNING: One-shot allocator has already allocated (alloc count = 1)
07-10 17:38:40.484  9357  9425 D skia    : WARNING: One-shot allocator has already allocated (alloc count = 1)
07-10 17:38:40.504  9357  9425 D dalvikvm: GC_FOR_ALLOC freed 906K, 10% free 28925K/31879K, paused 21ms
07-10 17:38:40.519  9357  9425 D skia    : WARNING: One-shot allocator has already allocated (alloc count = 1)
07-10 17:38:40.543  9357  9425 D dalvikvm: GC_FOR_ALLOC freed 1552K, 11% free 28402K/31879K, paused 20ms
07-10 17:38:40.562  9357  9425 D skia    : WARNING: One-shot allocator has already allocated (alloc count = 1)
07-10 17:38:40.578  9357  9425 D skia    : WARNING: One-shot allocator has already allocated (alloc count = 1)
07-10 17:38:40.586  9357  9425 D skia    : WARNING: One-shot allocator has already allocated (alloc count = 1)
07-10 17:38:40.605  9357  9425 D dalvikvm: GC_FOR_ALLOC freed 1553K, 11% free 28414K/31879K, paused 20ms
07-10 17:38:40.629  9357  9425 D skia    : WARNING: One-shot allocator has already allocated (alloc count = 1)
07-10 17:38:40.640  9357  9425 D skia    : WARNING: One-shot allocator has already allocated (alloc count = 1)
07-10 17:38:40.664  9357  9425 D dalvikvm: GC_FOR_ALLOC freed 912K, 10% free 28917K/31879K, paused 21ms
07-10 17:38:40.679  9357  9425 D skia    : WARNING: One-shot allocator has already allocated (alloc count = 1)
07-10 17:38:40.699  9357  9425 D dalvikvm: GC_FOR_ALLOC freed 770K, 10% free 28924K/31879K, paused 21ms
07-10 17:38:40.714  9357  9425 D skia    : WARNING: One-shot allocator has already allocated (alloc count = 1)
07-10 17:38:40.738  9357  9425 D dalvikvm: GC_FOR_ALLOC freed 1432K, 11% free 28403K/31879K, paused 20ms
07-10 17:38:40.754  9357  9425 D skia    : WARNING: One-shot allocator has already allocated (alloc count = 1)
07-10 17:38:40.769  9357  9425 D skia    : WARNING: One-shot allocator has already allocated (alloc count = 1)
07-10 17:38:40.793  9357  9425 D dalvikvm: GC_FOR_ALLOC freed 1527K, 11% free 28403K/31879K, paused 20ms
07-10 17:38:40.804  9357  9425 D skia    : WARNING: One-shot allocator has already allocated (alloc count = 1)
07-10 17:38:40.820  9357  9425 D skia    : WARNING: One-shot allocator has already allocated (alloc count = 1)
07-10 17:38:40.839  9357  9425 D dalvikvm: GC_FOR_ALLOC freed 1556K, 11% free 28403K/31879K, paused 20ms
07-10 17:38:40.851  9357  9425 D skia    : WARNING: One-shot allocator has already allocated (alloc count = 1)
07-10 17:38:40.867  9357  9425 D skia    : WARNING: One-shot allocator has already allocated (alloc count = 1)
07-10 17:38:40.886  9357  9425 D dalvikvm: GC_FOR_ALLOC freed 1532K, 11% free 28403K/31879K, paused 20ms
07-10 17:38:40.910  9357  9425 D skia    : WARNING: One-shot allocator has already allocated (alloc count = 1)
07-10 17:38:40.925  9357  9425 D skia    : WARNING: One-shot allocator has already allocated (alloc count = 1)
07-10 17:38:40.945  9357  9425 D dalvikvm: GC_FOR_ALLOC freed 893K, 10% free 28925K/31879K, paused 20ms
07-10 17:38:40.961  9357  9425 D skia    : WARNING: One-shot allocator has already allocated (alloc count = 1)
07-10 17:38:40.980  9357  9425 D dalvikvm: GC_FOR_ALLOC freed 778K, 10% free 28920K/31879K, paused 20ms
07-10 17:38:41.004  9357  9425 D skia    : WARNING: One-shot allocator has already allocated (alloc count = 1)
07-10 17:38:41.027  9357  9425 D dalvikvm: GC_FOR_ALLOC freed 1416K, 11% free 28403K/31879K, paused 19ms
07-10 17:38:41.039  9357  9425 D skia    : WARNING: One-shot allocator has already allocated (alloc count = 1)
07-10 17:38:41.058  9357  9425 D skia    : WARNING: One-shot allocator has already allocated (alloc count = 1)
07-10 17:38:41.078  9357  9425 D dalvikvm: GC_FOR_ALLOC freed 1536K, 11% free 28403K/31879K, paused 19ms
07-10 17:38:41.101  9357  9425 D skia    : WARNING: One-shot allocator has already allocated (alloc count = 1)
07-10 17:38:41.113  9357  9425 D skia    : WARNING: One-shot allocator has already allocated (alloc count = 1)
07-10 17:38:41.136  9357  9425 D dalvikvm: GC_FOR_ALLOC freed 1407K, 11% free 28403K/31879K, paused 19ms
07-10 17:38:41.148  9357  9425 D skia    : WARNING: One-shot allocator has already allocated (alloc count = 1)
07-10 17:38:41.168  9357  9425 D skia    : WARNING: One-shot allocator has already allocated (alloc count = 1)
07-10 17:38:41.175  9357  9425 D skia    : WARNING: One-shot allocator has already allocated (alloc count = 1)
07-10 17:38:41.195  9357  9425 D dalvikvm: GC_FOR_ALLOC freed 1633K, 11% free 28411K/31879K, paused 20ms
07-10 17:38:41.211  9357  9425 D skia    : WARNING: One-shot allocator has already allocated (alloc count = 1)
07-10 17:38:41.222  9357  9425 D skia    : WARNING: One-shot allocator has already allocated (alloc count = 1)
07-10 17:38:41.242  9357  9425 D dalvikvm: GC_FOR_ALLOC freed 1043K, 10% free 28921K/31879K, paused 19ms
07-10 17:38:41.257  9357  9425 D skia    : WARNING: One-shot allocator has already allocated (alloc count = 1)
07-10 17:38:41.277  9357  9425 D dalvikvm: GC_FOR_ALLOC freed 774K, 10% free 28928K/31879K, paused 21ms
07-10 17:38:41.293  9357  9425 D skia    : WARNING: One-shot allocator has already allocated (alloc count = 1)
07-10 17:38:41.312  9357  9425 D dalvikvm: GC_FOR_ALLOC freed 1536K, 11% free 28403K/31879K, paused 20ms
07-10 17:38:41.324  9357  9425 D skia    : WARNING: One-shot allocator has already allocated (alloc count = 1)
07-10 17:38:41.347  9357  9425 D skia    : WARNING: One-shot allocator has already allocated (alloc count = 1)
07-10 17:38:41.371  9357  9425 D dalvikvm: GC_FOR_ALLOC freed 1160K, 11% free 28658K/31879K, paused 21ms
07-10 17:38:41.386  9357  9425 D skia    : WARNING: One-shot allocator has already allocated (alloc count = 1)
07-10 17:38:41.410  9357  9425 D dalvikvm: GC_FOR_ALLOC freed 1289K, 11% free 28403K/31879K, paused 20ms
07-10 17:38:41.418  9357  9425 D skia    : WARNING: One-shot allocator has already allocated (alloc count = 1)
07-10 17:38:41.437  9357  9425 D skia    : WARNING: One-shot allocator has already allocated (alloc count = 1)
07-10 17:38:41.461  9357  9425 D dalvikvm: GC_FOR_ALLOC freed 1526K, 11% free 28403K/31879K, paused 20ms
07-10 17:38:41.484  9357  9425 D skia    : WARNING: One-shot allocator has already allocated (alloc count = 1)
07-10 17:38:41.500  9357  9425 D skia    : WARNING: One-shot allocator has already allocated (alloc count = 1)
07-10 17:38:41.519  9357  9425 D dalvikvm: GC_FOR_ALLOC freed 1416K, 11% free 28403K/31879K, paused 20ms
07-10 17:38:41.543  9357  9425 D skia    : WARNING: One-shot allocator has already allocated (alloc count = 1)
07-10 17:38:41.558  9357  9425 D skia    : WARNING: One-shot allocator has already allocated (alloc count = 1)
07-10 17:38:41.582  9357  9425 D dalvikvm: GC_FOR_ALLOC freed 1415K, 11% free 28403K/31879K, paused 20ms
07-10 17:38:41.593  9357  9425 D skia    : WARNING: One-shot allocator has already allocated (alloc count = 1)
07-10 17:38:41.609  9357  9425 D skia    : WARNING: One-shot allocator has already allocated (alloc count = 1)
07-10 17:38:41.632  9357  9425 D dalvikvm: GC_FOR_ALLOC freed 1533K, 11% free 28403K/31879K, paused 20ms
07-10 17:38:41.644  9357  9425 D skia    : WARNING: One-shot allocator has already allocated (alloc count = 1)
07-10 17:38:41.660  9357  9425 D skia    : WARNING: One-shot allocator has already allocated (alloc count = 1)
07-10 17:38:41.679  9357  9425 D dalvikvm: GC_FOR_ALLOC freed 1536K, 11% free 28403K/31879K, paused 20ms
07-10 17:38:41.691  9357  9425 D skia    : WARNING: One-shot allocator has already allocated (alloc count = 1)
07-10 17:38:41.707  9357  9425 D skia    : WARNING: One-shot allocator has already allocated (alloc count = 1)
07-10 17:38:41.726  9357  9425 D dalvikvm: GC_FOR_ALLOC freed 1552K, 11% free 28403K/31879K, paused 20ms
07-10 17:38:41.738  9357  9425 D skia    : WARNING: One-shot allocator has already allocated (alloc count = 1)
07-10 17:38:41.757  9357  9425 D skia    : WARNING: One-shot allocator has already allocated (alloc count = 1)
07-10 17:38:41.781  9357  9425 D dalvikvm: GC_FOR_ALLOC freed 1543K, 11% free 28403K/31879K, paused 20ms
07-10 17:38:41.804  9357  9425 D skia    : WARNING: One-shot allocator has already allocated (alloc count = 1)
07-10 17:38:42.703    81   128 D AudioHardware: AudioHardware pcm playback is exiting standby.
07-10 17:38:42.703    81   128 D AudioHardware: openPcmOut_l() mPcmOpenCnt: 0
07-10 17:38:43.566  9438  9438 W GoogleVoice: WidgetService: got a null intent
07-10 17:38:46.046   144   427 W InputManagerService: Window already focused, ignoring focus gain of: com.android.internal.view.IInputMethodClient$Stub$Proxy@41898df0
07-10 17:38:49.449  9357  9426 V MenuExecutor: Execute cmd: 2131427394 for /local/image/item/627
07-10 17:38:49.468  8828  8840 D MediaProvider: object removed 627
07-10 17:38:49.578  9357  9426 V MenuExecutor: It takes 130 ms to execute cmd for /local/image/item/627
07-10 17:38:49.625   144  6748 W InputManagerService: Window already focused, ignoring focus gain of: com.android.internal.view.IInputMethodClient$Stub$Proxy@417c1668
07-10 17:38:49.828  9357  9358 D dalvikvm: GC_CONCURRENT freed 1223K, 9% free 29314K/31879K, paused 2ms+6ms
07-10 17:38:50.027  9357  9423 D dalvikvm: GC_FOR_ALLOC freed 10069K, 39% free 19684K/31879K, paused 27ms
07-10 17:38:50.129  9357  9424 D dalvikvm: GC_FOR_ALLOC freed 1286K, 37% free 20316K/31879K, paused 25ms
07-10 17:38:50.293  9357  9425 D dalvikvm: GC_FOR_ALLOC freed 154K, 31% free 22030K/31879K, paused 26ms
07-10 17:38:50.343  9357  9425 D skia    : WARNING: One-shot allocator has already allocated (alloc count = 1)
07-10 17:38:50.367  9357  9425 D skia    : WARNING: One-shot allocator has already allocated (alloc count = 1)
07-10 17:38:50.425  9357  9358 D dalvikvm: GC_CONCURRENT freed 974K, 28% free 23083K/31879K, paused 2ms+5ms
07-10 17:38:50.480  9357  9425 D skia    : WARNING: One-shot allocator has already allocated (alloc count = 1)
07-10 17:38:50.543  9357  9358 D dalvikvm: GC_CONCURRENT freed 1093K, 25% free 23982K/31879K, paused 2ms+4ms
07-10 17:38:50.589  9357  9425 D skia    : WARNING: One-shot allocator has already allocated (alloc count = 1)
07-10 17:38:50.648  9357  9425 D skia    : WARNING: One-shot allocator has already allocated (alloc count = 1)
07-10 17:38:50.675  9357  9425 D dalvikvm: GC_FOR_ALLOC freed 714K, 21% free 25218K/31879K, paused 27ms
07-10 17:38:50.726  9357  9358 D dalvikvm: GC_CONCURRENT freed 37K, 21% free 25438K/31879K, paused 2ms+5ms
07-10 17:38:50.824  9357  9425 D skia    : WARNING: One-shot allocator has already allocated (alloc count = 1)
07-10 17:38:50.855  9357  9425 D dalvikvm: GC_FOR_ALLOC freed 1515K, 20% free 25740K/31879K, paused 25ms
07-10 17:38:50.890  9357  9425 D skia    : WARNING: One-shot allocator has already allocated (alloc count = 1)
07-10 17:38:50.945  9357  9358 D dalvikvm: GC_CONCURRENT freed 817K, 16% free 26908K/31879K, paused 2ms+4ms
07-10 17:38:50.961  9357  9425 D skia    : WARNING: One-shot allocator has already allocated (alloc count = 1)
07-10 17:38:51.019  9357  9425 D skia    : WARNING: One-shot allocator has already allocated (alloc count = 1)
07-10 17:38:51.082  9357  9358 D dalvikvm: GC_CONCURRENT freed 1196K, 14% free 27671K/31879K, paused 2ms+5ms
07-10 17:38:51.140  9357  9425 D skia    : WARNING: One-shot allocator has already allocated (alloc count = 1)
07-10 17:38:51.179  9357  9423 D dalvikvm: GC_FOR_ALLOC freed 1277K, 12% free 28362K/31879K, paused 25ms
07-10 17:38:51.230  9357  9358 D dalvikvm: GC_CONCURRENT freed 63K, 11% free 28592K/31879K, paused 2ms+4ms
07-10 17:38:51.230  9357  9425 D skia    : WARNING: One-shot allocator has already allocated (alloc count = 1)
07-10 17:38:51.269  9357  9425 D dalvikvm: GC_FOR_ALLOC freed 786K, 12% free 28061K/31879K, paused 24ms
07-10 17:38:51.312  9357  9425 D skia    : WARNING: One-shot allocator has already allocated (alloc count = 1)
07-10 17:38:51.351  9357  9425 D dalvikvm: GC_FOR_ALLOC freed 326K, 9% free 29269K/31879K, paused 23ms
07-10 17:38:51.351  9357  9425 I dalvikvm-heap: Grow heap (frag case) to 28.901MB for 262160-byte allocation
07-10 17:38:51.379  9357  9426 D dalvikvm: GC_FOR_ALLOC freed 0K, 9% free 29525K/32199K, paused 24ms
07-10 17:38:51.410  9357  9425 D dalvikvm: GC_FOR_ALLOC freed 800K, 11% free 28881K/32199K, paused 25ms
07-10 17:38:51.449  9357  9425 D skia    : WARNING: One-shot allocator has already allocated (alloc count = 1)
07-10 17:38:51.476  9357  9425 D dalvikvm: GC_FOR_ALLOC freed 1157K, 12% free 28580K/32199K, paused 24ms
07-10 17:38:51.504  9357  9425 D skia    : WARNING: One-shot allocator has already allocated (alloc count = 1)
07-10 17:38:51.535  9357  9425 D dalvikvm: GC_FOR_ALLOC freed 778K, 12% free 28580K/32199K, paused 26ms
07-10 17:38:51.582  9357  9425 D skia    : WARNING: One-shot allocator has already allocated (alloc count = 1)
07-10 17:38:51.597  9357  9425 D skia    : WARNING: One-shot allocator has already allocated (alloc count = 1)
07-10 17:38:51.625  9357  9425 D dalvikvm: GC_FOR_ALLOC freed 1021K, 12% free 28591K/32199K, paused 25ms
07-10 17:38:51.656  9357  9425 D skia    : WARNING: One-shot allocator has already allocated (alloc count = 1)
07-10 17:38:51.687  9357  9425 D dalvikvm: GC_FOR_ALLOC freed 1045K, 12% free 28580K/32199K, paused 24ms
07-10 17:38:51.707  9357  9425 D skia    : WARNING: One-shot allocator has already allocated (alloc count = 1)
07-10 17:38:51.738  9357  9425 D dalvikvm: GC_FOR_ALLOC freed 774K, 12% free 28580K/32199K, paused 26ms
07-10 17:38:51.839  9357  9425 D skia    : WARNING: One-shot allocator has already allocated (alloc count = 1)
07-10 17:38:51.879  9357  9425 D dalvikvm: GC_FOR_ALLOC freed 396K, 11% free 28835K/32199K, paused 27ms
07-10 17:38:51.898  9357  9425 D skia    : WARNING: One-shot allocator has already allocated (alloc count = 1)
07-10 17:38:51.925  9357  9425 D dalvikvm: GC_FOR_ALLOC freed 545K, 10% free 29057K/32199K, paused 24ms
07-10 17:38:52.379  9357  9425 D dalvikvm: GC_FOR_ALLOC freed 786K, 12% free 28548K/32199K, paused 26ms
07-10 17:38:52.398  9357  9425 D skia    : WARNING: One-shot allocator has already allocated (alloc count = 1)
07-10 17:38:52.425  9357  9425 D dalvikvm: GC_FOR_ALLOC freed 779K, 12% free 28580K/32199K, paused 24ms
07-10 17:38:52.449  9357  9425 D skia    : WARNING: One-shot allocator has already allocated (alloc count = 1)
07-10 17:38:52.464  9357  9425 D skia    : WARNING: One-shot allocator has already allocated (alloc count = 1)
07-10 17:38:52.464    81   128 D AudioHardware: AudioHardware pcm playback is going to standby.
07-10 17:38:52.464    81   128 D AudioHardware: closePcmOut_l() mPcmOpenCnt: 1
07-10 17:38:52.496  9357  9425 D dalvikvm: GC_FOR_ALLOC freed 1170K, 12% free 28581K/32199K, paused 24ms
07-10 17:38:52.543  9357  9425 D skia    : WARNING: One-shot allocator has already allocated (alloc count = 1)
07-10 17:38:52.574  9357  9425 D dalvikvm: GC_FOR_ALLOC freed 641K, 12% free 28580K/32199K, paused 24ms
07-10 17:38:52.601  9357  9425 D skia    : WARNING: One-shot allocator has already allocated (alloc count = 1)
07-10 17:38:52.632  9357  9425 D dalvikvm: GC_FOR_ALLOC freed 782K, 12% free 28580K/32199K, paused 26ms
07-10 17:38:52.683  9357  9425 D skia    : WARNING: One-shot allocator has already allocated (alloc count = 1)
07-10 17:38:52.711  9357  9425 D dalvikvm: GC_FOR_ALLOC freed 644K, 12% free 28580K/32199K, paused 24ms
07-10 17:38:52.738  9357  9425 D skia    : WARNING: One-shot allocator has already allocated (alloc count = 1)
07-10 17:38:52.765  9357  9425 D dalvikvm: GC_FOR_ALLOC freed 770K, 12% free 28580K/32199K, paused 25ms
07-10 17:38:52.789  9357  9425 D skia    : WARNING: One-shot allocator has already allocated (alloc count = 1)
07-10 17:38:52.812  9357  9425 D skia    : WARNING: One-shot allocator has already allocated (alloc count = 1)
07-10 17:38:52.836  9357  9425 D dalvikvm: GC_FOR_ALLOC freed 810K, 11% free 28848K/32199K, paused 23ms
07-10 17:38:52.859  9357  9425 D dalvikvm: GC_FOR_ALLOC freed 755K, 12% free 28548K/32199K, paused 23ms
07-10 17:38:52.871  9357  9425 D skia    : WARNING: One-shot allocator has already allocated (alloc count = 1)
07-10 17:38:52.898  9357  9425 D dalvikvm: GC_FOR_ALLOC freed 778K, 12% free 28548K/32199K, paused 22ms
07-10 17:38:52.910  9357  9425 D skia    : WARNING: One-shot allocator has already allocated (alloc count = 1)
07-10 17:38:52.933  9357  9425 D dalvikvm: GC_FOR_ALLOC freed 774K, 12% free 28548K/32199K, paused 23ms
07-10 17:38:52.949  9357  9425 D skia    : WARNING: One-shot allocator has already allocated (alloc count = 1)
07-10 17:38:52.972  9357  9425 D dalvikvm: GC_FOR_ALLOC freed 782K, 12% free 28548K/32199K, paused 22ms
07-10 17:38:52.988  9357  9425 D skia    : WARNING: One-shot allocator has already allocated (alloc count = 1)
07-10 17:38:53.011  9357  9425 D dalvikvm: GC_FOR_ALLOC freed 770K, 12% free 28548K/32199K, paused 22ms
07-10 17:38:53.027  9357  9425 D skia    : WARNING: One-shot allocator has already allocated (alloc count = 1)
07-10 17:38:53.050  9357  9425 D dalvikvm: GC_FOR_ALLOC freed 778K, 12% free 28548K/32199K, paused 22ms
07-10 17:38:53.074  9357  9425 D skia    : WARNING: One-shot allocator has already allocated (alloc count = 1)
07-10 17:38:53.082  9357  9425 D skia    : WARNING: One-shot allocator has already allocated (alloc count = 1)
07-10 17:38:53.105  9357  9425 D dalvikvm: GC_FOR_ALLOC freed 1021K, 12% free 28559K/32199K, paused 23ms
07-10 17:38:53.121  9357  9425 D skia    : WARNING: One-shot allocator has already allocated (alloc count = 1)
07-10 17:38:53.148  9357  9425 D dalvikvm: GC_FOR_ALLOC freed 1045K, 12% free 28548K/32199K, paused 23ms
07-10 17:38:53.164  9357  9425 D skia    : WARNING: One-shot allocator has already allocated (alloc count = 1)
07-10 17:38:53.195  9357  9425 D dalvikvm: GC_FOR_ALLOC freed 522K, 11% free 28804K/32199K, paused 24ms
07-10 17:38:53.246  9357  9425 D skia    : WARNING: One-shot allocator has already allocated (alloc count = 1)
07-10 17:38:53.273  9357  9425 D dalvikvm: GC_FOR_ALLOC freed 515K, 10% free 29058K/32199K, paused 23ms
07-10 17:38:53.757  9357  9425 D dalvikvm: GC_FOR_ALLOC freed 1989K, 16% free 27347K/32199K, paused 45ms
07-10 17:38:53.808  9357  9425 D skia    : WARNING: One-shot allocator has already allocated (alloc count = 1)
07-10 17:38:53.839  9357  9425 D dalvikvm: GC_FOR_ALLOC freed 643K, 12% free 28548K/32199K, paused 24ms
07-10 17:38:53.863  9357  9425 D skia    : WARNING: One-shot allocator has already allocated (alloc count = 1)
07-10 17:38:53.890  9357  9425 D dalvikvm: GC_FOR_ALLOC freed 782K, 12% free 28548K/32199K, paused 24ms
07-10 17:38:53.937  9357  9425 D skia    : WARNING: One-shot allocator has already allocated (alloc count = 1)
07-10 17:38:53.968  9357  9425 D dalvikvm: GC_FOR_ALLOC freed 644K, 12% free 28548K/32199K, paused 23ms
07-10 17:38:53.988  9357  9425 D skia    : WARNING: One-shot allocator has already allocated (alloc count = 1)
07-10 17:38:54.023  9357  9425 D dalvikvm: GC_FOR_ALLOC freed 770K, 12% free 28548K/32199K, paused 24ms
07-10 17:38:54.046  9357  9425 D skia    : WARNING: One-shot allocator has already allocated (alloc count = 1)
07-10 17:38:54.082  9357  9425 D skia    : WARNING: One-shot allocator has already allocated (alloc count = 1)
07-10 17:38:54.109  9357  9425 D dalvikvm: GC_FOR_ALLOC freed 778K, 11% free 28848K/32199K, paused 23ms
07-10 17:38:54.140  9357  9425 D dalvikvm: GC_FOR_ALLOC freed 755K, 12% free 28548K/32199K, paused 23ms
07-10 17:38:54.164  9357  9425 D skia    : WARNING: One-shot allocator has already allocated (alloc count = 1)
07-10 17:38:54.191  9357  9425 D dalvikvm: GC_FOR_ALLOC freed 774K, 12% free 28548K/32199K, paused 23ms
07-10 17:38:54.218  9357  9425 D skia    : WARNING: One-shot allocator has already allocated (alloc count = 1)
07-10 17:38:54.250  9357  9425 D dalvikvm: GC_FOR_ALLOC freed 782K, 12% free 28548K/32199K, paused 24ms
07-10 17:38:54.269  9357  9425 D skia    : WARNING: One-shot allocator has already allocated (alloc count = 1)
07-10 17:38:54.300  9357  9425 D dalvikvm: GC_FOR_ALLOC freed 770K, 12% free 28548K/32199K, paused 23ms
07-10 17:38:54.324  9357  9425 D skia    : WARNING: One-shot allocator has already allocated (alloc count = 1)
07-10 17:38:54.355  9357  9425 D dalvikvm: GC_FOR_ALLOC freed 778K, 12% free 28548K/32199K, paused 23ms
07-10 17:38:54.398  9357  9425 D skia    : WARNING: One-shot allocator has already allocated (alloc count = 1)
07-10 17:38:54.429  9357  9425 D dalvikvm: GC_FOR_ALLOC freed 893K, 12% free 28548K/32199K, paused 24ms
07-10 17:38:54.457  9357  9425 D skia    : WARNING: One-shot allocator has already allocated (alloc count = 1)
07-10 17:38:54.484  9357  9425 D dalvikvm: GC_FOR_ALLOC freed 774K, 12% free 28548K/32199K, paused 26ms
07-10 17:38:54.507  9357  9425 D skia    : WARNING: One-shot allocator has already allocated (alloc count = 1)
07-10 17:38:54.539  9357  9425 D dalvikvm: GC_FOR_ALLOC freed 780K, 12% free 28558K/32199K, paused 23ms
07-10 17:38:54.566  9357  9425 D skia    : WARNING: One-shot allocator has already allocated (alloc count = 1)
07-10 17:38:54.589  9357  9425 D dalvikvm: GC_FOR_ALLOC freed 794K, 12% free 28581K/32199K, paused 24ms
07-10 17:38:54.636  9357  9425 D skia    : WARNING: One-shot allocator has already allocated (alloc count = 1)
07-10 17:38:54.664  9357  9425 D dalvikvm: GC_FOR_ALLOC freed 671K, 12% free 28613K/32199K, paused 22ms
07-10 17:38:54.711  9357  9425 D skia    : WARNING: One-shot allocator has already allocated (alloc count = 1)
07-10 17:38:54.746  9357  9425 D skia    : WARNING: One-shot allocator has already allocated (alloc count = 1)
07-10 17:38:54.769  9357  9425 D dalvikvm: GC_FOR_ALLOC freed 994K, 11% free 28780K/32199K, paused 24ms
07-10 17:38:54.808  9357  9425 D skia    : WARNING: One-shot allocator has already allocated (alloc count = 1)
07-10 17:38:54.836  9357  9425 D dalvikvm: GC_FOR_ALLOC freed 654K, 11% free 28873K/32199K, paused 23ms
07-10 17:38:54.867  9357  9425 D dalvikvm: GC_FOR_ALLOC freed 749K, 12% free 28580K/32199K, paused 25ms
07-10 17:38:54.890  9357  9425 D skia    : WARNING: One-shot allocator has already allocated (alloc count = 1)
07-10 17:38:54.921  9357  9425 D dalvikvm: GC_FOR_ALLOC freed 1021K, 12% free 28580K/32199K, paused 26ms
07-10 17:38:54.945  9357  9425 D skia    : WARNING: One-shot allocator has already allocated (alloc count = 1)
07-10 17:38:54.976  9357  9425 D dalvikvm: GC_FOR_ALLOC freed 778K, 12% free 28579K/32199K, paused 24ms
07-10 17:38:55.004  9357  9425 D skia    : WARNING: One-shot allocator has already allocated (alloc count = 1)
07-10 17:38:55.031  9357  9425 D dalvikvm: GC_FOR_ALLOC freed 774K, 12% free 28579K/32199K, paused 24ms
07-10 17:38:55.054  9357  9425 D skia    : WARNING: One-shot allocator has already allocated (alloc count = 1)
07-10 17:38:55.082  9357  9425 D dalvikvm: GC_FOR_ALLOC freed 926K, 12% free 28547K/32199K, paused 23ms
07-10 17:38:55.093  9357  9425 D skia    : WARNING: One-shot allocator has already allocated (alloc count = 1)
07-10 17:38:55.121  9357  9425 D dalvikvm: GC_FOR_ALLOC freed 1021K, 12% free 28547K/32199K, paused 22ms
07-10 17:38:55.132  9357  9425 D skia    : WARNING: One-shot allocator has already allocated (alloc count = 1)
07-10 17:38:55.160  9357  9425 D dalvikvm: GC_FOR_ALLOC freed 778K, 12% free 28547K/32199K, paused 23ms
07-10 17:38:55.171  9357  9425 D skia    : WARNING: One-shot allocator has already allocated (alloc count = 1)
07-10 17:38:55.195  9357  9425 D dalvikvm: GC_FOR_ALLOC freed 774K, 12% free 28547K/32199K, paused 23ms
07-10 17:38:55.218  9357  9425 D skia    : WARNING: One-shot allocator has already allocated (alloc count = 1)
07-10 17:38:55.238  9357  9425 D skia    : WARNING: One-shot allocator has already allocated (alloc count = 1)
07-10 17:38:55.261  9357  9425 D dalvikvm: GC_FOR_ALLOC freed 641K, 11% free 28806K/32199K, paused 23ms
07-10 17:38:55.289  9357  9425 D dalvikvm: GC_FOR_ALLOC freed 770K, 12% free 28547K/32199K, paused 22ms
07-10 17:38:55.308  9357  9425 D skia    : WARNING: One-shot allocator has already allocated (alloc count = 1)
07-10 17:38:55.332  9357  9425 D skia    : WARNING: One-shot allocator has already allocated (alloc count = 1)
07-10 17:38:55.355  9357  9425 D dalvikvm: GC_FOR_ALLOC freed 936K, 11% free 28746K/32199K, paused 23ms
07-10 17:38:55.379  9357  9425 D dalvikvm: GC_FOR_ALLOC freed 455K, 12% free 28547K/32199K, paused 23ms
07-10 17:38:55.390  9357  9425 D skia    : WARNING: One-shot allocator has already allocated (alloc count = 1)
07-10 17:38:55.418  9357  9425 D dalvikvm: GC_FOR_ALLOC freed 1021K, 12% free 28547K/32199K, paused 23ms
07-10 17:38:55.429  9357  9425 D skia    : WARNING: One-shot allocator has already allocated (alloc count = 1)
07-10 17:38:55.457  9357  9425 D dalvikvm: GC_FOR_ALLOC freed 778K, 12% free 28547K/32199K, paused 23ms
07-10 17:38:55.468  9357  9425 D skia    : WARNING: One-shot allocator has already allocated (alloc count = 1)
07-10 17:38:55.496  9357  9425 D dalvikvm: GC_FOR_ALLOC freed 774K, 12% free 28547K/32199K, paused 23ms
07-10 17:38:55.515  9357  9425 D skia    : WARNING: One-shot allocator has already allocated (alloc count = 1)
07-10 17:38:55.543  9357  9425 D dalvikvm: GC_FOR_ALLOC freed 893K, 12% free 28547K/32199K, paused 25ms
07-10 17:38:55.558  9357  9425 D skia    : WARNING: One-shot allocator has already allocated (alloc count = 1)
07-10 17:38:55.586  9357  9425 D dalvikvm: GC_FOR_ALLOC freed 1021K, 12% free 28547K/32199K, paused 25ms
07-10 17:38:55.605  9357  9425 D skia    : WARNING: One-shot allocator has already allocated (alloc count = 1)
07-10 17:38:55.629  9357  9425 D dalvikvm: GC_FOR_ALLOC freed 768K, 12% free 28547K/32199K, paused 23ms
07-10 17:38:55.652  9357  9425 D skia    : WARNING: One-shot allocator has already allocated (alloc count = 1)
07-10 17:38:55.679  9357  9425 D dalvikvm: GC_FOR_ALLOC freed 633K, 12% free 28547K/32199K, paused 23ms
07-10 17:38:55.691  9357  9425 D skia    : WARNING: One-shot allocator has already allocated (alloc count = 1)
07-10 17:38:55.714  9357  9425 D dalvikvm: GC_FOR_ALLOC freed 782K, 12% free 28547K/32199K, paused 22ms
07-10 17:38:55.738  9357  9425 D skia    : WARNING: One-shot allocator has already allocated (alloc count = 1)
07-10 17:38:55.761  9357  9425 D dalvikvm: GC_FOR_ALLOC freed 644K, 12% free 28547K/32199K, paused 23ms
07-10 17:38:55.777  9357  9425 D skia    : WARNING: One-shot allocator has already allocated (alloc count = 1)
07-10 17:38:55.800  9357  9425 D dalvikvm: GC_FOR_ALLOC freed 770K, 12% free 28547K/32199K, paused 22ms
07-10 17:38:55.812  9357  9425 D skia    : WARNING: One-shot allocator has already allocated (alloc count = 1)
07-10 17:38:55.832  9357  9425 D skia    : WARNING: One-shot allocator has already allocated (alloc count = 1)
07-10 17:38:55.855  9357  9425 D dalvikvm: GC_FOR_ALLOC freed 778K, 11% free 28847K/32199K, paused 23ms
07-10 17:38:55.882  9357  9425 D dalvikvm: GC_FOR_ALLOC freed 755K, 12% free 28547K/32199K, paused 22ms
07-10 17:38:55.894  9357  9425 D skia    : WARNING: One-shot allocator has already allocated (alloc count = 1)
07-10 17:38:55.921  9357  9425 D dalvikvm: GC_FOR_ALLOC freed 774K, 12% free 28547K/32199K, paused 23ms
07-10 17:38:55.933  9357  9425 D skia    : WARNING: One-shot allocator has already allocated (alloc count = 1)
07-10 17:38:55.961  9357  9425 D dalvikvm: GC_FOR_ALLOC freed 782K, 12% free 28547K/32199K, paused 23ms
07-10 17:38:55.972  9357  9425 D skia    : WARNING: One-shot allocator has already allocated (alloc count = 1)
07-10 17:38:55.996  9357  9425 D dalvikvm: GC_FOR_ALLOC freed 770K, 12% free 28547K/32199K, paused 22ms
07-10 17:38:56.007  9357  9425 D skia    : WARNING: One-shot allocator has already allocated (alloc count = 1)
07-10 17:38:56.031  9357  9425 D skia    : WARNING: One-shot allocator has already allocated (alloc count = 1)
07-10 17:38:56.054  9357  9425 D dalvikvm: GC_FOR_ALLOC freed 778K, 11% free 28802K/32199K, paused 22ms
07-10 17:38:56.082  9357  9425 D dalvikvm: GC_FOR_ALLOC freed 765K, 12% free 28547K/32199K, paused 24ms
07-10 17:38:56.105  9357  9425 D skia    : WARNING: One-shot allocator has already allocated (alloc count = 1)
07-10 17:38:56.132  9357  9425 D dalvikvm: GC_FOR_ALLOC freed 886K, 12% free 28547K/32199K, paused 22ms
07-10 17:38:56.144  9357  9425 D skia    : WARNING: One-shot allocator has already allocated (alloc count = 1)
07-10 17:39:12.777  9357  9425 D dalvikvm: GC_FOR_ALLOC freed 777K, 12% free 28547K/32199K, paused 34ms
07-10 17:39:12.793  9357  9425 D skia    : WARNING: One-shot allocator has already allocated (alloc count = 1)
07-10 17:39:13.339  9357  9425 D dalvikvm: GC_FOR_ALLOC freed 2003K, 16% free 27348K/32199K, paused 59ms
07-10 17:39:13.367  9357  9425 D skia    : WARNING: One-shot allocator has already allocated (alloc count = 1)
07-10 17:39:13.406  9357  9358 D dalvikvm: GC_CONCURRENT freed 1K, 9% free 29326K/32199K, paused 2ms+3ms
07-10 17:39:13.437  9357  9425 D dalvikvm: GC_FOR_ALLOC freed 778K, 12% free 28548K/32199K, paused 25ms
07-10 17:39:13.464  9357  9425 D skia    : WARNING: One-shot allocator has already allocated (alloc count = 1)
07-10 17:39:13.480  9357  9425 D skia    : WARNING: One-shot allocator has already allocated (alloc count = 1)
07-10 17:39:13.507  9357  9425 D dalvikvm: GC_FOR_ALLOC freed 1170K, 12% free 28549K/32199K, paused 24ms
07-10 17:39:13.550  9357  9425 D skia    : WARNING: One-shot allocator has already allocated (alloc count = 1)
07-10 17:39:13.578  9357  9425 D dalvikvm: GC_FOR_ALLOC freed 641K, 12% free 28548K/32199K, paused 24ms
07-10 17:39:13.605  9357  9425 D skia    : WARNING: One-shot allocator has already allocated (alloc count = 1)
07-10 17:39:13.632  9357  9425 D dalvikvm: GC_FOR_ALLOC freed 782K, 12% free 28548K/32199K, paused 24ms
07-10 17:39:13.675  9357  9425 D skia    : WARNING: One-shot allocator has already allocated (alloc count = 1)
07-10 17:39:13.703  9357  9425 D dalvikvm: GC_FOR_ALLOC freed 644K, 12% free 28548K/32199K, paused 24ms
07-10 17:39:13.726  9357  9425 D skia    : WARNING: One-shot allocator has already allocated (alloc count = 1)
07-10 17:39:13.754  9357  9425 D dalvikvm: GC_FOR_ALLOC freed 770K, 12% free 28548K/32199K, paused 24ms
07-10 17:39:13.781  9357  9425 D skia    : WARNING: One-shot allocator has already allocated (alloc count = 1)
07-10 17:39:13.816  9357  9425 D skia    : WARNING: One-shot allocator has already allocated (alloc count = 1)
07-10 17:39:13.843  9357  9425 D dalvikvm: GC_FOR_ALLOC freed 778K, 11% free 28849K/32199K, paused 25ms
07-10 17:39:13.871  9357  9425 D dalvikvm: GC_FOR_ALLOC freed 755K, 12% free 28549K/32199K, paused 24ms
07-10 17:39:13.894  9357  9425 D skia    : WARNING: One-shot allocator has already allocated (alloc count = 1)
07-10 17:39:13.925  9357  9425 D dalvikvm: GC_FOR_ALLOC freed 778K, 12% free 28548K/32199K, paused 26ms
07-10 17:39:13.949  9357  9425 D skia    : WARNING: One-shot allocator has already allocated (alloc count = 1)
07-10 17:39:13.980  9357  9425 D dalvikvm: GC_FOR_ALLOC freed 774K, 12% free 28548K/32199K, paused 25ms
07-10 17:39:14.004  9357  9425 D skia    : WARNING: One-shot allocator has already allocated (alloc count = 1)
07-10 17:39:14.031  9357  9425 D dalvikvm: GC_FOR_ALLOC freed 782K, 12% free 28548K/32199K, paused 24ms
07-10 17:39:14.054  9357  9425 D skia    : WARNING: One-shot allocator has already allocated (alloc count = 1)
07-10 17:39:14.086  9357  9425 D dalvikvm: GC_FOR_ALLOC freed 770K, 12% free 28548K/32199K, paused 25ms
07-10 17:39:14.109  9357  9425 D skia    : WARNING: One-shot allocator has already allocated (alloc count = 1)
07-10 17:39:14.140  9357  9425 D dalvikvm: GC_FOR_ALLOC freed 778K, 12% free 28548K/32199K, paused 25ms
07-10 17:39:14.179  9357  9425 D skia    : WARNING: One-shot allocator has already allocated (alloc count = 1)
07-10 17:39:14.195  9357  9425 D skia    : WARNING: One-shot allocator has already allocated (alloc count = 1)
07-10 17:39:14.226  9357  9425 D dalvikvm: GC_FOR_ALLOC freed 1044K, 12% free 28594K/32199K, paused 24ms
07-10 17:39:14.250  9357  9425 D skia    : WARNING: One-shot allocator has already allocated (alloc count = 1)
07-10 17:39:14.281  9357  9425 D dalvikvm: GC_FOR_ALLOC freed 1075K, 12% free 28614K/32199K, paused 24ms
07-10 17:39:14.308  9357  9425 D skia    : WARNING: One-shot allocator has already allocated (alloc count = 1)
07-10 17:39:14.336  9357  9425 D dalvikvm: GC_FOR_ALLOC freed 836K, 11% free 28678K/32199K, paused 24ms
07-10 17:39:14.382  9357  9425 D skia    : WARNING: One-shot allocator has already allocated (alloc count = 1)
07-10 17:39:14.425  9357  9425 D dalvikvm: GC_FOR_ALLOC freed 935K, 12% free 28580K/32199K, paused 29ms
07-10 17:39:14.449  9357  9425 D skia    : WARNING: One-shot allocator has already allocated (alloc count = 1)
07-10 17:39:14.464  9357  9425 D skia    : WARNING: One-shot allocator has already allocated (alloc count = 1)
07-10 17:39:14.496  9357  9425 D dalvikvm: GC_FOR_ALLOC freed 1179K, 12% free 28581K/32199K, paused 25ms
07-10 17:39:14.535  9357  9425 D skia    : WARNING: One-shot allocator has already allocated (alloc count = 1)
07-10 17:39:14.562  9357  9425 D dalvikvm: GC_FOR_ALLOC freed 644K, 12% free 28580K/32199K, paused 24ms
07-10 17:39:14.586  9357  9425 D skia    : WARNING: One-shot allocator has already allocated (alloc count = 1)
07-10 17:39:14.613  9357  9425 D dalvikvm: GC_FOR_ALLOC freed 770K, 12% free 28580K/32199K, paused 24ms
07-10 17:39:14.636  9357  9425 D skia    : WARNING: One-shot allocator has already allocated (alloc count = 1)
07-10 17:39:14.664  9357  9425 D skia    : WARNING: One-shot allocator has already allocated (alloc count = 1)
07-10 17:39:14.691  9357  9425 D dalvikvm: GC_FOR_ALLOC freed 778K, 11% free 28780K/32199K, paused 24ms
07-10 17:39:14.726  9357  9425 D skia    : WARNING: One-shot allocator has already allocated (alloc count = 1)
07-10 17:39:14.750  9357  9425 D dalvikvm: GC_FOR_ALLOC freed 687K, 11% free 28842K/32199K, paused 24ms
07-10 17:39:14.773  9357  9425 D dalvikvm: GC_FOR_ALLOC freed 749K, 12% free 28548K/32199K, paused 23ms
07-10 17:39:14.785  9357  9425 D skia    : WARNING: One-shot allocator has already allocated (alloc count = 1)
07-10 17:39:14.812  9357  9425 D dalvikvm: GC_FOR_ALLOC freed 778K, 12% free 28548K/32199K, paused 23ms
07-10 17:39:14.824  9357  9425 D skia    : WARNING: One-shot allocator has already allocated (alloc count = 1)
07-10 17:39:14.847  9357  9425 D dalvikvm: GC_FOR_ALLOC freed 774K, 12% free 28548K/32199K, paused 22ms
07-10 17:39:14.859  9357  9425 D skia    : WARNING: One-shot allocator has already allocated (alloc count = 1)
07-10 17:39:14.886  9357  9425 D dalvikvm: GC_FOR_ALLOC freed 782K, 12% free 28548K/32199K, paused 23ms
07-10 17:39:14.898  9357  9425 D skia    : WARNING: One-shot allocator has already allocated (alloc count = 1)
07-10 17:39:14.921  9357  9425 D dalvikvm: GC_FOR_ALLOC freed 770K, 12% free 28548K/32199K, paused 23ms
07-10 17:39:14.933  9357  9425 D skia    : WARNING: One-shot allocator has already allocated (alloc count = 1)
07-10 17:39:14.961  9357  9425 D dalvikvm: GC_FOR_ALLOC freed 762K, 12% free 28548K/32199K, paused 23ms
07-10 17:39:14.980  9357  9425 D skia    : WARNING: One-shot allocator has already allocated (alloc count = 1)
07-10 17:39:15.007  9357  9425 D dalvikvm: GC_FOR_ALLOC freed 893K, 12% free 28548K/32199K, paused 23ms
07-10 17:39:15.019  9357  9425 D skia    : WARNING: One-shot allocator has already allocated (alloc count = 1)
07-10 17:39:15.046  9357  9425 D dalvikvm: GC_FOR_ALLOC freed 778K, 12% free 28548K/32199K, paused 23ms
07-10 17:39:15.058  9357  9425 D skia    : WARNING: One-shot allocator has already allocated (alloc count = 1)
07-10 17:39:15.082  9357  9425 D dalvikvm: GC_FOR_ALLOC freed 774K, 12% free 28548K/32199K, paused 23ms
07-10 17:39:15.105  9357  9425 D skia    : WARNING: One-shot allocator has already allocated (alloc count = 1)
07-10 17:39:15.129  9357  9425 D dalvikvm: GC_FOR_ALLOC freed 641K, 12% free 28548K/32199K, paused 23ms
07-10 17:39:15.140  9357  9425 D skia    : WARNING: One-shot allocator has already allocated (alloc count = 1)
07-10 17:39:15.160  9357  9425 D skia    : WARNING: One-shot allocator has already allocated (alloc count = 1)
07-10 17:39:15.183  9357  9425 D dalvikvm: GC_FOR_ALLOC freed 765K, 11% free 28807K/32199K, paused 23ms
07-10 17:39:15.211  9357  9425 D dalvikvm: GC_FOR_ALLOC freed 770K, 12% free 28548K/32199K, paused 23ms
07-10 17:39:15.234  9357  9425 D skia    : WARNING: One-shot allocator has already allocated (alloc count = 1)
07-10 17:39:15.257  9357  9425 D dalvikvm: GC_FOR_ALLOC freed 636K, 12% free 28548K/32199K, paused 23ms
07-10 17:39:15.269  9357  9425 D skia    : WARNING: One-shot allocator has already allocated (alloc count = 1)
07-10 17:39:15.296  9357  9425 D dalvikvm: GC_FOR_ALLOC freed 770K, 12% free 28548K/32199K, paused 23ms
07-10 17:39:15.308  9357  9425 D skia    : WARNING: One-shot allocator has already allocated (alloc count = 1)
07-10 17:39:15.324  9357  9425 D skia    : WARNING: One-shot allocator has already allocated (alloc count = 1)
07-10 17:39:15.347  9357  9425 D dalvikvm: GC_FOR_ALLOC freed 778K, 11% free 28848K/32199K, paused 23ms
07-10 17:39:15.355  9357  9425 D skia    : WARNING: One-shot allocator has already allocated (alloc count = 1)
07-10 17:39:15.382  9357  9425 D dalvikvm: GC_FOR_ALLOC freed 1120K, 12% free 28548K/32199K, paused 23ms
07-10 17:39:15.394  9357  9425 D skia    : WARNING: One-shot allocator has already allocated (alloc count = 1)
07-10 17:39:15.418  9357  9425 D dalvikvm: GC_FOR_ALLOC freed 778K, 12% free 28548K/32199K, paused 22ms
07-10 17:39:15.429  9357  9425 D skia    : WARNING: One-shot allocator has already allocated (alloc count = 1)
07-10 17:39:15.457  9357  9425 D dalvikvm: GC_FOR_ALLOC freed 774K, 12% free 28548K/32199K, paused 22ms
07-10 17:39:15.468  9357  9425 D skia    : WARNING: One-shot allocator has already allocated (alloc count = 1)
07-10 17:39:15.496  9357  9425 D dalvikvm: GC_FOR_ALLOC freed 782K, 12% free 28548K/32199K, paused 23ms
07-10 17:39:15.504  9357  9425 D skia    : WARNING: One-shot allocator has already allocated (alloc count = 1)
07-10 17:39:15.535  9357  9425 D dalvikvm: GC_FOR_ALLOC freed 754K, 12% free 28548K/32199K, paused 28ms
07-10 17:39:15.550  9357  9425 D skia    : WARNING: One-shot allocator has already allocated (alloc count = 1)
07-10 17:39:15.574  9357  9425 D dalvikvm: GC_FOR_ALLOC freed 778K, 12% free 28548K/32199K, paused 23ms
07-10 17:39:15.597  9357  9425 D skia    : WARNING: One-shot allocator has already allocated (alloc count = 1)
07-10 17:39:15.625  9357  9425 D dalvikvm: GC_FOR_ALLOC freed 893K, 12% free 28548K/32199K, paused 23ms
07-10 17:39:15.636  9357  9425 D skia    : WARNING: One-shot allocator has already allocated (alloc count = 1)
07-10 17:39:15.660  9357  9425 D dalvikvm: GC_FOR_ALLOC freed 778K, 12% free 28548K/32199K, paused 23ms
07-10 17:39:15.754    81   128 D AudioHardware: AudioHardware pcm playback is exiting standby.
07-10 17:39:15.754    81   128 D AudioHardware: openPcmOut_l() mPcmOpenCnt: 0
07-10 17:39:15.855  9357  9425 D skia    : WARNING: One-shot allocator has already allocated (alloc count = 1)
07-10 17:39:15.879  9357  9425 D skia    : WARNING: One-shot allocator has already allocated (alloc count = 1)
07-10 17:39:15.910  9357  9425 D dalvikvm: GC_FOR_ALLOC freed 785K, 11% free 28837K/32199K, paused 30ms
07-10 17:39:15.949  9357  9425 D dalvikvm: GC_FOR_ALLOC freed 789K, 12% free 28559K/32199K, paused 32ms
07-10 17:39:15.976  9357  9425 D skia    : WARNING: One-shot allocator has already allocated (alloc count = 1)
07-10 17:39:16.007  9357  9425 D dalvikvm: GC_FOR_ALLOC freed 633K, 12% free 28559K/32199K, paused 32ms
07-10 17:39:16.027  9357  9425 D skia    : WARNING: One-shot allocator has already allocated (alloc count = 1)
07-10 17:39:16.054  9357  9425 D dalvikvm: GC_FOR_ALLOC freed 782K, 12% free 28559K/32199K, paused 25ms
07-10 17:39:16.078  9357  9425 D skia    : WARNING: One-shot allocator has already allocated (alloc count = 1)
07-10 17:39:16.101  9357  9425 D dalvikvm: GC_FOR_ALLOC freed 644K, 12% free 28559K/32199K, paused 23ms
07-10 17:39:16.117  9357  9425 D skia    : WARNING: One-shot allocator has already allocated (alloc count = 1)
07-10 17:39:16.140  9357  9425 D dalvikvm: GC_FOR_ALLOC freed 770K, 12% free 28559K/32199K, paused 23ms
07-10 17:39:16.152  9357  9425 D skia    : WARNING: One-shot allocator has already allocated (alloc count = 1)
07-10 17:39:16.171  9357  9425 D skia    : WARNING: One-shot allocator has already allocated (alloc count = 1)
07-10 17:39:16.195  9357  9425 D dalvikvm: GC_FOR_ALLOC freed 778K, 11% free 28859K/32199K, paused 23ms
07-10 17:39:16.222  9357  9425 D dalvikvm: GC_FOR_ALLOC freed 755K, 12% free 28559K/32199K, paused 23ms
07-10 17:39:16.234  9357  9425 D skia    : WARNING: One-shot allocator has already allocated (alloc count = 1)
07-10 17:39:16.261  9357  9425 D dalvikvm: GC_FOR_ALLOC freed 762K, 12% free 28559K/32199K, paused 24ms
07-10 17:39:16.273  9357  9425 D skia    : WARNING: One-shot allocator has already allocated (alloc count = 1)
07-10 17:39:16.296  9357  9425 D dalvikvm: GC_FOR_ALLOC freed 774K, 12% free 28559K/32199K, paused 23ms
07-10 17:39:16.312  9357  9425 D skia    : WARNING: One-shot allocator has already allocated (alloc count = 1)
07-10 17:39:16.336  9357  9425 D dalvikvm: GC_FOR_ALLOC freed 782K, 12% free 28559K/32199K, paused 23ms
07-10 17:39:16.347  9357  9425 D skia    : WARNING: One-shot allocator has already allocated (alloc count = 1)
07-10 17:39:16.375  9357  9425 D dalvikvm: GC_FOR_ALLOC freed 770K, 12% free 28559K/32199K, paused 23ms
07-10 17:39:16.386  9357  9425 D skia    : WARNING: One-shot allocator has already allocated (alloc count = 1)
07-10 17:39:16.406  9357  9425 D skia    : WARNING: One-shot allocator has already allocated (alloc count = 1)
07-10 17:39:16.429  9357  9425 D dalvikvm: GC_FOR_ALLOC freed 778K, 11% free 28814K/32199K, paused 24ms
07-10 17:39:16.457  9357  9425 D dalvikvm: GC_FOR_ALLOC freed 765K, 12% free 28559K/32199K, paused 24ms
07-10 17:39:16.480  9357  9425 D skia    : WARNING: One-shot allocator has already allocated (alloc count = 1)
07-10 17:39:18.632  9357  9423 V MenuExecutor: Execute cmd: 2131427394 for /local/image/item/395
07-10 17:39:18.648  8828  8839 D MediaProvider: object removed 395
07-10 17:39:18.730  9357  9423 V MenuExecutor: It takes 99 ms to execute cmd for /local/image/item/395
07-10 17:39:18.785   144  4494 W InputManagerService: Window already focused, ignoring focus gain of: com.android.internal.view.IInputMethodClient$Stub$Proxy@41633a60
07-10 17:39:18.886  8828  8830 D dalvikvm: GC_CONCURRENT freed 267K, 4% free 9294K/9671K, paused 2ms+3ms
07-10 17:39:18.992  9357  9426 D dalvikvm: GC_FOR_ALLOC freed 1080K, 11% free 28796K/32199K, paused 50ms
07-10 17:39:19.129  9357  9423 D dalvikvm: GC_FOR_ALLOC freed 10729K, 44% free 18325K/32199K, paused 24ms
07-10 17:39:19.246  9357  9358 D dalvikvm: GC_CONCURRENT freed 97K, 38% free 20159K/32199K, paused 2ms+5ms
07-10 17:39:19.324  9357  9425 D skia    : WARNING: One-shot allocator has already allocated (alloc count = 1)
07-10 17:39:19.390  9357  9358 D dalvikvm: GC_CONCURRENT freed 829K, 34% free 21306K/32199K, paused 2ms+4ms
07-10 17:39:19.406  9357  9425 D skia    : WARNING: One-shot allocator has already allocated (alloc count = 1)
07-10 17:39:19.433  9357  9425 D skia    : WARNING: One-shot allocator has already allocated (alloc count = 1)
07-10 17:39:19.515  9357  9358 D dalvikvm: GC_CONCURRENT freed 1245K, 32% free 22097K/32199K, paused 2ms+4ms
07-10 17:39:19.535  9357  9425 D skia    : WARNING: One-shot allocator has already allocated (alloc count = 1)
07-10 17:39:19.589  9357  9425 D skia    : WARNING: One-shot allocator has already allocated (alloc count = 1)
07-10 17:39:19.632  9357  9425 D dalvikvm: GC_FOR_ALLOC freed 1462K, 31% free 22341K/32199K, paused 25ms
07-10 17:39:19.703  9357  9425 D skia    : WARNING: One-shot allocator has already allocated (alloc count = 1)
07-10 17:39:19.742  9357  9425 D dalvikvm: GC_FOR_ALLOC freed 727K, 28% free 23278K/32199K, paused 24ms
07-10 17:39:19.781  9357  9425 D skia    : WARNING: One-shot allocator has already allocated (alloc count = 1)
07-10 17:39:19.832  9357  9358 D dalvikvm: GC_CONCURRENT freed 810K, 25% free 24436K/32199K, paused 2ms+3ms
07-10 17:39:19.875  9357  9425 D skia    : WARNING: One-shot allocator has already allocated (alloc count = 1)
07-10 17:39:19.937  9357  9425 D skia    : WARNING: One-shot allocator has already allocated (alloc count = 1)
07-10 17:39:19.968  9357  9425 D dalvikvm: GC_FOR_ALLOC freed 902K, 22% free 25421K/32199K, paused 24ms
07-10 17:39:20.015  9357  9425 D skia    : WARNING: One-shot allocator has already allocated (alloc count = 1)
07-10 17:39:20.050  9357  9425 D dalvikvm: GC_FOR_ALLOC freed 1585K, 21% free 25741K/32199K, paused 23ms
07-10 17:39:20.089  9357  9425 D skia    : WARNING: One-shot allocator has already allocated (alloc count = 1)
07-10 17:39:20.140  9357  9358 D dalvikvm: GC_CONCURRENT freed 814K, 17% free 26888K/32199K, paused 2ms+4ms
07-10 17:39:20.168  9357  9425 D skia    : WARNING: One-shot allocator has already allocated (alloc count = 1)
07-10 17:39:20.218  9357  9425 D skia    : WARNING: One-shot allocator has already allocated (alloc count = 1)
07-10 17:39:20.254  9357  9425 D dalvikvm: GC_FOR_ALLOC freed 1608K, 17% free 26996K/32199K, paused 24ms
07-10 17:39:20.293  9357  9425 D skia    : WARNING: One-shot allocator has already allocated (alloc count = 1)
07-10 17:39:20.363  9357  9358 D dalvikvm: GC_CONCURRENT freed 842K, 13% free 28156K/32199K, paused 3ms+4ms
07-10 17:39:20.476  9357  9425 D skia    : WARNING: One-shot allocator has already allocated (alloc count = 1)
07-10 17:39:20.507  9357  9425 D skia    : WARNING: One-shot allocator has already allocated (alloc count = 1)
07-10 17:39:20.550  9357  9425 D dalvikvm: GC_FOR_ALLOC freed 1346K, 12% free 28553K/32199K, paused 37ms
07-10 17:39:20.550  9357  9425 I dalvikvm-heap: Grow heap (frag case) to 28.462MB for 534544-byte allocation
07-10 17:39:20.586  9357  9426 D dalvikvm: GC_FOR_ALLOC freed <1K, 12% free 29075K/32775K, paused 25ms
07-10 17:39:20.617  9357  9425 D skia    : WARNING: One-shot allocator has already allocated (alloc count = 1)
07-10 17:39:20.648  9357  9425 D dalvikvm: GC_FOR_ALLOC freed 1121K, 14% free 28423K/32775K, paused 24ms
07-10 17:39:20.679  9357  9425 D skia    : WARNING: One-shot allocator has already allocated (alloc count = 1)
07-10 17:39:20.730  9357  9425 D skia    : WARNING: One-shot allocator has already allocated (alloc count = 1)
07-10 17:39:20.773  9357  9358 D dalvikvm: GC_CONCURRENT freed 1600K, 13% free 28818K/32775K, paused 2ms+4ms
07-10 17:39:20.793  9357  9425 D skia    : WARNING: One-shot allocator has already allocated (alloc count = 1)
07-10 17:39:20.824  9357  9425 D skia    : WARNING: One-shot allocator has already allocated (alloc count = 1)
07-10 17:39:20.871  9357  9425 D skia    : WARNING: One-shot allocator has already allocated (alloc count = 1)
07-10 17:39:20.925  9357  9358 D dalvikvm: GC_CONCURRENT freed 1305K, 11% free 29461K/32775K, paused 2ms+4ms
07-10 17:39:20.961  9357  9425 D skia    : WARNING: One-shot allocator has already allocated (alloc count = 1)
07-10 17:39:20.996  9357  9425 D dalvikvm: GC_FOR_ALLOC freed 1263K, 12% free 29105K/32775K, paused 23ms
07-10 17:39:21.023  9357  9425 D skia    : WARNING: One-shot allocator has already allocated (alloc count = 1)
07-10 17:39:21.058  9357  9425 D skia    : WARNING: One-shot allocator has already allocated (alloc count = 1)
07-10 17:39:21.086  9357  9425 D dalvikvm: GC_FOR_ALLOC freed 1748K, 13% free 28789K/32775K, paused 28ms
07-10 17:39:21.121  9357  9425 D skia    : WARNING: One-shot allocator has already allocated (alloc count = 1)
07-10 17:39:21.152  9357  9425 D skia    : WARNING: One-shot allocator has already allocated (alloc count = 1)
07-10 17:39:21.183  9357  9425 D dalvikvm: GC_FOR_ALLOC freed 1203K, 12% free 29113K/32775K, paused 25ms
07-10 17:39:21.211  9357  9425 D skia    : WARNING: One-shot allocator has already allocated (alloc count = 1)
07-10 17:39:21.246  9357  9425 D dalvikvm: GC_FOR_ALLOC freed 1552K, 13% free 28591K/32775K, paused 26ms
07-10 17:39:21.265  9357  9425 D skia    : WARNING: One-shot allocator has already allocated (alloc count = 1)
07-10 17:39:21.293  9357  9425 D skia    : WARNING: One-shot allocator has already allocated (alloc count = 1)
07-10 17:39:21.320  9357  9425 D dalvikvm: GC_FOR_ALLOC freed 1585K, 13% free 28558K/32775K, paused 23ms
07-10 17:39:21.332  9357  9425 D skia    : WARNING: One-shot allocator has already allocated (alloc count = 1)
07-10 17:39:21.359  9357  9425 D skia    : WARNING: One-shot allocator has already allocated (alloc count = 1)
07-10 17:39:21.382  9357  9425 D dalvikvm: GC_FOR_ALLOC freed 1656K, 13% free 28558K/32775K, paused 23ms
07-10 17:39:21.398  9357  9425 D skia    : WARNING: One-shot allocator has already allocated (alloc count = 1)
07-10 17:39:21.414  9357  9425 D skia    : WARNING: One-shot allocator has already allocated (alloc count = 1)
07-10 17:39:21.457  9357  9358 D dalvikvm: GC_CONCURRENT freed 1552K, 12% free 28944K/32775K, paused 3ms+4ms
07-10 17:39:21.488  9357  9425 D skia    : WARNING: One-shot allocator has already allocated (alloc count = 1)
07-10 17:39:21.504  9357  9425 D skia    : WARNING: One-shot allocator has already allocated (alloc count = 1)
07-10 17:39:21.527  9357  9425 D skia    : WARNING: One-shot allocator has already allocated (alloc count = 1)
07-10 17:39:21.550  9357  9425 D dalvikvm: GC_FOR_ALLOC freed 1666K, 13% free 28813K/32775K, paused 24ms
07-10 17:39:21.578  9357  9425 D skia    : WARNING: One-shot allocator has already allocated (alloc count = 1)
07-10 17:39:21.593  9357  9425 D skia    : WARNING: One-shot allocator has already allocated (alloc count = 1)
07-10 17:39:21.617  9357  9425 D dalvikvm: GC_FOR_ALLOC freed 1148K, 12% free 29072K/32775K, paused 24ms
07-10 17:39:21.632  9357  9425 D skia    : WARNING: One-shot allocator has already allocated (alloc count = 1)
07-10 17:39:21.632    81   128 D AudioHardware: AudioHardware pcm playback is going to standby.
07-10 17:39:21.632    81   128 D AudioHardware: closePcmOut_l() mPcmOpenCnt: 1
07-10 17:39:21.652  9357  9425 D skia    : WARNING: One-shot allocator has already allocated (alloc count = 1)
07-10 17:39:21.675  9357  9425 D dalvikvm: GC_FOR_ALLOC freed 1548K, 12% free 28858K/32775K, paused 23ms
07-10 17:39:21.683  9357  9425 D skia    : WARNING: One-shot allocator has already allocated (alloc count = 1)
07-10 17:39:21.699  9357  9425 D skia    : WARNING: One-shot allocator has already allocated (alloc count = 1)
07-10 17:39:21.722  9357  9425 D dalvikvm: GC_FOR_ALLOC freed 1898K, 13% free 28558K/32775K, paused 23ms
07-10 17:39:21.738  9357  9425 D skia    : WARNING: One-shot allocator has already allocated (alloc count = 1)
07-10 17:39:21.750  9357  9425 D skia    : WARNING: One-shot allocator has already allocated (alloc count = 1)
07-10 17:39:21.777  9357  9425 D dalvikvm: GC_FOR_ALLOC freed 1556K, 13% free 28558K/32775K, paused 23ms
07-10 17:39:21.789  9357  9425 D skia    : WARNING: One-shot allocator has already allocated (alloc count = 1)
07-10 17:39:21.804  9357  9425 D skia    : WARNING: One-shot allocator has already allocated (alloc count = 1)
07-10 17:39:21.832  9357  9425 D skia    : WARNING: One-shot allocator has already allocated (alloc count = 1)
07-10 17:39:21.855  9357  9425 D dalvikvm: GC_FOR_ALLOC freed 1532K, 12% free 28941K/32775K, paused 23ms
07-10 17:39:21.871  9357  9425 D skia    : WARNING: One-shot allocator has already allocated (alloc count = 1)
07-10 17:39:21.910  9357  9425 D dalvikvm: GC_FOR_ALLOC freed 1672K, 13% free 28558K/32775K, paused 38ms
07-10 17:39:21.925  9357  9425 D skia    : WARNING: One-shot allocator has already allocated (alloc count = 1)
07-10 17:39:21.949  9357  9425 D skia    : WARNING: One-shot allocator has already allocated (alloc count = 1)
07-10 17:39:21.976  9357  9425 D skia    : WARNING: One-shot allocator has already allocated (alloc count = 1)
07-10 17:39:22.000  9357  9425 D dalvikvm: GC_FOR_ALLOC freed 1526K, 12% free 28936K/32775K, paused 23ms
07-10 17:39:22.031    81   128 D AudioHardware: AudioHardware pcm playback is exiting standby.
07-10 17:39:22.031    81   128 D AudioHardware: openPcmOut_l() mPcmOpenCnt: 0
07-10 17:39:22.164  9357  9425 D skia    : WARNING: One-shot allocator has already allocated (alloc count = 1)
07-10 17:39:22.195  9357  9425 D skia    : WARNING: One-shot allocator has already allocated (alloc count = 1)
07-10 17:39:22.226  9357  9425 D dalvikvm: GC_FOR_ALLOC freed 1443K, 12% free 28979K/32775K, paused 31ms
07-10 17:39:22.250  9357  9425 D skia    : WARNING: One-shot allocator has already allocated (alloc count = 1)
07-10 17:39:22.269  9357  9425 D skia    : WARNING: One-shot allocator has already allocated (alloc count = 1)
07-10 17:39:22.300  9357  9425 D dalvikvm: GC_FOR_ALLOC freed 1436K, 12% free 29091K/32775K, paused 30ms
07-10 17:39:22.328  9357  9425 D skia    : WARNING: One-shot allocator has already allocated (alloc count = 1)
07-10 17:39:22.363  9357  9425 D dalvikvm: GC_FOR_ALLOC freed 1533K, 13% free 28569K/32775K, paused 31ms
07-10 17:39:22.375  9357  9425 D skia    : WARNING: One-shot allocator has already allocated (alloc count = 1)
07-10 17:39:22.394  9357  9425 D skia    : WARNING: One-shot allocator has already allocated (alloc count = 1)
07-10 17:39:22.418  9357  9425 D dalvikvm: GC_FOR_ALLOC freed 1536K, 13% free 28569K/32775K, paused 23ms
07-10 17:39:22.433  9357  9425 D skia    : WARNING: One-shot allocator has already allocated (alloc count = 1)
07-10 17:39:22.449  9357  9425 D skia    : WARNING: One-shot allocator has already allocated (alloc count = 1)
07-10 17:39:22.472  9357  9425 D dalvikvm: GC_FOR_ALLOC freed 1552K, 13% free 28569K/32775K, paused 23ms
07-10 17:39:22.488  9357  9425 D skia    : WARNING: One-shot allocator has already allocated (alloc count = 1)
07-10 17:39:22.507  9357  9425 D skia    : WARNING: One-shot allocator has already allocated (alloc count = 1)
07-10 17:39:22.535  9357  9425 D skia    : WARNING: One-shot allocator has already allocated (alloc count = 1)
07-10 17:39:22.558  9357  9425 D dalvikvm: GC_FOR_ALLOC freed 1543K, 12% free 28944K/32775K, paused 24ms
07-10 17:39:24.371  9357  9424 V MenuExecutor: Execute cmd: 2131427394 for /local/image/item/394
07-10 17:39:24.386  8828  9476 D MediaProvider: object removed 394
07-10 17:39:24.421  9357  9424 V MenuExecutor: It takes 48 ms to execute cmd for /local/image/item/394
07-10 17:39:24.492   144   844 W InputManagerService: Window already focused, ignoring focus gain of: com.android.internal.view.IInputMethodClient$Stub$Proxy@4136cd60
07-10 17:39:24.519  8828  9476 D dalvikvm: GC_EXPLICIT freed 181K, 6% free 9163K/9671K, paused 4ms+2ms
07-10 17:39:24.808  9357  9424 D dalvikvm: GC_FOR_ALLOC freed 1226K, 12% free 29097K/32775K, paused 26ms
07-10 17:39:24.812  9357  9424 I dalvikvm-heap: Grow heap (frag case) to 29.656MB for 1228816-byte allocation
07-10 17:39:24.851  9357  9416 D dalvikvm: GC_FOR_ALLOC freed 10618K, 43% free 19679K/33991K, paused 23ms
07-10 17:39:24.879  9357  9425 D skia    : WARNING: One-shot allocator has already allocated (alloc count = 1)
07-10 17:39:25.023  9357  9358 D dalvikvm: GC_CONCURRENT freed 540K, 38% free 21092K/33991K, paused 3ms+5ms
07-10 17:39:25.125  9357  9425 D skia    : WARNING: One-shot allocator has already allocated (alloc count = 1)
07-10 17:39:25.160  9357  9425 D dalvikvm: GC_FOR_ALLOC freed 709K, 36% free 22025K/33991K, paused 24ms
07-10 17:39:25.199  9357  9425 D skia    : WARNING: One-shot allocator has already allocated (alloc count = 1)
07-10 17:39:25.261  9357  9358 D dalvikvm: GC_CONCURRENT freed 834K, 32% free 23204K/33991K, paused 2ms+7ms
07-10 17:39:25.316  9357  9425 D skia    : WARNING: One-shot allocator has already allocated (alloc count = 1)
07-10 17:39:25.363  9357  9425 D skia    : WARNING: One-shot allocator has already allocated (alloc count = 1)
07-10 17:39:25.406  9357  9358 D dalvikvm: GC_CONCURRENT freed 1497K, 31% free 23745K/33991K, paused 2ms+4ms
07-10 17:39:25.453  9357  9425 D skia    : WARNING: One-shot allocator has already allocated (alloc count = 1)
07-10 17:39:25.515  9357  9423 D dalvikvm: GC_FOR_ALLOC freed 832K, 27% free 24833K/33991K, paused 25ms
07-10 17:39:25.539  9357  9425 D skia    : WARNING: One-shot allocator has already allocated (alloc count = 1)
07-10 17:39:25.629  9357  9358 D dalvikvm: GC_CONCURRENT freed 856K, 24% free 25948K/33991K, paused 2ms+4ms
07-10 17:39:25.629  9357  9425 D skia    : WARNING: One-shot allocator has already allocated (alloc count = 1)
07-10 17:39:25.683  9357  9425 D skia    : WARNING: One-shot allocator has already allocated (alloc count = 1)
07-10 17:39:25.714  9357  9425 D dalvikvm: GC_FOR_ALLOC freed 1601K, 24% free 25912K/33991K, paused 24ms
07-10 17:39:25.754  9357  9425 D skia    : WARNING: One-shot allocator has already allocated (alloc count = 1)
07-10 17:39:25.816  9357  9358 D dalvikvm: GC_CONCURRENT freed 825K, 21% free 27085K/33991K, paused 2ms+4ms
07-10 17:39:25.832  9357  9425 D skia    : WARNING: One-shot allocator has already allocated (alloc count = 1)
07-10 17:39:25.906  9357  9425 D skia    : WARNING: One-shot allocator has already allocated (alloc count = 1)
07-10 17:39:25.937  9357  9425 D dalvikvm: GC_FOR_ALLOC freed 1276K, 19% free 27783K/33991K, paused 23ms
07-10 17:39:25.988  9357  9358 D dalvikvm: GC_CONCURRENT freed 16K, 17% free 28305K/33991K, paused 2ms+4ms
07-10 17:39:26.043  9357  9425 D skia    : WARNING: One-shot allocator has already allocated (alloc count = 1)
07-10 17:39:26.101  9357  9358 D dalvikvm: GC_CONCURRENT freed 1517K, 16% free 28803K/33991K, paused 2ms+5ms
07-10 17:39:26.140  9357  9425 D skia    : WARNING: One-shot allocator has already allocated (alloc count = 1)
07-10 17:39:26.187  9357  9425 D skia    : WARNING: One-shot allocator has already allocated (alloc count = 1)
07-10 17:39:26.222  9357  9425 D dalvikvm: GC_FOR_ALLOC freed 1944K, 16% free 28592K/33991K, paused 25ms
07-10 17:39:26.269  9357  9425 D skia    : WARNING: One-shot allocator has already allocated (alloc count = 1)
07-10 17:39:26.324  9357  9425 D skia    : WARNING: One-shot allocator has already allocated (alloc count = 1)
07-10 17:39:26.363  9357  9425 D skia    : WARNING: One-shot allocator has already allocated (alloc count = 1)
07-10 17:39:26.406  9357  9358 D dalvikvm: GC_CONCURRENT freed 1581K, 15% free 29048K/33991K, paused 2ms+4ms
07-10 17:39:26.445  9357  9425 D skia    : WARNING: One-shot allocator has already allocated (alloc count = 1)
07-10 17:39:26.476  9357  9425 D skia    : WARNING: One-shot allocator has already allocated (alloc count = 1)
07-10 17:39:26.511  9357  9425 D dalvikvm: GC_FOR_ALLOC freed 2131K, 16% free 28592K/33991K, paused 26ms
07-10 17:39:26.539  9357  9425 D skia    : WARNING: One-shot allocator has already allocated (alloc count = 1)
07-10 17:39:26.562  9357  9425 D skia    : WARNING: One-shot allocator has already allocated (alloc count = 1)
07-10 17:39:26.613  9357  9358 D dalvikvm: GC_CONCURRENT freed 1553K, 15% free 28975K/33991K, paused 2ms+5ms
07-10 17:39:26.652  9357  9425 D skia    : WARNING: One-shot allocator has already allocated (alloc count = 1)
07-10 17:39:26.671  9357  9425 D skia    : WARNING: One-shot allocator has already allocated (alloc count = 1)
07-10 17:39:26.699  9357  9425 D dalvikvm: GC_FOR_ALLOC freed 1947K, 16% free 28560K/33991K, paused 23ms
07-10 17:39:26.711  9357  9425 D skia    : WARNING: One-shot allocator has already allocated (alloc count = 1)
07-10 17:39:26.726  9357  9425 D skia    : WARNING: One-shot allocator has already allocated (alloc count = 1)
07-10 17:39:26.765  9357  9358 D dalvikvm: GC_CONCURRENT freed 1552K, 15% free 28945K/33991K, paused 2ms+4ms
07-10 17:39:26.796  9357  9425 D skia    : WARNING: One-shot allocator has already allocated (alloc count = 1)
07-10 17:39:26.867  9357  9425 D skia    : WARNING: One-shot allocator has already allocated (alloc count = 1)
07-10 17:39:26.902  9357  9361 I dalvikvm: Jit: resizing JitTable from 4096 to 8192
07-10 17:39:27.039  9357  9425 D skia    : WARNING: One-shot allocator has already allocated (alloc count = 1)
07-10 17:39:27.097  9357  9358 D dalvikvm: GC_CONCURRENT freed 2076K, 16% free 28892K/33991K, paused 2ms+8ms
07-10 17:39:27.129  9357  9425 D skia    : WARNING: One-shot allocator has already allocated (alloc count = 1)
07-10 17:39:27.152  9357  9425 D skia    : WARNING: One-shot allocator has already allocated (alloc count = 1)
07-10 17:39:27.207  9357  9358 D dalvikvm: GC_CONCURRENT freed 1798K, 15% free 29093K/33991K, paused 2ms+5ms
07-10 17:39:27.234  9357  9425 D skia    : WARNING: One-shot allocator has already allocated (alloc count = 1)
07-10 17:39:27.250  9357  9425 D skia    : WARNING: One-shot allocator has already allocated (alloc count = 1)
07-10 17:39:27.281  9357  9425 D skia    : WARNING: One-shot allocator has already allocated (alloc count = 1)
07-10 17:39:27.324  9357  9358 D dalvikvm: GC_CONCURRENT freed 1935K, 15% free 29082K/33991K, paused 3ms+5ms
07-10 17:39:27.343  9357  9425 D skia    : WARNING: One-shot allocator has already allocated (alloc count = 1)
07-10 17:39:27.371  9357  9425 D skia    : WARNING: One-shot allocator has already allocated (alloc count = 1)
07-10 17:39:27.394  9357  9425 D skia    : WARNING: One-shot allocator has already allocated (alloc count = 1)
07-10 17:39:27.418  9357  9425 D dalvikvm: GC_FOR_ALLOC freed 2166K, 16% free 28828K/33991K, paused 24ms
07-10 17:39:27.437  9357  9425 D skia    : WARNING: One-shot allocator has already allocated (alloc count = 1)
07-10 17:39:27.464  9357  9425 D skia    : WARNING: One-shot allocator has already allocated (alloc count = 1)
07-10 17:39:27.515  9357  9358 D dalvikvm: GC_CONCURRENT freed 1551K, 15% free 29216K/33991K, paused 2ms+4ms
07-10 17:39:27.535  9357  9425 D skia    : WARNING: One-shot allocator has already allocated (alloc count = 1)
07-10 17:39:27.550  9357  9425 D skia    : WARNING: One-shot allocator has already allocated (alloc count = 1)
07-10 17:39:27.574  9357  9425 D skia    : WARNING: One-shot allocator has already allocated (alloc count = 1)
07-10 17:39:27.613  9357  9358 D dalvikvm: GC_CONCURRENT freed 2193K, 15% free 29070K/33991K, paused 2ms+4ms
07-10 17:39:27.636  9357  9425 D skia    : WARNING: One-shot allocator has already allocated (alloc count = 1)
07-10 17:39:27.656  9357  9425 D skia    : WARNING: One-shot allocator has already allocated (alloc count = 1)
07-10 17:39:27.679  9357  9425 D dalvikvm: GC_FOR_ALLOC freed 2312K, 16% free 28571K/33991K, paused 24ms
07-10 17:39:27.695  9357  9425 D skia    : WARNING: One-shot allocator has already allocated (alloc count = 1)
07-10 17:39:27.711  9357  9425 D skia    : WARNING: One-shot allocator has already allocated (alloc count = 1)
07-10 17:39:27.754  9357  9358 D dalvikvm: GC_CONCURRENT freed 1548K, 15% free 28945K/33991K, paused 2ms+5ms
07-10 17:39:27.785  9357  9425 D skia    : WARNING: One-shot allocator has already allocated (alloc count = 1)
07-10 17:39:27.808  9357  9425 D skia    : WARNING: One-shot allocator has already allocated (alloc count = 1)
07-10 17:39:27.824  9357  9425 D skia    : WARNING: One-shot allocator has already allocated (alloc count = 1)
07-10 17:39:27.851  9357  9425 D dalvikvm: GC_FOR_ALLOC freed 1651K, 15% free 29089K/33991K, paused 25ms
07-10 17:39:29.703  9357  9423 V MenuExecutor: Execute cmd: 2131427394 for /local/image/item/393
07-10 17:39:29.718  8828  8846 D MediaProvider: object removed 393
07-10 17:39:29.824  9357  9423 V MenuExecutor: It takes 105 ms to execute cmd for /local/image/item/393
07-10 17:39:29.921   144   427 D dalvikvm: GC_EXPLICIT freed 390K, 20% free 15793K/19655K, paused 3ms+10ms
07-10 17:39:29.929   144   344 W InputManagerService: Window already focused, ignoring focus gain of: com.android.internal.view.IInputMethodClient$Stub$Proxy@418ff4c0
07-10 17:39:30.152  9357  9423 D dalvikvm: GC_FOR_ALLOC freed 1047K, 15% free 29088K/33991K, paused 32ms
07-10 17:39:30.168  9357  9423 I dalvikvm-heap: Grow heap (frag case) to 29.647MB for 1228816-byte allocation
07-10 17:39:30.203  9357  9416 D dalvikvm: GC_FOR_ALLOC freed 10614K, 45% free 19673K/35207K, paused 24ms
07-10 17:39:30.382  9357  9426 D dalvikvm: GC_FOR_ALLOC freed 164K, 40% free 21402K/35207K, paused 29ms
07-10 17:39:30.437  9357  9425 D skia    : WARNING: One-shot allocator has already allocated (alloc count = 1)
07-10 17:39:30.511  9357  9358 D dalvikvm: GC_CONCURRENT freed 552K, 36% free 22814K/35207K, paused 2ms+4ms
07-10 17:39:30.546  9357  9425 D skia    : WARNING: One-shot allocator has already allocated (alloc count = 1)
07-10 17:39:30.582  9357  9425 D skia    : WARNING: One-shot allocator has already allocated (alloc count = 1)
07-10 17:39:30.644  9357  9424 D dalvikvm: GC_FOR_ALLOC freed 1511K, 35% free 23196K/35207K, paused 27ms
07-10 17:39:30.703  9357  9425 D skia    : WARNING: One-shot allocator has already allocated (alloc count = 1)
07-10 17:39:30.761  9357  9358 D dalvikvm: GC_CONCURRENT freed 702K, 31% free 24429K/35207K, paused 2ms+4ms
07-10 17:39:30.785  9357  9425 D skia    : WARNING: One-shot allocator has already allocated (alloc count = 1)
07-10 17:39:30.910  9357  9425 D skia    : WARNING: One-shot allocator has already allocated (alloc count = 1)
07-10 17:39:30.933  9357  9358 D dalvikvm: GC_CONCURRENT freed 913K, 28% free 25506K/35207K, paused 2ms+5ms
07-10 17:39:30.988  9357  9425 D skia    : WARNING: One-shot allocator has already allocated (alloc count = 1)
07-10 17:39:31.023  9357  9425 D dalvikvm: GC_FOR_ALLOC freed 1459K, 27% free 25738K/35207K, paused 24ms
07-10 17:39:31.066  9357  9425 D skia    : WARNING: One-shot allocator has already allocated (alloc count = 1)
07-10 17:39:31.140  9357  9358 D dalvikvm: GC_CONCURRENT freed 849K, 24% free 26845K/35207K, paused 2ms+5ms
07-10 17:39:31.289  9357  9425 D skia    : WARNING: One-shot allocator has already allocated (alloc count = 1)
07-10 17:39:31.359  9357  9425 D skia    : WARNING: One-shot allocator has already allocated (alloc count = 1)
07-10 17:39:31.410  9357  9358 D dalvikvm: GC_CONCURRENT freed 892K, 21% free 27927K/35207K, paused 2ms+4ms
07-10 17:39:31.484  9357  9425 D skia    : WARNING: One-shot allocator has already allocated (alloc count = 1)
07-10 17:39:31.523  9357  9425 D dalvikvm: GC_FOR_ALLOC freed 1676K, 21% free 27920K/35207K, paused 28ms
07-10 17:39:31.570  9357  9425 D skia    : WARNING: One-shot allocator has already allocated (alloc count = 1)
07-10 17:39:31.625  9357  9358 D dalvikvm: GC_CONCURRENT freed 1093K, 19% free 28805K/35207K, paused 3ms+4ms
07-10 17:39:31.656  9357  9425 D skia    : WARNING: One-shot allocator has already allocated (alloc count = 1)
07-10 17:39:31.711  9357  9425 D skia    : WARNING: One-shot allocator has already allocated (alloc count = 1)
07-10 17:39:31.746  9357  9425 D dalvikvm: GC_FOR_ALLOC freed 1928K, 19% free 28606K/35207K, paused 25ms
07-10 17:39:31.804  9357  9425 D skia    : WARNING: One-shot allocator has already allocated (alloc count = 1)
07-10 17:39:31.836  9357  9425 D skia    : WARNING: One-shot allocator has already allocated (alloc count = 1)
07-10 17:39:31.859  9357  9425 D skia    : WARNING: One-shot allocator has already allocated (alloc count = 1)
07-10 17:39:31.882  9357  9425 D dalvikvm: GC_FOR_ALLOC freed 1322K, 18% free 29096K/35207K, paused 24ms
07-10 17:39:31.898  9357  9425 D skia    : WARNING: One-shot allocator has already allocated (alloc count = 1)
07-10 17:39:31.933  9357  9425 D skia    : WARNING: One-shot allocator has already allocated (alloc count = 1)
07-10 17:39:31.941  9357  9425 D skia    : WARNING: One-shot allocator has already allocated (alloc count = 1)
07-10 17:39:31.968  9357  9425 D dalvikvm: GC_FOR_ALLOC freed 2324K, 19% free 28585K/35207K, paused 24ms
07-10 17:39:31.984  9357  9425 D skia    : WARNING: One-shot allocator has already allocated (alloc count = 1)
07-10 17:39:32.015  9357  9425 D skia    : WARNING: One-shot allocator has already allocated (alloc count = 1)
07-10 17:39:32.043  9357  9425 D dalvikvm: GC_FOR_ALLOC freed 1694K, 19% free 28574K/35207K, paused 23ms
07-10 17:39:32.058  9357  9425 D skia    : WARNING: One-shot allocator has already allocated (alloc count = 1)
07-10 17:39:32.074  9357  9425 D skia    : WARNING: One-shot allocator has already allocated (alloc count = 1)
07-10 17:39:32.093  9357  9425 D skia    : WARNING: One-shot allocator has already allocated (alloc count = 1)
07-10 17:39:32.132  9357  9358 D dalvikvm: GC_CONCURRENT freed 1548K, 18% free 28972K/35207K, paused 2ms+4ms
07-10 17:39:32.168  9357  9425 D skia    : WARNING: One-shot allocator has already allocated (alloc count = 1)
07-10 17:39:32.187  9357  9425 D skia    : WARNING: One-shot allocator has already allocated (alloc count = 1)
07-10 17:39:32.214  9357  9425 D dalvikvm: GC_FOR_ALLOC freed 2182K, 19% free 28574K/35207K, paused 24ms
07-10 17:39:32.230  9357  9425 D skia    : WARNING: One-shot allocator has already allocated (alloc count = 1)
07-10 17:39:32.254  9357  9425 D skia    : WARNING: One-shot allocator has already allocated (alloc count = 1)
07-10 17:39:32.281  9357  9425 D dalvikvm: GC_FOR_ALLOC freed 1556K, 19% free 28574K/35207K, paused 23ms
07-10 17:39:32.296  9357  9425 D skia    : WARNING: One-shot allocator has already allocated (alloc count = 1)
07-10 17:39:32.312  9357  9425 D skia    : WARNING: One-shot allocator has already allocated (alloc count = 1)
07-10 17:39:32.343  9357  9425 D skia    : WARNING: One-shot allocator has already allocated (alloc count = 1)
07-10 17:39:32.379  9357  9425 D dalvikvm: GC_FOR_ALLOC freed 1532K, 18% free 28956K/35207K, paused 24ms
07-10 17:39:32.554  9357  9425 D skia    : WARNING: One-shot allocator has already allocated (alloc count = 1)
07-10 17:39:32.562  7602  7615 I PhoneLab-: Service Running
07-10 17:39:32.652  9357  9425 D skia    : WARNING: One-shot allocator has already allocated (alloc count = 1)
07-10 17:39:32.695  9357  9425 D dalvikvm: GC_FOR_ALLOC freed 1775K, 18% free 29100K/35207K, paused 36ms
07-10 17:39:32.730  7602  7615 I PhoneLab-LoggerService: app_36    1287  1     1444   1004  c00f181c 400107b4 S logcat
07-10 17:39:32.730  7602  7615 I PhoneLab-LoggerService: Logcat pid from database 1287
07-10 17:39:32.730  7602  7615 I PhoneLab-LoggerService: Logcat process found 1287
07-10 17:39:32.730  7602  7615 I PhoneLab-LoggerService: Checking Threshold
07-10 17:39:32.734  7602  7615 I PhoneLab-LoggerService: Starting to rename files
07-10 17:39:32.734  7602  7615 I PhoneLab-LoggerService: Files found .. 2
07-10 17:39:32.773  9357  9425 D skia    : WARNING: One-shot allocator has already allocated (alloc count = 1)
07-10 17:39:32.796  9357  9425 D skia    : WARNING: One-shot allocator has already allocated (alloc count = 1)
07-10 17:39:32.843  9357  9358 D dalvikvm: GC_CONCURRENT freed 2200K, 19% free 28823K/35207K, paused 2ms+7ms
07-10 17:39:32.871  9357  9425 D skia    : WARNING: One-shot allocator has already allocated (alloc count = 1)
07-10 17:39:32.910  9357  9425 D skia    : WARNING: One-shot allocator has already allocated (alloc count = 1)
07-10 17:39:32.941  9357  9425 D skia    : WARNING: One-shot allocator has already allocated (alloc count = 1)
07-10 17:39:32.941   144   344 W InputManagerService: Window already focused, ignoring focus gain of: com.android.internal.view.IInputMethodClient$Stub$Proxy@41700f08
07-10 17:39:32.976  9357  9425 D dalvikvm: GC_FOR_ALLOC freed 2179K, 19% free 28563K/35207K, paused 32ms
07-10 17:39:32.996  9357  9425 D skia    : WARNING: One-shot allocator has already allocated (alloc count = 1)
07-10 17:39:33.031  9357  9425 D skia    : WARNING: One-shot allocator has already allocated (alloc count = 1)
07-10 17:39:33.046  9357  9425 D skia    : WARNING: One-shot allocator has already allocated (alloc count = 1)
07-10 17:39:33.082  9357  9425 D dalvikvm: GC_FOR_ALLOC freed 1899K, 19% free 28562K/35207K, paused 33ms
07-10 17:39:33.097  9357  9425 D skia    : WARNING: One-shot allocator has already allocated (alloc count = 1)
07-10 17:39:33.121  9357  9425 D skia    : WARNING: One-shot allocator has already allocated (alloc count = 1)
07-10 17:39:33.152  9357  9425 D dalvikvm: GC_FOR_ALLOC freed 1552K, 19% free 28562K/35207K, paused 31ms
07-10 17:39:33.171  9357  9425 D skia    : WARNING: One-shot allocator has already allocated (alloc count = 1)
07-10 17:39:33.195  9357  9425 D skia    : WARNING: One-shot allocator has already allocated (alloc count = 1)
07-10 17:39:33.222  9357  9425 D dalvikvm: GC_FOR_ALLOC freed 1536K, 19% free 28562K/35207K, paused 24ms
07-10 17:39:33.238  9357  9425 D skia    : WARNING: One-shot allocator has already allocated (alloc count = 1)
07-10 17:39:33.269  9357  9425 D skia    : WARNING: One-shot allocator has already allocated (alloc count = 1)
07-10 17:39:33.296  9357  9425 D dalvikvm: GC_FOR_ALLOC freed 1672K, 19% free 28562K/35207K, paused 24ms
07-10 17:39:33.312  9357  9425 D skia    : WARNING: One-shot allocator has already allocated (alloc count = 1)
07-10 17:39:33.328  9357  9425 D skia    : WARNING: One-shot allocator has already allocated (alloc count = 1)
07-10 17:39:33.355  9357  9425 D skia    : WARNING: One-shot allocator has already allocated (alloc count = 1)
07-10 17:39:33.379  9357  9425 D dalvikvm: GC_FOR_ALLOC freed 1536K, 19% free 28819K/35207K, paused 23ms
07-10 17:39:33.414  9357  9425 D skia    : WARNING: One-shot allocator has already allocated (alloc count = 1)
07-10 17:39:33.429  9357  9425 D skia    : WARNING: One-shot allocator has already allocated (alloc count = 1)
07-10 17:39:33.472  9357  9358 D dalvikvm: GC_CONCURRENT freed 1402K, 17% free 29344K/35207K, paused 2ms+5ms
07-10 17:39:33.515  9357  9425 D skia    : WARNING: One-shot allocator has already allocated (alloc count = 1)
07-10 17:39:33.531  9357  9425 D skia    : WARNING: One-shot allocator has already allocated (alloc count = 1)
07-10 17:39:33.582  9357  9358 D dalvikvm: GC_CONCURRENT freed 2197K, 18% free 29084K/35207K, paused 2ms+5ms
07-10 17:39:33.605  9357  9425 D skia    : WARNING: One-shot allocator has already allocated (alloc count = 1)
07-10 17:39:33.632  9357  9425 D skia    : WARNING: One-shot allocator has already allocated (alloc count = 1)
07-10 17:39:33.769  9357  9425 D skia    : WARNING: One-shot allocator has already allocated (alloc count = 1)
07-10 17:39:33.804  9357  9425 D dalvikvm: GC_FOR_ALLOC freed 2327K, 19% free 28591K/35207K, paused 33ms
07-10 17:39:33.824  9357  9425 D skia    : WARNING: One-shot allocator has already allocated (alloc count = 1)
07-10 17:39:33.851  9357  9425 D skia    : WARNING: One-shot allocator has already allocated (alloc count = 1)
07-10 17:39:33.886  9357  9425 D dalvikvm: GC_FOR_ALLOC freed 1578K, 19% free 28569K/35207K, paused 32ms
07-10 17:39:33.906  9357  9425 D skia    : WARNING: One-shot allocator has already allocated (alloc count = 1)
07-10 17:39:33.925  9357  9425 D skia    : WARNING: One-shot allocator has already allocated (alloc count = 1)
07-10 17:39:33.957  9357  9425 D skia    : WARNING: One-shot allocator has already allocated (alloc count = 1)
07-10 17:39:33.988  9357  9425 D dalvikvm: GC_FOR_ALLOC freed 1548K, 19% free 28824K/35207K, paused 32ms
07-10 17:39:34.023  9357  9425 D skia    : WARNING: One-shot allocator has already allocated (alloc count = 1)
07-10 17:39:35.527  9357  9426 V MenuExecutor: Execute cmd: 2131427394 for /local/image/item/392
07-10 17:39:35.539  8828  8840 D MediaProvider: object removed 392
07-10 17:39:35.656  9357  9426 V MenuExecutor: It takes 128 ms to execute cmd for /local/image/item/392
07-10 17:39:35.695   144   308 W InputManagerService: Window already focused, ignoring focus gain of: com.android.internal.view.IInputMethodClient$Stub$Proxy@4150eaf0
07-10 17:39:35.742  9357  9434 D dalvikvm: GC_EXPLICIT freed 1750K, 19% free 28662K/35207K, paused 2ms+8ms
07-10 17:39:35.949  9357  9358 D dalvikvm: GC_CONCURRENT freed 192K, 14% free 30436K/35207K, paused 2ms+9ms
07-10 17:39:36.152  9357  9358 D dalvikvm: GC_CONCURRENT freed 10771K, 39% free 21699K/35207K, paused 2ms+5ms
07-10 17:39:36.214  9357  9425 D skia    : WARNING: One-shot allocator has already allocated (alloc count = 1)
07-10 17:39:36.238  9357  9425 D skia    : WARNING: One-shot allocator has already allocated (alloc count = 1)
07-10 17:39:36.269  9357  9425 D dalvikvm: GC_FOR_ALLOC freed 1219K, 37% free 22328K/35207K, paused 23ms
07-10 17:39:36.304  9357  9425 D skia    : WARNING: One-shot allocator has already allocated (alloc count = 1)
07-10 17:39:36.371  9357  9358 D dalvikvm: GC_CONCURRENT freed 840K, 34% free 23497K/35207K, paused 2ms+4ms
07-10 17:39:36.406  9357  9425 D skia    : WARNING: One-shot allocator has already allocated (alloc count = 1)
07-10 17:39:36.449  9357  9425 D skia    : WARNING: One-shot allocator has already allocated (alloc count = 1)
07-10 17:39:36.480  9357  9425 D dalvikvm: GC_FOR_ALLOC freed 1469K, 33% free 23892K/35207K, paused 24ms
07-10 17:39:36.546  9357  9425 D skia    : WARNING: One-shot allocator has already allocated (alloc count = 1)
07-10 17:39:36.597  9357  9358 D dalvikvm: GC_CONCURRENT freed 722K, 29% free 25190K/35207K, paused 1ms+4ms
07-10 17:39:36.621  9357  9425 D skia    : WARNING: One-shot allocator has already allocated (alloc count = 1)
07-10 17:39:36.668  9357  9425 D skia    : WARNING: One-shot allocator has already allocated (alloc count = 1)
07-10 17:39:36.750  9357  9358 D dalvikvm: GC_CONCURRENT freed 1600K, 28% free 25632K/35207K, paused 2ms+10ms
07-10 17:39:36.890  9357  9425 D skia    : WARNING: One-shot allocator has already allocated (alloc count = 1)
07-10 17:39:36.957  9357  9358 D dalvikvm: GC_CONCURRENT freed 870K, 24% free 26777K/35207K, paused 2ms+7ms
07-10 17:39:37.011  9357  9425 D skia    : WARNING: One-shot allocator has already allocated (alloc count = 1)
07-10 17:39:37.066  9357  9425 D skia    : WARNING: One-shot allocator has already allocated (alloc count = 1)
07-10 17:39:37.093  9357  9425 D dalvikvm: GC_FOR_ALLOC freed 929K, 22% free 27728K/35207K, paused 24ms
07-10 17:39:37.132  9357  9425 D skia    : WARNING: One-shot allocator has already allocated (alloc count = 1)
07-10 17:39:37.175  9357  9425 D dalvikvm: GC_FOR_ALLOC freed 1656K, 22% free 27752K/35207K, paused 23ms
07-10 17:39:37.214  9357  9425 D skia    : WARNING: One-shot allocator has already allocated (alloc count = 1)
07-10 17:39:37.250  9357  9424 D dalvikvm: GC_FOR_ALLOC freed 1118K, 19% free 28625K/35207K, paused 24ms
07-10 17:39:37.300  9357  9358 D dalvikvm: GC_CONCURRENT freed 1K, 18% free 28950K/35207K, paused 2ms+4ms
07-10 17:39:37.300  9357  9425 D skia    : WARNING: One-shot allocator has already allocated (alloc count = 1)
07-10 17:39:37.379  9357  9425 D skia    : WARNING: One-shot allocator has already allocated (alloc count = 1)
07-10 17:39:37.398  9357  9425 D skia    : WARNING: One-shot allocator has already allocated (alloc count = 1)
07-10 17:39:37.425  9357  9425 D dalvikvm: GC_FOR_ALLOC freed 2253K, 19% free 28587K/35207K, paused 26ms
07-10 17:39:37.453  9357  9425 D skia    : WARNING: One-shot allocator has already allocated (alloc count = 1)
07-10 17:39:37.476  9357  9425 D skia    : WARNING: One-shot allocator has already allocated (alloc count = 1)
07-10 17:39:37.507  9357  9425 D dalvikvm: GC_FOR_ALLOC freed 1820K, 19% free 28576K/35207K, paused 23ms
07-10 17:39:37.550  9357  9425 D skia    : WARNING: One-shot allocator has already allocated (alloc count = 1)
07-10 17:39:37.574  9357  9425 D skia    : WARNING: One-shot allocator has already allocated (alloc count = 1)
07-10 17:39:37.593  9357  9425 D skia    : WARNING: One-shot allocator has already allocated (alloc count = 1)
07-10 17:39:37.625  9357  9425 D dalvikvm: GC_FOR_ALLOC freed 1821K, 19% free 28576K/35207K, paused 23ms
07-10 17:39:37.648  9357  9425 D skia    : WARNING: One-shot allocator has already allocated (alloc count = 1)
07-10 17:39:37.660  9357  9425 D skia    : WARNING: One-shot allocator has already allocated (alloc count = 1)
07-10 17:39:37.746  9357  9358 D dalvikvm: GC_CONCURRENT freed 1451K, 18% free 29135K/35207K, paused 2ms+8ms
07-10 17:39:37.816  9357  9425 D skia    : WARNING: One-shot allocator has already allocated (alloc count = 1)
07-10 17:39:37.832  9357  9425 D skia    : WARNING: One-shot allocator has already allocated (alloc count = 1)
07-10 17:39:37.855  9357  9425 D skia    : WARNING: One-shot allocator has already allocated (alloc count = 1)
07-10 17:39:37.902  9357  9425 D dalvikvm: GC_FOR_ALLOC freed 2213K, 19% free 28604K/35207K, paused 41ms
07-10 17:39:37.918  9357  9425 D skia    : WARNING: One-shot allocator has already allocated (alloc count = 1)
07-10 17:39:37.937  9357  9425 D skia    : WARNING: One-shot allocator has already allocated (alloc count = 1)
07-10 17:39:37.968  9357  9425 D dalvikvm: GC_FOR_ALLOC freed 1561K, 19% free 28595K/35207K, paused 29ms
07-10 17:39:37.984  9357  9425 D skia    : WARNING: One-shot allocator has already allocated (alloc count = 1)
07-10 17:39:38.000  9357  9425 D skia    : WARNING: One-shot allocator has already allocated (alloc count = 1)
07-10 17:39:38.035  9357  9425 D dalvikvm: GC_FOR_ALLOC freed 1553K, 19% free 28594K/35207K, paused 31ms
07-10 17:39:38.046  9357  9425 D skia    : WARNING: One-shot allocator has already allocated (alloc count = 1)
07-10 17:39:38.070  9357  9425 D skia    : WARNING: One-shot allocator has already allocated (alloc count = 1)
07-10 17:39:38.097  9357  9425 D dalvikvm: GC_FOR_ALLOC freed 1655K, 19% free 28594K/35207K, paused 22ms
07-10 17:39:38.109  9357  9425 D skia    : WARNING: One-shot allocator has already allocated (alloc count = 1)
07-10 17:39:38.125  9357  9425 D skia    : WARNING: One-shot allocator has already allocated (alloc count = 1)
07-10 17:39:38.164  9357  9358 D dalvikvm: GC_CONCURRENT freed 1552K, 18% free 28980K/35207K, paused 2ms+5ms
07-10 17:39:38.191  9357  9425 D skia    : WARNING: One-shot allocator has already allocated (alloc count = 1)
07-10 17:39:38.207  9357  9425 D skia    : WARNING: One-shot allocator has already allocated (alloc count = 1)
07-10 17:39:38.218  9357  9425 D skia    : WARNING: One-shot allocator has already allocated (alloc count = 1)
07-10 17:39:38.246  9357  9425 D dalvikvm: GC_FOR_ALLOC freed 2178K, 19% free 28594K/35207K, paused 23ms
07-10 17:39:38.265  9357  9425 D skia    : WARNING: One-shot allocator has already allocated (alloc count = 1)
07-10 17:39:38.281  9357  9425 D skia    : WARNING: One-shot allocator has already allocated (alloc count = 1)
07-10 17:39:38.320  9357  9358 D dalvikvm: GC_CONCURRENT freed 1407K, 18% free 29116K/35207K, paused 1ms+4ms
07-10 17:39:38.336  9357  9425 D skia    : WARNING: One-shot allocator has already allocated (alloc count = 1)
07-10 17:39:38.351  9357  9425 D skia    : WARNING: One-shot allocator has already allocated (alloc count = 1)
07-10 17:39:38.359  9357  9425 D skia    : WARNING: One-shot allocator has already allocated (alloc count = 1)
07-10 17:39:38.375  9357  9425 D skia    : WARNING: One-shot allocator has already allocated (alloc count = 1)
07-10 17:39:38.398  9357  9425 D dalvikvm: GC_FOR_ALLOC freed 1898K, 18% free 29116K/35207K, paused 23ms
07-10 17:39:38.414  9357  9425 D skia    : WARNING: One-shot allocator has already allocated (alloc count = 1)
07-10 17:39:38.425  9357  9425 D skia    : WARNING: One-shot allocator has already allocated (alloc count = 1)
07-10 17:39:38.453  9357  9425 D dalvikvm: GC_FOR_ALLOC freed 2335K, 19% free 28594K/35207K, paused 23ms
07-10 17:39:38.464  9357  9425 D skia    : WARNING: One-shot allocator has already allocated (alloc count = 1)
07-10 17:39:38.476  9357  9425 D skia    : WARNING: One-shot allocator has already allocated (alloc count = 1)
07-10 17:39:38.504  9357  9425 D skia    : WARNING: One-shot allocator has already allocated (alloc count = 1)
07-10 17:39:38.527  9357  9425 D dalvikvm: GC_FOR_ALLOC freed 1532K, 18% free 28977K/35207K, paused 23ms
07-10 17:39:38.543  9357  9425 D skia    : WARNING: One-shot allocator has already allocated (alloc count = 1)
07-10 17:39:38.558  9357  9425 D skia    : WARNING: One-shot allocator has already allocated (alloc count = 1)
07-10 17:39:38.597  9357  9358 D dalvikvm: GC_CONCURRENT freed 1672K, 17% free 29353K/35207K, paused 2ms+4ms
07-10 17:39:38.644  9357  9426 V MenuExecutor: Execute cmd: 2131427394 for /local/image/item/391
07-10 17:39:38.644  8828  8839 D MediaProvider: object removed 391
07-10 17:39:38.652  9357  9425 D skia    : WARNING: One-shot allocator has already allocated (alloc count = 1)
07-10 17:39:38.722  9357  9425 D skia    : WARNING: One-shot allocator has already allocated (alloc count = 1)
07-10 17:39:38.800  9357  9426 V MenuExecutor: It takes 120 ms to execute cmd for /local/image/item/391
07-10 17:39:38.875  9357  9358 D dalvikvm: GC_CONCURRENT freed 2232K, 18% free 29169K/35207K, paused 3ms+5ms
07-10 17:39:38.910  9357  9425 D skia    : WARNING: One-shot allocator has already allocated (alloc count = 1)
07-10 17:39:38.988   144  1262 W InputManagerService: Window already focused, ignoring focus gain of: com.android.internal.view.IInputMethodClient$Stub$Proxy@4172eed0
07-10 17:39:39.101  9357  9358 D dalvikvm: GC_CONCURRENT freed 928K, 15% free 30274K/35207K, paused 2ms+10ms
07-10 17:39:39.269  9357  9425 D skia    : WARNING: One-shot allocator has already allocated (alloc count = 1)
07-10 17:39:39.316  9357  9423 D dalvikvm: GC_FOR_ALLOC freed 10741K, 40% free 21443K/35207K, paused 24ms
07-10 17:39:39.355  9357  9425 D skia    : WARNING: One-shot allocator has already allocated (alloc count = 1)
07-10 17:39:39.394  9357  9425 D skia    : WARNING: One-shot allocator has already allocated (alloc count = 1)
07-10 17:39:39.414  9357  9358 D dalvikvm: GC_CONCURRENT freed 1592K, 38% free 21844K/35207K, paused 2ms+3ms
07-10 17:39:39.484  9357  9425 D skia    : WARNING: One-shot allocator has already allocated (alloc count = 1)
07-10 17:39:39.519  9357  9425 D dalvikvm: GC_FOR_ALLOC freed 1089K, 37% free 22336K/35207K, paused 23ms
07-10 17:39:39.562  9357  9425 D skia    : WARNING: One-shot allocator has already allocated (alloc count = 1)
07-10 17:39:39.625  9357  9358 D dalvikvm: GC_CONCURRENT freed 845K, 34% free 23496K/35207K, paused 2ms+4ms
07-10 17:39:39.773  9357  9425 D skia    : WARNING: One-shot allocator has already allocated (alloc count = 1)
07-10 17:39:39.832  9357  9425 D skia    : WARNING: One-shot allocator has already allocated (alloc count = 1)
07-10 17:39:39.882  9357  9358 D dalvikvm: GC_CONCURRENT freed 1536K, 33% free 23886K/35207K, paused 2ms+6ms
07-10 17:39:39.937  9357  9425 D skia    : WARNING: One-shot allocator has already allocated (alloc count = 1)
07-10 17:39:40.023  9357  9425 D skia    : WARNING: One-shot allocator has already allocated (alloc count = 1)
07-10 17:39:40.031  9357  9358 D dalvikvm: GC_CONCURRENT freed 867K, 30% free 24942K/35207K, paused 2ms+4ms
07-10 17:39:40.086  9357  9425 D skia    : WARNING: One-shot allocator has already allocated (alloc count = 1)
07-10 17:39:40.113  9357  9425 D dalvikvm: GC_FOR_ALLOC freed 1577K, 29% free 25143K/35207K, paused 23ms
07-10 17:39:40.152  9357  9425 D skia    : WARNING: One-shot allocator has already allocated (alloc count = 1)
07-10 17:39:40.199  9357  9358 D dalvikvm: GC_CONCURRENT freed 839K, 26% free 26329K/35207K, paused 1ms+4ms
07-10 17:39:40.211  9357  9425 D skia    : WARNING: One-shot allocator has already allocated (alloc count = 1)
07-10 17:39:40.261  9357  9425 D skia    : WARNING: One-shot allocator has already allocated (alloc count = 1)
07-10 17:39:40.293  9357  9425 D dalvikvm: GC_FOR_ALLOC freed 1652K, 26% free 26346K/35207K, paused 22ms
07-10 17:39:40.336  9357  9425 D skia    : WARNING: One-shot allocator has already allocated (alloc count = 1)
07-10 17:39:40.382  9357  9358 D dalvikvm: GC_CONCURRENT freed 1135K, 23% free 27229K/35207K, paused 2ms+4ms
07-10 17:39:40.546  9357  9425 D skia    : WARNING: One-shot allocator has already allocated (alloc count = 1)
07-10 17:39:40.589  9357  9425 D skia    : WARNING: One-shot allocator has already allocated (alloc count = 1)
07-10 17:39:40.625  9357  9425 D dalvikvm: GC_FOR_ALLOC freed 1146K, 21% free 27885K/35207K, paused 32ms
07-10 17:39:40.675  9357  9425 D skia    : WARNING: One-shot allocator has already allocated (alloc count = 1)
07-10 17:39:40.718  9357  9425 D dalvikvm: GC_FOR_ALLOC freed 1102K, 20% free 28336K/35207K, paused 33ms
07-10 17:39:40.757  9357  9425 D skia    : WARNING: One-shot allocator has already allocated (alloc count = 1)
07-10 17:39:40.816  9357  9425 D skia    : WARNING: One-shot allocator has already allocated (alloc count = 1)
07-10 17:39:40.836  9357  9425 D skia    : WARNING: One-shot allocator has already allocated (alloc count = 1)
07-10 17:39:40.882  9357  9358 D dalvikvm: GC_CONCURRENT freed 1592K, 19% free 28730K/35207K, paused 2ms+5ms
07-10 17:39:40.914    81   129 E MetadataRetrieverClient: failed to extract an album art
07-10 17:39:40.914  9357  9423 E MediaMetadataRetrieverJNI: getEmbeddedPicture: Call to getEmbeddedPicture failed.
07-10 17:39:40.921  9357  9425 D skia    : WARNING: One-shot allocator has already allocated (alloc count = 1)
07-10 17:39:40.941    81  2809 I OMXCodec: [OMX.google.h264.decoder] AVC profile = 66 (Baseline), level = 31
07-10 17:39:40.941    81  2809 I OMXCodec: [OMX.google.h264.decoder] video dimensions are 320 x 240
07-10 17:39:40.941    81  2809 I OMXCodec: [OMX.google.h264.decoder] Crop rect is 320 x 240 @ (0, 0)
07-10 17:39:40.992    81  9507 I OMXCodec: [OMX.google.h264.decoder] video dimensions are 720 x 480
07-10 17:39:40.992    81  9507 I OMXCodec: [OMX.google.h264.decoder] Crop rect is 720 x 480 @ (0, 0)
07-10 17:39:41.316  9357  9426 V MenuExecutor: Execute cmd: 2131427394 for /local/image/item/390
07-10 17:39:41.324  8828  8846 D MediaProvider: object removed 390
07-10 17:39:41.328  9357  9425 D skia    : WARNING: One-shot allocator has already allocated (alloc count = 1)
07-10 17:39:41.472  9357  9358 D dalvikvm: GC_CONCURRENT freed 1730K, 18% free 28995K/35207K, paused 23ms+4ms
07-10 17:39:41.519  9357  9426 V MenuExecutor: It takes 201 ms to execute cmd for /local/image/item/390
07-10 17:39:41.589  9357  9425 D skia    : WARNING: One-shot allocator has already allocated (alloc count = 1)
07-10 17:39:41.664   144  7089 W InputManagerService: Window already focused, ignoring focus gain of: com.android.internal.view.IInputMethodClient$Stub$Proxy@417861e8
07-10 17:39:41.714  9357  9426 D dalvikvm: GC_FOR_ALLOC freed 1347K, 18% free 29176K/35207K, paused 29ms
07-10 17:39:41.820  9357  9424 D dalvikvm: GC_FOR_ALLOC freed 10776K, 43% free 20300K/35207K, paused 32ms
07-10 17:39:41.992  9357  9423 D dalvikvm: GC_FOR_ALLOC freed 107K, 38% free 22092K/35207K, paused 28ms
07-10 17:39:42.007  9357  9425 D skia    : WARNING: One-shot allocator has already allocated (alloc count = 1)
07-10 17:39:42.058  9357  9425 D skia    : WARNING: One-shot allocator has already allocated (alloc count = 1)
07-10 17:39:42.086  9357  9425 D dalvikvm: GC_FOR_ALLOC freed 1483K, 37% free 22483K/35207K, paused 24ms
07-10 17:39:42.152  9357  9425 D skia    : WARNING: One-shot allocator has already allocated (alloc count = 1)
07-10 17:39:42.187  9357  9425 D dalvikvm: GC_FOR_ALLOC freed 699K, 34% free 23423K/35207K, paused 25ms
07-10 17:39:42.234  9357  9425 D skia    : WARNING: One-shot allocator has already allocated (alloc count = 1)
07-10 17:39:42.296  9357  9358 D dalvikvm: GC_CONCURRENT freed 817K, 31% free 24576K/35207K, paused 2ms+4ms
07-10 17:39:42.433  9357  9425 D skia    : WARNING: One-shot allocator has already allocated (alloc count = 1)
07-10 17:39:42.511  9357  9425 D skia    : WARNING: One-shot allocator has already allocated (alloc count = 1)
07-10 17:39:42.558  9357  9425 D dalvikvm: GC_FOR_ALLOC freed 1220K, 29% free 25181K/35207K, paused 33ms
07-10 17:39:42.601  9357  9425 D skia    : WARNING: One-shot allocator has already allocated (alloc count = 1)
07-10 17:39:42.644  9357  9425 D dalvikvm: GC_FOR_ALLOC freed 1284K, 28% free 25586K/35207K, paused 31ms
07-10 17:39:42.683  9357  9425 D skia    : WARNING: One-shot allocator has already allocated (alloc count = 1)
07-10 17:39:42.738  9357  9358 D dalvikvm: GC_CONCURRENT freed 845K, 25% free 26723K/35207K, paused 1ms+5ms
07-10 17:39:42.761  9357  9425 D skia    : WARNING: One-shot allocator has already allocated (alloc count = 1)
07-10 17:39:42.804  9357  9425 D skia    : WARNING: One-shot allocator has already allocated (alloc count = 1)
07-10 17:39:42.836  9357  9425 D dalvikvm: GC_FOR_ALLOC freed 1605K, 24% free 26855K/35207K, paused 23ms
07-10 17:39:42.910  9357  9425 D skia    : WARNING: One-shot allocator has already allocated (alloc count = 1)
07-10 17:39:42.972  9357  9358 D dalvikvm: GC_CONCURRENT freed 767K, 21% free 28103K/35207K, paused 2ms+6ms
07-10 17:39:43.035  9357  9425 D skia    : WARNING: One-shot allocator has already allocated (alloc count = 1)
07-10 17:39:43.066    81  2809 E MetadataRetrieverClient: failed to extract an album art
07-10 17:39:43.066  9357  9423 E MediaMetadataRetrieverJNI: getEmbeddedPicture: Call to getEmbeddedPicture failed.
07-10 17:39:43.066    81    81 I OMXCodec: [OMX.google.h264.decoder] AVC profile = 66 (Baseline), level = 31
07-10 17:39:43.074    81    81 I OMXCodec: [OMX.google.h264.decoder] video dimensions are 320 x 240
07-10 17:39:43.074    81    81 I OMXCodec: [OMX.google.h264.decoder] Crop rect is 320 x 240 @ (0, 0)
07-10 17:39:43.109    81  9513 I OMXCodec: [OMX.google.h264.decoder] video dimensions are 720 x 480
07-10 17:39:43.109    81  9513 I OMXCodec: [OMX.google.h264.decoder] Crop rect is 720 x 480 @ (0, 0)
07-10 17:39:43.285  9357  9425 D skia    : WARNING: One-shot allocator has already allocated (alloc count = 1)
07-10 17:39:43.472  9357  9425 D dalvikvm: GC_FOR_ALLOC freed 1172K, 19% free 28791K/35207K, paused 78ms
07-10 17:39:43.625  9357  9425 D skia    : WARNING: One-shot allocator has already allocated (alloc count = 1)
07-10 17:39:43.718  9357  9423 D dalvikvm: GC_FOR_ALLOC freed 1882K, 19% free 28717K/35207K, paused 23ms
07-10 17:39:43.750  9357  9425 D skia    : WARNING: One-shot allocator has already allocated (alloc count = 1)
07-10 17:39:43.820  9357  9425 D skia    : WARNING: One-shot allocator has already allocated (alloc count = 1)
07-10 17:39:43.847  9357  9425 D dalvikvm: GC_FOR_ALLOC freed 1614K, 18% free 28959K/35207K, paused 24ms
07-10 17:39:43.890  9357  9425 D skia    : WARNING: One-shot allocator has already allocated (alloc count = 1)
07-10 17:39:43.929  9357  9425 D skia    : WARNING: One-shot allocator has already allocated (alloc count = 1)
07-10 17:39:43.961  9357  9425 D dalvikvm: GC_FOR_ALLOC freed 2087K, 19% free 28552K/35207K, paused 24ms
07-10 17:39:43.980  9357  9425 D skia    : WARNING: One-shot allocator has already allocated (alloc count = 1)
07-10 17:39:44.000  9357  9425 D skia    : WARNING: One-shot allocator has already allocated (alloc count = 1)
07-10 17:39:44.027  9357  9425 D dalvikvm: GC_FOR_ALLOC freed 1832K, 19% free 28519K/35207K, paused 23ms
07-10 17:39:44.039  9357  9425 D skia    : WARNING: One-shot allocator has already allocated (alloc count = 1)
07-10 17:39:44.074  9357  9423 V MenuExecutor: Execute cmd: 2131427394 for /local/image/item/389
07-10 17:39:44.078  8828  8840 D MediaProvider: object removed 389
07-10 17:39:44.175  9357  9423 V MenuExecutor: It takes 102 ms to execute cmd for /local/image/item/389
07-10 17:39:44.195  9357  9425 D skia    : WARNING: One-shot allocator has already allocated (alloc count = 1)
07-10 17:39:44.230  9357  9425 D dalvikvm: GC_FOR_ALLOC freed 1722K, 19% free 28564K/35207K, paused 32ms
07-10 17:39:44.273  9357  9425 D skia    : WARNING: One-shot allocator has already allocated (alloc count = 1)
07-10 17:39:44.339  9357  9423 D dalvikvm: GC_FOR_ALLOC freed 1095K, 18% free 29026K/35207K, paused 37ms
07-10 17:39:44.375   144   844 W InputManagerService: Window already focused, ignoring focus gain of: com.android.internal.view.IInputMethodClient$Stub$Proxy@41846fb0
07-10 17:39:44.476  9357  9426 D dalvikvm: GC_FOR_ALLOC freed 10635K, 43% free 20304K/35207K, paused 32ms
07-10 17:39:44.687  9357  9426 D dalvikvm: GC_FOR_ALLOC freed 115K, 38% free 22097K/35207K, paused 26ms
07-10 17:39:44.711  9357  9425 D skia    : WARNING: One-shot allocator has already allocated (alloc count = 1)
07-10 17:39:44.746  9357  9425 D skia    : WARNING: One-shot allocator has already allocated (alloc count = 1)
07-10 17:39:44.781  9357  9425 D dalvikvm: GC_FOR_ALLOC freed 1470K, 37% free 22329K/35207K, paused 24ms
07-10 17:39:44.851  9357  9425 D skia    : WARNING: One-shot allocator has already allocated (alloc count = 1)
07-10 17:39:44.894  9357  9358 D dalvikvm: GC_CONCURRENT freed 689K, 33% free 23629K/35207K, paused 2ms+5ms
07-10 17:39:44.925  9357  9425 D skia    : WARNING: One-shot allocator has already allocated (alloc count = 1)
07-10 17:39:44.972  9357  9425 D skia    : WARNING: One-shot allocator has already allocated (alloc count = 1)
07-10 17:39:45.023  9357  9358 D dalvikvm: GC_CONCURRENT freed 1596K, 32% free 24040K/35207K, paused 2ms+5ms
07-10 17:39:45.070  9357  9425 D skia    : WARNING: One-shot allocator has already allocated (alloc count = 1)
07-10 17:39:45.109  9357  9425 D skia    : WARNING: One-shot allocator has already allocated (alloc count = 1)
07-10 17:39:45.136  9357  9425 D dalvikvm: GC_FOR_ALLOC freed 814K, 29% free 25037K/35207K, paused 24ms
07-10 17:39:45.175  9357  9425 D skia    : WARNING: One-shot allocator has already allocated (alloc count = 1)
07-10 17:39:45.234  9357  9358 D dalvikvm: GC_CONCURRENT freed 1581K, 28% free 25502K/35207K, paused 2ms+4ms
07-10 17:39:45.254  9357  9425 D skia    : WARNING: One-shot allocator has already allocated (alloc count = 1)
07-10 17:39:45.293  9357  9425 D skia    : WARNING: One-shot allocator has already allocated (alloc count = 1)
07-10 17:39:45.343  9357  9358 D dalvikvm: GC_CONCURRENT freed 1627K, 27% free 25813K/35207K, paused 2ms+5ms
07-10 17:39:45.406  9357  9425 D skia    : WARNING: One-shot allocator has already allocated (alloc count = 1)
07-10 17:39:45.472  9357  9358 D dalvikvm: GC_CONCURRENT freed 982K, 25% free 26754K/35207K, paused 2ms+4ms
07-10 17:39:45.472  9357  9425 D skia    : WARNING: One-shot allocator has already allocated (alloc count = 1)
07-10 17:39:45.539  9357  9425 D skia    : WARNING: One-shot allocator has already allocated (alloc count = 1)
07-10 17:39:45.632  9357  9425 D dalvikvm: GC_FOR_ALLOC freed 1644K, 25% free 26756K/35207K, paused 23ms
07-10 17:39:45.722  9357  9425 D skia    : WARNING: One-shot allocator has already allocated (alloc count = 1)
07-10 17:39:45.781  9357  9358 D dalvikvm: GC_CONCURRENT freed 913K, 21% free 27836K/35207K, paused 2ms+4ms
07-10 17:39:45.851  9357  9425 D skia    : WARNING: One-shot allocator has already allocated (alloc count = 1)
07-10 17:39:45.949  9357  9358 D dalvikvm: GC_CONCURRENT freed 1056K, 19% free 28821K/35207K, paused 1ms+4ms
07-10 17:39:45.949  9357  9425 D skia    : WARNING: One-shot allocator has already allocated (alloc count = 1)
07-10 17:39:45.992  9357  9425 D skia    : WARNING: One-shot allocator has already allocated (alloc count = 1)
07-10 17:39:46.023  9357  9425 D skia    : WARNING: One-shot allocator has already allocated (alloc count = 1)
07-10 17:39:46.054  9357  9425 D dalvikvm: GC_FOR_ALLOC freed 2049K, 20% free 28433K/35207K, paused 24ms
07-10 17:39:46.078  9357  9425 D skia    : WARNING: One-shot allocator has already allocated (alloc count = 1)
07-10 17:39:46.105  9357  9425 D skia    : WARNING: One-shot allocator has already allocated (alloc count = 1)
07-10 17:39:46.136  9357  9425 D dalvikvm: GC_FOR_ALLOC freed 1800K, 20% free 28433K/35207K, paused 24ms
07-10 17:39:46.164  9357  9425 D skia    : WARNING: One-shot allocator has already allocated (alloc count = 1)
07-10 17:39:46.207  9357  9425 D skia    : WARNING: One-shot allocator has already allocated (alloc count = 1)
07-10 17:39:46.238  9357  9425 D dalvikvm: GC_FOR_ALLOC freed 1668K, 20% free 28433K/35207K, paused 23ms
07-10 17:39:46.250  9357  9425 D skia    : WARNING: One-shot allocator has already allocated (alloc count = 1)
07-10 17:39:46.265  9357  9425 D skia    : WARNING: One-shot allocator has already allocated (alloc count = 1)
07-10 17:39:46.289  9357  9425 D dalvikvm: GC_FOR_ALLOC freed 1832K, 20% free 28400K/35207K, paused 22ms
07-10 17:39:46.300  9357  9425 D skia    : WARNING: One-shot allocator has already allocated (alloc count = 1)
07-10 17:39:46.328  9357  9425 D skia    : WARNING: One-shot allocator has already allocated (alloc count = 1)
07-10 17:39:46.359  9357  9425 D skia    : WARNING: One-shot allocator has already allocated (alloc count = 1)
07-10 17:39:46.382  9357  9425 D dalvikvm: GC_FOR_ALLOC freed 1416K, 19% free 28780K/35207K, paused 23ms
07-10 17:39:46.402  9357  9425 D skia    : WARNING: One-shot allocator has already allocated (alloc count = 1)
07-10 17:39:46.421  9357  9425 D skia    : WARNING: One-shot allocator has already allocated (alloc count = 1)
07-10 17:39:46.445  9357  9425 D dalvikvm: GC_FOR_ALLOC freed 2162K, 20% free 28400K/35207K, paused 22ms
07-10 17:39:46.457  9357  9425 D skia    : WARNING: One-shot allocator has already allocated (alloc count = 1)
07-10 17:39:46.515  9357  9425 D skia    : WARNING: One-shot allocator has already allocated (alloc count = 1)
07-10 17:39:46.586  9357  9425 D dalvikvm: GC_FOR_ALLOC freed 1825K, 20% free 28457K/35207K, paused 36ms
07-10 17:39:46.632  9357  9425 D skia    : WARNING: One-shot allocator has already allocated (alloc count = 1)
07-10 17:39:46.664  9357  9425 D skia    : WARNING: One-shot allocator has already allocated (alloc count = 1)
07-10 17:39:46.695  9357  9425 D dalvikvm: GC_FOR_ALLOC freed 1698K, 20% free 28459K/35207K, paused 30ms
07-10 17:39:46.711  9357  9425 D skia    : WARNING: One-shot allocator has already allocated (alloc count = 1)
07-10 17:39:46.742  9357  9425 D skia    : WARNING: One-shot allocator has already allocated (alloc count = 1)
07-10 17:39:46.769  9357  9425 D skia    : WARNING: One-shot allocator has already allocated (alloc count = 1)
07-10 17:39:46.800  9357  9425 D dalvikvm: GC_FOR_ALLOC freed 1662K, 19% free 28709K/35207K, paused 30ms
07-10 17:39:46.820  9357  9425 D skia    : WARNING: One-shot allocator has already allocated (alloc count = 1)
07-10 17:39:46.847  9357  9425 D skia    : WARNING: One-shot allocator has already allocated (alloc count = 1)
07-10 17:39:46.898  9357  9358 D dalvikvm: GC_CONCURRENT freed 1551K, 18% free 29096K/35207K, paused 2ms+4ms
07-10 17:39:46.918  9357  9425 D skia    : WARNING: One-shot allocator has already allocated (alloc count = 1)
07-10 17:39:46.933  9357  9425 D skia    : WARNING: One-shot allocator has already allocated (alloc count = 1)
07-10 17:39:46.953  9357  9425 D skia    : WARNING: One-shot allocator has already allocated (alloc count = 1)
07-10 17:39:46.992  9357  9358 D dalvikvm: GC_CONCURRENT freed 2193K, 18% free 28950K/35207K, paused 1ms+4ms
07-10 17:39:47.011  9357  9425 D skia    : WARNING: One-shot allocator has already allocated (alloc count = 1)
07-10 17:39:47.027  9357  9425 D skia    : WARNING: One-shot allocator has already allocated (alloc count = 1)
07-10 17:39:47.054  9357  9425 D dalvikvm: GC_FOR_ALLOC freed 2312K, 20% free 28451K/35207K, paused 22ms
07-10 17:39:47.066  9357  9425 D skia    : WARNING: One-shot allocator has already allocated (alloc count = 1)
07-10 17:39:47.078  9357  9425 D skia    : WARNING: One-shot allocator has already allocated (alloc count = 1)
07-10 17:39:47.121  9357  9358 D dalvikvm: GC_CONCURRENT freed 1548K, 19% free 28826K/35207K, paused 2ms+3ms
07-10 17:39:47.148  9357  9425 D skia    : WARNING: One-shot allocator has already allocated (alloc count = 1)
07-10 17:39:47.168  9357  9425 D skia    : WARNING: One-shot allocator has already allocated (alloc count = 1)
07-10 17:39:47.183  9357  9425 D skia    : WARNING: One-shot allocator has already allocated (alloc count = 1)
07-10 17:39:47.207  9357  9425 D dalvikvm: GC_FOR_ALLOC freed 1651K, 18% free 28969K/35207K, paused 22ms
07-10 17:39:47.531  9357  9426 V MenuExecutor: Execute cmd: 2131427394 for /local/image/item/388
07-10 17:39:47.539  8828  8839 D MediaProvider: object removed 388
07-10 17:39:47.644  9357  9426 V MenuExecutor: It takes 115 ms to execute cmd for /local/image/item/388
07-10 17:39:47.761  9357  9426 D dalvikvm: GC_FOR_ALLOC freed 889K, 18% free 28963K/35207K, paused 39ms
07-10 17:39:47.796   144   379 W InputManagerService: Window already focused, ignoring focus gain of: com.android.internal.view.IInputMethodClient$Stub$Proxy@4174bd10
07-10 17:39:47.918  9357  9424 D dalvikvm: GC_FOR_ALLOC freed 10573K, 43% free 20309K/35207K, paused 34ms
07-10 17:39:48.089  9357  9424 D dalvikvm: GC_FOR_ALLOC freed 117K, 38% free 22098K/35207K, paused 30ms
07-10 17:39:48.144  9357  9425 D skia    : WARNING: One-shot allocator has already allocated (alloc count = 1)
07-10 17:39:48.218  9357  9358 D dalvikvm: GC_CONCURRENT freed 716K, 34% free 23323K/35207K, paused 2ms+5ms
07-10 17:39:48.218  9357  9425 D skia    : WARNING: One-shot allocator has already allocated (alloc count = 1)
07-10 17:39:48.312  9357  9425 D skia    : WARNING: One-shot allocator has already allocated (alloc count = 1)
07-10 17:39:48.343  9357  9425 D dalvikvm: GC_FOR_ALLOC freed 1488K, 33% free 23742K/35207K, paused 26ms
07-10 17:39:48.379  9357  9425 D skia    : WARNING: One-shot allocator has already allocated (alloc count = 1)
07-10 17:39:48.433  9357  9358 D dalvikvm: GC_CONCURRENT freed 824K, 30% free 24890K/35207K, paused 2ms+4ms
07-10 17:39:48.437  9357  9425 D skia    : WARNING: One-shot allocator has already allocated (alloc count = 1)
07-10 17:39:48.504  9357  9425 D skia    : WARNING: One-shot allocator has already allocated (alloc count = 1)
07-10 17:39:48.543  9357  9425 D dalvikvm: GC_FOR_ALLOC freed 1580K, 29% free 25147K/35207K, paused 24ms
07-10 17:39:48.578  9357  9425 D skia    : WARNING: One-shot allocator has already allocated (alloc count = 1)
07-10 17:39:48.632  9357  9358 D dalvikvm: GC_CONCURRENT freed 826K, 26% free 26304K/35207K, paused 2ms+3ms
07-10 17:39:48.656  9357  9425 D skia    : WARNING: One-shot allocator has already allocated (alloc count = 1)
07-10 17:39:48.703  9357  9425 D skia    : WARNING: One-shot allocator has already allocated (alloc count = 1)
07-10 17:39:48.746  9357  9425 D dalvikvm: GC_FOR_ALLOC freed 1621K, 25% free 26568K/35207K, paused 23ms
07-10 17:39:48.777  9357  9425 D skia    : WARNING: One-shot allocator has already allocated (alloc count = 1)
07-10 17:39:48.836  9357  9423 D dalvikvm: GC_FOR_ALLOC freed 903K, 22% free 27566K/35207K, paused 25ms
07-10 17:39:48.886  9357  9425 D skia    : WARNING: One-shot allocator has already allocated (alloc count = 1)
07-10 17:39:48.937  9357  9358 D dalvikvm: GC_CONCURRENT freed 994K, 20% free 28502K/35207K, paused 2ms+4ms
07-10 17:39:48.941  9357  9425 D skia    : WARNING: One-shot allocator has already allocated (alloc count = 1)
07-10 17:39:48.992  9357  9425 D skia    : WARNING: One-shot allocator has already allocated (alloc count = 1)
07-10 17:39:49.039  9357  9358 D dalvikvm: GC_CONCURRENT freed 1739K, 19% free 28788K/35207K, paused 2ms+4ms
07-10 17:39:49.070  9357  9425 D skia    : WARNING: One-shot allocator has already allocated (alloc count = 1)
07-10 17:39:49.121  9357  9425 D skia    : WARNING: One-shot allocator has already allocated (alloc count = 1)
07-10 17:39:49.175  9357  9425 D skia    : WARNING: One-shot allocator has already allocated (alloc count = 1)
07-10 17:39:49.207  9357  9425 D skia    : WARNING: One-shot allocator has already allocated (alloc count = 1)
07-10 17:39:49.250  9357  9358 D dalvikvm: GC_CONCURRENT freed 2060K, 18% free 29019K/35207K, paused 3ms+4ms
07-10 17:39:49.289  9357  9425 D skia    : WARNING: One-shot allocator has already allocated (alloc count = 1)
07-10 17:39:49.308  9357  9425 D skia    : WARNING: One-shot allocator has already allocated (alloc count = 1)
07-10 17:39:49.336  9357  9425 D dalvikvm: GC_FOR_ALLOC freed 2457K, 20% free 28238K/35207K, paused 23ms
07-10 17:39:49.347  9357  9425 D skia    : WARNING: One-shot allocator has already allocated (alloc count = 1)
07-10 17:39:49.363  9357  9425 D skia    : WARNING: One-shot allocator has already allocated (alloc count = 1)
07-10 17:39:49.406  9357  9358 D dalvikvm: GC_CONCURRENT freed 1553K, 19% free 28620K/35207K, paused 1ms+5ms
07-10 17:39:49.437  9357  9425 D skia    : WARNING: One-shot allocator has already allocated (alloc count = 1)
07-10 17:39:49.457  9357  9425 D skia    : WARNING: One-shot allocator has already allocated (alloc count = 1)
07-10 17:39:49.484  9357  9425 D dalvikvm: GC_FOR_ALLOC freed 1915K, 20% free 28238K/35207K, paused 23ms
07-10 17:39:49.496  9357  9425 D skia    : WARNING: One-shot allocator has already allocated (alloc count = 1)
07-10 17:39:49.511  9357  9425 D skia    : WARNING: One-shot allocator has already allocated (alloc count = 1)
07-10 17:39:49.550  9357  9358 D dalvikvm: GC_CONCURRENT freed 1552K, 19% free 28623K/35207K, paused 2ms+5ms
07-10 17:39:49.582  9357  9425 D skia    : WARNING: One-shot allocator has already allocated (alloc count = 1)
07-10 17:39:49.609  9357  9425 D skia    : WARNING: One-shot allocator has already allocated (alloc count = 1)
07-10 17:39:49.629  9357  9425 D skia    : WARNING: One-shot allocator has already allocated (alloc count = 1)
07-10 17:39:49.675  9357  9358 D dalvikvm: GC_CONCURRENT freed 2049K, 19% free 28538K/35207K, paused 3ms+4ms
07-10 17:39:49.699  9357  9425 D skia    : WARNING: One-shot allocator has already allocated (alloc count = 1)
07-10 17:39:49.718  9357  9425 D skia    : WARNING: One-shot allocator has already allocated (alloc count = 1)
07-10 17:39:49.820  9357  9358 D dalvikvm: GC_CONCURRENT freed 1793K, 19% free 28789K/35207K, paused 2ms+8ms
07-10 17:39:49.894  9357  9425 D skia    : WARNING: One-shot allocator has already allocated (alloc count = 1)
07-10 17:39:49.918  9357  9425 D skia    : WARNING: One-shot allocator has already allocated (alloc count = 1)
07-10 17:39:49.949  9357  9425 D skia    : WARNING: One-shot allocator has already allocated (alloc count = 1)
07-10 17:39:50.019  9357  9358 D dalvikvm: GC_CONCURRENT freed 1961K, 19% free 28776K/35207K, paused 2ms+6ms
07-10 17:39:50.046  9357  9425 D skia    : WARNING: One-shot allocator has already allocated (alloc count = 1)
07-10 17:39:50.078  9357  9425 D skia    : WARNING: One-shot allocator has already allocated (alloc count = 1)
07-10 17:39:50.105  9357  9425 D skia    : WARNING: One-shot allocator has already allocated (alloc count = 1)
07-10 17:39:50.136  9357  9425 D dalvikvm: GC_FOR_ALLOC freed 2183K, 20% free 28506K/35207K, paused 30ms
07-10 17:39:50.152  9357  9425 D skia    : WARNING: One-shot allocator has already allocated (alloc count = 1)
07-10 17:39:50.175  9357  9425 D skia    : WARNING: One-shot allocator has already allocated (alloc count = 1)
07-10 17:39:50.218  9357  9358 D dalvikvm: GC_CONCURRENT freed 1550K, 18% free 28893K/35207K, paused 2ms+5ms
07-10 17:39:50.238  9357  9425 D skia    : WARNING: One-shot allocator has already allocated (alloc count = 1)
07-10 17:39:50.254  9357  9425 D skia    : WARNING: One-shot allocator has already allocated (alloc count = 1)
07-10 17:39:50.273  9357  9425 D skia    : WARNING: One-shot allocator has already allocated (alloc count = 1)
07-10 17:39:50.312  9357  9358 D dalvikvm: GC_CONCURRENT freed 2193K, 19% free 28748K/35207K, paused 2ms+4ms
07-10 17:39:50.336  9357  9425 D skia    : WARNING: One-shot allocator has already allocated (alloc count = 1)
07-10 17:39:50.351  9357  9425 D skia    : WARNING: One-shot allocator has already allocated (alloc count = 1)
07-10 17:39:50.375  9357  9425 D dalvikvm: GC_FOR_ALLOC freed 2312K, 20% free 28249K/35207K, paused 23ms
07-10 17:39:50.390  9357  9425 D skia    : WARNING: One-shot allocator has already allocated (alloc count = 1)
07-10 17:39:50.402  9357  9425 D skia    : WARNING: One-shot allocator has already allocated (alloc count = 1)
07-10 17:39:50.445  9357  9358 D dalvikvm: GC_CONCURRENT freed 1548K, 19% free 28623K/35207K, paused 2ms+4ms
07-10 17:39:50.476  9357  9425 D skia    : WARNING: One-shot allocator has already allocated (alloc count = 1)
07-10 17:39:50.496  9357  9425 D skia    : WARNING: One-shot allocator has already allocated (alloc count = 1)
07-10 17:39:50.523  9357  9425 D skia    : WARNING: One-shot allocator has already allocated (alloc count = 1)
07-10 17:39:50.550  9357  9425 D dalvikvm: GC_FOR_ALLOC freed 1651K, 19% free 28767K/35207K, paused 24ms
07-10 17:39:51.742  9357  9426 V MenuExecutor: Execute cmd: 2131427394 for /local/image/item/387
07-10 17:39:51.750  8828  8840 D MediaProvider: object removed 387
07-10 17:39:51.839  9357  9426 V MenuExecutor: It takes 101 ms to execute cmd for /local/image/item/387
07-10 17:39:51.902   144   156 W InputManagerService: Window already focused, ignoring focus gain of: com.android.internal.view.IInputMethodClient$Stub$Proxy@415c1658
07-10 17:39:52.074  9357  9358 D dalvikvm: GC_CONCURRENT freed 935K, 16% free 29863K/35207K, paused 2ms+9ms
07-10 17:39:52.296  9357  9358 D dalvikvm: GC_CONCURRENT freed 10484K, 40% free 21401K/35207K, paused 2ms+4ms
07-10 17:39:52.363  9357  9425 D skia    : WARNING: One-shot allocator has already allocated (alloc count = 1)
07-10 17:39:52.414  9357  9425 D skia    : WARNING: One-shot allocator has already allocated (alloc count = 1)
07-10 17:39:52.433  9357  9358 D dalvikvm: GC_CONCURRENT freed 841K, 36% free 22535K/35207K, paused 1ms+4ms
07-10 17:39:52.464  9357  9425 D skia    : WARNING: One-shot allocator has already allocated (alloc count = 1)
07-10 17:39:52.570  9357  9358 D dalvikvm: GC_CONCURRENT freed 1231K, 34% free 23342K/35207K, paused 2ms+4ms
07-10 17:39:52.570  9357  9425 D skia    : WARNING: One-shot allocator has already allocated (alloc count = 1)
07-10 17:39:52.617  9357  9425 D skia    : WARNING: One-shot allocator has already allocated (alloc count = 1)
07-10 17:39:52.679  9357  9358 D dalvikvm: GC_CONCURRENT freed 1453K, 33% free 23830K/35207K, paused 2ms+4ms
07-10 17:39:52.738  9357  9425 D skia    : WARNING: One-shot allocator has already allocated (alloc count = 1)
07-10 17:39:52.800  9357  9425 D skia    : WARNING: One-shot allocator has already allocated (alloc count = 1)
07-10 17:39:52.816  9357  9358 D dalvikvm: GC_CONCURRENT freed 728K, 29% free 25033K/35207K, paused 2ms+4ms
07-10 17:39:52.879  9357  9425 D skia    : WARNING: One-shot allocator has already allocated (alloc count = 1)
07-10 17:39:52.976  9357  9358 D dalvikvm: GC_CONCURRENT freed 1602K, 28% free 25470K/35207K, paused 2ms+5ms
07-10 17:39:53.097  9357  9425 D skia    : WARNING: One-shot allocator has already allocated (alloc count = 1)
07-10 17:39:53.199  9357  9358 D dalvikvm: GC_CONCURRENT freed 913K, 25% free 26482K/35207K, paused 3ms+4ms
07-10 17:39:53.203  9357  9425 D skia    : WARNING: One-shot allocator has already allocated (alloc count = 1)
07-10 17:39:53.273  9357  9425 D skia    : WARNING: One-shot allocator has already allocated (alloc count = 1)
07-10 17:39:53.316  9357  9425 D dalvikvm: GC_FOR_ALLOC freed 1656K, 25% free 26592K/35207K, paused 29ms
07-10 17:39:53.351  9357  9425 D skia    : WARNING: One-shot allocator has already allocated (alloc count = 1)
07-10 17:39:53.402  9357  9358 D dalvikvm: GC_CONCURRENT freed 836K, 22% free 27736K/35207K, paused 2ms+4ms
07-10 17:39:53.406  9357  9425 D skia    : WARNING: One-shot allocator has already allocated (alloc count = 1)
07-10 17:39:53.464  9357  9425 D skia    : WARNING: One-shot allocator has already allocated (alloc count = 1)
07-10 17:39:53.496  9357  9425 D dalvikvm: GC_FOR_ALLOC freed 1793K, 22% free 27806K/35207K, paused 24ms
07-10 17:39:53.554  9357  9425 D skia    : WARNING: One-shot allocator has already allocated (alloc count = 1)
07-10 17:39:53.566  9357  9425 D skia    : WARNING: One-shot allocator has already allocated (alloc count = 1)
07-10 17:39:53.597  9357  9425 D dalvikvm: GC_FOR_ALLOC freed 1312K, 21% free 28122K/35207K, paused 25ms
07-10 17:39:53.621  9357  9425 D skia    : WARNING: One-shot allocator has already allocated (alloc count = 1)
07-10 17:39:53.656  9357  9425 D skia    : WARNING: One-shot allocator has already allocated (alloc count = 1)
07-10 17:39:53.707  9357  9358 D dalvikvm: GC_CONCURRENT freed 1552K, 20% free 28507K/35207K, paused 2ms+4ms
07-10 17:39:53.738  9357  9425 D skia    : WARNING: One-shot allocator has already allocated (alloc count = 1)
07-10 17:39:53.750  9357  9425 D skia    : WARNING: One-shot allocator has already allocated (alloc count = 1)
07-10 17:39:53.761  9357  9425 D skia    : WARNING: One-shot allocator has already allocated (alloc count = 1)
07-10 17:39:53.886  9357  9425 D skia    : WARNING: One-shot allocator has already allocated (alloc count = 1)
07-10 17:39:53.918  9357  9425 D dalvikvm: GC_FOR_ALLOC freed 1885K, 19% free 28540K/35207K, paused 30ms
07-10 17:39:53.937  9357  9425 D skia    : WARNING: One-shot allocator has already allocated (alloc count = 1)
07-10 17:39:53.957  9357  9425 D skia    : WARNING: One-shot allocator has already allocated (alloc count = 1)
07-10 17:39:54.011  9357  9358 D dalvikvm: GC_CONCURRENT freed 2200K, 20% free 28345K/35207K, paused 2ms+10ms
07-10 17:39:54.035  9357  9425 D skia    : WARNING: One-shot allocator has already allocated (alloc count = 1)
07-10 17:39:54.066  9357  9425 D skia    : WARNING: One-shot allocator has already allocated (alloc count = 1)
07-10 17:39:54.086  9357  9425 D skia    : WARNING: One-shot allocator has already allocated (alloc count = 1)
07-10 17:39:54.144  9357  9358 D dalvikvm: GC_CONCURRENT freed 1403K, 18% free 28923K/35207K, paused 2ms+5ms
07-10 17:39:54.164  9357  9425 D skia    : WARNING: One-shot allocator has already allocated (alloc count = 1)
07-10 17:39:54.179  9357  9425 D skia    : WARNING: One-shot allocator has already allocated (alloc count = 1)
07-10 17:39:54.207  9357  9425 D dalvikvm: GC_FOR_ALLOC freed 2338K, 21% free 28141K/35207K, paused 23ms
07-10 17:39:54.218  9357  9425 D skia    : WARNING: One-shot allocator has already allocated (alloc count = 1)
07-10 17:39:54.234  9357  9425 D skia    : WARNING: One-shot allocator has already allocated (alloc count = 1)
07-10 17:39:54.261  9357  9425 D skia    : WARNING: One-shot allocator has already allocated (alloc count = 1)
07-10 17:39:54.285  9357  9425 D dalvikvm: GC_FOR_ALLOC freed 1533K, 19% free 28523K/35207K, paused 23ms
07-10 17:39:54.300  9357  9425 D skia    : WARNING: One-shot allocator has already allocated (alloc count = 1)
07-10 17:39:54.320  9357  9425 D skia    : WARNING: One-shot allocator has already allocated (alloc count = 1)
07-10 17:39:54.355  9357  9425 D dalvikvm: GC_FOR_ALLOC freed 1672K, 19% free 28658K/35207K, paused 33ms
07-10 17:39:54.390  9357  9425 D skia    : WARNING: One-shot allocator has already allocated (alloc count = 1)
07-10 17:39:54.406  9357  9425 D skia    : WARNING: One-shot allocator has already allocated (alloc count = 1)
07-10 17:39:54.449  9357  9358 D dalvikvm: GC_CONCURRENT freed 2182K, 20% free 28399K/35207K, paused 3ms+6ms
07-10 17:39:54.472  9357  9425 D skia    : WARNING: One-shot allocator has already allocated (alloc count = 1)
07-10 17:39:54.500  9357  9425 D skia    : WARNING: One-shot allocator has already allocated (alloc count = 1)
07-10 17:39:54.515  9357  9425 D skia    : WARNING: One-shot allocator has already allocated (alloc count = 1)
07-10 17:39:54.543  9357  9425 D dalvikvm: GC_FOR_ALLOC freed 2177K, 21% free 28141K/35207K, paused 24ms
07-10 17:39:54.562  9357  9425 D skia    : WARNING: One-shot allocator has already allocated (alloc count = 1)
07-10 17:39:54.586  9357  9425 D skia    : WARNING: One-shot allocator has already allocated (alloc count = 1)
07-10 17:39:54.593  9357  9425 D skia    : WARNING: One-shot allocator has already allocated (alloc count = 1)
07-10 17:39:54.621  9357  9425 D dalvikvm: GC_FOR_ALLOC freed 1898K, 21% free 28141K/35207K, paused 24ms
07-10 17:39:54.632  9357  9425 D skia    : WARNING: One-shot allocator has already allocated (alloc count = 1)
07-10 17:39:54.648  9357  9425 D skia    : WARNING: One-shot allocator has already allocated (alloc count = 1)
07-10 17:39:54.679  9357  9425 D dalvikvm: GC_FOR_ALLOC freed 1552K, 21% free 28140K/35207K, paused 24ms
07-10 17:39:54.707  9357  9424 V MenuExecutor: Execute cmd: 2131427394 for /local/image/item/386
07-10 17:39:54.714  8828  9476 D MediaProvider: object removed 386
07-10 17:39:54.742  9357  9425 D skia    : WARNING: One-shot allocator has already allocated (alloc count = 1)
07-10 17:39:54.839  9357  9424 V MenuExecutor: It takes 131 ms to execute cmd for /local/image/item/386
07-10 17:39:54.863  8828  8840 D dalvikvm: GC_EXPLICIT freed 207K, 4% free 9287K/9671K, paused 2ms+4ms
07-10 17:39:54.914  9357  9425 D skia    : WARNING: One-shot allocator has already allocated (alloc count = 1)
07-10 17:39:55.054   144  1262 W InputManagerService: Window already focused, ignoring focus gain of: com.android.internal.view.IInputMethodClient$Stub$Proxy@418c4738
07-10 17:39:55.070  9357  9358 D dalvikvm: GC_CONCURRENT freed 858K, 17% free 29277K/35207K, paused 2ms+9ms
07-10 17:39:55.207  9357  9426 D dalvikvm: GC_FOR_ALLOC freed 11035K, 43% free 20145K/35207K, paused 29ms
07-10 17:39:55.308  9357  9425 D skia    : WARNING: One-shot allocator has already allocated (alloc count = 1)
07-10 17:39:55.367  9357  9358 D dalvikvm: GC_CONCURRENT freed 85K, 38% free 21999K/35207K, paused 2ms+4ms
07-10 17:39:55.414  9357  9425 D skia    : WARNING: One-shot allocator has already allocated (alloc count = 1)
07-10 17:39:55.437  9357  9425 D skia    : WARNING: One-shot allocator has already allocated (alloc count = 1)
07-10 17:39:55.492  9357  9358 D dalvikvm: GC_CONCURRENT freed 1997K, 38% free 22032K/35207K, paused 2ms+5ms
07-10 17:39:55.566  9357  9425 D skia    : WARNING: One-shot allocator has already allocated (alloc count = 1)
07-10 17:39:55.597  9357  9425 D dalvikvm: GC_FOR_ALLOC freed 703K, 35% free 22952K/35207K, paused 25ms
07-10 17:39:55.636  9357  9425 D skia    : WARNING: One-shot allocator has already allocated (alloc count = 1)
07-10 17:39:55.711  9357  9358 D dalvikvm: GC_CONCURRENT freed 846K, 32% free 24125K/35207K, paused 2ms+4ms
07-10 17:39:55.738  9357  9425 D skia    : WARNING: One-shot allocator has already allocated (alloc count = 1)
07-10 17:39:55.781  9357  9425 D skia    : WARNING: One-shot allocator has already allocated (alloc count = 1)
07-10 17:39:55.816  9357  9425 D dalvikvm: GC_FOR_ALLOC freed 1459K, 31% free 24356K/35207K, paused 24ms
07-10 17:39:55.847  9357  9425 D skia    : WARNING: One-shot allocator has already allocated (alloc count = 1)
07-10 17:39:55.914  9357  9358 D dalvikvm: GC_CONCURRENT freed 832K, 28% free 25450K/35207K, paused 2ms+4ms
07-10 17:39:55.937  9357  9425 D skia    : WARNING: One-shot allocator has already allocated (alloc count = 1)
07-10 17:39:55.984  9357  9425 D skia    : WARNING: One-shot allocator has already allocated (alloc count = 1)
07-10 17:39:56.023  9357  9358 D dalvikvm: GC_CONCURRENT freed 861K, 25% free 26529K/35207K, paused 2ms+4ms
07-10 17:39:56.074  9357  9425 D skia    : WARNING: One-shot allocator has already allocated (alloc count = 1)
07-10 17:39:56.125  9357  9358 D dalvikvm: GC_CONCURRENT freed 1619K, 24% free 26910K/35207K, paused 2ms+5ms
07-10 17:39:56.164  9357  9425 D skia    : WARNING: One-shot allocator has already allocated (alloc count = 1)
07-10 17:39:56.207  9357  9425 D skia    : WARNING: One-shot allocator has already allocated (alloc count = 1)
07-10 17:39:56.257  9357  9358 D dalvikvm: GC_CONCURRENT freed 885K, 21% free 27974K/35207K, paused 2ms+3ms
07-10 17:39:56.304  9357  9425 D skia    : WARNING: One-shot allocator has already allocated (alloc count = 1)
07-10 17:39:56.347  9357  9423 D dalvikvm: GC_FOR_ALLOC freed 1802K, 20% free 28174K/35207K, paused 25ms
07-10 17:39:56.394  9357  9358 D dalvikvm: GC_CONCURRENT freed <1K, 20% free 28330K/35207K, paused 2ms+3ms
07-10 17:39:56.394  9357  9425 D skia    : WARNING: One-shot allocator has already allocated (alloc count = 1)
07-10 17:39:56.418  9357  9425 D skia    : WARNING: One-shot allocator has already allocated (alloc count = 1)
07-10 17:39:56.445  9357  9425 D skia    : WARNING: One-shot allocator has already allocated (alloc count = 1)
07-10 17:39:56.476  9357  9425 D dalvikvm: GC_FOR_ALLOC freed 2067K, 21% free 27948K/35207K, paused 24ms
07-10 17:39:56.500  9357  9425 D skia    : WARNING: One-shot allocator has already allocated (alloc count = 1)
07-10 17:39:56.546  9357  9425 D skia    : WARNING: One-shot allocator has already allocated (alloc count = 1)
07-10 17:39:56.589  9357  9358 D dalvikvm: GC_CONCURRENT freed 1416K, 20% free 28473K/35207K, paused 2ms+5ms
07-10 17:39:56.617  9357  9425 D skia    : WARNING: One-shot allocator has already allocated (alloc count = 1)
07-10 17:39:56.636  9357  9425 D skia    : WARNING: One-shot allocator has already allocated (alloc count = 1)
07-10 17:39:56.660  9357  9425 D skia    : WARNING: One-shot allocator has already allocated (alloc count = 1)
07-10 17:39:56.675  9357  9425 D skia    : WARNING: One-shot allocator has already allocated (alloc count = 1)
07-10 17:39:56.703  9357  9425 D dalvikvm: GC_FOR_ALLOC freed 1856K, 20% free 28429K/35207K, paused 24ms
07-10 17:39:56.714  9357  9425 D skia    : WARNING: One-shot allocator has already allocated (alloc count = 1)
07-10 17:39:56.730  9357  9425 D skia    : WARNING: One-shot allocator has already allocated (alloc count = 1)
07-10 17:39:56.773  9357  9358 D dalvikvm: GC_CONCURRENT freed 2203K, 20% free 28209K/35207K, paused 2ms+4ms
07-10 17:39:56.793  9357  9425 D skia    : WARNING: One-shot allocator has already allocated (alloc count = 1)
07-10 17:39:56.812  9357  9425 D skia    : WARNING: One-shot allocator has already allocated (alloc count = 1)
07-10 17:39:56.824  9357  9425 D skia    : WARNING: One-shot allocator has already allocated (alloc count = 1)
07-10 17:39:56.875  9357  9358 D dalvikvm: GC_CONCURRENT freed 1527K, 19% free 28689K/35207K, paused 2ms+3ms
07-10 17:39:56.894  9357  9425 D skia    : WARNING: One-shot allocator has already allocated (alloc count = 1)
07-10 17:39:56.910  9357  9425 D skia    : WARNING: One-shot allocator has already allocated (alloc count = 1)
07-10 17:39:56.933  9357  9425 D dalvikvm: GC_FOR_ALLOC freed 2327K, 21% free 27915K/35207K, paused 22ms
07-10 17:39:56.945  9357  9425 D skia    : WARNING: One-shot allocator has already allocated (alloc count = 1)
07-10 17:39:56.968  9357  9425 D skia    : WARNING: One-shot allocator has already allocated (alloc count = 1)
07-10 17:39:56.996  9357  9425 D dalvikvm: GC_FOR_ALLOC freed 1656K, 21% free 27915K/35207K, paused 23ms
07-10 17:39:57.007  9357  9425 D skia    : WARNING: One-shot allocator has already allocated (alloc count = 1)
07-10 17:39:57.019  9357  9425 D skia    : WARNING: One-shot allocator has already allocated (alloc count = 1)
07-10 17:39:57.062  9357  9358 D dalvikvm: GC_CONCURRENT freed 1552K, 20% free 28300K/35207K, paused 2ms+4ms
07-10 17:39:57.089  9357  9425 D skia    : WARNING: One-shot allocator has already allocated (alloc count = 1)
07-10 17:39:57.105  9357  9425 D skia    : WARNING: One-shot allocator has already allocated (alloc count = 1)
07-10 17:39:57.125  9357  9425 D skia    : WARNING: One-shot allocator has already allocated (alloc count = 1)
07-10 17:39:57.152  9357  9425 D dalvikvm: GC_FOR_ALLOC freed 2178K, 21% free 27915K/35207K, paused 23ms
07-10 17:39:57.171  9357  9425 D skia    : WARNING: One-shot allocator has already allocated (alloc count = 1)
07-10 17:39:57.187  9357  9425 D skia    : WARNING: One-shot allocator has already allocated (alloc count = 1)
07-10 17:39:57.226  9357  9358 D dalvikvm: GC_CONCURRENT freed 1407K, 20% free 28437K/35207K, paused 2ms+4ms
07-10 17:39:57.246  9357  9425 D skia    : WARNING: One-shot allocator has already allocated (alloc count = 1)
07-10 17:39:57.265  9357  9425 D skia    : WARNING: One-shot allocator has already allocated (alloc count = 1)
07-10 17:39:57.273  9357  9425 D skia    : WARNING: One-shot allocator has already allocated (alloc count = 1)
07-10 17:39:57.285  9357  9425 D skia    : WARNING: One-shot allocator has already allocated (alloc count = 1)
07-10 17:39:57.308  9357  9425 D dalvikvm: GC_FOR_ALLOC freed 1898K, 20% free 28437K/35207K, paused 22ms
07-10 17:39:57.324  9357  9425 D skia    : WARNING: One-shot allocator has already allocated (alloc count = 1)
07-10 17:39:57.336  9357  9425 D skia    : WARNING: One-shot allocator has already allocated (alloc count = 1)
07-10 17:39:57.363  9357  9425 D dalvikvm: GC_FOR_ALLOC freed 2335K, 21% free 27915K/35207K, paused 23ms
07-10 17:39:57.375  9357  9425 D skia    : WARNING: One-shot allocator has already allocated (alloc count = 1)
07-10 17:39:57.386  9357  9425 D skia    : WARNING: One-shot allocator has already allocated (alloc count = 1)
07-10 17:39:57.410  9357  9425 D skia    : WARNING: One-shot allocator has already allocated (alloc count = 1)
07-10 17:39:57.433  9357  9425 D dalvikvm: GC_FOR_ALLOC freed 1532K, 20% free 28297K/35207K, paused 23ms
07-10 17:39:57.445  9357  9425 D skia    : WARNING: One-shot allocator has already allocated (alloc count = 1)
07-10 17:39:57.461  9357  9425 D skia    : WARNING: One-shot allocator has already allocated (alloc count = 1)
07-10 17:39:57.511  9357  9358 D dalvikvm: GC_CONCURRENT freed 1672K, 19% free 28673K/35207K, paused 2ms+3ms
07-10 17:39:57.535  9357  9425 D skia    : WARNING: One-shot allocator has already allocated (alloc count = 1)
07-10 17:39:57.562  9357  9425 D skia    : WARNING: One-shot allocator has already allocated (alloc count = 1)
07-10 17:39:57.605  9357  9358 D dalvikvm: GC_CONCURRENT freed 2160K, 20% free 28441K/35207K, paused 2ms+4ms
07-10 17:39:57.625  9357  9425 D skia    : WARNING: One-shot allocator has already allocated (alloc count = 1)
07-10 17:39:57.648  9357  9425 D skia    : WARNING: One-shot allocator has already allocated (alloc count = 1)
07-10 17:39:57.660  9357  9425 D skia    : WARNING: One-shot allocator has already allocated (alloc count = 1)
07-10 17:39:57.687  9357  9425 D dalvikvm: GC_FOR_ALLOC freed 2197K, 21% free 27915K/35207K, paused 22ms
07-10 17:39:57.699  9357  9425 D skia    : WARNING: One-shot allocator has already allocated (alloc count = 1)
07-10 17:39:57.718  9357  9425 D skia    : WARNING: One-shot allocator has already allocated (alloc count = 1)
07-10 17:39:57.761  9357  9358 D dalvikvm: GC_CONCURRENT freed 1533K, 20% free 28421K/35207K, paused 2ms+5ms
07-10 17:39:57.765    81   128 D AudioHardware: AudioHardware pcm playback is going to standby.
07-10 17:39:57.765    81   128 D AudioHardware: closePcmOut_l() mPcmOpenCnt: 1
07-10 17:39:57.777  9357  9425 D skia    : WARNING: One-shot allocator has already allocated (alloc count = 1)
07-10 17:39:57.793  9357  9425 D skia    : WARNING: One-shot allocator has already allocated (alloc count = 1)
07-10 17:39:57.808  9357  9425 D skia    : WARNING: One-shot allocator has already allocated (alloc count = 1)
07-10 17:39:57.832  9357  9425 D dalvikvm: GC_FOR_ALLOC freed 2318K, 21% free 27915K/35207K, paused 22ms
07-10 17:39:57.855  9357  9425 D skia    : WARNING: One-shot allocator has already allocated (alloc count = 1)
07-10 17:39:57.867  9357  9425 D skia    : WARNING: One-shot allocator has already allocated (alloc count = 1)
07-10 17:39:57.886  9357  9425 D skia    : WARNING: One-shot allocator has already allocated (alloc count = 1)
07-10 17:39:57.910  9357  9425 D dalvikvm: GC_FOR_ALLOC freed 1548K, 20% free 28170K/35207K, paused 23ms
07-10 17:39:57.933  9357  9425 D skia    : WARNING: One-shot allocator has already allocated (alloc count = 1)
07-10 17:39:59.035    81   128 D AudioHardware: AudioHardware pcm playback is exiting standby.
07-10 17:39:59.035    81   128 D AudioHardware: openPcmOut_l() mPcmOpenCnt: 0
07-10 17:40:01.629  9357  9426 V MenuExecutor: Execute cmd: 2131427394 for /local/image/item/385
07-10 17:40:01.636  8828  8839 D MediaProvider: object removed 385
07-10 17:40:01.734  9357  9426 V MenuExecutor: It takes 98 ms to execute cmd for /local/image/item/385
07-10 17:40:01.820  9357  9426 D dalvikvm: GC_FOR_ALLOC freed 1839K, 21% free 28157K/35207K, paused 37ms
07-10 17:40:01.855   144   156 W InputManagerService: Window already focused, ignoring focus gain of: com.android.internal.view.IInputMethodClient$Stub$Proxy@417e9948
07-10 17:40:01.945  9357  9423 D dalvikvm: GC_FOR_ALLOC freed 10074K, 44% free 19978K/35207K, paused 34ms
07-10 17:40:02.125  9357  9425 D dalvikvm: GC_FOR_ALLOC freed 136K, 39% free 21698K/35207K, paused 25ms
07-10 17:40:02.168  9357  9425 D skia    : WARNING: One-shot allocator has already allocated (alloc count = 1)
07-10 17:40:02.226  9357  9358 D dalvikvm: GC_CONCURRENT freed 820K, 36% free 22841K/35207K, paused 2ms+5ms
07-10 17:40:02.246  9357  9425 D skia    : WARNING: One-shot allocator has already allocated (alloc count = 1)
07-10 17:40:02.265  9357  9425 D skia    : WARNING: One-shot allocator has already allocated (alloc count = 1)
07-10 17:40:02.355  9357  9358 D dalvikvm: GC_CONCURRENT freed 1231K, 33% free 23653K/35207K, paused 2ms+4ms
07-10 17:40:02.359  9357  9425 D skia    : WARNING: One-shot allocator has already allocated (alloc count = 1)
07-10 17:40:02.410  9357  9425 D skia    : WARNING: One-shot allocator has already allocated (alloc count = 1)
07-10 17:40:02.468  9357  9358 D dalvikvm: GC_CONCURRENT freed 1466K, 32% free 24136K/35207K, paused 2ms+4ms
07-10 17:40:02.523  9357  9425 D skia    : WARNING: One-shot allocator has already allocated (alloc count = 1)
07-10 17:40:02.593  9357  9358 D dalvikvm: GC_CONCURRENT freed 711K, 29% free 25346K/35207K, paused 2ms+4ms
07-10 17:40:02.593  9357  9425 D skia    : WARNING: One-shot allocator has already allocated (alloc count = 1)
07-10 17:40:02.644  9357  9425 D skia    : WARNING: One-shot allocator has already allocated (alloc count = 1)
07-10 17:40:02.703  9357  9358 D dalvikvm: GC_CONCURRENT freed 1634K, 28% free 25633K/35207K, paused 2ms+4ms
07-10 17:40:02.714  9357  9425 D skia    : WARNING: One-shot allocator has already allocated (alloc count = 1)
07-10 17:40:02.761  9357  9425 D skia    : WARNING: One-shot allocator has already allocated (alloc count = 1)
07-10 17:40:02.812  9357  9358 D dalvikvm: GC_CONCURRENT freed 832K, 24% free 26772K/35207K, paused 3ms+4ms
07-10 17:40:02.855  9357  9425 D skia    : WARNING: One-shot allocator has already allocated (alloc count = 1)
07-10 17:40:02.910  9357  9358 D dalvikvm: GC_CONCURRENT freed 1631K, 23% free 27159K/35207K, paused 2ms+4ms
07-10 17:40:02.949  9357  9425 D skia    : WARNING: One-shot allocator has already allocated (alloc count = 1)
07-10 17:40:02.992  9357  9425 D skia    : WARNING: One-shot allocator has already allocated (alloc count = 1)
07-10 17:40:03.046  9357  9358 D dalvikvm: GC_CONCURRENT freed 1041K, 21% free 28090K/35207K, paused 1ms+4ms
07-10 17:40:03.089  9357  9425 D skia    : WARNING: One-shot allocator has already allocated (alloc count = 1)
07-10 17:40:03.136  9357  9425 D skia    : WARNING: One-shot allocator has already allocated (alloc count = 1)
07-10 17:40:03.164  9357  9425 D dalvikvm: GC_FOR_ALLOC freed 1951K, 21% free 28052K/35207K, paused 23ms
07-10 17:40:03.175  9357  9425 D skia    : WARNING: One-shot allocator has already allocated (alloc count = 1)
07-10 17:40:03.203  9357  9425 D skia    : WARNING: One-shot allocator has already allocated (alloc count = 1)
07-10 17:40:03.242  9357  9358 D dalvikvm: GC_CONCURRENT freed 1684K, 20% free 28316K/35207K, paused 2ms+4ms
07-10 17:40:03.261  9357  9425 D skia    : WARNING: One-shot allocator has already allocated (alloc count = 1)
07-10 17:40:03.289  9357  9425 D skia    : WARNING: One-shot allocator has already allocated (alloc count = 1)
07-10 17:40:03.296  9357  9425 D skia    : WARNING: One-shot allocator has already allocated (alloc count = 1)
07-10 17:40:03.308  9357  9425 D skia    : WARNING: One-shot allocator has already allocated (alloc count = 1)
07-10 17:40:03.332  9357  9425 D dalvikvm: GC_FOR_ALLOC freed 1845K, 20% free 28291K/35207K, paused 21ms
07-10 17:40:03.355  9357  9425 D skia    : WARNING: One-shot allocator has already allocated (alloc count = 1)
07-10 17:40:03.371  9357  9425 D skia    : WARNING: One-shot allocator has already allocated (alloc count = 1)
07-10 17:40:03.398  9357  9425 D dalvikvm: GC_FOR_ALLOC freed 2197K, 22% free 27765K/35207K, paused 23ms
07-10 17:40:03.410  9357  9425 D skia    : WARNING: One-shot allocator has already allocated (alloc count = 1)
07-10 17:40:03.421  9357  9425 D skia    : WARNING: One-shot allocator has already allocated (alloc count = 1)
07-10 17:40:03.441  9357  9425 D skia    : WARNING: One-shot allocator has already allocated (alloc count = 1)
07-10 17:40:03.531  9357  9358 D dalvikvm: GC_CONCURRENT freed 1450K, 20% free 28288K/35207K, paused 2ms+8ms
07-10 17:40:03.621  9357  9425 D skia    : WARNING: One-shot allocator has already allocated (alloc count = 1)
07-10 17:40:03.640  9357  9425 D skia    : WARNING: One-shot allocator has already allocated (alloc count = 1)
07-10 17:40:03.671  9357  9425 D dalvikvm: GC_FOR_ALLOC freed 2327K, 22% free 27791K/35207K, paused 29ms
07-10 17:40:03.687  9357  9425 D skia    : WARNING: One-shot allocator has already allocated (alloc count = 1)
07-10 17:40:03.703  9357  9425 D skia    : WARNING: One-shot allocator has already allocated (alloc count = 1)
07-10 17:40:03.738  9357  9425 D dalvikvm: GC_FOR_ALLOC freed 1567K, 22% free 27776K/35207K, paused 29ms
07-10 17:40:03.746  9357  9425 D skia    : WARNING: One-shot allocator has already allocated (alloc count = 1)
07-10 17:40:03.777  9357  9425 D skia    : WARNING: One-shot allocator has already allocated (alloc count = 1)
07-10 17:40:03.808  9357  9425 D dalvikvm: GC_FOR_ALLOC freed 1655K, 22% free 27776K/35207K, paused 28ms
07-10 17:40:03.824  9357  9425 D skia    : WARNING: One-shot allocator has already allocated (alloc count = 1)
07-10 17:40:03.839  9357  9425 D skia    : WARNING: One-shot allocator has already allocated (alloc count = 1)
07-10 17:40:03.890  9357  9358 D dalvikvm: GC_CONCURRENT freed 1552K, 21% free 28161K/35207K, paused 2ms+14ms
07-10 17:40:03.921  9357  9425 D skia    : WARNING: One-shot allocator has already allocated (alloc count = 1)
07-10 17:40:03.933  9357  9425 D skia    : WARNING: One-shot allocator has already allocated (alloc count = 1)
07-10 17:40:03.953  9357  9425 D skia    : WARNING: One-shot allocator has already allocated (alloc count = 1)
07-10 17:40:03.980  9357  9425 D dalvikvm: GC_FOR_ALLOC freed 2178K, 22% free 27776K/35207K, paused 22ms
07-10 17:40:04.000  9357  9425 D skia    : WARNING: One-shot allocator has already allocated (alloc count = 1)
07-10 17:40:04.015  9357  9425 D skia    : WARNING: One-shot allocator has already allocated (alloc count = 1)
07-10 17:40:04.054  9357  9358 D dalvikvm: GC_CONCURRENT freed 1407K, 20% free 28298K/35207K, paused 2ms+4ms
07-10 17:40:04.074  9357  9425 D skia    : WARNING: One-shot allocator has already allocated (alloc count = 1)
07-10 17:40:04.089  9357  9425 D skia    : WARNING: One-shot allocator has already allocated (alloc count = 1)
07-10 17:40:04.097  9357  9425 D skia    : WARNING: One-shot allocator has already allocated (alloc count = 1)
07-10 17:40:04.113  9357  9425 D skia    : WARNING: One-shot allocator has already allocated (alloc count = 1)
07-10 17:40:04.144  9357  9425 D dalvikvm: GC_FOR_ALLOC freed 1898K, 20% free 28298K/35207K, paused 23ms
07-10 17:40:04.160  9357  9425 D skia    : WARNING: One-shot allocator has already allocated (alloc count = 1)
07-10 17:40:04.171  9357  9425 D skia    : WARNING: One-shot allocator has already allocated (alloc count = 1)
07-10 17:40:04.195  9357  9425 D dalvikvm: GC_FOR_ALLOC freed 2335K, 22% free 27776K/35207K, paused 22ms
07-10 17:40:04.207  9357  9425 D skia    : WARNING: One-shot allocator has already allocated (alloc count = 1)
07-10 17:40:04.222  9357  9425 D skia    : WARNING: One-shot allocator has already allocated (alloc count = 1)
07-10 17:40:04.265  9357  9425 D skia    : WARNING: One-shot allocator has already allocated (alloc count = 1)
07-10 17:40:04.320  9357  9358 D dalvikvm: GC_CONCURRENT freed 1535K, 20% free 28218K/35207K, paused 2ms+8ms
07-10 17:40:04.402  9357  9425 D skia    : WARNING: One-shot allocator has already allocated (alloc count = 1)
07-10 17:40:04.421  9357  9425 D skia    : WARNING: One-shot allocator has already allocated (alloc count = 1)
07-10 17:40:04.453  9357  9425 D dalvikvm: GC_FOR_ALLOC freed 1703K, 20% free 28338K/35207K, paused 30ms
07-10 17:40:04.476  9357  9425 D skia    : WARNING: One-shot allocator has already allocated (alloc count = 1)
07-10 17:40:04.507  9357  9425 D skia    : WARNING: One-shot allocator has already allocated (alloc count = 1)
07-10 17:40:04.535  9357  9425 D dalvikvm: GC_FOR_ALLOC freed 2165K, 21% free 27831K/35207K, paused 28ms
07-10 17:40:04.550  9357  9425 D skia    : WARNING: One-shot allocator has already allocated (alloc count = 1)
07-10 17:40:04.582  9357  9425 D skia    : WARNING: One-shot allocator has already allocated (alloc count = 1)
07-10 17:40:04.632  9357  9358 D dalvikvm: GC_CONCURRENT freed 1427K, 20% free 28345K/35207K, paused 2ms+9ms
07-10 17:40:04.648  9357  9425 D skia    : WARNING: One-shot allocator has already allocated (alloc count = 1)
07-10 17:40:04.664  9357  9425 D skia    : WARNING: One-shot allocator has already allocated (alloc count = 1)
07-10 17:40:04.683  9357  9425 D skia    : WARNING: One-shot allocator has already allocated (alloc count = 1)
07-10 17:40:04.711  9357  9425 D dalvikvm: GC_FOR_ALLOC freed 2307K, 21% free 27828K/35207K, paused 23ms
07-10 17:40:04.722  9357  9425 D skia    : WARNING: One-shot allocator has already allocated (alloc count = 1)
07-10 17:40:04.734  9357  9425 D skia    : WARNING: One-shot allocator has already allocated (alloc count = 1)
07-10 17:40:04.761  9357  9425 D dalvikvm: GC_FOR_ALLOC freed 1537K, 21% free 27827K/35207K, paused 23ms
07-10 17:40:04.773  9357  9425 D skia    : WARNING: One-shot allocator has already allocated (alloc count = 1)
07-10 17:40:04.785  9357  9425 D skia    : WARNING: One-shot allocator has already allocated (alloc count = 1)
07-10 17:40:04.812  9357  9425 D dalvikvm: GC_FOR_ALLOC freed 1552K, 21% free 27827K/35207K, paused 22ms
07-10 17:40:04.824  9357  9425 D skia    : WARNING: One-shot allocator has already allocated (alloc count = 1)
07-10 17:40:04.839  9357  9425 D skia    : WARNING: One-shot allocator has already allocated (alloc count = 1)
07-10 17:40:04.863  9357  9425 D skia    : WARNING: One-shot allocator has already allocated (alloc count = 1)
07-10 17:40:04.886  9357  9425 D dalvikvm: GC_FOR_ALLOC freed 1543K, 20% free 28201K/35207K, paused 23ms
07-10 17:40:05.207  9357  9424 V MenuExecutor: Execute cmd: 2131427394 for /local/image/item/384
07-10 17:40:05.222  8828  8846 D MediaProvider: object removed 384
07-10 17:40:05.320  9357  9424 V MenuExecutor: It takes 114 ms to execute cmd for /local/image/item/384
07-10 17:40:05.351   144   344 W InputManagerService: Window already focused, ignoring focus gain of: com.android.internal.view.IInputMethodClient$Stub$Proxy@418fe470
07-10 17:40:05.453  9357  9424 D dalvikvm: GC_FOR_ALLOC freed 1001K, 20% free 28336K/35207K, paused 37ms
07-10 17:40:05.586  9357  9358 D dalvikvm: GC_CONCURRENT freed 9929K, 42% free 20455K/35207K, paused 2ms+7ms
07-10 17:40:05.695  9357  9425 D skia    : WARNING: One-shot allocator has already allocated (alloc count = 1)
07-10 17:40:05.773  9357  9358 D dalvikvm: GC_CONCURRENT freed 462K, 38% free 22021K/35207K, paused 2ms+5ms
07-10 17:40:05.804  9357  9425 D skia    : WARNING: One-shot allocator has already allocated (alloc count = 1)
07-10 17:40:05.882  9357  9425 D skia    : WARNING: One-shot allocator has already allocated (alloc count = 1)
07-10 17:40:05.910  9357  9425 D dalvikvm: GC_FOR_ALLOC freed 1117K, 36% free 22712K/35207K, paused 24ms
07-10 17:40:05.949  9357  9425 D skia    : WARNING: One-shot allocator has already allocated (alloc count = 1)
07-10 17:40:05.980  9357  9425 D dalvikvm: GC_FOR_ALLOC freed 1442K, 36% free 22799K/35207K, paused 23ms
07-10 17:40:06.019  9357  9425 D skia    : WARNING: One-shot allocator has already allocated (alloc count = 1)
07-10 17:40:06.086  9357  9358 D dalvikvm: GC_CONCURRENT freed 845K, 33% free 23880K/35207K, paused 2ms+4ms
07-10 17:40:06.101  9357  9425 D skia    : WARNING: One-shot allocator has already allocated (alloc count = 1)
07-10 17:40:06.152  9357  9425 D skia    : WARNING: One-shot allocator has already allocated (alloc count = 1)
07-10 17:40:06.183  9357  9425 D dalvikvm: GC_FOR_ALLOC freed 1567K, 32% free 24202K/35207K, paused 24ms
07-10 17:40:06.222  9357  9425 D skia    : WARNING: One-shot allocator has already allocated (alloc count = 1)
07-10 17:40:06.273  9357  9358 D dalvikvm: GC_CONCURRENT freed 823K, 29% free 25342K/35207K, paused 2ms+4ms
07-10 17:40:06.293  9357  9425 D skia    : WARNING: One-shot allocator has already allocated (alloc count = 1)
07-10 17:40:06.343  9357  9425 D skia    : WARNING: One-shot allocator has already allocated (alloc count = 1)
07-10 17:40:06.371  9357  9425 D dalvikvm: GC_FOR_ALLOC freed 1601K, 28% free 25458K/35207K, paused 24ms
07-10 17:40:06.441  9357  9425 D skia    : WARNING: One-shot allocator has already allocated (alloc count = 1)
07-10 17:40:06.484  9357  9425 D dalvikvm: GC_FOR_ALLOC freed 994K, 26% free 26215K/35207K, paused 22ms
07-10 17:40:06.523  9357  9425 D skia    : WARNING: One-shot allocator has already allocated (alloc count = 1)
07-10 17:40:06.574  9357  9358 D dalvikvm: GC_CONCURRENT freed 865K, 23% free 27381K/35207K, paused 2ms+5ms
07-10 17:40:06.578  9357  9425 D skia    : WARNING: One-shot allocator has already allocated (alloc count = 1)
07-10 17:40:06.625  9357  9425 D skia    : WARNING: One-shot allocator has already allocated (alloc count = 1)
07-10 17:40:06.679  9357  9358 D dalvikvm: GC_CONCURRENT freed 1628K, 22% free 27739K/35207K, paused 2ms+5ms
07-10 17:40:06.742  9357  9425 D skia    : WARNING: One-shot allocator has already allocated (alloc count = 1)
07-10 17:40:06.789  9357  9425 D skia    : WARNING: One-shot allocator has already allocated (alloc count = 1)
07-10 17:40:06.824  9357  9425 D skia    : WARNING: One-shot allocator has already allocated (alloc count = 1)
07-10 17:40:06.879  9357  9358 D dalvikvm: GC_CONCURRENT freed 1629K, 21% free 28133K/35207K, paused 1ms+4ms
07-10 17:40:06.914  9357  9425 D skia    : WARNING: One-shot allocator has already allocated (alloc count = 1)
07-10 17:40:06.929  9357  9425 D skia    : WARNING: One-shot allocator has already allocated (alloc count = 1)
07-10 17:40:06.972  9357  9358 D dalvikvm: GC_CONCURRENT freed 1946K, 21% free 28120K/35207K, paused 2ms+4ms
07-10 17:40:06.992  9357  9425 D skia    : WARNING: One-shot allocator has already allocated (alloc count = 1)
07-10 17:40:07.007  9357  9425 D skia    : WARNING: One-shot allocator has already allocated (alloc count = 1)
07-10 17:40:07.050  9357  9358 D dalvikvm: GC_CONCURRENT freed 2064K, 21% free 27991K/35207K, paused 2ms+4ms
07-10 17:40:07.078  9357  9425 D skia    : WARNING: One-shot allocator has already allocated (alloc count = 1)
07-10 17:40:07.093  9357  9425 D skia    : WARNING: One-shot allocator has already allocated (alloc count = 1)
07-10 17:40:07.121  9357  9425 D dalvikvm: GC_FOR_ALLOC freed 1915K, 22% free 27608K/35207K, paused 23ms
07-10 17:40:07.132  9357  9425 D skia    : WARNING: One-shot allocator has already allocated (alloc count = 1)
07-10 17:40:07.144  9357  9425 D skia    : WARNING: One-shot allocator has already allocated (alloc count = 1)
07-10 17:40:07.187  9357  9358 D dalvikvm: GC_CONCURRENT freed 1552K, 21% free 27993K/35207K, paused 1ms+3ms
07-10 17:40:07.214  9357  9425 D skia    : WARNING: One-shot allocator has already allocated (alloc count = 1)
07-10 17:40:07.238  9357  9425 D skia    : WARNING: One-shot allocator has already allocated (alloc count = 1)
07-10 17:40:07.261  9357  9425 D skia    : WARNING: One-shot allocator has already allocated (alloc count = 1)
07-10 17:40:07.304  9357  9358 D dalvikvm: GC_CONCURRENT freed 2048K, 21% free 27908K/35207K, paused 2ms+4ms
07-10 17:40:07.324  9357  9425 D skia    : WARNING: One-shot allocator has already allocated (alloc count = 1)
07-10 17:40:07.339  9357  9425 D skia    : WARNING: One-shot allocator has already allocated (alloc count = 1)
07-10 17:40:07.386  9357  9358 D dalvikvm: GC_CONCURRENT freed 1777K, 21% free 28130K/35207K, paused 2ms+4ms
07-10 17:40:07.402  9357  9425 D skia    : WARNING: One-shot allocator has already allocated (alloc count = 1)
07-10 17:40:07.418  9357  9425 D skia    : WARNING: One-shot allocator has already allocated (alloc count = 1)
07-10 17:40:07.441  9357  9425 D skia    : WARNING: One-shot allocator has already allocated (alloc count = 1)
07-10 17:40:07.496  9357  9358 D dalvikvm: GC_CONCURRENT freed 2190K, 21% free 27864K/35207K, paused 2ms+5ms
07-10 17:40:07.519  9357  9425 D skia    : WARNING: One-shot allocator has already allocated (alloc count = 1)
07-10 17:40:07.546  9357  9425 D skia    : WARNING: One-shot allocator has already allocated (alloc count = 1)
07-10 17:40:07.566  9357  9425 D skia    : WARNING: One-shot allocator has already allocated (alloc count = 1)
07-10 17:40:07.589  9357  9425 D dalvikvm: GC_FOR_ALLOC freed 1911K, 21% free 27865K/35207K, paused 22ms
07-10 17:40:07.605  9357  9425 D skia    : WARNING: One-shot allocator has already allocated (alloc count = 1)
07-10 17:40:07.629  9357  9425 D skia    : WARNING: One-shot allocator has already allocated (alloc count = 1)
07-10 17:40:07.679  9357  9358 D dalvikvm: GC_CONCURRENT freed 1551K, 19% free 28767K/35207K, paused 3ms+5ms
07-10 17:40:07.703  9357  9425 D skia    : WARNING: One-shot allocator has already allocated (alloc count = 1)
07-10 17:40:07.722  9357  9425 D skia    : WARNING: One-shot allocator has already allocated (alloc count = 1)
07-10 17:40:07.742  9357  9425 D skia    : WARNING: One-shot allocator has already allocated (alloc count = 1)
07-10 17:40:07.769  9357  9425 D dalvikvm: GC_FOR_ALLOC freed 2948K, 22% free 27608K/35207K, paused 23ms
07-10 17:40:07.781  9357  9425 D skia    : WARNING: One-shot allocator has already allocated (alloc count = 1)
07-10 17:40:07.796  9357  9425 D skia    : WARNING: One-shot allocator has already allocated (alloc count = 1)
07-10 17:40:07.820  9357  9425 D dalvikvm: GC_FOR_ALLOC freed 1556K, 22% free 27608K/35207K, paused 23ms
07-10 17:40:07.832  9357  9425 D skia    : WARNING: One-shot allocator has already allocated (alloc count = 1)
07-10 17:40:07.847  9357  9425 D skia    : WARNING: One-shot allocator has already allocated (alloc count = 1)
07-10 17:40:07.886  9357  9358 D dalvikvm: GC_CONCURRENT freed 1548K, 21% free 27982K/35207K, paused 2ms+5ms
07-10 17:40:07.914  9357  9425 D skia    : WARNING: One-shot allocator has already allocated (alloc count = 1)
07-10 17:40:07.937  9357  9425 D skia    : WARNING: One-shot allocator has already allocated (alloc count = 1)
07-10 17:40:07.953  9357  9425 D skia    : WARNING: One-shot allocator has already allocated (alloc count = 1)
07-10 17:40:07.976  9357  9425 D dalvikvm: GC_FOR_ALLOC freed 1651K, 21% free 28126K/35207K, paused 22ms
07-10 17:40:08.230    81   128 D AudioHardware: AudioHardware pcm playback is going to standby.
07-10 17:40:08.230    81   128 D AudioHardware: closePcmOut_l() mPcmOpenCnt: 1
07-10 17:40:08.402    81   128 D AudioHardware: AudioHardware pcm playback is exiting standby.
07-10 17:40:08.402    81   128 D AudioHardware: openPcmOut_l() mPcmOpenCnt: 0
07-10 17:40:10.320  9357  9423 V MenuExecutor: Execute cmd: 2131427394 for /local/image/item/383
07-10 17:40:10.328  8828  9476 D MediaProvider: object removed 383
07-10 17:40:10.464  9357  9423 V MenuExecutor: It takes 145 ms to execute cmd for /local/image/item/383
07-10 17:40:10.586  9357  9423 D dalvikvm: GC_FOR_ALLOC freed 936K, 20% free 28204K/35207K, paused 43ms
07-10 17:40:10.593   144   308 W InputManagerService: Window already focused, ignoring focus gain of: com.android.internal.view.IInputMethodClient$Stub$Proxy@41842d80
07-10 17:40:10.714  9357  9424 D dalvikvm: GC_FOR_ALLOC freed 9808K, 43% free 20299K/35207K, paused 30ms
07-10 17:40:10.886  9357  9358 D dalvikvm: GC_CONCURRENT freed 110K, 37% free 22228K/35207K, paused 4ms+4ms
07-10 17:40:10.925  9357  9425 D skia    : WARNING: One-shot allocator has already allocated (alloc count = 1)
07-10 17:40:10.964  9357  9425 D skia    : WARNING: One-shot allocator has already allocated (alloc count = 1)
07-10 17:40:11.027  9357  9358 D dalvikvm: GC_CONCURRENT freed 1608K, 36% free 22614K/35207K, paused 2ms+4ms
07-10 17:40:11.027  9357  9425 D skia    : WARNING: One-shot allocator has already allocated (alloc count = 1)
07-10 17:40:11.093  9357  9425 D skia    : WARNING: One-shot allocator has already allocated (alloc count = 1)
07-10 17:40:11.132  9357  9425 D dalvikvm: GC_FOR_ALLOC freed 1101K, 34% free 23269K/35207K, paused 24ms
07-10 17:40:11.164  9357  9425 D skia    : WARNING: One-shot allocator has already allocated (alloc count = 1)
07-10 17:40:11.234  9357  9358 D dalvikvm: GC_CONCURRENT freed 833K, 31% free 24435K/35207K, paused 2ms+4ms
07-10 17:40:11.265  9357  9425 D skia    : WARNING: One-shot allocator has already allocated (alloc count = 1)
07-10 17:40:11.308  9357  9425 D skia    : WARNING: One-shot allocator has already allocated (alloc count = 1)
07-10 17:40:11.339  9357  9425 D dalvikvm: GC_FOR_ALLOC freed 1456K, 30% free 24683K/35207K, paused 25ms
07-10 17:40:11.371  9357  9425 D skia    : WARNING: One-shot allocator has already allocated (alloc count = 1)
07-10 17:40:11.441  9357  9358 D dalvikvm: GC_CONCURRENT freed 847K, 27% free 25768K/35207K, paused 2ms+5ms
07-10 17:40:11.441  9357  9425 D skia    : WARNING: One-shot allocator has already allocated (alloc count = 1)
07-10 17:40:11.492  9357  9425 D skia    : WARNING: One-shot allocator has already allocated (alloc count = 1)
07-10 17:40:11.523  9357  9425 D dalvikvm: GC_FOR_ALLOC freed 1589K, 27% free 25962K/35207K, paused 24ms
07-10 17:40:11.562  9357  9425 D skia    : WARNING: One-shot allocator has already allocated (alloc count = 1)
07-10 17:40:11.609  9357  9424 D dalvikvm: GC_FOR_ALLOC freed 900K, 24% free 26958K/35207K, paused 24ms
07-10 17:40:11.742  9357  9425 D skia    : WARNING: One-shot allocator has already allocated (alloc count = 1)
07-10 17:40:11.793  9357  9425 D skia    : WARNING: One-shot allocator has already allocated (alloc count = 1)
07-10 17:40:11.859  9357  9358 D dalvikvm: GC_CONCURRENT freed 944K, 21% free 28038K/35207K, paused 3ms+6ms
07-10 17:40:11.910  9357  9425 D skia    : WARNING: One-shot allocator has already allocated (alloc count = 1)
07-10 17:40:11.964  9357  9425 D skia    : WARNING: One-shot allocator has already allocated (alloc count = 1)
07-10 17:40:12.007  9357  9358 D dalvikvm: GC_CONCURRENT freed 2082K, 21% free 28003K/35207K, paused 2ms+5ms
07-10 17:40:12.027  9357  9425 D skia    : WARNING: One-shot allocator has already allocated (alloc count = 1)
07-10 17:40:12.054  9357  9425 D skia    : WARNING: One-shot allocator has already allocated (alloc count = 1)
07-10 17:40:12.082  9357  9425 D skia    : WARNING: One-shot allocator has already allocated (alloc count = 1)
07-10 17:40:12.132  9357  9358 D dalvikvm: GC_CONCURRENT freed 1684K, 20% free 28266K/35207K, paused 3ms+5ms
07-10 17:40:12.179  9357  9425 D skia    : WARNING: One-shot allocator has already allocated (alloc count = 1)
07-10 17:40:12.195  9357  9425 D skia    : WARNING: One-shot allocator has already allocated (alloc count = 1)
07-10 17:40:12.203  9357  9425 D skia    : WARNING: One-shot allocator has already allocated (alloc count = 1)
07-10 17:40:12.230  9357  9425 D dalvikvm: GC_FOR_ALLOC freed 2628K, 23% free 27459K/35207K, paused 24ms
07-10 17:40:12.250  9357  9425 D skia    : WARNING: One-shot allocator has already allocated (alloc count = 1)
07-10 17:40:12.261  9357  9425 D skia    : WARNING: One-shot allocator has already allocated (alloc count = 1)
07-10 17:40:12.312  9357  9358 D dalvikvm: GC_CONCURRENT freed 1415K, 21% free 27981K/35207K, paused 2ms+4ms
07-10 17:40:12.332  9357  9425 D skia    : WARNING: One-shot allocator has already allocated (alloc count = 1)
07-10 17:40:12.347  9357  9425 D skia    : WARNING: One-shot allocator has already allocated (alloc count = 1)
07-10 17:40:12.363  9357  9425 D skia    : WARNING: One-shot allocator has already allocated (alloc count = 1)
07-10 17:40:12.390  9357  9425 D dalvikvm: GC_FOR_ALLOC freed 2182K, 23% free 27459K/35207K, paused 23ms
07-10 17:40:12.402  9357  9425 D skia    : WARNING: One-shot allocator has already allocated (alloc count = 1)
07-10 17:40:12.414  9357  9425 D skia    : WARNING: One-shot allocator has already allocated (alloc count = 1)
07-10 17:40:12.445  9357  9425 D dalvikvm: GC_FOR_ALLOC freed 1552K, 23% free 27459K/35207K, paused 23ms
07-10 17:40:12.500  9357  9425 D skia    : WARNING: One-shot allocator has already allocated (alloc count = 1)
07-10 17:40:12.566  9357  9425 D skia    : WARNING: One-shot allocator has already allocated (alloc count = 1)
07-10 17:40:12.601  9357  9425 D dalvikvm: GC_FOR_ALLOC freed 1584K, 22% free 27521K/35207K, paused 32ms
07-10 17:40:12.617  9357  9425 D skia    : WARNING: One-shot allocator has already allocated (alloc count = 1)
07-10 17:40:12.644  9357  9425 D skia    : WARNING: One-shot allocator has already allocated (alloc count = 1)
07-10 17:40:12.679  9357  9425 D dalvikvm: GC_FOR_ALLOC freed 1662K, 22% free 27515K/35207K, paused 32ms
07-10 17:40:12.695  9357  9425 D skia    : WARNING: One-shot allocator has already allocated (alloc count = 1)
07-10 17:40:12.707  9357  9425 D skia    : WARNING: One-shot allocator has already allocated (alloc count = 1)
07-10 17:40:12.769  9357  9358 D dalvikvm: GC_CONCURRENT freed 1552K, 21% free 27900K/35207K, paused 3ms+5ms
07-10 17:40:12.800  9357  9425 D skia    : WARNING: One-shot allocator has already allocated (alloc count = 1)
07-10 17:40:12.816  9357  9425 D skia    : WARNING: One-shot allocator has already allocated (alloc count = 1)
07-10 17:40:12.836  9357  9425 D skia    : WARNING: One-shot allocator has already allocated (alloc count = 1)
07-10 17:40:12.863  9357  9425 D dalvikvm: GC_FOR_ALLOC freed 2181K, 22% free 27511K/35207K, paused 24ms
07-10 17:40:12.879  9357  9425 D skia    : WARNING: One-shot allocator has already allocated (alloc count = 1)
07-10 17:40:12.894  9357  9425 D skia    : WARNING: One-shot allocator has already allocated (alloc count = 1)
07-10 17:40:12.937  9357  9358 D dalvikvm: GC_CONCURRENT freed 1407K, 21% free 28032K/35207K, paused 3ms+5ms
07-10 17:40:12.953  9357  9425 D skia    : WARNING: One-shot allocator has already allocated (alloc count = 1)
07-10 17:40:12.972  9357  9425 D skia    : WARNING: One-shot allocator has already allocated (alloc count = 1)
07-10 17:40:12.980  9357  9425 D skia    : WARNING: One-shot allocator has already allocated (alloc count = 1)
07-10 17:40:12.996  9357  9425 D skia    : WARNING: One-shot allocator has already allocated (alloc count = 1)
07-10 17:40:13.019  9357  9425 D dalvikvm: GC_FOR_ALLOC freed 1898K, 21% free 28033K/35207K, paused 23ms
07-10 17:40:13.031  9357  9425 D skia    : WARNING: One-shot allocator has already allocated (alloc count = 1)
07-10 17:40:13.046  9357  9425 D skia    : WARNING: One-shot allocator has already allocated (alloc count = 1)
07-10 17:40:13.074  9357  9425 D dalvikvm: GC_FOR_ALLOC freed 2335K, 22% free 27510K/35207K, paused 24ms
07-10 17:40:13.082  9357  9425 D skia    : WARNING: One-shot allocator has already allocated (alloc count = 1)
07-10 17:40:13.097  9357  9425 D skia    : WARNING: One-shot allocator has already allocated (alloc count = 1)
07-10 17:40:13.125  9357  9425 D skia    : WARNING: One-shot allocator has already allocated (alloc count = 1)
07-10 17:40:13.148  9357  9425 D dalvikvm: GC_FOR_ALLOC freed 1532K, 21% free 27893K/35207K, paused 23ms
07-10 17:40:13.164  9357  9425 D skia    : WARNING: One-shot allocator has already allocated (alloc count = 1)
07-10 17:40:13.175  9357  9425 D skia    : WARNING: One-shot allocator has already allocated (alloc count = 1)
07-10 17:40:13.214  9357  9358 D dalvikvm: GC_CONCURRENT freed 1672K, 20% free 28269K/35207K, paused 2ms+4ms
07-10 17:40:13.273  9357  9424 V MenuExecutor: Execute cmd: 2131427394 for /local/image/item/382
07-10 17:40:13.273  8828  8840 D MediaProvider: object removed 382
07-10 17:40:13.332  9357  9425 D skia    : WARNING: One-shot allocator has already allocated (alloc count = 1)
07-10 17:40:13.351  9357  9424 V MenuExecutor: It takes 79 ms to execute cmd for /local/image/item/382
07-10 17:40:13.390   144  9046 W InputManagerService: Window already focused, ignoring focus gain of: com.android.internal.view.IInputMethodClient$Stub$Proxy@41891990
07-10 17:40:13.433  9357  9425 D skia    : WARNING: One-shot allocator has already allocated (alloc count = 1)
07-10 17:40:13.507  9357  9426 D dalvikvm: GC_FOR_ALLOC freed 2228K, 22% free 27543K/35207K, paused 45ms
07-10 17:40:13.625  9357  9424 D dalvikvm: GC_FOR_ALLOC freed 1277K, 20% free 28176K/35207K, paused 34ms
07-10 17:40:13.816  9357  9358 D dalvikvm: GC_CONCURRENT freed 8488K, 39% free 21706K/35207K, paused 2ms+5ms
07-10 17:40:13.902  9357  9425 D skia    : WARNING: One-shot allocator has already allocated (alloc count = 1)
07-10 17:40:13.957  9357  9358 D dalvikvm: GC_CONCURRENT freed 692K, 35% free 23014K/35207K, paused 2ms+5ms
07-10 17:40:13.992  9357  9425 D skia    : WARNING: One-shot allocator has already allocated (alloc count = 1)
07-10 17:40:14.089  9357  9425 D skia    : WARNING: One-shot allocator has already allocated (alloc count = 1)
07-10 17:40:14.109  9357  9358 D dalvikvm: GC_CONCURRENT freed 875K, 32% free 24121K/35207K, paused 2ms+4ms
07-10 17:40:14.156  9357  9425 D skia    : WARNING: One-shot allocator has already allocated (alloc count = 1)
07-10 17:40:14.183  9357  9425 D dalvikvm: GC_FOR_ALLOC freed 1439K, 32% free 24208K/35207K, paused 24ms
07-10 17:40:14.222  9357  9425 D skia    : WARNING: One-shot allocator has already allocated (alloc count = 1)
07-10 17:40:14.296  9357  9358 D dalvikvm: GC_CONCURRENT freed 855K, 29% free 25291K/35207K, paused 2ms+4ms
07-10 17:40:14.312  9357  9425 D skia    : WARNING: One-shot allocator has already allocated (alloc count = 1)
07-10 17:40:14.363  9357  9425 D skia    : WARNING: One-shot allocator has already allocated (alloc count = 1)
07-10 17:40:14.418  9357  9358 D dalvikvm: GC_CONCURRENT freed 823K, 25% free 26422K/35207K, paused 2ms+5ms
07-10 17:40:14.472  9357  9425 D skia    : WARNING: One-shot allocator has already allocated (alloc count = 1)
07-10 17:40:14.527  9357  9358 D dalvikvm: GC_CONCURRENT freed 1676K, 24% free 26788K/35207K, paused 1ms+6ms
07-10 17:40:14.531  9357  9425 D skia    : WARNING: One-shot allocator has already allocated (alloc count = 1)
07-10 17:40:14.586  9357  9425 D skia    : WARNING: One-shot allocator has already allocated (alloc count = 1)
07-10 17:40:14.644  9357  9358 D dalvikvm: GC_CONCURRENT freed 1604K, 23% free 27173K/35207K, paused 3ms+5ms
07-10 17:40:14.679  9357  9425 D skia    : WARNING: One-shot allocator has already allocated (alloc count = 1)
07-10 17:40:14.730  9357  9425 D skia    : WARNING: One-shot allocator has already allocated (alloc count = 1)
07-10 17:40:14.754  9357  9425 D dalvikvm: GC_FOR_ALLOC freed 1117K, 21% free 27849K/35207K, paused 23ms
07-10 17:40:14.781  9357  9425 D skia    : WARNING: One-shot allocator has already allocated (alloc count = 1)
07-10 17:40:14.808  9357  9425 D skia    : WARNING: One-shot allocator has already allocated (alloc count = 1)
07-10 17:40:14.839  9357  9425 D dalvikvm: GC_FOR_ALLOC freed 2327K, 23% free 27331K/35207K, paused 24ms
07-10 17:40:14.886  9357  9425 D skia    : WARNING: One-shot allocator has already allocated (alloc count = 1)
07-10 17:40:14.914  9357  9425 D skia    : WARNING: One-shot allocator has already allocated (alloc count = 1)
07-10 17:40:14.933  9357  9425 D skia    : WARNING: One-shot allocator has already allocated (alloc count = 1)
07-10 17:40:14.976  9357  9358 D dalvikvm: GC_CONCURRENT freed 1812K, 22% free 27555K/35207K, paused 2ms+5ms
07-10 17:40:14.996  9357  9425 D skia    : WARNING: One-shot allocator has already allocated (alloc count = 1)
07-10 17:40:15.011  9357  9425 D skia    : WARNING: One-shot allocator has already allocated (alloc count = 1)
07-10 17:40:15.035  9357  9425 D dalvikvm: GC_FOR_ALLOC freed 1932K, 23% free 27298K/35207K, paused 22ms
07-10 17:40:15.050  9357  9425 D skia    : WARNING: One-shot allocator has already allocated (alloc count = 1)
07-10 17:40:15.062  9357  9425 D skia    : WARNING: One-shot allocator has already allocated (alloc count = 1)
07-10 17:40:15.109  9357  9358 D dalvikvm: GC_CONCURRENT freed 1553K, 22% free 27681K/35207K, paused 2ms+7ms
07-10 17:40:15.132  9357  9425 D skia    : WARNING: One-shot allocator has already allocated (alloc count = 1)
07-10 17:40:15.148  9357  9425 D skia    : WARNING: One-shot allocator has already allocated (alloc count = 1)
07-10 17:40:15.175  9357  9425 D dalvikvm: GC_FOR_ALLOC freed 1915K, 23% free 27298K/35207K, paused 22ms
07-10 17:40:15.187  9357  9425 D skia    : WARNING: One-shot allocator has already allocated (alloc count = 1)
07-10 17:40:15.203  9357  9425 D skia    : WARNING: One-shot allocator has already allocated (alloc count = 1)
07-10 17:40:15.246  9357  9358 D dalvikvm: GC_CONCURRENT freed 1552K, 22% free 27684K/35207K, paused 2ms+5ms
07-10 17:40:15.277  9357  9425 D skia    : WARNING: One-shot allocator has already allocated (alloc count = 1)
07-10 17:40:15.300  9357  9425 D skia    : WARNING: One-shot allocator has already allocated (alloc count = 1)
07-10 17:40:15.320  9357  9425 D skia    : WARNING: One-shot allocator has already allocated (alloc count = 1)
07-10 17:40:15.363  9357  9358 D dalvikvm: GC_CONCURRENT freed 2048K, 22% free 27598K/35207K, paused 2ms+4ms
07-10 17:40:15.386  9357  9425 D skia    : WARNING: One-shot allocator has already allocated (alloc count = 1)
07-10 17:40:15.402  9357  9425 D skia    : WARNING: One-shot allocator has already allocated (alloc count = 1)
07-10 17:40:15.445  9357  9358 D dalvikvm: GC_CONCURRENT freed 1777K, 21% free 27820K/35207K, paused 2ms+4ms
07-10 17:40:15.464  9357  9425 D skia    : WARNING: One-shot allocator has already allocated (alloc count = 1)
07-10 17:40:15.480  9357  9425 D skia    : WARNING: One-shot allocator has already allocated (alloc count = 1)
07-10 17:40:15.507  9357  9425 D skia    : WARNING: One-shot allocator has already allocated (alloc count = 1)
07-10 17:40:15.558  9357  9358 D dalvikvm: GC_CONCURRENT freed 2190K, 22% free 27555K/35207K, paused 2ms+4ms
07-10 17:40:15.578  9357  9425 D skia    : WARNING: One-shot allocator has already allocated (alloc count = 1)
07-10 17:40:15.601  9357  9425 D skia    : WARNING: One-shot allocator has already allocated (alloc count = 1)
07-10 17:40:15.621  9357  9425 D skia    : WARNING: One-shot allocator has already allocated (alloc count = 1)
07-10 17:40:15.644  9357  9425 D dalvikvm: GC_FOR_ALLOC freed 1911K, 22% free 27555K/35207K, paused 23ms
07-10 17:40:15.664  9357  9425 D skia    : WARNING: One-shot allocator has already allocated (alloc count = 1)
07-10 17:40:15.691  9357  9425 D skia    : WARNING: One-shot allocator has already allocated (alloc count = 1)
07-10 17:40:15.726  9357  9358 D dalvikvm: GC_CONCURRENT freed 1551K, 21% free 27943K/35207K, paused 2ms+4ms
07-10 17:40:15.750  9357  9425 D skia    : WARNING: One-shot allocator has already allocated (alloc count = 1)
07-10 17:40:15.765  9357  9425 D skia    : WARNING: One-shot allocator has already allocated (alloc count = 1)
07-10 17:40:15.785  9357  9425 D skia    : WARNING: One-shot allocator has already allocated (alloc count = 1)
07-10 17:40:15.824  9357  9358 D dalvikvm: GC_CONCURRENT freed 2193K, 22% free 27797K/35207K, paused 2ms+5ms
07-10 17:40:15.847  9357  9425 D skia    : WARNING: One-shot allocator has already allocated (alloc count = 1)
07-10 17:40:15.863  9357  9425 D skia    : WARNING: One-shot allocator has already allocated (alloc count = 1)
07-10 17:40:15.890  9357  9425 D dalvikvm: GC_FOR_ALLOC freed 2312K, 23% free 27298K/35207K, paused 22ms
07-10 17:40:15.902  9357  9425 D skia    : WARNING: One-shot allocator has already allocated (alloc count = 1)
07-10 17:40:15.918  9357  9425 D skia    : WARNING: One-shot allocator has already allocated (alloc count = 1)
07-10 17:40:15.957  9357  9358 D dalvikvm: GC_CONCURRENT freed 1548K, 22% free 27673K/35207K, paused 2ms+3ms
07-10 17:40:15.988  9357  9425 D skia    : WARNING: One-shot allocator has already allocated (alloc count = 1)
07-10 17:40:16.007  9357  9425 D skia    : WARNING: One-shot allocator has already allocated (alloc count = 1)
07-10 17:40:16.023  9357  9425 D skia    : WARNING: One-shot allocator has already allocated (alloc count = 1)
07-10 17:40:16.046  9357  9425 D dalvikvm: GC_FOR_ALLOC freed 1651K, 21% free 27816K/35207K, paused 23ms
07-10 17:40:16.320    81   128 D AudioHardware: AudioHardware pcm playback is going to standby.
07-10 17:40:16.320    81   128 D AudioHardware: closePcmOut_l() mPcmOpenCnt: 1
07-10 17:40:19.015    81   128 D AudioHardware: AudioHardware pcm playback is exiting standby.
07-10 17:40:19.015    81   128 D AudioHardware: openPcmOut_l() mPcmOpenCnt: 0
07-10 17:40:20.746  9357  9424 V MenuExecutor: Execute cmd: 2131427394 for /local/image/item/381
07-10 17:40:20.757  8828  8839 D MediaProvider: object removed 381
07-10 17:40:22.261  9357  9424 V MenuExecutor: It takes 1514 ms to execute cmd for /local/image/item/381
07-10 17:40:22.300   144   344 W InputManagerService: Window already focused, ignoring focus gain of: com.android.internal.view.IInputMethodClient$Stub$Proxy@41834420
07-10 17:40:22.371   144  4494 D dalvikvm: GC_EXPLICIT freed 418K, 19% free 15965K/19655K, paused 3ms+13ms
07-10 17:40:22.570  9357  9424 D dalvikvm: GC_FOR_ALLOC freed 1063K, 22% free 27810K/35207K, paused 34ms
07-10 17:40:22.675  9357  9358 D dalvikvm: GC_CONCURRENT freed 9451K, 43% free 20406K/35207K, paused 2ms+4ms
07-10 17:40:22.871  9357  9358 D dalvikvm: GC_CONCURRENT freed 129K, 37% free 22197K/35207K, paused 2ms+4ms
07-10 17:40:22.921  9357  9425 D skia    : WARNING: One-shot allocator has already allocated (alloc count = 1)
07-10 17:40:22.964  9357  9425 D skia    : WARNING: One-shot allocator has already allocated (alloc count = 1)
07-10 17:40:23.011  9357  9358 D dalvikvm: GC_CONCURRENT freed 1484K, 36% free 22756K/35207K, paused 2ms+4ms
07-10 17:40:23.082  9357  9425 D skia    : WARNING: One-shot allocator has already allocated (alloc count = 1)
07-10 17:40:23.140  9357  9358 D dalvikvm: GC_CONCURRENT freed 702K, 32% free 24044K/35207K, paused 2ms+5ms
07-10 17:40:23.160  9357  9425 D skia    : WARNING: One-shot allocator has already allocated (alloc count = 1)
07-10 17:40:23.207  9357  9425 D skia    : WARNING: One-shot allocator has already allocated (alloc count = 1)
07-10 17:40:23.234  9357  9425 D dalvikvm: GC_FOR_ALLOC freed 1594K, 31% free 24324K/35207K, paused 24ms
07-10 17:40:23.277  9357  9425 D skia    : WARNING: One-shot allocator has already allocated (alloc count = 1)
07-10 17:40:23.332  9357  9358 D dalvikvm: GC_CONCURRENT freed 816K, 28% free 25469K/35207K, paused 2ms+5ms
07-10 17:40:23.367  9357  9425 D skia    : WARNING: One-shot allocator has already allocated (alloc count = 1)
07-10 17:40:23.410  9357  9425 D skia    : WARNING: One-shot allocator has already allocated (alloc count = 1)
07-10 17:40:23.453  9357  9358 D dalvikvm: GC_CONCURRENT freed 1398K, 27% free 26005K/35207K, paused 2ms+5ms
07-10 17:40:23.496  9357  9425 D skia    : WARNING: One-shot allocator has already allocated (alloc count = 1)
07-10 17:40:23.550  9357  9358 D dalvikvm: GC_CONCURRENT freed 1072K, 24% free 26972K/35207K, paused 2ms+4ms
07-10 17:40:23.550  9357  9425 D skia    : WARNING: One-shot allocator has already allocated (alloc count = 1)
07-10 17:40:23.629  9357  9425 D skia    : WARNING: One-shot allocator has already allocated (alloc count = 1)
07-10 17:40:23.664  9357  9425 D dalvikvm: GC_FOR_ALLOC freed 1412K, 23% free 27420K/35207K, paused 23ms
07-10 17:40:23.687  9357  9425 D skia    : WARNING: One-shot allocator has already allocated (alloc count = 1)
07-10 17:40:23.718  9357  9425 D skia    : WARNING: One-shot allocator has already allocated (alloc count = 1)
07-10 17:40:23.750  9357  9425 D dalvikvm: GC_FOR_ALLOC freed 2064K, 23% free 27165K/35207K, paused 24ms
07-10 17:40:23.754    81   128 D AudioHardware: AudioHardware pcm playback is going to standby.
07-10 17:40:23.754    81   128 D AudioHardware: closePcmOut_l() mPcmOpenCnt: 1
07-10 17:40:23.769  9357  9425 D skia    : WARNING: One-shot allocator has already allocated (alloc count = 1)
07-10 17:40:23.812  9357  9425 D skia    : WARNING: One-shot allocator has already allocated (alloc count = 1)
07-10 17:40:23.855  9357  9425 D skia    : WARNING: One-shot allocator has already allocated (alloc count = 1)
07-10 17:40:23.879  9357  9425 D dalvikvm: GC_FOR_ALLOC freed 1416K, 22% free 27553K/35207K, paused 23ms
07-10 17:40:23.898  9357  9425 D skia    : WARNING: One-shot allocator has already allocated (alloc count = 1)
07-10 17:40:23.914  9357  9425 D skia    : WARNING: One-shot allocator has already allocated (alloc count = 1)
07-10 17:40:23.937  9357  9425 D dalvikvm: GC_FOR_ALLOC freed 2081K, 23% free 27132K/35207K, paused 22ms
07-10 17:40:23.949  9357  9425 D skia    : WARNING: One-shot allocator has already allocated (alloc count = 1)
07-10 17:40:23.964  9357  9425 D skia    : WARNING: One-shot allocator has already allocated (alloc count = 1)
07-10 17:40:23.988  9357  9425 D dalvikvm: GC_FOR_ALLOC freed 1800K, 23% free 27132K/35207K, paused 22ms
07-10 17:40:24.000  9357  9425 D skia    : WARNING: One-shot allocator has already allocated (alloc count = 1)
07-10 17:40:24.023  9357  9425 D skia    : WARNING: One-shot allocator has already allocated (alloc count = 1)
07-10 17:40:24.046  9357  9425 D dalvikvm: GC_FOR_ALLOC freed 1668K, 23% free 27132K/35207K, paused 22ms
07-10 17:40:24.058  9357  9425 D skia    : WARNING: One-shot allocator has already allocated (alloc count = 1)
07-10 17:40:24.074  9357  9425 D skia    : WARNING: One-shot allocator has already allocated (alloc count = 1)
07-10 17:40:24.097  9357  9425 D dalvikvm: GC_FOR_ALLOC freed 1799K, 23% free 27132K/35207K, paused 22ms
07-10 17:40:24.109  9357  9425 D skia    : WARNING: One-shot allocator has already allocated (alloc count = 1)
07-10 17:40:24.132  9357  9425 D skia    : WARNING: One-shot allocator has already allocated (alloc count = 1)
07-10 17:40:24.152  9357  9425 D skia    : WARNING: One-shot allocator has already allocated (alloc count = 1)
07-10 17:40:24.175  9357  9425 D dalvikvm: GC_FOR_ALLOC freed 1416K, 22% free 27512K/35207K, paused 22ms
07-10 17:40:24.195  9357  9425 D skia    : WARNING: One-shot allocator has already allocated (alloc count = 1)
07-10 17:40:24.211  9357  9425 D skia    : WARNING: One-shot allocator has already allocated (alloc count = 1)
07-10 17:40:24.238  9357  9425 D dalvikvm: GC_FOR_ALLOC freed 2162K, 23% free 27132K/35207K, paused 22ms
07-10 17:40:24.250  9357  9425 D skia    : WARNING: One-shot allocator has already allocated (alloc count = 1)
07-10 17:40:24.261  9357  9425 D skia    : WARNING: One-shot allocator has already allocated (alloc count = 1)
07-10 17:40:24.289  9357  9425 D dalvikvm: GC_FOR_ALLOC freed 1800K, 23% free 27132K/35207K, paused 23ms
07-10 17:40:24.332  9357  9425 D skia    : WARNING: One-shot allocator has already allocated (alloc count = 1)
07-10 17:40:24.363  9357  9425 D skia    : WARNING: One-shot allocator has already allocated (alloc count = 1)
07-10 17:40:24.375  9357  9425 D skia    : WARNING: One-shot allocator has already allocated (alloc count = 1)
07-10 17:40:24.425  9357  9358 D dalvikvm: GC_CONCURRENT freed 1686K, 23% free 27387K/35207K, paused 2ms+3ms
07-10 17:40:24.445  9357  9425 D skia    : WARNING: One-shot allocator has already allocated (alloc count = 1)
07-10 17:40:24.879  9357  9423 D dalvikvm: GC_FOR_ALLOC freed 2023K, 26% free 26309K/35207K, paused 24ms
07-10 17:40:24.914  9357  9425 D skia    : WARNING: One-shot allocator has already allocated (alloc count = 1)
07-10 17:40:24.961  9357  9358 D dalvikvm: GC_CONCURRENT freed 642K, 22% free 27649K/35207K, paused 2ms+4ms
07-10 17:40:24.988  9357  9425 D skia    : WARNING: One-shot allocator has already allocated (alloc count = 1)
07-10 17:40:25.031  9357  9425 D skia    : WARNING: One-shot allocator has already allocated (alloc count = 1)
07-10 17:40:25.062  9357  9425 D skia    : WARNING: One-shot allocator has already allocated (alloc count = 1)
07-10 17:40:25.093  9357  9425 D dalvikvm: GC_FOR_ALLOC freed 2197K, 23% free 27123K/35207K, paused 24ms
07-10 17:40:25.113  9357  9425 D skia    : WARNING: One-shot allocator has already allocated (alloc count = 1)
07-10 17:40:25.148  9357  9425 D skia    : WARNING: One-shot allocator has already allocated (alloc count = 1)
07-10 17:40:25.179  9357  9425 D dalvikvm: GC_FOR_ALLOC freed 1533K, 23% free 27123K/35207K, paused 24ms
07-10 17:40:25.203  9357  9425 D skia    : WARNING: One-shot allocator has already allocated (alloc count = 1)
07-10 17:40:25.226  9357  9425 D skia    : WARNING: One-shot allocator has already allocated (alloc count = 1)
07-10 17:40:25.254  9357  9425 D dalvikvm: GC_FOR_ALLOC freed 1556K, 23% free 27123K/35207K, paused 23ms
07-10 17:40:25.277  9357  9425 D skia    : WARNING: One-shot allocator has already allocated (alloc count = 1)
07-10 17:40:25.304  9357  9425 D skia    : WARNING: One-shot allocator has already allocated (alloc count = 1)
07-10 17:40:25.347  9357  9358 D dalvikvm: GC_CONCURRENT freed 1548K, 22% free 27506K/35207K, paused 2ms+4ms
07-10 17:40:25.390  9357  9425 D skia    : WARNING: One-shot allocator has already allocated (alloc count = 1)
07-10 17:40:25.421  9357  9425 D skia    : WARNING: One-shot allocator has already allocated (alloc count = 1)
07-10 17:40:25.449  9357  9425 D skia    : WARNING: One-shot allocator has already allocated (alloc count = 1)
07-10 17:40:25.476  9357  9425 D dalvikvm: GC_FOR_ALLOC freed 1690K, 22% free 27679K/35207K, paused 23ms
07-10 17:40:25.504  9357  9425 D skia    : WARNING: One-shot allocator has already allocated (alloc count = 1)
07-10 17:40:25.546  9357  9425 D skia    : WARNING: One-shot allocator has already allocated (alloc count = 1)
07-10 17:40:25.582  9357  9425 D dalvikvm: GC_FOR_ALLOC freed 2394K, 23% free 27155K/35207K, paused 25ms
07-10 17:40:25.621  9357  9425 D skia    : WARNING: One-shot allocator has already allocated (alloc count = 1)
07-10 17:40:25.648  9357  9425 D skia    : WARNING: One-shot allocator has already allocated (alloc count = 1)
07-10 17:40:25.683  9357  9425 D skia    : WARNING: One-shot allocator has already allocated (alloc count = 1)
07-10 17:40:25.707  9357  9425 D dalvikvm: GC_FOR_ALLOC freed 1593K, 23% free 27354K/35207K, paused 24ms
07-10 17:40:25.734  9357  9425 D skia    : WARNING: One-shot allocator has already allocated (alloc count = 1)
07-10 17:40:25.754  9357  9425 D skia    : WARNING: One-shot allocator has already allocated (alloc count = 1)
07-10 17:40:25.773  9357  9425 D dalvikvm: GC_FOR_ALLOC freed 1509K, 22% free 27645K/35207K, paused 22ms
07-10 17:40:25.789  9357  9425 D skia    : WARNING: One-shot allocator has already allocated (alloc count = 1)
07-10 17:40:25.812  9357  9425 D skia    : WARNING: One-shot allocator has already allocated (alloc count = 1)
07-10 17:40:25.863  9357  9358 D dalvikvm: GC_CONCURRENT freed 2190K, 23% free 27379K/35207K, paused 2ms+4ms
07-10 17:40:25.882  9357  9425 D skia    : WARNING: One-shot allocator has already allocated (alloc count = 1)
07-10 17:40:25.898  9357  9425 D skia    : WARNING: One-shot allocator has already allocated (alloc count = 1)
07-10 17:40:25.921  9357  9425 D dalvikvm: GC_FOR_ALLOC freed 2056K, 23% free 27123K/35207K, paused 22ms
07-10 17:40:25.933  9357  9425 D skia    : WARNING: One-shot allocator has already allocated (alloc count = 1)
07-10 17:40:25.957  9357  9425 D skia    : WARNING: One-shot allocator has already allocated (alloc count = 1)
07-10 17:40:25.976  9357  9425 D skia    : WARNING: One-shot allocator has already allocated (alloc count = 1)
07-10 17:40:26.015  9357  9358 D dalvikvm: GC_CONCURRENT freed 1416K, 22% free 27637K/35207K, paused 2ms+3ms
07-10 17:40:26.043  9357  9425 D skia    : WARNING: One-shot allocator has already allocated (alloc count = 1)
07-10 17:40:26.062  9357  9425 D skia    : WARNING: One-shot allocator has already allocated (alloc count = 1)
07-10 17:40:26.089  9357  9425 D dalvikvm: GC_FOR_ALLOC freed 2162K, 23% free 27123K/35207K, paused 22ms
07-10 17:40:26.101  9357  9425 D skia    : WARNING: One-shot allocator has already allocated (alloc count = 1)
07-10 17:40:26.113  9357  9425 D skia    : WARNING: One-shot allocator has already allocated (alloc count = 1)
07-10 17:40:26.140  9357  9425 D dalvikvm: GC_FOR_ALLOC freed 1800K, 23% free 27123K/35207K, paused 22ms
07-10 17:40:26.148  9357  9425 D skia    : WARNING: One-shot allocator has already allocated (alloc count = 1)
07-10 17:40:26.171  9357  9425 D skia    : WARNING: One-shot allocator has already allocated (alloc count = 1)
07-10 17:40:26.199  9357  9425 D dalvikvm: GC_FOR_ALLOC freed 1668K, 23% free 27123K/35207K, paused 22ms
07-10 17:40:26.211  9357  9425 D skia    : WARNING: One-shot allocator has already allocated (alloc count = 1)
07-10 17:40:26.230  9357  9425 D skia    : WARNING: One-shot allocator has already allocated (alloc count = 1)
07-10 17:40:26.254  9357  9425 D dalvikvm: GC_FOR_ALLOC freed 1790K, 23% free 27123K/35207K, paused 22ms
07-10 17:40:26.273  9357  9425 D skia    : WARNING: One-shot allocator has already allocated (alloc count = 1)
07-10 17:40:26.289  9357  9425 D skia    : WARNING: One-shot allocator has already allocated (alloc count = 1)
07-10 17:40:26.312  9357  9425 D skia    : WARNING: One-shot allocator has already allocated (alloc count = 1)
07-10 17:40:26.332  9357  9425 D dalvikvm: GC_FOR_ALLOC freed 1416K, 22% free 27511K/35207K, paused 23ms
07-10 17:40:26.347  9357  9425 D skia    : WARNING: One-shot allocator has already allocated (alloc count = 1)
07-10 17:40:26.359  9357  9425 D skia    : WARNING: One-shot allocator has already allocated (alloc count = 1)
07-10 17:40:26.386  9357  9425 D dalvikvm: GC_FOR_ALLOC freed 2193K, 23% free 27123K/35207K, paused 22ms
07-10 17:40:26.402  9357  9425 D skia    : WARNING: One-shot allocator has already allocated (alloc count = 1)
07-10 17:40:26.414  9357  9425 D skia    : WARNING: One-shot allocator has already allocated (alloc count = 1)
07-10 17:40:26.441  9357  9425 D dalvikvm: GC_FOR_ALLOC freed 1529K, 23% free 27123K/35207K, paused 23ms
07-10 17:40:26.453  9357  9425 D skia    : WARNING: One-shot allocator has already allocated (alloc count = 1)
07-10 17:40:26.464  9357  9425 D skia    : WARNING: One-shot allocator has already allocated (alloc count = 1)
07-10 17:40:26.492  9357  9425 D dalvikvm: GC_FOR_ALLOC freed 1552K, 23% free 27122K/35207K, paused 23ms
07-10 17:40:26.504  9357  9425 D skia    : WARNING: One-shot allocator has already allocated (alloc count = 1)
07-10 17:40:26.519  9357  9425 D skia    : WARNING: One-shot allocator has already allocated (alloc count = 1)
07-10 17:40:26.543  9357  9425 D skia    : WARNING: One-shot allocator has already allocated (alloc count = 1)
07-10 17:40:26.566  9357  9425 D dalvikvm: GC_FOR_ALLOC freed 1543K, 22% free 27497K/35207K, paused 22ms
07-10 17:40:26.582  9357  9425 D skia    : WARNING: One-shot allocator has already allocated (alloc count = 1)
07-10 17:40:27.136  9357  9425 D skia    : WARNING: One-shot allocator has already allocated (alloc count = 1)
07-10 17:40:27.160  9357  9425 D dalvikvm: GC_FOR_ALLOC freed 1666K, 22% free 27645K/35207K, paused 23ms
07-10 17:40:27.648  9357  9425 D skia    : WARNING: One-shot allocator has already allocated (alloc count = 1)
07-10 17:40:27.660  9357  9358 D dalvikvm: GC_CONCURRENT freed 2001K, 22% free 27646K/35207K, paused 2ms+4ms
07-10 17:40:27.695  9357  9425 D skia    : WARNING: One-shot allocator has already allocated (alloc count = 1)
07-10 17:40:27.707  9357  9425 D skia    : WARNING: One-shot allocator has already allocated (alloc count = 1)
07-10 17:40:27.750  9357  9425 D skia    : WARNING: One-shot allocator has already allocated (alloc count = 1)
07-10 17:40:27.777  9357  9425 D dalvikvm: GC_FOR_ALLOC freed 1948K, 22% free 27510K/35207K, paused 23ms
07-10 17:40:27.804  9357  9425 D skia    : WARNING: One-shot allocator has already allocated (alloc count = 1)
07-10 17:40:27.847  9357  9425 D skia    : WARNING: One-shot allocator has already allocated (alloc count = 1)
07-10 17:40:27.875  9357  9425 D dalvikvm: GC_FOR_ALLOC freed 2069K, 23% free 27124K/35207K, paused 25ms
07-10 17:40:27.898  9357  9425 D skia    : WARNING: One-shot allocator has already allocated (alloc count = 1)
07-10 17:40:27.921  9357  9425 D skia    : WARNING: One-shot allocator has already allocated (alloc count = 1)
07-10 17:40:27.953  9357  9425 D skia    : WARNING: One-shot allocator has already allocated (alloc count = 1)
07-10 17:40:27.992  9357  9358 D dalvikvm: GC_CONCURRENT freed 1548K, 22% free 27623K/35207K, paused 2ms+5ms
07-10 17:40:28.027  9357  9425 D skia    : WARNING: One-shot allocator has already allocated (alloc count = 1)
07-10 17:40:28.054  9357  9425 D skia    : WARNING: One-shot allocator has already allocated (alloc count = 1)
07-10 17:40:28.086  9357  9425 D dalvikvm: GC_FOR_ALLOC freed 2308K, 23% free 27124K/35207K, paused 23ms
07-10 17:40:28.109  9357  9425 D skia    : WARNING: One-shot allocator has already allocated (alloc count = 1)
07-10 17:40:28.132  9357  9425 D skia    : WARNING: One-shot allocator has already allocated (alloc count = 1)
07-10 17:40:28.164  9357  9425 D dalvikvm: GC_FOR_ALLOC freed 1552K, 23% free 27124K/35207K, paused 23ms
07-10 17:40:28.183  9357  9425 D skia    : WARNING: One-shot allocator has already allocated (alloc count = 1)
07-10 17:40:28.222  9357  9425 D skia    : WARNING: One-shot allocator has already allocated (alloc count = 1)
07-10 17:40:28.238  9357  9425 D skia    : WARNING: One-shot allocator has already allocated (alloc count = 1)
07-10 17:40:28.265  9357  9425 D dalvikvm: GC_FOR_ALLOC freed 1822K, 23% free 27169K/35207K, paused 23ms
07-10 17:40:28.289  9357  9425 D skia    : WARNING: One-shot allocator has already allocated (alloc count = 1)
07-10 17:40:28.316  9357  9425 D skia    : WARNING: One-shot allocator has already allocated (alloc count = 1)
07-10 17:40:28.343  9357  9425 D dalvikvm: GC_FOR_ALLOC freed 1850K, 23% free 27190K/35207K, paused 24ms
07-10 17:40:28.386  9357  9425 D skia    : WARNING: One-shot allocator has already allocated (alloc count = 1)
07-10 17:40:28.414  9357  9425 D skia    : WARNING: One-shot allocator has already allocated (alloc count = 1)
07-10 17:40:28.421  9357  9425 D skia    : WARNING: One-shot allocator has already allocated (alloc count = 1)
07-10 17:40:28.464  9357  9358 D dalvikvm: GC_CONCURRENT freed 1725K, 23% free 27412K/35207K, paused 2ms+5ms
07-10 17:40:28.535  9357  9425 D skia    : WARNING: One-shot allocator has already allocated (alloc count = 1)
07-10 17:40:28.562  9357  9425 D skia    : WARNING: One-shot allocator has already allocated (alloc count = 1)
07-10 17:40:28.589  9357  9425 D skia    : WARNING: One-shot allocator has already allocated (alloc count = 1)
07-10 17:40:28.613  9357  9425 D dalvikvm: GC_FOR_ALLOC freed 1633K, 22% free 27640K/35207K, paused 24ms
07-10 17:40:29.144  9357  9358 D dalvikvm: GC_CONCURRENT freed 1996K, 22% free 27575K/35207K, paused 2ms+4ms
07-10 17:40:29.195  9357  9425 D skia    : WARNING: One-shot allocator has already allocated (alloc count = 1)
07-10 17:40:29.222  9357  9425 D skia    : WARNING: One-shot allocator has already allocated (alloc count = 1)
07-10 17:40:29.265  9357  9425 D skia    : WARNING: One-shot allocator has already allocated (alloc count = 1)
07-10 17:40:29.296  9357  9425 D dalvikvm: GC_FOR_ALLOC freed 2070K, 23% free 27222K/35207K, paused 24ms
07-10 17:40:29.320  9357  9425 D skia    : WARNING: One-shot allocator has already allocated (alloc count = 1)
07-10 17:40:29.347  9357  9425 D skia    : WARNING: One-shot allocator has already allocated (alloc count = 1)
07-10 17:40:29.379  9357  9425 D skia    : WARNING: One-shot allocator has already allocated (alloc count = 1)
07-10 17:40:29.398  9357  9425 D dalvikvm: GC_FOR_ALLOC freed 1581K, 22% free 27490K/35207K, paused 22ms
07-10 17:40:29.414  9357  9425 D skia    : WARNING: One-shot allocator has already allocated (alloc count = 1)
07-10 17:40:29.433  9357  9425 D skia    : WARNING: One-shot allocator has already allocated (alloc count = 1)
07-10 17:40:29.484  9357  9358 D dalvikvm: GC_CONCURRENT freed 1530K, 21% free 27972K/35207K, paused 2ms+4ms
07-10 17:40:29.504  9357  9425 D skia    : WARNING: One-shot allocator has already allocated (alloc count = 1)
07-10 17:40:29.519  9357  9425 D skia    : WARNING: One-shot allocator has already allocated (alloc count = 1)
07-10 17:40:29.550    81   128 D AudioHardware: AudioHardware pcm playback is exiting standby.
07-10 17:40:29.550    81   128 D AudioHardware: openPcmOut_l() mPcmOpenCnt: 0
07-10 17:40:29.714  9357  9358 D dalvikvm: GC_CONCURRENT freed 2358K, 22% free 27604K/35207K, paused 2ms+10ms
07-10 17:40:29.750  9357  9425 D skia    : WARNING: One-shot allocator has already allocated (alloc count = 1)
07-10 17:40:29.769  9357  9425 D skia    : WARNING: One-shot allocator has already allocated (alloc count = 1)
07-10 17:40:29.785  9357  9425 D skia    : WARNING: One-shot allocator has already allocated (alloc count = 1)
07-10 17:40:29.820  9357  9425 D dalvikvm: GC_FOR_ALLOC freed 1689K, 22% free 27723K/35207K, paused 31ms
07-10 17:40:29.836  9357  9425 D skia    : WARNING: One-shot allocator has already allocated (alloc count = 1)
07-10 17:40:29.863  9357  9425 D skia    : WARNING: One-shot allocator has already allocated (alloc count = 1)
07-10 17:40:29.898  9357  9425 D dalvikvm: GC_FOR_ALLOC freed 2194K, 23% free 27200K/35207K, paused 30ms
07-10 17:40:29.921  9357  9425 D skia    : WARNING: One-shot allocator has already allocated (alloc count = 1)
07-10 17:40:29.933  9357  9425 D skia    : WARNING: One-shot allocator has already allocated (alloc count = 1)
07-10 17:40:29.953  9357  9425 D skia    : WARNING: One-shot allocator has already allocated (alloc count = 1)
07-10 17:40:29.976  9357  9425 D dalvikvm: GC_FOR_ALLOC freed 1593K, 23% free 27400K/35207K, paused 24ms
07-10 17:40:29.988  9357  9425 D skia    : WARNING: One-shot allocator has already allocated (alloc count = 1)
07-10 17:40:30.004  9357  9425 D skia    : WARNING: One-shot allocator has already allocated (alloc count = 1)
07-10 17:40:30.027  9357  9425 D dalvikvm: GC_FOR_ALLOC freed 1476K, 22% free 27723K/35207K, paused 23ms
07-10 17:40:30.043  9357  9425 D skia    : WARNING: One-shot allocator has already allocated (alloc count = 1)
07-10 17:40:30.066  9357  9425 D skia    : WARNING: One-shot allocator has already allocated (alloc count = 1)
07-10 17:40:30.121  9357  9358 D dalvikvm: GC_CONCURRENT freed 1935K, 22% free 27712K/35207K, paused 2ms+5ms
07-10 17:40:30.148  9357  9425 D skia    : WARNING: One-shot allocator has already allocated (alloc count = 1)
07-10 17:40:30.164  9357  9425 D skia    : WARNING: One-shot allocator has already allocated (alloc count = 1)
07-10 17:40:30.191  9357  9425 D dalvikvm: GC_FOR_ALLOC freed 2311K, 23% free 27201K/35207K, paused 23ms
07-10 17:40:30.203  9357  9425 D skia    : WARNING: One-shot allocator has already allocated (alloc count = 1)
07-10 17:40:30.226  9357  9425 D skia    : WARNING: One-shot allocator has already allocated (alloc count = 1)
07-10 17:40:30.246  9357  9425 D skia    : WARNING: One-shot allocator has already allocated (alloc count = 1)
07-10 17:40:30.285  9357  9358 D dalvikvm: GC_CONCURRENT freed 1416K, 22% free 27715K/35207K, paused 2ms+4ms
07-10 17:40:30.316  9357  9425 D skia    : WARNING: One-shot allocator has already allocated (alloc count = 1)
07-10 17:40:30.336  9357  9425 D skia    : WARNING: One-shot allocator has already allocated (alloc count = 1)
07-10 17:40:30.359  9357  9425 D dalvikvm: GC_FOR_ALLOC freed 2162K, 23% free 27201K/35207K, paused 22ms
07-10 17:40:30.379  9357  9425 D skia    : WARNING: One-shot allocator has already allocated (alloc count = 1)
07-10 17:40:30.398  9357  9425 D skia    : WARNING: One-shot allocator has already allocated (alloc count = 1)
07-10 17:40:30.421  9357  9425 D dalvikvm: GC_FOR_ALLOC freed 1800K, 23% free 27201K/35207K, paused 23ms
07-10 17:40:30.433  9357  9425 D skia    : WARNING: One-shot allocator has already allocated (alloc count = 1)
07-10 17:40:30.457  9357  9425 D skia    : WARNING: One-shot allocator has already allocated (alloc count = 1)
07-10 17:40:30.484  9357  9425 D dalvikvm: GC_FOR_ALLOC freed 1668K, 23% free 27201K/35207K, paused 23ms
07-10 17:40:30.523  9357  9425 D skia    : WARNING: One-shot allocator has already allocated (alloc count = 1)
07-10 17:40:30.613  9357  9425 D skia    : WARNING: One-shot allocator has already allocated (alloc count = 1)
07-10 17:40:30.648  9357  9425 D dalvikvm: GC_FOR_ALLOC freed 1822K, 23% free 27263K/35207K, paused 32ms
07-10 17:40:30.671  9357  9425 D skia    : WARNING: One-shot allocator has already allocated (alloc count = 1)
07-10 17:40:30.695  9357  9425 D skia    : WARNING: One-shot allocator has already allocated (alloc count = 1)
07-10 17:40:30.718  9357  9425 D skia    : WARNING: One-shot allocator has already allocated (alloc count = 1)
07-10 17:40:30.754  9357  9425 D dalvikvm: GC_FOR_ALLOC freed 1423K, 22% free 27644K/35207K, paused 32ms
07-10 17:40:30.769  9357  9425 D skia    : WARNING: One-shot allocator has already allocated (alloc count = 1)
07-10 17:40:30.789  9357  9425 D skia    : WARNING: One-shot allocator has already allocated (alloc count = 1)
07-10 17:40:30.824  9357  9425 D dalvikvm: GC_FOR_ALLOC freed 2196K, 23% free 27252K/35207K, paused 32ms
07-10 17:40:30.843  9357  9425 D skia    : WARNING: One-shot allocator has already allocated (alloc count = 1)
07-10 17:40:30.859  9357  9425 D skia    : WARNING: One-shot allocator has already allocated (alloc count = 1)
07-10 17:40:30.886  9357  9425 D dalvikvm: GC_FOR_ALLOC freed 1530K, 23% free 27251K/35207K, paused 23ms
07-10 17:40:30.898  9357  9425 D skia    : WARNING: One-shot allocator has already allocated (alloc count = 1)
07-10 17:40:30.910  9357  9425 D skia    : WARNING: One-shot allocator has already allocated (alloc count = 1)
07-10 17:40:30.937  9357  9425 D dalvikvm: GC_FOR_ALLOC freed 1552K, 23% free 27251K/35207K, paused 23ms
07-10 17:40:30.949  9357  9425 D skia    : WARNING: One-shot allocator has already allocated (alloc count = 1)
07-10 17:40:30.968  9357  9425 D skia    : WARNING: One-shot allocator has already allocated (alloc count = 1)
07-10 17:40:30.992  9357  9425 D skia    : WARNING: One-shot allocator has already allocated (alloc count = 1)
07-10 17:40:31.015  9357  9425 D dalvikvm: GC_FOR_ALLOC freed 1543K, 22% free 27626K/35207K, paused 23ms
07-10 17:40:31.031  9357  9425 D skia    : WARNING: One-shot allocator has already allocated (alloc count = 1)
07-10 17:40:31.406  9357  9423 V MenuExecutor: Execute cmd: 2131427394 for /local/image/item/379
07-10 17:40:31.418  8828  8846 D MediaProvider: object removed 379
07-10 17:40:31.910  9357  9423 V MenuExecutor: It takes 434 ms to execute cmd for /local/image/item/379
07-10 17:40:31.961  9357  9423 D dalvikvm: GC_FOR_ALLOC freed 1869K, 23% free 27390K/35207K, paused 34ms
07-10 17:40:31.988   144   385 W InputManagerService: Window already focused, ignoring focus gain of: com.android.internal.view.IInputMethodClient$Stub$Proxy@4179bdc0
07-10 17:40:32.089  9357  9426 D dalvikvm: GC_FOR_ALLOC freed 9116K, 43% free 20185K/35207K, paused 33ms
07-10 17:40:32.214  8875  8877 D dalvikvm: GC_CONCURRENT freed 434K, 8% free 10226K/11015K, paused 9ms+5ms
07-10 17:40:32.277  9357  9425 D skia    : WARNING: One-shot allocator has already allocated (alloc count = 1)
07-10 17:40:32.312  9357  9425 D dalvikvm: GC_FOR_ALLOC freed 642K, 40% free 21366K/35207K, paused 28ms
07-10 17:40:32.355  9357  9425 D skia    : WARNING: One-shot allocator has already allocated (alloc count = 1)
07-10 17:40:32.371  9357  9425 D skia    : WARNING: One-shot allocator has already allocated (alloc count = 1)
07-10 17:40:32.418  9357  9358 D dalvikvm: GC_CONCURRENT freed 1485K, 38% free 21887K/35207K, paused 2ms+4ms
07-10 17:40:32.488  9357  9425 D skia    : WARNING: One-shot allocator has already allocated (alloc count = 1)
07-10 17:40:32.539  9357  9358 D dalvikvm: GC_CONCURRENT freed 697K, 35% free 23202K/35207K, paused 2ms+5ms
07-10 17:40:32.562  9357  9425 D skia    : WARNING: One-shot allocator has already allocated (alloc count = 1)
07-10 17:40:32.648  9357  9358 D dalvikvm: GC_CONCURRENT freed 931K, 32% free 24260K/35207K, paused 2ms+4ms
07-10 17:40:32.652  9357  9425 D skia    : WARNING: One-shot allocator has already allocated (alloc count = 1)
07-10 17:40:32.707  9357  9425 D skia    : WARNING: One-shot allocator has already allocated (alloc count = 1)
07-10 17:40:32.754  9357  9358 D dalvikvm: GC_CONCURRENT freed 750K, 28% free 25461K/35207K, paused 2ms+4ms
07-10 17:40:32.808  9357  9425 D skia    : WARNING: One-shot allocator has already allocated (alloc count = 1)
07-10 17:40:32.836  9357  9425 D dalvikvm: GC_FOR_ALLOC freed 846K, 25% free 26410K/35207K, paused 24ms
07-10 17:40:33.004  9357  9425 D skia    : WARNING: One-shot allocator has already allocated (alloc count = 1)
07-10 17:40:33.058  9357  9358 D dalvikvm: GC_CONCURRENT freed 911K, 22% free 27509K/35207K, paused 4ms+5ms
07-10 17:40:33.086  9357  9425 D skia    : WARNING: One-shot allocator has already allocated (alloc count = 1)
07-10 17:40:33.105  9357  9425 D skia    : WARNING: One-shot allocator has already allocated (alloc count = 1)
07-10 17:40:33.136  9357  9425 D dalvikvm: GC_FOR_ALLOC freed 2329K, 24% free 26989K/35207K, paused 29ms
07-10 17:40:33.148  9357  9425 D skia    : WARNING: One-shot allocator has already allocated (alloc count = 1)
07-10 17:40:33.164  9357  9425 D skia    : WARNING: One-shot allocator has already allocated (alloc count = 1)
07-10 17:40:33.199  9357  9425 D dalvikvm: GC_FOR_ALLOC freed 1552K, 24% free 26989K/35207K, paused 30ms
07-10 17:40:33.211  9357  9425 D skia    : WARNING: One-shot allocator has already allocated (alloc count = 1)
07-10 17:40:33.234  9357  9425 D skia    : WARNING: One-shot allocator has already allocated (alloc count = 1)
07-10 17:40:33.242  9357  9425 D skia    : WARNING: One-shot allocator has already allocated (alloc count = 1)
07-10 17:40:33.265  9357  9425 D dalvikvm: GC_FOR_ALLOC freed 1799K, 24% free 27000K/35207K, paused 23ms
07-10 17:40:33.277  9357  9425 D skia    : WARNING: One-shot allocator has already allocated (alloc count = 1)
07-10 17:40:33.289  9357  9425 D skia    : WARNING: One-shot allocator has already allocated (alloc count = 1)
07-10 17:40:33.316  9357  9425 D dalvikvm: GC_FOR_ALLOC freed 1820K, 24% free 26989K/35207K, paused 22ms
07-10 17:40:33.336  9357  9425 D skia    : WARNING: One-shot allocator has already allocated (alloc count = 1)
07-10 17:40:33.343  9357  9425 D skia    : WARNING: One-shot allocator has already allocated (alloc count = 1)
07-10 17:40:33.355  9357  9425 D skia    : WARNING: One-shot allocator has already allocated (alloc count = 1)
07-10 17:40:33.379  9357  9425 D dalvikvm: GC_FOR_ALLOC freed 1821K, 24% free 26989K/35207K, paused 23ms
07-10 17:40:33.402  9357  9425 D skia    : WARNING: One-shot allocator has already allocated (alloc count = 1)
07-10 17:40:33.414  9357  9425 D skia    : WARNING: One-shot allocator has already allocated (alloc count = 1)
07-10 17:40:33.457  9357  9358 D dalvikvm: GC_CONCURRENT freed 1415K, 22% free 27511K/35207K, paused 2ms+5ms
07-10 17:40:33.476  9357  9425 D skia    : WARNING: One-shot allocator has already allocated (alloc count = 1)
07-10 17:40:33.492  9357  9425 D skia    : WARNING: One-shot allocator has already allocated (alloc count = 1)
07-10 17:40:33.511  9357  9425 D skia    : WARNING: One-shot allocator has already allocated (alloc count = 1)
07-10 17:40:33.535  9357  9425 D dalvikvm: GC_FOR_ALLOC freed 2182K, 24% free 26989K/35207K, paused 23ms
07-10 17:40:33.546  9357  9425 D skia    : WARNING: One-shot allocator has already allocated (alloc count = 1)
07-10 17:40:33.562  9357  9425 D skia    : WARNING: One-shot allocator has already allocated (alloc count = 1)
07-10 17:40:33.586  9357  9425 D dalvikvm: GC_FOR_ALLOC freed 1552K, 24% free 26989K/35207K, paused 23ms
07-10 17:40:33.605  9357  9425 D skia    : WARNING: One-shot allocator has already allocated (alloc count = 1)
07-10 17:40:33.621  9357  9425 D skia    : WARNING: One-shot allocator has already allocated (alloc count = 1)
07-10 17:40:33.644  9357  9425 D dalvikvm: GC_FOR_ALLOC freed 1552K, 24% free 26989K/35207K, paused 22ms
07-10 17:40:33.656  9357  9425 D skia    : WARNING: One-shot allocator has already allocated (alloc count = 1)
07-10 17:40:33.675  9357  9425 D skia    : WARNING: One-shot allocator has already allocated (alloc count = 1)
07-10 17:40:33.703  9357  9425 D dalvikvm: GC_FOR_ALLOC freed 1655K, 24% free 26989K/35207K, paused 23ms
07-10 17:40:33.742  9357  9425 D skia    : WARNING: One-shot allocator has already allocated (alloc count = 1)
07-10 17:40:33.824  9357  9425 D skia    : WARNING: One-shot allocator has already allocated (alloc count = 1)
07-10 17:40:33.879  9357  9358 D dalvikvm: GC_CONCURRENT freed 1584K, 23% free 27436K/35207K, paused 2ms+7ms
07-10 17:40:33.910  9357  9425 D skia    : WARNING: One-shot allocator has already allocated (alloc count = 1)
07-10 17:40:33.929  9357  9425 D skia    : WARNING: One-shot allocator has already allocated (alloc count = 1)
07-10 17:40:33.953  9357  9425 D skia    : WARNING: One-shot allocator has already allocated (alloc count = 1)
07-10 17:40:33.988  9357  9425 D dalvikvm: GC_FOR_ALLOC freed 2185K, 24% free 27044K/35207K, paused 29ms
07-10 17:40:34.015  9357  9425 D skia    : WARNING: One-shot allocator has already allocated (alloc count = 1)
07-10 17:40:34.031  9357  9425 D skia    : WARNING: One-shot allocator has already allocated (alloc count = 1)
07-10 17:40:34.082  9357  9358 D dalvikvm: GC_CONCURRENT freed 1407K, 22% free 27566K/35207K, paused 4ms+4ms
07-10 17:40:34.097  9357  9425 D skia    : WARNING: One-shot allocator has already allocated (alloc count = 1)
07-10 17:40:34.117  9357  9425 D skia    : WARNING: One-shot allocator has already allocated (alloc count = 1)
07-10 17:40:34.125  9357  9425 D skia    : WARNING: One-shot allocator has already allocated (alloc count = 1)
07-10 17:40:34.136  9357  9425 D skia    : WARNING: One-shot allocator has already allocated (alloc count = 1)
07-10 17:40:34.160  9357  9425 D dalvikvm: GC_FOR_ALLOC freed 1902K, 22% free 27563K/35207K, paused 23ms
07-10 17:40:34.175  9357  9425 D skia    : WARNING: One-shot allocator has already allocated (alloc count = 1)
07-10 17:40:34.187  9357  9425 D skia    : WARNING: One-shot allocator has already allocated (alloc count = 1)
07-10 17:40:34.214  9357  9425 D dalvikvm: GC_FOR_ALLOC freed 2335K, 24% free 27040K/35207K, paused 23ms
07-10 17:40:34.226  9357  9425 D skia    : WARNING: One-shot allocator has already allocated (alloc count = 1)
07-10 17:40:34.238  9357  9425 D skia    : WARNING: One-shot allocator has already allocated (alloc count = 1)
07-10 17:40:34.261  9357  9425 D skia    : WARNING: One-shot allocator has already allocated (alloc count = 1)
07-10 17:40:34.285  9357  9425 D dalvikvm: GC_FOR_ALLOC freed 1532K, 23% free 27422K/35207K, paused 23ms
07-10 17:40:34.300  9357  9425 D skia    : WARNING: One-shot allocator has already allocated (alloc count = 1)
07-10 17:40:34.312  9357  9425 D skia    : WARNING: One-shot allocator has already allocated (alloc count = 1)
07-10 17:40:34.351  9357  9358 D dalvikvm: GC_CONCURRENT freed 1672K, 22% free 27798K/35207K, paused 2ms+5ms
07-10 17:40:34.379  9357  9425 D skia    : WARNING: One-shot allocator has already allocated (alloc count = 1)
07-10 17:40:34.402  9357  9425 D skia    : WARNING: One-shot allocator has already allocated (alloc count = 1)
07-10 17:40:34.464  9357  9358 D dalvikvm: GC_CONCURRENT freed 2160K, 22% free 27566K/35207K, paused 2ms+4ms
07-10 17:40:34.480  9357  9425 D skia    : WARNING: One-shot allocator has already allocated (alloc count = 1)
07-10 17:40:34.504  9357  9425 D skia    : WARNING: One-shot allocator has already allocated (alloc count = 1)
07-10 17:40:34.519  9357  9425 D skia    : WARNING: One-shot allocator has already allocated (alloc count = 1)
07-10 17:40:34.546  9357  9425 D dalvikvm: GC_FOR_ALLOC freed 2197K, 24% free 27040K/35207K, paused 23ms
07-10 17:40:34.574  9357  9426 V MenuExecutor: Execute cmd: 2131427394 for /local/image/item/378
07-10 17:40:34.578  8828  8840 D MediaProvider: object removed 378
07-10 17:40:34.636  9357  9425 D skia    : WARNING: One-shot allocator has already allocated (alloc count = 1)
07-10 17:40:34.718  9357  9426 V MenuExecutor: It takes 124 ms to execute cmd for /local/image/item/378
07-10 17:40:34.734  9357  9425 D skia    : WARNING: One-shot allocator has already allocated (alloc count = 1)
07-10 17:40:34.843  9357  9358 D dalvikvm: GC_CONCURRENT freed 1360K, 22% free 27670K/35207K, paused 4ms+10ms
07-10 17:40:34.882   144   844 W InputManagerService: Window already focused, ignoring focus gain of: com.android.internal.view.IInputMethodClient$Stub$Proxy@41389e60
07-10 17:40:35.004  9357  9424 D dalvikvm: GC_FOR_ALLOC freed 9268K, 43% free 20310K/35207K, paused 33ms
07-10 17:40:35.125  9357  9425 D skia    : WARNING: One-shot allocator has already allocated (alloc count = 1)
07-10 17:40:35.171  9357  9358 D dalvikvm: GC_CONCURRENT freed 87K, 38% free 22171K/35207K, paused 3ms+4ms
07-10 17:40:35.218  9357  9425 D skia    : WARNING: One-shot allocator has already allocated (alloc count = 1)
07-10 17:40:35.242  9357  9425 D skia    : WARNING: One-shot allocator has already allocated (alloc count = 1)
07-10 17:40:35.296  9357  9358 D dalvikvm: GC_CONCURRENT freed 1730K, 37% free 22453K/35207K, paused 2ms+4ms
07-10 17:40:35.367  9357  9425 D skia    : WARNING: One-shot allocator has already allocated (alloc count = 1)
07-10 17:40:35.418  9357  9358 D dalvikvm: GC_CONCURRENT freed 975K, 34% free 23487K/35207K, paused 2ms+5ms
07-10 17:40:35.441  9357  9425 D skia    : WARNING: One-shot allocator has already allocated (alloc count = 1)
07-10 17:40:35.507  9357  9425 D skia    : WARNING: One-shot allocator has already allocated (alloc count = 1)
07-10 17:40:35.539  9357  9425 D dalvikvm: GC_FOR_ALLOC freed 848K, 31% free 24446K/35207K, paused 24ms
07-10 17:40:35.574  9357  9425 D skia    : WARNING: One-shot allocator has already allocated (alloc count = 1)
07-10 17:40:35.609  9357  9423 D dalvikvm: GC_FOR_ALLOC freed 1464K, 30% free 24886K/35207K, paused 25ms
07-10 17:40:35.640  9357  9425 D skia    : WARNING: One-shot allocator has already allocated (alloc count = 1)
07-10 17:40:35.695  9357  9425 D skia    : WARNING: One-shot allocator has already allocated (alloc count = 1)
07-10 17:40:35.742  9357  9358 D dalvikvm: GC_CONCURRENT freed 1148K, 27% free 25776K/35207K, paused 2ms+5ms
07-10 17:40:35.902  9357  9425 D skia    : WARNING: One-shot allocator has already allocated (alloc count = 1)
07-10 17:40:35.957  9357  9425 D dalvikvm: GC_FOR_ALLOC freed 1367K, 27% free 25963K/35207K, paused 33ms
07-10 17:40:36.000  9357  9425 D skia    : WARNING: One-shot allocator has already allocated (alloc count = 1)
07-10 17:40:36.070  9357  9358 D dalvikvm: GC_CONCURRENT freed 893K, 23% free 27110K/35207K, paused 2ms+7ms
07-10 17:40:36.089  9357  9425 D skia    : WARNING: One-shot allocator has already allocated (alloc count = 1)
07-10 17:40:36.132  9357  9425 D skia    : WARNING: One-shot allocator has already allocated (alloc count = 1)
07-10 17:40:36.179  9357  9358 D dalvikvm: GC_CONCURRENT freed 1720K, 23% free 27394K/35207K, paused 2ms+5ms
07-10 17:40:36.207  9357  9425 D skia    : WARNING: One-shot allocator has already allocated (alloc count = 1)
07-10 17:40:36.254  9357  9425 D skia    : WARNING: One-shot allocator has already allocated (alloc count = 1)
07-10 17:40:36.265  9357  9425 D skia    : WARNING: One-shot allocator has already allocated (alloc count = 1)
07-10 17:40:36.300  9357  9425 D dalvikvm: GC_FOR_ALLOC freed 2067K, 24% free 26873K/35207K, paused 25ms
07-10 17:40:36.320  9357  9425 D skia    : WARNING: One-shot allocator has already allocated (alloc count = 1)
07-10 17:40:36.339  9357  9425 D skia    : WARNING: One-shot allocator has already allocated (alloc count = 1)
07-10 17:40:36.382  9357  9358 D dalvikvm: GC_CONCURRENT freed 1585K, 23% free 27225K/35207K, paused 2ms+5ms
07-10 17:40:36.410  9357  9425 D skia    : WARNING: One-shot allocator has already allocated (alloc count = 1)
07-10 17:40:36.421  9357  9425 D skia    : WARNING: One-shot allocator has already allocated (alloc count = 1)
07-10 17:40:36.437  9357  9425 D skia    : WARNING: One-shot allocator has already allocated (alloc count = 1)
07-10 17:40:36.464  9357  9425 D skia    : WARNING: One-shot allocator has already allocated (alloc count = 1)
07-10 17:40:36.484  9357  9425 D dalvikvm: GC_FOR_ALLOC freed 1821K, 23% free 27229K/35207K, paused 22ms
07-10 17:40:36.500  9357  9425 D skia    : WARNING: One-shot allocator has already allocated (alloc count = 1)
07-10 17:40:36.511  9357  9425 D skia    : WARNING: One-shot allocator has already allocated (alloc count = 1)
07-10 17:40:36.566  9357  9358 D dalvikvm: GC_CONCURRENT freed 2193K, 24% free 27061K/35207K, paused 2ms+5ms
07-10 17:40:36.621  9357  9425 D skia    : WARNING: One-shot allocator has already allocated (alloc count = 1)
07-10 17:40:36.699  9357  9425 D skia    : WARNING: One-shot allocator has already allocated (alloc count = 1)
07-10 17:40:36.718  9357  9425 D skia    : WARNING: One-shot allocator has already allocated (alloc count = 1)
07-10 17:40:36.750  9357  9425 D dalvikvm: GC_FOR_ALLOC freed 1436K, 23% free 27424K/35207K, paused 32ms
07-10 17:40:36.769  9357  9425 D skia    : WARNING: One-shot allocator has already allocated (alloc count = 1)
07-10 17:40:36.785  9357  9425 D skia    : WARNING: One-shot allocator has already allocated (alloc count = 1)
07-10 17:40:36.820  9357  9425 D dalvikvm: GC_FOR_ALLOC freed 2342K, 24% free 26895K/35207K, paused 30ms
07-10 17:40:36.836  9357  9425 D skia    : WARNING: One-shot allocator has already allocated (alloc count = 1)
07-10 17:40:36.855  9357  9425 D skia    : WARNING: One-shot allocator has already allocated (alloc count = 1)
07-10 17:40:36.879  9357  9425 D skia    : WARNING: One-shot allocator has already allocated (alloc count = 1)
07-10 17:40:36.910  9357  9425 D dalvikvm: GC_FOR_ALLOC freed 1532K, 23% free 27278K/35207K, paused 29ms
07-10 17:40:36.929  9357  9425 D skia    : WARNING: One-shot allocator has already allocated (alloc count = 1)
07-10 17:40:36.945  9357  9425 D skia    : WARNING: One-shot allocator has already allocated (alloc count = 1)
07-10 17:40:36.968  9357  9425 D dalvikvm: GC_FOR_ALLOC freed 1672K, 23% free 27413K/35207K, paused 24ms
07-10 17:40:36.988  9357  9425 D skia    : WARNING: One-shot allocator has already allocated (alloc count = 1)
07-10 17:40:37.004  9357  9425 D skia    : WARNING: One-shot allocator has already allocated (alloc count = 1)
07-10 17:40:37.046  9357  9358 D dalvikvm: GC_CONCURRENT freed 2185K, 23% free 27151K/35207K, paused 2ms+5ms
07-10 17:40:37.070  9357  9425 D skia    : WARNING: One-shot allocator has already allocated (alloc count = 1)
07-10 17:40:37.093  9357  9425 D skia    : WARNING: One-shot allocator has already allocated (alloc count = 1)
07-10 17:40:37.109  9357  9425 D skia    : WARNING: One-shot allocator has already allocated (alloc count = 1)
07-10 17:40:37.136  9357  9425 D dalvikvm: GC_FOR_ALLOC freed 2178K, 24% free 26891K/35207K, paused 23ms
07-10 17:40:37.148  9357  9425 D skia    : WARNING: One-shot allocator has already allocated (alloc count = 1)
07-10 17:40:37.164  9357  9425 D skia    : WARNING: One-shot allocator has already allocated (alloc count = 1)
07-10 17:40:37.171  9357  9425 D skia    : WARNING: One-shot allocator has already allocated (alloc count = 1)
07-10 17:40:37.199  9357  9425 D dalvikvm: GC_FOR_ALLOC freed 1898K, 24% free 26891K/35207K, paused 23ms
07-10 17:40:37.211  9357  9425 D skia    : WARNING: One-shot allocator has already allocated (alloc count = 1)
07-10 17:40:37.222  9357  9425 D skia    : WARNING: One-shot allocator has already allocated (alloc count = 1)
07-10 17:40:37.250  9357  9425 D dalvikvm: GC_FOR_ALLOC freed 1552K, 24% free 26891K/35207K, paused 24ms
07-10 17:40:37.261  9357  9425 D skia    : WARNING: One-shot allocator has already allocated (alloc count = 1)
07-10 17:40:37.281  9357  9425 D skia    : WARNING: One-shot allocator has already allocated (alloc count = 1)
07-10 17:40:37.308  9357  9425 D dalvikvm: GC_FOR_ALLOC freed 1536K, 24% free 26891K/35207K, paused 24ms
07-10 17:40:37.320  9357  9425 D skia    : WARNING: One-shot allocator has already allocated (alloc count = 1)
07-10 17:40:37.339  9357  9425 D skia    : WARNING: One-shot allocator has already allocated (alloc count = 1)
07-10 17:40:37.367  9357  9425 D dalvikvm: GC_FOR_ALLOC freed 1672K, 24% free 26891K/35207K, paused 24ms
07-10 17:40:37.379  9357  9425 D skia    : WARNING: One-shot allocator has already allocated (alloc count = 1)
07-10 17:40:37.394  9357  9425 D skia    : WARNING: One-shot allocator has already allocated (alloc count = 1)
07-10 17:40:37.425  9357  9423 V MenuExecutor: Execute cmd: 2131427394 for /local/image/item/377
07-10 17:40:37.433  8828  9476 D MediaProvider: object removed 377
07-10 17:40:37.453  9357  9425 D skia    : WARNING: One-shot allocator has already allocated (alloc count = 1)
07-10 17:40:37.484  9357  9425 D dalvikvm: GC_FOR_ALLOC freed 1544K, 23% free 27191K/35207K, paused 32ms
07-10 17:40:37.496  9357  9423 V MenuExecutor: It takes 68 ms to execute cmd for /local/image/item/377
07-10 17:40:37.574   144   366 W InputManagerService: Window already focused, ignoring focus gain of: com.android.internal.view.IInputMethodClient$Stub$Proxy@4134ca18
