07-10 08:45:49.664   482  1284 I PhoneLab-LoggerService: Logcat pid from database 1287
07-10 08:45:49.664   482  1284 I PhoneLab-LoggerService: Logcat process found 1287
07-10 08:45:49.664   482  1284 I PhoneLab-LoggerService: Checking Threshold
07-10 08:45:49.664   482  1284 I PhoneLab-: Service Running
07-10 08:45:49.703   482  1284 I PhoneLab-LoggerService: app_36    1287  482   1444   1072  c010c604 40010b5c D logcat
07-10 08:45:49.703   482  1284 I PhoneLab-LoggerService: Logcat pid from database 1287
07-10 08:45:49.703   482  1284 I PhoneLab-LoggerService: Logcat process found 1287
07-10 08:45:49.703   482  1284 I PhoneLab-LoggerService: Checking Threshold
07-10 08:45:49.765   482  1284 I PhoneLab-LoggerService: Starting to rename files
07-10 08:45:49.765   482  1284 I PhoneLab-LoggerService: Files found .. 2
07-10 08:45:49.765   482  1284 I PhoneLab-LoggerService: File 1 log.out.1
07-10 08:45:49.777   482  1284 I PhoneLab-LoggerService: Renamed successfully
07-10 08:45:49.785   482  1284 I PhoneLab-: Service Running
07-10 08:45:49.867   482  1284 I PhoneLab-LoggerService: app_36    1287  482   1444   1072  c00f181c 400107b4 S logcat
07-10 08:45:49.867   482  1284 I PhoneLab-LoggerService: Logcat pid from database 1287
07-10 08:45:49.867   482  1284 I PhoneLab-LoggerService: Logcat process found 1287
07-10 08:45:49.867   482  1284 I PhoneLab-LoggerService: Checking Threshold
07-10 08:45:49.867   482  1284 I PhoneLab-LoggerService: Starting to rename files
07-10 08:45:49.867   482  1284 I PhoneLab-LoggerService: Files found .. 2
07-10 08:45:52.496   332   332 D dalvikvm: GC_FOR_ALLOC freed 564K, 8% free 11244K/12103K, paused 31ms
07-10 08:45:58.347   332   335 D dalvikvm: GC_CONCURRENT freed 652K, 7% free 11261K/12103K, paused 2ms+5ms
07-10 08:46:00.007   144   161 I ActivityManager: No longer want com.android.sprintmenu (pid 4711): hidden #16
07-10 08:46:00.082   144   366 W ActivityManager: Scheduling restart of crashed service com.android.sprintmenu/.HiddenPhoneService in 5000ms
07-10 08:46:05.105   144   161 I ActivityManager: Start proc com.android.sprintmenu for service com.android.sprintmenu/.HiddenPhoneService: pid=5254 uid=1001 gids={3002, 3001, 3003, 1015}
07-10 08:46:07.929   332   335 D dalvikvm: GC_CONCURRENT freed 651K, 8% free 11254K/12103K, paused 2ms+4ms
07-10 08:46:11.379  4667  4670 D dalvikvm: GC_CONCURRENT freed 476K, 8% free 10755K/11655K, paused 10ms+12ms
07-10 08:46:13.781   332   335 D dalvikvm: GC_CONCURRENT freed 652K, 8% free 11251K/12103K, paused 7ms+4ms
07-10 08:46:16.191    81   128 D AudioHardware: AudioHardware pcm playback is exiting standby.
07-10 08:46:16.191    81   128 D AudioHardware: openPcmOut_l() mPcmOpenCnt: 0
07-10 08:46:17.054   144   160 I Process : Sending signal. PID: 4667 SIG: 3
07-10 08:46:17.152  4667  4672 I dalvikvm: threadid=3: reacting to signal 3
07-10 08:46:17.277  4667  4672 E dalvikvm: Unable to open stack trace file '/data/anr/traces.txt': Is a directory
07-10 08:46:17.472   214   216 D dalvikvm: GC_CONCURRENT freed 571K, 15% free 9711K/11335K, paused 4ms+3ms
07-10 08:46:17.480  4667  4667 D OpenGLRenderer: Flushing caches (mode 0)
07-10 08:46:17.714  4667  5278 I Gmail   : MainSyncRequestProto: lowestBkwdConvoId: 0, highestHandledServerOp: 1874212, normalSync: true
07-10 08:46:18.171  4667  4670 D dalvikvm: GC_CONCURRENT freed 350K, 7% free 10863K/11655K, paused 17ms+8ms
07-10 08:46:18.277  4667  4674 I dalvikvm: Jit: resizing JitTable from 4096 to 8192
07-10 08:46:18.472  4667  4667 D webviewglue: nativeDestroy view: 0xa44ec0
07-10 08:46:19.312    81   128 D AudioHardware: AudioHardware pcm playback is going to standby.
07-10 08:46:19.312    81   128 D AudioHardware: closePcmOut_l() mPcmOpenCnt: 1
07-10 08:46:20.843  4667  5278 D dalvikvm: GC_EXPLICIT freed 456K, 7% free 10857K/11655K, paused 3ms+7ms
07-10 08:46:20.855  4667  5278 I Gmail   : MainSyncRequestProto: lowestBkwdConvoId: 0, highestHandledServerOp: 1874229, normalSync: true
07-10 08:46:21.398   144   179 I ActivityManager: START {act=android.intent.action.MAIN cat=[android.intent.category.HOME] flg=0x10200000 cmp=com.android.launcher/com.android.launcher2.Launcher} from pid 144
07-10 08:46:21.578  4667  4667 D OpenGLRenderer: Flushing caches (mode 0)
07-10 08:46:21.621  4667  4667 D OpenGLRenderer: Flushing caches (mode 1)
07-10 08:46:21.621   144  1262 W InputManagerService: Starting input on non-focused client com.android.internal.view.IInputMethodClient$Stub$Proxy@416271f8 (uid=10058 pid=4667)
07-10 08:46:22.043  4667  5278 D dalvikvm: GC_EXPLICIT freed 251K, 8% free 10823K/11655K, paused 5ms+15ms
07-10 08:46:22.054  4667  5278 I Gmail   : MainSyncRequestProto: lowestBkwdConvoId: 0, highestHandledServerOp: 1874239, normalSync: true
07-10 08:46:22.058  4667  5278 I Gmail   : lowestBackward conversation id 0
07-10 08:46:22.152   144   144 I ActivityManager: No longer want com.sportstracklive.stopwatch (pid 4467): hidden #16
07-10 08:46:22.203  4667  5278 W Gmail   : Scheduling index for 300000 ms from now
07-10 08:46:22.222   144   179 W InputDispatcher: channel '4133c7f8 com.sportstracklive.stopwatch/com.sportstracklive.stopwatch.StandardStopWatchActivity (server)' ~ Consumer closed input channel or an error occurred.  events=0x8
07-10 08:46:22.222   144   179 E InputDispatcher: channel '4133c7f8 com.sportstracklive.stopwatch/com.sportstracklive.stopwatch.StandardStopWatchActivity (server)' ~ Channel is unrecoverably broken and will be disposed!
07-10 08:46:22.222   144   179 W InputDispatcher: Attempted to unregister already unregistered input channel '4133c7f8 com.sportstracklive.stopwatch/com.sportstracklive.stopwatch.StandardStopWatchActivity (server)'
07-10 08:46:22.222   144   179 I WindowManager: WINDOW DIED Window{4133c7f8 com.sportstracklive.stopwatch/com.sportstracklive.stopwatch.StandardStopWatchActivity paused=false}
07-10 08:46:22.339  4667  5285 I Gmail   : MainSyncRequestProto: lowestBkwdConvoId: 0, highestHandledServerOp: 1874239, normalSync: true
07-10 08:46:22.386   144   156 I ActivityManager: START {act=android.intent.action.MAIN cat=[android.intent.category.LAUNCHER] flg=0x10000000 pkg=com.google.android.apps.googlevoice cmp=com.google.android.apps.googlevoice/.SplashActivity bnds=[288,706][384,802]} from pid 390
07-10 08:46:22.402    81   128 D AudioHardware: AudioHardware pcm playback is exiting standby.
07-10 08:46:22.402    81   128 D AudioHardware: openPcmOut_l() mPcmOpenCnt: 0
07-10 08:46:22.527  5073  5105 I System.out: [INFO:128031]: LogSource: Running flush
07-10 08:46:22.531  5073  5106 I System.out: [INFO:128035]: LogSource: Sending payload [bytes=547]
07-10 08:46:22.629   390   390 D OpenGLRenderer: Flushing caches (mode 1)
07-10 08:46:22.750  5088  5090 D dalvikvm: GC_CONCURRENT freed 447K, 5% free 9802K/10311K, paused 32ms+17ms
07-10 08:46:22.785  5073  5076 D dalvikvm: GC_CONCURRENT freed 463K, 7% free 10468K/11143K, paused 24ms+16ms
07-10 08:46:22.871  5088  5103 D dalvikvm: GC_EXPLICIT freed 201K, 7% free 9600K/10311K, paused 2ms+13ms
07-10 08:46:22.961   144  4494 D dalvikvm: GC_EXPLICIT freed 1092K, 18% free 14632K/17799K, paused 3ms+11ms
07-10 08:46:23.105  5073  5106 I System.out: [INFO:128610]: LogSource: Response [http=200,length=369]
07-10 08:46:23.109  5073  5105 I System.out: [INFO:128612]: LogSource: Read id 26, status code 200
07-10 08:46:23.117  5073  5105 I System.out: [INFO:128623]: LogSource: Read id 24, status code 200
07-10 08:46:23.121  5073  5105 I System.out: [INFO:128623]: LogSource: Read id 23, status code 200
07-10 08:46:23.129  5073  5105 I System.out: [INFO:128631]: LogSource: Read id 25, status code 200
07-10 08:46:23.160  5073  5080 I dalvikvm: Jit: resizing JitTable from 4096 to 8192
07-10 08:46:23.222  5073  5287 D dalvikvm: GC_FOR_ALLOC freed 86K, 6% free 10479K/11143K, paused 41ms
07-10 08:46:23.222  5073  5287 I dalvikvm-heap: Grow heap (frag case) to 10.342MB for 36880-byte allocation
07-10 08:46:23.269  5073  5132 D dalvikvm: GC_FOR_ALLOC freed 3K, 7% free 10512K/11207K, paused 31ms
07-10 08:46:23.363  5073  5287 D dalvikvm: GC_FOR_ALLOC freed 76K, 7% free 10466K/11207K, paused 34ms
07-10 08:46:23.699  5088  5090 D dalvikvm: GC_CONCURRENT freed 281K, 5% free 9823K/10311K, paused 2ms+6ms
07-10 08:46:23.828   390   390 D OpenGLRenderer: Flushing caches (mode 0)
07-10 08:46:24.000  4667  5285 D dalvikvm: GC_EXPLICIT freed 160K, 8% free 10808K/11655K, paused 3ms+5ms
07-10 08:46:24.007  4667  5285 I Gmail   : MainSyncRequestProto: lowestBkwdConvoId: 0, highestHandledServerOp: 1874242, normalSync: true
07-10 08:46:24.011  4667  5285 I Gmail   : lowestBackward conversation id 0
07-10 08:46:24.023  4667  5285 W Gmail   : Scheduling index for 300000 ms from now
07-10 08:46:25.496    81   128 D AudioHardware: AudioHardware pcm playback is going to standby.
07-10 08:46:25.496    81   128 D AudioHardware: closePcmOut_l() mPcmOpenCnt: 1
07-10 08:46:31.121    81   128 D AudioHardware: AudioHardware pcm playback is exiting standby.
07-10 08:46:31.121    81   128 D AudioHardware: openPcmOut_l() mPcmOpenCnt: 0
07-10 08:46:31.125   144   385 I ActivityManager: START {cmp=com.google.android.apps.googlevoice/.PhoneCallListActivity} from pid 5073
07-10 08:46:31.546  5073  5073 D dalvikvm: GC_FOR_ALLOC freed 185K, 6% free 10646K/11207K, paused 47ms
07-10 08:46:31.566  5073  5073 W GoogleVoice: PhoneCallListActivity: unknown action, threading as Intent.ACTION_MAIN: null
07-10 08:46:31.578  5073  5105 I System.out: [INFO:137082]: LogSource: Running flush
07-10 08:46:31.582  5073  5107 I System.out: [INFO:137085]: LogSource: Sending payload [bytes=466]
07-10 08:46:31.718   144   174 I ActivityManager: Displayed com.google.android.apps.googlevoice/.PhoneCallListActivity: +488ms
07-10 08:46:31.972   332   332 D dalvikvm: GC_FOR_ALLOC freed 884K, 13% free 10631K/12103K, paused 114ms
07-10 08:46:31.972   332   332 I dalvikvm-heap: Grow heap (frag case) to 11.041MB for 622096-byte allocation
07-10 08:46:31.992   214   214 D dalvikvm: GC_FOR_ALLOC freed 337K, 15% free 9710K/11335K, paused 30ms
07-10 08:46:32.031   332   335 D dalvikvm: GC_CONCURRENT freed 17K, 8% free 11221K/12103K, paused 2ms+7ms
07-10 08:46:32.046  5073  5107 I System.out: [INFO:137550]: LogSource: Response [http=200,length=335]
07-10 08:46:32.046  5073  5105 I System.out: [INFO:137550]: LogSource: Read id 28, status code 200
07-10 08:46:32.066  5073  5105 I System.out: [INFO:137571]: LogSource: Read id 27, status code 200
07-10 08:46:32.250   214   216 D dalvikvm: GC_CONCURRENT freed 399K, 14% free 9759K/11335K, paused 2ms+96ms
07-10 08:46:34.234    81   128 D AudioHardware: AudioHardware pcm playback is going to standby.
07-10 08:46:34.234    81   128 D AudioHardware: closePcmOut_l() mPcmOpenCnt: 1
07-10 08:46:35.086    81   128 D AudioHardware: AudioHardware pcm playback is exiting standby.
07-10 08:46:35.086    81   128 D AudioHardware: openPcmOut_l() mPcmOpenCnt: 0
07-10 08:46:35.222  5088  5100 D dalvikvm: GC_EXPLICIT freed 290K, 7% free 9674K/10311K, paused 5ms+4ms
07-10 08:46:35.882  5073  5105 I System.out: [INFO:141388]: LogSource: Running flush
07-10 08:46:35.894  5073  5108 I System.out: [INFO:141398]: LogSource: Sending payload [bytes=442]
07-10 08:46:36.148   332   332 D dalvikvm: GC_FOR_ALLOC freed 955K, 13% free 10636K/12103K, paused 78ms
07-10 08:46:36.148   332   332 I dalvikvm-heap: Grow heap (frag case) to 11.046MB for 622096-byte allocation
07-10 08:46:36.183   332   335 D dalvikvm: GC_CONCURRENT freed 5K, 8% free 11239K/12103K, paused 2ms+2ms
07-10 08:46:36.324  5073  5108 I System.out: [INFO:141828]: LogSource: Response [http=200,length=85]
07-10 08:46:36.324  5073  5105 I System.out: [INFO:141829]: LogSource: Read id 29, status code 200
07-10 08:46:38.179    81   128 D AudioHardware: AudioHardware pcm playback is going to standby.
07-10 08:46:38.179    81   128 D AudioHardware: closePcmOut_l() mPcmOpenCnt: 1
07-10 08:46:39.836  5159  5160 D dalvikvm: GC_CONCURRENT freed 294K, 5% free 10204K/10631K, paused 2ms+2ms
07-10 08:46:41.652   332   335 D dalvikvm: GC_CONCURRENT freed 618K, 7% free 11274K/12103K, paused 18ms+8ms
07-10 08:46:42.289  5073  5076 D dalvikvm: GC_CONCURRENT freed 350K, 5% free 10723K/11207K, paused 2ms+3ms
07-10 08:46:44.371   332   335 D dalvikvm: GC_CONCURRENT freed 664K, 7% free 11264K/12103K, paused 2ms+5ms
07-10 08:46:46.906   332   335 D dalvikvm: GC_CONCURRENT freed 658K, 7% free 11265K/12103K, paused 2ms+4ms
07-10 08:46:50.847   332   335 D dalvikvm: GC_CONCURRENT freed 642K, 7% free 11272K/12103K, paused 2ms+5ms
07-10 08:46:52.191   144   155 D dalvikvm: GC_EXPLICIT freed 635K, 19% free 14582K/17799K, paused 19ms+8ms
07-10 08:46:53.757   332   335 D dalvikvm: GC_CONCURRENT freed 643K, 7% free 11286K/12103K, paused 2ms+9ms
07-10 08:46:53.824   332   332 D dalvikvm: GC_EXPLICIT freed 76K, 8% free 11241K/12103K, paused 2ms+3ms
07-10 08:46:56.832   332   335 D dalvikvm: GC_CONCURRENT freed 641K, 8% free 11252K/12103K, paused 3ms+3ms
07-10 08:46:59.234   332   335 D dalvikvm: GC_CONCURRENT freed 648K, 7% free 11262K/12103K, paused 10ms+7ms
07-10 08:47:02.605   332   335 D dalvikvm: GC_CONCURRENT freed 650K, 8% free 11249K/12103K, paused 2ms+4ms
07-10 08:47:04.004  5073  5076 D dalvikvm: GC_CONCURRENT freed 476K, 6% free 10722K/11335K, paused 3ms+7ms
07-10 08:47:05.949   332   335 D dalvikvm: GC_CONCURRENT freed 644K, 7% free 11263K/12103K, paused 2ms+4ms
07-10 08:47:08.476   332   335 D dalvikvm: GC_CONCURRENT freed 664K, 7% free 11283K/12103K, paused 2ms+5ms
07-10 08:47:11.293   332   335 D dalvikvm: GC_CONCURRENT freed 745K, 8% free 11250K/12103K, paused 3ms+8ms
07-10 08:47:12.961   482  1284 I PhoneLab-: Service Running
07-10 08:47:13.066   482  1284 I PhoneLab-LoggerService: app_36    1287  482   1444   1072  c00f181c 400107b4 S logcat
07-10 08:47:13.066   482  1284 I PhoneLab-LoggerService: Logcat pid from database 1287
07-10 08:47:13.066   482  1284 I PhoneLab-LoggerService: Logcat process found 1287
07-10 08:47:13.066   482  1284 I PhoneLab-LoggerService: Checking Threshold
07-10 08:47:13.066   482  1284 I PhoneLab-LoggerService: Starting to rename files
07-10 08:47:13.066   482  1284 I PhoneLab-LoggerService: Files found .. 2
07-10 08:47:15.836   332   335 D dalvikvm: GC_CONCURRENT freed 616K, 8% free 11248K/12103K, paused 2ms+5ms
07-10 08:47:16.890  4667  5342 I Gmail   : MainSyncRequestProto: lowestBkwdConvoId: 0, highestHandledServerOp: 1874242, normalSync: true
07-10 08:47:16.894  4667  5342 I Gmail   : lowestBackward conversation id 0
07-10 08:47:16.902  4667  5342 W Gmail   : Scheduling index for 300000 ms from now
07-10 08:47:26.820   332   335 D dalvikvm: GC_CONCURRENT freed 641K, 7% free 11271K/12103K, paused 2ms+3ms
07-10 08:47:29.019   332   335 D dalvikvm: GC_CONCURRENT freed 669K, 7% free 11276K/12103K, paused 3ms+4ms
07-10 08:47:29.504  5073  5076 D dalvikvm: GC_CONCURRENT freed 483K, 6% free 10719K/11335K, paused 2ms+4ms
07-10 08:47:31.613    81   128 D AudioHardware: AudioHardware pcm playback is exiting standby.
07-10 08:47:31.613    81   128 D AudioHardware: openPcmOut_l() mPcmOpenCnt: 0
07-10 08:47:31.675  5073  5105 I System.out: [INFO:197179]: LogSource: Running flush
07-10 08:47:31.675  5073  5106 I System.out: [INFO:197181]: LogSource: Sending payload [bytes=442]
07-10 08:47:31.746  5073  5105 I System.out: [INFO:197250]: LogSource: Running flush
07-10 08:47:31.750  5073  5105 I System.out: [INFO:197254]: LogSource: Running flush
07-10 08:47:31.754  5073  5107 I System.out: [INFO:197257]: LogSource: Sending payload [bytes=973]
07-10 08:47:31.820  5073  5129 D dalvikvm: GC_EXPLICIT freed 154K, 6% free 10721K/11335K, paused 2ms+5ms
07-10 08:47:31.941   332  5190 D dalvikvm: GC_FOR_ALLOC freed 604K, 8% free 11251K/12103K, paused 28ms
07-10 08:47:32.082   332   332 D dalvikvm: GC_FOR_ALLOC freed 743K, 13% free 10625K/12103K, paused 41ms
07-10 08:47:32.082   332   332 I dalvikvm-heap: Grow heap (frag case) to 11.040MB for 622096-byte allocation
07-10 08:47:32.117   332   335 D dalvikvm: GC_CONCURRENT freed 1K, 8% free 11231K/12103K, paused 3ms+3ms
07-10 08:47:33.093  5073  5106 I System.out: [INFO:198597]: LogSource: Response [http=200,length=85]
07-10 08:47:33.097  5073  5105 I System.out: [INFO:198601]: LogSource: Read id 30, status code 200
07-10 08:47:33.734  5073  5107 I System.out: [INFO:199236]: LogSource: Response [http=200,length=401]
07-10 08:47:33.746  5073  5105 I System.out: [INFO:199251]: LogSource: Read id 31, status code 200
07-10 08:47:33.773  5073  5105 I System.out: [INFO:199275]: LogSource: Read id 32, status code 200
07-10 08:47:33.847   144   156 W AppWidgetService: updateAppWidgetProvider: provider doesn't exist: ComponentInfo{com.google.android.apps.googlevoice/com.google.android.apps.googlevoice.widget.WidgetSettingsProvider}
07-10 08:47:33.859   144   427 W AppWidgetService: updateAppWidgetProvider: provider doesn't exist: ComponentInfo{com.google.android.apps.googlevoice/com.google.android.apps.googlevoice.widget.WidgetInboxProvider}
07-10 08:47:33.863  5073  5105 I System.out: [INFO:199369]: LogSource: Running flush
07-10 08:47:33.867  5073  5108 I System.out: [INFO:199370]: LogSource: Sending payload [bytes=429]
07-10 08:47:34.086  5073  5076 D dalvikvm: GC_CONCURRENT freed 467K, 5% free 10776K/11335K, paused 2ms+4ms
07-10 08:47:34.105  5073  5108 I System.out: [INFO:199608]: LogSource: Response [http=200,length=314]
07-10 08:47:34.105  5073  5105 I System.out: [INFO:199608]: LogSource: Read id 33, status code 200
07-10 08:47:34.125  5073  5105 I System.out: [INFO:199630]: LogSource: Running flush
07-10 08:47:34.129  5073  5106 I System.out: [INFO:199632]: LogSource: Sending payload [bytes=809]
07-10 08:47:34.703    81   128 D AudioHardware: AudioHardware pcm playback is going to standby.
07-10 08:47:34.703    81   128 D AudioHardware: closePcmOut_l() mPcmOpenCnt: 1
07-10 08:47:34.820   144   179 I ActivityManager: START {act=android.intent.action.MAIN cat=[android.intent.category.HOME] flg=0x10200000 cmp=com.android.launcher/com.android.launcher2.Launcher} from pid 144
07-10 08:47:34.875  5073  5106 I System.out: [INFO:200378]: LogSource: Response [http=200,length=14294]
07-10 08:47:34.875  5073  5105 I System.out: [INFO:200379]: LogSource: Read id 34, status code 200
07-10 08:47:35.015   390   390 W IInputConnectionWrapper: getExtractedText on inactive InputConnection
07-10 08:47:35.019   390   390 W IInputConnectionWrapper: getExtractedText on inactive InputConnection
07-10 08:47:35.031   390   390 W IInputConnectionWrapper: getExtractedText on inactive InputConnection
07-10 08:47:35.031   390   390 W IInputConnectionWrapper: getTextBeforeCursor on inactive InputConnection
07-10 08:47:35.035   390   390 W IInputConnectionWrapper: getTextAfterCursor on inactive InputConnection
07-10 08:47:35.035   390   390 W IInputConnectionWrapper: getExtractedText on inactive InputConnection
07-10 08:47:35.035   390   390 W IInputConnectionWrapper: getTextBeforeCursor on inactive InputConnection
07-10 08:47:35.039   390   390 W IInputConnectionWrapper: getTextAfterCursor on inactive InputConnection
07-10 08:47:35.046   214   216 D dalvikvm: GC_CONCURRENT freed 300K, 13% free 9882K/11335K, paused 2ms+6ms
07-10 08:47:35.054   390   390 W IInputConnectionWrapper: beginBatchEdit on inactive InputConnection
07-10 08:47:35.054   390   390 W IInputConnectionWrapper: endBatchEdit on inactive InputConnection
07-10 08:47:35.054   390   390 W IInputConnectionWrapper: getExtractedText on inactive InputConnection
07-10 08:47:35.054   390   390 W IInputConnectionWrapper: getTextBeforeCursor on inactive InputConnection
07-10 08:47:35.054   390   390 W IInputConnectionWrapper: getTextAfterCursor on inactive InputConnection
07-10 08:47:35.058   390   390 W IInputConnectionWrapper: beginBatchEdit on inactive InputConnection
07-10 08:47:35.058   390   390 W IInputConnectionWrapper: endBatchEdit on inactive InputConnection
07-10 08:47:35.058   390   390 W IInputConnectionWrapper: getExtractedText on inactive InputConnection
07-10 08:47:35.132  5073  5105 I System.out: [INFO:200635]: LogSource: Read id 35, status code 200
07-10 08:47:35.500  5073  5076 D dalvikvm: GC_CONCURRENT freed 508K, 6% free 10868K/11463K, paused 9ms+14ms
07-10 08:47:35.613   144   427 W AppWidgetService: updateAppWidgetProvider: provider doesn't exist: ComponentInfo{com.google.android.apps.googlevoice/com.google.android.apps.googlevoice.widget.WidgetSettingsProvider}
07-10 08:47:35.640   144   379 W AppWidgetService: updateAppWidgetProvider: provider doesn't exist: ComponentInfo{com.google.android.apps.googlevoice/com.google.android.apps.googlevoice.widget.WidgetInboxProvider}
07-10 08:47:35.679  5073  5073 D GoogleVoice: com.google.android.apps.googlevoice.vvm.service.GvVvmService$Handler Handling message 1001
07-10 08:47:35.679  5073  5073 D GoogleVoice: com.google.android.apps.googlevoice.vvm.service.GvVvmService$Handler Handling message 1011
07-10 08:47:35.691  5073  5359 I GoogleVoice: Deleting all voicemails
07-10 08:47:35.738   144   344 W AppWidgetService: updateAppWidgetProvider: provider doesn't exist: ComponentInfo{com.google.android.apps.googlevoice/com.google.android.apps.googlevoice.widget.WidgetSettingsProvider}
07-10 08:47:35.754   144   156 W AppWidgetService: updateAppWidgetProvider: provider doesn't exist: ComponentInfo{com.google.android.apps.googlevoice/com.google.android.apps.googlevoice.widget.WidgetInboxProvider}
07-10 08:47:35.773   144   427 W AppWidgetService: updateAppWidgetProvider: provider doesn't exist: ComponentInfo{com.google.android.apps.googlevoice/com.google.android.apps.googlevoice.widget.WidgetSettingsProvider}
07-10 08:47:35.800   144   155 W AppWidgetService: updateAppWidgetProvider: provider doesn't exist: ComponentInfo{com.google.android.apps.googlevoice/com.google.android.apps.googlevoice.widget.WidgetInboxProvider}
07-10 08:47:35.976   390   393 D dalvikvm: GC_CONCURRENT freed 1101K, 11% free 10992K/12231K, paused 7ms+3ms
07-10 08:47:36.070   144   385 I ActivityManager: START {act=android.intent.action.MAIN cat=[android.intent.category.LAUNCHER] flg=0x10000000 pkg=com.google.android.gm cmp=com.google.android.gm/.ConversationListActivityGmail bnds=[96,706][192,802]} from pid 390
07-10 08:47:36.078    81   128 D AudioHardware: AudioHardware pcm playback is exiting standby.
07-10 08:47:36.078    81   128 D AudioHardware: openPcmOut_l() mPcmOpenCnt: 0
07-10 08:47:36.336   390   390 D OpenGLRenderer: Flushing caches (mode 1)
07-10 08:47:36.402   144   174 I ActivityManager: Displayed com.google.android.gm/.ConversationListActivityGmail: +294ms
07-10 08:47:36.429  5073  5073 W IInputConnectionWrapper: showStatusIcon on inactive InputConnection
07-10 08:47:36.429   144   366 W InputManagerService: Starting input on non-focused client com.android.internal.view.IInputMethodClient$Stub$Proxy@417c31f0 (uid=10056 pid=5073)
07-10 08:47:36.441   390   390 D OpenGLRenderer: Flushing caches (mode 0)
07-10 08:47:36.539  4667  4670 D dalvikvm: GC_CONCURRENT freed 299K, 6% free 10982K/11655K, paused 2ms+6ms
07-10 08:47:36.586  4667  4674 D dalvikvm: null clazz in OP_INSTANCE_OF, single-stepping
07-10 08:47:39.703  4667  4670 D dalvikvm: GC_CONCURRENT freed 341K, 4% free 11196K/11655K, paused 3ms+11ms
07-10 08:47:42.449  4667  4667 D dalvikvm: GC_FOR_ALLOC freed 298K, 5% free 11244K/11719K, paused 43ms
07-10 08:47:42.468  4667  4667 I dalvikvm-heap: Grow heap (frag case) to 11.788MB for 768016-byte allocation
07-10 08:47:42.519  4667  4670 D dalvikvm: GC_CONCURRENT freed 31K, 5% free 11963K/12487K, paused 2ms+7ms
07-10 08:47:42.765  2918  2919 D dalvikvm: GC_CONCURRENT freed 366K, 6% free 9367K/9863K, paused 4ms+3ms
07-10 08:47:43.793   144  1262 D dalvikvm: GC_EXPLICIT freed 945K, 18% free 14657K/17799K, paused 3ms+9ms
07-10 08:47:43.855  4667  4667 D dalvikvm: GC_FOR_ALLOC freed 444K, 5% free 12348K/12871K, paused 41ms
07-10 08:47:43.855  4667  4667 I dalvikvm-heap: Grow heap (frag case) to 12.866MB for 768016-byte allocation
07-10 08:47:43.894  4667  5369 D dalvikvm: GC_FOR_ALLOC freed 25K, 5% free 13073K/13639K, paused 29ms
07-10 08:47:44.296  4667  4667 D dalvikvm: GC_FOR_ALLOC freed 192K, 3% free 14075K/14407K, paused 35ms
07-10 08:47:45.390    81   128 D AudioHardware: AudioHardware pcm playback is going to standby.
07-10 08:47:45.390    81   128 D AudioHardware: closePcmOut_l() mPcmOpenCnt: 1
07-10 08:47:46.953   144   344 I ActivityManager: START {cmp=com.google.android.gm/.ComposeActivity (has extras)} from pid 4667
07-10 08:47:46.964    81   128 D AudioHardware: AudioHardware pcm playback is exiting standby.
07-10 08:47:46.964    81   128 D AudioHardware: openPcmOut_l() mPcmOpenCnt: 0
07-10 08:47:47.265  4667  4670 D dalvikvm: GC_CONCURRENT freed 1858K, 13% free 13881K/15879K, paused 7ms+7ms
07-10 08:47:47.461   144   174 I ActivityManager: Displayed com.google.android.gm/.ComposeActivity: +478ms
07-10 08:47:47.531  4667  4667 D OpenGLRenderer: Flushing caches (mode 0)
07-10 08:47:48.050   332   332 D dalvikvm: GC_FOR_ALLOC freed 1015K, 13% free 10629K/12103K, paused 89ms
07-10 08:47:48.050   332   332 I dalvikvm-heap: Grow heap (frag case) to 11.043MB for 622096-byte allocation
07-10 08:47:48.140   214   216 D dalvikvm: GC_CONCURRENT freed 577K, 14% free 9810K/11335K, paused 2ms+12ms
07-10 08:47:48.164   332   335 D dalvikvm: GC_CONCURRENT freed 10K, 8% free 11226K/12103K, paused 2ms+12ms
07-10 08:47:50.058    81   128 D AudioHardware: AudioHardware pcm playback is going to standby.
07-10 08:47:50.062    81   128 D AudioHardware: closePcmOut_l() mPcmOpenCnt: 1
07-10 08:47:56.613   332   335 D dalvikvm: GC_CONCURRENT freed 612K, 8% free 11249K/12103K, paused 3ms+3ms
07-10 08:47:57.453  5159  5160 D dalvikvm: GC_CONCURRENT freed 424K, 6% free 10204K/10759K, paused 7ms+3ms
07-10 08:47:59.007   332   335 D dalvikvm: GC_CONCURRENT freed 625K, 7% free 11260K/12103K, paused 2ms+10ms
07-10 08:48:01.632   332   335 D dalvikvm: GC_CONCURRENT freed 651K, 8% free 11254K/12103K, paused 3ms+4ms
07-10 08:48:05.144   332   332 W MainKeyboard: Keyboard has no IMEGoKey
07-10 08:48:05.152   332   332 E Fluency_Log: Could not read 'keypress model' file at "/mnt/sdcard/Android/data/com.touchtype.swiftkey/files/model-0.im"
07-10 08:48:05.152   332   332 E Fluency_Log: Cannot save an empty KeyPressModel - call reset() or loadFile() to set up the model first
07-10 08:48:05.152   332   332 W KeyPressModelImpl: Attempted to save before layout configured.
07-10 08:48:05.191   332   332 D dalvikvm: GC_FOR_ALLOC freed 1207K, 13% free 10641K/12103K, paused 32ms
07-10 08:48:05.191   332   332 I dalvikvm-heap: Grow heap (frag case) to 11.055MB for 622096-byte allocation
07-10 08:48:05.234   332   335 D dalvikvm: GC_CONCURRENT freed 11K, 8% free 11237K/12103K, paused 2ms+3ms
07-10 08:48:07.058  4781  4784 D dalvikvm: GC_CONCURRENT freed 765K, 12% free 10257K/11591K, paused 13ms+2ms
07-10 08:48:08.945   332   332 E Fluency_Log: Cannot save an empty KeyPressModel - call reset() or loadFile() to set up the model first
07-10 08:48:08.945   332   332 W KeyPressModelImpl: Attempted to save before layout configured.
07-10 08:48:09.054   214   216 D dalvikvm: GC_CONCURRENT freed 334K, 13% free 9864K/11335K, paused 2ms+8ms
07-10 08:48:09.207   214   216 D dalvikvm: GC_CONCURRENT freed 586K, 14% free 9768K/11335K, paused 2ms+6ms
07-10 08:48:10.652   332   332 D dalvikvm: GC_FOR_ALLOC freed 1079K, 13% free 10642K/12103K, paused 113ms
07-10 08:48:10.656   332   332 I dalvikvm-heap: Grow heap (frag case) to 11.055MB for 622096-byte allocation
07-10 08:48:10.773   332   335 D dalvikvm: GC_CONCURRENT freed 10K, 8% free 11239K/12103K, paused 4ms+18ms
07-10 08:48:10.816   214   216 D dalvikvm: GC_CONCURRENT freed 505K, 15% free 9724K/11335K, paused 2ms+2ms
07-10 08:48:13.687    81   128 D AudioHardware: AudioHardware pcm playback is exiting standby.
07-10 08:48:13.687    81   128 D AudioHardware: openPcmOut_l() mPcmOpenCnt: 0
07-10 08:48:14.386   214   216 D dalvikvm: GC_CONCURRENT freed 514K, 15% free 9687K/11335K, paused 2ms+11ms
07-10 08:48:14.605  4667  4667 D OpenGLRenderer: Flushing caches (mode 0)
07-10 08:48:15.066  4667  4667 D webviewglue: nativeDestroy view: 0xcbde70
07-10 08:48:15.250  4667  5395 I Gmail   : MainSyncRequestProto: lowestBkwdConvoId: 0, highestHandledServerOp: 1874242, normalSync: true
07-10 08:48:15.273  4667  4670 D dalvikvm: GC_CONCURRENT freed 1240K, 11% free 14156K/15879K, paused 6ms+8ms
07-10 08:48:15.851  4667  4988 D dalvikvm: GC_EXPLICIT freed 286K, 12% free 14074K/15879K, paused 4ms+8ms
07-10 08:48:16.781    81   128 D AudioHardware: AudioHardware pcm playback is going to standby.
07-10 08:48:16.781    81   128 D AudioHardware: closePcmOut_l() mPcmOpenCnt: 1
07-10 08:48:18.535   144   427 D dalvikvm: GC_EXPLICIT freed 836K, 19% free 14574K/17799K, paused 4ms+9ms
07-10 08:48:19.004  4667  5395 D dalvikvm: GC_EXPLICIT freed 505K, 10% free 14308K/15879K, paused 7ms+11ms
07-10 08:48:19.019  4667  5395 I Gmail   : MainSyncRequestProto: lowestBkwdConvoId: 0, highestHandledServerOp: 1874253, normalSync: true
07-10 08:48:20.007  4667  5395 D dalvikvm: GC_EXPLICIT freed 779K, 13% free 13888K/15879K, paused 3ms+13ms
07-10 08:48:20.015  4667  5395 I Gmail   : MainSyncRequestProto: lowestBkwdConvoId: 0, highestHandledServerOp: 1874253, normalSync: true
07-10 08:48:20.015  4667  5395 I Gmail   : lowestBackward conversation id 0
07-10 08:48:20.031  4667  5395 W Gmail   : Scheduling index for 300000 ms from now
07-10 08:48:20.968  4667  4667 D webviewglue: nativeDestroy view: 0xcb4500
07-10 08:48:20.976  4667  4667 D webviewglue: nativeDestroy view: 0xb2d808
07-10 08:48:20.984  4667  4667 D webviewglue: nativeDestroy view: 0xcdb488
07-10 08:48:22.429    81   128 D AudioHardware: AudioHardware pcm playback is exiting standby.
07-10 08:48:22.429    81   128 D AudioHardware: openPcmOut_l() mPcmOpenCnt: 0
07-10 08:48:22.589  4667  4667 D dalvikvm: GC_FOR_ALLOC freed 2112K, 23% free 12384K/15879K, paused 38ms
07-10 08:48:22.785  4667  4670 D dalvikvm: GC_CONCURRENT freed 1071K, 23% free 12310K/15879K, paused 2ms+7ms
07-10 08:48:23.656  4667  4670 D dalvikvm: GC_CONCURRENT freed 755K, 21% free 12617K/15879K, paused 3ms+6ms
07-10 08:48:23.796  4667  4667 D dalvikvm: GC_FOR_ALLOC freed 183K, 16% free 13360K/15879K, paused 38ms
07-10 08:48:23.796  4667  4667 I dalvikvm-heap: Grow heap (frag case) to 13.853MB for 768016-byte allocation
07-10 08:48:23.847  4667  5368 D dalvikvm: GC_FOR_ALLOC freed 13K, 16% free 14096K/16647K, paused 37ms
07-10 08:48:23.964  2918  2930 D dalvikvm: GC_EXPLICIT freed 127K, 6% free 9299K/9863K, paused 2ms+10ms
07-10 08:48:25.457   144   180 I InputReader: Reconfiguring input devices.  changes=0x00000004
07-10 08:48:25.457   144   180 I InputReader: Device reconfigured: id=7, name='mxt224_ts_input', surface size is now 480x800, mode is 1
07-10 08:48:25.507   144   160 I ActivityManager: Config changed: {1.0 310mcc120mnc en_US layoutdir=0 sw320dp w533dp h294dp nrml long land finger -keyb/v/h -nav/h s.13}
07-10 08:48:25.523    81   128 D AudioHardware: AudioHardware pcm playback is going to standby.
07-10 08:48:25.523    81   128 D AudioHardware: closePcmOut_l() mPcmOpenCnt: 1
07-10 08:48:25.531  4667  4667 D OpenGLRenderer: Flushing caches (mode 0)
07-10 08:48:25.609  4667  4667 D webviewglue: nativeDestroy view: 0xb2d808
07-10 08:48:25.683  4667  4667 D webviewglue: nativeDestroy view: 0xcbde70
07-10 08:48:25.691  4667  4667 D webviewglue: nativeDestroy view: 0x9e1ac0
07-10 08:48:25.875  4667  4667 D dalvikvm: GC_FOR_ALLOC freed 3163K, 26% free 12420K/16647K, paused 37ms
07-10 08:48:26.293  4667  4670 D dalvikvm: GC_CONCURRENT freed 276K, 21% free 13277K/16647K, paused 6ms+7ms
07-10 08:48:26.554   332   332 W MainKeyboard: Keyboard has no IMEGoKey
07-10 08:48:26.566   332   332 E Fluency_Log: Could not read 'keypress model' file at "/mnt/sdcard/Android/data/com.touchtype.swiftkey/files/model-0.im"
07-10 08:48:26.566   332   332 E Fluency_Log: Cannot save an empty KeyPressModel - call reset() or loadFile() to set up the model first
07-10 08:48:26.566   332   332 W KeyPressModelImpl: Attempted to save before layout configured.
07-10 08:48:27.125  4667  4667 D dalvikvm: GC_FOR_ALLOC freed 651K, 20% free 13318K/16647K, paused 38ms
07-10 08:48:27.246  4667  4667 D dalvikvm: GC_FOR_ALLOC freed 133K, 16% free 14115K/16647K, paused 38ms
07-10 08:48:27.570   144   155 D dalvikvm: GC_EXPLICIT freed 393K, 19% free 14481K/17799K, paused 3ms+6ms
07-10 08:48:27.898  4667  4670 D dalvikvm: GC_CONCURRENT freed 546K, 9% free 15268K/16647K, paused 2ms+16ms
07-10 08:48:28.179  5088  5090 D dalvikvm: GC_CONCURRENT freed 328K, 6% free 9730K/10311K, paused 2ms+4ms
07-10 08:48:28.246   144   174 D dalvikvm: GC_EXPLICIT freed 45K, 19% free 14440K/17799K, paused 2ms+6ms
07-10 08:48:35.183   144   180 I InputReader: Reconfiguring input devices.  changes=0x00000004
07-10 08:48:35.183   144   180 I InputReader: Device reconfigured: id=7, name='mxt224_ts_input', surface size is now 480x800, mode is 1
07-10 08:48:35.211   144   160 I ActivityManager: Config changed: {1.0 310mcc120mnc en_US layoutdir=0 sw320dp w320dp h508dp nrml long port finger -keyb/v/h -nav/h s.14}
07-10 08:48:35.222  4667  4667 D OpenGLRenderer: Flushing caches (mode 0)
07-10 08:48:35.281  4667  4667 D webviewglue: nativeDestroy view: 0x9e1ac0
07-10 08:48:35.296  4667  4667 D webviewglue: nativeDestroy view: 0xcbde70
07-10 08:48:35.308  4667  4667 D webviewglue: nativeDestroy view: 0xd4dcf0
07-10 08:48:35.421  4667  4667 W PhoneWindow: Previously focused view reported id 2131689622 during save, but can't be found during restore.
07-10 08:48:35.859  4667  4670 D dalvikvm: GC_CONCURRENT freed 3803K, 23% free 13534K/17415K, paused 6ms+17ms
07-10 08:48:36.437   332   335 D dalvikvm: GC_CONCURRENT freed 1202K, 13% free 10651K/12103K, paused 3ms+5ms
07-10 08:48:36.660  4667  4667 D dalvikvm: GC_FOR_ALLOC freed 1288K, 23% free 13489K/17415K, paused 36ms
07-10 08:48:37.140  4667  4670 D dalvikvm: GC_CONCURRENT freed 353K, 17% free 14608K/17415K, paused 2ms+7ms
07-10 08:48:37.433  4667  4667 D webviewglue: nativeDestroy view: 0xcbde70
07-10 08:48:37.441  4667  4667 D webviewglue: nativeDestroy view: 0xd4dcf0
07-10 08:48:37.445  4667  4667 D webviewglue: nativeDestroy view: 0x9e56b8
07-10 08:48:37.449  4667  4667 E Gmail   : Disable UiHandler. Dropping 1 Runnables.
07-10 08:48:37.761   144   174 D dalvikvm: GC_EXPLICIT freed 141K, 19% free 14468K/17799K, paused 3ms+9ms
07-10 08:48:43.472    81   128 D AudioHardware: AudioHardware pcm playback is exiting standby.
07-10 08:48:43.472    81   128 D AudioHardware: openPcmOut_l() mPcmOpenCnt: 0
07-10 08:48:43.609  4667  4674 I dalvikvm: Jit: resizing JitTable from 8192 to 16384
07-10 08:48:43.750  4667  4667 D dalvikvm: GC_FOR_ALLOC freed 3070K, 25% free 13229K/17415K, paused 40ms
07-10 08:48:44.605  4667  4667 D dalvikvm: GC_FOR_ALLOC freed 1242K, 28% free 12679K/17415K, paused 37ms
07-10 08:48:44.687  4667  4667 D dalvikvm: GC_FOR_ALLOC freed 85K, 23% free 13487K/17415K, paused 34ms
07-10 08:48:44.808  4667  4667 D dalvikvm: GC_EXPLICIT freed 61K, 18% free 14315K/17415K, paused 5ms+7ms
07-10 08:48:44.976  4667  5403 I Gmail   : MainSyncRequestProto: lowestBkwdConvoId: 0, highestHandledServerOp: 1874253, normalSync: true
07-10 08:48:46.562    81   128 D AudioHardware: AudioHardware pcm playback is going to standby.
07-10 08:48:46.562    81   128 D AudioHardware: closePcmOut_l() mPcmOpenCnt: 1
07-10 08:48:47.414  4667  4670 D dalvikvm: GC_CONCURRENT freed 1893K, 20% free 14065K/17415K, paused 2ms+7ms
07-10 08:48:47.824  4667  5403 D dalvikvm: GC_EXPLICIT freed 526K, 20% free 14062K/17415K, paused 8ms+6ms
07-10 08:48:47.828  4667  5403 I Gmail   : MainSyncRequestProto: lowestBkwdConvoId: 0, highestHandledServerOp: 1874269, normalSync: true
07-10 08:48:47.832  4667  5403 I Gmail   : lowestBackward conversation id 0
07-10 08:48:47.843  4667  5403 W Gmail   : Scheduling index for 300000 ms from now
07-10 08:48:47.961   144  1262 D dalvikvm: GC_EXPLICIT freed 183K, 19% free 14468K/17799K, paused 3ms+6ms
07-10 08:48:51.910   144   379 I ActivityManager: START {cmp=com.google.android.gm/.ComposeActivity (has extras)} from pid 4667
07-10 08:48:51.921    81   128 D AudioHardware: AudioHardware pcm playback is exiting standby.
07-10 08:48:51.921    81   128 D AudioHardware: openPcmOut_l() mPcmOpenCnt: 0
07-10 08:48:52.296   144   174 I ActivityManager: Displayed com.google.android.gm/.ComposeActivity: +349ms
07-10 08:48:52.367  4667  4667 D OpenGLRenderer: Flushing caches (mode 0)
07-10 08:48:52.754   214   222 I dalvikvm: Jit: resizing JitTable from 4096 to 8192
07-10 08:48:52.941   332   332 D dalvikvm: GC_FOR_ALLOC freed 458K, 13% free 10602K/12103K, paused 91ms
07-10 08:48:52.949   332   332 I dalvikvm-heap: Grow heap (frag case) to 11.017MB for 622096-byte allocation
07-10 08:48:53.035   332   351 D dalvikvm: GC_FOR_ALLOC freed <1K, 8% free 11209K/12103K, paused 70ms
07-10 08:48:53.066   214   216 D dalvikvm: GC_CONCURRENT freed 345K, 14% free 9823K/11335K, paused 2ms+28ms
07-10 08:48:53.175   332   335 D dalvikvm: GC_CONCURRENT freed 52K, 8% free 11202K/12103K, paused 2ms+7ms
07-10 08:48:55.011    81   128 D AudioHardware: AudioHardware pcm playback is going to standby.
07-10 08:48:55.011    81   128 D AudioHardware: closePcmOut_l() mPcmOpenCnt: 1
07-10 08:48:57.746   214   214 D dalvikvm: GC_EXPLICIT freed 226K, 14% free 9860K/11335K, paused 9ms+23ms
07-10 08:48:57.789   332   335 D dalvikvm: GC_CONCURRENT freed 614K, 8% free 11225K/12103K, paused 3ms+4ms
07-10 08:49:05.437   332   335 D dalvikvm: GC_CONCURRENT freed 650K, 8% free 11231K/12103K, paused 1ms+3ms
07-10 08:49:11.781   332   335 D dalvikvm: GC_CONCURRENT freed 629K, 8% free 11217K/12103K, paused 2ms+3ms
07-10 08:49:12.949   482  1284 I PhoneLab-: Service Running
07-10 08:49:13.039   482  1284 I PhoneLab-LoggerService: app_36    1287  482   1444   1068  c00f181c 400107b4 S logcat
07-10 08:49:13.039   482  1284 I PhoneLab-LoggerService: Logcat pid from database 1287
07-10 08:49:13.039   482  1284 I PhoneLab-LoggerService: Logcat process found 1287
07-10 08:49:13.039   482  1284 I PhoneLab-LoggerService: Checking Threshold
07-10 08:49:13.039   482  1284 I PhoneLab-LoggerService: Starting to rename files
07-10 08:49:13.039   482  1284 I PhoneLab-LoggerService: Files found .. 2
07-10 08:49:14.961   332   335 D dalvikvm: GC_CONCURRENT freed 624K, 8% free 11230K/12103K, paused 2ms+4ms
07-10 08:49:15.910   214   216 D dalvikvm: GC_CONCURRENT freed 210K, 10% free 10297K/11335K, paused 1ms+2ms
07-10 08:49:16.160   214   214 D dalvikvm: GC_FOR_ALLOC freed 567K, 13% free 9968K/11335K, paused 69ms
07-10 08:49:17.078   332   335 D dalvikvm: GC_CONCURRENT freed 642K, 8% free 11232K/12103K, paused 2ms+3ms
07-10 08:49:19.160   332   335 D dalvikvm: GC_CONCURRENT freed 649K, 8% free 11235K/12103K, paused 8ms+6ms
07-10 08:49:22.007   332   335 D dalvikvm: GC_CONCURRENT freed 652K, 8% free 11233K/12103K, paused 2ms+3ms
07-10 08:49:24.421   275   278 D dalvikvm: GC_CONCURRENT freed 300K, 6% free 10188K/10823K, paused 15ms+3ms
07-10 08:49:24.468  4667  5433 I Gmail   : MainSyncRequestProto: lowestBkwdConvoId: 0, highestHandledServerOp: 1874269, normalSync: true
07-10 08:49:24.468  4667  5433 I Gmail   : lowestBackward conversation id 0
07-10 08:49:24.480  4667  5433 W Gmail   : Scheduling index for 300000 ms from now
07-10 08:49:24.531  4667  5434 I Gmail   : MainSyncRequestProto: lowestBkwdConvoId: 0, highestHandledServerOp: 1874269, normalSync: true
07-10 08:49:24.793   332   335 D dalvikvm: GC_CONCURRENT freed 629K, 8% free 11214K/12103K, paused 56ms+3ms
07-10 08:49:25.078  4667  5434 D dalvikvm: GC_EXPLICIT freed 1037K, 17% free 14563K/17415K, paused 6ms+8ms
07-10 08:49:25.082  4667  5434 I Gmail   : MainSyncRequestProto: lowestBkwdConvoId: 0, highestHandledServerOp: 1874269, normalSync: true
07-10 08:49:25.086  4667  5434 I Gmail   : lowestBackward conversation id 0
07-10 08:49:25.097  4667  5434 W Gmail   : Scheduling index for 300000 ms from now
07-10 08:49:33.550   332   335 D dalvikvm: GC_CONCURRENT freed 613K, 8% free 11226K/12103K, paused 2ms+8ms
07-10 08:49:36.507   332   335 D dalvikvm: GC_CONCURRENT freed 618K, 8% free 11221K/12103K, paused 3ms+3ms
07-10 08:49:39.961   332   335 D dalvikvm: GC_CONCURRENT freed 627K, 8% free 11242K/12103K, paused 2ms+2ms
07-10 08:49:40.043   144   379 D dalvikvm: JIT code cache reset in 4 ms (1048524 bytes 5/0)
07-10 08:49:40.062   144   379 D dalvikvm: GC_EXPLICIT freed 608K, 18% free 14650K/17799K, paused 3ms+13ms
07-10 08:49:44.531   332   335 D dalvikvm: GC_CONCURRENT freed 641K, 7% free 11261K/12103K, paused 2ms+8ms
07-10 08:49:46.894   214   216 D dalvikvm: GC_CONCURRENT freed 515K, 13% free 9905K/11335K, paused 1ms+2ms
07-10 08:49:46.976   214   216 D dalvikvm: GC_CONCURRENT freed 312K, 11% free 10101K/11335K, paused 2ms+3ms
07-10 08:49:49.773   332   335 D dalvikvm: GC_CONCURRENT freed 676K, 8% free 11231K/12103K, paused 2ms+4ms
07-10 08:49:49.898   214   214 D dalvikvm: GC_FOR_ALLOC freed 600K, 15% free 9679K/11335K, paused 16ms
07-10 08:49:49.988   214   216 D dalvikvm: GC_CONCURRENT freed 346K, 14% free 9828K/11335K, paused 2ms+10ms
07-10 08:49:54.664   332   332 D dalvikvm: GC_FOR_ALLOC freed 990K, 13% free 10613K/12103K, paused 91ms
07-10 08:49:54.668   332   332 I dalvikvm-heap: Grow heap (frag case) to 11.028MB for 622096-byte allocation
07-10 08:49:54.671   214   216 D dalvikvm: GC_CONCURRENT freed 477K, 14% free 9858K/11335K, paused 2ms+14ms
07-10 08:49:54.754   332   335 D dalvikvm: GC_CONCURRENT freed 22K, 8% free 11198K/12103K, paused 2ms+14ms
07-10 08:49:59.168   332   335 D dalvikvm: GC_CONCURRENT freed 593K, 8% free 11237K/12103K, paused 10ms+13ms
07-10 08:50:00.828   332   335 D dalvikvm: GC_CONCURRENT freed 638K, 8% free 11234K/12103K, paused 6ms+4ms
07-10 08:50:03.402   332   335 D dalvikvm: GC_CONCURRENT freed 638K, 8% free 11238K/12103K, paused 2ms+4ms
07-10 08:50:05.504   332   335 D dalvikvm: GC_CONCURRENT freed 638K, 8% free 11237K/12103K, paused 2ms+4ms
07-10 08:50:07.597   332   335 D dalvikvm: GC_CONCURRENT freed 640K, 8% free 11234K/12103K, paused 2ms+4ms
07-10 08:50:10.418   332   335 D dalvikvm: GC_CONCURRENT freed 654K, 8% free 11244K/12103K, paused 2ms+4ms
07-10 08:50:12.793   332   335 D dalvikvm: GC_CONCURRENT freed 646K, 8% free 11242K/12103K, paused 1ms+4ms
07-10 08:50:14.082   332   335 D dalvikvm: GC_CONCURRENT freed 646K, 8% free 11226K/12103K, paused 3ms+5ms
07-10 08:50:15.043   332   332 D dalvikvm: GC_EXPLICIT freed 309K, 8% free 11218K/12103K, paused 3ms+4ms
07-10 08:50:17.175   332   335 D dalvikvm: GC_CONCURRENT freed 641K, 8% free 11228K/12103K, paused 2ms+4ms
07-10 08:50:20.183   332   335 D dalvikvm: GC_CONCURRENT freed 637K, 8% free 11236K/12103K, paused 4ms+3ms
07-10 08:50:22.367   332   335 D dalvikvm: GC_CONCURRENT freed 647K, 8% free 11230K/12103K, paused 3ms+4ms
07-10 08:50:23.062  5159  5160 D dalvikvm: GC_CONCURRENT freed 421K, 6% free 10204K/10759K, paused 2ms+2ms
07-10 08:50:24.371   332   335 D dalvikvm: GC_CONCURRENT freed 612K, 8% free 11241K/12103K, paused 3ms+9ms
07-10 08:50:26.925   332   335 D dalvikvm: GC_CONCURRENT freed 635K, 8% free 11245K/12103K, paused 2ms+4ms
07-10 08:50:29.004   332   335 D dalvikvm: GC_CONCURRENT freed 639K, 8% free 11229K/12103K, paused 2ms+3ms
07-10 08:50:30.507   332   335 D dalvikvm: GC_CONCURRENT freed 648K, 8% free 11236K/12103K, paused 1ms+3ms
07-10 08:50:33.277   332   335 D dalvikvm: GC_CONCURRENT freed 655K, 8% free 11239K/12103K, paused 2ms+5ms
07-10 08:50:36.035   332   335 D dalvikvm: GC_CONCURRENT freed 649K, 8% free 11250K/12103K, paused 2ms+4ms
07-10 08:50:42.078  4667  4670 D dalvikvm: GC_CONCURRENT freed 2006K, 18% free 14281K/17415K, paused 3ms+14ms
07-10 08:50:43.648   332   335 D dalvikvm: GC_CONCURRENT freed 651K, 8% free 11234K/12103K, paused 3ms+8ms
07-10 08:50:46.550   144   308 D dalvikvm: GC_EXPLICIT freed 628K, 18% free 14753K/17799K, paused 3ms+10ms
07-10 08:50:48.765    81   128 D AudioHardware: AudioHardware pcm playback is exiting standby.
07-10 08:50:48.765    81   128 D AudioHardware: openPcmOut_l() mPcmOpenCnt: 0
07-10 08:50:49.129  5088  5100 D dalvikvm: GC_EXPLICIT freed 293K, 7% free 9624K/10311K, paused 4ms+6ms
07-10 08:50:49.296  4667  4667 D OpenGLRenderer: Flushing caches (mode 0)
07-10 08:50:49.527   214   216 D dalvikvm: GC_CONCURRENT freed 554K, 15% free 9689K/11335K, paused 3ms+3ms
07-10 08:50:49.613   214   216 D dalvikvm: GC_CONCURRENT freed 489K, 15% free 9673K/11335K, paused 1ms+8ms
07-10 08:50:49.714   144   427 W AudioService:   RemoteControlClient died
07-10 08:50:49.714   144  4494 I ActivityManager: Process com.google.android.music:main (pid 1161) has died.
07-10 08:50:50.187  4667  4667 D webviewglue: nativeDestroy view: 0xac9b88
07-10 08:50:50.707  4667  5499 I Gmail   : MainSyncRequestProto: lowestBkwdConvoId: 0, highestHandledServerOp: 1874269, normalSync: true
07-10 08:50:51.855    81   128 D AudioHardware: AudioHardware pcm playback is going to standby.
07-10 08:50:51.855    81   128 D AudioHardware: closePcmOut_l() mPcmOpenCnt: 1
07-10 08:50:54.500  4667  5499 D dalvikvm: GC_EXPLICIT freed 1360K, 16% free 14676K/17415K, paused 6ms+20ms
07-10 08:50:54.558  4667  4667 D webviewglue: nativeDestroy view: 0xcbde70
07-10 08:50:54.566  4667  4667 D webviewglue: nativeDestroy view: 0x9e1ac0
07-10 08:50:54.570  4667  4667 D webviewglue: nativeDestroy view: 0x8e7bc0
07-10 08:50:54.679  4667  5499 I Gmail   : MainSyncRequestProto: lowestBkwdConvoId: 0, highestHandledServerOp: 1874279, normalSync: true
07-10 08:50:55.738  4667  5499 D dalvikvm: GC_EXPLICIT freed 2544K, 29% free 12511K/17415K, paused 5ms+13ms
07-10 08:50:55.750  4667  5499 I Gmail   : MainSyncRequestProto: lowestBkwdConvoId: 0, highestHandledServerOp: 1874279, normalSync: true
07-10 08:50:55.750  4667  5499 I Gmail   : lowestBackward conversation id 0
07-10 08:50:55.765  4667  5499 W Gmail   : Scheduling index for 300000 ms from now
07-10 08:50:56.832    81   128 D AudioHardware: AudioHardware pcm playback is exiting standby.
07-10 08:50:56.832    81   128 D AudioHardware: openPcmOut_l() mPcmOpenCnt: 0
07-10 08:50:57.046  4667  4670 D dalvikvm: GC_CONCURRENT freed 1133K, 28% free 12542K/17415K, paused 3ms+7ms
07-10 08:50:57.847  4667  4667 D dalvikvm: GC_FOR_ALLOC freed 400K, 28% free 12685K/17415K, paused 34ms
07-10 08:50:57.953  4667  4667 D dalvikvm: GC_FOR_ALLOC freed 69K, 23% free 13494K/17415K, paused 49ms
07-10 08:50:58.363  4667  4670 D dalvikvm: GC_CONCURRENT freed 313K, 16% free 14662K/17415K, paused 7ms+6ms
07-10 08:50:58.875  4667  4986 D dalvikvm: GC_EXPLICIT freed 1611K, 20% free 13940K/17415K, paused 6ms+5ms
07-10 08:50:59.402  4667  4667 D webviewglue: nativeDestroy view: 0x9e1ac0
07-10 08:50:59.406  4667  4667 D webviewglue: nativeDestroy view: 0xcbde70
07-10 08:50:59.414  4667  4667 D webviewglue: nativeDestroy view: 0xcd1dc8
07-10 08:50:59.921    81   128 D AudioHardware: AudioHardware pcm playback is going to standby.
07-10 08:50:59.925    81   128 D AudioHardware: closePcmOut_l() mPcmOpenCnt: 1
07-10 08:51:01.890    81   128 D AudioHardware: AudioHardware pcm playback is exiting standby.
07-10 08:51:01.890    81   128 D AudioHardware: openPcmOut_l() mPcmOpenCnt: 0
07-10 08:51:02.277  4667  4670 D dalvikvm: GC_CONCURRENT freed 2118K, 24% free 13392K/17415K, paused 2ms+7ms
07-10 08:51:03.117   144   385 D dalvikvm: GC_EXPLICIT freed 752K, 19% free 14519K/17799K, paused 3ms+7ms
07-10 08:51:03.265  4667  4670 D dalvikvm: GC_CONCURRENT freed 400K, 18% free 14449K/17415K, paused 3ms+12ms
07-10 08:51:04.980    81   128 D AudioHardware: AudioHardware pcm playback is going to standby.
07-10 08:51:04.980    81   128 D AudioHardware: closePcmOut_l() mPcmOpenCnt: 1
07-10 08:51:05.566    81   128 D AudioHardware: AudioHardware pcm playback is exiting standby.
07-10 08:51:05.566    81   128 D AudioHardware: openPcmOut_l() mPcmOpenCnt: 0
07-10 08:51:12.953   482  1284 I PhoneLab-: Service Running
07-10 08:51:13.086   482  1284 I PhoneLab-LoggerService: app_36    1287  482   1444   1068  c00f181c 400107b4 S logcat
07-10 08:51:13.086   482  1284 I PhoneLab-LoggerService: Logcat pid from database 1287
07-10 08:51:13.086   482  1284 I PhoneLab-LoggerService: Logcat process found 1287
07-10 08:51:13.086   482  1284 I PhoneLab-LoggerService: Checking Threshold
07-10 08:51:13.086   482  1284 I PhoneLab-LoggerService: Starting to rename files
07-10 08:51:13.086   482  1284 I PhoneLab-LoggerService: Files found .. 2
07-10 08:51:13.121   482   484 D dalvikvm: GC_CONCURRENT freed 405K, 18% free 9144K/11143K, paused 15ms+2ms
07-10 08:51:14.714    81   128 D AudioHardware: AudioHardware pcm playback is going to standby.
07-10 08:51:14.714    81   128 D AudioHardware: closePcmOut_l() mPcmOpenCnt: 1
07-10 08:51:15.687   144   308 I ActivityManager: START {cmp=com.google.android.gm/.ComposeActivity (has extras)} from pid 4667
07-10 08:51:15.714    81   128 D AudioHardware: AudioHardware pcm playback is exiting standby.
07-10 08:51:15.714    81   128 D AudioHardware: openPcmOut_l() mPcmOpenCnt: 0
07-10 08:51:15.871  4667  4670 D dalvikvm: GC_CONCURRENT freed 2864K, 24% free 13368K/17415K, paused 4ms+9ms
07-10 08:51:16.191   144   174 I ActivityManager: Displayed com.google.android.gm/.ComposeActivity: +470ms
07-10 08:51:16.261  4667  4667 D OpenGLRenderer: Flushing caches (mode 0)
07-10 08:51:16.750   214   216 D dalvikvm: GC_CONCURRENT freed 248K, 13% free 9869K/11335K, paused 2ms+9ms
07-10 08:51:16.769   332   332 D dalvikvm: GC_FOR_ALLOC freed 1077K, 13% free 10625K/12103K, paused 121ms
07-10 08:51:16.773   332   332 I dalvikvm-heap: Grow heap (frag case) to 11.040MB for 622096-byte allocation
07-10 08:51:16.859   332   335 D dalvikvm: GC_CONCURRENT freed 33K, 8% free 11199K/12103K, paused 2ms+8ms
07-10 08:51:17.726   214   214 D dalvikvm: GC_FOR_ALLOC freed 534K, 15% free 9677K/11335K, paused 48ms
07-10 08:51:17.879   214   216 D dalvikvm: GC_CONCURRENT freed 391K, 15% free 9740K/11335K, paused 1ms+3ms
07-10 08:51:18.453  4667  4667 D OpenGLRenderer: Flushing caches (mode 0)
07-10 08:51:18.808    81   128 D AudioHardware: AudioHardware pcm playback is going to standby.
07-10 08:51:18.808    81   128 D AudioHardware: closePcmOut_l() mPcmOpenCnt: 1
07-10 08:51:18.836  4667  4667 D webviewglue: nativeDestroy view: 0xd93818
07-10 08:51:18.906  4667  4670 D dalvikvm: GC_CONCURRENT freed 1140K, 23% free 13572K/17415K, paused 3ms+17ms
07-10 08:51:19.777    81   128 D AudioHardware: AudioHardware pcm playback is exiting standby.
07-10 08:51:19.777    81   128 D AudioHardware: openPcmOut_l() mPcmOpenCnt: 0
07-10 08:51:20.179  4667  5517 I Gmail   : MainSyncRequestProto: lowestBkwdConvoId: 0, highestHandledServerOp: 1874279, normalSync: true
07-10 08:51:21.336   144   156 I ActivityManager: START {cmp=com.google.android.gm/.ComposeActivity (has extras)} from pid 4667
07-10 08:51:21.648   144   174 I ActivityManager: Displayed com.google.android.gm/.ComposeActivity: +289ms
07-10 08:51:21.730  4667  4667 D OpenGLRenderer: Flushing caches (mode 0)
07-10 08:51:22.148   144   844 D dalvikvm: GC_EXPLICIT freed 740K, 19% free 14531K/17799K, paused 4ms+14ms
07-10 08:51:22.285   332   332 D dalvikvm: GC_FOR_ALLOC freed 807K, 13% free 10596K/12103K, paused 95ms
07-10 08:51:22.285   332   332 I dalvikvm-heap: Grow heap (frag case) to 11.010MB for 622096-byte allocation
07-10 08:51:22.382   332   335 D dalvikvm: GC_CONCURRENT freed 3K, 8% free 11200K/12103K, paused 3ms+9ms
07-10 08:51:22.425   214   216 D dalvikvm: GC_CONCURRENT freed 390K, 14% free 9800K/11335K, paused 2ms+13ms
07-10 08:51:22.879  4667  5517 D dalvikvm: JIT code cache reset in 6 ms (1048472 bytes 1/0)
07-10 08:51:22.906  4667  5517 D dalvikvm: GC_EXPLICIT freed 822K, 21% free 13774K/17415K, paused 3ms+18ms
07-10 08:51:22.929  4667  5517 I Gmail   : MainSyncRequestProto: lowestBkwdConvoId: 0, highestHandledServerOp: 1874289, normalSync: true
07-10 08:51:22.937  4667  5517 I Gmail   : lowestBackward conversation id 0
07-10 08:51:22.953  4667  5517 W Gmail   : Scheduling index for 300000 ms from now
07-10 08:51:24.117   214   216 D dalvikvm: GC_CONCURRENT freed 385K, 14% free 9848K/11335K, paused 2ms+6ms
07-10 08:51:24.421    81   128 D AudioHardware: AudioHardware pcm playback is going to standby.
07-10 08:51:24.421    81   128 D AudioHardware: closePcmOut_l() mPcmOpenCnt: 1
07-10 08:51:24.621  4667  4667 D OpenGLRenderer: Flushing caches (mode 0)
07-10 08:51:24.800  4667  4667 D webviewglue: nativeDestroy view: 0xd31c88
07-10 08:51:25.859    81   128 D AudioHardware: AudioHardware pcm playback is exiting standby.
07-10 08:51:25.859    81   128 D AudioHardware: openPcmOut_l() mPcmOpenCnt: 0
07-10 08:51:27.300   144  1262 I ActivityManager: START {cmp=com.google.android.gm/.ComposeActivity (has extras)} from pid 4667
07-10 08:51:27.500  4667  4670 D dalvikvm: GC_CONCURRENT freed 1587K, 22% free 13747K/17415K, paused 3ms+12ms
07-10 08:51:27.800   144   174 I ActivityManager: Displayed com.google.android.gm/.ComposeActivity: +469ms
07-10 08:51:27.875  4667  4667 D OpenGLRenderer: Flushing caches (mode 0)
07-10 08:51:28.199   214   216 D dalvikvm: GC_CONCURRENT freed 576K, 15% free 9692K/11335K, paused 4ms+5ms
07-10 08:51:28.324   332   332 D dalvikvm: GC_FOR_ALLOC freed 807K, 13% free 10596K/12103K, paused 98ms
07-10 08:51:28.324   332   332 I dalvikvm-heap: Grow heap (frag case) to 11.010MB for 622096-byte allocation
07-10 08:51:28.433   332   335 D dalvikvm: GC_CONCURRENT freed 3K, 8% free 11200K/12103K, paused 2ms+15ms
07-10 08:51:28.445   214   216 D dalvikvm: GC_CONCURRENT freed 367K, 14% free 9801K/11335K, paused 2ms+11ms
07-10 08:51:28.734  4667  5527 D dalvikvm: GC_EXPLICIT freed 662K, 23% free 13541K/17415K, paused 11ms+8ms
07-10 08:51:28.808  5088  5090 D dalvikvm: GC_CONCURRENT freed 332K, 7% free 9684K/10311K, paused 2ms+3ms
07-10 08:51:30.371    81   128 D AudioHardware: AudioHardware pcm playback is going to standby.
07-10 08:51:30.371    81   128 D AudioHardware: closePcmOut_l() mPcmOpenCnt: 1
07-10 08:51:32.328   332   335 D dalvikvm: GC_CONCURRENT freed 594K, 8% free 11222K/12103K, paused 2ms+3ms
07-10 08:51:35.839   332   335 D dalvikvm: GC_CONCURRENT freed 638K, 8% free 11226K/12103K, paused 7ms+4ms
07-10 08:51:38.847   332   335 D dalvikvm: GC_CONCURRENT freed 640K, 8% free 11227K/12103K, paused 2ms+5ms
07-10 08:51:43.828   332   335 D dalvikvm: GC_CONCURRENT freed 625K, 8% free 11238K/12103K, paused 10ms+3ms
07-10 08:51:46.418   332   335 D dalvikvm: GC_CONCURRENT freed 631K, 8% free 11229K/12103K, paused 2ms+5ms
07-10 08:51:46.879   144   844 D AlarmManagerService: Kernel timezone updated to 240 minutes west of GMT
07-10 08:51:51.211   332   335 D dalvikvm: GC_CONCURRENT freed 644K, 8% free 11227K/12103K, paused 2ms+4ms
07-10 08:51:54.058   332   335 D dalvikvm: GC_CONCURRENT freed 628K, 8% free 11227K/12103K, paused 2ms+3ms
07-10 08:51:56.589   332   335 D dalvikvm: GC_CONCURRENT freed 649K, 8% free 11238K/12103K, paused 2ms+3ms
07-10 08:51:59.160   332   335 D dalvikvm: GC_CONCURRENT freed 649K, 8% free 11241K/12103K, paused 2ms+12ms
07-10 08:52:02.656   332   335 D dalvikvm: GC_CONCURRENT freed 655K, 8% free 11237K/12103K, paused 4ms+4ms
07-10 08:52:02.750   144   844 D dalvikvm: GC_EXPLICIT freed 708K, 18% free 14675K/17799K, paused 3ms+9ms
07-10 08:52:06.765   332   335 D dalvikvm: GC_CONCURRENT freed 655K, 8% free 11226K/12103K, paused 2ms+4ms
07-10 08:52:10.968   332   335 D dalvikvm: GC_CONCURRENT freed 626K, 8% free 11244K/12103K, paused 3ms+4ms
07-10 08:52:14.820   332   335 D dalvikvm: GC_CONCURRENT freed 673K, 8% free 11232K/12103K, paused 2ms+3ms
07-10 08:52:18.863    81   128 D AudioHardware: AudioHardware pcm playback is exiting standby.
07-10 08:52:18.863    81   128 D AudioHardware: openPcmOut_l() mPcmOpenCnt: 0
07-10 08:52:19.488   214   216 D dalvikvm: GC_CONCURRENT freed 336K, 14% free 9853K/11335K, paused 2ms+2ms
07-10 08:52:19.636   214   216 D dalvikvm: GC_CONCURRENT freed 563K, 15% free 9703K/11335K, paused 3ms+4ms
07-10 08:52:19.773  4667  4667 D OpenGLRenderer: Flushing caches (mode 0)
07-10 08:52:20.074  4667  4667 D webviewglue: nativeDestroy view: 0xd93818
07-10 08:52:20.578  4667  5564 I Gmail   : MainSyncRequestProto: lowestBkwdConvoId: 0, highestHandledServerOp: 1874289, normalSync: true
07-10 08:52:20.699  4667  4670 D dalvikvm: GC_CONCURRENT freed 1425K, 22% free 13652K/17415K, paused 4ms+7ms
07-10 08:52:21.961    81   128 D AudioHardware: AudioHardware pcm playback is going to standby.
07-10 08:52:21.961    81   128 D AudioHardware: closePcmOut_l() mPcmOpenCnt: 1
07-10 08:52:24.269  4667  5564 D dalvikvm: GC_EXPLICIT freed 1277K, 22% free 13723K/17415K, paused 5ms+9ms
07-10 08:52:24.273  4667  5564 I Gmail   : MainSyncRequestProto: lowestBkwdConvoId: 0, highestHandledServerOp: 1874302, normalSync: true
07-10 08:52:25.500  4667  5564 D dalvikvm: GC_EXPLICIT freed 885K, 25% free 13182K/17415K, paused 4ms+8ms
07-10 08:52:25.504  4667  5564 I Gmail   : MainSyncRequestProto: lowestBkwdConvoId: 0, highestHandledServerOp: 1874302, normalSync: true
07-10 08:52:25.507  4667  5564 I Gmail   : lowestBackward conversation id 0
07-10 08:52:25.519  4667  5564 W Gmail   : Scheduling index for 300000 ms from now
07-10 08:52:25.656  4667  5566 I Gmail   : MainSyncRequestProto: lowestBkwdConvoId: 0, highestHandledServerOp: 1874302, normalSync: true
07-10 08:52:26.562   144  1262 D dalvikvm: GC_EXPLICIT freed 647K, 19% free 14580K/17799K, paused 4ms+8ms
07-10 08:52:26.601  4667  5566 D dalvikvm: GC_EXPLICIT freed 423K, 24% free 13279K/17415K, paused 2ms+7ms
07-10 08:52:26.605  4667  5566 I Gmail   : MainSyncRequestProto: lowestBkwdConvoId: 0, highestHandledServerOp: 1874305, normalSync: true
07-10 08:52:26.609  4667  5566 I Gmail   : lowestBackward conversation id 0
07-10 08:52:26.621  4667  5566 W Gmail   : Scheduling index for 300000 ms from now
07-10 08:52:29.722   332   335 D dalvikvm: GC_CONCURRENT freed 622K, 8% free 11220K/12103K, paused 11ms+6ms
07-10 08:52:29.761  4667  4667 D webviewglue: nativeDestroy view: 0xcbde70
07-10 08:52:29.773  4667  4667 D webviewglue: nativeDestroy view: 0xcd1dc8
07-10 08:52:33.254    81   128 D AudioHardware: AudioHardware pcm playback is exiting standby.
07-10 08:52:33.254    81   128 D AudioHardware: openPcmOut_l() mPcmOpenCnt: 0
07-10 08:52:33.464  4667  5570 I Gmail   : MainSyncRequestProto: lowestBkwdConvoId: 0, highestHandledServerOp: 1874305, normalSync: true
07-10 08:52:34.136  4667  5570 D dalvikvm: GC_EXPLICIT freed 1566K, 28% free 12656K/17415K, paused 2ms+14ms
07-10 08:52:34.164  4667  5570 I Gmail   : MainSyncRequestProto: lowestBkwdConvoId: 0, highestHandledServerOp: 1874305, normalSync: true
07-10 08:52:34.168  4667  5570 I Gmail   : lowestBackward conversation id 0
07-10 08:52:34.179  4667  5570 W Gmail   : Scheduling index for 300000 ms from now
07-10 08:52:35.082  4667  4670 D dalvikvm: GC_CONCURRENT freed 1043K, 27% free 12774K/17415K, paused 2ms+8ms
07-10 08:52:36.101  4667  4667 D dalvikvm: GC_FOR_ALLOC freed 636K, 26% free 12902K/17415K, paused 36ms
07-10 08:52:36.406  4667  4670 D dalvikvm: GC_CONCURRENT freed 296K, 21% free 13900K/17415K, paused 2ms+4ms
07-10 08:52:37.921    81   128 D AudioHardware: AudioHardware pcm playback is going to standby.
07-10 08:52:37.921    81   128 D AudioHardware: closePcmOut_l() mPcmOpenCnt: 1
07-10 08:52:38.855    81   128 D AudioHardware: AudioHardware pcm playback is exiting standby.
07-10 08:52:38.855    81   128 D AudioHardware: openPcmOut_l() mPcmOpenCnt: 0
07-10 08:52:39.218  4667  4667 D webviewglue: nativeDestroy view: 0xcbde70
07-10 08:52:39.222  4667  4667 D webviewglue: nativeDestroy view: 0xcd1dc8
07-10 08:52:41.882  4667  4667 D dalvikvm: GC_FOR_ALLOC freed 2767K, 28% free 12558K/17415K, paused 41ms
07-10 08:52:42.062  4667  4670 D dalvikvm: GC_CONCURRENT freed 334K, 24% free 13403K/17415K, paused 2ms+5ms
07-10 08:52:42.847  4667  4670 D dalvikvm: GC_CONCURRENT freed 606K, 19% free 14258K/17415K, paused 3ms+6ms
07-10 08:52:43.437  4667  4986 D dalvikvm: GC_EXPLICIT freed 811K, 17% free 14481K/17415K, paused 2ms+6ms
07-10 08:52:44.828    81   128 D AudioHardware: AudioHardware pcm playback is going to standby.
07-10 08:52:44.828    81   128 D AudioHardware: closePcmOut_l() mPcmOpenCnt: 1
07-10 08:52:47.074  4781  4784 D dalvikvm: GC_CONCURRENT freed 368K, 12% free 10291K/11591K, paused 15ms+2ms
07-10 08:52:50.175  4667  5575 I Gmail   : MainSyncRequestProto: lowestBkwdConvoId: 0, highestHandledServerOp: 1874305, normalSync: true
07-10 08:52:51.785   144   366 D dalvikvm: GC_EXPLICIT freed 407K, 19% free 14536K/17799K, paused 3ms+6ms
07-10 08:52:51.898  4667  5575 D dalvikvm: GC_EXPLICIT freed 1505K, 20% free 14004K/17415K, paused 2ms+9ms
07-10 08:52:51.906  4667  5575 I Gmail   : MainSyncRequestProto: lowestBkwdConvoId: 0, highestHandledServerOp: 1874332, normalSync: true
07-10 08:52:51.906  4667  5575 I Gmail   : lowestBackward conversation id 0
07-10 08:52:51.918  4667  5575 W Gmail   : Scheduling index for 300000 ms from now
07-10 08:52:52.254   144   179 I ActivityManager: START {act=android.intent.action.MAIN cat=[android.intent.category.HOME] flg=0x10200000 cmp=com.android.launcher/com.android.launcher2.Launcher} from pid 144
07-10 08:52:52.461  4667  4667 D OpenGLRenderer: Flushing caches (mode 0)
07-10 08:52:52.554  4667  4667 D OpenGLRenderer: Flushing caches (mode 1)
07-10 08:52:56.293   144   156 I ActivityManager: START {act=android.intent.action.MAIN cat=[android.intent.category.LAUNCHER] flg=0x10000000 pkg=com.google.android.gm cmp=com.google.android.gm/.ConversationListActivityGmail bnds=[96,706][192,802]} from pid 390
07-10 08:52:56.308    81   128 D AudioHardware: AudioHardware pcm playback is exiting standby.
07-10 08:52:56.308    81   128 D AudioHardware: openPcmOut_l() mPcmOpenCnt: 0
07-10 08:52:56.461   390   390 D OpenGLRenderer: Flushing caches (mode 1)
07-10 08:52:56.589   144   174 I ActivityManager: Displayed com.google.android.gm/.ConversationListActivityGmail: +246ms
07-10 08:52:56.601   390   390 D OpenGLRenderer: Flushing caches (mode 0)
07-10 08:52:58.070  4667  4667 D dalvikvm: GC_FOR_ALLOC freed 721K, 19% free 14202K/17415K, paused 47ms
07-10 08:52:58.504  4667  4670 D dalvikvm: GC_CONCURRENT freed 1420K, 18% free 14403K/17415K, paused 42ms+5ms
07-10 08:52:58.668  5088  5100 D dalvikvm: GC_EXPLICIT freed 209K, 7% free 9611K/10311K, paused 3ms+3ms
07-10 08:52:59.254  4667  4670 D dalvikvm: GC_CONCURRENT freed 570K, 11% free 15628K/17415K, paused 2ms+6ms
07-10 08:53:01.027    81   128 D AudioHardware: AudioHardware pcm playback is going to standby.
07-10 08:53:01.027    81   128 D AudioHardware: closePcmOut_l() mPcmOpenCnt: 1
07-10 08:53:01.703    81   128 D AudioHardware: AudioHardware pcm playback is exiting standby.
07-10 08:53:01.703    81   128 D AudioHardware: openPcmOut_l() mPcmOpenCnt: 0
07-10 08:53:02.691   144   844 I ActivityManager: START {cmp=com.google.android.gm/.ComposeActivity (has extras)} from pid 4667
07-10 08:53:03.175   144   174 I ActivityManager: Displayed com.google.android.gm/.ComposeActivity: +438ms
07-10 08:53:03.250  4667  4667 D OpenGLRenderer: Flushing caches (mode 0)
07-10 08:53:03.691   332   332 D dalvikvm: GC_FOR_ALLOC freed 815K, 13% free 10594K/12103K, paused 88ms
07-10 08:53:03.691   332   332 I dalvikvm-heap: Grow heap (frag case) to 11.009MB for 622096-byte allocation
07-10 08:53:03.777   214   216 D dalvikvm: GC_CONCURRENT freed 411K, 14% free 9780K/11335K, paused 5ms+9ms
07-10 08:53:03.796   332   335 D dalvikvm: GC_CONCURRENT freed 3K, 8% free 11198K/12103K, paused 7ms+11ms
07-10 08:53:05.769    81   128 D AudioHardware: AudioHardware pcm playback is going to standby.
07-10 08:53:05.769    81   128 D AudioHardware: closePcmOut_l() mPcmOpenCnt: 1
07-10 08:53:07.117   332   335 D dalvikvm: GC_CONCURRENT freed 587K, 8% free 11223K/12103K, paused 50ms+3ms
07-10 08:53:09.316   332   335 D dalvikvm: GC_CONCURRENT freed 631K, 8% free 11231K/12103K, paused 2ms+3ms
07-10 08:53:11.371  5159  5160 D dalvikvm: GC_CONCURRENT freed 426K, 6% free 10206K/10759K, paused 1ms+2ms
07-10 08:53:11.839   144   379 D dalvikvm: GC_EXPLICIT freed 715K, 18% free 14620K/17799K, paused 37ms+7ms
07-10 08:53:11.976   332   335 D dalvikvm: GC_CONCURRENT freed 635K, 8% free 11242K/12103K, paused 2ms+11ms
07-10 08:53:12.949   482  1284 I PhoneLab-: Service Running
07-10 08:53:13.168   332   335 D dalvikvm: GC_CONCURRENT freed 656K, 8% free 11236K/12103K, paused 5ms+8ms
07-10 08:53:13.214   482  1284 I PhoneLab-LoggerService: app_36    1287  482   1444   1068  c00f181c 400107b4 S logcat
07-10 08:53:13.214   482  1284 I PhoneLab-LoggerService: Logcat pid from database 1287
07-10 08:53:13.214   482  1284 I PhoneLab-LoggerService: Logcat process found 1287
07-10 08:53:13.214   482  1284 I PhoneLab-LoggerService: Checking Threshold
07-10 08:53:13.214   482  1284 I PhoneLab-LoggerService: Starting to rename files
07-10 08:53:13.218   482  1284 I PhoneLab-LoggerService: Files found .. 2
07-10 08:53:15.812  4667  4670 D dalvikvm: GC_CONCURRENT freed 2115K, 13% free 15484K/17735K, paused 3ms+11ms
07-10 08:53:16.261   332   335 D dalvikvm: GC_CONCURRENT freed 647K, 8% free 11219K/12103K, paused 9ms+3ms
07-10 08:53:19.937   144   155 D AlarmManagerService: Kernel timezone updated to 240 minutes west of GMT
07-10 08:53:21.187   332   335 D dalvikvm: GC_CONCURRENT freed 635K, 8% free 11215K/12103K, paused 2ms+4ms
07-10 08:53:22.671   332   335 D dalvikvm: GC_CONCURRENT freed 609K, 8% free 11231K/12103K, paused 2ms+4ms
07-10 08:53:27.718   332   335 D dalvikvm: GC_CONCURRENT freed 663K, 8% free 11227K/12103K, paused 2ms+3ms
07-10 08:53:29.535   332   335 D dalvikvm: GC_CONCURRENT freed 626K, 8% free 11228K/12103K, paused 2ms+4ms
07-10 08:53:31.941   332   335 D dalvikvm: GC_CONCURRENT freed 651K, 8% free 11229K/12103K, paused 2ms+8ms
07-10 08:53:35.437   332   335 D dalvikvm: GC_CONCURRENT freed 646K, 8% free 11225K/12103K, paused 2ms+5ms
07-10 08:53:45.636   332   335 D dalvikvm: GC_CONCURRENT freed 640K, 8% free 11233K/12103K, paused 3ms+6ms
07-10 08:53:50.625   332   335 D dalvikvm: GC_CONCURRENT freed 650K, 8% free 11224K/12103K, paused 10ms+3ms
07-10 08:53:53.386   332   335 D dalvikvm: GC_CONCURRENT freed 635K, 8% free 11228K/12103K, paused 4ms+3ms
07-10 08:53:56.578   332   335 D dalvikvm: GC_CONCURRENT freed 631K, 8% free 11228K/12103K, paused 2ms+7ms
07-10 08:53:59.160   332   332 D dalvikvm: GC_EXPLICIT freed 488K, 8% free 11229K/12103K, paused 3ms+5ms
07-10 08:54:00.148   144   427 D AlarmManagerService: Kernel timezone updated to 240 minutes west of GMT
07-10 08:54:00.160   358   358 D SystemClock: Setting time of day to sec=1341924840
07-10 08:54:00.306  5038  5064 V AlarmClock: AlarmInitReceiver finished
07-10 08:54:00.489  5022  5024 D dalvikvm: GC_CONCURRENT freed 301K, 4% free 9170K/9543K, paused 8ms+57ms
07-10 08:54:01.157   332   335 D dalvikvm: GC_CONCURRENT freed 617K, 8% free 11243K/12103K, paused 2ms+3ms
07-10 08:54:01.407   144   168 I ActivityManager: Start proc com.google.android.music:main for service com.google.android.music/.sync.SyncAdapterService: pid=5625 uid=10065 gids={3003, 1015}
07-10 08:54:01.485    79    79 D dalvikvm: GC_EXPLICIT freed 37K, 4% free 9031K/9347K, paused 3ms+10ms
07-10 08:54:01.536    79    79 D dalvikvm: GC_EXPLICIT freed <1K, 4% free 9031K/9347K, paused 4ms+3ms
07-10 08:54:01.571    79    79 D dalvikvm: GC_EXPLICIT freed <1K, 4% free 9031K/9347K, paused 2ms+4ms
07-10 08:54:01.653  5625  5627 D dalvikvm: GC_CONCURRENT freed 179K, 3% free 9357K/9607K, paused 2ms+2ms
07-10 08:54:01.755  5625  5625 I ActivityThread: Pub com.google.android.music.MusicContent: com.google.android.music.store.MusicContentProvider
07-10 08:54:01.931  5625  5625 I MusicStore: Database version: 37
07-10 08:54:01.954  5625  5625 I AsyncCursor1:1: Initialized for content://com.google.android.music.MusicContent/playlists, proj:_id#name, sel: 'null', args: null, order: null
07-10 08:54:02.021  5625  5627 D dalvikvm: GC_CONCURRENT freed 252K, 4% free 9666K/9991K, paused 2ms+10ms
07-10 08:54:02.149  5625  5640 D MusicStore: Disabled WAL
07-10 08:54:02.228  5625  5640 D MusicStore: Database opened
07-10 08:54:02.231  5625  5642 V MusicSyncAdapter: Commencing sync for geoffrey.challen@gmail.com; com.google
07-10 08:54:02.271  5625  5642 I MusicPreferences: Waiting for preferences to be fully loaded
07-10 08:54:02.364  5625  5642 V MusicSyncAdapter: Downstream loop 1
07-10 08:54:02.431  5625  5642 I MusicPreferences: Waiting for preferences to be fully loaded
07-10 08:54:02.517  5625  5627 D dalvikvm: GC_CONCURRENT freed 355K, 5% free 9760K/10247K, paused 2ms+5ms
07-10 08:54:04.142  5625  5627 D dalvikvm: GC_CONCURRENT freed 328K, 5% free 9854K/10311K, paused 3ms+3ms
07-10 08:54:04.282  5625  5642 V MusicSyncAdapter: Waiting on downstream reader thread to finish...
07-10 08:54:04.415  5625  5627 D dalvikvm: GC_CONCURRENT freed 237K, 4% free 10076K/10439K, paused 3ms+4ms
07-10 08:54:04.509  5625  5642 V MusicSyncAdapter: Waiting on downstream merger thread to finish merging...
07-10 08:54:04.618  5625  5627 D dalvikvm: GC_CONCURRENT freed 221K, 4% free 10283K/10631K, paused 2ms+5ms
07-10 08:54:04.653   332   332 E Fluency_Log: Could not read 'keypress model' file at "/mnt/sdcard/Android/data/com.touchtype.swiftkey/files/model-0.im"
07-10 08:54:04.653   332   332 E Fluency_Log: Cannot save an empty KeyPressModel - call reset() or loadFile() to set up the model first
07-10 08:54:04.653   332   332 W KeyPressModelImpl: Attempted to save before layout configured.
07-10 08:54:04.688   332   332 D dalvikvm: GC_FOR_ALLOC freed 1178K, 13% free 10626K/12103K, paused 30ms
07-10 08:54:04.692   332   332 I dalvikvm-heap: Grow heap (frag case) to 11.040MB for 622096-byte allocation
07-10 08:54:04.728   332   335 D dalvikvm: GC_CONCURRENT freed 13K, 8% free 11220K/12103K, paused 3ms+3ms
07-10 08:54:05.579  5049  5054 D dalvikvm: GC_CONCURRENT freed 324K, 5% free 9154K/9607K, paused 19ms+3ms
07-10 08:54:05.962   332   332 D dalvikvm: GC_FOR_ALLOC freed 749K, 13% free 10616K/12103K, paused 26ms
07-10 08:54:05.966   332   332 I dalvikvm-heap: Grow heap (frag case) to 11.031MB for 622096-byte allocation
07-10 08:54:06.009   332   335 D dalvikvm: GC_CONCURRENT freed 3K, 8% free 11221K/12103K, paused 2ms+3ms
07-10 08:54:06.122  5625  5642 V MusicSyncAdapter: Downstream sync complete.
07-10 08:54:06.122  5625  5642 V MusicSyncAdapter: Commencing upstream sync.
07-10 08:54:06.165  5625  5642 V MusicSyncAdapter: Waiting on upstream reader thread to finish...
07-10 08:54:06.626  5625  5627 D dalvikvm: GC_CONCURRENT freed 658K, 8% free 10030K/10823K, paused 4ms+3ms
07-10 08:54:06.892  5625  5642 V MusicSyncAdapter: Waiting on upstream merger thread to finish merging...
07-10 08:54:06.892  5625  5642 V MusicSyncAdapter: Upstream sync done.
07-10 08:54:06.903  5625  5642 I MusicPreferences: Waiting for preferences to be fully loaded
07-10 08:54:06.931  5625  5654 I KeepOnUpdater: Updating SHOULDKEEPON
07-10 08:54:06.946  5625  5654 I KeepOnUpdater: Update of SHOULDKEEPON complete
07-10 08:54:06.978  5625  5625 I NetworkMonitor: Network Type: 0 isConnected: true
07-10 08:54:07.032  5625  5625 I NetworkMonitor: Network changed: type(0) name(mobile) isConnected : true noData: false bitrate:192
07-10 08:54:07.052  5625  5639 I MusicPreferences: Waiting for preferences to be fully loaded
07-10 08:54:07.204  5625  5625 I MusicDL : Creating a new DownloadExecutor (was originally null)
07-10 08:54:07.317   144  4494 D dalvikvm: GC_EXPLICIT freed 765K, 18% free 14736K/17799K, paused 4ms+9ms
07-10 08:54:07.521  5625  5625 I MusicDL : DownloadManager binded via: Intent { cmp=com.google.android.music/.dl.DownloadManager$DownloadManagerService }
07-10 08:54:07.595  5625  5627 D dalvikvm: GC_CONCURRENT freed 302K, 7% free 10115K/10823K, paused 5ms+3ms
07-10 08:54:07.657  5625  5658 I MusicCache: Cached file or directory "/mnt/sdcard/Android/data/com.google.android.music/cache/music" does not exist.
07-10 08:54:07.657  5625  5658 I MusicCache: Cached file or directory "/data/data/com.google.android.music/cache/music" does not exist.
07-10 08:54:07.692  5625  5639 I KeepOnScheduler: Not doing predictive downloading because KeepOnScheduler is disabled
07-10 08:54:07.696  5625  5639 I MusicDL : The download queue is empty.
07-10 08:54:07.696  5625  5639 I KeepOnScheduler: Not doing predictive downloading because KeepOnScheduler is disabled
07-10 08:54:07.700  5625  5639 I MusicDL : The download queue is empty.
07-10 08:54:07.716  4496  4496 V MusicFXControlPanelReceiver: onReceive
07-10 08:54:07.716  4496  4496 V MusicFXControlPanelReceiver: Action: android.media.action.CLOSE_AUDIO_EFFECT_CONTROL_SESSION
07-10 08:54:07.716  4496  4496 V MusicFXControlPanelReceiver: Package name: com.google.android.music
07-10 08:54:07.716  4496  4496 V MusicFXControlPanelReceiver: Audio session: 114
07-10 08:54:07.716  4496  4496 V MusicFXControlPanelEffect: closeSession(android.app.ReceiverRestrictedContext@41312be8, com.google.android.music, 114)
07-10 08:54:07.724   144   366 I AudioService:  AudioFocus  abandonAudioFocus() from android.media.AudioManager@413ea700com.google.android.music.MusicPlaybackService$8@4133e9e8
07-10 08:54:07.731  5625  5625 I MusicDL : DownloadManager.onDestroy
07-10 08:54:08.149  5625  5627 D dalvikvm: GC_CONCURRENT freed 198K, 5% free 10302K/10823K, paused 14ms+3ms
07-10 08:54:08.251  5625  5627 D dalvikvm: GC_CONCURRENT freed 192K, 3% free 10509K/10823K, paused 7ms+3ms
07-10 08:54:08.700   144  4494 I ActivityManager: Process android.process.media (pid 296) has died.
07-10 08:54:09.630   332   335 D dalvikvm: GC_CONCURRENT freed 589K, 7% free 11273K/12103K, paused 2ms+7ms
07-10 08:54:12.212  5625  5627 D dalvikvm: GC_CONCURRENT freed 836K, 9% free 10127K/11079K, paused 23ms+3ms
07-10 08:54:12.290   332   335 D dalvikvm: GC_CONCURRENT freed 663K, 8% free 11243K/12103K, paused 9ms+5ms
07-10 08:54:14.747   332   335 D dalvikvm: GC_CONCURRENT freed 669K, 8% free 11245K/12103K, paused 8ms+10ms
07-10 08:54:17.388   332   335 D dalvikvm: GC_CONCURRENT freed 641K, 8% free 11238K/12103K, paused 2ms+4ms
07-10 08:54:23.688   332   335 D dalvikvm: GC_CONCURRENT freed 609K, 8% free 11243K/12103K, paused 2ms+4ms
07-10 08:54:27.009   332   335 D dalvikvm: GC_CONCURRENT freed 631K, 7% free 11271K/12103K, paused 2ms+4ms
07-10 08:54:28.888   332   335 D dalvikvm: GC_CONCURRENT freed 662K, 8% free 11253K/12103K, paused 2ms+8ms
07-10 08:54:31.833   332   335 D dalvikvm: GC_CONCURRENT freed 672K, 8% free 11242K/12103K, paused 4ms+3ms
07-10 08:54:36.915   214   216 D dalvikvm: GC_CONCURRENT freed 392K, 13% free 9876K/11335K, paused 2ms+2ms
07-10 08:54:37.021   214   216 D dalvikvm: GC_CONCURRENT freed 652K, 15% free 9672K/11335K, paused 2ms+11ms
07-10 08:54:39.028  4667  4667 D OpenGLRenderer: Flushing caches (mode 0)
07-10 08:54:39.114  4667  4667 D webviewglue: nativeDestroy view: 0xec5678
07-10 08:54:39.782  4667  4670 D dalvikvm: GC_CONCURRENT freed 1845K, 12% free 15686K/17735K, paused 3ms+5ms
07-10 08:54:41.220   144   179 I ActivityManager: START {act=android.intent.action.MAIN cat=[android.intent.category.HOME] flg=0x10200000 cmp=com.android.launcher/com.android.launcher2.Launcher} from pid 144
07-10 08:54:41.372  4667  4667 D OpenGLRenderer: Flushing caches (mode 0)
07-10 08:54:41.396   144   427 W InputManagerService: Starting input on non-focused client com.android.internal.view.IInputMethodClient$Stub$Proxy@416271f8 (uid=10058 pid=4667)
07-10 08:54:41.407  4667  4667 D OpenGLRenderer: Flushing caches (mode 1)
07-10 08:54:42.919   144   308 I ActivityManager: START {act=android.intent.action.MAIN cat=[android.intent.category.LAUNCHER] flg=0x10000000 pkg=com.google.android.gm cmp=com.google.android.gm/.ConversationListActivityGmail bnds=[96,706][192,802]} from pid 390
07-10 08:54:42.935    81   128 D AudioHardware: AudioHardware pcm playback is exiting standby.
07-10 08:54:42.935    81   128 D AudioHardware: openPcmOut_l() mPcmOpenCnt: 0
07-10 08:54:43.161   390   390 D OpenGLRenderer: Flushing caches (mode 1)
07-10 08:54:43.216   144   174 I ActivityManager: Displayed com.google.android.gm/.ConversationListActivityGmail: +258ms
07-10 08:54:43.216   390   390 D OpenGLRenderer: Flushing caches (mode 0)
07-10 08:54:43.438   332   335 D dalvikvm: GC_CONCURRENT freed 617K, 8% free 11245K/12103K, paused 10ms+3ms
07-10 08:54:45.575   144   156 D AlarmManagerService: Kernel timezone updated to 240 minutes west of GMT
07-10 08:54:46.024    81   128 D AudioHardware: AudioHardware pcm playback is going to standby.
07-10 08:54:46.024    81   128 D AudioHardware: closePcmOut_l() mPcmOpenCnt: 1
07-10 08:54:48.118   144   844 D AlarmManagerService: Kernel timezone updated to 240 minutes west of GMT
07-10 08:54:48.548    81   128 D AudioHardware: AudioHardware pcm playback is exiting standby.
07-10 08:54:48.548    81   128 D AudioHardware: openPcmOut_l() mPcmOpenCnt: 0
07-10 08:54:48.728  4667  4667 D dalvikvm: GC_FOR_ALLOC freed 705K, 11% free 15795K/17735K, paused 52ms
07-10 08:54:48.728  4667  4667 I dalvikvm-heap: Grow heap (frag case) to 16.232MB for 768016-byte allocation
07-10 08:54:48.774  4667  4667 D dalvikvm: GC_FOR_ALLOC freed 910K, 16% free 15635K/18503K, paused 44ms
07-10 08:54:49.630  4667  4667 D dalvikvm: GC_FOR_ALLOC freed 675K, 14% free 15964K/18503K, paused 45ms
07-10 08:54:49.630  4667  4667 I dalvikvm-heap: Grow heap (frag case) to 16.397MB for 768016-byte allocation
07-10 08:54:49.673  4667  4667 D dalvikvm: GC_FOR_ALLOC freed 66K, 14% free 16648K/19271K, paused 44ms
07-10 08:54:49.856   144   155 D dalvikvm: GC_EXPLICIT freed 1001K, 18% free 14700K/17799K, paused 5ms+8ms
07-10 08:54:50.302  4667  4985 D dalvikvm: GC_EXPLICIT freed 788K, 12% free 16985K/19271K, paused 3ms+11ms
07-10 08:54:51.638    81   128 D AudioHardware: AudioHardware pcm playback is going to standby.
07-10 08:54:51.638    81   128 D AudioHardware: closePcmOut_l() mPcmOpenCnt: 1
07-10 08:54:52.204    81   128 D AudioHardware: AudioHardware pcm playback is exiting standby.
07-10 08:54:52.204    81   128 D AudioHardware: openPcmOut_l() mPcmOpenCnt: 0
07-10 08:54:52.567  4667  4667 D webviewglue: nativeDestroy view: 0xec5678
07-10 08:54:52.575  4667  4667 D webviewglue: nativeDestroy view: 0xf248a0
07-10 08:54:56.716  4667  4667 D dalvikvm: GC_FOR_ALLOC freed 2613K, 19% free 15648K/19271K, paused 53ms
07-10 08:54:57.571  4667  4667 D dalvikvm: GC_FOR_ALLOC freed 1417K, 18% free 15992K/19271K, paused 48ms
07-10 08:54:58.040  4667  4670 D dalvikvm: GC_CONCURRENT freed 867K, 12% free 17088K/19271K, paused 3ms+5ms
07-10 08:55:02.806    81   128 D AudioHardware: AudioHardware pcm playback is going to standby.
07-10 08:55:02.806    81   128 D AudioHardware: closePcmOut_l() mPcmOpenCnt: 1
07-10 08:55:06.067    81   128 D AudioHardware: AudioHardware pcm playback is exiting standby.
07-10 08:55:06.067    81   128 D AudioHardware: openPcmOut_l() mPcmOpenCnt: 0
07-10 08:55:07.919   144   156 I ActivityManager: START {cmp=com.google.android.gm/.ComposeActivity (has extras)} from pid 4667
07-10 08:55:08.325  2918  2919 D dalvikvm: GC_CONCURRENT freed 346K, 5% free 9387K/9863K, paused 2ms+29ms
07-10 08:55:08.528   144   160 I Process : Sending signal. PID: 4667 SIG: 3
07-10 08:55:08.528  4667  4672 I dalvikvm: threadid=3: reacting to signal 3
07-10 08:55:08.653  4667  4672 I dalvikvm: Wrote stack traces to '/data/anr/traces.txt'
07-10 08:55:08.661   144   174 I ActivityManager: Displayed com.google.android.gm/.ComposeActivity: +655ms
07-10 08:55:08.661   144   385 I ActivityManager: Process com.google.android.gallery3d (pid 1029) has died.
07-10 08:55:08.755  4667  4667 D OpenGLRenderer: Flushing caches (mode 0)
07-10 08:55:09.181  5159  5160 D dalvikvm: GC_CONCURRENT freed 405K, 6% free 10221K/10759K, paused 7ms+19ms
07-10 08:55:09.255   332   332 D dalvikvm: GC_FOR_ALLOC freed 812K, 13% free 10617K/12103K, paused 62ms
07-10 08:55:09.259   332   332 I dalvikvm-heap: Grow heap (frag case) to 11.031MB for 622096-byte allocation
07-10 08:55:09.321   332   335 D dalvikvm: GC_CONCURRENT freed 7K, 8% free 11216K/12103K, paused 2ms+5ms
07-10 08:55:09.763   214   216 D dalvikvm: GC_CONCURRENT freed 203K, 12% free 9980K/11335K, paused 5ms+6ms
07-10 08:55:10.017  4667  5715 I Gmail   : MainSyncRequestProto: lowestBkwdConvoId: 0, highestHandledServerOp: 1874332, normalSync: true
07-10 08:55:10.138  5088  5090 D dalvikvm: GC_CONCURRENT freed 315K, 7% free 9692K/10311K, paused 82ms+4ms
07-10 08:55:10.501   214   214 D dalvikvm: GC_FOR_ALLOC freed 643K, 15% free 9674K/11335K, paused 18ms
07-10 08:55:10.560   214   216 D dalvikvm: GC_CONCURRENT freed 346K, 14% free 9832K/11335K, paused 2ms+3ms
07-10 08:55:10.622   214   216 D dalvikvm: GC_CONCURRENT freed 519K, 14% free 9767K/11335K, paused 2ms+2ms
07-10 08:55:10.993    81   128 D AudioHardware: AudioHardware pcm playback is going to standby.
07-10 08:55:10.993    81   128 D AudioHardware: closePcmOut_l() mPcmOpenCnt: 1
07-10 08:55:12.962   482  1284 I PhoneLab-: Service Running
07-10 08:55:13.146   482  1284 I PhoneLab-LoggerService: app_36    1287  482   1444   1004  c00f181c 400107b4 S logcat
07-10 08:55:13.146   482  1284 I PhoneLab-LoggerService: Logcat pid from database 1287
07-10 08:55:13.146   482  1284 I PhoneLab-LoggerService: Logcat process found 1287
07-10 08:55:13.146   482  1284 I PhoneLab-LoggerService: Checking Threshold
07-10 08:55:13.157   482  1284 I PhoneLab-LoggerService: Starting to rename files
07-10 08:55:13.157   482  1284 I PhoneLab-LoggerService: Files found .. 2
07-10 08:55:13.728  4667  4670 D dalvikvm: GC_CONCURRENT freed 1975K, 12% free 17039K/19271K, paused 10ms+7ms
07-10 08:55:14.192  4667  5715 D dalvikvm: GC_EXPLICIT freed 256K, 13% free 16906K/19271K, paused 4ms+7ms
07-10 08:55:14.208  4667  5715 I Gmail   : MainSyncRequestProto: lowestBkwdConvoId: 0, highestHandledServerOp: 1874375, normalSync: true
07-10 08:55:15.696  4667  5715 D dalvikvm: GC_EXPLICIT freed 422K, 13% free 16934K/19271K, paused 6ms+5ms
07-10 08:55:15.704  4667  5715 I Gmail   : MainSyncRequestProto: lowestBkwdConvoId: 0, highestHandledServerOp: 1874375, normalSync: true
07-10 08:55:15.704  4667  5715 I Gmail   : lowestBackward conversation id 0
07-10 08:55:15.728  4667  5715 W Gmail   : Scheduling index for 300000 ms from now
07-10 08:55:16.700    81   128 D AudioHardware: AudioHardware pcm playback is exiting standby.
07-10 08:55:16.700    81   128 D AudioHardware: openPcmOut_l() mPcmOpenCnt: 0
07-10 08:55:20.259  4667  4667 D OpenGLRenderer: Flushing caches (mode 0)
07-10 08:55:20.403  4667  4667 D webviewglue: nativeDestroy view: 0x7bf610
07-10 08:55:20.521   144   308 D dalvikvm: GC_EXPLICIT freed 849K, 18% free 14609K/17799K, paused 5ms+10ms
07-10 08:55:20.661  4667  4667 D dalvikvm: GC_FOR_ALLOC freed 1180K, 11% free 17176K/19271K, paused 64ms
07-10 08:55:21.079  4667  5726 I Gmail   : MainSyncRequestProto: lowestBkwdConvoId: 0, highestHandledServerOp: 1874375, normalSync: true
07-10 08:55:21.208   144   179 I ActivityManager: START {act=android.intent.action.MAIN cat=[android.intent.category.HOME] flg=0x10200000 cmp=com.android.launcher/com.android.launcher2.Launcher} from pid 144
07-10 08:55:21.489   144  4494 W InputManagerService: Starting input on non-focused client com.android.internal.view.IInputMethodClient$Stub$Proxy@416271f8 (uid=10058 pid=4667)
07-10 08:55:21.493  4667  4667 D OpenGLRenderer: Flushing caches (mode 1)
07-10 08:55:21.505  4667  4667 D OpenGLRenderer: Flushing caches (mode 0)
07-10 08:55:22.251  4667  5726 D dalvikvm: GC_EXPLICIT freed 1033K, 12% free 17137K/19271K, paused 6ms+15ms
07-10 08:55:22.271  4667  5726 I Gmail   : MainSyncRequestProto: lowestBkwdConvoId: 0, highestHandledServerOp: 1874384, normalSync: true
07-10 08:55:22.274  4667  5726 I Gmail   : lowestBackward conversation id 0
07-10 08:55:22.286  4667  5726 W Gmail   : Scheduling index for 300000 ms from now
07-10 08:55:22.817    81   128 D AudioHardware: AudioHardware pcm playback is going to standby.
07-10 08:55:22.817    81   128 D AudioHardware: closePcmOut_l() mPcmOpenCnt: 1
07-10 08:55:39.513   144   385 I ActivityManager: START {act=android.intent.action.MAIN cat=[android.intent.category.LAUNCHER] flg=0x10000000 pkg=com.google.android.apps.googlevoice cmp=com.google.android.apps.googlevoice/.SplashActivity bnds=[288,706][384,802]} from pid 390
07-10 08:55:39.524    81   128 D AudioHardware: AudioHardware pcm playback is exiting standby.
07-10 08:55:39.524    81   128 D AudioHardware: openPcmOut_l() mPcmOpenCnt: 0
07-10 08:55:39.669  5073  5073 W GoogleVoice: PhoneCallListActivity: unknown action, threading as Intent.ACTION_MAIN: null
07-10 08:55:39.720   390   390 D OpenGLRenderer: Flushing caches (mode 1)
07-10 08:55:39.728  5073  5105 I System.out: [INFO:685234]: LogSource: Running flush
07-10 08:55:39.747  5073  5107 I System.out: [INFO:685254]: LogSource: Sending payload [bytes=508]
07-10 08:55:39.790  5073  5105 I System.out: [INFO:685295]: LogSource: Running flush
07-10 08:55:39.817  5073  5108 I System.out: [INFO:685322]: LogSource: Sending payload [bytes=442]
07-10 08:55:40.060  5073  5076 D dalvikvm: GC_CONCURRENT freed 713K, 8% free 10742K/11591K, paused 16ms+15ms
07-10 08:55:40.118  5088  5123 D dalvikvm: GC_EXPLICIT freed 193K, 7% free 9638K/10311K, paused 2ms+18ms
07-10 08:55:40.263   390   390 D OpenGLRenderer: Flushing caches (mode 0)
07-10 08:55:40.302  5073  5731 D dalvikvm: GC_FOR_ALLOC freed 107K, 8% free 10731K/11591K, paused 42ms
07-10 08:55:40.688  5088  5090 D dalvikvm: GC_CONCURRENT freed 327K, 6% free 9775K/10311K, paused 3ms+11ms
07-10 08:55:41.095  5073  5108 D dalvikvm: GC_FOR_ALLOC freed 326K, 7% free 10784K/11591K, paused 34ms
07-10 08:55:41.427  5073  5107 I System.out: [INFO:686925]: LogSource: Response [http=200,length=352]
07-10 08:55:41.462  5073  5105 I System.out: [INFO:686954]: LogSource: Read id 38, status code 200
07-10 08:55:41.466  5073  5108 I System.out: [INFO:686973]: LogSource: Response [http=200,length=79]
07-10 08:55:41.478  5073  5105 I System.out: [INFO:686983]: LogSource: Read id 37, status code 200
07-10 08:55:41.478  5073  5105 I System.out: [INFO:686983]: LogSource: Read id 36, status code 200
07-10 08:55:41.478  5073  5105 I System.out: [INFO:686984]: LogSource: Read id 39, status code 200
07-10 08:55:42.231  5073  5105 I System.out: [INFO:687736]: LogSource: Running flush
07-10 08:55:42.231  5073  5106 I System.out: [INFO:687737]: LogSource: Sending payload [bytes=466]
07-10 08:55:42.470  5073  5106 I System.out: [INFO:687973]: LogSource: Response [http=200,length=335]
07-10 08:55:42.470  5073  5105 I System.out: [INFO:687977]: LogSource: Read id 40, status code 200
07-10 08:55:42.481  5073  5105 I System.out: [INFO:687986]: LogSource: Read id 41, status code 200
07-10 08:55:42.618    81   128 D AudioHardware: AudioHardware pcm playback is going to standby.
07-10 08:55:42.618    81   128 D AudioHardware: closePcmOut_l() mPcmOpenCnt: 1
07-10 08:55:44.724   144   427 I ActivityManager: START {cmp=com.google.android.apps.googlevoice/.PhoneCallListActivity} from pid 5073
07-10 08:55:44.751    81   128 D AudioHardware: AudioHardware pcm playback is exiting standby.
07-10 08:55:44.751    81   128 D AudioHardware: openPcmOut_l() mPcmOpenCnt: 0
07-10 08:55:44.907  5073  5073 W GoogleVoice: PhoneCallListActivity: unknown action, threading as Intent.ACTION_MAIN: null
07-10 08:55:44.923  5073  5105 I System.out: [INFO:690428]: LogSource: Running flush
07-10 08:55:44.923  5073  5107 I System.out: [INFO:690430]: LogSource: Sending payload [bytes=430]
07-10 08:55:45.017   144   174 I ActivityManager: Displayed com.google.android.apps.googlevoice/.PhoneCallListActivity: +229ms
07-10 08:55:45.091  5073  5076 D dalvikvm: GC_CONCURRENT freed 363K, 7% free 10889K/11591K, paused 2ms+32ms
07-10 08:55:45.216  5073  5107 I System.out: [INFO:690721]: LogSource: Response [http=200,length=318]
07-10 08:55:45.216  5073  5105 I System.out: [INFO:690722]: LogSource: Read id 42, status code 200
07-10 08:55:45.321   332   332 D dalvikvm: GC_FOR_ALLOC freed 1103K, 13% free 10626K/12103K, paused 152ms
07-10 08:55:45.325   332   332 I dalvikvm-heap: Grow heap (frag case) to 11.041MB for 622096-byte allocation
07-10 08:55:45.360   214   216 D dalvikvm: GC_CONCURRENT freed 329K, 13% free 9881K/11335K, paused 2ms+5ms
07-10 08:55:45.399   332   335 D dalvikvm: GC_CONCURRENT freed 18K, 8% free 11215K/12103K, paused 2ms+4ms
07-10 08:55:47.853    81   128 D AudioHardware: AudioHardware pcm playback is going to standby.
07-10 08:55:47.853    81   128 D AudioHardware: closePcmOut_l() mPcmOpenCnt: 1
07-10 08:55:48.396    81   128 D AudioHardware: AudioHardware pcm playback is exiting standby.
07-10 08:55:48.396    81   128 D AudioHardware: openPcmOut_l() mPcmOpenCnt: 0
07-10 08:55:48.536  5088  5103 D dalvikvm: GC_EXPLICIT freed 296K, 7% free 9665K/10311K, paused 21ms+4ms
07-10 08:55:48.673   144   155 D dalvikvm: GC_EXPLICIT freed 929K, 19% free 14582K/17799K, paused 3ms+8ms
07-10 08:55:49.239  5073  5105 I System.out: [INFO:694744]: LogSource: Running flush
07-10 08:55:49.255  5073  5108 I System.out: [INFO:694760]: LogSource: Sending payload [bytes=442]
07-10 08:55:49.470   332   332 D dalvikvm: GC_FOR_ALLOC freed 1035K, 13% free 10632K/12103K, paused 64ms
07-10 08:55:49.470   332   332 I dalvikvm-heap: Grow heap (frag case) to 11.046MB for 622096-byte allocation
07-10 08:55:49.505   332   335 D dalvikvm: GC_CONCURRENT freed 7K, 8% free 11232K/12103K, paused 2ms+2ms
07-10 08:55:50.224  5073  5108 I System.out: [INFO:695730]: LogSource: Response [http=200,length=85]
07-10 08:55:50.228  5073  5105 I System.out: [INFO:695732]: LogSource: Read id 43, status code 200
07-10 08:55:51.489    81   128 D AudioHardware: AudioHardware pcm playback is going to standby.
07-10 08:55:51.489    81   128 D AudioHardware: closePcmOut_l() mPcmOpenCnt: 1
07-10 08:55:52.376   332   335 D dalvikvm: GC_CONCURRENT freed 604K, 7% free 11270K/12103K, paused 6ms+6ms
07-10 08:55:56.048  5073  5076 D dalvikvm: GC_CONCURRENT freed 456K, 6% free 10929K/11591K, paused 2ms+4ms
07-10 08:55:56.896   332   335 D dalvikvm: GC_CONCURRENT freed 641K, 7% free 11337K/12103K, paused 8ms+3ms
07-10 08:56:00.169   332   335 D dalvikvm: GC_CONCURRENT freed 794K, 8% free 11280K/12167K, paused 2ms+4ms
07-10 08:56:02.591   332   335 D dalvikvm: GC_CONCURRENT freed 671K, 8% free 11270K/12167K, paused 3ms+3ms
07-10 08:56:03.118   144   344 D AlarmManagerService: Kernel timezone updated to 240 minutes west of GMT
07-10 08:56:05.509   332   335 D dalvikvm: GC_CONCURRENT freed 671K, 8% free 11272K/12167K, paused 3ms+3ms
07-10 08:56:09.056   332   335 D dalvikvm: GC_CONCURRENT freed 649K, 8% free 11283K/12167K, paused 3ms+15ms
07-10 08:56:09.798  4667  5771 I Gmail   : MainSyncRequestProto: lowestBkwdConvoId: 0, highestHandledServerOp: 1874384, normalSync: true
07-10 08:56:09.802  4667  5771 I Gmail   : lowestBackward conversation id 0
07-10 08:56:09.810  4667  5771 W Gmail   : Scheduling index for 300000 ms from now
07-10 08:56:11.345   332   335 D dalvikvm: GC_CONCURRENT freed 670K, 8% free 11262K/12167K, paused 6ms+5ms
07-10 08:56:14.239   332   335 D dalvikvm: GC_CONCURRENT freed 647K, 8% free 11259K/12167K, paused 3ms+11ms
07-10 08:56:16.481    81   128 D AudioHardware: AudioHardware pcm playback is exiting standby.
07-10 08:56:16.481    81   128 D AudioHardware: openPcmOut_l() mPcmOpenCnt: 0
07-10 08:56:16.528  5073  5105 I System.out: [INFO:722035]: LogSource: Running flush
07-10 08:56:16.532  5073  5106 I System.out: [INFO:722037]: LogSource: Sending payload [bytes=442]
07-10 08:56:16.610  5073  5105 I System.out: [INFO:722116]: LogSource: Running flush
07-10 08:56:16.614  5073  5105 I System.out: [INFO:722119]: LogSource: Running flush
07-10 08:56:16.614  5073  5107 I System.out: [INFO:722121]: LogSource: Sending payload [bytes=910]
07-10 08:56:16.681  5073  5076 D dalvikvm: GC_CONCURRENT freed 577K, 6% free 10940K/11591K, paused 2ms+5ms
07-10 08:56:16.892   332   335 D dalvikvm: GC_CONCURRENT freed 1234K, 13% free 10644K/12167K, paused 3ms+3ms
07-10 08:56:16.915   332   332 D dalvikvm: GC_FOR_ALLOC freed 12K, 13% free 10631K/12167K, paused 24ms
07-10 08:56:16.915   332   332 I dalvikvm-heap: Grow heap (frag case) to 11.045MB for 622096-byte allocation
07-10 08:56:16.958   332   332 D dalvikvm: GC_FOR_ALLOC freed 0K, 8% free 11239K/12167K, paused 23ms
07-10 08:56:17.665  5073  5106 I System.out: [INFO:723172]: LogSource: Response [http=200,length=85]
07-10 08:56:17.681  5073  5105 I System.out: [INFO:723185]: LogSource: Read id 44, status code 200
07-10 08:56:19.497  5073  5107 I System.out: [INFO:725003]: LogSource: Response [http=200,length=401]
07-10 08:56:19.505  5073  5105 I System.out: [INFO:725011]: LogSource: Read id 45, status code 200
07-10 08:56:19.548  5073  5105 I System.out: [INFO:725053]: LogSource: Read id 46, status code 200
07-10 08:56:19.571    81   128 D AudioHardware: AudioHardware pcm playback is going to standby.
07-10 08:56:19.571    81   128 D AudioHardware: closePcmOut_l() mPcmOpenCnt: 1
07-10 08:56:19.649  5073  5105 I System.out: [INFO:725155]: LogSource: Running flush
07-10 08:56:19.657  5073  5108 I System.out: [INFO:725162]: LogSource: Sending payload [bytes=429]
07-10 08:56:19.681   144   385 W AppWidgetService: updateAppWidgetProvider: provider doesn't exist: ComponentInfo{com.google.android.apps.googlevoice/com.google.android.apps.googlevoice.widget.WidgetSettingsProvider}
07-10 08:56:19.685   144   155 W AppWidgetService: updateAppWidgetProvider: provider doesn't exist: ComponentInfo{com.google.android.apps.googlevoice/com.google.android.apps.googlevoice.widget.WidgetInboxProvider}
07-10 08:56:19.981  5073  5076 D dalvikvm: GC_CONCURRENT freed 604K, 7% free 10994K/11719K, paused 7ms+6ms
07-10 08:56:20.411  5073  5108 I System.out: [INFO:725916]: LogSource: Response [http=200,length=314]
07-10 08:56:20.415  5073  5105 I System.out: [INFO:725919]: LogSource: Read id 47, status code 200
07-10 08:56:20.474  5073  5105 I System.out: [INFO:725978]: LogSource: Running flush
07-10 08:56:20.474  5073  5106 I System.out: [INFO:725980]: LogSource: Sending payload [bytes=809]
07-10 08:56:20.731   144   179 I ActivityManager: START {act=android.intent.action.MAIN cat=[android.intent.category.HOME] flg=0x10200000 cmp=com.android.launcher/com.android.launcher2.Launcher} from pid 144
07-10 08:56:20.864   214   214 D dalvikvm: GC_FOR_ALLOC freed 555K, 15% free 9697K/11335K, paused 38ms
07-10 08:56:20.935   390   390 W IInputConnectionWrapper: getExtractedText on inactive InputConnection
07-10 08:56:20.935   390   390 W IInputConnectionWrapper: getExtractedText on inactive InputConnection
07-10 08:56:20.946   390   390 W IInputConnectionWrapper: getExtractedText on inactive InputConnection
07-10 08:56:20.950   390   390 W IInputConnectionWrapper: getTextBeforeCursor on inactive InputConnection
07-10 08:56:20.950   390   390 W IInputConnectionWrapper: getTextAfterCursor on inactive InputConnection
07-10 08:56:20.954   390   390 W IInputConnectionWrapper: getExtractedText on inactive InputConnection
07-10 08:56:20.958   390   390 W IInputConnectionWrapper: getTextBeforeCursor on inactive InputConnection
07-10 08:56:20.958   390   390 W IInputConnectionWrapper: getTextAfterCursor on inactive InputConnection
07-10 08:56:20.958   390   390 W IInputConnectionWrapper: beginBatchEdit on inactive InputConnection
07-10 08:56:20.962   390   390 W IInputConnectionWrapper: endBatchEdit on inactive InputConnection
07-10 08:56:20.962   390   390 W IInputConnectionWrapper: getExtractedText on inactive InputConnection
07-10 08:56:20.962   390   390 W IInputConnectionWrapper: getTextBeforeCursor on inactive InputConnection
07-10 08:56:20.962   390   390 W IInputConnectionWrapper: getTextAfterCursor on inactive InputConnection
07-10 08:56:20.962   390   390 W IInputConnectionWrapper: beginBatchEdit on inactive InputConnection
07-10 08:56:20.962   390   390 W IInputConnectionWrapper: endBatchEdit on inactive InputConnection
07-10 08:56:20.966   390   390 W IInputConnectionWrapper: getExtractedText on inactive InputConnection
07-10 08:56:21.063  5073  5139 D dalvikvm: GC_EXPLICIT freed 152K, 7% free 10908K/11719K, paused 8ms+6ms
07-10 08:56:21.368  5073  5106 I System.out: [INFO:726875]: LogSource: Response [http=200,length=13780]
07-10 08:56:21.372  5073  5105 I System.out: [INFO:726878]: LogSource: Read id 48, status code 200
07-10 08:56:21.532  5073  5105 I System.out: [INFO:727036]: LogSource: Read id 49, status code 200
07-10 08:56:22.247   144   385 W AppWidgetService: updateAppWidgetProvider: provider doesn't exist: ComponentInfo{com.google.android.apps.googlevoice/com.google.android.apps.googlevoice.widget.WidgetSettingsProvider}
07-10 08:56:22.255   144  4494 W AppWidgetService: updateAppWidgetProvider: provider doesn't exist: ComponentInfo{com.google.android.apps.googlevoice/com.google.android.apps.googlevoice.widget.WidgetInboxProvider}
07-10 08:56:22.345   144   308 W AppWidgetService: updateAppWidgetProvider: provider doesn't exist: ComponentInfo{com.google.android.apps.googlevoice/com.google.android.apps.googlevoice.widget.WidgetSettingsProvider}
07-10 08:56:22.349  5073  5073 D GoogleVoice: com.google.android.apps.googlevoice.vvm.service.GvVvmService$Handler Handling message 1001
07-10 08:56:22.349  5073  5073 D GoogleVoice: com.google.android.apps.googlevoice.vvm.service.GvVvmService$Handler Handling message 1011
07-10 08:56:22.349   144   144 W AppWidgetService: updateAppWidgetProvider: provider doesn't exist: ComponentInfo{com.google.android.apps.googlevoice/com.google.android.apps.googlevoice.widget.WidgetInboxProvider}
07-10 08:56:22.353  5073  5786 I GoogleVoice: Deleting all voicemails
07-10 08:56:22.431   390   393 D dalvikvm: GC_CONCURRENT freed 661K, 11% free 10979K/12231K, paused 5ms+4ms
07-10 08:56:22.505   144  4494 W AppWidgetService: updateAppWidgetProvider: provider doesn't exist: ComponentInfo{com.google.android.apps.googlevoice/com.google.android.apps.googlevoice.widget.WidgetSettingsProvider}
07-10 08:56:22.567  5073  5076 D dalvikvm: GC_CONCURRENT freed 530K, 7% free 11009K/11719K, paused 6ms+8ms
07-10 08:56:22.583   144   144 W AppWidgetService: updateAppWidgetProvider: provider doesn't exist: ComponentInfo{com.google.android.apps.googlevoice/com.google.android.apps.googlevoice.widget.WidgetInboxProvider}
07-10 08:56:25.321   144  4494 I ActivityManager: START {act=android.intent.action.MAIN cat=[android.intent.category.LAUNCHER] flg=0x10200000 cmp=com.facebook.katana/.LoginActivity bnds=[240,254][360,404]} from pid 390
07-10 08:56:25.333    81   128 D AudioHardware: AudioHardware pcm playback is exiting standby.
07-10 08:56:25.333    81   128 D AudioHardware: openPcmOut_l() mPcmOpenCnt: 0
07-10 08:56:25.536   390   390 D OpenGLRenderer: Flushing caches (mode 1)
07-10 08:56:25.544   390   390 D OpenGLRenderer: Flushing caches (mode 0)
07-10 08:56:25.653   214   214 V PhoneStatusBar: setLightsOn(true)
07-10 08:56:25.688  1096  1096 D libEGL  : loaded /system/lib/egl/libGLES_android.so
07-10 08:56:25.708  1096  1096 D libEGL  : loaded /vendor/lib/egl/libEGL_POWERVR_SGX540_120.so
07-10 08:56:25.743  1096  1096 D libEGL  : loaded /vendor/lib/egl/libGLESv1_CM_POWERVR_SGX540_120.so
07-10 08:56:25.751  1096  1096 D libEGL  : loaded /vendor/lib/egl/libGLESv2_POWERVR_SGX540_120.so
07-10 08:56:25.884  1096  1096 D OpenGLRenderer: Enabling debug mode 0
07-10 08:56:25.919  5073  5073 W IInputConnectionWrapper: showStatusIcon on inactive InputConnection
07-10 08:56:25.919   144   844 W InputManagerService: Starting input on non-focused client com.android.internal.view.IInputMethodClient$Stub$Proxy@417c31f0 (uid=10056 pid=5073)
07-10 08:56:25.946   144   160 I Process : Sending signal. PID: 1096 SIG: 3
07-10 08:56:25.950  1096  1101 I dalvikvm: threadid=3: reacting to signal 3
07-10 08:56:25.985  1096  1101 I dalvikvm: Wrote stack traces to '/data/anr/traces.txt'
07-10 08:56:26.032   144   174 I ActivityManager: Displayed com.facebook.katana/.LoginActivity: +585ms
07-10 08:56:26.278   144  4494 I ActivityManager: START {cmp=com.facebook.katana/.activity.login.RealLoginActivity (has extras)} from pid 1096
07-10 08:56:26.747  1096  1096 D dalvikvm: GC_EXPLICIT freed 342K, 7% free 11102K/11847K, paused 26ms+3ms
07-10 08:56:26.802   144   344 I ActivityManager: START {cmp=com.facebook.katana/.activity.FbFragmentChromeActivity (has extras)} from pid 1096
07-10 08:56:27.036  1096  1096 D dalvikvm: GC_FOR_ALLOC freed 282K, 5% free 11420K/11911K, paused 37ms
07-10 08:56:27.259   144   156 D dalvikvm: GC_EXPLICIT freed 913K, 17% free 14839K/17799K, paused 2ms+9ms
07-10 08:56:27.345   144   160 I Process : Sending signal. PID: 1096 SIG: 3
07-10 08:56:27.345  1096  1101 I dalvikvm: threadid=3: reacting to signal 3
07-10 08:56:27.415  1096  1101 I dalvikvm: Wrote stack traces to '/data/anr/traces.txt'
07-10 08:56:27.446  1096  1099 D dalvikvm: GC_CONCURRENT freed 367K, 4% free 11812K/12295K, paused 6ms+5ms
07-10 08:56:27.786  1096  1099 D dalvikvm: GC_CONCURRENT freed 764K, 7% free 12030K/12871K, paused 6ms+7ms
07-10 08:56:27.845   144   160 I Process : Sending signal. PID: 1096 SIG: 3
07-10 08:56:27.845  1096  1101 I dalvikvm: threadid=3: reacting to signal 3
07-10 08:56:27.880  1096  1101 I dalvikvm: Wrote stack traces to '/data/anr/traces.txt'
07-10 08:56:28.153  1096  1099 D dalvikvm: GC_CONCURRENT freed 965K, 8% free 12099K/13127K, paused 4ms+6ms
07-10 08:56:28.349   144   160 I Process : Sending signal. PID: 1096 SIG: 3
07-10 08:56:28.349  1096  1101 I dalvikvm: threadid=3: reacting to signal 3
07-10 08:56:28.384  1096  1101 I dalvikvm: Wrote stack traces to '/data/anr/traces.txt'
07-10 08:56:28.431    81   128 D AudioHardware: AudioHardware pcm playback is going to standby.
07-10 08:56:28.431    81   128 D AudioHardware: closePcmOut_l() mPcmOpenCnt: 1
07-10 08:56:28.634  1096  1099 D dalvikvm: GC_CONCURRENT freed 979K, 9% free 12164K/13255K, paused 15ms+12ms
07-10 08:56:28.849   144   160 I Process : Sending signal. PID: 1096 SIG: 3
07-10 08:56:28.849  1096  1101 I dalvikvm: threadid=3: reacting to signal 3
07-10 08:56:28.970  1096  1101 I dalvikvm: Wrote stack traces to '/data/anr/traces.txt'
07-10 08:56:29.181   144   366 I ActivityManager: Process edu.buffalo.cse.phonelab.phonelabservices (pid 482) has died.
07-10 08:56:29.224   144   366 W ActivityManager: Scheduling restart of crashed service edu.buffalo.cse.phonelab.phonelabservices/edu.buffalo.cse.phonelab.datalogger.LoggerService in 5000ms
07-10 08:56:29.345   144   160 I Process : Sending signal. PID: 1096 SIG: 3
07-10 08:56:29.345  1096  1101 I dalvikvm: threadid=3: reacting to signal 3
07-10 08:56:29.376  1096  1101 I dalvikvm: Wrote stack traces to '/data/anr/traces.txt'
07-10 08:56:29.739  1096  1099 D dalvikvm: GC_CONCURRENT freed 1109K, 9% free 12133K/13319K, paused 9ms+5ms
07-10 08:56:29.845   144   160 I Process : Sending signal. PID: 1096 SIG: 3
07-10 08:56:29.845  1096  1101 I dalvikvm: threadid=3: reacting to signal 3
07-10 08:56:29.997  1096  1101 I dalvikvm: Wrote stack traces to '/data/anr/traces.txt'
07-10 08:56:30.153  1096  5795 D dalvikvm: GC_FOR_ALLOC freed 747K, 9% free 12188K/13319K, paused 45ms
07-10 08:56:30.224   275   637 D androidNetworkLocationListeners: Still have listener com.google.android.location.internal.client.NetworkLocationClient$1@413393e8
07-10 08:56:30.247   275   637 D androidNetworkLocationListeners: Still have listener com.google.android.location.internal.client.NetworkLocationClient$1@413393e8
07-10 08:56:30.278   275   727 D WifiLocator: Too many cache  misses. Need server request. hasLocation=0 noLocation=0 cacheMiss=1
07-10 08:56:30.278   275   727 D CellLocator: Primary cell miss in cache. Need server request.
07-10 08:56:30.329   275   639 I System.out: [INFO:55897975]: LogSource: Running flush
07-10 08:56:30.353   214   216 D dalvikvm: GC_CONCURRENT freed 433K, 15% free 9673K/11335K, paused 7ms+3ms
07-10 08:56:30.364   275   727 D WifiLocator: Too many cache  misses. Need server request. hasLocation=0 noLocation=0 cacheMiss=1
07-10 08:56:30.364   275   727 D CellLocator: Primary cell miss in cache. Need server request.
07-10 08:56:30.376   144   160 I Process : Sending signal. PID: 1096 SIG: 3
07-10 08:56:30.376  1096  1101 I dalvikvm: threadid=3: reacting to signal 3
07-10 08:56:30.423   275   642 I System.out: [INFO:55898070]: LogSource: Sending payload [bytes=505]
07-10 08:56:30.497  1096  1101 I dalvikvm: Wrote stack traces to '/data/anr/traces.txt'
07-10 08:56:30.630   214   216 D dalvikvm: GC_CONCURRENT freed 197K, 14% free 9861K/11335K, paused 2ms+6ms
07-10 08:56:30.692   214   214 D dalvikvm: GC_FOR_ALLOC freed 590K, 15% free 9685K/11335K, paused 30ms
07-10 08:56:30.720  1096  1096 D dalvikvm: GC_FOR_ALLOC freed 667K, 10% free 12063K/13383K, paused 77ms
07-10 08:56:30.845   144   160 I Process : Sending signal. PID: 1096 SIG: 3
07-10 08:56:30.845  1096  1101 I dalvikvm: threadid=3: reacting to signal 3
07-10 08:56:30.868   214   216 D dalvikvm: GC_CONCURRENT freed 323K, 13% free 9866K/11335K, paused 3ms+5ms
07-10 08:56:31.005  1096  1101 I dalvikvm: Wrote stack traces to '/data/anr/traces.txt'
07-10 08:56:31.032   275   278 D dalvikvm: GC_CONCURRENT freed 380K, 6% free 10264K/10823K, paused 12ms+30ms
07-10 08:56:31.263   214   214 V PhoneStatusBar: setLightsOn(true)
07-10 08:56:31.286  1096  1103 I dalvikvm: Jit: resizing JitTable from 4096 to 8192
07-10 08:56:31.345   144   160 I Process : Sending signal. PID: 1096 SIG: 3
07-10 08:56:31.345  1096  1101 I dalvikvm: threadid=3: reacting to signal 3
07-10 08:56:31.415  1096  1101 I dalvikvm: Wrote stack traces to '/data/anr/traces.txt'
07-10 08:56:31.681   144  4494 I ActivityManager: Process com.google.android.apps.docs (pid 1063) has died.
07-10 08:56:31.692   144   174 I ActivityManager: Displayed com.facebook.katana/.activity.FbFragmentChromeActivity: +4s853ms (total +5s348ms)
07-10 08:56:31.747  1096  1096 D OpenGLRenderer: Flushing caches (mode 0)
07-10 08:56:32.212   275   642 I System.out: [INFO:55899858]: LogSource: Response [http=200,length=131]
07-10 08:56:32.212   275   639 I System.out: [INFO:55899859]: LogSource: Read id 3, status code 200
07-10 08:56:32.360  1096  1096 D dalvikvm: GC_FOR_ALLOC freed 523K, 9% free 12221K/13383K, paused 42ms
07-10 08:56:34.040  1096  5820 D dalvikvm: GC_FOR_ALLOC freed 216K, 9% free 12223K/13383K, paused 35ms
07-10 08:56:34.259   144   161 I ActivityManager: Start proc edu.buffalo.cse.phonelab.phonelabservices for service edu.buffalo.cse.phonelab.phonelabservices/edu.buffalo.cse.phonelab.datalogger.LoggerService: pid=5824 uid=10036 gids={3003, 1015, 1007, 2001}
07-10 08:56:34.427  5824  5824 I PhoneLab-LoggerService: Start Logger Service
07-10 08:56:34.470  5824  5837 I PhoneLab-: Service Running
07-10 08:56:34.567  5824  5837 I PhoneLab-LoggerService: app_36    1287  1     1444   1004  c00f181c 400107b4 S logcat
07-10 08:56:34.571  5824  5837 I PhoneLab-LoggerService: Logcat pid from database 1287
07-10 08:56:34.571  5824  5837 I PhoneLab-LoggerService: Logcat process found 1287
07-10 08:56:34.571  5824  5837 I PhoneLab-LoggerService: Checking Threshold
07-10 08:56:34.571  5824  5837 I PhoneLab-LoggerService: Starting to rename files
07-10 08:56:34.571  5824  5837 I PhoneLab-LoggerService: Files found .. 2
07-10 08:56:34.712  1096  5818 D dalvikvm: GC_FOR_ALLOC freed 184K, 9% free 12228K/13383K, paused 56ms
07-10 08:56:35.083   144   366 D dalvikvm: GC_EXPLICIT freed 519K, 18% free 14689K/17799K, paused 3ms+6ms
07-10 08:56:35.360  1096  5816 D dalvikvm: GC_FOR_ALLOC freed 334K, 10% free 12171K/13383K, paused 51ms
07-10 08:56:35.435  1096  5816 D dalvikvm: GC_FOR_ALLOC freed 67K, 9% free 12203K/13383K, paused 41ms
07-10 08:56:35.435  1096  5816 I dalvikvm-heap: Grow heap (frag case) to 12.024MB for 34336-byte allocation
07-10 08:56:35.485  1096  5817 D dalvikvm: GC_FOR_ALLOC freed <1K, 10% free 12236K/13447K, paused 40ms
07-10 08:56:35.966  1096  5810 D dalvikvm: GC_FOR_ALLOC freed 681K, 10% free 12227K/13447K, paused 40ms
07-10 08:56:36.001  1096  5810 D dalvikvm: GC_FOR_ALLOC freed 23K, 10% free 12231K/13447K, paused 33ms
07-10 08:56:36.040  1096  5810 D dalvikvm: GC_FOR_ALLOC freed 27K, 9% free 12245K/13447K, paused 34ms
07-10 08:56:36.040  1096  5810 I dalvikvm-heap: Grow heap (frag case) to 12.066MB for 35578-byte allocation
07-10 08:56:36.083  1096  1096 D dalvikvm: GC_FOR_ALLOC freed 0K, 10% free 12280K/13511K, paused 31ms
07-10 08:56:37.056   144  1262 I ActivityManager: Process com.android.calendar (pid 5022) has died.
07-10 08:56:39.181    81   128 D AudioHardware: AudioHardware pcm playback is exiting standby.
07-10 08:56:39.181    81   128 D AudioHardware: openPcmOut_l() mPcmOpenCnt: 0
07-10 08:56:39.302  1096  1096 D dalvikvm: GC_FOR_ALLOC freed 358K, 8% free 12431K/13511K, paused 72ms
07-10 08:56:39.302  1096  1096 I dalvikvm-heap: Grow heap (frag case) to 12.438MB for 235016-byte allocation
07-10 08:56:39.349  1096  1096 D dalvikvm: GC_FOR_ALLOC freed 143K, 10% free 12518K/13767K, paused 35ms
07-10 08:56:42.083   144  1262 I ActivityManager: Process com.google.android.apps.uploader (pid 1047) has died.
07-10 08:56:42.274    81   128 D AudioHardware: AudioHardware pcm playback is going to standby.
07-10 08:56:42.274    81   128 D AudioHardware: closePcmOut_l() mPcmOpenCnt: 1
07-10 08:56:42.481   144   144 I ActivityManager: Process com.google.android.music:main (pid 5625) has died.
07-10 08:56:42.931   144   385 I ActivityManager: Process com.android.providers.calendar (pid 5049) has died.
07-10 08:56:43.220   275   637 D androidNetworkLocationListeners: Still have listener com.google.android.location.internal.client.NetworkLocationClient$1@413393e8
07-10 08:56:43.380   275   637 D androidNetworkLocationListeners: Still have listener com.google.android.location.internal.client.NetworkLocationClient$1@413393e8
07-10 08:56:43.575   275   637 D androidNetworkLocationListeners: Still have listener com.google.android.location.internal.client.NetworkLocationClient$1@413393e8
07-10 08:56:45.169   275   278 D dalvikvm: GC_CONCURRENT freed 623K, 7% free 10180K/10887K, paused 6ms+3ms
07-10 08:56:45.716   275   727 D WifiLocator: Not enough positive cache hits compared to misses. Need server request. hasLocation=1 noLocation=0 cacheMiss=2
07-10 08:56:45.720   275   727 D NetworkLocator: Not reporting location since the new location has worse accuracy than the previous one.
07-10 08:56:45.747   275   639 I System.out: [INFO:55913391]: LogSource: Running flush
07-10 08:56:45.747   275   640 I System.out: [INFO:55913394]: LogSource: Sending payload [bytes=517]
07-10 08:56:46.044    81   128 D AudioHardware: AudioHardware pcm playback is exiting standby.
07-10 08:56:46.044    81   128 D AudioHardware: openPcmOut_l() mPcmOpenCnt: 0
07-10 08:56:46.071   144   344 I ActivityManager: START {act=android.intent.action.VIEW cmp=com.facebook.katana/.activity.FbFragmentChromeActivity (has extras)} from pid 1096
07-10 08:56:46.142   275   637 D androidNetworkLocationListeners: Still have listener com.google.android.location.internal.client.NetworkLocationClient$1@413393e8
07-10 08:56:46.231   275   727 D WifiLocator: Not enough positive cache hits compared to misses. Need server request. hasLocation=1 noLocation=0 cacheMiss=2
07-10 08:56:46.438  1096  1099 D dalvikvm: GC_CONCURRENT freed 779K, 7% free 12859K/13767K, paused 18ms+24ms
07-10 08:56:46.579   214   216 D dalvikvm: GC_CONCURRENT freed 542K, 14% free 9805K/11335K, paused 1ms+2ms
07-10 08:56:46.673  1096  1096 W webcore : java.lang.Throwable: EventHub.removeMessages(int what = 107) is not supported before the WebViewCore is set up.
07-10 08:56:46.673  1096  1096 W webcore : 	at android.webkit.WebViewCore$EventHub.removeMessages(WebViewCore.java:1683)
07-10 08:56:46.673  1096  1096 W webcore : 	at android.webkit.WebViewCore$EventHub.access$7900(WebViewCore.java:926)
07-10 08:56:46.673  1096  1096 W webcore : 	at android.webkit.WebViewCore.removeMessages(WebViewCore.java:1795)
07-10 08:56:46.673  1096  1096 W webcore : 	at android.webkit.WebView.sendOurVisibleRect(WebView.java:2917)
07-10 08:56:46.673  1096  1096 W webcore : 	at android.webkit.ZoomManager.setZoomScale(ZoomManager.java:593)
07-10 08:56:46.673  1096  1096 W webcore : 	at android.webkit.ZoomManager.access$1700(ZoomManager.java:49)
07-10 08:56:46.673  1096  1096 W webcore : 	at android.webkit.ZoomManager$PostScale.run(ZoomManager.java:984)
07-10 08:56:46.673  1096  1096 W webcore : 	at android.os.Handler.handleCallback(Handler.java:605)
07-10 08:56:46.673  1096  1096 W webcore : 	at android.os.Handler.dispatchMessage(Handler.java:92)
07-10 08:56:46.673  1096  1096 W webcore : 	at android.os.Looper.loop(Looper.java:137)
07-10 08:56:46.673  1096  1096 W webcore : 	at android.app.ActivityThread.main(ActivityThread.java:4424)
07-10 08:56:46.673  1096  1096 W webcore : 	at java.lang.reflect.Method.invokeNative(Native Method)
07-10 08:56:46.673  1096  1096 W webcore : 	at java.lang.reflect.Method.invoke(Method.java:511)
07-10 08:56:46.673  1096  1096 W webcore : 	at com.android.internal.os.ZygoteInit$MethodAndArgsCaller.run(ZygoteInit.java:784)
07-10 08:56:46.673  1096  1096 W webcore : 	at com.android.internal.os.ZygoteInit.main(ZygoteInit.java:551)
07-10 08:56:46.673  1096  1096 W webcore : 	at dalvik.system.NativeStart.main(Native Method)
07-10 08:56:46.743  1096  1096 W webcore : java.lang.Throwable: EventHub.removeMessages(int what = 107) is not supported before the WebViewCore is set up.
07-10 08:56:46.743  1096  1096 W webcore : 	at android.webkit.WebViewCore$EventHub.removeMessages(WebViewCore.java:1683)
07-10 08:56:46.743  1096  1096 W webcore : 	at android.webkit.WebViewCore$EventHub.access$7900(WebViewCore.java:926)
07-10 08:56:46.743  1096  1096 W webcore : 	at android.webkit.WebViewCore.removeMessages(WebViewCore.java:1795)
07-10 08:56:46.743  1096  1096 W webcore : 	at android.webkit.WebView.sendOurVisibleRect(WebView.java:2917)
07-10 08:56:46.743  1096  1096 W webcore : 	at android.webkit.ZoomManager.setZoomScale(ZoomManager.java:593)
07-10 08:56:46.743  1096  1096 W webcore : 	at android.webkit.ZoomManager.access$1700(ZoomManager.java:49)
07-10 08:56:46.743  1096  1096 W webcore : 	at android.webkit.ZoomManager$PostScale.run(ZoomManager.java:984)
07-10 08:56:46.743  1096  1096 W webcore : 	at android.os.Handler.handleCallback(Handler.java:605)
07-10 08:56:46.743  1096  1096 W webcore : 	at android.os.Handler.dispatchMessage(Handler.java:92)
07-10 08:56:46.743  1096  1096 W webcore : 	at android.os.Looper.loop(Looper.java:137)
07-10 08:56:46.743  1096  1096 W webcore : 	at android.app.ActivityThread.main(ActivityThread.java:4424)
07-10 08:56:46.743  1096  1096 W webcore : 	at java.lang.reflect.Method.invokeNative(Native Method)
07-10 08:56:46.743  1096  1096 W webcore : 	at java.lang.reflect.Method.invoke(Method.java:511)
07-10 08:56:46.743  1096  1096 W webcore : 	at com.android.internal.os.ZygoteInit$MethodAndArgsCaller.run(ZygoteInit.java:784)
07-10 08:56:46.743  1096  1096 W webcore : 	at com.android.internal.os.ZygoteInit.main(ZygoteInit.java:551)
07-10 08:56:46.743  1096  1096 W webcore : 	at dalvik.system.NativeStart.main(Native Method)
07-10 08:56:48.880   275   640 I System.out: [INFO:55916528]: LogSource: Response [http=200,length=189]
07-10 08:56:48.919   275   639 I System.out: [INFO:55916567]: LogSource: Read id 4, status code 200
07-10 08:56:48.931   275   727 D WifiLocator: Too many no-location APs. Will not compute a location nor go to the server. hasLocation=0 noLocation=0 cacheMiss=0
07-10 08:56:49.134    81   128 D AudioHardware: AudioHardware pcm playback is going to standby.
07-10 08:56:49.134    81   128 D AudioHardware: closePcmOut_l() mPcmOpenCnt: 1
07-10 08:56:58.661   144   366 I ActivityManager: Process com.android.deskclock (pid 5038) has died.
07-10 08:57:00.118  4667  4667 D OpenGLRenderer: Flushing caches (mode 2)
07-10 08:57:00.118   390   390 D OpenGLRenderer: Flushing caches (mode 2)
07-10 08:57:00.134   390   390 D OpenGLRenderer: Flushing caches (mode 0)
07-10 08:57:00.169  4667  4667 D OpenGLRenderer: Flushing caches (mode 0)
07-10 08:57:00.173  4667  4667 D OpenGLRenderer: Flushing caches (mode 0)
07-10 08:57:00.173  4667  4667 D OpenGLRenderer: Flushing caches (mode 0)
07-10 08:57:00.173  4667  4667 D OpenGLRenderer: Flushing caches (mode 0)
07-10 08:57:00.173  4667  4667 D OpenGLRenderer: Flushing caches (mode 0)
07-10 08:57:00.188  4667  4667 W ManagedEGLContext: doTerminate failed: EGL count is 2 but managed count is 1
07-10 08:57:01.048  1096  5862 I SqliteDatabaseCpp: sqlite returned: error code = 14, msg = cannot open file at line 27701 of [8609a15dfa], db=/data/data/com.facebook.katana/databases/prefs_db
07-10 08:57:01.048  1096  5862 I SqliteDatabaseCpp: sqlite returned: error code = 14, msg = os_unix.c: open() at line 27701 - "" errno=2 path=/CachedGeoposition.db, db=/data/data/com.facebook.katana/databases/prefs_db
07-10 08:57:08.165  4781  4788 I dalvikvm: Jit: resizing JitTable from 4096 to 8192
07-10 08:57:08.536  4781  4784 D dalvikvm: GC_CONCURRENT freed 385K, 12% free 10295K/11591K, paused 2ms+3ms
07-10 08:57:21.935  1096  1099 D dalvikvm: GC_CONCURRENT freed 739K, 6% free 13389K/14215K, paused 3ms+17ms
07-10 08:57:49.603   144   179 I ActivityManager: START {act=android.intent.action.MAIN cat=[android.intent.category.HOME] flg=0x10200000 cmp=com.android.launcher/com.android.launcher2.Launcher} from pid 144
07-10 08:57:49.638  1096  1096 D webviewglue: nativeDestroy view: 0xbb6d40
07-10 08:57:50.021   144   144 I ActivityManager: Process com.google.android.inputmethod.latin.dictionarypack (pid 5202) has died.
07-10 08:57:50.153  1096  1096 D OpenGLRenderer: Flushing caches (mode 0)
07-10 08:57:50.157   144   160 I Process : Sending signal. PID: 390 SIG: 3
07-10 08:57:50.157   390   395 I dalvikvm: threadid=3: reacting to signal 3
07-10 08:57:50.204   390   395 I dalvikvm: Wrote stack traces to '/data/anr/traces.txt'
07-10 08:57:50.247   144   385 I ActivityManager: Process com.android.musicfx (pid 4496) has died.
07-10 08:57:50.255   144   144 W InputManagerService: Starting input on non-focused client com.android.internal.view.IInputMethodClient$Stub$Proxy@4177b970 (uid=10061 pid=1096)
07-10 08:57:50.263  1096  1096 D OpenGLRenderer: Flushing caches (mode 1)
07-10 08:57:50.712  1096  1096 D OpenGLRenderer: Flushing caches (mode 2)
07-10 08:57:50.728  1096  1096 D OpenGLRenderer: Flushing caches (mode 0)
07-10 08:57:50.728  1096  1096 W ManagedEGLContext: doTerminate failed: EGL count is 2 but managed count is 1
07-10 08:57:51.731  1096  1096 D webviewglue: nativeDestroy view: 0xf72b18
07-10 08:57:53.521   390   393 D dalvikvm: GC_CONCURRENT freed 644K, 11% free 10973K/12231K, paused 8ms+3ms
07-10 08:57:53.685   144   385 I ActivityManager: START {act=android.intent.action.MAIN cat=[android.intent.category.LAUNCHER] flg=0x10200000 cmp=com.facebook.katana/.LoginActivity bnds=[240,254][360,404]} from pid 390
07-10 08:57:53.700    81   128 D AudioHardware: AudioHardware pcm playback is exiting standby.
07-10 08:57:53.700    81   128 D AudioHardware: openPcmOut_l() mPcmOpenCnt: 0
07-10 08:57:53.923   390   390 D OpenGLRenderer: Flushing caches (mode 0)
07-10 08:57:53.923   214   214 V PhoneStatusBar: setLightsOn(true)
07-10 08:57:54.368   390   390 D OpenGLRenderer: Flushing caches (mode 1)
07-10 08:57:54.419   390   390 D OpenGLRenderer: Flushing caches (mode 2)
07-10 08:57:54.427   390   390 D OpenGLRenderer: Flushing caches (mode 0)
07-10 08:57:56.790    81   128 D AudioHardware: AudioHardware pcm playback is going to standby.
07-10 08:57:56.790    81   128 D AudioHardware: closePcmOut_l() mPcmOpenCnt: 1
07-10 08:57:59.298   144   179 I ActivityManager: START {act=android.intent.action.MAIN cat=[android.intent.category.HOME] flg=0x10200000 cmp=com.android.launcher/com.android.launcher2.Launcher} from pid 144
07-10 08:57:59.634  1096  1096 D OpenGLRenderer: Flushing caches (mode 0)
07-10 08:57:59.653   144   344 W InputManagerService: Starting input on non-focused client com.android.internal.view.IInputMethodClient$Stub$Proxy@4177b970 (uid=10061 pid=1096)
07-10 08:57:59.669  1096  1096 D OpenGLRenderer: Flushing caches (mode 1)
07-10 08:58:00.177  1096  1096 D OpenGLRenderer: Flushing caches (mode 2)
07-10 08:58:00.192  1096  1096 D OpenGLRenderer: Flushing caches (mode 0)
07-10 08:58:00.192  1096  1096 W ManagedEGLContext: doTerminate failed: EGL count is 2 but managed count is 1
07-10 08:58:00.985   144   844 I ActivityManager: START {act=android.intent.action.MAIN cat=[android.intent.category.LAUNCHER] flg=0x10000000 pkg=mobi.mgeek.TunnyBrowser cmp=mobi.mgeek.TunnyBrowser/.BrowserActivity bnds=[384,706][480,802]} from pid 390
07-10 08:58:00.997    81   128 D AudioHardware: AudioHardware pcm playback is exiting standby.
07-10 08:58:00.997    81   128 D AudioHardware: openPcmOut_l() mPcmOpenCnt: 0
07-10 08:58:01.196   144   344 I ActivityManager: Start proc mobi.mgeek.TunnyBrowser for activity mobi.mgeek.TunnyBrowser/.BrowserActivity: pid=5873 uid=10060 gids={3003, 1015, 1007}
07-10 08:58:01.212   144   308 I ActivityManager: Process com.google.android.gsf.login (pid 2918) has died.
07-10 08:58:01.263  5873  5873 I dalvikvm: Turning on JNI app bug workarounds for target SDK version 6...
07-10 08:58:01.313  1096  1096 D OpenGLRenderer: Flushing caches (mode 2)
07-10 08:58:01.313  1096  1096 D OpenGLRenderer: Flushing caches (mode 0)
07-10 08:58:01.313  1096  1096 W ManagedEGLContext: doTerminate failed: EGL count is 2 but managed count is 1
07-10 08:58:01.372   390   390 D OpenGLRenderer: Flushing caches (mode 1)
07-10 08:58:01.415   390   390 D OpenGLRenderer: Flushing caches (mode 0)
07-10 08:58:01.622  5873  5873 I ActivityThread: Pub tunnydownloads: com.dolphin.browser.downloads.DownloadProvider
07-10 08:58:01.653  5873  5873 I ActivityThread: Pub dolphinbrowserhd: com.dolphin.browser.provider.BrowserProvider
07-10 08:58:01.653  5873  5873 V BrowserProvider: creating browser provider
07-10 08:58:01.653  5873  5873 V BrowserProvider: authority:dolphinbrowserhd
07-10 08:58:01.669  5873  5875 D dalvikvm: GC_CONCURRENT freed 193K, 3% free 9343K/9607K, paused 4ms+3ms
07-10 08:58:01.677  5873  5873 I ActivityThread: Pub tunnybrowser: mobi.mgeek.TunnyBrowser.BrowserProvider
07-10 08:58:01.677  5873  5873 I ActivityThread: Pub dolphin_voice_en: com.dolphin.browser.voice.command.VoiceCommandProvider
07-10 08:58:01.688  5873  5873 I ActivityThread: Pub mobi.mgeek.TunnyBrowser.htmlfileprovider: com.dolphin.browser.provider.FileContentProvider
07-10 08:58:01.692  5873  5873 D TraceLog: Browser.onCreate started.
07-10 08:58:01.692  5873  5873 V Browser : creating browser applicationmobi.mgeek.TunnyBrowser.Browser@41371b80
07-10 08:58:01.692  5873  5873 V Browser : creating browser applicationmobi.mgeek.TunnyBrowser.Browser@41371b80
07-10 08:58:01.794   144   160 I Process : Sending signal. PID: 5873 SIG: 3
07-10 08:58:01.794  5873  5877 I dalvikvm: threadid=3: reacting to signal 3
07-10 08:58:01.853  5873  5873 I dalvikvm: Could not find method com.dolphin.browser.androidwebkit.MyWebView.getZoomButtonsController, referenced from method com.dolphin.browser.androidwebkit.MyWebView.hideZoomButtonsController
07-10 08:58:01.853  5873  5873 W dalvikvm: VFY: unable to resolve virtual method 12889: Lcom/dolphin/browser/androidwebkit/MyWebView;.getZoomButtonsController ()Landroid/widget/ZoomButtonsController;
07-10 08:58:01.853  5873  5873 D dalvikvm: VFY: replacing opcode 0x6e at 0x000a
07-10 08:58:01.853  5873  5877 I dalvikvm: Wrote stack traces to '/data/anr/traces.txt'
07-10 08:58:01.974   144   156 D AlarmManagerService: Kernel timezone updated to 240 minutes west of GMT
07-10 08:58:02.032  5873  5875 D dalvikvm: GC_CONCURRENT freed 365K, 5% free 9435K/9927K, paused 8ms+2ms
07-10 08:58:02.286  5873  5875 D dalvikvm: GC_CONCURRENT freed 339K, 5% free 9653K/10055K, paused 2ms+3ms
07-10 08:58:02.294   144   160 I Process : Sending signal. PID: 5873 SIG: 3
07-10 08:58:02.294  5873  5877 I dalvikvm: threadid=3: reacting to signal 3
07-10 08:58:02.329  5873  5877 I dalvikvm: Wrote stack traces to '/data/anr/traces.txt'
07-10 08:58:02.353  5873  5873 I dalvikvm: Could not find method android.webkit.WebView.enableSmartZoom, referenced from method com.dolphin.browser.core.TabManager.d
07-10 08:58:02.353  5873  5873 W dalvikvm: VFY: unable to resolve virtual method 2631: Landroid/webkit/WebView;.enableSmartZoom ()V
07-10 08:58:02.353  5873  5873 D dalvikvm: VFY: replacing opcode 0x6e at 0x000a
07-10 08:58:02.364  5873  5873 W TunnyBrowser_8.5.1: [TabManager]init com.dolphin.browser.core.TabManager@4135a820
07-10 08:58:02.485  5873  5875 D dalvikvm: GC_CONCURRENT freed 65K, 3% free 10042K/10247K, paused 2ms+3ms
07-10 08:58:02.794   144   160 I Process : Sending signal. PID: 5873 SIG: 3
07-10 08:58:02.794  5873  5877 I dalvikvm: threadid=3: reacting to signal 3
07-10 08:58:02.829  5873  5875 D dalvikvm: GC_CONCURRENT freed 74K, 2% free 10456K/10631K, paused 2ms+3ms
07-10 08:58:02.845  5873  5877 I dalvikvm: Wrote stack traces to '/data/anr/traces.txt'
07-10 08:58:02.911   214   214 V PhoneStatusBar: setLightsOn(true)
07-10 08:58:02.927  5873  5873 D libEGL  : loaded /system/lib/egl/libGLES_android.so
07-10 08:58:02.935  5873  5873 D libEGL  : loaded /vendor/lib/egl/libEGL_POWERVR_SGX540_120.so
07-10 08:58:02.974  5873  5873 D libEGL  : loaded /vendor/lib/egl/libGLESv1_CM_POWERVR_SGX540_120.so
07-10 08:58:02.978  5873  5873 D libEGL  : loaded /vendor/lib/egl/libGLESv2_POWERVR_SGX540_120.so
07-10 08:58:03.063  5873  5873 D OpenGLRenderer: Enabling debug mode 0
07-10 08:58:03.130   144   174 I ActivityManager: Displayed mobi.mgeek.TunnyBrowser/.BrowserActivity: +2s31ms
07-10 08:58:03.208   390   390 D OpenGLRenderer: Flushing caches (mode 2)
07-10 08:58:03.216   390   390 D OpenGLRenderer: Flushing caches (mode 0)
07-10 08:58:03.376  5873  5875 D dalvikvm: GC_CONCURRENT freed 113K, 2% free 10818K/11015K, paused 4ms+3ms
07-10 08:58:04.091    81   128 D AudioHardware: AudioHardware pcm playback is going to standby.
07-10 08:58:04.091    81   128 D AudioHardware: closePcmOut_l() mPcmOpenCnt: 1
07-10 08:58:04.106  5873  5875 D dalvikvm: GC_CONCURRENT freed 175K, 3% free 11154K/11463K, paused 2ms+2ms
07-10 08:58:04.911    81   128 D AudioHardware: AudioHardware pcm playback is exiting standby.
07-10 08:58:04.911    81   128 D AudioHardware: openPcmOut_l() mPcmOpenCnt: 0
07-10 08:58:05.489   214   216 D dalvikvm: GC_CONCURRENT freed 538K, 15% free 9696K/11335K, paused 2ms+9ms
07-10 08:58:05.782   332   332 D dalvikvm: GC_FOR_ALLOC freed 1083K, 13% free 10652K/12167K, paused 231ms
07-10 08:58:05.786   332   332 I dalvikvm-heap: Grow heap (frag case) to 11.066MB for 622096-byte allocation
07-10 08:58:05.888   332   335 D dalvikvm: GC_CONCURRENT freed 10K, 8% free 11249K/12167K, paused 8ms+19ms
07-10 08:58:05.931   214   216 D dalvikvm: GC_CONCURRENT freed 390K, 14% free 9790K/11335K, paused 2ms+6ms
07-10 08:58:06.185  1096  1099 D dalvikvm: GC_CONCURRENT freed 1486K, 11% free 13381K/14983K, paused 523ms+16ms
07-10 08:58:06.325   144   146 D dalvikvm: GC_CONCURRENT freed 1092K, 17% free 14890K/17799K, paused 16ms+9ms
07-10 08:58:06.731  5873  5875 D dalvikvm: GC_CONCURRENT freed 165K, 3% free 11611K/11911K, paused 2ms+7ms
07-10 08:58:08.005    81   128 D AudioHardware: AudioHardware pcm playback is going to standby.
07-10 08:58:08.005    81   128 D AudioHardware: closePcmOut_l() mPcmOpenCnt: 1
07-10 08:58:08.099   144  4494 I ActivityManager: Start proc com.google.android.googlequicksearchbox for content provider com.google.android.googlequicksearchbox/.google.GoogleSuggestionProvider: pid=5919 uid=10021 gids={3003}
07-10 08:58:08.142  1096  1096 D OpenGLRenderer: Flushing caches (mode 2)
07-10 08:58:08.142  1096  1096 D OpenGLRenderer: Flushing caches (mode 0)
07-10 08:58:08.142  1096  1096 W ManagedEGLContext: doTerminate failed: EGL count is 2 but managed count is 1
07-10 08:58:08.204  5919  5919 I ActivityThread: Pub com.google.android.googlequicksearchbox.shortcuts: com.google.android.googlequicksearchbox.WebHistoryProvider
07-10 08:58:08.208  5919  5919 I ActivityThread: Pub com.google.android.googlequicksearchbox.google: com.google.android.googlequicksearchbox.google.GoogleSuggestionProvider
07-10 08:58:08.251  5919  5930 I QSB.QsbApplication: allowSuggestionLoginCreation
07-10 08:58:08.509   144  1262 I ActivityManager: Start proc com.google.android.gsf.login for service com.google.android.gsf.login/com.google.android.gsf.loginservice.GoogleLoginService: pid=5939 uid=10009 gids={3003, 1015, 1007, 2001, 3006}
07-10 08:58:09.157   275   637 D androidNetworkLocationListeners: Still have listener com.google.android.location.internal.client.NetworkLocationClient$1@413393e8
07-10 08:58:09.169   275   637 D androidNetworkLocationListeners: Still have listener com.google.android.location.internal.client.NetworkLocationClient$1@413393e8
07-10 08:58:09.216   275   727 D WifiLocator: Too many cache  misses. Need server request. hasLocation=0 noLocation=0 cacheMiss=3
07-10 08:58:09.216   275   727 D NetworkLocator: New location significantly newer than previous. Reporting it.
07-10 08:58:09.239   275   639 I System.out: [INFO:55996884]: LogSource: Running flush
07-10 08:58:09.239   275   641 I System.out: [INFO:55996886]: LogSource: Sending payload [bytes=515]
07-10 08:58:09.282  5919  5930 I QSB.GenieClient: request: chars=4;feeds=[qs, ns];loc=true;auth=false
07-10 08:58:09.470  5873  5895 D PersistentEventStore/putEvent: Row ID: 55, Event ID: 55
07-10 08:58:09.485   275   641 I System.out: [INFO:55997133]: LogSource: Response [http=200,length=219]
07-10 08:58:09.489   275   639 I System.out: [INFO:55997134]: LogSource: Read id 5, status code 200
07-10 08:58:09.493   275   727 D WifiLocator: Too many no-location APs. Will not compute a location nor go to the server. hasLocation=0 noLocation=0 cacheMiss=0
07-10 08:58:09.712  5873  5875 D dalvikvm: GC_CONCURRENT freed 575K, 6% free 11792K/12487K, paused 8ms+16ms
07-10 08:58:10.188  5919  5921 D dalvikvm: GC_CONCURRENT freed 259K, 5% free 9215K/9607K, paused 2ms+2ms
07-10 08:58:10.235  5919  5930 I QSB.GenieClient: response: suggestions=0;0;0;0;0;0;0;
07-10 08:58:10.493  5919  5930 I QSB.QsbApplication: allowSuggestionLoginCreation
07-10 08:58:10.509  5919  5930 I QSB.GenieClient: request: chars=13;feeds=[qs, ns];loc=true;auth=false
07-10 08:58:11.231   332   335 D dalvikvm: GC_CONCURRENT freed 598K, 8% free 11286K/12167K, paused 8ms+4ms
07-10 08:58:11.396  5919  5930 I QSB.GenieClient: response: suggestions=0;0;0;0;
07-10 08:58:11.540  5919  5933 I QSB.QsbApplication: allowSuggestionLoginCreation
07-10 08:58:11.544  5919  5933 I QSB.GenieClient: request: chars=18;feeds=[qs, ns];loc=true;auth=false
07-10 08:58:12.247  5919  5933 I QSB.GenieClient: response: suggestions=
07-10 08:58:12.466  5919  5933 I QSB.QsbApplication: allowSuggestionLoginCreation
07-10 08:58:12.497  5919  5933 I QSB.GenieClient: request: chars=20;feeds=[qs, ns];loc=true;auth=false
07-10 08:58:12.806  5919  5933 I QSB.GenieClient: response: suggestions=
07-10 08:58:12.856  5919  5933 I QSB.QsbApplication: allowSuggestionLoginCreation
07-10 08:58:12.856  5919  5933 I QSB.GenieClient: request: chars=23;feeds=[qs, ns];loc=true;auth=false
07-10 08:58:13.153  5919  5933 I QSB.GenieClient: response: suggestions=
07-10 08:58:13.255  5919  5933 I QSB.QsbApplication: allowSuggestionLoginCreation
07-10 08:58:13.255  5919  5933 I QSB.GenieClient: request: chars=24;feeds=[qs, ns];loc=true;auth=false
07-10 08:58:13.431  5919  5933 I QSB.GenieClient: response: suggestions=
07-10 08:58:15.493  5919  5933 I QSB.QsbApplication: allowSuggestionLoginCreation
07-10 08:58:15.513  5919  5933 I QSB.GenieClient: request: chars=20;feeds=[qs, ns];loc=true;auth=false
07-10 08:58:15.724  5919  5933 I QSB.GenieClient: response: suggestions=
07-10 08:58:15.817   144  4494 D dalvikvm: GC_EXPLICIT freed 420K, 17% free 14778K/17799K, paused 2ms+7ms
07-10 08:58:15.993   332   335 D dalvikvm: GC_CONCURRENT freed 667K, 8% free 11274K/12167K, paused 2ms+6ms
07-10 08:58:16.103  5919  5931 I QSB.QsbApplication: allowSuggestionLoginCreation
07-10 08:58:16.122  5919  5931 I QSB.GenieClient: request: chars=21;feeds=[qs, ns];loc=true;auth=false
07-10 08:58:16.341  5919  5931 I QSB.GenieClient: response: suggestions=
07-10 08:58:16.501  5919  5931 I QSB.QsbApplication: allowSuggestionLoginCreation
07-10 08:58:16.517  5919  5931 I QSB.GenieClient: request: chars=23;feeds=[qs, ns];loc=true;auth=false
07-10 08:58:16.782  5919  5921 D dalvikvm: GC_CONCURRENT freed 387K, 6% free 9213K/9735K, paused 3ms+2ms
07-10 08:58:16.782  5919  5931 I QSB.GenieClient: response: suggestions=
07-10 08:58:16.899  5919  5931 I QSB.QsbApplication: allowSuggestionLoginCreation
07-10 08:58:16.919  5919  5931 I QSB.GenieClient: request: chars=24;feeds=[qs, ns];loc=true;auth=false
07-10 08:58:17.165  5919  5931 I QSB.GenieClient: response: suggestions=
07-10 08:58:17.267  5919  5931 I QSB.QsbApplication: allowSuggestionLoginCreation
07-10 08:58:17.286  5919  5931 I QSB.GenieClient: request: chars=25;feeds=[qs, ns];loc=true;auth=false
07-10 08:58:17.489  5919  5931 I QSB.GenieClient: response: suggestions=
07-10 08:58:17.704  5919  5931 I QSB.QsbApplication: allowSuggestionLoginCreation
07-10 08:58:17.759  5919  5931 I QSB.GenieClient: request: chars=26;feeds=[qs, ns];loc=true;auth=false
07-10 08:58:17.950  5919  5931 I QSB.GenieClient: response: suggestions=
07-10 08:58:18.036  5919  5931 I QSB.QsbApplication: allowSuggestionLoginCreation
07-10 08:58:18.040  5919  5931 I QSB.GenieClient: request: chars=27;feeds=[qs, ns];loc=true;auth=false
07-10 08:58:18.294  5919  5931 I QSB.GenieClient: response: suggestions=
07-10 08:58:18.458  5919  5931 I QSB.QsbApplication: allowSuggestionLoginCreation
07-10 08:58:18.474  5919  5931 I QSB.GenieClient: request: chars=28;feeds=[qs, ns];loc=true;auth=false
07-10 08:58:18.649  5919  5931 I QSB.GenieClient: response: suggestions=
07-10 08:58:18.731  5919  5931 I QSB.QsbApplication: allowSuggestionLoginCreation
07-10 08:58:18.735  5919  5931 I QSB.GenieClient: request: chars=29;feeds=[qs, ns];loc=true;auth=false
07-10 08:58:18.931  5919  5931 I QSB.GenieClient: response: suggestions=
07-10 08:58:19.970  5919  5930 I QSB.QsbApplication: allowSuggestionLoginCreation
07-10 08:58:19.981  5919  5930 I QSB.GenieClient: request: chars=28;feeds=[qs, ns];loc=true;auth=false
07-10 08:58:20.208  5919  5930 I QSB.GenieClient: response: suggestions=
07-10 08:58:20.341   332   335 D dalvikvm: GC_CONCURRENT freed 635K, 8% free 11266K/12167K, paused 2ms+3ms
07-10 08:58:20.743  1096  1096 D OpenGLRenderer: Flushing caches (mode 1)
07-10 08:58:20.829  1096  1096 D OpenGLRenderer: Flushing caches (mode 2)
07-10 08:58:20.833  1096  1096 D OpenGLRenderer: Flushing caches (mode 0)
07-10 08:58:20.833  1096  1096 W ManagedEGLContext: doTerminate failed: EGL count is 2 but managed count is 1
07-10 08:58:20.860  4667  4667 D OpenGLRenderer: Flushing caches (mode 1)
07-10 08:58:20.946  4667  5983 I Gmail   : MainSyncRequestProto: lowestBkwdConvoId: 0, highestHandledServerOp: 1874384, normalSync: true
07-10 08:58:20.950  5919  5930 I QSB.QsbApplication: allowSuggestionLoginCreation
07-10 08:58:20.954  5919  5930 I QSB.GenieClient: request: chars=26;feeds=[qs, ns];loc=true;auth=false
07-10 08:58:21.001  1096  1096 D OpenGLRenderer: Flushing caches (mode 2)
07-10 08:58:21.001  1096  1096 D OpenGLRenderer: Flushing caches (mode 0)
07-10 08:58:21.001  1096  1096 W ManagedEGLContext: doTerminate failed: EGL count is 2 but managed count is 1
07-10 08:58:21.001  4667  4667 D OpenGLRenderer: Flushing caches (mode 2)
07-10 08:58:21.001  4667  4667 D OpenGLRenderer: Flushing caches (mode 0)
07-10 08:58:21.001  4667  4667 D OpenGLRenderer: Flushing caches (mode 0)
07-10 08:58:21.001  4667  4667 D OpenGLRenderer: Flushing caches (mode 0)
07-10 08:58:21.001  4667  4667 D OpenGLRenderer: Flushing caches (mode 0)
07-10 08:58:21.001  4667  4667 D OpenGLRenderer: Flushing caches (mode 0)
07-10 08:58:21.001  4667  4667 W ManagedEGLContext: doTerminate failed: EGL count is 2 but managed count is 1
07-10 08:58:21.138  5919  5930 I QSB.GenieClient: response: suggestions=
07-10 08:58:21.661  5919  5930 I QSB.QsbApplication: allowSuggestionLoginCreation
07-10 08:58:21.677  5919  5930 I QSB.GenieClient: request: chars=27;feeds=[qs, ns];loc=true;auth=false
07-10 08:58:21.763  4667  4667 D OpenGLRenderer: Flushing caches (mode 1)
07-10 08:58:21.927  5919  5930 I QSB.GenieClient: response: suggestions=
07-10 08:58:21.989  5919  5930 I QSB.QsbApplication: allowSuggestionLoginCreation
07-10 08:58:22.013  5919  5921 D dalvikvm: GC_CONCURRENT freed 393K, 6% free 9208K/9735K, paused 3ms+3ms
07-10 08:58:22.032  5919  5930 I QSB.GenieClient: request: chars=28;feeds=[qs, ns];loc=true;auth=false
07-10 08:58:22.060  4667  5983 D dalvikvm: GC_EXPLICIT freed 1167K, 16% free 16209K/19271K, paused 3ms+83ms
07-10 08:58:22.200  4667  5983 I Gmail   : MainSyncRequestProto: lowestBkwdConvoId: 0, highestHandledServerOp: 1874384, normalSync: true
07-10 08:58:22.231  4667  5983 I Gmail   : lowestBackward conversation id 0
07-10 08:58:22.251  5919  5930 I QSB.GenieClient: response: suggestions=
07-10 08:58:22.259  4667  5983 W Gmail   : Scheduling index for 300000 ms from now
07-10 08:58:22.411  4667  4667 D OpenGLRenderer: Flushing caches (mode 1)
07-10 08:58:24.087  5919  5930 I QSB.QsbApplication: allowSuggestionLoginCreation
07-10 08:58:24.110  5919  5930 I QSB.GenieClient: request: chars=29;feeds=[qs, ns];loc=true;auth=false
07-10 08:58:24.325  5919  5930 I QSB.GenieClient: response: suggestions=
07-10 08:58:25.161   144   844 I ActivityManager: START {act=android.intent.action.SEARCH flg=0x10000000 cmp=mobi.mgeek.TunnyBrowser/.BrowserActivity (has extras)} from pid 5873
07-10 08:58:25.177    81   128 D AudioHardware: AudioHardware pcm playback is exiting standby.
07-10 08:58:25.177    81   128 D AudioHardware: openPcmOut_l() mPcmOpenCnt: 0
07-10 08:58:25.185   144   344 W WindowManager: Force-removing child win Window{4160a1e8 PopupWindow:41552ce0 paused=false} from container Window{418613e0 mobi.mgeek.TunnyBrowser/mobi.mgeek.TunnyBrowser.BrowserActivity paused=false}
07-10 08:58:25.192  5873  5873 E InputQueue-JNI: channel '4160a1e8 PopupWindow:41552ce0 (client)' ~ Publisher closed input channel or an error occurred.  events=0x8
07-10 08:58:25.649    78   446 E SurfaceTexture: [PopupWindow:41552ce0] query: SurfaceTexture has been abandoned!
07-10 08:58:25.657  5873  5873 E libEGL  : eglMakeCurrent:674 error 300b (EGL_BAD_NATIVE_WINDOW)
07-10 08:58:25.657  5873  5873 E HardwareRenderer: eglMakeCurrent failed EGL_BAD_NATIVE_WINDOW
07-10 08:58:25.669    78  1912 W SurfaceTexture: [PopupWindow:41552ce0] cancelBuffer: SurfaceTexture has been abandoned!
07-10 08:58:25.669  5873  5873 W HardwareRenderer: Mountain View, we've had a problem here. Switching back to software rendering.
07-10 08:58:25.708   144   308 W WindowManager: Failed looking up window
07-10 08:58:25.708   144   308 W WindowManager: java.lang.IllegalArgumentException: Requested window android.os.BinderProxy@41a55580 does not exist
07-10 08:58:25.708   144   308 W WindowManager: 	at com.android.server.wm.WindowManagerService.windowForClientLocked(WindowManagerService.java:7163)
07-10 08:58:25.708   144   308 W WindowManager: 	at com.android.server.wm.WindowManagerService.windowForClientLocked(WindowManagerService.java:7154)
07-10 08:58:25.708   144   308 W WindowManager: 	at com.android.server.wm.WindowManagerService.removeWindow(WindowManagerService.java:2209)
07-10 08:58:25.708   144   308 W WindowManager: 	at com.android.server.wm.Session.remove(Session.java:149)
07-10 08:58:25.708   144   308 W WindowManager: 	at android.view.IWindowSession$Stub.onTransact(IWindowSession.java:124)
07-10 08:58:25.708   144   308 W WindowManager: 	at com.android.server.wm.Session.onTransact(Session.java:111)
07-10 08:58:25.708   144   308 W WindowManager: 	at android.os.Binder.execTransact(Binder.java:338)
07-10 08:58:25.708   144   308 W WindowManager: 	at dalvik.system.NativeStart.run(Native Method)
07-10 08:58:26.075   214   216 D dalvikvm: GC_CONCURRENT freed 491K, 15% free 9692K/11335K, paused 2ms+5ms
07-10 08:58:27.614   144  1262 I ActivityManager: Process com.google.android.apps.googlevoice (pid 5073) has died.
07-10 08:58:27.614   144  1262 W ActivityManager: Scheduling restart of crashed service com.google.android.apps.googlevoice/.widget.WidgetService in 5000ms
07-10 08:58:27.614   144  1262 W ActivityManager: Scheduling restart of crashed service com.google.android.apps.googlevoice/.UpdateService in 15000ms
07-10 08:58:27.614   144  1262 W ActivityManager: Scheduling restart of crashed service com.google.android.apps.googlevoice/.CallLogService in 25000ms
07-10 08:58:27.614   144  1262 I WindowManager: WIN DEATH: Window{4160d7b0 com.google.android.apps.googlevoice/com.google.android.apps.googlevoice.SplashActivity paused=false}
07-10 08:58:27.626   144   144 I WindowManager: WIN DEATH: Window{41615dd0 com.google.android.apps.googlevoice/com.google.android.apps.googlevoice.activity.conversationlist.ConversationListActivity paused=false}
07-10 08:58:27.634   144   379 I WindowManager: WIN DEATH: Window{4133c7f8 com.google.android.apps.googlevoice/com.google.android.apps.googlevoice.PhoneCallListActivity paused=false}
07-10 08:58:28.271    81   128 D AudioHardware: AudioHardware pcm playback is going to standby.
07-10 08:58:28.271    81   128 D AudioHardware: closePcmOut_l() mPcmOpenCnt: 1
07-10 08:58:29.501  5873  5875 D dalvikvm: GC_CONCURRENT freed 1227K, 11% free 11382K/12743K, paused 7ms+5ms
07-10 08:58:29.603   144   385 I ActivityManager: Process android.process.acore (pid 5088) has died.
07-10 08:58:29.610   144   385 D CountryDetector: No listener is left
07-10 08:58:32.778   144   161 I ActivityManager: Start proc com.google.android.apps.googlevoice for service com.google.android.apps.googlevoice/.widget.WidgetService: pid=6011 uid=10056 gids={3003, 1015}
07-10 08:58:32.880  1096  1096 D OpenGLRenderer: Flushing caches (mode 2)
07-10 08:58:32.880  1096  1096 D OpenGLRenderer: Flushing caches (mode 0)
07-10 08:58:32.880  1096  1096 W ManagedEGLContext: doTerminate failed: EGL count is 2 but managed count is 1
07-10 08:58:32.880  4667  4667 D OpenGLRenderer: Flushing caches (mode 2)
07-10 08:58:32.880  4667  4667 D OpenGLRenderer: Flushing caches (mode 0)
07-10 08:58:32.880  4667  4667 D OpenGLRenderer: Flushing caches (mode 0)
07-10 08:58:32.884  4667  4667 D OpenGLRenderer: Flushing caches (mode 0)
07-10 08:58:32.884  4667  4667 D OpenGLRenderer: Flushing caches (mode 0)
07-10 08:58:32.915  4667  4667 D OpenGLRenderer: Flushing caches (mode 0)
07-10 08:58:32.915  4667  4667 W ManagedEGLContext: doTerminate failed: EGL count is 2 but managed count is 1
07-10 08:58:32.946   144   366 I ActivityManager: Process com.google.android.googlequicksearchbox (pid 5919) has died.
07-10 08:58:33.024  5873  6026 W System.err: start..
07-10 08:58:33.028    81   128 D AudioHardware: AudioHardware pcm playback is exiting standby.
07-10 08:58:33.028    81   128 D AudioHardware: openPcmOut_l() mPcmOpenCnt: 0
07-10 08:58:33.251   275   637 D androidNetworkLocationListeners: Still have listener com.google.android.location.internal.client.NetworkLocationClient$1@413393e8
07-10 08:58:33.376   275   727 D WifiLocator: Too many no-location APs. Will not compute a location nor go to the server. hasLocation=0 noLocation=0 cacheMiss=0
07-10 08:58:33.501  6011  6014 D dalvikvm: GC_CONCURRENT freed 233K, 4% free 9303K/9607K, paused 22ms+3ms
07-10 08:58:33.540   144   344 I ActivityManager: Start proc android.process.acore for content provider com.android.providers.contacts/.VoicemailContentProvider: pid=6035 uid=10000 gids={3003, 1015}
07-10 08:58:33.571  4667  4667 D OpenGLRenderer: Flushing caches (mode 2)
07-10 08:58:33.571  4667  4667 D OpenGLRenderer: Flushing caches (mode 0)
07-10 08:58:33.571  4667  4667 D OpenGLRenderer: Flushing caches (mode 0)
07-10 08:58:33.575  4667  4667 D OpenGLRenderer: Flushing caches (mode 0)
07-10 08:58:33.575  4667  4667 D OpenGLRenderer: Flushing caches (mode 0)
07-10 08:58:33.575  4667  4667 D OpenGLRenderer: Flushing caches (mode 0)
07-10 08:58:33.575  4667  4667 W ManagedEGLContext: doTerminate failed: EGL count is 2 but managed count is 1
07-10 08:58:33.603  6035  6035 I ActivityThread: Pub com.android.voicemail: com.android.providers.contacts.VoicemailContentProvider
07-10 08:58:33.634  5873  6025 W System.err: java.lang.Exception: 500:INTERNAL_SERVER_ERROR
07-10 08:58:33.634  5873  6025 W System.err: 	at com.dolphin.update.f.b(Unknown Source)
07-10 08:58:33.634  5873  6025 W System.err: 	at com.dolphin.update.f.a(Unknown Source)
07-10 08:58:33.634  5873  6025 W System.err: 	at com.dolphin.update.f.b(Unknown Source)
07-10 08:58:33.634  5873  6025 W System.err: 	at com.dolphin.update.b.d.run(Unknown Source)
07-10 08:58:33.657  6035  6035 I ActivityThread: Pub user_dictionary: com.android.providers.userdictionary.UserDictionaryProvider
07-10 08:58:33.708  6035  6035 I ActivityThread: Pub com.android.social: com.android.providers.contacts.SocialProvider
07-10 08:58:33.708  6035  6035 I ActivityThread: Pub applications: com.android.providers.applications.ApplicationsProvider
07-10 08:58:33.907  6035  6035 I ActivityThread: Pub contacts;com.android.contacts: com.android.providers.contacts.ContactsProvider2
07-10 08:58:33.927  5873  5875 D dalvikvm: GC_CONCURRENT freed 773K, 11% free 11344K/12743K, paused 3ms+20ms
07-10 08:58:33.942  6035  6037 D dalvikvm: GC_CONCURRENT freed 346K, 5% free 9190K/9607K, paused 7ms+2ms
07-10 08:58:34.017  6035  6035 I ActivityThread: Pub call_log: com.android.providers.contacts.CallLogProvider
07-10 08:58:34.407  6011  6014 D dalvikvm: GC_CONCURRENT freed 453K, 6% free 9400K/9927K, paused 2ms+3ms
07-10 08:58:34.411  6011  6020 W CursorWrapperInner: Cursor finalized without prior close()
07-10 08:58:34.481  5824  5837 I PhoneLab-: Service Running
07-10 08:58:34.630  6011  6011 W GoogleVoice: WidgetService: got a null intent
07-10 08:58:34.665  6011  6020 W CursorWrapperInner: Cursor finalized without prior close()
07-10 08:58:34.665  6011  6020 W CursorWrapperInner: Cursor finalized without prior close()
07-10 08:58:34.665  6011  6014 D dalvikvm: GC_CONCURRENT freed 293K, 5% free 9568K/9991K, paused 2ms+3ms
07-10 08:58:34.731  5824  5837 I PhoneLab-LoggerService: app_36    1287  1     1444   1004  c00f181c 400107b4 S logcat
07-10 08:58:34.735  5824  5837 I PhoneLab-LoggerService: Logcat pid from database 1287
07-10 08:58:34.735  5824  5837 I PhoneLab-LoggerService: Logcat process found 1287
07-10 08:58:34.735  5824  5837 I PhoneLab-LoggerService: Checking Threshold
07-10 08:58:34.735  5824  5837 I PhoneLab-LoggerService: Starting to rename files
07-10 08:58:34.735  5824  5837 I PhoneLab-LoggerService: Files found .. 2
07-10 08:58:34.931  5873  5873 E Web Console: Viewport argument value "device-width;" for key "width" not recognized. Content ignored. at http://mobile.washingtonpost.com/rss.jsp?rssid=863&item=http://www.washingtonpost.com/national/health-science/us-pushes-for-more-scientists-but-the-jobs-arent-there/2012/07/07/gJQAZJpQUW_mobile.mobile&cid=-1&fullSiteUrl=http%3A%2F%2Fwww.washingtonpost.com%2Fnational%2Fhealth-science%2Fus-pushes-for-more-scientists-but-the-jobs-arent-there%2F2012%2F07%2F07%2FgJQAZJpQUW_story.html:6
07-10 08:58:34.931  5873  5873 V Web Console: Viewport argument value "1.0;" for key "initial-scale" was truncated to its numeric prefix. at http://mobile.washingtonpost.com/rss.jsp?rssid=863&item=http://www.washingtonpost.com/national/health-science/us-pushes-for-more-scientists-but-the-jobs-arent-there/2012/07/07/gJQAZJpQUW_mobile.mobile&cid=-1&fullSiteUrl=http%3A%2F%2Fwww.washingtonpost.com%2Fnational%2Fhealth-science%2Fus-pushes-for-more-scientists-but-the-jobs-arent-there%2F2012%2F07%2F07%2FgJQAZJpQUW_story.html:6
07-10 08:58:34.931  5873  5873 V Web Console: Viewport argument value "1.0;" for key "maximum-scale" was truncated to its numeric prefix. at http://mobile.washingtonpost.com/rss.jsp?rssid=863&item=http://www.washingtonpost.com/national/health-science/us-pushes-for-more-scientists-but-the-jobs-arent-there/2012/07/07/gJQAZJpQUW_mobile.mobile&cid=-1&fullSiteUrl=http%3A%2F%2Fwww.washingtonpost.com%2Fnational%2Fhealth-science%2Fus-pushes-for-more-scientists-but-the-jobs-arent-there%2F2012%2F07%2F07%2FgJQAZJpQUW_story.html:6
07-10 08:58:34.931  5873  5873 V Web Console: Viewport argument value "1.0;" for key "minimum-scale" was truncated to its numeric prefix. at http://mobile.washingtonpost.com/rss.jsp?rssid=863&item=http://www.washingtonpost.com/national/health-science/us-pushes-for-more-scientists-but-the-jobs-arent-there/2012/07/07/gJQAZJpQUW_mobile.mobile&cid=-1&fullSiteUrl=http%3A%2F%2Fwww.washingtonpost.com%2Fnational%2Fhealth-science%2Fus-pushes-for-more-scientists-but-the-jobs-arent-there%2F2012%2F07%2F07%2FgJQAZJpQUW_story.html:6
07-10 08:58:35.099   144   308 D CountryDetector: The first listener is added
07-10 08:58:35.134   144   155 I ActivityManager: Process com.google.android.gsf.login (pid 5939) has died.
07-10 08:58:35.192  6035  6037 D dalvikvm: GC_CONCURRENT freed 239K, 4% free 9495K/9799K, paused 2ms+11ms
07-10 08:58:36.122    81   128 D AudioHardware: AudioHardware pcm playback is going to standby.
07-10 08:58:36.122    81   128 D AudioHardware: closePcmOut_l() mPcmOpenCnt: 1
07-10 08:58:36.606   144   344 I ActivityManager: Process com.google.android.gm (pid 4667) has died.
07-10 08:58:36.610   144   144 I WindowManager: WIN DEATH: Window{4184de00 com.google.android.gm/com.google.android.gm.ConversationListActivityGmail paused=false}
07-10 08:58:36.657   144   179 W InputDispatcher: channel '418c6378 com.google.android.gm/com.google.android.gm.ConversationListActivityGmail (server)' ~ Consumer closed input channel or an error occurred.  events=0x8
07-10 08:58:36.661   144   179 E InputDispatcher: channel '418c6378 com.google.android.gm/com.google.android.gm.ConversationListActivityGmail (server)' ~ Channel is unrecoverably broken and will be disposed!
07-10 08:58:36.771   144   156 W InputDispatcher: Attempted to unregister already unregistered input channel '418c6378 com.google.android.gm/com.google.android.gm.ConversationListActivityGmail (server)'
07-10 08:58:36.771   144   156 I WindowManager: WIN DEATH: Window{418c6378 com.google.android.gm/com.google.android.gm.ConversationListActivityGmail paused=false}
07-10 08:58:36.774   144   385 I WindowManager: WIN DEATH: Window{41736fb8 com.google.android.gm/com.google.android.gm.ConversationListActivityGmail paused=false}
07-10 08:58:36.833   144   379 I WindowManager: WIN DEATH: Window{41a55638 com.google.android.gm/com.google.android.gm.ConversationListActivityGmail paused=false}
07-10 08:58:36.837   144   155 I WindowManager: WIN DEATH: Window{41739b78 com.google.android.gm/com.google.android.gm.ConversationListActivityGmail paused=false}
07-10 08:58:36.841   144   179 I WindowManager: WINDOW DIED Window{418c6378 com.google.android.gm/com.google.android.gm.ConversationListActivityGmail paused=false}
07-10 08:58:37.294  6035  6037 D dalvikvm: GC_CONCURRENT freed 314K, 4% free 9796K/10119K, paused 9ms+10ms
07-10 08:58:37.614  6035  6051 D dalvikvm: GC_EXPLICIT freed 279K, 4% free 9786K/10183K, paused 2ms+12ms
07-10 08:58:37.735   144   366 D dalvikvm: GC_EXPLICIT freed 432K, 18% free 14759K/17799K, paused 6ms+8ms
07-10 08:58:49.278  5873  5873 D dalvikvm: GC_FOR_ALLOC freed 204K, 10% free 11501K/12743K, paused 38ms
07-10 08:58:49.306  5873  5873 D dalvikvm: GC_FOR_ALLOC freed 9K, 10% free 11530K/12743K, paused 22ms
07-10 08:58:49.306  5873  5873 I dalvikvm-heap: Grow heap (frag case) to 11.362MB for 35056-byte allocation
07-10 08:58:49.341  5873  5907 D dalvikvm: GC_FOR_ALLOC freed <1K, 10% free 11563K/12807K, paused 23ms
07-10 08:58:49.376  5873  5873 D dalvikvm: GC_FOR_ALLOC freed <1K, 10% free 11599K/12807K, paused 22ms
07-10 08:58:49.376  5873  5873 I dalvikvm-heap: Grow heap (frag case) to 11.429MB for 35056-byte allocation
07-10 08:58:49.407  5873  5907 D dalvikvm: GC_FOR_ALLOC freed <1K, 10% free 11633K/12871K, paused 21ms
07-10 08:58:49.450  5873  5873 D dalvikvm: GC_FOR_ALLOC freed <1K, 10% free 11669K/12871K, paused 26ms
07-10 08:58:49.450  5873  5873 I dalvikvm-heap: Grow heap (frag case) to 11.498MB for 35056-byte allocation
07-10 08:58:49.481  5873  5907 D dalvikvm: GC_FOR_ALLOC freed <1K, 10% free 11703K/12935K, paused 21ms
07-10 08:59:02.923   144   385 I ActivityManager: Start proc mobi.mgeek.TunnyBrowser:DolphinNotification for service mobi.mgeek.TunnyBrowser/com.dolphin.browser.message.C2DMService: pid=6070 uid=10060 gids={3003, 1015, 1007}
07-10 08:59:02.966  6070  6070 I dalvikvm: Turning on JNI app bug workarounds for target SDK version 6...
07-10 08:59:03.185  6070  6070 D TraceLog: Browser.onCreate started.
07-10 08:59:03.185  6070  6070 V Browser : creating browser applicationmobi.mgeek.TunnyBrowser.Browser@41373918
07-10 08:59:03.185  6070  6070 V Browser : creating browser applicationmobi.mgeek.TunnyBrowser.Browser@41373918
07-10 08:59:03.204  6070  6071 D dalvikvm: GC_CONCURRENT freed 187K, 3% free 9348K/9607K, paused 2ms+3ms
07-10 08:59:03.306  6070  6070 I dalvikvm: Could not find method com.dolphin.browser.androidwebkit.MyWebView.getZoomButtonsController, referenced from method com.dolphin.browser.androidwebkit.MyWebView.hideZoomButtonsController
07-10 08:59:03.306  6070  6070 W dalvikvm: VFY: unable to resolve virtual method 12889: Lcom/dolphin/browser/androidwebkit/MyWebView;.getZoomButtonsController ()Landroid/widget/ZoomButtonsController;
07-10 08:59:03.306  6070  6070 D dalvikvm: VFY: replacing opcode 0x6e at 0x000a
07-10 08:59:09.923    81   128 D AudioHardware: AudioHardware pcm playback is exiting standby.
07-10 08:59:09.923    81   128 D AudioHardware: openPcmOut_l() mPcmOpenCnt: 0
07-10 08:59:10.548  5873  5873 E Web Console: Viewport argument value "device-width;" for key "width" not recognized. Content ignored. at http://mobile.washingtonpost.com/rss.jsp;jsessionid=917284E0D291B2F3142EE4278B41680F?rssid=863&item=http%3a%2f%2fwww.washingtonpost.com%2fnational%2fhealth-science%2fus-pushes-for-more-scientists-but-the-jobs-arent-there%2f2012%2f07%2f07%2fgJQAZJpQUW_mobile.mobile&cid=-1&page=1:6
07-10 08:59:10.548  5873  5873 V Web Console: Viewport argument value "1.0;" for key "initial-scale" was truncated to its numeric prefix. at http://mobile.washingtonpost.com/rss.jsp;jsessionid=917284E0D291B2F3142EE4278B41680F?rssid=863&item=http%3a%2f%2fwww.washingtonpost.com%2fnational%2fhealth-science%2fus-pushes-for-more-scientists-but-the-jobs-arent-there%2f2012%2f07%2f07%2fgJQAZJpQUW_mobile.mobile&cid=-1&page=1:6
07-10 08:59:10.548  5873  5873 V Web Console: Viewport argument value "1.0;" for key "maximum-scale" was truncated to its numeric prefix. at http://mobile.washingtonpost.com/rss.jsp;jsessionid=917284E0D291B2F3142EE4278B41680F?rssid=863&item=http%3a%2f%2fwww.washingtonpost.com%2fnational%2fhealth-science%2fus-pushes-for-more-scientists-but-the-jobs-arent-there%2f2012%2f07%2f07%2fgJQAZJpQUW_mobile.mobile&cid=-1&page=1:6
07-10 08:59:10.548  5873  5873 V Web Console: Viewport argument value "1.0;" for key "minimum-scale" was truncated to its numeric prefix. at http://mobile.washingtonpost.com/rss.jsp;jsessionid=917284E0D291B2F3142EE4278B41680F?rssid=863&item=http%3a%2f%2fwww.washingtonpost.com%2fnational%2fhealth-science%2fus-pushes-for-more-scientists-but-the-jobs-arent-there%2f2012%2f07%2f07%2fgJQAZJpQUW_mobile.mobile&cid=-1&page=1:6
07-10 08:59:13.017    81   128 D AudioHardware: AudioHardware pcm playback is going to standby.
07-10 08:59:13.017    81   128 D AudioHardware: closePcmOut_l() mPcmOpenCnt: 1
07-10 08:59:33.419  6070  6070 I Process : Sending signal. PID: 6070 SIG: 9
07-10 08:59:33.423   144  4494 I ActivityManager: Process mobi.mgeek.TunnyBrowser:DolphinNotification (pid 6070) has died.
07-10 08:59:40.903    81   128 D AudioHardware: AudioHardware pcm playback is exiting standby.
07-10 08:59:40.903    81   128 D AudioHardware: openPcmOut_l() mPcmOpenCnt: 0
07-10 08:59:42.091  5873  5873 E Web Console: Viewport argument value "device-width;" for key "width" not recognized. Content ignored. at http://mobile.washingtonpost.com/rss.jsp?rssid=863&item=http%3a%2f%2fwww.washingtonpost.com%2fnational%2fhealth-science%2fus-pushes-for-more-scientists-but-the-jobs-arent-there%2f2012%2f07%2f07%2fgJQAZJpQUW_mobile.mobile&cid=-1&page=2:6
07-10 08:59:42.091  5873  5873 V Web Console: Viewport argument value "1.0;" for key "initial-scale" was truncated to its numeric prefix. at http://mobile.washingtonpost.com/rss.jsp?rssid=863&item=http%3a%2f%2fwww.washingtonpost.com%2fnational%2fhealth-science%2fus-pushes-for-more-scientists-but-the-jobs-arent-there%2f2012%2f07%2f07%2fgJQAZJpQUW_mobile.mobile&cid=-1&page=2:6
07-10 08:59:42.091  5873  5873 V Web Console: Viewport argument value "1.0;" for key "maximum-scale" was truncated to its numeric prefix. at http://mobile.washingtonpost.com/rss.jsp?rssid=863&item=http%3a%2f%2fwww.washingtonpost.com%2fnational%2fhealth-science%2fus-pushes-for-more-scientists-but-the-jobs-arent-there%2f2012%2f07%2f07%2fgJQAZJpQUW_mobile.mobile&cid=-1&page=2:6
07-10 08:59:42.091  5873  5873 V Web Console: Viewport argument value "1.0;" for key "minimum-scale" was truncated to its numeric prefix. at http://mobile.washingtonpost.com/rss.jsp?rssid=863&item=http%3a%2f%2fwww.washingtonpost.com%2fnational%2fhealth-science%2fus-pushes-for-more-scientists-but-the-jobs-arent-there%2f2012%2f07%2f07%2fgJQAZJpQUW_mobile.mobile&cid=-1&page=2:6
07-10 08:59:43.997    81   128 D AudioHardware: AudioHardware pcm playback is going to standby.
07-10 08:59:43.997    81   128 D AudioHardware: closePcmOut_l() mPcmOpenCnt: 1
07-10 09:00:04.005    81   128 D AudioHardware: AudioHardware pcm playback is exiting standby.
07-10 09:00:04.005    81   128 D AudioHardware: openPcmOut_l() mPcmOpenCnt: 0
07-10 09:00:05.708  5873  5873 E Web Console: Viewport argument value "device-width;" for key "width" not recognized. Content ignored. at http://mobile.washingtonpost.com/rss.jsp?rssid=863&item=http%3a%2f%2fwww.washingtonpost.com%2fnational%2fhealth-science%2fus-pushes-for-more-scientists-but-the-jobs-arent-there%2f2012%2f07%2f07%2fgJQAZJpQUW_mobile.mobile&cid=-1&page=3:6
07-10 09:00:05.708  5873  5873 V Web Console: Viewport argument value "1.0;" for key "initial-scale" was truncated to its numeric prefix. at http://mobile.washingtonpost.com/rss.jsp?rssid=863&item=http%3a%2f%2fwww.washingtonpost.com%2fnational%2fhealth-science%2fus-pushes-for-more-scientists-but-the-jobs-arent-there%2f2012%2f07%2f07%2fgJQAZJpQUW_mobile.mobile&cid=-1&page=3:6
07-10 09:00:05.708  5873  5873 V Web Console: Viewport argument value "1.0;" for key "maximum-scale" was truncated to its numeric prefix. at http://mobile.washingtonpost.com/rss.jsp?rssid=863&item=http%3a%2f%2fwww.washingtonpost.com%2fnational%2fhealth-science%2fus-pushes-for-more-scientists-but-the-jobs-arent-there%2f2012%2f07%2f07%2fgJQAZJpQUW_mobile.mobile&cid=-1&page=3:6
07-10 09:00:05.708  5873  5873 V Web Console: Viewport argument value "1.0;" for key "minimum-scale" was truncated to its numeric prefix. at http://mobile.washingtonpost.com/rss.jsp?rssid=863&item=http%3a%2f%2fwww.washingtonpost.com%2fnational%2fhealth-science%2fus-pushes-for-more-scientists-but-the-jobs-arent-there%2f2012%2f07%2f07%2fgJQAZJpQUW_mobile.mobile&cid=-1&page=3:6
07-10 09:00:06.040  5873  5875 D dalvikvm: GC_CONCURRENT freed 577K, 9% free 11897K/12935K, paused 2ms+11ms
07-10 09:00:07.095    81   128 D AudioHardware: AudioHardware pcm playback is going to standby.
07-10 09:00:07.095    81   128 D AudioHardware: closePcmOut_l() mPcmOpenCnt: 1
07-10 09:00:24.243    81   128 D AudioHardware: AudioHardware pcm playback is exiting standby.
07-10 09:00:24.243    81   128 D AudioHardware: openPcmOut_l() mPcmOpenCnt: 0
07-10 09:00:25.571  5873  5873 E Web Console: Viewport argument value "device-width;" for key "width" not recognized. Content ignored. at http://mobile.washingtonpost.com/rss.jsp?rssid=863&item=http%3a%2f%2fwww.washingtonpost.com%2fnational%2fhealth-science%2fus-pushes-for-more-scientists-but-the-jobs-arent-there%2f2012%2f07%2f07%2fgJQAZJpQUW_mobile.mobile&cid=-1&page=4:6
07-10 09:00:25.571  5873  5873 V Web Console: Viewport argument value "1.0;" for key "initial-scale" was truncated to its numeric prefix. at http://mobile.washingtonpost.com/rss.jsp?rssid=863&item=http%3a%2f%2fwww.washingtonpost.com%2fnational%2fhealth-science%2fus-pushes-for-more-scientists-but-the-jobs-arent-there%2f2012%2f07%2f07%2fgJQAZJpQUW_mobile.mobile&cid=-1&page=4:6
07-10 09:00:25.571  5873  5873 V Web Console: Viewport argument value "1.0;" for key "maximum-scale" was truncated to its numeric prefix. at http://mobile.washingtonpost.com/rss.jsp?rssid=863&item=http%3a%2f%2fwww.washingtonpost.com%2fnational%2fhealth-science%2fus-pushes-for-more-scientists-but-the-jobs-arent-there%2f2012%2f07%2f07%2fgJQAZJpQUW_mobile.mobile&cid=-1&page=4:6
07-10 09:00:25.571  5873  5873 V Web Console: Viewport argument value "1.0;" for key "minimum-scale" was truncated to its numeric prefix. at http://mobile.washingtonpost.com/rss.jsp?rssid=863&item=http%3a%2f%2fwww.washingtonpost.com%2fnational%2fhealth-science%2fus-pushes-for-more-scientists-but-the-jobs-arent-there%2f2012%2f07%2f07%2fgJQAZJpQUW_mobile.mobile&cid=-1&page=4:6
07-10 09:00:27.337    81   128 D AudioHardware: AudioHardware pcm playback is going to standby.
07-10 09:00:27.337    81   128 D AudioHardware: closePcmOut_l() mPcmOpenCnt: 1
07-10 09:00:34.478  5824  5837 I PhoneLab-: Service Running
07-10 09:00:34.681  5824  5837 I PhoneLab-LoggerService: app_36    1287  1     1444   1004  c00f181c 400107b4 S logcat
07-10 09:00:34.681  5824  5837 I PhoneLab-LoggerService: Logcat pid from database 1287
07-10 09:00:34.681  5824  5837 I PhoneLab-LoggerService: Logcat process found 1287
07-10 09:00:34.681  5824  5837 I PhoneLab-LoggerService: Checking Threshold
07-10 09:00:34.688  5824  5837 I PhoneLab-LoggerService: Starting to rename files
07-10 09:00:34.688  5824  5837 I PhoneLab-LoggerService: Files found .. 2
07-10 09:00:48.513    81   128 D AudioHardware: AudioHardware pcm playback is exiting standby.
07-10 09:00:48.513    81   128 D AudioHardware: openPcmOut_l() mPcmOpenCnt: 0
07-10 09:00:49.208  5873  5873 E Web Console: Viewport argument value "device-width;" for key "width" not recognized. Content ignored. at http://mobile.washingtonpost.com/rss.jsp?rssid=863&item=http%3a%2f%2fwww.washingtonpost.com%2fnational%2fhealth-science%2fus-pushes-for-more-scientists-but-the-jobs-arent-there%2f2012%2f07%2f07%2fgJQAZJpQUW_mobile.mobile&cid=-1&page=5:6
07-10 09:00:49.212  5873  5873 V Web Console: Viewport argument value "1.0;" for key "initial-scale" was truncated to its numeric prefix. at http://mobile.washingtonpost.com/rss.jsp?rssid=863&item=http%3a%2f%2fwww.washingtonpost.com%2fnational%2fhealth-science%2fus-pushes-for-more-scientists-but-the-jobs-arent-there%2f2012%2f07%2f07%2fgJQAZJpQUW_mobile.mobile&cid=-1&page=5:6
07-10 09:00:49.212  5873  5873 V Web Console: Viewport argument value "1.0;" for key "maximum-scale" was truncated to its numeric prefix. at http://mobile.washingtonpost.com/rss.jsp?rssid=863&item=http%3a%2f%2fwww.washingtonpost.com%2fnational%2fhealth-science%2fus-pushes-for-more-scientists-but-the-jobs-arent-there%2f2012%2f07%2f07%2fgJQAZJpQUW_mobile.mobile&cid=-1&page=5:6
07-10 09:00:49.212  5873  5873 V Web Console: Viewport argument value "1.0;" for key "minimum-scale" was truncated to its numeric prefix. at http://mobile.washingtonpost.com/rss.jsp?rssid=863&item=http%3a%2f%2fwww.washingtonpost.com%2fnational%2fhealth-science%2fus-pushes-for-more-scientists-but-the-jobs-arent-there%2f2012%2f07%2f07%2fgJQAZJpQUW_mobile.mobile&cid=-1&page=5:6
07-10 09:00:51.606    81   128 D AudioHardware: AudioHardware pcm playback is going to standby.
07-10 09:00:51.606    81   128 D AudioHardware: closePcmOut_l() mPcmOpenCnt: 1
07-10 09:01:00.048  1096  1096 D OpenGLRenderer: Flushing caches (mode 2)
07-10 09:01:00.048  1096  1096 D OpenGLRenderer: Flushing caches (mode 0)
07-10 09:01:00.048  1096  1096 W ManagedEGLContext: doTerminate failed: EGL count is 2 but managed count is 1
07-10 09:01:02.040  5873  5894 D NetworkRequestUtil/ConstructEventRequestPath: /__utm.gif?utmwv=4.5ma&utmn=1357621545&utmt=event&utme=5(launch*launch*mobi.mgeek.TunnyBrowser)(1)&utmcs=UTF-8&utmsr=480x800&utmul=en-US&utmac=UA-26514344-1&utmcc=__utma%3D999.2129450661.1341348691.1341867528.1341925082.28
07-10 09:01:02.739  5873  5880 I dalvikvm: Jit: resizing JitTable from 4096 to 8192
07-10 09:01:02.829  5873  5875 D dalvikvm: GC_CONCURRENT freed 767K, 8% free 11960K/12935K, paused 2ms+5ms
07-10 09:01:04.575  1096  1099 D dalvikvm: GC_CONCURRENT freed 1280K, 11% free 13427K/14983K, paused 3ms+15ms
07-10 09:01:20.642    81   128 D AudioHardware: AudioHardware pcm playback is exiting standby.
07-10 09:01:20.642    81   128 D AudioHardware: openPcmOut_l() mPcmOpenCnt: 0
07-10 09:01:22.626  5873  5873 E Web Console: Viewport argument value "device-width;" for key "width" not recognized. Content ignored. at http://mobile.washingtonpost.com/rss.jsp?rssid=863&item=http%3a%2f%2fwww.washingtonpost.com%2fnational%2fhealth-science%2fus-pushes-for-more-scientists-but-the-jobs-arent-there%2f2012%2f07%2f07%2fgJQAZJpQUW_mobile.mobile&cid=-1&page=6:6
07-10 09:01:22.626  5873  5873 V Web Console: Viewport argument value "1.0;" for key "initial-scale" was truncated to its numeric prefix. at http://mobile.washingtonpost.com/rss.jsp?rssid=863&item=http%3a%2f%2fwww.washingtonpost.com%2fnational%2fhealth-science%2fus-pushes-for-more-scientists-but-the-jobs-arent-there%2f2012%2f07%2f07%2fgJQAZJpQUW_mobile.mobile&cid=-1&page=6:6
07-10 09:01:22.626  5873  5873 V Web Console: Viewport argument value "1.0;" for key "maximum-scale" was truncated to its numeric prefix. at http://mobile.washingtonpost.com/rss.jsp?rssid=863&item=http%3a%2f%2fwww.washingtonpost.com%2fnational%2fhealth-science%2fus-pushes-for-more-scientists-but-the-jobs-arent-there%2f2012%2f07%2f07%2fgJQAZJpQUW_mobile.mobile&cid=-1&page=6:6
07-10 09:01:22.626  5873  5873 V Web Console: Viewport argument value "1.0;" for key "minimum-scale" was truncated to its numeric prefix. at http://mobile.washingtonpost.com/rss.jsp?rssid=863&item=http%3a%2f%2fwww.washingtonpost.com%2fnational%2fhealth-science%2fus-pushes-for-more-scientists-but-the-jobs-arent-there%2f2012%2f07%2f07%2fgJQAZJpQUW_mobile.mobile&cid=-1&page=6:6
07-10 09:01:23.731    81   128 D AudioHardware: AudioHardware pcm playback is going to standby.
07-10 09:01:23.731    81   128 D AudioHardware: closePcmOut_l() mPcmOpenCnt: 1
07-10 09:01:42.923    81   128 D AudioHardware: AudioHardware pcm playback is exiting standby.
07-10 09:01:42.923    81   128 D AudioHardware: openPcmOut_l() mPcmOpenCnt: 0
07-10 09:01:43.528  5873  5873 E Web Console: Viewport argument value "device-width;" for key "width" not recognized. Content ignored. at http://mobile.washingtonpost.com/rss.jsp?rssid=863&item=http%3a%2f%2fwww.washingtonpost.com%2fnational%2fhealth-science%2fus-pushes-for-more-scientists-but-the-jobs-arent-there%2f2012%2f07%2f07%2fgJQAZJpQUW_mobile.mobile&cid=-1&page=7:6
07-10 09:01:43.528  5873  5873 V Web Console: Viewport argument value "1.0;" for key "initial-scale" was truncated to its numeric prefix. at http://mobile.washingtonpost.com/rss.jsp?rssid=863&item=http%3a%2f%2fwww.washingtonpost.com%2fnational%2fhealth-science%2fus-pushes-for-more-scientists-but-the-jobs-arent-there%2f2012%2f07%2f07%2fgJQAZJpQUW_mobile.mobile&cid=-1&page=7:6
07-10 09:01:43.528  5873  5873 V Web Console: Viewport argument value "1.0;" for key "maximum-scale" was truncated to its numeric prefix. at http://mobile.washingtonpost.com/rss.jsp?rssid=863&item=http%3a%2f%2fwww.washingtonpost.com%2fnational%2fhealth-science%2fus-pushes-for-more-scientists-but-the-jobs-arent-there%2f2012%2f07%2f07%2fgJQAZJpQUW_mobile.mobile&cid=-1&page=7:6
07-10 09:01:43.528  5873  5873 V Web Console: Viewport argument value "1.0;" for key "minimum-scale" was truncated to its numeric prefix. at http://mobile.washingtonpost.com/rss.jsp?rssid=863&item=http%3a%2f%2fwww.washingtonpost.com%2fnational%2fhealth-science%2fus-pushes-for-more-scientists-but-the-jobs-arent-there%2f2012%2f07%2f07%2fgJQAZJpQUW_mobile.mobile&cid=-1&page=7:6
07-10 09:01:46.017    81   128 D AudioHardware: AudioHardware pcm playback is going to standby.
07-10 09:01:46.017    81   128 D AudioHardware: closePcmOut_l() mPcmOpenCnt: 1
07-10 09:01:52.669    81   128 D AudioHardware: AudioHardware pcm playback is exiting standby.
07-10 09:01:52.669    81   128 D AudioHardware: openPcmOut_l() mPcmOpenCnt: 0
07-10 09:01:53.177  5873  5873 E Web Console: Viewport argument value "device-width;" for key "width" not recognized. Content ignored. at http://mobile.washingtonpost.com/rss.jsp?rssid=863&item=http%3a%2f%2fwww.washingtonpost.com%2fnational%2fhealth-science%2fus-pushes-for-more-scientists-but-the-jobs-arent-there%2f2012%2f07%2f07%2fgJQAZJpQUW_mobile.mobile&cid=-1&page=8:6
07-10 09:01:53.177  5873  5873 V Web Console: Viewport argument value "1.0;" for key "initial-scale" was truncated to its numeric prefix. at http://mobile.washingtonpost.com/rss.jsp?rssid=863&item=http%3a%2f%2fwww.washingtonpost.com%2fnational%2fhealth-science%2fus-pushes-for-more-scientists-but-the-jobs-arent-there%2f2012%2f07%2f07%2fgJQAZJpQUW_mobile.mobile&cid=-1&page=8:6
07-10 09:01:53.177  5873  5873 V Web Console: Viewport argument value "1.0;" for key "maximum-scale" was truncated to its numeric prefix. at http://mobile.washingtonpost.com/rss.jsp?rssid=863&item=http%3a%2f%2fwww.washingtonpost.com%2fnational%2fhealth-science%2fus-pushes-for-more-scientists-but-the-jobs-arent-there%2f2012%2f07%2f07%2fgJQAZJpQUW_mobile.mobile&cid=-1&page=8:6
07-10 09:01:53.181  5873  5873 V Web Console: Viewport argument value "1.0;" for key "minimum-scale" was truncated to its numeric prefix. at http://mobile.washingtonpost.com/rss.jsp?rssid=863&item=http%3a%2f%2fwww.washingtonpost.com%2fnational%2fhealth-science%2fus-pushes-for-more-scientists-but-the-jobs-arent-there%2f2012%2f07%2f07%2fgJQAZJpQUW_mobile.mobile&cid=-1&page=8:6
07-10 09:01:55.763    81   128 D AudioHardware: AudioHardware pcm playback is going to standby.
07-10 09:01:55.763    81   128 D AudioHardware: closePcmOut_l() mPcmOpenCnt: 1
07-10 09:02:06.231    81   128 D AudioHardware: AudioHardware pcm playback is exiting standby.
07-10 09:02:06.231    81   128 D AudioHardware: openPcmOut_l() mPcmOpenCnt: 0
07-10 09:02:06.935  5873  5873 E Web Console: Viewport argument value "device-width;" for key "width" not recognized. Content ignored. at http://mobile.washingtonpost.com/rss.jsp?rssid=863&item=http%3a%2f%2fwww.washingtonpost.com%2fnational%2fhealth-science%2fus-pushes-for-more-scientists-but-the-jobs-arent-there%2f2012%2f07%2f07%2fgJQAZJpQUW_mobile.mobile&cid=-1&page=9:6
07-10 09:02:06.935  5873  5873 V Web Console: Viewport argument value "1.0;" for key "initial-scale" was truncated to its numeric prefix. at http://mobile.washingtonpost.com/rss.jsp?rssid=863&item=http%3a%2f%2fwww.washingtonpost.com%2fnational%2fhealth-science%2fus-pushes-for-more-scientists-but-the-jobs-arent-there%2f2012%2f07%2f07%2fgJQAZJpQUW_mobile.mobile&cid=-1&page=9:6
07-10 09:02:06.935  5873  5873 V Web Console: Viewport argument value "1.0;" for key "maximum-scale" was truncated to its numeric prefix. at http://mobile.washingtonpost.com/rss.jsp?rssid=863&item=http%3a%2f%2fwww.washingtonpost.com%2fnational%2fhealth-science%2fus-pushes-for-more-scientists-but-the-jobs-arent-there%2f2012%2f07%2f07%2fgJQAZJpQUW_mobile.mobile&cid=-1&page=9:6
07-10 09:02:06.935  5873  5873 V Web Console: Viewport argument value "1.0;" for key "minimum-scale" was truncated to its numeric prefix. at http://mobile.washingtonpost.com/rss.jsp?rssid=863&item=http%3a%2f%2fwww.washingtonpost.com%2fnational%2fhealth-science%2fus-pushes-for-more-scientists-but-the-jobs-arent-there%2f2012%2f07%2f07%2fgJQAZJpQUW_mobile.mobile&cid=-1&page=9:6
07-10 09:02:08.067  5873  5875 D dalvikvm: GC_CONCURRENT freed 852K, 8% free 12026K/12999K, paused 3ms+5ms
07-10 09:02:09.325    81   128 D AudioHardware: AudioHardware pcm playback is going to standby.
07-10 09:02:09.325    81   128 D AudioHardware: closePcmOut_l() mPcmOpenCnt: 1
07-10 09:02:16.825   144   179 I ActivityManager: START {act=android.intent.action.MAIN cat=[android.intent.category.HOME] flg=0x10200000 cmp=com.android.launcher/com.android.launcher2.Launcher} from pid 144
07-10 09:02:17.110  5873  5873 D OpenGLRenderer: Flushing caches (mode 0)
07-10 09:02:17.165   390   390 W IInputConnectionWrapper: getExtractedText on inactive InputConnection
07-10 09:02:17.165   390   390 W IInputConnectionWrapper: getTextBeforeCursor on inactive InputConnection
07-10 09:02:17.169   390   390 W IInputConnectionWrapper: getTextAfterCursor on inactive InputConnection
07-10 09:02:17.169   390   390 W IInputConnectionWrapper: getExtractedText on inactive InputConnection
07-10 09:02:17.169   390   390 W IInputConnectionWrapper: getTextBeforeCursor on inactive InputConnection
07-10 09:02:17.169   390   390 W IInputConnectionWrapper: getTextAfterCursor on inactive InputConnection
07-10 09:02:17.173   390   390 W IInputConnectionWrapper: beginBatchEdit on inactive InputConnection
07-10 09:02:17.173   390   390 W IInputConnectionWrapper: endBatchEdit on inactive InputConnection
07-10 09:02:17.173   390   390 W IInputConnectionWrapper: getExtractedText on inactive InputConnection
07-10 09:02:17.173   390   390 W IInputConnectionWrapper: getTextBeforeCursor on inactive InputConnection
07-10 09:02:17.173   390   390 W IInputConnectionWrapper: getTextAfterCursor on inactive InputConnection
07-10 09:02:17.173   390   390 W IInputConnectionWrapper: beginBatchEdit on inactive InputConnection
07-10 09:02:17.181  5873  5873 D OpenGLRenderer: Flushing caches (mode 1)
07-10 09:02:17.192   390   390 W IInputConnectionWrapper: endBatchEdit on inactive InputConnection
07-10 09:02:17.192   390   390 W IInputConnectionWrapper: getExtractedText on inactive InputConnection
07-10 09:02:17.661  5873  5873 D OpenGLRenderer: Flushing caches (mode 2)
07-10 09:02:17.688  5873  5873 D OpenGLRenderer: Flushing caches (mode 0)
07-10 09:02:17.704  5873  5873 W ManagedEGLContext: doTerminate failed: EGL count is 2 but managed count is 1
07-10 09:02:19.251   144   171 I power   : *** set_screen_state 0
07-10 09:02:19.306    78   121 D SurfaceFlinger: About to give-up screen, flinger = 0x1e16918
07-10 09:02:19.431   144   175 V TransportControlView: Create TCV com.android.internal.widget.TransportControlView@413367e0
07-10 09:02:19.446   371  1474 D NfcService: NFC-C OFF, disconnect
07-10 09:02:19.544   144   146 D dalvikvm: GC_CONCURRENT freed 600K, 13% free 15595K/17799K, paused 13ms+11ms
07-10 09:02:19.560   144   175 I ActivityManager: Start proc com.google.android.gsf.login for service com.google.android.gsf.login/com.google.android.gsf.loginservice.GoogleLoginService: pid=6111 uid=10009 gids={3003, 1015, 1007, 2001, 3006}
07-10 09:02:19.567   214   214 D PhoneStatusBar: disable: < expand icons alerts ticker system_info back home RECENT* clock >
07-10 09:02:19.599   214   214 D PhoneStatusBar: disable: < expand icons alerts ticker system_info BACK* HOME* RECENT CLOCK* >
07-10 09:02:20.208   275   278 D dalvikvm: GC_CONCURRENT freed 381K, 7% free 10216K/10887K, paused 11ms+3ms
07-10 09:03:33.343  5824  5837 I PhoneLab-: Service Running
07-10 09:03:33.429  5824  5837 I PhoneLab-LoggerService: app_36    1287  1     1444   1004  c00f181c 400107b4 S logcat
07-10 09:03:33.429  5824  5837 I PhoneLab-LoggerService: Logcat pid from database 1287
07-10 09:03:33.429  5824  5837 I PhoneLab-LoggerService: Logcat process found 1287
07-10 09:03:33.429  5824  5837 I PhoneLab-LoggerService: Checking Threshold
07-10 09:03:33.433  5824  5837 I PhoneLab-LoggerService: Starting to rename files
07-10 09:03:33.433  5824  5837 I PhoneLab-LoggerService: Files found .. 2
07-10 09:03:44.082   285   285 E wpa_supplicant: ioctl[SIOCSIWPRIV] (cscan): -1
07-10 09:03:44.082   285   285 W wpa_supplicant: wlan0: Failed to initiate AP scan
07-10 09:04:17.281  5824  5824 I PhoneLab-Locks: wake lock acquired
07-10 09:04:17.293  5824  6131 I PhoneLab-PeriodicCheckService: User info is synched
07-10 09:04:17.296  5824  6131 I PhoneLab-PeriodicCheckService: Logger Service is running
07-10 09:04:17.304  5824  5824 I PhoneLab-Locks: wake lock acquired
07-10 09:04:17.308  5824  5824 I PhoneLab-StatusMonitor: Status Monitoring is started
07-10 09:04:17.308  5824  6131 I PhoneLab-Locks: wake lock acquired
07-10 09:04:17.316  5824  6131 I PhoneLab-PeriodicCheckService: Rescheduling periodic checking...
07-10 09:04:17.316  5824  6131 I PhoneLab-Locks: wake lock released
07-10 09:04:17.332  5824  5824 E PhoneLab-PhoneLabManifest: java.io.FileNotFoundException: /data/data/edu.buffalo.cse.phonelab.phonelabservices/files/manifest.xml: open failed: ENOENT (No such file or directory)
07-10 09:04:17.375  5824  5824 I PhoneLab-Locks: wake lock released
07-10 09:04:17.375  5824  5824 I PhoneLab-UploadLogs: Transfering log files now
07-10 09:04:17.425  5824  5826 D dalvikvm: GC_CONCURRENT freed 398K, 6% free 9089K/9607K, paused 2ms+1ms
07-10 09:04:17.531  5824  5824 D dalvikvm: GC_FOR_ALLOC freed 330K, 5% free 9200K/9671K, paused 14ms
07-10 09:04:17.546  5824  5824 D dalvikvm: GC_FOR_ALLOC freed 56K, 6% free 9264K/9799K, paused 14ms
07-10 09:04:17.546  5824  5824 I dalvikvm-heap: Grow heap (frag case) to 9.358MB for 254548-byte allocation
07-10 09:04:17.558  5824  5824 D dalvikvm: GC_FOR_ALLOC freed 120K, 7% free 9392K/10055K, paused 12ms
07-10 09:04:17.558  5824  5824 I dalvikvm-heap: Grow heap (frag case) to 9.733MB for 516692-byte allocation
07-10 09:04:17.589  5824  5826 D dalvikvm: GC_CONCURRENT freed 248K, 9% free 9647K/10567K, paused 2ms+1ms
07-10 09:04:17.597  5824  5824 I PhoneLab-UploadLogs: OnStartCommand
07-10 09:04:19.832  5824  6133 D dalvikvm: GC_FOR_ALLOC freed 383K, 9% free 9631K/10567K, paused 24ms
07-10 09:04:19.863  5824  6133 D dalvikvm: GC_FOR_ALLOC freed 301K, 9% free 9632K/10567K, paused 23ms
07-10 09:04:19.890  5824  6133 D dalvikvm: GC_FOR_ALLOC freed 301K, 9% free 9638K/10567K, paused 25ms
07-10 09:04:21.546   214   216 D dalvikvm: GC_CONCURRENT freed 202K, 13% free 9946K/11335K, paused 3ms+2ms
07-10 09:04:21.628   214   216 D dalvikvm: GC_CONCURRENT freed 506K, 13% free 9869K/11335K, paused 2ms+2ms
07-10 09:04:21.691  4781  4784 D dalvikvm: GC_CONCURRENT freed 333K, 11% free 10349K/11591K, paused 2ms+14ms
07-10 09:04:24.511   214   216 D dalvikvm: GC_CONCURRENT freed 384K, 13% free 9931K/11335K, paused 1ms+2ms
07-10 09:04:32.609  5824  5824 I PhoneLab-: 1341924349769.log is deleted
07-10 09:04:32.609  5824  5824 I PhoneLab-: Response: {"data": "done", "err": ""}
07-10 09:04:32.613  5824  5824 I PhoneLab-UploadLogs: No log files to transfer
07-10 09:04:32.613  5824  5824 I PhoneLab-Locks: wake lock released
07-10 09:05:34.488   144   144 D AlarmManagerService: Kernel timezone updated to 240 minutes west of GMT
07-10 09:05:34.492   358   358 D SystemClock: Setting time of day to sec=1341925535
07-10 09:05:35.042   144   161 I ActivityManager: Start proc com.android.calendar for broadcast com.android.calendar/.widget.CalendarAppWidgetService$CalendarFactory: pid=6136 uid=10005 gids={3003}
07-10 09:05:35.116  6136  6136 I ActivityThread: Pub com.android.calendar.CalendarRecentSuggestionsProvider: com.android.calendar.CalendarRecentSuggestionsProvider
07-10 09:05:35.198   144   155 I ActivityManager: Start proc com.android.deskclock for broadcast com.android.deskclock/.AlarmInitReceiver: pid=6152 uid=10011 gids={}
07-10 09:05:35.276   144   427 I ActivityManager: Start proc com.android.providers.calendar for content provider com.android.providers.calendar/.CalendarProvider2: pid=6165 uid=10006 gids={3003, 1015}
07-10 09:05:35.323    79    79 D dalvikvm: GC_EXPLICIT freed 37K, 4% free 9031K/9347K, paused 2ms+6ms
07-10 09:05:35.370    79    79 D dalvikvm: GC_EXPLICIT freed <1K, 4% free 9031K/9347K, paused 2ms+2ms
07-10 09:05:35.417    79    79 D dalvikvm: GC_EXPLICIT freed <1K, 4% free 9031K/9347K, paused 2ms+2ms
07-10 09:05:35.475  6152  6152 I ActivityThread: Pub com.android.deskclock: com.android.deskclock.AlarmProvider
07-10 09:05:35.511  6165  6165 I ActivityThread: Pub com.android.calendar: com.android.providers.calendar.CalendarProvider2
07-10 09:05:35.741  6152  6178 V AlarmClock: AlarmInitReceiver finished
07-10 09:05:35.823   275   411 D dalvikvm: GC_EXPLICIT freed 131K, 7% free 10218K/10887K, paused 2ms+6ms
07-10 09:05:35.893  5873  5873 D OpenGLRenderer: Flushing caches (mode 2)
07-10 09:05:35.893  5873  5873 D OpenGLRenderer: Flushing caches (mode 0)
07-10 09:05:35.893  5873  5873 W ManagedEGLContext: doTerminate failed: EGL count is 2 but managed count is 1
07-10 09:05:35.893  1096  1096 D OpenGLRenderer: Flushing caches (mode 2)
07-10 09:05:35.893  1096  1096 D OpenGLRenderer: Flushing caches (mode 0)
07-10 09:05:35.893  1096  1096 W ManagedEGLContext: doTerminate failed: EGL count is 2 but managed count is 1
07-10 09:05:35.897   275   789 I EventLogService: Aggregate from 1341923734563 (log), 1341923734563 (data)
07-10 09:05:35.960  5873  5873 D OpenGLRenderer: Flushing caches (mode 2)
07-10 09:05:35.960  5873  5873 D OpenGLRenderer: Flushing caches (mode 0)
07-10 09:05:35.960  5873  5873 W ManagedEGLContext: doTerminate failed: EGL count is 2 but managed count is 1
07-10 09:05:35.964  1096  1096 D OpenGLRenderer: Flushing caches (mode 2)
07-10 09:05:35.964  1096  1096 D OpenGLRenderer: Flushing caches (mode 0)
07-10 09:05:35.964  1096  1096 W ManagedEGLContext: doTerminate failed: EGL count is 2 but managed count is 1
07-10 09:05:36.237   285   285 E wpa_supplicant: ioctl[SIOCSIWPRIV] (cscan): -1
07-10 09:05:36.237   285   285 W wpa_supplicant: wlan0: Failed to initiate AP scan
07-10 09:05:38.027  6165  6165 I CalendarProvider2: Sending notification intent: Intent { act=android.intent.action.PROVIDER_CHANGED dat=content://com.android.calendar }
07-10 09:05:38.046  6165  6165 W ContentResolver: Failed to get type for: content://com.android.calendar (Unknown URL content://com.android.calendar)
07-10 09:06:26.941  5873  5873 D OpenGLRenderer: Flushing caches (mode 2)
07-10 09:06:26.941  5873  5873 D OpenGLRenderer: Flushing caches (mode 0)
07-10 09:06:26.941  5873  5873 W ManagedEGLContext: doTerminate failed: EGL count is 2 but managed count is 1
07-10 09:06:27.011   358   361 D dalvikvm: GC_CONCURRENT freed 831K, 10% free 11916K/13127K, paused 2ms+12ms
07-10 09:07:05.254  5873  5873 D OpenGLRenderer: Flushing caches (mode 2)
07-10 09:07:05.257  5873  5873 D OpenGLRenderer: Flushing caches (mode 0)
07-10 09:07:05.257  5873  5873 W ManagedEGLContext: doTerminate failed: EGL count is 2 but managed count is 1
07-10 09:07:06.535   285   285 I wpa_supplicant: wlan0: Trying to associate with c4:3d:c7:a7:ad:c9 (SSID='blue' freq=2417 MHz)
07-10 09:07:06.687   285   285 I wpa_supplicant: wlan0: Associated with c4:3d:c7:a7:ad:c9
07-10 09:07:13.031   285   285 I wpa_supplicant: wlan0: WPA: Key negotiation completed with c4:3d:c7:a7:ad:c9 [PTK=CCMP GTK=CCMP]
07-10 09:07:13.031   285   285 I wpa_supplicant: wlan0: CTRL-EVENT-CONNECTED - Connection to c4:3d:c7:a7:ad:c9 completed (reauth) [id=0 id_str=]
07-10 09:07:35.414   144   198 D DhcpInfoInternal: makeLinkProperties with empty dns2!
07-10 09:07:35.414   144   198 D DhcpInfoInternal: makeLinkProperties with empty dns2!
07-10 09:07:35.422   144   200 D ConnectivityService: ConnectivityChange for WIFI: CONNECTED/CONNECTED
07-10 09:07:35.429  5824  5824 I PhoneLab-WiFiReceiver: Wi-Fi is connected!
07-10 09:07:35.441   144   200 D ConnectivityService: Policy requires mobile teardown
07-10 09:07:35.500  5824  5824 I PhoneLab-WiFiReceiver: SSID: blue BSSID: c4:3d:c7:a7:ad:c9 RSSI: -200 LinkSpeed: -1
07-10 09:07:35.500  5824  5824 I PhoneLab-Locks: wake lock acquired
07-10 09:07:35.507  5824  5824 I PhoneLab-UploadLogs: Transfering log files now
07-10 09:07:35.507  5824  5824 I PhoneLab-UploadLogs: No log files to transfer
07-10 09:07:35.507  5824  5824 I PhoneLab-Locks: wake lock released
07-10 09:07:35.519  5824  5824 I PhoneLab-UploadLogs: OnStartCommand
07-10 09:07:35.543   144   200 D ConnectivityService: ConnectivityChange for mobile: DISCONNECTED/DISCONNECTED
07-10 09:07:35.543   144   200 D ConnectivityService: Attempting to switch to WIFI
07-10 09:07:35.543   144   200 D ConnectivityService: Attempting to switch to WIMAX
07-10 09:07:35.543   144   200 D ConnectivityService: Attempting to switch to BLUETOOTH_TETHER
07-10 09:07:35.558   144   200 D NetUtils: android_net_utils_resetConnections in env=0x7913f0 clazz=0x3f000001 iface=rmnet0 mask=0x3
07-10 09:07:35.558   144   200 D ConnectivityService: resetConnections(rmnet0, 3)
07-10 09:07:35.574   144   195 W NetworkStats: dropping UID delta from unknown iface: iface=wlan0 uid=0 set=DEFAULT tag=0x0 rxBytes=515 rxPackets=2 txBytes=328 txPackets=5 operations=0
07-10 09:07:35.586   144   344 D AlarmManagerService: Kernel timezone updated to 240 minutes west of GMT
07-10 09:07:35.660   214   216 D dalvikvm: GC_CONCURRENT freed 580K, 14% free 9776K/11335K, paused 2ms+5ms
07-10 09:07:35.777   144   146 D dalvikvm: GC_CONCURRENT freed 1505K, 12% free 15694K/17799K, paused 7ms+7ms
07-10 09:07:35.875   275  5116 W Smack/Packet: notify conn break (IOEx), close connection
07-10 09:07:36.035   275  5116 I qtaguid : Failed write_ctrl(u 72) res=-1 errno=22
07-10 09:07:36.035   275  5116 I qtaguid : Untagging socket 72 failed errno=-22
07-10 09:07:36.035   275  5116 W NetworkManagementSocketTagger: untagSocket(72) failed with errno -22
07-10 09:07:36.070   144   200 D ConnectivityService: handleInetConditionChange: net=0 != default=1 - ignore
07-10 09:07:41.507   144   204 D Tethering: MasterInitialState.processMessage what=3
07-10 09:07:41.527   144   161 I ActivityManager: Start proc android.process.media for broadcast com.android.providers.downloads/.DownloadReceiver: pid=6218 uid=10012 gids={1015, 1023, 1024, 2001, 3003, 3007}
07-10 09:07:41.570   275   275 I GTalkService/c: [AndroidEndpoint@1094468456] connect: acct=1000000, state=CONNECTING
07-10 09:07:41.578   144   204 D Tethering: MasterInitialState.processMessage what=3
07-10 09:07:41.582   144   204 D Tethering: MasterInitialState.processMessage what=3
07-10 09:07:41.589  6218  6218 I ActivityThread: Pub media: com.android.providers.media.MediaProvider
07-10 09:07:42.281  6218  6218 I ActivityThread: Pub downloads: com.android.providers.downloads.DownloadProvider
07-10 09:07:42.304  6218  6218 I ActivityThread: Pub drm: com.android.providers.drm.DrmProvider
07-10 09:07:42.304  6218  6237 I DownloadManager: in removeSpuriousFiles
07-10 09:07:42.343  6218  6237 I DownloadManager: in removeSpuriousFiles, preserving file /data/data/com.android.providers.downloads/cache/metadata.json
07-10 09:07:42.343  6218  6237 I DownloadManager: in removeSpuriousFiles, preserving file /data/data/com.android.providers.downloads/cache/en_general.htm
07-10 09:07:42.343  6218  6237 I DownloadManager: in removeSpuriousFiles, preserving file /data/data/com.android.providers.downloads/cache/metadata-1.json
07-10 09:07:42.343  6218  6237 I DownloadManager: in removeSpuriousFiles, preserving file /data/data/com.android.providers.downloads/cache/downloadfile.txt
07-10 09:07:42.347  6218  6220 D dalvikvm: GC_CONCURRENT freed 367K, 5% free 9169K/9607K, paused 2ms+6ms
07-10 09:07:42.347  6218  6237 I DownloadManager: deleting spurious file /cache/backup
07-10 09:07:42.367   144   344 I ActivityManager: Start proc com.google.android.gallery3d for broadcast com.google.android.gallery3d/com.google.android.picasasync.ConnectivityReceiver: pid=6238 uid=10016 gids={3003, 1015}
07-10 09:07:42.507  6238  6238 I ActivityThread: Pub com.google.android.gallery3d.GooglePhotoProvider: com.google.android.picasasync.PicasaContentProvider
07-10 09:07:42.625  6238  6240 D dalvikvm: GC_CONCURRENT freed 418K, 6% free 9118K/9607K, paused 20ms+2ms
07-10 09:07:42.656  6238  6238 I ActivityThread: Pub com.google.android.gallery3d.provider: com.android.gallery3d.provider.GalleryProvider
07-10 09:07:42.742  6238  6240 D dalvikvm: GC_CONCURRENT freed 395K, 6% free 9188K/9671K, paused 2ms+7ms
07-10 09:07:42.769  6238  6238 D UploadsManager: load newPhotoTracker: null
07-10 09:07:42.769  6238  6238 D UploadsManager: load all accounts: null
07-10 09:07:42.769  6238  6238 D UploadsManager: load all account-album pairs: null
07-10 09:07:42.769  6238  6238 V PicasaContentProvider: querySettings: defaults: {sync_on_wifi_only=1, auto_upload_account_type=null, sync_on_battery=1, sync_picasa_on_wifi_only=1, auto_upload_enabled=0, video_upload_wifi_only=1, sync_on_roaming=0, auto_upload_account_name=null}
07-10 09:07:42.777  6238  6238 D UploadsManager:    settings not changed
07-10 09:07:42.828  6238  6253 D PicasaSync: sync account database
07-10 09:07:42.839   144   344 I ActivityManager: Start proc com.google.android.apps.uploader for broadcast com.google.android.apps.uploader/.ConnectivityBroadcastReceiver: pid=6255 uid=10029 gids={3003}
07-10 09:07:42.847  6255  6255 I dalvikvm: Turning on JNI app bug workarounds for target SDK version 11...
07-10 09:07:42.918  6255  6255 I ActivityThread: Pub com.google.android.apps.uploader: com.google.android.apps.uploader.UploadsContentProvider
07-10 09:07:42.921  6255  6255 I ActivityThread: Pub com.google.photos.provider.Album: com.google.android.apps.uploader.clients.picasa.AlbumProvider
07-10 09:07:43.019   144   427 D dalvikvm: GC_EXPLICIT freed 729K, 13% free 15648K/17799K, paused 6ms+9ms
07-10 09:07:43.023  6255  6255 D MediaUploader: UploaderApplication.onCreate
07-10 09:07:43.074  6255  6255 D MediaUploader: nonWifiLimit=20971520, default=20971520
07-10 09:07:43.078  6255  6255 I MediaUploader: No need to wake up
07-10 09:07:43.109  6238  6253 D PicasaSync: accounts in DB=1
07-10 09:07:43.140   144   156 I ActivityManager: Start proc com.google.android.apps.docs for broadcast com.google.android.apps.docs/.receivers.NetworkChangeReceiver: pid=6271 uid=10057 gids={3003, 1015, 1006}
07-10 09:07:43.152  6238  6253 V PicasaContentProvider: querySettings: defaults: {sync_on_wifi_only=1, auto_upload_account_type=null, sync_on_battery=1, sync_picasa_on_wifi_only=1, auto_upload_enabled=0, video_upload_wifi_only=1, sync_on_roaming=0, auto_upload_account_name=null}
07-10 09:07:43.246  6238  6253 D PicasaSyncManager: active network: NetworkInfo: type: WIFI[], state: CONNECTED/CONNECTED, reason: (unspecified), extra: (none), roaming: false, failover: false, isAvailable: true
07-10 09:07:43.250  6238  6253 D PicasaSyncManager: background data: true
07-10 09:07:43.328  6271  6271 I PackageInfoHelper: Provided clientMode=RELEASE, packageInfo=PackageInfo{4134d070 com.google.android.apps.docs}
07-10 09:07:43.328  6271  6271 I ActivityThread: Pub com.google.android.apps.docs.files: com.google.android.apps.docs.sync.filemanager.FileProvider
07-10 09:07:43.336  6271  6271 I ActivityThread: Pub com.google.android.apps.docs: com.google.android.apps.docs.providers.DocListProvider
07-10 09:07:43.480  6271  6273 D dalvikvm: GC_CONCURRENT freed 251K, 4% free 9284K/9607K, paused 2ms+2ms
07-10 09:07:43.597  6271  6273 D dalvikvm: GC_CONCURRENT freed 502K, 6% free 9352K/9927K, paused 2ms+2ms
07-10 09:07:43.691  6271  6273 D dalvikvm: GC_CONCURRENT freed 530K, 7% free 9387K/9991K, paused 2ms+3ms
07-10 09:07:43.765  6271  6273 D dalvikvm: GC_CONCURRENT freed 483K, 6% free 9416K/9991K, paused 2ms+2ms
07-10 09:07:43.808   144   427 I ActivityManager: Process android.process.acore (pid 6035) has died.
07-10 09:07:43.812   144   308 D CountryDetector: No listener is left
07-10 09:07:43.871  6271  6273 D dalvikvm: GC_CONCURRENT freed 526K, 6% free 9454K/10055K, paused 1ms+3ms
07-10 09:07:43.925  6238  6253 D PicasaSyncManager: battery info: false
07-10 09:07:44.004  6271  6273 D dalvikvm: GC_CONCURRENT freed 445K, 6% free 9521K/10055K, paused 1ms+2ms
07-10 09:07:44.156  6271  6273 D dalvikvm: GC_CONCURRENT freed 371K, 5% free 9677K/10119K, paused 1ms+2ms
07-10 09:07:44.199  6271  6271 D ContextScopeImpl: in ContextScope.getContextOrDefault for thread=1
07-10 09:07:44.199  6271  6271 D ContextScopeImpl: returning application context for thread=1
07-10 09:07:44.222  6271  6271 I FeatureCheckerImpl: Configured disabled features: []
07-10 09:07:44.222  6271  6271 D ContextScopeImpl: in ContextScope.getContextOrDefault for thread=1
07-10 09:07:44.222  6271  6271 D ContextScopeImpl: returning application context for thread=1
07-10 09:07:44.246  6271  6271 D ContextScopeImpl: in ContextScope.enter for thread=1
07-10 09:07:44.246  6271  6271 W ContextScopeImpl: thread=1 tried to enter the scope of the application context. Ignored.
07-10 09:07:44.246  6271  6271 D ContextScopeImpl: in ContextScope.getContextOrDefault for thread=1
07-10 09:07:44.250  6271  6271 D ContextScopeImpl: returning application context for thread=1
07-10 09:07:44.250  6271  6271 D DocListDatabase: openHelper points on new database: DocList.db
07-10 09:07:44.250  6271  6271 I ActivityThread: Pub com.google.android.apps.docs.doclist.search_suggest: com.google.android.apps.docs.doclist.DocListGlobalSearchSuggestionProvider
07-10 09:07:44.254  6271  6271 D ContextScopeImpl: in ContextScope.enter for thread=1
07-10 09:07:44.254  6271  6271 W ContextScopeImpl: thread=1 tried to enter the scope of the application context. Ignored.
07-10 09:07:44.254  6271  6271 D DocListDatabase: in openWriteDatabase
07-10 09:07:44.265  6271  6271 I ActivityThread: Pub com.google.android.apps.docs.doclist.account_suggest: com.google.android.apps.docs.doclist.DocListAccountSuggestionProvider
07-10 09:07:44.273  6271  6271 D ContextScopeImpl: in ContextScope.enter for thread=1
07-10 09:07:44.273  6271  6271 W ContextScopeImpl: thread=1 tried to enter the scope of the application context. Ignored.
07-10 09:07:44.277  6271  6271 W ContextScopeImpl: thread=1 tried to enter the scope of the application context. Ignored.
07-10 09:07:44.289  6271  6284 W ContextScopeImpl: thread=318 tried to enter the scope of the application context. Ignored.
07-10 09:07:44.343  6271  6273 D dalvikvm: GC_CONCURRENT freed 373K, 5% free 9810K/10311K, paused 16ms+5ms
07-10 09:07:44.359  6271  6271 W ContextScopeImpl: thread=1 tried to enter the scope of the application context. Ignored.
07-10 09:07:44.441  6255  6255 I MediaUploader: No need to wake up
07-10 09:07:44.457  6271  6271 W ContextScopeImpl: thread=1 tried to enter the scope of the application context. Ignored.
07-10 09:07:44.464  6238  6253 D PicasaSyncManager: active network: NetworkInfo: type: WIFI[], state: CONNECTED/CONNECTED, reason: (unspecified), extra: (none), roaming: false, failover: false, isAvailable: true
07-10 09:07:44.504  6238  6253 D PicasaSyncManager: background data: true
07-10 09:07:44.511  6238  6253 D PicasaSyncManager: active network: NetworkInfo: type: WIFI[], state: CONNECTED/CONNECTED, reason: (unspecified), extra: (none), roaming: false, failover: false, isAvailable: true
07-10 09:07:44.527  6255  6255 I MediaUploader: No need to wake up
07-10 09:07:44.527  5824  5837 I PhoneLab-: Service Running
07-10 09:07:44.554  6271  6271 W ContextScopeImpl: thread=1 tried to enter the scope of the application context. Ignored.
07-10 09:07:44.648  6238  6253 D PicasaSyncManager: background data: true
07-10 09:07:44.668  5824  5837 I PhoneLab-LoggerService: app_36    1287  1     1444   1004  c00f181c 400107b4 S logcat
07-10 09:07:44.668  5824  5837 I PhoneLab-LoggerService: Logcat pid from database 1287
07-10 09:07:44.668  5824  5837 I PhoneLab-LoggerService: Logcat process found 1287
07-10 09:07:44.668  5824  5837 I PhoneLab-LoggerService: Checking Threshold
07-10 09:07:44.668  5824  5837 I PhoneLab-: Service Running
07-10 09:07:44.714  5824  5826 D dalvikvm: GC_CONCURRENT freed 890K, 14% free 9193K/10567K, paused 7ms+2ms
07-10 09:07:44.773  5824  5837 I PhoneLab-LoggerService: app_36    1287  1     1444   1004  c00f181c 400107b4 S logcat
07-10 09:07:44.773  5824  5837 I PhoneLab-LoggerService: Logcat pid from database 1287
07-10 09:07:44.773  5824  5837 I PhoneLab-LoggerService: Logcat process found 1287
07-10 09:07:44.773  5824  5837 I PhoneLab-LoggerService: Checking Threshold
07-10 09:07:44.812   275   278 D dalvikvm: GC_CONCURRENT freed 405K, 7% free 10213K/10887K, paused 27ms+7ms
07-10 09:07:51.246   144   200 D ConnectivityService: handleInetConditionHoldEnd: net=1, condition=100, published condition=0
07-10 09:07:53.031   285   285 I wpa_supplicant: wlan0: WPA: Group rekeying completed with c4:3d:c7:a7:ad:c9 [GTK=CCMP]
07-10 09:09:22.019   144   173 I ActivityManager: Start proc com.google.android.gm for service com.google.android.gm/.provider.MailIndexerService: pid=6297 uid=10058 gids={3003, 1015}
07-10 09:09:22.519  6297  6297 I ActivityThread: Pub gmail-ls: com.google.android.gm.provider.MailProvider
07-10 09:09:22.566  6297  6297 I ActivityThread: Pub com.google.android.gmail.SuggestionProvider: com.google.android.gm.SuggestionsProvider
07-10 09:09:22.714  6297  6297 I ActivityThread: Pub com.google.android.gm: com.google.android.gm.provider.PublicContentProvider
07-10 09:09:23.058  6297  6299 D dalvikvm: GC_CONCURRENT freed 210K, 3% free 9261K/9543K, paused 12ms+4ms
07-10 09:09:23.593  6297  6316 I Gmail   : calculateUnknownSyncRationalesAndPurgeInBackground: queueing
07-10 09:09:23.621  6297  6316 I Gmail   : calculateUnknownSyncRationalesAndPurgeInBackground: queueing
07-10 09:09:23.648  6297  6316 I Gmail   : calculateUnknownSyncRationalesAndPurgeInBackground: running
07-10 09:09:23.648  6297  6316 I Gmail   : calculateUnknownSyncRationalesAndPurgeInBackground: running
07-10 09:10:19.218   214   216 D dalvikvm: GC_CONCURRENT freed 389K, 13% free 9872K/11335K, paused 2ms+2ms
07-10 09:10:19.277   214   216 D dalvikvm: GC_CONCURRENT freed 499K, 14% free 9813K/11335K, paused 3ms+3ms
07-10 09:10:19.378   214   216 D dalvikvm: GC_CONCURRENT freed 533K, 15% free 9695K/11335K, paused 2ms+7ms
07-10 09:10:23.945  4781  4784 D dalvikvm: GC_CONCURRENT freed 243K, 10% free 10492K/11591K, paused 2ms+7ms
07-10 09:10:29.019   144   344 W ActivityManager: finishReceiver called but no pending broadcasts
07-10 09:10:29.207   214   214 D dalvikvm: GC_FOR_ALLOC freed 387K, 15% free 9680K/11335K, paused 16ms
07-10 09:10:29.253   214   216 D dalvikvm: GC_CONCURRENT freed 452K, 15% free 9680K/11335K, paused 1ms+2ms
07-10 09:10:29.289  4781  4784 D dalvikvm: GC_CONCURRENT freed 299K, 8% free 10697K/11591K, paused 7ms+30ms
07-10 09:10:29.339   214   216 D dalvikvm: GC_CONCURRENT freed 407K, 15% free 9710K/11335K, paused 1ms+2ms
07-10 09:10:29.687  4781  4784 D dalvikvm: GC_CONCURRENT freed 576K, 8% free 10680K/11591K, paused 16ms+77ms
07-10 09:10:31.941   144   156 I ActivityManager: Process com.google.android.apps.maps:NetworkLocationService (pid 4781) has died.
07-10 09:10:31.941   144   156 W ActivityManager: Scheduling restart of crashed service com.google.android.apps.maps/com.google.android.location.internal.server.NetworkLocationService in 5000ms
07-10 09:10:32.039   144   156 D dalvikvm: GC_FOR_ALLOC freed 1450K, 13% free 15506K/17799K, paused 62ms
07-10 09:11:49.019   144   161 I ActivityManager: Start proc com.google.android.apps.maps:NetworkLocationService for service com.google.android.apps.maps/com.google.android.location.internal.server.NetworkLocationService: pid=6321 uid=10053 gids={3003, 1015}
07-10 09:11:49.183  6321  6323 D dalvikvm: GC_CONCURRENT freed 166K, 3% free 9370K/9607K, paused 9ms+2ms
07-10 09:11:49.597  6321  6323 D dalvikvm: GC_CONCURRENT freed 164K, 3% free 9704K/9991K, paused 1ms+3ms
07-10 09:11:49.882  6321  6323 D dalvikvm: GC_CONCURRENT freed 169K, 3% free 10068K/10311K, paused 2ms+6ms
07-10 09:12:51.136  6321  6323 D dalvikvm: GC_CONCURRENT freed 662K, 8% free 9887K/10631K, paused 730ms+2ms
07-10 09:12:51.277   144   161 I ActivityManager: Start proc com.google.android.apps.maps:FriendService for broadcast com.google.android.apps.maps/com.google.googlenav.friend.android.ServiceReceiver: pid=6342 uid=10053 gids={3003, 1015}
07-10 09:12:51.421  6342  6345 D dalvikvm: GC_CONCURRENT freed 168K, 3% free 9368K/9607K, paused 2ms+2ms
07-10 09:12:51.609  6342  6345 D dalvikvm: GC_CONCURRENT freed 199K, 4% free 9656K/9991K, paused 1ms+1ms
07-10 09:12:51.671   144   844 I ActivityManager: Start proc com.google.android.apps.maps:LocationFriendService for broadcast com.google.android.apps.maps/com.google.googlenav.friend.reporting.LocationReportingIntentReceiver: pid=6355 uid=10053 gids={3003, 1015}
07-10 09:12:51.754   144   379 I ActivityManager: Process com.android.deskclock (pid 6152) has died.
07-10 09:12:51.808  6355  6357 D dalvikvm: GC_CONCURRENT freed 170K, 3% free 9365K/9607K, paused 2ms+3ms
07-10 09:12:51.871  6321  6341 D dalvikvm: GC_FOR_ALLOC freed 135K, 6% free 9998K/10631K, paused 298ms
07-10 09:12:52.000  6355  6357 D dalvikvm: GC_CONCURRENT freed 222K, 4% free 9680K/9991K, paused 2ms+2ms
07-10 09:12:52.082   144  4494 I ActivityManager: Process com.google.android.gsf.login (pid 6111) has died.
07-10 09:12:52.164   144  4494 D dalvikvm: GC_FOR_ALLOC freed 485K, 14% free 15462K/17799K, paused 52ms
07-10 09:12:52.242   144   427 I ActivityManager: Start proc com.google.android.gsf.login for service com.google.android.gsf.login/com.google.android.gsf.loginservice.GoogleLoginService: pid=6374 uid=10009 gids={3003, 1015, 1007, 2001, 3006}
07-10 09:12:52.472   144   379 I ActivityManager: Process com.android.calendar (pid 6136) has died.
07-10 09:12:52.632  6374  6377 D dalvikvm: GC_CONCURRENT freed 309K, 5% free 9165K/9607K, paused 2ms+8ms
07-10 09:12:52.793  6321  6337 D dalvikvm: GC_FOR_ALLOC freed 144K, 6% free 10027K/10631K, paused 28ms
07-10 09:12:54.195   214   216 D dalvikvm: GC_CONCURRENT freed 485K, 15% free 9695K/11335K, paused 2ms+2ms
07-10 09:12:54.238   214   216 D dalvikvm: GC_CONCURRENT freed 486K, 15% free 9683K/11335K, paused 2ms+3ms
07-10 09:12:54.308   214   216 D dalvikvm: GC_CONCURRENT freed 435K, 15% free 9743K/11335K, paused 2ms+2ms
07-10 09:12:56.449  6321  6323 D dalvikvm: GC_CONCURRENT freed 217K, 5% free 10195K/10631K, paused 3ms+10ms
07-10 09:13:03.398  5824  5837 I PhoneLab-: Service Running
07-10 09:13:03.504  5824  5837 I PhoneLab-LoggerService: app_36    1287  1     1444   1004  c00f181c 400107b4 S logcat
07-10 09:13:03.504  5824  5837 I PhoneLab-LoggerService: Logcat pid from database 1287
07-10 09:13:03.504  5824  5837 I PhoneLab-LoggerService: Logcat process found 1287
07-10 09:13:03.504  5824  5837 I PhoneLab-LoggerService: Checking Threshold
07-10 09:13:03.504  5824  5837 I PhoneLab-: Service Running
07-10 09:13:03.550   144   156 I ActivityManager: Process com.android.providers.calendar (pid 6165) has died.
07-10 09:13:03.629   144   156 D dalvikvm: GC_FOR_ALLOC freed 469K, 14% free 15481K/17799K, paused 54ms
07-10 09:13:03.683  5824  5837 I PhoneLab-LoggerService: app_36    1287  1     1444   1004  c00f181c 400107b4 S logcat
07-10 09:13:03.683  5824  5837 I PhoneLab-LoggerService: Logcat pid from database 1287
07-10 09:13:03.683  5824  5837 I PhoneLab-LoggerService: Logcat process found 1287
07-10 09:13:03.683  5824  5837 I PhoneLab-LoggerService: Checking Threshold
07-10 09:13:03.683  5824  5837 I PhoneLab-: Service Running
07-10 09:13:03.777  5824  5837 I PhoneLab-LoggerService: app_36    1287  1     1444   1004  c00f181c 400107b4 S logcat
07-10 09:13:03.777  5824  5837 I PhoneLab-LoggerService: Logcat pid from database 1287
07-10 09:13:03.777  5824  5837 I PhoneLab-LoggerService: Logcat process found 1287
07-10 09:13:03.777  5824  5837 I PhoneLab-LoggerService: Checking Threshold
07-10 09:13:03.804   144   155 I ActivityManager: Process com.google.android.gallery3d (pid 6238) has died.
07-10 09:13:04.117  5873  5873 D OpenGLRenderer: Flushing caches (mode 2)
07-10 09:13:04.121  1096  1096 D OpenGLRenderer: Flushing caches (mode 2)
07-10 09:13:04.129  5873  5873 D OpenGLRenderer: Flushing caches (mode 0)
07-10 09:13:04.129  5873  5873 W ManagedEGLContext: doTerminate failed: EGL count is 2 but managed count is 1
07-10 09:13:04.132  1096  1096 D OpenGLRenderer: Flushing caches (mode 0)
07-10 09:13:04.132  1096  1096 W ManagedEGLContext: doTerminate failed: EGL count is 2 but managed count is 1
07-10 09:13:04.168   144   379 W ActivityManager: finishReceiver called but no pending broadcasts
07-10 09:13:04.347   214   216 D dalvikvm: GC_CONCURRENT freed 536K, 15% free 9682K/11335K, paused 2ms+2ms
07-10 09:13:04.398   214   216 D dalvikvm: GC_CONCURRENT freed 464K, 15% free 9680K/11335K, paused 2ms+3ms
07-10 09:13:04.437  6321  6323 D dalvikvm: GC_CONCURRENT freed 277K, 4% free 10464K/10823K, paused 2ms+2ms
07-10 09:13:04.484   214   216 D dalvikvm: GC_CONCURRENT freed 439K, 15% free 9716K/11335K, paused 2ms+2ms
07-10 09:13:04.578  5873  5873 D OpenGLRenderer: Flushing caches (mode 2)
07-10 09:13:04.578  5873  5873 D OpenGLRenderer: Flushing caches (mode 0)
07-10 09:13:04.578  5873  5873 W ManagedEGLContext: doTerminate failed: EGL count is 2 but managed count is 1
07-10 09:13:04.578  1096  1096 D OpenGLRenderer: Flushing caches (mode 2)
07-10 09:13:04.578  1096  1096 D OpenGLRenderer: Flushing caches (mode 0)
07-10 09:13:04.582  1096  1096 W ManagedEGLContext: doTerminate failed: EGL count is 2 but managed count is 1
07-10 09:13:04.726  6321  6323 D dalvikvm: GC_CONCURRENT freed 663K, 7% free 10344K/11079K, paused 2ms+3ms
07-10 09:13:04.847  6321  6328 I dalvikvm: Total arena pages for JIT: 11
07-10 09:13:04.847  6321  6328 I dalvikvm: Total arena pages for JIT: 12
07-10 09:13:04.847  6321  6328 I dalvikvm: Total arena pages for JIT: 13
07-10 09:13:04.847  6321  6328 I dalvikvm: Total arena pages for JIT: 14
07-10 09:13:04.847  6321  6328 I dalvikvm: Total arena pages for JIT: 15
07-10 09:13:04.847  6321  6328 I dalvikvm: Total arena pages for JIT: 16
07-10 09:13:04.851  6321  6328 I dalvikvm: Total arena pages for JIT: 17
07-10 09:13:04.945  6321  6323 D dalvikvm: GC_CONCURRENT freed 187K, 5% free 10563K/11079K, paused 2ms+6ms
07-10 09:13:11.648  6374  6385 V GoogleLoginService: Returning error intent with: ComponentInfo{com.google.android.gsf.login/com.google.android.gsf.login.LoginActivity}
07-10 09:13:12.156  6374  6388 V GoogleLoginService: Returning error intent with: ComponentInfo{com.google.android.gsf.login/com.google.android.gsf.login.LoginActivity}
07-10 09:13:12.195  6374  6377 D dalvikvm: GC_CONCURRENT freed 323K, 5% free 9290K/9735K, paused 1ms+6ms
07-10 09:13:12.750  6374  6388 V GoogleLoginService: Returning error intent with: ComponentInfo{com.google.android.gsf.login/com.google.android.gsf.login.LoginActivity}
07-10 09:13:46.011   285   285 I wpa_supplicant: wlan0: CTRL-EVENT-DISCONNECTED bssid=c4:3d:c7:a7:ad:c9 reason=0
07-10 09:13:46.011    75   117 D CommandListener: Clearing all IP addresses on wlan0
07-10 09:13:46.031   144   200 D ConnectivityService: ConnectivityChange for WIFI: DISCONNECTED/DISCONNECTED
07-10 09:13:46.043   144   200 D ConnectivityService: Attempting to switch to mobile
07-10 09:13:46.078   144   200 D ConnectivityService: Attempting to switch to WIMAX
07-10 09:13:46.082   144   200 D ConnectivityService: Attempting to switch to BLUETOOTH_TETHER
07-10 09:13:46.086   144   200 E ConnectivityService: Exception trying to remove a route: java.lang.IllegalStateException: Unable to communicate with native dameon to add routes - com.android.server.NativeDaemonConnectorException: Cmd {interface route remove wlan0 default 192.168.1.1 32 0.0.0.0} failed with code 400 : {Failed to remove route from default table (No such process)}
07-10 09:13:46.089   144   200 D NetUtils: android_net_utils_resetConnections in env=0x7913f0 clazz=0x54800001 iface=wlan0 mask=0x3
07-10 09:13:46.089   144   200 E ConnectivityService: Exception trying to remove a route: java.lang.IllegalStateException: Unable to communicate with native dameon to add routes - com.android.server.NativeDaemonConnectorException: Cmd {interface route remove wlan0 default 0.0.0.0 0 192.168.1.1} failed with code 400 : {Failed to remove route from default table (No such process)}
07-10 09:13:46.089   144   200 D ConnectivityService: resetConnections(wlan0, 3)
07-10 09:13:46.187   275  6294 W Smack/Packet: notify conn break (IOEx), close connection
07-10 09:13:46.343   275  6294 I qtaguid : Failed write_ctrl(u 72) res=-1 errno=22
07-10 09:13:46.343   275  6294 I qtaguid : Untagging socket 72 failed errno=-22
07-10 09:13:46.343   275  6294 W NetworkManagementSocketTagger: untagSocket(72) failed with errno -22
07-10 09:13:46.351   144   200 D ConnectivityService: handleInetConditionChange: no active default network - ignore
07-10 09:13:49.136   144   204 D Tethering: MasterInitialState.processMessage what=3
07-10 09:13:49.187   144   427 I ActivityManager: Start proc com.google.android.gallery3d for broadcast com.google.android.gallery3d/com.google.android.picasasync.ConnectivityReceiver: pid=6399 uid=10016 gids={3003, 1015}
07-10 09:13:49.281  6399  6399 I ActivityThread: Pub com.google.android.gallery3d.GooglePhotoProvider: com.google.android.picasasync.PicasaContentProvider
07-10 09:13:49.363  6399  6401 D dalvikvm: GC_CONCURRENT freed 418K, 6% free 9117K/9607K, paused 2ms+2ms
07-10 09:13:49.402  6399  6399 I ActivityThread: Pub com.google.android.gallery3d.provider: com.android.gallery3d.provider.GalleryProvider
07-10 09:13:49.461  6399  6401 D dalvikvm: GC_CONCURRENT freed 421K, 6% free 9190K/9735K, paused 2ms+2ms
07-10 09:13:49.504  6399  6399 D UploadsManager: load newPhotoTracker: null
07-10 09:13:49.504  6399  6399 D UploadsManager: load all accounts: null
07-10 09:13:49.504  6399  6399 D UploadsManager: load all account-album pairs: null
07-10 09:13:49.504  6399  6399 V PicasaContentProvider: querySettings: defaults: {sync_on_wifi_only=1, auto_upload_account_type=null, sync_on_battery=1, sync_picasa_on_wifi_only=1, auto_upload_enabled=0, video_upload_wifi_only=1, sync_on_roaming=0, auto_upload_account_name=null}
07-10 09:13:49.507  6399  6399 D UploadsManager:    settings not changed
07-10 09:13:49.527  6399  6412 D PicasaSync: sync account database
07-10 09:13:49.597  6255  6255 I MediaUploader: No need to wake up
07-10 09:13:49.601  5824  5824 I PhoneLab-WiFiReceiver: Wi-Fi is disconnected!
07-10 09:13:49.636   275   278 D dalvikvm: GC_CONCURRENT freed 427K, 7% free 10227K/10887K, paused 2ms+36ms
07-10 09:13:49.746  6399  6412 D PicasaSync: accounts in DB=1
07-10 09:13:49.754  6399  6412 V PicasaContentProvider: querySettings: defaults: {sync_on_wifi_only=1, auto_upload_account_type=null, sync_on_battery=1, sync_picasa_on_wifi_only=1, auto_upload_enabled=0, video_upload_wifi_only=1, sync_on_roaming=0, auto_upload_account_name=null}
07-10 09:13:49.773  6399  6412 D PicasaSyncManager: active network: null
07-10 09:13:49.781  6399  6412 D PicasaSyncManager: background data: true
07-10 09:13:49.843  6399  6412 D PicasaSyncManager: battery info: false
07-10 09:13:54.332   144   379 I ActivityManager: Process com.google.android.gm (pid 6297) has died.
07-10 09:13:54.425   144   379 D dalvikvm: GC_FOR_ALLOC freed 897K, 13% free 15505K/17799K, paused 55ms
07-10 09:13:54.437   144   200 D ConnectivityService: ConnectivityChange for mobile: CONNECTED/CONNECTED
07-10 09:13:54.558   144   196 D dalvikvm: GC_EXPLICIT freed 350K, 14% free 15456K/17799K, paused 7ms+7ms
07-10 09:13:54.589   144   196 D NetworkPolicy: applying policy NetworkPolicy[NetworkTemplate: matchRule=MOBILE_ALL, subscriberId=valid]: cycleDay=2, warningBytes=2147483648, limitBytes=-1, lastSnooze=-1 to ifaces [rmnet0]
07-10 09:13:55.437   144   200 D ConnectivityService: NetTransition Wakelock for WifiStateMachine released by timeout
07-10 09:13:57.476   144   204 D Tethering: MasterInitialState.processMessage what=3
07-10 09:13:57.500   275   275 I GTalkService/c: [AndroidEndpoint@1094468456] connect: acct=1000000, state=CONNECTING
07-10 09:13:57.531  5873  5873 D OpenGLRenderer: Flushing caches (mode 2)
07-10 09:13:57.531  5873  5873 D OpenGLRenderer: Flushing caches (mode 0)
07-10 09:13:57.535  5873  5873 W ManagedEGLContext: doTerminate failed: EGL count is 2 but managed count is 1
07-10 09:13:57.550  6399  6412 D PicasaSyncManager: active network: NetworkInfo: type: mobile[CDMA - EvDo rev. A], state: CONNECTED/CONNECTED, reason: (unspecified), extra: , roaming: false, failover: true, isAvailable: true
07-10 09:13:57.550  6399  6412 D PicasaSyncManager: background data: true
07-10 09:13:57.570  1096  1096 D OpenGLRenderer: Flushing caches (mode 1)
07-10 09:13:57.570  6255  6255 I MediaUploader: No need to wake up
07-10 09:13:57.589  5873  5873 D OpenGLRenderer: Flushing caches (mode 2)
07-10 09:13:57.589  5873  5873 D OpenGLRenderer: Flushing caches (mode 0)
07-10 09:13:57.589  5873  5873 W ManagedEGLContext: doTerminate failed: EGL count is 2 but managed count is 1
07-10 09:13:57.597  1096  1096 D OpenGLRenderer: Flushing caches (mode 2)
07-10 09:13:57.597  1096  1096 D OpenGLRenderer: Flushing caches (mode 0)
07-10 09:13:57.597  1096  1096 W ManagedEGLContext: doTerminate failed: EGL count is 2 but managed count is 1
07-10 09:13:57.617  6271  6271 W ContextScopeImpl: thread=1 tried to enter the scope of the application context. Ignored.
07-10 09:13:59.445   144   200 D ConnectivityService: handleInetConditionHoldEnd: net=0, condition=100, published condition=0
07-10 09:18:47.152   214   216 D dalvikvm: GC_CONCURRENT freed 181K, 13% free 9943K/11335K, paused 2ms+2ms
07-10 09:18:47.230   214   216 D dalvikvm: GC_CONCURRENT freed 512K, 13% free 9876K/11335K, paused 1ms+5ms
07-10 09:18:47.238  6321  6323 D dalvikvm: GC_CONCURRENT freed 374K, 5% free 10639K/11143K, paused 27ms+14ms
07-10 09:18:47.398   214   216 D dalvikvm: GC_CONCURRENT freed 345K, 13% free 9927K/11335K, paused 1ms+2ms
07-10 09:19:43.039   144   173 I ActivityManager: Start proc twc.weatherController for service com.weather.Weather/.pollen.PollenService: pid=6423 uid=10063 gids={1015, 3003}
07-10 09:19:43.066  6423  6423 I dalvikvm: Turning on JNI app bug workarounds for target SDK version 13...
07-10 09:19:43.078    79    79 D dalvikvm: GC_EXPLICIT freed 38K, 4% free 9031K/9347K, paused 2ms+4ms
07-10 09:19:43.101    79    79 D dalvikvm: GC_EXPLICIT freed <1K, 4% free 9031K/9347K, paused 2ms+2ms
07-10 09:19:43.121    79    79 D dalvikvm: GC_EXPLICIT freed <1K, 4% free 9031K/9347K, paused 1ms+2ms
07-10 09:19:43.269  6423  6424 D dalvikvm: GC_CONCURRENT freed 178K, 3% free 9358K/9607K, paused 2ms+6ms
07-10 09:19:43.382  6423  6423 D DAL     : initFileCaching
07-10 09:19:43.445  6423  6423 I TWCGLOBAL: Registered new default uncaught exception handler
07-10 09:19:43.464  6423  6423 D DAL     : Persistent Dir:/mnt/sdcard/Android/data/com.weather.Weather/files
07-10 09:19:43.468  6423  6423 D DAL     : Temporary Dir:/mnt/sdcard/Android/data/com.weather.Weather/cache
07-10 09:19:43.472  6423  6423 I DAL     : lrb open()
07-10 09:19:43.476  6423  6437 D DAL     : initFileCaching run
07-10 09:19:43.511  6423  6423 D DAL     : lrb updateCurrentView
07-10 09:19:43.511  6423  6423 I DAL     : lrb updateHeader
07-10 09:19:43.527   144   344 I ActivityManager: Start proc twc.provider for content provider com.weather.Weather/com.weather.dal.LocationListProvider: pid=6438 uid=10063 gids={1015, 3003}
07-10 09:19:43.554  6438  6438 I dalvikvm: Turning on JNI app bug workarounds for target SDK version 13...
07-10 09:19:43.687  6438  6440 D dalvikvm: GC_CONCURRENT freed 152K, 3% free 9383K/9607K, paused 4ms+6ms
07-10 09:19:43.691  6438  6438 I ActivityThread: Pub com.weather.Weather.ads.DynamicConfigProvider: com.weather.Weather.ads.DynamicConfigProvider
07-10 09:19:43.707  6438  6438 I ActivityThread: Pub com.weather.dal.LocationListProvider: com.weather.dal.LocationListProvider
07-10 09:19:43.742  6423  6423 D DAL     : lrb android.net.conn.CONNECTIVITY_CHANGE
07-10 09:19:43.742  6423  6423 D DAL     : lrb Starting displayBannerIfNotConnectedTask
07-10 09:19:43.742  6423  6423 D DAL     : lrb updateCurrentView
07-10 09:19:43.742  6423  6423 I DAL     : lrb updateHeader
07-10 09:19:43.750  6423  6423 D DAL     : lrb abortRequests
07-10 09:19:43.757  6423  6423 I DAL     : lrb close()
07-10 09:19:43.933   275   278 D dalvikvm: GC_CONCURRENT freed 387K, 7% free 10226K/10887K, paused 10ms+8ms
07-10 09:19:44.097  6011  6011 D GoogleVoice: A notification tickle arrived.
07-10 09:19:44.183  6011  6014 D dalvikvm: GC_CONCURRENT freed 339K, 5% free 9729K/10183K, paused 2ms+3ms
07-10 09:19:44.660  6011  6014 D dalvikvm: GC_CONCURRENT freed 395K, 5% free 9805K/10311K, paused 2ms+2ms
07-10 09:19:44.707  6011  6011 W MessageQueue: Handler (android.os.Handler) {413adb28} sending message to a Handler on a dead thread
07-10 09:19:44.707  6011  6011 W MessageQueue: java.lang.RuntimeException: Handler (android.os.Handler) {413adb28} sending message to a Handler on a dead thread
07-10 09:19:44.707  6011  6011 W MessageQueue: 	at android.os.MessageQueue.enqueueMessage(MessageQueue.java:196)
07-10 09:19:44.707  6011  6011 W MessageQueue: 	at android.os.Handler.sendMessageAtTime(Handler.java:473)
07-10 09:19:44.707  6011  6011 W MessageQueue: 	at android.os.Handler.sendMessageDelayed(Handler.java:446)
07-10 09:19:44.707  6011  6011 W MessageQueue: 	at android.os.Handler.post(Handler.java:263)
07-10 09:19:44.707  6011  6011 W MessageQueue: 	at com.google.android.apps.googlevoice.AndroidBackgroundThread.runInBackground(AndroidBackgroundThread.java:94)
07-10 09:19:44.707  6011  6011 W MessageQueue: 	at com.google.android.apps.googlevoice.widget.WidgetServiceHandler.update(WidgetServiceHandler.java:243)
07-10 09:19:44.707  6011  6011 W MessageQueue: 	at com.google.android.apps.googlevoice.widget.WidgetServiceHandler.handleMessage(WidgetServiceHandler.java:93)
07-10 09:19:44.707  6011  6011 W MessageQueue: 	at com.google.android.apps.googlevoice.activity.MessageReceiverAsHandler.handleMessage(MessageReceiverAsHandler.java:26)
07-10 09:19:44.707  6011  6011 W MessageQueue: 	at android.os.Handler.dispatchMessage(Handler.java:99)
07-10 09:19:44.707  6011  6011 W MessageQueue: 	at android.os.Looper.loop(Looper.java:137)
07-10 09:19:44.707  6011  6011 W MessageQueue: 	at android.app.ActivityThread.main(ActivityThread.java:4424)
07-10 09:19:44.707  6011  6011 W MessageQueue: 	at java.lang.reflect.Method.invokeNative(Native Method)
07-10 09:19:44.707  6011  6011 W MessageQueue: 	at java.lang.reflect.Method.invoke(Method.java:511)
07-10 09:19:44.707  6011  6011 W MessageQueue: 	at com.android.internal.os.ZygoteInit$MethodAndArgsCaller.run(ZygoteInit.java:784)
07-10 09:19:44.707  6011  6011 W MessageQueue: 	at com.android.internal.os.ZygoteInit.main(ZygoteInit.java:551)
07-10 09:19:44.707  6011  6011 W MessageQueue: 	at dalvik.system.NativeStart.main(Native Method)
07-10 09:19:44.757   214   216 D dalvikvm: GC_CONCURRENT freed 178K, 11% free 10168K/11335K, paused 2ms+2ms
07-10 09:19:44.757   144   156 I ActivityManager: Process com.google.android.apps.maps:LocationFriendService (pid 6355) has died.
07-10 09:19:44.871  6011  6011 D GoogleVoice: com.google.android.apps.googlevoice.vvm.service.GvVvmService$Handler Handling message 1001
07-10 09:19:44.875  6011  6054 W System.err: com.google.android.apps.googlevoice.net.VoiceServiceException: Voice service failed [INVALID_AUTH_TOKEN]
07-10 09:19:44.875  6011  6054 W System.err: 	at com.google.android.apps.googlevoice.net.masf.MASFVoiceService.checkCredentials(MASFVoiceService.java:107)
07-10 09:19:44.875  6011  6054 W System.err: 	at com.google.android.apps.googlevoice.net.masf.MASFVoiceService.getAuthToken(MASFVoiceService.java:95)
07-10 09:19:44.875  6011  6054 W System.err: 	at com.google.android.apps.googlevoice.net.masf.MASFCheckinRpc.createRequestPayload(MASFCheckinRpc.java:38)
07-10 09:19:44.875  6011  6054 W System.err: 	at com.google.android.apps.googlevoice.net.masf.MASFApiRpc.requestSubmit(MASFApiRpc.java:160)
07-10 09:19:44.875  6011  6054 W System.err: 	at com.google.android.apps.googlevoice.net.masf.MASFApiRpc.run(MASFApiRpc.java:141)
07-10 09:19:44.875  6011  6054 W System.err: 	at com.googlex.common.task.AbstractTask.run(Unknown Source)
07-10 09:19:44.875  6011  6054 W System.err: 	at com.googlex.common.task.AbstractTask.runInternal(Unknown Source)
07-10 09:19:44.875  6011  6054 W System.err: 	at com.googlex.common.task.TaskRunner.run(Unknown Source)
07-10 09:19:44.875  6011  6054 W System.err: 	at com.googlex.common.lang.BaseThreadFactory$ThreadImpl.run(Unknown Source)
07-10 09:19:45.004   214   216 D dalvikvm: GC_CONCURRENT freed 408K, 11% free 10151K/11335K, paused 2ms+2ms
07-10 09:19:45.281  6011  6055 I System.out: [INFO:1270732]: LogSource: Running flush
07-10 09:19:45.304   144   155 W AppWidgetService: updateAppWidgetProvider: provider doesn't exist: ComponentInfo{com.google.android.apps.googlevoice/com.google.android.apps.googlevoice.widget.WidgetSettingsProvider}
07-10 09:19:45.343  6011  6011 W GoogleVoice: CheckinHelper: ApiCheckin failed
07-10 09:19:45.343  6011  6011 D GoogleVoice: com.google.android.apps.googlevoice.vvm.service.GvVvmService$Handler Handling message 1011
07-10 09:19:45.351  6011  6473 I GoogleVoice: Deleting all voicemails
07-10 09:19:45.355  6011  6056 I System.out: [INFO:1270808]: LogSource: Sending payload [bytes=802]
07-10 09:19:45.359   144   168 I ActivityManager: Start proc com.google.android.gm for service com.google.android.gm/.provider.MailSyncAdapterService: pid=6459 uid=10058 gids={3003, 1015}
07-10 09:19:45.363  6011  6055 I System.out: [INFO:1270817]: LogSource: Running flush
07-10 09:19:45.363  6011  6057 I System.out: [INFO:1270818]: LogSource: Sending payload [bytes=520]
07-10 09:19:45.394   144   385 I ActivityManager: Start proc android.process.acore for content provider com.android.providers.contacts/.VoicemailContentProvider: pid=6474 uid=10000 gids={3003, 1015}
07-10 09:19:45.480  6474  6474 I ActivityThread: Pub com.android.voicemail: com.android.providers.contacts.VoicemailContentProvider
07-10 09:19:45.488   144   427 I ActivityManager: Process com.google.android.apps.maps:FriendService (pid 6342) has died.
07-10 09:19:45.535  6474  6474 I ActivityThread: Pub user_dictionary: com.android.providers.userdictionary.UserDictionaryProvider
07-10 09:19:45.562  6474  6474 I ActivityThread: Pub com.android.social: com.android.providers.contacts.SocialProvider
07-10 09:19:45.566  6474  6474 I ActivityThread: Pub applications: com.android.providers.applications.ApplicationsProvider
07-10 09:19:45.621  6459  6459 I ActivityThread: Pub gmail-ls: com.google.android.gm.provider.MailProvider
07-10 09:19:45.679  6459  6459 I ActivityThread: Pub com.google.android.gmail.SuggestionProvider: com.google.android.gm.SuggestionsProvider
07-10 09:19:45.687  6459  6459 I ActivityThread: Pub com.google.android.gm: com.google.android.gm.provider.PublicContentProvider
07-10 09:19:45.718  6474  6474 I ActivityThread: Pub contacts;com.android.contacts: com.android.providers.contacts.ContactsProvider2
07-10 09:19:45.742  6474  6476 D dalvikvm: GC_CONCURRENT freed 332K, 5% free 9139K/9543K, paused 7ms+1ms
07-10 09:19:45.804   144   155 W AppWidgetService: updateAppWidgetProvider: provider doesn't exist: ComponentInfo{com.google.android.apps.googlevoice/com.google.android.apps.googlevoice.widget.WidgetInboxProvider}
07-10 09:19:45.867   144   379 I ActivityManager: Process com.google.android.gallery3d (pid 6399) has died.
07-10 09:19:45.949   144   379 D dalvikvm: GC_FOR_ALLOC freed 1016K, 13% free 15526K/17799K, paused 57ms
07-10 09:19:45.961  6474  6474 I ActivityThread: Pub call_log: com.android.providers.contacts.CallLogProvider
07-10 09:19:45.976  6011  6014 D dalvikvm: GC_CONCURRENT freed 388K, 5% free 9882K/10375K, paused 4ms+21ms
07-10 09:19:46.351  6459  6461 D dalvikvm: GC_CONCURRENT freed 203K, 3% free 9266K/9543K, paused 2ms+2ms
07-10 09:19:46.379  6474  6476 D dalvikvm: GC_CONCURRENT freed 200K, 4% free 9336K/9671K, paused 1ms+2ms
07-10 09:19:47.023   144   344 I ActivityManager: Process com.google.android.apps.docs (pid 6271) has died.
07-10 09:19:47.093  5873  5873 D OpenGLRenderer: Flushing caches (mode 2)
07-10 09:19:47.093  1096  1096 D OpenGLRenderer: Flushing caches (mode 2)
07-10 09:19:47.101  5873  5873 D OpenGLRenderer: Flushing caches (mode 0)
07-10 09:19:47.101  5873  5873 W ManagedEGLContext: doTerminate failed: EGL count is 2 but managed count is 1
07-10 09:19:47.136  1096  1096 D OpenGLRenderer: Flushing caches (mode 0)
07-10 09:19:47.136  1096  1096 W ManagedEGLContext: doTerminate failed: EGL count is 2 but managed count is 1
07-10 09:19:47.230  6459  6496 I Gmail   : calculateUnknownSyncRationalesAndPurgeInBackground: queueing
07-10 09:19:47.371  5873  5873 D OpenGLRenderer: Flushing caches (mode 2)
07-10 09:19:47.371  5873  5873 D OpenGLRenderer: Flushing caches (mode 0)
07-10 09:19:47.371  5873  5873 W ManagedEGLContext: doTerminate failed: EGL count is 2 but managed count is 1
07-10 09:19:47.371  1096  1096 D OpenGLRenderer: Flushing caches (mode 2)
07-10 09:19:47.371  1096  1096 D OpenGLRenderer: Flushing caches (mode 0)
07-10 09:19:47.371  1096  1096 W ManagedEGLContext: doTerminate failed: EGL count is 2 but managed count is 1
07-10 09:19:47.386  6459  6496 I Gmail   : calculateUnknownSyncRationalesAndPurgeInBackground: queueing
07-10 09:19:47.410  5873  5873 D OpenGLRenderer: Flushing caches (mode 2)
07-10 09:19:47.410  5873  5873 D OpenGLRenderer: Flushing caches (mode 0)
07-10 09:19:47.410  5873  5873 W ManagedEGLContext: doTerminate failed: EGL count is 2 but managed count is 1
07-10 09:19:47.410  1096  1096 D OpenGLRenderer: Flushing caches (mode 2)
07-10 09:19:47.410  1096  1096 D OpenGLRenderer: Flushing caches (mode 0)
07-10 09:19:47.410  1096  1096 W ManagedEGLContext: doTerminate failed: EGL count is 2 but managed count is 1
07-10 09:19:47.437  6459  6494 I Gmail   : MainSyncRequestProto: lowestBkwdConvoId: 0, highestHandledServerOp: 1874384, normalSync: true
07-10 09:19:47.449  5873  5873 D OpenGLRenderer: Flushing caches (mode 2)
07-10 09:19:47.449  5873  5873 D OpenGLRenderer: Flushing caches (mode 0)
07-10 09:19:47.449  5873  5873 W ManagedEGLContext: doTerminate failed: EGL count is 2 but managed count is 1
07-10 09:19:47.453  1096  1096 D OpenGLRenderer: Flushing caches (mode 2)
07-10 09:19:47.453  1096  1096 D OpenGLRenderer: Flushing caches (mode 0)
07-10 09:19:47.453  1096  1096 W ManagedEGLContext: doTerminate failed: EGL count is 2 but managed count is 1
07-10 09:19:47.527  5873  5873 D OpenGLRenderer: Flushing caches (mode 2)
07-10 09:19:47.527  5873  5873 D OpenGLRenderer: Flushing caches (mode 0)
07-10 09:19:47.527  5873  5873 W ManagedEGLContext: doTerminate failed: EGL count is 2 but managed count is 1
07-10 09:19:47.527  1096  1096 D OpenGLRenderer: Flushing caches (mode 2)
07-10 09:19:47.527  1096  1096 D OpenGLRenderer: Flushing caches (mode 0)
07-10 09:19:47.527  1096  1096 W ManagedEGLContext: doTerminate failed: EGL count is 2 but managed count is 1
07-10 09:19:47.711  5873  5873 D OpenGLRenderer: Flushing caches (mode 2)
07-10 09:19:47.711  5873  5873 D OpenGLRenderer: Flushing caches (mode 0)
07-10 09:19:47.711  5873  5873 W ManagedEGLContext: doTerminate failed: EGL count is 2 but managed count is 1
07-10 09:19:47.714  1096  1096 D OpenGLRenderer: Flushing caches (mode 2)
07-10 09:19:47.714  1096  1096 D OpenGLRenderer: Flushing caches (mode 0)
07-10 09:19:47.714  1096  1096 W ManagedEGLContext: doTerminate failed: EGL count is 2 but managed count is 1
07-10 09:19:47.722  6459  6496 I Gmail   : calculateUnknownSyncRationalesAndPurgeInBackground: running
07-10 09:19:47.761  5873  5873 D OpenGLRenderer: Flushing caches (mode 2)
07-10 09:19:47.761  5873  5873 D OpenGLRenderer: Flushing caches (mode 0)
07-10 09:19:47.761  5873  5873 W ManagedEGLContext: doTerminate failed: EGL count is 2 but managed count is 1
07-10 09:19:47.765  1096  1096 D OpenGLRenderer: Flushing caches (mode 2)
07-10 09:19:47.765  1096  1096 D OpenGLRenderer: Flushing caches (mode 0)
07-10 09:19:47.765  1096  1096 W ManagedEGLContext: doTerminate failed: EGL count is 2 but managed count is 1
07-10 09:19:47.777  6459  6496 I Gmail   : calculateUnknownSyncRationalesAndPurgeInBackground: running
07-10 09:19:47.886  1096  1096 D OpenGLRenderer: Flushing caches (mode 2)
07-10 09:19:47.886  1096  1096 D OpenGLRenderer: Flushing caches (mode 0)
07-10 09:19:47.886  1096  1096 W ManagedEGLContext: doTerminate failed: EGL count is 2 but managed count is 1
07-10 09:19:47.890  5873  5873 D OpenGLRenderer: Flushing caches (mode 2)
07-10 09:19:47.890  5873  5873 D OpenGLRenderer: Flushing caches (mode 0)
07-10 09:19:47.890  5873  5873 W ManagedEGLContext: doTerminate failed: EGL count is 2 but managed count is 1
07-10 09:19:47.937  5873  5873 D OpenGLRenderer: Flushing caches (mode 2)
07-10 09:19:47.937  5873  5873 D OpenGLRenderer: Flushing caches (mode 0)
07-10 09:19:47.937  5873  5873 W ManagedEGLContext: doTerminate failed: EGL count is 2 but managed count is 1
07-10 09:19:47.941  1096  1096 D OpenGLRenderer: Flushing caches (mode 2)
07-10 09:19:47.941  1096  1096 D OpenGLRenderer: Flushing caches (mode 0)
07-10 09:19:47.941  1096  1096 W ManagedEGLContext: doTerminate failed: EGL count is 2 but managed count is 1
07-10 09:19:48.109  6459  6461 D dalvikvm: GC_CONCURRENT freed 236K, 4% free 9429K/9799K, paused 72ms+18ms
07-10 09:19:48.339  5873  5873 D OpenGLRenderer: Flushing caches (mode 2)
07-10 09:19:48.339  5873  5873 D OpenGLRenderer: Flushing caches (mode 0)
07-10 09:19:48.339  5873  5873 W ManagedEGLContext: doTerminate failed: EGL count is 2 but managed count is 1
07-10 09:19:48.343  1096  1096 D OpenGLRenderer: Flushing caches (mode 2)
07-10 09:19:48.343  1096  1096 D OpenGLRenderer: Flushing caches (mode 0)
07-10 09:19:48.343  1096  1096 W ManagedEGLContext: doTerminate failed: EGL count is 2 but managed count is 1
07-10 09:19:48.347  6011  6057 I System.out: [INFO:1273801]: LogSource: Response [http=200,length=22]
07-10 09:19:48.390  5873  5873 D OpenGLRenderer: Flushing caches (mode 2)
07-10 09:19:48.390  5873  5873 D OpenGLRenderer: Flushing caches (mode 0)
07-10 09:19:48.390  5873  5873 W ManagedEGLContext: doTerminate failed: EGL count is 2 but managed count is 1
07-10 09:19:48.394  1096  1096 D OpenGLRenderer: Flushing caches (mode 2)
07-10 09:19:48.394  1096  1096 D OpenGLRenderer: Flushing caches (mode 0)
07-10 09:19:48.394  1096  1096 W ManagedEGLContext: doTerminate failed: EGL count is 2 but managed count is 1
07-10 09:19:48.464  6011  6055 I System.out: [INFO:1273919]: LogSource: Read id 3, status code 200
07-10 09:19:48.570  5873  5873 D OpenGLRenderer: Flushing caches (mode 2)
07-10 09:19:48.570  5873  5873 D OpenGLRenderer: Flushing caches (mode 0)
07-10 09:19:48.570  5873  5873 W ManagedEGLContext: doTerminate failed: EGL count is 2 but managed count is 1
07-10 09:19:48.574  1096  1096 D OpenGLRenderer: Flushing caches (mode 2)
07-10 09:19:48.574  1096  1096 D OpenGLRenderer: Flushing caches (mode 0)
07-10 09:19:48.574  1096  1096 W ManagedEGLContext: doTerminate failed: EGL count is 2 but managed count is 1
07-10 09:19:49.296  6011  6056 I System.out: [INFO:1274748]: LogSource: Response [http=200,length=3247]
07-10 09:19:49.296  6011  6055 I System.out: [INFO:1274750]: LogSource: Read id 1, status code 200
07-10 09:19:49.316  6011  6055 I System.out: [INFO:1274769]: LogSource: Read id 2, status code 200
07-10 09:19:49.414  6011  6014 D dalvikvm: GC_CONCURRENT freed 304K, 5% free 10006K/10439K, paused 6ms+9ms
07-10 09:19:49.691   144   366 W AppWidgetService: updateAppWidgetProvider: provider doesn't exist: ComponentInfo{com.google.android.apps.googlevoice/com.google.android.apps.googlevoice.widget.WidgetSettingsProvider}
07-10 09:19:49.695  6011  6011 D GoogleVoice: com.google.android.apps.googlevoice.vvm.service.GvVvmService$Handler Handling message 1001
07-10 09:19:49.695  6011  6011 D GoogleVoice: com.google.android.apps.googlevoice.vvm.service.GvVvmService$Handler Handling message 1011
07-10 09:19:49.703  6011  6505 I GoogleVoice: Deleting all voicemails
07-10 09:19:49.718  5873  5873 D OpenGLRenderer: Flushing caches (mode 2)
07-10 09:19:49.718  5873  5873 D OpenGLRenderer: Flushing caches (mode 0)
07-10 09:19:49.718  5873  5873 W ManagedEGLContext: doTerminate failed: EGL count is 2 but managed count is 1
07-10 09:19:49.718  1096  1096 D OpenGLRenderer: Flushing caches (mode 2)
07-10 09:19:49.718  1096  1096 D OpenGLRenderer: Flushing caches (mode 0)
07-10 09:19:49.718  1096  1096 W ManagedEGLContext: doTerminate failed: EGL count is 2 but managed count is 1
07-10 09:19:49.722  6011  6055 I System.out: [INFO:1275169]: LogSource: Running flush
07-10 09:19:49.722  6011  6058 I System.out: [INFO:1275175]: LogSource: Sending payload [bytes=522]
07-10 09:19:49.726   144   379 W AppWidgetService: updateAppWidgetProvider: provider doesn't exist: ComponentInfo{com.google.android.apps.googlevoice/com.google.android.apps.googlevoice.widget.WidgetInboxProvider}
07-10 09:19:49.761   144   308 W AppWidgetService: updateAppWidgetProvider: provider doesn't exist: ComponentInfo{com.google.android.apps.googlevoice/com.google.android.apps.googlevoice.widget.WidgetSettingsProvider}
07-10 09:19:49.773   144   344 W AppWidgetService: updateAppWidgetProvider: provider doesn't exist: ComponentInfo{com.google.android.apps.googlevoice/com.google.android.apps.googlevoice.widget.WidgetInboxProvider}
07-10 09:19:50.054  6011  6014 D dalvikvm: GC_CONCURRENT freed 430K, 6% free 10033K/10567K, paused 51ms+6ms
07-10 09:19:50.086   144   366 I ActivityManager: Process android.process.media (pid 6218) has died.
07-10 09:19:50.097  5873  5873 D OpenGLRenderer: Flushing caches (mode 2)
07-10 09:19:50.097  5873  5873 D OpenGLRenderer: Flushing caches (mode 0)
07-10 09:19:50.097  5873  5873 W ManagedEGLContext: doTerminate failed: EGL count is 2 but managed count is 1
07-10 09:19:50.117  1096  1096 D OpenGLRenderer: Flushing caches (mode 2)
07-10 09:19:50.117  1096  1096 D OpenGLRenderer: Flushing caches (mode 0)
07-10 09:19:50.117  1096  1096 W ManagedEGLContext: doTerminate failed: EGL count is 2 but managed count is 1
07-10 09:19:50.183   144   366 D dalvikvm: GC_FOR_ALLOC freed 590K, 13% free 15494K/17799K, paused 60ms
07-10 09:19:50.855  6011  6058 I System.out: [INFO:1276307]: LogSource: Response [http=200,length=22]
07-10 09:19:50.855  6011  6055 I System.out: [INFO:1276308]: LogSource: Read id 4, status code 200
07-10 09:19:53.808  6459  6461 D dalvikvm: GC_CONCURRENT freed 325K, 5% free 9533K/9991K, paused 2ms+3ms
07-10 09:19:54.156  6459  6494 D dalvikvm: GC_EXPLICIT freed 130K, 5% free 9516K/9991K, paused 36ms+2ms
07-10 09:19:54.199  6459  6494 I Gmail   : MainSyncRequestProto: lowestBkwdConvoId: 0, highestHandledServerOp: 1874398, normalSync: true
07-10 09:19:55.523  6459  6494 D dalvikvm: GC_EXPLICIT freed 96K, 5% free 9552K/9991K, paused 2ms+2ms
07-10 09:19:55.527  6459  6494 I Gmail   : MainSyncRequestProto: lowestBkwdConvoId: 0, highestHandledServerOp: 1874398, normalSync: true
07-10 09:19:55.531  6459  6494 I Gmail   : lowestBackward conversation id 0
07-10 09:19:55.605  6459  6494 W Gmail   : Scheduling index for 300000 ms from now
07-10 09:20:40.316  5873  5873 D OpenGLRenderer: Flushing caches (mode 2)
07-10 09:20:40.316  5873  5873 D OpenGLRenderer: Flushing caches (mode 0)
07-10 09:20:40.316  5873  5873 W ManagedEGLContext: doTerminate failed: EGL count is 2 but managed count is 1
07-10 09:20:40.316  1096  1096 D OpenGLRenderer: Flushing caches (mode 2)
07-10 09:20:40.320  1096  1096 D OpenGLRenderer: Flushing caches (mode 0)
07-10 09:20:40.320  1096  1096 W ManagedEGLContext: doTerminate failed: EGL count is 2 but managed count is 1
07-10 09:23:23.121  5873  5873 D OpenGLRenderer: Flushing caches (mode 2)
07-10 09:23:23.121  5873  5873 D OpenGLRenderer: Flushing caches (mode 0)
07-10 09:23:23.121  5873  5873 W ManagedEGLContext: doTerminate failed: EGL count is 2 but managed count is 1
07-10 09:23:23.125  1096  1096 D OpenGLRenderer: Flushing caches (mode 2)
07-10 09:23:23.125  1096  1096 D OpenGLRenderer: Flushing caches (mode 0)
07-10 09:23:23.125  1096  1096 W ManagedEGLContext: doTerminate failed: EGL count is 2 but managed count is 1
07-10 09:23:23.156  5873  5873 D OpenGLRenderer: Flushing caches (mode 2)
07-10 09:23:23.156  5873  5873 D OpenGLRenderer: Flushing caches (mode 0)
07-10 09:23:23.156  5873  5873 W ManagedEGLContext: doTerminate failed: EGL count is 2 but managed count is 1
07-10 09:23:23.160  1096  1096 D OpenGLRenderer: Flushing caches (mode 2)
07-10 09:23:23.160  1096  1096 D OpenGLRenderer: Flushing caches (mode 0)
07-10 09:23:23.160  1096  1096 W ManagedEGLContext: doTerminate failed: EGL count is 2 but managed count is 1
07-10 09:23:23.300  5873  5873 D OpenGLRenderer: Flushing caches (mode 2)
07-10 09:23:23.300  5873  5873 D OpenGLRenderer: Flushing caches (mode 0)
07-10 09:23:23.300  5873  5873 W ManagedEGLContext: doTerminate failed: EGL count is 2 but managed count is 1
07-10 09:23:23.308  1096  1096 D OpenGLRenderer: Flushing caches (mode 2)
07-10 09:23:23.308  1096  1096 D OpenGLRenderer: Flushing caches (mode 0)
07-10 09:23:23.308  1096  1096 W ManagedEGLContext: doTerminate failed: EGL count is 2 but managed count is 1
07-10 09:23:23.422  6459  6508 I Gmail   : MainSyncRequestProto: lowestBkwdConvoId: 0, highestHandledServerOp: 1874398, normalSync: true
07-10 09:23:24.597   285   285 I wpa_supplicant: wlan0: Trying to associate with c4:3d:c7:a7:ad:c9 (SSID='blue' freq=2417 MHz)
07-10 09:23:24.621   285   285 I wpa_supplicant: wlan0: Associated with c4:3d:c7:a7:ad:c9
07-10 09:23:24.636   285   285 I wpa_supplicant: wlan0: WPA: Key negotiation completed with c4:3d:c7:a7:ad:c9 [PTK=CCMP GTK=CCMP]
07-10 09:23:24.636   285   285 I wpa_supplicant: wlan0: CTRL-EVENT-CONNECTED - Connection to c4:3d:c7:a7:ad:c9 completed (reauth) [id=0 id_str=]
07-10 09:23:26.035   144   198 D DhcpInfoInternal: makeLinkProperties with empty dns2!
07-10 09:23:26.035   144   198 D DhcpInfoInternal: makeLinkProperties with empty dns2!
07-10 09:23:26.039   144   200 D ConnectivityService: ConnectivityChange for WIFI: CONNECTED/CONNECTED
07-10 09:23:26.039   144   200 D ConnectivityService: Policy requires mobile teardown
07-10 09:23:26.047  5824  5824 I PhoneLab-WiFiReceiver: Wi-Fi is connected!
07-10 09:23:26.047  5824  5824 I PhoneLab-WiFiReceiver: SSID: blue BSSID: c4:3d:c7:a7:ad:c9 RSSI: -200 LinkSpeed: -1
07-10 09:23:26.047  5824  5824 I PhoneLab-Locks: wake lock acquired
07-10 09:23:26.293  5824  5824 I PhoneLab-UploadLogs: Transfering log files now
07-10 09:23:26.293  5824  5824 I PhoneLab-UploadLogs: No log files to transfer
07-10 09:23:26.293  5824  5824 I PhoneLab-Locks: wake lock released
07-10 09:23:26.312  5824  5824 I PhoneLab-UploadLogs: OnStartCommand
07-10 09:23:26.367   144   200 D ConnectivityService: ConnectivityChange for mobile: DISCONNECTED/DISCONNECTED
07-10 09:23:26.367   144   200 D ConnectivityService: Attempting to switch to WIFI
07-10 09:23:26.386   144   200 D ConnectivityService: Attempting to switch to WIMAX
07-10 09:23:26.390   144   200 D ConnectivityService: Attempting to switch to BLUETOOTH_TETHER
07-10 09:23:26.402   144   200 D NetUtils: android_net_utils_resetConnections in env=0x7913f0 clazz=0x7a700001 iface=rmnet0 mask=0x3
07-10 09:23:26.402   144   200 D ConnectivityService: resetConnections(rmnet0, 3)
07-10 09:23:26.414   144   195 W NetworkStats: dropping UID delta from unknown iface: iface=wlan0 uid=0 set=DEFAULT tag=0x0 rxBytes=0 rxPackets=0 txBytes=196 txPackets=3 operations=0
07-10 09:23:26.492   214   216 D dalvikvm: GC_CONCURRENT freed 532K, 12% free 10046K/11335K, paused 1ms+2ms
07-10 09:23:26.582   275  6419 W Smack/Packet: notify conn break (IOEx), close connection
07-10 09:23:26.785   275  6419 I qtaguid : Failed write_ctrl(u 72) res=-1 errno=22
07-10 09:23:26.789   275  6419 I qtaguid : Untagging socket 72 failed errno=-22
07-10 09:23:26.789   275  6419 W NetworkManagementSocketTagger: untagSocket(72) failed with errno -22
07-10 09:23:26.800   144   200 D ConnectivityService: handleInetConditionChange: net=0 != default=1 - ignore
07-10 09:23:26.859  6459  6508 D dalvikvm: GC_EXPLICIT freed 228K, 5% free 9569K/9991K, paused 1ms+3ms
07-10 09:23:26.914  6459  6508 I Gmail   : MainSyncRequestProto: lowestBkwdConvoId: 0, highestHandledServerOp: 1874427, normalSync: true
07-10 09:23:27.211   144  4494 D AlarmManagerService: Kernel timezone updated to 240 minutes west of GMT
07-10 09:23:27.215   358   358 D SystemClock: Setting time of day to sec=1341926606
07-10 09:23:26.080   144   161 I ActivityManager: Start proc com.android.calendar for broadcast com.android.calendar/.widget.CalendarAppWidgetService$CalendarFactory: pid=6535 uid=10005 gids={3003}
07-10 09:23:26.135   144   844 I ActivityManager: Process com.google.android.apps.uploader (pid 6255) has died.
07-10 09:23:26.260  6535  6535 I ActivityThread: Pub com.android.calendar.CalendarRecentSuggestionsProvider: com.android.calendar.CalendarRecentSuggestionsProvider
07-10 09:23:26.291   144   146 D dalvikvm: GC_CONCURRENT freed 1443K, 13% free 15551K/17799K, paused 3ms+8ms
07-10 09:23:26.353   144   155 I ActivityManager: Start proc com.android.deskclock for broadcast com.android.deskclock/.AlarmInitReceiver: pid=6551 uid=10011 gids={}
07-10 09:23:26.377   144   427 I ActivityManager: Start proc com.android.providers.calendar for content provider com.android.providers.calendar/.CalendarProvider2: pid=6563 uid=10006 gids={3003, 1015}
07-10 09:23:26.420  6551  6551 I ActivityThread: Pub com.android.deskclock: com.android.deskclock.AlarmProvider
07-10 09:23:26.498  6563  6563 I ActivityThread: Pub com.android.calendar: com.android.providers.calendar.CalendarProvider2
07-10 09:23:26.553   144  4494 I WindowManager: WIN DEATH: Window{41320e08 com.facebook.katana/com.facebook.katana.activity.FbFragmentChromeActivity paused=false}
07-10 09:23:26.556   144   385 I ActivityManager: Process com.facebook.katana (pid 1096) has died.
07-10 09:23:26.556   144   385 W ActivityManager: Scheduling restart of crashed service com.facebook.katana/.service.FacebookService in 5000ms
07-10 09:23:26.556   144   385 W ActivityManager: Scheduling restart of crashed service com.facebook.katana/.service.MediaUploadService in 15000ms
07-10 09:23:26.556   144   385 W ActivityManager: Scheduling restart of crashed service com.facebook.katana/.service.BackgroundDetectionService in 25000ms
07-10 09:23:26.611  5873  5873 D OpenGLRenderer: Flushing caches (mode 2)
07-10 09:23:26.611  5873  5873 D OpenGLRenderer: Flushing caches (mode 0)
07-10 09:23:26.611  5873  5873 W ManagedEGLContext: doTerminate failed: EGL count is 2 but managed count is 1
07-10 09:23:26.689  6551  6575 V AlarmClock: AlarmInitReceiver finished
07-10 09:23:26.791   144   366 D dalvikvm: GC_EXPLICIT freed 298K, 14% free 15482K/17799K, paused 3ms+5ms
07-10 09:23:26.935  6474  6476 D dalvikvm: GC_CONCURRENT freed 330K, 5% free 9399K/9863K, paused 3ms+3ms
07-10 09:23:26.955  5873  5873 D OpenGLRenderer: Flushing caches (mode 2)
07-10 09:23:26.955  5873  5873 D OpenGLRenderer: Flushing caches (mode 0)
07-10 09:23:26.955  5873  5873 W ManagedEGLContext: doTerminate failed: EGL count is 2 but managed count is 1
07-10 09:23:27.822  6563  6563 I CalendarProvider2: Sending notification intent: Intent { act=android.intent.action.PROVIDER_CHANGED dat=content://com.android.calendar }
07-10 09:23:27.822  6563  6563 W ContentResolver: Failed to get type for: content://com.android.calendar (Unknown URL content://com.android.calendar)
07-10 09:23:27.889  5873  5873 D OpenGLRenderer: Flushing caches (mode 2)
07-10 09:23:27.889  5873  5873 D OpenGLRenderer: Flushing caches (mode 0)
07-10 09:23:27.889  5873  5873 W ManagedEGLContext: doTerminate failed: EGL count is 2 but managed count is 1
07-10 09:23:28.213   144   204 D Tethering: MasterInitialState.processMessage what=3
07-10 09:23:28.252   144   161 I ActivityManager: Start proc android.process.media for broadcast com.android.providers.downloads/.DownloadReceiver: pid=6585 uid=10012 gids={1015, 1023, 1024, 2001, 3003, 3007}
07-10 09:23:28.267   144   204 D Tethering: MasterInitialState.processMessage what=3
07-10 09:23:28.279   144   204 D Tethering: MasterInitialState.processMessage what=3
07-10 09:23:28.306  6585  6585 I ActivityThread: Pub media: com.android.providers.media.MediaProvider
07-10 09:23:28.338   275   275 I GTalkService/c: [AndroidEndpoint@1094468456] connect: acct=1000000, state=CONNECTING
07-10 09:23:28.541  6585  6587 D dalvikvm: GC_CONCURRENT freed 336K, 5% free 9140K/9607K, paused 4ms+3ms
07-10 09:23:28.545  6585  6585 I ActivityThread: Pub downloads: com.android.providers.downloads.DownloadProvider
07-10 09:23:28.560  6585  6585 I ActivityThread: Pub drm: com.android.providers.drm.DrmProvider
07-10 09:23:28.560  6585  6601 I DownloadManager: in removeSpuriousFiles
07-10 09:23:28.588  6585  6601 I DownloadManager: in removeSpuriousFiles, preserving file /data/data/com.android.providers.downloads/cache/metadata.json
07-10 09:23:28.588  6585  6601 I DownloadManager: in removeSpuriousFiles, preserving file /data/data/com.android.providers.downloads/cache/en_general.htm
07-10 09:23:28.588  6585  6601 I DownloadManager: in removeSpuriousFiles, preserving file /data/data/com.android.providers.downloads/cache/metadata-1.json
07-10 09:23:28.588  6585  6601 I DownloadManager: in removeSpuriousFiles, preserving file /data/data/com.android.providers.downloads/cache/downloadfile.txt
07-10 09:23:28.592  6585  6601 I DownloadManager: deleting spurious file /cache/backup
07-10 09:23:28.596   144   344 I ActivityManager: Start proc com.google.android.gallery3d for broadcast com.google.android.gallery3d/com.google.android.picasasync.ConnectivityReceiver: pid=6602 uid=10016 gids={3003, 1015}
07-10 09:23:28.693  6602  6602 I ActivityThread: Pub com.google.android.gallery3d.GooglePhotoProvider: com.google.android.picasasync.PicasaContentProvider
07-10 09:23:28.791  6602  6604 D dalvikvm: GC_CONCURRENT freed 418K, 6% free 9117K/9607K, paused 1ms+2ms
07-10 09:23:28.826  6602  6602 I ActivityThread: Pub com.google.android.gallery3d.provider: com.android.gallery3d.provider.GalleryProvider
07-10 09:23:28.873  6602  6604 D dalvikvm: GC_CONCURRENT freed 396K, 5% free 9202K/9671K, paused 1ms+2ms
07-10 09:23:28.889  6602  6602 D UploadsManager: load newPhotoTracker: null
07-10 09:23:28.889  6602  6602 D UploadsManager: load all accounts: null
07-10 09:23:28.889  6602  6602 D UploadsManager: load all account-album pairs: null
07-10 09:23:28.892  6602  6602 V PicasaContentProvider: querySettings: defaults: {sync_on_wifi_only=1, auto_upload_account_type=null, sync_on_battery=1, sync_picasa_on_wifi_only=1, auto_upload_enabled=0, video_upload_wifi_only=1, sync_on_roaming=0, auto_upload_account_name=null}
07-10 09:23:28.896  6602  6602 D UploadsManager:    settings not changed
07-10 09:23:28.935  6602  6616 D PicasaSync: sync account database
07-10 09:23:28.935   144   379 I ActivityManager: Start proc com.google.android.apps.uploader for broadcast com.google.android.apps.uploader/.ConnectivityBroadcastReceiver: pid=6618 uid=10029 gids={3003}
07-10 09:23:28.943  6618  6618 I dalvikvm: Turning on JNI app bug workarounds for target SDK version 11...
07-10 09:23:28.998  6618  6618 I ActivityThread: Pub com.google.android.apps.uploader: com.google.android.apps.uploader.UploadsContentProvider
07-10 09:23:28.998  6618  6618 I ActivityThread: Pub com.google.photos.provider.Album: com.google.android.apps.uploader.clients.picasa.AlbumProvider
07-10 09:23:29.002  6618  6618 D MediaUploader: UploaderApplication.onCreate
07-10 09:23:29.045  6618  6618 D MediaUploader: nonWifiLimit=20971520, default=20971520
07-10 09:23:29.045  6602  6616 D PicasaSync: accounts in DB=1
07-10 09:23:29.049  6618  6618 I MediaUploader: No need to wake up
07-10 09:23:29.064  6602  6616 V PicasaContentProvider: querySettings: defaults: {sync_on_wifi_only=1, auto_upload_account_type=null, sync_on_battery=1, sync_picasa_on_wifi_only=1, auto_upload_enabled=0, video_upload_wifi_only=1, sync_on_roaming=0, auto_upload_account_name=null}
07-10 09:23:29.068  6602  6616 D PicasaSyncManager: active network: NetworkInfo: type: WIFI[], state: CONNECTED/CONNECTED, reason: (unspecified), extra: (none), roaming: false, failover: false, isAvailable: true
07-10 09:23:29.068  6602  6616 D PicasaSyncManager: background data: true
07-10 09:23:29.099   144   144 I ActivityManager: Start proc com.google.android.apps.docs for broadcast com.google.android.apps.docs/.receivers.NetworkChangeReceiver: pid=6634 uid=10057 gids={3003, 1015, 1006}
07-10 09:23:29.139  6602  6616 D PicasaSyncManager: battery info: false
07-10 09:23:29.299  6634  6634 I PackageInfoHelper: Provided clientMode=RELEASE, packageInfo=PackageInfo{41352030 com.google.android.apps.docs}
07-10 09:23:29.299  6634  6634 I ActivityThread: Pub com.google.android.apps.docs.files: com.google.android.apps.docs.sync.filemanager.FileProvider
07-10 09:23:29.306  6634  6634 I ActivityThread: Pub com.google.android.apps.docs: com.google.android.apps.docs.providers.DocListProvider
07-10 09:23:29.533  6634  6636 D dalvikvm: GC_CONCURRENT freed 251K, 4% free 9285K/9607K, paused 7ms+2ms
07-10 09:23:29.635  6634  6636 D dalvikvm: GC_CONCURRENT freed 460K, 6% free 9399K/9927K, paused 1ms+2ms
07-10 09:23:29.717  6634  6636 D dalvikvm: GC_CONCURRENT freed 531K, 7% free 9380K/9991K, paused 1ms+2ms
07-10 09:23:29.838  6634  6636 D dalvikvm: GC_CONCURRENT freed 456K, 6% free 9435K/9991K, paused 2ms+2ms
07-10 09:23:29.943  6634  6636 D dalvikvm: GC_CONCURRENT freed 534K, 7% free 9446K/10055K, paused 2ms+3ms
07-10 09:23:30.033  6634  6636 D dalvikvm: GC_CONCURRENT freed 403K, 6% free 9513K/10055K, paused 2ms+2ms
07-10 09:23:30.154  6634  6636 D dalvikvm: GC_CONCURRENT freed 383K, 6% free 9603K/10119K, paused 2ms+2ms
07-10 09:23:30.240  6634  6634 D ContextScopeImpl: in ContextScope.getContextOrDefault for thread=1
07-10 09:23:30.240  6634  6634 D ContextScopeImpl: returning application context for thread=1
07-10 09:23:30.264  6634  6636 D dalvikvm: GC_CONCURRENT freed 357K, 5% free 9728K/10183K, paused 2ms+2ms
07-10 09:23:30.267  6634  6634 I FeatureCheckerImpl: Configured disabled features: []
07-10 09:23:30.267  6634  6634 D ContextScopeImpl: in ContextScope.getContextOrDefault for thread=1
07-10 09:23:30.267  6634  6634 D ContextScopeImpl: returning application context for thread=1
07-10 09:23:30.271  6634  6634 D ContextScopeImpl: in ContextScope.enter for thread=1
07-10 09:23:30.271  6634  6634 W ContextScopeImpl: thread=1 tried to enter the scope of the application context. Ignored.
07-10 09:23:30.271  6634  6634 D ContextScopeImpl: in ContextScope.getContextOrDefault for thread=1
07-10 09:23:30.271  6634  6634 D ContextScopeImpl: returning application context for thread=1
07-10 09:23:30.279  6634  6634 D DocListDatabase: openHelper points on new database: DocList.db
07-10 09:23:30.279  6634  6634 I ActivityThread: Pub com.google.android.apps.docs.doclist.search_suggest: com.google.android.apps.docs.doclist.DocListGlobalSearchSuggestionProvider
07-10 09:23:30.287  6634  6634 D ContextScopeImpl: in ContextScope.enter for thread=1
07-10 09:23:30.287  6634  6634 W ContextScopeImpl: thread=1 tried to enter the scope of the application context. Ignored.
07-10 09:23:30.287  6634  6634 D DocListDatabase: in openWriteDatabase
07-10 09:23:30.299  6634  6634 I ActivityThread: Pub com.google.android.apps.docs.doclist.account_suggest: com.google.android.apps.docs.doclist.DocListAccountSuggestionProvider
07-10 09:23:30.299  6634  6634 D ContextScopeImpl: in ContextScope.enter for thread=1
07-10 09:23:30.299  6634  6634 W ContextScopeImpl: thread=1 tried to enter the scope of the application context. Ignored.
07-10 09:23:30.303  6634  6634 W ContextScopeImpl: thread=1 tried to enter the scope of the application context. Ignored.
07-10 09:23:30.310  6634  6647 W ContextScopeImpl: thread=369 tried to enter the scope of the application context. Ignored.
07-10 09:23:30.349  6634  6634 W ContextScopeImpl: thread=1 tried to enter the scope of the application context. Ignored.
07-10 09:23:30.369   144   385 I ActivityManager: Start proc com.facebook.katana for broadcast com.facebook.katana/.util.logging.MobileEventLogger$NetworkUpdateReceiver: pid=6650 uid=10061 gids={3003, 1006, 1015}
07-10 09:23:30.400  6650  6650 I dalvikvm: Turning on JNI app bug workarounds for target SDK version 7...
07-10 09:23:30.416    79    79 D dalvikvm: GC_EXPLICIT freed 37K, 4% free 9031K/9347K, paused 6ms+2ms
07-10 09:23:30.459    79    79 D dalvikvm: GC_EXPLICIT freed <1K, 4% free 9031K/9347K, paused 2ms+2ms
07-10 09:23:30.506    79    79 D dalvikvm: GC_EXPLICIT freed <1K, 4% free 9031K/9347K, paused 1ms+2ms
07-10 09:23:30.549  6650  6653 D dalvikvm: GC_CONCURRENT freed 172K, 3% free 9363K/9607K, paused 2ms+1ms
07-10 09:23:30.678  6650  6653 D dalvikvm: GC_CONCURRENT freed 132K, 3% free 9664K/9927K, paused 2ms+2ms
07-10 09:23:30.756  6650  6650 I ActivityThread: Pub com.facebook.katana.provider.LoggingProvider: com.facebook.katana.provider.LoggingProvider
07-10 09:23:30.775  6650  6650 I ActivityThread: Pub com.facebook.katana.provider.NotificationsProvider: com.facebook.katana.provider.NotificationsProvider
07-10 09:23:30.775  6650  6650 I ActivityThread: Pub com.facebook.katana.provider.KeyValueProvider: com.facebook.katana.provider.KeyValueProvider
07-10 09:23:30.779  6650  6650 I ActivityThread: Pub com.facebook.katana.provider.CacheProvider: com.facebook.katana.provider.CacheProvider
07-10 09:23:30.779  6650  6650 I ActivityThread: Pub com.facebook.katana.provider.UserValuesProvider: com.facebook.katana.provider.UserValuesProvider
07-10 09:23:30.779  6650  6650 I ActivityThread: Pub com.facebook.katana.provider.PagesProvider: com.facebook.katana.provider.PagesProvider
07-10 09:23:30.783  6650  6650 I ActivityThread: Pub com.facebook.katana.provider.MailboxProvider: com.facebook.katana.provider.MailboxProvider
07-10 09:23:30.795  6650  6650 I ActivityThread: Pub com.facebook.katana.provider.MobileEventLogProvider: com.facebook.katana.provider.MobileEventLogProvider
07-10 09:23:30.795  6650  6650 I ActivityThread: Pub com.facebook.katana.provider.PushNotificationsProvider: com.facebook.katana.provider.PushNotificationsProvider
07-10 09:23:30.799  6650  6650 I ActivityThread: Pub com.facebook.katana.provider.UserStatusesProvider: com.facebook.katana.provider.UserStatusesProvider
07-10 09:23:30.799  6650  6650 I ActivityThread: Pub com.facebook.katana.provider.PhotosProvider: com.facebook.katana.provider.PhotosProvider
07-10 09:23:30.803  6650  6650 I ActivityThread: Pub com.facebook.katana.provider.EventsProvider: com.facebook.katana.provider.EventsProvider
07-10 09:23:30.803  6650  6650 I ActivityThread: Pub com.facebook.katana.provider.ConnectionsProvider: com.facebook.katana.provider.ConnectionsProvider
07-10 09:23:30.822  6650  6650 I ActivityThread: Pub com.facebook.orca.notify.FbandroidMessagesForegroundProvider: com.facebook.orca.notify.FbandroidMessagesForegroundProvider
07-10 09:23:30.873  6650  6650 D ACRA    : Retrieve application default SharedPreferences.
07-10 09:23:30.881  6650  6650 D ACRA    : Set OnSharedPreferenceChangeListener.
07-10 09:23:30.892  6650  6650 D ACRA    : ACRA is enabled for com.facebook.katana, intializing...
07-10 09:23:30.912  6650  6650 D ACRA    : Looking for error files in /data/data/com.facebook.katana/app_acra-reports
07-10 09:23:30.990  6650  6650 W nalizableReferenceQueue: Could not load Finalizer in its own class loader.Loading Finalizer in the current class loader instead. As a result, you will not be ableto garbage collect this class loader. To support reclaiming this class loader, eitherresolve the underlying issue, or move Google Collections to your system class path.
07-10 09:23:30.990  6650  6650 W nalizableReferenceQueue: java.io.FileNotFoundException: com/google/common/base/internal/Finalizer.class
07-10 09:23:30.990  6650  6650 W nalizableReferenceQueue: 	at com.google.common.base.FinalizableReferenceQueue$DecoupledLoader.getBaseUrl(FinalizableReferenceQueue.java:243)
07-10 09:23:30.990  6650  6650 W nalizableReferenceQueue: 	at com.google.common.base.FinalizableReferenceQueue$DecoupledLoader.loadFinalizer(FinalizableReferenceQueue.java:227)
07-10 09:23:30.990  6650  6650 W nalizableReferenceQueue: 	at com.google.common.base.FinalizableReferenceQueue.loadFinalizer(FinalizableReferenceQueue.java:155)
07-10 09:23:30.990  6650  6650 W nalizableReferenceQueue: 	at com.google.common.base.FinalizableReferenceQueue.<clinit>(FinalizableReferenceQueue.java:84)
07-10 09:23:30.990  6650  6650 W nalizableReferenceQueue: 	at com.google.common.collect.CustomConcurrentHashMap$QueueHolder.<clinit>(CustomConcurrentHashMap.java:650)
07-10 09:23:30.990  6650  6650 W nalizableReferenceQueue: 	at com.google.common.collect.CustomConcurrentHashMap$WeakEntry.<init>(CustomConcurrentHashMap.java:1342)
07-10 09:23:30.990  6650  6650 W nalizableReferenceQueue: 	at com.google.common.collect.CustomConcurrentHashMap$EntryFactory$9.newEntry(CustomConcurrentHashMap.java:453)
07-10 09:23:30.990  6650  6650 W nalizableReferenceQueue: 	at com.google.common.collect.CustomConcurrentHashMap.a(CustomConcurrentHashMap.java:1715)
07-10 09:23:30.990  6650  6650 W nalizableReferenceQueue: 	at com.google.common.collect.ComputingConcurrentHashMap$ComputingSegment.a(ComputingConcurrentHashMap.java:123)
07-10 09:23:30.990  6650  6650 W nalizableReferenceQueue: 	at com.google.common.collect.ComputingConcurrentHashMap.apply(ComputingConcurrentHashMap.java:71)
07-10 09:23:30.990  6650  6650 W nalizableReferenceQueue: 	at com.google.common.collect.MapMaker$ComputingMapAdapter.get(MapMaker.java:848)
07-10 09:23:30.990  6650  6650 W nalizableReferenceQueue: 	at com.google.inject.internal.Annotations$AnnotationChecker.a(Annotations.java:94)
07-10 09:23:30.990  6650  6650 W nalizableReferenceQueue: 	at com.google.inject.internal.Annotations.c(Annotations.java:112)
07-10 09:23:30.990  6650  6650 W nalizableReferenceQueue: 	at com.google.inject.Key.d(Key.java:369)
07-10 09:23:30.990  6650  6650 W nalizableReferenceQueue: 	at com.google.inject.Key.b(Key.java:356)
07-10 09:23:30.990  6650  6650 W nalizableReferenceQueue: 	at com.google.inject.Key.a(Key.java:267)
07-10 09:23:30.990  6650  6650 W nalizableReferenceQueue: 	at com.facebook.orca.inject.binder.AnnotatedBindingBuilderImpl.a(AnnotatedBindingBuilderImpl.java:22)
07-10 09:23:30.990  6650  6650 W nalizableReferenceQueue: 	at com.facebook.orca.app.FbBaseModule.a(FbBaseModule.java:74)
07-10 09:23:30.990  6650  6650 W nalizableReferenceQueue: 	at com.facebook.orca.inject.AbstractModule.a(AbstractModule.java:19)
07-10 09:23:30.990  6650  6650 W nalizableReferenceQueue: 	at com.facebook.orca.inject.FbInjectorImpl.a(FbInjectorImpl.java:61)
07-10 09:23:30.990  6650  6650 W nalizableReferenceQueue: 	at com.facebook.orca.inject.FbInjectorImpl.<init>(FbInjectorImpl.java:41)
07-10 09:23:30.990  6650  6650 W nalizableReferenceQueue: 	at com.facebook.orca.inject.FbInjector.a(FbInjector.java:40)
07-10 09:23:30.990  6650  6650 W nalizableReferenceQueue: 	at com.facebook.katana.FacebookApplication.onCreate(FacebookApplication.java:86)
07-10 09:23:30.990  6650  6650 W nalizableReferenceQueue: 	at android.app.Instrumentation.callApplicationOnCreate(Instrumentation.java:969)
07-10 09:23:30.990  6650  6650 W nalizableReferenceQueue: 	at android.app.ActivityThread.handleBindApplication(ActivityThread.java:3954)
07-10 09:23:30.990  6650  6650 W nalizableReferenceQueue: 	at android.app.ActivityThread.access$1300(ActivityThread.java:123)
07-10 09:23:30.990  6650  6650 W nalizableReferenceQueue: 	at android.app.ActivityThread$H.handleMessage(ActivityThread.java:1185)
07-10 09:23:30.990  6650  6650 W nalizableReferenceQueue: 	at android.os.Handler.dispatchMessage(Handler.java:99)
07-10 09:23:30.990  6650  6650 W nalizableReferenceQueue: 	at android.os.Looper.loop(Looper.java:137)
07-10 09:23:30.990  6650  6650 W nalizableReferenceQueue: 	at android.app.ActivityThread.main(ActivityThread.java:4424)
07-10 09:23:30.990  6650  6650 W nalizableReferenceQueue: 	at java.lang.reflect.Method.invokeNative(Native Method)
07-10 09:23:30.990  6650  6650 W nalizableReferenceQueue: 	at java.lang.reflect.Method.invoke(Method.java:511)
07-10 09:23:30.990  6650  6650 W nalizableReferenceQueue: 	at com.android.internal.os.ZygoteInit$MethodAndArgsCaller.run(ZygoteInit.java:784)
07-10 09:23:30.990  6650  6650 W nalizableReferenceQueue: 	at com.android.internal.os.ZygoteInit.main(ZygoteInit.java:551)
07-10 09:23:30.990  6650  6650 W nalizableReferenceQueue: 	at dalvik.system.NativeStart.main(Native Method)
07-10 09:23:30.998  6650  6650 I Finalizer: Couldn't access Thread.inheritableThreadLocals. Reference finalizer threads will inherit thread local values.
07-10 09:23:31.017  6650  6653 D dalvikvm: GC_CONCURRENT freed 330K, 5% free 9831K/10247K, paused 2ms+3ms
07-10 09:23:31.166  6650  6653 D dalvikvm: GC_CONCURRENT freed 362K, 5% free 9977K/10439K, paused 2ms+3ms
07-10 09:23:31.385  6650  6653 D dalvikvm: GC_CONCURRENT freed 374K, 4% free 10161K/10567K, paused 2ms+5ms
07-10 09:23:31.779  6650  6667 W Resources: Converting to string: TypedValue{t=0x10/d=0xffffffff a=-1}
07-10 09:23:31.822  6650  6653 D dalvikvm: GC_CONCURRENT freed 360K, 5% free 10302K/10759K, paused 6ms+17ms
07-10 09:23:31.916  6602  6616 D PicasaSyncManager: active network: NetworkInfo: type: WIFI[], state: CONNECTED/CONNECTED, reason: (unspecified), extra: (none), roaming: false, failover: false, isAvailable: true
07-10 09:23:31.924  6602  6616 D PicasaSyncManager: background data: true
07-10 09:23:31.986  6618  6618 I MediaUploader: No need to wake up
07-10 09:23:32.002  6634  6634 W ContextScopeImpl: thread=1 tried to enter the scope of the application context. Ignored.
07-10 09:23:32.072  6618  6618 I MediaUploader: No need to wake up
07-10 09:23:32.092  6634  6634 W ContextScopeImpl: thread=1 tried to enter the scope of the application context. Ignored.
07-10 09:23:32.111  6602  6616 D PicasaSyncManager: active network: NetworkInfo: type: WIFI[], state: CONNECTED/CONNECTED, reason: (unspecified), extra: (none), roaming: false, failover: false, isAvailable: true
07-10 09:23:32.123  6602  6616 D PicasaSyncManager: background data: true
07-10 09:23:32.178   275   278 D dalvikvm: GC_CONCURRENT freed 421K, 6% free 10236K/10887K, paused 7ms+7ms
07-10 09:23:32.541  6650  6653 D dalvikvm: GC_CONCURRENT freed 285K, 4% free 10405K/10823K, paused 2ms+4ms
07-10 09:23:35.662  6459  6461 D dalvikvm: GC_CONCURRENT freed 388K, 6% free 9598K/10119K, paused 2ms+2ms
07-10 09:23:35.689  6459  6508 D dalvikvm: GC_EXPLICIT freed 36K, 6% free 9562K/10119K, paused 1ms+2ms
07-10 09:23:35.701  6459  6508 I Gmail   : MainSyncRequestProto: lowestBkwdConvoId: 0, highestHandledServerOp: 1874427, normalSync: true
07-10 09:23:35.705  6459  6508 I Gmail   : lowestBackward conversation id 0
07-10 09:23:35.740   275   291 D dalvikvm: GC_EXPLICIT freed 95K, 7% free 10146K/10887K, paused 2ms+2ms
07-10 09:23:35.744  6459  6508 W Gmail   : Scheduling index for 300000 ms from now
07-10 09:23:35.885   144   168 I ActivityManager: Start proc com.google.android.music:main for service com.google.android.music/.sync.SyncAdapterService: pid=6683 uid=10065 gids={3003, 1015}
07-10 09:23:36.037  6683  6686 D dalvikvm: GC_CONCURRENT freed 154K, 3% free 9382K/9607K, paused 2ms+2ms
07-10 09:23:36.127  6683  6683 I ActivityThread: Pub com.google.android.music.MusicContent: com.google.android.music.store.MusicContentProvider
07-10 09:23:36.310  6683  6683 I MusicStore: Database version: 37
07-10 09:23:36.314  6683  6683 I AsyncCursor1:1: Initialized for content://com.google.android.music.MusicContent/playlists, proj:_id#name, sel: 'null', args: null, order: null
07-10 09:23:36.373  6683  6686 D dalvikvm: GC_CONCURRENT freed 250K, 4% free 9666K/9991K, paused 2ms+3ms
07-10 09:23:36.439  6683  6700 V MusicSyncAdapter: Commencing sync for geoffrey.challen@gmail.com; com.google
07-10 09:23:36.459  6683  6698 D MusicStore: Disabled WAL
07-10 09:23:36.459  6683  6698 D MusicStore: Database opened
07-10 09:23:36.471  6683  6700 I MusicPreferences: Waiting for preferences to be fully loaded
07-10 09:23:36.525  6683  6700 V MusicSyncAdapter: Downstream loop 1
07-10 09:23:36.596  6683  6700 I MusicPreferences: Waiting for preferences to be fully loaded
07-10 09:23:36.760  6683  6686 D dalvikvm: GC_CONCURRENT freed 352K, 5% free 9761K/10247K, paused 61ms+2ms
07-10 09:23:37.490  6650  6653 D dalvikvm: GC_CONCURRENT freed 380K, 5% free 10443K/10951K, paused 2ms+3ms
07-10 09:23:39.420   144   200 D ConnectivityService: handleInetConditionHoldEnd: net=1, condition=100, published condition=0
07-10 09:23:41.896  6683  6686 D dalvikvm: GC_CONCURRENT freed 342K, 5% free 9858K/10311K, paused 2ms+2ms
07-10 09:23:42.326  6683  6700 V MusicSyncAdapter: Waiting on downstream reader thread to finish...
07-10 09:23:42.490  6683  6704 D dalvikvm: GC_FOR_ALLOC freed 207K, 4% free 10064K/10375K, paused 24ms
07-10 09:23:42.490  6683  6700 V MusicSyncAdapter: Waiting on downstream merger thread to finish merging...
07-10 09:23:43.596  6683  6700 V MusicSyncAdapter: Downstream sync complete.
07-10 09:23:43.599  6683  6700 V MusicSyncAdapter: Commencing upstream sync.
07-10 09:23:43.619  6683  6700 V MusicSyncAdapter: Waiting on upstream reader thread to finish...
07-10 09:23:43.974  6683  6686 D dalvikvm: GC_CONCURRENT freed 479K, 6% free 10018K/10631K, paused 6ms+3ms
07-10 09:23:44.287  6683  6700 V MusicSyncAdapter: Waiting on upstream merger thread to finish merging...
07-10 09:23:44.287  6683  6700 V MusicSyncAdapter: Upstream sync done.
07-10 09:23:44.295  6683  6700 I MusicPreferences: Waiting for preferences to be fully loaded
07-10 09:23:44.342  6683  6715 I KeepOnUpdater: Updating SHOULDKEEPON
07-10 09:23:44.346  6683  6715 I KeepOnUpdater: Update of SHOULDKEEPON complete
07-10 09:23:44.455   144   308 D dalvikvm: GC_EXPLICIT freed 859K, 13% free 15565K/17799K, paused 2ms+9ms
07-10 09:23:44.478  6683  6683 I NetworkMonitor: Network Type: 1 isConnected: true
07-10 09:23:44.514  6459  6718 I Gmail   : MainSyncRequestProto: lowestBkwdConvoId: 0, highestHandledServerOp: 1874427, normalSync: true
07-10 09:23:44.588  6683  6683 I NetworkMonitor: Network changed: type(1) name(WIFI) isConnected : true noData: false bitrate:512
07-10 09:23:44.689  6683  6686 D dalvikvm: GC_CONCURRENT freed 311K, 5% free 10109K/10631K, paused 2ms+2ms
07-10 09:23:44.701  6683  6697 I MusicPreferences: Waiting for preferences to be fully loaded
07-10 09:23:44.752  6683  6720 I MusicCache: Cached file or directory "/mnt/sdcard/Android/data/com.google.android.music/cache/music" does not exist.
07-10 09:23:44.752  6683  6720 I MusicCache: Cached file or directory "/data/data/com.google.android.music/cache/music" does not exist.
07-10 09:23:44.990  6683  6683 I MusicDL : DownloadManager binded via: Intent { cmp=com.google.android.music/.dl.DownloadManager$DownloadManagerService }
07-10 09:23:45.021  6683  6697 I KeepOnScheduler: Predictive scheduler turned on
07-10 09:23:45.029  6683  6697 I MusicDL : Creating a new DownloadExecutor (was originally null)
07-10 09:23:45.064  6683  6697 I MusicDL : The download queue is empty.
07-10 09:23:45.068  6683  6697 I MusicDL : The download queue is empty.
07-10 09:23:45.080  6683  6697 I MusicDL : The download queue is empty.
07-10 09:23:45.092   144   144 I AudioService:  AudioFocus  abandonAudioFocus() from android.media.AudioManager@41429a28com.google.android.music.MusicPlaybackService$8@4130e890
07-10 09:23:45.111   144   161 I ActivityManager: Start proc com.android.musicfx for broadcast com.android.musicfx/.ControlPanelReceiver: pid=6723 uid=10032 gids={3003, 3002}
07-10 09:23:45.115  6683  6683 I MusicDL : DownloadManager.onDestroy
07-10 09:23:45.174  6723  6723 V MusicFXControlPanelReceiver: onReceive
07-10 09:23:45.174  6723  6723 V MusicFXControlPanelReceiver: Action: android.media.action.CLOSE_AUDIO_EFFECT_CONTROL_SESSION
07-10 09:23:45.174  6723  6723 V MusicFXControlPanelReceiver: Package name: com.google.android.music
07-10 09:23:45.174  6723  6723 V MusicFXControlPanelReceiver: Audio session: 149
07-10 09:23:45.174  6723  6723 V MusicFXControlPanelEffect: closeSession(android.app.ReceiverRestrictedContext@41310318, com.google.android.music, 149)
07-10 09:23:45.271  6650  6653 D dalvikvm: GC_CONCURRENT freed 350K, 5% free 10532K/11015K, paused 2ms+3ms
07-10 09:23:45.303  6459  6718 D dalvikvm: GC_EXPLICIT freed 110K, 6% free 9587K/10119K, paused 14ms+7ms
07-10 09:23:45.306  6459  6718 I Gmail   : MainSyncRequestProto: lowestBkwdConvoId: 0, highestHandledServerOp: 1874427, normalSync: true
07-10 09:23:45.310  6459  6718 I Gmail   : lowestBackward conversation id 0
07-10 09:23:45.326  6459  6718 W Gmail   : Scheduling index for 300000 ms from now
07-10 09:23:45.556  6683  6686 D dalvikvm: GC_CONCURRENT freed 255K, 4% free 10265K/10631K, paused 2ms+3ms
07-10 09:23:45.685  6683  6686 D dalvikvm: GC_CONCURRENT freed 288K, 4% free 10524K/10887K, paused 1ms+2ms
07-10 09:23:51.221  5824  5837 I PhoneLab-: Service Running
07-10 09:23:51.342  5824  5837 I PhoneLab-LoggerService: app_36    1287  1     1444   1004  c00f181c 400107b4 S logcat
07-10 09:23:51.342  5824  5837 I PhoneLab-LoggerService: Logcat pid from database 1287
07-10 09:23:51.342  5824  5837 I PhoneLab-LoggerService: Logcat process found 1287
07-10 09:23:51.342  5824  5837 I PhoneLab-LoggerService: Checking Threshold
07-10 09:23:51.342  5824  5837 I PhoneLab-: Service Running
07-10 09:23:51.373  5824  5837 I PhoneLab-LoggerService: app_36    1287  1     1444   1004  c00f181c 400107b4 S logcat
07-10 09:23:51.373  5824  5837 I PhoneLab-LoggerService: Logcat pid from database 1287
07-10 09:23:51.373  5824  5837 I PhoneLab-LoggerService: Logcat process found 1287
07-10 09:23:51.373  5824  5837 I PhoneLab-LoggerService: Checking Threshold
07-10 09:23:51.373  5824  5837 I PhoneLab-: Service Running
07-10 09:23:51.408  5824  5837 I PhoneLab-LoggerService: app_36    1287  1     1444   1004  c00f181c 400107b4 S logcat
07-10 09:23:51.408  5824  5837 I PhoneLab-LoggerService: Logcat pid from database 1287
07-10 09:23:51.408  5824  5837 I PhoneLab-LoggerService: Logcat process found 1287
07-10 09:23:51.408  5824  5837 I PhoneLab-LoggerService: Checking Threshold
07-10 09:23:51.408  5824  5837 I PhoneLab-: Service Running
07-10 09:23:51.451  5824  5826 D dalvikvm: GC_CONCURRENT freed 458K, 14% free 9148K/10567K, paused 3ms+2ms
07-10 09:23:51.459  5824  5837 I PhoneLab-LoggerService: app_36    1287  1     1444   1004  c00f181c 400107b4 S logcat
07-10 09:23:51.459  5824  5837 I PhoneLab-LoggerService: Logcat pid from database 1287
07-10 09:23:51.459  5824  5837 I PhoneLab-LoggerService: Logcat process found 1287
07-10 09:23:51.459  5824  5837 I PhoneLab-LoggerService: Checking Threshold
07-10 09:23:51.459  5824  5837 I PhoneLab-: Service Running
07-10 09:23:51.494  5824  5837 I PhoneLab-LoggerService: app_36    1287  1     1444   1004  c00f181c 400107b4 S logcat
07-10 09:23:51.494  5824  5837 I PhoneLab-LoggerService: Logcat pid from database 1287
07-10 09:23:51.494  5824  5837 I PhoneLab-LoggerService: Logcat process found 1287
07-10 09:23:51.494  5824  5837 I PhoneLab-LoggerService: Checking Threshold
07-10 09:23:52.849   144   844 I ActivityManager: No longer want twc.weatherController (pid 6423): hidden #16
07-10 09:26:09.007   144   160 V BackupManagerService: Running a backup pass
07-10 09:26:09.015   144   213 V BackupManagerService: Backup requested but nothing pending
07-10 09:27:37.043  6459  6749 I Gmail   : MainSyncRequestProto: lowestBkwdConvoId: 0, highestHandledServerOp: 1874427, normalSync: true
07-10 09:27:37.925  6459  6749 D dalvikvm: GC_EXPLICIT freed 295K, 6% free 9584K/10119K, paused 4ms+5ms
07-10 09:27:37.933  6459  6749 I Gmail   : MainSyncRequestProto: lowestBkwdConvoId: 0, highestHandledServerOp: 1874442, normalSync: true
07-10 09:27:38.898  6459  6749 D dalvikvm: GC_EXPLICIT freed 134K, 6% free 9588K/10119K, paused 2ms+2ms
07-10 09:27:38.906  6459  6749 I Gmail   : MainSyncRequestProto: lowestBkwdConvoId: 0, highestHandledServerOp: 1874442, normalSync: true
07-10 09:27:38.906  6459  6749 I Gmail   : lowestBackward conversation id 0
07-10 09:27:38.918  6459  6749 W Gmail   : Scheduling index for 300000 ms from now
07-10 09:27:50.000  6650  6653 D dalvikvm: GC_CONCURRENT freed 358K, 5% free 10624K/11079K, paused 2ms+4ms
07-10 09:30:09.195  6459  6753 I Gmail   : MainSyncRequestProto: lowestBkwdConvoId: 0, highestHandledServerOp: 1874442, normalSync: true
07-10 09:30:09.906  6459  6753 D dalvikvm: GC_EXPLICIT freed 130K, 6% free 9592K/10119K, paused 1ms+3ms
07-10 09:30:09.910  6459  6753 I Gmail   : MainSyncRequestProto: lowestBkwdConvoId: 0, highestHandledServerOp: 1874442, normalSync: true
07-10 09:30:09.914  6459  6753 I Gmail   : lowestBackward conversation id 0
07-10 09:30:09.922  6459  6753 W Gmail   : Scheduling index for 300000 ms from now
07-10 09:34:16.089   144   168 I ActivityManager: Start proc com.google.android.syncadapters.calendar for service com.google.android.syncadapters.calendar/.CalendarSyncAdapterService: pid=6755 uid=10018 gids={3003}
07-10 09:34:16.316  6563  6567 D dalvikvm: GC_CONCURRENT freed 320K, 5% free 9150K/9543K, paused 3ms+2ms
07-10 09:34:16.414   275   278 D dalvikvm: GC_CONCURRENT freed 280K, 6% free 10255K/10887K, paused 5ms+6ms
07-10 09:34:16.636  5824  5824 I PhoneLab-Locks: wake lock acquired
07-10 09:34:16.644  5824  6775 I PhoneLab-PeriodicCheckService: User info is synched
07-10 09:34:16.648  5824  6775 I PhoneLab-PeriodicCheckService: Logger Service is running
07-10 09:34:16.652  5824  5824 I PhoneLab-Locks: wake lock acquired
07-10 09:34:16.656  5824  5824 I PhoneLab-StatusMonitor: Status Monitoring is started
07-10 09:34:16.660  5824  6775 I PhoneLab-Locks: wake lock acquired
07-10 09:34:16.664  5824  6775 I PhoneLab-PeriodicCheckService: Rescheduling periodic checking...
07-10 09:34:16.668  5824  6775 I PhoneLab-Locks: wake lock released
07-10 09:34:16.687  5824  5824 E PhoneLab-PhoneLabManifest: java.io.FileNotFoundException: /data/data/edu.buffalo.cse.phonelab.phonelabservices/files/manifest.xml: open failed: ENOENT (No such file or directory)
07-10 09:34:16.703  5824  5824 I PhoneLab-Locks: wake lock released
07-10 09:34:16.703  5824  5824 I PhoneLab-UploadLogs: Transfering log files now
07-10 09:34:16.703  5824  5824 I PhoneLab-UploadLogs: No log files to transfer
07-10 09:34:16.703  5824  5824 I PhoneLab-Locks: wake lock released
07-10 09:34:16.707  5824  5824 I PhoneLab-UploadLogs: OnStartCommand
07-10 09:34:20.582  6755  6758 D dalvikvm: GC_CONCURRENT freed 284K, 5% free 9191K/9607K, paused 20ms+9ms
07-10 09:34:24.011  5824  5837 I PhoneLab-: Service Running
07-10 09:34:24.093  5824  5837 I PhoneLab-LoggerService: app_36    1287  1     1444   1004  c00f181c 400107b4 S logcat
07-10 09:34:24.093  5824  5837 I PhoneLab-LoggerService: Logcat pid from database 1287
07-10 09:34:24.093  5824  5837 I PhoneLab-LoggerService: Logcat process found 1287
07-10 09:34:24.093  5824  5837 I PhoneLab-LoggerService: Checking Threshold
07-10 09:34:24.093  5824  5837 I PhoneLab-: Service Running
07-10 09:34:24.121  5824  5837 I PhoneLab-LoggerService: app_36    1287  1     1444   1004  c00f181c 400107b4 S logcat
07-10 09:34:24.121  5824  5837 I PhoneLab-LoggerService: Logcat pid from database 1287
07-10 09:34:24.121  5824  5837 I PhoneLab-LoggerService: Logcat process found 1287
07-10 09:34:24.121  5824  5837 I PhoneLab-LoggerService: Checking Threshold
07-10 09:34:24.121  5824  5837 I PhoneLab-: Service Running
07-10 09:34:24.148  5824  5837 I PhoneLab-LoggerService: app_36    1287  1     1444   1004  c00f181c 400107b4 S logcat
07-10 09:34:24.148  5824  5837 I PhoneLab-LoggerService: Logcat pid from database 1287
07-10 09:34:24.148  5824  5837 I PhoneLab-LoggerService: Logcat process found 1287
07-10 09:34:24.148  5824  5837 I PhoneLab-LoggerService: Checking Threshold
07-10 09:34:24.152  5824  5837 I PhoneLab-: Service Running
07-10 09:34:24.179  5824  5837 I PhoneLab-LoggerService: app_36    1287  1     1444   1004  c00f181c 400107b4 S logcat
07-10 09:34:24.179  5824  5837 I PhoneLab-LoggerService: Logcat pid from database 1287
07-10 09:34:24.179  5824  5837 I PhoneLab-LoggerService: Logcat process found 1287
07-10 09:34:24.179  5824  5837 I PhoneLab-LoggerService: Checking Threshold
07-10 09:34:24.179  5824  5837 I PhoneLab-: Service Running
07-10 09:34:24.222  5824  5837 I PhoneLab-LoggerService: app_36    1287  1     1444   1004  c00f181c 400107b4 S logcat
07-10 09:34:24.222  5824  5837 I PhoneLab-LoggerService: Logcat pid from database 1287
07-10 09:34:24.222  5824  5837 I PhoneLab-LoggerService: Logcat process found 1287
07-10 09:34:24.222  5824  5837 I PhoneLab-LoggerService: Checking Threshold
07-10 09:34:24.222  5824  5826 D dalvikvm: GC_CONCURRENT freed 399K, 14% free 9150K/10567K, paused 1ms+2ms
07-10 09:34:34.304  6755  6758 D dalvikvm: GC_CONCURRENT freed 364K, 6% free 9242K/9735K, paused 1ms+2ms
07-10 09:34:34.410   144   844 D dalvikvm: GC_EXPLICIT freed 1087K, 13% free 15622K/17799K, paused 2ms+6ms
07-10 09:34:36.465  6563  6567 D dalvikvm: GC_CONCURRENT freed 299K, 5% free 9240K/9671K, paused 2ms+2ms
07-10 09:35:04.519  5824  5837 I PhoneLab-: Service Running
07-10 09:35:36.199   275   789 I EventLogService: Aggregate from 1341925535903 (log), 1341925535903 (data)
07-10 09:35:36.242  5824  5837 I PhoneLab-LoggerService: app_36    1287  1     1444   1004  c00f181c 400107b4 S logcat
07-10 09:35:36.242  5824  5837 I PhoneLab-LoggerService: Logcat pid from database 1287
07-10 09:35:36.242  5824  5837 I PhoneLab-LoggerService: Logcat process found 1287
07-10 09:35:36.242  5824  5837 I PhoneLab-LoggerService: Checking Threshold
07-10 09:39:21.070  6459  6791 W Gmail   : Successful index run, cancel next scheduled index run
07-10 09:40:31.304  6650  6653 D dalvikvm: GC_CONCURRENT freed 425K, 5% free 10687K/11207K, paused 3ms+3ms
07-10 09:40:33.273  6650  6653 D dalvikvm: GC_CONCURRENT freed 330K, 4% free 10822K/11271K, paused 2ms+2ms
07-10 09:42:35.066   214   216 D dalvikvm: GC_CONCURRENT freed 558K, 13% free 9883K/11335K, paused 1ms+3ms
07-10 09:43:50.277  6459  6795 I Gmail   : MainSyncRequestProto: lowestBkwdConvoId: 0, highestHandledServerOp: 1874442, normalSync: true
07-10 09:43:53.121  6459  6461 D dalvikvm: GC_CONCURRENT freed 385K, 5% free 9622K/10119K, paused 11ms+3ms
07-10 09:43:53.191  6459  6795 D dalvikvm: GC_EXPLICIT freed 105K, 6% free 9590K/10119K, paused 2ms+2ms
07-10 09:43:53.195  6459  6795 I Gmail   : MainSyncRequestProto: lowestBkwdConvoId: 0, highestHandledServerOp: 1874468, normalSync: true
07-10 09:43:53.984  6459  6795 D dalvikvm: GC_EXPLICIT freed 127K, 6% free 9613K/10119K, paused 2ms+2ms
07-10 09:43:53.992  6459  6795 I Gmail   : MainSyncRequestProto: lowestBkwdConvoId: 0, highestHandledServerOp: 1874468, normalSync: true
07-10 09:43:53.992  6459  6795 I Gmail   : lowestBackward conversation id 0
07-10 09:43:54.000  6459  6795 W Gmail   : Scheduling index for 300000 ms from now
07-10 09:43:54.074  6459  6797 I Gmail   : MainSyncRequestProto: lowestBkwdConvoId: 0, highestHandledServerOp: 1874468, normalSync: true
07-10 09:43:54.941  6459  6797 D dalvikvm: GC_EXPLICIT freed 126K, 6% free 9613K/10119K, paused 2ms+3ms
07-10 09:43:54.945  6459  6797 I Gmail   : MainSyncRequestProto: lowestBkwdConvoId: 0, highestHandledServerOp: 1874468, normalSync: true
07-10 09:43:54.945  6459  6797 I Gmail   : lowestBackward conversation id 0
07-10 09:43:54.957  6459  6797 W Gmail   : Scheduling index for 300000 ms from now
07-10 09:47:10.144  6459  6799 I Gmail   : MainSyncRequestProto: lowestBkwdConvoId: 0, highestHandledServerOp: 1874468, normalSync: true
07-10 09:47:11.058  6459  6799 D dalvikvm: GC_EXPLICIT freed 327K, 5% free 9628K/10119K, paused 4ms+6ms
07-10 09:47:11.070  6459  6799 I Gmail   : MainSyncRequestProto: lowestBkwdConvoId: 0, highestHandledServerOp: 1874476, normalSync: true
07-10 09:47:11.070  6459  6799 I Gmail   : lowestBackward conversation id 0
07-10 09:47:11.078  6459  6799 W Gmail   : Scheduling index for 300000 ms from now
07-10 09:51:16.996  6563  6563 I CalendarProvider2: Sending notification intent: Intent { act=android.intent.action.PROVIDER_CHANGED dat=content://com.android.calendar }
07-10 09:51:16.996  6563  6563 W ContentResolver: Failed to get type for: content://com.android.calendar (Unknown URL content://com.android.calendar)
07-10 09:53:33.066   144   308 I ActivityManager: No longer want twc.provider (pid 6438): hidden #16
07-10 09:53:33.125  6535  6537 D dalvikvm: GC_CONCURRENT freed 300K, 4% free 9170K/9543K, paused 2ms+5ms
07-10 09:54:05.035   285   285 I wpa_supplicant: wlan0: CTRL-EVENT-DISCONNECTED bssid=c4:3d:c7:a7:ad:c9 reason=0
07-10 09:54:05.043    75   117 D CommandListener: Clearing all IP addresses on wlan0
07-10 09:54:05.058   144   200 D ConnectivityService: ConnectivityChange for WIFI: DISCONNECTED/DISCONNECTED
07-10 09:54:05.070   144   200 D ConnectivityService: Attempting to switch to mobile
07-10 09:54:05.070   144   200 D ConnectivityService: Attempting to switch to WIMAX
07-10 09:54:05.070   144   200 D ConnectivityService: Attempting to switch to BLUETOOTH_TETHER
07-10 09:54:05.074   144   200 E ConnectivityService: Exception trying to remove a route: java.lang.IllegalStateException: Unable to communicate with native dameon to add routes - com.android.server.NativeDaemonConnectorException: Cmd {interface route remove wlan0 default 192.168.1.1 32 0.0.0.0} failed with code 400 : {Failed to remove route from default table (No such process)}
07-10 09:54:05.078   144   200 D NetUtils: android_net_utils_resetConnections in env=0x7913f0 clazz=0x96400001 iface=wlan0 mask=0x3
07-10 09:54:05.078   144   200 E ConnectivityService: Exception trying to remove a route: java.lang.IllegalStateException: Unable to communicate with native dameon to add routes - com.android.server.NativeDaemonConnectorException: Cmd {interface route remove wlan0 default 0.0.0.0 0 192.168.1.1} failed with code 400 : {Failed to remove route from default table (No such process)}
07-10 09:54:05.078   144   200 D ConnectivityService: resetConnections(wlan0, 3)
07-10 09:54:05.148   275  6709 W Smack/Packet: notify conn break (IOEx), close connection
07-10 09:54:05.285   144   146 D dalvikvm: GC_CONCURRENT freed 1639K, 13% free 15626K/17799K, paused 10ms+6ms
07-10 09:54:05.308   275  6709 I qtaguid : Failed write_ctrl(u 72) res=-1 errno=22
07-10 09:54:05.308   275  6709 I qtaguid : Untagging socket 72 failed errno=-22
07-10 09:54:05.308   275  6709 W NetworkManagementSocketTagger: untagSocket(72) failed with errno -22
07-10 09:54:05.312   144   200 D ConnectivityService: handleInetConditionChange: no active default network - ignore
07-10 09:54:08.105   144   204 D Tethering: MasterInitialState.processMessage what=3
07-10 09:54:08.238  6602  6616 D PicasaSyncManager: active network: null
07-10 09:54:08.238  6602  6616 D PicasaSyncManager: background data: true
07-10 09:54:08.281  6618  6618 I MediaUploader: No need to wake up
07-10 09:54:08.285  5824  5824 I PhoneLab-WiFiReceiver: Wi-Fi is disconnected!
07-10 09:54:11.851   144   200 D ConnectivityService: ConnectivityChange for mobile: CONNECTED/CONNECTED
07-10 09:54:11.937   144   196 D NetworkPolicy: applying policy NetworkPolicy[NetworkTemplate: matchRule=MOBILE_ALL, subscriberId=valid]: cycleDay=2, warningBytes=2147483648, limitBytes=-1, lastSnooze=-1 to ifaces [rmnet0]
07-10 09:54:12.117   275   275 I GTalkService/c: [AndroidEndpoint@1094468456] connect: acct=1000000, state=CONNECTING
07-10 09:54:12.425   275   278 D dalvikvm: GC_CONCURRENT freed 389K, 6% free 10257K/10887K, paused 15ms+4ms
07-10 09:54:12.855   144   200 D ConnectivityService: NetTransition Wakelock for WifiStateMachine released by timeout
07-10 09:54:13.757   144   200 D ConnectivityService: handleInetConditionHoldEnd: net=0, condition=100, published condition=0
07-10 09:54:14.914   144   204 D Tethering: MasterInitialState.processMessage what=3
07-10 09:54:14.992  6618  6618 I MediaUploader: No need to wake up
07-10 09:54:15.007  6602  6616 D PicasaSyncManager: active network: NetworkInfo: type: mobile[CDMA - EvDo rev. A], state: CONNECTED/CONNECTED, reason: (unspecified), extra: , roaming: false, failover: false, isAvailable: true
07-10 09:54:15.007  6602  6616 D PicasaSyncManager: background data: true
07-10 09:54:15.054  6634  6634 W ContextScopeImpl: thread=1 tried to enter the scope of the application context. Ignored.
07-10 09:54:15.465   144   200 D ConnectivityService: handleInetConditionHoldEnd: net=0, condition=100, published condition=100
07-10 09:54:20.601  6683  6686 D dalvikvm: GC_CONCURRENT freed 846K, 9% free 10100K/11079K, paused 7ms+3ms
07-10 09:54:20.625  6683  6814 V MusicSyncAdapter: Commencing sync for geoffrey.challen@gmail.com; com.google
07-10 09:54:20.632  6683  6692 E NetworkMonitorServiceConn: NetworkMonitorServiceConnection not unbinded cleanly
07-10 09:54:20.632  6683  6692 E NetworkMonitorServiceConn: java.lang.Throwable
07-10 09:54:20.632  6683  6692 E NetworkMonitorServiceConn: 	at com.google.android.music.NetworkMonitorServiceConnection.finalize(NetworkMonitorServiceConnection.java:142)
07-10 09:54:20.632  6683  6692 E NetworkMonitorServiceConn: 	at java.lang.Daemons$FinalizerDaemon.doFinalize(Daemons.java:182)
07-10 09:54:20.632  6683  6692 E NetworkMonitorServiceConn: 	at java.lang.Daemons$FinalizerDaemon.run(Daemons.java:168)
07-10 09:54:20.632  6683  6692 E NetworkMonitorServiceConn: 	at java.lang.Thread.run(Thread.java:856)
07-10 09:54:20.687  6683  6814 I MusicPreferences: Waiting for preferences to be fully loaded
07-10 09:54:20.718  6683  6814 V MusicSyncAdapter: Downstream loop 1
07-10 09:54:21.043  6459  6816 W Gmail   : Successful index run, cancel next scheduled index run
07-10 09:54:22.156  6683  6686 D dalvikvm: GC_CONCURRENT freed 343K, 9% free 10142K/11079K, paused 3ms+2ms
07-10 09:54:22.234  6683  6814 V MusicSyncAdapter: Waiting on downstream reader thread to finish...
07-10 09:54:22.324  6683  6686 D dalvikvm: GC_CONCURRENT freed 217K, 7% free 10391K/11079K, paused 2ms+3ms
07-10 09:54:22.343  6683  6814 V MusicSyncAdapter: Waiting on downstream merger thread to finish merging...
07-10 09:54:23.027  6683  6814 V MusicSyncAdapter: Downstream sync complete.
07-10 09:54:23.027  6683  6814 V MusicSyncAdapter: Commencing upstream sync.
07-10 09:54:23.031  6683  6814 V MusicSyncAdapter: Waiting on upstream reader thread to finish...
07-10 09:54:23.195  6683  6686 D dalvikvm: GC_CONCURRENT freed 608K, 9% free 10172K/11079K, paused 2ms+3ms
07-10 09:54:23.582  6683  6814 V MusicSyncAdapter: Waiting on upstream merger thread to finish merging...
07-10 09:54:23.582  6683  6814 V MusicSyncAdapter: Upstream sync done.
07-10 09:54:23.590  6683  6814 I MusicPreferences: Waiting for preferences to be fully loaded
07-10 09:54:23.617  6683  6817 I KeepOnUpdater: Updating SHOULDKEEPON
07-10 09:54:23.625  6683  6817 I KeepOnUpdater: Update of SHOULDKEEPON complete
07-10 09:54:23.636  6683  6683 I NetworkMonitor: Network Type: 0 isConnected: true
07-10 09:54:23.656  6683  6683 I NetworkMonitor: Network changed: type(0) name(mobile) isConnected : true noData: false bitrate:192
07-10 09:54:23.664  6683  6697 I MusicPreferences: Waiting for preferences to be fully loaded
07-10 09:54:23.746   144   385 D dalvikvm: GC_EXPLICIT freed 923K, 13% free 15600K/17799K, paused 3ms+7ms
07-10 09:54:23.761  6683  6683 I MusicDL : Creating a new DownloadExecutor (was originally null)
07-10 09:54:23.804  6683  6683 I MusicDL : DownloadManager binded via: Intent { cmp=com.google.android.music/.dl.DownloadManager$DownloadManagerService }
07-10 09:54:23.898  6683  6686 D dalvikvm: GC_CONCURRENT freed 372K, 8% free 10197K/11079K, paused 2ms+2ms
07-10 09:54:23.902  6683  6692 E NetworkMonitorServiceConn: NetworkMonitorServiceConnection not unbinded cleanly
07-10 09:54:23.902  6683  6692 E NetworkMonitorServiceConn: java.lang.Throwable
07-10 09:54:23.902  6683  6692 E NetworkMonitorServiceConn: 	at com.google.android.music.NetworkMonitorServiceConnection.finalize(NetworkMonitorServiceConnection.java:142)
07-10 09:54:23.902  6683  6692 E NetworkMonitorServiceConn: 	at java.lang.Daemons$FinalizerDaemon.doFinalize(Daemons.java:182)
07-10 09:54:23.902  6683  6692 E NetworkMonitorServiceConn: 	at java.lang.Daemons$FinalizerDaemon.run(Daemons.java:168)
07-10 09:54:23.902  6683  6692 E NetworkMonitorServiceConn: 	at java.lang.Thread.run(Thread.java:856)
07-10 09:54:23.902  6683  6692 E NetworkMonitorServiceConn: NetworkMonitorServiceConnection not unbinded cleanly
07-10 09:54:23.902  6683  6692 E NetworkMonitorServiceConn: java.lang.Throwable
07-10 09:54:23.902  6683  6692 E NetworkMonitorServiceConn: 	at com.google.android.music.NetworkMonitorServiceConnection.finalize(NetworkMonitorServiceConnection.java:142)
07-10 09:54:23.902  6683  6692 E NetworkMonitorServiceConn: 	at java.lang.Daemons$FinalizerDaemon.doFinalize(Daemons.java:182)
07-10 09:54:23.902  6683  6692 E NetworkMonitorServiceConn: 	at java.lang.Daemons$FinalizerDaemon.run(Daemons.java:168)
07-10 09:54:23.902  6683  6692 E NetworkMonitorServiceConn: 	at java.lang.Thread.run(Thread.java:856)
07-10 09:54:23.902  6683  6692 E NetworkMonitorServiceConn: NetworkMonitorServiceConnection not unbinded cleanly
07-10 09:54:23.902  6683  6692 E NetworkMonitorServiceConn: java.lang.Throwable
07-10 09:54:23.902  6683  6692 E NetworkMonitorServiceConn: 	at com.google.android.music.NetworkMonitorServiceConnection.finalize(NetworkMonitorServiceConnection.java:142)
07-10 09:54:23.902  6683  6692 E NetworkMonitorServiceConn: 	at java.lang.Daemons$FinalizerDaemon.doFinalize(Daemons.java:182)
07-10 09:54:23.902  6683  6692 E NetworkMonitorServiceConn: 	at java.lang.Daemons$FinalizerDaemon.run(Daemons.java:168)
07-10 09:54:23.902  6683  6692 E NetworkMonitorServiceConn: 	at java.lang.Thread.run(Thread.java:856)
07-10 09:54:24.078  6683  6821 I MusicCache: Cached file or directory "/mnt/sdcard/Android/data/com.google.android.music/cache/music" does not exist.
07-10 09:54:24.082  6683  6821 I MusicCache: Cached file or directory "/data/data/com.google.android.music/cache/music" does not exist.
07-10 09:54:24.082  6683  6697 I KeepOnScheduler: Not doing predictive downloading because KeepOnScheduler is disabled
07-10 09:54:24.082  6683  6697 I MusicDL : The download queue is empty.
07-10 09:54:24.086  6683  6697 I KeepOnScheduler: Not doing predictive downloading because KeepOnScheduler is disabled
07-10 09:54:24.086  6683  6697 I MusicDL : The download queue is empty.
07-10 09:54:24.101   144   385 I AudioService:  AudioFocus  abandonAudioFocus() from android.media.AudioManager@41412c60com.google.android.music.MusicPlaybackService$8@41317280
07-10 09:54:24.101  6723  6723 V MusicFXControlPanelReceiver: onReceive
07-10 09:54:24.101  6723  6723 V MusicFXControlPanelReceiver: Action: android.media.action.CLOSE_AUDIO_EFFECT_CONTROL_SESSION
07-10 09:54:24.101  6723  6723 V MusicFXControlPanelReceiver: Package name: com.google.android.music
07-10 09:54:24.101  6723  6723 V MusicFXControlPanelReceiver: Audio session: 150
07-10 09:54:24.101  6723  6723 V MusicFXControlPanelEffect: closeSession(android.app.ReceiverRestrictedContext@41310318, com.google.android.music, 150)
07-10 09:54:24.109  6683  6683 I MusicDL : DownloadManager.onDestroy
07-10 09:54:24.230  6683  6686 D dalvikvm: GC_CONCURRENT freed 288K, 7% free 10414K/11079K, paused 3ms+3ms
07-10 09:54:24.316  6683  6686 D dalvikvm: GC_CONCURRENT freed 316K, 5% free 10555K/11079K, paused 5ms+3ms
07-10 09:56:29.296  6459  6832 I Gmail   : MainSyncRequestProto: lowestBkwdConvoId: 0, highestHandledServerOp: 1874476, normalSync: true
07-10 09:56:31.519  6459  6461 D dalvikvm: GC_CONCURRENT freed 424K, 6% free 9640K/10183K, paused 1ms+3ms
07-10 09:56:31.793  6459  6832 D dalvikvm: GC_EXPLICIT freed 42K, 6% free 9608K/10183K, paused 2ms+2ms
07-10 09:56:31.796  6459  6832 I Gmail   : MainSyncRequestProto: lowestBkwdConvoId: 0, highestHandledServerOp: 1874498, normalSync: true
07-10 09:56:33.382   214   216 D dalvikvm: GC_CONCURRENT freed 123K, 11% free 10167K/11335K, paused 6ms+7ms
07-10 09:56:33.484   214   216 D dalvikvm: GC_CONCURRENT freed 485K, 11% free 10142K/11335K, paused 2ms+3ms
07-10 09:56:33.543  6459  6832 D dalvikvm: GC_EXPLICIT freed 77K, 6% free 9625K/10183K, paused 1ms+2ms
07-10 09:56:33.554  6459  6832 I Gmail   : MainSyncRequestProto: lowestBkwdConvoId: 0, highestHandledServerOp: 1874498, normalSync: true
07-10 09:56:33.558  6459  6832 I Gmail   : lowestBackward conversation id 0
07-10 09:56:33.574  6459  6832 W Gmail   : Scheduling index for 300000 ms from now
07-10 09:56:34.367  5824  5837 I PhoneLab-: Service Running
07-10 09:56:34.468  5824  5837 I PhoneLab-LoggerService: app_36    1287  1     1444   1004  c00f181c 400107b4 S logcat
07-10 09:56:34.468  5824  5837 I PhoneLab-LoggerService: Logcat pid from database 1287
07-10 09:56:34.468  5824  5837 I PhoneLab-LoggerService: Logcat process found 1287
07-10 09:56:34.468  5824  5837 I PhoneLab-LoggerService: Checking Threshold
07-10 09:56:34.468  5824  5837 I PhoneLab-: Service Running
07-10 09:56:34.496  5824  5837 I PhoneLab-LoggerService: app_36    1287  1     1444   1004  c00f181c 400107b4 S logcat
07-10 09:56:34.496  5824  5837 I PhoneLab-LoggerService: Logcat pid from database 1287
07-10 09:56:34.496  5824  5837 I PhoneLab-LoggerService: Logcat process found 1287
07-10 09:56:34.496  5824  5837 I PhoneLab-LoggerService: Checking Threshold
07-10 09:56:34.496  5824  5837 I PhoneLab-: Service Running
07-10 09:56:34.527  5824  5837 I PhoneLab-LoggerService: app_36    1287  1     1444   1004  c00f181c 400107b4 S logcat
07-10 09:56:34.527  5824  5837 I PhoneLab-LoggerService: Logcat pid from database 1287
07-10 09:56:34.527  5824  5837 I PhoneLab-LoggerService: Logcat process found 1287
07-10 09:56:34.527  5824  5837 I PhoneLab-LoggerService: Checking Threshold
07-10 09:56:34.527  5824  5837 I PhoneLab-: Service Running
07-10 09:56:34.554  5824  5837 I PhoneLab-LoggerService: app_36    1287  1     1444   1004  c00f181c 400107b4 S logcat
07-10 09:56:34.554  5824  5837 I PhoneLab-LoggerService: Logcat pid from database 1287
07-10 09:56:34.554  5824  5837 I PhoneLab-LoggerService: Logcat process found 1287
07-10 09:56:34.554  5824  5837 I PhoneLab-LoggerService: Checking Threshold
07-10 09:56:34.554  5824  5837 I PhoneLab-: Service Running
07-10 09:56:34.586  5824  5837 I PhoneLab-LoggerService: app_36    1287  1     1444   1004  c00f181c 400107b4 S logcat
07-10 09:56:34.586  5824  5837 I PhoneLab-LoggerService: Logcat pid from database 1287
07-10 09:56:34.586  5824  5837 I PhoneLab-LoggerService: Logcat process found 1287
07-10 09:56:34.586  5824  5837 I PhoneLab-LoggerService: Checking Threshold
07-10 09:56:34.586  5824  5837 I PhoneLab-: Service Running
07-10 09:56:34.613  5824  5837 I PhoneLab-LoggerService: app_36    1287  1     1444   1004  c00f181c 400107b4 S logcat
07-10 09:56:34.613  5824  5837 I PhoneLab-LoggerService: Logcat pid from database 1287
07-10 09:56:34.613  5824  5837 I PhoneLab-LoggerService: Logcat process found 1287
07-10 09:56:34.613  5824  5837 I PhoneLab-LoggerService: Checking Threshold
07-10 09:56:34.613  5824  5837 I PhoneLab-: Service Running
07-10 09:56:34.652  5824  5826 D dalvikvm: GC_CONCURRENT freed 406K, 14% free 9159K/10567K, paused 1ms+7ms
07-10 09:56:34.660  5824  5837 I PhoneLab-LoggerService: app_36    1287  1     1444   1004  c00f181c 400107b4 S logcat
07-10 09:56:34.660  5824  5837 I PhoneLab-LoggerService: Logcat pid from database 1287
07-10 09:56:34.660  5824  5837 I PhoneLab-LoggerService: Logcat process found 1287
07-10 09:56:34.660  5824  5837 I PhoneLab-LoggerService: Checking Threshold
07-10 09:56:34.660  5824  5837 I PhoneLab-: Service Running
07-10 09:56:34.695  5824  5837 I PhoneLab-LoggerService: app_36    1287  1     1444   1004  c00f181c 400107b4 S logcat
07-10 09:56:34.695  5824  5837 I PhoneLab-LoggerService: Logcat pid from database 1287
07-10 09:56:34.695  5824  5837 I PhoneLab-LoggerService: Logcat process found 1287
07-10 09:56:34.695  5824  5837 I PhoneLab-LoggerService: Checking Threshold
07-10 09:56:34.695  5824  5837 I PhoneLab-: Service Running
07-10 09:56:34.722  5824  5837 I PhoneLab-LoggerService: app_36    1287  1     1444   1004  c00f181c 400107b4 S logcat
07-10 09:56:34.722  5824  5837 I PhoneLab-LoggerService: Logcat pid from database 1287
07-10 09:56:34.722  5824  5837 I PhoneLab-LoggerService: Logcat process found 1287
07-10 09:56:34.722  5824  5837 I PhoneLab-LoggerService: Checking Threshold
07-10 09:56:34.726  5824  5837 I PhoneLab-: Service Running
07-10 09:56:34.754  5824  5837 I PhoneLab-LoggerService: app_36    1287  1     1444   1004  c00f181c 400107b4 S logcat
07-10 09:56:34.754  5824  5837 I PhoneLab-LoggerService: Logcat pid from database 1287
07-10 09:56:34.754  5824  5837 I PhoneLab-LoggerService: Logcat process found 1287
07-10 09:56:34.754  5824  5837 I PhoneLab-LoggerService: Checking Threshold
07-10 09:56:34.754  5824  5837 I PhoneLab-: Service Running
07-10 09:56:34.781  5824  5837 I PhoneLab-LoggerService: app_36    1287  1     1444   1004  c00f181c 400107b4 S logcat
07-10 09:56:34.781  5824  5837 I PhoneLab-LoggerService: Logcat pid from database 1287
07-10 09:56:34.781  5824  5837 I PhoneLab-LoggerService: Logcat process found 1287
07-10 09:56:34.781  5824  5837 I PhoneLab-LoggerService: Checking Threshold
07-10 09:58:19.211   214   216 D dalvikvm: GC_CONCURRENT freed 397K, 11% free 10139K/11335K, paused 30ms+6ms
07-10 09:58:19.230   214   214 D dalvikvm: GC_FOR_ALLOC freed 14K, 11% free 10125K/11335K, paused 21ms
07-10 09:58:19.230   214   214 I dalvikvm-heap: Grow heap (frag case) to 10.135MB for 186256-byte allocation
07-10 09:58:19.250   214   214 D dalvikvm: GC_FOR_ALLOC freed 0K, 11% free 10307K/11527K, paused 15ms
07-10 09:58:19.289   214   214 D dalvikvm: GC_FOR_ALLOC freed 341K, 13% free 10125K/11527K, paused 15ms
07-10 09:58:19.371   214   216 D dalvikvm: GC_CONCURRENT freed 275K, 11% free 10311K/11527K, paused 2ms+3ms
07-10 09:58:23.234  6321  6323 D dalvikvm: GC_CONCURRENT freed 713K, 8% free 10363K/11207K, paused 36ms+3ms
07-10 09:58:24.160   275   278 D dalvikvm: GC_CONCURRENT freed 396K, 6% free 10251K/10887K, paused 8ms+4ms
07-10 09:58:29.125   144  1262 W ActivityManager: finishReceiver called but no pending broadcasts
07-10 09:58:29.312   214   216 D dalvikvm: GC_CONCURRENT freed 668K, 13% free 10124K/11527K, paused 1ms+2ms
07-10 09:58:29.363   214   216 D dalvikvm: GC_CONCURRENT freed 447K, 13% free 10123K/11527K, paused 1ms+2ms
07-10 09:58:29.394  6321  6323 D dalvikvm: GC_CONCURRENT freed 280K, 6% free 10542K/11207K, paused 1ms+36ms
07-10 09:58:29.453   214   216 D dalvikvm: GC_CONCURRENT freed 411K, 12% free 10151K/11527K, paused 1ms+2ms
07-10 09:58:29.496  6321  6845 D dalvikvm: GC_FOR_ALLOC freed 50K, 6% free 10537K/11207K, paused 62ms
07-10 09:58:29.496  6321  6845 I dalvikvm-heap: Grow heap (frag case) to 10.383MB for 25572-byte allocation
07-10 09:58:29.527  6321  6845 D dalvikvm: GC_FOR_ALLOC freed 20K, 7% free 10542K/11271K, paused 30ms
07-10 09:58:29.547  6321  6845 D dalvikvm: GC_FOR_ALLOC freed 71K, 7% free 10531K/11271K, paused 19ms
07-10 09:58:33.382  6321  6323 D dalvikvm: GC_CONCURRENT freed 460K, 7% free 10582K/11271K, paused 8ms+4ms
07-10 09:58:33.445  6321  6328 I dalvikvm: Total arena pages for JIT: 18
07-10 10:04:16.675  5824  5824 I PhoneLab-Locks: wake lock acquired
07-10 10:04:16.691  5824  6847 I PhoneLab-PeriodicCheckService: User info is synched
07-10 10:04:16.695  5824  6847 I PhoneLab-PeriodicCheckService: Logger Service is running
07-10 10:04:16.703  5824  5824 I PhoneLab-Locks: wake lock acquired
07-10 10:04:16.711  5824  5824 I PhoneLab-StatusMonitor: Status Monitoring is started
07-10 10:04:16.714  5824  6847 I PhoneLab-Locks: wake lock acquired
07-10 10:04:16.722  5824  6847 I PhoneLab-PeriodicCheckService: Rescheduling periodic checking...
07-10 10:04:16.726  5824  6847 I PhoneLab-Locks: wake lock released
07-10 10:04:16.742  5824  5824 E PhoneLab-PhoneLabManifest: java.io.FileNotFoundException: /data/data/edu.buffalo.cse.phonelab.phonelabservices/files/manifest.xml: open failed: ENOENT (No such file or directory)
07-10 10:04:16.746  5824  5824 I PhoneLab-Locks: wake lock released
07-10 10:04:16.750  5824  5824 I PhoneLab-UploadLogs: Transfering log files now
07-10 10:04:16.750  5824  5824 I PhoneLab-UploadLogs: No log files to transfer
07-10 10:04:16.750  5824  5824 I PhoneLab-Locks: wake lock released
07-10 10:04:56.011  5824  5824 I PhoneLab-UploadLogs: OnStartCommand
07-10 10:05:36.468   275  1311 I EventLogService: Aggregate from 1341927336203 (log), 1341927336203 (data)
07-10 10:09:05.628   285   285 I wpa_supplicant: wlan0: Trying to associate with c4:3d:c7:a7:ad:c9 (SSID='blue' freq=2417 MHz)
07-10 10:09:05.687   285   285 I wpa_supplicant: wlan0: Associated with c4:3d:c7:a7:ad:c9
07-10 10:09:05.726   285   285 I wpa_supplicant: wlan0: WPA: Key negotiation completed with c4:3d:c7:a7:ad:c9 [PTK=CCMP GTK=CCMP]
07-10 10:09:05.730   285   285 I wpa_supplicant: wlan0: CTRL-EVENT-CONNECTED - Connection to c4:3d:c7:a7:ad:c9 completed (reauth) [id=0 id_str=]
07-10 10:09:06.558   144   198 D DhcpInfoInternal: makeLinkProperties with empty dns2!
07-10 10:09:06.562   144   198 D DhcpInfoInternal: makeLinkProperties with empty dns2!
07-10 10:09:06.586   144   200 D ConnectivityService: ConnectivityChange for WIFI: CONNECTED/CONNECTED
07-10 10:09:06.586   144   200 D ConnectivityService: Policy requires mobile teardown
07-10 10:09:06.617  5824  5824 I PhoneLab-WiFiReceiver: Wi-Fi is connected!
07-10 10:09:06.617  5824  5824 I PhoneLab-WiFiReceiver: SSID: blue BSSID: c4:3d:c7:a7:ad:c9 RSSI: -200 LinkSpeed: -1
07-10 10:09:06.617  5824  5824 I PhoneLab-Locks: wake lock acquired
07-10 10:09:06.621  5824  5824 I PhoneLab-UploadLogs: Transfering log files now
07-10 10:09:06.621  5824  5824 I PhoneLab-UploadLogs: No log files to transfer
07-10 10:09:06.621  5824  5824 I PhoneLab-Locks: wake lock released
07-10 10:09:06.628  5824  5824 I PhoneLab-UploadLogs: OnStartCommand
07-10 10:09:06.668   144   200 D ConnectivityService: ConnectivityChange for mobile: DISCONNECTED/DISCONNECTED
07-10 10:09:06.668   144   200 D ConnectivityService: Attempting to switch to WIFI
07-10 10:09:06.668   144   200 D ConnectivityService: Attempting to switch to WIMAX
07-10 10:09:06.668   144   200 D ConnectivityService: Attempting to switch to BLUETOOTH_TETHER
07-10 10:09:06.683   144   200 D NetUtils: android_net_utils_resetConnections in env=0x7913f0 clazz=0xc1000001 iface=rmnet0 mask=0x3
07-10 10:09:06.683   144   200 D ConnectivityService: resetConnections(rmnet0, 3)
07-10 10:09:06.691   144   195 W NetworkStats: dropping UID delta from unknown iface: iface=wlan0 uid=0 set=DEFAULT tag=0x0 rxBytes=0 rxPackets=0 txBytes=140 txPackets=2 operations=0
07-10 10:09:06.777   275  6806 W Smack/Packet: notify conn break (IOEx), close connection
07-10 10:09:06.871   214   216 D dalvikvm: GC_CONCURRENT freed 531K, 13% free 10129K/11527K, paused 1ms+8ms
07-10 10:09:06.961   144   146 D dalvikvm: GC_CONCURRENT freed 1540K, 12% free 15707K/17799K, paused 3ms+12ms
07-10 10:09:07.027   275  6806 I qtaguid : Failed write_ctrl(u 72) res=-1 errno=22
07-10 10:09:07.031   275  6806 I qtaguid : Untagging socket 72 failed errno=-22
07-10 10:09:07.031   275  6806 W NetworkManagementSocketTagger: untagSocket(72) failed with errno -22
07-10 10:09:07.035   144   200 D ConnectivityService: handleInetConditionChange: net=0 != default=1 - ignore
07-10 10:09:07.062   358   361 D dalvikvm: GC_CONCURRENT freed 828K, 10% free 11926K/13127K, paused 4ms+3ms
07-10 10:09:09.691   144   204 D Tethering: MasterInitialState.processMessage what=3
07-10 10:09:09.753   275   275 I GTalkService/c: [AndroidEndpoint@1094468456] connect: acct=1000000, state=CONNECTING
07-10 10:09:09.793  6602  6616 D PicasaSyncManager: active network: NetworkInfo: type: WIFI[], state: CONNECTED/CONNECTED, reason: (unspecified), extra: (none), roaming: false, failover: false, isAvailable: true
07-10 10:09:09.793  6602  6616 D PicasaSyncManager: background data: true
07-10 10:09:09.793   144   204 D Tethering: MasterInitialState.processMessage what=3
07-10 10:09:09.796   144   204 D Tethering: MasterInitialState.processMessage what=3
07-10 10:09:09.832  6618  6618 I MediaUploader: No need to wake up
07-10 10:09:09.847  6634  6634 W ContextScopeImpl: thread=1 tried to enter the scope of the application context. Ignored.
07-10 10:09:09.894  6618  6618 I MediaUploader: No need to wake up
07-10 10:09:09.925  6634  6634 W ContextScopeImpl: thread=1 tried to enter the scope of the application context. Ignored.
07-10 10:09:09.984  6634  6636 D dalvikvm: GC_CONCURRENT freed 271K, 4% free 9858K/10247K, paused 16ms+8ms
07-10 10:09:10.027  6618  6618 I MediaUploader: No need to wake up
07-10 10:09:10.058  6634  6634 W ContextScopeImpl: thread=1 tried to enter the scope of the application context. Ignored.
07-10 10:09:10.117  6602  6616 D PicasaSyncManager: active network: NetworkInfo: type: WIFI[], state: CONNECTED/CONNECTED, reason: (unspecified), extra: (none), roaming: false, failover: false, isAvailable: true
07-10 10:09:10.117  6602  6616 D PicasaSyncManager: background data: true
07-10 10:09:12.226   275   278 D dalvikvm: GC_CONCURRENT freed 405K, 6% free 10247K/10887K, paused 4ms+3ms
07-10 10:09:14.632   144   200 D ConnectivityService: handleInetConditionHoldEnd: net=1, condition=100, published condition=0
07-10 10:09:35.031  6459  6883 W Gmail   : Successful index run, cancel next scheduled index run
07-10 10:09:35.035   144   175 I power   : *** set_screen_state 1
07-10 10:09:35.101   144   175 I WindowManager: Lock screen displayed!
07-10 10:09:35.257    78   121 D SurfaceFlinger: Screen about to return, flinger = 0x1e16918
07-10 10:09:45.582   144   171 I power   : *** set_screen_state 0
07-10 10:09:45.632    78   121 D SurfaceFlinger: About to give-up screen, flinger = 0x1e16918
07-10 10:09:45.789   144   175 D dalvikvm: GC_FOR_ALLOC freed 999K, 11% free 15945K/17799K, paused 55ms
07-10 10:09:45.789   144   175 I dalvikvm-heap: Grow heap (frag case) to 15.746MB for 104992-byte allocation
