07-02 16:33:18.585   229   229 D dalvikvm: DexOpt: 'Lcom/android/i18n/phonenumbers/RegexCache$LRUCache$1;' has an earlier definition; blocking out
07-02 16:33:18.585   229   229 D dalvikvm: DexOpt: 'Lcom/android/i18n/phonenumbers/RegexCache$LRUCache;' has an earlier definition; blocking out
07-02 16:33:18.585   229   229 D dalvikvm: DexOpt: 'Lcom/android/i18n/phonenumbers/RegexCache;' has an earlier definition; blocking out
07-02 16:33:18.664   223   223 E brcm_patchram_plus: Done setting line discpline
07-02 16:33:18.675   155   217 I bluedroid: bt_enable: ret: 0, errno: 19
07-02 16:33:18.675   155   217 I bluedroid: Starting bluetoothd deamon
07-02 16:33:18.679   155   217 E BluetoothEventLoop.cpp: get_adapter_path: D-Bus error: org.freedesktop.DBus.Error.ServiceUnknown (The name org.bluez was not provided by any .service files)
07-02 16:33:18.691   155   217 E BluetoothEventLoop.cpp: get_adapter_path: D-Bus error: org.freedesktop.DBus.Error.ServiceUnknown (The name org.bluez was not provided by any .service files)
07-02 16:33:18.703   155   217 E BluetoothEventLoop.cpp: get_adapter_path: D-Bus error: org.freedesktop.DBus.Error.ServiceUnknown (The name org.bluez was not provided by any .service files)
07-02 16:33:18.714   155   217 E BluetoothEventLoop.cpp: get_adapter_path: D-Bus error: org.freedesktop.DBus.Error.ServiceUnknown (The name org.bluez was not provided by any .service files)
07-02 16:33:18.726   155   217 E BluetoothEventLoop.cpp: get_adapter_path: D-Bus error: org.freedesktop.DBus.Error.ServiceUnknown (The name org.bluez was not provided by any .service files)
07-02 16:33:18.734   229   229 I dalvikvm: DexOpt: not resolving ambiguous class 'Lcom/android/i18n/phonenumbers/PhoneNumberUtil;'
07-02 16:33:18.769   155   217 E BluetoothEventLoop.cpp: get_adapter_path: D-Bus error: org.bluez.Error.NoSuchAdapter (No such adapter)
07-02 16:33:18.769   155   217 E BluetoothEventLoop.cpp: failure setting up Event Loop!
07-02 16:33:18.957   229   229 D dalvikvm: DexOpt: not verifying/optimizing 'Lcom/android/i18n/phonenumbers/CountryCodeToRegionCodeMap;': multiple definitions
07-02 16:33:18.957   229   229 D dalvikvm: DexOpt: not verifying/optimizing 'Lcom/android/i18n/phonenumbers/NumberParseException$ErrorType;': multiple definitions
07-02 16:33:18.957   229   229 D dalvikvm: DexOpt: not verifying/optimizing 'Lcom/android/i18n/phonenumbers/NumberParseException;': multiple definitions
07-02 16:33:18.957   229   229 D dalvikvm: DexOpt: not verifying/optimizing 'Lcom/android/i18n/phonenumbers/PhoneNumberMatch;': multiple definitions
07-02 16:33:18.957   229   229 D dalvikvm: DexOpt: not verifying/optimizing 'Lcom/android/i18n/phonenumbers/PhoneNumberMatcher$State;': multiple definitions
07-02 16:33:18.957   229   229 D dalvikvm: DexOpt: not verifying/optimizing 'Lcom/android/i18n/phonenumbers/PhoneNumberMatcher;': multiple definitions
07-02 16:33:18.957   229   229 D dalvikvm: DexOpt: not verifying/optimizing 'Lcom/android/i18n/phonenumbers/PhoneNumberUtil$1;': multiple definitions
07-02 16:33:18.957   229   229 D dalvikvm: DexOpt: not verifying/optimizing 'Lcom/android/i18n/phonenumbers/PhoneNumberUtil$2;': multiple definitions
07-02 16:33:18.957   229   229 D dalvikvm: DexOpt: not verifying/optimizing 'Lcom/android/i18n/phonenumbers/PhoneNumberUtil$Leniency;': multiple definitions
07-02 16:33:18.957   229   229 D dalvikvm: DexOpt: not verifying/optimizing 'Lcom/android/i18n/phonenumbers/PhoneNumberUtil$Leniency$1;': multiple definitions
07-02 16:33:18.957   229   229 D dalvikvm: DexOpt: not verifying/optimizing 'Lcom/android/i18n/phonenumbers/PhoneNumberUtil$Leniency$2;': multiple definitions
07-02 16:33:18.957   229   229 D dalvikvm: DexOpt: not verifying/optimizing 'Lcom/android/i18n/phonenumbers/PhoneNumberUtil$Leniency$3;': multiple definitions
07-02 16:33:18.957   229   229 D dalvikvm: DexOpt: not verifying/optimizing 'Lcom/android/i18n/phonenumbers/PhoneNumberUtil$Leniency$4;': multiple definitions
07-02 16:33:18.957   229   229 D dalvikvm: DexOpt: not verifying/optimizing 'Lcom/android/i18n/phonenumbers/PhoneNumberUtil$MatchType;': multiple definitions
07-02 16:33:18.957   229   229 D dalvikvm: DexOpt: not verifying/optimizing 'Lcom/android/i18n/phonenumbers/PhoneNumberUtil$PhoneNumberFormat;': multiple definitions
07-02 16:33:18.957   229   229 D dalvikvm: DexOpt: not verifying/optimizing 'Lcom/android/i18n/phonenumbers/PhoneNumberUtil$PhoneNumberType;': multiple definitions
07-02 16:33:18.957   229   229 D dalvikvm: DexOpt: not verifying/optimizing 'Lcom/android/i18n/phonenumbers/PhoneNumberUtil$ValidationResult;': multiple definitions
07-02 16:33:18.957   229   229 D dalvikvm: DexOpt: not verifying/optimizing 'Lcom/android/i18n/phonenumbers/PhoneNumberUtil;': multiple definitions
07-02 16:33:18.957   229   229 D dalvikvm: DexOpt: not verifying/optimizing 'Lcom/android/i18n/phonenumbers/Phonemetadata$NumberFormat;': multiple definitions
07-02 16:33:18.957   229   229 D dalvikvm: DexOpt: not verifying/optimizing 'Lcom/android/i18n/phonenumbers/Phonemetadata$PhoneMetadata;': multiple definitions
07-02 16:33:18.957   229   229 D dalvikvm: DexOpt: not verifying/optimizing 'Lcom/android/i18n/phonenumbers/Phonemetadata$PhoneMetadataCollection;': multiple definitions
07-02 16:33:18.957   229   229 D dalvikvm: DexOpt: not verifying/optimizing 'Lcom/android/i18n/phonenumbers/Phonemetadata$PhoneNumberDesc;': multiple definitions
07-02 16:33:18.957   229   229 D dalvikvm: DexOpt: not verifying/optimizing 'Lcom/android/i18n/phonenumbers/Phonemetadata;': multiple definitions
07-02 16:33:18.957   229   229 D dalvikvm: DexOpt: not verifying/optimizing 'Lcom/android/i18n/phonenumbers/Phonenumber$PhoneNumber$CountryCodeSource;': multiple definitions
07-02 16:33:18.957   229   229 D dalvikvm: DexOpt: not verifying/optimizing 'Lcom/android/i18n/phonenumbers/Phonenumber$PhoneNumber;': multiple definitions
07-02 16:33:18.957   229   229 D dalvikvm: DexOpt: not verifying/optimizing 'Lcom/android/i18n/phonenumbers/Phonenumber;': multiple definitions
07-02 16:33:18.957   229   229 D dalvikvm: DexOpt: not verifying/optimizing 'Lcom/android/i18n/phonenumbers/RegexCache$LRUCache$1;': multiple definitions
07-02 16:33:18.957   229   229 D dalvikvm: DexOpt: not verifying/optimizing 'Lcom/android/i18n/phonenumbers/RegexCache$LRUCache;': multiple definitions
07-02 16:33:18.957   229   229 D dalvikvm: DexOpt: not verifying/optimizing 'Lcom/android/i18n/phonenumbers/RegexCache;': multiple definitions
07-02 16:33:18.957   229   229 D dalvikvm: DexOpt: load 88ms, verify+opt 368ms
07-02 16:33:19.089   155   171 I PackageManager: Running dexopt on: com.android.providers.calendar
07-02 16:33:19.347   238   238 D dalvikvm: DexOpt: load 14ms, verify+opt 165ms
07-02 16:33:19.527   155   171 I PackageManager: Running dexopt on: com.android.camera
07-02 16:33:19.539   155   217 E BluetoothService.cpp: setBluetoothTetheringNative true
07-02 16:33:19.542   155   239 D BluetoothEventLoop: Property Changed: Pairable : false
07-02 16:33:19.542   155   239 D BluetoothEventLoop: Property Changed: Powered : false
07-02 16:33:19.542   155   239 D BluetoothEventLoop: Property Changed: UUIDs : 6
07-02 16:33:19.546   155   217 D BluetoothAdapterStateMachine: WarmUp process message: 54
07-02 16:33:19.550   155   239 D BluetoothEventLoop: Property Changed: UUIDs : 7
07-02 16:33:19.550   155   239 D BluetoothEventLoop: Property Changed: UUIDs : 8
07-02 16:33:19.550   155   239 D BluetoothEventLoop: Property Changed: UUIDs : 9
07-02 16:33:19.554   155   239 D BluetoothEventLoop: Property Changed: UUIDs : 10
07-02 16:33:19.554   155   217 D BluetoothAdapterStateMachine: WarmUp process message: 51
07-02 16:33:19.816   240   240 D dalvikvm: DexOpt: load 59ms, verify+opt 154ms
07-02 16:33:19.863   155   171 I PackageManager: Running dexopt on: com.android.certinstaller
07-02 16:33:19.968   241   241 D dalvikvm: DexOpt: load 11ms, verify+opt 41ms
07-02 16:33:19.996   155   171 I PackageManager: Running dexopt on: com.google.android.syncadapters.bookmarks
07-02 16:33:20.242   242   242 D dalvikvm: DexOpt: load 16ms, verify+opt 155ms
07-02 16:33:20.675   155   171 I PackageManager: Running dexopt on: com.android.contacts
07-02 16:33:21.906   243   243 D dalvikvm: DexOpt: load 166ms, verify+opt 798ms
07-02 16:33:22.492   155   171 I PackageManager: Running dexopt on: com.android.providers.contacts
07-02 16:33:23.160   244   244 D dalvikvm: DexOpt: load 63ms, verify+opt 442ms
07-02 16:33:23.523   155   171 I PackageManager: Running dexopt on: com.android.defcontainer
07-02 16:33:23.609   245   245 D dalvikvm: DexOpt: load 6ms, verify+opt 8ms
07-02 16:33:23.628   155   171 I PackageManager: Running dexopt on: com.android.deskclock
07-02 16:33:23.765   246   246 D dalvikvm: DexOpt: load 37ms, verify+opt 64ms
07-02 16:33:23.890   155   171 I PackageManager: Running dexopt on: com.android.providers.downloads
07-02 16:33:24.050   247   247 D dalvikvm: DexOpt: load 12ms, verify+opt 74ms
07-02 16:33:24.093   155   171 I PackageManager: Running dexopt on: com.android.providers.downloads.ui
07-02 16:33:24.199   248   248 D dalvikvm: DexOpt: load 23ms, verify+opt 52ms
07-02 16:33:24.222   155   171 I PackageManager: Running dexopt on: com.android.providers.drm
07-02 16:33:24.265   249   249 D dalvikvm: DexOpt: load 6ms, verify+opt 8ms
07-02 16:33:24.292   155   171 I PackageManager: Running dexopt on: com.android.email
07-02 16:33:25.406   250   250 D dalvikvm: DexOpt: load 141ms, verify+opt 744ms
07-02 16:33:25.804   155   171 I PackageManager: Running dexopt on: com.android.exchange
07-02 16:33:26.613   251   251 D dalvikvm: DexOpt: load 73ms, verify+opt 542ms
07-02 16:33:26.906   155   171 I PackageManager: Running dexopt on: com.android.facelock
07-02 16:33:27.050   252   252 D dalvikvm: DexOpt: load 27ms, verify+opt 45ms
07-02 16:33:27.074   155   171 I PackageManager: Running dexopt on: com.google.android.gallery3d
07-02 16:33:27.753   253   253 D dalvikvm: DexOpt: load 70ms, verify+opt 471ms
07-02 16:33:27.910   155   171 I PackageManager: Running dexopt on: com.google.android.apps.genie.geniewidget
07-02 16:33:28.296   254   254 D dalvikvm: DexOpt: load 67ms, verify+opt 217ms
07-02 16:33:28.449   155   171 I PackageManager: Running dexopt on: com.google.android.backup
07-02 16:33:28.621   255   255 D dalvikvm: DexOpt: load 13ms, verify+opt 101ms
07-02 16:33:28.648   155   171 I PackageManager: Running dexopt on: com.google.android.syncadapters.calendar
07-02 16:33:28.851   256   256 D dalvikvm: DexOpt: load 12ms, verify+opt 133ms
07-02 16:33:28.984   155   171 I PackageManager: Running dexopt on: com.google.android.syncadapters.contacts
07-02 16:33:29.265   257   257 D dalvikvm: DexOpt: load 13ms, verify+opt 169ms
07-02 16:33:29.312   155   171 I PackageManager: Running dexopt on: com.google.android.feedback
07-02 16:33:29.507   258   258 D dalvikvm: DexOpt: load 17ms, verify+opt 132ms
07-02 16:33:29.601   155   171 I PackageManager: Running dexopt on: com.google.android.gsf.login
07-02 16:33:29.960   259   259 D dalvikvm: DexOpt: load 52ms, verify+opt 213ms
07-02 16:33:30.023   155   171 I PackageManager: Running dexopt on: com.google.android.partnersetup
07-02 16:33:30.214   260   260 D dalvikvm: DexOpt: load 15ms, verify+opt 108ms
07-02 16:33:30.480   155   171 I PackageManager: Running dexopt on: com.google.android.googlequicksearchbox
07-02 16:33:30.968   261   261 D dalvikvm: DexOpt: load 82ms, verify+opt 269ms
07-02 16:33:31.144   155   171 I PackageManager: Running dexopt on: com.google.android.gsf
07-02 16:33:31.921   262   262 D dalvikvm: DexOpt: load 41ms, verify+opt 567ms
07-02 16:33:32.449   155   171 I PackageManager: Running dexopt on: com.google.android.tts
07-02 16:33:33.089   263   263 D dalvikvm: DexOpt: load 74ms, verify+opt 366ms
07-02 16:33:33.261   155   171 I PackageManager: Running dexopt on: com.android.htmlviewer
07-02 16:33:33.343   264   264 D dalvikvm: DexOpt: load 8ms, verify+opt 28ms
07-02 16:33:33.371   155   171 I PackageManager: Running dexopt on: com.android.keychain
07-02 16:33:33.468   265   265 D dalvikvm: DexOpt: load 13ms, verify+opt 51ms
07-02 16:33:33.507   155   171 I PackageManager: Running dexopt on: com.google.android.inputmethod.latin.dictionarypack
07-02 16:33:33.675   266   266 D dalvikvm: DexOpt: load 33ms, verify+opt 73ms
07-02 16:33:33.714   155   171 I PackageManager: Running dexopt on: com.android.launcher
07-02 16:33:34.152   267   267 D dalvikvm: DexOpt: load 89ms, verify+opt 253ms
07-02 16:33:34.210   155   171 I PackageManager: Running dexopt on: com.android.wallpaper
07-02 16:33:34.332   268   268 D dalvikvm: DexOpt: load 15ms, verify+opt 29ms
07-02 16:33:34.375   155   171 I PackageManager: Running dexopt on: com.android.wallpaper.livepicker
07-02 16:33:34.472   269   269 D dalvikvm: DexOpt: load 9ms, verify+opt 39ms
07-02 16:33:34.503   155   171 I PackageManager: Running dexopt on: com.android.vending.updater
07-02 16:33:34.546   270   270 D dalvikvm: DexOpt: load 6ms, verify+opt 3ms
07-02 16:33:34.570   155   171 I PackageManager: Running dexopt on: com.android.providers.media
07-02 16:33:34.675   271   271 D dalvikvm: DexOpt: load 11ms, verify+opt 57ms
07-02 16:33:34.718   155   171 I PackageManager: Running dexopt on: com.google.android.apps.uploader
07-02 16:33:35.289   272   272 D dalvikvm: DexOpt: load 48ms, verify+opt 377ms
07-02 16:33:35.433   155   171 I PackageManager: Running dexopt on: com.android.mms
07-02 16:33:35.949   273   273 D dalvikvm: DexOpt: load 95ms, verify+opt 290ms
07-02 16:33:36.128   155   171 I PackageManager: Running dexopt on: com.android.music
07-02 16:33:36.410   274   274 D dalvikvm: DexOpt: load 50ms, verify+opt 137ms
07-02 16:33:36.453   155   171 I PackageManager: Running dexopt on: com.android.musicfx
07-02 16:33:36.609   275   275 D dalvikvm: DexOpt: load 19ms, verify+opt 100ms
07-02 16:33:36.644   155   171 I PackageManager: Running dexopt on: com.google.android.location
07-02 16:33:36.890   276   276 D dalvikvm: DexOpt: load 18ms, verify+opt 158ms
07-02 16:33:37.035   155   171 I PackageManager: Running dexopt on: com.android.nfc
07-02 16:33:37.230   277   277 D dalvikvm: DexOpt: load 13ms, verify+opt 85ms
07-02 16:33:37.292   155   171 I PackageManager: Running dexopt on: com.google.android.onetimeinitializer
07-02 16:33:37.351   278   278 D dalvikvm: DexOpt: load 6ms, verify+opt 5ms
07-02 16:33:37.378   155   171 I PackageManager: Running dexopt on: jp.co.omronsoft.openwnn
07-02 16:33:37.574   279   279 D dalvikvm: DexOpt: load 32ms, verify+opt 124ms
07-02 16:33:37.667   155   171 I PackageManager: Running dexopt on: com.android.packageinstaller
07-02 16:33:37.785   280   280 D dalvikvm: DexOpt: load 9ms, verify+opt 41ms
07-02 16:33:37.812   155   171 I PackageManager: Running dexopt on: com.android.phone
07-02 16:33:38.265   281   281 D dalvikvm: DexOpt: load 48ms, verify+opt 327ms
07-02 16:33:38.378   155   171 I PackageManager: Running dexopt on: edu.buffalo.cse.phonelab.phonelabservices
07-02 16:33:38.640   282   282 D dalvikvm: DexOpt: load 16ms, verify+opt 139ms
07-02 16:33:38.671   155   171 I PackageManager: Running dexopt on: com.svox.pico
07-02 16:33:38.726   283   283 D dalvikvm: DexOpt: load 13ms, verify+opt 9ms
07-02 16:33:38.859   155   171 I PackageManager: Running dexopt on: com.android.inputmethod.pinyin
07-02 16:33:39.039   284   284 D dalvikvm: DexOpt: load 26ms, verify+opt 79ms
07-02 16:33:39.070   155   171 I PackageManager: Running dexopt on: com.android.quicksearchbox
07-02 16:33:39.363   285   285 D dalvikvm: DexOpt: load 78ms, verify+opt 138ms
07-02 16:33:39.464   155   171 I PackageManager: Running dexopt on: com.android.settings
07-02 16:33:40.015   155   157 D dalvikvm: GC_CONCURRENT freed 214K, 18% free 10823K/13127K, paused 2ms+6ms
07-02 16:33:40.308   286   286 D dalvikvm: DexOpt: load 90ms, verify+opt 585ms
07-02 16:33:40.519   155   171 I PackageManager: Running dexopt on: com.google.android.setupwizard
07-02 16:33:40.730   287   287 D dalvikvm: DexOpt: load 25ms, verify+opt 116ms
07-02 16:33:40.859   155   171 I PackageManager: Running dexopt on: com.android.sharedstoragebackup
07-02 16:33:40.929   288   288 D dalvikvm: DexOpt: load 5ms, verify+opt 3ms
07-02 16:33:40.953   155   171 I PackageManager: Running dexopt on: com.android.soundrecorder
07-02 16:33:41.046   289   289 D dalvikvm: DexOpt: load 12ms, verify+opt 44ms
07-02 16:33:41.085   155   171 I PackageManager: Running dexopt on: com.android.sprintmenu
07-02 16:33:41.347   290   290 D dalvikvm: DexOpt: load 25ms, verify+opt 183ms
07-02 16:33:41.406   155   171 I PackageManager: Running dexopt on: com.android.systemui
07-02 16:33:41.722   291   291 D dalvikvm: DexOpt: load 65ms, verify+opt 182ms
07-02 16:33:41.859   155   171 I PackageManager: Running dexopt on: com.samsung.update
07-02 16:33:41.964   292   292 D dalvikvm: DexOpt: load 11ms, verify+opt 32ms
07-02 16:33:42.000   155   171 I PackageManager: Running dexopt on: com.android.apps.tag
07-02 16:33:42.175   293   293 D dalvikvm: DexOpt: load 19ms, verify+opt 100ms
07-02 16:33:42.222   155   171 I PackageManager: Running dexopt on: com.google.android.talk
07-02 16:33:42.941   294   294 D dalvikvm: DexOpt: load 90ms, verify+opt 480ms
07-02 16:33:43.203   155   171 I PackageManager: Running dexopt on: com.android.providers.telephony
07-02 16:33:43.316   295   295 D dalvikvm: DexOpt: load 4ms, verify+opt 47ms
07-02 16:33:43.457   155   171 I PackageManager: Running dexopt on: com.android.providers.userdictionary
07-02 16:33:43.535   296   296 D dalvikvm: DexOpt: load 5ms, verify+opt 9ms
07-02 16:33:43.558   155   171 I PackageManager: Running dexopt on: com.android.vending
07-02 16:33:43.867   297   297 D dalvikvm: DexOpt: 'Landroid/animation/TimeInterpolator;' has an earlier definition; blocking out
07-02 16:33:43.867   297   297 D dalvikvm: DexOpt: 'Landroid/animation/Animator$AnimatorListener;' has an earlier definition; blocking out
07-02 16:33:43.867   297   297 D dalvikvm: DexOpt: 'Landroid/animation/Animator;' has an earlier definition; blocking out
07-02 16:33:43.867   297   297 D dalvikvm: DexOpt: 'Landroid/animation/TypeEvaluator;' has an earlier definition; blocking out
07-02 16:33:43.867   297   297 D dalvikvm: DexOpt: 'Landroid/animation/FloatEvaluator;' has an earlier definition; blocking out
07-02 16:33:43.867   297   297 D dalvikvm: DexOpt: 'Landroid/animation/IntEvaluator;' has an earlier definition; blocking out
07-02 16:33:43.867   297   297 D dalvikvm: DexOpt: 'Landroid/animation/Keyframe;' has an earlier definition; blocking out
07-02 16:33:43.867   297   297 D dalvikvm: DexOpt: 'Landroid/animation/KeyframeSet;' has an earlier definition; blocking out
07-02 16:33:43.871   297   297 D dalvikvm: DexOpt: 'Landroid/animation/PropertyValuesHolder;' has an earlier definition; blocking out
07-02 16:33:43.871   297   297 D dalvikvm: DexOpt: 'Landroid/animation/ValueAnimator$1;' has an earlier definition; blocking out
07-02 16:33:43.871   297   297 D dalvikvm: DexOpt: 'Landroid/animation/ValueAnimator$AnimationHandler;' has an earlier definition; blocking out
07-02 16:33:43.871   297   297 D dalvikvm: DexOpt: 'Landroid/animation/ValueAnimator$AnimatorUpdateListener;' has an earlier definition; blocking out
07-02 16:33:43.871   297   297 D dalvikvm: DexOpt: 'Landroid/animation/ValueAnimator;' has an earlier definition; blocking out
07-02 16:33:43.890   297   297 D dalvikvm: DexOpt: 'Landroid/view/animation/LinearInterpolator;' has an earlier definition; blocking out
07-02 16:33:44.015   297   297 D dalvikvm: DexOpt: not verifying/optimizing 'Landroid/animation/TimeInterpolator;': multiple definitions
07-02 16:33:44.015   297   297 D dalvikvm: DexOpt: not verifying/optimizing 'Landroid/animation/Animator$AnimatorListener;': multiple definitions
07-02 16:33:44.015   297   297 D dalvikvm: DexOpt: not verifying/optimizing 'Landroid/animation/Animator;': multiple definitions
07-02 16:33:44.015   297   297 D dalvikvm: DexOpt: not verifying/optimizing 'Landroid/animation/TypeEvaluator;': multiple definitions
07-02 16:33:44.015   297   297 D dalvikvm: DexOpt: not verifying/optimizing 'Landroid/animation/FloatEvaluator;': multiple definitions
07-02 16:33:44.015   297   297 D dalvikvm: DexOpt: not verifying/optimizing 'Landroid/animation/IntEvaluator;': multiple definitions
07-02 16:33:44.015   297   297 D dalvikvm: DexOpt: not verifying/optimizing 'Landroid/animation/Keyframe;': multiple definitions
07-02 16:33:44.015   297   297 D dalvikvm: DexOpt: not verifying/optimizing 'Landroid/animation/KeyframeSet;': multiple definitions
07-02 16:33:44.015   297   297 D dalvikvm: DexOpt: not verifying/optimizing 'Landroid/animation/PropertyValuesHolder;': multiple definitions
07-02 16:33:44.015   297   297 D dalvikvm: DexOpt: not verifying/optimizing 'Landroid/animation/ValueAnimator$1;': multiple definitions
07-02 16:33:44.015   297   297 D dalvikvm: DexOpt: not verifying/optimizing 'Landroid/animation/ValueAnimator$AnimationHandler;': multiple definitions
07-02 16:33:44.015   297   297 D dalvikvm: DexOpt: not verifying/optimizing 'Landroid/animation/ValueAnimator$AnimatorUpdateListener;': multiple definitions
07-02 16:33:44.015   297   297 D dalvikvm: DexOpt: not verifying/optimizing 'Landroid/animation/ValueAnimator;': multiple definitions
07-02 16:33:44.085   297   297 D dalvikvm: DexOpt: not verifying/optimizing 'Landroid/view/animation/LinearInterpolator;': multiple definitions
07-02 16:33:44.914   297   297 I dalvikvm: DexOpt: not resolving ambiguous class 'Landroid/animation/ValueAnimator;'
07-02 16:33:44.914   297   297 I dalvikvm: DexOpt: not resolving ambiguous class 'Landroid/animation/ValueAnimator;'
07-02 16:33:45.324   297   297 D dalvikvm: DexOpt: load 151ms, verify+opt 1308ms
07-02 16:33:45.886   155   171 I PackageManager: Running dexopt on: com.android.videoeditor
07-02 16:33:46.261   298   298 D dalvikvm: DexOpt: load 46ms, verify+opt 221ms
07-02 16:33:46.328   155   171 I PackageManager: Running dexopt on: com.android.musicvis
07-02 16:33:46.417   299   299 D dalvikvm: DexOpt: load 6ms, verify+opt 14ms
07-02 16:33:46.554   155   171 I PackageManager: Running dexopt on: com.android.voicedialer
07-02 16:33:46.679   300   300 D dalvikvm: DexOpt: load 9ms, verify+opt 54ms
07-02 16:33:47.628   155   171 I PackageManager: Running dexopt on: com.google.android.voicesearch
07-02 16:33:48.542   301   301 D dalvikvm: DexOpt: load 120ms, verify+opt 582ms
07-02 16:33:50.082   155   171 I PackageManager: Running dexopt on: com.android.vpndialogs
07-02 16:33:50.199   302   302 D dalvikvm: DexOpt: load 8ms, verify+opt 29ms
07-02 16:33:50.238   155   171 I PackageManager: Running dexopt on: com.android.smspush
07-02 16:33:50.281   303   303 D dalvikvm: DexOpt: load 7ms, verify+opt 7ms
07-02 16:33:50.304   155   171 I PackageManager: Running dexopt on: com.samsung.wimax
07-02 16:33:50.609   304   304 D dalvikvm: DexOpt: load 20ms, verify+opt 213ms
07-02 16:33:50.722   155   171 I PackageManager: Running dexopt on: com.android.settings.wimax
07-02 16:33:50.906   305   305 D dalvikvm: DexOpt: load 15ms, verify+opt 97ms
07-02 16:33:50.937   155   171 I PackageManager: Running dexopt on: com.android.inputmethod.latin
07-02 16:33:51.238   306   306 D dalvikvm: DexOpt: load 38ms, verify+opt 183ms
07-02 16:33:51.320   155   171 I SystemServer: Device Policy
07-02 16:33:51.320   155   171 I SystemServer: Status Bar
07-02 16:33:51.324   155   171 I SystemServer: Clipboard Service
07-02 16:33:51.328   155   171 I SystemServer: NetworkManagement Service
07-02 16:33:51.332   155   171 I SystemServer: Text Service Manager Service
07-02 16:33:51.382   155   171 I SystemServer: NetworkStats Service
07-02 16:33:51.390   155   171 I SystemServer: NetworkPolicy Service
07-02 16:33:51.394   155   171 I SystemServer: Wi-Fi P2pService
07-02 16:33:51.398   155   171 I SystemServer: Wi-Fi Service
07-02 16:33:51.421    77   119 E CommandListener: Failed to open /proc/sys/net/ipv6/conf/wlan0/disable_ipv6: No such file or directory
07-02 16:33:51.429   155   171 E WifiStateMachine: Failed to disable IPv6: java.lang.IllegalStateException: Unable to communicate to native daemon for disabling ipv6
07-02 16:33:51.437   155   171 I SystemServer: Connectivity Service
07-02 16:33:51.437   155   171 D ConnectivityService: ConnectivityService starting up
07-02 16:33:51.441   155   171 E ConnectivityService: Ignoring protectedNetwork 10
07-02 16:33:51.445   155   171 E ConnectivityService: Ignoring protectedNetwork 11
07-02 16:33:51.445   155   171 E ConnectivityService: Ignoring protectedNetwork 12
07-02 16:33:51.453   155   171 D ConnectivityService: wimaxJarLocation: /vendor/lib/wimax_service.jar
07-02 16:33:51.496   155   171 D dalvikvm: DexOpt: --- BEGIN 'wimax_service.jar' (bootstrap=0) ---
07-02 16:33:51.632   316   316 D dalvikvm: DexOpt: load 9ms, verify+opt 74ms
07-02 16:33:51.656   155   171 D dalvikvm: DexOpt: --- END 'wimax_service.jar' (success) ---
07-02 16:33:51.656   155   171 D dalvikvm: DEX prep '/vendor/lib/wimax_service.jar': unzip in 29ms, rewrite 162ms
07-02 16:33:51.660   155   171 D ConnectivityService: Starting Wimax Service... 
07-02 16:33:51.671   155   171 I dalvikvm: Could not find method android.net.InterfaceConfiguration.setLinkAddress, referenced from method android.net.fourG.wimax.WimaxStateTracker.configureInterface
07-02 16:33:51.671   155   171 W dalvikvm: VFY: unable to resolve virtual method 45: Landroid/net/InterfaceConfiguration;.setLinkAddress (Landroid/net/LinkAddress;)V
07-02 16:33:51.671   155   171 D dalvikvm: VFY: replacing opcode 0x6e at 0x0042
07-02 16:33:51.781   155   171 E MobileDataStateTracker: default: Ignoring feature request because could not acquire PhoneService
07-02 16:33:51.781   155   171 E MobileDataStateTracker: default: Could not enable APN type "default"
07-02 16:33:51.792   155   171 D NetworkManagementService: Registering observer
07-02 16:33:51.792   155   171 D NetworkManagementService: Registering observer
07-02 16:33:51.796   155   171 I WifiService: WifiService starting up with Wi-Fi disabled
07-02 16:33:51.804   155   171 I SystemServer: Throttle Service
07-02 16:33:51.808   155   171 I SystemServer: Mount Service
07-02 16:33:51.808   155   171 D MountService: got storage path: /mnt/sdcard description: USB storage primary: true removable: false emulated: false mtpReserve: 0 allowMassStorage: true maxFileSize: 4294967296
07-02 16:33:51.820   155   171 I SystemServer: Notification Manager
07-02 16:33:51.820   155   171 I SystemServer: Device Storage Monitor
07-02 16:33:51.820   155   171 I SystemServer: Location Manager
07-02 16:33:51.824   155   171 I SystemServer: Country Detector
07-02 16:33:51.824   155   171 I SystemServer: Search Service
07-02 16:33:51.824   155   171 I SystemServer: DropBox Service
07-02 16:33:51.824   155   171 I SystemServer: Wallpaper Service
07-02 16:33:51.828   155   171 W WallpaperService: failed parsing /data/system/wallpaper_info.xml java.io.FileNotFoundException: /data/system/wallpaper_info.xml: open failed: ENOENT (No such file or directory)
07-02 16:33:51.828   155   171 I SystemServer: Audio Service
07-02 16:33:51.855   155   157 D dalvikvm: GC_CONCURRENT freed 181K, 16% free 11154K/13127K, paused 2ms+4ms
07-02 16:33:51.859   155   323 I PackageManager: Updating external media status from unmounted to unmounted
07-02 16:33:51.859    74   103 D VoldCmdListener: volume list
07-02 16:33:51.859   155   323 D MountService: volume state changed for /mnt/sdcard (null -> unmounted)
07-02 16:33:51.867    83   130 D AudioHardware: ### setVoiceVolume_l
07-02 16:33:51.886   155   171 I SystemServer: Dock Observer
07-02 16:33:51.886   155   171 I SystemServer: Wired Accessory Observer
07-02 16:33:51.886   155   171 I SystemServer: USB Service
07-02 16:33:51.890   155   171 I SystemServer: UI Mode Manager Service
07-02 16:33:51.894   155   171 I SystemServer: Backup Service
07-02 16:33:51.898   155   171 V BackupManagerService: Initializing package tracking
07-02 16:33:51.898   155   171 V BackupManagerService: No ancestral data
07-02 16:33:51.957   155   171 V BackupManagerService: addPackageParticipantsLocked: all
07-02 16:33:51.957   155   171 I BackupManagerService: New app android never backed up; scheduling
07-02 16:33:51.976   155   171 I BackupManagerService: New app com.android.browser never backed up; scheduling
07-02 16:33:51.980   155   171 I BackupManagerService: New app com.android.calendar never backed up; scheduling
07-02 16:33:51.988   155   171 I BackupManagerService: New app com.android.inputmethod.latin never backed up; scheduling
07-02 16:33:51.992   155   171 I BackupManagerService: New app com.android.nfc never backed up; scheduling
07-02 16:33:51.996   155   171 I BackupManagerService: New app com.android.providers.settings never backed up; scheduling
07-02 16:33:52.000   155   171 I BackupManagerService: New app com.android.providers.userdictionary never backed up; scheduling
07-02 16:33:52.003   155   171 I BackupManagerService: New app com.android.sharedstoragebackup never backed up; scheduling
07-02 16:33:52.007   155   171 I BackupManagerService: New app com.android.vending never backed up; scheduling
07-02 16:33:52.015   155   171 V BackupManagerService: Registering transport android/com.android.internal.backup.LocalTransport = com.android.internal.backup.LocalTransport@413a38a8
07-02 16:33:52.015   155   171 V BackupManagerService: Starting with transport android/com.android.internal.backup.LocalTransport
07-02 16:33:52.015   155   171 V BackupManagerService: Binding to Google transport
07-02 16:33:52.042   155   171 I BackupManagerService: Backup enabled => false
07-02 16:33:52.042   155   171 I BackupManagerService: Opting out of backup
07-02 16:33:52.046   155   171 I SystemServer: AppWidget Service
07-02 16:33:52.050   155   171 I SystemServer: Recognition Service
07-02 16:33:52.050   155   171 I SystemServer: DiskStats Service
07-02 16:33:52.050   155   171 I SystemServer: SamplingProfiler Service
07-02 16:33:52.058   155   171 I SystemServer: NetworkTimeUpdateService
07-02 16:33:52.062   155   171 I WindowManager: SAFE MODE not enabled
07-02 16:33:52.062   155   162 D dalvikvm: JIT started for system_server
07-02 16:33:52.175   155   171 D PowerManagerService: system ready!
07-02 16:33:52.179   155   171 I ActivityManager: Sending system update to: ComponentInfo{com.android.providers.calendar/com.android.providers.calendar.CalendarUpgradeReceiver}
07-02 16:33:52.183   155   171 I ActivityManager: Sending system update to: ComponentInfo{com.android.providers.contacts/com.android.providers.contacts.ContactsUpgradeReceiver}
07-02 16:33:52.183   155   171 I ActivityManager: Sending system update to: ComponentInfo{com.google.android.gsf/com.google.android.gsf.loginservice.MigrateToAccountManagerBroadcastReceiver}
07-02 16:33:52.183   155   171 I ActivityManager: Sending system update to: ComponentInfo{com.android.providers.media/com.android.providers.media.MediaUpgradeReceiver}
07-02 16:33:52.187   155   172 I Zygote  : Process: zygote socket opened
07-02 16:33:52.199   155   171 I SystemServer: Enabled StrictMode for system server main thread.
07-02 16:33:52.210   155   157 D dalvikvm: GC_CONCURRENT freed 334K, 15% free 11275K/13127K, paused 6ms+6ms
07-02 16:33:52.285   155   172 I ActivityManager: Start proc com.android.providers.calendar for broadcast com.android.providers.calendar/.CalendarUpgradeReceiver: pid=327 uid=10006 gids={3003, 1015}
07-02 16:33:52.328   155   155 I ActivityManager: Launching preboot mode app: ProcessRecord{415349f0 327:com.android.providers.calendar/10006}
07-02 16:33:52.429   155   171 V BackupManagerService: Connected to Google transport
07-02 16:33:52.429   155   171 V BackupManagerService: Registering transport com.google.android.backup/.BackupTransportService = com.google.android.backup.BackupTransportService$1@41355830
07-02 16:33:52.460   155   167 I ActivityManager: Start proc android.process.acore for broadcast com.android.providers.contacts/.ContactsUpgradeReceiver: pid=347 uid=10000 gids={3003, 1015}
07-02 16:33:52.480   155   167 I ActivityManager: Launching preboot mode app: ProcessRecord{416e4a28 347:android.process.acore/10000}
07-02 16:33:52.632   347   347 I ContactsDatabaseHelper: Bootstrapping database version: 625
07-02 16:33:52.652   347   349 D dalvikvm: GC_CONCURRENT freed 378K, 5% free 9130K/9607K, paused 2ms+3ms
07-02 16:33:52.878   347   349 D dalvikvm: GC_CONCURRENT freed 327K, 5% free 9241K/9671K, paused 2ms+2ms
07-02 16:33:52.949   347   347 I ContactsProviderV1: Bootstrapping database legacy support
07-02 16:33:53.347   155   166 I ActivityManager: Start proc com.google.process.gapps for broadcast com.google.android.gsf/.loginservice.MigrateToAccountManagerBroadcastReceiver: pid=362 uid=10009 gids={3003, 1015, 1007, 2001, 3006}
07-02 16:33:53.371   155   166 I ActivityManager: Launching preboot mode app: ProcessRecord{416b18f0 362:com.google.process.gapps/10009}
07-02 16:33:53.445   155   157 D dalvikvm: GC_CONCURRENT freed 636K, 16% free 11136K/13127K, paused 2ms+6ms
07-02 16:33:53.480   362   362 D GoogleLoginService: no legacy android id exists to migrate
07-02 16:33:53.480   362   362 D GoogleLoginService: skipping migration because /data/data/com.google.android.gsf/databases/accounts.db doesn't exist
07-02 16:33:53.480   362   362 D GoogleLoginService: disabling the migration script since the migration is complete
07-02 16:33:53.609   155   166 I ActivityManager: Start proc android.process.media for broadcast com.android.providers.media/.MediaUpgradeReceiver: pid=376 uid=10012 gids={1015, 1023, 1024, 2001, 3003, 3007}
07-02 16:33:53.621   155   167 I ActivityManager: Launching preboot mode app: ProcessRecord{41459618 376:android.process.media/10012}
07-02 16:33:53.675   155   172 I ActivityManager: Writing new set of last done pre-boot receivers...
07-02 16:33:53.687   155   172 I ActivityManager: Removing system update proc: ProcessRecord{415349f0 327:com.android.providers.calendar/10006}
07-02 16:33:53.687   155   172 I ActivityManager: Killing proc 327:com.android.providers.calendar/10006: system update done
07-02 16:33:53.687   155   172 I ActivityManager: Removing system update proc: ProcessRecord{416e4a28 347:android.process.acore/10000}
07-02 16:33:53.687   155   172 I ActivityManager: Killing proc 347:android.process.acore/10000: system update done
07-02 16:33:53.687   155   172 I ActivityManager: Removing system update proc: ProcessRecord{416b18f0 362:com.google.process.gapps/10009}
07-02 16:33:53.687   155   172 I ActivityManager: Killing proc 362:com.google.process.gapps/10009: system update done
07-02 16:33:53.691   155   172 I ActivityManager: Removing system update proc: ProcessRecord{41459618 376:android.process.media/10012}
07-02 16:33:53.691   155   172 I ActivityManager: Killing proc 376:android.process.media/10012: system update done
07-02 16:33:53.691   155   172 I ActivityManager: System now ready
07-02 16:33:53.691   155   172 I SystemServer: Making services ready
07-02 16:33:53.691   155   172 D SystemServer: Starting service: Intent { cmp=com.android.systemui/.SystemUIService }
07-02 16:33:53.710   155   172 I ActivityManager: Start proc com.android.systemui for service com.android.systemui/.SystemUIService: pid=390 uid=1000 gids={1015, 3002, 3001, 3003, 3007}
07-02 16:33:53.710   155   172 D NetworkManagementService: enabling bandwidth control
07-02 16:33:53.785   390   390 D SystemUIService: loading: class com.android.systemui.statusbar.phone.PhoneStatusBar
07-02 16:33:53.785   390   390 D SystemUIService: running: com.android.systemui.statusbar.phone.PhoneStatusBar@413369d8
07-02 16:33:53.929   390   392 D dalvikvm: GC_CONCURRENT freed 121K, 3% free 9322K/9543K, paused 2ms+3ms
07-02 16:33:54.035   155   157 D dalvikvm: GC_CONCURRENT freed 454K, 15% free 11212K/13127K, paused 3ms+3ms
07-02 16:33:54.050   155   172 D NetworkManagementService: Registering observer
07-02 16:33:54.050   155   166 I StatusBarManagerService: registerStatusBar bar=com.android.internal.statusbar.IStatusBar$Stub$Proxy@41538c48
07-02 16:33:54.054   390   390 D PhoneStatusBar: disable: < expand icons alerts ticker system_info back home recent clock >
07-02 16:33:54.078   390   390 D StorageNotification: Startup with UMS connection false (media state unmounted)
07-02 16:33:54.093   390   390 D SystemUIService: loading: class com.android.systemui.power.PowerUI
07-02 16:33:54.093   390   390 D SystemUIService: running: com.android.systemui.power.PowerUI@4130c3e8
07-02 16:33:54.097   390   436 I StorageNotification: UMS connection changed to false (media state unmounted)
07-02 16:33:54.105   155   172 D NetworkManagementService: Registering observer
07-02 16:33:54.113   155   314 D WifiService: New client listening to asynchronous messages
07-02 16:33:54.128   155   172 I ActivityManager: Config changed: {1.0 0mcc0mnc en_US layoutdir=0 sw320dp w320dp h508dp nrml long port finger -keyb/v/h -nav/h s.3}
07-02 16:33:54.195   155   172 W AppWidgetService: Failed to read state: java.io.FileNotFoundException: /data/system/appwidgets.xml: open failed: ENOENT (No such file or directory)
07-02 16:33:54.214   155   172 I ActivityManager: Start proc com.android.wallpaper for service com.android.wallpaper/.nexus.NexusWallpaper: pid=442 uid=10026 gids={1006}
07-02 16:33:54.214   155   172 W InputManagerService: Ignoring setImeWindowStatus of uid 1000 token: null
07-02 16:33:54.242   155   172 I ActivityManager: Start proc com.android.inputmethod.latin for service com.android.inputmethod.latin/.LatinIME: pid=455 uid=10052 gids={}
07-02 16:33:54.265   155   172 D NetworkManagementService: Registering observer
07-02 16:33:54.273   155   465 E ThrottleService: Error reading data file
07-02 16:33:54.304   155   172 I ActivityManager: Start proc com.android.phone for added application com.android.phone: pid=471 uid=1001 gids={3002, 3001, 3003, 1015}
07-02 16:33:54.343   155   465 W ThrottleService: unable to find stats for iface rmnet0
07-02 16:33:54.367   155   172 I ActivityManager: Start proc com.android.nfc for added application com.android.nfc: pid=492 uid=1027 gids={3002, 3001}
07-02 16:33:54.371   155   172 I ActivityManager: START {act=android.intent.action.MAIN cat=[android.intent.category.HOME] flg=0x10000000 cmp=com.android.settings/.CryptKeeper} from pid 0
07-02 16:33:54.417    81    81 D dalvikvm: GC_EXPLICIT freed 34K, 4% free 9031K/9347K, paused 8ms+3ms
07-02 16:33:54.445    81    81 D dalvikvm: GC_EXPLICIT freed <1K, 4% free 9031K/9347K, paused 1ms+2ms
07-02 16:33:54.468    81    81 D dalvikvm: GC_EXPLICIT freed <1K, 4% free 9031K/9347K, paused 3ms+2ms
07-02 16:33:54.480   155   172 I ActivityManager: Start proc com.android.settings for activity com.android.settings/.CryptKeeper: pid=508 uid=1000 gids={1015, 3002, 3001, 3003, 3007}
07-02 16:33:54.515   155   465 W ThrottleService: unable to find stats for iface rmnet0
07-02 16:33:54.527   155   461 D libsecgps: gps_get_gps_interface:
07-02 16:33:54.527   155   461 E libsecgps: gps_get_extension: gps-debug is not implemented
07-02 16:33:54.574   442   442 V RenderScript: rsContextCreateGL dev=0x1420710
07-02 16:33:54.597   442   524 V RenderScript: 0x13e7740 Launching thread(s), CPUs 1
07-02 16:33:54.597   442   524 V RenderScript: 0x13e7740 initEGL start
07-02 16:33:54.605   442   524 D libEGL  : loaded /system/lib/egl/libGLES_android.so
07-02 16:33:54.625   442   524 D libEGL  : loaded /vendor/lib/egl/libEGL_POWERVR_SGX540_120.so
07-02 16:33:54.640   442   524 D libEGL  : loaded /vendor/lib/egl/libGLESv1_CM_POWERVR_SGX540_120.so
07-02 16:33:54.667   442   524 D libEGL  : loaded /vendor/lib/egl/libGLESv2_POWERVR_SGX540_120.so
07-02 16:33:54.710   492   492 I NfcService: Starting NFC service
07-02 16:33:54.753   492   492 D NFC JNI : NFC Service : loading JNI
07-02 16:33:54.765   155   172 I ActivityManager: Start proc android.process.media for broadcast com.android.providers.media/.UsbReceiver: pid=539 uid=10012 gids={1015, 1023, 1024, 2001, 3003, 3007}
07-02 16:33:54.769   471   471 I ActivityThread: Pub telephony: com.android.providers.telephony.TelephonyProvider
07-02 16:33:54.835   442   524 V RenderScript: 0x13e7740 initGLThread end
07-02 16:33:54.835   442   442 V RenderScript: 0x13e7740 rsContextCreateGL ret
07-02 16:33:54.902   471   471 W TelephonyProvider: onCreate: confFile=/system/etc/apns-conf.xml oldCheckSum=-1
07-02 16:33:54.914   471   471 I ActivityThread: Pub icc: com.android.phone.IccProvider
07-02 16:33:54.914   471   471 I ActivityThread: Pub mms: com.android.providers.telephony.MmsProvider
07-02 16:33:54.914   471   471 I ActivityThread: Pub sms: com.android.providers.telephony.SmsProvider
07-02 16:33:54.917   471   471 I ActivityThread: Pub mms-sms: com.android.providers.telephony.MmsSmsProvider
07-02 16:33:55.003   155   157 D dalvikvm: GC_CONCURRENT freed 376K, 14% free 11377K/13127K, paused 2ms+5ms
07-02 16:33:55.050   390   436 I StorageNotification: UMS connection changed to false (media state unmounted)
07-02 16:33:55.101   155   171 I Process : Sending signal. PID: 508 SIG: 3
07-02 16:33:55.101   508   513 I dalvikvm: threadid=3: reacting to signal 3
07-02 16:33:55.105   508   513 I dalvikvm: Wrote stack traces to '/data/anr/traces.txt'
07-02 16:33:55.117   442   442 V ScriptC : Create script for resource = nexus
07-02 16:33:55.140   442   524 I bcc     : LIBBCC build time: 2012/06/28 18:23:59
07-02 16:33:55.140   442   524 I bcc     : LIBBCC build revision: 31e50d678d2a8aa28c6f38cccebfa3da2f78df4a (git)
07-02 16:33:55.261   442   524 D StopWatch: StopWatch calcFileSHA1 time (us): 86730 
07-02 16:33:55.277   155   157 D dalvikvm: GC_CONCURRENT freed 580K, 14% free 11387K/13127K, paused 2ms+3ms
07-02 16:33:55.343   155   461 I ActivityManager: Start proc com.google.process.gapps for service com.google.android.location/.NetworkLocationService: pid=559 uid=10009 gids={3003, 1015, 1007, 2001, 3006}
07-02 16:33:55.359   155   485 I ActivityManager: START {act=android.intent.action.MAIN cat=[android.intent.category.HOME] flg=0x10000000 cmp=com.google.android.setupwizard/.SetupWizardActivity} from pid 0
07-02 16:33:55.367   442   524 D StopWatch: StopWatch calcFileSHA1 time (us): 49032 
07-02 16:33:55.367   442   524 W bcc     : Unable to open /data/data/com.android.wallpaper/cache/nexus.o in read mode.  (reason: No such file or directory)
07-02 16:33:55.375   559   559 I dalvikvm: Turning on JNI app bug workarounds for target SDK version 12...
07-02 16:33:55.390   155   485 I ActivityManager: Start proc com.google.android.setupwizard for activity com.google.android.setupwizard/.SetupWizardActivity: pid=572 uid=10040 gids={3003}
07-02 16:33:55.414   559   559 I ActivityThread: Pub com.google.settings: com.google.android.gsf.settings.GoogleSettingsProvider
07-02 16:33:55.484   572   572 I SetupWizard: SetupWizardActivity.onCreate(null) LTE == false
07-02 16:33:55.484   572   572 V NetworkMonitor: Starting NetworkMonitor
07-02 16:33:55.484   155   558 D libsecgps: gps_init
07-02 16:33:55.488    88    88 D GPSD    : send_ril_gps_request: Connecting to RIL...
07-02 16:33:55.496   155   558 D GpsLocationProvider: set_capabilities_callback: 1
07-02 16:33:55.531   572   572 I SetupWizard: disabling notifications and status bar
07-02 16:33:55.531   155   155 I ActivityManager: Start proc com.google.android.gsf.login for service com.google.android.gsf.login/com.google.android.gsf.loginservice.GoogleLoginService: pid=589 uid=10009 gids={3003, 1015, 1007, 2001, 3006}
07-02 16:33:55.535   390   390 D PhoneStatusBar: disable: < EXPAND* ICONS* ALERTS* ticker SYSTEM_INFO* back HOME* RECENT* clock >
07-02 16:33:55.566   539   539 I ActivityThread: Pub media: com.android.providers.media.MediaProvider
07-02 16:33:55.582   492   492 I RegisteredComponentCache: ComponentInfo: ResolveInfo{413378a8 com.android.apps.tag.TagViewer p=0 o=0 m=0x108000}, techs: android.nfc.tech.Ndef, 
07-02 16:33:55.761   572   572 I SetupWizard: starting activity 10001
07-02 16:33:55.765   155   166 I ActivityManager: START {cmp=com.google.android.setupwizard/.WelcomeActivity (has extras)} from pid 572
07-02 16:33:55.769   572   572 I SetupWizard: SetupWizardActivity.onCreate() completed
07-02 16:33:55.777   539   539 I ActivityThread: Pub downloads: com.android.providers.downloads.DownloadProvider
07-02 16:33:55.792   572   572 V NetworkMonitor: Network is DOWN, Checkin has NOT succeeded, GLS is NOT connected
07-02 16:33:55.894   471   474 D dalvikvm: GC_CONCURRENT freed 245K, 4% free 9223K/9543K, paused 3ms+19ms
07-02 16:33:55.906   492   492 I NfceeAccess: read 3 signature(s) for NFCEE access
07-02 16:33:55.964   492   495 D dalvikvm: GC_CONCURRENT freed 265K, 4% free 9177K/9543K, paused 2ms+7ms
07-02 16:33:55.980   155   157 D dalvikvm: GC_CONCURRENT freed 602K, 14% free 11377K/13127K, paused 4ms+5ms
07-02 16:33:56.000   155   171 I Process : Sending signal. PID: 572 SIG: 3
07-02 16:33:56.000   572   577 I dalvikvm: threadid=3: reacting to signal 3
07-02 16:33:56.007   572   577 I dalvikvm: Wrote stack traces to '/data/anr/traces.txt'
07-02 16:33:56.027   539   539 I ActivityThread: Pub drm: com.android.providers.drm.DrmProvider
07-02 16:33:56.035   539   605 I DownloadManager: in removeSpuriousFiles
07-02 16:33:56.085   155   487 I ActivityManager: Start proc com.android.smspush for service com.android.smspush/.WapPushManager: pid=608 uid=10050 gids={}
07-02 16:33:56.105   572   572 I SetupWizard: PrepayDetectionService.onStartCommand()
07-02 16:33:56.125   572   617 I SetupWizard: starting prepay detection thread
07-02 16:33:56.152   455   457 D dalvikvm: GC_CONCURRENT freed 187K, 3% free 9352K/9607K, paused 2ms+4ms
07-02 16:33:56.183   155   491 I ActivityManager: Start proc com.google.android.inputmethod.latin.dictionarypack for content provider com.google.android.inputmethod.latin.dictionarypack/.DictionaryProvider: pid=622 uid=10024 gids={3003, 1015}
07-02 16:33:56.187   559   562 D dalvikvm: GC_CONCURRENT freed 359K, 5% free 9138K/9607K, paused 2ms+10ms
07-02 16:33:56.191   559   559 I ActivityThread: Pub subscribedfeeds: com.google.android.gsf.subscribedfeeds.SubscribedFeedsProvider
07-02 16:33:56.207   539   605 I DownloadManager: Upgrading downloads database from version 0 to version 107, which will destroy all old data
07-02 16:33:56.265   155   171 W ActivityManager: Activity pause timeout for ActivityRecord{4144bd68 com.google.android.setupwizard/.SetupWizardActivity}
07-02 16:33:56.277   155   553 I ActivityManager: Start proc android.process.acore for content provider com.android.providers.userdictionary/.UserDictionaryProvider: pid=640 uid=10000 gids={3003, 1015}
07-02 16:33:56.289   492   650 D NfcService: checking on firmware download
07-02 16:33:56.312   155   171 I Process : Sending signal. PID: 572 SIG: 3
07-02 16:33:56.316   572   577 I dalvikvm: threadid=3: reacting to signal 3
07-02 16:33:56.316   572   577 I dalvikvm: Wrote stack traces to '/data/anr/traces.txt'
07-02 16:33:56.328   492   650 D NfcService: NFC is on. Doing normal stuff
07-02 16:33:56.328   492   650 I NfcService: Enabling NFC
07-02 16:33:56.335   559   559 I ActivityThread: Pub com.google.contacts.gal.provider: com.google.android.syncadapters.contacts.GalProvider
07-02 16:33:56.363   572   572 V NetworkMonitor: Starting NetworkMonitor
07-02 16:33:56.378   492   650 D NFC JNI : Start Initialization
07-02 16:33:56.398   572   572 I SetupWizard: disabling notifications and status bar
07-02 16:33:56.410   471   471 D CAT     : CatService: Running CAT service. STK app installed:false
07-02 16:33:56.410   471   471 D CAT     : CatService: NEW sInstance
07-02 16:33:56.464   559   559 I ActivityThread: Pub com.google.android.gsf.gservices: com.google.android.gsf.gservices.GservicesProvider
07-02 16:33:56.542   572   572 D dalvikvm: GC_FOR_ALLOC freed 173K, 4% free 9123K/9415K, paused 87ms
07-02 16:33:56.546   572   572 I dalvikvm-heap: Grow heap (frag case) to 9.399MB for 441880-byte allocation
07-02 16:33:56.574   572   574 D dalvikvm: GC_CONCURRENT freed <1K, 4% free 9553K/9863K, paused 2ms+2ms
07-02 16:33:56.578   492   650 D NFC JNI : NFC capabilities: HAL = 8150100, FW = a76d0c, HW = 620003, Model = 0, HCI = 1, Full_FW = 109, Rev = 12, FW Update Info = 0
07-02 16:33:56.605   155   157 D dalvikvm: GC_CONCURRENT freed 456K, 13% free 11512K/13127K, paused 4ms+4ms
07-02 16:33:56.613   622   622 I ActivityThread: Pub com.android.inputmethod.latin.dictionarypack: com.google.android.inputmethod.latin.dictionarypack.DictionaryProvider
07-02 16:33:56.632   508   508 D LocalBluetoothProfileManager: LocalBluetoothProfileManager construction complete
07-02 16:33:56.636   559   559 I GservicesProvider: Gservices pushing to system: true; secure: true
07-02 16:33:56.636   559   559 I ActivityThread: Pub com.google.android.providers.talk: com.google.android.gsf.talk.TalkProvider
07-02 16:33:56.640   640   640 I ActivityThread: Pub com.android.voicemail: com.android.providers.contacts.VoicemailContentProvider
07-02 16:33:56.699   640   640 I ActivityThread: Pub user_dictionary: com.android.providers.userdictionary.UserDictionaryProvider
07-02 16:33:56.703   640   640 I ActivityThread: Pub com.android.social: com.android.providers.contacts.SocialProvider
07-02 16:33:56.707   640   640 I ActivityThread: Pub applications: com.android.providers.applications.ApplicationsProvider
07-02 16:33:56.781   155   171 I Process : Sending signal. PID: 572 SIG: 3
07-02 16:33:56.785   572   577 I dalvikvm: threadid=3: reacting to signal 3
07-02 16:33:56.800   572   577 I dalvikvm: Wrote stack traces to '/data/anr/traces.txt'
07-02 16:33:56.839   492   650 D NFC JNI : phLibNfc_SE_GetSecureElementList()
07-02 16:33:56.839   492   650 D NFC JNI : 
07-02 16:33:56.839   492   650 D NFC JNI : > Number of Secure Element(s) : 1
