07-10 09:58:29.453   214   216 D dalvikvm: GC_CONCURRENT freed 411K, 12% free 10151K/11527K, paused 1ms+2ms
07-10 09:58:29.496  6321  6845 D dalvikvm: GC_FOR_ALLOC freed 50K, 6% free 10537K/11207K, paused 62ms
07-10 09:58:29.496  6321  6845 I dalvikvm-heap: Grow heap (frag case) to 10.383MB for 25572-byte allocation
07-10 09:58:29.527  6321  6845 D dalvikvm: GC_FOR_ALLOC freed 20K, 7% free 10542K/11271K, paused 30ms
07-10 09:58:29.547  6321  6845 D dalvikvm: GC_FOR_ALLOC freed 71K, 7% free 10531K/11271K, paused 19ms
07-10 09:58:33.382  6321  6323 D dalvikvm: GC_CONCURRENT freed 460K, 7% free 10582K/11271K, paused 8ms+4ms
07-10 09:58:33.445  6321  6328 I dalvikvm: Total arena pages for JIT: 18
07-10 10:04:16.675  5824  5824 I PhoneLab-Locks: wake lock acquired
07-10 10:04:16.691  5824  6847 I PhoneLab-PeriodicCheckService: User info is synched
07-10 10:04:16.695  5824  6847 I PhoneLab-PeriodicCheckService: Logger Service is running
07-10 10:04:16.703  5824  5824 I PhoneLab-Locks: wake lock acquired
07-10 10:04:16.711  5824  5824 I PhoneLab-StatusMonitor: Status Monitoring is started
07-10 10:04:16.714  5824  6847 I PhoneLab-Locks: wake lock acquired
07-10 10:04:16.722  5824  6847 I PhoneLab-PeriodicCheckService: Rescheduling periodic checking...
07-10 10:04:16.726  5824  6847 I PhoneLab-Locks: wake lock released
07-10 10:04:16.742  5824  5824 E PhoneLab-PhoneLabManifest: java.io.FileNotFoundException: /data/data/edu.buffalo.cse.phonelab.phonelabservices/files/manifest.xml: open failed: ENOENT (No such file or directory)
07-10 10:04:16.746  5824  5824 I PhoneLab-Locks: wake lock released
07-10 10:04:16.750  5824  5824 I PhoneLab-UploadLogs: Transfering log files now
07-10 10:04:16.750  5824  5824 I PhoneLab-UploadLogs: No log files to transfer
07-10 10:04:16.750  5824  5824 I PhoneLab-Locks: wake lock released
07-10 10:04:56.011  5824  5824 I PhoneLab-UploadLogs: OnStartCommand
07-10 10:05:36.468   275  1311 I EventLogService: Aggregate from 1341927336203 (log), 1341927336203 (data)
07-10 10:09:05.628   285   285 I wpa_supplicant: wlan0: Trying to associate with c4:3d:c7:a7:ad:c9 (SSID='blue' freq=2417 MHz)
07-10 10:09:05.687   285   285 I wpa_supplicant: wlan0: Associated with c4:3d:c7:a7:ad:c9
07-10 10:09:05.726   285   285 I wpa_supplicant: wlan0: WPA: Key negotiation completed with c4:3d:c7:a7:ad:c9 [PTK=CCMP GTK=CCMP]
07-10 10:09:05.730   285   285 I wpa_supplicant: wlan0: CTRL-EVENT-CONNECTED - Connection to c4:3d:c7:a7:ad:c9 completed (reauth) [id=0 id_str=]
07-10 10:09:06.558   144   198 D DhcpInfoInternal: makeLinkProperties with empty dns2!
07-10 10:09:06.562   144   198 D DhcpInfoInternal: makeLinkProperties with empty dns2!
07-10 10:09:06.586   144   200 D ConnectivityService: ConnectivityChange for WIFI: CONNECTED/CONNECTED
07-10 10:09:06.586   144   200 D ConnectivityService: Policy requires mobile teardown
07-10 10:09:06.617  5824  5824 I PhoneLab-WiFiReceiver: Wi-Fi is connected!
07-10 10:09:06.617  5824  5824 I PhoneLab-WiFiReceiver: SSID: blue BSSID: c4:3d:c7:a7:ad:c9 RSSI: -200 LinkSpeed: -1
07-10 10:09:06.617  5824  5824 I PhoneLab-Locks: wake lock acquired
07-10 10:09:06.621  5824  5824 I PhoneLab-UploadLogs: Transfering log files now
07-10 10:09:06.621  5824  5824 I PhoneLab-UploadLogs: No log files to transfer
07-10 10:09:06.621  5824  5824 I PhoneLab-Locks: wake lock released
07-10 10:09:06.628  5824  5824 I PhoneLab-UploadLogs: OnStartCommand
07-10 10:09:06.668   144   200 D ConnectivityService: ConnectivityChange for mobile: DISCONNECTED/DISCONNECTED
07-10 10:09:06.668   144   200 D ConnectivityService: Attempting to switch to WIFI
07-10 10:09:06.668   144   200 D ConnectivityService: Attempting to switch to WIMAX
07-10 10:09:06.668   144   200 D ConnectivityService: Attempting to switch to BLUETOOTH_TETHER
07-10 10:09:06.683   144   200 D NetUtils: android_net_utils_resetConnections in env=0x7913f0 clazz=0xc1000001 iface=rmnet0 mask=0x3
07-10 10:09:06.683   144   200 D ConnectivityService: resetConnections(rmnet0, 3)
07-10 10:09:06.691   144   195 W NetworkStats: dropping UID delta from unknown iface: iface=wlan0 uid=0 set=DEFAULT tag=0x0 rxBytes=0 rxPackets=0 txBytes=140 txPackets=2 operations=0
07-10 10:09:06.777   275  6806 W Smack/Packet: notify conn break (IOEx), close connection
07-10 10:09:06.871   214   216 D dalvikvm: GC_CONCURRENT freed 531K, 13% free 10129K/11527K, paused 1ms+8ms
07-10 10:09:06.961   144   146 D dalvikvm: GC_CONCURRENT freed 1540K, 12% free 15707K/17799K, paused 3ms+12ms
07-10 10:09:07.027   275  6806 I qtaguid : Failed write_ctrl(u 72) res=-1 errno=22
07-10 10:09:07.031   275  6806 I qtaguid : Untagging socket 72 failed errno=-22
07-10 10:09:07.031   275  6806 W NetworkManagementSocketTagger: untagSocket(72) failed with errno -22
07-10 10:09:07.035   144   200 D ConnectivityService: handleInetConditionChange: net=0 != default=1 - ignore
07-10 10:09:07.062   358   361 D dalvikvm: GC_CONCURRENT freed 828K, 10% free 11926K/13127K, paused 4ms+3ms
07-10 10:09:09.691   144   204 D Tethering: MasterInitialState.processMessage what=3
07-10 10:09:09.753   275   275 I GTalkService/c: [AndroidEndpoint@1094468456] connect: acct=1000000, state=CONNECTING
07-10 10:09:09.793  6602  6616 D PicasaSyncManager: active network: NetworkInfo: type: WIFI[], state: CONNECTED/CONNECTED, reason: (unspecified), extra: (none), roaming: false, failover: false, isAvailable: true
07-10 10:09:09.793  6602  6616 D PicasaSyncManager: background data: true
07-10 10:09:09.793   144   204 D Tethering: MasterInitialState.processMessage what=3
07-10 10:09:09.796   144   204 D Tethering: MasterInitialState.processMessage what=3
07-10 10:09:09.832  6618  6618 I MediaUploader: No need to wake up
07-10 10:09:09.847  6634  6634 W ContextScopeImpl: thread=1 tried to enter the scope of the application context. Ignored.
07-10 10:09:09.894  6618  6618 I MediaUploader: No need to wake up
07-10 10:09:09.925  6634  6634 W ContextScopeImpl: thread=1 tried to enter the scope of the application context. Ignored.
07-10 10:09:09.984  6634  6636 D dalvikvm: GC_CONCURRENT freed 271K, 4% free 9858K/10247K, paused 16ms+8ms
07-10 10:09:10.027  6618  6618 I MediaUploader: No need to wake up
07-10 10:09:10.058  6634  6634 W ContextScopeImpl: thread=1 tried to enter the scope of the application context. Ignored.
07-10 10:09:10.117  6602  6616 D PicasaSyncManager: active network: NetworkInfo: type: WIFI[], state: CONNECTED/CONNECTED, reason: (unspecified), extra: (none), roaming: false, failover: false, isAvailable: true
07-10 10:09:10.117  6602  6616 D PicasaSyncManager: background data: true
07-10 10:09:12.226   275   278 D dalvikvm: GC_CONCURRENT freed 405K, 6% free 10247K/10887K, paused 4ms+3ms
07-10 10:09:14.632   144   200 D ConnectivityService: handleInetConditionHoldEnd: net=1, condition=100, published condition=0
07-10 10:09:35.031  6459  6883 W Gmail   : Successful index run, cancel next scheduled index run
07-10 10:09:35.035   144   175 I power   : *** set_screen_state 1
07-10 10:09:35.101   144   175 I WindowManager: Lock screen displayed!
07-10 10:09:35.257    78   121 D SurfaceFlinger: Screen about to return, flinger = 0x1e16918
07-10 10:09:45.582   144   171 I power   : *** set_screen_state 0
07-10 10:09:45.632    78   121 D SurfaceFlinger: About to give-up screen, flinger = 0x1e16918
07-10 10:09:45.789   144   175 D dalvikvm: GC_FOR_ALLOC freed 999K, 11% free 15945K/17799K, paused 55ms
07-10 10:09:45.789   144   175 I dalvikvm-heap: Grow heap (frag case) to 15.746MB for 104992-byte allocation
