07-11 07:30:11.086   144   200 E ConnectivityService: Exception trying to remove a route: java.lang.IllegalStateException: Unable to communicate with native dameon to add routes - com.android.server.NativeDaemonConnectorException: Cmd {interface route remove wlan0 default 0.0.0.0 0 192.168.1.1} failed with code 400 : {Failed to remove route from default table (No such process)}
07-11 07:30:11.086   144   200 D ConnectivityService: resetConnections(wlan0, 3)
07-11 07:30:11.265  8665 13469 W Smack/Packet: notify conn break (IOEx), close connection
07-11 07:30:11.296  8665  8668 D dalvikvm: GC_CONCURRENT freed 345K, 6% free 10296K/10887K, paused 8ms+3ms
07-11 07:30:11.445  8665 13469 I qtaguid : Failed write_ctrl(u 67) res=-1 errno=22
07-11 07:30:11.445  8665 13469 I qtaguid : Untagging socket 67 failed errno=-22
07-11 07:30:11.445  8665 13469 W NetworkManagementSocketTagger: untagSocket(67) failed with errno -22
07-11 07:30:11.504   144   200 D ConnectivityService: handleInetConditionChange: no active default network - ignore
07-11 07:30:12.218   285   285 I wpa_supplicant: wlan0: Trying to associate with 00:14:d1:c4:4d:13 (SSID='linksys' freq=2437 MHz)
07-11 07:30:12.273   285   285 I wpa_supplicant: wlan0: Associated with 00:14:d1:c4:4d:13
07-11 07:30:12.281   285   285 I wpa_supplicant: wlan0: WPA: Key negotiation completed with 00:14:d1:c4:4d:13 [PTK=CCMP GTK=TKIP]
07-11 07:30:12.285   285   285 I wpa_supplicant: wlan0: CTRL-EVENT-CONNECTED - Connection to 00:14:d1:c4:4d:13 completed (reauth) [id=1 id_str=]
07-11 07:30:13.097   144   198 D DhcpInfoInternal: makeLinkProperties with empty dns2!
07-11 07:30:13.101   144   198 D DhcpInfoInternal: makeLinkProperties with empty dns2!
07-11 07:30:13.117   144   200 D ConnectivityService: ConnectivityChange for WIFI: CONNECTED/CONNECTED
07-11 07:30:13.164 10684 10684 I PhoneLab-WiFiReceiver: Wi-Fi is connected!
07-11 07:30:13.164 10684 10684 I PhoneLab-WiFiReceiver: SSID: linksys BSSID: 00:14:d1:c4:4d:13 RSSI: -200 LinkSpeed: -1
07-11 07:30:13.164 10684 10684 I PhoneLab-Locks: wake lock acquired
07-11 07:30:13.171 10684 10684 I PhoneLab-UploadLogs: Transfering log files now
07-11 07:30:13.171 10684 10684 I PhoneLab-UploadLogs: No log files to transfer
07-11 07:30:13.171 10684 10684 I PhoneLab-Locks: wake lock released
07-11 07:30:13.171 10684 10684 I PhoneLab-UploadLogs: OnStartCommand
07-11 07:30:13.195   144   195 W NetworkStats: dropping UID delta from unknown iface: iface=wlan0 uid=0 set=DEFAULT tag=0x0 rxBytes=328 rxPackets=1 txBytes=140 txPackets=2 operations=0
07-11 07:30:14.121   144   200 D ConnectivityService: NetTransition Wakelock for WifiStateMachine released by timeout
07-11 07:30:14.144   144   204 D Tethering: MasterInitialState.processMessage what=3
07-11 07:30:14.214  8665  8665 I GTalkService/c: [AndroidEndpoint@1094212432] connect: acct=1000000, state=CONNECTING
07-11 07:30:14.242 11883 11897 D PicasaSyncManager: active network: NetworkInfo: type: WIFI[], state: CONNECTED/CONNECTED, reason: (unspecified), extra: (none), roaming: false, failover: false, isAvailable: true
07-11 07:30:14.242 11883 11897 D PicasaSyncManager: background data: true
07-11 07:30:14.355 11899 11899 I MediaUploader: No need to wake up
07-11 07:30:14.359 10684 10684 I PhoneLab-WiFiReceiver: Wi-Fi is disconnected!
07-11 07:30:14.550 11915 11915 W ContextScopeImpl: thread=1 tried to enter the scope of the application context. Ignored.
07-11 07:30:15.410   144   200 D ConnectivityService: handleInetConditionHoldEnd: net=1, condition=100, published condition=0
07-11 07:30:16.207   144   204 D Tethering: MasterInitialState.processMessage what=3
07-11 07:30:16.339 11899 11899 I MediaUploader: No need to wake up
07-11 07:30:16.375 11915 11915 W ContextScopeImpl: thread=1 tried to enter the scope of the application context. Ignored.
07-11 07:30:16.410 11883 11897 D PicasaSyncManager: active network: NetworkInfo: type: WIFI[], state: CONNECTED/CONNECTED, reason: (unspecified), extra: (none), roaming: false, failover: false, isAvailable: true
07-11 07:30:16.410 11883 11897 D PicasaSyncManager: background data: true
07-11 07:30:16.754   144   200 D ConnectivityService: handleInetConditionHoldEnd: net=1, condition=100, published condition=100
07-11 07:30:17.414   144   200 D ConnectivityService: ConnectivityChange for mobile: CONNECTED/CONNECTED
07-11 07:30:17.449   144   200 D NetUtils: android_net_utils_resetConnections in env=0x7913f0 clazz=0x43f00001 iface=rmnet0 mask=0x3
07-11 07:30:17.449   144   200 D ConnectivityService: ConnectivityChange for mobile: DISCONNECTED/DISCONNECTED
07-11 07:30:17.449   144   200 D ConnectivityService: Attempting to switch to WIFI
07-11 07:30:17.449   144   200 D ConnectivityService: Attempting to switch to WIMAX
07-11 07:30:17.449   144   200 D ConnectivityService: Attempting to switch to BLUETOOTH_TETHER
07-11 07:30:17.449   144   200 D ConnectivityService: resetConnections(rmnet0, 3)
07-11 07:30:17.879   144   146 D dalvikvm: GC_CONCURRENT freed 2551K, 21% free 15689K/19655K, paused 9ms+18ms
07-11 07:30:18.019   285   285 I wpa_supplicant: wlan0: WPA: Group rekeying completed with 00:14:d1:c4:4d:13 [GTK=TKIP]
07-11 07:30:20.515   144   204 D Tethering: MasterInitialState.processMessage what=3
07-11 07:30:20.543   144   204 D Tethering: MasterInitialState.processMessage what=3
07-11 07:30:20.629 11899 11899 I MediaUploader: No need to wake up
07-11 07:30:20.664 11915 11915 W ContextScopeImpl: thread=1 tried to enter the scope of the application context. Ignored.
07-11 07:30:20.734 11883 11897 D PicasaSyncManager: active network: NetworkInfo: type: WIFI[], state: CONNECTED/CONNECTED, reason: (unspecified), extra: (none), roaming: false, failover: false, isAvailable: true
07-11 07:30:20.734 11883 11897 D PicasaSyncManager: background data: true
07-11 07:30:20.804  8665  8668 D dalvikvm: GC_CONCURRENT freed 402K, 6% free 10321K/10887K, paused 3ms+6ms
07-11 07:30:20.847 11899 11899 I MediaUploader: No need to wake up
07-11 07:30:20.882 11915 11915 W ContextScopeImpl: thread=1 tried to enter the scope of the application context. Ignored.
07-11 07:30:20.910 11883 11897 D PicasaSyncManager: active network: NetworkInfo: type: WIFI[], state: CONNECTED/CONNECTED, reason: (unspecified), extra: (none), roaming: false, failover: false, isAvailable: true
07-11 07:30:20.914 11883 11897 D PicasaSyncManager: background data: true
07-11 07:30:21.070   144   200 D ConnectivityService: handleInetConditionHoldEnd: net=1, condition=100, published condition=100
07-11 07:31:09.410 13567 13567 I Store   : restoreState
07-11 07:31:09.414 13567 13567 I Store   : CountUpTimer.start 107621689
07-11 07:31:09.414 13567 13567 I Store   : restore took total 1
07-11 07:31:09.414 13567 13567 I CountUpdate: createDownNotification
07-11 07:31:09.414 13567 13567 I CountUpdate: createDownNotification 0:09 Timer
07-11 07:31:09.609   214   216 D dalvikvm: GC_CONCURRENT freed 732K, 12% free 10202K/11527K, paused 2ms+9ms
07-11 07:31:24.402 13567 13567 I Store   : restoreState
07-11 07:31:24.402 13567 13567 I Store   : CountUpTimer.start 107621689
07-11 07:31:24.402 13567 13567 I Store   : restore took total 0
07-11 07:31:24.402 13567 13567 I CountUpdate: createDownNotification
07-11 07:31:24.406 13567 13567 I CountUpdate: createDownNotification 0:09 Timer
07-11 07:31:24.414   144   427 I ActivityManager: No longer want com.android.sprintmenu (pid 12202): hidden #16
07-11 07:31:24.453   144   144 W ActivityManager: Scheduling restart of crashed service com.android.sprintmenu/.HiddenPhoneService in 5000ms
07-11 07:31:29.468   144   161 I ActivityManager: Start proc com.android.sprintmenu for service com.android.sprintmenu/.HiddenPhoneService: pid=13661 uid=1001 gids={3002, 3001, 3003, 1015}
07-11 07:31:37.277 10684 10697 I PhoneLab-: Service Running
07-11 07:31:37.382 10684 10697 I PhoneLab-LoggerService: app_36    1287  1     1444   1004  c00f181c 400107b4 S logcat
07-11 07:31:37.382 10684 10697 I PhoneLab-LoggerService: Logcat pid from database 1287
07-11 07:31:37.382 10684 10697 I PhoneLab-LoggerService: Logcat process found 1287
07-11 07:31:37.382 10684 10697 I PhoneLab-LoggerService: Checking Threshold
07-11 07:31:39.406 13567 13567 I Store   : restoreState
07-11 07:31:39.406 13567 13567 I Store   : CountUpTimer.start 107621689
07-11 07:31:39.406 13567 13567 I Store   : restore took total 2
07-11 07:31:39.406 13567 13567 I CountUpdate: createDownNotification
07-11 07:31:39.410 13567 13567 I CountUpdate: createDownNotification 0:09 Timer
07-11 07:31:54.406 13567 13567 I Store   : restoreState
07-11 07:31:54.406 13567 13567 I Store   : CountUpTimer.start 107621689
07-11 07:31:54.406 13567 13567 I Store   : restore took total 0
07-11 07:31:54.406 13567 13567 I CountUpdate: createDownNotification
07-11 07:31:54.410 13567 13567 I CountUpdate: createDownNotification 0:09 Timer
07-11 07:32:09.421 13567 13567 I Store   : restoreState
07-11 07:32:09.421 13567 13567 I Store   : CountUpTimer.start 107621689
07-11 07:32:09.421 13567 13567 I Store   : restore took total 0
07-11 07:32:09.421 13567 13567 I CountUpdate: createDownNotification
07-11 07:32:09.421 13567 13567 I CountUpdate: createDownNotification 0:08 Timer
07-11 07:32:24.406 13567 13567 I Store   : restoreState
07-11 07:32:24.406 13567 13567 I Store   : CountUpTimer.start 107621689
07-11 07:32:24.406 13567 13567 I Store   : restore took total 1
07-11 07:32:24.406 13567 13567 I CountUpdate: createDownNotification
07-11 07:32:24.406 13567 13567 I CountUpdate: createDownNotification 0:08 Timer
07-11 07:32:39.406 13567 13567 I Store   : restoreState
07-11 07:32:39.406 13567 13567 I Store   : CountUpTimer.start 107621689
07-11 07:32:39.410 13567 13567 I Store   : restore took total 3
07-11 07:32:39.410 13567 13567 I CountUpdate: createDownNotification
07-11 07:32:39.414 13567 13567 I CountUpdate: createDownNotification 0:08 Timer
07-11 07:32:54.398 13567 13567 I Store   : restoreState
07-11 07:32:54.398 13567 13567 I Store   : CountUpTimer.start 107621689
07-11 07:32:54.398 13567 13567 I Store   : restore took total 0
07-11 07:32:54.398 13567 13567 I CountUpdate: createDownNotification
07-11 07:32:54.398 13567 13567 I CountUpdate: createDownNotification 0:08 Timer
07-11 07:33:09.418 13567 13567 I Store   : restoreState
07-11 07:33:09.418 13567 13567 I Store   : CountUpTimer.start 107621689
07-11 07:33:09.418 13567 13567 I Store   : restore took total 2
07-11 07:33:09.418 13567 13567 I CountUpdate: createDownNotification
07-11 07:33:09.418 13567 13567 I CountUpdate: createDownNotification 0:07 Timer
07-11 07:33:24.406 13567 13567 I Store   : restoreState
07-11 07:33:24.406 13567 13567 I Store   : CountUpTimer.start 107621689
07-11 07:33:24.406 13567 13567 I Store   : restore took total 0
07-11 07:33:24.406 13567 13567 I CountUpdate: createDownNotification
07-11 07:33:24.410 13567 13567 I CountUpdate: createDownNotification 0:07 Timer
07-11 07:33:37.277 10684 10697 I PhoneLab-: Service Running
07-11 07:33:37.418 10684 10697 I PhoneLab-LoggerService: app_36    1287  1     1444   1004  c00f181c 400107b4 S logcat
07-11 07:33:37.418 10684 10697 I PhoneLab-LoggerService: Logcat pid from database 1287
07-11 07:33:37.418 10684 10697 I PhoneLab-LoggerService: Logcat process found 1287
07-11 07:33:37.418 10684 10697 I PhoneLab-LoggerService: Checking Threshold
07-11 07:33:39.410 13567 13567 I Store   : restoreState
07-11 07:33:39.410 13567 13567 I Store   : CountUpTimer.start 107621689
07-11 07:33:39.410 13567 13567 I Store   : restore took total 2
07-11 07:33:39.410 13567 13567 I CountUpdate: createDownNotification
07-11 07:33:39.414 13567 13567 I CountUpdate: createDownNotification 0:07 Timer
07-11 07:33:54.406 13567 13567 I Store   : restoreState
07-11 07:33:54.410 13567 13567 I Store   : CountUpTimer.start 107621689
07-11 07:33:54.410 13567 13567 I Store   : restore took total 4
07-11 07:33:54.410 13567 13567 I CountUpdate: createDownNotification
07-11 07:33:54.410 13567 13567 I CountUpdate: createDownNotification 0:07 Timer
07-11 07:34:09.414 13567 13567 I Store   : restoreState
07-11 07:34:09.418 13567 13567 I Store   : CountUpTimer.start 107621689
07-11 07:34:09.418 13567 13567 I Store   : restore took total 1
07-11 07:34:09.418 13567 13567 I CountUpdate: createDownNotification
07-11 07:34:09.418 13567 13567 I CountUpdate: createDownNotification 0:06 Timer
07-11 07:34:24.406 13567 13567 I Store   : restoreState
07-11 07:34:24.410 13567 13567 I Store   : CountUpTimer.start 107621689
07-11 07:34:24.410 13567 13567 I Store   : restore took total 2
07-11 07:34:24.410 13567 13567 I CountUpdate: createDownNotification
07-11 07:34:24.410 13567 13567 I CountUpdate: createDownNotification 0:06 Timer
07-11 07:34:24.535 13567 13569 D dalvikvm: GC_CONCURRENT freed 316K, 5% free 9153K/9543K, paused 14ms+2ms
07-11 07:34:34.656 13549 13551 D dalvikvm: GC_CONCURRENT freed 417K, 6% free 9375K/9927K, paused 9ms+3ms
07-11 07:34:39.406 13567 13567 I Store   : restoreState
07-11 07:34:39.406 13567 13567 I Store   : CountUpTimer.start 107621689
07-11 07:34:39.406 13567 13567 I Store   : restore took total 1
07-11 07:34:39.406 13567 13567 I CountUpdate: createDownNotification
07-11 07:34:39.406 13567 13567 I CountUpdate: createDownNotification 0:06 Timer
07-11 07:34:54.394 13567 13567 I Store   : restoreState
07-11 07:34:54.394 13567 13567 I Store   : CountUpTimer.start 107621689
07-11 07:34:54.394 13567 13567 I Store   : restore took total 0
07-11 07:34:54.394 13567 13567 I CountUpdate: createDownNotification
07-11 07:34:54.394 13567 13567 I CountUpdate: createDownNotification 0:06 Timer
07-11 07:35:09.421 13567 13567 I Store   : restoreState
07-11 07:35:09.421 13567 13567 I Store   : CountUpTimer.start 107621689
07-11 07:35:09.421 13567 13567 I Store   : restore took total 1
07-11 07:35:09.421 13567 13567 I CountUpdate: createDownNotification
07-11 07:35:09.429 13567 13567 I CountUpdate: createDownNotification 0:05 Timer
07-11 07:35:09.582   214   216 D dalvikvm: GC_CONCURRENT freed 310K, 11% free 10280K/11527K, paused 2ms+4ms
07-11 07:35:24.410 13567 13567 I Store   : restoreState
07-11 07:35:24.410 13567 13567 I Store   : CountUpTimer.start 107621689
07-11 07:35:24.410 13567 13567 I Store   : restore took total 1
07-11 07:35:24.410 13567 13567 I CountUpdate: createDownNotification
07-11 07:35:24.418 13567 13567 I CountUpdate: createDownNotification 0:05 Timer
07-11 07:35:28.769   285   285 I wpa_supplicant: wlan0: WPA: Group rekeying completed with 00:14:d1:c4:4d:13 [GTK=TKIP]
07-11 07:35:37.277 10684 10697 I PhoneLab-: Service Running
07-11 07:35:37.382 10684 10686 D dalvikvm: GC_CONCURRENT freed 400K, 15% free 9163K/10695K, paused 2ms+5ms
07-11 07:35:37.394 10684 10697 I PhoneLab-LoggerService: app_36    1287  1     1444   1004  c00f181c 400107b4 S logcat
07-11 07:35:37.394 10684 10697 I PhoneLab-LoggerService: Logcat pid from database 1287
07-11 07:35:37.398 10684 10697 I PhoneLab-LoggerService: Logcat process found 1287
07-11 07:35:37.398 10684 10697 I PhoneLab-LoggerService: Checking Threshold
07-11 07:35:39.406 13567 13567 I Store   : restoreState
07-11 07:35:39.406 13567 13567 I Store   : CountUpTimer.start 107621689
07-11 07:35:39.406 13567 13567 I Store   : restore took total 1
07-11 07:35:39.406 13567 13567 I CountUpdate: createDownNotification
07-11 07:35:39.406 13567 13567 I CountUpdate: createDownNotification 0:05 Timer
07-11 07:35:44.597  8665  9069 I EventLogService: Aggregate from 1342004744491 (log), 1342004744491 (data)
07-11 07:35:54.410 13567 13567 I Store   : restoreState
07-11 07:35:54.414 13567 13567 I Store   : CountUpTimer.start 107621689
07-11 07:35:54.414 13567 13567 I Store   : restore took total 1
07-11 07:35:54.414 13567 13567 I CountUpdate: createDownNotification
07-11 07:35:54.414 13567 13567 I CountUpdate: createDownNotification 0:05 Timer
07-11 07:36:09.418 13567 13567 I Store   : restoreState
07-11 07:36:09.425 13567 13567 I Store   : CountUpTimer.start 107621689
07-11 07:36:09.425 13567 13567 I Store   : restore took total 6
07-11 07:36:09.425 13567 13567 I CountUpdate: createDownNotification
07-11 07:36:09.429 13567 13567 I CountUpdate: createDownNotification 0:04 Timer
07-11 07:36:24.410 13567 13567 I Store   : restoreState
07-11 07:36:24.410 13567 13567 I Store   : CountUpTimer.start 107621689
07-11 07:36:24.410 13567 13567 I Store   : restore took total 1
07-11 07:36:24.410 13567 13567 I CountUpdate: createDownNotification
07-11 07:36:24.410 13567 13567 I CountUpdate: createDownNotification 0:04 Timer
07-11 07:36:39.402 13567 13567 I Store   : restoreState
07-11 07:36:39.406 13567 13567 I Store   : CountUpTimer.start 107621689
07-11 07:36:39.406 13567 13567 I Store   : restore took total 1
07-11 07:36:39.406 13567 13567 I CountUpdate: createDownNotification
07-11 07:36:39.406 13567 13567 I CountUpdate: createDownNotification 0:04 Timer
07-11 07:36:54.410 13567 13567 I Store   : restoreState
07-11 07:36:54.410 13567 13567 I Store   : CountUpTimer.start 107621689
07-11 07:36:54.410 13567 13567 I Store   : restore took total 1
07-11 07:36:54.410 13567 13567 I CountUpdate: createDownNotification
07-11 07:36:54.414 13567 13567 I CountUpdate: createDownNotification 0:04 Timer
07-11 07:37:00.000   144   161 I ActivityManager: No longer want com.google.android.apps.googlevoice (pid 13068): hidden #16
07-11 07:37:00.027   144   308 W ActivityManager: Scheduling restart of crashed service com.google.android.apps.googlevoice/.UpdateService in 5000ms
07-11 07:37:00.035   144   308 W ActivityManager: Scheduling restart of crashed service com.google.android.apps.googlevoice/.CallLogService in 14996ms
07-11 07:37:05.086   144   161 I ActivityManager: Start proc com.google.android.apps.googlevoice for service com.google.android.apps.googlevoice/.UpdateService: pid=13681 uid=10056 gids={3003, 1015}
07-11 07:37:05.129    79    79 D dalvikvm: GC_EXPLICIT freed 36K, 4% free 9031K/9347K, paused 3ms+6ms
07-11 07:37:05.171    79    79 D dalvikvm: GC_EXPLICIT freed <1K, 4% free 9031K/9347K, paused 2ms+2ms
07-11 07:37:05.218    79    79 D dalvikvm: GC_EXPLICIT freed <1K, 4% free 9031K/9347K, paused 1ms+4ms
07-11 07:37:05.550 13681 13684 D dalvikvm: GC_CONCURRENT freed 253K, 4% free 9283K/9607K, paused 5ms+9ms
07-11 07:37:05.621   144   427 I ActivityManager: Start proc android.process.acore for content provider com.android.providers.contacts/.VoicemailContentProvider: pid=13696 uid=10000 gids={3003, 1015}
07-11 07:37:05.738 13696 13696 I ActivityThread: Pub com.android.voicemail: com.android.providers.contacts.VoicemailContentProvider
07-11 07:37:05.800 13696 13696 I ActivityThread: Pub user_dictionary: com.android.providers.userdictionary.UserDictionaryProvider
07-11 07:37:05.828 13696 13696 I ActivityThread: Pub com.android.social: com.android.providers.contacts.SocialProvider
07-11 07:37:05.832 13696 13696 I ActivityThread: Pub applications: com.android.providers.applications.ApplicationsProvider
07-11 07:37:06.043 13696 13696 I ActivityThread: Pub contacts;com.android.contacts: com.android.providers.contacts.ContactsProvider2
07-11 07:37:06.105 13696 13698 D dalvikvm: GC_CONCURRENT freed 348K, 5% free 9188K/9607K, paused 8ms+2ms
07-11 07:37:06.207 13696 13696 I ActivityThread: Pub call_log: com.android.providers.contacts.CallLogProvider
07-11 07:37:06.781 13681 13684 D dalvikvm: GC_CONCURRENT freed 440K, 6% free 9414K/9927K, paused 2ms+3ms
07-11 07:37:06.781 13681 13690 W CursorWrapperInner: Cursor finalized without prior close()
07-11 07:37:06.781 13681 13690 W CursorWrapperInner: Cursor finalized without prior close()
07-11 07:37:06.781 13681 13690 W CursorWrapperInner: Cursor finalized without prior close()
07-11 07:37:06.859   144   144 I ActivityManager: Process com.android.calendar (pid 13338) has died.
07-11 07:37:06.941   144  7642 D CountryDetector: The first listener is added
07-11 07:37:06.961 13681 13684 D dalvikvm: GC_CONCURRENT freed 315K, 5% free 9563K/9991K, paused 1ms+3ms
07-11 07:37:07.019 13696 13698 D dalvikvm: GC_CONCURRENT freed 220K, 4% free 9455K/9799K, paused 2ms+6ms
07-11 07:37:08.320   144   366 D dalvikvm: GC_EXPLICIT freed 1445K, 21% free 15643K/19655K, paused 3ms+15ms
07-11 07:37:08.339 13696 13698 D dalvikvm: GC_CONCURRENT freed 257K, 4% free 9723K/10055K, paused 39ms+70ms
07-11 07:37:08.879 13696 13708 D dalvikvm: GC_EXPLICIT freed 286K, 4% free 9800K/10183K, paused 4ms+12ms
07-11 07:37:09.402 13567 13567 I Store   : restoreState
07-11 07:37:09.402 13567 13567 I Store   : CountUpTimer.start 107621689
07-11 07:37:09.402 13567 13567 I Store   : restore took total 0
07-11 07:37:09.402 13567 13567 I CountUpdate: createDownNotification
07-11 07:37:09.402 13567 13567 I CountUpdate: createDownNotification 0:03 Timer
07-11 07:37:24.406 13567 13567 I Store   : restoreState
07-11 07:37:24.406 13567 13567 I Store   : CountUpTimer.start 107621689
07-11 07:37:24.406 13567 13567 I Store   : restore took total 1
07-11 07:37:24.406 13567 13567 I CountUpdate: createDownNotification
07-11 07:37:24.414 13567 13567 I CountUpdate: createDownNotification 0:03 Timer
07-11 07:37:37.277 10684 10697 I PhoneLab-: Service Running
07-11 07:37:37.402 10684 10697 I PhoneLab-LoggerService: app_36    1287  1     1444   1004  c00f181c 400107b4 S logcat
07-11 07:37:37.402 10684 10697 I PhoneLab-LoggerService: Logcat pid from database 1287
07-11 07:37:37.402 10684 10697 I PhoneLab-LoggerService: Logcat process found 1287
07-11 07:37:37.402 10684 10697 I PhoneLab-LoggerService: Checking Threshold
07-11 07:37:39.394 13567 13567 I Store   : restoreState
07-11 07:37:39.394 13567 13567 I Store   : CountUpTimer.start 107621689
07-11 07:37:39.394 13567 13567 I Store   : restore took total 0
07-11 07:37:39.394 13567 13567 I CountUpdate: createDownNotification
07-11 07:37:39.394 13567 13567 I CountUpdate: createDownNotification 0:03 Timer
07-11 07:37:54.406 13567 13567 I Store   : restoreState
07-11 07:37:54.410 13567 13567 I Store   : CountUpTimer.start 107621689
07-11 07:37:54.410 13567 13567 I Store   : restore took total 1
07-11 07:37:54.410 13567 13567 I CountUpdate: createDownNotification
07-11 07:37:54.410 13567 13567 I CountUpdate: createDownNotification 0:03 Timer
07-11 07:38:01.191 11679 13726 V MusicSyncAdapter: Commencing sync for geoffrey.challen@gmail.com; com.google
07-11 07:38:01.242 11679 13726 I MusicPreferences: Waiting for preferences to be fully loaded
07-11 07:38:01.285 11679 13726 V MusicSyncAdapter: Downstream loop 1
07-11 07:38:01.879 11679 11682 D dalvikvm: GC_CONCURRENT freed 1002K, 14% free 10349K/11975K, paused 35ms+4ms
07-11 07:38:01.879 11679 11688 E NetworkMonitorServiceConn: NetworkMonitorServiceConnection not unbinded cleanly
07-11 07:38:01.879 11679 11688 E NetworkMonitorServiceConn: java.lang.Throwable
07-11 07:38:01.879 11679 11688 E NetworkMonitorServiceConn: 	at com.google.android.music.NetworkMonitorServiceConnection.finalize(NetworkMonitorServiceConnection.java:142)
07-11 07:38:01.879 11679 11688 E NetworkMonitorServiceConn: 	at java.lang.Daemons$FinalizerDaemon.doFinalize(Daemons.java:182)
07-11 07:38:01.879 11679 11688 E NetworkMonitorServiceConn: 	at java.lang.Daemons$FinalizerDaemon.run(Daemons.java:168)
07-11 07:38:01.879 11679 11688 E NetworkMonitorServiceConn: 	at java.lang.Thread.run(Thread.java:856)
07-11 07:38:03.976 11679 11682 D dalvikvm: GC_CONCURRENT freed 324K, 14% free 10414K/11975K, paused 2ms+3ms
07-11 07:38:04.281 11679 11682 D dalvikvm: GC_CONCURRENT freed 191K, 11% free 10687K/11975K, paused 2ms+4ms
07-11 07:38:04.597 11679 13726 V MusicSyncAdapter: Waiting on downstream reader thread to finish...
07-11 07:38:04.652 11679 11682 D dalvikvm: GC_CONCURRENT freed 318K, 10% free 10887K/11975K, paused 2ms+5ms
07-11 07:38:05.921 11679 11682 D dalvikvm: GC_CONCURRENT freed 805K, 12% free 10614K/11975K, paused 2ms+3ms
07-11 07:38:07.152 11679 11682 D dalvikvm: GC_CONCURRENT freed 337K, 11% free 10767K/11975K, paused 8ms+6ms
07-11 07:38:07.226 11679 13726 V MusicSyncAdapter: Waiting on downstream merger thread to finish merging...
07-11 07:38:07.445 11679 11682 D dalvikvm: GC_CONCURRENT freed 645K, 12% free 10608K/11975K, paused 7ms+4ms
07-11 07:38:09.421 13567 13567 I Store   : restoreState
07-11 07:38:09.421 13567 13567 I Store   : CountUpTimer.start 107621689
07-11 07:38:09.421 13567 13567 I Store   : restore took total 1
07-11 07:38:09.421 13567 13567 I CountUpdate: createDownNotification
07-11 07:38:09.429 13567 13567 I CountUpdate: createDownNotification 0:02 Timer
07-11 07:38:10.507 11679 13726 V MusicSyncAdapter: Downstream sync complete.
07-11 07:38:10.519 11679 13726 V MusicSyncAdapter: Commencing upstream sync.
07-11 07:38:10.570 11679 13726 V MusicSyncAdapter: Waiting on upstream reader thread to finish...
07-11 07:38:10.589 13389 13390 D dalvikvm: GC_CONCURRENT freed 428K, 6% free 10522K/11079K, paused 498ms+36ms
07-11 07:38:11.285 11679 11682 D dalvikvm: GC_CONCURRENT freed 721K, 15% free 10287K/11975K, paused 14ms+6ms
07-11 07:38:11.836 11679 13726 V MusicSyncAdapter: Waiting on upstream merger thread to finish merging...
07-11 07:38:11.836 11679 13726 V MusicSyncAdapter: Upstream sync done.
07-11 07:38:11.847 11679 13726 I MusicPreferences: Waiting for preferences to be fully loaded
07-11 07:38:11.910 11679 13728 I KeepOnUpdater: Updating SHOULDKEEPON
07-11 07:38:11.918 11679 13728 I KeepOnUpdater: Update of SHOULDKEEPON complete
07-11 07:38:11.957 11679 11679 I NetworkMonitor: Network Type: 1 isConnected: true
07-11 07:38:12.031 11679 11679 I NetworkMonitor: Network changed: type(1) name(WIFI) isConnected : true noData: false bitrate:512
07-11 07:38:12.070 11679 11679 I MusicDL : DownloadManager binded via: Intent { cmp=com.google.android.music/.dl.DownloadManager$DownloadManagerService }
07-11 07:38:12.089 11679 11693 I KeepOnScheduler: Predictive scheduler turned on
07-11 07:38:12.097 11679 11693 I MusicDL : Creating a new DownloadExecutor (was originally null)
07-11 07:38:12.109 11679 11693 I MusicDL : The download queue is empty.
07-11 07:38:12.117 11679 11693 I MusicDL : The download queue is empty.
07-11 07:38:12.121 11679 11693 I MusicDL : The download queue is empty.
07-11 07:38:12.136   144  7642 I AudioService:  AudioFocus  abandonAudioFocus() from android.media.AudioManager@4138fc48com.google.android.music.MusicPlaybackService$8@413a5810
07-11 07:38:12.144 11716 11716 V MusicFXControlPanelReceiver: onReceive
07-11 07:38:12.144 11716 11716 V MusicFXControlPanelReceiver: Action: android.media.action.CLOSE_AUDIO_EFFECT_CONTROL_SESSION
07-11 07:38:12.144 11716 11716 V MusicFXControlPanelReceiver: Package name: com.google.android.music
07-11 07:38:12.144 11716 11716 V MusicFXControlPanelReceiver: Audio session: 441
07-11 07:38:12.144 11716 11716 V MusicFXControlPanelEffect: closeSession(android.app.ReceiverRestrictedContext@41317d48, com.google.android.music, 441)
07-11 07:38:12.148 11679 11679 I MusicDL : DownloadManager.onDestroy
07-11 07:38:12.754 11679 11682 D dalvikvm: GC_CONCURRENT freed 250K, 13% free 10424K/11975K, paused 3ms+3ms
07-11 07:38:12.754 11679 11688 E NetworkMonitorServiceConn: NetworkMonitorServiceConnection not unbinded cleanly
07-11 07:38:12.754 11679 11688 E NetworkMonitorServiceConn: java.lang.Throwable
07-11 07:38:12.754 11679 11688 E NetworkMonitorServiceConn: 	at com.google.android.music.NetworkMonitorServiceConnection.finalize(NetworkMonitorServiceConnection.java:142)
07-11 07:38:12.754 11679 11688 E NetworkMonitorServiceConn: 	at java.lang.Daemons$FinalizerDaemon.doFinalize(Daemons.java:182)
07-11 07:38:12.754 11679 11688 E NetworkMonitorServiceConn: 	at java.lang.Daemons$FinalizerDaemon.run(Daemons.java:168)
07-11 07:38:12.754 11679 11688 E NetworkMonitorServiceConn: 	at java.lang.Thread.run(Thread.java:856)
07-11 07:38:12.757 11679 11688 E NetworkMonitorServiceConn: NetworkMonitorServiceConnection not unbinded cleanly
07-11 07:38:12.757 11679 11688 E NetworkMonitorServiceConn: java.lang.Throwable
07-11 07:38:12.757 11679 11688 E NetworkMonitorServiceConn: 	at com.google.android.music.NetworkMonitorServiceConnection.finalize(NetworkMonitorServiceConnection.java:142)
07-11 07:38:12.757 11679 11688 E NetworkMonitorServiceConn: 	at java.lang.Daemons$FinalizerDaemon.doFinalize(Daemons.java:182)
07-11 07:38:12.757 11679 11688 E NetworkMonitorServiceConn: 	at java.lang.Daemons$FinalizerDaemon.run(Daemons.java:168)
07-11 07:38:12.757 11679 11688 E NetworkMonitorServiceConn: 	at java.lang.Thread.run(Thread.java:856)
07-11 07:38:12.757 11679 11688 E NetworkMonitorServiceConn: NetworkMonitorServiceConnection not unbinded cleanly
07-11 07:38:12.757 11679 11688 E NetworkMonitorServiceConn: java.lang.Throwable
07-11 07:38:12.757 11679 11688 E NetworkMonitorServiceConn: 	at com.google.android.music.NetworkMonitorServiceConnection.finalize(NetworkMonitorServiceConnection.java:142)
07-11 07:38:12.757 11679 11688 E NetworkMonitorServiceConn: 	at java.lang.Daemons$FinalizerDaemon.doFinalize(Daemons.java:182)
07-11 07:38:12.757 11679 11688 E NetworkMonitorServiceConn: 	at java.lang.Daemons$FinalizerDaemon.run(Daemons.java:168)
07-11 07:38:12.757 11679 11688 E NetworkMonitorServiceConn: 	at java.lang.Thread.run(Thread.java:856)
07-11 07:38:12.800 11679 13732 I MusicCache: Cached file or directory "/mnt/sdcard/Android/data/com.google.android.music/cache/music" does not exist.
07-11 07:38:12.800 11679 13732 I MusicCache: Cached file or directory "/data/data/com.google.android.music/cache/music" does not exist.
07-11 07:38:13.316 11679 11682 D dalvikvm: GC_CONCURRENT freed 251K, 12% free 10590K/11975K, paused 2ms+3ms
07-11 07:38:13.875 11679 11682 D dalvikvm: GC_CONCURRENT freed 234K, 10% free 10842K/11975K, paused 3ms+5ms
07-11 07:38:13.972 11679 11682 D dalvikvm: GC_CONCURRENT freed 304K, 8% free 11062K/11975K, paused 2ms+2ms
07-11 07:38:14.078 11679 11682 D dalvikvm: GC_CONCURRENT freed 420K, 7% free 11199K/11975K, paused 5ms+3ms
07-11 07:38:17.816 11679 11682 D dalvikvm: GC_CONCURRENT freed 1518K, 14% free 10351K/11975K, paused 3ms+4ms
07-11 07:38:24.410 13567 13567 I Store   : restoreState
07-11 07:38:24.410 13567 13567 I Store   : CountUpTimer.start 107621689
07-11 07:38:24.410 13567 13567 I Store   : restore took total 1
07-11 07:38:24.410 13567 13567 I CountUpdate: createDownNotification
07-11 07:38:24.414 13567 13567 I CountUpdate: createDownNotification 0:02 Timer
07-11 07:38:39.410 13567 13567 I Store   : restoreState
07-11 07:38:39.410 13567 13567 I Store   : CountUpTimer.start 107621689
07-11 07:38:39.410 13567 13567 I Store   : restore took total 1
07-11 07:38:39.410 13567 13567 I CountUpdate: createDownNotification
07-11 07:38:39.414 13567 13567 I CountUpdate: createDownNotification 0:02 Timer
07-11 07:38:54.406 13567 13567 I Store   : restoreState
07-11 07:38:54.406 13567 13567 I Store   : CountUpTimer.start 107621689
07-11 07:38:54.406 13567 13567 I Store   : restore took total 0
07-11 07:38:54.406 13567 13567 I CountUpdate: createDownNotification
07-11 07:38:54.410 13567 13567 I CountUpdate: createDownNotification 0:02 Timer
07-11 07:39:09.418 13567 13567 I Store   : restoreState
07-11 07:39:09.418 13567 13567 I Store   : CountUpTimer.start 107621689
07-11 07:39:09.418 13567 13567 I Store   : restore took total 1
07-11 07:39:09.418 13567 13567 I CountUpdate: createDownNotification
07-11 07:39:09.418 13567 13567 I CountUpdate: createDownNotification 1 minute left Timer
07-11 07:39:09.601   214   216 D dalvikvm: GC_CONCURRENT freed 395K, 11% free 10275K/11527K, paused 3ms+5ms
07-11 07:39:24.394 13567 13567 I Store   : restoreState
07-11 07:39:24.394 13567 13567 I Store   : CountUpTimer.start 107621689
07-11 07:39:24.394 13567 13567 I Store   : restore took total 0
07-11 07:39:24.394 13567 13567 I CountUpdate: createDownNotification
07-11 07:39:24.394 13567 13567 I CountUpdate: createDownNotification 1 minute left Timer
07-11 07:39:37.273 10684 10697 I PhoneLab-: Service Running
07-11 07:39:37.339 10684 10697 I PhoneLab-LoggerService: app_36    1287  1     1444   1004  c00f181c 400107b4 S logcat
07-11 07:39:37.343 10684 10697 I PhoneLab-LoggerService: Logcat pid from database 1287
07-11 07:39:37.343 10684 10697 I PhoneLab-LoggerService: Logcat process found 1287
07-11 07:39:37.343 10684 10697 I PhoneLab-LoggerService: Checking Threshold
07-11 07:39:38.507 13549 13551 D dalvikvm: GC_CONCURRENT freed 417K, 6% free 9375K/9927K, paused 7ms+4ms
07-11 07:39:39.406 13567 13567 I Store   : restoreState
07-11 07:39:39.410 13567 13567 I Store   : CountUpTimer.start 107621689
07-11 07:39:39.410 13567 13567 I Store   : restore took total 1
07-11 07:39:39.410 13567 13567 I CountUpdate: createDownNotification
07-11 07:39:39.410 13567 13567 I CountUpdate: createDownNotification 1 minute left Timer
07-11 07:39:45.660 10684 10684 I PhoneLab-Locks: wake lock acquired
07-11 07:39:45.671 10684 13754 I PhoneLab-PeriodicCheckService: User info is synched
07-11 07:39:45.679 10684 13754 I PhoneLab-PeriodicCheckService: Logger Service is running
07-11 07:39:45.683 10684 10684 I PhoneLab-Locks: wake lock acquired
07-11 07:39:45.691 10684 10684 I PhoneLab-StatusMonitor: Status Monitoring is started
07-11 07:39:45.695 10684 13754 I PhoneLab-Locks: wake lock acquired
07-11 07:39:45.699 10684 13754 I PhoneLab-PeriodicCheckService: Rescheduling periodic checking...
07-11 07:39:45.750 10684 10684 E PhoneLab-PhoneLabManifest: java.io.FileNotFoundException: /data/data/edu.buffalo.cse.phonelab.phonelabservices/files/manifest.xml: open failed: ENOENT (No such file or directory)
07-11 07:39:45.754 10684 10684 I PhoneLab-Locks: wake lock released
07-11 07:39:45.777 10684 12092 D dalvikvm: GC_EXPLICIT freed 217K, 15% free 9130K/10695K, paused 4ms+7ms
07-11 07:39:45.781 10684 13754 I PhoneLab-Locks: wake lock released
07-11 07:39:45.781 10684 10684 I PhoneLab-UploadLogs: Transfering log files now
07-11 07:39:45.781 10684 10684 I PhoneLab-UploadLogs: No log files to transfer
07-11 07:39:45.781 10684 10684 I PhoneLab-Locks: wake lock released
07-11 07:39:45.785 10684 10684 I PhoneLab-UploadLogs: OnStartCommand
07-11 07:39:54.414 13567 13567 I Store   : restoreState
07-11 07:39:54.418 13567 13567 I Store   : CountUpTimer.start 107621689
07-11 07:39:54.418 13567 13567 I Store   : restore took total 2
07-11 07:39:54.418 13567 13567 I CountUpdate: createDownNotification
07-11 07:39:54.418 13567 13567 I CountUpdate: createDownNotification 1 minute left Timer
07-11 07:40:05.390 10590 10592 D dalvikvm: GC_CONCURRENT freed 510K, 10% free 11036K/12231K, paused 12ms+4ms
07-11 07:40:09.398 13567 13567 I Store   : restoreState
07-11 07:40:09.398 13567 13567 I Store   : CountUpTimer.start 107621689
07-11 07:40:09.398 13567 13567 I Store   : restore took total 0
07-11 07:40:09.398 13567 13567 I CountUpdate: createDownNotification
07-11 07:40:09.398 13567 13567 I CountUpdate: createDownNotification < 1 minute left Timer
07-11 07:40:24.406 13567 13567 I Store   : restoreState
07-11 07:40:24.406 13567 13567 I Store   : CountUpTimer.start 107621689
07-11 07:40:24.406 13567 13567 I Store   : restore took total 1
07-11 07:40:24.406 13567 13567 I CountUpdate: createDownNotification
07-11 07:40:24.406 13567 13567 I CountUpdate: createDownNotification < 1 minute left Timer
07-11 07:40:39.406 13567 13567 I Store   : restoreState
07-11 07:40:39.406 13567 13567 I Store   : CountUpTimer.start 107621689
07-11 07:40:39.406 13567 13567 I Store   : restore took total 1
07-11 07:40:39.406 13567 13567 I CountUpdate: createDownNotification
07-11 07:40:39.406 13567 13567 I CountUpdate: createDownNotification < 1 minute left Timer
07-11 07:40:39.836   285   285 I wpa_supplicant: wlan0: WPA: Group rekeying completed with 00:14:d1:c4:4d:13 [GTK=TKIP]
07-11 07:40:54.406 13567 13567 I Store   : restoreState
07-11 07:40:54.406 13567 13567 I Store   : CountUpTimer.start 107621689
07-11 07:40:54.406 13567 13567 I Store   : restore took total 1
07-11 07:40:54.406 13567 13567 I CountUpdate: createDownNotification
07-11 07:40:54.406 13567 13567 I CountUpdate: createDownNotification < 1 minute left Timer
07-11 07:41:09.410 13567 13567 I Store   : restoreState
07-11 07:41:09.414 13567 13567 I Store   : CountUpTimer.start 107621689
07-11 07:41:09.414 13567 13567 I Store   : restore took total 3
07-11 07:41:09.414 13567 13567 I CountUpdate: createDownNotification
07-11 07:41:09.433 13567 13567 E StopWatch: Due to update again before now!
07-11 07:41:09.437 13567 13567 I CountUpdate: createDownNotification < 1 minute left Timer
07-11 07:41:09.472 13549 13549 I StopWatch: Reset - countUp false
07-11 07:41:09.863   144 13759 I AudioService:  AudioFocus  requestAudioFocus() from android.media.AudioManager@415bb720
07-11 07:41:09.879   214   216 D dalvikvm: GC_CONCURRENT freed 474K, 12% free 10214K/11527K, paused 54ms+7ms
07-11 07:41:09.914    81   128 D AudioHardware: AudioHardware pcm playback is exiting standby.
07-11 07:41:09.914    81   128 D AudioHardware: openPcmOut_l() mPcmOpenCnt: 0
07-11 07:41:14.437 13549 13549 I StopWatch: Reset - countUp false
07-11 07:41:14.464   144 13765 I AudioService:  AudioFocus  abandonAudioFocus() from android.media.AudioManager@415bb720
07-11 07:41:14.511   214   214 D dalvikvm: GC_FOR_ALLOC freed 843K, 16% free 9718K/11527K, paused 17ms
07-11 07:41:14.582   214   216 D dalvikvm: GC_CONCURRENT freed 352K, 15% free 9855K/11527K, paused 2ms+2ms
07-11 07:41:14.668   214   216 D dalvikvm: GC_CONCURRENT freed 527K, 16% free 9780K/11527K, paused 2ms+3ms
07-11 07:41:17.531    81   128 D AudioHardware: AudioHardware pcm playback is going to standby.
07-11 07:41:17.535    81   128 D AudioHardware: closePcmOut_l() mPcmOpenCnt: 1
07-11 07:41:37.277 10684 10697 I PhoneLab-: Service Running
07-11 07:41:37.382 10684 10697 I PhoneLab-LoggerService: app_36    1287  1     1444   1004  c00f181c 400107b4 S logcat
07-11 07:41:37.382 10684 10697 I PhoneLab-LoggerService: Logcat pid from database 1287
07-11 07:41:37.382 10684 10697 I PhoneLab-LoggerService: Logcat process found 1287
07-11 07:41:37.382 10684 10697 I PhoneLab-LoggerService: Checking Threshold
07-11 07:41:48.820   144   180 I InputReader: Reconfiguring input devices.  changes=0x00000004
07-11 07:41:48.820   144   180 I InputReader: Device reconfigured: id=7, name='mxt224_ts_input', surface size is now 480x800, mode is 1
07-11 07:41:48.855   144   160 I ActivityManager: Config changed: {1.0 310mcc120mnc en_US layoutdir=0 sw320dp w533dp h294dp nrml long land finger -keyb/v/h -nav/h s.21}
07-11 07:41:49.078 13549 13549 D OpenGLRenderer: Flushing caches (mode 0)
07-11 07:41:49.171 13549 13549 I Store   : saveState
07-11 07:41:49.171 13549 13549 I Store   : CountUpTimer.start 107621689
07-11 07:41:49.171 13549 13549 I Store   : save took 1 0
07-11 07:41:49.234 13549 13549 I Store   : save took total 63
07-11 07:41:49.558 13549 13556 I dalvikvm: Jit: resizing JitTable from 4096 to 8192
07-11 07:41:49.613 13549 13549 I Store   : restoreState
07-11 07:41:49.617 13549 13549 I Store   : CountUpTimer.start 107621689
07-11 07:41:49.617 13549 13549 I Store   : restore took total 0
07-11 07:41:49.867   144   344 I ActivityManager: Process com.google.android.apps.maps:NetworkLocationService (pid 13389) has died.
07-11 07:41:49.875   144   344 W ActivityManager: Scheduling restart of crashed service com.google.android.apps.maps/com.google.android.location.internal.server.NetworkLocationService in 5000ms
07-11 07:41:49.976   144   366 I ActivityManager: Process com.android.providers.calendar (pid 13353) has died.
07-11 07:41:50.023   144   155 I ActivityManager: Process com.google.android.syncadapters.calendar (pid 13371) has died.
07-11 07:41:52.429   144   174 D dalvikvm: GC_EXPLICIT freed 1259K, 21% free 15627K/19655K, paused 55ms+10ms
07-11 07:41:55.054   144   161 I ActivityManager: Start proc com.google.android.apps.maps:NetworkLocationService for service com.google.android.apps.maps/com.google.android.location.internal.server.NetworkLocationService: pid=13767 uid=10053 gids={3003, 1015}
07-11 07:41:55.484 13767 13768 D dalvikvm: GC_CONCURRENT freed 156K, 3% free 9380K/9607K, paused 22ms+2ms
07-11 07:41:56.140 13767 13768 D dalvikvm: GC_CONCURRENT freed 158K, 3% free 9686K/9927K, paused 4ms+6ms
07-11 07:41:56.457 13767 13768 D dalvikvm: GC_CONCURRENT freed 165K, 3% free 10074K/10311K, paused 4ms+2ms
07-11 07:41:56.660 13767 13768 D dalvikvm: GC_CONCURRENT freed 668K, 8% free 9886K/10631K, paused 2ms+2ms
07-11 07:41:57.015   144   308 D dalvikvm: GC_EXPLICIT freed 165K, 22% free 15519K/19655K, paused 3ms+6ms
07-11 07:41:57.027   144  4494 I ActivityManager: Process com.google.android.apps.docs (pid 11915) has died.
07-11 07:41:57.070 13767 13787 D dalvikvm: GC_FOR_ALLOC freed 190K, 6% free 10048K/10631K, paused 23ms
07-11 07:41:58.429 13767 13768 D dalvikvm: GC_CONCURRENT freed 364K, 6% free 10083K/10631K, paused 2ms+2ms
07-11 07:42:00.140   144   180 I InputReader: Reconfiguring input devices.  changes=0x00000004
07-11 07:42:00.140   144   180 I InputReader: Device reconfigured: id=7, name='mxt224_ts_input', surface size is now 480x800, mode is 1
07-11 07:42:00.168   144   160 I ActivityManager: Config changed: {1.0 310mcc120mnc en_US layoutdir=0 sw320dp w320dp h508dp nrml long port finger -keyb/v/h -nav/h s.22}
07-11 07:42:00.187 13549 13549 D OpenGLRenderer: Flushing caches (mode 0)
07-11 07:42:00.195 13549 13549 I Store   : saveState
07-11 07:42:00.195 13549 13549 I Store   : CountUpTimer.start 107621689
07-11 07:42:00.199 13549 13549 I Store   : save took 1 4
07-11 07:42:00.242 13549 13549 I Store   : save took total 46
07-11 07:42:00.375 13549 13549 I Store   : restoreState
07-11 07:42:00.375 13549 13549 I Store   : CountUpTimer.start 107621689
07-11 07:42:00.375 13549 13549 I Store   : restore took total 0
07-11 07:42:00.410 13549 13551 D dalvikvm: GC_CONCURRENT freed 223K, 4% free 9615K/9927K, paused 13ms+8ms
07-11 07:42:00.691   144   427 I ActivityManager: Process com.google.android.gallery3d (pid 11883) has died.
07-11 07:42:00.734   144   366 I ActivityManager: Process com.google.android.apps.uploader (pid 11899) has died.
07-11 07:42:01.074   144   179 I ActivityManager: START {act=android.intent.action.MAIN cat=[android.intent.category.HOME] flg=0x10200000 cmp=com.android.launcher/com.android.launcher2.Launcher} from pid 144
07-11 07:42:01.140 13549 13549 I Store   : saveState
07-11 07:42:01.140 13549 13549 I Store   : CountUpTimer.start 107621689
07-11 07:42:01.144 13549 13549 I Store   : save took 1 0
07-11 07:42:01.168 13549 13549 I Store   : save took total 27
07-11 07:42:01.398 13549 13549 D OpenGLRenderer: Flushing caches (mode 0)
07-11 07:42:01.480 13549 13549 D OpenGLRenderer: Flushing caches (mode 1)
07-11 07:42:02.879   144   174 D dalvikvm: GC_EXPLICIT freed 232K, 21% free 15532K/19655K, paused 4ms+7ms
07-11 07:43:10.086   144   171 I power   : *** set_screen_state 0
07-11 07:43:10.140    78   121 D SurfaceFlinger: About to give-up screen, flinger = 0x1e16918
07-11 07:43:10.214   371  1469 D NfcService: NFC-C OFF, disconnect
07-11 07:43:15.250   144   175 V TransportControlView: Create TCV com.android.internal.widget.TransportControlView@41624b98
07-11 07:43:15.281   214   214 D PhoneStatusBar: disable: < expand icons alerts ticker system_info back home RECENT* clock >
07-11 07:43:15.308   214   214 D PhoneStatusBar: disable: < expand icons alerts ticker system_info BACK* HOME* RECENT CLOCK* >
07-11 07:43:16.062   144   144 W ActivityManager: finishReceiver called but no pending broadcasts
07-11 07:43:16.250 13767 13768 D dalvikvm: GC_CONCURRENT freed 405K, 5% free 10218K/10695K, paused 2ms+2ms
07-11 07:43:16.539   285   285 I wpa_supplicant: wlan0: CTRL-EVENT-DISCONNECTED bssid=00:14:d1:c4:4d:13 reason=0
07-11 07:43:16.539    75   117 D CommandListener: Clearing all IP addresses on wlan0
07-11 07:43:16.574   144   200 D ConnectivityService: ConnectivityChange for WIFI: DISCONNECTED/DISCONNECTED
07-11 07:43:16.578   144   200 D ConnectivityService: Attempting to switch to mobile
07-11 07:43:16.632   144   200 D ConnectivityService: Attempting to switch to WIMAX
07-11 07:43:16.636   144   200 D ConnectivityService: Attempting to switch to BLUETOOTH_TETHER
07-11 07:43:16.636   144   200 E ConnectivityService: Exception trying to remove a route: java.lang.IllegalStateException: Unable to communicate with native dameon to add routes - com.android.server.NativeDaemonConnectorException: Cmd {interface route remove wlan0 default 192.168.1.1 32 0.0.0.0} failed with code 400 : {Failed to remove route from default table (No such process)}
07-11 07:43:16.640   144   200 D NetUtils: android_net_utils_resetConnections in env=0x7913f0 clazz=0x52600001 iface=wlan0 mask=0x3
07-11 07:43:16.640   144   200 E ConnectivityService: Exception trying to remove a route: java.lang.IllegalStateException: Unable to communicate with native dameon to add routes - com.android.server.NativeDaemonConnectorException: Cmd {interface route remove wlan0 default 0.0.0.0 0 192.168.1.1} failed with code 400 : {Failed to remove route from default table (No such process)}
07-11 07:43:16.640   144   200 D ConnectivityService: resetConnections(wlan0, 3)
07-11 07:43:16.777  8665 13651 W Smack/Packet: notify conn break (IOEx), close connection
07-11 07:43:16.949  8665 13651 I qtaguid : Failed write_ctrl(u 67) res=-1 errno=22
07-11 07:43:16.949  8665 13651 I qtaguid : Untagging socket 67 failed errno=-22
07-11 07:43:16.949  8665 13651 W NetworkManagementSocketTagger: untagSocket(67) failed with errno -22
07-11 07:43:16.996   144   200 D ConnectivityService: handleInetConditionChange: no active default network - ignore
07-11 07:43:17.144   285   285 I wpa_supplicant: wlan0: Trying to associate with 00:14:d1:c4:4d:13 (SSID='linksys' freq=2437 MHz)
07-11 07:43:17.203   285   285 I wpa_supplicant: wlan0: Associated with 00:14:d1:c4:4d:13
07-11 07:43:17.211   285   285 I wpa_supplicant: wlan0: WPA: Key negotiation completed with 00:14:d1:c4:4d:13 [PTK=CCMP GTK=TKIP]
07-11 07:43:17.211   285   285 I wpa_supplicant: wlan0: CTRL-EVENT-CONNECTED - Connection to 00:14:d1:c4:4d:13 completed (reauth) [id=1 id_str=]
07-11 07:43:17.859   144   198 D DhcpInfoInternal: makeLinkProperties with empty dns2!
07-11 07:43:17.859   144   198 D DhcpInfoInternal: makeLinkProperties with empty dns2!
07-11 07:43:17.867   144   200 D ConnectivityService: ConnectivityChange for WIFI: CONNECTED/CONNECTED
07-11 07:43:17.918 10684 10684 I PhoneLab-WiFiReceiver: Wi-Fi is connected!
07-11 07:43:17.921 10684 10684 I PhoneLab-WiFiReceiver: SSID: linksys BSSID: 00:14:d1:c4:4d:13 RSSI: -200 LinkSpeed: -1
07-11 07:43:17.921 10684 10684 I PhoneLab-Locks: wake lock acquired
07-11 07:43:17.933 10684 10684 I PhoneLab-UploadLogs: Transfering log files now
07-11 07:43:17.933 10684 10684 I PhoneLab-UploadLogs: No log files to transfer
07-11 07:43:17.933 10684 10684 I PhoneLab-Locks: wake lock released
07-11 07:43:17.964 10684 10684 I PhoneLab-UploadLogs: OnStartCommand
07-11 07:43:17.980   144   195 W NetworkStats: dropping UID delta from unknown iface: iface=wlan0 uid=0 set=DEFAULT tag=0x0 rxBytes=328 rxPackets=1 txBytes=140 txPackets=2 operations=0
07-11 07:43:18.054   144   146 D dalvikvm: GC_CONCURRENT freed 714K, 17% free 16448K/19655K, paused 24ms+10ms
07-11 07:43:18.871   144   200 D ConnectivityService: NetTransition Wakelock for WifiStateMachine released by timeout
07-11 07:43:21.218   144   204 D Tethering: MasterInitialState.processMessage what=3
07-11 07:43:21.230  8665  8665 I GTalkService/c: [AndroidEndpoint@1094212432] connect: acct=1000000, state=CONNECTING
07-11 07:43:21.253   144   379 I ActivityManager: Start proc com.google.android.gallery3d for broadcast com.google.android.gallery3d/com.google.android.picasasync.ConnectivityReceiver: pid=13822 uid=10016 gids={3003, 1015}
07-11 07:43:21.414 13822 13822 I ActivityThread: Pub com.google.android.gallery3d.GooglePhotoProvider: com.google.android.picasasync.PicasaContentProvider
07-11 07:43:21.539 13822 13824 D dalvikvm: GC_CONCURRENT freed 418K, 6% free 9117K/9607K, paused 2ms+2ms
07-11 07:43:21.578 13822 13822 I ActivityThread: Pub com.google.android.gallery3d.provider: com.android.gallery3d.provider.GalleryProvider
07-11 07:43:21.664 13822 13824 D dalvikvm: GC_CONCURRENT freed 397K, 5% free 9189K/9671K, paused 1ms+3ms
07-11 07:43:21.738 13822 13822 D UploadsManager: load newPhotoTracker: null
07-11 07:43:21.738 13822 13822 D UploadsManager: load all accounts: null
07-11 07:43:21.738 13822 13822 D UploadsManager: load all account-album pairs: null
07-11 07:43:21.742 13822 13822 V PicasaContentProvider: querySettings: defaults: {sync_on_wifi_only=1, auto_upload_account_type=null, sync_on_battery=1, sync_picasa_on_wifi_only=1, auto_upload_enabled=0, video_upload_wifi_only=1, sync_on_roaming=0, auto_upload_account_name=null}
07-11 07:43:21.750 13822 13822 D UploadsManager:    settings not changed
07-11 07:43:21.765 13822 13836 D PicasaSync: sync account database
07-11 07:43:21.871   144  6748 I ActivityManager: Start proc com.google.android.apps.uploader for broadcast com.google.android.apps.uploader/.ConnectivityBroadcastReceiver: pid=13838 uid=10029 gids={3003}
07-11 07:43:21.882 13838 13838 I dalvikvm: Turning on JNI app bug workarounds for target SDK version 11...
07-11 07:43:21.937 13822 13836 D PicasaSync: accounts in DB=1
07-11 07:43:21.937 13822 13836 V PicasaContentProvider: querySettings: defaults: {sync_on_wifi_only=1, auto_upload_account_type=null, sync_on_battery=1, sync_picasa_on_wifi_only=1, auto_upload_enabled=0, video_upload_wifi_only=1, sync_on_roaming=0, auto_upload_account_name=null}
07-11 07:43:21.941 13822 13836 D PicasaSyncManager: active network: NetworkInfo: type: WIFI[], state: CONNECTED/CONNECTED, reason: (unspecified), extra: (none), roaming: false, failover: false, isAvailable: true
07-11 07:43:21.941 13822 13836 D PicasaSyncManager: background data: true
07-11 07:43:21.972 13822 13836 D PicasaSyncManager: battery info: false
07-11 07:43:21.992 13838 13838 I ActivityThread: Pub com.google.android.apps.uploader: com.google.android.apps.uploader.UploadsContentProvider
