07-03 13:06:56.117   983   998 I PhoneLab-LoggerService: Logcat pid from database 1002
07-03 13:06:56.117   983   998 I PhoneLab-LoggerService: Logcat process found 1002
07-03 13:06:56.117   983   998 I PhoneLab-LoggerService: Checking Threshold
07-03 13:06:56.121   983   998 I PhoneLab-LoggerService: Starting to rename files
07-03 13:06:56.125   983   998 I PhoneLab-LoggerService: Files found .. 81
07-03 13:06:56.125   983   998 I PhoneLab-: Service Running
07-03 13:06:56.191   983   998 I PhoneLab-LoggerService: app_37    1002  983   1440   1072  c00f181c 40010988 S logcat
07-03 13:06:56.191   983   998 I PhoneLab-LoggerService: Logcat pid from database 1002
07-03 13:06:56.191   983   998 I PhoneLab-LoggerService: Logcat process found 1002
07-03 13:06:56.191   983   998 I PhoneLab-LoggerService: Checking Threshold
07-03 13:06:56.195   983   998 I PhoneLab-LoggerService: Starting to rename files
07-03 13:06:56.203   983   998 I PhoneLab-LoggerService: Files found .. 81
07-03 13:06:56.203   983   998 I PhoneLab-: Service Running
07-03 13:06:56.230   983   986 D dalvikvm: GC_CONCURRENT freed 517K, 9% free 9248K/10119K, paused 6ms+6ms
07-03 13:06:56.265   983   998 I PhoneLab-LoggerService: app_37    1002  983   1440   1072  c00f181c 40010988 S logcat
07-03 13:06:56.265   983   998 I PhoneLab-LoggerService: Logcat pid from database 1002
07-03 13:06:56.269   983   998 I PhoneLab-LoggerService: Logcat process found 1002
07-03 13:06:56.269   983   998 I PhoneLab-LoggerService: Checking Threshold
07-03 13:06:56.269   983   998 I PhoneLab-LoggerService: Starting to rename files
07-03 13:06:56.273   983   998 I PhoneLab-LoggerService: Files found .. 81
07-03 13:06:56.277   983   998 I PhoneLab-: Service Running
07-03 13:06:56.308   983   998 I PhoneLab-LoggerService: app_37    1002  983   1440   1072  c00f181c 40010988 S logcat
07-03 13:06:56.308   983   998 I PhoneLab-LoggerService: Logcat pid from database 1002
07-03 13:06:56.308   983   998 I PhoneLab-LoggerService: Logcat process found 1002
07-03 13:06:56.308   983   998 I PhoneLab-LoggerService: Checking Threshold
07-03 13:06:56.312   983   998 I PhoneLab-LoggerService: Starting to rename files
07-03 13:06:56.316   983   998 I PhoneLab-LoggerService: Files found .. 81
07-03 13:06:56.316   983   998 I PhoneLab-: Service Running
07-03 13:06:56.347   983   998 I PhoneLab-LoggerService: app_37    1002  983   1440   1072  c00f181c 40010988 S logcat
07-03 13:06:56.347   983   998 I PhoneLab-LoggerService: Logcat pid from database 1002
07-03 13:06:56.347   983   998 I PhoneLab-LoggerService: Logcat process found 1002
07-03 13:06:56.347   983   998 I PhoneLab-LoggerService: Checking Threshold
07-03 13:06:56.351   983   998 I PhoneLab-LoggerService: Starting to rename files
07-03 13:06:56.371   983   998 I PhoneLab-LoggerService: Files found .. 81
07-03 13:06:56.375   983   998 I PhoneLab-: Service Running
07-03 13:06:56.406   983   986 D dalvikvm: GC_CONCURRENT freed 396K, 9% free 9243K/10119K, paused 2ms+6ms
07-03 13:06:56.429   983   998 I PhoneLab-LoggerService: app_37    1002  983   1440   1072  c00f181c 40010988 S logcat
07-03 13:06:56.433   983   998 I PhoneLab-LoggerService: Logcat pid from database 1002
07-03 13:06:56.433   983   998 I PhoneLab-LoggerService: Logcat process found 1002
07-03 13:06:56.433   983   998 I PhoneLab-LoggerService: Checking Threshold
07-03 13:06:56.437   983   998 I PhoneLab-LoggerService: Starting to rename files
07-03 13:06:56.437   983   998 I PhoneLab-LoggerService: Files found .. 81
07-03 13:06:56.441   983   998 I PhoneLab-: Service Running
07-03 13:06:56.472   983   998 I PhoneLab-LoggerService: app_37    1002  983   1440   1072  c00f181c 40010988 S logcat
07-03 13:06:56.472   983   998 I PhoneLab-LoggerService: Logcat pid from database 1002
07-03 13:06:56.472   983   998 I PhoneLab-LoggerService: Logcat process found 1002
07-03 13:06:56.472   983   998 I PhoneLab-LoggerService: Checking Threshold
07-03 13:06:56.476   983   998 I PhoneLab-LoggerService: Starting to rename files
07-03 13:06:56.480   983   998 I PhoneLab-LoggerService: Files found .. 81
07-03 13:06:56.480   983   998 I PhoneLab-: Service Running
07-03 13:06:56.511   983   998 I PhoneLab-LoggerService: app_37    1002  983   1440   1072  c00f181c 40010988 S logcat
07-03 13:06:56.511   983   998 I PhoneLab-LoggerService: Logcat pid from database 1002
07-03 13:06:56.511   983   998 I PhoneLab-LoggerService: Logcat process found 1002
07-03 13:06:56.511   983   998 I PhoneLab-LoggerService: Checking Threshold
07-03 13:06:56.515   983   998 I PhoneLab-LoggerService: Starting to rename files
07-03 13:06:56.539   983   998 I PhoneLab-LoggerService: Files found .. 81
07-03 13:06:56.539   983   998 I PhoneLab-: Service Running
07-03 13:06:56.570   983   986 D dalvikvm: GC_CONCURRENT freed 392K, 9% free 9243K/10119K, paused 2ms+8ms
07-03 13:06:56.593   983   998 I PhoneLab-LoggerService: app_37    1002  983   1440   1072  c00f181c 40010988 S logcat
07-03 13:06:56.593   983   998 I PhoneLab-LoggerService: Logcat pid from database 1002
07-03 13:06:56.593   983   998 I PhoneLab-LoggerService: Logcat process found 1002
07-03 13:06:56.593   983   998 I PhoneLab-LoggerService: Checking Threshold
07-03 13:06:56.597   983   998 I PhoneLab-LoggerService: Starting to rename files
07-03 13:06:56.601   983   998 I PhoneLab-LoggerService: Files found .. 81
07-03 13:06:56.605   983   998 I PhoneLab-: Service Running
07-03 13:06:56.636   983   998 I PhoneLab-LoggerService: app_37    1002  983   1440   1072  c00f181c 40010988 S logcat
07-03 13:06:56.636   983   998 I PhoneLab-LoggerService: Logcat pid from database 1002
07-03 13:06:56.636   983   998 I PhoneLab-LoggerService: Logcat process found 1002
07-03 13:06:56.636   983   998 I PhoneLab-LoggerService: Checking Threshold
07-03 13:06:56.640   983   998 I PhoneLab-LoggerService: Starting to rename files
07-03 13:06:56.644   983   998 I PhoneLab-LoggerService: Files found .. 81
07-03 13:06:56.644   983   998 I PhoneLab-: Service Running
07-03 13:06:56.675   983   998 I PhoneLab-LoggerService: app_37    1002  983   1440   1072  c00f181c 40010988 S logcat
07-03 13:06:56.675   983   998 I PhoneLab-LoggerService: Logcat pid from database 1002
07-03 13:06:56.675   983   998 I PhoneLab-LoggerService: Logcat process found 1002
07-03 13:06:56.675   983   998 I PhoneLab-LoggerService: Checking Threshold
07-03 13:06:56.679   983   998 I PhoneLab-LoggerService: Starting to rename files
07-03 13:06:56.703   983   998 I PhoneLab-LoggerService: Files found .. 81
07-03 13:06:56.703   983   998 I PhoneLab-: Service Running
07-03 13:06:56.734   983   986 D dalvikvm: GC_CONCURRENT freed 391K, 9% free 9243K/10119K, paused 2ms+5ms
07-03 13:06:56.761   983   998 I PhoneLab-LoggerService: app_37    1002  983   1440   1072  c00f181c 40010988 S logcat
07-03 13:06:56.761   983   998 I PhoneLab-LoggerService: Logcat pid from database 1002
07-03 13:06:56.761   983   998 I PhoneLab-LoggerService: Logcat process found 1002
07-03 13:06:56.761   983   998 I PhoneLab-LoggerService: Checking Threshold
07-03 13:06:56.765   983   998 I PhoneLab-LoggerService: Starting to rename files
07-03 13:06:56.769   983   998 I PhoneLab-LoggerService: Files found .. 81
07-03 13:06:56.769   983   998 I PhoneLab-: Service Running
07-03 13:06:56.800   983   998 I PhoneLab-LoggerService: app_37    1002  983   1440   1072  c00f181c 40010988 S logcat
07-03 13:06:56.800   983   998 I PhoneLab-LoggerService: Logcat pid from database 1002
07-03 13:06:56.800   983   998 I PhoneLab-LoggerService: Logcat process found 1002
07-03 13:06:56.800   983   998 I PhoneLab-LoggerService: Checking Threshold
07-03 13:06:56.804   983   998 I PhoneLab-LoggerService: Starting to rename files
07-03 13:06:56.808   983   998 I PhoneLab-LoggerService: Files found .. 81
07-03 13:06:56.808   983   998 I PhoneLab-: Service Running
07-03 13:06:56.843   983   998 I PhoneLab-LoggerService: app_37    1002  983   1440   1072  c00f181c 40010988 S logcat
07-03 13:06:56.843   983   998 I PhoneLab-LoggerService: Logcat pid from database 1002
07-03 13:06:56.843   983   998 I PhoneLab-LoggerService: Logcat process found 1002
07-03 13:06:56.843   983   998 I PhoneLab-LoggerService: Checking Threshold
07-03 13:06:56.847   983   998 I PhoneLab-LoggerService: Starting to rename files
07-03 13:06:56.867   983   998 I PhoneLab-LoggerService: Files found .. 81
07-03 13:06:56.871   983   998 I PhoneLab-: Service Running
07-03 13:06:56.898   983   986 D dalvikvm: GC_CONCURRENT freed 391K, 9% free 9243K/10119K, paused 2ms+5ms
07-03 13:06:56.925   983   998 I PhoneLab-LoggerService: app_37    1002  983   1440   1072  c00f181c 40010988 S logcat
07-03 13:06:56.925   983   998 I PhoneLab-LoggerService: Logcat pid from database 1002
07-03 13:06:56.925   983   998 I PhoneLab-LoggerService: Logcat process found 1002
07-03 13:06:56.925   983   998 I PhoneLab-LoggerService: Checking Threshold
07-03 13:06:56.929   983   998 I PhoneLab-LoggerService: Starting to rename files
07-03 13:06:56.933   983   998 I PhoneLab-LoggerService: Files found .. 81
07-03 13:06:56.933   983   998 I PhoneLab-: Service Running
07-03 13:06:56.965   983   998 I PhoneLab-LoggerService: app_37    1002  983   1440   1072  c00f181c 40010988 S logcat
07-03 13:06:56.968   983   998 I PhoneLab-LoggerService: Logcat pid from database 1002
07-03 13:06:56.968   983   998 I PhoneLab-LoggerService: Logcat process found 1002
07-03 13:06:56.968   983   998 I PhoneLab-LoggerService: Checking Threshold
07-03 13:06:56.968   983   998 I PhoneLab-LoggerService: Starting to rename files
07-03 13:06:56.972   983   998 I PhoneLab-LoggerService: Files found .. 81
07-03 13:06:56.976   983   998 I PhoneLab-: Service Running
07-03 13:06:57.007   983   998 I PhoneLab-LoggerService: app_37    1002  983   1440   1072  c00f181c 40010988 S logcat
07-03 13:06:57.007   983   998 I PhoneLab-LoggerService: Logcat pid from database 1002
07-03 13:06:57.007   983   998 I PhoneLab-LoggerService: Logcat process found 1002
07-03 13:06:57.007   983   998 I PhoneLab-LoggerService: Checking Threshold
07-03 13:06:57.011   983   998 I PhoneLab-LoggerService: Starting to rename files
07-03 13:06:57.031   983   998 I PhoneLab-LoggerService: Files found .. 81
07-03 13:06:57.031   983   998 I PhoneLab-: Service Running
07-03 13:06:57.066   983   986 D dalvikvm: GC_CONCURRENT freed 391K, 9% free 9243K/10119K, paused 2ms+6ms
07-03 13:06:57.090   983   998 I PhoneLab-LoggerService: app_37    1002  983   1440   1072  c00f181c 40010988 S logcat
07-03 13:06:57.090   983   998 I PhoneLab-LoggerService: Logcat pid from database 1002
07-03 13:06:57.090   983   998 I PhoneLab-LoggerService: Logcat process found 1002
07-03 13:06:57.090   983   998 I PhoneLab-LoggerService: Checking Threshold
07-03 13:06:57.093   983   998 I PhoneLab-LoggerService: Starting to rename files
07-03 13:06:57.097   983   998 I PhoneLab-LoggerService: Files found .. 81
07-03 13:06:57.097   983   998 I PhoneLab-: Service Running
07-03 13:06:57.132   983   998 I PhoneLab-LoggerService: app_37    1002  983   1440   1072  c00f181c 40010988 S logcat
07-03 13:06:57.132   983   998 I PhoneLab-LoggerService: Logcat pid from database 1002
07-03 13:06:57.132   983   998 I PhoneLab-LoggerService: Logcat process found 1002
07-03 13:06:57.132   983   998 I PhoneLab-LoggerService: Checking Threshold
07-03 13:06:57.136   983   998 I PhoneLab-LoggerService: Starting to rename files
07-03 13:06:57.136   983   998 I PhoneLab-LoggerService: Files found .. 81
07-03 13:06:57.140   983   998 I PhoneLab-: Service Running
07-03 13:06:57.172   983   998 I PhoneLab-LoggerService: app_37    1002  983   1440   1072  c00f181c 40010988 S logcat
07-03 13:06:57.172   983   998 I PhoneLab-LoggerService: Logcat pid from database 1002
07-03 13:06:57.172   983   998 I PhoneLab-LoggerService: Logcat process found 1002
07-03 13:06:57.172   983   998 I PhoneLab-LoggerService: Checking Threshold
07-03 13:06:57.175   983   998 I PhoneLab-LoggerService: Starting to rename files
07-03 13:06:57.195   983   998 I PhoneLab-LoggerService: Files found .. 81
07-03 13:06:57.195   983   998 I PhoneLab-: Service Running
07-03 13:06:57.230   983   986 D dalvikvm: GC_CONCURRENT freed 391K, 9% free 9243K/10119K, paused 1ms+5ms
07-03 13:06:57.254   983   998 I PhoneLab-LoggerService: app_37    1002  983   1440   1072  c00f181c 40010988 S logcat
07-03 13:06:57.254   983   998 I PhoneLab-LoggerService: Logcat pid from database 1002
07-03 13:06:57.254   983   998 I PhoneLab-LoggerService: Logcat process found 1002
07-03 13:06:57.254   983   998 I PhoneLab-LoggerService: Checking Threshold
07-03 13:06:57.257   983   998 I PhoneLab-LoggerService: Starting to rename files
07-03 13:06:57.261   983   998 I PhoneLab-LoggerService: Files found .. 81
07-03 13:06:57.261   983   998 I PhoneLab-: Service Running
07-03 13:06:57.293   983   998 I PhoneLab-LoggerService: app_37    1002  983   1440   1072  c00f181c 40010988 S logcat
07-03 13:06:57.297   983   998 I PhoneLab-LoggerService: Logcat pid from database 1002
07-03 13:06:57.297   983   998 I PhoneLab-LoggerService: Logcat process found 1002
07-03 13:06:57.297   983   998 I PhoneLab-LoggerService: Checking Threshold
07-03 13:06:57.297   983   998 I PhoneLab-LoggerService: Starting to rename files
07-03 13:06:57.300   983   998 I PhoneLab-LoggerService: Files found .. 81
07-03 13:06:57.304   983   998 I PhoneLab-: Service Running
07-03 13:06:57.336   983   998 I PhoneLab-LoggerService: app_37    1002  983   1440   1072  c00f181c 40010988 S logcat
07-03 13:06:57.336   983   998 I PhoneLab-LoggerService: Logcat pid from database 1002
07-03 13:06:57.336   983   998 I PhoneLab-LoggerService: Logcat process found 1002
07-03 13:06:57.336   983   998 I PhoneLab-LoggerService: Checking Threshold
07-03 13:06:57.340   983   998 I PhoneLab-LoggerService: Starting to rename files
07-03 13:06:57.359   983   998 I PhoneLab-LoggerService: Files found .. 81
07-03 13:06:57.359   983   998 I PhoneLab-: Service Running
07-03 13:06:57.394   983   986 D dalvikvm: GC_CONCURRENT freed 391K, 9% free 9243K/10119K, paused 1ms+4ms
07-03 13:06:57.418   983   998 I PhoneLab-LoggerService: app_37    1002  983   1440   1072  c00f181c 40010988 S logcat
07-03 13:06:57.418   983   998 I PhoneLab-LoggerService: Logcat pid from database 1002
07-03 13:06:57.418   983   998 I PhoneLab-LoggerService: Logcat process found 1002
07-03 13:06:57.418   983   998 I PhoneLab-LoggerService: Checking Threshold
07-03 13:06:57.422   983   998 I PhoneLab-LoggerService: Starting to rename files
07-03 13:06:57.425   983   998 I PhoneLab-LoggerService: Files found .. 81
07-03 13:06:57.425   983   998 I PhoneLab-: Service Running
07-03 13:06:57.457   983   998 I PhoneLab-LoggerService: app_37    1002  983   1440   1072  c00f181c 40010988 S logcat
07-03 13:06:57.457   983   998 I PhoneLab-LoggerService: Logcat pid from database 1002
07-03 13:06:57.457   983   998 I PhoneLab-LoggerService: Logcat process found 1002
07-03 13:06:57.457   983   998 I PhoneLab-LoggerService: Checking Threshold
07-03 13:06:57.461   983   998 I PhoneLab-LoggerService: Starting to rename files
07-03 13:06:57.465   983   998 I PhoneLab-LoggerService: Files found .. 81
07-03 13:06:57.465   983   998 I PhoneLab-: Service Running
07-03 13:06:57.500   983   998 I PhoneLab-LoggerService: app_37    1002  983   1440   1072  c00f181c 40010988 S logcat
07-03 13:06:57.500   983   998 I PhoneLab-LoggerService: Logcat pid from database 1002
07-03 13:06:57.500   983   998 I PhoneLab-LoggerService: Logcat process found 1002
07-03 13:06:57.500   983   998 I PhoneLab-LoggerService: Checking Threshold
07-03 13:06:57.504   983   998 I PhoneLab-LoggerService: Starting to rename files
07-03 13:06:57.519   983   998 I PhoneLab-LoggerService: Files found .. 81
07-03 13:06:57.523   983   998 I PhoneLab-: Service Running
07-03 13:06:57.558   983   986 D dalvikvm: GC_CONCURRENT freed 391K, 9% free 9243K/10119K, paused 2ms+6ms
07-03 13:06:57.582   983   998 I PhoneLab-LoggerService: app_37    1002  983   1440   1072  c00f181c 40010988 S logcat
07-03 13:06:57.582   983   998 I PhoneLab-LoggerService: Logcat pid from database 1002
07-03 13:06:57.582   983   998 I PhoneLab-LoggerService: Logcat process found 1002
07-03 13:06:57.582   983   998 I PhoneLab-LoggerService: Checking Threshold
07-03 13:06:57.586   983   998 I PhoneLab-LoggerService: Starting to rename files
07-03 13:06:57.590   983   998 I PhoneLab-LoggerService: Files found .. 81
07-03 13:06:57.590   983   998 I PhoneLab-: Service Running
07-03 13:06:57.621   983   998 I PhoneLab-LoggerService: app_37    1002  983   1440   1072  c00f181c 40010988 S logcat
07-03 13:06:57.621   983   998 I PhoneLab-LoggerService: Logcat pid from database 1002
07-03 13:06:57.621   983   998 I PhoneLab-LoggerService: Logcat process found 1002
07-03 13:06:57.621   983   998 I PhoneLab-LoggerService: Checking Threshold
07-03 13:06:57.625   983   998 I PhoneLab-LoggerService: Starting to rename files
07-03 13:06:57.629   983   998 I PhoneLab-LoggerService: Files found .. 81
07-03 13:06:57.629   983   998 I PhoneLab-: Service Running
07-03 13:06:57.664   983   998 I PhoneLab-LoggerService: app_37    1002  983   1440   1072  c00f181c 40010988 S logcat
07-03 13:06:57.664   983   998 I PhoneLab-LoggerService: Logcat pid from database 1002
07-03 13:06:57.664   983   998 I PhoneLab-LoggerService: Logcat process found 1002
07-03 13:06:57.664   983   998 I PhoneLab-LoggerService: Checking Threshold
07-03 13:06:57.668   983   998 I PhoneLab-LoggerService: Starting to rename files
07-03 13:06:57.679    81   126 D AudioHardware: AudioHardware pcm playback is going to standby.
07-03 13:06:57.679    81   126 D AudioHardware: closePcmOut_l() mPcmOpenCnt: 1
07-03 13:06:57.687   983   998 I PhoneLab-LoggerService: Files found .. 81
07-03 13:06:57.687   983   998 I PhoneLab-: Service Running
07-03 13:06:57.722   983   986 D dalvikvm: GC_CONCURRENT freed 392K, 9% free 9243K/10119K, paused 2ms+7ms
07-03 13:06:57.746   983   998 I PhoneLab-LoggerService: app_37    1002  983   1440   1072  c00f181c 40010988 S logcat
07-03 13:06:57.746   983   998 I PhoneLab-LoggerService: Logcat pid from database 1002
07-03 13:06:57.746   983   998 I PhoneLab-LoggerService: Logcat process found 1002
07-03 13:06:57.746   983   998 I PhoneLab-LoggerService: Checking Threshold
07-03 13:06:57.750   983   998 I PhoneLab-LoggerService: Starting to rename files
07-03 13:06:57.754   983   998 I PhoneLab-LoggerService: Files found .. 81
07-03 13:06:57.754   983   998 I PhoneLab-: Service Running
07-03 13:06:57.785   983   998 I PhoneLab-LoggerService: app_37    1002  983   1440   1072  c00f181c 40010988 S logcat
07-03 13:06:57.785   983   998 I PhoneLab-LoggerService: Logcat pid from database 1002
07-03 13:06:57.785   983   998 I PhoneLab-LoggerService: Logcat process found 1002
07-03 13:06:57.785   983   998 I PhoneLab-LoggerService: Checking Threshold
07-03 13:06:57.789   983   998 I PhoneLab-LoggerService: Starting to rename files
07-03 13:06:57.793   983   998 I PhoneLab-LoggerService: Files found .. 81
07-03 13:06:57.793   983   998 I PhoneLab-: Service Running
07-03 13:06:57.824   983   998 I PhoneLab-LoggerService: app_37    1002  983   1440   1072  c00f181c 40010988 S logcat
07-03 13:06:57.824   983   998 I PhoneLab-LoggerService: Logcat pid from database 1002
07-03 13:06:57.824   983   998 I PhoneLab-LoggerService: Logcat process found 1002
07-03 13:06:57.824   983   998 I PhoneLab-LoggerService: Checking Threshold
07-03 13:06:57.828   983   998 I PhoneLab-LoggerService: Starting to rename files
07-03 13:06:57.851   983   998 I PhoneLab-LoggerService: Files found .. 81
07-03 13:06:57.851   983   998 I PhoneLab-: Service Running
07-03 13:06:57.882   983   986 D dalvikvm: GC_CONCURRENT freed 391K, 9% free 9243K/10119K, paused 2ms+7ms
07-03 13:06:57.906   983   998 I PhoneLab-LoggerService: app_37    1002  983   1440   1072  c00f181c 40010988 S logcat
07-03 13:06:57.906   983   998 I PhoneLab-LoggerService: Logcat pid from database 1002
07-03 13:06:57.906   983   998 I PhoneLab-LoggerService: Logcat process found 1002
07-03 13:06:57.906   983   998 I PhoneLab-LoggerService: Checking Threshold
07-03 13:06:57.910   983   998 I PhoneLab-LoggerService: Starting to rename files
07-03 13:06:57.914   983   998 I PhoneLab-LoggerService: Files found .. 81
07-03 13:06:57.914   983   998 I PhoneLab-: Service Running
07-03 13:06:57.949   983   998 I PhoneLab-LoggerService: app_37    1002  983   1440   1072  c00f181c 40010988 S logcat
07-03 13:06:57.949   983   998 I PhoneLab-LoggerService: Logcat pid from database 1002
07-03 13:06:57.949   983   998 I PhoneLab-LoggerService: Logcat process found 1002
07-03 13:06:57.949   983   998 I PhoneLab-LoggerService: Checking Threshold
07-03 13:06:57.953   983   998 I PhoneLab-LoggerService: Starting to rename files
07-03 13:06:57.953   983   998 I PhoneLab-LoggerService: Files found .. 81
07-03 13:06:57.957   983   998 I PhoneLab-: Service Running
07-03 13:06:57.988   983   998 I PhoneLab-LoggerService: app_37    1002  983   1440   1072  c00f181c 40010988 S logcat
07-03 13:06:57.988   983   998 I PhoneLab-LoggerService: Logcat pid from database 1002
07-03 13:06:57.988   983   998 I PhoneLab-LoggerService: Logcat process found 1002
07-03 13:06:57.988   983   998 I PhoneLab-LoggerService: Checking Threshold
07-03 13:06:57.992   983   998 I PhoneLab-LoggerService: Starting to rename files
07-03 13:06:58.011   983   998 I PhoneLab-LoggerService: Files found .. 81
07-03 13:06:58.015   983   998 I PhoneLab-: Service Running
07-03 13:06:58.047   983   986 D dalvikvm: GC_CONCURRENT freed 391K, 9% free 9243K/10119K, paused 2ms+6ms
07-03 13:06:58.070   983   998 I PhoneLab-LoggerService: app_37    1002  983   1440   1072  c00f181c 40010988 S logcat
07-03 13:06:58.070   983   998 I PhoneLab-LoggerService: Logcat pid from database 1002
07-03 13:06:58.070   983   998 I PhoneLab-LoggerService: Logcat process found 1002
07-03 13:06:58.070   983   998 I PhoneLab-LoggerService: Checking Threshold
07-03 13:06:58.074   983   998 I PhoneLab-LoggerService: Starting to rename files
07-03 13:06:58.078   983   998 I PhoneLab-LoggerService: Files found .. 81
07-03 13:06:58.078   983   998 I PhoneLab-: Service Running
07-03 13:06:58.109   983   998 I PhoneLab-LoggerService: app_37    1002  983   1440   1072  c00f181c 40010988 S logcat
07-03 13:06:58.109   983   998 I PhoneLab-LoggerService: Logcat pid from database 1002
07-03 13:06:58.109   983   998 I PhoneLab-LoggerService: Logcat process found 1002
07-03 13:06:58.109   983   998 I PhoneLab-LoggerService: Checking Threshold
07-03 13:06:58.113   983   998 I PhoneLab-LoggerService: Starting to rename files
07-03 13:06:58.117   983   998 I PhoneLab-LoggerService: Files found .. 81
07-03 13:06:58.121   983   998 I PhoneLab-: Service Running
07-03 13:06:58.152   983   998 I PhoneLab-LoggerService: app_37    1002  983   1440   1072  c00f181c 40010988 S logcat
07-03 13:06:58.152   983   998 I PhoneLab-LoggerService: Logcat pid from database 1002
07-03 13:06:58.152   983   998 I PhoneLab-LoggerService: Logcat process found 1002
07-03 13:06:58.152   983   998 I PhoneLab-LoggerService: Checking Threshold
07-03 13:06:58.156   983   998 I PhoneLab-LoggerService: Starting to rename files
07-03 13:06:58.175   983   998 I PhoneLab-LoggerService: Files found .. 81
07-03 13:06:58.175   983   998 I PhoneLab-: Service Running
07-03 13:06:58.211   983   986 D dalvikvm: GC_CONCURRENT freed 391K, 9% free 9243K/10119K, paused 1ms+6ms
07-03 13:06:58.234   983   998 I PhoneLab-LoggerService: app_37    1002  983   1440   1072  c00f181c 40010988 S logcat
07-03 13:06:58.234   983   998 I PhoneLab-LoggerService: Logcat pid from database 1002
07-03 13:06:58.234   983   998 I PhoneLab-LoggerService: Logcat process found 1002
07-03 13:06:58.234   983   998 I PhoneLab-LoggerService: Checking Threshold
07-03 13:06:58.238   983   998 I PhoneLab-LoggerService: Starting to rename files
07-03 13:06:58.242   983   998 I PhoneLab-LoggerService: Files found .. 81
07-03 13:06:58.242   983   998 I PhoneLab-: Service Running
07-03 13:06:58.273   983   998 I PhoneLab-LoggerService: app_37    1002  983   1440   1072  c00f181c 40010988 S logcat
07-03 13:06:58.273   983   998 I PhoneLab-LoggerService: Logcat pid from database 1002
07-03 13:06:58.273   983   998 I PhoneLab-LoggerService: Logcat process found 1002
07-03 13:06:58.273   983   998 I PhoneLab-LoggerService: Checking Threshold
07-03 13:06:58.277   983   998 I PhoneLab-LoggerService: Starting to rename files
07-03 13:06:58.281   983   998 I PhoneLab-LoggerService: Files found .. 81
07-03 13:06:58.281   983   998 I PhoneLab-: Service Running
07-03 13:06:58.312   983   998 I PhoneLab-LoggerService: app_37    1002  983   1440   1072  c00f181c 40010988 S logcat
07-03 13:06:58.312   983   998 I PhoneLab-LoggerService: Logcat pid from database 1002
07-03 13:06:58.312   983   998 I PhoneLab-LoggerService: Logcat process found 1002
07-03 13:06:58.312   983   998 I PhoneLab-LoggerService: Checking Threshold
07-03 13:06:58.316   983   998 I PhoneLab-LoggerService: Starting to rename files
07-03 13:06:58.336   983   998 I PhoneLab-LoggerService: Files found .. 81
07-03 13:06:58.340   983   998 I PhoneLab-: Service Running
07-03 13:06:58.371   983   986 D dalvikvm: GC_CONCURRENT freed 391K, 9% free 9243K/10119K, paused 2ms+7ms
07-03 13:06:58.398   983   998 I PhoneLab-LoggerService: app_37    1002  983   1440   1072  c00f181c 40010988 S logcat
07-03 13:06:58.398   983   998 I PhoneLab-LoggerService: Logcat pid from database 1002
07-03 13:06:58.398   983   998 I PhoneLab-LoggerService: Logcat process found 1002
07-03 13:06:58.398   983   998 I PhoneLab-LoggerService: Checking Threshold
07-03 13:06:58.402   983   998 I PhoneLab-LoggerService: Starting to rename files
07-03 13:06:58.402   983   998 I PhoneLab-LoggerService: Files found .. 81
07-03 13:06:58.406   983   998 I PhoneLab-: Service Running
07-03 13:06:58.437   983   998 I PhoneLab-LoggerService: app_37    1002  983   1440   1072  c00f181c 40010988 S logcat
07-03 13:06:58.437   983   998 I PhoneLab-LoggerService: Logcat pid from database 1002
07-03 13:06:58.437   983   998 I PhoneLab-LoggerService: Logcat process found 1002
07-03 13:06:58.437   983   998 I PhoneLab-LoggerService: Checking Threshold
07-03 13:06:58.441   983   998 I PhoneLab-LoggerService: Starting to rename files
07-03 13:06:58.445   983   998 I PhoneLab-LoggerService: Files found .. 81
07-03 13:06:58.445   983   998 I PhoneLab-: Service Running
07-03 13:06:58.476   983   998 I PhoneLab-LoggerService: app_37    1002  983   1440   1072  c00f181c 40010988 S logcat
07-03 13:06:58.476   983   998 I PhoneLab-LoggerService: Logcat pid from database 1002
07-03 13:06:58.476   983   998 I PhoneLab-LoggerService: Logcat process found 1002
07-03 13:06:58.476   983   998 I PhoneLab-LoggerService: Checking Threshold
07-03 13:06:58.480   983   998 I PhoneLab-LoggerService: Starting to rename files
07-03 13:06:58.500   983   998 I PhoneLab-LoggerService: Files found .. 81
07-03 13:06:58.504   983   998 I PhoneLab-: Service Running
07-03 13:06:58.535   983   986 D dalvikvm: GC_CONCURRENT freed 391K, 9% free 9243K/10119K, paused 1ms+6ms
07-03 13:06:58.558   983   998 I PhoneLab-LoggerService: app_37    1002  983   1440   1072  c00f181c 40010988 S logcat
07-03 13:06:58.558   983   998 I PhoneLab-LoggerService: Logcat pid from database 1002
07-03 13:06:58.558   983   998 I PhoneLab-LoggerService: Logcat process found 1002
07-03 13:06:58.558   983   998 I PhoneLab-LoggerService: Checking Threshold
07-03 13:06:58.562   983   998 I PhoneLab-LoggerService: Starting to rename files
07-03 13:06:58.566   983   998 I PhoneLab-LoggerService: Files found .. 81
07-03 13:06:58.566   983   998 I PhoneLab-: Service Running
07-03 13:06:58.601   983   998 I PhoneLab-LoggerService: app_37    1002  983   1440   1072  c00f181c 40010988 S logcat
07-03 13:06:58.601   983   998 I PhoneLab-LoggerService: Logcat pid from database 1002
07-03 13:06:58.601   983   998 I PhoneLab-LoggerService: Logcat process found 1002
07-03 13:06:58.601   983   998 I PhoneLab-LoggerService: Checking Threshold
07-03 13:06:58.605   983   998 I PhoneLab-LoggerService: Starting to rename files
07-03 13:06:58.605   983   998 I PhoneLab-LoggerService: Files found .. 81
07-03 13:06:58.609   983   998 I PhoneLab-: Service Running
07-03 13:06:58.640   983   998 I PhoneLab-LoggerService: app_37    1002  983   1440   1072  c00f181c 40010988 S logcat
07-03 13:06:58.640   983   998 I PhoneLab-LoggerService: Logcat pid from database 1002
07-03 13:06:58.640   983   998 I PhoneLab-LoggerService: Logcat process found 1002
07-03 13:06:58.640   983   998 I PhoneLab-LoggerService: Checking Threshold
07-03 13:06:58.644   983   998 I PhoneLab-LoggerService: Starting to rename files
07-03 13:06:58.664   983   998 I PhoneLab-LoggerService: Files found .. 81
07-03 13:06:58.668   983   998 I PhoneLab-: Service Running
07-03 13:06:58.699   983   986 D dalvikvm: GC_CONCURRENT freed 391K, 9% free 9243K/10119K, paused 1ms+5ms
07-03 13:06:58.722   983   998 I PhoneLab-LoggerService: app_37    1002  983   1440   1072  c00f181c 40010988 S logcat
07-03 13:06:58.722   983   998 I PhoneLab-LoggerService: Logcat pid from database 1002
07-03 13:06:58.722   983   998 I PhoneLab-LoggerService: Logcat process found 1002
07-03 13:06:58.722   983   998 I PhoneLab-LoggerService: Checking Threshold
07-03 13:06:58.726   983   998 I PhoneLab-LoggerService: Starting to rename files
07-03 13:06:58.730   983   998 I PhoneLab-LoggerService: Files found .. 81
07-03 13:06:58.730   983   998 I PhoneLab-: Service Running
07-03 13:06:58.761   983   998 I PhoneLab-LoggerService: app_37    1002  983   1440   1072  c00f181c 40010988 S logcat
07-03 13:06:58.761   983   998 I PhoneLab-LoggerService: Logcat pid from database 1002
07-03 13:06:58.761   983   998 I PhoneLab-LoggerService: Logcat process found 1002
07-03 13:06:58.761   983   998 I PhoneLab-LoggerService: Checking Threshold
07-03 13:06:58.765   983   998 I PhoneLab-LoggerService: Starting to rename files
07-03 13:06:58.769   983   998 I PhoneLab-LoggerService: Files found .. 81
07-03 13:06:58.769   983   998 I PhoneLab-: Service Running
07-03 13:06:58.800   983   998 I PhoneLab-LoggerService: app_37    1002  983   1440   1072  c00f181c 40010988 S logcat
07-03 13:06:58.800   983   998 I PhoneLab-LoggerService: Logcat pid from database 1002
07-03 13:06:58.800   983   998 I PhoneLab-LoggerService: Logcat process found 1002
07-03 13:06:58.800   983   998 I PhoneLab-LoggerService: Checking Threshold
07-03 13:06:58.804   983   998 I PhoneLab-LoggerService: Starting to rename files
07-03 13:06:58.824   983   998 I PhoneLab-LoggerService: Files found .. 81
07-03 13:06:58.828   983   998 I PhoneLab-: Service Running
07-03 13:06:58.859   983   986 D dalvikvm: GC_CONCURRENT freed 391K, 9% free 9243K/10119K, paused 2ms+2ms
07-03 13:06:58.886   983   998 I PhoneLab-LoggerService: app_37    1002  983   1440   1072  c00f181c 40010988 S logcat
07-03 13:06:58.886   983   998 I PhoneLab-LoggerService: Logcat pid from database 1002
07-03 13:06:58.886   983   998 I PhoneLab-LoggerService: Logcat process found 1002
07-03 13:06:58.886   983   998 I PhoneLab-LoggerService: Checking Threshold
07-03 13:06:58.890   983   998 I PhoneLab-LoggerService: Starting to rename files
07-03 13:06:58.890   983   998 I PhoneLab-LoggerService: Files found .. 81
07-03 13:06:58.894   983   998 I PhoneLab-: Service Running
07-03 13:06:58.925   983   998 I PhoneLab-LoggerService: app_37    1002  983   1440   1072  c00f181c 40010988 S logcat
07-03 13:06:58.925   983   998 I PhoneLab-LoggerService: Logcat pid from database 1002
07-03 13:06:58.925   983   998 I PhoneLab-LoggerService: Logcat process found 1002
07-03 13:06:58.925   983   998 I PhoneLab-LoggerService: Checking Threshold
07-03 13:06:58.929   983   998 I PhoneLab-LoggerService: Starting to rename files
07-03 13:06:58.933   983   998 I PhoneLab-LoggerService: Files found .. 81
07-03 13:06:58.933   983   998 I PhoneLab-: Service Running
07-03 13:06:58.965   983   998 I PhoneLab-LoggerService: app_37    1002  983   1440   1072  c00f181c 40010988 S logcat
07-03 13:06:58.965   983   998 I PhoneLab-LoggerService: Logcat pid from database 1002
07-03 13:06:58.965   983   998 I PhoneLab-LoggerService: Logcat process found 1002
07-03 13:06:58.965   983   998 I PhoneLab-LoggerService: Checking Threshold
07-03 13:06:58.968   983   998 I PhoneLab-LoggerService: Starting to rename files
07-03 13:06:58.988   983   998 I PhoneLab-LoggerService: Files found .. 81
07-03 13:06:58.992   983   998 I PhoneLab-: Service Running
07-03 13:06:59.023   983   986 D dalvikvm: GC_CONCURRENT freed 391K, 9% free 9243K/10119K, paused 2ms+5ms
07-03 13:06:59.047   983   998 I PhoneLab-LoggerService: app_37    1002  983   1440   1072  c00f181c 40010988 S logcat
07-03 13:06:59.047   983   998 I PhoneLab-LoggerService: Logcat pid from database 1002
07-03 13:06:59.047   983   998 I PhoneLab-LoggerService: Logcat process found 1002
07-03 13:06:59.047   983   998 I PhoneLab-LoggerService: Checking Threshold
07-03 13:06:59.050   983   998 I PhoneLab-LoggerService: Starting to rename files
07-03 13:06:59.054   983   998 I PhoneLab-LoggerService: Files found .. 81
07-03 13:06:59.054   983   998 I PhoneLab-: Service Running
07-03 13:06:59.086   983   998 I PhoneLab-LoggerService: app_37    1002  983   1440   1072  c00f181c 40010988 S logcat
07-03 13:06:59.090   983   998 I PhoneLab-LoggerService: Logcat pid from database 1002
07-03 13:06:59.090   983   998 I PhoneLab-LoggerService: Logcat process found 1002
07-03 13:06:59.090   983   998 I PhoneLab-LoggerService: Checking Threshold
07-03 13:06:59.090   983   998 I PhoneLab-LoggerService: Starting to rename files
07-03 13:06:59.093   983   998 I PhoneLab-LoggerService: Files found .. 81
07-03 13:06:59.097   983   998 I PhoneLab-: Service Running
07-03 13:06:59.129   983   998 I PhoneLab-LoggerService: app_37    1002  983   1440   1072  c00f181c 40010988 S logcat
07-03 13:06:59.129   983   998 I PhoneLab-LoggerService: Logcat pid from database 1002
07-03 13:06:59.129   983   998 I PhoneLab-LoggerService: Logcat process found 1002
07-03 13:06:59.129   983   998 I PhoneLab-LoggerService: Checking Threshold
07-03 13:06:59.132   983   998 I PhoneLab-LoggerService: Starting to rename files
07-03 13:06:59.152   983   998 I PhoneLab-LoggerService: Files found .. 81
07-03 13:06:59.152   983   998 I PhoneLab-: Service Running
07-03 13:06:59.187   983   986 D dalvikvm: GC_CONCURRENT freed 391K, 9% free 9243K/10119K, paused 2ms+7ms
07-03 13:06:59.211   983   998 I PhoneLab-LoggerService: app_37    1002  983   1440   1072  c00f181c 40010988 S logcat
07-03 13:06:59.211   983   998 I PhoneLab-LoggerService: Logcat pid from database 1002
07-03 13:06:59.211   983   998 I PhoneLab-LoggerService: Logcat process found 1002
07-03 13:06:59.211   983   998 I PhoneLab-LoggerService: Checking Threshold
07-03 13:06:59.215   983   998 I PhoneLab-LoggerService: Starting to rename files
07-03 13:06:59.218   983   998 I PhoneLab-LoggerService: Files found .. 81
07-03 13:06:59.218   983   998 I PhoneLab-: Service Running
07-03 13:06:59.250   983   998 I PhoneLab-LoggerService: app_37    1002  983   1440   1072  c00f181c 40010988 S logcat
07-03 13:06:59.250   983   998 I PhoneLab-LoggerService: Logcat pid from database 1002
07-03 13:06:59.250   983   998 I PhoneLab-LoggerService: Logcat process found 1002
07-03 13:06:59.250   983   998 I PhoneLab-LoggerService: Checking Threshold
07-03 13:06:59.254   983   998 I PhoneLab-LoggerService: Starting to rename files
07-03 13:06:59.257   983   998 I PhoneLab-LoggerService: Files found .. 81
07-03 13:06:59.257   983   998 I PhoneLab-: Service Running
07-03 13:06:59.289   983   998 I PhoneLab-LoggerService: app_37    1002  983   1440   1072  c00f181c 40010988 S logcat
07-03 13:06:59.289   983   998 I PhoneLab-LoggerService: Logcat pid from database 1002
07-03 13:06:59.289   983   998 I PhoneLab-LoggerService: Logcat process found 1002
07-03 13:06:59.289   983   998 I PhoneLab-LoggerService: Checking Threshold
07-03 13:06:59.293   983   998 I PhoneLab-LoggerService: Starting to rename files
07-03 13:06:59.312   983   998 I PhoneLab-LoggerService: Files found .. 81
07-03 13:06:59.316   983   998 I PhoneLab-: Service Running
07-03 13:06:59.347   983   986 D dalvikvm: GC_CONCURRENT freed 391K, 9% free 9243K/10119K, paused 1ms+5ms
07-03 13:06:59.371   983   998 I PhoneLab-LoggerService: app_37    1002  983   1440   1072  c00f181c 40010988 S logcat
07-03 13:06:59.371   983   998 I PhoneLab-LoggerService: Logcat pid from database 1002
07-03 13:06:59.371   983   998 I PhoneLab-LoggerService: Logcat process found 1002
07-03 13:06:59.371   983   998 I PhoneLab-LoggerService: Checking Threshold
07-03 13:06:59.375   983   998 I PhoneLab-LoggerService: Starting to rename files
07-03 13:06:59.379   983   998 I PhoneLab-LoggerService: Files found .. 81
07-03 13:06:59.379   983   998 I PhoneLab-: Service Running
07-03 13:06:59.410   983   998 I PhoneLab-LoggerService: app_37    1002  983   1440   1072  c00f181c 40010988 S logcat
07-03 13:06:59.414   983   998 I PhoneLab-LoggerService: Logcat pid from database 1002
07-03 13:06:59.414   983   998 I PhoneLab-LoggerService: Logcat process found 1002
07-03 13:06:59.414   983   998 I PhoneLab-LoggerService: Checking Threshold
07-03 13:06:59.414   983   998 I PhoneLab-LoggerService: Starting to rename files
07-03 13:06:59.418   983   998 I PhoneLab-LoggerService: Files found .. 81
07-03 13:06:59.418   983   998 I PhoneLab-: Service Running
07-03 13:06:59.461   983   998 I PhoneLab-LoggerService: app_37    1002  983   1440   1072  c00f181c 40010988 S logcat
07-03 13:06:59.461   983   998 I PhoneLab-LoggerService: Logcat pid from database 1002
07-03 13:06:59.461   983   998 I PhoneLab-LoggerService: Logcat process found 1002
07-03 13:06:59.461   983   998 I PhoneLab-LoggerService: Checking Threshold
07-03 13:06:59.465   983   998 I PhoneLab-LoggerService: Starting to rename files
07-03 13:06:59.484   983   998 I PhoneLab-LoggerService: Files found .. 81
07-03 13:06:59.488   983   998 I PhoneLab-: Service Running
07-03 13:06:59.519   983   986 D dalvikvm: GC_CONCURRENT freed 391K, 9% free 9243K/10119K, paused 2ms+8ms
07-03 13:06:59.543   983   998 I PhoneLab-LoggerService: app_37    1002  983   1440   1072  c00f181c 40010988 S logcat
07-03 13:06:59.547   983   998 I PhoneLab-LoggerService: Logcat pid from database 1002
07-03 13:06:59.547   983   998 I PhoneLab-LoggerService: Logcat process found 1002
07-03 13:06:59.547   983   998 I PhoneLab-LoggerService: Checking Threshold
07-03 13:06:59.550   983   998 I PhoneLab-LoggerService: Starting to rename files
07-03 13:06:59.550   983   998 I PhoneLab-LoggerService: Files found .. 81
07-03 13:06:59.554   983   998 I PhoneLab-: Service Running
07-03 13:06:59.586   983   998 I PhoneLab-LoggerService: app_37    1002  983   1440   1072  c00f181c 40010988 S logcat
07-03 13:06:59.586   983   998 I PhoneLab-LoggerService: Logcat pid from database 1002
07-03 13:06:59.586   983   998 I PhoneLab-LoggerService: Logcat process found 1002
07-03 13:06:59.586   983   998 I PhoneLab-LoggerService: Checking Threshold
07-03 13:06:59.590   983   998 I PhoneLab-LoggerService: Starting to rename files
07-03 13:06:59.590   983   998 I PhoneLab-LoggerService: Files found .. 81
07-03 13:06:59.593   983   998 I PhoneLab-: Service Running
07-03 13:06:59.625   983   998 I PhoneLab-LoggerService: app_37    1002  983   1440   1072  c00f181c 40010988 S logcat
07-03 13:06:59.625   983   998 I PhoneLab-LoggerService: Logcat pid from database 1002
07-03 13:06:59.625   983   998 I PhoneLab-LoggerService: Logcat process found 1002
07-03 13:06:59.625   983   998 I PhoneLab-LoggerService: Checking Threshold
07-03 13:06:59.629   983   998 I PhoneLab-LoggerService: Starting to rename files
07-03 13:06:59.648   983   998 I PhoneLab-LoggerService: Files found .. 81
07-03 13:06:59.652   983   998 I PhoneLab-: Service Running
07-03 13:06:59.683   983   986 D dalvikvm: GC_CONCURRENT freed 391K, 9% free 9243K/10119K, paused 2ms+9ms
07-03 13:06:59.707   983   998 I PhoneLab-LoggerService: app_37    1002  983   1440   1072  c00f181c 40010988 S logcat
07-03 13:06:59.707   983   998 I PhoneLab-LoggerService: Logcat pid from database 1002
07-03 13:06:59.707   983   998 I PhoneLab-LoggerService: Logcat process found 1002
07-03 13:06:59.707   983   998 I PhoneLab-LoggerService: Checking Threshold
07-03 13:06:59.711   983   998 I PhoneLab-LoggerService: Starting to rename files
07-03 13:06:59.715   983   998 I PhoneLab-LoggerService: Files found .. 81
07-03 13:06:59.715   983   998 I PhoneLab-: Service Running
07-03 13:06:59.746   983   998 I PhoneLab-LoggerService: app_37    1002  983   1440   1072  c00f181c 40010988 S logcat
07-03 13:06:59.750   983   998 I PhoneLab-LoggerService: Logcat pid from database 1002
07-03 13:06:59.750   983   998 I PhoneLab-LoggerService: Logcat process found 1002
07-03 13:06:59.750   983   998 I PhoneLab-LoggerService: Checking Threshold
07-03 13:06:59.754   983   998 I PhoneLab-LoggerService: Starting to rename files
07-03 13:06:59.754   983   998 I PhoneLab-LoggerService: Files found .. 81
07-03 13:06:59.757   983   998 I PhoneLab-: Service Running
07-03 13:06:59.789   983   998 I PhoneLab-LoggerService: app_37    1002  983   1440   1072  c00f181c 40010988 S logcat
07-03 13:06:59.789   983   998 I PhoneLab-LoggerService: Logcat pid from database 1002
07-03 13:06:59.789   983   998 I PhoneLab-LoggerService: Logcat process found 1002
07-03 13:06:59.789   983   998 I PhoneLab-LoggerService: Checking Threshold
07-03 13:06:59.793   983   998 I PhoneLab-LoggerService: Starting to rename files
07-03 13:06:59.812   983   998 I PhoneLab-LoggerService: Files found .. 81
07-03 13:06:59.812   983   998 I PhoneLab-: Service Running
07-03 13:06:59.847   983   986 D dalvikvm: GC_CONCURRENT freed 391K, 9% free 9243K/10119K, paused 1ms+5ms
07-03 13:06:59.871   983   998 I PhoneLab-LoggerService: app_37    1002  983   1440   1072  c00f181c 40010988 S logcat
07-03 13:06:59.871   983   998 I PhoneLab-LoggerService: Logcat pid from database 1002
07-03 13:06:59.871   983   998 I PhoneLab-LoggerService: Logcat process found 1002
07-03 13:06:59.871   983   998 I PhoneLab-LoggerService: Checking Threshold
07-03 13:06:59.875   983   998 I PhoneLab-LoggerService: Starting to rename files
07-03 13:06:59.879   983   998 I PhoneLab-LoggerService: Files found .. 81
07-03 13:06:59.879   983   998 I PhoneLab-: Service Running
07-03 13:06:59.914   983   998 I PhoneLab-LoggerService: app_37    1002  983   1440   1072  c00f181c 40010988 S logcat
07-03 13:06:59.914   983   998 I PhoneLab-LoggerService: Logcat pid from database 1002
07-03 13:06:59.914   983   998 I PhoneLab-LoggerService: Logcat process found 1002
07-03 13:06:59.914   983   998 I PhoneLab-LoggerService: Checking Threshold
07-03 13:06:59.918   983   998 I PhoneLab-LoggerService: Starting to rename files
07-03 13:06:59.918   983   998 I PhoneLab-LoggerService: Files found .. 81
07-03 13:06:59.922   983   998 I PhoneLab-: Service Running
07-03 13:06:59.953   983   998 I PhoneLab-LoggerService: app_37    1002  983   1440   1072  c00f181c 40010988 S logcat
07-03 13:06:59.953   983   998 I PhoneLab-LoggerService: Logcat pid from database 1002
07-03 13:06:59.953   983   998 I PhoneLab-LoggerService: Logcat process found 1002
07-03 13:06:59.953   983   998 I PhoneLab-LoggerService: Checking Threshold
07-03 13:06:59.957   983   998 I PhoneLab-LoggerService: Starting to rename files
07-03 13:06:59.976   983   998 I PhoneLab-LoggerService: Files found .. 81
07-03 13:06:59.980   983   998 I PhoneLab-: Service Running
07-03 13:07:00.035   983   986 D dalvikvm: GC_CONCURRENT freed 391K, 9% free 9243K/10119K, paused 2ms+5ms
07-03 13:07:00.058   983   998 I PhoneLab-LoggerService: app_37    1002  983   1440   1072  c00f181c 40010988 S logcat
07-03 13:07:00.058   983   998 I PhoneLab-LoggerService: Logcat pid from database 1002
07-03 13:07:00.058   983   998 I PhoneLab-LoggerService: Logcat process found 1002
07-03 13:07:00.058   983   998 I PhoneLab-LoggerService: Checking Threshold
07-03 13:07:00.062   983   998 I PhoneLab-LoggerService: Starting to rename files
07-03 13:07:00.066   983   998 I PhoneLab-LoggerService: Files found .. 81
07-03 13:07:00.066   983   998 I PhoneLab-: Service Running
07-03 13:07:00.097   983   998 I PhoneLab-LoggerService: app_37    1002  983   1440   1072  c00f181c 40010988 S logcat
07-03 13:07:00.097   983   998 I PhoneLab-LoggerService: Logcat pid from database 1002
07-03 13:07:00.097   983   998 I PhoneLab-LoggerService: Logcat process found 1002
07-03 13:07:00.097   983   998 I PhoneLab-LoggerService: Checking Threshold
07-03 13:07:00.101   983   998 I PhoneLab-LoggerService: Starting to rename files
07-03 13:07:00.105   983   998 I PhoneLab-LoggerService: Files found .. 81
07-03 13:07:00.105   983   998 I PhoneLab-: Service Running
07-03 13:07:00.136   983   998 I PhoneLab-LoggerService: app_37    1002  983   1440   1072  c00f181c 40010988 S logcat
07-03 13:07:00.140   983   998 I PhoneLab-LoggerService: Logcat pid from database 1002
07-03 13:07:00.140   983   998 I PhoneLab-LoggerService: Logcat process found 1002
07-03 13:07:00.140   983   998 I PhoneLab-LoggerService: Checking Threshold
07-03 13:07:00.144   983   998 I PhoneLab-LoggerService: Starting to rename files
07-03 13:07:00.164   983   998 I PhoneLab-LoggerService: Files found .. 81
07-03 13:07:00.164   983   998 I PhoneLab-: Service Running
07-03 13:07:00.195   983   986 D dalvikvm: GC_CONCURRENT freed 391K, 9% free 9243K/10119K, paused 2ms+5ms
07-03 13:07:00.222   983   998 I PhoneLab-LoggerService: app_37    1002  983   1440   1072  c00f181c 40010988 S logcat
07-03 13:07:00.222   983   998 I PhoneLab-LoggerService: Logcat pid from database 1002
07-03 13:07:00.222   983   998 I PhoneLab-LoggerService: Logcat process found 1002
07-03 13:07:00.222   983   998 I PhoneLab-LoggerService: Checking Threshold
07-03 13:07:00.226   983   998 I PhoneLab-LoggerService: Starting to rename files
07-03 13:07:00.226   983   998 I PhoneLab-LoggerService: Files found .. 81
07-03 13:07:00.230   983   998 I PhoneLab-: Service Running
07-03 13:07:00.261   983   998 I PhoneLab-LoggerService: app_37    1002  983   1440   1072  c00f181c 40010988 S logcat
07-03 13:07:00.261   983   998 I PhoneLab-LoggerService: Logcat pid from database 1002
07-03 13:07:00.261   983   998 I PhoneLab-LoggerService: Logcat process found 1002
07-03 13:07:00.261   983   998 I PhoneLab-LoggerService: Checking Threshold
07-03 13:07:00.265   983   998 I PhoneLab-LoggerService: Starting to rename files
07-03 13:07:00.269   983   998 I PhoneLab-LoggerService: Files found .. 81
07-03 13:07:00.269   983   998 I PhoneLab-: Service Running
07-03 13:07:00.300   983   998 I PhoneLab-LoggerService: app_37    1002  983   1440   1072  c00f181c 40010988 S logcat
07-03 13:07:00.300   983   998 I PhoneLab-LoggerService: Logcat pid from database 1002
07-03 13:07:00.300   983   998 I PhoneLab-LoggerService: Logcat process found 1002
07-03 13:07:00.300   983   998 I PhoneLab-LoggerService: Checking Threshold
07-03 13:07:00.304   983   998 I PhoneLab-LoggerService: Starting to rename files
07-03 13:07:00.324   983   998 I PhoneLab-LoggerService: Files found .. 81
07-03 13:07:00.328   983   998 I PhoneLab-: Service Running
07-03 13:07:00.359   983   986 D dalvikvm: GC_CONCURRENT freed 391K, 9% free 9243K/10119K, paused 2ms+7ms
07-03 13:07:00.382   983   998 I PhoneLab-LoggerService: app_37    1002  983   1440   1072  c00f181c 40010988 S logcat
07-03 13:07:00.382   983   998 I PhoneLab-LoggerService: Logcat pid from database 1002
07-03 13:07:00.382   983   998 I PhoneLab-LoggerService: Logcat process found 1002
07-03 13:07:00.382   983   998 I PhoneLab-LoggerService: Checking Threshold
07-03 13:07:00.386   983   998 I PhoneLab-LoggerService: Starting to rename files
07-03 13:07:00.390   983   998 I PhoneLab-LoggerService: Files found .. 81
07-03 13:07:00.390   983   998 I PhoneLab-: Service Running
07-03 13:07:00.422   983   998 I PhoneLab-LoggerService: app_37    1002  983   1440   1072  c00f181c 40010988 S logcat
07-03 13:07:00.425   983   998 I PhoneLab-LoggerService: Logcat pid from database 1002
07-03 13:07:00.425   983   998 I PhoneLab-LoggerService: Logcat process found 1002
07-03 13:07:00.425   983   998 I PhoneLab-LoggerService: Checking Threshold
07-03 13:07:00.425   983   998 I PhoneLab-LoggerService: Starting to rename files
07-03 13:07:00.429   983   998 I PhoneLab-LoggerService: Files found .. 81
07-03 13:07:00.429   983   998 I PhoneLab-: Service Running
07-03 13:07:00.465   983   998 I PhoneLab-LoggerService: app_37    1002  983   1440   1072  c00f181c 40010988 S logcat
07-03 13:07:00.465   983   998 I PhoneLab-LoggerService: Logcat pid from database 1002
07-03 13:07:00.465   983   998 I PhoneLab-LoggerService: Logcat process found 1002
07-03 13:07:00.465   983   998 I PhoneLab-LoggerService: Checking Threshold
07-03 13:07:00.468   983   998 I PhoneLab-LoggerService: Starting to rename files
07-03 13:07:00.488   983   998 I PhoneLab-LoggerService: Files found .. 81
07-03 13:07:00.488   983   998 I PhoneLab-: Service Running
07-03 13:07:00.519   983   986 D dalvikvm: GC_CONCURRENT freed 391K, 9% free 9243K/10119K, paused 2ms+6ms
07-03 13:07:00.547   983   998 I PhoneLab-LoggerService: app_37    1002  983   1440   1072  c00f181c 40010988 S logcat
07-03 13:07:00.547   983   998 I PhoneLab-LoggerService: Logcat pid from database 1002
07-03 13:07:00.547   983   998 I PhoneLab-LoggerService: Logcat process found 1002
07-03 13:07:00.547   983   998 I PhoneLab-LoggerService: Checking Threshold
07-03 13:07:00.550   983   998 I PhoneLab-LoggerService: Starting to rename files
07-03 13:07:00.554   983   998 I PhoneLab-LoggerService: Files found .. 81
