07-03 17:32:10.941   583   585 D dalvikvm: GC_CONCURRENT freed 376K, 5% free 10568K/11079K, paused 2ms+4ms
07-03 17:32:11.468   631   634 D dalvikvm: GC_CONCURRENT freed 180K, 8% free 10917K/11783K, paused 2ms+3ms
07-03 17:32:11.644   583   585 D dalvikvm: GC_CONCURRENT freed 957K, 10% free 10068K/11143K, paused 2ms+3ms
07-03 17:32:11.828   583   585 D dalvikvm: GC_CONCURRENT freed 182K, 8% free 10277K/11143K, paused 2ms+2ms
07-03 17:32:12.011   583   585 D dalvikvm: GC_CONCURRENT freed 307K, 8% free 10355K/11143K, paused 2ms+3ms
07-03 17:32:12.203   583   585 D dalvikvm: GC_CONCURRENT freed 396K, 8% free 10351K/11143K, paused 2ms+2ms
07-03 17:32:12.394   583   585 D dalvikvm: GC_CONCURRENT freed 356K, 7% free 10386K/11143K, paused 2ms+3ms
07-03 17:32:12.582   583   585 D dalvikvm: GC_CONCURRENT freed 329K, 7% free 10452K/11143K, paused 2ms+3ms
07-03 17:32:12.746   583   585 D dalvikvm: GC_CONCURRENT freed 337K, 6% free 10503K/11143K, paused 2ms+3ms
07-03 17:32:13.371   631   634 D dalvikvm: GC_CONCURRENT freed 606K, 8% free 10845K/11783K, paused 2ms+3ms
07-03 17:32:13.523   583   585 D dalvikvm: GC_CONCURRENT freed 983K, 11% free 9932K/11143K, paused 2ms+4ms
07-03 17:32:13.621   583   585 D dalvikvm: GC_CONCURRENT freed 146K, 9% free 10185K/11143K, paused 2ms+2ms
07-03 17:32:13.863   583   585 D dalvikvm: GC_CONCURRENT freed 210K, 7% free 10364K/11143K, paused 1ms+3ms
07-03 17:32:14.070   583   585 D dalvikvm: GC_CONCURRENT freed 355K, 7% free 10400K/11143K, paused 2ms+3ms
07-03 17:32:14.265   583   585 D dalvikvm: GC_CONCURRENT freed 352K, 7% free 10435K/11143K, paused 2ms+3ms
07-03 17:32:14.449   583   585 D dalvikvm: GC_CONCURRENT freed 379K, 7% free 10444K/11143K, paused 1ms+2ms
07-03 17:32:14.519  1152  1177 D Volley  : [133] BasicNetwork.logSlowRequests: HTTP response for request=<[ ] http://lh6.ggpht.com/2aAmdpU3enNoW4k5NYdACCEdvJczoctRUnOXtTXFIgS9_x0-VFx_ezKdeiEg9-Gh81Zd=w480 LOW 33> [lifetime=47497], [size=59306], [rc=200], [retryCount=2]
07-03 17:32:14.543  1152  1155 D dalvikvm: GC_CONCURRENT freed 1427K, 14% free 11697K/13447K, paused 2ms+3ms
07-03 17:32:14.578  1152  1152 D Volley  : [1] Request.finish: 47568 ms: [ ] http://lh6.ggpht.com/2aAmdpU3enNoW4k5NYdACCEdvJczoctRUnOXtTXFIgS9_x0-VFx_ezKdeiEg9-Gh81Zd=w480 LOW 33
07-03 17:32:14.601  1152  1174 D dalvikvm: GC_FOR_ALLOC freed 161K, 10% free 12184K/13447K, paused 21ms
07-03 17:32:14.605  1152  1174 I dalvikvm-heap: Grow heap (frag case) to 12.396MB for 449296-byte allocation
07-03 17:32:14.644  1152  1177 D dalvikvm: GC_FOR_ALLOC freed 500K, 13% free 12122K/13895K, paused 21ms
07-03 17:32:14.652  1152  1152 D Volley  : [1] Request.finish: 38464 ms: [ ] http://lh6.ggpht.com/2aAmdpU3enNoW4k5NYdACCEdvJczoctRUnOXtTXFIgS9_x0-VFx_ezKdeiEg9-Gh81Zd=w480 LOW 48
07-03 17:32:14.789   583   585 D dalvikvm: GC_CONCURRENT freed 313K, 6% free 10520K/11143K, paused 2ms+2ms
07-03 17:32:14.957   583   585 D dalvikvm: GC_CONCURRENT freed 348K, 6% free 10565K/11143K, paused 1ms+4ms
07-03 17:32:15.675   631   634 D dalvikvm: GC_CONCURRENT freed 599K, 9% free 10752K/11783K, paused 2ms+3ms
07-03 17:32:15.828   583   585 D dalvikvm: GC_CONCURRENT freed 1018K, 11% free 10001K/11143K, paused 2ms+4ms
07-03 17:32:16.003   583   585 D dalvikvm: GC_CONCURRENT freed 193K, 9% free 10194K/11143K, paused 2ms+2ms
07-03 17:32:16.199   583   585 D dalvikvm: GC_CONCURRENT freed 312K, 8% free 10273K/11143K, paused 2ms+3ms
07-03 17:32:16.386   583   585 D dalvikvm: GC_CONCURRENT freed 356K, 8% free 10303K/11143K, paused 2ms+3ms
07-03 17:32:16.578   583   585 D dalvikvm: GC_CONCURRENT freed 379K, 8% free 10319K/11143K, paused 2ms+3ms
07-03 17:32:16.773   583   585 D dalvikvm: GC_CONCURRENT freed 329K, 7% free 10378K/11143K, paused 2ms+3ms
07-03 17:32:16.902  1152  1178 D Volley  : [134] BasicNetwork.logSlowRequests: HTTP response for request=<[ ] http://lh3.ggpht.com/1utlUH43_ofaGH8Pdzzxqg3Gbr5BCSPMxiQN6lM2-aJUEuKdVTI3EOjSpoJuvbPmQIQ=w240 LOW 51> [lifetime=16541], [size=12463], [rc=200], [retryCount=2]
07-03 17:32:16.914  1152  1152 D Volley  : [1] Request.finish: 40715 ms: [ ] http://lh3.ggpht.com/1utlUH43_ofaGH8Pdzzxqg3Gbr5BCSPMxiQN6lM2-aJUEuKdVTI3EOjSpoJuvbPmQIQ=w240 LOW 51
07-03 17:32:17.113   583   585 D dalvikvm: GC_CONCURRENT freed 340K, 7% free 10428K/11143K, paused 2ms+5ms
07-03 17:32:18.289   631   634 D dalvikvm: GC_CONCURRENT freed 593K, 10% free 10641K/11783K, paused 2ms+4ms
07-03 17:32:19.375  1152  1175 D Volley  : [131] BasicNetwork.logSlowRequests: HTTP response for request=<[ ] http://lh6.ggpht.com/au2JjUZGoFHNs8SGtF7WfLNSexu9UtRmNBXSl5a9HQm0hDvZca0FSHwEWTCogCMr2iMY=w240 LOW 52> [lifetime=11550], [size=10973], [rc=200], [retryCount=1]
07-03 17:32:19.418  1152  1152 D Volley  : [1] Request.finish: 43214 ms: [ ] http://lh6.ggpht.com/au2JjUZGoFHNs8SGtF7WfLNSexu9UtRmNBXSl5a9HQm0hDvZca0FSHwEWTCogCMr2iMY=w240 LOW 52
07-03 17:32:22.207  1152  1176 D Volley  : [132] BasicNetwork.logSlowRequests: HTTP response for request=<[ ] http://lh6.ggpht.com/qeYCOa4llgmBRGE5mj2iWGvDfZEWvAe4R66Ov1V0ASlUTZh45f-CbRTEPbKkUYe1oQ=w480 LOW 50> [lifetime=22815], [size=35859], [rc=200], [retryCount=2]
07-03 17:32:22.296  1152  1176 D dalvikvm: GC_FOR_ALLOC freed 417K, 12% free 12346K/13895K, paused 84ms
07-03 17:32:22.296  1152  1176 I dalvikvm-heap: Grow heap (frag case) to 12.624MB for 522256-byte allocation
07-03 17:32:22.336  1152  1177 D dalvikvm: GC_FOR_ALLOC freed 4K, 11% free 12851K/14407K, paused 22ms
07-03 17:32:22.351  1152  1152 D Volley  : [1] Request.finish: 46155 ms: [ ] http://lh6.ggpht.com/qeYCOa4llgmBRGE5mj2iWGvDfZEWvAe4R66Ov1V0ASlUTZh45f-CbRTEPbKkUYe1oQ=w480 LOW 50
07-03 17:32:22.570   158   204 I power   : *** set_screen_state 0
07-03 17:32:22.609    79   123 D SurfaceFlinger: About to give-up screen, flinger = 0x1eca918
07-03 17:32:22.734   496  1427 D NfcService: NFC-C OFF, disconnect
07-03 17:32:24.968  1062  1285 I PhoneLab-: Service Running
07-03 17:32:25.046  1062  1285 I PhoneLab-LoggerService: app_36    1289  1062  1800   1428  c00f181c 400107b4 S logcat
07-03 17:32:25.046  1062  1285 I PhoneLab-LoggerService: Logcat pid from database 1289
07-03 17:32:25.046  1062  1285 I PhoneLab-LoggerService: Logcat process found 1289
07-03 17:32:25.046  1062  1285 I PhoneLab-LoggerService: Checking Threshold
07-03 17:32:25.050  1062  1285 I PhoneLab-LoggerService: Starting to rename files
07-03 17:32:25.050  1062  1285 I PhoneLab-LoggerService: Files found .. 82
07-03 17:32:25.054  1062  1285 I PhoneLab-LoggerService: File 1 log.out.1
07-03 17:32:25.058  1062  1285 I PhoneLab-LoggerService: Renamed successfully
07-03 17:32:27.722   158   160 D dalvikvm: GC_CONCURRENT freed 307K, 12% free 12537K/14215K, paused 2ms+4ms
07-03 17:32:27.738   158   208 V TransportControlView: Create TCV com.android.internal.widget.TransportControlView@4138e540
07-03 17:32:27.773   650   650 D OpenGLRenderer: Flushing caches (mode 1)
07-03 17:32:27.777   394   394 D PhoneStatusBar: disable: < expand icons alerts ticker system_info back home RECENT* clock >
07-03 17:32:27.785   158   208 D android.widget.GridLayout: horizontal constraints: x1 - x0 > 214, x2 - x1 > 96, x3 - x2 > 300, x3 - x0 < 480 are inconsistent; permanently removing: x3 - x0 < 480. 
07-03 17:32:27.789   158   213 I InputReader: Reconfiguring input devices.  changes=0x00000004
07-03 17:32:27.789   158   213 I InputReader: Device reconfigured: id=7, name='mxt224_ts_input', surface size is now 480x800, mode is 1
07-03 17:32:27.804   158   208 I ActivityManager: Config changed: {1.0 310mcc120mnc en_US layoutdir=0 sw320dp w320dp h508dp nrml long port finger -keyb/v/h -nav/h s.9}
07-03 17:32:27.820  1152  1152 D OpenGLRenderer: Flushing caches (mode 0)
07-03 17:32:27.878   158   208 V TransportControlView: Create TCV com.android.internal.widget.TransportControlView@4152a700
07-03 17:32:27.941   394   394 D PhoneStatusBar: disable: < expand icons alerts ticker system_info BACK* HOME* RECENT CLOCK* >
07-03 17:32:28.086  1152  1152 D Finsky  : [1] SelfUpdateScheduler.checkForSelfUpdate: Skipping self-update check as there is an update already queued.
07-03 17:32:28.140  1152  1159 I dalvikvm: Jit: resizing JitTable from 4096 to 8192
07-03 17:32:28.230  1152  1174 D dalvikvm: GC_FOR_ALLOC freed 459K, 9% free 13178K/14407K, paused 26ms
07-03 17:32:28.230  1152  1174 I dalvikvm-heap: Grow heap (frag case) to 13.436MB for 522256-byte allocation
07-03 17:32:28.277  1152  1177 D dalvikvm: GC_FOR_ALLOC freed 11K, 9% free 13676K/14919K, paused 24ms
07-03 17:32:28.289  1152  1177 D Volley  : [133] BasicNetwork.logSlowRequests: HTTP response for request=<[ ] http://lh6.ggpht.com/R3P-ZEJ0RXuxlhwZxakHUuyDDmy8g-TJXO9jC7PeXpgB1LDOrzKGFr5kW_f8V6ouFPhc=w480 LOW 46> [lifetime=13686], [size=31377], [rc=200], [retryCount=1]
07-03 17:32:28.339  1152  1177 D dalvikvm: GC_FOR_ALLOC freed 85K, 9% free 13674K/14919K, paused 25ms
07-03 17:32:28.339  1152  1177 I dalvikvm-heap: Grow heap (frag case) to 13.920MB for 522256-byte allocation
07-03 17:32:28.378  1152  1152 D dalvikvm: GC_FOR_ALLOC freed 1K, 9% free 14183K/15431K, paused 22ms
07-03 17:32:28.492  1152  1152 D Volley  : [1] Request.finish: 52329 ms: [ ] http://lh6.ggpht.com/R3P-ZEJ0RXuxlhwZxakHUuyDDmy8g-TJXO9jC7PeXpgB1LDOrzKGFr5kW_f8V6ouFPhc=w480 LOW 46
07-03 17:32:32.832   158   207 W WindowManager: App freeze timeout expired.
07-03 17:32:43.199   650   650 D OpenGLRenderer: Flushing caches (mode 1)
07-03 17:32:44.429  1152  1176 D Volley  : [132] BasicNetwork.logSlowRequests: HTTP response for request=<[ ] http://lh5.ggpht.com/IL39XOOB6ZCYiv32tBXtkjC6iO3fu3azuIiji1ggmyYL3rEVBMOx4-anl8vGl1yEpekE=w240 LOW 65> [lifetime=16001], [size=9369], [rc=200], [retryCount=2]
07-03 17:32:44.476  1152  1152 D Volley  : [1] Request.finish: 16087 ms: [ ] http://lh5.ggpht.com/IL39XOOB6ZCYiv32tBXtkjC6iO3fu3azuIiji1ggmyYL3rEVBMOx4-anl8vGl1yEpekE=w240 LOW 65
07-03 17:32:46.191  1152  1175 D Volley  : [131] BasicNetwork.logSlowRequests: HTTP response for request=<[ ] http://lh6.ggpht.com/R3P-ZEJ0RXuxlhwZxakHUuyDDmy8g-TJXO9jC7PeXpgB1LDOrzKGFr5kW_f8V6ouFPhc=w480 LOW 62> [lifetime=18030], [size=31377], [rc=200], [retryCount=1]
07-03 17:32:46.246  1152  1175 D dalvikvm: GC_FOR_ALLOC freed 1191K, 10% free 14427K/15943K, paused 52ms
07-03 17:32:46.265  1152  1152 D Volley  : [1] Request.finish: 18110 ms: [ ] http://lh6.ggpht.com/R3P-ZEJ0RXuxlhwZxakHUuyDDmy8g-TJXO9jC7PeXpgB1LDOrzKGFr5kW_f8V6ouFPhc=w480 LOW 62
07-03 17:32:50.211   158  1043 D dalvikvm: GC_EXPLICIT freed 263K, 9% free 13025K/14215K, paused 3ms+5ms
07-03 17:32:51.031  1152  1152 D Volley  : [1] Request.finish: 74820 ms: [ ] http://lh5.ggpht.com/IL39XOOB6ZCYiv32tBXtkjC6iO3fu3azuIiji1ggmyYL3rEVBMOx4-anl8vGl1yEpekE=w240 LOW 53
07-03 17:32:53.289   650   650 D OpenGLRenderer: Flushing caches (mode 1)
07-03 17:32:56.429   538   542 D dalvikvm: GC_CONCURRENT freed 392K, 6% free 9531K/10055K, paused 2ms+3ms
07-03 17:32:56.972   583   715 D dalvikvm: GC_FOR_ALLOC freed 875K, 13% free 9791K/11143K, paused 31ms
07-03 17:33:02.593  1152  1152 E Finsky  : [1] 2.onErrorResponse: Failed to send 1 events because of [com.android.volley.TimeoutError]
07-03 17:33:02.597  1152  1152 D Volley  : [1] Request.finish: 19458 ms: [ ] https://android.clients.google.com/fdfe/log NORMAL 66
07-03 17:33:03.660   583   995 D dalvikvm: GC_FOR_ALLOC freed 128K, 13% free 9733K/11143K, paused 33ms
07-03 17:33:32.437   583   602 D dalvikvm: GC_FOR_ALLOC freed 217K, 13% free 9741K/11143K, paused 16ms
07-03 17:33:44.160   538   679 D dalvikvm: GC_EXPLICIT freed 373K, 6% free 9498K/10055K, paused 20ms+3ms
07-03 17:33:48.414   583   603 D dalvikvm: GC_FOR_ALLOC freed 240K, 13% free 9740K/11143K, paused 33ms
07-03 17:34:22.937  1062  1285 I PhoneLab-: Service Running
07-03 17:34:23.007  1062  1285 I PhoneLab-LoggerService: app_36    1289  1062  1800   1428  c00f181c 400107b4 S logcat
07-03 17:34:23.007  1062  1285 I PhoneLab-LoggerService: Logcat pid from database 1289
07-03 17:34:23.007  1062  1285 I PhoneLab-LoggerService: Logcat process found 1289
07-03 17:34:23.007  1062  1285 I PhoneLab-LoggerService: Checking Threshold
07-03 17:34:23.011  1062  1285 I PhoneLab-LoggerService: Starting to rename files
07-03 17:34:23.031  1062  1285 I PhoneLab-LoggerService: Files found .. 82
07-03 17:34:23.043  1062  1064 D dalvikvm: GC_CONCURRENT freed 409K, 14% free 9128K/10567K, paused 2ms+2ms
07-03 17:34:23.812   583   962 D dalvikvm: GC_FOR_ALLOC freed 249K, 13% free 9745K/11143K, paused 16ms
07-03 17:34:27.039   631   634 D dalvikvm: GC_CONCURRENT freed 725K, 13% free 10329K/11783K, paused 15ms+6ms
07-03 17:34:32.570   583   994 D dalvikvm: GC_FOR_ALLOC freed 228K, 13% free 9740K/11143K, paused 16ms
07-03 17:34:33.714   538   542 D dalvikvm: GC_CONCURRENT freed 399K, 6% free 9520K/10055K, paused 13ms+3ms
07-03 17:34:37.539   583   603 D dalvikvm: GC_EXPLICIT freed 75K, 13% free 9732K/11143K, paused 5ms+2ms
07-03 17:34:45.171   583  1657 D dalvikvm: GC_FOR_ALLOC freed 200K, 13% free 9761K/11143K, paused 16ms
07-03 17:34:50.496   583   714 D dalvikvm: GC_FOR_ALLOC freed 245K, 13% free 9741K/11143K, paused 16ms
07-03 17:34:59.316   631   634 D dalvikvm: GC_CONCURRENT freed 385K, 13% free 10330K/11783K, paused 23ms+2ms
07-03 17:34:59.343   583   715 D dalvikvm: GC_FOR_ALLOC freed 208K, 13% free 9743K/11143K, paused 17ms
07-03 17:35:08.254   583   962 D dalvikvm: GC_FOR_ALLOC freed 239K, 13% free 9742K/11143K, paused 16ms
07-03 17:35:14.847   158   169 D dalvikvm: GC_EXPLICIT freed 624K, 9% free 13032K/14215K, paused 3ms+4ms
07-03 17:35:15.671   583   715 D dalvikvm: GC_FOR_ALLOC freed 223K, 13% free 9741K/11143K, paused 16ms
07-03 17:35:28.671   583   603 D dalvikvm: GC_FOR_ALLOC freed 222K, 13% free 9740K/11143K, paused 16ms
07-03 17:35:29.695   538   542 D dalvikvm: GC_CONCURRENT freed 404K, 6% free 9518K/10055K, paused 2ms+3ms
07-03 17:35:39.336   583  1657 D dalvikvm: GC_FOR_ALLOC freed 210K, 13% free 9741K/11143K, paused 16ms
07-03 17:35:56.355   631   634 D dalvikvm: GC_CONCURRENT freed 385K, 13% free 10331K/11783K, paused 15ms+3ms
07-03 17:35:56.382   583   994 D dalvikvm: GC_FOR_ALLOC freed 253K, 13% free 9745K/11143K, paused 17ms
07-03 17:36:00.566   158   200 I ActivityManager: Start proc com.google.android.syncadapters.calendar for service com.google.android.syncadapters.calendar/.CalendarSyncAdapterService: pid=1771 uid=10018 gids={3003}
07-03 17:36:00.699   650   650 D OpenGLRenderer: Flushing caches (mode 1)
07-03 17:36:19.496   538   542 D dalvikvm: GC_CONCURRENT freed 400K, 6% free 9520K/10055K, paused 2ms+3ms
07-03 17:36:19.730   650   655 D dalvikvm: GC_CONCURRENT freed 368K, 8% free 9647K/10439K, paused 13ms+2ms
07-03 17:36:20.000   650   650 D OpenGLRenderer: Flushing caches (mode 1)
07-03 17:36:20.125  1771  1773 D dalvikvm: GC_CONCURRENT freed 349K, 6% free 9126K/9607K, paused 2ms+1ms
07-03 17:36:22.937  1062  1285 I PhoneLab-: Service Running
07-03 17:36:23.035  1062  1285 I PhoneLab-LoggerService: app_36    1289  1062  1800   1428  c00f181c 400107b4 S logcat
07-03 17:36:23.035  1062  1285 I PhoneLab-LoggerService: Logcat pid from database 1289
07-03 17:36:23.035  1062  1285 I PhoneLab-LoggerService: Logcat process found 1289
07-03 17:36:23.035  1062  1285 I PhoneLab-LoggerService: Checking Threshold
07-03 17:36:23.039  1062  1285 I PhoneLab-LoggerService: Starting to rename files
07-03 17:36:23.043  1062  1285 I PhoneLab-LoggerService: Files found .. 82
07-03 17:36:27.671   158   160 D dalvikvm: GC_CONCURRENT freed 858K, 9% free 13059K/14215K, paused 5ms+4ms
07-03 17:36:27.777  1771  1773 D dalvikvm: GC_CONCURRENT freed 334K, 5% free 9205K/9671K, paused 1ms+2ms
07-03 17:36:28.023   650   650 D OpenGLRenderer: Flushing caches (mode 1)
07-03 17:36:46.796   583   602 D dalvikvm: GC_FOR_ALLOC freed 297K, 13% free 9758K/11143K, paused 16ms
07-03 17:36:55.320   158   379 D dalvikvm: GC_EXPLICIT freed 230K, 9% free 13030K/14215K, paused 2ms+5ms
07-03 17:36:57.535  1409  1409 I CalendarProvider2: Sending notification intent: Intent { act=android.intent.action.PROVIDER_CHANGED dat=content://com.android.calendar }
07-03 17:36:57.535  1409  1409 W ContentResolver: Failed to get type for: content://com.android.calendar (Unknown URL content://com.android.calendar)
07-03 17:36:57.613   158   552 I ActivityManager: No longer want com.android.voicedialer (pid 1107): hidden #16
07-03 17:36:57.687  1409  1411 D dalvikvm: GC_CONCURRENT freed 400K, 6% free 9200K/9735K, paused 2ms+2ms
07-03 17:37:06.433   538   542 D dalvikvm: GC_CONCURRENT freed 399K, 6% free 9522K/10055K, paused 2ms+3ms
07-03 17:37:10.343   158   208 I power   : *** set_screen_state 1
07-03 17:37:10.406   158   208 I WindowManager: Lock screen displayed!
07-03 17:37:10.484  1152  1174 D dalvikvm: GC_FOR_ALLOC freed 2492K, 17% free 13300K/15943K, paused 26ms
07-03 17:37:10.558    79   123 D SurfaceFlinger: Screen about to return, flinger = 0x1eca918
07-03 17:37:10.703  1152  1155 D dalvikvm: GC_CONCURRENT freed 201K, 9% free 14509K/15943K, paused 2ms+6ms
07-03 17:37:12.265   394   394 D PhoneStatusBar: disable: < expand icons alerts ticker system_info BACK HOME recent* CLOCK >
07-03 17:37:12.269   496   563 D NfcService: NFC-C ON
07-03 17:37:12.285    82   126 D AudioHardware: AudioHardware pcm playback is exiting standby.
07-03 17:37:12.285    82   126 D AudioHardware: openPcmOut_l() mPcmOpenCnt: 0
07-03 17:37:12.293   394   394 D PhoneStatusBar: disable: < expand icons alerts ticker system_info back* home* recent clock* >
07-03 17:37:12.660   538  1836 D dalvikvm: GC_EXPLICIT freed 178K, 7% free 9408K/10055K, paused 7ms+5ms
07-03 17:37:15.449    82   126 D AudioHardware: AudioHardware pcm playback is going to standby.
07-03 17:37:15.449    82   126 D AudioHardware: closePcmOut_l() mPcmOpenCnt: 1
07-03 17:37:16.570   158   212 I ActivityManager: START {act=android.intent.action.MAIN cat=[android.intent.category.HOME] flg=0x10200000 cmp=com.android.launcher/com.android.launcher2.Launcher} from pid 158
07-03 17:37:16.640   158   212 D dalvikvm: GC_FOR_ALLOC freed 532K, 10% free 12922K/14215K, paused 45ms
07-03 17:37:16.789  1152  1152 D OpenGLRenderer: Flushing caches (mode 0)
07-03 17:37:16.832  1152  1152 D OpenGLRenderer: Flushing caches (mode 1)
07-03 17:37:17.082   631   634 D dalvikvm: GC_CONCURRENT freed 368K, 13% free 10351K/11783K, paused 14ms+6ms
07-03 17:37:17.972    82   126 D AudioHardware: AudioHardware pcm playback is exiting standby.
07-03 17:37:17.972    82   126 D AudioHardware: openPcmOut_l() mPcmOpenCnt: 0
07-03 17:37:18.230  1076  1079 D dalvikvm: GC_CONCURRENT freed 2204K, 41% free 11778K/19783K, paused 2ms+7ms
07-03 17:37:18.363  1076  1079 D dalvikvm: GC_CONCURRENT freed 63K, 37% free 12619K/19783K, paused 3ms+8ms
07-03 17:37:18.457  1076  1328 D dalvikvm: GC_FOR_ALLOC freed 973K, 40% free 11955K/19783K, paused 26ms
07-03 17:37:18.461  1076  1328 I dalvikvm-heap: Grow heap (frag case) to 12.970MB for 1286224-byte allocation
07-03 17:37:18.496  1076  1343 D dalvikvm: GC_FOR_ALLOC freed 2K, 34% free 13209K/19783K, paused 19ms
07-03 17:37:18.644  1076  1079 D dalvikvm: GC_CONCURRENT freed 636K, 34% free 13109K/19783K, paused 3ms+9ms
07-03 17:37:18.879  1076  1079 D dalvikvm: GC_CONCURRENT freed 2190K, 38% free 12273K/19783K, paused 4ms+5ms
07-03 17:37:19.015  1076  1340 D dalvikvm: GC_FOR_ALLOC freed 666K, 37% free 12478K/19783K, paused 27ms
07-03 17:37:19.136  1076  1079 D dalvikvm: GC_CONCURRENT freed 219K, 33% free 13403K/19783K, paused 2ms+11ms
07-03 17:37:19.265  1076  1341 D dalvikvm: GC_FOR_ALLOC freed 544K, 29% free 14097K/19783K, paused 45ms
07-03 17:37:19.394  1076  1079 D dalvikvm: GC_CONCURRENT freed 1546K, 29% free 14153K/19783K, paused 2ms+7ms
07-03 17:37:19.539  1076  1343 D dalvikvm: GC_FOR_ALLOC freed 2424K, 34% free 13193K/19783K, paused 26ms
07-03 17:37:19.644  1076  1079 D dalvikvm: GC_CONCURRENT freed 661K, 30% free 13891K/19783K, paused 2ms+4ms
07-03 17:37:21.062    82   126 D AudioHardware: AudioHardware pcm playback is going to standby.
07-03 17:37:21.062    82   126 D AudioHardware: closePcmOut_l() mPcmOpenCnt: 1
07-03 17:37:22.289   583   603 D dalvikvm: GC_FOR_ALLOC freed 261K, 13% free 9764K/11143K, paused 18ms
07-03 17:37:23.808    82   126 D AudioHardware: AudioHardware pcm playback is exiting standby.
07-03 17:37:23.808    82   126 D AudioHardware: openPcmOut_l() mPcmOpenCnt: 0
07-03 17:37:23.910   158   493 I ActivityManager: START {act=android.intent.action.MAIN cat=[android.intent.category.LAUNCHER] flg=0x10200000 cmp=com.android.settings/.Settings} from pid 1076
07-03 17:37:24.054   158   507 I ActivityManager: Start proc com.android.settings for activity com.android.settings/.Settings: pid=1849 uid=1000 gids={1015, 3002, 3001, 3003, 3007}
07-03 17:37:24.125  1076  1076 D OpenGLRenderer: Flushing caches (mode 1)
07-03 17:37:24.179  1076  1076 D OpenGLRenderer: Flushing caches (mode 0)
07-03 17:37:24.375  1849  1849 W System.err: Removed 2131231170
07-03 17:37:24.379  1849  1849 W System.err: Removed 2131231177
07-03 17:37:24.531  1849  1849 D LocalBluetoothProfileManager: LocalBluetoothProfileManager construction complete
07-03 17:37:24.574  1849  1851 D dalvikvm: GC_CONCURRENT freed 143K, 3% free 9364K/9607K, paused 7ms+4ms
07-03 17:37:24.582   158   174 I Process : Sending signal. PID: 1849 SIG: 3
07-03 17:37:24.582  1849  1853 I dalvikvm: threadid=3: reacting to signal 3
07-03 17:37:24.589  1849  1853 I dalvikvm: Wrote stack traces to '/data/anr/traces.txt'
07-03 17:37:24.613  1849  1849 D libEGL  : loaded /system/lib/egl/libGLES_android.so
07-03 17:37:24.617  1849  1849 D libEGL  : loaded /vendor/lib/egl/libEGL_POWERVR_SGX540_120.so
07-03 17:37:24.629  1849  1849 D libEGL  : loaded /vendor/lib/egl/libGLESv1_CM_POWERVR_SGX540_120.so
07-03 17:37:24.629  1849  1849 D libEGL  : loaded /vendor/lib/egl/libGLESv2_POWERVR_SGX540_120.so
07-03 17:37:24.683  1849  1849 D OpenGLRenderer: Enabling debug mode 0
07-03 17:37:24.754   158   565 W InputManagerService: Starting input on non-focused client com.android.internal.view.IInputMethodClient$Stub$Proxy@4135b050 (uid=10025 pid=1076)
07-03 17:37:24.902   158   207 I ActivityManager: Displayed com.android.settings/.Settings: +937ms
07-03 17:37:26.105   158   169 I ActivityManager: START {act=android.intent.action.MAIN cmp=com.android.settings/.SubSettings (has extras)} from pid 1849
07-03 17:37:26.203   158   169 D dalvikvm: GC_FOR_ALLOC freed 1190K, 14% free 12343K/14215K, paused 69ms
07-03 17:37:26.406   158   207 I ActivityManager: Displayed com.android.settings/.SubSettings: +190ms
07-03 17:37:26.429  1849  1849 D OpenGLRenderer: Flushing caches (mode 0)
07-03 17:37:27.609  1849  1851 D dalvikvm: GC_CONCURRENT freed 156K, 3% free 9712K/9991K, paused 10ms+5ms
07-03 17:37:28.507    76   116 D SoftapController: Softap fwReload - Ok
07-03 17:37:28.511   158   315 D NetworkManagementService: rsp <213 00:90:4c:11:22:33 0.0.0.0 0 [down broadcast multicast]>
07-03 17:37:28.511   158   315 D NetworkManagementService: flags <[down broadcast multicast]>
07-03 17:37:28.515    76   116 D CommandListener: Setting iface cfg
07-03 17:37:28.515    76   116 D CommandListener: Trying to bring down wlan0
07-03 17:37:28.515    76   116 D CommandListener: broadcast flag ignored
07-03 17:37:28.515    76   116 D CommandListener: multicast flag ignored
07-03 17:37:28.570  1877  1877 I wpa_supplicant: rfkill: Cannot open RFKILL control device
07-03 17:37:28.636   158   315 E WifiConfigStore: Error parsing configurationjava.io.FileNotFoundException: /data/misc/wifi/ipconfig.txt: open failed: ENOENT (No such file or directory)
07-03 17:37:29.179    82   126 D AudioHardware: AudioHardware pcm playback is going to standby.
07-03 17:37:29.179    82   126 D AudioHardware: closePcmOut_l() mPcmOpenCnt: 1
07-03 17:37:39.679   583   962 D dalvikvm: GC_FOR_ALLOC freed 225K, 13% free 9749K/11143K, paused 18ms
07-03 17:37:44.929   158   160 D dalvikvm: GC_CONCURRENT freed 686K, 14% free 12361K/14215K, paused 3ms+4ms
07-03 17:37:49.519   394   396 D dalvikvm: GC_CONCURRENT freed 150K, 5% free 9924K/10439K, paused 2ms+2ms
07-03 17:37:49.589   394   394 D dalvikvm: GC_FOR_ALLOC freed 481K, 8% free 9729K/10567K, paused 20ms
07-03 17:37:49.789   394   396 D dalvikvm: GC_CONCURRENT freed 261K, 7% free 9909K/10567K, paused 4ms+6ms
07-03 17:37:53.316   650   650 D OpenGLRenderer: Flushing caches (mode 1)
07-03 17:37:59.441  1849  1851 D dalvikvm: GC_CONCURRENT freed 315K, 5% free 9836K/10247K, paused 11ms+3ms
07-03 17:37:59.507   631   634 D dalvikvm: GC_CONCURRENT freed 333K, 12% free 10403K/11783K, paused 3ms+5ms
07-03 17:38:02.617   538   542 D dalvikvm: GC_CONCURRENT freed 283K, 6% free 9513K/10055K, paused 2ms+3ms
07-03 17:38:12.609   631  1004 I EventLogService: Aggregate from 1341351019119 (log), 1341349691179 (data)
07-03 17:38:16.035   631   634 D dalvikvm: GC_CONCURRENT freed 286K, 11% free 10506K/11783K, paused 22ms+3ms
07-03 17:38:16.629  1152  1152 D Finsky  : [1] DownloadQueueImpl.notifyProgress: self-update-download: onProgress 5322241/5322241 Status: 200.
07-03 17:38:16.632  1152  1152 D Finsky  : [1] DownloadBroadcastReceiver.onReceive: Intent received at DownloadBroadcastReceiver
07-03 17:38:16.656  1152  1152 D Finsky  : [1] DownloadImpl.setState: self-update-download from DOWNLOADING to SUCCESS.
07-03 17:38:16.656  1152  1152 D Finsky  : [1] DownloadQueueImpl.onComplete: self-update-download: onComplete
07-03 17:38:16.656  1152  1152 D Finsky  : [1] DownloadQueueImpl.remove: Download self-update-download removed from DownloadQueue
07-03 17:38:16.660    84    84 I installd: free_cache(0) avail 975536128
07-03 17:38:16.660  1152  1152 D Finsky  : [1] SelfUpdateScheduler.onComplete: Self-update ready to be installed, waiting for market to close.
07-03 17:38:22.804  1062  1062 I PhoneLab-Locks: wake lock acquired
07-03 17:38:22.832  1062  1909 W PhoneLab-PeriodicCheckService: User info is not synched yet
07-03 17:38:22.859  1062  1909 I PhoneLab-PeriodicCheckService: Logger Service is running
07-03 17:38:22.863  1062  1062 I PhoneLab-Locks: wake lock acquired
07-03 17:38:22.867  1062  1062 I PhoneLab-StatusMonitor: Status Monitoring is started
07-03 17:38:22.867  1062  1909 I PhoneLab-Locks: wake lock acquired
07-03 17:38:22.871  1062  1909 I PhoneLab-PeriodicCheckService: Rescheduling periodic checking...
07-03 17:38:22.879  1062  1062 E PhoneLab-PhoneLabManifest: java.io.FileNotFoundException: /data/data/edu.buffalo.cse.phonelab.phonelabservices/files/manifest.xml: open failed: ENOENT (No such file or directory)
07-03 17:38:22.879  1062  1909 I PhoneLab-Locks: wake lock released
07-03 17:38:22.879  1062  1062 I PhoneLab-Locks: wake lock released
07-03 17:38:22.882  1062  1062 I PhoneLab-UploadLogs: Transfering log files now
07-03 17:38:22.941  1062  1064 D dalvikvm: GC_CONCURRENT freed 434K, 13% free 9206K/10567K, paused 1ms+2ms
07-03 17:38:22.945  1062  1285 I PhoneLab-: Service Running
07-03 17:38:23.015  1062  1064 D dalvikvm: GC_CONCURRENT freed 285K, 11% free 9432K/10567K, paused 1ms+5ms
07-03 17:38:23.031  1062  1062 D dalvikvm: GC_FOR_ALLOC freed <1K, 11% free 9432K/10567K, paused 17ms
07-03 17:38:23.035  1062  1062 I dalvikvm-heap: Grow heap (frag case) to 9.773MB for 516692-byte allocation
07-03 17:38:23.058  1062  1285 D dalvikvm: GC_FOR_ALLOC freed 248K, 13% free 9688K/11079K, paused 13ms
07-03 17:38:23.066  1062  1285 I PhoneLab-LoggerService: app_36    1289  1062  1800   1428  c00f181c 400107b4 S logcat
07-03 17:38:23.066  1062  1285 I PhoneLab-LoggerService: Logcat pid from database 1289
07-03 17:38:23.066  1062  1285 I PhoneLab-LoggerService: Logcat process found 1289
07-03 17:38:23.066  1062  1285 I PhoneLab-LoggerService: Checking Threshold
07-03 17:38:23.070  1062  1062 I PhoneLab-UploadLogs: OnStartCommand
07-03 17:38:23.074  1062  1285 I PhoneLab-LoggerService: Starting to rename files
07-03 17:38:23.082  1062  1285 I PhoneLab-LoggerService: Files found .. 82
07-03 17:38:23.484   631   634 D dalvikvm: GC_CONCURRENT freed 115K, 9% free 10780K/11783K, paused 13ms+3ms
07-03 17:38:25.882  1062  1064 D dalvikvm: GC_CONCURRENT freed 502K, 13% free 9645K/11079K, paused 1ms+2ms
07-03 17:38:25.902  1062  1914 D dalvikvm: GC_FOR_ALLOC freed 303K, 13% free 9644K/11079K, paused 17ms
07-03 17:38:25.925  1062  1914 D dalvikvm: GC_FOR_ALLOC freed 301K, 13% free 9645K/11079K, paused 17ms
07-03 17:38:26.000  1454  1456 D dalvikvm: GC_CONCURRENT freed 413K, 7% free 9207K/9863K, paused 1ms+3ms
07-03 17:38:26.105   158   565 D dalvikvm: GC_EXPLICIT freed 464K, 13% free 12398K/14215K, paused 2ms+5ms
07-03 17:38:26.359  1454  1456 D dalvikvm: GC_CONCURRENT freed 286K, 5% free 9379K/9863K, paused 1ms+3ms
07-03 17:38:26.386  1454  1916 D dalvikvm: GC_EXPLICIT freed 175K, 7% free 9204K/9863K, paused 1ms+3ms
07-03 17:38:26.550   631  1891 D dalvikvm: GC_EXPLICIT freed 144K, 8% free 10885K/11783K, paused 2ms+5ms
07-03 17:38:26.711  1454  1456 D dalvikvm: GC_CONCURRENT freed 284K, 5% free 9370K/9863K, paused 4ms+3ms
07-03 17:38:26.796  1152  1918 D Finsky  : [165] OnCompleteListenerNotifier.doInBackground: Signature check not required.
07-03 17:38:27.011   158   178 I ActivityManager: Start proc com.android.defcontainer for service com.android.defcontainer/.DefaultContainerService: pid=1919 uid=10010 gids={1015, 2001}
07-03 17:38:27.054  1454  1916 D dalvikvm: GC_EXPLICIT freed 450K, 6% free 9289K/9863K, paused 2ms+11ms
07-03 17:38:27.293   158   566 D dalvikvm: GC_EXPLICIT freed 172K, 14% free 12367K/14215K, paused 5ms+4ms
07-03 17:38:27.586   158   178 W ActivityManager: No content provider found for permission revoke: file:///data/data/com.android.providers.downloads/cache/downloadfile.apk
07-03 17:38:27.593  1454  1456 D dalvikvm: GC_CONCURRENT freed 427K, 6% free 9362K/9863K, paused 1ms+3ms
07-03 17:38:27.644   158   204 I power   : *** set_screen_state 0
07-03 17:38:27.695    79   123 D SurfaceFlinger: About to give-up screen, flinger = 0x1eca918
07-03 17:38:27.796   496  1326 D NfcService: NFC-C OFF, disconnect
07-03 17:38:27.863  1454  1465 D dalvikvm: GC_EXPLICIT freed 372K, 6% free 9277K/9863K, paused 2ms+2ms
07-03 17:38:27.984   631  1891 D dalvikvm: GC_EXPLICIT freed 434K, 8% free 10947K/11783K, paused 3ms+6ms
07-03 17:38:28.363  1454  1456 D dalvikvm: GC_CONCURRENT freed 387K, 6% free 9370K/9863K, paused 7ms+3ms
07-03 17:38:28.550   158   178 W ActivityManager: No content provider found for permission revoke: file:///data/data/com.android.providers.downloads/cache/downloadfile.apk
07-03 17:38:28.781   158   160 D dalvikvm: GC_CONCURRENT freed 350K, 11% free 12773K/14215K, paused 16ms+5ms
07-03 17:38:28.859   158   178 D dalvikvm: GC_FOR_ALLOC freed 572K, 9% free 12967K/14215K, paused 44ms
07-03 17:38:29.105  1454  1456 D dalvikvm: GC_CONCURRENT freed 489K, 7% free 9367K/9991K, paused 1ms+3ms
07-03 17:38:29.140  1454  1465 D dalvikvm: GC_EXPLICIT freed 165K, 8% free 9208K/9991K, paused 2ms+3ms
07-03 17:38:29.222  1062  1062 I PhoneLab-RegistrationReceiver: C2DM Registration Receiver is fired
07-03 17:38:29.222  1062  1062 I PhoneLab-Locks: wake lock acquired
07-03 17:38:29.308  1062  1062 I PhoneLab-RegistrationReceiver: Shared Preferences Settings updated successfully
07-03 17:38:29.308  1062  1064 D dalvikvm: GC_CONCURRENT freed 95K, 10% free 10043K/11079K, paused 3ms+2ms
07-03 17:38:29.312  1062  1936 I PhoneLab-RegistrationService: C2DM Registration Service is started!
07-03 17:38:29.324  1062  1936 I PhoneLab-RegistrationService: Registration Id: APA91bEakNHJ-rLiizCXZhCK_pcdNeZKiigDp8g2NPONYLdy2iVY0uzviQXWhgUA7GBqi3o4x84YIB7oKDvjrP4l2EbJJv6L-7V3VyltpnWfNgs9fCom8ZJNFaY8RslZbC7zuDT6NfZd09DuULB4sCmk2-RYpSfn01GVQAO3lbPfBE9JpFBXQDWJeJ411lQbOwqOBb0-kjPu
07-03 17:38:29.324  1062  1936 I PhoneLab-RegistrationService: Sending registration ID to server
07-03 17:38:29.363   158   379 D dalvikvm: GC_EXPLICIT freed 245K, 9% free 13001K/14215K, paused 3ms+4ms
07-03 17:38:29.394   158   213 I power   : *** set_screen_state 1
07-03 17:38:29.414   158   208 I WindowManager: No lock screen!
07-03 17:38:29.589    79   123 D SurfaceFlinger: Screen about to return, flinger = 0x1eca918
07-03 17:38:29.625   496  1346 D NfcService: NFC-C ON
07-03 17:38:29.851  1454  1456 D dalvikvm: GC_CONCURRENT freed 336K, 7% free 9384K/9991K, paused 3ms+4ms
07-03 17:38:30.062  1454  1917 D dalvikvm: GC_EXPLICIT freed 330K, 8% free 9273K/9991K, paused 2ms+3ms
07-03 17:38:30.218  1849  1851 D dalvikvm: GC_CONCURRENT freed 419K, 5% free 9870K/10375K, paused 2ms+4ms
07-03 17:38:30.472   631  1891 D dalvikvm: GC_EXPLICIT freed 420K, 8% free 10915K/11783K, paused 3ms+5ms
07-03 17:38:30.671  1454  1456 D dalvikvm: GC_CONCURRENT freed 410K, 7% free 9375K/9991K, paused 1ms+4ms
07-03 17:38:31.035   158   160 D dalvikvm: GC_CONCURRENT freed 523K, 7% free 13354K/14215K, paused 2ms+5ms
07-03 17:38:31.152  1454  1456 D dalvikvm: GC_CONCURRENT freed 505K, 7% free 9326K/9991K, paused 1ms+3ms
07-03 17:38:31.179  1454  1917 D dalvikvm: GC_EXPLICIT freed 121K, 8% free 9205K/9991K, paused 1ms+2ms
07-03 17:38:31.390   158   706 D dalvikvm: GC_EXPLICIT freed 180K, 6% free 13474K/14215K, paused 8ms+5ms
07-03 17:38:31.644  1454  1456 D dalvikvm: GC_CONCURRENT freed 291K, 7% free 9353K/9991K, paused 2ms+3ms
07-03 17:38:31.695   650   650 D OpenGLRenderer: Flushing caches (mode 1)
07-03 17:38:31.945    82   126 D AudioHardware: AudioHardware pcm playback is exiting standby.
07-03 17:38:31.945    82   126 D AudioHardware: openPcmOut_l() mPcmOpenCnt: 0
07-03 17:38:31.972  1849  1849 W ResourceType: getEntry failing because entryIndex 129 is beyond type entryCount 3
07-03 17:38:32.136    86    86 I keystore: uid: 1000 action: s -> 1 state: 3 -> 3 retry: 4
07-03 17:38:32.136    86    86 I keystore: uid: 1000 action: s -> 1 state: 3 -> 3 retry: 4
07-03 17:38:32.515  1849  1851 D dalvikvm: GC_CONCURRENT freed 234K, 4% free 10073K/10439K, paused 2ms+8ms
07-03 17:38:32.601  1454  1456 D dalvikvm: GC_CONCURRENT freed 468K, 7% free 9315K/9991K, paused 19ms+5ms
07-03 17:38:32.640  1454  1917 D dalvikvm: GC_EXPLICIT freed 100K, 8% free 9219K/9991K, paused 3ms+3ms
07-03 17:38:32.668  1062  1936 I PhoneLab-RegistrationService: {"data": {"id": "A000002A28C4AB", "email": "phonelab@gmail.com", "reg_id": "APA91bEakNHJ-rLiizCXZhCK_pcdNeZKiigDp8g2NPONYLdy2iVY0uzviQXWhgUA7GBqi3o4x84YIB7oKDvjrP4l2EbJJv6L-7V3VyltpnWfNgs9fCom8ZJNFaY8RslZbC7zuDT6NfZd09DuULB4sCmk2-RYpSfn01GVQAO3lbPfBE9JpFBXQDWJeJ411lQbOwqOBb0-kjPu", "collapse_key": "", "last_messaged": "", "failed_push": false, "update_interval": "10", "active": "D", "created": "2012-06-22T16:00:00", "updated": "2012-06-22T16:00:00"}, "error": ""}
07-03 17:38:32.683  1062  1936 I PhoneLab-RegistrationService: Shared Preferences Settings updated successfully
07-03 17:38:32.683  1062  1936 I PhoneLab-RegistrationService: C2DM Registration Service is done!
07-03 17:38:32.691  1062  1936 I PhoneLab-Locks: wake lock released
07-03 17:38:32.980   631  1890 D dalvikvm: GC_EXPLICIT freed 352K, 8% free 10925K/11783K, paused 4ms+6ms
07-03 17:38:33.195  1454  1456 D dalvikvm: GC_CONCURRENT freed 364K, 7% free 9366K/9991K, paused 2ms+3ms
07-03 17:38:33.425  1454  1466 D dalvikvm: GC_EXPLICIT freed 293K, 8% free 9277K/9991K, paused 2ms+6ms
07-03 17:38:33.769   158   507 D dalvikvm: GC_EXPLICIT freed 376K, 4% free 13767K/14279K, paused 3ms+5ms
07-03 17:38:34.199  1454  1456 D dalvikvm: GC_CONCURRENT freed 415K, 7% free 9369K/9991K, paused 2ms+14ms
07-03 17:38:34.933  1454  1456 D dalvikvm: GC_CONCURRENT freed 505K, 7% free 9345K/9991K, paused 1ms+8ms
07-03 17:38:35.035    82   126 D AudioHardware: AudioHardware pcm playback is going to standby.
07-03 17:38:35.035    82   126 D AudioHardware: closePcmOut_l() mPcmOpenCnt: 1
07-03 17:38:35.203  1132  1134 D dalvikvm: GC_CONCURRENT freed 366K, 7% free 9291K/9927K, paused 16ms+2ms
07-03 17:38:35.207   458   461 D dalvikvm: GC_CONCURRENT freed 1007K, 10% free 9990K/11079K, paused 26ms+3ms
07-03 17:38:35.457   458   458 D dalvikvm: GC_FOR_ALLOC freed 174K, 10% free 9986K/11079K, paused 87ms
07-03 17:38:35.464   458   458 I dalvikvm-heap: Grow heap (frag case) to 10.369MB for 577936-byte allocation
07-03 17:38:35.531   394   394 D dalvikvm: GC_FOR_ALLOC freed 171K, 7% free 9896K/10567K, paused 55ms
07-03 17:38:35.535   458   461 D dalvikvm: GC_CONCURRENT freed 4K, 5% free 10546K/11079K, paused 2ms+13ms
07-03 17:38:35.726   394   394 D dalvikvm: GC_FOR_ALLOC freed 336K, 7% free 9879K/10567K, paused 40ms
07-03 17:38:35.836  1132  1939 D PicasaSyncService: start to perform sync on dearvnu@gmail.com
07-03 17:38:35.906  1132  1151 V PicasaContentProvider: querySettings: defaults: {sync_on_wifi_only=1, auto_upload_account_type=null, sync_on_battery=1, sync_picasa_on_wifi_only=1, auto_upload_enabled=0, video_upload_wifi_only=1, sync_on_roaming=0, auto_upload_account_name=null}
07-03 17:38:35.914  1132  1151 D PicasaSyncManager: reject MetadataSyncTask (dearvnu@gmail.com) for wifi connection
07-03 17:38:35.929  1132  1939 D PicasaSyncService: sync finished - false
07-03 17:38:35.953  1132  1151 V PicasaContentProvider: querySettings: defaults: {sync_on_wifi_only=1, auto_upload_account_type=null, sync_on_battery=1, sync_picasa_on_wifi_only=1, auto_upload_enabled=0, video_upload_wifi_only=1, sync_on_roaming=0, auto_upload_account_name=null}
07-03 17:38:35.953  1132  1151 D PicasaSyncManager: reject MetadataSyncTask (dearvnu@gmail.com) for wifi connection
07-03 17:38:36.000   650   650 D OpenGLRenderer: Flushing caches (mode 1)
07-03 17:38:36.168   158   160 D dalvikvm: JIT code cache reset in 4 ms (1048516 bytes 1/0)
07-03 17:38:36.175   158   160 D dalvikvm: GC_CONCURRENT freed 1223K, 9% free 13663K/14983K, paused 2ms+9ms
07-03 17:38:36.425   158   178 D dalvikvm: GC_FOR_ALLOC freed 1003K, 9% free 13647K/14983K, paused 74ms
07-03 17:38:36.617   158   160 D dalvikvm: GC_CONCURRENT freed 1052K, 9% free 13655K/14983K, paused 3ms+5ms
07-03 17:38:36.836   158   160 D dalvikvm: GC_CONCURRENT freed 1038K, 9% free 13661K/14983K, paused 3ms+11ms
07-03 17:38:37.043   158   160 D dalvikvm: GC_CONCURRENT freed 1048K, 9% free 13671K/14983K, paused 3ms+10ms
07-03 17:38:37.254   158   160 D dalvikvm: GC_CONCURRENT freed 1055K, 9% free 13685K/14983K, paused 3ms+6ms
07-03 17:38:37.449   158   160 D dalvikvm: GC_CONCURRENT freed 1074K, 9% free 13691K/14983K, paused 4ms+6ms
07-03 17:38:37.609   158   160 D dalvikvm: GC_CONCURRENT freed 1069K, 9% free 13709K/14983K, paused 2ms+5ms
07-03 17:38:37.910   158   178 D dalvikvm: GC_EXPLICIT freed 583K, 9% free 13646K/14983K, paused 4ms+14ms
07-03 17:38:37.914  1152  1489 D Finsky  : [142] 1.packageInstalled: Package install status for "com.android.vending" is -104
07-03 17:38:37.914  1152  1489 W Finsky  : [142] 1.packageInstalled: Package name mismatsch: ours:  package manager's: com.android.vending
07-03 17:38:38.566   158  1043 I ActivityManager: No longer want com.google.android.googlequicksearchbox (pid 1186): hidden #16
07-03 17:38:39.629  1152  1172 D Volley  : [128] BasicNetwork.logSlowRequests: HTTP response for request=<[ ] https://android.clients.google.com/fdfe/log NORMAL 74> [lifetime=7955], [size=4], [rc=200], [retryCount=0]
07-03 17:38:39.644  1152  1152 D Volley  : [1] Request.finish: 7980 ms: [ ] https://android.clients.google.com/fdfe/log NORMAL 74
07-03 17:38:41.644   631   634 D dalvikvm: GC_CONCURRENT freed 949K, 11% free 10500K/11783K, paused 4ms+5ms
07-03 17:38:46.730  1062  1062 I PhoneLab-: 1341348655524.log is deleted
07-03 17:38:46.730  1062  1062 I PhoneLab-: Response: {"data": "done", "err": ""}
07-03 17:38:46.796  1062  1064 D dalvikvm: GC_CONCURRENT freed 1277K, 17% free 9260K/11079K, paused 2ms+3ms
07-03 17:38:46.839  1062  1062 D dalvikvm: GC_FOR_ALLOC freed 325K, 15% free 9431K/11079K, paused 16ms
07-03 17:38:46.898  1062  1064 D dalvikvm: GC_CONCURRENT freed 294K, 13% free 9648K/11079K, paused 14ms+2ms
07-03 17:38:47.394   458   461 D dalvikvm: GC_CONCURRENT freed 427K, 5% free 10551K/11079K, paused 1ms+4ms
07-03 17:38:47.445   458   458 D dalvikvm: GC_FOR_ALLOC freed 51K, 6% free 10501K/11079K, paused 22ms
07-03 17:38:47.449   458   458 I dalvikvm-heap: Grow heap (frag case) to 10.396MB for 80080-byte allocation
07-03 17:38:47.464   458   458 D dalvikvm: GC_FOR_ALLOC freed 0K, 6% free 10579K/11207K, paused 18ms
07-03 17:38:47.531  1062  1945 D dalvikvm: GC_FOR_ALLOC freed 322K, 13% free 9653K/11079K, paused 101ms
07-03 17:38:47.601  1062  1945 D dalvikvm: GC_FOR_ALLOC freed 301K, 13% free 9653K/11079K, paused 39ms
07-03 17:38:47.617  1062  1945 D dalvikvm: GC_FOR_ALLOC freed 301K, 13% free 9654K/11079K, paused 14ms
07-03 17:38:48.570   458   458 D dalvikvm: GC_FOR_ALLOC freed 85K, 7% free 10502K/11207K, paused 18ms
07-03 17:38:51.671    82   126 D AudioHardware: AudioHardware pcm playback is exiting standby.
07-03 17:38:51.671    82   126 D AudioHardware: openPcmOut_l() mPcmOpenCnt: 0
07-03 17:38:51.777   158   315 D WifiConfigStore: IP config changed SSID = "UB_Secure" linkProperties: LinkAddresses: [] Routes: [] DnsAddresses: [] 
07-03 17:38:51.777   158   315 D WifiConfigStore: proxy changed SSID = "UB_Secure"
07-03 17:38:51.843    76   116 D CommandListener: Clearing all IP addresses on wlan0
07-03 17:38:51.863   158   318 D ConnectivityService: ConnectivityChange for WIFI: DISCONNECTED/SCANNING
07-03 17:38:51.871   158   318 D ConnectivityService: Attempting to switch to mobile
07-03 17:38:51.945   158   318 D ConnectivityService: Attempting to switch to WIMAX
07-03 17:38:51.945   158   318 D ConnectivityService: Attempting to switch to BLUETOOTH_TETHER
07-03 17:38:51.972   158   312 W NetworkStats: dropping UID delta from unknown iface: iface=wlan0 uid=0 set=DEFAULT tag=0x0 rxBytes=0 rxPackets=0 txBytes=384 txPackets=6 operations=0
07-03 17:38:52.062   158   313 D NetworkPolicy: applying policy NetworkPolicy[NetworkTemplate: matchRule=MOBILE_ALL, subscriberId=valid]: cycleDay=3, warningBytes=2147483648, limitBytes=-1, lastSnooze=-1 to ifaces [rmnet0]
07-03 17:38:52.078   158   313 D NetworkPolicy: applying policy NetworkPolicy[NetworkTemplate: matchRule=MOBILE_ALL, subscriberId=valid]: cycleDay=3, warningBytes=2147483648, limitBytes=-1, lastSnooze=-1 to ifaces [rmnet0]
07-03 17:38:52.125   394   394 D dalvikvm: GC_FOR_ALLOC freed 213K, 7% free 9889K/10567K, paused 126ms
07-03 17:38:52.132  1849  1851 D dalvikvm: GC_CONCURRENT freed 421K, 5% free 10130K/10631K, paused 2ms+10ms
07-03 17:38:52.183  1849  1849 W IInputConnectionWrapper: finishComposingText on inactive InputConnection
07-03 17:38:52.191  1849  1849 W IInputConnectionWrapper: finishComposingText on inactive InputConnection
07-03 17:38:52.324  1877  1877 I wpa_supplicant: wlan0: Trying to associate with d0:c2:82:84:8d:51 (SSID='UB_Secure' freq=2462 MHz)
07-03 17:38:53.015   650   650 D OpenGLRenderer: Flushing caches (mode 1)
07-03 17:38:54.781    82   126 D AudioHardware: AudioHardware pcm playback is going to standby.
07-03 17:38:54.781    82   126 D AudioHardware: closePcmOut_l() mPcmOpenCnt: 1
07-03 17:38:54.964   158   321 D Tethering: MasterInitialState.processMessage what=3
07-03 17:38:55.007   158   321 D Tethering: MasterInitialState.processMessage what=3
07-03 17:38:55.046  1132  1151 D PicasaSyncManager: active network: NetworkInfo: type: mobile[CDMA - 1xRTT], state: CONNECTED/CONNECTED, reason: (unspecified), extra: , roaming: true, failover: false, isAvailable: true
07-03 17:38:55.050  1132  1151 D PicasaSyncManager: background data: true
07-03 17:38:55.086  1622  1622 I MediaUploader: No need to wake up
07-03 17:38:55.089  1062  1062 I PhoneLab-WiFiReceiver: Wi-Fi is disconnected!
07-03 17:38:55.121  1132  1151 D PicasaSyncManager: active network: NetworkInfo: type: mobile[CDMA - 1xRTT], state: CONNECTED/CONNECTED, reason: (unspecified), extra: , roaming: true, failover: false, isAvailable: true
07-03 17:38:55.132  1132  1151 D PicasaSyncManager: background data: true
07-03 17:38:55.160   631   634 D dalvikvm: GC_CONCURRENT freed 384K, 11% free 10516K/11783K, paused 2ms+4ms
07-03 17:38:55.183  1622  1622 I MediaUploader: No need to wake up
07-03 17:38:55.531   158   318 D ConnectivityService: handleInetConditionHoldEnd: net=0, condition=100, published condition=100
07-03 17:38:56.863   650   650 D OpenGLRenderer: Flushing caches (mode 1)
07-03 17:38:56.957  1409  1424 I CalendarProvider2: No events to update: uri=content://com.android.calendar/events?account_name=dearvnu%40gmail.com&account_type=com.google&caller_is_syncadapter=true selection=_sync_id IS NOT NULL AND calendar_id=1 selectionArgs=null
07-03 17:38:58.968   650   650 D OpenGLRenderer: Flushing caches (mode 1)
07-03 17:38:59.597   650   650 D OpenGLRenderer: Flushing caches (mode 1)
07-03 17:38:59.644  1409  1421 I CalendarProvider2: No events to update: uri=content://com.android.calendar/events?account_name=dearvnu%40gmail.com&account_type=com.google&caller_is_syncadapter=true selection=_sync_id IS NOT NULL AND calendar_id=2 selectionArgs=null
07-03 17:39:02.328  1771  1773 D dalvikvm: GC_CONCURRENT freed 273K, 5% free 9340K/9735K, paused 5ms+3ms
07-03 17:39:02.421  1877  1877 I wpa_supplicant: wlan0: Authentication with d0:c2:82:84:8d:51 timed out.
07-03 17:39:02.578  1409  1411 D dalvikvm: GC_CONCURRENT freed 268K, 4% free 9346K/9735K, paused 3ms+3ms
07-03 17:39:02.711   158   565 D dalvikvm: GC_EXPLICIT freed 2167K, 17% free 12455K/14983K, paused 3ms+5ms
07-03 17:39:02.910  1409  1411 D dalvikvm: GC_CONCURRENT freed 353K, 5% free 9441K/9927K, paused 1ms+3ms
07-03 17:39:02.937  1409  1787 D dalvikvm: GC_EXPLICIT freed 66K, 6% free 9379K/9927K, paused 2ms+2ms
07-03 17:39:03.050  1771  1773 D dalvikvm: GC_CONCURRENT freed 442K, 6% free 9290K/9863K, paused 2ms+3ms
07-03 17:39:03.285  1409  1411 D dalvikvm: GC_CONCURRENT freed 395K, 6% free 9397K/9927K, paused 2ms+2ms
07-03 17:39:03.707   631   649 D dalvikvm: GC_EXPLICIT freed 247K, 12% free 10445K/11783K, paused 2ms+4ms
07-03 17:39:03.730   650   650 D OpenGLRenderer: Flushing caches (mode 1)
07-03 17:39:03.777  1409  1420 I CalendarProvider2: No events to update: uri=content://com.android.calendar/events?account_name=dearvnu%40gmail.com&account_type=com.google&caller_is_syncadapter=true selection=_sync_id IS NOT NULL AND calendar_id=4 selectionArgs=null
07-03 17:39:04.039  1877  1877 I wpa_supplicant: wlan0: Trying to associate with 64:a0:e7:5d:18:31 (SSID='UB_Secure' freq=2412 MHz)
07-03 17:39:04.199  1877  1877 I wpa_supplicant: wlan0: Associated with 64:a0:e7:5d:18:31
07-03 17:39:04.199  1877  1877 I wpa_supplicant: wlan0: CTRL-EVENT-EAP-STARTED EAP authentication started
07-03 17:39:04.203  1877  1877 I wpa_supplicant: wlan0: CTRL-EVENT-EAP-PROPOSED-METHOD vendor=0 method=4 -> NAK
07-03 17:39:04.207  1877  1877 I wpa_supplicant: wlan0: CTRL-EVENT-EAP-PROPOSED-METHOD vendor=0 method=25
07-03 17:39:04.214  1877  1877 I wpa_supplicant: wlan0: CTRL-EVENT-EAP-METHOD EAP vendor 0 method 25 (PEAP) selected
07-03 17:39:04.300  1877  1877 I wpa_supplicant: wlan0: CTRL-EVENT-EAP-PEER-CERT depth=2 subject='/C=US/O=Entrust.net/OU=www.entrust.net/CPS incorp. by ref. (limits liab.)/OU=(c) 1999 Entrust.net Limited/CN=Entrust.net Secure Server Certification Authority'
07-03 17:39:04.300  1877  1877 I wpa_supplicant: wlan0: CTRL-EVENT-EAP-PEER-CERT depth=2 subject='/C=US/O=Entrust.net/OU=www.entrust.net/CPS incorp. by ref. (limits liab.)/OU=(c) 1999 Entrust.net Limited/CN=Entrust.net Secure Server Certification Authority'
07-03 17:39:04.300  1877  1877 I wpa_supplicant: wlan0: CTRL-EVENT-EAP-PEER-CERT depth=1 subject='/C=US/ST=UT/L=Salt Lake City/O=The USERTRUST Network/CN=USERTrust Legacy Secure Server CA'
07-03 17:39:04.304  1877  1877 I wpa_supplicant: wlan0: CTRL-EVENT-EAP-PEER-CERT depth=0 subject='/C=US/postalCode=14260/ST=New York/L=Buffalo/street=305 Computing Center/O=SUNY AT BUFFALO/OU=Office of the President/OU=Issued through UNIVERSITY AT BUFFALO E-PKI Manager/OU=PremiumSSL Legacy/CN=ubsecure.acsu.buffalo.edu'
07-03 17:39:04.425  1849  1851 D dalvikvm: GC_CONCURRENT freed 456K, 6% free 10137K/10695K, paused 1ms+6ms
07-03 17:39:04.457  1877  1877 I wpa_supplicant: EAP-MSCHAPV2: Authentication succeeded
07-03 17:39:04.461  1877  1877 I wpa_supplicant: EAP-TLV: TLV Result - Success - EAP-TLV/Phase2 Completed
07-03 17:39:04.464  1877  1877 I wpa_supplicant: wlan0: CTRL-EVENT-EAP-SUCCESS EAP authentication completed successfully
07-03 17:39:04.492    76   113 D NetlinkEvent: Unexpected netlink message. type=0xf
07-03 17:39:04.496  1877  1877 I wpa_supplicant: wlan0: WPA: Key negotiation completed with 64:a0:e7:5d:18:31 [PTK=CCMP GTK=TKIP]
07-03 17:39:04.496  1877  1877 I wpa_supplicant: wlan0: CTRL-EVENT-CONNECTED - Connection to 64:a0:e7:5d:18:31 completed (auth) [id=0 id_str=]
07-03 17:39:04.691  1409  1411 D dalvikvm: GC_CONCURRENT freed 548K, 7% free 9245K/9927K, paused 1ms+3ms
07-03 17:39:06.105   158  1041 D dalvikvm: GC_EXPLICIT freed 257K, 18% free 12423K/14983K, paused 3ms+5ms
07-03 17:39:06.343  1771  1773 D dalvikvm: GC_CONCURRENT freed 501K, 7% free 9229K/9863K, paused 3ms+5ms
07-03 17:39:06.457   650   670 D dalvikvm: GC_EXPLICIT freed 197K, 8% free 9627K/10439K, paused 2ms+3ms
07-03 17:39:06.468   650   650 D OpenGLRenderer: Flushing caches (mode 1)
07-03 17:39:07.144  1152  1171 D Volley  : [127] BasicNetwork.logSlowRequests: HTTP response for request=<[ ] https://android.clients.google.com/fdfe/log NORMAL 75> [lifetime=14203], [size=4], [rc=200], [retryCount=1]
07-03 17:39:07.148  1152  1152 D Volley  : [1] Request.finish: 14218 ms: [ ] https://android.clients.google.com/fdfe/log NORMAL 75
07-03 17:39:08.496  1062  1062 I PhoneLab-: 1341349823071.log is deleted
07-03 17:39:08.496  1062  1062 I PhoneLab-: Response: {"data": "done", "err": ""}
07-03 17:39:08.558  1062  1064 D dalvikvm: GC_CONCURRENT freed 943K, 17% free 9223K/11079K, paused 2ms+3ms
07-03 17:39:08.621  1062  1064 D dalvikvm: GC_CONCURRENT freed 358K, 17% free 9305K/11079K, paused 1ms+2ms
07-03 17:39:08.636  1062  1062 D dalvikvm: GC_FOR_ALLOC freed 120K, 15% free 9433K/11079K, paused 13ms
07-03 17:39:08.664  1062  1064 D dalvikvm: GC_CONCURRENT freed 298K, 13% free 9646K/11079K, paused 2ms+2ms
07-03 17:39:09.238  1771  1782 D dalvikvm: GC_EXPLICIT freed 136K, 7% free 9213K/9863K, paused 3ms+3ms
07-03 17:39:09.269  1062  1974 D dalvikvm: GC_FOR_ALLOC freed 317K, 13% free 9655K/11079K, paused 16ms
07-03 17:39:09.289  1062  1974 D dalvikvm: GC_FOR_ALLOC freed 301K, 13% free 9655K/11079K, paused 17ms
07-03 17:39:09.308  1062  1974 D dalvikvm: GC_FOR_ALLOC freed 301K, 13% free 9656K/11079K, paused 18ms
07-03 17:39:09.336   650   650 D OpenGLRenderer: Flushing caches (mode 1)
07-03 17:39:10.093   158   318 D ConnectivityService: ConnectivityChange for WIFI: CONNECTED/CONNECTED
07-03 17:39:10.093   158   318 D ConnectivityService: Policy requires mobile teardown
07-03 17:39:10.117  1062  1062 I PhoneLab-WiFiReceiver: Wi-Fi is connected!
07-03 17:39:10.156  1062  1062 I PhoneLab-WiFiReceiver: SSID: UB_Secure BSSID: 64:a0:e7:5d:18:31 RSSI: -85 LinkSpeed: 39
07-03 17:39:10.156  1062  1062 I PhoneLab-Locks: wake lock acquired
07-03 17:39:10.160   158   312 W NetworkStats: dropping UID delta from unknown iface: iface=wlan0 uid=0 set=DEFAULT tag=0x0 rxBytes=100 rxPackets=2 txBytes=252 txPackets=4 operations=0
07-03 17:39:10.168   158   318 D ConnectivityService: ConnectivityChange for mobile: DISCONNECTED/DISCONNECTED
07-03 17:39:10.168   158   318 D ConnectivityService: Attempting to switch to WIFI
07-03 17:39:10.168   158   318 D ConnectivityService: Attempting to switch to WIMAX
07-03 17:39:10.168   158   318 D ConnectivityService: Attempting to switch to BLUETOOTH_TETHER
07-03 17:39:10.168   158   318 D ConnectivityService: resetConnections(rmnet0, 3)
07-03 17:39:10.171   158   318 D NetUtils: android_net_utils_resetConnections in env=0x1484410 clazz=0x72300001 iface=rmnet0 mask=0x3
07-03 17:39:10.187  1062  1062 I PhoneLab-UploadLogs: OnStartCommand
07-03 17:39:10.293   158   312 W NetworkStats: dropping UID delta from unknown iface: iface=rmnet0 uid=0 set=DEFAULT tag=0x0 rxBytes=64 rxPackets=1 txBytes=0 txPackets=0 operations=0
07-03 17:39:10.293   158   312 W NetworkStats: dropping UID delta from unknown iface: iface=rmnet0 uid=10036 set=DEFAULT tag=0x0 rxBytes=64 rxPackets=1 txBytes=0 txPackets=0 operations=0
07-03 17:39:10.382   394   394 D dalvikvm: GC_FOR_ALLOC freed 423K, 9% free 9674K/10567K, paused 58ms
07-03 17:39:10.433   631  1404 W Smack/Packet: notify conn break (IOEx), close connection
07-03 17:39:10.437  1771  1976 W GDataClient: Unable to execute HTTP request.javax.net.ssl.SSLException: Read error: ssl=0x147f548: I/O error during system call, Connection timed out
07-03 17:39:10.480   394   396 D dalvikvm: GC_CONCURRENT freed 377K, 8% free 9773K/10567K, paused 2ms+2ms
07-03 17:39:10.504  1771  1976 D CalendarSyncAdapter: IO error, ignoring rest of feed
07-03 17:39:10.504  1771  1976 D CalendarSyncAdapter: javax.net.ssl.SSLException: Read error: ssl=0x147f548: I/O error during system call, Connection timed out
07-03 17:39:10.504  1771  1976 D CalendarSyncAdapter: 	at org.apache.harmony.xnet.provider.jsse.NativeCrypto.SSL_read(Native Method)
07-03 17:39:10.504  1771  1976 D CalendarSyncAdapter: 	at org.apache.harmony.xnet.provider.jsse.OpenSSLSocketImpl$SSLInputStream.read(OpenSSLSocketImpl.java:671)
07-03 17:39:10.504  1771  1976 D CalendarSyncAdapter: 	at org.apache.http.impl.io.AbstractSessionInputBuffer.fillBuffer(AbstractSessionInputBuffer.java:103)
07-03 17:39:10.504  1771  1976 D CalendarSyncAdapter: 	at org.apache.http.impl.io.AbstractSessionInputBuffer.readLine(AbstractSessionInputBuffer.java:191)
07-03 17:39:10.504  1771  1976 D CalendarSyncAdapter: 	at org.apache.http.impl.conn.DefaultResponseParser.parseHead(DefaultResponseParser.java:82)
07-03 17:39:10.504  1771  1976 D CalendarSyncAdapter: 	at org.apache.http.impl.io.AbstractMessageParser.parse(AbstractMessageParser.java:174)
07-03 17:39:10.504  1771  1976 D CalendarSyncAdapter: 	at org.apache.http.impl.AbstractHttpClientConnection.receiveResponseHeader(AbstractHttpClientConnection.java:180)
07-03 17:39:10.504  1771  1976 D CalendarSyncAdapter: 	at org.apache.http.impl.conn.DefaultClientConnection.receiveResponseHeader(DefaultClientConnection.java:235)
07-03 17:39:10.504  1771  1976 D CalendarSyncAdapter: 	at org.apache.http.impl.conn.AbstractClientConnAdapter.receiveResponseHeader(AbstractClientConnAdapter.java:259)
07-03 17:39:10.504  1771  1976 D CalendarSyncAdapter: 	at org.apache.http.protocol.HttpRequestExecutor.doReceiveResponse(HttpRequestExecutor.java:279)
07-03 17:39:10.504  1771  1976 D CalendarSyncAdapter: 	at org.apache.http.protocol.HttpRequestExecutor.execute(HttpRequestExecutor.java:121)
07-03 17:39:10.504  1771  1976 D CalendarSyncAdapter: 	at org.apache.http.impl.client.DefaultRequestDirector.execute(DefaultRequestDirector.java:428)
07-03 17:39:10.504  1771  1976 D CalendarSyncAdapter: 	at org.apache.http.impl.client.AbstractHttpClient.execute(AbstractHttpClient.java:555)
07-03 17:39:10.504  1771  1976 D CalendarSyncAdapter: 	at org.apache.http.impl.client.AbstractHttpClient.execute(AbstractHttpClient.java:487)
07-03 17:39:10.504  1771  1976 D CalendarSyncAdapter: 	at android.net.http.AndroidHttpClient.execute(AndroidHttpClient.java:257)
07-03 17:39:10.504  1771  1976 D CalendarSyncAdapter: 	at com.google.android.common.http.GoogleHttpClient.executeWithoutRewriting(GoogleHttpClient.java:202)
07-03 17:39:10.504  1771  1976 D CalendarSyncAdapter: 	at com.google.android.common.http.GoogleHttpClient.execute(GoogleHttpClient.java:259)
07-03 17:39:10.504  1771  1976 D CalendarSyncAdapter: 	at com.google.android.common.http.GoogleHttpClient.execute(GoogleHttpClient.java:312)
07-03 17:39:10.504  1771  1976 D CalendarSyncAdapter: 	at com.google.android.common.gdata2.AndroidGDataClient.createAndExecuteMethod(AndroidGDataClient.java:281)
07-03 17:39:10.504  1771  1976 D CalendarSyncAdapter: 	at com.google.android.syncadapters.HttpsOnlyAndroidGDataClient.createAndExecuteMethod(HttpsOnlyAndroidGDataClient.java:32)
07-03 17:39:10.504  1771  1976 D CalendarSyncAdapter: 	at com.google.android.common.gdata2.AndroidGDataClient.getFeedAsStream(AndroidGDataClient.java:415)
07-03 17:39:10.504  1771  1976 D CalendarSyncAdapter: 	at com.google.wireless.gdata2.client.GDataServiceClient.getParserForFeed(GDataServiceClient.java:108)
07-03 17:39:10.504  1771  1976 D CalendarSyncAdapter: 	at com.google.android.syncadapters.GDataFeedFetcher.fetchFeed(GDataFeedFetcher.java:184)
07-03 17:39:10.504  1771  1976 D CalendarSyncAdapter: 	at com.google.android.syncadapters.GDataFeedFetcher.run(GDataFeedFetcher.java:98)
07-03 17:39:10.504  1771  1976 D CalendarSyncAdapter: 	at com.google.android.syncadapters.calendar.CalendarSyncAdapter$CalendarGDataFeedFetcher.run(CalendarSyncAdapter.java:2738)
07-03 17:39:10.504  1771  1976 D CalendarSyncAdapter: 	at java.lang.Thread.run(Thread.java:856)
07-03 17:39:10.507  1771  1975 D CalendarSyncAdapter: getServerDiffs failed
07-03 17:39:10.507  1771  1975 D CalendarSyncAdapter: java.io.IOException: Connection failed during feed read of https://www.google.com/calendar/feeds/%23contacts%40group.v.calendar.google.com/private/full
07-03 17:39:10.507  1771  1975 D CalendarSyncAdapter: 	at com.google.android.syncadapters.calendar.CalendarSyncAdapter.getServerDiffsImpl(CalendarSyncAdapter.java:2264)
07-03 17:39:10.507  1771  1975 D CalendarSyncAdapter: 	at com.google.android.syncadapters.calendar.CalendarSyncAdapter.getServerDiffsForFeed(CalendarSyncAdapter.java:1954)
07-03 17:39:10.507  1771  1975 D CalendarSyncAdapter: 	at com.google.android.syncadapters.calendar.CalendarSyncAdapter.getServerDiffsOrig(CalendarSyncAdapter.java:945)
07-03 17:39:10.507  1771  1975 D CalendarSyncAdapter: 	at com.google.android.syncadapters.calendar.CalendarSyncAdapter.innerPerformSync(CalendarSyncAdapter.java:417)
07-03 17:39:10.507  1771  1975 D CalendarSyncAdapter: 	at com.google.android.syncadapters.calendar.CalendarSyncAdapter.onPerformLoggedSync(CalendarSyncAdapter.java:302)
07-03 17:39:10.507  1771  1975 D CalendarSyncAdapter: 	at com.google.android.common.LoggingThreadedSyncAdapter.onPerformSync(LoggingThreadedSyncAdapter.java:33)
07-03 17:39:10.507  1771  1975 D CalendarSyncAdapter: 	at android.content.AbstractThreadedSyncAdapter$SyncThread.run(AbstractThreadedSyncAdapter.java:247)
07-03 17:39:10.507  1771  1975 D CalendarSyncAdapter: FAILURE: processed 0 records in 1164 ms from feed https://www.google.com/calendar/feeds/%23contacts%40group.v.calendar.google.com/private/full, updated time is 2012-07-03T19:22:51.000Z
07-03 17:39:10.523   158   200 D SyncManager: failed sync operation dearvnu@gmail.com (com.google), com.android.calendar, SERVER, earliestRunTime 1789993, SyncResult: stats [ numIoExceptions: 2]
07-03 17:39:10.589   631  1404 I qtaguid : Failed write_ctrl(u 91) res=-1 errno=22
07-03 17:39:10.589   631  1404 I qtaguid : Untagging socket 91 failed errno=-22
07-03 17:39:10.589   631  1404 W NetworkManagementSocketTagger: untagSocket(91) failed with errno -22
07-03 17:39:10.589   158   318 D ConnectivityService: handleInetConditionChange: net=0 != default=1 - ignore
07-03 17:39:10.839   650   650 D OpenGLRenderer: Flushing caches (mode 1)
07-03 17:39:10.879   583   585 D dalvikvm: GC_CONCURRENT freed 345K, 13% free 9791K/11143K, paused 2ms+2ms
07-03 17:39:11.504  1849  1851 D dalvikvm: GC_CONCURRENT freed 495K, 6% free 10119K/10695K, paused 2ms+4ms
07-03 17:39:12.449   476   479 D dalvikvm: GC_CONCURRENT freed 471K, 6% free 9533K/10119K, paused 2ms+4ms
07-03 17:39:13.179   158   321 D Tethering: MasterInitialState.processMessage what=3
07-03 17:39:13.222   158  1041 D AlarmManagerService: Kernel timezone updated to 240 minutes west of GMT
07-03 17:39:13.234   476   476 D SystemClock: Setting time of day to sec=1341351553
07-03 17:39:13.144   158   321 D Tethering: MasterInitialState.processMessage what=3
07-03 17:39:13.148   158   321 D Tethering: MasterInitialState.processMessage what=3
07-03 17:39:13.187   631   631 I GTalkService/c: [AndroidEndpoint@1093849664] connect: acct=1000000, state=CONNECTING
07-03 17:39:13.191   631   631 I GTalkService/c: [GTalkConnection@1095134744] connect: acct=1, state=CONNECTING
07-03 17:39:13.222   158   160 D dalvikvm: GC_CONCURRENT freed 737K, 17% free 12487K/14983K, paused 4ms+5ms
07-03 17:39:13.242  1132  1151 D PicasaSyncManager: active network: NetworkInfo: type: WIFI[], state: CONNECTED/CONNECTED, reason: (unspecified), extra: (none), roaming: false, failover: false, isAvailable: true
07-03 17:39:13.257  1622  1622 I MediaUploader: No need to wake up
07-03 17:39:13.281  1132  1151 D PicasaSyncManager: background data: true
07-03 17:39:13.312  1622  1622 I MediaUploader: No need to wake up
07-03 17:39:13.359  1622  1622 I MediaUploader: No need to wake up
07-03 17:39:13.375   158   565 I ActivityManager: Start proc com.android.deskclock for broadcast com.android.deskclock/.AlarmInitReceiver: pid=2001 uid=10011 gids={}
07-03 17:39:13.425  2001  2001 I ActivityThread: Pub com.android.deskclock: com.android.deskclock.AlarmProvider
07-03 17:39:13.507  2001  2014 V AlarmClock: AlarmInitReceiver finished
07-03 17:39:13.519  1132  1151 V PicasaContentProvider: querySettings: defaults: {sync_on_wifi_only=1, auto_upload_account_type=null, sync_on_battery=1, sync_picasa_on_wifi_only=1, auto_upload_enabled=0, video_upload_wifi_only=1, sync_on_roaming=0, auto_upload_account_name=null}
07-03 17:39:13.527  1132  1151 D PicasaSyncManager: request sync for MetadataSyncTask (dearvnu@gmail.com)
07-03 17:39:13.539  1132  1151 D PicasaSyncManager: active network: NetworkInfo: type: WIFI[], state: CONNECTED/CONNECTED, reason: (unspecified), extra: (none), roaming: false, failover: false, isAvailable: true
07-03 17:39:13.542  1132  1151 D PicasaSyncManager: background data: true
07-03 17:39:13.636  1132  2019 D PicasaSyncService: start to perform sync on dearvnu@gmail.com
07-03 17:39:13.640   538  2017 I DownloadManager: Initiating request for download 1
07-03 17:39:13.656  1132  1151 V PicasaContentProvider: querySettings: defaults: {sync_on_wifi_only=1, auto_upload_account_type=null, sync_on_battery=1, sync_picasa_on_wifi_only=1, auto_upload_enabled=0, video_upload_wifi_only=1, sync_on_roaming=0, auto_upload_account_name=null}
07-03 17:39:13.656  1132  2019 D PicasaSyncManager: perform sync task: MetadataSyncTask (dearvnu@gmail.com)
07-03 17:39:13.718   631   634 D dalvikvm: GC_CONCURRENT freed 391K, 12% free 10456K/11783K, paused 1ms+3ms
07-03 17:39:13.960   158   175 I ActivityManager: Start proc com.google.android.inputmethod.latin.dictionarypack for broadcast com.google.android.inputmethod.latin.dictionarypack/.UpdateHandler: pid=2030 uid=10024 gids={3003, 1015}
07-03 17:39:13.988    80    80 D dalvikvm: GC_EXPLICIT freed 37K, 4% free 9031K/9347K, paused 1ms+2ms
07-03 17:39:14.046  2030  2030 I ActivityThread: Pub com.android.inputmethod.latin.dictionarypack: com.google.android.inputmethod.latin.dictionarypack.DictionaryProvider
07-03 17:39:14.050    80    80 D dalvikvm: GC_EXPLICIT freed <1K, 4% free 9031K/9347K, paused 2ms+5ms
07-03 17:39:14.078    80    80 D dalvikvm: GC_EXPLICIT freed <1K, 4% free 9031K/9347K, paused 3ms+2ms
07-03 17:39:14.734   650   650 D OpenGLRenderer: Flushing caches (mode 1)
07-03 17:39:14.773  1062  1974 D dalvikvm: GC_FOR_ALLOC freed 355K, 13% free 9670K/11079K, paused 37ms
07-03 17:39:14.804   650   650 D OpenGLRenderer: Flushing caches (mode 1)
07-03 17:39:14.878   158   565 D dalvikvm: GC_EXPLICIT freed 419K, 17% free 12441K/14983K, paused 3ms+5ms
07-03 17:39:14.882  1062  1974 D dalvikvm: GC_FOR_ALLOC freed 300K, 13% free 9669K/11079K, paused 106ms
07-03 17:39:14.898  1132  2019 D PicasaAPI: getAlbums for dearvnu@gmail.com, etag = null
07-03 17:39:14.902  1062  1974 D dalvikvm: GC_FOR_ALLOC freed 301K, 13% free 9670K/11079K, paused 15ms
07-03 17:39:14.917  1062  1974 D dalvikvm: GC_FOR_ALLOC freed 302K, 13% free 9669K/11079K, paused 14ms
07-03 17:39:15.097   158   318 D ConnectivityService: handleInetConditionHoldEnd: net=1, condition=100, published condition=0
07-03 17:39:15.550  2030  2033 D dalvikvm: GC_CONCURRENT freed 357K, 5% free 9134K/9607K, paused 5ms+3ms
07-03 17:39:15.570  1062  1062 I PhoneLab-: 1341351145055.log is deleted
07-03 17:39:15.570  1062  1062 I PhoneLab-: Response: {"data": "done", "err": ""}
07-03 17:39:15.636  1062  1064 D dalvikvm: GC_CONCURRENT freed 969K, 17% free 9212K/11079K, paused 10ms+2ms
07-03 17:39:15.710  1062  1064 D dalvikvm: GC_CONCURRENT freed 318K, 16% free 9317K/11079K, paused 2ms+2ms
07-03 17:39:15.730  1062  1062 D dalvikvm: GC_FOR_ALLOC freed 120K, 15% free 9445K/11079K, paused 18ms
07-03 17:39:15.777  1062  1064 D dalvikvm: GC_CONCURRENT freed 298K, 13% free 9659K/11079K, paused 2ms+3ms
07-03 17:39:15.816  1062  2056 D dalvikvm: GC_FOR_ALLOC freed 317K, 13% free 9668K/11079K, paused 23ms
07-03 17:39:15.843  1062  2056 D dalvikvm: GC_FOR_ALLOC freed 301K, 13% free 9668K/11079K, paused 23ms
07-03 17:39:15.871  1062  2056 D dalvikvm: GC_FOR_ALLOC freed 301K, 13% free 9669K/11079K, paused 24ms
07-03 17:39:15.875   538  2057 I DownloadManager: Initiating request for download 3
07-03 17:39:16.082  1132  1134 D dalvikvm: GC_CONCURRENT freed 320K, 6% free 9360K/9927K, paused 58ms+5ms
07-03 17:39:16.085   538   542 D dalvikvm: GC_CONCURRENT freed 430K, 6% free 9502K/10055K, paused 5ms+6ms
07-03 17:39:17.472  1132  2019 V PicasaAPI:    etag: --> W/"CE4ERHg8eCp7ImA9WhVbEk4.",entryCount=4
07-03 17:39:17.476  1132  2019 V PicasaAPI:    done
07-03 17:39:17.476  1132  2019 D MetricsUtils: [PicasaApi.getAlbums in:2752 out:582 time:2579]
07-03 17:39:17.515  1132  2019 D MetricsUtils: [PicasaSyncHelper.syncAlbums dearvnu@gmail.com time:2705]
07-03 17:39:17.535  1132  2019 D PicasaAPI: getAlbumPhotos for 105694252328316688691 / 5604189874113186753, etag: null
07-03 17:39:18.953   476   476 D SAN_SERVICE: *******************************************
07-03 17:39:18.953   476   476 D SAN_SERVICE: DM App Phone Service State - 0
07-03 17:39:18.953   476   476 D SAN_SERVICE: *******************************************
07-03 17:39:19.011   158   507 D AlarmManagerService: Kernel timezone updated to 240 minutes west of GMT
07-03 17:39:19.621   476   476 D SAN_SERVICE: *******************************************
07-03 17:39:19.621   476   476 D SAN_SERVICE: DM App Phone Service State - 0
07-03 17:39:19.621   476   476 D SAN_SERVICE: *******************************************
07-03 17:39:20.511  1132  2019 V PicasaAPI:    etag: --> W/"DUYMRno9fSp7ImA9WhZXGE8.",entryCount=2
07-03 17:39:20.515  1132  2019 D PicasaAPI:    done
07-03 17:39:20.515  1132  2019 D MetricsUtils: [PicasaApi.getAlbumPhotos in:2646 out:711 time:2983]
07-03 17:39:20.519  1062  1062 I PhoneLab-: 1338582087218.log is deleted
07-03 17:39:20.519  1062  1062 I PhoneLab-: Response: {"data": "done", "err": ""}
07-03 17:39:20.582   158  1042 I ActivityManager: No longer want com.android.quicksearchbox (pid 1202): hidden #16
07-03 17:39:20.652  1062  1064 D dalvikvm: GC_CONCURRENT freed 958K, 17% free 9223K/11079K, paused 2ms+3ms
07-03 17:39:20.660   458  2068 E BinaryDictionaryFileDumper: Could not copy a word list. Will not be able to use it.
07-03 17:39:20.695   458   461 D dalvikvm: GC_CONCURRENT freed 352K, 6% free 10561K/11207K, paused 2ms+3ms
07-03 17:39:20.738  1132  2019 D MetricsUtils: [PicasaSyncHelper.syncPhotos 5604189874113186753 time:3215]
07-03 17:39:20.742  1132  2019 D PicasaAPI: getAlbumPhotos for 105694252328316688691 / 5628925093731390497, etag: null
07-03 17:39:20.765  1062  1064 D dalvikvm: GC_CONCURRENT freed 327K, 16% free 9318K/11079K, paused 2ms+2ms
07-03 17:39:20.785  1062  1062 D dalvikvm: GC_FOR_ALLOC freed 120K, 15% free 9446K/11079K, paused 14ms
07-03 17:39:20.812  1062  1064 D dalvikvm: GC_CONCURRENT freed 298K, 13% free 9659K/11079K, paused 1ms+3ms
07-03 17:39:20.996  1062  2075 D dalvikvm: GC_FOR_ALLOC freed 317K, 13% free 9669K/11079K, paused 59ms
07-03 17:39:21.023  1062  2075 D dalvikvm: GC_FOR_ALLOC freed 301K, 13% free 9669K/11079K, paused 29ms
07-03 17:39:21.039  1062  2075 D dalvikvm: GC_FOR_ALLOC freed 301K, 13% free 9670K/11079K, paused 14ms
07-03 17:39:21.097   631   634 D dalvikvm: GC_CONCURRENT freed 374K, 12% free 10470K/11783K, paused 2ms+3ms
07-03 17:39:22.335   158   213 I InputReader: Reconfiguring input devices.  changes=0x00000004
07-03 17:39:22.335   158   213 I InputReader: Device reconfigured: id=7, name='mxt224_ts_input', surface size is now 480x800, mode is 1
07-03 17:39:22.367   158   174 I ActivityManager: Config changed: {1.0 310mcc120mnc en_US layoutdir=0 sw320dp w533dp h294dp nrml long land finger -keyb/v/h -nav/h s.10}
07-03 17:39:22.578  1849  1849 D OpenGLRenderer: Flushing caches (mode 0)
07-03 17:39:23.738  1062  1062 I PhoneLab-: 1338611289269.log is deleted
07-03 17:39:23.769  1062  1062 I PhoneLab-: Response: {"data": "done", "err": ""}
07-03 17:39:23.828  1062  1064 D dalvikvm: GC_CONCURRENT freed 918K, 17% free 9202K/11079K, paused 2ms+2ms
07-03 17:39:24.082  1062  1064 D dalvikvm: GC_CONCURRENT freed 368K, 16% free 9319K/11079K, paused 2ms+5ms
07-03 17:39:24.179  1849  1851 D dalvikvm: GC_CONCURRENT freed 358K, 5% free 10261K/10695K, paused 2ms+9ms
07-03 17:39:24.222  1062  1062 D dalvikvm: GC_FOR_ALLOC freed 120K, 15% free 9447K/11079K, paused 90ms
07-03 17:39:24.253  1132  2019 V PicasaAPI:    etag: --> W/"CE4ERXo8eyp7ImA9WhVbEk4.",entryCount=4
07-03 17:39:24.265  1132  2019 D PicasaAPI:    done
07-03 17:39:24.269  1132  2019 D MetricsUtils: [PicasaApi.getAlbumPhotos in:3698 out:711 time:3528]
07-03 17:39:24.273  1062  1064 D dalvikvm: GC_CONCURRENT freed 294K, 13% free 9664K/11079K, paused 2ms+4ms
07-03 17:39:24.324  1132  2019 D MetricsUtils: [PicasaSyncHelper.syncPhotos 5628925093731390497 time:3585]
07-03 17:39:24.324  1062  2077 D dalvikvm: GC_FOR_ALLOC freed 321K, 13% free 9670K/11079K, paused 21ms
07-03 17:39:24.347  1062  2077 D dalvikvm: GC_FOR_ALLOC freed 301K, 13% free 9670K/11079K, paused 23ms
07-03 17:39:24.375  1132  1134 D dalvikvm: GC_CONCURRENT freed 429K, 6% free 9367K/9927K, paused 2ms+6ms
07-03 17:39:24.375  1132  2019 D PicasaAPI: getAlbumPhotos for 105694252328316688691 / 5629338336179961873, etag: null
07-03 17:39:24.378  1062  2077 D dalvikvm: GC_FOR_ALLOC freed 301K, 13% free 9671K/11079K, paused 25ms
07-03 17:39:24.730  1132  2019 V PicasaAPI:    etag: --> W/"DU4FQHs7cSp7ImA9WhVXF0g.",entryCount=0
07-03 17:39:24.730  1132  2019 D PicasaAPI:    done
07-03 17:39:24.730  1132  2019 D MetricsUtils: [PicasaApi.getAlbumPhotos in:1622 out:711 time:356]
07-03 17:39:24.753  1132  2019 D MetricsUtils: [PicasaSyncHelper.syncPhotos 5629338336179961873 time:410]
07-03 17:39:24.753  1132  2019 D PicasaAPI: getAlbumPhotos for 105694252328316688691 / 5667151967339156145, etag: null
07-03 17:39:24.953  1062  1062 I PhoneLab-: 1338639816221.log is deleted
07-03 17:39:24.953  1062  1062 I PhoneLab-: Response: {"data": "done", "err": ""}
07-03 17:39:24.996  1062  1064 D dalvikvm: GC_CONCURRENT freed 967K, 17% free 9215K/11079K, paused 2ms+3ms
07-03 17:39:25.050  1062  1064 D dalvikvm: GC_CONCURRENT freed 317K, 16% free 9320K/11079K, paused 2ms+2ms
07-03 17:39:25.070  1062  1062 D dalvikvm: GC_FOR_ALLOC freed 120K, 15% free 9448K/11079K, paused 15ms
07-03 17:39:25.078  1132  2019 V PicasaAPI:    etag: --> W/"DEEAQXo_eSp7ImA9WhdaFEU.",entryCount=0
07-03 17:39:25.078  1132  2019 D PicasaAPI:    done
07-03 17:39:25.078  1132  2019 D MetricsUtils: [PicasaApi.getAlbumPhotos in:1647 out:711 time:326]
07-03 17:39:25.113  1062  1064 D dalvikvm: GC_CONCURRENT freed 298K, 13% free 9661K/11079K, paused 2ms+3ms
07-03 17:39:25.113  1132  2019 D MetricsUtils: [PicasaSyncHelper.syncPhotos 5667151967339156145 time:361]
07-03 17:39:25.144  1062  2079 D dalvikvm: GC_FOR_ALLOC freed 317K, 13% free 9671K/11079K, paused 16ms
07-03 17:39:25.160  1062  2079 D dalvikvm: GC_FOR_ALLOC freed 301K, 13% free 9671K/11079K, paused 15ms
07-03 17:39:25.179  1062  2079 D dalvikvm: GC_FOR_ALLOC freed 301K, 13% free 9672K/11079K, paused 16ms
07-03 17:39:25.187  1132  2019 D PicasaSyncManager: sync complete: SyncResult: stats [ numUpdates: 10]
07-03 17:39:25.281  1132  1151 V PicasaContentProvider: querySettings: defaults: {sync_on_wifi_only=1, auto_upload_account_type=null, sync_on_battery=1, sync_picasa_on_wifi_only=1, auto_upload_enabled=0, video_upload_wifi_only=1, sync_on_roaming=0, auto_upload_account_name=null}
07-03 17:39:25.285  1132  2019 D PicasaSyncManager: perform sync task: PrefetchFullImage (dearvnu@gmail.com)
07-03 17:39:25.480   158   207 D dalvikvm: GC_EXPLICIT freed 613K, 17% free 12503K/14983K, paused 7ms+6ms
07-03 17:39:25.523  1132  2019 D MetricsUtils: [PrefetchHelper.cleanCache time:189]
07-03 17:39:25.558  1132  2019 D PicasaSyncManager: sync complete: SyncResult: stats [ numUpdates: 10]
07-03 17:39:25.578  1132  1151 V PicasaContentProvider: querySettings: defaults: {sync_on_wifi_only=1, auto_upload_account_type=null, sync_on_battery=1, sync_picasa_on_wifi_only=1, auto_upload_enabled=0, video_upload_wifi_only=1, sync_on_roaming=0, auto_upload_account_name=null}
07-03 17:39:25.578  1132  2019 D PicasaSyncManager: perform sync task: PrefetchAlbumCover (dearvnu@gmail.com)
07-03 17:39:25.652  1062  1062 I PhoneLab-: 1338665711963.log is deleted
07-03 17:39:25.652  1062  1062 I PhoneLab-: Response: {"data": "done", "err": ""}
07-03 17:39:25.703  1062  1064 D dalvikvm: GC_CONCURRENT freed 957K, 17% free 9226K/11079K, paused 2ms+3ms
07-03 17:39:25.769  1062  1064 D dalvikvm: GC_CONCURRENT freed 327K, 16% free 9321K/11079K, paused 5ms+2ms
07-03 17:39:25.785  1062  1062 D dalvikvm: GC_FOR_ALLOC freed 120K, 15% free 9449K/11079K, paused 14ms
07-03 17:39:25.816  1062  1064 D dalvikvm: GC_CONCURRENT freed 298K, 13% free 9662K/11079K, paused 2ms+4ms
07-03 17:39:25.847  1062  2082 D dalvikvm: GC_FOR_ALLOC freed 317K, 13% free 9672K/11079K, paused 17ms
07-03 17:39:25.863  1062  2082 D dalvikvm: GC_FOR_ALLOC freed 301K, 13% free 9672K/11079K, paused 15ms
07-03 17:39:25.878  1062  2082 D dalvikvm: GC_FOR_ALLOC freed 301K, 13% free 9673K/11079K, paused 14ms
07-03 17:39:26.027  1132  1134 D dalvikvm: GC_CONCURRENT freed 373K, 6% free 9425K/9991K, paused 32ms+2ms
07-03 17:39:26.332  1062  1062 I PhoneLab-: 1338695609888.log is deleted
07-03 17:39:26.332  1062  1062 I PhoneLab-: Response: {"data": "done", "err": ""}
07-03 17:39:26.421  1062  1064 D dalvikvm: GC_CONCURRENT freed 954K, 17% free 9229K/11079K, paused 4ms+6ms
07-03 17:39:26.480  1062  1064 D dalvikvm: GC_CONCURRENT freed 329K, 16% free 9322K/11079K, paused 1ms+2ms
07-03 17:39:26.496   158   552 D AlarmManagerService: Kernel timezone updated to 240 minutes west of GMT
07-03 17:39:26.507  1062  1062 D dalvikvm: GC_FOR_ALLOC freed 120K, 15% free 9450K/11079K, paused 26ms
07-03 17:39:26.554  1062  1064 D dalvikvm: GC_CONCURRENT freed 298K, 13% free 9663K/11079K, paused 1ms+3ms
07-03 17:39:26.589  1062  2085 D dalvikvm: GC_FOR_ALLOC freed 316K, 13% free 9673K/11079K, paused 19ms
07-03 17:39:26.605  1062  2085 D dalvikvm: GC_FOR_ALLOC freed 301K, 13% free 9673K/11079K, paused 15ms
07-03 17:39:26.625  1062  2085 D dalvikvm: GC_FOR_ALLOC freed 301K, 13% free 9674K/11079K, paused 16ms
07-03 17:39:26.996  1062  1062 I PhoneLab-: 1338722707323.log is deleted
07-03 17:39:26.996  1062  1062 I PhoneLab-: Response: {"data": "done", "err": ""}
07-03 17:39:27.105  1062  1064 D dalvikvm: GC_CONCURRENT freed 954K, 17% free 9230K/11079K, paused 2ms+6ms
07-03 17:39:27.156  1062  1064 D dalvikvm: GC_CONCURRENT freed 329K, 16% free 9323K/11079K, paused 2ms+2ms
07-03 17:39:27.171  1062  1062 D dalvikvm: GC_FOR_ALLOC freed 120K, 15% free 9451K/11079K, paused 15ms
07-03 17:39:27.207  1062  1064 D dalvikvm: GC_CONCURRENT freed 298K, 13% free 9664K/11079K, paused 2ms+3ms
07-03 17:39:27.238  1062  2087 D dalvikvm: GC_FOR_ALLOC freed 316K, 13% free 9674K/11079K, paused 19ms
07-03 17:39:27.253  1062  2087 D dalvikvm: GC_FOR_ALLOC freed 301K, 13% free 9674K/11079K, paused 15ms
07-03 17:39:27.273  1062  2087 D dalvikvm: GC_FOR_ALLOC freed 301K, 13% free 9675K/11079K, paused 15ms
07-03 17:39:27.355  1132  2019 D PicasaSyncManager: sync complete: SyncResult: stats [ numUpdates: 10]
07-03 17:39:27.402  1132  1151 V PicasaContentProvider: querySettings: defaults: {sync_on_wifi_only=1, auto_upload_account_type=null, sync_on_battery=1, sync_picasa_on_wifi_only=1, auto_upload_enabled=0, video_upload_wifi_only=1, sync_on_roaming=0, auto_upload_account_name=null}
07-03 17:39:27.406  1132  2019 D PicasaSyncManager: perform sync task: PrefetchScreenNail (dearvnu@gmail.com)
07-03 17:39:27.687   476   476 D SAN_SERVICE: *******************************************
07-03 17:39:27.687   476   476 D SAN_SERVICE: DM App Phone Service State - 0
07-03 17:39:27.687   476   476 D SAN_SERVICE: *******************************************
07-03 17:39:27.699  1062  1062 I PhoneLab-: 1105067042810.log is deleted
07-03 17:39:27.699  1062  1062 I PhoneLab-: Response: {"data": "done", "err": ""}
07-03 17:39:27.742  1062  1064 D dalvikvm: GC_CONCURRENT freed 956K, 17% free 9229K/11079K, paused 1ms+2ms
07-03 17:39:27.796  1062  1064 D dalvikvm: GC_CONCURRENT freed 327K, 16% free 9324K/11079K, paused 2ms+2ms
07-03 17:39:27.812  1062  1062 D dalvikvm: GC_FOR_ALLOC freed 120K, 15% free 9452K/11079K, paused 13ms
07-03 17:39:27.843  1062  1064 D dalvikvm: GC_CONCURRENT freed 298K, 13% free 9665K/11079K, paused 1ms+3ms
07-03 17:39:27.882  1062  2089 D dalvikvm: GC_FOR_ALLOC freed 316K, 13% free 9675K/11079K, paused 15ms
07-03 17:39:27.894  1062  2089 D dalvikvm: GC_FOR_ALLOC freed 301K, 13% free 9675K/11079K, paused 14ms
07-03 17:39:27.914  1062  2089 D dalvikvm: GC_FOR_ALLOC freed 301K, 13% free 9676K/11079K, paused 16ms
07-03 17:39:28.875  1062  1062 I PhoneLab-: 1105097345497.log is deleted
07-03 17:39:28.875  1062  1062 I PhoneLab-: Response: {"data": "done", "err": ""}
07-03 17:39:28.960  1062  1064 D dalvikvm: GC_CONCURRENT freed 957K, 17% free 9230K/11079K, paused 4ms+3ms
07-03 17:39:29.019  1062  1064 D dalvikvm: GC_CONCURRENT freed 325K, 16% free 9325K/11079K, paused 2ms+2ms
07-03 17:39:29.039  1062  1062 D dalvikvm: GC_FOR_ALLOC freed 120K, 15% free 9453K/11079K, paused 16ms
07-03 17:39:29.074  1062  1064 D dalvikvm: GC_CONCURRENT freed 298K, 13% free 9666K/11079K, paused 2ms+2ms
07-03 17:39:29.105  1062  2091 D dalvikvm: GC_FOR_ALLOC freed 316K, 13% free 9676K/11079K, paused 13ms
07-03 17:39:29.121  1062  2091 D dalvikvm: GC_FOR_ALLOC freed 301K, 13% free 9676K/11079K, paused 16ms
07-03 17:39:29.140  1062  2091 D dalvikvm: GC_FOR_ALLOC freed 301K, 13% free 9677K/11079K, paused 13ms
07-03 17:39:29.167  1132  1134 D dalvikvm: GC_CONCURRENT freed 375K, 6% free 9485K/9991K, paused 2ms+4ms
07-03 17:39:29.527  1062  1062 I PhoneLab-: 1105146844901.log is deleted
07-03 17:39:29.527  1062  1062 I PhoneLab-: Response: {"data": "done", "err": ""}
07-03 17:39:29.636  1062  1064 D dalvikvm: GC_CONCURRENT freed 958K, 17% free 9231K/11079K, paused 9ms+3ms
07-03 17:39:29.687  1062  1064 D dalvikvm: GC_CONCURRENT freed 324K, 16% free 9326K/11079K, paused 3ms+3ms
07-03 17:39:29.707  1062  1062 D dalvikvm: GC_FOR_ALLOC freed 120K, 15% free 9454K/11079K, paused 17ms
07-03 17:39:29.738  1062  1064 D dalvikvm: GC_CONCURRENT freed 298K, 13% free 9667K/11079K, paused 2ms+4ms
07-03 17:39:29.769  1062  2093 D dalvikvm: GC_FOR_ALLOC freed 316K, 13% free 9677K/11079K, paused 14ms
07-03 17:39:29.785  1062  2093 D dalvikvm: GC_FOR_ALLOC freed 301K, 13% free 9678K/11079K, paused 16ms
07-03 17:39:29.804  1062  2093 D dalvikvm: GC_FOR_ALLOC freed 301K, 13% free 9679K/11079K, paused 16ms
07-03 17:39:31.273  1062  1062 I PhoneLab-: 1105200842163.log is deleted
07-03 17:39:31.277  1062  1062 I PhoneLab-: Response: {"data": "done", "err": ""}
07-03 17:39:31.343  1062  1064 D dalvikvm: GC_CONCURRENT freed 924K, 17% free 9200K/11079K, paused 2ms+2ms
07-03 17:39:31.574  1062  1064 D dalvikvm: GC_CONCURRENT freed 358K, 16% free 9327K/11079K, paused 2ms+1ms
07-03 17:39:31.589  1062  1062 D dalvikvm: GC_FOR_ALLOC freed 120K, 15% free 9455K/11079K, paused 14ms
07-03 17:39:31.621  1062  1064 D dalvikvm: GC_CONCURRENT freed 298K, 13% free 9668K/11079K, paused 3ms+3ms
07-03 17:39:31.707  1062  2095 D dalvikvm: GC_FOR_ALLOC freed 316K, 13% free 9678K/11079K, paused 29ms
07-03 17:39:31.726  1062  2095 D dalvikvm: GC_FOR_ALLOC freed 301K, 13% free 9679K/11079K, paused 19ms
07-03 17:39:31.742  1062  2095 D dalvikvm: GC_FOR_ALLOC freed 301K, 13% free 9680K/11079K, paused 13ms
07-03 17:39:32.203  1062  1062 I PhoneLab-: 1105254242834.log is deleted
07-03 17:39:32.203  1062  1062 I PhoneLab-: Response: {"data": "done", "err": ""}
07-03 17:39:32.281  1062  1064 D dalvikvm: GC_CONCURRENT freed 968K, 17% free 9223K/11079K, paused 2ms+3ms
07-03 17:39:32.332  1062  1064 D dalvikvm: GC_CONCURRENT freed 313K, 16% free 9328K/11079K, paused 2ms+2ms
07-03 17:39:32.347  1062  1062 D dalvikvm: GC_FOR_ALLOC freed 120K, 15% free 9456K/11079K, paused 13ms
07-03 17:39:32.375  1062  1064 D dalvikvm: GC_CONCURRENT freed 298K, 13% free 9669K/11079K, paused 2ms+2ms
07-03 17:39:32.406  1062  2097 D dalvikvm: GC_FOR_ALLOC freed 316K, 13% free 9680K/11079K, paused 13ms
07-03 17:39:32.421  1062  2097 D dalvikvm: GC_FOR_ALLOC freed 301K, 13% free 9680K/11079K, paused 13ms
07-03 17:39:32.437  1062  2097 D dalvikvm: GC_FOR_ALLOC freed 301K, 13% free 9681K/11079K, paused 13ms
07-03 17:39:33.429  1062  1062 I PhoneLab-: 1105311544225.log is deleted
07-03 17:39:33.429  1062  1062 I PhoneLab-: Response: {"data": "done", "err": ""}
07-03 17:39:33.500  1062  1064 D dalvikvm: GC_CONCURRENT freed 955K, 17% free 9237K/11079K, paused 2ms+3ms
07-03 17:39:33.546  1062  1064 D dalvikvm: GC_CONCURRENT freed 325K, 16% free 9329K/11079K, paused 2ms+3ms
07-03 17:39:33.562  1062  1062 D dalvikvm: GC_FOR_ALLOC freed 120K, 15% free 9457K/11079K, paused 15ms
07-03 17:39:33.570  1132  2019 D PicasaSyncManager: sync complete: SyncResult: stats [ numUpdates: 10]
07-03 17:39:33.597  1062  1064 D dalvikvm: GC_CONCURRENT freed 298K, 13% free 9670K/11079K, paused 2ms+2ms
07-03 17:39:33.613  1132  2019 D PicasaSyncService: sync finished - false
07-03 17:39:33.621   158   565 I ActivityManager: No longer want com.android.email (pid 1476): hidden #16
07-03 17:39:33.671  1062  2099 D dalvikvm: GC_FOR_ALLOC freed 315K, 13% free 9681K/11079K, paused 17ms
07-03 17:39:33.687  1062  2099 D dalvikvm: GC_FOR_ALLOC freed 301K, 13% free 9681K/11079K, paused 16ms
07-03 17:39:33.710   650   650 D OpenGLRenderer: Flushing caches (mode 1)
07-03 17:39:33.722  1062  2099 D dalvikvm: GC_FOR_ALLOC freed 301K, 13% free 9682K/11079K, paused 32ms
07-03 17:39:34.507  1062  1062 I PhoneLab-: 1105364044316.log is deleted
07-03 17:39:34.507  1062  1062 I PhoneLab-: Response: {"data": "done", "err": ""}
07-03 17:39:34.554  1062  1064 D dalvikvm: GC_CONCURRENT freed 958K, 17% free 9235K/11079K, paused 2ms+3ms
07-03 17:39:34.570   631   634 D dalvikvm: GC_CONCURRENT freed 323K, 11% free 10561K/11783K, paused 72ms+6ms
07-03 17:39:34.632  1062  1064 D dalvikvm: GC_CONCURRENT freed 322K, 16% free 9330K/11079K, paused 2ms+3ms
07-03 17:39:34.648  1062  1062 D dalvikvm: GC_FOR_ALLOC freed 120K, 15% free 9458K/11079K, paused 14ms
07-03 17:39:34.679  1062  1064 D dalvikvm: GC_CONCURRENT freed 298K, 13% free 9671K/11079K, paused 2ms+2ms
07-03 17:39:34.707  1062  2105 D dalvikvm: GC_FOR_ALLOC freed 315K, 13% free 9682K/11079K, paused 16ms
07-03 17:39:34.722  1062  2105 D dalvikvm: GC_FOR_ALLOC freed 301K, 13% free 9682K/11079K, paused 14ms
07-03 17:39:34.742  1062  2105 D dalvikvm: GC_FOR_ALLOC freed 301K, 13% free 9683K/11079K, paused 15ms
07-03 17:39:35.125  1062  1062 I PhoneLab-: 1105420444292.log is deleted
07-03 17:39:35.125  1062  1062 I PhoneLab-: Response: {"data": "done", "err": ""}
07-03 17:39:35.199  1062  1064 D dalvikvm: GC_CONCURRENT freed 958K, 17% free 9236K/11079K, paused 3ms+2ms
07-03 17:39:35.242  1062  1064 D dalvikvm: GC_CONCURRENT freed 322K, 16% free 9331K/11079K, paused 2ms+2ms
07-03 17:39:35.257  1062  1062 D dalvikvm: GC_FOR_ALLOC freed 120K, 15% free 9459K/11079K, paused 14ms
07-03 17:39:35.285  1062  1064 D dalvikvm: GC_CONCURRENT freed 298K, 13% free 9672K/11079K, paused 2ms+3ms
07-03 17:39:35.312  1062  2107 D dalvikvm: GC_FOR_ALLOC freed 315K, 13% free 9683K/11079K, paused 13ms
07-03 17:39:35.328  1062  2107 D dalvikvm: GC_FOR_ALLOC freed 301K, 13% free 9683K/11079K, paused 13ms
07-03 17:39:35.343  1062  2107 D dalvikvm: GC_FOR_ALLOC freed 301K, 13% free 9684K/11079K, paused 14ms
07-03 17:39:35.722  1062  1062 I PhoneLab-: 1105474442314.log is deleted
07-03 17:39:35.722  1062  1062 I PhoneLab-: Response: {"data": "done", "err": ""}
07-03 17:39:35.835  1062  1064 D dalvikvm: GC_CONCURRENT freed 957K, 17% free 9237K/11079K, paused 8ms+3ms
07-03 17:39:35.886  1062  1064 D dalvikvm: GC_CONCURRENT freed 322K, 16% free 9332K/11079K, paused 2ms+2ms
07-03 17:39:35.902  1062  1062 D dalvikvm: GC_FOR_ALLOC freed 120K, 15% free 9459K/11079K, paused 14ms
07-03 17:39:35.929  1062  1064 D dalvikvm: GC_CONCURRENT freed 298K, 13% free 9673K/11079K, paused 1ms+3ms
07-03 17:39:35.957  1062  2109 D dalvikvm: GC_FOR_ALLOC freed 315K, 13% free 9684K/11079K, paused 14ms
07-03 17:39:35.972  1062  2109 D dalvikvm: GC_FOR_ALLOC freed 301K, 13% free 9684K/11079K, paused 14ms
07-03 17:39:35.988  1062  2109 D dalvikvm: GC_FOR_ALLOC freed 301K, 13% free 9685K/11079K, paused 13ms
07-03 17:39:36.121  1409  1409 I CalendarProvider2: Sending notification intent: Intent { act=android.intent.action.PROVIDER_CHANGED dat=content://com.android.calendar }
07-03 17:39:36.121  1409  1409 W ContentResolver: Failed to get type for: content://com.android.calendar (Unknown URL content://com.android.calendar)
07-03 17:39:36.210   158   493 I ActivityManager: No longer want com.android.exchange (pid 1494): hidden #16
07-03 17:39:36.320   158   160 D dalvikvm: GC_CONCURRENT freed 808K, 17% free 12452K/14983K, paused 9ms+7ms
07-03 17:39:36.347  1409  1411 D dalvikvm: GC_CONCURRENT freed 363K, 7% free 9267K/9927K, paused 2ms+4ms
07-03 17:39:36.378  1062  1062 I PhoneLab-: 1105527544762.log is deleted
07-03 17:39:36.378  1062  1062 I PhoneLab-: Response: {"data": "done", "err": ""}
07-03 17:39:36.425  1062  1064 D dalvikvm: GC_CONCURRENT freed 957K, 17% free 9238K/11079K, paused 2ms+2ms
07-03 17:39:36.476  1062  1064 D dalvikvm: GC_CONCURRENT freed 322K, 16% free 9333K/11079K, paused 2ms+2ms
07-03 17:39:36.492  1062  1062 D dalvikvm: GC_FOR_ALLOC freed 120K, 15% free 9460K/11079K, paused 14ms
07-03 17:39:36.519  1062  1064 D dalvikvm: GC_CONCURRENT freed 298K, 13% free 9674K/11079K, paused 1ms+2ms
07-03 17:39:36.558  1062  2111 D dalvikvm: GC_FOR_ALLOC freed 315K, 13% free 9685K/11079K, paused 24ms
07-03 17:39:36.570  1062  2111 D dalvikvm: GC_FOR_ALLOC freed 301K, 13% free 9685K/11079K, paused 14ms
07-03 17:39:36.589  1062  2111 D dalvikvm: GC_FOR_ALLOC freed 301K, 13% free 9686K/11079K, paused 14ms
07-03 17:39:37.039  1062  1062 I PhoneLab-: 1105582207608.log is deleted
07-03 17:39:37.039  1062  1062 I PhoneLab-: Response: {"data": "done", "err": ""}
07-03 17:39:37.117  1062  1064 D dalvikvm: GC_CONCURRENT freed 967K, 17% free 9229K/11079K, paused 1ms+2ms
07-03 17:39:37.164  1062  1064 D dalvikvm: GC_CONCURRENT freed 312K, 16% free 9334K/11079K, paused 1ms+2ms
07-03 17:39:37.179  1062  1062 D dalvikvm: GC_FOR_ALLOC freed 120K, 15% free 9461K/11079K, paused 14ms
07-03 17:39:37.210  1062  1064 D dalvikvm: GC_CONCURRENT freed 298K, 13% free 9675K/11079K, paused 2ms+2ms
07-03 17:39:37.242  1062  2113 D dalvikvm: GC_FOR_ALLOC freed 315K, 13% free 9686K/11079K, paused 13ms
07-03 17:39:37.257  1062  2113 D dalvikvm: GC_FOR_ALLOC freed 301K, 13% free 9687K/11079K, paused 14ms
07-03 17:39:37.273  1062  2113 D dalvikvm: GC_FOR_ALLOC freed 301K, 13% free 9688K/11079K, paused 13ms
07-03 17:39:37.914  1062  1062 I PhoneLab-: 1105637981634.log is deleted
07-03 17:39:37.914  1062  1062 I PhoneLab-: Response: {"data": "done", "err": ""}
07-03 17:39:37.980  1062  1064 D dalvikvm: GC_CONCURRENT freed 966K, 17% free 9230K/11079K, paused 1ms+2ms
07-03 17:39:38.027  1062  1064 D dalvikvm: GC_CONCURRENT freed 312K, 16% free 9335K/11079K, paused 2ms+2ms
07-03 17:39:38.042  1062  1062 D dalvikvm: GC_FOR_ALLOC freed 120K, 15% free 9462K/11079K, paused 13ms
07-03 17:39:38.074  1062  1064 D dalvikvm: GC_CONCURRENT freed 298K, 13% free 9676K/11079K, paused 2ms+2ms
07-03 17:39:38.101  1062  2115 D dalvikvm: GC_FOR_ALLOC freed 315K, 13% free 9687K/11079K, paused 14ms
07-03 17:39:38.113  1062  2115 D dalvikvm: GC_FOR_ALLOC freed 301K, 13% free 9688K/11079K, paused 13ms
07-03 17:39:38.128  1062  2115 D dalvikvm: GC_FOR_ALLOC freed 301K, 13% free 9689K/11079K, paused 14ms
07-03 17:39:38.542  1062  1062 I PhoneLab-: 1341266413716.log is deleted
07-03 17:39:38.546  1062  1062 I PhoneLab-: Response: {"data": "done", "err": ""}
07-03 17:39:38.593  1062  1064 D dalvikvm: GC_CONCURRENT freed 956K, 17% free 9241K/11079K, paused 2ms+2ms
07-03 17:39:38.644  1062  1064 D dalvikvm: GC_CONCURRENT freed 322K, 16% free 9335K/11079K, paused 1ms+2ms
07-03 17:39:38.660  1062  1062 D dalvikvm: GC_FOR_ALLOC freed 120K, 15% free 9463K/11079K, paused 14ms
07-03 17:39:38.687  1062  1064 D dalvikvm: GC_CONCURRENT freed 298K, 13% free 9677K/11079K, paused 2ms+2ms
07-03 17:39:38.742  1062  2117 D dalvikvm: GC_FOR_ALLOC freed 314K, 13% free 9688K/11079K, paused 16ms
07-03 17:39:38.757  1062  2117 D dalvikvm: GC_FOR_ALLOC freed 301K, 13% free 9689K/11079K, paused 16ms
07-03 17:39:38.773  1062  2117 D dalvikvm: GC_FOR_ALLOC freed 301K, 13% free 9690K/11079K, paused 15ms
07-03 17:39:39.207  1062  1062 I PhoneLab-: 1341266442615.log is deleted
07-03 17:39:39.207  1062  1062 I PhoneLab-: Response: {"data": "done", "err": ""}
07-03 17:39:39.308  1062  1064 D dalvikvm: GC_CONCURRENT freed 951K, 17% free 9246K/11079K, paused 10ms+2ms
07-03 17:39:39.347  1062  1064 D dalvikvm: GC_CONCURRENT freed 326K, 16% free 9336K/11079K, paused 3ms+2ms
07-03 17:39:39.363  1062  1062 D dalvikvm: GC_FOR_ALLOC freed 120K, 15% free 9464K/11079K, paused 14ms
07-03 17:39:39.394  1062  1064 D dalvikvm: GC_CONCURRENT freed 298K, 13% free 9677K/11079K, paused 2ms+3ms
07-03 17:39:39.425  1062  2119 D dalvikvm: GC_FOR_ALLOC freed 314K, 13% free 9690K/11079K, paused 14ms
07-03 17:39:39.437  1062  2119 D dalvikvm: GC_FOR_ALLOC freed 301K, 13% free 9690K/11079K, paused 14ms
07-03 17:39:39.453  1062  2119 D dalvikvm: GC_FOR_ALLOC freed 301K, 13% free 9691K/11079K, paused 13ms
07-03 17:39:39.886  1062  1062 I PhoneLab-: 1341266464567.log is deleted
07-03 17:39:39.886  1062  1062 I PhoneLab-: Response: {"data": "done", "err": ""}
07-03 17:39:39.957  1062  1064 D dalvikvm: GC_CONCURRENT freed 963K, 17% free 9240K/11079K, paused 2ms+2ms
07-03 17:39:39.996  1062  1064 D dalvikvm: GC_CONCURRENT freed 315K, 16% free 9337K/11079K, paused 2ms+2ms
07-03 17:39:40.011  1062  1062 D dalvikvm: GC_FOR_ALLOC freed 120K, 15% free 9465K/11079K, paused 14ms
07-03 17:39:40.039  1062  1064 D dalvikvm: GC_CONCURRENT freed 298K, 13% free 9678K/11079K, paused 3ms+3ms
07-03 17:39:40.074  1062  2121 D dalvikvm: GC_FOR_ALLOC freed 314K, 13% free 9691K/11079K, paused 14ms
07-03 17:39:40.089  1062  2121 D dalvikvm: GC_FOR_ALLOC freed 301K, 13% free 9691K/11079K, paused 14ms
07-03 17:39:40.105  1062  2121 D dalvikvm: GC_FOR_ALLOC freed 301K, 13% free 9692K/11079K, paused 14ms
07-03 17:39:40.500  1062  1062 I PhoneLab-: 1341266486861.log is deleted
07-03 17:39:40.500  1062  1062 I PhoneLab-: Response: {"data": "done", "err": ""}
07-03 17:39:40.546  1062  1064 D dalvikvm: GC_CONCURRENT freed 958K, 17% free 9245K/11079K, paused 2ms+3ms
07-03 17:39:40.605  1062  1064 D dalvikvm: GC_CONCURRENT freed 319K, 16% free 9338K/11079K, paused 2ms+2ms
07-03 17:39:40.625  1062  1062 D dalvikvm: GC_FOR_ALLOC freed 120K, 15% free 9466K/11079K, paused 16ms
07-03 17:39:40.656  1062  1064 D dalvikvm: GC_CONCURRENT freed 298K, 13% free 9679K/11079K, paused 2ms+3ms
07-03 17:39:40.683  1062  2123 D dalvikvm: GC_FOR_ALLOC freed 314K, 13% free 9692K/11079K, paused 14ms
07-03 17:39:40.699  1062  2123 D dalvikvm: GC_FOR_ALLOC freed 301K, 13% free 9692K/11079K, paused 14ms
07-03 17:39:40.714  1062  2123 D dalvikvm: GC_FOR_ALLOC freed 301K, 13% free 9693K/11079K, paused 13ms
07-03 17:39:41.117  1062  1062 I PhoneLab-: 1341266782313.log is deleted
07-03 17:39:41.117  1062  1062 I PhoneLab-: Response: {"data": "done", "err": ""}
07-03 17:39:41.226  1062  1064 D dalvikvm: GC_CONCURRENT freed 959K, 17% free 9246K/11079K, paused 8ms+2ms
07-03 17:39:41.273  1062  1064 D dalvikvm: GC_CONCURRENT freed 318K, 16% free 9339K/11079K, paused 2ms+2ms
07-03 17:39:41.289  1062  1062 D dalvikvm: GC_FOR_ALLOC freed 120K, 15% free 9467K/11079K, paused 14ms
07-03 17:39:41.320  1062  1064 D dalvikvm: GC_CONCURRENT freed 298K, 13% free 9680K/11079K, paused 2ms+2ms
07-03 17:39:41.347  1062  2125 D dalvikvm: GC_FOR_ALLOC freed 314K, 13% free 9693K/11079K, paused 14ms
07-03 17:39:41.359  1062  2125 D dalvikvm: GC_FOR_ALLOC freed 301K, 13% free 9693K/11079K, paused 14ms
07-03 17:39:41.375  1062  2125 D dalvikvm: GC_FOR_ALLOC freed 301K, 13% free 9694K/11079K, paused 13ms
07-03 17:39:41.773  1062  1062 I PhoneLab-: 1341266814755.log is deleted
07-03 17:39:41.773  1062  1062 I PhoneLab-: Response: {"data": "done", "err": ""}
07-03 17:39:41.878  1062  1064 D dalvikvm: GC_CONCURRENT freed 959K, 17% free 9246K/11079K, paused 10ms+3ms
07-03 17:39:41.929  1062  1064 D dalvikvm: GC_CONCURRENT freed 317K, 16% free 9340K/11079K, paused 2ms+2ms
07-03 17:39:41.945  1062  1062 D dalvikvm: GC_FOR_ALLOC freed 120K, 15% free 9468K/11079K, paused 14ms
07-03 17:39:41.972  1062  1064 D dalvikvm: GC_CONCURRENT freed 298K, 13% free 9681K/11079K, paused 2ms+2ms
07-03 17:39:42.011  1062  2127 D dalvikvm: GC_FOR_ALLOC freed 313K, 13% free 9694K/11079K, paused 16ms
07-03 17:39:42.031  1062  2127 D dalvikvm: GC_FOR_ALLOC freed 301K, 13% free 9694K/11079K, paused 16ms
07-03 17:39:42.046  1062  2127 D dalvikvm: GC_FOR_ALLOC freed 301K, 13% free 9695K/11079K, paused 15ms
07-03 17:39:42.421  1062  1062 I PhoneLab-: 1341266845348.log is deleted
07-03 17:39:42.421  1062  1062 I PhoneLab-: Response: {"data": "done", "err": ""}
07-03 17:39:42.527  1062  1064 D dalvikvm: GC_CONCURRENT freed 959K, 17% free 9248K/11079K, paused 8ms+2ms
07-03 17:39:42.566  1062  1064 D dalvikvm: GC_CONCURRENT freed 317K, 16% free 9341K/11079K, paused 3ms+2ms
07-03 17:39:42.582  1062  1062 D dalvikvm: GC_FOR_ALLOC freed 120K, 15% free 9469K/11079K, paused 14ms
07-03 17:39:42.613  1062  1064 D dalvikvm: GC_CONCURRENT freed 298K, 13% free 9682K/11079K, paused 2ms+2ms
07-03 17:39:42.636  1062  2129 D dalvikvm: GC_FOR_ALLOC freed 313K, 13% free 9695K/11079K, paused 14ms
07-03 17:39:42.652  1062  2129 D dalvikvm: GC_FOR_ALLOC freed 301K, 13% free 9695K/11079K, paused 14ms
07-03 17:39:42.667  1062  2129 D dalvikvm: GC_FOR_ALLOC freed 301K, 13% free 9696K/11079K, paused 14ms
07-03 17:39:43.449  1062  1062 I PhoneLab-: 1341266867659.log is deleted
07-03 17:39:43.449  1062  1062 I PhoneLab-: Response: {"data": "done", "err": ""}
07-03 17:39:43.519  1062  1064 D dalvikvm: GC_CONCURRENT freed 969K, 17% free 9239K/11079K, paused 2ms+3ms
07-03 17:39:43.570  1062  1064 D dalvikvm: GC_CONCURRENT freed 307K, 16% free 9342K/11079K, paused 1ms+2ms
07-03 17:39:43.585  1062  1062 D dalvikvm: GC_FOR_ALLOC freed 120K, 15% free 9470K/11079K, paused 14ms
07-03 17:39:43.628  1062  1064 D dalvikvm: GC_CONCURRENT freed 298K, 13% free 9683K/11079K, paused 2ms+2ms
07-03 17:39:43.679  1062  2131 D dalvikvm: GC_FOR_ALLOC freed 313K, 13% free 9696K/11079K, paused 15ms
07-03 17:39:43.695  1062  2131 D dalvikvm: GC_FOR_ALLOC freed 301K, 13% free 9697K/11079K, paused 16ms
07-03 17:39:43.710  1062  2131 D dalvikvm: GC_FOR_ALLOC freed 301K, 13% free 9698K/11079K, paused 15ms
07-03 17:39:44.308  1062  1062 I PhoneLab-: 1341266889967.log is deleted
07-03 17:39:44.312  1062  1062 I PhoneLab-: Response: {"data": "done", "err": ""}
07-03 17:39:44.394  1062  1064 D dalvikvm: GC_CONCURRENT freed 969K, 17% free 9240K/11079K, paused 1ms+3ms
07-03 17:39:44.453  1062  1064 D dalvikvm: GC_CONCURRENT freed 306K, 16% free 9343K/11079K, paused 1ms+2ms
07-03 17:39:44.468  1062  1062 D dalvikvm: GC_FOR_ALLOC freed 120K, 15% free 9471K/11079K, paused 15ms
07-03 17:39:44.500  1062  1064 D dalvikvm: GC_CONCURRENT freed 298K, 13% free 9684K/11079K, paused 2ms+3ms
07-03 17:39:44.531  1062  2133 D dalvikvm: GC_FOR_ALLOC freed 313K, 13% free 9697K/11079K, paused 15ms
07-03 17:39:44.546  1062  2133 D dalvikvm: GC_FOR_ALLOC freed 301K, 13% free 9698K/11079K, paused 15ms
07-03 17:39:44.566  1062  2133 D dalvikvm: GC_FOR_ALLOC freed 301K, 13% free 9699K/11079K, paused 15ms
07-03 17:39:44.953  1062  1062 I PhoneLab-: 1341267846521.log is deleted
07-03 17:39:44.953  1062  1062 I PhoneLab-: Response: {"data": "done", "err": ""}
07-03 17:39:45.070  1062  1064 D dalvikvm: GC_CONCURRENT freed 957K, 17% free 9253K/11079K, paused 8ms+3ms
07-03 17:39:45.121  1062  1064 D dalvikvm: GC_CONCURRENT freed 318K, 16% free 9344K/11079K, paused 2ms+2ms
07-03 17:39:45.136  1062  1062 D dalvikvm: GC_FOR_ALLOC freed 120K, 15% free 9472K/11079K, paused 14ms
07-03 17:39:45.164  1062  1064 D dalvikvm: GC_CONCURRENT freed 298K, 13% free 9685K/11079K, paused 2ms+2ms
07-03 17:39:45.195  1062  2135 D dalvikvm: GC_FOR_ALLOC freed 313K, 13% free 9699K/11079K, paused 14ms
07-03 17:39:45.207  1062  2135 D dalvikvm: GC_FOR_ALLOC freed 301K, 13% free 9699K/11079K, paused 14ms
07-03 17:39:45.226  1062  2135 D dalvikvm: GC_FOR_ALLOC freed 301K, 13% free 9700K/11079K, paused 14ms
07-03 17:39:45.722  1062  1062 I PhoneLab-: 1341269778030.log is deleted
07-03 17:39:45.722  1062  1062 I PhoneLab-: Response: {"data": "done", "err": ""}
07-03 17:39:45.804  1062  1064 D dalvikvm: GC_CONCURRENT freed 957K, 17% free 9254K/11079K, paused 4ms+6ms
07-03 17:39:45.855  1062  1064 D dalvikvm: GC_CONCURRENT freed 318K, 16% free 9345K/11079K, paused 2ms+2ms
07-03 17:39:45.871  1062  1062 D dalvikvm: GC_FOR_ALLOC freed 120K, 15% free 9473K/11079K, paused 14ms
07-03 17:39:45.898  1062  1064 D dalvikvm: GC_CONCURRENT freed 298K, 13% free 9686K/11079K, paused 1ms+2ms
07-03 17:39:45.925  1062  2137 D dalvikvm: GC_FOR_ALLOC freed 313K, 13% free 9700K/11079K, paused 13ms
07-03 17:39:45.941  1062  2137 D dalvikvm: GC_FOR_ALLOC freed 301K, 13% free 9700K/11079K, paused 14ms
07-03 17:39:45.957  1062  2137 D dalvikvm: GC_FOR_ALLOC freed 301K, 13% free 9701K/11079K, paused 14ms
07-03 17:39:46.296  1062  1062 I PhoneLab-: 1341269807316.log is deleted
07-03 17:39:46.296  1062  1062 I PhoneLab-: Response: {"data": "done", "err": ""}
07-03 17:39:46.398  1062  1064 D dalvikvm: GC_CONCURRENT freed 964K, 17% free 9248K/11079K, paused 9ms+2ms
07-03 17:39:46.449  1062  1064 D dalvikvm: GC_CONCURRENT freed 310K, 16% free 9346K/11079K, paused 3ms+2ms
07-03 17:39:46.464  1062  1062 D dalvikvm: GC_FOR_ALLOC freed 120K, 15% free 9474K/11079K, paused 14ms
07-03 17:39:46.492  1062  1064 D dalvikvm: GC_CONCURRENT freed 298K, 13% free 9687K/11079K, paused 2ms+2ms
07-03 17:39:46.523  1062  2139 D dalvikvm: GC_FOR_ALLOC freed 313K, 13% free 9701K/11079K, paused 14ms
07-03 17:39:46.539  1062  2139 D dalvikvm: GC_FOR_ALLOC freed 301K, 13% free 9701K/11079K, paused 13ms
07-03 17:39:46.554  1062  2139 D dalvikvm: GC_FOR_ALLOC freed 301K, 13% free 9702K/11079K, paused 14ms
07-03 17:39:46.988  1062  1062 I PhoneLab-: 1341269833482.log is deleted
07-03 17:39:46.992  1062  1062 I PhoneLab-: Response: {"data": "done", "err": ""}
07-03 17:39:47.054  1062  1064 D dalvikvm: GC_CONCURRENT freed 964K, 17% free 9248K/11079K, paused 3ms+3ms
07-03 17:39:47.093  1062  1064 D dalvikvm: GC_CONCURRENT freed 311K, 16% free 9346K/11079K, paused 2ms+2ms
07-03 17:39:47.109  1062  1062 D dalvikvm: GC_FOR_ALLOC freed 120K, 15% free 9474K/11079K, paused 14ms
07-03 17:39:47.148  1062  1064 D dalvikvm: GC_CONCURRENT freed 298K, 13% free 9687K/11079K, paused 2ms+3ms
07-03 17:39:47.175  1062  2141 D dalvikvm: GC_FOR_ALLOC freed 313K, 13% free 9701K/11079K, paused 14ms
07-03 17:39:47.191  1062  2141 D dalvikvm: GC_FOR_ALLOC freed 301K, 13% free 9701K/11079K, paused 14ms
07-03 17:39:47.207  1062  2141 D dalvikvm: GC_FOR_ALLOC freed 301K, 13% free 9702K/11079K, paused 13ms
07-03 17:39:47.570  1062  1062 I PhoneLab-: 1341269861104.log is deleted
07-03 17:39:47.570  1062  1062 I PhoneLab-: Response: {"data": "done", "err": ""}
07-03 17:39:47.695  1062  1064 D dalvikvm: GC_CONCURRENT freed 963K, 17% free 9249K/11079K, paused 9ms+2ms
07-03 17:39:47.746  1062  1064 D dalvikvm: GC_CONCURRENT freed 310K, 16% free 9347K/11079K, paused 2ms+2ms
07-03 17:39:47.761  1062  1062 D dalvikvm: GC_FOR_ALLOC freed 120K, 15% free 9475K/11079K, paused 14ms
07-03 17:39:47.789  1062  1064 D dalvikvm: GC_CONCURRENT freed 298K, 13% free 9688K/11079K, paused 2ms+2ms
07-03 17:39:47.839  1062  2143 D dalvikvm: GC_FOR_ALLOC freed 312K, 13% free 9702K/11079K, paused 16ms
07-03 17:39:47.855  1062  2143 D dalvikvm: GC_FOR_ALLOC freed 301K, 13% free 9702K/11079K, paused 16ms
07-03 17:39:47.875  1062  2143 D dalvikvm: GC_FOR_ALLOC freed 301K, 13% free 9703K/11079K, paused 15ms
07-03 17:39:48.222  1062  1062 I PhoneLab-: 1341272189379.log is deleted
07-03 17:39:48.222  1062  1062 I PhoneLab-: Response: {"data": "done", "err": ""}
07-03 17:39:48.328  1062  1064 D dalvikvm: GC_CONCURRENT freed 963K, 17% free 9250K/11079K, paused 10ms+2ms
07-03 17:39:48.378  1062  1064 D dalvikvm: GC_CONCURRENT freed 310K, 16% free 9348K/11079K, paused 2ms+2ms
07-03 17:39:48.394  1062  1062 D dalvikvm: GC_FOR_ALLOC freed 120K, 15% free 9476K/11079K, paused 14ms
07-03 17:39:48.425  1062  1064 D dalvikvm: GC_CONCURRENT freed 298K, 13% free 9689K/11079K, paused 2ms+2ms
07-03 17:39:48.453  1062  2145 D dalvikvm: GC_FOR_ALLOC freed 312K, 13% free 9703K/11079K, paused 14ms
07-03 17:39:48.468  1062  2145 D dalvikvm: GC_FOR_ALLOC freed 301K, 13% free 9703K/11079K, paused 14ms
07-03 17:39:48.484  1062  2145 D dalvikvm: GC_FOR_ALLOC freed 301K, 13% free 9704K/11079K, paused 13ms
07-03 17:39:48.855  1062  1062 I PhoneLab-: 1341275948017.log is deleted
07-03 17:39:48.855  1062  1062 I PhoneLab-: Response: {"data": "done", "err": ""}
07-03 17:39:48.957  1062  1064 D dalvikvm: GC_CONCURRENT freed 963K, 17% free 9251K/11079K, paused 9ms+3ms
07-03 17:39:49.000  1062  1064 D dalvikvm: GC_CONCURRENT freed 310K, 16% free 9349K/11079K, paused 2ms+3ms
07-03 17:39:49.011  1062  1062 D dalvikvm: GC_FOR_ALLOC freed 120K, 15% free 9476K/11079K, paused 13ms
07-03 17:39:49.050  1062  1064 D dalvikvm: GC_CONCURRENT freed 298K, 13% free 9690K/11079K, paused 2ms+2ms
07-03 17:39:49.082  1062  2147 D dalvikvm: GC_FOR_ALLOC freed 312K, 13% free 9704K/11079K, paused 15ms
07-03 17:39:49.097  1062  2147 D dalvikvm: GC_FOR_ALLOC freed 301K, 13% free 9704K/11079K, paused 13ms
07-03 17:39:49.113  1062  2147 D dalvikvm: GC_FOR_ALLOC freed 301K, 13% free 9705K/11079K, paused 13ms
07-03 17:39:49.464  1062  1062 I PhoneLab-: 1341279548380.log is deleted
07-03 17:39:49.464  1062  1062 I PhoneLab-: Response: {"data": "done", "err": ""}
07-03 17:39:49.515  1062  1064 D dalvikvm: GC_CONCURRENT freed 962K, 17% free 9252K/11079K, paused 2ms+3ms
07-03 17:39:49.566  1062  1064 D dalvikvm: GC_CONCURRENT freed 310K, 16% free 9350K/11079K, paused 2ms+2ms
07-03 17:39:49.582  1062  1062 D dalvikvm: GC_FOR_ALLOC freed 120K, 15% free 9477K/11079K, paused 13ms
07-03 17:39:49.613  1062  1064 D dalvikvm: GC_CONCURRENT freed 298K, 13% free 9691K/11079K, paused 2ms+2ms
07-03 17:39:49.648  1062  2149 D dalvikvm: GC_FOR_ALLOC freed 312K, 13% free 9705K/11079K, paused 14ms
07-03 17:39:49.664  1062  2149 D dalvikvm: GC_FOR_ALLOC freed 301K, 13% free 9706K/11079K, paused 13ms
07-03 17:39:49.679  1062  2149 D dalvikvm: GC_FOR_ALLOC freed 301K, 13% free 9706K/11079K, paused 13ms
07-03 17:39:50.011  1062  1062 I PhoneLab-: 1341283397107.log is deleted
07-03 17:39:50.011  1062  1062 I PhoneLab-: Response: {"data": "done", "err": ""}
07-03 17:39:50.125  1062  1064 D dalvikvm: GC_CONCURRENT freed 965K, 17% free 9250K/11079K, paused 8ms+2ms
07-03 17:39:50.171  1062  1064 D dalvikvm: GC_CONCURRENT freed 307K, 16% free 9351K/11079K, paused 2ms+2ms
07-03 17:39:50.187  1062  1062 D dalvikvm: GC_FOR_ALLOC freed 120K, 15% free 9478K/11079K, paused 13ms
07-03 17:39:50.218  1062  1064 D dalvikvm: GC_CONCURRENT freed 298K, 13% free 9692K/11079K, paused 2ms+2ms
07-03 17:39:50.246  1062  2151 D dalvikvm: GC_FOR_ALLOC freed 312K, 13% free 9706K/11079K, paused 13ms
07-03 17:39:50.261  1062  2151 D dalvikvm: GC_FOR_ALLOC freed 301K, 13% free 9707K/11079K, paused 14ms
07-03 17:39:50.277  1062  2151 D dalvikvm: GC_FOR_ALLOC freed 301K, 13% free 9707K/11079K, paused 14ms
07-03 17:39:50.648  1062  1062 I PhoneLab-: 1341286746199.log is deleted
07-03 17:39:50.648  1062  1062 I PhoneLab-: Response: {"data": "done", "err": ""}
07-03 17:39:50.773  1062  1064 D dalvikvm: GC_CONCURRENT freed 964K, 17% free 9251K/11079K, paused 8ms+3ms
07-03 17:39:50.812  1062  1064 D dalvikvm: GC_CONCURRENT freed 307K, 16% free 9351K/11079K, paused 2ms+2ms
07-03 17:39:50.828  1062  1062 D dalvikvm: GC_FOR_ALLOC freed 120K, 15% free 9479K/11079K, paused 13ms
07-03 17:39:50.855  1062  1064 D dalvikvm: GC_CONCURRENT freed 298K, 13% free 9693K/11079K, paused 2ms+2ms
07-03 17:39:50.886  1062  2153 D dalvikvm: GC_FOR_ALLOC freed 312K, 13% free 9707K/11079K, paused 13ms
07-03 17:39:50.898  1062  2153 D dalvikvm: GC_FOR_ALLOC freed 301K, 13% free 9708K/11079K, paused 14ms
07-03 17:39:50.914  1062  2153 D dalvikvm: GC_FOR_ALLOC freed 301K, 13% free 9709K/11079K, paused 14ms
07-03 17:39:51.257  1062  1062 I PhoneLab-: 1341290647883.log is deleted
07-03 17:39:51.261  1062  1062 I PhoneLab-: Response: {"data": "done", "err": ""}
07-03 17:39:51.328  1062  1064 D dalvikvm: GC_CONCURRENT freed 964K, 17% free 9252K/11079K, paused 2ms+2ms
07-03 17:39:51.375  1062  1064 D dalvikvm: GC_CONCURRENT freed 307K, 16% free 9352K/11079K, paused 2ms+2ms
07-03 17:39:51.394  1062  1062 D dalvikvm: GC_FOR_ALLOC freed 120K, 15% free 9480K/11079K, paused 14ms
07-03 17:39:51.457  1062  1064 D dalvikvm: GC_CONCURRENT freed 298K, 13% free 9694K/11079K, paused 8ms+2ms
07-03 17:39:51.488  1062  2155 D dalvikvm: GC_FOR_ALLOC freed 312K, 13% free 9708K/11079K, paused 16ms
07-03 17:39:51.503  1062  2155 D dalvikvm: GC_FOR_ALLOC freed 301K, 13% free 9709K/11079K, paused 16ms
07-03 17:39:51.523  1062  2155 D dalvikvm: GC_FOR_ALLOC freed 301K, 13% free 9710K/11079K, paused 16ms
07-03 17:39:51.890   158   204 I power   : *** set_screen_state 0
07-03 17:39:51.917  1062  1062 I PhoneLab-: 1341295146202.log is deleted
07-03 17:39:51.917  1062  1062 I PhoneLab-: Response: {"data": "done", "err": ""}
07-03 17:39:51.937    79   123 D SurfaceFlinger: About to give-up screen, flinger = 0x1eca918
07-03 17:39:52.011   496  1427 D NfcService: NFC-C OFF, disconnect
07-03 17:39:52.019   158   160 D dalvikvm: GC_CONCURRENT freed 684K, 17% free 12552K/14983K, paused 2ms+4ms
07-03 17:39:52.062  1062  1064 D dalvikvm: GC_CONCURRENT freed 964K, 17% free 9253K/11079K, paused 2ms+2ms
07-03 17:39:52.097  1062  1064 D dalvikvm: GC_CONCURRENT freed 307K, 16% free 9353K/11079K, paused 1ms+2ms
07-03 17:39:52.113  1062  1062 D dalvikvm: GC_FOR_ALLOC freed 120K, 15% free 9481K/11079K, paused 13ms
07-03 17:39:52.144  1062  1064 D dalvikvm: GC_CONCURRENT freed 298K, 13% free 9694K/11079K, paused 2ms+3ms
07-03 17:39:52.394  1062  2157 D dalvikvm: GC_FOR_ALLOC freed 311K, 13% free 9710K/11079K, paused 52ms
07-03 17:39:52.417  1062  2157 D dalvikvm: GC_FOR_ALLOC freed 301K, 13% free 9710K/11079K, paused 18ms
07-03 17:39:52.429  1062  2157 D dalvikvm: GC_FOR_ALLOC freed 301K, 13% free 9711K/11079K, paused 13ms
07-03 17:39:55.804  1062  1062 I PhoneLab-: 1341299141371.log is deleted
07-03 17:39:55.804  1062  1062 I PhoneLab-: Response: {"data": "done", "err": ""}
07-03 17:39:55.925  1062  1064 D dalvikvm: GC_CONCURRENT freed 963K, 17% free 9253K/11079K, paused 14ms+2ms
07-03 17:39:55.960  1062  1064 D dalvikvm: GC_CONCURRENT freed 307K, 16% free 9354K/11079K, paused 1ms+2ms
07-03 17:39:55.976  1062  1062 D dalvikvm: GC_FOR_ALLOC freed 120K, 15% free 9482K/11079K, paused 12ms
07-03 17:39:56.003  1062  1064 D dalvikvm: GC_CONCURRENT freed 298K, 13% free 9695K/11079K, paused 2ms+3ms
07-03 17:39:56.363  1062  2159 D dalvikvm: GC_FOR_ALLOC freed 311K, 13% free 9711K/11079K, paused 42ms
07-03 17:39:56.375  1062  2159 D dalvikvm: GC_FOR_ALLOC freed 301K, 13% free 9711K/11079K, paused 13ms
07-03 17:39:56.390  1062  2159 D dalvikvm: GC_FOR_ALLOC freed 301K, 13% free 9712K/11079K, paused 13ms
07-03 17:39:56.757   650   650 D OpenGLRenderer: Flushing caches (mode 1)
07-03 17:39:57.023   158   208 D dalvikvm: GC_FOR_ALLOC freed 97K, 16% free 12587K/14983K, paused 37ms
07-03 17:39:57.023   158   208 I dalvikvm-heap: Grow heap (frag case) to 12.466MB for 104992-byte allocation
07-03 17:39:57.062   158   208 D dalvikvm: GC_FOR_ALLOC freed 3K, 17% free 12686K/15111K, paused 37ms
07-03 17:39:57.101   158   208 D dalvikvm: GC_FOR_ALLOC freed <1K, 17% free 12686K/15111K, paused 37ms
07-03 17:39:57.101   158   208 I dalvikvm-heap: Grow heap (frag case) to 12.563MB for 104992-byte allocation
07-03 17:39:57.140   158   208 D dalvikvm: GC_FOR_ALLOC freed <1K, 17% free 12789K/15239K, paused 37ms
07-03 17:39:57.191   158   208 D dalvikvm: GC_FOR_ALLOC freed 1K, 17% free 12798K/15239K, paused 38ms
07-03 17:39:57.191   158   208 I dalvikvm-heap: Grow heap (frag case) to 12.672MB for 104992-byte allocation
07-03 17:39:57.226   158   208 D dalvikvm: GC_FOR_ALLOC freed 1K, 17% free 12899K/15367K, paused 37ms
07-03 17:39:57.269   158   208 D dalvikvm: GC_FOR_ALLOC freed <1K, 16% free 13004K/15367K, paused 37ms
07-03 17:39:57.269   158   208 I dalvikvm-heap: Grow heap (frag case) to 12.874MB for 104992-byte allocation
07-03 17:39:57.308   158   208 D dalvikvm: GC_FOR_ALLOC freed 1K, 16% free 13106K/15495K, paused 38ms
07-03 17:39:57.347   158   208 D dalvikvm: GC_FOR_ALLOC freed <1K, 16% free 13106K/15495K, paused 38ms
07-03 17:39:57.347   158   208 I dalvikvm-heap: Grow heap (frag case) to 12.973MB for 104992-byte allocation
07-03 17:39:57.386   158   208 D dalvikvm: GC_FOR_ALLOC freed <1K, 16% free 13209K/15623K, paused 37ms
07-03 17:39:57.390   158   208 V TransportControlView: Create TCV com.android.internal.widget.TransportControlView@4138f110
07-03 17:39:57.425   394   394 D PhoneStatusBar: disable: < expand icons alerts ticker system_info back home RECENT* clock >
07-03 17:39:57.445   650   650 D OpenGLRenderer: Flushing caches (mode 1)
07-03 17:39:57.453   158   208 D android.widget.GridLayout: horizontal constraints: x1 - x0 > 214, x2 - x1 > 96, x3 - x2 > 300, x3 - x0 < 480 are inconsistent; permanently removing: x3 - x0 < 480. 
07-03 17:39:57.457   158   213 I InputReader: Reconfiguring input devices.  changes=0x00000004
07-03 17:39:57.457   158   213 I InputReader: Device reconfigured: id=7, name='mxt224_ts_input', surface size is now 480x800, mode is 1
07-03 17:39:57.472   158   208 I ActivityManager: Config changed: {1.0 310mcc120mnc en_US layoutdir=0 sw320dp w320dp h508dp nrml long port finger -keyb/v/h -nav/h s.11}
07-03 17:39:57.488  1849  1849 D OpenGLRenderer: Flushing caches (mode 0)
07-03 17:39:57.589   158   208 D dalvikvm: GC_FOR_ALLOC freed 48K, 15% free 13301K/15623K, paused 45ms
07-03 17:39:57.589   158   208 I dalvikvm-heap: Grow heap (frag case) to 13.164MB for 104992-byte allocation
07-03 17:39:57.632   158   208 D dalvikvm: GC_FOR_ALLOC freed <1K, 15% free 13403K/15751K, paused 40ms
07-03 17:39:57.675   158   208 D dalvikvm: GC_FOR_ALLOC freed <1K, 15% free 13403K/15751K, paused 42ms
07-03 17:39:57.675   158   208 I dalvikvm-heap: Grow heap (frag case) to 13.264MB for 104992-byte allocation
07-03 17:39:57.726   158  1039 D dalvikvm: GC_FOR_ALLOC freed 10K, 16% free 13496K/15879K, paused 38ms
07-03 17:39:57.789   158   208 D dalvikvm: GC_FOR_ALLOC freed 3K, 15% free 13600K/15879K, paused 37ms
07-03 17:39:57.789   158   208 I dalvikvm-heap: Grow heap (frag case) to 13.456MB for 104992-byte allocation
07-03 17:39:57.839   158  1039 D dalvikvm: GC_FOR_ALLOC freed 1K, 15% free 13701K/16007K, paused 38ms
07-03 17:39:57.847   158   208 V TransportControlView: Create TCV com.android.internal.widget.TransportControlView@415e6e50
07-03 17:39:57.875   394   394 D PhoneStatusBar: disable: < expand icons alerts ticker system_info BACK* HOME* RECENT CLOCK* >
07-03 17:39:58.128  1849  1851 D dalvikvm: GC_CONCURRENT freed 692K, 8% free 10033K/10823K, paused 2ms+3ms
07-03 17:39:59.847  1771  1773 D dalvikvm: GC_CONCURRENT freed 340K, 6% free 9292K/9863K, paused 45ms+2ms
07-03 17:39:59.984  1409  1424 D dalvikvm: GC_EXPLICIT freed 178K, 8% free 9197K/9927K, paused 6ms+3ms
07-03 17:40:00.113  1771  1773 D dalvikvm: GC_CONCURRENT freed 295K, 5% free 9452K/9863K, paused 2ms+2ms
07-03 17:40:00.289  1062  1062 I PhoneLab-: 1341303201348.log is deleted
07-03 17:40:00.289  1062  1062 I PhoneLab-: Response: {"data": "done", "err": ""}
07-03 17:40:00.335  1062  1064 D dalvikvm: GC_CONCURRENT freed 974K, 17% free 9245K/11079K, paused 2ms+2ms
07-03 17:40:00.351  1409  1411 D dalvikvm: GC_CONCURRENT freed 176K, 6% free 9428K/9927K, paused 4ms+5ms
07-03 17:40:00.398  1062  1064 D dalvikvm: GC_CONCURRENT freed 298K, 16% free 9355K/11079K, paused 1ms+4ms
07-03 17:40:00.410  1062  1062 D dalvikvm: GC_FOR_ALLOC freed 120K, 15% free 9483K/11079K, paused 13ms
07-03 17:40:00.441  1062  1064 D dalvikvm: GC_CONCURRENT freed 298K, 13% free 9696K/11079K, paused 1ms+2ms
07-03 17:40:00.593  1771  1773 D dalvikvm: GC_CONCURRENT freed 247K, 4% free 9610K/9991K, paused 2ms+2ms
07-03 17:40:00.683   158   169 D dalvikvm: GC_EXPLICIT freed 567K, 17% free 13295K/16007K, paused 2ms+4ms
07-03 17:40:00.824  1062  2166 D dalvikvm: GC_FOR_ALLOC freed 311K, 13% free 9712K/11079K, paused 28ms
07-03 17:40:00.855  1062  2166 D dalvikvm: GC_FOR_ALLOC freed 301K, 13% free 9712K/11079K, paused 28ms
07-03 17:40:00.875  1062  2166 D dalvikvm: GC_FOR_ALLOC freed 301K, 13% free 9713K/11079K, paused 18ms
07-03 17:40:00.949  1409  1411 D dalvikvm: GC_CONCURRENT freed 603K, 8% free 9257K/9991K, paused 1ms+2ms
07-03 17:40:01.132  1409  1411 D dalvikvm: GC_CONCURRENT freed 210K, 6% free 9432K/9991K, paused 1ms+2ms
07-03 17:40:01.386  1771  1773 D dalvikvm: GC_CONCURRENT freed 599K, 8% free 9455K/10183K, paused 3ms+4ms
07-03 17:40:01.515  1409  1411 D dalvikvm: GC_CONCURRENT freed 485K, 7% free 9374K/9991K, paused 1ms+2ms
07-03 17:40:01.718  1409  1411 D dalvikvm: GC_CONCURRENT freed 299K, 6% free 9463K/9991K, paused 2ms+2ms
07-03 17:40:01.800   158   507 D dalvikvm: GC_EXPLICIT freed 109K, 18% free 13281K/16007K, paused 3ms+5ms
07-03 17:40:02.074  1409  1411 D dalvikvm: GC_CONCURRENT freed 411K, 6% free 9445K/9991K, paused 2ms+2ms
07-03 17:40:02.222  1409  1787 D dalvikvm: GC_EXPLICIT freed 211K, 6% free 9444K/9991K, paused 2ms+2ms
07-03 17:40:02.359  1771  1773 D dalvikvm: GC_CONCURRENT freed 397K, 8% free 9466K/10183K, paused 2ms+4ms
07-03 17:40:02.503   158   207 W WindowManager: App freeze timeout expired.
07-03 17:40:02.578  1409  1411 D dalvikvm: GC_CONCURRENT freed 423K, 6% free 9438K/9991K, paused 2ms+3ms
07-03 17:40:02.800  1771  1773 D dalvikvm: GC_CONCURRENT freed 521K, 9% free 9337K/10183K, paused 2ms+1ms
07-03 17:40:02.917  1409  1411 D dalvikvm: GC_CONCURRENT freed 426K, 6% free 9434K/9991K, paused 3ms+2ms
07-03 17:40:03.046   158   379 D dalvikvm: GC_EXPLICIT freed 214K, 17% free 13286K/16007K, paused 2ms+5ms
07-03 17:40:03.289  1409  1411 D dalvikvm: GC_CONCURRENT freed 571K, 8% free 9286K/9991K, paused 1ms+2ms
07-03 17:40:03.558   650   650 D OpenGLRenderer: Flushing caches (mode 1)
07-03 17:40:04.671  1062  1062 I PhoneLab-: 1341306546119.log is deleted
07-03 17:40:04.671  1062  1062 I PhoneLab-: Response: {"data": "done", "err": ""}
07-03 17:40:04.718  1062  1064 D dalvikvm: GC_CONCURRENT freed 963K, 17% free 9255K/11079K, paused 2ms+5ms
07-03 17:40:04.773  1062  1064 D dalvikvm: GC_CONCURRENT freed 307K, 16% free 9356K/11079K, paused 2ms+2ms
07-03 17:40:04.789  1062  1062 D dalvikvm: GC_FOR_ALLOC freed 120K, 15% free 9484K/11079K, paused 14ms
07-03 17:40:04.820  1062  1064 D dalvikvm: GC_CONCURRENT freed 298K, 13% free 9697K/11079K, paused 2ms+2ms
07-03 17:40:05.105  1062  2172 D dalvikvm: GC_FOR_ALLOC freed 311K, 13% free 9713K/11079K, paused 15ms
07-03 17:40:05.132   650   650 D OpenGLRenderer: Flushing caches (mode 1)
07-03 17:40:05.140  1062  2172 D dalvikvm: GC_FOR_ALLOC freed 301K, 13% free 9713K/11079K, paused 33ms
07-03 17:40:05.152  1062  2172 D dalvikvm: GC_FOR_ALLOC freed 301K, 13% free 9714K/11079K, paused 12ms
07-03 17:40:09.292  1062  1062 I PhoneLab-: 1341310748266.log is deleted
07-03 17:40:09.292  1062  1062 I PhoneLab-: Response: {"data": "done", "err": ""}
07-03 17:40:09.421  1062  1064 D dalvikvm: GC_CONCURRENT freed 953K, 17% free 9266K/11079K, paused 14ms+2ms
07-03 17:40:09.468  1062  1064 D dalvikvm: GC_CONCURRENT freed 318K, 16% free 9356K/11079K, paused 2ms+2ms
07-03 17:40:09.480  1062  1062 D dalvikvm: GC_FOR_ALLOC freed 120K, 15% free 9484K/11079K, paused 13ms
07-03 17:40:09.507  1062  1064 D dalvikvm: GC_CONCURRENT freed 298K, 13% free 9697K/11079K, paused 2ms+2ms
07-03 17:40:09.941  1062  2175 D dalvikvm: GC_FOR_ALLOC freed 311K, 13% free 9713K/11079K, paused 43ms
07-03 17:40:09.953  1062  2175 D dalvikvm: GC_FOR_ALLOC freed 301K, 13% free 9713K/11079K, paused 13ms
07-03 17:40:09.968  1062  2175 D dalvikvm: GC_FOR_ALLOC freed 301K, 13% free 9714K/11079K, paused 13ms
07-03 17:40:13.410  1062  1062 I PhoneLab-: 1341314648031.log is deleted
07-03 17:40:13.410  1062  1062 I PhoneLab-: Response: {"data": "done", "err": ""}
07-03 17:40:13.542  1062  1064 D dalvikvm: GC_CONCURRENT freed 964K, 17% free 9254K/11079K, paused 14ms+2ms
07-03 17:40:13.578  1062  1064 D dalvikvm: GC_CONCURRENT freed 305K, 16% free 9357K/11079K, paused 2ms+2ms
07-03 17:40:13.593  1062  1062 D dalvikvm: GC_FOR_ALLOC freed 120K, 15% free 9485K/11079K, paused 13ms
07-03 17:40:13.621  1062  1064 D dalvikvm: GC_CONCURRENT freed 298K, 13% free 9698K/11079K, paused 2ms+3ms
07-03 17:40:14.328  1062  2177 D dalvikvm: GC_FOR_ALLOC freed 311K, 13% free 9714K/11079K, paused 42ms
07-03 17:40:14.339  1062  2177 D dalvikvm: GC_FOR_ALLOC freed 301K, 13% free 9714K/11079K, paused 13ms
07-03 17:40:14.355  1062  2177 D dalvikvm: GC_FOR_ALLOC freed 301K, 13% free 9715K/11079K, paused 13ms
07-03 17:40:22.757  1062  1062 I PhoneLab-: 1341318546422.log is deleted
07-03 17:40:22.757  1062  1062 I PhoneLab-: Response: {"data": "done", "err": ""}
07-03 17:40:22.816  1062  1064 D dalvikvm: GC_CONCURRENT freed 972K, 17% free 9247K/11079K, paused 2ms+2ms
07-03 17:40:22.863  1062  1064 D dalvikvm: GC_CONCURRENT freed 299K, 16% free 9356K/11079K, paused 2ms+2ms
07-03 17:40:22.875  1062  1062 D dalvikvm: GC_FOR_ALLOC freed 120K, 15% free 9484K/11079K, paused 13ms
07-03 17:40:22.902  1062  1064 D dalvikvm: GC_CONCURRENT freed 299K, 13% free 9696K/11079K, paused 1ms+2ms
07-03 17:40:22.937  1062  1285 I PhoneLab-: Service Running
07-03 17:40:22.976  1062  1285 I PhoneLab-LoggerService: app_36    1289  1062  1800   1424  c00f181c 400107b4 S logcat
07-03 17:40:22.976  1062  1285 I PhoneLab-LoggerService: Logcat pid from database 1289
07-03 17:40:22.976  1062  1285 I PhoneLab-LoggerService: Logcat process found 1289
07-03 17:40:22.976  1062  1285 I PhoneLab-LoggerService: Checking Threshold
07-03 17:40:22.980  1062  1285 I PhoneLab-LoggerService: Starting to rename files
07-03 17:40:22.980  1062  1285 I PhoneLab-LoggerService: Files found .. 34
07-03 17:40:23.355  1062  1064 D dalvikvm: GC_CONCURRENT freed 395K, 13% free 9713K/11079K, paused 14ms+2ms
07-03 17:40:23.371  1062  2179 D dalvikvm: GC_FOR_ALLOC freed 301K, 13% free 9713K/11079K, paused 13ms
07-03 17:40:23.390  1062  2179 D dalvikvm: GC_FOR_ALLOC freed 302K, 13% free 9713K/11079K, paused 13ms
07-03 17:40:28.503  1062  1062 I PhoneLab-: 1341320952601.log is deleted
07-03 17:40:28.507  1062  1062 I PhoneLab-: Response: {"data": "done", "err": ""}
07-03 17:40:28.558  1062  1064 D dalvikvm: GC_CONCURRENT freed 974K, 17% free 9243K/11079K, paused 1ms+3ms
07-03 17:40:28.605  1062  1064 D dalvikvm: GC_CONCURRENT freed 300K, 16% free 9351K/11079K, paused 1ms+2ms
07-03 17:40:28.621  1062  1062 D dalvikvm: GC_FOR_ALLOC freed 120K, 15% free 9478K/11079K, paused 13ms
07-03 17:40:28.648  1062  1064 D dalvikvm: GC_CONCURRENT freed 298K, 13% free 9692K/11079K, paused 1ms+2ms
07-03 17:40:28.968  1062  2182 D dalvikvm: GC_FOR_ALLOC freed 311K, 13% free 9707K/11079K, paused 60ms
07-03 17:40:28.984  1062  2182 D dalvikvm: GC_FOR_ALLOC freed 301K, 13% free 9707K/11079K, paused 12ms
07-03 17:40:28.996  1062  2182 D dalvikvm: GC_FOR_ALLOC freed 301K, 13% free 9708K/11079K, paused 13ms
07-03 17:40:32.996  1062  1062 I PhoneLab-: 1341323346309.log is deleted
07-03 17:40:32.996  1062  1062 I PhoneLab-: Response: {"data": "done", "err": ""}
07-03 17:40:33.054  1062  1064 D dalvikvm: GC_CONCURRENT freed 972K, 17% free 9238K/11079K, paused 2ms+2ms
07-03 17:40:33.097  1062  1064 D dalvikvm: GC_CONCURRENT freed 299K, 16% free 9347K/11079K, paused 1ms+2ms
07-03 17:40:33.113  1062  1062 D dalvikvm: GC_FOR_ALLOC freed 120K, 15% free 9475K/11079K, paused 13ms
07-03 17:40:33.140  1062  1064 D dalvikvm: GC_CONCURRENT freed 298K, 13% free 9688K/11079K, paused 2ms+3ms
07-03 17:40:33.296  1409  1409 I CalendarProvider2: Sending notification intent: Intent { act=android.intent.action.PROVIDER_CHANGED dat=content://com.android.calendar }
07-03 17:40:33.300  1409  1409 W ContentResolver: Failed to get type for: content://com.android.calendar (Unknown URL content://com.android.calendar)
07-03 17:40:34.171  1062  2184 D dalvikvm: GC_FOR_ALLOC freed 311K, 13% free 9704K/11079K, paused 41ms
07-03 17:40:34.183  1062  2184 D dalvikvm: GC_FOR_ALLOC freed 301K, 13% free 9704K/11079K, paused 12ms
07-03 17:40:34.199  1062  2184 D dalvikvm: GC_FOR_ALLOC freed 301K, 13% free 9705K/11079K, paused 13ms
07-03 17:40:39.988  1062  1062 I PhoneLab-: 1341325746186.log is deleted
07-03 17:40:39.988  1062  1062 I PhoneLab-: Response: {"data": "done", "err": ""}
07-03 17:40:40.050  1062  1064 D dalvikvm: GC_CONCURRENT freed 976K, 17% free 9232K/11079K, paused 2ms+3ms
07-03 17:40:40.093  1062  1064 D dalvikvm: GC_CONCURRENT freed 303K, 16% free 9338K/11079K, paused 2ms+2ms
07-03 17:40:40.109  1062  1062 D dalvikvm: GC_FOR_ALLOC freed 120K, 15% free 9466K/11079K, paused 13ms
07-03 17:40:40.136  1062  1064 D dalvikvm: GC_CONCURRENT freed 298K, 13% free 9679K/11079K, paused 2ms+2ms
07-03 17:40:40.437  1062  2186 D dalvikvm: GC_FOR_ALLOC freed 310K, 13% free 9695K/11079K, paused 42ms
07-03 17:40:40.453  1062  2186 D dalvikvm: GC_FOR_ALLOC freed 301K, 13% free 9695K/11079K, paused 13ms
07-03 17:40:40.468  1062  2186 D dalvikvm: GC_FOR_ALLOC freed 301K, 13% free 9696K/11079K, paused 13ms
07-03 17:40:45.628  1062  1062 I PhoneLab-: 1341326985753.log is deleted
07-03 17:40:45.628  1062  1062 I PhoneLab-: Response: {"data": "done", "err": ""}
07-03 17:40:45.687  1062  1064 D dalvikvm: GC_CONCURRENT freed 974K, 17% free 9224K/11079K, paused 2ms+2ms
07-03 17:40:45.726  1062  1064 D dalvikvm: GC_CONCURRENT freed 302K, 16% free 9331K/11079K, paused 2ms+2ms
07-03 17:40:45.742  1062  1062 D dalvikvm: GC_FOR_ALLOC freed 121K, 15% free 9459K/11079K, paused 13ms
07-03 17:40:45.769  1062  1064 D dalvikvm: GC_CONCURRENT freed 298K, 13% free 9671K/11079K, paused 2ms+3ms
07-03 17:40:46.070  1062  2188 D dalvikvm: GC_FOR_ALLOC freed 310K, 13% free 9688K/11079K, paused 40ms
07-03 17:40:46.082  1062  2188 D dalvikvm: GC_FOR_ALLOC freed 301K, 13% free 9688K/11079K, paused 13ms
07-03 17:40:46.097  1062  2188 D dalvikvm: GC_FOR_ALLOC freed 301K, 13% free 9689K/11079K, paused 12ms
07-03 17:40:50.648  1062  1062 I PhoneLab-: 1341327013011.log is deleted
07-03 17:40:50.648  1062  1062 I PhoneLab-: Response: {"data": "done", "err": ""}
07-03 17:40:50.703  1062  1064 D dalvikvm: GC_CONCURRENT freed 974K, 17% free 9216K/11079K, paused 1ms+2ms
07-03 17:40:50.738  1062  1064 D dalvikvm: GC_CONCURRENT freed 302K, 16% free 9323K/11079K, paused 2ms+2ms
07-03 17:40:50.753  1062  1062 D dalvikvm: GC_FOR_ALLOC freed 120K, 15% free 9450K/11079K, paused 13ms
07-03 17:40:50.777  1062  1064 D dalvikvm: GC_CONCURRENT freed 298K, 13% free 9664K/11079K, paused 2ms+2ms
07-03 17:40:51.085  1062  2190 D dalvikvm: GC_FOR_ALLOC freed 310K, 13% free 9680K/11079K, paused 41ms
07-03 17:40:51.097  1062  2190 D dalvikvm: GC_FOR_ALLOC freed 301K, 13% free 9681K/11079K, paused 12ms
07-03 17:40:51.113  1062  2190 D dalvikvm: GC_FOR_ALLOC freed 301K, 13% free 9682K/11079K, paused 12ms
07-03 17:40:56.605  1062  1062 I PhoneLab-: 1341327548707.log is deleted
07-03 17:40:56.605  1062  1062 I PhoneLab-: Response: {"data": "done", "err": ""}
07-03 17:40:56.691  1062  1064 D dalvikvm: GC_CONCURRENT freed 971K, 17% free 9212K/11079K, paused 2ms+2ms
07-03 17:40:56.738  1062  1064 D dalvikvm: GC_CONCURRENT freed 300K, 16% free 9320K/11079K, paused 1ms+1ms
07-03 17:40:56.753  1062  1062 D dalvikvm: GC_FOR_ALLOC freed 120K, 15% free 9448K/11079K, paused 12ms
07-03 17:40:56.781  1062  1064 D dalvikvm: GC_CONCURRENT freed 298K, 13% free 9661K/11079K, paused 2ms+2ms
07-03 17:40:57.355  1062  2192 D dalvikvm: GC_FOR_ALLOC freed 309K, 13% free 9678K/11079K, paused 42ms
07-03 17:40:57.371  1062  2192 D dalvikvm: GC_FOR_ALLOC freed 301K, 13% free 9679K/11079K, paused 12ms
07-03 17:40:57.382  1062  2192 D dalvikvm: GC_FOR_ALLOC freed 301K, 13% free 9680K/11079K, paused 12ms
07-03 17:41:01.714  1062  1062 I PhoneLab-: 1341328686988.log is deleted
07-03 17:41:01.718  1062  1062 I PhoneLab-: Response: {"data": "done", "err": ""}
07-03 17:41:01.800  1062  1064 D dalvikvm: GC_CONCURRENT freed 939K, 17% free 9241K/11079K, paused 1ms+2ms
07-03 17:41:01.843  1062  1064 D dalvikvm: GC_CONCURRENT freed 329K, 16% free 9320K/11079K, paused 2ms+1ms
07-03 17:41:01.859  1062  1062 D dalvikvm: GC_FOR_ALLOC freed 120K, 15% free 9448K/11079K, paused 12ms
07-03 17:41:01.882  1062  1064 D dalvikvm: GC_CONCURRENT freed 298K, 13% free 9661K/11079K, paused 2ms+2ms
07-03 17:41:02.164  1062  2194 D dalvikvm: GC_FOR_ALLOC freed 309K, 13% free 9678K/11079K, paused 53ms
07-03 17:41:02.179  1062  2194 D dalvikvm: GC_FOR_ALLOC freed 301K, 13% free 9679K/11079K, paused 13ms
07-03 17:41:02.191  1062  2194 D dalvikvm: GC_FOR_ALLOC freed 301K, 13% free 9680K/11079K, paused 13ms
07-03 17:41:05.582  1062  1062 I PhoneLab-: 1341328714874.log is deleted
07-03 17:41:05.582  1062  1062 I PhoneLab-: Response: {"data": "done", "err": ""}
07-03 17:41:05.652  1062  1064 D dalvikvm: GC_CONCURRENT freed 969K, 17% free 9210K/11079K, paused 2ms+2ms
07-03 17:41:05.687  1062  1064 D dalvikvm: GC_CONCURRENT freed 298K, 16% free 9320K/11079K, paused 2ms+2ms
07-03 17:41:05.703  1062  1062 D dalvikvm: GC_FOR_ALLOC freed 120K, 15% free 9448K/11079K, paused 13ms
07-03 17:41:05.730  1062  1064 D dalvikvm: GC_CONCURRENT freed 298K, 13% free 9661K/11079K, paused 2ms+2ms
07-03 17:41:06.023  1062  2196 D dalvikvm: GC_FOR_ALLOC freed 309K, 13% free 9678K/11079K, paused 42ms
07-03 17:41:06.035  1062  2196 D dalvikvm: GC_FOR_ALLOC freed 301K, 13% free 9679K/11079K, paused 12ms
07-03 17:41:06.050  1062  2196 D dalvikvm: GC_FOR_ALLOC freed 301K, 13% free 9680K/11079K, paused 12ms
07-03 17:41:09.625  1062  1062 I PhoneLab-: 1341329429294.log is deleted
07-03 17:41:09.625  1062  1062 I PhoneLab-: Response: {"data": "done", "err": ""}
07-03 17:41:09.683  1062  1064 D dalvikvm: GC_CONCURRENT freed 968K, 17% free 9210K/11079K, paused 2ms+2ms
07-03 17:41:09.718  1062  1064 D dalvikvm: GC_CONCURRENT freed 298K, 16% free 9320K/11079K, paused 1ms+1ms
07-03 17:41:09.734  1062  1062 D dalvikvm: GC_FOR_ALLOC freed 120K, 15% free 9448K/11079K, paused 12ms
07-03 17:41:09.761  1062  1064 D dalvikvm: GC_CONCURRENT freed 298K, 13% free 9661K/11079K, paused 2ms+2ms
07-03 17:41:10.105  1062  2198 D dalvikvm: GC_FOR_ALLOC freed 309K, 13% free 9678K/11079K, paused 44ms
07-03 17:41:10.121  1062  2198 D dalvikvm: GC_FOR_ALLOC freed 301K, 13% free 9679K/11079K, paused 13ms
07-03 17:41:10.132  1062  2198 D dalvikvm: GC_FOR_ALLOC freed 301K, 13% free 9680K/11079K, paused 13ms
07-03 17:41:14.261  1062  1062 I PhoneLab-: 1341330746077.log is deleted
07-03 17:41:14.261  1062  1062 I PhoneLab-: Response: {"data": "done", "err": ""}
07-03 17:41:14.386  1062  1064 D dalvikvm: GC_CONCURRENT freed 968K, 17% free 9210K/11079K, paused 12ms+2ms
07-03 17:41:14.421  1062  1064 D dalvikvm: GC_CONCURRENT freed 298K, 16% free 9320K/11079K, paused 2ms+2ms
07-03 17:41:14.437  1062  1062 D dalvikvm: GC_FOR_ALLOC freed 120K, 15% free 9448K/11079K, paused 13ms
07-03 17:41:14.464  1062  1064 D dalvikvm: GC_CONCURRENT freed 298K, 13% free 9661K/11079K, paused 2ms+2ms
07-03 17:41:14.804  1062  2200 D dalvikvm: GC_FOR_ALLOC freed 309K, 13% free 9678K/11079K, paused 44ms
07-03 17:41:14.820  1062  2200 D dalvikvm: GC_FOR_ALLOC freed 301K, 13% free 9679K/11079K, paused 12ms
07-03 17:41:14.832  1062  2200 D dalvikvm: GC_FOR_ALLOC freed 301K, 13% free 9680K/11079K, paused 12ms
07-03 17:41:18.425  1062  1062 I PhoneLab-: 1341331635109.log is deleted
07-03 17:41:18.429  1062  1062 I PhoneLab-: Response: {"data": "done", "err": ""}
07-03 17:41:18.484  1062  1064 D dalvikvm: GC_CONCURRENT freed 967K, 17% free 9210K/11079K, paused 2ms+2ms
07-03 17:41:18.531  1062  1064 D dalvikvm: GC_CONCURRENT freed 298K, 16% free 9321K/11079K, paused 2ms+1ms
07-03 17:41:18.546  1062  1062 D dalvikvm: GC_FOR_ALLOC freed 120K, 15% free 9449K/11079K, paused 12ms
07-03 17:41:18.570  1062  1064 D dalvikvm: GC_CONCURRENT freed 298K, 13% free 9662K/11079K, paused 2ms+2ms
07-03 17:41:18.902  1062  2202 D dalvikvm: GC_FOR_ALLOC freed 309K, 13% free 9679K/11079K, paused 68ms
07-03 17:41:18.917  1062  2202 D dalvikvm: GC_FOR_ALLOC freed 301K, 13% free 9680K/11079K, paused 12ms
07-03 17:41:18.929  1062  2202 D dalvikvm: GC_FOR_ALLOC freed 301K, 13% free 9681K/11079K, paused 12ms
07-03 17:41:23.023  1062  1062 I PhoneLab-: 1341331987360.log is deleted
07-03 17:41:23.023  1062  1062 I PhoneLab-: Response: {"data": "done", "err": ""}
07-03 17:41:23.093  1062  1064 D dalvikvm: GC_CONCURRENT freed 942K, 17% free 9236K/11079K, paused 2ms+2ms
07-03 17:41:23.144  1062  1064 D dalvikvm: GC_CONCURRENT freed 324K, 16% free 9321K/11079K, paused 2ms+2ms
07-03 17:41:23.160  1062  1062 D dalvikvm: GC_FOR_ALLOC freed 120K, 15% free 9449K/11079K, paused 14ms
07-03 17:41:23.191  1062  1064 D dalvikvm: GC_CONCURRENT freed 298K, 13% free 9662K/11079K, paused 2ms+3ms
07-03 17:41:23.472  1062  2204 D dalvikvm: GC_FOR_ALLOC freed 309K, 13% free 9680K/11079K, paused 54ms
07-03 17:41:23.484  1062  2204 D dalvikvm: GC_FOR_ALLOC freed 301K, 13% free 9680K/11079K, paused 12ms
07-03 17:41:23.500  1062  2204 D dalvikvm: GC_FOR_ALLOC freed 301K, 13% free 9681K/11079K, paused 12ms
07-03 17:41:26.890  1062  1062 I PhoneLab-: 1341332346229.log is deleted
07-03 17:41:26.890  1062  1062 I PhoneLab-: Response: {"data": "done", "err": ""}
07-03 17:41:26.945  1062  1064 D dalvikvm: GC_CONCURRENT freed 966K, 17% free 9211K/11079K, paused 2ms+2ms
07-03 17:41:26.984  1062  1064 D dalvikvm: GC_CONCURRENT freed 298K, 16% free 9322K/11079K, paused 1ms+2ms
07-03 17:41:26.996  1062  1062 D dalvikvm: GC_FOR_ALLOC freed 120K, 15% free 9450K/11079K, paused 13ms
07-03 17:41:27.023  1062  1064 D dalvikvm: GC_CONCURRENT freed 298K, 13% free 9663K/11079K, paused 2ms+2ms
07-03 17:41:27.542  1062  2206 D dalvikvm: GC_FOR_ALLOC freed 308K, 13% free 9681K/11079K, paused 43ms
07-03 17:41:27.558  1062  2206 D dalvikvm: GC_FOR_ALLOC freed 301K, 13% free 9681K/11079K, paused 13ms
07-03 17:41:27.570  1062  2206 D dalvikvm: GC_FOR_ALLOC freed 301K, 13% free 9682K/11079K, paused 12ms
07-03 17:41:31.695  1062  1062 I PhoneLab-: 1341332947052.log is deleted
07-03 17:41:31.695  1062  1062 I PhoneLab-: Response: {"data": "done", "err": ""}
07-03 17:41:31.750  1062  1064 D dalvikvm: GC_CONCURRENT freed 967K, 17% free 9212K/11079K, paused 1ms+2ms
07-03 17:41:31.796  1062  1064 D dalvikvm: GC_CONCURRENT freed 298K, 16% free 9322K/11079K, paused 2ms+2ms
07-03 17:41:31.812  1062  1062 D dalvikvm: GC_FOR_ALLOC freed 120K, 15% free 9449K/11079K, paused 12ms
07-03 17:41:31.835  1062  1064 D dalvikvm: GC_CONCURRENT freed 298K, 13% free 9663K/11079K, paused 2ms+2ms
07-03 17:41:32.457  1062  2208 D dalvikvm: GC_FOR_ALLOC freed 308K, 13% free 9681K/11079K, paused 40ms
07-03 17:41:32.468  1062  2208 D dalvikvm: GC_FOR_ALLOC freed 301K, 13% free 9681K/11079K, paused 12ms
07-03 17:41:32.484  1062  2208 D dalvikvm: GC_FOR_ALLOC freed 301K, 13% free 9682K/11079K, paused 12ms
07-03 17:41:36.914  1062  1062 I PhoneLab-: 1341333267574.log is deleted
07-03 17:41:36.914  1062  1062 I PhoneLab-: Response: {"data": "done", "err": ""}
07-03 17:41:36.972  1062  1064 D dalvikvm: GC_CONCURRENT freed 966K, 17% free 9212K/11079K, paused 2ms+2ms
07-03 17:41:37.011  1062  1064 D dalvikvm: GC_CONCURRENT freed 298K, 16% free 9322K/11079K, paused 2ms+2ms
07-03 17:41:37.023  1062  1062 D dalvikvm: GC_FOR_ALLOC freed 120K, 15% free 9449K/11079K, paused 12ms
07-03 17:41:37.050  1062  1064 D dalvikvm: GC_CONCURRENT freed 298K, 13% free 9663K/11079K, paused 1ms+3ms
07-03 17:41:37.371  1062  2210 D dalvikvm: GC_FOR_ALLOC freed 308K, 13% free 9681K/11079K, paused 48ms
07-03 17:41:37.386  1062  2210 D dalvikvm: GC_FOR_ALLOC freed 301K, 13% free 9681K/11079K, paused 12ms
07-03 17:41:37.398  1062  2210 D dalvikvm: GC_FOR_ALLOC freed 301K, 13% free 9682K/11079K, paused 12ms
07-03 17:41:40.898  1062  1062 I PhoneLab-: 1341333975238.log is deleted
07-03 17:41:40.898  1062  1062 I PhoneLab-: Response: {"data": "done", "err": ""}
07-03 17:41:40.945  1062  1064 D dalvikvm: GC_CONCURRENT freed 966K, 17% free 9212K/11079K, paused 1ms+2ms
07-03 17:41:40.992  1062  1064 D dalvikvm: GC_CONCURRENT freed 298K, 16% free 9321K/11079K, paused 2ms+1ms
07-03 17:41:41.003  1062  1062 D dalvikvm: GC_FOR_ALLOC freed 120K, 15% free 9449K/11079K, paused 13ms
07-03 17:41:41.031  1062  1064 D dalvikvm: GC_CONCURRENT freed 298K, 13% free 9663K/11079K, paused 2ms+2ms
07-03 17:41:41.351  1062  2212 D dalvikvm: GC_FOR_ALLOC freed 308K, 13% free 9681K/11079K, paused 56ms
07-03 17:41:41.363  1062  2212 D dalvikvm: GC_FOR_ALLOC freed 301K, 13% free 9681K/11079K, paused 12ms
07-03 17:41:41.378  1062  2212 D dalvikvm: GC_FOR_ALLOC freed 301K, 13% free 9682K/11079K, paused 12ms
07-03 17:41:45.582  1062  1062 I PhoneLab-: 1341334448178.log is deleted
07-03 17:41:45.582  1062  1062 I PhoneLab-: Response: {"data": "done", "err": ""}
07-03 17:41:45.652  1062  1064 D dalvikvm: GC_CONCURRENT freed 929K, 17% free 9248K/11079K, paused 2ms+2ms
07-03 17:41:45.707  1062  1064 D dalvikvm: GC_CONCURRENT freed 334K, 16% free 9322K/11079K, paused 2ms+3ms
07-03 17:41:45.722  1062  1062 D dalvikvm: GC_FOR_ALLOC freed 120K, 15% free 9450K/11079K, paused 15ms
07-03 17:41:45.750  1062  1064 D dalvikvm: GC_CONCURRENT freed 299K, 13% free 9662K/11079K, paused 2ms+2ms
07-03 17:41:46.070  1062  2214 D dalvikvm: GC_FOR_ALLOC freed 308K, 13% free 9681K/11079K, paused 73ms
07-03 17:41:46.085  1062  2214 D dalvikvm: GC_FOR_ALLOC freed 301K, 13% free 9681K/11079K, paused 13ms
07-03 17:41:46.097  1062  2214 D dalvikvm: GC_FOR_ALLOC freed 301K, 13% free 9682K/11079K, paused 13ms
07-03 17:41:49.558  1062  1062 I PhoneLab-: 1341334924837.log is deleted
07-03 17:41:49.558  1062  1062 I PhoneLab-: Response: {"data": "done", "err": ""}
07-03 17:41:49.617  1062  1064 D dalvikvm: GC_CONCURRENT freed 958K, 17% free 9219K/11079K, paused 2ms+2ms
07-03 17:41:49.660  1062  1064 D dalvikvm: GC_CONCURRENT freed 305K, 16% free 9322K/11079K, paused 2ms+2ms
07-03 17:41:49.675  1062  1062 D dalvikvm: GC_FOR_ALLOC freed 120K, 15% free 9450K/11079K, paused 12ms
07-03 17:41:49.699  1062  1064 D dalvikvm: GC_CONCURRENT freed 298K, 13% free 9663K/11079K, paused 1ms+2ms
07-03 17:41:50.003  1062  2216 D dalvikvm: GC_FOR_ALLOC freed 308K, 13% free 9682K/11079K, paused 39ms
07-03 17:41:50.015  1062  2216 D dalvikvm: GC_FOR_ALLOC freed 301K, 13% free 9682K/11079K, paused 12ms
07-03 17:41:50.027  1062  2216 D dalvikvm: GC_FOR_ALLOC freed 301K, 13% free 9683K/11079K, paused 12ms
07-03 17:41:53.316  1062  1062 I PhoneLab-: 1341335168797.log is deleted
07-03 17:41:53.316  1062  1062 I PhoneLab-: Response: {"data": "done", "err": ""}
07-03 17:41:53.386  1062  1064 D dalvikvm: GC_CONCURRENT freed 934K, 17% free 9243K/11079K, paused 2ms+2ms
07-03 17:41:53.437  1062  1064 D dalvikvm: GC_CONCURRENT freed 329K, 16% free 9322K/11079K, paused 2ms+2ms
07-03 17:41:53.453  1062  1062 D dalvikvm: GC_FOR_ALLOC freed 120K, 15% free 9450K/11079K, paused 14ms
07-03 17:41:53.484  1062  1064 D dalvikvm: GC_CONCURRENT freed 298K, 13% free 9663K/11079K, paused 2ms+2ms
07-03 17:41:55.750  1062  2218 D dalvikvm: GC_FOR_ALLOC freed 307K, 13% free 9682K/11079K, paused 40ms
07-03 17:41:55.761  1062  2218 D dalvikvm: GC_FOR_ALLOC freed 301K, 13% free 9682K/11079K, paused 12ms
07-03 17:41:55.777  1062  2218 D dalvikvm: GC_FOR_ALLOC freed 301K, 13% free 9683K/11079K, paused 12ms
07-03 17:41:58.222  1062  1062 I PhoneLab-: 1341335203458.log is deleted
07-03 17:41:58.222  1062  1062 I PhoneLab-: Response: {"data": "done", "err": ""}
07-03 17:41:58.281  1062  1064 D dalvikvm: GC_CONCURRENT freed 957K, 17% free 9220K/11079K, paused 2ms+2ms
07-03 17:41:58.316  1062  1064 D dalvikvm: GC_CONCURRENT freed 306K, 16% free 9322K/11079K, paused 2ms+2ms
07-03 17:41:58.332  1062  1062 D dalvikvm: GC_FOR_ALLOC freed 120K, 15% free 9450K/11079K, paused 12ms
07-03 17:41:58.355  1062  1064 D dalvikvm: GC_CONCURRENT freed 298K, 13% free 9663K/11079K, paused 1ms+2ms
07-03 17:41:58.667  1062  2220 D dalvikvm: GC_FOR_ALLOC freed 307K, 13% free 9682K/11079K, paused 47ms
07-03 17:41:58.683  1062  2220 D dalvikvm: GC_FOR_ALLOC freed 301K, 13% free 9682K/11079K, paused 13ms
07-03 17:41:58.695  1062  2220 D dalvikvm: GC_FOR_ALLOC freed 301K, 13% free 9683K/11079K, paused 13ms
07-03 17:42:01.699  1062  1062 I PhoneLab-: 1341335234412.log is deleted
07-03 17:42:01.699  1062  1062 I PhoneLab-: Response: {"data": "done", "err": ""}
07-03 17:42:01.765  1062  1064 D dalvikvm: GC_CONCURRENT freed 957K, 17% free 9220K/11079K, paused 2ms+3ms
07-03 17:42:01.800  1062  1064 D dalvikvm: GC_CONCURRENT freed 306K, 16% free 9322K/11079K, paused 2ms+2ms
07-03 17:42:01.816  1062  1062 D dalvikvm: GC_FOR_ALLOC freed 120K, 15% free 9450K/11079K, paused 12ms
07-03 17:42:01.839  1062  1064 D dalvikvm: GC_CONCURRENT freed 298K, 13% free 9663K/11079K, paused 1ms+2ms
07-03 17:42:02.125  1062  2222 D dalvikvm: GC_FOR_ALLOC freed 307K, 13% free 9682K/11079K, paused 19ms
07-03 17:42:02.136  1062  2222 D dalvikvm: GC_FOR_ALLOC freed 301K, 13% free 9682K/11079K, paused 12ms
07-03 17:42:02.152  1062  2222 D dalvikvm: GC_FOR_ALLOC freed 301K, 13% free 9683K/11079K, paused 13ms
07-03 17:42:04.679   158   160 D dalvikvm: GC_CONCURRENT freed 924K, 17% free 13323K/16007K, paused 3ms+6ms
07-03 17:42:05.097  1062  1062 I PhoneLab-: 1341335267285.log is deleted
07-03 17:42:05.097  1062  1062 I PhoneLab-: Response: {"data": "done", "err": ""}
07-03 17:42:05.140  1062  1064 D dalvikvm: GC_CONCURRENT freed 956K, 17% free 9220K/11079K, paused 2ms+3ms
07-03 17:42:05.191  1062  1064 D dalvikvm: GC_CONCURRENT freed 305K, 16% free 9323K/11079K, paused 2ms+3ms
07-03 17:42:05.207  1062  1062 D dalvikvm: GC_FOR_ALLOC freed 120K, 15% free 9451K/11079K, paused 15ms
07-03 17:42:05.238  1062  1064 D dalvikvm: GC_CONCURRENT freed 298K, 13% free 9664K/11079K, paused 2ms+3ms
07-03 17:42:05.886  1062  2224 D dalvikvm: GC_FOR_ALLOC freed 308K, 13% free 9683K/11079K, paused 48ms
07-03 17:42:05.902  1062  2224 D dalvikvm: GC_FOR_ALLOC freed 301K, 13% free 9682K/11079K, paused 12ms
07-03 17:42:05.914  1062  2224 D dalvikvm: GC_FOR_ALLOC freed 301K, 13% free 9683K/11079K, paused 13ms
07-03 17:42:09.195  1062  1062 I PhoneLab-: 1341335297949.log is deleted
07-03 17:42:09.199  1062  1062 I PhoneLab-: Response: {"data": "done", "err": ""}
07-03 17:42:09.246  1062  1064 D dalvikvm: GC_CONCURRENT freed 955K, 17% free 9220K/11079K, paused 2ms+2ms
07-03 17:42:09.281  1062  1064 D dalvikvm: GC_CONCURRENT freed 305K, 16% free 9323K/11079K, paused 2ms+2ms
07-03 17:42:09.296  1062  1062 D dalvikvm: GC_FOR_ALLOC freed 120K, 15% free 9451K/11079K, paused 14ms
07-03 17:42:09.324  1062  1064 D dalvikvm: GC_CONCURRENT freed 298K, 13% free 9664K/11079K, paused 2ms+2ms
07-03 17:42:09.953  1062  2226 D dalvikvm: GC_FOR_ALLOC freed 309K, 13% free 9683K/11079K, paused 41ms
07-03 17:42:09.968  1062  2226 D dalvikvm: GC_FOR_ALLOC freed 303K, 13% free 9682K/11079K, paused 12ms
07-03 17:42:09.980  1062  2226 D dalvikvm: GC_FOR_ALLOC freed 302K, 13% free 9683K/11079K, paused 12ms
07-03 17:42:12.441  1062  1062 I PhoneLab-: 1341335933888.log is deleted
07-03 17:42:12.441  1062  1062 I PhoneLab-: Response: {"data": "done", "err": ""}
07-03 17:42:12.488  1062  1064 D dalvikvm: GC_CONCURRENT freed 956K, 17% free 9220K/11079K, paused 1ms+2ms
07-03 17:42:12.527  1062  1064 D dalvikvm: GC_CONCURRENT freed 305K, 16% free 9323K/11079K, paused 2ms+1ms
07-03 17:42:12.539  1062  1062 D dalvikvm: GC_FOR_ALLOC freed 120K, 15% free 9450K/11079K, paused 12ms
07-03 17:42:12.566  1062  1064 D dalvikvm: GC_CONCURRENT freed 298K, 13% free 9664K/11079K, paused 2ms+3ms
07-03 17:42:12.980  1062  2228 D dalvikvm: GC_FOR_ALLOC freed 307K, 13% free 9683K/11079K, paused 44ms
07-03 17:42:12.996  1062  2228 D dalvikvm: GC_FOR_ALLOC freed 301K, 13% free 9684K/11079K, paused 12ms
07-03 17:42:13.007  1062  2228 D dalvikvm: GC_FOR_ALLOC freed 301K, 13% free 9685K/11079K, paused 12ms
07-03 17:42:16.820  1062  1062 I PhoneLab-: 1341335933896.log is deleted
07-03 17:42:16.820  1062  1062 I PhoneLab-: Response: {"data": "done", "err": ""}
07-03 17:42:16.941  1062  1064 D dalvikvm: GC_CONCURRENT freed 955K, 17% free 9220K/11079K, paused 12ms+3ms
07-03 17:42:16.980  1062  1064 D dalvikvm: GC_CONCURRENT freed 306K, 16% free 9322K/11079K, paused 1ms+1ms
07-03 17:42:16.992  1062  1062 D dalvikvm: GC_FOR_ALLOC freed 120K, 15% free 9450K/11079K, paused 13ms
07-03 17:42:17.019  1062  1064 D dalvikvm: GC_CONCURRENT freed 298K, 13% free 9664K/11079K, paused 2ms+2ms
07-03 17:42:17.371  1062  2230 D dalvikvm: GC_FOR_ALLOC freed 307K, 13% free 9683K/11079K, paused 42ms
07-03 17:42:17.386  1062  2230 D dalvikvm: GC_FOR_ALLOC freed 301K, 13% free 9684K/11079K, paused 12ms
07-03 17:42:17.398  1062  2230 D dalvikvm: GC_FOR_ALLOC freed 301K, 13% free 9685K/11079K, paused 13ms
07-03 17:42:22.359  1062  1062 I PhoneLab-: 1341336773923.log is deleted
07-03 17:42:22.363  1062  1062 I PhoneLab-: Response: {"data": "done", "err": ""}
07-03 17:42:22.437  1062  1064 D dalvikvm: GC_CONCURRENT freed 946K, 17% free 9229K/11079K, paused 2ms+2ms
07-03 17:42:22.488  1062  1064 D dalvikvm: GC_CONCURRENT freed 315K, 16% free 9322K/11079K, paused 1ms+2ms
07-03 17:42:22.503  1062  1062 D dalvikvm: GC_FOR_ALLOC freed 120K, 15% free 9450K/11079K, paused 15ms
07-03 17:42:22.535  1062  1064 D dalvikvm: GC_CONCURRENT freed 298K, 13% free 9663K/11079K, paused 2ms+2ms
07-03 17:42:22.906  1062  2232 D dalvikvm: GC_FOR_ALLOC freed 306K, 13% free 9683K/11079K, paused 43ms
07-03 17:42:22.921  1062  2232 D dalvikvm: GC_FOR_ALLOC freed 301K, 13% free 9684K/11079K, paused 12ms
07-03 17:42:22.933  1062  2232 D dalvikvm: GC_FOR_ALLOC freed 301K, 13% free 9685K/11079K, paused 13ms
07-03 17:42:22.937  1062  1285 I PhoneLab-: Service Running
07-03 17:42:22.964  1062  1285 I PhoneLab-LoggerService: app_36    1289  1062  1800   1424  c00f181c 400107b4 S logcat
07-03 17:42:22.964  1062  1285 I PhoneLab-LoggerService: Logcat pid from database 1289
07-03 17:42:22.968  1062  1285 I PhoneLab-LoggerService: Logcat process found 1289
07-03 17:42:22.968  1062  1285 I PhoneLab-LoggerService: Checking Threshold
07-03 17:42:22.968  1062  1285 I PhoneLab-LoggerService: Starting to rename files
07-03 17:42:22.968  1062  1285 I PhoneLab-LoggerService: Files found .. 8
07-03 17:42:26.847  1062  1062 I PhoneLab-: 1341338093908.log is deleted
07-03 17:42:26.847  1062  1062 I PhoneLab-: Response: {"data": "done", "err": ""}
07-03 17:42:26.933  1062  1064 D dalvikvm: GC_CONCURRENT freed 979K, 17% free 9217K/11079K, paused 13ms+2ms
07-03 17:42:26.980  1062  1064 D dalvikvm: GC_CONCURRENT freed 341K, 16% free 9322K/11079K, paused 1ms+2ms
07-03 17:42:26.996  1062  1062 D dalvikvm: GC_FOR_ALLOC freed 120K, 15% free 9450K/11079K, paused 13ms
07-03 17:42:27.023  1062  1064 D dalvikvm: GC_CONCURRENT freed 299K, 13% free 9662K/11079K, paused 1ms+2ms
07-03 17:42:27.398  1062  2235 D dalvikvm: GC_FOR_ALLOC freed 306K, 13% free 9682K/11079K, paused 40ms
07-03 17:42:27.410  1062  2235 D dalvikvm: GC_FOR_ALLOC freed 301K, 13% free 9683K/11079K, paused 13ms
07-03 17:42:27.425  1062  2235 D dalvikvm: GC_FOR_ALLOC freed 301K, 13% free 9684K/11079K, paused 13ms
07-03 17:42:30.515  1062  1062 I PhoneLab-: 1341339414128.log is deleted
07-03 17:42:30.515  1062  1062 I PhoneLab-: Response: {"data": "done", "err": ""}
07-03 17:42:30.589  1062  1064 D dalvikvm: GC_CONCURRENT freed 954K, 17% free 9219K/11079K, paused 1ms+2ms
07-03 17:42:30.632  1062  1064 D dalvikvm: GC_CONCURRENT freed 305K, 16% free 9322K/11079K, paused 2ms+1ms
07-03 17:42:30.648  1062  1062 D dalvikvm: GC_FOR_ALLOC freed 120K, 15% free 9450K/11079K, paused 12ms
07-03 17:42:30.675  1062  1064 D dalvikvm: GC_CONCURRENT freed 298K, 13% free 9663K/11079K, paused 2ms+2ms
07-03 17:42:31.156  1062  2237 D dalvikvm: GC_FOR_ALLOC freed 306K, 13% free 9683K/11079K, paused 43ms
07-03 17:42:31.171  1062  2237 D dalvikvm: GC_FOR_ALLOC freed 301K, 13% free 9684K/11079K, paused 13ms
07-03 17:42:31.183  1062  2237 D dalvikvm: GC_FOR_ALLOC freed 301K, 13% free 9685K/11079K, paused 13ms
07-03 17:42:34.257  1062  1062 I PhoneLab-: 1341340733911.log is deleted
07-03 17:42:34.257  1062  1062 I PhoneLab-: Response: {"data": "done", "err": ""}
07-03 17:42:34.316  1062  1064 D dalvikvm: GC_CONCURRENT freed 954K, 17% free 9220K/11079K, paused 1ms+2ms
07-03 17:42:34.351  1062  1064 D dalvikvm: GC_CONCURRENT freed 306K, 16% free 9322K/11079K, paused 2ms+2ms
07-03 17:42:34.367  1062  1062 D dalvikvm: GC_FOR_ALLOC freed 120K, 15% free 9450K/11079K, paused 13ms
07-03 17:42:34.394  1062  1064 D dalvikvm: GC_CONCURRENT freed 298K, 13% free 9663K/11079K, paused 1ms+2ms
07-03 17:42:34.699  1062  2239 D dalvikvm: GC_FOR_ALLOC freed 306K, 13% free 9683K/11079K, paused 44ms
07-03 17:42:34.714  1062  2239 D dalvikvm: GC_FOR_ALLOC freed 301K, 13% free 9684K/11079K, paused 12ms
07-03 17:42:34.726  1062  2239 D dalvikvm: GC_FOR_ALLOC freed 301K, 13% free 9685K/11079K, paused 12ms
07-03 17:42:35.937  1062  1062 I PhoneLab-: 1341342053914.log is deleted
07-03 17:42:35.941  1062  1062 I PhoneLab-: Response: {"data": "done", "err": ""}
07-03 17:42:36.015  1062  1064 D dalvikvm: GC_CONCURRENT freed 945K, 17% free 9228K/11079K, paused 2ms+2ms
07-03 17:42:36.066  1062  1064 D dalvikvm: GC_CONCURRENT freed 313K, 16% free 9323K/11079K, paused 2ms+2ms
07-03 17:42:36.082  1062  1062 D dalvikvm: GC_FOR_ALLOC freed 120K, 15% free 9451K/11079K, paused 15ms
07-03 17:42:36.109  1062  1064 D dalvikvm: GC_CONCURRENT freed 298K, 13% free 9664K/11079K, paused 2ms+2ms
07-03 17:42:36.718  1062  2241 D dalvikvm: GC_FOR_ALLOC freed 306K, 13% free 9684K/11079K, paused 66ms
07-03 17:42:36.730  1062  2241 D dalvikvm: GC_FOR_ALLOC freed 301K, 13% free 9685K/11079K, paused 12ms
07-03 17:42:36.746  1062  2241 D dalvikvm: GC_FOR_ALLOC freed 301K, 13% free 9686K/11079K, paused 12ms
07-03 17:42:39.289  1062  1062 I PhoneLab-: 1341343373918.log is deleted
07-03 17:42:39.289  1062  1062 I PhoneLab-: Response: {"data": "done", "err": ""}
07-03 17:42:39.332  1062  1064 D dalvikvm: GC_CONCURRENT freed 953K, 17% free 9220K/11079K, paused 1ms+2ms
07-03 17:42:39.375  1062  1064 D dalvikvm: GC_CONCURRENT freed 306K, 16% free 9323K/11079K, paused 2ms+2ms
07-03 17:42:39.390  1062  1062 D dalvikvm: GC_FOR_ALLOC freed 120K, 15% free 9451K/11079K, paused 12ms
07-03 17:42:39.417  1062  1064 D dalvikvm: GC_CONCURRENT freed 298K, 13% free 9664K/11079K, paused 1ms+3ms
07-03 17:42:39.722  1062  2243 D dalvikvm: GC_FOR_ALLOC freed 306K, 13% free 9684K/11079K, paused 42ms
07-03 17:42:39.738  1062  2243 D dalvikvm: GC_FOR_ALLOC freed 301K, 13% free 9685K/11079K, paused 13ms
07-03 17:42:39.750  1062  2243 D dalvikvm: GC_FOR_ALLOC freed 301K, 13% free 9686K/11079K, paused 13ms
07-03 17:42:42.828  1062  1062 I PhoneLab-: 1341344693910.log is deleted
07-03 17:42:42.828  1062  1062 I PhoneLab-: Response: {"data": "done", "err": ""}
07-03 17:42:42.882  1062  1064 D dalvikvm: GC_CONCURRENT freed 953K, 17% free 9220K/11079K, paused 2ms+3ms
07-03 17:42:42.929  1062  1064 D dalvikvm: GC_CONCURRENT freed 306K, 16% free 9323K/11079K, paused 2ms+2ms
07-03 17:42:42.941  1062  1062 D dalvikvm: GC_FOR_ALLOC freed 120K, 15% free 9450K/11079K, paused 12ms
07-03 17:42:42.968  1062  1064 D dalvikvm: GC_CONCURRENT freed 298K, 13% free 9664K/11079K, paused 2ms+2ms
07-03 17:42:43.375  1062  2245 D dalvikvm: GC_FOR_ALLOC freed 305K, 13% free 9684K/11079K, paused 42ms
07-03 17:42:43.390  1062  2245 D dalvikvm: GC_FOR_ALLOC freed 301K, 13% free 9685K/11079K, paused 12ms
07-03 17:42:43.402  1062  2245 D dalvikvm: GC_FOR_ALLOC freed 301K, 13% free 9686K/11079K, paused 12ms
07-03 17:42:46.062  1062  1062 I PhoneLab-: 1341345893935.log is deleted
07-03 17:42:46.062  1062  1062 I PhoneLab-: Response: {"data": "done", "err": ""}
07-03 17:42:46.066  1062  1062 I PhoneLab-UploadLogs: No log files to transfer
07-03 17:42:46.066  1062  1062 I PhoneLab-Locks: wake lock released
07-03 17:42:56.957   476   476 D SAN_SERVICE: *******************************************
07-03 17:42:56.957   476   476 D SAN_SERVICE: DM App Phone Service State - 0
07-03 17:42:56.957   476   476 D SAN_SERVICE: *******************************************
07-03 17:42:57.199   476   476 D SAN_SERVICE: *******************************************
07-03 17:42:57.199   476   476 D SAN_SERVICE: DM App Phone Service State - 0
07-03 17:42:57.199   476   476 D SAN_SERVICE: *******************************************
07-03 17:44:22.937  1062  1285 I PhoneLab-: Service Running
07-03 17:44:23.015  1062  1285 I PhoneLab-LoggerService: app_36    1289  1062  1800   1424  c00f181c 400107b4 S logcat
07-03 17:44:23.019  1062  1285 I PhoneLab-LoggerService: Logcat pid from database 1289
07-03 17:44:23.019  1062  1285 I PhoneLab-LoggerService: Logcat process found 1289
07-03 17:44:23.019  1062  1285 I PhoneLab-LoggerService: Checking Threshold
07-03 17:45:04.707   476   476 D SAN_SERVICE: *******************************************
07-03 17:45:04.707   476   476 D SAN_SERVICE: DM App Phone Service State - 0
07-03 17:45:04.707   476   476 D SAN_SERVICE: *******************************************
07-03 17:45:05.007   476   476 D SAN_SERVICE: *******************************************
07-03 17:45:05.007   476   476 D SAN_SERVICE: DM App Phone Service State - 0
07-03 17:45:05.007   476   476 D SAN_SERVICE: *******************************************
07-03 17:45:05.230   476   476 D SAN_SERVICE: *******************************************
07-03 17:45:05.230   476   476 D SAN_SERVICE: DM App Phone Service State - 0
07-03 17:45:05.230   476   476 D SAN_SERVICE: *******************************************
07-03 17:45:14.968   476   476 D SAN_SERVICE: *******************************************
07-03 17:45:14.968   476   476 D SAN_SERVICE: DM App Phone Service State - 0
07-03 17:45:14.968   476   476 D SAN_SERVICE: *******************************************
07-03 17:45:15.238   476   476 D SAN_SERVICE: *******************************************
07-03 17:45:15.238   476   476 D SAN_SERVICE: DM App Phone Service State - 0
07-03 17:45:15.238   476   476 D SAN_SERVICE: *******************************************
07-03 17:45:15.996   476   476 D SAN_SERVICE: *******************************************
07-03 17:45:15.996   476   476 D SAN_SERVICE: DM App Phone Service State - 0
07-03 17:45:15.996   476   476 D SAN_SERVICE: *******************************************
07-03 17:45:30.316   476   476 D SAN_SERVICE: *******************************************
07-03 17:45:30.316   476   476 D SAN_SERVICE: DM App Phone Service State - 0
07-03 17:45:30.316   476   476 D SAN_SERVICE: *******************************************
07-03 17:45:30.644   476   476 D SAN_SERVICE: *******************************************
07-03 17:45:30.644   476   476 D SAN_SERVICE: DM App Phone Service State - 0
07-03 17:45:30.644   476   476 D SAN_SERVICE: *******************************************
07-03 17:45:30.660   476   479 D dalvikvm: GC_CONCURRENT freed 373K, 6% free 9549K/10119K, paused 14ms+3ms
07-03 17:46:22.937  1062  1285 I PhoneLab-: Service Running
07-03 17:46:23.019  1062  1064 D dalvikvm: GC_CONCURRENT freed 896K, 17% free 9203K/11079K, paused 1ms+2ms
07-03 17:46:23.027  1062  1285 I PhoneLab-LoggerService: app_36    1289  1062  1800   1424  c00f181c 400107b4 S logcat
07-03 17:46:23.027  1062  1285 I PhoneLab-LoggerService: Logcat pid from database 1289
07-03 17:46:23.027  1062  1285 I PhoneLab-LoggerService: Logcat process found 1289
07-03 17:46:23.027  1062  1285 I PhoneLab-LoggerService: Checking Threshold
07-03 17:46:50.554   158   208 I power   : *** set_screen_state 1
07-03 17:46:50.613   158   208 I WindowManager: Lock screen displayed!
07-03 17:46:50.765    79   123 D SurfaceFlinger: Screen about to return, flinger = 0x1eca918
07-03 17:46:52.707   394   394 D PhoneStatusBar: disable: < expand icons alerts ticker system_info BACK HOME recent* CLOCK >
07-03 17:46:52.710   496   563 D NfcService: NFC-C ON
07-03 17:46:52.726    82   126 D AudioHardware: AudioHardware pcm playback is exiting standby.
07-03 17:46:52.726    82   126 D AudioHardware: openPcmOut_l() mPcmOpenCnt: 0
07-03 17:46:52.738   394   394 D PhoneStatusBar: disable: < expand icons alerts ticker system_info back* home* recent clock* >
07-03 17:46:53.046   631   634 D dalvikvm: GC_CONCURRENT freed 385K, 11% free 10568K/11783K, paused 2ms+4ms
07-03 17:46:53.183   583   585 D dalvikvm: GC_CONCURRENT freed 330K, 12% free 9845K/11143K, paused 2ms+5ms
07-03 17:46:55.828   158   212 I ActivityManager: START {act=android.intent.action.MAIN cat=[android.intent.category.HOME] flg=0x10200000 cmp=com.android.launcher/com.android.launcher2.Launcher} from pid 158
07-03 17:46:55.890    82   126 D AudioHardware: AudioHardware pcm playback is going to standby.
07-03 17:46:55.890    82   126 D AudioHardware: closePcmOut_l() mPcmOpenCnt: 1
07-03 17:46:55.941  1849  1849 D OpenGLRenderer: Flushing caches (mode 0)
07-03 17:46:55.980   158  1041 W InputManagerService: Starting input on non-focused client com.android.internal.view.IInputMethodClient$Stub$Proxy@4158d860 (uid=1000 pid=1849)
07-03 17:46:55.984  1849  1849 D OpenGLRenderer: Flushing caches (mode 1)
07-03 17:46:56.523   158  1043 I ActivityManager: No longer want com.google.android.partnersetup (pid 1361): hidden #16
07-03 17:46:57.140    82   126 D AudioHardware: AudioHardware pcm playback is exiting standby.
07-03 17:46:57.144    82   126 D AudioHardware: openPcmOut_l() mPcmOpenCnt: 0
07-03 17:46:57.375  1076  1328 D dalvikvm: GC_FOR_ALLOC freed 3608K, 41% free 11756K/19783K, paused 31ms
07-03 17:46:57.476  1076  1079 D dalvikvm: GC_CONCURRENT freed 40K, 37% free 12620K/19783K, paused 3ms+8ms
07-03 17:46:57.597  1076  1339 D dalvikvm: GC_FOR_ALLOC freed 65K, 36% free 12708K/19783K, paused 26ms
07-03 17:46:57.601  1076  1339 I dalvikvm-heap: Grow heap (frag case) to 13.706MB for 1286224-byte allocation
07-03 17:46:57.644  1076  1340 D dalvikvm: GC_FOR_ALLOC freed 1K, 30% free 13962K/19783K, paused 40ms
07-03 17:46:57.750  1076  1079 D dalvikvm: GC_CONCURRENT freed 4K, 28% free 14341K/19783K, paused 2ms+11ms
07-03 17:46:58.000  1076  1079 D dalvikvm: GC_CONCURRENT freed 3232K, 36% free 12772K/19783K, paused 2ms+3ms
07-03 17:46:58.078  1076  1341 D dalvikvm: GC_FOR_ALLOC freed 340K, 35% free 12958K/19783K, paused 24ms
07-03 17:46:58.261  1076  1079 D dalvikvm: GC_CONCURRENT freed 335K, 30% free 13925K/19783K, paused 2ms+6ms
07-03 17:46:58.371  1076  1343 D dalvikvm: GC_FOR_ALLOC freed 1188K, 30% free 13908K/19783K, paused 29ms
07-03 17:46:58.500  1076  1079 D dalvikvm: GC_CONCURRENT freed 940K, 27% free 14473K/19783K, paused 2ms+4ms
07-03 17:46:58.679  1076  1079 D dalvikvm: GC_CONCURRENT freed 935K, 23% free 15327K/19783K, paused 3ms+6ms
07-03 17:46:59.933   158   495 I ActivityManager: START {act=android.intent.action.MAIN cat=[android.intent.category.LAUNCHER] flg=0x10200000 cmp=edu.buffalo.cse.phonelab.phonelabservices/.PhoneLabMainView} from pid 1076
07-03 17:47:00.207  1062  1062 I PhoneLab-PhoneLabMainView: Rescheduling periodic checking...
07-03 17:47:00.214  1062  1062 I System.out: /data/data/edu.buffalo.cse.phonelab.phonelabservices
07-03 17:47:00.250   158   160 D dalvikvm: GC_CONCURRENT freed 948K, 17% free 13420K/16007K, paused 5ms+16ms
07-03 17:47:00.324  1076  1076 D OpenGLRenderer: Flushing caches (mode 1)
07-03 17:47:00.328  1062  1062 D libEGL  : loaded /system/lib/egl/libGLES_android.so
07-03 17:47:00.339  1062  1062 D libEGL  : loaded /vendor/lib/egl/libEGL_POWERVR_SGX540_120.so
07-03 17:47:00.343  1062  1062 D libEGL  : loaded /vendor/lib/egl/libGLESv1_CM_POWERVR_SGX540_120.so
07-03 17:47:00.347  1062  1062 D libEGL  : loaded /vendor/lib/egl/libGLESv2_POWERVR_SGX540_120.so
07-03 17:47:00.445  1062  1062 D OpenGLRenderer: Enabling debug mode 0
07-03 17:47:00.562   158   174 I Process : Sending signal. PID: 1062 SIG: 3
07-03 17:47:00.562  1062  1068 I dalvikvm: threadid=3: reacting to signal 3
07-03 17:47:00.578  1076  1076 D OpenGLRenderer: Flushing caches (mode 0)
07-03 17:47:00.589  1062  1068 I dalvikvm: Wrote stack traces to '/data/anr/traces.txt'
07-03 17:47:00.726   158   207 I ActivityManager: Displayed edu.buffalo.cse.phonelab.phonelabservices/.PhoneLabMainView: +669ms
07-03 17:47:00.796   158   169 W InputManagerService: Starting input on non-focused client com.android.internal.view.IInputMethodClient$Stub$Proxy@4135b050 (uid=10025 pid=1076)
07-03 17:47:00.968  1877  1877 I wpa_supplicant: wlan0: CTRL-EVENT-EAP-STARTED EAP authentication started
07-03 17:47:01.000  1877  1877 I wpa_supplicant: wlan0: Associated with d0:c2:82:84:8d:51
07-03 17:47:01.968  1877  1877 I wpa_supplicant: wlan0: CTRL-EVENT-EAP-STARTED EAP authentication started
07-03 17:47:01.980  1877  1877 I wpa_supplicant: wlan0: CTRL-EVENT-EAP-PROPOSED-METHOD vendor=0 method=4 -> NAK
07-03 17:47:01.984  1877  1877 I wpa_supplicant: wlan0: CTRL-EVENT-EAP-PROPOSED-METHOD vendor=0 method=25
07-03 17:47:01.988  1877  1877 I wpa_supplicant: wlan0: CTRL-EVENT-EAP-METHOD EAP vendor 0 method 25 (PEAP) selected
07-03 17:47:02.062  1877  1877 I wpa_supplicant: wlan0: CTRL-EVENT-EAP-PEER-CERT depth=2 subject='/C=US/O=Entrust.net/OU=www.entrust.net/CPS incorp. by ref. (limits liab.)/OU=(c) 1999 Entrust.net Limited/CN=Entrust.net Secure Server Certification Authority'
07-03 17:47:02.066  1877  1877 I wpa_supplicant: wlan0: CTRL-EVENT-EAP-PEER-CERT depth=2 subject='/C=US/O=Entrust.net/OU=www.entrust.net/CPS incorp. by ref. (limits liab.)/OU=(c) 1999 Entrust.net Limited/CN=Entrust.net Secure Server Certification Authority'
07-03 17:47:02.070  1877  1877 I wpa_supplicant: wlan0: CTRL-EVENT-EAP-PEER-CERT depth=1 subject='/C=US/ST=UT/L=Salt Lake City/O=The USERTRUST Network/CN=USERTrust Legacy Secure Server CA'
07-03 17:47:02.082  1877  1877 I wpa_supplicant: wlan0: CTRL-EVENT-EAP-PEER-CERT depth=0 subject='/C=US/postalCode=14260/ST=New York/L=Buffalo/street=305 Computing Center/O=SUNY AT BUFFALO/OU=Office of the President/OU=Issued through UNIVERSITY AT BUFFALO E-PKI Manager/OU=PremiumSSL Legacy/CN=ubsecure.acsu.buffalo.edu'
07-03 17:47:02.265  1877  1877 I wpa_supplicant: EAP-MSCHAPV2: Authentication succeeded
07-03 17:47:02.269  1877  1877 I wpa_supplicant: EAP-TLV: TLV Result - Success - EAP-TLV/Phase2 Completed
07-03 17:47:02.281  1877  1877 I wpa_supplicant: wlan0: CTRL-EVENT-EAP-SUCCESS EAP authentication completed successfully
07-03 17:47:02.343  1877  1877 I wpa_supplicant: wlan0: WPA: Key negotiation completed with d0:c2:82:84:8d:51 [PTK=CCMP GTK=TKIP]
07-03 17:47:02.343  1877  1877 I wpa_supplicant: wlan0: CTRL-EVENT-CONNECTED - Connection to d0:c2:82:84:8d:51 completed (reauth) [id=0 id_str=]
07-03 17:47:02.902    82   126 D AudioHardware: AudioHardware pcm playback is going to standby.
07-03 17:47:02.906    82   126 D AudioHardware: closePcmOut_l() mPcmOpenCnt: 1
07-03 17:47:03.371  1062  1062 I PhoneLab-PhoneLabMainView: See All applications
07-03 17:47:03.371   158  1043 I ActivityManager: START {cmp=edu.buffalo.cse.phonelab.phonelabservices/.ApplicationList} from pid 1062
07-03 17:47:03.382    82   126 D AudioHardware: AudioHardware pcm playback is exiting standby.
07-03 17:47:03.382    82   126 D AudioHardware: openPcmOut_l() mPcmOpenCnt: 0
07-03 17:47:03.496  1062  1064 D dalvikvm: GC_CONCURRENT freed 113K, 15% free 9514K/11079K, paused 6ms+2ms
07-03 17:47:03.515  1062  1062 E PhoneLab-PhoneLabManifest: java.io.FileNotFoundException: /data/data/edu.buffalo.cse.phonelab.phonelabservices/files/manifest.xml: open failed: ENOENT (No such file or directory)
07-03 17:47:03.574   158   207 I ActivityManager: Displayed edu.buffalo.cse.phonelab.phonelabservices/.ApplicationList: +185ms
07-03 17:47:03.578  1062  1062 D OpenGLRenderer: Flushing caches (mode 0)
07-03 17:47:05.386  1062  1062 D OpenGLRenderer: Flushing caches (mode 0)
07-03 17:47:06.476    82   126 D AudioHardware: AudioHardware pcm playback is going to standby.
07-03 17:47:06.476    82   126 D AudioHardware: closePcmOut_l() mPcmOpenCnt: 1
07-03 17:47:07.238  1062  1062 I PhoneLab-PhoneLabMainView: Logs will be shown
07-03 17:47:07.246   158  2164 I ActivityManager: START {cmp=edu.buffalo.cse.phonelab.phonelabservices/.LogListView} from pid 1062
07-03 17:47:07.250    82   126 D AudioHardware: AudioHardware pcm playback is exiting standby.
07-03 17:47:07.250    82   126 D AudioHardware: openPcmOut_l() mPcmOpenCnt: 0
07-03 17:47:07.285  1062  1062 I PhoneLab-LogListView: No log files to show
07-03 17:47:07.359   158   207 I ActivityManager: Displayed edu.buffalo.cse.phonelab.phonelabservices/.LogListView: +101ms
07-03 17:47:07.367  1062  1062 D OpenGLRenderer: Flushing caches (mode 0)
07-03 17:47:07.617   476   476 D SAN_SERVICE: *******************************************
07-03 17:47:07.617   476   476 D SAN_SERVICE: DM App Phone Service State - 0
07-03 17:47:07.617   476   476 D SAN_SERVICE: *******************************************
07-03 17:47:07.875   476   476 D SAN_SERVICE: *******************************************
07-03 17:47:07.875   476   476 D SAN_SERVICE: DM App Phone Service State - 0
07-03 17:47:07.875   476   476 D SAN_SERVICE: *******************************************
07-03 17:47:09.246   158   565 D dalvikvm: GC_FOR_ALLOC freed 1399K, 22% free 12624K/16007K, paused 43ms
07-03 17:47:09.300  1062  1062 D OpenGLRenderer: Flushing caches (mode 0)
07-03 17:47:10.269  1062  1062 I PhoneLab-Locks: wake lock acquired
07-03 17:47:10.281  1062  2286 I PhoneLab-PeriodicCheckService: User info is synched
07-03 17:47:10.285  1062  2286 I PhoneLab-PeriodicCheckService: Logger Service is running
07-03 17:47:10.289  1062  1062 I PhoneLab-Locks: wake lock acquired
07-03 17:47:10.296  1062  1062 I PhoneLab-StatusMonitor: Status Monitoring is started
07-03 17:47:10.300  1062  1062 E PhoneLab-PhoneLabManifest: java.io.FileNotFoundException: /data/data/edu.buffalo.cse.phonelab.phonelabservices/files/manifest.xml: open failed: ENOENT (No such file or directory)
07-03 17:47:10.300  1062  1062 I PhoneLab-Locks: wake lock released
07-03 17:47:10.304  1062  2286 I PhoneLab-Locks: wake lock acquired
07-03 17:47:10.308  1062  1062 I PhoneLab-UploadLogs: Transfering log files now
07-03 17:47:10.308  1062  1062 I PhoneLab-UploadLogs: No log files to transfer
07-03 17:47:10.308  1062  1062 I PhoneLab-Locks: wake lock released
07-03 17:47:10.308  1062  1062 I PhoneLab-UploadLogs: OnStartCommand
07-03 17:47:10.312  1062  2286 I PhoneLab-PeriodicCheckService: Rescheduling periodic checking...
07-03 17:47:10.312  1062  2286 I PhoneLab-Locks: wake lock released
07-03 17:47:10.339    82   126 D AudioHardware: AudioHardware pcm playback is going to standby.
07-03 17:47:10.339    82   126 D AudioHardware: closePcmOut_l() mPcmOpenCnt: 1
07-03 17:47:10.816  1062  1062 I PhoneLab-PhoneLabMainView: Settings will be shown
07-03 17:47:10.835   158  1039 I ActivityManager: START {cmp=edu.buffalo.cse.phonelab.phonelabservices/.SettingsView} from pid 1062
07-03 17:47:10.839    82   126 D AudioHardware: AudioHardware pcm playback is exiting standby.
07-03 17:47:10.839    82   126 D AudioHardware: openPcmOut_l() mPcmOpenCnt: 0
07-03 17:47:11.015   158   207 I ActivityManager: Displayed edu.buffalo.cse.phonelab.phonelabservices/.SettingsView: +132ms
07-03 17:47:11.019  1062  1062 D OpenGLRenderer: Flushing caches (mode 0)
07-03 17:47:13.886  1062  1062 I PhoneLab-SettingsView: Upload setings has been changed by the user: mobile data is not allowed
07-03 17:47:14.039  1062  1064 D dalvikvm: GC_CONCURRENT freed 310K, 13% free 9645K/11079K, paused 12ms+4ms
07-03 17:47:16.488  1062  1062 I PhoneLab-SettingsView: Upload setings has been changed by the user: can upload without plugged in
07-03 17:47:17.507  1062  1062 D OpenGLRenderer: Flushing caches (mode 0)
07-03 17:47:18.734  1062  1062 I PhoneLab-PhoneLabMainView: Info will be shown
07-03 17:47:18.746   158   379 I ActivityManager: START {act=android.intent.action.VIEW dat=http://www.phone-lab.org cmp=com.android.browser/.BrowserActivity} from pid 1062
07-03 17:47:18.968   158   160 D dalvikvm: GC_CONCURRENT freed 707K, 21% free 12801K/16007K, paused 3ms+8ms
07-03 17:47:18.996  1454  1454 D dalvikvm: GC_FOR_ALLOC freed 213K, 8% free 9273K/9991K, paused 48ms
07-03 17:47:18.996  1454  1454 I dalvikvm-heap: Grow heap (frag case) to 9.178MB for 55312-byte allocation
07-03 17:47:19.003  1062  1062 D OpenGLRenderer: Flushing caches (mode 1)
07-03 17:47:19.007  1062  1062 D OpenGLRenderer: Flushing caches (mode 0)
07-03 17:47:19.027  1454  1463 D dalvikvm: GC_FOR_ALLOC freed 14K, 8% free 9313K/10055K, paused 18ms
07-03 17:47:19.148   158   170 D dalvikvm: GC_EXPLICIT freed 150K, 21% free 12717K/16007K, paused 2ms+5ms
07-03 17:47:19.308   158   174 I Process : Sending signal. PID: 1454 SIG: 3
07-03 17:47:19.308  1454  1458 I dalvikvm: threadid=3: reacting to signal 3
07-03 17:47:19.398  1454  1458 I dalvikvm: Wrote stack traces to '/data/anr/traces.txt'
07-03 17:47:19.417  1454  1454 D WebViewTimersControl: onBrowserActivityResume
07-03 17:47:19.417  1454  1454 D WebViewTimersControl: Resuming webview timers, view=android.webkit.WebView@41376e10
07-03 17:47:19.750   650   650 D OpenGLRenderer: Flushing caches (mode 1)
07-03 17:47:19.808   158   174 I Process : Sending signal. PID: 1454 SIG: 3
07-03 17:47:19.808  1454  1458 I dalvikvm: threadid=3: reacting to signal 3
07-03 17:47:19.835  1454  1458 I dalvikvm: Wrote stack traces to '/data/anr/traces.txt'
07-03 17:47:19.902  1454  1454 D libEGL  : loaded /system/lib/egl/libGLES_android.so
07-03 17:47:19.906  1454  1454 D libEGL  : loaded /vendor/lib/egl/libEGL_POWERVR_SGX540_120.so
07-03 17:47:19.914  1454  1454 D libEGL  : loaded /vendor/lib/egl/libGLESv1_CM_POWERVR_SGX540_120.so
07-03 17:47:19.921  1454  1454 D libEGL  : loaded /vendor/lib/egl/libGLESv2_POWERVR_SGX540_120.so
07-03 17:47:20.042  1454  2298 I SqliteDatabaseCpp: sqlite returned: error code = 14, msg = cannot open file at line 27701 of [8609a15dfa], db=/data/data/com.android.browser/databases/webview.db
07-03 17:47:20.042  1454  2298 I SqliteDatabaseCpp: sqlite returned: error code = 14, msg = os_unix.c: open() at line 27701 - "" errno=2 path=/GeolocationPermissions.db, db=/data/data/com.android.browser/databases/webview.db
07-03 17:47:20.050  1454  2302 I SqliteDatabaseCpp: sqlite returned: error code = 1, msg = no such table: IconDatabaseInfo, db=/data/data/com.android.browser/databases/webview.db
07-03 17:47:20.066  1454  1454 D OpenGLRenderer: Enabling debug mode 0
07-03 17:47:20.097   650   650 D OpenGLRenderer: Flushing caches (mode 1)
07-03 17:47:20.265   158   207 I ActivityManager: Displayed com.android.browser/.BrowserActivity: +1s461ms
07-03 17:47:20.386  1454  1456 D dalvikvm: GC_CONCURRENT freed 163K, 5% free 9559K/10055K, paused 8ms+6ms
07-03 17:47:20.386   650   655 D dalvikvm: GC_CONCURRENT freed 351K, 8% free 9665K/10439K, paused 3ms+2ms
07-03 17:47:21.824    82   126 D AudioHardware: AudioHardware pcm playback is going to standby.
07-03 17:47:21.824    82   126 D AudioHardware: closePcmOut_l() mPcmOpenCnt: 1
07-03 17:47:22.242  1454  1750 W chromium: external/chromium/net/spdy/spdy_session.cc:1058: [0703/174722:WARNING:spdy_session.cc(1058)] Received data frame for invalid stream 1
07-03 17:47:22.246  1454  1750 W chromium: external/chromium/net/spdy/spdy_session.cc:1058: [0703/174722:WARNING:spdy_session.cc(1058)] Received data frame for invalid stream 1
07-03 17:47:23.394  1454  1454 D BrowserLogin: Finished login attempt for dearvnu@gmail.com
07-03 17:47:23.457  1454  1456 D dalvikvm: GC_CONCURRENT freed 385K, 5% free 9614K/10119K, paused 13ms+3ms
07-03 17:47:23.605  1454  1454 D dalvikvm: GC_FOR_ALLOC freed 41K, 6% free 9595K/10119K, paused 16ms
07-03 17:47:23.605  1454  1454 I dalvikvm-heap: Grow heap (frag case) to 9.605MB for 172816-byte allocation
07-03 17:47:23.621  1454  1454 D dalvikvm: GC_FOR_ALLOC freed <1K, 6% free 9764K/10311K, paused 15ms
07-03 17:47:23.640  1454  1454 D webviewglue: nativeDestroy view: 0x16ed728
07-03 17:47:23.644  1454  2298 I SqliteDatabaseCpp: sqlite returned: error code = 1, msg = no such table: CacheGroups, db=/data/data/com.android.browser/databases/webview.db
07-03 17:47:23.644  1454  2298 I SqliteDatabaseCpp: sqlite returned: error code = 1, msg = no such table: Caches, db=/data/data/com.android.browser/databases/webview.db
07-03 17:47:23.644  1454  2298 I SqliteDatabaseCpp: sqlite returned: error code = 1, msg = no such table: Origins, db=/data/data/com.android.browser/databases/webview.db
07-03 17:47:23.644  1454  2298 I SqliteDatabaseCpp: sqlite returned: error code = 1, msg = no such table: DeletedCacheResources, db=/data/data/com.android.browser/databases/webview.db
07-03 17:47:23.835  1454  1454 D dalvikvm: GC_FOR_ALLOC freed 44K, 5% free 9883K/10311K, paused 29ms
07-03 17:47:23.875  1454  1454 D dalvikvm: GC_FOR_ALLOC freed 8K, 5% free 9948K/10439K, paused 27ms
07-03 17:47:23.875  1454  1454 I dalvikvm-heap: Grow heap (frag case) to 10.411MB for 656656-byte allocation
07-03 17:47:23.917  1454  1456 D dalvikvm: GC_CONCURRENT freed <1K, 5% free 10589K/11143K, paused 1ms+3ms
07-03 17:47:24.238  1454  1454 W Tab     : Failed to save back/forward list for http://www.phone-lab.org/
07-03 17:47:25.578    82   126 D AudioHardware: AudioHardware pcm playback is exiting standby.
07-03 17:47:25.578    82   126 D AudioHardware: openPcmOut_l() mPcmOpenCnt: 0
07-03 17:47:27.050  1454  1454 D dalvikvm: GC_EXPLICIT freed 180K, 5% free 10638K/11143K, paused 5ms+3ms
07-03 17:47:27.054  1454  2298 I SqliteDatabaseCpp: sqlite returned: error code = 1, msg = no such table: Permissions, db=/data/data/com.android.browser/databases/webview.db
07-03 17:47:27.062  1454  1454 D webviewglue: nativeDestroy view: 0x16ea110
07-03 17:47:27.085   158   170 I ActivityManager: moveTaskToBack: 13
07-03 17:47:27.613  1454  1454 D OpenGLRenderer: Flushing caches (mode 0)
07-03 17:47:27.628   158   174 I Process : Sending signal. PID: 1062 SIG: 3
07-03 17:47:27.628  1062  1068 I dalvikvm: threadid=3: reacting to signal 3
07-03 17:47:27.632  1062  1068 I dalvikvm: Wrote stack traces to '/data/anr/traces.txt'
07-03 17:47:27.730  1062  1062 W IInputConnectionWrapper: showStatusIcon on inactive InputConnection
07-03 17:47:27.738   158   174 I ActivityManager: No longer want com.android.vending (pid 1152): hidden #16
07-03 17:47:27.757  1454  1454 D OpenGLRenderer: Flushing caches (mode 1)
07-03 17:47:27.781   158   170 I WindowManager: WIN DEATH: Window{4155ef88 com.android.vending/com.android.vending.AssetBrowserActivity paused=false}
07-03 17:47:28.667    82   126 D AudioHardware: AudioHardware pcm playback is going to standby.
07-03 17:47:28.667    82   126 D AudioHardware: closePcmOut_l() mPcmOpenCnt: 1
07-03 17:47:33.207   476   476 D SAN_SERVICE: *******************************************
07-03 17:47:33.207   476   476 D SAN_SERVICE: DM App Phone Service State - 0
07-03 17:47:33.207   476   476 D SAN_SERVICE: *******************************************
07-03 17:47:35.171   158   213 I InputReader: Reconfiguring input devices.  changes=0x00000004
07-03 17:47:35.171   158   213 I InputReader: Device reconfigured: id=7, name='mxt224_ts_input', surface size is now 480x800, mode is 1
07-03 17:47:35.214   158   174 I ActivityManager: Config changed: {1.0 310mcc120mnc en_US layoutdir=0 sw320dp w533dp h294dp nrml long land finger -keyb/v/h -nav/h s.12}
07-03 17:47:35.226  1062  1062 D OpenGLRenderer: Flushing caches (mode 0)
07-03 17:47:35.324  1062  1062 I PhoneLab-PhoneLabMainView: Rescheduling periodic checking...
07-03 17:47:35.332  1062  1062 I System.out: /data/data/edu.buffalo.cse.phonelab.phonelabservices
07-03 17:47:37.656   158   207 D dalvikvm: GC_EXPLICIT freed 359K, 21% free 12759K/16007K, paused 26ms+6ms
07-03 17:47:40.902   158   213 I InputReader: Reconfiguring input devices.  changes=0x00000004
07-03 17:47:40.902   158   213 I InputReader: Device reconfigured: id=7, name='mxt224_ts_input', surface size is now 480x800, mode is 1
07-03 17:47:40.925   158   174 I ActivityManager: Config changed: {1.0 310mcc120mnc en_US layoutdir=0 sw320dp w320dp h508dp nrml long port finger -keyb/v/h -nav/h s.13}
07-03 17:47:40.941  1062  1062 D OpenGLRenderer: Flushing caches (mode 0)
07-03 17:47:40.996  1062  1062 D dalvikvm: GC_EXPLICIT freed 342K, 14% free 9571K/11079K, paused 12ms+4ms
07-03 17:47:41.042  1062  1062 I PhoneLab-PhoneLabMainView: Rescheduling periodic checking...
07-03 17:47:41.050  1062  1062 I System.out: /data/data/edu.buffalo.cse.phonelab.phonelabservices
07-03 17:47:43.355   158   207 D dalvikvm: GC_EXPLICIT freed 108K, 21% free 12692K/16007K, paused 25ms+4ms
07-03 17:47:48.539   476   476 D SAN_SERVICE: *******************************************
07-03 17:47:48.539   476   476 D SAN_SERVICE: DM App Phone Service State - 0
07-03 17:47:48.539   476   476 D SAN_SERVICE: *******************************************
07-03 17:47:48.761   476   476 D SAN_SERVICE: *******************************************
07-03 17:47:48.761   476   476 D SAN_SERVICE: DM App Phone Service State - 0
07-03 17:47:48.761   476   476 D SAN_SERVICE: *******************************************
07-03 17:47:49.269   476   476 D SAN_SERVICE: *******************************************
07-03 17:47:49.269   476   476 D SAN_SERVICE: DM App Phone Service State - 0
07-03 17:47:49.269   476   476 D SAN_SERVICE: *******************************************
07-03 17:47:49.558   158   213 I InputReader: Reconfiguring input devices.  changes=0x00000004
07-03 17:47:49.558   158   213 I InputReader: Device reconfigured: id=7, name='mxt224_ts_input', surface size is now 480x800, mode is 1
07-03 17:47:49.585   158   174 I ActivityManager: Config changed: {1.0 310mcc120mnc en_US layoutdir=0 sw320dp w533dp h294dp nrml long land finger -keyb/v/h -nav/h s.14}
07-03 17:47:49.605  1062  1062 D OpenGLRenderer: Flushing caches (mode 0)
07-03 17:47:49.652  1062  1062 D dalvikvm: GC_EXPLICIT freed 173K, 15% free 9480K/11079K, paused 10ms+3ms
07-03 17:47:49.710  1062  1062 I PhoneLab-PhoneLabMainView: Rescheduling periodic checking...
07-03 17:47:49.714  1062  1062 I System.out: /data/data/edu.buffalo.cse.phonelab.phonelabservices
07-03 17:47:51.980   158   207 D dalvikvm: GC_EXPLICIT freed 65K, 21% free 12695K/16007K, paused 25ms+4ms
07-03 17:47:52.566   158   212 I ActivityManager: START {act=android.intent.action.MAIN cat=[android.intent.category.HOME] flg=0x10200000 cmp=com.android.launcher/com.android.launcher2.Launcher} from pid 158
07-03 17:47:52.601   158   213 I InputReader: Reconfiguring input devices.  changes=0x00000004
07-03 17:47:52.601   158   213 I InputReader: Device reconfigured: id=7, name='mxt224_ts_input', surface size is now 480x800, mode is 1
07-03 17:47:52.640   158  1039 I ActivityManager: Config changed: {1.0 310mcc120mnc en_US layoutdir=0 sw320dp w320dp h508dp nrml long port finger -keyb/v/h -nav/h s.15}
07-03 17:47:52.710  1062  1062 D OpenGLRenderer: Flushing caches (mode 0)
07-03 17:47:52.710  1062  1062 D OpenGLRenderer: Flushing caches (mode 0)
07-03 17:47:52.785  1062  1062 W IInputConnectionWrapper: showStatusIcon on inactive InputConnection
07-03 17:47:52.921  1062  1062 D OpenGLRenderer: Flushing caches (mode 1)
07-03 17:47:53.851   476   476 D SAN_SERVICE: *******************************************
07-03 17:47:53.851   476   476 D SAN_SERVICE: DM App Phone Service State - 0
07-03 17:47:53.855   476   476 D SAN_SERVICE: *******************************************
07-03 17:47:54.136   476   476 D SAN_SERVICE: *******************************************
07-03 17:47:54.136   476   476 D SAN_SERVICE: DM App Phone Service State - 0
07-03 17:47:54.136   476   476 D SAN_SERVICE: *******************************************
07-03 17:47:54.890   476   476 D SAN_SERVICE: *******************************************
07-03 17:47:54.890   476   476 D SAN_SERVICE: DM App Phone Service State - 0
07-03 17:47:54.890   476   476 D SAN_SERVICE: *******************************************
07-03 17:47:54.960   158   207 D dalvikvm: GC_EXPLICIT freed 204K, 21% free 12695K/16007K, paused 6ms+5ms
07-03 17:47:59.742  1062  1062 I PhoneLab-Locks: wake lock acquired
07-03 17:47:59.750  1062  2324 I PhoneLab-PeriodicCheckService: User info is synched
07-03 17:47:59.750  1062  2324 I PhoneLab-PeriodicCheckService: Logger Service is running
07-03 17:47:59.757  1062  1062 I PhoneLab-Locks: wake lock acquired
07-03 17:47:59.765  1062  1062 I PhoneLab-StatusMonitor: Status Monitoring is started
07-03 17:47:59.769  1062  1062 E PhoneLab-PhoneLabManifest: java.io.FileNotFoundException: /data/data/edu.buffalo.cse.phonelab.phonelabservices/files/manifest.xml: open failed: ENOENT (No such file or directory)
07-03 17:47:59.769  1062  1062 I PhoneLab-Locks: wake lock released
07-03 17:47:59.773  1062  2324 I PhoneLab-Locks: wake lock acquired
07-03 17:47:59.777  1062  1062 I PhoneLab-UploadLogs: Transfering log files now
07-03 17:47:59.781  1062  1062 I PhoneLab-UploadLogs: No log files to transfer
07-03 17:47:59.781  1062  1062 I PhoneLab-Locks: wake lock released
07-03 17:47:59.781  1062  1062 I PhoneLab-UploadLogs: OnStartCommand
07-03 17:47:59.781  1062  2324 I PhoneLab-PeriodicCheckService: Rescheduling periodic checking...
07-03 17:47:59.785  1062  2324 I PhoneLab-Locks: wake lock released
07-03 17:48:00.339   394   396 D dalvikvm: GC_CONCURRENT freed 482K, 9% free 9678K/10567K, paused 27ms+3ms
07-03 17:48:07.105   476   476 D SAN_SERVICE: *******************************************
07-03 17:48:07.105   476   476 D SAN_SERVICE: DM App Phone Service State - 0
07-03 17:48:07.105   476   476 D SAN_SERVICE: *******************************************
07-03 17:48:07.859   476   476 D SAN_SERVICE: *******************************************
07-03 17:48:07.859   476   476 D SAN_SERVICE: DM App Phone Service State - 0
07-03 17:48:07.859   476   476 D SAN_SERVICE: *******************************************
07-03 17:48:22.937  1062  1285 I PhoneLab-: Service Running
07-03 17:48:23.035  1062  1285 I PhoneLab-LoggerService: app_36    1289  1062  1800   1424  c00f181c 400107b4 S logcat
07-03 17:48:23.035  1062  1285 I PhoneLab-LoggerService: Logcat pid from database 1289
07-03 17:48:23.035  1062  1285 I PhoneLab-LoggerService: Logcat process found 1289
07-03 17:48:23.035  1062  1285 I PhoneLab-LoggerService: Checking Threshold
07-03 17:48:52.949   158   204 I power   : *** set_screen_state 0
07-03 17:48:53.003    79   123 D SurfaceFlinger: About to give-up screen, flinger = 0x1eca918
07-03 17:48:53.046   496  1326 D NfcService: NFC-C OFF, disconnect
07-03 17:48:58.105   158   160 D dalvikvm: GC_CONCURRENT freed 235K, 17% free 13290K/16007K, paused 3ms+4ms
07-03 17:48:58.113   158   208 V TransportControlView: Create TCV com.android.internal.widget.TransportControlView@4138e540
07-03 17:48:58.148   394   394 D PhoneStatusBar: disable: < expand icons alerts ticker system_info back home RECENT* clock >
07-03 17:48:58.156   650   650 D OpenGLRenderer: Flushing caches (mode 1)
07-03 17:48:58.171   394   394 D PhoneStatusBar: disable: < expand icons alerts ticker system_info BACK* HOME* RECENT CLOCK* >
07-03 17:49:05.378   476   476 D SAN_SERVICE: *******************************************
07-03 17:49:05.378   476   476 D SAN_SERVICE: DM App Phone Service State - 0
07-03 17:49:05.378   476   476 D SAN_SERVICE: *******************************************
07-03 17:49:10.437   476   476 D SAN_SERVICE: *******************************************
07-03 17:49:10.441   476   476 D SAN_SERVICE: DM App Phone Service State - 0
07-03 17:49:10.441   476   476 D SAN_SERVICE: *******************************************
07-03 17:49:10.769   476   476 D SAN_SERVICE: *******************************************
07-03 17:49:10.769   476   476 D SAN_SERVICE: DM App Phone Service State - 0
07-03 17:49:10.769   476   476 D SAN_SERVICE: *******************************************
07-03 17:49:11.015   476   476 D SAN_SERVICE: *******************************************
07-03 17:49:11.015   476   476 D SAN_SERVICE: DM App Phone Service State - 0
07-03 17:49:11.015   476   476 D SAN_SERVICE: *******************************************
07-03 17:49:20.980   476   476 D SAN_SERVICE: *******************************************
07-03 17:49:20.980   476   476 D SAN_SERVICE: DM App Phone Service State - 0
07-03 17:49:20.980   476   476 D SAN_SERVICE: *******************************************
07-03 17:49:21.250   476   476 D SAN_SERVICE: *******************************************
07-03 17:49:21.250   476   476 D SAN_SERVICE: DM App Phone Service State - 0
07-03 17:49:21.250   476   476 D SAN_SERVICE: *******************************************
07-03 17:49:41.164   476   476 D SAN_SERVICE: *******************************************
07-03 17:49:41.164   476   476 D SAN_SERVICE: DM App Phone Service State - 0
07-03 17:49:41.167   476   476 D SAN_SERVICE: *******************************************
07-03 17:49:41.910   476   476 D SAN_SERVICE: *******************************************
07-03 17:49:41.910   476   476 D SAN_SERVICE: DM App Phone Service State - 0
07-03 17:49:41.910   476   476 D SAN_SERVICE: *******************************************
07-03 17:50:22.937  1062  1285 I PhoneLab-: Service Running
07-03 17:50:23.101  1062  1285 I PhoneLab-LoggerService: app_36    1289  1062  1800   1424  c00f181c 400107b4 S logcat
07-03 17:50:23.101  1062  1285 I PhoneLab-LoggerService: Logcat pid from database 1289
07-03 17:50:23.105  1062  1285 I PhoneLab-LoggerService: Logcat process found 1289
07-03 17:50:23.105  1062  1285 I PhoneLab-LoggerService: Checking Threshold
07-03 17:51:00.007   158   175 I ActivityManager: No longer want com.android.sprintmenu (pid 896): hidden #16
07-03 17:51:00.066   158  1042 W ActivityManager: Scheduling restart of crashed service com.android.sprintmenu/.HiddenPhoneService in 5000ms
07-03 17:51:00.152   158  1042 D dalvikvm: GC_FOR_ALLOC freed 401K, 16% free 13587K/16007K, paused 44ms
07-03 17:51:00.152   158  1042 I dalvikvm-heap: Grow heap (frag case) to 13.466MB for 129616-byte allocation
07-03 17:51:00.195   158  1042 D dalvikvm: GC_FOR_ALLOC freed 27K, 16% free 13686K/16135K, paused 41ms
07-03 17:51:05.078   158   175 I ActivityManager: Start proc com.android.sprintmenu for service com.android.sprintmenu/.HiddenPhoneService: pid=2334 uid=1001 gids={3002, 3001, 3003, 1015}
07-03 17:51:54.324   476   476 D SAN_SERVICE: *******************************************
07-03 17:51:54.324   476   476 D SAN_SERVICE: DM App Phone Service State - 0
07-03 17:51:54.324   476   476 D SAN_SERVICE: *******************************************
07-03 17:52:04.554   476   476 D SAN_SERVICE: *******************************************
07-03 17:52:04.554   476   476 D SAN_SERVICE: DM App Phone Service State - 0
07-03 17:52:04.554   476   476 D SAN_SERVICE: *******************************************
07-03 17:52:22.937  1062  1285 I PhoneLab-: Service Running
07-03 17:52:23.007  1062  1285 I PhoneLab-LoggerService: app_36    1289  1062  1800   1424  c00f181c 400107b4 S logcat
07-03 17:52:23.007  1062  1285 I PhoneLab-LoggerService: Logcat pid from database 1289
07-03 17:52:23.007  1062  1285 I PhoneLab-LoggerService: Logcat process found 1289
07-03 17:52:23.007  1062  1285 I PhoneLab-LoggerService: Checking Threshold
07-03 17:52:26.375   158   208 I power   : *** set_screen_state 1
07-03 17:52:26.429   158   208 I WindowManager: Lock screen displayed!
07-03 17:52:26.582    79   123 D SurfaceFlinger: Screen about to return, flinger = 0x1eca918
07-03 17:52:27.832   394   394 D PhoneStatusBar: disable: < expand icons alerts ticker system_info BACK HOME recent* CLOCK >
07-03 17:52:27.839   496  1427 D NfcService: NFC-C ON
07-03 17:52:27.851    82   126 D AudioHardware: AudioHardware pcm playback is exiting standby.
07-03 17:52:27.851    82   126 D AudioHardware: openPcmOut_l() mPcmOpenCnt: 0
07-03 17:52:27.855   158   565 W InputManagerService: Window already focused, ignoring focus gain of: com.android.internal.view.IInputMethodClient$Stub$Proxy@41426580
07-03 17:52:27.859   394   394 D PhoneStatusBar: disable: < expand icons alerts ticker system_info back* home* recent clock* >
07-03 17:52:31.015    82   126 D AudioHardware: AudioHardware pcm playback is going to standby.
07-03 17:52:31.015    82   126 D AudioHardware: closePcmOut_l() mPcmOpenCnt: 1
07-03 17:53:11.054   476   476 D SAN_SERVICE: *******************************************
07-03 17:53:11.054   476   476 D SAN_SERVICE: DM App Phone Service State - 0
07-03 17:53:11.054   476   476 D SAN_SERVICE: *******************************************
07-03 17:53:11.832   476   476 D SAN_SERVICE: *******************************************
07-03 17:53:11.832   476   476 D SAN_SERVICE: DM App Phone Service State - 0
07-03 17:53:11.832   476   476 D SAN_SERVICE: *******************************************
07-03 17:53:21.367   476   476 D SAN_SERVICE: *******************************************
07-03 17:53:21.367   476   476 D SAN_SERVICE: DM App Phone Service State - 0
07-03 17:53:21.367   476   476 D SAN_SERVICE: *******************************************
07-03 17:53:22.140   476   476 D SAN_SERVICE: *******************************************
07-03 17:53:22.140   476   476 D SAN_SERVICE: DM App Phone Service State - 0
07-03 17:53:22.140   476   476 D SAN_SERVICE: *******************************************
07-03 17:53:22.187   476   479 D dalvikvm: GC_CONCURRENT freed 492K, 7% free 9497K/10119K, paused 9ms+2ms
07-03 17:53:28.398   158   204 I power   : *** set_screen_state 0
07-03 17:53:28.460    79   123 D SurfaceFlinger: About to give-up screen, flinger = 0x1eca918
07-03 17:53:28.531   158   205 D dalvikvm: GC_FOR_ALLOC freed 760K, 17% free 13470K/16135K, paused 59ms
07-03 17:53:28.570   496  1429 D NfcService: NFC-C OFF, disconnect
07-03 17:53:31.632   476   476 D SAN_SERVICE: *******************************************
07-03 17:53:31.632   476   476 D SAN_SERVICE: DM App Phone Service State - 0
07-03 17:53:31.632   476   476 D SAN_SERVICE: *******************************************
07-03 17:53:33.519   158   208 D dalvikvm: GC_FOR_ALLOC freed 829K, 19% free 13086K/16135K, paused 39ms
07-03 17:53:33.531   158   208 V TransportControlView: Create TCV com.android.internal.widget.TransportControlView@4148e068
07-03 17:53:33.554   650   650 D OpenGLRenderer: Flushing caches (mode 1)
07-03 17:53:33.558   394   394 D PhoneStatusBar: disable: < expand icons alerts ticker system_info back home RECENT* clock >
07-03 17:53:33.574   394   394 D PhoneStatusBar: disable: < expand icons alerts ticker system_info BACK* HOME* RECENT CLOCK* >
07-03 17:53:41.851   476   476 D SAN_SERVICE: *******************************************
07-03 17:53:41.851   476   476 D SAN_SERVICE: DM App Phone Service State - 0
07-03 17:53:41.851   476   476 D SAN_SERVICE: *******************************************
07-03 17:53:42.144   476   476 D SAN_SERVICE: *******************************************
07-03 17:53:42.144   476   476 D SAN_SERVICE: DM App Phone Service State - 0
07-03 17:53:42.144   476   476 D SAN_SERVICE: *******************************************
07-03 17:53:42.628   476   476 D SAN_SERVICE: *******************************************
07-03 17:53:42.628   476   476 D SAN_SERVICE: DM App Phone Service State - 0
07-03 17:53:42.628   476   476 D SAN_SERVICE: *******************************************
07-03 17:53:52.097   476   476 D SAN_SERVICE: *******************************************
07-03 17:53:52.097   476   476 D SAN_SERVICE: DM App Phone Service State - 0
07-03 17:53:52.097   476   476 D SAN_SERVICE: *******************************************
07-03 17:53:52.382   476   476 D SAN_SERVICE: *******************************************
07-03 17:53:52.382   476   476 D SAN_SERVICE: DM App Phone Service State - 0
07-03 17:53:52.382   476   476 D SAN_SERVICE: *******************************************
07-03 17:53:53.132   476   476 D SAN_SERVICE: *******************************************
07-03 17:53:53.132   476   476 D SAN_SERVICE: DM App Phone Service State - 0
07-03 17:53:53.132   476   476 D SAN_SERVICE: *******************************************
07-03 17:54:22.937  1062  1285 I PhoneLab-: Service Running
07-03 17:54:23.007  1062  1285 I PhoneLab-LoggerService: app_36    1289  1062  1800   1424  c00f181c 400107b4 S logcat
07-03 17:54:23.007  1062  1285 I PhoneLab-LoggerService: Logcat pid from database 1289
07-03 17:54:23.007  1062  1285 I PhoneLab-LoggerService: Logcat process found 1289
07-03 17:54:23.007  1062  1285 I PhoneLab-LoggerService: Checking Threshold
07-03 17:55:03.757   476   476 D SAN_SERVICE: *******************************************
07-03 17:55:03.757   476   476 D SAN_SERVICE: DM App Phone Service State - 0
07-03 17:55:03.757   476   476 D SAN_SERVICE: *******************************************
07-03 17:55:04.257   476   476 D SAN_SERVICE: *******************************************
07-03 17:55:04.257   476   476 D SAN_SERVICE: DM App Phone Service State - 0
07-03 17:55:04.257   476   476 D SAN_SERVICE: *******************************************
07-03 17:55:44.660   476   476 D SAN_SERVICE: *******************************************
07-03 17:55:44.660   476   476 D SAN_SERVICE: DM App Phone Service State - 0
07-03 17:55:44.664   476   476 D SAN_SERVICE: *******************************************
07-03 17:55:44.941   476   476 D SAN_SERVICE: *******************************************
07-03 17:55:44.941   476   476 D SAN_SERVICE: DM App Phone Service State - 0
07-03 17:55:44.941   476   476 D SAN_SERVICE: *******************************************
07-03 17:56:15.464   476   476 D SAN_SERVICE: *******************************************
07-03 17:56:15.464   476   476 D SAN_SERVICE: DM App Phone Service State - 0
07-03 17:56:15.464   476   476 D SAN_SERVICE: *******************************************
07-03 17:56:15.738   476   476 D SAN_SERVICE: *******************************************
07-03 17:56:15.738   476   476 D SAN_SERVICE: DM App Phone Service State - 0
07-03 17:56:15.738   476   476 D SAN_SERVICE: *******************************************
07-03 17:56:16.496   476   476 D SAN_SERVICE: *******************************************
07-03 17:56:16.496   476   476 D SAN_SERVICE: DM App Phone Service State - 0
07-03 17:56:16.496   476   476 D SAN_SERVICE: *******************************************
07-03 17:56:22.937  1062  1285 I PhoneLab-: Service Running
07-03 17:56:23.015  1062  1285 I PhoneLab-LoggerService: app_36    1289  1062  1800   1424  c00f181c 400107b4 S logcat
07-03 17:56:23.015  1062  1285 I PhoneLab-LoggerService: Logcat pid from database 1289
07-03 17:56:23.015  1062  1285 I PhoneLab-LoggerService: Logcat process found 1289
07-03 17:56:23.015  1062  1285 I PhoneLab-LoggerService: Checking Threshold
07-03 17:56:23.027  1062  1064 D dalvikvm: GC_CONCURRENT freed 360K, 15% free 9508K/11079K, paused 1ms+2ms
07-03 17:57:11.753   476   476 D SAN_SERVICE: *******************************************
07-03 17:57:11.753   476   476 D SAN_SERVICE: DM App Phone Service State - 0
07-03 17:57:11.753   476   476 D SAN_SERVICE: *******************************************
07-03 17:57:12.488   476   476 D SAN_SERVICE: *******************************************
07-03 17:57:12.488   476   476 D SAN_SERVICE: DM App Phone Service State - 0
07-03 17:57:12.488   476   476 D SAN_SERVICE: *******************************************
07-03 17:58:22.937  1062  1285 I PhoneLab-: Service Running
07-03 17:58:23.007  1062  1285 I PhoneLab-LoggerService: app_36    1289  1062  1800   1424  c00f181c 400107b4 S logcat
07-03 17:58:23.007  1062  1285 I PhoneLab-LoggerService: Logcat pid from database 1289
07-03 17:58:23.007  1062  1285 I PhoneLab-LoggerService: Logcat process found 1289
07-03 17:58:23.007  1062  1285 I PhoneLab-LoggerService: Checking Threshold
07-03 17:58:38.191  1877  1877 I wpa_supplicant: wlan0: CTRL-EVENT-DISCONNECTED bssid=d0:c2:82:84:8d:51 reason=0
07-03 17:58:38.206    76   116 D CommandListener: Clearing all IP addresses on wlan0
07-03 17:58:38.249   158   318 D ConnectivityService: ConnectivityChange for WIFI: DISCONNECTED/DISCONNECTED
07-03 17:58:38.253   158   318 D ConnectivityService: Attempting to switch to mobile
07-03 17:58:38.253   158   318 D ConnectivityService: Attempting to switch to WIMAX
07-03 17:58:38.253   158   318 D ConnectivityService: Attempting to switch to BLUETOOTH_TETHER
07-03 17:58:38.296   158   318 E ConnectivityService: Exception trying to remove a route: java.lang.IllegalStateException: Unable to communicate with native dameon to add routes - com.android.server.NativeDaemonConnectorException: Cmd {interface route remove wlan0 default 67.20.203.254 32 0.0.0.0} failed with code 400 : {Failed to remove route from default table (No such process)}
07-03 17:58:38.304   158   318 D NetUtils: android_net_utils_resetConnections in env=0x1484410 clazz=0x95b00001 iface=wlan0 mask=0x3
07-03 17:58:38.304   158   318 E ConnectivityService: Exception trying to remove a route: java.lang.IllegalStateException: Unable to communicate with native dameon to add routes - com.android.server.NativeDaemonConnectorException: Cmd {interface route remove wlan0 default 0.0.0.0 0 67.20.203.254} failed with code 400 : {Failed to remove route from default table (No such process)}
07-03 17:58:38.304   158   318 D ConnectivityService: resetConnections(wlan0, 3)
07-03 17:58:38.359   631  2025 W Smack/Packet: notify conn break (IOEx), close connection
07-03 17:58:38.398   158   160 D dalvikvm: GC_CONCURRENT freed 472K, 16% free 13633K/16135K, paused 3ms+7ms
07-03 17:58:38.515   631  2025 I qtaguid : Failed write_ctrl(u 91) res=-1 errno=22
07-03 17:58:38.515   631  2025 I qtaguid : Untagging socket 91 failed errno=-22
07-03 17:58:38.515   631  2025 W NetworkManagementSocketTagger: untagSocket(91) failed with errno -22
07-03 17:58:38.523   158   318 D ConnectivityService: handleInetConditionChange: no active default network - ignore
07-03 17:58:38.796  1877  1877 I wpa_supplicant: wlan0: Trying to associate with d0:c2:82:67:e7:61 (SSID='UB_Secure' freq=2437 MHz)
07-03 17:58:38.812   476   476 D SAN_SERVICE: *******************************************
07-03 17:58:38.812   476   476 D SAN_SERVICE: DM App Phone Service State - 0
07-03 17:58:38.812   476   476 D SAN_SERVICE: *******************************************
07-03 17:58:38.949  1877  1877 I wpa_supplicant: wlan0: Associated with d0:c2:82:67:e7:61
07-03 17:58:38.953  1877  1877 I wpa_supplicant: wlan0: CTRL-EVENT-EAP-STARTED EAP authentication started
07-03 17:58:38.960  1877  1877 I wpa_supplicant: wlan0: CTRL-EVENT-EAP-PROPOSED-METHOD vendor=0 method=4 -> NAK
07-03 17:58:38.964  1877  1877 I wpa_supplicant: wlan0: CTRL-EVENT-EAP-PROPOSED-METHOD vendor=0 method=25
07-03 17:58:38.964  1877  1877 I wpa_supplicant: wlan0: CTRL-EVENT-EAP-METHOD EAP vendor 0 method 25 (PEAP) selected
07-03 17:58:39.011  1877  1877 I wpa_supplicant: wlan0: CTRL-EVENT-EAP-PEER-CERT depth=2 subject='/C=US/O=Entrust.net/OU=www.entrust.net/CPS incorp. by ref. (limits liab.)/OU=(c) 1999 Entrust.net Limited/CN=Entrust.net Secure Server Certification Authority'
07-03 17:58:39.011  1877  1877 I wpa_supplicant: wlan0: CTRL-EVENT-EAP-PEER-CERT depth=2 subject='/C=US/O=Entrust.net/OU=www.entrust.net/CPS incorp. by ref. (limits liab.)/OU=(c) 1999 Entrust.net Limited/CN=Entrust.net Secure Server Certification Authority'
07-03 17:58:39.015  1877  1877 I wpa_supplicant: wlan0: CTRL-EVENT-EAP-PEER-CERT depth=1 subject='/C=US/ST=UT/L=Salt Lake City/O=The USERTRUST Network/CN=USERTrust Legacy Secure Server CA'
07-03 17:58:39.019  1877  1877 I wpa_supplicant: wlan0: CTRL-EVENT-EAP-PEER-CERT depth=0 subject='/C=US/postalCode=14260/ST=New York/L=Buffalo/street=305 Computing Center/O=SUNY AT BUFFALO/OU=Office of the President/OU=Issued through UNIVERSITY AT BUFFALO E-PKI Manager/OU=PremiumSSL Legacy/CN=ubsecure.acsu.buffalo.edu'
07-03 17:58:39.183  1877  1877 I wpa_supplicant: EAP-MSCHAPV2: Authentication succeeded
07-03 17:58:39.191  1877  1877 I wpa_supplicant: EAP-TLV: TLV Result - Success - EAP-TLV/Phase2 Completed
07-03 17:58:39.199  1877  1877 I wpa_supplicant: wlan0: CTRL-EVENT-EAP-SUCCESS EAP authentication completed successfully
07-03 17:58:39.265  1877  1877 I wpa_supplicant: wlan0: WPA: Key negotiation completed with d0:c2:82:67:e7:61 [PTK=CCMP GTK=TKIP]
07-03 17:58:39.265  1877  1877 I wpa_supplicant: wlan0: CTRL-EVENT-CONNECTED - Connection to d0:c2:82:67:e7:61 completed (reauth) [id=0 id_str=]
07-03 17:58:40.023   158   318 D ConnectivityService: ConnectivityChange for WIFI: CONNECTED/CONNECTED
07-03 17:58:40.066  1062  1062 I PhoneLab-WiFiReceiver: Wi-Fi is connected!
07-03 17:58:40.066  1062  1062 I PhoneLab-WiFiReceiver: SSID: UB_Secure BSSID: d0:c2:82:67:e7:61 RSSI: -200 LinkSpeed: -1
07-03 17:58:40.066  1062  1062 I PhoneLab-Locks: wake lock acquired
07-03 17:58:40.070  1062  1062 I PhoneLab-UploadLogs: Transfering log files now
07-03 17:58:40.070  1062  1062 I PhoneLab-UploadLogs: No log files to transfer
07-03 17:58:40.070  1062  1062 I PhoneLab-Locks: wake lock released
07-03 17:58:40.074  1062  1062 I PhoneLab-UploadLogs: OnStartCommand
07-03 17:58:40.082   158   312 W NetworkStats: dropping UID delta from unknown iface: iface=wlan0 uid=0 set=DEFAULT tag=0x0 rxBytes=0 rxPackets=0 txBytes=136 txPackets=2 operations=0
07-03 17:58:41.023   158   318 D ConnectivityService: NetTransition Wakelock for WifiStateMachine released by timeout
07-03 17:58:41.351   158   321 D Tethering: MasterInitialState.processMessage what=3
07-03 17:58:41.421   631   631 I GTalkService/c: [AndroidEndpoint@1093849664] connect: acct=1000000, state=CONNECTING
07-03 17:58:41.421   631   631 I GTalkService/c: [GTalkConnection@1095134744] connect: acct=1, state=CONNECTING
07-03 17:58:41.433  1132  1151 D PicasaSyncManager: active network: NetworkInfo: type: WIFI[], state: CONNECTED/CONNECTED, reason: (unspecified), extra: (none), roaming: false, failover: false, isAvailable: true
07-03 17:58:41.433  1132  1151 D PicasaSyncManager: background data: true
07-03 17:58:41.457  1622  1622 I MediaUploader: No need to wake up
07-03 17:58:41.460  1062  1062 I PhoneLab-WiFiReceiver: Wi-Fi is disconnected!
07-03 17:58:43.117   158   321 D Tethering: MasterInitialState.processMessage what=3
07-03 17:58:43.187  1622  1622 I MediaUploader: No need to wake up
07-03 17:58:43.195  1132  1151 D PicasaSyncManager: active network: NetworkInfo: type: WIFI[], state: CONNECTED/CONNECTED, reason: (unspecified), extra: (none), roaming: false, failover: false, isAvailable: true
07-03 17:58:43.195  1132  1151 D PicasaSyncManager: background data: true
07-03 17:58:43.378   631   634 D dalvikvm: GC_CONCURRENT freed 455K, 11% free 10516K/11783K, paused 4ms+3ms
07-03 17:58:43.816   158   706 D dalvikvm: GC_EXPLICIT freed 584K, 16% free 13616K/16135K, paused 7ms+5ms
07-03 17:58:44.960   158   318 D ConnectivityService: handleInetConditionHoldEnd: net=1, condition=100, published condition=0
07-03 17:58:51.429   158   318 D ConnectivityService: ConnectivityChange for mobile: CONNECTED/CONNECTED
07-03 17:58:51.460   158   318 D ConnectivityService: ConnectivityChange for mobile: DISCONNECTED/DISCONNECTED
07-03 17:58:51.460   158   318 D ConnectivityService: Attempting to switch to WIFI
07-03 17:58:51.464   158   318 D NetUtils: android_net_utils_resetConnections in env=0x1484410 clazz=0xaae00001 iface=rmnet0 mask=0x3
07-03 17:58:51.464   158   318 D ConnectivityService: Attempting to switch to WIMAX
07-03 17:58:51.464   158   318 D ConnectivityService: Attempting to switch to BLUETOOTH_TETHER
07-03 17:58:51.464   158   318 D ConnectivityService: resetConnections(rmnet0, 3)
07-03 17:58:51.527   476   479 D dalvikvm: GC_CONCURRENT freed 434K, 7% free 9510K/10119K, paused 3ms+3ms
07-03 17:58:54.242   476   476 D SAN_SERVICE: *******************************************
07-03 17:58:54.242   476   476 D SAN_SERVICE: DM App Phone Service State - 0
07-03 17:58:54.242   476   476 D SAN_SERVICE: *******************************************
07-03 17:58:54.503   158   321 D Tethering: MasterInitialState.processMessage what=3
07-03 17:58:54.574   158   321 D Tethering: MasterInitialState.processMessage what=3
07-03 17:58:54.578   476   476 D SAN_SERVICE: *******************************************
07-03 17:58:54.582   476   476 D SAN_SERVICE: DM App Phone Service State - 0
07-03 17:58:54.582   476   476 D SAN_SERVICE: *******************************************
07-03 17:58:54.597  1132  1151 D PicasaSyncManager: active network: NetworkInfo: type: WIFI[], state: CONNECTED/CONNECTED, reason: (unspecified), extra: (none), roaming: false, failover: false, isAvailable: true
07-03 17:58:54.597  1132  1151 D PicasaSyncManager: background data: true
07-03 17:58:54.625  1622  1622 I MediaUploader: No need to wake up
07-03 17:58:54.656  1132  1151 D PicasaSyncManager: active network: NetworkInfo: type: WIFI[], state: CONNECTED/CONNECTED, reason: (unspecified), extra: (none), roaming: false, failover: false, isAvailable: true
07-03 17:58:54.656  1132  1151 D PicasaSyncManager: background data: true
07-03 17:58:54.667  1622  1622 I MediaUploader: No need to wake up
07-03 17:58:54.730   631   634 D dalvikvm: GC_CONCURRENT freed 432K, 11% free 10503K/11783K, paused 2ms+2ms
07-03 17:58:55.093   158   318 D ConnectivityService: handleInetConditionHoldEnd: net=1, condition=100, published condition=100
07-03 17:59:04.683   476   476 D SAN_SERVICE: *******************************************
07-03 17:59:04.683   476   476 D SAN_SERVICE: DM App Phone Service State - 0
07-03 17:59:04.683   476   476 D SAN_SERVICE: *******************************************
07-03 17:59:04.960   476   476 D SAN_SERVICE: *******************************************
07-03 17:59:04.960   476   476 D SAN_SERVICE: DM App Phone Service State - 0
07-03 17:59:04.960   476   476 D SAN_SERVICE: *******************************************
07-03 17:59:05.429   476   476 D SAN_SERVICE: *******************************************
07-03 17:59:05.429   476   476 D SAN_SERVICE: DM App Phone Service State - 0
07-03 17:59:05.429   476   476 D SAN_SERVICE: *******************************************
07-03 17:59:05.683   476   476 D SAN_SERVICE: *******************************************
07-03 17:59:05.683   476   476 D SAN_SERVICE: DM App Phone Service State - 0
07-03 17:59:05.683   476   476 D SAN_SERVICE: *******************************************
07-03 17:59:05.937   476   476 D SAN_SERVICE: *******************************************
07-03 17:59:05.941   476   476 D SAN_SERVICE: DM App Phone Service State - 0
07-03 17:59:05.941   476   476 D SAN_SERVICE: *******************************************
07-03 18:00:22.937  1062  1285 I PhoneLab-: Service Running
07-03 18:00:23.007  1062  1285 I PhoneLab-LoggerService: app_36    1289  1062  1800   1424  c00f181c 400107b4 S logcat
07-03 18:00:23.007  1062  1285 I PhoneLab-LoggerService: Logcat pid from database 1289
07-03 18:00:23.007  1062  1285 I PhoneLab-LoggerService: Logcat process found 1289
07-03 18:00:23.007  1062  1285 I PhoneLab-LoggerService: Checking Threshold
07-03 18:00:37.328   476   476 D SAN_SERVICE: *******************************************
07-03 18:00:37.328   476   476 D SAN_SERVICE: DM App Phone Service State - 0
07-03 18:00:37.332   476   476 D SAN_SERVICE: *******************************************
07-03 18:00:37.574   476   476 D SAN_SERVICE: *******************************************
07-03 18:00:37.574   476   476 D SAN_SERVICE: DM App Phone Service State - 0
07-03 18:00:37.574   476   476 D SAN_SERVICE: *******************************************
07-03 18:00:37.824   476   476 D SAN_SERVICE: *******************************************
07-03 18:00:37.824   476   476 D SAN_SERVICE: DM App Phone Service State - 0
07-03 18:00:37.824   476   476 D SAN_SERVICE: *******************************************
07-03 18:00:38.328   476   476 D SAN_SERVICE: *******************************************
07-03 18:00:38.328   476   476 D SAN_SERVICE: DM App Phone Service State - 0
07-03 18:00:38.328   476   476 D SAN_SERVICE: *******************************************
07-03 18:01:22.828   476   476 D SAN_SERVICE: *******************************************
07-03 18:01:22.828   476   476 D SAN_SERVICE: DM App Phone Service State - 0
07-03 18:01:22.828   476   476 D SAN_SERVICE: *******************************************
07-03 18:01:22.968  1877  1877 I wpa_supplicant: wlan0: CTRL-EVENT-DISCONNECTED bssid=d0:c2:82:67:e7:61 reason=0
07-03 18:01:22.972    76   116 D CommandListener: Clearing all IP addresses on wlan0
07-03 18:01:23.023   476   476 D SAN_SERVICE: *******************************************
07-03 18:01:23.027   476   476 D SAN_SERVICE: DM App Phone Service State - 0
07-03 18:01:23.027   476   476 D SAN_SERVICE: *******************************************
07-03 18:01:23.031   158   318 D ConnectivityService: ConnectivityChange for WIFI: DISCONNECTED/DISCONNECTED
07-03 18:01:23.035   158   318 D ConnectivityService: Attempting to switch to mobile
07-03 18:01:23.035   158   318 D ConnectivityService: Attempting to switch to WIMAX
07-03 18:01:23.035   158   318 D ConnectivityService: Attempting to switch to BLUETOOTH_TETHER
07-03 18:01:23.042   158   318 E ConnectivityService: Exception trying to remove a route: java.lang.IllegalStateException: Unable to communicate with native dameon to add routes - com.android.server.NativeDaemonConnectorException: Cmd {interface route remove wlan0 default 67.20.203.254 32 0.0.0.0} failed with code 400 : {Failed to remove route from default table (No such process)}
07-03 18:01:23.046   158   318 E ConnectivityService: Exception trying to remove a route: java.lang.IllegalStateException: Unable to communicate with native dameon to add routes - com.android.server.NativeDaemonConnectorException: Cmd {interface route remove wlan0 default 0.0.0.0 0 67.20.203.254} failed with code 400 : {Failed to remove route from default table (No such process)}
07-03 18:01:23.046   158   318 D NetUtils: android_net_utils_resetConnections in env=0x1484410 clazz=0xb7100001 iface=wlan0 mask=0x3
07-03 18:01:23.046   158   318 D ConnectivityService: resetConnections(wlan0, 3)
07-03 18:01:23.136   631  2408 W Smack/Packet: notify conn break (IOEx), close connection
07-03 18:01:23.187   158   160 D dalvikvm: GC_CONCURRENT freed 1095K, 16% free 13672K/16135K, paused 2ms+5ms
07-03 18:01:23.296   631  2408 I qtaguid : Failed write_ctrl(u 91) res=-1 errno=22
07-03 18:01:23.296   631  2408 I qtaguid : Untagging socket 91 failed errno=-22
07-03 18:01:23.296   631  2408 W NetworkManagementSocketTagger: untagSocket(91) failed with errno -22
07-03 18:01:23.300   158   318 D ConnectivityService: handleInetConditionChange: no active default network - ignore
07-03 18:01:23.574  1877  1877 I wpa_supplicant: wlan0: Trying to associate with d0:c2:82:66:69:d1 (SSID='UB_Secure' freq=2462 MHz)
07-03 18:01:23.757  1877  1877 I wpa_supplicant: wlan0: Associated with d0:c2:82:66:69:d1
07-03 18:01:23.785  1877  1877 I wpa_supplicant: wlan0: CTRL-EVENT-EAP-STARTED EAP authentication started
07-03 18:01:23.792  1877  1877 I wpa_supplicant: wlan0: CTRL-EVENT-EAP-PROPOSED-METHOD vendor=0 method=4 -> NAK
07-03 18:01:23.800  1877  1877 I wpa_supplicant: wlan0: CTRL-EVENT-EAP-PROPOSED-METHOD vendor=0 method=25
07-03 18:01:23.800  1877  1877 I wpa_supplicant: wlan0: CTRL-EVENT-EAP-METHOD EAP vendor 0 method 25 (PEAP) selected
07-03 18:01:23.863  1877  1877 I wpa_supplicant: wlan0: CTRL-EVENT-EAP-PEER-CERT depth=2 subject='/C=US/O=Entrust.net/OU=www.entrust.net/CPS incorp. by ref. (limits liab.)/OU=(c) 1999 Entrust.net Limited/CN=Entrust.net Secure Server Certification Authority'
07-03 18:01:23.863  1877  1877 I wpa_supplicant: wlan0: CTRL-EVENT-EAP-PEER-CERT depth=2 subject='/C=US/O=Entrust.net/OU=www.entrust.net/CPS incorp. by ref. (limits liab.)/OU=(c) 1999 Entrust.net Limited/CN=Entrust.net Secure Server Certification Authority'
07-03 18:01:23.867  1877  1877 I wpa_supplicant: wlan0: CTRL-EVENT-EAP-PEER-CERT depth=1 subject='/C=US/ST=UT/L=Salt Lake City/O=The USERTRUST Network/CN=USERTrust Legacy Secure Server CA'
07-03 18:01:23.867  1877  1877 I wpa_supplicant: wlan0: CTRL-EVENT-EAP-PEER-CERT depth=0 subject='/C=US/postalCode=14260/ST=New York/L=Buffalo/street=305 Computing Center/O=SUNY AT BUFFALO/OU=Office of the President/OU=Issued through UNIVERSITY AT BUFFALO E-PKI Manager/OU=PremiumSSL Legacy/CN=ubsecure.acsu.buffalo.edu'
07-03 18:01:24.046  1877  1877 I wpa_supplicant: EAP-MSCHAPV2: Authentication succeeded
07-03 18:01:24.054  1877  1877 I wpa_supplicant: EAP-TLV: TLV Result - Success - EAP-TLV/Phase2 Completed
07-03 18:01:24.062  1877  1877 I wpa_supplicant: wlan0: CTRL-EVENT-EAP-SUCCESS EAP authentication completed successfully
07-03 18:01:24.132  1877  1877 I wpa_supplicant: wlan0: WPA: Key negotiation completed with d0:c2:82:66:69:d1 [PTK=CCMP GTK=TKIP]
07-03 18:01:24.132  1877  1877 I wpa_supplicant: wlan0: CTRL-EVENT-CONNECTED - Connection to d0:c2:82:66:69:d1 completed (reauth) [id=0 id_str=]
07-03 18:01:24.855   158   318 D ConnectivityService: ConnectivityChange for WIFI: CONNECTED/CONNECTED
07-03 18:01:24.878  1062  1062 I PhoneLab-WiFiReceiver: Wi-Fi is connected!
07-03 18:01:24.878  1062  1062 I PhoneLab-WiFiReceiver: SSID: UB_Secure BSSID: d0:c2:82:66:69:d1 RSSI: -200 LinkSpeed: -1
07-03 18:01:24.878  1062  1062 I PhoneLab-Locks: wake lock acquired
07-03 18:01:24.886  1062  1062 I PhoneLab-UploadLogs: Transfering log files now
07-03 18:01:24.886  1062  1062 I PhoneLab-UploadLogs: No log files to transfer
07-03 18:01:24.886  1062  1062 I PhoneLab-Locks: wake lock released
07-03 18:01:24.886  1062  1062 I PhoneLab-UploadLogs: OnStartCommand
07-03 18:01:24.894   158   312 W NetworkStats: dropping UID delta from unknown iface: iface=wlan0 uid=0 set=DEFAULT tag=0x0 rxBytes=0 rxPackets=0 txBytes=140 txPackets=2 operations=0
07-03 18:01:25.859   158   318 D ConnectivityService: NetTransition Wakelock for WifiStateMachine released by timeout
07-03 18:01:26.097   158   321 D Tethering: MasterInitialState.processMessage what=3
07-03 18:01:26.144   631   631 I GTalkService/c: [AndroidEndpoint@1093849664] connect: acct=1000000, state=CONNECTING
07-03 18:01:26.148   631   631 I GTalkService/c: [GTalkConnection@1095134744] connect: acct=1, state=CONNECTING
07-03 18:01:26.171  1622  1622 I MediaUploader: No need to wake up
07-03 18:01:26.175  1062  1062 I PhoneLab-WiFiReceiver: Wi-Fi is disconnected!
07-03 18:01:26.183  1132  1151 D PicasaSyncManager: active network: NetworkInfo: type: WIFI[], state: CONNECTED/CONNECTED, reason: (unspecified), extra: (none), roaming: false, failover: false, isAvailable: true
07-03 18:01:26.183  1132  1151 D PicasaSyncManager: background data: true
07-03 18:01:26.230   476   479 D dalvikvm: GC_CONCURRENT freed 386K, 7% free 9507K/10119K, paused 11ms+3ms
07-03 18:01:27.906   158   321 D Tethering: MasterInitialState.processMessage what=3
07-03 18:01:27.984  1132  1151 D PicasaSyncManager: active network: NetworkInfo: type: WIFI[], state: CONNECTED/CONNECTED, reason: (unspecified), extra: (none), roaming: false, failover: false, isAvailable: true
07-03 18:01:27.992  1132  1151 D PicasaSyncManager: background data: true
07-03 18:01:28.011   631   631 D dalvikvm: GC_EXPLICIT freed 172K, 12% free 10481K/11783K, paused 2ms+3ms
07-03 18:01:28.031  1622  1622 I MediaUploader: No need to wake up
07-03 18:01:35.023   158   318 D ConnectivityService: ConnectivityChange for mobile: CONNECTED/CONNECTED
07-03 18:01:35.054   158   318 D NetUtils: android_net_utils_resetConnections in env=0x1484410 clazz=0xcae00001 iface=rmnet0 mask=0x3
07-03 18:01:35.054   158   318 D ConnectivityService: ConnectivityChange for mobile: DISCONNECTED/DISCONNECTED
07-03 18:01:35.054   158   318 D ConnectivityService: Attempting to switch to WIFI
07-03 18:01:35.054   158   318 D ConnectivityService: Attempting to switch to WIMAX
07-03 18:01:35.054   158   318 D ConnectivityService: Attempting to switch to BLUETOOTH_TETHER
07-03 18:01:35.054   158   318 D ConnectivityService: resetConnections(rmnet0, 3)
07-03 18:01:38.101   158   321 D Tethering: MasterInitialState.processMessage what=3
07-03 18:01:38.140   158   321 D Tethering: MasterInitialState.processMessage what=3
07-03 18:01:38.210  1622  1622 I MediaUploader: No need to wake up
07-03 18:01:38.234  1132  1151 D PicasaSyncManager: active network: NetworkInfo: type: WIFI[], state: CONNECTED/CONNECTED, reason: (unspecified), extra: (none), roaming: false, failover: false, isAvailable: true
07-03 18:01:38.234  1132  1151 D PicasaSyncManager: background data: true
07-03 18:01:38.273   158   160 D dalvikvm: GC_CONCURRENT freed 1049K, 15% free 13724K/16135K, paused 2ms+6ms
07-03 18:01:38.308  1132  1151 D PicasaSyncManager: active network: NetworkInfo: type: WIFI[], state: CONNECTED/CONNECTED, reason: (unspecified), extra: (none), roaming: false, failover: false, isAvailable: true
07-03 18:01:38.308  1132  1151 D PicasaSyncManager: background data: true
07-03 18:01:38.320  1622  1622 I MediaUploader: No need to wake up
07-03 18:01:56.609   476   476 D SAN_SERVICE: *******************************************
07-03 18:01:56.609   476   476 D SAN_SERVICE: DM App Phone Service State - 0
07-03 18:01:56.609   476   476 D SAN_SERVICE: *******************************************
07-03 18:01:56.855   476   476 D SAN_SERVICE: *******************************************
07-03 18:01:56.855   476   476 D SAN_SERVICE: DM App Phone Service State - 0
07-03 18:01:56.855   476   476 D SAN_SERVICE: *******************************************
07-03 18:01:57.128  1877  1877 I wpa_supplicant: wlan0: CTRL-EVENT-DISCONNECTED bssid=d0:c2:82:66:69:d1 reason=0
07-03 18:01:57.140    76   116 D CommandListener: Clearing all IP addresses on wlan0
07-03 18:01:57.187   158   318 D ConnectivityService: ConnectivityChange for WIFI: DISCONNECTED/DISCONNECTED
07-03 18:01:57.191   158   318 D ConnectivityService: Attempting to switch to mobile
07-03 18:01:57.191   158   318 D ConnectivityService: Attempting to switch to WIMAX
07-03 18:01:57.191   158   318 D ConnectivityService: Attempting to switch to BLUETOOTH_TETHER
07-03 18:01:57.218   158   318 E ConnectivityService: Exception trying to remove a route: java.lang.IllegalStateException: Unable to communicate with native dameon to add routes - com.android.server.NativeDaemonConnectorException: Cmd {interface route remove wlan0 default 67.20.203.254 32 0.0.0.0} failed with code 400 : {Failed to remove route from default table (No such process)}
07-03 18:01:57.222   158   318 E ConnectivityService: Exception trying to remove a route: java.lang.IllegalStateException: Unable to communicate with native dameon to add routes - com.android.server.NativeDaemonConnectorException: Cmd {interface route remove wlan0 default 0.0.0.0 0 67.20.203.254} failed with code 400 : {Failed to remove route from default table (No such process)}
07-03 18:01:57.222   158   318 D NetUtils: android_net_utils_resetConnections in env=0x1484410 clazz=0xd5300001 iface=wlan0 mask=0x3
07-03 18:01:57.222   158   318 D ConnectivityService: resetConnections(wlan0, 3)
07-03 18:01:57.261   631  2446 W Smack/Packet: notify conn break (IOEx), close connection
07-03 18:01:57.449   631  2446 I qtaguid : Failed write_ctrl(u 91) res=-1 errno=22
07-03 18:01:57.449   631  2446 I qtaguid : Untagging socket 91 failed errno=-22
07-03 18:01:57.449   631  2446 W NetworkManagementSocketTagger: untagSocket(91) failed with errno -22
07-03 18:01:57.730  1877  1877 I wpa_supplicant: wlan0: Trying to associate with 58:35:d9:38:bd:b1 (SSID='UB_Secure' freq=2437 MHz)
07-03 18:01:57.917  1877  1877 I wpa_supplicant: wlan0: Associated with 58:35:d9:38:bd:b1
07-03 18:01:57.929  1877  1877 I wpa_supplicant: wlan0: CTRL-EVENT-EAP-STARTED EAP authentication started
07-03 18:01:57.941  1877  1877 I wpa_supplicant: wlan0: CTRL-EVENT-EAP-PROPOSED-METHOD vendor=0 method=4 -> NAK
07-03 18:01:57.945  1877  1877 I wpa_supplicant: wlan0: CTRL-EVENT-EAP-PROPOSED-METHOD vendor=0 method=25
07-03 18:01:57.945  1877  1877 I wpa_supplicant: wlan0: CTRL-EVENT-EAP-METHOD EAP vendor 0 method 25 (PEAP) selected
07-03 18:01:57.996   631   634 D dalvikvm: GC_CONCURRENT freed 382K, 12% free 10487K/11783K, paused 2ms+4ms
07-03 18:01:58.007  1877  1877 I wpa_supplicant: wlan0: CTRL-EVENT-EAP-PEER-CERT depth=2 subject='/C=US/O=Entrust.net/OU=www.entrust.net/CPS incorp. by ref. (limits liab.)/OU=(c) 1999 Entrust.net Limited/CN=Entrust.net Secure Server Certification Authority'
07-03 18:01:58.007  1877  1877 I wpa_supplicant: wlan0: CTRL-EVENT-EAP-PEER-CERT depth=2 subject='/C=US/O=Entrust.net/OU=www.entrust.net/CPS incorp. by ref. (limits liab.)/OU=(c) 1999 Entrust.net Limited/CN=Entrust.net Secure Server Certification Authority'
07-03 18:01:58.007  1877  1877 I wpa_supplicant: wlan0: CTRL-EVENT-EAP-PEER-CERT depth=1 subject='/C=US/ST=UT/L=Salt Lake City/O=The USERTRUST Network/CN=USERTrust Legacy Secure Server CA'
07-03 18:01:58.011  1877  1877 I wpa_supplicant: wlan0: CTRL-EVENT-EAP-PEER-CERT depth=0 subject='/C=US/postalCode=14260/ST=New York/L=Buffalo/street=305 Computing Center/O=SUNY AT BUFFALO/OU=Office of the President/OU=Issued through UNIVERSITY AT BUFFALO E-PKI Manager/OU=PremiumSSL Legacy/CN=ubsecure.acsu.buffalo.edu'
07-03 18:01:58.160  1877  1877 I wpa_supplicant: EAP-MSCHAPV2: Authentication succeeded
07-03 18:01:58.164  1877  1877 I wpa_supplicant: EAP-TLV: TLV Result - Success - EAP-TLV/Phase2 Completed
07-03 18:01:58.167  1877  1877 I wpa_supplicant: wlan0: CTRL-EVENT-EAP-SUCCESS EAP authentication completed successfully
07-03 18:01:58.210  1877  1877 I wpa_supplicant: wlan0: WPA: Key negotiation completed with 58:35:d9:38:bd:b1 [PTK=CCMP GTK=TKIP]
07-03 18:01:58.210  1877  1877 I wpa_supplicant: wlan0: CTRL-EVENT-CONNECTED - Connection to 58:35:d9:38:bd:b1 completed (reauth) [id=0 id_str=]
07-03 18:01:58.972   158   318 D ConnectivityService: ConnectivityChange for WIFI: CONNECTED/CONNECTED
07-03 18:01:59.011  1062  1062 I PhoneLab-WiFiReceiver: Wi-Fi is connected!
07-03 18:01:59.011  1062  1062 I PhoneLab-WiFiReceiver: SSID: UB_Secure BSSID: 58:35:d9:38:bd:b1 RSSI: -200 LinkSpeed: -1
07-03 18:01:59.011  1062  1062 I PhoneLab-Locks: wake lock acquired
07-03 18:01:59.015  1062  1062 I PhoneLab-UploadLogs: Transfering log files now
07-03 18:01:59.015  1062  1062 I PhoneLab-UploadLogs: No log files to transfer
07-03 18:01:59.015  1062  1062 I PhoneLab-Locks: wake lock released
07-03 18:01:59.019  1062  1062 I PhoneLab-UploadLogs: OnStartCommand
07-03 18:01:59.027   158   312 W NetworkStats: dropping UID delta from unknown iface: iface=wlan0 uid=0 set=DEFAULT tag=0x0 rxBytes=0 rxPackets=0 txBytes=140 txPackets=2 operations=0
07-03 18:01:59.976   158   318 D ConnectivityService: NetTransition Wakelock for WifiStateMachine released by timeout
07-03 18:02:00.105   631  1126 E GTalkService: connectionClosed: no XMPPConnection - That's strange!
07-03 18:02:00.117   631  1126 E GTalkService: connectionClosed: no XMPPConnection - That's strange!
07-03 18:02:00.253   158   321 D Tethering: MasterInitialState.processMessage what=3
07-03 18:02:00.304   631   631 I GTalkService/c: [AndroidEndpoint@1093849664] connect: acct=1000000, state=CONNECTING
07-03 18:02:00.308   631   631 I GTalkService/c: [GTalkConnection@1095134744] connect: acct=1, state=CONNECTING
07-03 18:02:00.339  1622  1622 I MediaUploader: No need to wake up
07-03 18:02:00.343  1062  1062 I PhoneLab-WiFiReceiver: Wi-Fi is disconnected!
07-03 18:02:00.347  1132  1151 D PicasaSyncManager: active network: NetworkInfo: type: WIFI[], state: CONNECTED/CONNECTED, reason: (unspecified), extra: (none), roaming: false, failover: false, isAvailable: true
07-03 18:02:00.347  1132  1151 D PicasaSyncManager: background data: true
07-03 18:02:00.386   476   491 D dalvikvm: GC_EXPLICIT freed 286K, 7% free 9501K/10119K, paused 9ms+3ms
07-03 18:02:02.058   158   321 D Tethering: MasterInitialState.processMessage what=3
07-03 18:02:02.105  1132  1151 D PicasaSyncManager: active network: NetworkInfo: type: WIFI[], state: CONNECTED/CONNECTED, reason: (unspecified), extra: (none), roaming: false, failover: false, isAvailable: true
07-03 18:02:02.109  1132  1151 D PicasaSyncManager: background data: true
07-03 18:02:02.136  1622  1622 I MediaUploader: No need to wake up
07-03 18:02:02.957   158   318 D ConnectivityService: handleInetConditionHoldEnd: net=1, condition=0, published condition=0
07-03 18:02:04.222   631   634 D dalvikvm: GC_CONCURRENT freed 327K, 11% free 10549K/11783K, paused 15ms+4ms
07-03 18:02:04.359   158   566 D dalvikvm: GC_EXPLICIT freed 996K, 16% free 13674K/16135K, paused 2ms+6ms
07-03 18:02:04.871   158   318 D ConnectivityService: handleInetConditionHoldEnd: net=1, condition=100, published condition=0
07-03 18:02:05.203   158   318 D ConnectivityService: ConnectivityChange for mobile: CONNECTED/CONNECTED
07-03 18:02:05.234   158   318 D NetUtils: android_net_utils_resetConnections in env=0x1484410 clazz=0xebc00001 iface=rmnet0 mask=0x3
07-03 18:02:05.234   158   318 D ConnectivityService: ConnectivityChange for mobile: DISCONNECTED/DISCONNECTED
07-03 18:02:05.234   158   318 D ConnectivityService: Attempting to switch to WIFI
07-03 18:02:05.234   158   318 D ConnectivityService: Attempting to switch to WIMAX
07-03 18:02:05.234   158   318 D ConnectivityService: Attempting to switch to BLUETOOTH_TETHER
07-03 18:02:05.234   158   318 D ConnectivityService: resetConnections(rmnet0, 3)
07-03 18:02:08.257   158   321 D Tethering: MasterInitialState.processMessage what=3
07-03 18:02:08.265   158   321 D Tethering: MasterInitialState.processMessage what=3
07-03 18:02:08.312  1622  1622 I MediaUploader: No need to wake up
07-03 18:02:08.335  1132  1151 D PicasaSyncManager: active network: NetworkInfo: type: WIFI[], state: CONNECTED/CONNECTED, reason: (unspecified), extra: (none), roaming: false, failover: false, isAvailable: true
07-03 18:02:08.355  1132  1151 D PicasaSyncManager: background data: true
07-03 18:02:08.363  1622  1622 I MediaUploader: No need to wake up
07-03 18:02:08.371  1132  1151 D PicasaSyncManager: active network: NetworkInfo: type: WIFI[], state: CONNECTED/CONNECTED, reason: (unspecified), extra: (none), roaming: false, failover: false, isAvailable: true
07-03 18:02:08.371  1132  1151 D PicasaSyncManager: background data: true
07-03 18:02:08.773   158   318 D ConnectivityService: handleInetConditionHoldEnd: net=1, condition=100, published condition=100
07-03 18:02:20.515  1877  1877 I wpa_supplicant: wlan0: CTRL-EVENT-DISCONNECTED bssid=58:35:d9:38:bd:b1 reason=0
07-03 18:02:20.527    76   116 D CommandListener: Clearing all IP addresses on wlan0
07-03 18:02:20.589   158   318 D ConnectivityService: ConnectivityChange for WIFI: DISCONNECTED/DISCONNECTED
07-03 18:02:20.593   158   318 D ConnectivityService: Attempting to switch to mobile
07-03 18:02:20.593   158   318 D ConnectivityService: Attempting to switch to WIMAX
07-03 18:02:20.593   158   318 D ConnectivityService: Attempting to switch to BLUETOOTH_TETHER
07-03 18:02:20.617   158   318 E ConnectivityService: Exception trying to remove a route: java.lang.IllegalStateException: Unable to communicate with native dameon to add routes - com.android.server.NativeDaemonConnectorException: Cmd {interface route remove wlan0 default 67.20.203.254 32 0.0.0.0} failed with code 400 : {Failed to remove route from default table (No such process)}
07-03 18:02:20.621   158   318 D NetUtils: android_net_utils_resetConnections in env=0x1484410 clazz=0xf7c00001 iface=wlan0 mask=0x3
07-03 18:02:20.621   158   318 E ConnectivityService: Exception trying to remove a route: java.lang.IllegalStateException: Unable to communicate with native dameon to add routes - com.android.server.NativeDaemonConnectorException: Cmd {interface route remove wlan0 default 0.0.0.0 0 67.20.203.254} failed with code 400 : {Failed to remove route from default table (No such process)}
07-03 18:02:20.621   158   318 D ConnectivityService: resetConnections(wlan0, 3)
07-03 18:02:20.660   631  2480 W Smack/Packet: notify conn break (IOEx), close connection
07-03 18:02:20.828   631  2480 I qtaguid : Failed write_ctrl(u 91) res=-1 errno=22
07-03 18:02:20.828   631  2480 I qtaguid : Untagging socket 91 failed errno=-22
07-03 18:02:20.828   631  2480 W NetworkManagementSocketTagger: untagSocket(91) failed with errno -22
07-03 18:02:20.843   158   318 D ConnectivityService: handleInetConditionChange: no active default network - ignore
07-03 18:02:21.132  1877  1877 I wpa_supplicant: wlan0: Trying to associate with 00:13:80:94:5c:21 (SSID='UB_Secure' freq=2412 MHz)
07-03 18:02:21.316  1877  1877 I wpa_supplicant: wlan0: Associated with 00:13:80:94:5c:21
07-03 18:02:21.324  1877  1877 I wpa_supplicant: wlan0: CTRL-EVENT-EAP-STARTED EAP authentication started
07-03 18:02:21.328  1877  1877 I wpa_supplicant: wlan0: CTRL-EVENT-EAP-PROPOSED-METHOD vendor=0 method=4 -> NAK
07-03 18:02:21.332  1877  1877 I wpa_supplicant: wlan0: CTRL-EVENT-EAP-PROPOSED-METHOD vendor=0 method=25
07-03 18:02:21.332  1877  1877 I wpa_supplicant: wlan0: CTRL-EVENT-EAP-METHOD EAP vendor 0 method 25 (PEAP) selected
07-03 18:02:21.386  1877  1877 I wpa_supplicant: wlan0: CTRL-EVENT-EAP-PEER-CERT depth=2 subject='/C=US/O=Entrust.net/OU=www.entrust.net/CPS incorp. by ref. (limits liab.)/OU=(c) 1999 Entrust.net Limited/CN=Entrust.net Secure Server Certification Authority'
07-03 18:02:21.386  1877  1877 I wpa_supplicant: wlan0: CTRL-EVENT-EAP-PEER-CERT depth=2 subject='/C=US/O=Entrust.net/OU=www.entrust.net/CPS incorp. by ref. (limits liab.)/OU=(c) 1999 Entrust.net Limited/CN=Entrust.net Secure Server Certification Authority'
07-03 18:02:21.390  1877  1877 I wpa_supplicant: wlan0: CTRL-EVENT-EAP-PEER-CERT depth=1 subject='/C=US/ST=UT/L=Salt Lake City/O=The USERTRUST Network/CN=USERTrust Legacy Secure Server CA'
07-03 18:02:21.390  1877  1877 I wpa_supplicant: wlan0: CTRL-EVENT-EAP-PEER-CERT depth=0 subject='/C=US/postalCode=14260/ST=New York/L=Buffalo/street=305 Computing Center/O=SUNY AT BUFFALO/OU=Office of the President/OU=Issued through UNIVERSITY AT BUFFALO E-PKI Manager/OU=PremiumSSL Legacy/CN=ubsecure.acsu.buffalo.edu'
07-03 18:02:21.640  1877  1877 I wpa_supplicant: EAP-MSCHAPV2: Authentication succeeded
07-03 18:02:21.648  1877  1877 I wpa_supplicant: EAP-TLV: TLV Result - Success - EAP-TLV/Phase2 Completed
07-03 18:02:21.656  1877  1877 I wpa_supplicant: wlan0: CTRL-EVENT-EAP-SUCCESS EAP authentication completed successfully
07-03 18:02:21.726  1877  1877 I wpa_supplicant: wlan0: WPA: Key negotiation completed with 00:13:80:94:5c:21 [PTK=CCMP GTK=TKIP]
07-03 18:02:21.726  1877  1877 I wpa_supplicant: wlan0: CTRL-EVENT-CONNECTED - Connection to 00:13:80:94:5c:21 completed (reauth) [id=0 id_str=]
07-03 18:02:22.937  1062  1285 I PhoneLab-: Service Running
07-03 18:02:23.039  1062  1285 I PhoneLab-LoggerService: app_36    1289  1062  1800   1424  c00f181c 400107b4 S logcat
07-03 18:02:23.039  1062  1285 I PhoneLab-LoggerService: Logcat pid from database 1289
07-03 18:02:23.039  1062  1285 I PhoneLab-LoggerService: Logcat process found 1289
07-03 18:02:23.039  1062  1285 I PhoneLab-LoggerService: Checking Threshold
07-03 18:02:23.652   158   321 D Tethering: MasterInitialState.processMessage what=3
07-03 18:02:23.738  1132  1151 D PicasaSyncManager: active network: null
07-03 18:02:23.738  1132  1151 D PicasaSyncManager: background data: true
07-03 18:02:23.765  1622  1622 I MediaUploader: No need to wake up
07-03 18:02:23.769  1062  1062 I PhoneLab-WiFiReceiver: Wi-Fi is disconnected!
07-03 18:02:23.808   631   634 D dalvikvm: GC_CONCURRENT freed 458K, 11% free 10519K/11783K, paused 2ms+3ms
07-03 18:02:25.804   476   476 D SAN_SERVICE: *******************************************
07-03 18:02:25.804   476   476 D SAN_SERVICE: DM App Phone Service State - 0
07-03 18:02:25.804   476   476 D SAN_SERVICE: *******************************************
07-03 18:02:25.851   158   160 D dalvikvm: GC_CONCURRENT freed 1096K, 16% free 13683K/16135K, paused 7ms+6ms
07-03 18:02:26.250   476   476 D SAN_SERVICE: *******************************************
07-03 18:02:26.250   476   476 D SAN_SERVICE: DM App Phone Service State - 0
07-03 18:02:26.250   476   476 D SAN_SERVICE: *******************************************
07-03 18:02:27.687   158   318 D ConnectivityService: ConnectivityChange for mobile: CONNECTED/CONNECTED
07-03 18:02:27.726   158   312 W NetworkStats: dropping UID delta from unknown iface: iface=wlan0 uid=0 set=DEFAULT tag=0x0 rxBytes=0 rxPackets=0 txBytes=328 txPackets=5 operations=0
07-03 18:02:27.753   158   313 D NetworkPolicy: applying policy NetworkPolicy[NetworkTemplate: matchRule=MOBILE_ALL, subscriberId=valid]: cycleDay=3, warningBytes=2147483648, limitBytes=-1, lastSnooze=-1 to ifaces [rmnet0]
07-03 18:02:28.691   158   318 D ConnectivityService: NetTransition Wakelock for WifiStateMachine released by timeout
07-03 18:02:29.261   476   476 D SAN_SERVICE: *******************************************
07-03 18:02:29.261   476   476 D SAN_SERVICE: DM App Phone Service State - 0
07-03 18:02:29.261   476   476 D SAN_SERVICE: *******************************************
07-03 18:02:30.765   158   321 D Tethering: MasterInitialState.processMessage what=3
07-03 18:02:30.777   631   631 I GTalkService/c: [AndroidEndpoint@1093849664] connect: acct=1000000, state=CONNECTING
07-03 18:02:30.781   631   631 I GTalkService/c: [GTalkConnection@1095134744] connect: acct=1, state=CONNECTING
07-03 18:02:30.800  1132  1151 D PicasaSyncManager: active network: NetworkInfo: type: mobile[CDMA - EvDo rev. A], state: CONNECTED/CONNECTED, reason: (unspecified), extra: , roaming: false, failover: true, isAvailable: true
07-03 18:02:30.800  1132  1151 D PicasaSyncManager: background data: true
07-03 18:02:30.828  1622  1622 I MediaUploader: No need to wake up
07-03 18:02:35.191   158   318 D ConnectivityService: handleInetConditionHoldEnd: net=0, condition=100, published condition=0
07-03 18:02:35.636   631   634 D dalvikvm: GC_CONCURRENT freed 376K, 11% free 10530K/11783K, paused 12ms+3ms
07-03 18:02:35.675   158   318 D ConnectivityService: ConnectivityChange for WIFI: CONNECTED/CONNECTED
07-03 18:02:35.675   158   318 D ConnectivityService: Policy requires mobile teardown
07-03 18:02:35.691  1062  1062 I PhoneLab-WiFiReceiver: Wi-Fi is connected!
07-03 18:02:35.691  1062  1062 I PhoneLab-WiFiReceiver: SSID: UB_Secure BSSID: 00:13:80:94:5c:21 RSSI: -200 LinkSpeed: -1
07-03 18:02:35.691  1062  1062 I PhoneLab-Locks: wake lock acquired
07-03 18:02:35.703  1062  1062 I PhoneLab-UploadLogs: Transfering log files now
07-03 18:02:35.703  1062  1062 I PhoneLab-UploadLogs: No log files to transfer
07-03 18:02:35.703  1062  1062 I PhoneLab-Locks: wake lock released
07-03 18:02:35.714  1062  1062 I PhoneLab-UploadLogs: OnStartCommand
07-03 18:02:35.734   158   318 D ConnectivityService: ConnectivityChange for mobile: DISCONNECTED/DISCONNECTED
07-03 18:02:35.738   158   312 W NetworkStats: dropping UID delta from unknown iface: iface=wlan0 uid=0 set=DEFAULT tag=0x0 rxBytes=216 rxPackets=3 txBytes=56 txPackets=1 operations=0
07-03 18:02:35.742   158   318 D ConnectivityService: Attempting to switch to WIFI
07-03 18:02:35.746   158   318 D ConnectivityService: Attempting to switch to WIMAX
07-03 18:02:35.746   158   318 D ConnectivityService: Attempting to switch to BLUETOOTH_TETHER
07-03 18:02:35.750   158   318 D NetUtils: android_net_utils_resetConnections in env=0x1484410 clazz=0x19a00001 iface=rmnet0 mask=0x3
07-03 18:02:35.750   158   318 D ConnectivityService: resetConnections(rmnet0, 3)
07-03 18:02:35.769   476   479 D dalvikvm: GC_CONCURRENT freed 389K, 7% free 9509K/10119K, paused 2ms+3ms
07-03 18:02:35.867   631  2498 W Smack/Packet: notify conn break (IOEx), close connection
07-03 18:02:36.019   631  2498 I qtaguid : Failed write_ctrl(u 92) res=-1 errno=22
07-03 18:02:36.019   631  2498 I qtaguid : Untagging socket 92 failed errno=-22
07-03 18:02:36.019   631  2498 W NetworkManagementSocketTagger: untagSocket(92) failed with errno -22
07-03 18:02:36.148   158   318 D ConnectivityService: handleInetConditionChange: net=0 != default=1 - ignore
07-03 18:02:38.753   158   321 D Tethering: MasterInitialState.processMessage what=3
07-03 18:02:38.789   631   631 I GTalkService/c: [AndroidEndpoint@1093849664] connect: acct=1000000, state=CONNECTING
07-03 18:02:38.820   158   321 D Tethering: MasterInitialState.processMessage what=3
07-03 18:02:38.824   631   631 I GTalkService/c: [GTalkConnection@1095134744] connect: acct=1, state=CONNECTING
07-03 18:02:38.828   158   321 D Tethering: MasterInitialState.processMessage what=3
07-03 18:02:38.835  1132  1151 D PicasaSyncManager: active network: NetworkInfo: type: WIFI[], state: CONNECTED/CONNECTED, reason: (unspecified), extra: (none), roaming: false, failover: false, isAvailable: true
07-03 18:02:38.839  1132  1151 D PicasaSyncManager: background data: true
07-03 18:02:38.875  1622  1622 I MediaUploader: No need to wake up
07-03 18:02:38.929  1622  1622 I MediaUploader: No need to wake up
07-03 18:02:39.000  1622  1622 I MediaUploader: No need to wake up
07-03 18:02:39.011   158   160 D dalvikvm: GC_CONCURRENT freed 1155K, 16% free 13702K/16135K, paused 5ms+5ms
07-03 18:02:39.039  1132  1151 D PicasaSyncManager: active network: NetworkInfo: type: WIFI[], state: CONNECTED/CONNECTED, reason: (unspecified), extra: (none), roaming: false, failover: false, isAvailable: true
07-03 18:02:39.039  1132  1151 D PicasaSyncManager: background data: true
07-03 18:02:39.082   538   542 D dalvikvm: GC_CONCURRENT freed 439K, 6% free 9485K/10055K, paused 2ms+3ms
07-03 18:02:40.300   631   634 D dalvikvm: GC_CONCURRENT freed 355K, 11% free 10563K/11783K, paused 4ms+3ms
07-03 18:02:41.500   158   318 D ConnectivityService: handleInetConditionHoldEnd: net=1, condition=100, published condition=0
07-03 18:02:58.007   476   476 D SAN_SERVICE: *******************************************
07-03 18:02:58.007   476   476 D SAN_SERVICE: DM App Phone Service State - 0
07-03 18:02:58.007   476   476 D SAN_SERVICE: *******************************************
07-03 18:02:58.292   476   476 D SAN_SERVICE: *******************************************
07-03 18:02:58.292   476   476 D SAN_SERVICE: DM App Phone Service State - 0
07-03 18:02:58.292   476   476 D SAN_SERVICE: *******************************************
07-03 18:03:30.691  1877  1877 I wpa_supplicant: wlan0: CTRL-EVENT-DISCONNECTED bssid=00:13:80:94:5c:21 reason=0
07-03 18:03:30.703    76   116 D CommandListener: Clearing all IP addresses on wlan0
07-03 18:03:30.761   158   318 D ConnectivityService: ConnectivityChange for WIFI: DISCONNECTED/DISCONNECTED
07-03 18:03:30.761   158   318 D ConnectivityService: Attempting to switch to mobile
07-03 18:03:30.761   158   318 D ConnectivityService: Attempting to switch to WIMAX
07-03 18:03:30.761   158   318 D ConnectivityService: Attempting to switch to BLUETOOTH_TETHER
07-03 18:03:30.792   158   318 E ConnectivityService: Exception trying to remove a route: java.lang.IllegalStateException: Unable to communicate with native dameon to add routes - com.android.server.NativeDaemonConnectorException: Cmd {interface route remove wlan0 default 67.20.203.254 32 0.0.0.0} failed with code 400 : {Failed to remove route from default table (No such process)}
07-03 18:03:30.800   158   318 D NetUtils: android_net_utils_resetConnections in env=0x1484410 clazz=0x2a500001 iface=wlan0 mask=0x3
07-03 18:03:30.800   158   318 E ConnectivityService: Exception trying to remove a route: java.lang.IllegalStateException: Unable to communicate with native dameon to add routes - com.android.server.NativeDaemonConnectorException: Cmd {interface route remove wlan0 default 0.0.0.0 0 67.20.203.254} failed with code 400 : {Failed to remove route from default table (No such process)}
07-03 18:03:30.800   158   318 D ConnectivityService: resetConnections(wlan0, 3)
07-03 18:03:30.851   631  2524 W Smack/Packet: notify conn break (IOEx), close connection
07-03 18:03:31.011   631  2524 I qtaguid : Failed write_ctrl(u 91) res=-1 errno=22
07-03 18:03:31.015   631  2524 I qtaguid : Untagging socket 91 failed errno=-22
07-03 18:03:31.015   631  2524 W NetworkManagementSocketTagger: untagSocket(91) failed with errno -22
07-03 18:03:31.031   158   318 D ConnectivityService: handleInetConditionChange: no active default network - ignore
07-03 18:03:31.300  1877  1877 I wpa_supplicant: wlan0: Trying to associate with 00:21:56:ce:40:91 (SSID='UB_Secure' freq=2412 MHz)
07-03 18:03:31.339  1877  1877 I wpa_supplicant: wlan0: Associated with 00:21:56:ce:40:91
07-03 18:03:31.355  1877  1877 I wpa_supplicant: wlan0: CTRL-EVENT-EAP-STARTED EAP authentication started
07-03 18:03:31.359  1877  1877 I wpa_supplicant: wlan0: CTRL-EVENT-EAP-PROPOSED-METHOD vendor=0 method=4 -> NAK
07-03 18:03:31.363  1877  1877 I wpa_supplicant: wlan0: CTRL-EVENT-EAP-PROPOSED-METHOD vendor=0 method=25
07-03 18:03:31.363  1877  1877 I wpa_supplicant: wlan0: CTRL-EVENT-EAP-METHOD EAP vendor 0 method 25 (PEAP) selected
07-03 18:03:31.503  1877  1877 I wpa_supplicant: wlan0: CTRL-EVENT-EAP-PEER-CERT depth=2 subject='/C=US/O=Entrust.net/OU=www.entrust.net/CPS incorp. by ref. (limits liab.)/OU=(c) 1999 Entrust.net Limited/CN=Entrust.net Secure Server Certification Authority'
07-03 18:03:31.507  1877  1877 I wpa_supplicant: wlan0: CTRL-EVENT-EAP-PEER-CERT depth=2 subject='/C=US/O=Entrust.net/OU=www.entrust.net/CPS incorp. by ref. (limits liab.)/OU=(c) 1999 Entrust.net Limited/CN=Entrust.net Secure Server Certification Authority'
07-03 18:03:31.511  1877  1877 I wpa_supplicant: wlan0: CTRL-EVENT-EAP-PEER-CERT depth=1 subject='/C=US/ST=UT/L=Salt Lake City/O=The USERTRUST Network/CN=USERTrust Legacy Secure Server CA'
07-03 18:03:31.531  1877  1877 I wpa_supplicant: wlan0: CTRL-EVENT-EAP-PEER-CERT depth=0 subject='/C=US/postalCode=14260/ST=New York/L=Buffalo/street=305 Computing Center/O=SUNY AT BUFFALO/OU=Office of the President/OU=Issued through UNIVERSITY AT BUFFALO E-PKI Manager/OU=PremiumSSL Legacy/CN=ubsecure.acsu.buffalo.edu'
07-03 18:03:33.824   158   321 D Tethering: MasterInitialState.processMessage what=3
07-03 18:03:33.898  1132  1151 D PicasaSyncManager: active network: null
07-03 18:03:33.902  1622  1622 I MediaUploader: No need to wake up
07-03 18:03:33.906  1062  1062 I PhoneLab-WiFiReceiver: Wi-Fi is disconnected!
07-03 18:03:33.906  1132  1151 D PicasaSyncManager: background data: true
07-03 18:03:33.984   158   567 D dalvikvm: GC_EXPLICIT freed 593K, 16% free 13667K/16135K, paused 3ms+5ms
07-03 18:03:35.933   476   476 D SAN_SERVICE: *******************************************
07-03 18:03:35.933   476   476 D SAN_SERVICE: DM App Phone Service State - 0
07-03 18:03:35.937   476   476 D SAN_SERVICE: *******************************************
07-03 18:03:36.464   476   476 D SAN_SERVICE: *******************************************
07-03 18:03:36.464   476   476 D SAN_SERVICE: DM App Phone Service State - 0
07-03 18:03:36.464   476   476 D SAN_SERVICE: *******************************************
07-03 18:03:40.808   158   318 D ConnectivityService: ConnectivityChange for mobile: CONNECTED/CONNECTED
07-03 18:03:40.882   158   313 D NetworkPolicy: applying policy NetworkPolicy[NetworkTemplate: matchRule=MOBILE_ALL, subscriberId=valid]: cycleDay=3, warningBytes=2147483648, limitBytes=-1, lastSnooze=-1 to ifaces [rmnet0]
07-03 18:03:40.917   476   476 D SAN_SERVICE: *******************************************
07-03 18:03:40.917   476   476 D SAN_SERVICE: DM App Phone Service State - 0
07-03 18:03:40.917   476   476 D SAN_SERVICE: *******************************************
07-03 18:03:41.312   476   476 D SAN_SERVICE: *******************************************
07-03 18:03:41.312   476   476 D SAN_SERVICE: DM App Phone Service State - 0
07-03 18:03:41.312   476   476 D SAN_SERVICE: *******************************************
07-03 18:03:41.812   158   318 D ConnectivityService: NetTransition Wakelock for WifiStateMachine released by timeout
07-03 18:03:42.539   631   631 I GTalkService/c: [AndroidEndpoint@1093849664] connect: acct=1000000, state=CONNECTING
07-03 18:03:42.550   631   631 I GTalkService/c: [GTalkConnection@1095134744] connect: acct=1, state=CONNECTING
07-03 18:03:43.296   631   634 D dalvikvm: GC_CONCURRENT freed 417K, 11% free 10536K/11783K, paused 2ms+3ms
07-03 18:03:43.875   158   321 D Tethering: MasterInitialState.processMessage what=3
07-03 18:03:43.937  1132  1151 D PicasaSyncManager: active network: NetworkInfo: type: mobile[CDMA - EvDo rev. A], state: CONNECTED/CONNECTED, reason: (unspecified), extra: , roaming: false, failover: true, isAvailable: true
07-03 18:03:43.937  1132  1151 D PicasaSyncManager: background data: true
07-03 18:03:43.976  1622  1622 I MediaUploader: No need to wake up
07-03 18:03:45.945   476   476 D SAN_SERVICE: *******************************************
07-03 18:03:45.945   476   476 D SAN_SERVICE: DM App Phone Service State - 0
07-03 18:03:45.945   476   476 D SAN_SERVICE: *******************************************
07-03 18:03:46.472   476   476 D SAN_SERVICE: *******************************************
07-03 18:03:46.472   476   476 D SAN_SERVICE: DM App Phone Service State - 0
07-03 18:03:46.472   476   476 D SAN_SERVICE: *******************************************
07-03 18:03:48.726   158   318 D ConnectivityService: handleInetConditionHoldEnd: net=0, condition=100, published condition=0
07-03 18:03:51.765   631   634 D dalvikvm: GC_CONCURRENT freed 379K, 11% free 10550K/11783K, paused 16ms+2ms
07-03 18:03:51.828  1085  1085 D dalvikvm: GC_FOR_ALLOC freed 390K, 7% free 9358K/9991K, paused 38ms
07-03 18:03:56.218   476   476 D SAN_SERVICE: *******************************************
07-03 18:03:56.218   476   476 D SAN_SERVICE: DM App Phone Service State - 0
07-03 18:03:56.218   476   476 D SAN_SERVICE: *******************************************
07-03 18:03:56.468   476   476 D SAN_SERVICE: *******************************************
07-03 18:03:56.468   476   476 D SAN_SERVICE: DM App Phone Service State - 0
07-03 18:03:56.468   476   476 D SAN_SERVICE: *******************************************
07-03 18:04:01.500   476   476 D SAN_SERVICE: *******************************************
07-03 18:04:01.500   476   476 D SAN_SERVICE: DM App Phone Service State - 0
07-03 18:04:01.500   476   476 D SAN_SERVICE: *******************************************
07-03 18:04:01.527   476   479 D dalvikvm: GC_CONCURRENT freed 411K, 7% free 9499K/10119K, paused 27ms+3ms
07-03 18:04:03.085  1877  1877 I wpa_supplicant: wlan0: CTRL-EVENT-DISCONNECTED bssid=00:21:56:ce:40:91 reason=0
07-03 18:04:03.714  1877  1877 I wpa_supplicant: wlan0: Trying to associate with 00:1a:a2:dc:8c:11 (SSID='UB_Secure' freq=2462 MHz)
07-03 18:04:06.492   476   476 D SAN_SERVICE: *******************************************
07-03 18:04:06.492   476   476 D SAN_SERVICE: DM App Phone Service State - 0
07-03 18:04:06.492   476   476 D SAN_SERVICE: *******************************************
07-03 18:04:06.960   476   476 D SAN_SERVICE: *******************************************
07-03 18:04:06.960   476   476 D SAN_SERVICE: DM App Phone Service State - 0
07-03 18:04:06.960   476   476 D SAN_SERVICE: *******************************************
07-03 18:04:11.671   476   476 D SAN_SERVICE: *******************************************
07-03 18:04:11.671   476   476 D SAN_SERVICE: DM App Phone Service State - 0
07-03 18:04:11.671   476   476 D SAN_SERVICE: *******************************************
07-03 18:04:13.812  1877  1877 I wpa_supplicant: wlan0: Authentication with 00:1a:a2:dc:8c:11 timed out.
07-03 18:04:15.406  1877  1877 I wpa_supplicant: wlan0: Trying to associate with 00:14:a9:c8:31:11 (SSID='UB_Secure' freq=2412 MHz)
07-03 18:04:15.671   394   396 D dalvikvm: GC_CONCURRENT freed 409K, 9% free 9704K/10567K, paused 2ms+3ms
07-03 18:04:15.757   394   394 D dalvikvm: GC_FOR_ALLOC freed 203K, 8% free 9758K/10567K, paused 15ms
07-03 18:04:15.808   394   394 D dalvikvm: GC_FOR_ALLOC freed 322K, 8% free 9749K/10567K, paused 16ms
07-03 18:04:15.980   394   394 D dalvikvm: GC_FOR_ALLOC freed 333K, 8% free 9747K/10567K, paused 29ms
07-03 18:04:19.929   476   476 D SAN_SERVICE: *******************************************
07-03 18:04:19.929   476   476 D SAN_SERVICE: DM App Phone Service State - 0
07-03 18:04:19.929   476   476 D SAN_SERVICE: *******************************************
07-03 18:04:20.167   476   476 D SAN_SERVICE: *******************************************
07-03 18:04:20.167   476   476 D SAN_SERVICE: DM App Phone Service State - 0
07-03 18:04:20.167   476   476 D SAN_SERVICE: *******************************************
07-03 18:04:22.937  1062  1285 I PhoneLab-: Service Running
07-03 18:04:23.007  1062  1285 I PhoneLab-LoggerService: app_36    1289  1062  1800   1424  c00f181c 400107b4 S logcat
07-03 18:04:23.007  1062  1285 I PhoneLab-LoggerService: Logcat pid from database 1289
07-03 18:04:23.007  1062  1285 I PhoneLab-LoggerService: Logcat process found 1289
07-03 18:04:23.007  1062  1285 I PhoneLab-LoggerService: Checking Threshold
07-03 18:04:25.554  1877  1877 I wpa_supplicant: wlan0: Authentication with 00:14:a9:c8:31:11 timed out.
07-03 18:04:27.160  1877  1877 I wpa_supplicant: wlan0: Trying to associate with 00:13:80:94:4a:a1 (SSID='UB_Secure' freq=2462 MHz)
07-03 18:04:27.335  1877  1877 I wpa_supplicant: wlan0: Associated with 00:13:80:94:4a:a1
07-03 18:04:27.347  1877  1877 I wpa_supplicant: wlan0: CTRL-EVENT-EAP-STARTED EAP authentication started
07-03 18:04:27.359  1877  1877 I wpa_supplicant: wlan0: CTRL-EVENT-EAP-PROPOSED-METHOD vendor=0 method=4 -> NAK
07-03 18:04:27.367  1877  1877 I wpa_supplicant: wlan0: CTRL-EVENT-EAP-PROPOSED-METHOD vendor=0 method=25
07-03 18:04:27.367  1877  1877 I wpa_supplicant: wlan0: CTRL-EVENT-EAP-METHOD EAP vendor 0 method 25 (PEAP) selected
07-03 18:04:27.699  1877  1877 I wpa_supplicant: wlan0: CTRL-EVENT-EAP-PEER-CERT depth=2 subject='/C=US/O=Entrust.net/OU=www.entrust.net/CPS incorp. by ref. (limits liab.)/OU=(c) 1999 Entrust.net Limited/CN=Entrust.net Secure Server Certification Authority'
07-03 18:04:27.703  1877  1877 I wpa_supplicant: wlan0: CTRL-EVENT-EAP-PEER-CERT depth=2 subject='/C=US/O=Entrust.net/OU=www.entrust.net/CPS incorp. by ref. (limits liab.)/OU=(c) 1999 Entrust.net Limited/CN=Entrust.net Secure Server Certification Authority'
07-03 18:04:27.707  1877  1877 I wpa_supplicant: wlan0: CTRL-EVENT-EAP-PEER-CERT depth=1 subject='/C=US/ST=UT/L=Salt Lake City/O=The USERTRUST Network/CN=USERTrust Legacy Secure Server CA'
07-03 18:04:27.726  1877  1877 I wpa_supplicant: wlan0: CTRL-EVENT-EAP-PEER-CERT depth=0 subject='/C=US/postalCode=14260/ST=New York/L=Buffalo/street=305 Computing Center/O=SUNY AT BUFFALO/OU=Office of the President/OU=Issued through UNIVERSITY AT BUFFALO E-PKI Manager/OU=PremiumSSL Legacy/CN=ubsecure.acsu.buffalo.edu'
07-03 18:05:16.250   476   476 D SAN_SERVICE: *******************************************
07-03 18:05:16.250   476   476 D SAN_SERVICE: DM App Phone Service State - 0
07-03 18:05:16.250   476   476 D SAN_SERVICE: *******************************************
07-03 18:05:17.039   476   476 D SAN_SERVICE: *******************************************
07-03 18:05:17.039   476   476 D SAN_SERVICE: DM App Phone Service State - 0
07-03 18:05:17.039   476   476 D SAN_SERVICE: *******************************************
07-03 18:05:24.671  1877  1877 I wpa_supplicant: wlan0: CTRL-EVENT-DISCONNECTED bssid=00:13:80:94:4a:a1 reason=0
07-03 18:05:25.292  1877  1877 I wpa_supplicant: wlan0: Trying to associate with 00:1a:a2:dd:b1:a1 (SSID='UB_Secure' freq=2437 MHz)
07-03 18:05:25.472    76   113 D NetlinkEvent: Unexpected netlink message. type=0xf
07-03 18:05:35.417  1877  1877 I wpa_supplicant: wlan0: Authentication with 00:1a:a2:dd:b1:a1 timed out.
07-03 18:05:36.976  1877  1877 I wpa_supplicant: wlan0: Trying to associate with 00:1a:a2:dd:b1:a1 (SSID='UB_Secure' freq=2437 MHz)
07-03 18:05:37.039  1877  1877 I wpa_supplicant: wlan0: Associated with 00:1a:a2:dd:b1:a1
07-03 18:05:37.039  1877  1877 I wpa_supplicant: wlan0: CTRL-EVENT-EAP-STARTED EAP authentication started
07-03 18:05:37.039    76   113 D NetlinkEvent: Unexpected netlink message. type=0x30
07-03 18:05:37.042  1877  1877 I wpa_supplicant: wlan0: CTRL-EVENT-EAP-PROPOSED-METHOD vendor=0 method=4 -> NAK
07-03 18:05:37.050  1877  1877 I wpa_supplicant: wlan0: CTRL-EVENT-EAP-PROPOSED-METHOD vendor=0 method=25
07-03 18:05:37.050  1877  1877 I wpa_supplicant: wlan0: CTRL-EVENT-EAP-METHOD EAP vendor 0 method 25 (PEAP) selected
07-03 18:05:37.125  1877  1877 I wpa_supplicant: wlan0: CTRL-EVENT-EAP-PEER-CERT depth=2 subject='/C=US/O=Entrust.net/OU=www.entrust.net/CPS incorp. by ref. (limits liab.)/OU=(c) 1999 Entrust.net Limited/CN=Entrust.net Secure Server Certification Authority'
07-03 18:05:37.128  1877  1877 I wpa_supplicant: wlan0: CTRL-EVENT-EAP-PEER-CERT depth=2 subject='/C=US/O=Entrust.net/OU=www.entrust.net/CPS incorp. by ref. (limits liab.)/OU=(c) 1999 Entrust.net Limited/CN=Entrust.net Secure Server Certification Authority'
07-03 18:05:37.132  1877  1877 I wpa_supplicant: wlan0: CTRL-EVENT-EAP-PEER-CERT depth=1 subject='/C=US/ST=UT/L=Salt Lake City/O=The USERTRUST Network/CN=USERTrust Legacy Secure Server CA'
07-03 18:05:37.152  1877  1877 I wpa_supplicant: wlan0: CTRL-EVENT-EAP-PEER-CERT depth=0 subject='/C=US/postalCode=14260/ST=New York/L=Buffalo/street=305 Computing Center/O=SUNY AT BUFFALO/OU=Office of the President/OU=Issued through UNIVERSITY AT BUFFALO E-PKI Manager/OU=PremiumSSL Legacy/CN=ubsecure.acsu.buffalo.edu'
07-03 18:05:37.332  1877  1877 I wpa_supplicant: EAP-MSCHAPV2: Authentication succeeded
07-03 18:05:37.339  1877  1877 I wpa_supplicant: EAP-TLV: TLV Result - Success - EAP-TLV/Phase2 Completed
07-03 18:05:37.347  1877  1877 I wpa_supplicant: wlan0: CTRL-EVENT-EAP-SUCCESS EAP authentication completed successfully
07-03 18:05:37.406    76   113 D NetlinkEvent: Unexpected netlink message. type=0xf
07-03 18:05:37.414  1877  1877 I wpa_supplicant: wlan0: WPA: Key negotiation completed with 00:1a:a2:dd:b1:a1 [PTK=CCMP GTK=TKIP]
07-03 18:05:37.414  1877  1877 I wpa_supplicant: wlan0: CTRL-EVENT-CONNECTED - Connection to 00:1a:a2:dd:b1:a1 completed (reauth) [id=0 id_str=]
07-03 18:05:38.179   158   318 D ConnectivityService: ConnectivityChange for WIFI: CONNECTED/CONNECTED
07-03 18:05:38.179   158   318 D ConnectivityService: Policy requires mobile teardown
07-03 18:05:38.222  1062  1062 I PhoneLab-WiFiReceiver: Wi-Fi is connected!
07-03 18:05:38.234  1062  1062 I PhoneLab-WiFiReceiver: SSID: UB_Secure BSSID: 00:1a:a2:dd:b1:a1 RSSI: -200 LinkSpeed: -1
07-03 18:05:38.234  1062  1062 I PhoneLab-Locks: wake lock acquired
07-03 18:05:38.277  1062  1062 I PhoneLab-UploadLogs: Transfering log files now
07-03 18:05:38.277  1062  1062 I PhoneLab-UploadLogs: No log files to transfer
07-03 18:05:38.277  1062  1062 I PhoneLab-Locks: wake lock released
07-03 18:05:38.285  1062  1062 I PhoneLab-UploadLogs: OnStartCommand
07-03 18:05:38.289   158   318 D ConnectivityService: ConnectivityChange for mobile: DISCONNECTED/DISCONNECTED
07-03 18:05:38.292   158   312 W NetworkStats: dropping UID delta from unknown iface: iface=wlan0 uid=0 set=DEFAULT tag=0x0 rxBytes=0 rxPackets=0 txBytes=76 txPackets=1 operations=0
07-03 18:05:38.300   158   318 D ConnectivityService: Attempting to switch to WIFI
07-03 18:05:38.300   158   318 D ConnectivityService: Attempting to switch to WIMAX
07-03 18:05:38.304   158   318 D ConnectivityService: Attempting to switch to BLUETOOTH_TETHER
07-03 18:05:38.312   158   318 D NetUtils: android_net_utils_resetConnections in env=0x1484410 clazz=0x4c500001 iface=rmnet0 mask=0x3
07-03 18:05:38.312   158   318 D ConnectivityService: resetConnections(rmnet0, 3)
07-03 18:05:38.378   158   160 D dalvikvm: GC_CONCURRENT freed 1056K, 15% free 13773K/16135K, paused 3ms+9ms
07-03 18:05:38.386   631  2531 W Smack/Packet: notify conn break (IOEx), close connection
07-03 18:05:38.437   394   394 D dalvikvm: GC_FOR_ALLOC freed 352K, 9% free 9680K/10567K, paused 44ms
07-03 18:05:38.550   631  2531 I qtaguid : Failed write_ctrl(u 91) res=-1 errno=22
07-03 18:05:38.550   631  2531 I qtaguid : Untagging socket 91 failed errno=-22
07-03 18:05:38.550   631  2531 W NetworkManagementSocketTagger: untagSocket(91) failed with errno -22
07-03 18:05:38.562   158   318 D ConnectivityService: handleInetConditionChange: net=0 != default=1 - ignore
07-03 18:05:41.304   158   321 D Tethering: MasterInitialState.processMessage what=3
07-03 18:05:41.371   631   631 I GTalkService/c: [AndroidEndpoint@1093849664] connect: acct=1000000, state=CONNECTING
07-03 18:05:41.371   631   631 I GTalkService/c: [GTalkConnection@1095134744] connect: acct=1, state=CONNECTING
07-03 18:05:41.402  1132  1151 D PicasaSyncManager: active network: NetworkInfo: type: WIFI[], state: CONNECTED/CONNECTED, reason: (unspecified), extra: (none), roaming: false, failover: false, isAvailable: true
07-03 18:05:41.406  1132  1151 D PicasaSyncManager: background data: true
07-03 18:05:41.417   158   321 D Tethering: MasterInitialState.processMessage what=3
07-03 18:05:41.421   158   321 D Tethering: MasterInitialState.processMessage what=3
07-03 18:05:41.429  1622  1622 I MediaUploader: No need to wake up
07-03 18:05:41.480  1622  1622 I MediaUploader: No need to wake up
07-03 18:05:41.519  1622  1622 I MediaUploader: No need to wake up
07-03 18:05:41.585   631   634 D dalvikvm: GC_CONCURRENT freed 375K, 11% free 10568K/11783K, paused 2ms+6ms
07-03 18:05:41.605  1132  1151 D PicasaSyncManager: active network: NetworkInfo: type: WIFI[], state: CONNECTED/CONNECTED, reason: (unspecified), extra: (none), roaming: false, failover: false, isAvailable: true
07-03 18:05:41.605  1132  1151 D PicasaSyncManager: background data: true
07-03 18:05:44.445   158   318 D ConnectivityService: handleInetConditionHoldEnd: net=1, condition=100, published condition=0
07-03 18:05:44.957   583   585 D dalvikvm: GC_CONCURRENT freed 426K, 12% free 9806K/11143K, paused 8ms+5ms
07-03 18:05:45.535   631   634 D dalvikvm: GC_CONCURRENT freed 387K, 11% free 10576K/11783K, paused 2ms+6ms
07-03 18:06:12.582   476   476 D SAN_SERVICE: *******************************************
07-03 18:06:12.582   476   476 D SAN_SERVICE: DM App Phone Service State - 0
07-03 18:06:12.582   476   476 D SAN_SERVICE: *******************************************
07-03 18:06:12.613   631  1129 D dalvikvm: GC_EXPLICIT freed 17K, 11% free 10559K/11783K, paused 2ms+3ms
07-03 18:06:22.937  1062  1285 I PhoneLab-: Service Running
07-03 18:06:23.019  1062  1064 D dalvikvm: GC_CONCURRENT freed 416K, 15% free 9507K/11079K, paused 2ms+6ms
07-03 18:06:23.027  1062  1285 I PhoneLab-LoggerService: app_36    1289  1062  1800   1424  c00f181c 400107b4 S logcat
07-03 18:06:23.027  1062  1285 I PhoneLab-LoggerService: Logcat pid from database 1289
07-03 18:06:23.027  1062  1285 I PhoneLab-LoggerService: Logcat process found 1289
07-03 18:06:23.027  1062  1285 I PhoneLab-LoggerService: Checking Threshold
07-03 18:06:27.941   476   476 D SAN_SERVICE: *******************************************
07-03 18:06:27.941   476   476 D SAN_SERVICE: DM App Phone Service State - 0
07-03 18:06:27.941   476   476 D SAN_SERVICE: *******************************************
07-03 18:06:43.285   476   476 D SAN_SERVICE: *******************************************
07-03 18:06:43.285   476   476 D SAN_SERVICE: DM App Phone Service State - 0
07-03 18:06:43.285   476   476 D SAN_SERVICE: *******************************************
07-03 18:06:43.832   476   476 D SAN_SERVICE: *******************************************
07-03 18:06:43.832   476   476 D SAN_SERVICE: DM App Phone Service State - 0
07-03 18:06:43.832   476   476 D SAN_SERVICE: *******************************************
07-03 18:08:12.703   631  1131 I EventLogService: Aggregate from 1341351492615 (log), 1341351492615 (data)
07-03 18:08:22.937  1062  1285 I PhoneLab-: Service Running
07-03 18:08:23.007  1062  1285 I PhoneLab-LoggerService: app_36    1289  1062  1800   1424  c00f181c 400107b4 S logcat
07-03 18:08:23.007  1062  1285 I PhoneLab-LoggerService: Logcat pid from database 1289
07-03 18:08:23.007  1062  1285 I PhoneLab-LoggerService: Logcat process found 1289
07-03 18:08:23.007  1062  1285 I PhoneLab-LoggerService: Checking Threshold
07-03 18:10:22.937  1062  1285 I PhoneLab-: Service Running
07-03 18:10:23.007  1062  1285 I PhoneLab-LoggerService: app_36    1289  1062  1800   1424  c00f181c 400107b4 S logcat
07-03 18:10:23.007  1062  1285 I PhoneLab-LoggerService: Logcat pid from database 1289
07-03 18:10:23.007  1062  1285 I PhoneLab-LoggerService: Logcat process found 1289
07-03 18:10:23.007  1062  1285 I PhoneLab-LoggerService: Checking Threshold
07-03 18:10:45.871   476   476 D SAN_SERVICE: *******************************************
07-03 18:10:45.871   476   476 D SAN_SERVICE: DM App Phone Service State - 0
07-03 18:10:45.871   476   476 D SAN_SERVICE: *******************************************
07-03 18:10:46.343   476   476 D SAN_SERVICE: *******************************************
07-03 18:10:46.343   476   476 D SAN_SERVICE: DM App Phone Service State - 0
07-03 18:10:46.343   476   476 D SAN_SERVICE: *******************************************
07-03 18:10:56.058   476   476 D SAN_SERVICE: *******************************************
07-03 18:10:56.058   476   476 D SAN_SERVICE: DM App Phone Service State - 0
07-03 18:10:56.058   476   476 D SAN_SERVICE: *******************************************
07-03 18:10:56.332   476   476 D SAN_SERVICE: *******************************************
07-03 18:10:56.332   476   476 D SAN_SERVICE: DM App Phone Service State - 0
07-03 18:10:56.332   476   476 D SAN_SERVICE: *******************************************
07-03 18:10:57.144   476   479 D dalvikvm: GC_CONCURRENT freed 400K, 7% free 9491K/10119K, paused 14ms+2ms
07-03 18:10:57.144   476   476 D SAN_SERVICE: *******************************************
07-03 18:10:57.144   476   476 D SAN_SERVICE: DM App Phone Service State - 0
07-03 18:10:57.144   476   476 D SAN_SERVICE: *******************************************
07-03 18:11:26.808   476   476 D SAN_SERVICE: *******************************************
07-03 18:11:26.808   476   476 D SAN_SERVICE: DM App Phone Service State - 0
07-03 18:11:26.808   476   476 D SAN_SERVICE: *******************************************
07-03 18:11:27.437   476   476 D SAN_SERVICE: *******************************************
07-03 18:11:27.437   476   476 D SAN_SERVICE: DM App Phone Service State - 0
07-03 18:11:27.437   476   476 D SAN_SERVICE: *******************************************
07-03 18:11:42.183   158   160 D dalvikvm: GC_CONCURRENT freed 1142K, 16% free 13698K/16135K, paused 21ms+5ms
07-03 18:12:00.648  1877  1877 I wpa_supplicant: wlan0: CTRL-EVENT-DISCONNECTED bssid=00:1a:a2:dd:b1:a1 reason=0
07-03 18:12:00.656    76   116 D CommandListener: Clearing all IP addresses on wlan0
07-03 18:12:00.734   158   318 D ConnectivityService: ConnectivityChange for WIFI: DISCONNECTED/DISCONNECTED
07-03 18:12:00.734   158   318 D ConnectivityService: Attempting to switch to mobile
07-03 18:12:00.734   158   318 D ConnectivityService: Attempting to switch to WIMAX
07-03 18:12:00.734   158   318 D ConnectivityService: Attempting to switch to BLUETOOTH_TETHER
07-03 18:12:00.765   158   318 E ConnectivityService: Exception trying to remove a route: java.lang.IllegalStateException: Unable to communicate with native dameon to add routes - com.android.server.NativeDaemonConnectorException: Cmd {interface route remove wlan0 default 67.20.203.254 32 0.0.0.0} failed with code 400 : {Failed to remove route from default table (No such process)}
07-03 18:12:00.765   158   318 E ConnectivityService: Exception trying to remove a route: java.lang.IllegalStateException: Unable to communicate with native dameon to add routes - com.android.server.NativeDaemonConnectorException: Cmd {interface route remove wlan0 default 0.0.0.0 0 67.20.203.254} failed with code 400 : {Failed to remove route from default table (No such process)}
07-03 18:12:00.769   158   318 D NetUtils: android_net_utils_resetConnections in env=0x1484410 clazz=0x5c600001 iface=wlan0 mask=0x3
07-03 18:12:00.769   158   318 D ConnectivityService: resetConnections(wlan0, 3)
07-03 18:12:00.820   631  2567 W Smack/Packet: notify conn break (IOEx), close connection
07-03 18:12:00.984   631  2567 I qtaguid : Failed write_ctrl(u 91) res=-1 errno=22
07-03 18:12:00.984   631  2567 I qtaguid : Untagging socket 91 failed errno=-22
07-03 18:12:00.984   631  2567 W NetworkManagementSocketTagger: untagSocket(91) failed with errno -22
07-03 18:12:01.011   158   318 D ConnectivityService: handleInetConditionChange: no active default network - ignore
07-03 18:12:03.792   158   321 D Tethering: MasterInitialState.processMessage what=3
07-03 18:12:03.871  1622  1622 I MediaUploader: No need to wake up
07-03 18:12:03.875  1062  1062 I PhoneLab-WiFiReceiver: Wi-Fi is disconnected!
07-03 18:12:03.875  1132  1151 D PicasaSyncManager: active network: null
07-03 18:12:03.875  1132  1151 D PicasaSyncManager: background data: true
07-03 18:12:03.937  1132  1134 D dalvikvm: GC_CONCURRENT freed 377K, 5% free 9554K/10055K, paused 1ms+2ms
07-03 18:12:06.925   158  1043 D dalvikvm: GC_EXPLICIT freed 493K, 16% free 13659K/16135K, paused 21ms+5ms
07-03 18:12:16.800  1877  1877 I wpa_supplicant: wlan0: Trying to associate with e8:40:40:78:8f:11 (SSID='UB_Secure' freq=2412 MHz)
07-03 18:12:17.535   158   318 D ConnectivityService: ConnectivityChange for mobile: CONNECTED/CONNECTED
07-03 18:12:17.597   158   313 D NetworkPolicy: applying policy NetworkPolicy[NetworkTemplate: matchRule=MOBILE_ALL, subscriberId=valid]: cycleDay=3, warningBytes=2147483648, limitBytes=-1, lastSnooze=-1 to ifaces [rmnet0]
07-03 18:12:18.535   158   318 D ConnectivityService: NetTransition Wakelock for WifiStateMachine released by timeout
07-03 18:12:20.593   158   321 D Tethering: MasterInitialState.processMessage what=3
07-03 18:12:20.644   631   631 I GTalkService/c: [AndroidEndpoint@1093849664] connect: acct=1000000, state=CONNECTING
07-03 18:12:20.644   631   631 I GTalkService/c: [GTalkConnection@1095134744] connect: acct=1, state=CONNECTING
07-03 18:12:20.675  1622  1622 I MediaUploader: No need to wake up
07-03 18:12:20.691  1132  1151 D PicasaSyncManager: active network: NetworkInfo: type: mobile[CDMA - EvDo rev. A], state: CONNECTED/CONNECTED, reason: (unspecified), extra: , roaming: false, failover: true, isAvailable: true
07-03 18:12:20.691  1132  1151 D PicasaSyncManager: background data: true
07-03 18:12:21.910   631   634 D dalvikvm: GC_CONCURRENT freed 381K, 11% free 10584K/11783K, paused 2ms+4ms
07-03 18:12:22.937  1062  1285 I PhoneLab-: Service Running
07-03 18:12:23.007  1062  1285 I PhoneLab-LoggerService: app_36    1289  1062  1800   1424  c00f181c 400107b4 S logcat
07-03 18:12:23.007  1062  1285 I PhoneLab-LoggerService: Logcat pid from database 1289
07-03 18:12:23.007  1062  1285 I PhoneLab-LoggerService: Logcat process found 1289
07-03 18:12:23.007  1062  1285 I PhoneLab-LoggerService: Checking Threshold
07-03 18:12:23.628   158   318 D ConnectivityService: handleInetConditionHoldEnd: net=0, condition=100, published condition=0
07-03 18:12:26.949  1877  1877 I wpa_supplicant: wlan0: Authentication with e8:40:40:78:8f:11 timed out.
07-03 18:12:43.800   476   476 D SAN_SERVICE: *******************************************
07-03 18:12:43.800   476   476 D SAN_SERVICE: DM App Phone Service State - 0
07-03 18:12:43.800   476   476 D SAN_SERVICE: *******************************************
07-03 18:12:44.007   476   476 D SAN_SERVICE: *******************************************
07-03 18:12:44.007   476   476 D SAN_SERVICE: DM App Phone Service State - 0
07-03 18:12:44.007   476   476 D SAN_SERVICE: *******************************************
07-03 18:12:44.019  1877  1877 I wpa_supplicant: wlan0: Trying to associate with 00:22:be:93:04:b1 (SSID='UB_Secure' freq=2412 MHz)
07-03 18:12:44.058  1877  1877 I wpa_supplicant: wlan0: Associated with 00:22:be:93:04:b1
07-03 18:12:44.062  1877  1877 I wpa_supplicant: wlan0: CTRL-EVENT-EAP-STARTED EAP authentication started
07-03 18:12:44.070  1877  1877 I wpa_supplicant: wlan0: CTRL-EVENT-EAP-PROPOSED-METHOD vendor=0 method=4 -> NAK
07-03 18:12:44.074  1877  1877 I wpa_supplicant: wlan0: CTRL-EVENT-EAP-PROPOSED-METHOD vendor=0 method=25
07-03 18:12:44.078  1877  1877 I wpa_supplicant: wlan0: CTRL-EVENT-EAP-METHOD EAP vendor 0 method 25 (PEAP) selected
07-03 18:12:44.125   394   396 D dalvikvm: GC_CONCURRENT freed 366K, 8% free 9766K/10567K, paused 2ms+2ms
07-03 18:12:44.132  1877  1877 I wpa_supplicant: wlan0: CTRL-EVENT-EAP-PEER-CERT depth=2 subject='/C=US/O=Entrust.net/OU=www.entrust.net/CPS incorp. by ref. (limits liab.)/OU=(c) 1999 Entrust.net Limited/CN=Entrust.net Secure Server Certification Authority'
07-03 18:12:44.132  1877  1877 I wpa_supplicant: wlan0: CTRL-EVENT-EAP-PEER-CERT depth=2 subject='/C=US/O=Entrust.net/OU=www.entrust.net/CPS incorp. by ref. (limits liab.)/OU=(c) 1999 Entrust.net Limited/CN=Entrust.net Secure Server Certification Authority'
07-03 18:12:44.132  1877  1877 I wpa_supplicant: wlan0: CTRL-EVENT-EAP-PEER-CERT depth=1 subject='/C=US/ST=UT/L=Salt Lake City/O=The USERTRUST Network/CN=USERTrust Legacy Secure Server CA'
07-03 18:12:44.136  1877  1877 I wpa_supplicant: wlan0: CTRL-EVENT-EAP-PEER-CERT depth=0 subject='/C=US/postalCode=14260/ST=New York/L=Buffalo/street=305 Computing Center/O=SUNY AT BUFFALO/OU=Office of the President/OU=Issued through UNIVERSITY AT BUFFALO E-PKI Manager/OU=PremiumSSL Legacy/CN=ubsecure.acsu.buffalo.edu'
07-03 18:12:44.152   394   394 D dalvikvm: GC_FOR_ALLOC freed 21K, 8% free 9745K/10567K, paused 30ms
07-03 18:12:44.156   394   394 I dalvikvm-heap: Grow heap (frag case) to 9.754MB for 180496-byte allocation
07-03 18:12:44.179   394   394 D dalvikvm: GC_FOR_ALLOC freed 0K, 8% free 9921K/10759K, paused 17ms
07-03 18:12:44.300  1877  1877 I wpa_supplicant: EAP-MSCHAPV2: Authentication succeeded
07-03 18:12:44.304  1877  1877 I wpa_supplicant: EAP-TLV: TLV Result - Success - EAP-TLV/Phase2 Completed
07-03 18:12:44.312  1877  1877 I wpa_supplicant: wlan0: CTRL-EVENT-EAP-SUCCESS EAP authentication completed successfully
07-03 18:12:44.335  1877  1877 I wpa_supplicant: wlan0: WPA: Key negotiation completed with 00:22:be:93:04:b1 [PTK=CCMP GTK=TKIP]
07-03 18:12:44.335  1877  1877 I wpa_supplicant: wlan0: CTRL-EVENT-CONNECTED - Connection to 00:22:be:93:04:b1 completed (reauth) [id=0 id_str=]
07-03 18:12:44.386   394   394 D dalvikvm: GC_FOR_ALLOC freed 489K, 10% free 9743K/10759K, paused 14ms
07-03 18:12:48.148   158   318 D ConnectivityService: ConnectivityChange for WIFI: CONNECTED/CONNECTED
07-03 18:12:48.148   158   318 D ConnectivityService: Policy requires mobile teardown
07-03 18:12:48.167  1062  1062 I PhoneLab-WiFiReceiver: Wi-Fi is connected!
07-03 18:12:48.167  1062  1062 I PhoneLab-WiFiReceiver: SSID: UB_Secure BSSID: 00:22:be:93:04:b1 RSSI: -200 LinkSpeed: -1
07-03 18:12:48.167  1062  1062 I PhoneLab-Locks: wake lock acquired
07-03 18:12:48.191  1062  1062 I PhoneLab-UploadLogs: Transfering log files now
07-03 18:12:48.191  1062  1062 I PhoneLab-UploadLogs: No log files to transfer
07-03 18:12:48.191  1062  1062 I PhoneLab-Locks: wake lock released
07-03 18:12:48.195  1062  1062 I PhoneLab-UploadLogs: OnStartCommand
07-03 18:12:48.210   158   318 D ConnectivityService: ConnectivityChange for mobile: DISCONNECTED/DISCONNECTED
07-03 18:12:48.214   158   318 D ConnectivityService: Attempting to switch to WIFI
07-03 18:12:48.214   158   318 D ConnectivityService: Attempting to switch to WIMAX
07-03 18:12:48.218   158   318 D ConnectivityService: Attempting to switch to BLUETOOTH_TETHER
07-03 18:12:48.226   158   312 W NetworkStats: dropping UID delta from unknown iface: iface=wlan0 uid=0 set=DEFAULT tag=0x0 rxBytes=0 rxPackets=0 txBytes=272 txPackets=4 operations=0
07-03 18:12:48.253   158   318 D NetUtils: android_net_utils_resetConnections in env=0x1484410 clazz=0x7e100001 iface=rmnet0 mask=0x3
07-03 18:12:48.253   158   318 D ConnectivityService: resetConnections(rmnet0, 3)
07-03 18:12:48.332   394   396 D dalvikvm: GC_CONCURRENT freed 335K, 9% free 9854K/10759K, paused 1ms+2ms
07-03 18:12:48.367   631  2578 W Smack/Packet: notify conn break (IOEx), close connection
07-03 18:12:48.414   394   394 D dalvikvm: GC_FOR_ALLOC freed 514K, 11% free 9672K/10759K, paused 38ms
07-03 18:12:48.476   158   160 D dalvikvm: GC_CONCURRENT freed 1025K, 16% free 13687K/16135K, paused 2ms+10ms
07-03 18:12:48.519   631  2578 I qtaguid : Failed write_ctrl(u 91) res=-1 errno=22
07-03 18:12:48.519   631  2578 I qtaguid : Untagging socket 91 failed errno=-22
07-03 18:12:48.523   631  2578 W NetworkManagementSocketTagger: untagSocket(91) failed with errno -22
07-03 18:12:48.523   158   318 D ConnectivityService: handleInetConditionChange: net=0 != default=1 - ignore
07-03 18:12:51.234   158   321 D Tethering: MasterInitialState.processMessage what=3
07-03 18:12:51.285   631   631 I GTalkService/c: [AndroidEndpoint@1093849664] connect: acct=1000000, state=CONNECTING
07-03 18:12:51.289   631   631 I GTalkService/c: [GTalkConnection@1095134744] connect: acct=1, state=CONNECTING
07-03 18:12:51.300   158   321 D Tethering: MasterInitialState.processMessage what=3
07-03 18:12:51.347   631   634 D dalvikvm: GC_CONCURRENT freed 416K, 11% free 10567K/11783K, paused 2ms+3ms
07-03 18:12:51.351   158   321 D Tethering: MasterInitialState.processMessage what=3
07-03 18:12:51.382  1622  1622 I MediaUploader: No need to wake up
07-03 18:12:51.398  1132  1151 D PicasaSyncManager: active network: NetworkInfo: type: WIFI[], state: CONNECTED/CONNECTED, reason: (unspecified), extra: (none), roaming: false, failover: false, isAvailable: true
07-03 18:12:51.402  1132  1151 D PicasaSyncManager: background data: true
07-03 18:12:51.417  1622  1622 I MediaUploader: No need to wake up
07-03 18:12:51.457  1622  1622 I MediaUploader: No need to wake up
07-03 18:12:51.511  1132  1151 D PicasaSyncManager: active network: NetworkInfo: type: WIFI[], state: CONNECTED/CONNECTED, reason: (unspecified), extra: (none), roaming: false, failover: false, isAvailable: true
07-03 18:12:51.511  1132  1151 D PicasaSyncManager: background data: true
07-03 18:13:04.160  1877  1877 I wpa_supplicant: wlan0: CTRL-EVENT-DISCONNECTED bssid=00:22:be:93:04:b1 reason=0
07-03 18:13:04.171    76   116 D CommandListener: Clearing all IP addresses on wlan0
07-03 18:13:04.230   158   318 D ConnectivityService: ConnectivityChange for WIFI: DISCONNECTED/DISCONNECTED
07-03 18:13:04.230   158   318 D ConnectivityService: Attempting to switch to mobile
07-03 18:13:04.230   158   318 D ConnectivityService: Attempting to switch to WIMAX
07-03 18:13:04.230   158   318 D ConnectivityService: Attempting to switch to BLUETOOTH_TETHER
07-03 18:13:04.257   158   318 E ConnectivityService: Exception trying to remove a route: java.lang.IllegalStateException: Unable to communicate with native dameon to add routes - com.android.server.NativeDaemonConnectorException: Cmd {interface route remove wlan0 default 67.20.203.254 32 0.0.0.0} failed with code 400 : {Failed to remove route from default table (No such process)}
07-03 18:13:04.261   158   318 D NetUtils: android_net_utils_resetConnections in env=0x1484410 clazz=0x8d000001 iface=wlan0 mask=0x3
07-03 18:13:04.261   158   318 E ConnectivityService: Exception trying to remove a route: java.lang.IllegalStateException: Unable to communicate with native dameon to add routes - com.android.server.NativeDaemonConnectorException: Cmd {interface route remove wlan0 default 0.0.0.0 0 67.20.203.254} failed with code 400 : {Failed to remove route from default table (No such process)}
07-03 18:13:04.261   158   318 D ConnectivityService: resetConnections(wlan0, 3)
07-03 18:13:04.312   631  1126 E GTalkService: connectionClosed: no XMPPConnection - That's strange!
07-03 18:13:04.316   158   318 D ConnectivityService: handleInetConditionChange: no active default network - ignore
07-03 18:13:04.359   476   479 D dalvikvm: GC_CONCURRENT freed 382K, 7% free 9505K/10119K, paused 2ms+2ms
07-03 18:13:04.429   631  1126 E GTalkService: connectionClosed: no XMPPConnection - That's strange!
07-03 18:13:04.765  1877  1877 I wpa_supplicant: wlan0: Trying to associate with 00:1e:bd:66:f2:61 (SSID='UB_Secure' freq=2462 MHz)
07-03 18:13:04.960  1877  1877 I wpa_supplicant: wlan0: Associated with 00:1e:bd:66:f2:61
07-03 18:13:05.097  1877  1877 I wpa_supplicant: wlan0: CTRL-EVENT-EAP-STARTED EAP authentication started
07-03 18:13:05.101  1877  1877 I wpa_supplicant: wlan0: CTRL-EVENT-EAP-STARTED EAP authentication started
07-03 18:13:05.109  1877  1877 I wpa_supplicant: wlan0: CTRL-EVENT-EAP-PROPOSED-METHOD vendor=0 method=4 -> NAK
07-03 18:13:05.128  1877  1877 I wpa_supplicant: wlan0: CTRL-EVENT-EAP-PROPOSED-METHOD vendor=0 method=25
07-03 18:13:05.128  1877  1877 I wpa_supplicant: wlan0: CTRL-EVENT-EAP-METHOD EAP vendor 0 method 25 (PEAP) selected
07-03 18:13:05.210  1877  1877 I wpa_supplicant: wlan0: CTRL-EVENT-EAP-PEER-CERT depth=2 subject='/C=US/O=Entrust.net/OU=www.entrust.net/CPS incorp. by ref. (limits liab.)/OU=(c) 1999 Entrust.net Limited/CN=Entrust.net Secure Server Certification Authority'
07-03 18:13:05.210  1877  1877 I wpa_supplicant: wlan0: CTRL-EVENT-EAP-PEER-CERT depth=2 subject='/C=US/O=Entrust.net/OU=www.entrust.net/CPS incorp. by ref. (limits liab.)/OU=(c) 1999 Entrust.net Limited/CN=Entrust.net Secure Server Certification Authority'
07-03 18:13:05.218  1877  1877 I wpa_supplicant: wlan0: CTRL-EVENT-EAP-PEER-CERT depth=1 subject='/C=US/ST=UT/L=Salt Lake City/O=The USERTRUST Network/CN=USERTrust Legacy Secure Server CA'
07-03 18:13:05.238  1877  1877 I wpa_supplicant: wlan0: CTRL-EVENT-EAP-PEER-CERT depth=0 subject='/C=US/postalCode=14260/ST=New York/L=Buffalo/street=305 Computing Center/O=SUNY AT BUFFALO/OU=Office of the President/OU=Issued through UNIVERSITY AT BUFFALO E-PKI Manager/OU=PremiumSSL Legacy/CN=ubsecure.acsu.buffalo.edu'
07-03 18:13:05.312  1877  1877 I wpa_supplicant: EAP-MSCHAPV2: Authentication succeeded
07-03 18:13:05.316  1877  1877 I wpa_supplicant: EAP-TLV: TLV Result - Success - EAP-TLV/Phase2 Completed
07-03 18:13:05.320  1877  1877 I wpa_supplicant: wlan0: CTRL-EVENT-EAP-SUCCESS EAP authentication completed successfully
07-03 18:13:05.335  1877  1877 I wpa_supplicant: wlan0: WPA: Key negotiation completed with 00:1e:bd:66:f2:61 [PTK=CCMP GTK=TKIP]
07-03 18:13:05.335  1877  1877 I wpa_supplicant: wlan0: CTRL-EVENT-CONNECTED - Connection to 00:1e:bd:66:f2:61 completed (reauth) [id=0 id_str=]
07-03 18:13:06.066   158   318 D ConnectivityService: ConnectivityChange for WIFI: CONNECTED/CONNECTED
07-03 18:13:06.097  1062  1062 I PhoneLab-WiFiReceiver: Wi-Fi is connected!
07-03 18:13:06.097  1062  1062 I PhoneLab-WiFiReceiver: SSID: UB_Secure BSSID: 00:1e:bd:66:f2:61 RSSI: -200 LinkSpeed: -1
07-03 18:13:06.097  1062  1062 I PhoneLab-Locks: wake lock acquired
07-03 18:13:06.101  1062  1062 I PhoneLab-UploadLogs: Transfering log files now
07-03 18:13:06.101  1062  1062 I PhoneLab-UploadLogs: No log files to transfer
07-03 18:13:06.101  1062  1062 I PhoneLab-Locks: wake lock released
07-03 18:13:06.101  1062  1062 I PhoneLab-UploadLogs: OnStartCommand
07-03 18:13:06.113   158   312 W NetworkStats: dropping UID delta from unknown iface: iface=wlan0 uid=0 set=DEFAULT tag=0x0 rxBytes=124 rxPackets=2 txBytes=180 txPackets=3 operations=0
07-03 18:13:07.070   158   318 D ConnectivityService: NetTransition Wakelock for WifiStateMachine released by timeout
07-03 18:13:07.292   158   321 D Tethering: MasterInitialState.processMessage what=3
07-03 18:13:07.378   631   631 I GTalkService/c: [AndroidEndpoint@1093849664] connect: acct=1000000, state=CONNECTING
07-03 18:13:07.382   631   631 I GTalkService/c: [GTalkConnection@1095134744] connect: acct=1, state=CONNECTING
07-03 18:13:07.406  1622  1622 I MediaUploader: No need to wake up
07-03 18:13:07.410  1062  1062 I PhoneLab-WiFiReceiver: Wi-Fi is disconnected!
07-03 18:13:07.417  1132  1151 D PicasaSyncManager: active network: NetworkInfo: type: WIFI[], state: CONNECTED/CONNECTED, reason: (unspecified), extra: (none), roaming: false, failover: false, isAvailable: true
07-03 18:13:07.417  1132  1151 D PicasaSyncManager: background data: true
07-03 18:13:09.179   158   321 D Tethering: MasterInitialState.processMessage what=3
07-03 18:13:09.199  1132  1151 D PicasaSyncManager: active network: NetworkInfo: type: WIFI[], state: CONNECTED/CONNECTED, reason: (unspecified), extra: (none), roaming: false, failover: false, isAvailable: true
07-03 18:13:09.199  1132  1151 D PicasaSyncManager: background data: true
07-03 18:13:09.265  1622  1622 I MediaUploader: No need to wake up
07-03 18:13:09.312   158   160 D dalvikvm: GC_CONCURRENT freed 1058K, 16% free 13702K/16135K, paused 3ms+7ms
07-03 18:13:09.335   631   634 D dalvikvm: GC_CONCURRENT freed 400K, 11% free 10570K/11783K, paused 2ms+8ms
07-03 18:13:12.289   158   318 D ConnectivityService: ConnectivityChange for mobile: CONNECTED/CONNECTED
07-03 18:13:12.316   158   318 D NetUtils: android_net_utils_resetConnections in env=0x1484410 clazz=0xa0e00001 iface=rmnet0 mask=0x3
07-03 18:13:12.316   158   318 D ConnectivityService: ConnectivityChange for mobile: DISCONNECTED/DISCONNECTED
07-03 18:13:12.316   158   318 D ConnectivityService: Attempting to switch to WIFI
07-03 18:13:12.316   158   318 D ConnectivityService: Attempting to switch to WIMAX
07-03 18:13:12.316   158   318 D ConnectivityService: Attempting to switch to BLUETOOTH_TETHER
07-03 18:13:12.316   158   318 D ConnectivityService: resetConnections(rmnet0, 3)
07-03 18:13:15.039  1877  1877 I wpa_supplicant: wlan0: CTRL-EVENT-DISCONNECTED bssid=00:1e:bd:66:f2:61 reason=0
07-03 18:13:15.043    76   116 D CommandListener: Clearing all IP addresses on wlan0
07-03 18:13:15.128   158   318 D ConnectivityService: ConnectivityChange for WIFI: DISCONNECTED/DISCONNECTED
07-03 18:13:15.132   158   318 D ConnectivityService: Attempting to switch to mobile
07-03 18:13:15.132   158   318 D ConnectivityService: Attempting to switch to WIMAX
07-03 18:13:15.132   158   318 D ConnectivityService: Attempting to switch to BLUETOOTH_TETHER
07-03 18:13:15.164   158   318 E ConnectivityService: Exception trying to remove a route: java.lang.IllegalStateException: Unable to communicate with native dameon to add routes - com.android.server.NativeDaemonConnectorException: Cmd {interface route remove wlan0 default 67.20.203.254 32 0.0.0.0} failed with code 400 : {Failed to remove route from default table (No such process)}
07-03 18:13:15.167   158   318 D NetUtils: android_net_utils_resetConnections in env=0x1484410 clazz=0xa9c00001 iface=wlan0 mask=0x3
07-03 18:13:15.167   158   318 E ConnectivityService: Exception trying to remove a route: java.lang.IllegalStateException: Unable to communicate with native dameon to add routes - com.android.server.NativeDaemonConnectorException: Cmd {interface route remove wlan0 default 0.0.0.0 0 67.20.203.254} failed with code 400 : {Failed to remove route from default table (No such process)}
07-03 18:13:15.167   158   318 D ConnectivityService: resetConnections(wlan0, 3)
07-03 18:13:15.238   631  1126 E GTalkService: connectionClosed: no XMPPConnection - That's strange!
07-03 18:13:15.242   158   318 D ConnectivityService: handleInetConditionChange: no active default network - ignore
07-03 18:13:15.347   158   321 D Tethering: MasterInitialState.processMessage what=3
07-03 18:13:15.394   158   321 D Tethering: MasterInitialState.processMessage what=3
07-03 18:13:15.441  1622  1622 I MediaUploader: No need to wake up
07-03 18:13:15.457  1132  1151 D PicasaSyncManager: active network: null
07-03 18:13:15.468  1132  1151 D PicasaSyncManager: background data: true
07-03 18:13:15.476   631  1126 E GTalkService: connectionClosed: no XMPPConnection - That's strange!
07-03 18:13:15.496  1622  1622 I MediaUploader: No need to wake up
07-03 18:13:15.535  1132  1151 D PicasaSyncManager: active network: null
07-03 18:13:15.535  1132  1151 D PicasaSyncManager: background data: true
07-03 18:13:18.203   158   321 D Tethering: MasterInitialState.processMessage what=3
07-03 18:13:18.265  1132  1151 D PicasaSyncManager: active network: null
07-03 18:13:18.273  1622  1622 I MediaUploader: No need to wake up
07-03 18:13:18.277  1062  1062 I PhoneLab-WiFiReceiver: Wi-Fi is disconnected!
07-03 18:13:18.281  1132  1151 D PicasaSyncManager: background data: true
07-03 18:13:20.378   158   160 D dalvikvm: GC_CONCURRENT freed 1045K, 16% free 13704K/16135K, paused 3ms+5ms
07-03 18:13:24.515   158   318 D ConnectivityService: ConnectivityChange for mobile: CONNECTED/CONNECTED
07-03 18:13:24.578   158   313 D NetworkPolicy: applying policy NetworkPolicy[NetworkTemplate: matchRule=MOBILE_ALL, subscriberId=valid]: cycleDay=3, warningBytes=2147483648, limitBytes=-1, lastSnooze=-1 to ifaces [rmnet0]
07-03 18:13:25.199   631   631 I GTalkService/c: [AndroidEndpoint@1093849664] connect: acct=1000000, state=CONNECTING
07-03 18:13:25.210   631   631 I GTalkService/c: [GTalkConnection@1095134744] connect: acct=1, state=CONNECTING
07-03 18:13:25.519   158   318 D ConnectivityService: NetTransition Wakelock for WifiStateMachine released by timeout
07-03 18:13:27.101   631   634 D dalvikvm: GC_CONCURRENT freed 389K, 11% free 10590K/11783K, paused 15ms+3ms
07-03 18:13:27.562   158   321 D Tethering: MasterInitialState.processMessage what=3
07-03 18:13:27.628   158   706 D dalvikvm: GC_EXPLICIT freed 360K, 16% free 13663K/16135K, paused 21ms+6ms
07-03 18:13:27.652  1132  1151 D PicasaSyncManager: active network: NetworkInfo: type: mobile[CDMA - EvDo rev. A], state: CONNECTED/CONNECTED, reason: (unspecified), extra: , roaming: false, failover: true, isAvailable: true
07-03 18:13:27.656  1622  1622 I MediaUploader: No need to wake up
07-03 18:13:27.664  1132  1151 D PicasaSyncManager: background data: true
07-03 18:13:28.128   158   318 D ConnectivityService: handleInetConditionHoldEnd: net=0, condition=100, published condition=0
07-03 18:13:34.898   476   476 D SAN_SERVICE: *******************************************
07-03 18:13:34.898   476   476 D SAN_SERVICE: DM App Phone Service State - 0
07-03 18:13:34.898   476   476 D SAN_SERVICE: *******************************************
07-03 18:13:35.085   476   476 D SAN_SERVICE: *******************************************
07-03 18:13:35.085   476   476 D SAN_SERVICE: DM App Phone Service State - 0
07-03 18:13:35.085   476   476 D SAN_SERVICE: *******************************************
07-03 18:13:40.121   476   476 D SAN_SERVICE: *******************************************
07-03 18:13:40.121   476   476 D SAN_SERVICE: DM App Phone Service State - 0
07-03 18:13:40.121   476   476 D SAN_SERVICE: *******************************************
07-03 18:13:58.554   476   476 D SAN_SERVICE: *******************************************
07-03 18:13:58.554   476   476 D SAN_SERVICE: DM App Phone Service State - 0
07-03 18:13:58.554   476   476 D SAN_SERVICE: *******************************************
07-03 18:13:58.566   476   479 D dalvikvm: GC_CONCURRENT freed 385K, 7% free 9507K/10119K, paused 21ms+3ms
07-03 18:13:58.750   476   476 D SAN_SERVICE: *******************************************
07-03 18:13:58.750   476   476 D SAN_SERVICE: DM App Phone Service State - 0
07-03 18:13:58.750   476   476 D SAN_SERVICE: *******************************************
07-03 18:14:03.609   476   476 D SAN_SERVICE: *******************************************
07-03 18:14:03.609   476   476 D SAN_SERVICE: DM App Phone Service State - 0
07-03 18:14:03.609   476   476 D SAN_SERVICE: *******************************************
07-03 18:14:03.910   476   476 D SAN_SERVICE: *******************************************
07-03 18:14:03.910   476   476 D SAN_SERVICE: DM App Phone Service State - 0
07-03 18:14:03.910   476   476 D SAN_SERVICE: *******************************************
07-03 18:14:17.949   394   396 D dalvikvm: GC_CONCURRENT freed 226K, 8% free 9941K/10759K, paused 1ms+3ms
07-03 18:14:17.992   394   394 D dalvikvm: GC_FOR_ALLOC freed 359K, 10% free 9745K/10759K, paused 17ms
07-03 18:14:18.085   394   396 D dalvikvm: GC_CONCURRENT freed 334K, 9% free 9835K/10759K, paused 2ms+3ms
07-03 18:14:22.937  1062  1285 I PhoneLab-: Service Running
07-03 18:14:23.003  1062  1285 I PhoneLab-LoggerService: app_36    1289  1062  1800   1424  c00f181c 400107b4 S logcat
07-03 18:14:23.003  1062  1285 I PhoneLab-LoggerService: Logcat pid from database 1289
07-03 18:14:23.003  1062  1285 I PhoneLab-LoggerService: Logcat process found 1289
07-03 18:14:23.003  1062  1285 I PhoneLab-LoggerService: Checking Threshold
07-03 18:15:05.093   476   476 D SAN_SERVICE: *******************************************
07-03 18:15:05.093   476   476 D SAN_SERVICE: DM App Phone Service State - 0
07-03 18:15:05.093   476   476 D SAN_SERVICE: *******************************************
07-03 18:15:05.308   476   476 D SAN_SERVICE: *******************************************
07-03 18:15:05.308   476   476 D SAN_SERVICE: DM App Phone Service State - 0
07-03 18:15:05.308   476   476 D SAN_SERVICE: *******************************************
07-03 18:15:07.109   476   476 D SAN_SERVICE: *******************************************
07-03 18:15:07.109   476   476 D SAN_SERVICE: DM App Phone Service State - 0
07-03 18:15:07.109   476   476 D SAN_SERVICE: *******************************************
07-03 18:15:07.363   476   476 D SAN_SERVICE: *******************************************
07-03 18:15:07.363   476   476 D SAN_SERVICE: DM App Phone Service State - 0
07-03 18:15:07.363   476   476 D SAN_SERVICE: *******************************************
07-03 18:15:20.089   394   394 D dalvikvm: GC_FOR_ALLOC freed 444K, 11% free 9681K/10759K, paused 17ms
07-03 18:15:20.152   394   396 D dalvikvm: GC_CONCURRENT freed 342K, 9% free 9820K/10759K, paused 2ms+2ms
07-03 18:15:20.281   394   396 D dalvikvm: GC_CONCURRENT freed 506K, 10% free 9745K/10759K, paused 2ms+2ms
07-03 18:15:30.753   476   476 D SAN_SERVICE: *******************************************
07-03 18:15:30.753   476   476 D SAN_SERVICE: DM App Phone Service State - 0
07-03 18:15:30.753   476   476 D SAN_SERVICE: *******************************************
07-03 18:15:40.910   476   476 D SAN_SERVICE: *******************************************
07-03 18:15:40.910   476   476 D SAN_SERVICE: DM App Phone Service State - 0
07-03 18:15:40.910   476   476 D SAN_SERVICE: *******************************************
07-03 18:15:41.402   476   476 D SAN_SERVICE: *******************************************
07-03 18:15:41.402   476   476 D SAN_SERVICE: DM App Phone Service State - 0
07-03 18:15:41.402   476   476 D SAN_SERVICE: *******************************************
07-03 18:16:06.640  1877  1877 I wpa_supplicant: wlan0: Trying to associate with 88:43:e1:fb:95:81 (SSID='UB_Secure' freq=2437 MHz)
07-03 18:16:06.843  1877  1877 I wpa_supplicant: wlan0: Associated with 88:43:e1:fb:95:81
07-03 18:16:06.843  1877  1877 I wpa_supplicant: wlan0: CTRL-EVENT-EAP-STARTED EAP authentication started
07-03 18:16:06.851  1877  1877 I wpa_supplicant: wlan0: CTRL-EVENT-EAP-PROPOSED-METHOD vendor=0 method=25
07-03 18:16:06.851  1877  1877 I wpa_supplicant: wlan0: CTRL-EVENT-EAP-METHOD EAP vendor 0 method 25 (PEAP) selected
07-03 18:16:06.851  1877  1877 I wpa_supplicant: wlan0: CTRL-EVENT-EAP-PROPOSED-METHOD vendor=0 method=4 -> NAK
07-03 18:16:06.902  1877  1877 I wpa_supplicant: wlan0: CTRL-EVENT-EAP-PEER-CERT depth=2 subject='/C=US/O=Entrust.net/OU=www.entrust.net/CPS incorp. by ref. (limits liab.)/OU=(c) 1999 Entrust.net Limited/CN=Entrust.net Secure Server Certification Authority'
07-03 18:16:06.902  1877  1877 I wpa_supplicant: wlan0: CTRL-EVENT-EAP-PEER-CERT depth=2 subject='/C=US/O=Entrust.net/OU=www.entrust.net/CPS incorp. by ref. (limits liab.)/OU=(c) 1999 Entrust.net Limited/CN=Entrust.net Secure Server Certification Authority'
07-03 18:16:06.902  1877  1877 I wpa_supplicant: wlan0: CTRL-EVENT-EAP-PEER-CERT depth=1 subject='/C=US/ST=UT/L=Salt Lake City/O=The USERTRUST Network/CN=USERTrust Legacy Secure Server CA'
07-03 18:16:06.914  1877  1877 I wpa_supplicant: wlan0: CTRL-EVENT-EAP-PEER-CERT depth=0 subject='/C=US/postalCode=14260/ST=New York/L=Buffalo/street=305 Computing Center/O=SUNY AT BUFFALO/OU=Office of the President/OU=Issued through UNIVERSITY AT BUFFALO E-PKI Manager/OU=PremiumSSL Legacy/CN=ubsecure.acsu.buffalo.edu'
07-03 18:16:07.093  1877  1877 I wpa_supplicant: EAP-MSCHAPV2: Authentication succeeded
07-03 18:16:07.097  1877  1877 I wpa_supplicant: EAP-TLV: TLV Result - Success - EAP-TLV/Phase2 Completed
07-03 18:16:07.109  1877  1877 I wpa_supplicant: wlan0: CTRL-EVENT-EAP-SUCCESS EAP authentication completed successfully
07-03 18:16:07.175  1877  1877 I wpa_supplicant: wlan0: WPA: Key negotiation completed with 88:43:e1:fb:95:81 [PTK=CCMP GTK=TKIP]
07-03 18:16:07.175  1877  1877 I wpa_supplicant: wlan0: CTRL-EVENT-CONNECTED - Connection to 88:43:e1:fb:95:81 completed (reauth) [id=0 id_str=]
07-03 18:16:07.949   158   318 D ConnectivityService: ConnectivityChange for WIFI: CONNECTED/CONNECTED
07-03 18:16:07.953   158   318 D ConnectivityService: Policy requires mobile teardown
07-03 18:16:07.988  1062  1062 I PhoneLab-WiFiReceiver: Wi-Fi is connected!
07-03 18:16:07.988  1062  1062 I PhoneLab-WiFiReceiver: SSID: UB_Secure BSSID: 88:43:e1:fb:95:81 RSSI: -200 LinkSpeed: -1
07-03 18:16:07.988  1062  1062 I PhoneLab-Locks: wake lock acquired
07-03 18:16:08.003  1062  1062 I PhoneLab-UploadLogs: Transfering log files now
07-03 18:16:08.003  1062  1062 I PhoneLab-UploadLogs: No log files to transfer
07-03 18:16:08.003  1062  1062 I PhoneLab-Locks: wake lock released
07-03 18:16:08.023  1062  1062 I PhoneLab-UploadLogs: OnStartCommand
07-03 18:16:08.031   158   318 D ConnectivityService: ConnectivityChange for mobile: DISCONNECTED/DISCONNECTED
07-03 18:16:08.035   158   312 W NetworkStats: dropping UID delta from unknown iface: iface=wlan0 uid=0 set=DEFAULT tag=0x0 rxBytes=0 rxPackets=0 txBytes=140 txPackets=2 operations=0
07-03 18:16:08.039   158   318 D ConnectivityService: Attempting to switch to WIFI
07-03 18:16:08.039   158   318 D ConnectivityService: Attempting to switch to WIMAX
07-03 18:16:08.039   158   318 D ConnectivityService: Attempting to switch to BLUETOOTH_TETHER
07-03 18:16:08.046   158   318 D NetUtils: android_net_utils_resetConnections in env=0x1484410 clazz=0xce400001 iface=rmnet0 mask=0x3
07-03 18:16:08.046   158   318 D ConnectivityService: resetConnections(rmnet0, 3)
07-03 18:16:08.101   631  2645 W Smack/Packet: notify conn break (IOEx), close connection
07-03 18:16:08.261   631  2645 I qtaguid : Failed write_ctrl(u 91) res=-1 errno=22
07-03 18:16:08.261   631  2645 I qtaguid : Untagging socket 91 failed errno=-22
07-03 18:16:08.261   631  2645 W NetworkManagementSocketTagger: untagSocket(91) failed with errno -22
07-03 18:16:08.289   158   318 D ConnectivityService: handleInetConditionChange: net=0 != default=1 - ignore
07-03 18:16:08.343   631   634 D dalvikvm: GC_CONCURRENT freed 410K, 11% free 10576K/11783K, paused 2ms+3ms
07-03 18:16:11.062   158   321 D Tethering: MasterInitialState.processMessage what=3
07-03 18:16:11.105   158   321 D Tethering: MasterInitialState.processMessage what=3
07-03 18:16:11.109   631   631 I GTalkService/c: [AndroidEndpoint@1093849664] connect: acct=1000000, state=CONNECTING
07-03 18:16:11.113   631   631 I GTalkService/c: [GTalkConnection@1095134744] connect: acct=1, state=CONNECTING
07-03 18:16:11.167  1132  1151 D PicasaSyncManager: active network: NetworkInfo: type: WIFI[], state: CONNECTED/CONNECTED, reason: (unspecified), extra: (none), roaming: false, failover: false, isAvailable: true
07-03 18:16:11.191  1132  1151 D PicasaSyncManager: background data: true
07-03 18:16:11.218  1622  1622 I MediaUploader: No need to wake up
07-03 18:16:11.242   158   160 D dalvikvm: GC_CONCURRENT freed 978K, 15% free 13755K/16135K, paused 5ms+5ms
07-03 18:16:11.265   158   321 D Tethering: MasterInitialState.processMessage what=3
07-03 18:16:11.281  1622  1622 I MediaUploader: No need to wake up
07-03 18:16:11.335  1622  1622 I MediaUploader: No need to wake up
07-03 18:16:11.375  1132  1151 D PicasaSyncManager: active network: NetworkInfo: type: WIFI[], state: CONNECTED/CONNECTED, reason: (unspecified), extra: (none), roaming: false, failover: false, isAvailable: true
07-03 18:16:11.375  1132  1151 D PicasaSyncManager: background data: true
07-03 18:16:21.042  1877  1877 I wpa_supplicant: wlan0: CTRL-EVENT-DISCONNECTED bssid=88:43:e1:fb:95:81 reason=0
07-03 18:16:21.046    76   116 D CommandListener: Clearing all IP addresses on wlan0
07-03 18:16:21.101   158   318 D ConnectivityService: ConnectivityChange for WIFI: DISCONNECTED/DISCONNECTED
07-03 18:16:21.101   158   318 D ConnectivityService: Attempting to switch to mobile
07-03 18:16:21.101   158   318 D ConnectivityService: Attempting to switch to WIMAX
07-03 18:16:21.101   158   318 D ConnectivityService: Attempting to switch to BLUETOOTH_TETHER
07-03 18:16:21.128   158   318 E ConnectivityService: Exception trying to remove a route: java.lang.IllegalStateException: Unable to communicate with native dameon to add routes - com.android.server.NativeDaemonConnectorException: Cmd {interface route remove wlan0 default 67.20.203.254 32 0.0.0.0} failed with code 400 : {Failed to remove route from default table (No such process)}
07-03 18:16:21.140   158   318 D NetUtils: android_net_utils_resetConnections in env=0x1484410 clazz=0xdcb00001 iface=wlan0 mask=0x3
07-03 18:16:21.140   158   318 E ConnectivityService: Exception trying to remove a route: java.lang.IllegalStateException: Unable to communicate with native dameon to add routes - com.android.server.NativeDaemonConnectorException: Cmd {interface route remove wlan0 default 0.0.0.0 0 67.20.203.254} failed with code 400 : {Failed to remove route from default table (No such process)}
07-03 18:16:21.140   158   318 D ConnectivityService: resetConnections(wlan0, 3)
07-03 18:16:21.191   631  2681 W Smack/Packet: notify conn break (IOEx), close connection
07-03 18:16:21.351   631  2681 I qtaguid : Failed write_ctrl(u 91) res=-1 errno=22
07-03 18:16:21.351   631  2681 I qtaguid : Untagging socket 91 failed errno=-22
07-03 18:16:21.351   631  2681 W NetworkManagementSocketTagger: untagSocket(91) failed with errno -22
07-03 18:16:21.367   631  1126 E GTalkService: connectionClosed: no XMPPConnection - That's strange!
07-03 18:16:21.378   158   318 D ConnectivityService: handleInetConditionChange: no active default network - ignore
07-03 18:16:21.464   631   634 D dalvikvm: GC_CONCURRENT freed 386K, 11% free 10584K/11783K, paused 15ms+3ms
07-03 18:16:21.566   631  1126 E GTalkService: connectionClosed: no XMPPConnection - That's strange!
07-03 18:16:21.632  1877  1877 I wpa_supplicant: wlan0: Trying to associate with 00:22:0d:44:c5:e1 (SSID='UB_Secure' freq=2412 MHz)
07-03 18:16:21.792  1877  1877 I wpa_supplicant: wlan0: Associated with 00:22:0d:44:c5:e1
07-03 18:16:21.796  1877  1877 I wpa_supplicant: wlan0: CTRL-EVENT-EAP-STARTED EAP authentication started
07-03 18:16:21.812  1877  1877 I wpa_supplicant: wlan0: CTRL-EVENT-EAP-PROPOSED-METHOD vendor=0 method=4 -> NAK
07-03 18:16:21.816  1877  1877 I wpa_supplicant: wlan0: CTRL-EVENT-EAP-PROPOSED-METHOD vendor=0 method=25
07-03 18:16:21.816  1877  1877 I wpa_supplicant: wlan0: CTRL-EVENT-EAP-METHOD EAP vendor 0 method 25 (PEAP) selected
07-03 18:16:21.878  1877  1877 I wpa_supplicant: wlan0: CTRL-EVENT-EAP-PEER-CERT depth=2 subject='/C=US/O=Entrust.net/OU=www.entrust.net/CPS incorp. by ref. (limits liab.)/OU=(c) 1999 Entrust.net Limited/CN=Entrust.net Secure Server Certification Authority'
07-03 18:16:21.882  1877  1877 I wpa_supplicant: wlan0: CTRL-EVENT-EAP-PEER-CERT depth=2 subject='/C=US/O=Entrust.net/OU=www.entrust.net/CPS incorp. by ref. (limits liab.)/OU=(c) 1999 Entrust.net Limited/CN=Entrust.net Secure Server Certification Authority'
07-03 18:16:21.882  1877  1877 I wpa_supplicant: wlan0: CTRL-EVENT-EAP-PEER-CERT depth=1 subject='/C=US/ST=UT/L=Salt Lake City/O=The USERTRUST Network/CN=USERTrust Legacy Secure Server CA'
07-03 18:16:21.886  1877  1877 I wpa_supplicant: wlan0: CTRL-EVENT-EAP-PEER-CERT depth=0 subject='/C=US/postalCode=14260/ST=New York/L=Buffalo/street=305 Computing Center/O=SUNY AT BUFFALO/OU=Office of the President/OU=Issued through UNIVERSITY AT BUFFALO E-PKI Manager/OU=PremiumSSL Legacy/CN=ubsecure.acsu.buffalo.edu'
07-03 18:16:22.054  1877  1877 I wpa_supplicant: EAP-MSCHAPV2: Authentication succeeded
07-03 18:16:22.066  1877  1877 I wpa_supplicant: EAP-TLV: TLV Result - Success - EAP-TLV/Phase2 Completed
07-03 18:16:22.074  1877  1877 I wpa_supplicant: wlan0: CTRL-EVENT-EAP-SUCCESS EAP authentication completed successfully
07-03 18:16:22.136  1877  1877 I wpa_supplicant: wlan0: WPA: Key negotiation completed with 00:22:0d:44:c5:e1 [PTK=CCMP GTK=TKIP]
07-03 18:16:22.136  1877  1877 I wpa_supplicant: wlan0: CTRL-EVENT-CONNECTED - Connection to 00:22:0d:44:c5:e1 completed (reauth) [id=0 id_str=]
07-03 18:16:22.886   158   318 D ConnectivityService: ConnectivityChange for WIFI: CONNECTED/CONNECTED
07-03 18:16:22.929  1062  1062 I PhoneLab-WiFiReceiver: Wi-Fi is connected!
07-03 18:16:22.929  1062  1062 I PhoneLab-WiFiReceiver: SSID: UB_Secure BSSID: 00:22:0d:44:c5:e1 RSSI: -200 LinkSpeed: -1
07-03 18:16:22.929  1062  1062 I PhoneLab-Locks: wake lock acquired
07-03 18:16:22.933  1062  1062 I PhoneLab-UploadLogs: Transfering log files now
07-03 18:16:22.933  1062  1062 I PhoneLab-UploadLogs: No log files to transfer
07-03 18:16:22.933  1062  1062 I PhoneLab-Locks: wake lock released
07-03 18:16:22.937  1062  1285 I PhoneLab-: Service Running
07-03 18:16:22.945  1062  1062 I PhoneLab-UploadLogs: OnStartCommand
07-03 18:16:22.960   158   312 W NetworkStats: dropping UID delta from unknown iface: iface=wlan0 uid=0 set=DEFAULT tag=0x0 rxBytes=0 rxPackets=0 txBytes=140 txPackets=2 operations=0
07-03 18:16:23.011  1062  1285 I PhoneLab-LoggerService: app_36    1289  1062  1800   1424  c00f181c 400107b4 S logcat
07-03 18:16:23.011  1062  1285 I PhoneLab-LoggerService: Logcat pid from database 1289
07-03 18:16:23.011  1062  1285 I PhoneLab-LoggerService: Logcat process found 1289
07-03 18:16:23.011  1062  1285 I PhoneLab-LoggerService: Checking Threshold
07-03 18:16:23.019  1062  1064 D dalvikvm: GC_CONCURRENT freed 401K, 15% free 9497K/11079K, paused 2ms+2ms
07-03 18:16:23.894   158   318 D ConnectivityService: NetTransition Wakelock for WifiStateMachine released by timeout
07-03 18:16:24.167   158   321 D Tethering: MasterInitialState.processMessage what=3
07-03 18:16:24.242   631   631 I GTalkService/c: [AndroidEndpoint@1093849664] connect: acct=1000000, state=CONNECTING
07-03 18:16:24.246   631   631 I GTalkService/c: [GTalkConnection@1095134744] connect: acct=1, state=CONNECTING
07-03 18:16:24.273  1622  1622 I MediaUploader: No need to wake up
07-03 18:16:24.277  1062  1062 I PhoneLab-WiFiReceiver: Wi-Fi is disconnected!
07-03 18:16:24.285  1132  1151 D PicasaSyncManager: active network: NetworkInfo: type: WIFI[], state: CONNECTED/CONNECTED, reason: (unspecified), extra: (none), roaming: false, failover: false, isAvailable: true
07-03 18:16:24.285  1132  1151 D PicasaSyncManager: background data: true
07-03 18:16:26.050   158   321 D Tethering: MasterInitialState.processMessage what=3
07-03 18:16:26.058  1622  1622 I MediaUploader: No need to wake up
07-03 18:16:26.062  1132  1151 D PicasaSyncManager: active network: NetworkInfo: type: WIFI[], state: CONNECTED/CONNECTED, reason: (unspecified), extra: (none), roaming: false, failover: false, isAvailable: true
07-03 18:16:26.066  1132  1151 D PicasaSyncManager: background data: true
07-03 18:16:26.328   476   476 D SAN_SERVICE: *******************************************
07-03 18:16:26.328   476   476 D SAN_SERVICE: DM App Phone Service State - 0
07-03 18:16:26.328   476   476 D SAN_SERVICE: *******************************************
07-03 18:16:26.339   476   479 D dalvikvm: GC_CONCURRENT freed 407K, 7% free 9500K/10119K, paused 2ms+3ms
07-03 18:16:27.339   631  1126 E GTalkService: connectionClosed: no XMPPConnection - That's strange!
07-03 18:16:27.421   631  1126 E GTalkService: connectionClosed: no XMPPConnection - That's strange!
07-03 18:16:30.132   158   318 D ConnectivityService: ConnectivityChange for mobile: CONNECTED/CONNECTED
07-03 18:16:30.167   158   318 D NetUtils: android_net_utils_resetConnections in env=0x1484410 clazz=0xf1100001 iface=rmnet0 mask=0x3
07-03 18:16:30.167   158   318 D ConnectivityService: ConnectivityChange for mobile: DISCONNECTED/DISCONNECTED
07-03 18:16:30.167   158   318 D ConnectivityService: Attempting to switch to WIFI
07-03 18:16:30.167   158   318 D ConnectivityService: Attempting to switch to WIMAX
07-03 18:16:30.167   158   318 D ConnectivityService: Attempting to switch to BLUETOOTH_TETHER
07-03 18:16:30.167   158   318 D ConnectivityService: resetConnections(rmnet0, 3)
07-03 18:16:30.246   158   160 D dalvikvm: GC_CONCURRENT freed 1193K, 15% free 13747K/16135K, paused 2ms+6ms
07-03 18:16:30.351   158   318 D ConnectivityService: handleInetConditionHoldEnd: net=1, condition=0, published condition=0
07-03 18:16:33.203   158   321 D Tethering: MasterInitialState.processMessage what=3
07-03 18:16:33.246   158   321 D Tethering: MasterInitialState.processMessage what=3
07-03 18:16:33.250   631   631 I GTalkService/c: [AndroidEndpoint@1093849664] connect: acct=1000000, state=CONNECTING
07-03 18:16:33.253   631   631 I GTalkService/c: [GTalkConnection@1095134744] connect: acct=1, state=CONNECTING
07-03 18:16:33.281  1622  1622 I MediaUploader: No need to wake up
07-03 18:16:33.320  1622  1622 I MediaUploader: No need to wake up
07-03 18:16:33.328  1132  1151 D PicasaSyncManager: active network: NetworkInfo: type: WIFI[], state: CONNECTED/CONNECTED, reason: (unspecified), extra: (none), roaming: false, failover: false, isAvailable: true
07-03 18:16:33.328  1132  1151 D PicasaSyncManager: background data: true
07-03 18:16:36.792  1877  1877 I wpa_supplicant: wlan0: CTRL-EVENT-DISCONNECTED bssid=00:22:0d:44:c5:e1 reason=0
07-03 18:16:36.796    76   116 D CommandListener: Clearing all IP addresses on wlan0
07-03 18:16:36.875   158   318 D ConnectivityService: ConnectivityChange for WIFI: DISCONNECTED/DISCONNECTED
07-03 18:16:36.878   158   318 D ConnectivityService: Attempting to switch to mobile
07-03 18:16:36.878   158   318 D ConnectivityService: Attempting to switch to WIMAX
07-03 18:16:36.878   158   318 D ConnectivityService: Attempting to switch to BLUETOOTH_TETHER
07-03 18:16:36.910   158   318 D NetUtils: android_net_utils_resetConnections in env=0x1484410 clazz=0xfc400001 iface=wlan0 mask=0x3
07-03 18:16:36.910   158   318 E ConnectivityService: Exception trying to remove a route: java.lang.IllegalStateException: Unable to communicate with native dameon to add routes - com.android.server.NativeDaemonConnectorException: Cmd {interface route remove wlan0 default 67.20.203.254 32 0.0.0.0} failed with code 400 : {Failed to remove route from default table (No such process)}
07-03 18:16:36.910   158   318 E ConnectivityService: Exception trying to remove a route: java.lang.IllegalStateException: Unable to communicate with native dameon to add routes - com.android.server.NativeDaemonConnectorException: Cmd {interface route remove wlan0 default 0.0.0.0 0 67.20.203.254} failed with code 400 : {Failed to remove route from default table (No such process)}
07-03 18:16:36.910   158   318 D ConnectivityService: resetConnections(wlan0, 3)
07-03 18:16:36.976   631  1126 E GTalkService: connectionClosed: no XMPPConnection - That's strange!
07-03 18:16:36.976   158   318 D ConnectivityService: handleInetConditionChange: no active default network - ignore
07-03 18:16:37.031   631  1126 E GTalkService: connectionClosed: no XMPPConnection - That's strange!
07-03 18:16:39.933   158   321 D Tethering: MasterInitialState.processMessage what=3
07-03 18:16:39.992  1132  1151 D PicasaSyncManager: active network: null
07-03 18:16:39.992  1132  1151 D PicasaSyncManager: background data: true
07-03 18:16:40.066   631   634 D dalvikvm: GC_CONCURRENT freed 400K, 11% free 10582K/11783K, paused 2ms+7ms
07-03 18:16:40.109   158  1039 D dalvikvm: GC_EXPLICIT freed 813K, 16% free 13678K/16135K, paused 2ms+6ms
07-03 18:16:40.128  1622  1622 I MediaUploader: No need to wake up
07-03 18:16:40.132  1062  1062 I PhoneLab-WiFiReceiver: Wi-Fi is disconnected!
07-03 18:16:42.085   476   476 D SAN_SERVICE: *******************************************
07-03 18:16:42.085   476   476 D SAN_SERVICE: DM App Phone Service State - 0
07-03 18:16:42.085   476   476 D SAN_SERVICE: *******************************************
07-03 18:16:42.835   476   476 D SAN_SERVICE: *******************************************
07-03 18:16:42.835   476   476 D SAN_SERVICE: DM App Phone Service State - 0
07-03 18:16:42.835   476   476 D SAN_SERVICE: *******************************************
